[2024-05-26T13:58:32.845+0000][15504][gc,init] CardTable entry size: 512
[2024-05-26T13:58:32.845+0000][15504][gc     ] Using G1
[2024-05-26T13:58:32.879+0000][15504][gc,init] Version: 18.0.2+9-61 (release)
[2024-05-26T13:58:32.879+0000][15504][gc,init] CPUs: 8 total, 8 available
[2024-05-26T13:58:32.879+0000][15504][gc,init] Memory: 8079M
[2024-05-26T13:58:32.879+0000][15504][gc,init] Large Page Support: Disabled
[2024-05-26T13:58:32.879+0000][15504][gc,init] NUMA Support: Disabled
[2024-05-26T13:58:32.879+0000][15504][gc,init] Compressed Oops: Enabled (Zero based)
[2024-05-26T13:58:32.881+0000][15504][gc,init] Heap Region Size: 2M
[2024-05-26T13:58:32.881+0000][15504][gc,init] Heap Min Capacity: 4040M
[2024-05-26T13:58:32.881+0000][15504][gc,init] Heap Initial Capacity: 4040M
[2024-05-26T13:58:32.881+0000][15504][gc,init] Heap Max Capacity: 4040M
[2024-05-26T13:58:32.881+0000][15504][gc,init] Pre-touch: Disabled
[2024-05-26T13:58:32.881+0000][15504][gc,init] Parallel Workers: 8
[2024-05-26T13:58:32.881+0000][15504][gc,init] Concurrent Workers: 2
[2024-05-26T13:58:32.881+0000][15504][gc,init] Concurrent Refinement Workers: 8
[2024-05-26T13:58:32.881+0000][15504][gc,init] Periodic GC: Disabled
[2024-05-26T13:58:32.881+0000][15504][gc,metaspace] CDS archive(s) mapped at: [0x0000000800000000-0x0000000800ba0000-0x0000000800ba0000), size 12189696, SharedBaseAddress: 0x0000000800000000, ArchiveRelocationMode: 0.
[2024-05-26T13:58:32.881+0000][15504][gc,metaspace] Compressed class space mapped at: 0x0000000800c00000-0x0000000840c00000, reserved size: 1073741824
[2024-05-26T13:58:32.883+0000][15504][gc,metaspace] Narrow klass base: 0x0000000800000000, Narrow klass shift: 0, Narrow klass range: 0x100000000
[2024-05-26T13:58:32.924+0000][15504][gc,heap,exit] Heap
[2024-05-26T13:58:32.924+0000][15504][gc,heap,exit]  garbage-first heap   total 4136960K, used 3074K [0x0000000703800000, 0x0000000800000000)
[2024-05-26T13:58:32.924+0000][15504][gc,heap,exit]   region size 2048K, 2 young (4096K), 0 survivors (0K)
[2024-05-26T13:58:32.924+0000][15504][gc,heap,exit]  Metaspace       used 106K, committed 192K, reserved 1114112K
[2024-05-26T13:58:32.924+0000][15504][gc,heap,exit]   class space    used 1K, committed 64K, reserved 1048576K
