[2023-11-22T18:21:13.657+0000][11420][gc,init] CardTable entry size: 512
[2023-11-22T18:21:13.657+0000][11420][gc     ] Using G1
[2023-11-22T18:21:15.727+0000][11420][gc,init] Version: 18.0.2+9-61 (release)
[2023-11-22T18:21:15.736+0000][11420][gc,init] CPUs: 8 total, 8 available
[2023-11-22T18:21:15.736+0000][11420][gc,init] Memory: 8079M
[2023-11-22T18:21:15.736+0000][11420][gc,init] Large Page Support: Disabled
[2023-11-22T18:21:15.736+0000][11420][gc,init] NUMA Support: Disabled
[2023-11-22T18:21:15.736+0000][11420][gc,init] Compressed Oops: Enabled (Zero based)
[2023-11-22T18:21:15.736+0000][11420][gc,init] Heap Region Size: 4M
[2023-11-22T18:21:15.736+0000][11420][gc,init] Heap Min Capacity: 4040M
[2023-11-22T18:21:15.736+0000][11420][gc,init] Heap Initial Capacity: 4040M
[2023-11-22T18:21:15.742+0000][11420][gc,init] Heap Max Capacity: 4040M
[2023-11-22T18:21:15.742+0000][11420][gc,init] Pre-touch: Enabled
[2023-11-22T18:21:15.742+0000][11420][gc,init] Parallel Workers: 8
[2023-11-22T18:21:15.742+0000][11420][gc,init] Concurrent Workers: 2
[2023-11-22T18:21:15.742+0000][11420][gc,init] Concurrent Refinement Workers: 8
[2023-11-22T18:21:15.742+0000][11420][gc,init] Periodic GC: Disabled
[2023-11-22T18:21:16.029+0000][11420][gc,metaspace] CDS archive(s) mapped at: [0x0000000800000000-0x0000000800ba0000-0x0000000800ba0000), size 12189696, SharedBaseAddress: 0x0000000800000000, ArchiveRelocationMode: 0.
[2023-11-22T18:21:16.029+0000][11420][gc,metaspace] Compressed class space mapped at: 0x0000000800c00000-0x0000000840c00000, reserved size: 1073741824
[2023-11-22T18:21:16.029+0000][11420][gc,metaspace] Narrow klass base: 0x0000000800000000, Narrow klass shift: 0, Narrow klass range: 0x100000000
[2023-11-22T18:21:17.185+0000][11420][safepoint   ] Safepoint "Cleanup", Time since last: 1011384300 ns, Reaching safepoint: 112900 ns, At safepoint: 20000 ns, Total: 132900 ns
[2023-11-22T18:21:18.197+0000][11420][safepoint   ] Safepoint "Cleanup", Time since last: 1012044100 ns, Reaching safepoint: 59800 ns, At safepoint: 11500 ns, Total: 71300 ns
[2023-11-22T18:21:19.623+0000][11420][safepoint   ] Safepoint "Cleanup", Time since last: 1427219900 ns, Reaching safepoint: 233600 ns, At safepoint: 68700 ns, Total: 302300 ns
[2023-11-22T18:21:20.690+0000][11420][safepoint   ] Safepoint "Cleanup", Time since last: 1065208900 ns, Reaching safepoint: 215200 ns, At safepoint: 69500 ns, Total: 284700 ns
[2023-11-22T18:21:21.618+0000][11420][safepoint   ] Safepoint "ICBufferFull", Time since last: 928636300 ns, Reaching safepoint: 128100 ns, At safepoint: 11800 ns, Total: 139900 ns
[2023-11-22T18:21:22.638+0000][11420][safepoint   ] Safepoint "Cleanup", Time since last: 1019795100 ns, Reaching safepoint: 130900 ns, At safepoint: 9100 ns, Total: 140000 ns
[2023-11-22T18:21:24.596+0000][11420][safepoint   ] Safepoint "Cleanup", Time since last: 1957291500 ns, Reaching safepoint: 284300 ns, At safepoint: 67100 ns, Total: 351400 ns
[2023-11-22T18:21:25.601+0000][11420][safepoint   ] Safepoint "Cleanup", Time since last: 1004464600 ns, Reaching safepoint: 166000 ns, At safepoint: 86600 ns, Total: 252600 ns
[2023-11-22T18:21:27.628+0000][11420][safepoint   ] Safepoint "Cleanup", Time since last: 2027178700 ns, Reaching safepoint: 97400 ns, At safepoint: 6800 ns, Total: 104200 ns
[2023-11-22T18:21:29.331+0000][11420][safepoint   ] Safepoint "Cleanup", Time since last: 1702834900 ns, Reaching safepoint: 260700 ns, At safepoint: 20800 ns, Total: 281500 ns
[2023-11-22T18:21:30.345+0000][11420][safepoint   ] Safepoint "Cleanup", Time since last: 1014099100 ns, Reaching safepoint: 176700 ns, At safepoint: 5800 ns, Total: 182500 ns
[2023-11-22T18:21:31.350+0000][11420][safepoint   ] Safepoint "Cleanup", Time since last: 1004056900 ns, Reaching safepoint: 185300 ns, At safepoint: 7000 ns, Total: 192300 ns
[2023-11-22T18:21:32.352+0000][11420][safepoint   ] Safepoint "Cleanup", Time since last: 1002522000 ns, Reaching safepoint: 90000 ns, At safepoint: 51800 ns, Total: 141800 ns
[2023-11-22T18:21:33.365+0000][11420][safepoint   ] Safepoint "Cleanup", Time since last: 1012607800 ns, Reaching safepoint: 187500 ns, At safepoint: 6800 ns, Total: 194300 ns
[2023-11-22T18:21:34.365+0000][11420][safepoint   ] Safepoint "Cleanup", Time since last: 1000189500 ns, Reaching safepoint: 125500 ns, At safepoint: 5400 ns, Total: 130900 ns
[2023-11-22T18:21:35.621+0000][11420][safepoint   ] Safepoint "Cleanup", Time since last: 1255433100 ns, Reaching safepoint: 192200 ns, At safepoint: 4500 ns, Total: 196700 ns
[2023-11-22T18:21:36.631+0000][11420][safepoint   ] Safepoint "Cleanup", Time since last: 1009996500 ns, Reaching safepoint: 88700 ns, At safepoint: 7100 ns, Total: 95800 ns
[2023-11-22T18:21:37.632+0000][11420][safepoint   ] Safepoint "Cleanup", Time since last: 1000636900 ns, Reaching safepoint: 105200 ns, At safepoint: 47600 ns, Total: 152800 ns
[2023-11-22T18:21:37.853+0000][11420][gc,start    ] GC(0) Pause Young (Normal) (G1 Evacuation Pause)
[2023-11-22T18:21:37.894+0000][11420][gc,task     ] GC(0) Using 8 workers of 8 for evacuation
[2023-11-22T18:21:37.894+0000][11420][gc,age      ] GC(0) Desired survivor size 14680064 bytes, new threshold 15 (max threshold 15)
[2023-11-22T18:21:37.917+0000][11420][gc,phases   ] GC(0)   Pre Evacuate Collection Set: 0.7ms
[2023-11-22T18:21:37.917+0000][11420][gc,phases   ] GC(0)   Merge Heap Roots: 0.2ms
[2023-11-22T18:21:37.917+0000][11420][gc,phases   ] GC(0)   Evacuate Collection Set: 12.3ms
[2023-11-22T18:21:37.917+0000][11420][gc,phases   ] GC(0)   Post Evacuate Collection Set: 1.7ms
[2023-11-22T18:21:37.917+0000][11420][gc,phases   ] GC(0)   Other: 20.7ms
[2023-11-22T18:21:37.917+0000][11420][gc,age      ] GC(0) Age table with threshold 15 (max threshold 15)
[2023-11-22T18:21:37.917+0000][11420][gc,age      ] GC(0) - age   1:   11744040 bytes,   11744040 total
[2023-11-22T18:21:37.917+0000][11420][gc,heap     ] GC(0) Eden regions: 50->0(47)
[2023-11-22T18:21:37.917+0000][11420][gc,heap     ] GC(0) Survivor regions: 0->3(7)
[2023-11-22T18:21:37.917+0000][11420][gc,heap     ] GC(0) Old regions: 0->0
[2023-11-22T18:21:37.917+0000][11420][gc,heap     ] GC(0) Archive regions: 0->0
[2023-11-22T18:21:37.917+0000][11420][gc,heap     ] GC(0) Humongous regions: 0->0
[2023-11-22T18:21:37.950+0000][11420][gc,metaspace] GC(0) Metaspace: 17033K(17536K)->17033K(17536K) NonClass: 15072K(15360K)->15072K(15360K) Class: 1960K(2176K)->1960K(2176K)
[2023-11-22T18:21:37.950+0000][11420][gc          ] GC(0) Pause Young (Normal) (G1 Evacuation Pause) 200M->11M(4040M) 95.896ms
[2023-11-22T18:21:37.950+0000][11420][gc,cpu      ] GC(0) User=0.03s Sys=0.02s Real=0.10s
[2023-11-22T18:21:37.950+0000][11420][safepoint   ] Safepoint "G1CollectForAllocation", Time since last: 226318300 ns, Reaching safepoint: 106800 ns, At safepoint: 96068000 ns, Total: 96174800 ns
[2023-11-22T18:21:39.322+0000][11420][safepoint   ] Safepoint "Cleanup", Time since last: 1367861800 ns, Reaching safepoint: 145100 ns, At safepoint: 8500 ns, Total: 153600 ns
[2023-11-22T18:21:40.330+0000][11420][safepoint   ] Safepoint "Cleanup", Time since last: 1007406200 ns, Reaching safepoint: 107200 ns, At safepoint: 3000 ns, Total: 110200 ns
[2023-11-22T18:21:40.532+0000][11420][gc,start    ] GC(1) Pause Young (Concurrent Start) (Metadata GC Threshold)
[2023-11-22T18:21:40.532+0000][11420][gc,task     ] GC(1) Using 8 workers of 8 for evacuation
[2023-11-22T18:21:40.532+0000][11420][gc,age      ] GC(1) Desired survivor size 14680064 bytes, new threshold 15 (max threshold 15)
[2023-11-22T18:21:40.570+0000][11420][gc,phases   ] GC(1)   Pre Evacuate Collection Set: 0.6ms
[2023-11-22T18:21:40.570+0000][11420][gc,phases   ] GC(1)   Merge Heap Roots: 0.1ms
[2023-11-22T18:21:40.570+0000][11420][gc,phases   ] GC(1)   Evacuate Collection Set: 12.1ms
[2023-11-22T18:21:40.570+0000][11420][gc,phases   ] GC(1)   Post Evacuate Collection Set: 1.4ms
[2023-11-22T18:21:40.570+0000][11420][gc,phases   ] GC(1)   Other: 24.5ms
[2023-11-22T18:21:40.570+0000][11420][gc,age      ] GC(1) Age table with threshold 15 (max threshold 15)
[2023-11-22T18:21:40.570+0000][11420][gc,age      ] GC(1) - age   1:    1915400 bytes,    1915400 total
[2023-11-22T18:21:40.570+0000][11420][gc,age      ] GC(1) - age   2:   11559104 bytes,   13474504 total
[2023-11-22T18:21:40.570+0000][11420][gc,heap     ] GC(1) Eden regions: 18->0(46)
[2023-11-22T18:21:40.570+0000][11420][gc,heap     ] GC(1) Survivor regions: 3->4(7)
[2023-11-22T18:21:40.570+0000][11420][gc,heap     ] GC(1) Old regions: 0->0
[2023-11-22T18:21:40.570+0000][11420][gc,heap     ] GC(1) Archive regions: 0->0
[2023-11-22T18:21:40.570+0000][11420][gc,heap     ] GC(1) Humongous regions: 0->0
[2023-11-22T18:21:40.570+0000][11420][gc,metaspace] GC(1) Metaspace: 21011K(21504K)->21011K(21504K) NonClass: 18657K(18944K)->18657K(18944K) Class: 2354K(2560K)->2354K(2560K)
[2023-11-22T18:21:40.571+0000][11420][gc          ] GC(1) Pause Young (Concurrent Start) (Metadata GC Threshold) 81M->14M(4040M) 39.295ms
[2023-11-22T18:21:40.571+0000][11420][gc,cpu      ] GC(1) User=0.00s Sys=0.03s Real=0.04s
[2023-11-22T18:21:40.571+0000][11420][gc          ] GC(2) Concurrent Mark Cycle
[2023-11-22T18:21:40.571+0000][11420][gc,marking  ] GC(2) Concurrent Clear Claimed Marks
[2023-11-22T18:21:40.571+0000][11420][safepoint   ] Safepoint "CollectForMetadataAllocation", Time since last: 201404200 ns, Reaching safepoint: 70700 ns, At safepoint: 39484800 ns, Total: 39555500 ns
[2023-11-22T18:21:40.571+0000][11420][gc,marking  ] GC(2) Concurrent Clear Claimed Marks 0.066ms
[2023-11-22T18:21:40.571+0000][11420][gc,marking  ] GC(2) Concurrent Scan Root Regions
[2023-11-22T18:21:40.578+0000][11420][gc,marking  ] GC(2) Concurrent Scan Root Regions 10.121ms
[2023-11-22T18:21:40.578+0000][11420][gc,marking  ] GC(2) Concurrent Mark
[2023-11-22T18:21:40.578+0000][11420][gc,marking  ] GC(2) Concurrent Mark From Roots
[2023-11-22T18:21:40.578+0000][11420][gc,task     ] GC(2) Using 2 workers of 2 for marking
[2023-11-22T18:21:40.582+0000][11420][gc,marking  ] GC(2) Concurrent Mark From Roots 0.471ms
[2023-11-22T18:21:40.582+0000][11420][gc,marking  ] GC(2) Concurrent Preclean
[2023-11-22T18:21:40.582+0000][11420][gc,marking  ] GC(2) Concurrent Preclean 0.023ms
[2023-11-22T18:21:40.582+0000][11420][gc,start    ] GC(2) Pause Remark
[2023-11-22T18:21:40.616+0000][11420][gc          ] GC(2) Pause Remark 16M->16M(4040M) 34.146ms
[2023-11-22T18:21:40.616+0000][11420][gc,cpu      ] GC(2) User=0.02s Sys=0.00s Real=0.03s
[2023-11-22T18:21:40.616+0000][11420][safepoint   ] Safepoint "G1Concurrent", Time since last: 10912600 ns, Reaching safepoint: 108300 ns, At safepoint: 34326800 ns, Total: 34435100 ns
[2023-11-22T18:21:40.616+0000][11420][gc,marking  ] GC(2) Concurrent Mark 35.075ms
[2023-11-22T18:21:40.616+0000][11420][gc,marking  ] GC(2) Concurrent Rebuild Remembered Sets
[2023-11-22T18:21:40.616+0000][11420][gc,marking  ] GC(2) Concurrent Rebuild Remembered Sets 0.021ms
[2023-11-22T18:21:40.617+0000][11420][gc,start    ] GC(2) Pause Cleanup
[2023-11-22T18:21:40.617+0000][11420][gc          ] GC(2) Pause Cleanup 16M->16M(4040M) 0.054ms
[2023-11-22T18:21:40.617+0000][11420][gc,cpu      ] GC(2) User=0.00s Sys=0.00s Real=0.00s
[2023-11-22T18:21:40.617+0000][11420][safepoint   ] Safepoint "G1Concurrent", Time since last: 157900 ns, Reaching safepoint: 110400 ns, At safepoint: 162100 ns, Total: 272500 ns
[2023-11-22T18:21:40.617+0000][11420][gc,marking  ] GC(2) Concurrent Cleanup for Next Mark
[2023-11-22T18:21:40.618+0000][11420][gc,marking  ] GC(2) Concurrent Cleanup for Next Mark 9.918ms
[2023-11-22T18:21:40.618+0000][11420][gc          ] GC(2) Concurrent Mark Cycle 55.911ms
[2023-11-22T18:21:41.737+0000][11420][safepoint   ] Safepoint "Cleanup", Time since last: 1120405100 ns, Reaching safepoint: 122400 ns, At safepoint: 38000 ns, Total: 160400 ns
[2023-11-22T18:21:42.747+0000][11420][safepoint   ] Safepoint "Cleanup", Time since last: 1009548300 ns, Reaching safepoint: 137200 ns, At safepoint: 5100 ns, Total: 142300 ns
[2023-11-22T18:21:43.764+0000][11420][safepoint   ] Safepoint "Cleanup", Time since last: 1016850600 ns, Reaching safepoint: 131000 ns, At safepoint: 4400 ns, Total: 135400 ns
[2023-11-22T18:21:43.870+0000][11420][gc,start    ] GC(3) Pause Young (Normal) (G1 Evacuation Pause)
[2023-11-22T18:21:43.870+0000][11420][gc,task     ] GC(3) Using 8 workers of 8 for evacuation
[2023-11-22T18:21:43.870+0000][11420][gc,age      ] GC(3) Desired survivor size 14680064 bytes, new threshold 15 (max threshold 15)
[2023-11-22T18:21:43.879+0000][11420][gc,phases   ] GC(3)   Pre Evacuate Collection Set: 0.1ms
[2023-11-22T18:21:43.879+0000][11420][gc,phases   ] GC(3)   Merge Heap Roots: 0.1ms
[2023-11-22T18:21:43.879+0000][11420][gc,phases   ] GC(3)   Evacuate Collection Set: 8.8ms
[2023-11-22T18:21:43.879+0000][11420][gc,phases   ] GC(3)   Post Evacuate Collection Set: 1.1ms
[2023-11-22T18:21:43.879+0000][11420][gc,phases   ] GC(3)   Other: 0.1ms
[2023-11-22T18:21:43.879+0000][11420][gc,age      ] GC(3) Age table with threshold 15 (max threshold 15)
[2023-11-22T18:21:43.879+0000][11420][gc,age      ] GC(3) - age   1:    4469312 bytes,    4469312 total
[2023-11-22T18:21:43.879+0000][11420][gc,age      ] GC(3) - age   2:    1885480 bytes,    6354792 total
[2023-11-22T18:21:43.879+0000][11420][gc,age      ] GC(3) - age   3:   11554920 bytes,   17909712 total
[2023-11-22T18:21:43.879+0000][11420][gc,heap     ] GC(3) Eden regions: 46->0(57)
[2023-11-22T18:21:43.879+0000][11420][gc,heap     ] GC(3) Survivor regions: 4->5(7)
[2023-11-22T18:21:43.879+0000][11420][gc,heap     ] GC(3) Old regions: 0->0
[2023-11-22T18:21:43.880+0000][11420][gc,heap     ] GC(3) Archive regions: 0->0
[2023-11-22T18:21:43.880+0000][11420][gc,heap     ] GC(3) Humongous regions: 0->0
[2023-11-22T18:21:43.880+0000][11420][gc,metaspace] GC(3) Metaspace: 24346K(24896K)->24346K(24896K) NonClass: 21504K(21824K)->21504K(21824K) Class: 2842K(3072K)->2842K(3072K)
[2023-11-22T18:21:43.880+0000][11420][gc          ] GC(3) Pause Young (Normal) (G1 Evacuation Pause) 198M->19M(4040M) 10.676ms
[2023-11-22T18:21:43.880+0000][11420][gc,cpu      ] GC(3) User=0.00s Sys=0.00s Real=0.01s
[2023-11-22T18:21:43.880+0000][11420][safepoint   ] Safepoint "G1CollectForAllocation", Time since last: 105382800 ns, Reaching safepoint: 113800 ns, At safepoint: 10754300 ns, Total: 10868100 ns
[2023-11-22T18:21:44.881+0000][11420][safepoint   ] Safepoint "Cleanup", Time since last: 1000328800 ns, Reaching safepoint: 108500 ns, At safepoint: 7200 ns, Total: 115700 ns
[2023-11-22T18:21:45.898+0000][11420][safepoint   ] Safepoint "Cleanup", Time since last: 1016844300 ns, Reaching safepoint: 124600 ns, At safepoint: 5500 ns, Total: 130100 ns
[2023-11-22T18:21:47.914+0000][11420][safepoint   ] Safepoint "Cleanup", Time since last: 2015964000 ns, Reaching safepoint: 89800 ns, At safepoint: 5400 ns, Total: 95200 ns
[2023-11-22T18:21:48.937+0000][11420][safepoint   ] Safepoint "Cleanup", Time since last: 1023475300 ns, Reaching safepoint: 135800 ns, At safepoint: 44700 ns, Total: 180500 ns
[2023-11-22T18:21:50.163+0000][11420][safepoint   ] Safepoint "Cleanup", Time since last: 1225388600 ns, Reaching safepoint: 136600 ns, At safepoint: 6000 ns, Total: 142600 ns
[2023-11-22T18:21:50.359+0000][11420][gc,start    ] GC(4) Pause Young (Normal) (G1 Evacuation Pause)
[2023-11-22T18:21:50.359+0000][11420][gc,task     ] GC(4) Using 8 workers of 8 for evacuation
[2023-11-22T18:21:50.359+0000][11420][gc,age      ] GC(4) Desired survivor size 16777216 bytes, new threshold 3 (max threshold 15)
[2023-11-22T18:21:50.372+0000][11420][gc,phases   ] GC(4)   Pre Evacuate Collection Set: 0.1ms
[2023-11-22T18:21:50.372+0000][11420][gc,phases   ] GC(4)   Merge Heap Roots: 0.1ms
[2023-11-22T18:21:50.372+0000][11420][gc,phases   ] GC(4)   Evacuate Collection Set: 11.7ms
[2023-11-22T18:21:50.372+0000][11420][gc,phases   ] GC(4)   Post Evacuate Collection Set: 0.8ms
[2023-11-22T18:21:50.372+0000][11420][gc,phases   ] GC(4)   Other: 0.1ms
[2023-11-22T18:21:50.372+0000][11420][gc,age      ] GC(4) Age table with threshold 3 (max threshold 15)
[2023-11-22T18:21:50.372+0000][11420][gc,age      ] GC(4) - age   1:    4079832 bytes,    4079832 total
[2023-11-22T18:21:50.372+0000][11420][gc,age      ] GC(4) - age   2:    4075104 bytes,    8154936 total
[2023-11-22T18:21:50.372+0000][11420][gc,age      ] GC(4) - age   3:    1885128 bytes,   10040064 total
[2023-11-22T18:21:50.372+0000][11420][gc,heap     ] GC(4) Eden regions: 57->0(603)
[2023-11-22T18:21:50.372+0000][11420][gc,heap     ] GC(4) Survivor regions: 5->3(8)
[2023-11-22T18:21:50.372+0000][11420][gc,heap     ] GC(4) Old regions: 0->3
[2023-11-22T18:21:50.372+0000][11420][gc,heap     ] GC(4) Archive regions: 0->0
[2023-11-22T18:21:50.372+0000][11420][gc,heap     ] GC(4) Humongous regions: 0->0
[2023-11-22T18:21:50.372+0000][11420][gc,metaspace] GC(4) Metaspace: 24886K(25472K)->24886K(25472K) NonClass: 21979K(22336K)->21979K(22336K) Class: 2906K(3136K)->2906K(3136K)
[2023-11-22T18:21:50.372+0000][11420][gc          ] GC(4) Pause Young (Normal) (G1 Evacuation Pause) 247M->22M(4040M) 13.240ms
[2023-11-22T18:21:50.372+0000][11420][gc,cpu      ] GC(4) User=0.03s Sys=0.00s Real=0.01s
[2023-11-22T18:21:50.372+0000][11420][safepoint   ] Safepoint "G1CollectForAllocation", Time since last: 196223200 ns, Reaching safepoint: 102000 ns, At safepoint: 13333500 ns, Total: 13435500 ns
[2023-11-22T18:21:51.387+0000][11420][safepoint   ] Safepoint "Cleanup", Time since last: 1013941900 ns, Reaching safepoint: 64200 ns, At safepoint: 5100 ns, Total: 69300 ns
[2023-11-22T18:21:53.413+0000][11420][safepoint   ] Safepoint "Cleanup", Time since last: 2026146200 ns, Reaching safepoint: 69100 ns, At safepoint: 6200 ns, Total: 75300 ns
[2023-11-22T18:21:54.887+0000][11420][safepoint   ] Safepoint "Cleanup", Time since last: 1474654100 ns, Reaching safepoint: 96600 ns, At safepoint: 38300 ns, Total: 134900 ns
[2023-11-22T18:21:55.888+0000][11420][safepoint   ] Safepoint "Cleanup", Time since last: 1000522700 ns, Reaching safepoint: 181400 ns, At safepoint: 6300 ns, Total: 187700 ns
[2023-11-22T18:21:57.898+0000][11420][safepoint   ] Safepoint "Cleanup", Time since last: 2009200700 ns, Reaching safepoint: 136700 ns, At safepoint: 4800 ns, Total: 141500 ns
[2023-11-22T18:21:58.913+0000][11420][safepoint   ] Safepoint "Cleanup", Time since last: 1015219800 ns, Reaching safepoint: 48900 ns, At safepoint: 4300 ns, Total: 53200 ns
[2023-11-22T18:21:59.930+0000][11420][safepoint   ] Safepoint "Cleanup", Time since last: 1016566100 ns, Reaching safepoint: 101600 ns, At safepoint: 4900 ns, Total: 106500 ns
[2023-11-22T18:22:00.936+0000][11420][safepoint   ] Safepoint "Cleanup", Time since last: 1006060600 ns, Reaching safepoint: 132200 ns, At safepoint: 9700 ns, Total: 141900 ns
[2023-11-22T18:22:01.946+0000][11420][safepoint   ] Safepoint "Cleanup", Time since last: 1009960800 ns, Reaching safepoint: 139100 ns, At safepoint: 46400 ns, Total: 185500 ns
[2023-11-22T18:22:03.393+0000][11420][safepoint   ] Safepoint "Cleanup", Time since last: 1447126500 ns, Reaching safepoint: 182800 ns, At safepoint: 44700 ns, Total: 227500 ns
[2023-11-22T18:22:05.396+0000][11420][safepoint   ] Safepoint "Cleanup", Time since last: 2002270000 ns, Reaching safepoint: 115200 ns, At safepoint: 5900 ns, Total: 121100 ns
[2023-11-22T18:22:08.414+0000][11420][safepoint   ] Safepoint "Cleanup", Time since last: 3018385300 ns, Reaching safepoint: 98000 ns, At safepoint: 5900 ns, Total: 103900 ns
[2023-11-22T18:22:08.814+0000][11420][gc,start    ] GC(5) Pause Young (Concurrent Start) (Metadata GC Threshold)
[2023-11-22T18:22:08.814+0000][11420][gc,task     ] GC(5) Using 8 workers of 8 for evacuation
[2023-11-22T18:22:08.814+0000][11420][gc,age      ] GC(5) Desired survivor size 159383552 bytes, new threshold 15 (max threshold 15)
[2023-11-22T18:22:08.832+0000][11420][gc,phases   ] GC(5)   Pre Evacuate Collection Set: 0.3ms
[2023-11-22T18:22:08.832+0000][11420][gc,phases   ] GC(5)   Merge Heap Roots: 0.1ms
[2023-11-22T18:22:08.832+0000][11420][gc,phases   ] GC(5)   Evacuate Collection Set: 16.7ms
[2023-11-22T18:22:08.832+0000][11420][gc,phases   ] GC(5)   Post Evacuate Collection Set: 0.8ms
[2023-11-22T18:22:08.832+0000][11420][gc,phases   ] GC(5)   Other: 0.2ms
[2023-11-22T18:22:08.832+0000][11420][gc,age      ] GC(5) Age table with threshold 15 (max threshold 15)
[2023-11-22T18:22:08.832+0000][11420][gc,age      ] GC(5) - age   1:    9035744 bytes,    9035744 total
[2023-11-22T18:22:08.832+0000][11420][gc,age      ] GC(5) - age   2:    2396608 bytes,   11432352 total
[2023-11-22T18:22:08.832+0000][11420][gc,age      ] GC(5) - age   3:    4063000 bytes,   15495352 total
[2023-11-22T18:22:08.832+0000][11420][gc,age      ] GC(5) - age   4:    1882552 bytes,   17377904 total
[2023-11-22T18:22:08.832+0000][11420][gc,heap     ] GC(5) Eden regions: 178->0(296)
[2023-11-22T18:22:08.832+0000][11420][gc,heap     ] GC(5) Survivor regions: 3->5(76)
[2023-11-22T18:22:08.832+0000][11420][gc,heap     ] GC(5) Old regions: 3->3
[2023-11-22T18:22:08.832+0000][11420][gc,heap     ] GC(5) Archive regions: 0->0
[2023-11-22T18:22:08.832+0000][11420][gc,heap     ] GC(5) Humongous regions: 0->0
[2023-11-22T18:22:08.832+0000][11420][gc,metaspace] GC(5) Metaspace: 35165K(35968K)->35165K(35968K) NonClass: 30996K(31488K)->30996K(31488K) Class: 4168K(4480K)->4168K(4480K)
[2023-11-22T18:22:08.832+0000][11420][gc          ] GC(5) Pause Young (Concurrent Start) (Metadata GC Threshold) 730M->28M(4040M) 18.348ms
[2023-11-22T18:22:08.832+0000][11420][gc,cpu      ] GC(5) User=0.08s Sys=0.00s Real=0.02s
[2023-11-22T18:22:08.832+0000][11420][gc          ] GC(6) Concurrent Mark Cycle
[2023-11-22T18:22:08.832+0000][11420][gc,marking  ] GC(6) Concurrent Clear Claimed Marks
[2023-11-22T18:22:08.832+0000][11420][safepoint   ] Safepoint "CollectForMetadataAllocation", Time since last: 399501400 ns, Reaching safepoint: 76300 ns, At safepoint: 18500000 ns, Total: 18576300 ns
[2023-11-22T18:22:08.832+0000][11420][gc,marking  ] GC(6) Concurrent Clear Claimed Marks 0.057ms
[2023-11-22T18:22:08.832+0000][11420][gc,marking  ] GC(6) Concurrent Scan Root Regions
[2023-11-22T18:22:08.837+0000][11420][gc,marking  ] GC(6) Concurrent Scan Root Regions 6.167ms
[2023-11-22T18:22:08.837+0000][11420][gc,marking  ] GC(6) Concurrent Mark
[2023-11-22T18:22:08.837+0000][11420][gc,marking  ] GC(6) Concurrent Mark From Roots
[2023-11-22T18:22:08.837+0000][11420][gc,task     ] GC(6) Using 2 workers of 2 for marking
[2023-11-22T18:22:08.907+0000][11420][gc,marking  ] GC(6) Concurrent Mark From Roots 69.223ms
[2023-11-22T18:22:08.907+0000][11420][gc,marking  ] GC(6) Concurrent Preclean
[2023-11-22T18:22:08.907+0000][11420][gc,marking  ] GC(6) Concurrent Preclean 0.094ms
[2023-11-22T18:22:08.908+0000][11420][gc,start    ] GC(6) Pause Remark
[2023-11-22T18:22:08.910+0000][11420][gc          ] GC(6) Pause Remark 30M->30M(4040M) 2.510ms
[2023-11-22T18:22:08.910+0000][11420][gc,cpu      ] GC(6) User=0.00s Sys=0.00s Real=0.00s
[2023-11-22T18:22:08.910+0000][11420][safepoint   ] Safepoint "G1Concurrent", Time since last: 75750800 ns, Reaching safepoint: 121200 ns, At safepoint: 2595900 ns, Total: 2717100 ns
[2023-11-22T18:22:08.910+0000][11420][gc,marking  ] GC(6) Concurrent Mark 72.261ms
[2023-11-22T18:22:08.910+0000][11420][gc,marking  ] GC(6) Concurrent Rebuild Remembered Sets
[2023-11-22T18:22:08.916+0000][11420][gc,marking  ] GC(6) Concurrent Rebuild Remembered Sets 5.577ms
[2023-11-22T18:22:08.916+0000][11420][gc,start    ] GC(6) Pause Cleanup
[2023-11-22T18:22:08.916+0000][11420][gc          ] GC(6) Pause Cleanup 30M->30M(4040M) 0.130ms
[2023-11-22T18:22:08.916+0000][11420][gc,cpu      ] GC(6) User=0.00s Sys=0.00s Real=0.00s
[2023-11-22T18:22:08.916+0000][11420][safepoint   ] Safepoint "G1Concurrent", Time since last: 5758100 ns, Reaching safepoint: 86700 ns, At safepoint: 178700 ns, Total: 265400 ns
[2023-11-22T18:22:08.916+0000][11420][gc,marking  ] GC(6) Concurrent Cleanup for Next Mark
[2023-11-22T18:22:08.918+0000][11420][gc,marking  ] GC(6) Concurrent Cleanup for Next Mark 5.703ms
[2023-11-22T18:22:08.918+0000][11420][gc          ] GC(6) Concurrent Mark Cycle 90.395ms
[2023-11-22T18:22:09.925+0000][11420][safepoint   ] Safepoint "Cleanup", Time since last: 1007552900 ns, Reaching safepoint: 224000 ns, At safepoint: 49200 ns, Total: 273200 ns
[2023-11-22T18:22:11.218+0000][11420][safepoint   ] Safepoint "Cleanup", Time since last: 1293412400 ns, Reaching safepoint: 152300 ns, At safepoint: 4600 ns, Total: 156900 ns
[2023-11-22T18:22:12.842+0000][11420][safepoint   ] Safepoint "Cleanup", Time since last: 1623398600 ns, Reaching safepoint: 162300 ns, At safepoint: 10700 ns, Total: 173000 ns
[2023-11-22T18:22:13.852+0000][11420][safepoint   ] Safepoint "Cleanup", Time since last: 1010227700 ns, Reaching safepoint: 189400 ns, At safepoint: 9300 ns, Total: 198700 ns
[2023-11-22T18:22:14.856+0000][11420][safepoint   ] Safepoint "Cleanup", Time since last: 1003522500 ns, Reaching safepoint: 105000 ns, At safepoint: 8600 ns, Total: 113600 ns
[2023-11-22T18:22:15.861+0000][11420][safepoint   ] Safepoint "Cleanup", Time since last: 1005414300 ns, Reaching safepoint: 156200 ns, At safepoint: 6100 ns, Total: 162300 ns
[2023-11-22T18:22:17.196+0000][11420][safepoint   ] Safepoint "Cleanup", Time since last: 1334600800 ns, Reaching safepoint: 147000 ns, At safepoint: 13200 ns, Total: 160200 ns
[2023-11-22T18:22:18.602+0000][11420][safepoint   ] Safepoint "Cleanup", Time since last: 1405856500 ns, Reaching safepoint: 280800 ns, At safepoint: 49400 ns, Total: 330200 ns
[2023-11-22T18:22:20.199+0000][11420][safepoint   ] Safepoint "Cleanup", Time since last: 1596022700 ns, Reaching safepoint: 102100 ns, At safepoint: 4200 ns, Total: 106300 ns
[2023-11-22T18:22:21.076+0000][11420][gc,start    ] GC(7) Pause Young (Concurrent Start) (Metadata GC Threshold)
[2023-11-22T18:22:21.076+0000][11420][gc,task     ] GC(7) Using 8 workers of 8 for evacuation
[2023-11-22T18:22:21.076+0000][11420][gc,age      ] GC(7) Desired survivor size 92274688 bytes, new threshold 15 (max threshold 15)
[2023-11-22T18:22:21.103+0000][11420][gc,phases   ] GC(7)   Pre Evacuate Collection Set: 0.2ms
[2023-11-22T18:22:21.103+0000][11420][gc,phases   ] GC(7)   Merge Heap Roots: 0.1ms
[2023-11-22T18:22:21.103+0000][11420][gc,phases   ] GC(7)   Evacuate Collection Set: 24.6ms
[2023-11-22T18:22:21.103+0000][11420][gc,phases   ] GC(7)   Post Evacuate Collection Set: 1.9ms
[2023-11-22T18:22:21.103+0000][11420][gc,phases   ] GC(7)   Other: 0.2ms
[2023-11-22T18:22:21.103+0000][11420][gc,age      ] GC(7) Age table with threshold 15 (max threshold 15)
[2023-11-22T18:22:21.103+0000][11420][gc,age      ] GC(7) - age   1:   24431672 bytes,   24431672 total
[2023-11-22T18:22:21.103+0000][11420][gc,age      ] GC(7) - age   2:    8827176 bytes,   33258848 total
[2023-11-22T18:22:21.103+0000][11420][gc,age      ] GC(7) - age   3:    2385104 bytes,   35643952 total
[2023-11-22T18:22:21.103+0000][11420][gc,age      ] GC(7) - age   4:    4029760 bytes,   39673712 total
[2023-11-22T18:22:21.103+0000][11420][gc,age      ] GC(7) - age   5:    1862856 bytes,   41536568 total
[2023-11-22T18:22:21.103+0000][11420][gc,heap     ] GC(7) Eden regions: 107->0(184)
[2023-11-22T18:22:21.103+0000][11420][gc,heap     ] GC(7) Survivor regions: 5->11(44)
[2023-11-22T18:22:21.103+0000][11420][gc,heap     ] GC(7) Old regions: 3->3
[2023-11-22T18:22:21.103+0000][11420][gc,heap     ] GC(7) Archive regions: 0->0
[2023-11-22T18:22:21.103+0000][11420][gc,heap     ] GC(7) Humongous regions: 0->0
[2023-11-22T18:22:21.103+0000][11420][gc,metaspace] GC(7) Metaspace: 58657K(60096K)->58657K(60096K) NonClass: 51106K(51904K)->51106K(51904K) Class: 7551K(8192K)->7551K(8192K)
[2023-11-22T18:22:21.103+0000][11420][gc          ] GC(7) Pause Young (Concurrent Start) (Metadata GC Threshold) 454M->52M(4040M) 27.547ms
[2023-11-22T18:22:21.103+0000][11420][gc          ] GC(8) Concurrent Mark Cycle
[2023-11-22T18:22:21.103+0000][11420][gc,cpu      ] GC(7) User=0.12s Sys=0.00s Real=0.03s
[2023-11-22T18:22:21.103+0000][11420][gc,marking  ] GC(8) Concurrent Clear Claimed Marks
[2023-11-22T18:22:21.103+0000][11420][safepoint   ] Safepoint "CollectForMetadataAllocation", Time since last: 876953100 ns, Reaching safepoint: 140200 ns, At safepoint: 27769400 ns, Total: 27909600 ns
[2023-11-22T18:22:21.103+0000][11420][gc,marking  ] GC(8) Concurrent Clear Claimed Marks 0.121ms
[2023-11-22T18:22:21.104+0000][11420][gc,marking  ] GC(8) Concurrent Scan Root Regions
[2023-11-22T18:22:21.124+0000][11420][gc,marking  ] GC(8) Concurrent Scan Root Regions 20.042ms
[2023-11-22T18:22:21.124+0000][11420][gc,marking  ] GC(8) Concurrent Mark
[2023-11-22T18:22:21.124+0000][11420][gc,marking  ] GC(8) Concurrent Mark From Roots
[2023-11-22T18:22:21.124+0000][11420][gc,task     ] GC(8) Using 2 workers of 2 for marking
[2023-11-22T18:22:21.135+0000][11420][gc,marking  ] GC(8) Concurrent Mark From Roots 11.941ms
[2023-11-22T18:22:21.135+0000][11420][gc,marking  ] GC(8) Concurrent Preclean
[2023-11-22T18:22:21.135+0000][11420][gc,marking  ] GC(8) Concurrent Preclean 0.065ms
[2023-11-22T18:22:21.136+0000][11420][gc,start    ] GC(8) Pause Remark
[2023-11-22T18:22:21.138+0000][11420][gc          ] GC(8) Pause Remark 54M->54M(4040M) 2.773ms
[2023-11-22T18:22:21.138+0000][11420][gc,cpu      ] GC(8) User=0.00s Sys=0.00s Real=0.00s
[2023-11-22T18:22:21.138+0000][11420][safepoint   ] Safepoint "G1Concurrent", Time since last: 32323800 ns, Reaching safepoint: 34100 ns, At safepoint: 2858200 ns, Total: 2892300 ns
[2023-11-22T18:22:21.138+0000][11420][gc,marking  ] GC(8) Concurrent Mark 15.098ms
[2023-11-22T18:22:21.138+0000][11420][gc,marking  ] GC(8) Concurrent Rebuild Remembered Sets
[2023-11-22T18:22:21.144+0000][11420][gc,marking  ] GC(8) Concurrent Rebuild Remembered Sets 5.724ms
[2023-11-22T18:22:21.145+0000][11420][gc,start    ] GC(8) Pause Cleanup
[2023-11-22T18:22:21.145+0000][11420][gc          ] GC(8) Pause Cleanup 54M->54M(4040M) 0.168ms
[2023-11-22T18:22:21.145+0000][11420][gc,cpu      ] GC(8) User=0.00s Sys=0.00s Real=0.00s
[2023-11-22T18:22:21.145+0000][11420][safepoint   ] Safepoint "G1Concurrent", Time since last: 5918200 ns, Reaching safepoint: 111600 ns, At safepoint: 233500 ns, Total: 345100 ns
[2023-11-22T18:22:21.145+0000][11420][gc,marking  ] GC(8) Concurrent Cleanup for Next Mark
[2023-11-22T18:22:21.151+0000][11420][gc,marking  ] GC(8) Concurrent Cleanup for Next Mark 7.292ms
[2023-11-22T18:22:21.152+0000][11420][gc          ] GC(8) Concurrent Mark Cycle 49.105ms
[2023-11-22T18:22:22.160+0000][11420][safepoint   ] Safepoint "Cleanup", Time since last: 1015139600 ns, Reaching safepoint: 127400 ns, At safepoint: 13600 ns, Total: 141000 ns
[2023-11-22T18:22:23.707+0000][11420][safepoint   ] Safepoint "Cleanup", Time since last: 1547219000 ns, Reaching safepoint: 122500 ns, At safepoint: 6300 ns, Total: 128800 ns
[2023-11-22T18:22:24.749+0000][11420][safepoint   ] Safepoint "Cleanup", Time since last: 1041777300 ns, Reaching safepoint: 108900 ns, At safepoint: 47500 ns, Total: 156400 ns
[2023-11-22T18:22:25.829+0000][11420][safepoint   ] Safepoint "Cleanup", Time since last: 1048745600 ns, Reaching safepoint: 31006100 ns, At safepoint: 56100 ns, Total: 31062200 ns
[2023-11-22T18:22:27.559+0000][11420][safepoint   ] Safepoint "Cleanup", Time since last: 1729579000 ns, Reaching safepoint: 187700 ns, At safepoint: 48500 ns, Total: 236200 ns
[2023-11-22T18:22:29.551+0000][11420][safepoint   ] Safepoint "Cleanup", Time since last: 1991419500 ns, Reaching safepoint: 228800 ns, At safepoint: 38900 ns, Total: 267700 ns
[2023-11-22T18:22:31.186+0000][11420][safepoint   ] Safepoint "Cleanup", Time since last: 1635446100 ns, Reaching safepoint: 560200 ns, At safepoint: 47700 ns, Total: 607900 ns
[2023-11-22T18:22:33.209+0000][11420][safepoint   ] Safepoint "Cleanup", Time since last: 2022148900 ns, Reaching safepoint: 219400 ns, At safepoint: 47800 ns, Total: 267200 ns
[2023-11-22T18:22:34.335+0000][11420][safepoint   ] Safepoint "ICBufferFull", Time since last: 1126353400 ns, Reaching safepoint: 187600 ns, At safepoint: 52000 ns, Total: 239600 ns
[2023-11-22T18:22:34.547+0000][11420][gc,start    ] GC(9) Pause Young (Concurrent Start) (Metadata GC Threshold)
[2023-11-22T18:22:34.547+0000][11420][gc,task     ] GC(9) Using 8 workers of 8 for evacuation
[2023-11-22T18:22:34.547+0000][11420][gc,age      ] GC(9) Desired survivor size 56623104 bytes, new threshold 15 (max threshold 15)
[2023-11-22T18:22:34.579+0000][11420][gc,phases   ] GC(9)   Pre Evacuate Collection Set: 0.2ms
[2023-11-22T18:22:34.579+0000][11420][gc,phases   ] GC(9)   Merge Heap Roots: 0.1ms
[2023-11-22T18:22:34.579+0000][11420][gc,phases   ] GC(9)   Evacuate Collection Set: 29.8ms
[2023-11-22T18:22:34.579+0000][11420][gc,phases   ] GC(9)   Post Evacuate Collection Set: 2.8ms
[2023-11-22T18:22:34.580+0000][11420][gc,phases   ] GC(9)   Other: 0.2ms
[2023-11-22T18:22:34.580+0000][11420][gc,age      ] GC(9) Age table with threshold 15 (max threshold 15)
[2023-11-22T18:22:34.580+0000][11420][gc,age      ] GC(9) - age   1:   18306672 bytes,   18306672 total
[2023-11-22T18:22:34.580+0000][11420][gc,age      ] GC(9) - age   2:   23859400 bytes,   42166072 total
[2023-11-22T18:22:34.580+0000][11420][gc,age      ] GC(9) - age   3:    8789248 bytes,   50955320 total
[2023-11-22T18:22:34.580+0000][11420][gc,age      ] GC(9) - age   4:    2378328 bytes,   53333648 total
[2023-11-22T18:22:34.580+0000][11420][gc,age      ] GC(9) - age   5:    4015424 bytes,   57349072 total
[2023-11-22T18:22:34.580+0000][11420][gc,age      ] GC(9) - age   6:    1856992 bytes,   59206064 total
[2023-11-22T18:22:34.580+0000][11420][gc,heap     ] GC(9) Eden regions: 141->0(145)
[2023-11-22T18:22:34.580+0000][11420][gc,heap     ] GC(9) Survivor regions: 11->15(27)
[2023-11-22T18:22:34.580+0000][11420][gc,heap     ] GC(9) Old regions: 3->3
[2023-11-22T18:22:34.580+0000][11420][gc,heap     ] GC(9) Archive regions: 0->0
[2023-11-22T18:22:34.580+0000][11420][gc,heap     ] GC(9) Humongous regions: 0->0
[2023-11-22T18:22:34.580+0000][11420][gc,metaspace] GC(9) Metaspace: 97569K(100288K)->97569K(100288K) NonClass: 84402K(85824K)->84402K(85824K) Class: 13167K(14464K)->13167K(14464K)
[2023-11-22T18:22:34.580+0000][11420][gc          ] GC(9) Pause Young (Concurrent Start) (Metadata GC Threshold) 614M->70M(4040M) 33.363ms
[2023-11-22T18:22:34.580+0000][11420][gc          ] GC(10) Concurrent Mark Cycle
[2023-11-22T18:22:34.580+0000][11420][gc,cpu      ] GC(9) User=0.16s Sys=0.02s Real=0.03s
[2023-11-22T18:22:34.580+0000][11420][gc,marking  ] GC(10) Concurrent Clear Claimed Marks
[2023-11-22T18:22:34.580+0000][11420][safepoint   ] Safepoint "CollectForMetadataAllocation", Time since last: 210878900 ns, Reaching safepoint: 92600 ns, At safepoint: 33531200 ns, Total: 33623800 ns
[2023-11-22T18:22:34.581+0000][11420][gc,marking  ] GC(10) Concurrent Clear Claimed Marks 0.342ms
[2023-11-22T18:22:34.581+0000][11420][gc,marking  ] GC(10) Concurrent Scan Root Regions
[2023-11-22T18:22:34.611+0000][11420][gc,marking  ] GC(10) Concurrent Scan Root Regions 32.800ms
[2023-11-22T18:22:34.611+0000][11420][gc,marking  ] GC(10) Concurrent Mark
[2023-11-22T18:22:34.611+0000][11420][gc,marking  ] GC(10) Concurrent Mark From Roots
[2023-11-22T18:22:34.611+0000][11420][gc,task     ] GC(10) Using 2 workers of 2 for marking
[2023-11-22T18:22:34.629+0000][11420][gc,marking  ] GC(10) Concurrent Mark From Roots 15.568ms
[2023-11-22T18:22:34.629+0000][11420][gc,marking  ] GC(10) Concurrent Preclean
[2023-11-22T18:22:34.629+0000][11420][gc,marking  ] GC(10) Concurrent Preclean 0.078ms
[2023-11-22T18:22:34.629+0000][11420][gc,start    ] GC(10) Pause Remark
[2023-11-22T18:22:34.632+0000][11420][gc          ] GC(10) Pause Remark 74M->74M(4040M) 3.623ms
[2023-11-22T18:22:34.632+0000][11420][gc,cpu      ] GC(10) User=0.00s Sys=0.00s Real=0.00s
[2023-11-22T18:22:34.632+0000][11420][safepoint   ] Safepoint "G1Concurrent", Time since last: 48883300 ns, Reaching safepoint: 78900 ns, At safepoint: 3738500 ns, Total: 3817400 ns
[2023-11-22T18:22:34.632+0000][11420][gc,marking  ] GC(10) Concurrent Mark 19.592ms
[2023-11-22T18:22:34.632+0000][11420][gc,marking  ] GC(10) Concurrent Rebuild Remembered Sets
[2023-11-22T18:22:34.640+0000][11420][gc,marking  ] GC(10) Concurrent Rebuild Remembered Sets 7.717ms
[2023-11-22T18:22:34.641+0000][11420][gc,start    ] GC(10) Pause Cleanup
[2023-11-22T18:22:34.641+0000][11420][gc          ] GC(10) Pause Cleanup 74M->74M(4040M) 0.154ms
[2023-11-22T18:22:34.641+0000][11420][gc,cpu      ] GC(10) User=0.00s Sys=0.00s Real=0.00s
[2023-11-22T18:22:34.641+0000][11420][safepoint   ] Safepoint "G1Concurrent", Time since last: 7910000 ns, Reaching safepoint: 50100 ns, At safepoint: 224000 ns, Total: 274100 ns
[2023-11-22T18:22:34.641+0000][11420][gc,marking  ] GC(10) Concurrent Cleanup for Next Mark
[2023-11-22T18:22:34.644+0000][11420][gc,marking  ] GC(10) Concurrent Cleanup for Next Mark 9.846ms
[2023-11-22T18:22:34.644+0000][11420][gc          ] GC(10) Concurrent Mark Cycle 71.318ms
[2023-11-22T18:22:35.680+0000][11420][safepoint   ] Safepoint "Cleanup", Time since last: 1039097400 ns, Reaching safepoint: 171700 ns, At safepoint: 41800 ns, Total: 213500 ns
[2023-11-22T18:22:37.302+0000][11420][safepoint   ] Safepoint "Cleanup", Time since last: 1621813600 ns, Reaching safepoint: 128700 ns, At safepoint: 12100 ns, Total: 140800 ns
[2023-11-22T18:22:38.037+0000][11420][safepoint   ] Safepoint "ICBufferFull", Time since last: 734959100 ns, Reaching safepoint: 262300 ns, At safepoint: 34100 ns, Total: 296400 ns
[2023-11-22T18:22:38.323+0000][11420][safepoint   ] Safepoint "ICBufferFull", Time since last: 284856200 ns, Reaching safepoint: 182100 ns, At safepoint: 17700 ns, Total: 199800 ns
[2023-11-22T18:22:38.782+0000][11420][safepoint   ] Safepoint "ICBufferFull", Time since last: 459507800 ns, Reaching safepoint: 265000 ns, At safepoint: 53400 ns, Total: 318400 ns
[2023-11-22T18:22:39.800+0000][11420][safepoint   ] Safepoint "Cleanup", Time since last: 1016940500 ns, Reaching safepoint: 363800 ns, At safepoint: 35900 ns, Total: 399700 ns
[2023-11-22T18:22:41.524+0000][11420][safepoint   ] Safepoint "ICBufferFull", Time since last: 1725011500 ns, Reaching safepoint: 196500 ns, At safepoint: 11000 ns, Total: 207500 ns
[2023-11-22T18:22:42.541+0000][11420][safepoint   ] Safepoint "Cleanup", Time since last: 1015697400 ns, Reaching safepoint: 221500 ns, At safepoint: 10900 ns, Total: 232400 ns
[2023-11-22T18:22:43.758+0000][11420][safepoint   ] Safepoint "Cleanup", Time since last: 1217279100 ns, Reaching safepoint: 119900 ns, At safepoint: 13800 ns, Total: 133700 ns
[2023-11-22T18:22:44.759+0000][11420][safepoint   ] Safepoint "Cleanup", Time since last: 1000375800 ns, Reaching safepoint: 128000 ns, At safepoint: 9500 ns, Total: 137500 ns
[2023-11-22T18:22:45.775+0000][11420][safepoint   ] Safepoint "Cleanup", Time since last: 1016275900 ns, Reaching safepoint: 137100 ns, At safepoint: 33200 ns, Total: 170300 ns
[2023-11-22T18:22:46.791+0000][11420][safepoint   ] Safepoint "Cleanup", Time since last: 1015956200 ns, Reaching safepoint: 165500 ns, At safepoint: 8800 ns, Total: 174300 ns
[2023-11-22T18:22:48.313+0000][11420][safepoint   ] Safepoint "Cleanup", Time since last: 1505571100 ns, Reaching safepoint: 16083700 ns, At safepoint: 17400 ns, Total: 16101100 ns
[2023-11-22T18:22:49.325+0000][11420][safepoint   ] Safepoint "Cleanup", Time since last: 1011469700 ns, Reaching safepoint: 175700 ns, At safepoint: 13600 ns, Total: 189300 ns
[2023-11-22T18:22:50.341+0000][11420][safepoint   ] Safepoint "Cleanup", Time since last: 1016248400 ns, Reaching safepoint: 130500 ns, At safepoint: 17500 ns, Total: 148000 ns
[2023-11-22T18:22:51.352+0000][11420][safepoint   ] Safepoint "Cleanup", Time since last: 1010938400 ns, Reaching safepoint: 134700 ns, At safepoint: 45400 ns, Total: 180100 ns
[2023-11-22T18:22:52.358+0000][11420][safepoint   ] Safepoint "Cleanup", Time since last: 1005151500 ns, Reaching safepoint: 180300 ns, At safepoint: 13100 ns, Total: 193400 ns
[2023-11-22T18:22:53.368+0000][11420][safepoint   ] Safepoint "Cleanup", Time since last: 1010306600 ns, Reaching safepoint: 166400 ns, At safepoint: 12000 ns, Total: 178400 ns
[2023-11-22T18:22:54.381+0000][11420][safepoint   ] Safepoint "Cleanup", Time since last: 1012482800 ns, Reaching safepoint: 163100 ns, At safepoint: 13200 ns, Total: 176300 ns
[2023-11-22T18:22:55.457+0000][11420][safepoint   ] Safepoint "Cleanup", Time since last: 1075883100 ns, Reaching safepoint: 103000 ns, At safepoint: 46600 ns, Total: 149600 ns
[2023-11-22T18:22:57.471+0000][11420][safepoint   ] Safepoint "Cleanup", Time since last: 2013867200 ns, Reaching safepoint: 90500 ns, At safepoint: 16000 ns, Total: 106500 ns
[2023-11-22T18:22:58.474+0000][11420][safepoint   ] Safepoint "Cleanup", Time since last: 1002739300 ns, Reaching safepoint: 774400 ns, At safepoint: 11700 ns, Total: 786100 ns
[2023-11-22T18:22:59.485+0000][11420][safepoint   ] Safepoint "Cleanup", Time since last: 1010239600 ns, Reaching safepoint: 109000 ns, At safepoint: 9200 ns, Total: 118200 ns
[2023-11-22T18:23:00.489+0000][11420][safepoint   ] Safepoint "Cleanup", Time since last: 1004352600 ns, Reaching safepoint: 166000 ns, At safepoint: 83000 ns, Total: 249000 ns
[2023-11-22T18:23:01.501+0000][11420][safepoint   ] Safepoint "Cleanup", Time since last: 1011642500 ns, Reaching safepoint: 141300 ns, At safepoint: 21000 ns, Total: 162300 ns
[2023-11-22T18:23:02.506+0000][11420][safepoint   ] Safepoint "Cleanup", Time since last: 1004706100 ns, Reaching safepoint: 117900 ns, At safepoint: 17000 ns, Total: 134900 ns
[2023-11-22T18:23:03.520+0000][11420][safepoint   ] Safepoint "Cleanup", Time since last: 1014314200 ns, Reaching safepoint: 145100 ns, At safepoint: 30800 ns, Total: 175900 ns
[2023-11-22T18:23:04.527+0000][11420][safepoint   ] Safepoint "Cleanup", Time since last: 1006239700 ns, Reaching safepoint: 98400 ns, At safepoint: 18200 ns, Total: 116600 ns
[2023-11-22T18:23:05.540+0000][11420][safepoint   ] Safepoint "Cleanup", Time since last: 1012635600 ns, Reaching safepoint: 157600 ns, At safepoint: 27000 ns, Total: 184600 ns
[2023-11-22T18:23:06.557+0000][11420][safepoint   ] Safepoint "Cleanup", Time since last: 1017371500 ns, Reaching safepoint: 131400 ns, At safepoint: 18900 ns, Total: 150300 ns
[2023-11-22T18:23:07.571+0000][11420][safepoint   ] Safepoint "Cleanup", Time since last: 1014070700 ns, Reaching safepoint: 149600 ns, At safepoint: 12600 ns, Total: 162200 ns
[2023-11-22T18:23:08.572+0000][11420][safepoint   ] Safepoint "Cleanup", Time since last: 1000333200 ns, Reaching safepoint: 118900 ns, At safepoint: 30100 ns, Total: 149000 ns
[2023-11-22T18:23:12.590+0000][11420][safepoint   ] Safepoint "Cleanup", Time since last: 4017761200 ns, Reaching safepoint: 86100 ns, At safepoint: 14300 ns, Total: 100400 ns
[2023-11-22T18:23:12.858+0000][11420][gc,start    ] GC(11) Pause Young (Normal) (G1 Evacuation Pause)
[2023-11-22T18:23:12.859+0000][11420][gc,task     ] GC(11) Using 8 workers of 8 for evacuation
[2023-11-22T18:23:12.859+0000][11420][gc,age      ] GC(11) Desired survivor size 48234496 bytes, new threshold 3 (max threshold 15)
[2023-11-22T18:23:12.916+0000][11420][gc,phases   ] GC(11)   Pre Evacuate Collection Set: 0.4ms
[2023-11-22T18:23:12.916+0000][11420][gc,phases   ] GC(11)   Merge Heap Roots: 0.1ms
[2023-11-22T18:23:12.916+0000][11420][gc,phases   ] GC(11)   Evacuate Collection Set: 54.5ms
[2023-11-22T18:23:12.916+0000][11420][gc,phases   ] GC(11)   Post Evacuate Collection Set: 2.7ms
[2023-11-22T18:23:12.916+0000][11420][gc,phases   ] GC(11)   Other: 0.3ms
[2023-11-22T18:23:12.916+0000][11420][gc,age      ] GC(11) Age table with threshold 3 (max threshold 15)
[2023-11-22T18:23:12.916+0000][11420][gc,age      ] GC(11) - age   1:   22105016 bytes,   22105016 total
[2023-11-22T18:23:12.916+0000][11420][gc,age      ] GC(11) - age   2:   17268248 bytes,   39373264 total
[2023-11-22T18:23:12.916+0000][11420][gc,age      ] GC(11) - age   3:   23759424 bytes,   63132688 total
[2023-11-22T18:23:12.916+0000][11420][gc,heap     ] GC(11) Eden regions: 166->0(167)
[2023-11-22T18:23:12.916+0000][11420][gc,heap     ] GC(11) Survivor regions: 15->17(23)
[2023-11-22T18:23:12.916+0000][11420][gc,heap     ] GC(11) Old regions: 3->7
[2023-11-22T18:23:12.916+0000][11420][gc,heap     ] GC(11) Archive regions: 0->0
[2023-11-22T18:23:12.916+0000][11420][gc,heap     ] GC(11) Humongous regions: 2->2
[2023-11-22T18:23:12.916+0000][11420][gc,metaspace] GC(11) Metaspace: 118483K(121792K)->118483K(121792K) NonClass: 102206K(103936K)->102206K(103936K) Class: 16276K(17856K)->16276K(17856K)
[2023-11-22T18:23:12.916+0000][11420][gc          ] GC(11) Pause Young (Normal) (G1 Evacuation Pause) 742M->100M(4040M) 58.578ms
[2023-11-22T18:23:12.916+0000][11420][gc,cpu      ] GC(11) User=0.27s Sys=0.00s Real=0.06s
[2023-11-22T18:23:12.916+0000][11420][safepoint   ] Safepoint "G1CollectForAllocation", Time since last: 268438000 ns, Reaching safepoint: 133100 ns, At safepoint: 58743300 ns, Total: 58876400 ns
[2023-11-22T18:23:14.805+0000][11420][safepoint   ] Safepoint "Cleanup", Time since last: 1887855200 ns, Reaching safepoint: 182100 ns, At safepoint: 58700 ns, Total: 240800 ns
[2023-11-22T18:23:15.823+0000][11420][safepoint   ] Safepoint "Cleanup", Time since last: 1018339000 ns, Reaching safepoint: 199300 ns, At safepoint: 16000 ns, Total: 215300 ns
[2023-11-22T18:23:17.836+0000][11420][safepoint   ] Safepoint "Cleanup", Time since last: 2012377300 ns, Reaching safepoint: 137400 ns, At safepoint: 21400 ns, Total: 158800 ns
[2023-11-22T18:23:18.838+0000][11420][safepoint   ] Safepoint "Cleanup", Time since last: 1002157300 ns, Reaching safepoint: 99200 ns, At safepoint: 26000 ns, Total: 125200 ns
[2023-11-22T18:23:19.856+0000][11420][safepoint   ] Safepoint "Cleanup", Time since last: 1017312300 ns, Reaching safepoint: 132900 ns, At safepoint: 45500 ns, Total: 178400 ns
[2023-11-22T18:23:22.864+0000][11420][safepoint   ] Safepoint "Cleanup", Time since last: 3008003300 ns, Reaching safepoint: 59300 ns, At safepoint: 10400 ns, Total: 69700 ns
[2023-11-22T18:23:23.873+0000][11420][safepoint   ] Safepoint "Cleanup", Time since last: 1008747600 ns, Reaching safepoint: 256900 ns, At safepoint: 11700 ns, Total: 268600 ns
[2023-11-22T18:23:30.925+0000][11420][safepoint   ] Safepoint "Cleanup", Time since last: 7052267300 ns, Reaching safepoint: 56400 ns, At safepoint: 4500 ns, Total: 60900 ns
[2023-11-22T18:23:37.990+0000][11420][safepoint   ] Safepoint "Cleanup", Time since last: 7064142200 ns, Reaching safepoint: 105100 ns, At safepoint: 24500 ns, Total: 129600 ns
[2023-11-22T18:23:44.064+0000][11420][safepoint   ] Safepoint "Cleanup", Time since last: 6074068300 ns, Reaching safepoint: 138400 ns, At safepoint: 75300 ns, Total: 213700 ns
[2023-11-22T18:23:47.091+0000][11420][safepoint   ] Safepoint "Cleanup", Time since last: 3026705500 ns, Reaching safepoint: 109700 ns, At safepoint: 19500 ns, Total: 129200 ns
[2023-11-22T18:23:53.515+0000][11420][safepoint   ] Safepoint "Cleanup", Time since last: 6424027200 ns, Reaching safepoint: 104600 ns, At safepoint: 54200 ns, Total: 158800 ns
[2023-11-22T18:24:04.602+0000][11420][safepoint   ] Safepoint "Cleanup", Time since last: 11087078500 ns, Reaching safepoint: 120300 ns, At safepoint: 9200 ns, Total: 129500 ns
[2023-11-22T18:24:17.749+0000][11420][safepoint   ] Safepoint "Cleanup", Time since last: 13146910500 ns, Reaching safepoint: 74900 ns, At safepoint: 7900 ns, Total: 82800 ns
[2023-11-22T18:24:23.792+0000][11420][safepoint   ] Safepoint "Cleanup", Time since last: 6042436500 ns, Reaching safepoint: 128200 ns, At safepoint: 8800 ns, Total: 137000 ns
[2023-11-22T18:24:25.821+0000][11420][safepoint   ] Safepoint "Cleanup", Time since last: 2029370000 ns, Reaching safepoint: 70700 ns, At safepoint: 10300 ns, Total: 81000 ns
[2023-11-22T18:24:37.930+0000][11420][safepoint   ] Safepoint "Cleanup", Time since last: 12108676800 ns, Reaching safepoint: 69800 ns, At safepoint: 10000 ns, Total: 79800 ns
[2023-11-22T18:24:41.954+0000][11420][safepoint   ] Safepoint "Cleanup", Time since last: 4023346900 ns, Reaching safepoint: 158300 ns, At safepoint: 10500 ns, Total: 168800 ns
[2023-11-22T18:24:42.963+0000][11420][safepoint   ] Safepoint "Cleanup", Time since last: 1009621300 ns, Reaching safepoint: 120500 ns, At safepoint: 10300 ns, Total: 130800 ns
[2023-11-22T18:24:45.996+0000][11420][safepoint   ] Safepoint "Cleanup", Time since last: 3032998300 ns, Reaching safepoint: 163200 ns, At safepoint: 12400 ns, Total: 175600 ns
[2023-11-22T18:24:47.010+0000][11420][safepoint   ] Safepoint "Cleanup", Time since last: 1013371500 ns, Reaching safepoint: 118800 ns, At safepoint: 19400 ns, Total: 138200 ns
[2023-11-22T18:24:50.042+0000][11420][safepoint   ] Safepoint "Cleanup", Time since last: 3032052500 ns, Reaching safepoint: 64400 ns, At safepoint: 9700 ns, Total: 74100 ns
[2023-11-22T18:25:00.128+0000][11420][safepoint   ] Safepoint "Cleanup", Time since last: 10085948200 ns, Reaching safepoint: 99000 ns, At safepoint: 13000 ns, Total: 112000 ns
[2023-11-22T18:25:08.161+0000][11420][safepoint   ] Safepoint "Cleanup", Time since last: 8032956500 ns, Reaching safepoint: 67300 ns, At safepoint: 11000 ns, Total: 78300 ns
[2023-11-22T18:25:10.175+0000][11420][safepoint   ] Safepoint "Cleanup", Time since last: 2014101400 ns, Reaching safepoint: 104700 ns, At safepoint: 12200 ns, Total: 116900 ns
[2023-11-22T18:25:13.184+0000][11420][safepoint   ] Safepoint "Cleanup", Time since last: 3008511100 ns, Reaching safepoint: 83500 ns, At safepoint: 8200 ns, Total: 91700 ns
[2023-11-22T18:25:17.213+0000][11420][safepoint   ] Safepoint "Cleanup", Time since last: 4028715400 ns, Reaching safepoint: 101400 ns, At safepoint: 10100 ns, Total: 111500 ns
[2023-11-22T18:25:35.404+0000][11420][safepoint   ] Safepoint "Cleanup", Time since last: 18190429800 ns, Reaching safepoint: 152000 ns, At safepoint: 8400 ns, Total: 160400 ns
[2023-11-22T18:25:40.454+0000][11420][safepoint   ] Safepoint "Cleanup", Time since last: 5050381200 ns, Reaching safepoint: 62300 ns, At safepoint: 12900 ns, Total: 75200 ns
[2023-11-22T18:25:49.508+0000][11420][safepoint   ] Safepoint "Cleanup", Time since last: 9054236900 ns, Reaching safepoint: 66000 ns, At safepoint: 58500 ns, Total: 124500 ns
[2023-11-22T18:25:55.362+0000][11420][safepoint   ] Safepoint "Cleanup", Time since last: 5861199500 ns, Reaching safepoint: 87500 ns, At safepoint: 47500 ns, Total: 135000 ns
[2023-11-22T18:25:56.408+0000][11420][safepoint   ] Safepoint "Cleanup", Time since last: 1038539800 ns, Reaching safepoint: 107100 ns, At safepoint: 71000 ns, Total: 178100 ns
[2023-11-22T18:26:05.499+0000][11420][safepoint   ] Safepoint "Cleanup", Time since last: 9091058100 ns, Reaching safepoint: 98600 ns, At safepoint: 52000 ns, Total: 150600 ns
[2023-11-22T18:26:09.827+0000][11420][safepoint   ] Safepoint "Cleanup", Time since last: 4327230700 ns, Reaching safepoint: 148400 ns, At safepoint: 46100 ns, Total: 194500 ns
[2023-11-22T18:26:10.837+0000][11420][safepoint   ] Safepoint "Cleanup", Time since last: 1010373400 ns, Reaching safepoint: 84700 ns, At safepoint: 67400 ns, Total: 152100 ns
[2023-11-22T18:26:16.871+0000][11420][safepoint   ] Safepoint "Cleanup", Time since last: 6033361900 ns, Reaching safepoint: 89300 ns, At safepoint: 37200 ns, Total: 126500 ns
[2023-11-22T18:26:17.875+0000][11420][safepoint   ] Safepoint "Cleanup", Time since last: 1004178500 ns, Reaching safepoint: 97600 ns, At safepoint: 26500 ns, Total: 124100 ns
[2023-11-22T18:26:18.877+0000][11420][safepoint   ] Safepoint "Cleanup", Time since last: 1001525600 ns, Reaching safepoint: 95800 ns, At safepoint: 11300 ns, Total: 107100 ns
[2023-11-22T18:26:34.022+0000][11420][safepoint   ] Safepoint "Cleanup", Time since last: 15145282500 ns, Reaching safepoint: 67400 ns, At safepoint: 75200 ns, Total: 142600 ns
[2023-11-22T18:26:36.047+0000][11420][safepoint   ] Safepoint "Cleanup", Time since last: 2024461200 ns, Reaching safepoint: 113500 ns, At safepoint: 62300 ns, Total: 175800 ns
[2023-11-22T18:26:47.185+0000][11420][safepoint   ] Safepoint "Cleanup", Time since last: 11137485900 ns, Reaching safepoint: 139600 ns, At safepoint: 15400 ns, Total: 155000 ns
[2023-11-22T18:26:49.200+0000][11420][safepoint   ] Safepoint "Cleanup", Time since last: 2015020200 ns, Reaching safepoint: 158100 ns, At safepoint: 10200 ns, Total: 168300 ns
[2023-11-22T18:26:54.233+0000][11420][safepoint   ] Safepoint "Cleanup", Time since last: 5033157100 ns, Reaching safepoint: 66700 ns, At safepoint: 9100 ns, Total: 75800 ns
[2023-11-22T18:26:57.267+0000][11420][safepoint   ] Safepoint "Cleanup", Time since last: 3033465500 ns, Reaching safepoint: 143700 ns, At safepoint: 12200 ns, Total: 155900 ns
[2023-11-22T18:27:05.358+0000][11420][safepoint   ] Safepoint "Cleanup", Time since last: 8091373400 ns, Reaching safepoint: 126200 ns, At safepoint: 12500 ns, Total: 138700 ns
[2023-11-22T18:27:08.399+0000][11420][safepoint   ] Safepoint "Cleanup", Time since last: 3040557200 ns, Reaching safepoint: 121600 ns, At safepoint: 12800 ns, Total: 134400 ns
[2023-11-22T18:27:25.597+0000][11420][safepoint   ] Safepoint "Cleanup", Time since last: 17197814700 ns, Reaching safepoint: 105300 ns, At safepoint: 17300 ns, Total: 122600 ns
[2023-11-22T18:27:49.861+0000][11420][safepoint   ] Safepoint "Cleanup", Time since last: 24264637500 ns, Reaching safepoint: 135200 ns, At safepoint: 13200 ns, Total: 148400 ns
[2023-11-22T18:28:36.339+0000][11420][safepoint   ] Safepoint "Cleanup", Time since last: 46477402300 ns, Reaching safepoint: 98500 ns, At safepoint: 13900 ns, Total: 112400 ns
[2023-11-22T18:28:56.530+0000][11420][safepoint   ] Safepoint "Cleanup", Time since last: 20191355200 ns, Reaching safepoint: 130500 ns, At safepoint: 9100 ns, Total: 139600 ns
[2023-11-22T18:28:57.540+0000][11420][safepoint   ] Safepoint "Cleanup", Time since last: 1009871900 ns, Reaching safepoint: 121000 ns, At safepoint: 10200 ns, Total: 131200 ns
[2023-11-22T18:29:26.817+0000][11420][safepoint   ] Safepoint "Cleanup", Time since last: 29276754100 ns, Reaching safepoint: 175900 ns, At safepoint: 15500 ns, Total: 191400 ns
[2023-11-22T18:29:31.861+0000][11420][safepoint   ] Safepoint "Cleanup", Time since last: 5043040900 ns, Reaching safepoint: 182700 ns, At safepoint: 17200 ns, Total: 199900 ns
[2023-11-22T18:29:37.895+0000][11420][safepoint   ] Safepoint "Cleanup", Time since last: 6033813400 ns, Reaching safepoint: 110000 ns, At safepoint: 11000 ns, Total: 121000 ns
[2023-11-22T18:30:19.212+0000][11420][safepoint   ] Safepoint "Cleanup", Time since last: 41317498200 ns, Reaching safepoint: 124400 ns, At safepoint: 11400 ns, Total: 135800 ns
[2023-11-22T18:30:38.329+0000][11420][safepoint   ] Safepoint "Cleanup", Time since last: 19116343300 ns, Reaching safepoint: 84300 ns, At safepoint: 6800 ns, Total: 91100 ns
[2023-11-22T18:31:03.557+0000][11420][safepoint   ] Safepoint "Cleanup", Time since last: 25228182000 ns, Reaching safepoint: 236600 ns, At safepoint: 19100 ns, Total: 255700 ns
[2023-11-22T18:31:11.641+0000][11420][safepoint   ] Safepoint "Cleanup", Time since last: 8083521000 ns, Reaching safepoint: 148100 ns, At safepoint: 16900 ns, Total: 165000 ns
[2023-11-22T18:31:25.760+0000][11420][safepoint   ] Safepoint "Cleanup", Time since last: 14118973700 ns, Reaching safepoint: 200300 ns, At safepoint: 18200 ns, Total: 218500 ns
[2023-11-22T18:31:51.974+0000][11420][safepoint   ] Safepoint "Cleanup", Time since last: 26213599200 ns, Reaching safepoint: 124900 ns, At safepoint: 11800 ns, Total: 136700 ns
[2023-11-22T18:32:04.063+0000][11420][safepoint   ] Safepoint "Cleanup", Time since last: 12088863600 ns, Reaching safepoint: 196800 ns, At safepoint: 30800 ns, Total: 227600 ns
[2023-11-22T18:32:15.176+0000][11420][safepoint   ] Safepoint "Cleanup", Time since last: 11112839200 ns, Reaching safepoint: 133400 ns, At safepoint: 27200 ns, Total: 160600 ns
[2023-11-22T18:32:25.236+0000][11420][safepoint   ] Safepoint "Cleanup", Time since last: 10059948300 ns, Reaching safepoint: 123000 ns, At safepoint: 31000 ns, Total: 154000 ns
[2023-11-22T18:32:38.332+0000][11420][safepoint   ] Safepoint "Cleanup", Time since last: 13096101700 ns, Reaching safepoint: 99900 ns, At safepoint: 20400 ns, Total: 120300 ns
[2023-11-22T18:32:47.398+0000][11420][safepoint   ] Safepoint "Cleanup", Time since last: 9065732400 ns, Reaching safepoint: 89600 ns, At safepoint: 61600 ns, Total: 151200 ns
[2023-11-22T18:33:10.646+0000][11420][safepoint   ] Safepoint "Cleanup", Time since last: 23247449500 ns, Reaching safepoint: 111100 ns, At safepoint: 18300 ns, Total: 129400 ns
[2023-11-22T18:33:36.876+0000][11420][safepoint   ] Safepoint "Cleanup", Time since last: 26230849000 ns, Reaching safepoint: 136000 ns, At safepoint: 48600 ns, Total: 184600 ns
[2023-11-22T18:33:37.894+0000][11420][safepoint   ] Safepoint "Cleanup", Time since last: 1016890500 ns, Reaching safepoint: 132000 ns, At safepoint: 9800 ns, Total: 141800 ns
[2023-11-22T18:33:38.895+0000][11420][safepoint   ] Safepoint "Cleanup", Time since last: 1000850000 ns, Reaching safepoint: 160500 ns, At safepoint: 16200 ns, Total: 176700 ns
[2023-11-22T18:33:40.919+0000][11420][safepoint   ] Safepoint "Cleanup", Time since last: 2023818300 ns, Reaching safepoint: 120500 ns, At safepoint: 63400 ns, Total: 183900 ns
[2023-11-22T18:33:52.022+0000][11420][safepoint   ] Safepoint "Cleanup", Time since last: 11103434500 ns, Reaching safepoint: 195500 ns, At safepoint: 62000 ns, Total: 257500 ns
[2023-11-22T18:35:03.717+0000][11420][safepoint   ] Safepoint "Cleanup", Time since last: 71694504800 ns, Reaching safepoint: 108800 ns, At safepoint: 14000 ns, Total: 122800 ns
[2023-11-22T18:35:07.730+0000][11420][safepoint   ] Safepoint "Cleanup", Time since last: 4012639700 ns, Reaching safepoint: 165500 ns, At safepoint: 35300 ns, Total: 200800 ns
[2023-11-22T18:35:37.916+0000][11420][safepoint   ] Safepoint "Cleanup", Time since last: 30186323800 ns, Reaching safepoint: 150600 ns, At safepoint: 17800 ns, Total: 168400 ns
[2023-11-22T18:35:46.984+0000][11420][safepoint   ] Safepoint "Cleanup", Time since last: 9067557100 ns, Reaching safepoint: 141700 ns, At safepoint: 10800 ns, Total: 152500 ns
[2023-11-22T18:35:48.998+0000][11420][safepoint   ] Safepoint "Cleanup", Time since last: 2014247900 ns, Reaching safepoint: 88900 ns, At safepoint: 10200 ns, Total: 99100 ns
[2023-11-22T18:36:08.145+0000][11420][safepoint   ] Safepoint "Cleanup", Time since last: 19146672700 ns, Reaching safepoint: 120100 ns, At safepoint: 10400 ns, Total: 130500 ns
[2023-11-22T18:36:33.334+0000][11420][safepoint   ] Safepoint "Cleanup", Time since last: 25188765000 ns, Reaching safepoint: 155400 ns, At safepoint: 8400 ns, Total: 163800 ns
[2023-11-22T18:36:38.391+0000][11420][safepoint   ] Safepoint "Cleanup", Time since last: 5056997000 ns, Reaching safepoint: 135500 ns, At safepoint: 26600 ns, Total: 162100 ns
[2023-11-22T18:36:53.545+0000][11420][safepoint   ] Safepoint "Cleanup", Time since last: 15153206000 ns, Reaching safepoint: 110500 ns, At safepoint: 23600 ns, Total: 134100 ns
[2023-11-22T18:37:25.802+0000][11420][safepoint   ] Safepoint "Cleanup", Time since last: 32257489200 ns, Reaching safepoint: 103500 ns, At safepoint: 18400 ns, Total: 121900 ns
[2023-11-22T18:37:37.920+0000][11420][safepoint   ] Safepoint "Cleanup", Time since last: 12117189900 ns, Reaching safepoint: 130500 ns, At safepoint: 19900 ns, Total: 150400 ns
[2023-11-22T18:37:59.081+0000][11420][safepoint   ] Safepoint "Cleanup", Time since last: 21161364800 ns, Reaching safepoint: 137800 ns, At safepoint: 21000 ns, Total: 158800 ns
[2023-11-22T18:38:18.442+0000][11420][gc,start    ] GC(12) Pause Young (Normal) (G1 Evacuation Pause)
[2023-11-22T18:38:18.442+0000][11420][gc,task     ] GC(12) Using 8 workers of 8 for evacuation
[2023-11-22T18:38:18.442+0000][11420][gc,age      ] GC(12) Desired survivor size 48234496 bytes, new threshold 3 (max threshold 15)
[2023-11-22T18:38:18.489+0000][11420][gc,phases   ] GC(12)   Pre Evacuate Collection Set: 0.2ms
[2023-11-22T18:38:18.489+0000][11420][gc,phases   ] GC(12)   Merge Heap Roots: 0.2ms
[2023-11-22T18:38:18.489+0000][11420][gc,phases   ] GC(12)   Evacuate Collection Set: 53.3ms
[2023-11-22T18:38:18.489+0000][11420][gc,phases   ] GC(12)   Post Evacuate Collection Set: 2.7ms
[2023-11-22T18:38:18.489+0000][11420][gc,phases   ] GC(12)   Other: 0.2ms
[2023-11-22T18:38:18.489+0000][11420][gc,age      ] GC(12) Age table with threshold 3 (max threshold 15)
[2023-11-22T18:38:18.489+0000][11420][gc,age      ] GC(12) - age   1:   11628512 bytes,   11628512 total
[2023-11-22T18:38:18.489+0000][11420][gc,age      ] GC(12) - age   2:   17859696 bytes,   29488208 total
[2023-11-22T18:38:18.489+0000][11420][gc,age      ] GC(12) - age   3:   17266880 bytes,   46755088 total
[2023-11-22T18:38:18.489+0000][11420][gc,heap     ] GC(12) Eden regions: 162->0(301)
[2023-11-22T18:38:18.489+0000][11420][gc,heap     ] GC(12) Survivor regions: 17->13(23)
[2023-11-22T18:38:18.489+0000][11420][gc,heap     ] GC(12) Old regions: 7->13
[2023-11-22T18:38:18.489+0000][11420][gc,heap     ] GC(12) Archive regions: 0->0
[2023-11-22T18:38:18.489+0000][11420][gc,heap     ] GC(12) Humongous regions: 2->2
[2023-11-22T18:38:18.489+0000][11420][gc,metaspace] GC(12) Metaspace: 121338K(124608K)->121338K(124608K) NonClass: 104720K(106432K)->104720K(106432K) Class: 16618K(18176K)->16618K(18176K)
[2023-11-22T18:38:18.489+0000][11420][gc          ] GC(12) Pause Young (Normal) (G1 Evacuation Pause) 748M->110M(4040M) 57.140ms
[2023-11-22T18:38:18.489+0000][11420][gc,cpu      ] GC(12) User=0.34s Sys=0.03s Real=0.05s
[2023-11-22T18:38:18.489+0000][11420][safepoint   ] Safepoint "G1CollectForAllocation", Time since last: 19365013400 ns, Reaching safepoint: 133400 ns, At safepoint: 57282400 ns, Total: 57415800 ns
[2023-11-22T18:38:39.607+0000][11420][safepoint   ] Safepoint "Cleanup", Time since last: 21103589200 ns, Reaching safepoint: 116600 ns, At safepoint: 12000 ns, Total: 128600 ns
[2023-11-22T18:38:46.644+0000][11420][safepoint   ] Safepoint "Cleanup", Time since last: 7036760500 ns, Reaching safepoint: 102800 ns, At safepoint: 10800 ns, Total: 113600 ns
[2023-11-22T18:38:58.735+0000][11420][safepoint   ] Safepoint "Cleanup", Time since last: 12090520100 ns, Reaching safepoint: 110500 ns, At safepoint: 10200 ns, Total: 120700 ns
[2023-11-22T18:39:23.914+0000][11420][safepoint   ] Safepoint "Cleanup", Time since last: 25179523100 ns, Reaching safepoint: 100300 ns, At safepoint: 11600 ns, Total: 111900 ns
[2023-11-22T18:40:24.356+0000][11420][safepoint   ] Safepoint "Cleanup", Time since last: 60441874700 ns, Reaching safepoint: 121100 ns, At safepoint: 11600 ns, Total: 132700 ns
[2023-11-22T18:40:38.496+0000][11420][safepoint   ] Safepoint "Cleanup", Time since last: 14139634900 ns, Reaching safepoint: 83100 ns, At safepoint: 23800 ns, Total: 106900 ns
[2023-11-22T18:40:46.544+0000][11420][safepoint   ] Safepoint "Cleanup", Time since last: 8047370400 ns, Reaching safepoint: 161100 ns, At safepoint: 9500 ns, Total: 170600 ns
[2023-11-22T18:41:19.806+0000][11420][safepoint   ] Safepoint "Cleanup", Time since last: 33261827600 ns, Reaching safepoint: 137300 ns, At safepoint: 9300 ns, Total: 146600 ns
[2023-11-22T18:41:48.067+0000][11420][safepoint   ] Safepoint "Cleanup", Time since last: 28260902400 ns, Reaching safepoint: 241700 ns, At safepoint: 17600 ns, Total: 259300 ns
[2023-11-22T18:42:03.169+0000][11420][safepoint   ] Safepoint "Cleanup", Time since last: 15102041700 ns, Reaching safepoint: 116600 ns, At safepoint: 12200 ns, Total: 128800 ns
[2023-11-22T18:42:07.203+0000][11420][safepoint   ] Safepoint "Cleanup", Time since last: 4034111500 ns, Reaching safepoint: 98100 ns, At safepoint: 12300 ns, Total: 110400 ns
[2023-11-22T18:42:08.210+0000][11420][safepoint   ] Safepoint "Cleanup", Time since last: 1006383200 ns, Reaching safepoint: 123200 ns, At safepoint: 10100 ns, Total: 133300 ns
[2023-11-22T18:42:56.621+0000][11420][safepoint   ] Safepoint "Cleanup", Time since last: 48411485300 ns, Reaching safepoint: 107000 ns, At safepoint: 10700 ns, Total: 117700 ns
[2023-11-22T18:43:14.807+0000][11420][safepoint   ] Safepoint "Cleanup", Time since last: 18185603000 ns, Reaching safepoint: 171700 ns, At safepoint: 44600 ns, Total: 216300 ns
[2023-11-22T18:43:17.833+0000][11420][safepoint   ] Safepoint "Cleanup", Time since last: 3025839100 ns, Reaching safepoint: 142100 ns, At safepoint: 16600 ns, Total: 158700 ns
[2023-11-22T18:43:41.038+0000][11420][safepoint   ] Safepoint "Cleanup", Time since last: 23204140200 ns, Reaching safepoint: 206200 ns, At safepoint: 19000 ns, Total: 225200 ns
[2023-11-22T18:44:06.267+0000][11420][safepoint   ] Safepoint "Cleanup", Time since last: 25229259900 ns, Reaching safepoint: 102700 ns, At safepoint: 12300 ns, Total: 115000 ns
[2023-11-22T18:44:23.417+0000][11420][safepoint   ] Safepoint "Cleanup", Time since last: 17149881800 ns, Reaching safepoint: 124500 ns, At safepoint: 9300 ns, Total: 133800 ns
[2023-11-22T18:44:24.432+0000][11420][safepoint   ] Safepoint "Cleanup", Time since last: 1014306600 ns, Reaching safepoint: 123600 ns, At safepoint: 11700 ns, Total: 135300 ns
[2023-11-22T18:44:29.483+0000][11420][safepoint   ] Safepoint "Cleanup", Time since last: 5051563500 ns, Reaching safepoint: 93300 ns, At safepoint: 35500 ns, Total: 128800 ns
[2023-11-22T18:44:38.512+0000][11420][safepoint   ] Safepoint "Cleanup", Time since last: 9028251300 ns, Reaching safepoint: 107500 ns, At safepoint: 11700 ns, Total: 119200 ns
[2023-11-22T18:44:57.669+0000][11420][safepoint   ] Safepoint "Cleanup", Time since last: 19157600400 ns, Reaching safepoint: 129200 ns, At safepoint: 10300 ns, Total: 139500 ns
[2023-11-22T18:45:48.101+0000][11420][safepoint   ] Safepoint "Cleanup", Time since last: 50431098100 ns, Reaching safepoint: 131500 ns, At safepoint: 48600 ns, Total: 180100 ns
[2023-11-22T18:45:57.186+0000][11420][safepoint   ] Safepoint "Cleanup", Time since last: 9085790600 ns, Reaching safepoint: 137200 ns, At safepoint: 53200 ns, Total: 190400 ns
[2023-11-22T18:46:49.602+0000][11420][safepoint   ] Safepoint "Cleanup", Time since last: 52414922200 ns, Reaching safepoint: 115800 ns, At safepoint: 5200 ns, Total: 121000 ns
[2023-11-22T18:48:17.385+0000][11420][safepoint   ] Safepoint "Cleanup", Time since last: 87783051600 ns, Reaching safepoint: 161700 ns, At safepoint: 50100 ns, Total: 211800 ns
[2023-11-22T18:48:23.439+0000][11420][safepoint   ] Safepoint "Cleanup", Time since last: 6053783900 ns, Reaching safepoint: 108700 ns, At safepoint: 31200 ns, Total: 139900 ns
[2023-11-22T18:48:33.491+0000][11420][safepoint   ] Safepoint "Cleanup", Time since last: 10052366500 ns, Reaching safepoint: 103100 ns, At safepoint: 26100 ns, Total: 129200 ns
[2023-11-22T18:48:38.522+0000][11420][safepoint   ] Safepoint "Cleanup", Time since last: 5030905100 ns, Reaching safepoint: 103500 ns, At safepoint: 43900 ns, Total: 147400 ns
[2023-11-22T18:48:43.546+0000][11420][safepoint   ] Safepoint "Cleanup", Time since last: 5023863400 ns, Reaching safepoint: 134400 ns, At safepoint: 21100 ns, Total: 155500 ns
[2023-11-22T18:48:47.584+0000][11420][safepoint   ] Safepoint "Cleanup", Time since last: 4037800500 ns, Reaching safepoint: 156200 ns, At safepoint: 53300 ns, Total: 209500 ns
[2023-11-22T18:48:48.602+0000][11420][safepoint   ] Safepoint "Cleanup", Time since last: 1017329300 ns, Reaching safepoint: 111400 ns, At safepoint: 12400 ns, Total: 123800 ns
[2023-11-22T18:48:57.669+0000][11420][safepoint   ] Safepoint "Cleanup", Time since last: 9066710700 ns, Reaching safepoint: 81100 ns, At safepoint: 26000 ns, Total: 107100 ns
[2023-11-22T18:49:02.703+0000][11420][safepoint   ] Safepoint "Cleanup", Time since last: 5034678500 ns, Reaching safepoint: 174300 ns, At safepoint: 32400 ns, Total: 206700 ns
[2023-11-22T18:49:07.768+0000][11420][safepoint   ] Safepoint "Cleanup", Time since last: 5064197000 ns, Reaching safepoint: 58200 ns, At safepoint: 52300 ns, Total: 110500 ns
[2023-11-22T18:49:12.826+0000][11420][safepoint   ] Safepoint "Cleanup", Time since last: 5057731600 ns, Reaching safepoint: 109900 ns, At safepoint: 16500 ns, Total: 126400 ns
[2023-11-22T18:49:19.899+0000][11420][safepoint   ] Safepoint "Cleanup", Time since last: 7073720300 ns, Reaching safepoint: 334100 ns, At safepoint: 42000 ns, Total: 376100 ns
[2023-11-22T18:49:22.908+0000][11420][safepoint   ] Safepoint "Cleanup", Time since last: 3008366300 ns, Reaching safepoint: 164800 ns, At safepoint: 45600 ns, Total: 210400 ns
[2023-11-22T18:49:38.030+0000][11420][safepoint   ] Safepoint "Cleanup", Time since last: 15121926900 ns, Reaching safepoint: 151100 ns, At safepoint: 47300 ns, Total: 198400 ns
[2023-11-22T18:49:43.077+0000][11420][safepoint   ] Safepoint "Cleanup", Time since last: 5046039800 ns, Reaching safepoint: 75400 ns, At safepoint: 15400 ns, Total: 90800 ns
[2023-11-22T18:49:48.108+0000][11420][safepoint   ] Safepoint "Cleanup", Time since last: 5031185300 ns, Reaching safepoint: 81900 ns, At safepoint: 25000 ns, Total: 106900 ns
[2023-11-22T18:49:53.151+0000][11420][safepoint   ] Safepoint "Cleanup", Time since last: 5043041300 ns, Reaching safepoint: 77600 ns, At safepoint: 20200 ns, Total: 97800 ns
[2023-11-22T18:49:55.171+0000][11420][safepoint   ] Safepoint "Cleanup", Time since last: 2019855600 ns, Reaching safepoint: 84100 ns, At safepoint: 59700 ns, Total: 143800 ns
[2023-11-22T18:49:58.202+0000][11420][safepoint   ] Safepoint "Cleanup", Time since last: 3030739500 ns, Reaching safepoint: 85100 ns, At safepoint: 18400 ns, Total: 103500 ns
[2023-11-22T18:50:03.249+0000][11420][safepoint   ] Safepoint "Cleanup", Time since last: 5046731300 ns, Reaching safepoint: 112500 ns, At safepoint: 13400 ns, Total: 125900 ns
[2023-11-22T18:50:08.297+0000][11420][safepoint   ] Safepoint "Cleanup", Time since last: 5047810500 ns, Reaching safepoint: 103200 ns, At safepoint: 8900 ns, Total: 112100 ns
[2023-11-22T18:50:11.326+0000][11420][safepoint   ] Safepoint "Cleanup", Time since last: 3029170800 ns, Reaching safepoint: 120400 ns, At safepoint: 14800 ns, Total: 135200 ns
[2023-11-22T18:50:13.344+0000][11420][safepoint   ] Safepoint "Cleanup", Time since last: 2017960300 ns, Reaching safepoint: 180400 ns, At safepoint: 42000 ns, Total: 222400 ns
[2023-11-22T18:50:21.376+0000][11420][safepoint   ] Safepoint "Cleanup", Time since last: 8031858400 ns, Reaching safepoint: 61100 ns, At safepoint: 14900 ns, Total: 76000 ns
[2023-11-22T18:50:23.388+0000][11420][safepoint   ] Safepoint "Cleanup", Time since last: 2011677100 ns, Reaching safepoint: 68200 ns, At safepoint: 21200 ns, Total: 89400 ns
[2023-11-22T18:50:28.446+0000][11420][safepoint   ] Safepoint "Cleanup", Time since last: 5058575900 ns, Reaching safepoint: 104100 ns, At safepoint: 19500 ns, Total: 123600 ns
[2023-11-22T18:50:33.492+0000][11420][safepoint   ] Safepoint "Cleanup", Time since last: 5044868300 ns, Reaching safepoint: 127100 ns, At safepoint: 76400 ns, Total: 203500 ns
[2023-11-22T18:50:38.530+0000][11420][safepoint   ] Safepoint "Cleanup", Time since last: 5037951000 ns, Reaching safepoint: 139100 ns, At safepoint: 18100 ns, Total: 157200 ns
[2023-11-22T18:50:48.593+0000][11420][safepoint   ] Safepoint "Cleanup", Time since last: 10063169000 ns, Reaching safepoint: 131700 ns, At safepoint: 22000 ns, Total: 153700 ns
[2023-11-22T18:50:52.015+0000][11420][safepoint   ] Safepoint "Cleanup", Time since last: 3427266700 ns, Reaching safepoint: 95600 ns, At safepoint: 18300 ns, Total: 113900 ns
[2023-11-22T18:50:53.023+0000][11420][safepoint   ] Safepoint "Cleanup", Time since last: 1002532600 ns, Reaching safepoint: 140300 ns, At safepoint: 11500 ns, Total: 151800 ns
[2023-11-22T18:50:54.473+0000][11420][safepoint   ] Safepoint "Cleanup", Time since last: 1449473200 ns, Reaching safepoint: 164200 ns, At safepoint: 11600 ns, Total: 175800 ns
[2023-11-22T18:51:00.097+0000][11420][safepoint   ] Safepoint "Cleanup", Time since last: 5624859400 ns, Reaching safepoint: 167300 ns, At safepoint: 16200 ns, Total: 183500 ns
[2023-11-22T18:51:01.080+0000][11420][safepoint   ] Safepoint "ICBufferFull", Time since last: 982476600 ns, Reaching safepoint: 262300 ns, At safepoint: 15800 ns, Total: 278100 ns
[2023-11-22T18:51:02.287+0000][11420][safepoint   ] Safepoint "Cleanup", Time since last: 1206420900 ns, Reaching safepoint: 228300 ns, At safepoint: 15000 ns, Total: 243300 ns
[2023-11-22T18:51:08.353+0000][11420][safepoint   ] Safepoint "Cleanup", Time since last: 6065479100 ns, Reaching safepoint: 80400 ns, At safepoint: 11200 ns, Total: 91600 ns
[2023-11-22T18:51:11.370+0000][11420][safepoint   ] Safepoint "Cleanup", Time since last: 3016856400 ns, Reaching safepoint: 126100 ns, At safepoint: 54900 ns, Total: 181000 ns
[2023-11-22T18:51:12.888+0000][11420][safepoint   ] Safepoint "Cleanup", Time since last: 1517601900 ns, Reaching safepoint: 153500 ns, At safepoint: 13900 ns, Total: 167400 ns
[2023-11-22T18:51:14.915+0000][11420][safepoint   ] Safepoint "Cleanup", Time since last: 2025409200 ns, Reaching safepoint: 127600 ns, At safepoint: 2064400 ns, Total: 2192000 ns
[2023-11-22T18:51:15.905+0000][11420][safepoint   ] Safepoint "ICBufferFull", Time since last: 987966900 ns, Reaching safepoint: 1359200 ns, At safepoint: 291100 ns, Total: 1650300 ns
[2023-11-22T18:51:16.360+0000][11420][safepoint   ] Safepoint "ICBufferFull", Time since last: 452971500 ns, Reaching safepoint: 303800 ns, At safepoint: 2031500 ns, Total: 2335300 ns
[2023-11-22T18:51:16.983+0000][11420][safepoint   ] Safepoint "ICBufferFull", Time since last: 626235800 ns, Reaching safepoint: 189600 ns, At safepoint: 12700 ns, Total: 202300 ns
[2023-11-22T18:51:17.672+0000][11420][safepoint   ] Safepoint "ICBufferFull", Time since last: 685434900 ns, Reaching safepoint: 174900 ns, At safepoint: 51100 ns, Total: 226000 ns
[2023-11-22T18:51:18.173+0000][11420][safepoint   ] Safepoint "ICBufferFull", Time since last: 503423800 ns, Reaching safepoint: 171200 ns, At safepoint: 58200 ns, Total: 229400 ns
[2023-11-22T18:51:19.056+0000][11420][safepoint   ] Safepoint "ICBufferFull", Time since last: 879387500 ns, Reaching safepoint: 1104000 ns, At safepoint: 119100 ns, Total: 1223100 ns
[2023-11-22T18:51:19.977+0000][11420][safepoint   ] Safepoint "ICBufferFull", Time since last: 920136900 ns, Reaching safepoint: 348000 ns, At safepoint: 89000 ns, Total: 437000 ns
[2023-11-22T18:51:21.129+0000][11420][safepoint   ] Safepoint "ICBufferFull", Time since last: 1152264400 ns, Reaching safepoint: 284900 ns, At safepoint: 17700 ns, Total: 302600 ns
[2023-11-22T18:51:22.309+0000][11420][safepoint   ] Safepoint "ICBufferFull", Time since last: 1183275800 ns, Reaching safepoint: 240600 ns, At safepoint: 14200 ns, Total: 254800 ns
[2023-11-22T18:51:22.532+0000][11420][safepoint   ] Safepoint "ICBufferFull", Time since last: 221863100 ns, Reaching safepoint: 334700 ns, At safepoint: 91900 ns, Total: 426600 ns
[2023-11-22T18:51:23.332+0000][11420][safepoint   ] Safepoint "ICBufferFull", Time since last: 796453400 ns, Reaching safepoint: 256600 ns, At safepoint: 21200 ns, Total: 277800 ns
[2023-11-22T18:51:24.289+0000][11420][safepoint   ] Safepoint "ICBufferFull", Time since last: 956989100 ns, Reaching safepoint: 559500 ns, At safepoint: 734700 ns, Total: 1294200 ns
[2023-11-22T18:51:24.731+0000][11420][safepoint   ] Safepoint "ICBufferFull", Time since last: 440971800 ns, Reaching safepoint: 241300 ns, At safepoint: 59900 ns, Total: 301200 ns
[2023-11-22T18:51:25.752+0000][11420][safepoint   ] Safepoint "ICBufferFull", Time since last: 1025231800 ns, Reaching safepoint: 325200 ns, At safepoint: 39500 ns, Total: 364700 ns
[2023-11-22T18:51:26.760+0000][11420][safepoint   ] Safepoint "Cleanup", Time since last: 1002839800 ns, Reaching safepoint: 264000 ns, At safepoint: 30600 ns, Total: 294600 ns
[2023-11-22T18:51:27.772+0000][11420][safepoint   ] Safepoint "Cleanup", Time since last: 1010908300 ns, Reaching safepoint: 883800 ns, At safepoint: 66000 ns, Total: 949800 ns
[2023-11-22T18:51:28.875+0000][11420][safepoint   ] Safepoint "ICBufferFull", Time since last: 1103664500 ns, Reaching safepoint: 273000 ns, At safepoint: 62900 ns, Total: 335900 ns
[2023-11-22T18:51:29.882+0000][11420][safepoint   ] Safepoint "Cleanup", Time since last: 1005609700 ns, Reaching safepoint: 148500 ns, At safepoint: 28200 ns, Total: 176700 ns
[2023-11-22T18:51:30.889+0000][11420][safepoint   ] Safepoint "ICBufferFull", Time since last: 1014793700 ns, Reaching safepoint: 628900 ns, At safepoint: 2894400 ns, Total: 3523300 ns
[2023-11-22T18:51:31.248+0000][11420][safepoint   ] Safepoint "ICBufferFull", Time since last: 344340800 ns, Reaching safepoint: 902100 ns, At safepoint: 1992100 ns, Total: 2894200 ns
[2023-11-22T18:51:32.254+0000][11420][safepoint   ] Safepoint "Cleanup", Time since last: 1006468400 ns, Reaching safepoint: 153900 ns, At safepoint: 10600 ns, Total: 164500 ns
[2023-11-22T18:51:33.269+0000][11420][safepoint   ] Safepoint "Cleanup", Time since last: 1014277000 ns, Reaching safepoint: 288900 ns, At safepoint: 27600 ns, Total: 316500 ns
[2023-11-22T18:51:34.286+0000][11420][safepoint   ] Safepoint "Cleanup", Time since last: 1017092600 ns, Reaching safepoint: 134600 ns, At safepoint: 19000 ns, Total: 153600 ns
[2023-11-22T18:51:35.300+0000][11420][safepoint   ] Safepoint "Cleanup", Time since last: 1014032000 ns, Reaching safepoint: 217800 ns, At safepoint: 26000 ns, Total: 243800 ns
[2023-11-22T18:51:36.300+0000][11420][safepoint   ] Safepoint "Cleanup", Time since last: 1000644900 ns, Reaching safepoint: 119000 ns, At safepoint: 77100 ns, Total: 196100 ns
[2023-11-22T18:51:36.986+0000][11420][gc,start    ] GC(13) Pause Young (Normal) (G1 Evacuation Pause)
[2023-11-22T18:51:36.986+0000][11420][gc,task     ] GC(13) Using 8 workers of 8 for evacuation
[2023-11-22T18:51:36.986+0000][11420][gc,age      ] GC(13) Desired survivor size 79691776 bytes, new threshold 15 (max threshold 15)
[2023-11-22T18:51:37.036+0000][11420][gc,phases   ] GC(13)   Pre Evacuate Collection Set: 0.3ms
[2023-11-22T18:51:37.036+0000][11420][gc,phases   ] GC(13)   Merge Heap Roots: 0.2ms
[2023-11-22T18:51:37.036+0000][11420][gc,phases   ] GC(13)   Evacuate Collection Set: 49.3ms
[2023-11-22T18:51:37.036+0000][11420][gc,phases   ] GC(13)   Post Evacuate Collection Set: 2.7ms
[2023-11-22T18:51:37.036+0000][11420][gc,phases   ] GC(13)   Other: 0.5ms
[2023-11-22T18:51:37.036+0000][11420][gc,age      ] GC(13) Age table with threshold 15 (max threshold 15)
[2023-11-22T18:51:37.036+0000][11420][gc,age      ] GC(13) - age   1:   29853808 bytes,   29853808 total
[2023-11-22T18:51:37.036+0000][11420][gc,age      ] GC(13) - age   2:   11541000 bytes,   41394808 total
[2023-11-22T18:51:37.036+0000][11420][gc,age      ] GC(13) - age   3:   17480104 bytes,   58874912 total
[2023-11-22T18:51:37.036+0000][11420][gc,age      ] GC(13) - age   4:   17245712 bytes,   76120624 total
[2023-11-22T18:51:37.036+0000][11420][gc,heap     ] GC(13) Eden regions: 287->0(585)
[2023-11-22T18:51:37.036+0000][11420][gc,heap     ] GC(13) Survivor regions: 13->21(38)
[2023-11-22T18:51:37.036+0000][11420][gc,heap     ] GC(13) Old regions: 13->13
[2023-11-22T18:51:37.036+0000][11420][gc,heap     ] GC(13) Archive regions: 0->0
[2023-11-22T18:51:37.036+0000][11420][gc,heap     ] GC(13) Humongous regions: 2->2
[2023-11-22T18:51:37.036+0000][11420][gc,metaspace] GC(13) Metaspace: 132970K(136576K)->132970K(136576K) NonClass: 114973K(116864K)->114973K(116864K) Class: 17997K(19712K)->17997K(19712K)
[2023-11-22T18:51:37.036+0000][11420][gc          ] GC(13) Pause Young (Normal) (G1 Evacuation Pause) 1258M->142M(4040M) 53.397ms
[2023-11-22T18:51:37.036+0000][11420][gc,cpu      ] GC(13) User=0.19s Sys=0.03s Real=0.05s
[2023-11-22T18:51:37.036+0000][11420][safepoint   ] Safepoint "G1CollectForAllocation", Time since last: 685242400 ns, Reaching safepoint: 95800 ns, At safepoint: 53524800 ns, Total: 53620600 ns
[2023-11-22T18:51:38.044+0000][11420][safepoint   ] Safepoint "Cleanup", Time since last: 1003958000 ns, Reaching safepoint: 70100 ns, At safepoint: 7200 ns, Total: 77300 ns
[2023-11-22T18:51:39.052+0000][11420][safepoint   ] Safepoint "Cleanup", Time since last: 1008296100 ns, Reaching safepoint: 169900 ns, At safepoint: 13300 ns, Total: 183200 ns
[2023-11-22T18:51:40.060+0000][11420][safepoint   ] Safepoint "Cleanup", Time since last: 1007748000 ns, Reaching safepoint: 156600 ns, At safepoint: 28100 ns, Total: 184700 ns
[2023-11-22T18:51:41.063+0000][11420][safepoint   ] Safepoint "Cleanup", Time since last: 1001960800 ns, Reaching safepoint: 248200 ns, At safepoint: 23200 ns, Total: 271400 ns
[2023-11-22T18:51:42.068+0000][11420][safepoint   ] Safepoint "Cleanup", Time since last: 1005231200 ns, Reaching safepoint: 158400 ns, At safepoint: 73100 ns, Total: 231500 ns
[2023-11-22T18:51:43.085+0000][11420][safepoint   ] Safepoint "Cleanup", Time since last: 1016216900 ns, Reaching safepoint: 187600 ns, At safepoint: 16100 ns, Total: 203700 ns
[2023-11-22T18:51:44.090+0000][11420][safepoint   ] Safepoint "Cleanup", Time since last: 1005393300 ns, Reaching safepoint: 98300 ns, At safepoint: 14400 ns, Total: 112700 ns
[2023-11-22T18:51:45.101+0000][11420][safepoint   ] Safepoint "Cleanup", Time since last: 1010740000 ns, Reaching safepoint: 120100 ns, At safepoint: 13900 ns, Total: 134000 ns
[2023-11-22T18:51:46.118+0000][11420][safepoint   ] Safepoint "Cleanup", Time since last: 1016517700 ns, Reaching safepoint: 476000 ns, At safepoint: 54800 ns, Total: 530800 ns
[2023-11-22T18:51:47.130+0000][11420][safepoint   ] Safepoint "Cleanup", Time since last: 1011883500 ns, Reaching safepoint: 111400 ns, At safepoint: 72300 ns, Total: 183700 ns
[2023-11-22T18:51:48.135+0000][11420][safepoint   ] Safepoint "Cleanup", Time since last: 1004219100 ns, Reaching safepoint: 100300 ns, At safepoint: 15300 ns, Total: 115600 ns
[2023-11-22T18:51:49.149+0000][11420][safepoint   ] Safepoint "Cleanup", Time since last: 1014611500 ns, Reaching safepoint: 240500 ns, At safepoint: 49700 ns, Total: 290200 ns
[2023-11-22T18:51:50.151+0000][11420][safepoint   ] Safepoint "Cleanup", Time since last: 1001143100 ns, Reaching safepoint: 194900 ns, At safepoint: 53900 ns, Total: 248800 ns
[2023-11-22T18:51:51.166+0000][11420][safepoint   ] Safepoint "Cleanup", Time since last: 1015277300 ns, Reaching safepoint: 122500 ns, At safepoint: 19900 ns, Total: 142400 ns
[2023-11-22T18:51:51.488+0000][11420][safepoint   ] Safepoint "ICBufferFull", Time since last: 323232700 ns, Reaching safepoint: 341300 ns, At safepoint: 27500 ns, Total: 368800 ns
[2023-11-22T18:51:52.439+0000][11420][safepoint   ] Safepoint "ICBufferFull", Time since last: 949477700 ns, Reaching safepoint: 217400 ns, At safepoint: 23400 ns, Total: 240800 ns
[2023-11-22T18:51:52.989+0000][11420][safepoint   ] Safepoint "ICBufferFull", Time since last: 549598100 ns, Reaching safepoint: 297500 ns, At safepoint: 25000 ns, Total: 322500 ns
[2023-11-22T18:51:53.992+0000][11420][safepoint   ] Safepoint "Cleanup", Time since last: 1002090000 ns, Reaching safepoint: 160600 ns, At safepoint: 58600 ns, Total: 219200 ns
[2023-11-22T18:51:55.008+0000][11420][safepoint   ] Safepoint "Cleanup", Time since last: 1015792400 ns, Reaching safepoint: 248700 ns, At safepoint: 15800 ns, Total: 264500 ns
[2023-11-22T18:51:56.015+0000][11420][safepoint   ] Safepoint "Cleanup", Time since last: 1007210000 ns, Reaching safepoint: 106200 ns, At safepoint: 12300 ns, Total: 118500 ns
[2023-11-22T18:51:57.016+0000][11420][safepoint   ] Safepoint "Cleanup", Time since last: 1000736500 ns, Reaching safepoint: 80300 ns, At safepoint: 10000 ns, Total: 90300 ns
[2023-11-22T18:51:58.047+0000][11420][safepoint   ] Safepoint "Cleanup", Time since last: 1030989900 ns, Reaching safepoint: 169400 ns, At safepoint: 19900 ns, Total: 189300 ns
[2023-11-22T18:52:00.054+0000][11420][safepoint   ] Safepoint "Cleanup", Time since last: 2006498600 ns, Reaching safepoint: 136000 ns, At safepoint: 59500 ns, Total: 195500 ns
[2023-11-22T18:52:01.056+0000][11420][safepoint   ] Safepoint "Cleanup", Time since last: 1002376100 ns, Reaching safepoint: 104200 ns, At safepoint: 64600 ns, Total: 168800 ns
[2023-11-22T18:52:02.071+0000][11420][safepoint   ] Safepoint "Cleanup", Time since last: 1014820700 ns, Reaching safepoint: 124000 ns, At safepoint: 22100 ns, Total: 146100 ns
[2023-11-22T18:52:03.082+0000][11420][safepoint   ] Safepoint "Cleanup", Time since last: 1010152000 ns, Reaching safepoint: 156900 ns, At safepoint: 23600 ns, Total: 180500 ns
[2023-11-22T18:52:04.102+0000][11420][safepoint   ] Safepoint "Cleanup", Time since last: 1019771700 ns, Reaching safepoint: 143300 ns, At safepoint: 17800 ns, Total: 161100 ns
[2023-11-22T18:52:05.104+0000][11420][safepoint   ] Safepoint "Cleanup", Time since last: 1002597100 ns, Reaching safepoint: 128000 ns, At safepoint: 14600 ns, Total: 142600 ns
[2023-11-22T18:52:06.113+0000][11420][safepoint   ] Safepoint "Cleanup", Time since last: 1008514800 ns, Reaching safepoint: 138800 ns, At safepoint: 30100 ns, Total: 168900 ns
[2023-11-22T18:52:07.120+0000][11420][safepoint   ] Safepoint "Cleanup", Time since last: 1006608200 ns, Reaching safepoint: 131100 ns, At safepoint: 59600 ns, Total: 190700 ns
[2023-11-22T18:52:09.132+0000][11420][safepoint   ] Safepoint "Cleanup", Time since last: 2012318800 ns, Reaching safepoint: 277900 ns, At safepoint: 83800 ns, Total: 361700 ns
[2023-11-22T18:52:12.168+0000][11420][safepoint   ] Safepoint "Cleanup", Time since last: 3035524800 ns, Reaching safepoint: 152800 ns, At safepoint: 59100 ns, Total: 211900 ns
[2023-11-22T18:52:13.171+0000][11420][safepoint   ] Safepoint "Cleanup", Time since last: 1003004900 ns, Reaching safepoint: 177500 ns, At safepoint: 78400 ns, Total: 255900 ns
[2023-11-22T18:52:15.192+0000][11420][safepoint   ] Safepoint "Cleanup", Time since last: 2020291700 ns, Reaching safepoint: 93400 ns, At safepoint: 61100 ns, Total: 154500 ns
[2023-11-22T18:52:16.196+0000][11420][safepoint   ] Safepoint "Cleanup", Time since last: 1004069300 ns, Reaching safepoint: 159300 ns, At safepoint: 29900 ns, Total: 189200 ns
[2023-11-22T18:52:17.211+0000][11420][safepoint   ] Safepoint "Cleanup", Time since last: 1014321300 ns, Reaching safepoint: 156400 ns, At safepoint: 28600 ns, Total: 185000 ns
[2023-11-22T18:52:18.214+0000][11420][safepoint   ] Safepoint "Cleanup", Time since last: 1003585200 ns, Reaching safepoint: 115000 ns, At safepoint: 21300 ns, Total: 136300 ns
[2023-11-22T18:52:19.222+0000][11420][safepoint   ] Safepoint "Cleanup", Time since last: 1007409700 ns, Reaching safepoint: 238200 ns, At safepoint: 42900 ns, Total: 281100 ns
[2023-11-22T18:52:20.231+0000][11420][safepoint   ] Safepoint "Cleanup", Time since last: 1009040300 ns, Reaching safepoint: 348200 ns, At safepoint: 107000 ns, Total: 455200 ns
[2023-11-22T18:52:21.350+0000][11420][safepoint   ] Safepoint "ICBufferFull", Time since last: 1119368600 ns, Reaching safepoint: 321700 ns, At safepoint: 17600 ns, Total: 339300 ns
[2023-11-22T18:52:21.660+0000][11420][safepoint   ] Safepoint "ICBufferFull", Time since last: 307948700 ns, Reaching safepoint: 364600 ns, At safepoint: 183700 ns, Total: 548300 ns
[2023-11-22T18:52:22.664+0000][11420][safepoint   ] Safepoint "Cleanup", Time since last: 1004134700 ns, Reaching safepoint: 362900 ns, At safepoint: 26100 ns, Total: 389000 ns
[2023-11-22T18:52:23.681+0000][11420][safepoint   ] Safepoint "Cleanup", Time since last: 1016089500 ns, Reaching safepoint: 125400 ns, At safepoint: 17100 ns, Total: 142500 ns
[2023-11-22T18:52:24.691+0000][11420][safepoint   ] Safepoint "Cleanup", Time since last: 1010354500 ns, Reaching safepoint: 144800 ns, At safepoint: 19000 ns, Total: 163800 ns
[2023-11-22T18:52:25.693+0000][11420][safepoint   ] Safepoint "Cleanup", Time since last: 1001437800 ns, Reaching safepoint: 131700 ns, At safepoint: 18000 ns, Total: 149700 ns
[2023-11-22T18:52:27.713+0000][11420][safepoint   ] Safepoint "Cleanup", Time since last: 2020613100 ns, Reaching safepoint: 123600 ns, At safepoint: 34700 ns, Total: 158300 ns
[2023-11-22T18:52:28.727+0000][11420][safepoint   ] Safepoint "Cleanup", Time since last: 1013552200 ns, Reaching safepoint: 150000 ns, At safepoint: 18700 ns, Total: 168700 ns
[2023-11-22T18:52:29.732+0000][11420][safepoint   ] Safepoint "Cleanup", Time since last: 1004432100 ns, Reaching safepoint: 134900 ns, At safepoint: 12700 ns, Total: 147600 ns
[2023-11-22T18:52:30.740+0000][11420][safepoint   ] Safepoint "Cleanup", Time since last: 1008620800 ns, Reaching safepoint: 122700 ns, At safepoint: 12100 ns, Total: 134800 ns
[2023-11-22T18:52:31.744+0000][11420][safepoint   ] Safepoint "Cleanup", Time since last: 1003566500 ns, Reaching safepoint: 111800 ns, At safepoint: 17600 ns, Total: 129400 ns
[2023-11-22T18:52:33.756+0000][11420][safepoint   ] Safepoint "Cleanup", Time since last: 2011682800 ns, Reaching safepoint: 113500 ns, At safepoint: 14600 ns, Total: 128100 ns
[2023-11-22T18:52:34.756+0000][11420][safepoint   ] Safepoint "Cleanup", Time since last: 1000318700 ns, Reaching safepoint: 189800 ns, At safepoint: 21800 ns, Total: 211600 ns
[2023-11-22T18:52:35.763+0000][11420][safepoint   ] Safepoint "Cleanup", Time since last: 1006143700 ns, Reaching safepoint: 213600 ns, At safepoint: 27500 ns, Total: 241100 ns
[2023-11-22T18:52:36.779+0000][11420][safepoint   ] Safepoint "Cleanup", Time since last: 1016335300 ns, Reaching safepoint: 197900 ns, At safepoint: 9500 ns, Total: 207400 ns
[2023-11-22T18:52:37.780+0000][11420][safepoint   ] Safepoint "Cleanup", Time since last: 1000967300 ns, Reaching safepoint: 162500 ns, At safepoint: 27700 ns, Total: 190200 ns
[2023-11-22T18:52:39.805+0000][11420][safepoint   ] Safepoint "Cleanup", Time since last: 2023820600 ns, Reaching safepoint: 193300 ns, At safepoint: 39100 ns, Total: 232400 ns
[2023-11-22T18:52:40.806+0000][11420][safepoint   ] Safepoint "Cleanup", Time since last: 1000922400 ns, Reaching safepoint: 139900 ns, At safepoint: 16900 ns, Total: 156800 ns
[2023-11-22T18:52:41.813+0000][11420][safepoint   ] Safepoint "Cleanup", Time since last: 1007160900 ns, Reaching safepoint: 123800 ns, At safepoint: 12100 ns, Total: 135900 ns
[2023-11-22T18:52:42.825+0000][11420][safepoint   ] Safepoint "Cleanup", Time since last: 1012424300 ns, Reaching safepoint: 194800 ns, At safepoint: 14700 ns, Total: 209500 ns
[2023-11-22T18:52:45.412+0000][11420][safepoint   ] Safepoint "Cleanup", Time since last: 2600414400 ns, Reaching safepoint: 87700 ns, At safepoint: 23600 ns, Total: 111300 ns
[2023-11-22T18:52:47.425+0000][11420][safepoint   ] Safepoint "Cleanup", Time since last: 1998887400 ns, Reaching safepoint: 150900 ns, At safepoint: 17500 ns, Total: 168400 ns
[2023-11-22T18:52:48.428+0000][11420][safepoint   ] Safepoint "Cleanup", Time since last: 1002313700 ns, Reaching safepoint: 104600 ns, At safepoint: 17500 ns, Total: 122100 ns
[2023-11-22T18:52:51.450+0000][11420][safepoint   ] Safepoint "Cleanup", Time since last: 3021822600 ns, Reaching safepoint: 88100 ns, At safepoint: 53000 ns, Total: 141100 ns
[2023-11-22T18:52:52.465+0000][11420][safepoint   ] Safepoint "Cleanup", Time since last: 1014527100 ns, Reaching safepoint: 209000 ns, At safepoint: 64300 ns, Total: 273300 ns
[2023-11-22T18:52:54.477+0000][11420][safepoint   ] Safepoint "Cleanup", Time since last: 2012965700 ns, Reaching safepoint: 120400 ns, At safepoint: 19500 ns, Total: 139900 ns
[2023-11-22T18:52:57.512+0000][11420][safepoint   ] Safepoint "Cleanup", Time since last: 3034127400 ns, Reaching safepoint: 300200 ns, At safepoint: 28900 ns, Total: 329100 ns
[2023-11-22T18:52:58.513+0000][11420][safepoint   ] Safepoint "Cleanup", Time since last: 1000663800 ns, Reaching safepoint: 332100 ns, At safepoint: 22600 ns, Total: 354700 ns
[2023-11-22T18:52:59.527+0000][11420][safepoint   ] Safepoint "Cleanup", Time since last: 1013622600 ns, Reaching safepoint: 96500 ns, At safepoint: 27300 ns, Total: 123800 ns
[2023-11-22T18:53:00.532+0000][11420][safepoint   ] Safepoint "Cleanup", Time since last: 1005354600 ns, Reaching safepoint: 258000 ns, At safepoint: 28700 ns, Total: 286700 ns
[2023-11-22T18:53:01.538+0000][11420][safepoint   ] Safepoint "Cleanup", Time since last: 1005681500 ns, Reaching safepoint: 137100 ns, At safepoint: 53100 ns, Total: 190200 ns
[2023-11-22T18:53:03.043+0000][11420][safepoint   ] Safepoint "Cleanup", Time since last: 1504800900 ns, Reaching safepoint: 130100 ns, At safepoint: 15900 ns, Total: 146000 ns
[2023-11-22T18:53:04.046+0000][11420][safepoint   ] Safepoint "Cleanup", Time since last: 1002333700 ns, Reaching safepoint: 219300 ns, At safepoint: 13300 ns, Total: 232600 ns
[2023-11-22T18:53:05.061+0000][11420][safepoint   ] Safepoint "Cleanup", Time since last: 1014842100 ns, Reaching safepoint: 405400 ns, At safepoint: 17000 ns, Total: 422400 ns
[2023-11-22T18:53:06.077+0000][11420][safepoint   ] Safepoint "Cleanup", Time since last: 1015378500 ns, Reaching safepoint: 100800 ns, At safepoint: 16200 ns, Total: 117000 ns
[2023-11-22T18:53:07.077+0000][11420][safepoint   ] Safepoint "Cleanup", Time since last: 1000670200 ns, Reaching safepoint: 163100 ns, At safepoint: 22300 ns, Total: 185400 ns
[2023-11-22T18:53:08.092+0000][11420][safepoint   ] Safepoint "Cleanup", Time since last: 1014619400 ns, Reaching safepoint: 157700 ns, At safepoint: 44500 ns, Total: 202200 ns
[2023-11-22T18:53:10.107+0000][11420][safepoint   ] Safepoint "Cleanup", Time since last: 2014794100 ns, Reaching safepoint: 105100 ns, At safepoint: 29700 ns, Total: 134800 ns
[2023-11-22T18:53:11.108+0000][11420][safepoint   ] Safepoint "Cleanup", Time since last: 1001218700 ns, Reaching safepoint: 206700 ns, At safepoint: 21400 ns, Total: 228100 ns
[2023-11-22T18:53:12.117+0000][11420][safepoint   ] Safepoint "Cleanup", Time since last: 1008829500 ns, Reaching safepoint: 188200 ns, At safepoint: 27400 ns, Total: 215600 ns
[2023-11-22T18:53:13.124+0000][11420][safepoint   ] Safepoint "Cleanup", Time since last: 1006254000 ns, Reaching safepoint: 200400 ns, At safepoint: 30000 ns, Total: 230400 ns
[2023-11-22T18:53:16.126+0000][11420][safepoint   ] Safepoint "Cleanup", Time since last: 3001559400 ns, Reaching safepoint: 122500 ns, At safepoint: 21600 ns, Total: 144100 ns
[2023-11-22T18:53:18.142+0000][11420][safepoint   ] Safepoint "Cleanup", Time since last: 2016044900 ns, Reaching safepoint: 138600 ns, At safepoint: 12800 ns, Total: 151400 ns
[2023-11-22T18:53:19.160+0000][11420][safepoint   ] Safepoint "Cleanup", Time since last: 1017815900 ns, Reaching safepoint: 381000 ns, At safepoint: 21200 ns, Total: 402200 ns
[2023-11-22T18:53:22.192+0000][11420][safepoint   ] Safepoint "Cleanup", Time since last: 3031985400 ns, Reaching safepoint: 98700 ns, At safepoint: 12800 ns, Total: 111500 ns
[2023-11-22T18:53:23.203+0000][11420][safepoint   ] Safepoint "Cleanup", Time since last: 1010690100 ns, Reaching safepoint: 129800 ns, At safepoint: 17900 ns, Total: 147700 ns
[2023-11-22T18:53:24.208+0000][11420][safepoint   ] Safepoint "Cleanup", Time since last: 1004501100 ns, Reaching safepoint: 183700 ns, At safepoint: 18200 ns, Total: 201900 ns
[2023-11-22T18:53:25.209+0000][11420][safepoint   ] Safepoint "Cleanup", Time since last: 1000743200 ns, Reaching safepoint: 115500 ns, At safepoint: 13100 ns, Total: 128600 ns
[2023-11-22T18:53:26.220+0000][11420][safepoint   ] Safepoint "Cleanup", Time since last: 1011315100 ns, Reaching safepoint: 119700 ns, At safepoint: 17200 ns, Total: 136900 ns
[2023-11-22T18:53:28.241+0000][11420][safepoint   ] Safepoint "Cleanup", Time since last: 2020380400 ns, Reaching safepoint: 119700 ns, At safepoint: 21300 ns, Total: 141000 ns
[2023-11-22T18:53:29.255+0000][11420][safepoint   ] Safepoint "Cleanup", Time since last: 1014277300 ns, Reaching safepoint: 203800 ns, At safepoint: 46500 ns, Total: 250300 ns
[2023-11-22T18:53:30.271+0000][11420][safepoint   ] Safepoint "Cleanup", Time since last: 1015042700 ns, Reaching safepoint: 186000 ns, At safepoint: 16300 ns, Total: 202300 ns
[2023-11-22T18:53:34.307+0000][11420][safepoint   ] Safepoint "Cleanup", Time since last: 4036071400 ns, Reaching safepoint: 231800 ns, At safepoint: 12400 ns, Total: 244200 ns
[2023-11-22T18:53:36.307+0000][11420][safepoint   ] Safepoint "Cleanup", Time since last: 2000371300 ns, Reaching safepoint: 160200 ns, At safepoint: 25800 ns, Total: 186000 ns
[2023-11-22T18:53:37.320+0000][11420][safepoint   ] Safepoint "Cleanup", Time since last: 1012564400 ns, Reaching safepoint: 141800 ns, At safepoint: 32000 ns, Total: 173800 ns
[2023-11-22T18:53:38.323+0000][11420][safepoint   ] Safepoint "Cleanup", Time since last: 1002738500 ns, Reaching safepoint: 87200 ns, At safepoint: 19200 ns, Total: 106400 ns
[2023-11-22T18:53:39.331+0000][11420][safepoint   ] Safepoint "Cleanup", Time since last: 1007820800 ns, Reaching safepoint: 171900 ns, At safepoint: 27000 ns, Total: 198900 ns
[2023-11-22T18:53:40.339+0000][11420][safepoint   ] Safepoint "Cleanup", Time since last: 1008212600 ns, Reaching safepoint: 360400 ns, At safepoint: 31000 ns, Total: 391400 ns
[2023-11-22T18:53:41.343+0000][11420][safepoint   ] Safepoint "Cleanup", Time since last: 1003718300 ns, Reaching safepoint: 86400 ns, At safepoint: 95300 ns, Total: 181700 ns
[2023-11-22T18:53:43.356+0000][11420][safepoint   ] Safepoint "Cleanup", Time since last: 2012237400 ns, Reaching safepoint: 112600 ns, At safepoint: 15900 ns, Total: 128500 ns
[2023-11-22T18:53:46.389+0000][11420][safepoint   ] Safepoint "Cleanup", Time since last: 3032848800 ns, Reaching safepoint: 155900 ns, At safepoint: 16400 ns, Total: 172300 ns
[2023-11-22T18:53:47.397+0000][11420][safepoint   ] Safepoint "Cleanup", Time since last: 1007212800 ns, Reaching safepoint: 426000 ns, At safepoint: 28500 ns, Total: 454500 ns
[2023-11-22T18:53:48.406+0000][11420][safepoint   ] Safepoint "Cleanup", Time since last: 1009514100 ns, Reaching safepoint: 177300 ns, At safepoint: 84700 ns, Total: 262000 ns
[2023-11-22T18:53:51.429+0000][11420][safepoint   ] Safepoint "Cleanup", Time since last: 3022346000 ns, Reaching safepoint: 73200 ns, At safepoint: 9600 ns, Total: 82800 ns
[2023-11-22T18:53:52.430+0000][11420][safepoint   ] Safepoint "Cleanup", Time since last: 1001412800 ns, Reaching safepoint: 233800 ns, At safepoint: 14100 ns, Total: 247900 ns
[2023-11-22T18:53:53.443+0000][11420][safepoint   ] Safepoint "Cleanup", Time since last: 1012156600 ns, Reaching safepoint: 118900 ns, At safepoint: 12800 ns, Total: 131700 ns
[2023-11-22T18:53:54.451+0000][11420][safepoint   ] Safepoint "Cleanup", Time since last: 1008446700 ns, Reaching safepoint: 100100 ns, At safepoint: 11500 ns, Total: 111600 ns
[2023-11-22T18:53:55.456+0000][11420][safepoint   ] Safepoint "Cleanup", Time since last: 1004351300 ns, Reaching safepoint: 83700 ns, At safepoint: 19600 ns, Total: 103300 ns
[2023-11-22T18:53:58.474+0000][11420][safepoint   ] Safepoint "Cleanup", Time since last: 3018025200 ns, Reaching safepoint: 164900 ns, At safepoint: 32300 ns, Total: 197200 ns
[2023-11-22T18:54:00.492+0000][11420][safepoint   ] Safepoint "Cleanup", Time since last: 2018338800 ns, Reaching safepoint: 161900 ns, At safepoint: 21500 ns, Total: 183400 ns
[2023-11-22T18:54:01.498+0000][11420][safepoint   ] Safepoint "Cleanup", Time since last: 1005251600 ns, Reaching safepoint: 122400 ns, At safepoint: 14500 ns, Total: 136900 ns
[2023-11-22T18:54:03.514+0000][11420][safepoint   ] Safepoint "Cleanup", Time since last: 2016099900 ns, Reaching safepoint: 116300 ns, At safepoint: 14400 ns, Total: 130700 ns
[2023-11-22T18:54:04.523+0000][11420][safepoint   ] Safepoint "Cleanup", Time since last: 1008309300 ns, Reaching safepoint: 142400 ns, At safepoint: 17800 ns, Total: 160200 ns
[2023-11-22T18:54:05.536+0000][11420][safepoint   ] Safepoint "Cleanup", Time since last: 1013852300 ns, Reaching safepoint: 156700 ns, At safepoint: 11300 ns, Total: 168000 ns
[2023-11-22T18:54:06.551+0000][11420][safepoint   ] Safepoint "Cleanup", Time since last: 1013899600 ns, Reaching safepoint: 151700 ns, At safepoint: 14100 ns, Total: 165800 ns
[2023-11-22T18:54:08.556+0000][11420][safepoint   ] Safepoint "Cleanup", Time since last: 2005009900 ns, Reaching safepoint: 86300 ns, At safepoint: 21900 ns, Total: 108200 ns
[2023-11-22T18:54:09.563+0000][11420][safepoint   ] Safepoint "Cleanup", Time since last: 1006855400 ns, Reaching safepoint: 87400 ns, At safepoint: 18700 ns, Total: 106100 ns
[2023-11-22T18:54:10.566+0000][11420][safepoint   ] Safepoint "Cleanup", Time since last: 1003331300 ns, Reaching safepoint: 112200 ns, At safepoint: 15700 ns, Total: 127900 ns
[2023-11-22T18:54:11.569+0000][11420][safepoint   ] Safepoint "Cleanup", Time since last: 1002858000 ns, Reaching safepoint: 139100 ns, At safepoint: 14200 ns, Total: 153300 ns
[2023-11-22T18:54:12.573+0000][11420][safepoint   ] Safepoint "Cleanup", Time since last: 1003866400 ns, Reaching safepoint: 240900 ns, At safepoint: 15100 ns, Total: 256000 ns
[2023-11-22T18:54:13.579+0000][11420][safepoint   ] Safepoint "Cleanup", Time since last: 1005556400 ns, Reaching safepoint: 174000 ns, At safepoint: 28400 ns, Total: 202400 ns
[2023-11-22T18:54:15.591+0000][11420][safepoint   ] Safepoint "Cleanup", Time since last: 2011699100 ns, Reaching safepoint: 82000 ns, At safepoint: 6200 ns, Total: 88200 ns
[2023-11-22T18:54:16.601+0000][11420][safepoint   ] Safepoint "Cleanup", Time since last: 1010077600 ns, Reaching safepoint: 174200 ns, At safepoint: 20400 ns, Total: 194600 ns
[2023-11-22T18:54:17.603+0000][11420][safepoint   ] Safepoint "Cleanup", Time since last: 1001589700 ns, Reaching safepoint: 155800 ns, At safepoint: 30200 ns, Total: 186000 ns
[2023-11-22T18:54:18.619+0000][11420][safepoint   ] Safepoint "Cleanup", Time since last: 1016149200 ns, Reaching safepoint: 196700 ns, At safepoint: 46100 ns, Total: 242800 ns
[2023-11-22T18:54:21.645+0000][11420][safepoint   ] Safepoint "Cleanup", Time since last: 3025395600 ns, Reaching safepoint: 109300 ns, At safepoint: 16100 ns, Total: 125400 ns
[2023-11-22T18:54:22.647+0000][11420][safepoint   ] Safepoint "Cleanup", Time since last: 1002064500 ns, Reaching safepoint: 137100 ns, At safepoint: 19200 ns, Total: 156300 ns
[2023-11-22T18:54:24.670+0000][11420][safepoint   ] Safepoint "Cleanup", Time since last: 2023423900 ns, Reaching safepoint: 207500 ns, At safepoint: 28000 ns, Total: 235500 ns
[2023-11-22T18:54:27.698+0000][11420][safepoint   ] Safepoint "Cleanup", Time since last: 3027662600 ns, Reaching safepoint: 91800 ns, At safepoint: 14800 ns, Total: 106600 ns
[2023-11-22T18:54:28.715+0000][11420][safepoint   ] Safepoint "Cleanup", Time since last: 1016326800 ns, Reaching safepoint: 95900 ns, At safepoint: 21300 ns, Total: 117200 ns
[2023-11-22T18:54:30.724+0000][11420][safepoint   ] Safepoint "Cleanup", Time since last: 2009411300 ns, Reaching safepoint: 98800 ns, At safepoint: 5200 ns, Total: 104000 ns
[2023-11-22T18:54:33.748+0000][11420][safepoint   ] Safepoint "Cleanup", Time since last: 3023385800 ns, Reaching safepoint: 114200 ns, At safepoint: 72200 ns, Total: 186400 ns
[2023-11-22T18:54:34.760+0000][11420][safepoint   ] Safepoint "Cleanup", Time since last: 1011802700 ns, Reaching safepoint: 129400 ns, At safepoint: 22000 ns, Total: 151400 ns
[2023-11-22T18:54:35.766+0000][11420][safepoint   ] Safepoint "Cleanup", Time since last: 1005628200 ns, Reaching safepoint: 627100 ns, At safepoint: 14800 ns, Total: 641900 ns
[2023-11-22T18:54:36.768+0000][11420][safepoint   ] Safepoint "Cleanup", Time since last: 1001442300 ns, Reaching safepoint: 185200 ns, At safepoint: 25700 ns, Total: 210900 ns
[2023-11-22T18:54:37.779+0000][11420][safepoint   ] Safepoint "Cleanup", Time since last: 1011111900 ns, Reaching safepoint: 147800 ns, At safepoint: 17000 ns, Total: 164800 ns
[2023-11-22T18:54:38.784+0000][11420][safepoint   ] Safepoint "Cleanup", Time since last: 1005225300 ns, Reaching safepoint: 711300 ns, At safepoint: 19500 ns, Total: 730800 ns
[2023-11-22T18:54:39.802+0000][11420][safepoint   ] Safepoint "Cleanup", Time since last: 1016884900 ns, Reaching safepoint: 91300 ns, At safepoint: 6900 ns, Total: 98200 ns
[2023-11-22T18:54:40.802+0000][11420][safepoint   ] Safepoint "Cleanup", Time since last: 1000032600 ns, Reaching safepoint: 86000 ns, At safepoint: 10400 ns, Total: 96400 ns
[2023-11-22T18:54:43.831+0000][11420][safepoint   ] Safepoint "Cleanup", Time since last: 3028345000 ns, Reaching safepoint: 70200 ns, At safepoint: 5200 ns, Total: 75400 ns
[2023-11-22T18:54:45.848+0000][11420][safepoint   ] Safepoint "Cleanup", Time since last: 2016845500 ns, Reaching safepoint: 132800 ns, At safepoint: 10600 ns, Total: 143400 ns
[2023-11-22T18:54:46.853+0000][11420][safepoint   ] Safepoint "Cleanup", Time since last: 1005436500 ns, Reaching safepoint: 106300 ns, At safepoint: 12000 ns, Total: 118300 ns
[2023-11-22T18:54:47.857+0000][11420][safepoint   ] Safepoint "Cleanup", Time since last: 1003486400 ns, Reaching safepoint: 118300 ns, At safepoint: 39200 ns, Total: 157500 ns
[2023-11-22T18:54:48.860+0000][11420][safepoint   ] Safepoint "Cleanup", Time since last: 1003112900 ns, Reaching safepoint: 145300 ns, At safepoint: 15800 ns, Total: 161100 ns
[2023-11-22T18:54:51.885+0000][11420][safepoint   ] Safepoint "Cleanup", Time since last: 3025213700 ns, Reaching safepoint: 127500 ns, At safepoint: 11700 ns, Total: 139200 ns
[2023-11-22T18:54:52.898+0000][11420][safepoint   ] Safepoint "Cleanup", Time since last: 1012011400 ns, Reaching safepoint: 114200 ns, At safepoint: 18800 ns, Total: 133000 ns
[2023-11-22T18:54:53.914+0000][11420][safepoint   ] Safepoint "Cleanup", Time since last: 1016780900 ns, Reaching safepoint: 91800 ns, At safepoint: 11100 ns, Total: 102900 ns
[2023-11-22T18:54:54.927+0000][11420][safepoint   ] Safepoint "Cleanup", Time since last: 1012058200 ns, Reaching safepoint: 115800 ns, At safepoint: 17100 ns, Total: 132900 ns
[2023-11-22T18:54:55.929+0000][11420][safepoint   ] Safepoint "Cleanup", Time since last: 1002442600 ns, Reaching safepoint: 117100 ns, At safepoint: 13800 ns, Total: 130900 ns
[2023-11-22T18:54:56.942+0000][11420][safepoint   ] Safepoint "Cleanup", Time since last: 1012310700 ns, Reaching safepoint: 103700 ns, At safepoint: 14300 ns, Total: 118000 ns
[2023-11-22T18:54:57.949+0000][11420][safepoint   ] Safepoint "Cleanup", Time since last: 1007489100 ns, Reaching safepoint: 126500 ns, At safepoint: 19300 ns, Total: 145800 ns
[2023-11-22T18:55:03.992+0000][11420][safepoint   ] Safepoint "Cleanup", Time since last: 6042401000 ns, Reaching safepoint: 141700 ns, At safepoint: 15500 ns, Total: 157200 ns
[2023-11-22T18:55:05.011+0000][11420][safepoint   ] Safepoint "Cleanup", Time since last: 1018827600 ns, Reaching safepoint: 139100 ns, At safepoint: 93600 ns, Total: 232700 ns
[2023-11-22T18:55:07.654+0000][11420][safepoint   ] Safepoint "Cleanup", Time since last: 2642581300 ns, Reaching safepoint: 161700 ns, At safepoint: 21000 ns, Total: 182700 ns
[2023-11-22T18:55:09.677+0000][11420][safepoint   ] Safepoint "Cleanup", Time since last: 2023707500 ns, Reaching safepoint: 109800 ns, At safepoint: 21800 ns, Total: 131600 ns
[2023-11-22T18:55:10.686+0000][11420][safepoint   ] Safepoint "Cleanup", Time since last: 1007928200 ns, Reaching safepoint: 97500 ns, At safepoint: 56700 ns, Total: 154200 ns
[2023-11-22T18:55:11.695+0000][11420][safepoint   ] Safepoint "Cleanup", Time since last: 1009008300 ns, Reaching safepoint: 174900 ns, At safepoint: 22600 ns, Total: 197500 ns
[2023-11-22T18:55:12.701+0000][11420][safepoint   ] Safepoint "Cleanup", Time since last: 1006265000 ns, Reaching safepoint: 171500 ns, At safepoint: 20400 ns, Total: 191900 ns
[2023-11-22T18:55:15.734+0000][11420][safepoint   ] Safepoint "Cleanup", Time since last: 3032909400 ns, Reaching safepoint: 106100 ns, At safepoint: 64900 ns, Total: 171000 ns
[2023-11-22T18:55:16.736+0000][11420][safepoint   ] Safepoint "Cleanup", Time since last: 1001753700 ns, Reaching safepoint: 128500 ns, At safepoint: 76200 ns, Total: 204700 ns
[2023-11-22T18:55:17.738+0000][11420][safepoint   ] Safepoint "Cleanup", Time since last: 1001266900 ns, Reaching safepoint: 157500 ns, At safepoint: 34800 ns, Total: 192300 ns
[2023-11-22T18:55:18.750+0000][11420][safepoint   ] Safepoint "Cleanup", Time since last: 1012661300 ns, Reaching safepoint: 124000 ns, At safepoint: 20200 ns, Total: 144200 ns
[2023-11-22T18:55:21.774+0000][11420][safepoint   ] Safepoint "Cleanup", Time since last: 3023388200 ns, Reaching safepoint: 108300 ns, At safepoint: 34100 ns, Total: 142400 ns
[2023-11-22T18:55:22.778+0000][11420][safepoint   ] Safepoint "Cleanup", Time since last: 1004032300 ns, Reaching safepoint: 166600 ns, At safepoint: 64300 ns, Total: 230900 ns
[2023-11-22T18:55:27.826+0000][11420][safepoint   ] Safepoint "Cleanup", Time since last: 5047532200 ns, Reaching safepoint: 83600 ns, At safepoint: 44000 ns, Total: 127600 ns
[2023-11-22T18:55:28.845+0000][11420][safepoint   ] Safepoint "Cleanup", Time since last: 1019178900 ns, Reaching safepoint: 93600 ns, At safepoint: 19900 ns, Total: 113500 ns
[2023-11-22T18:55:29.862+0000][11420][safepoint   ] Safepoint "Cleanup", Time since last: 1016718200 ns, Reaching safepoint: 150200 ns, At safepoint: 43700 ns, Total: 193900 ns
[2023-11-22T18:55:33.888+0000][11420][safepoint   ] Safepoint "Cleanup", Time since last: 4025998700 ns, Reaching safepoint: 118200 ns, At safepoint: 55400 ns, Total: 173600 ns
[2023-11-22T18:55:34.894+0000][11420][safepoint   ] Safepoint "Cleanup", Time since last: 1005508000 ns, Reaching safepoint: 166100 ns, At safepoint: 21700 ns, Total: 187800 ns
[2023-11-22T18:55:36.911+0000][11420][safepoint   ] Safepoint "Cleanup", Time since last: 2016975400 ns, Reaching safepoint: 118200 ns, At safepoint: 31200 ns, Total: 149400 ns
[2023-11-22T18:55:39.929+0000][11420][safepoint   ] Safepoint "Cleanup", Time since last: 3017974100 ns, Reaching safepoint: 347900 ns, At safepoint: 32900 ns, Total: 380800 ns
[2023-11-22T18:55:40.938+0000][11420][safepoint   ] Safepoint "Cleanup", Time since last: 1008153500 ns, Reaching safepoint: 183900 ns, At safepoint: 50100 ns, Total: 234000 ns
[2023-11-22T18:55:41.942+0000][11420][safepoint   ] Safepoint "Cleanup", Time since last: 1003709100 ns, Reaching safepoint: 171300 ns, At safepoint: 85200 ns, Total: 256500 ns
[2023-11-22T18:55:42.950+0000][11420][safepoint   ] Safepoint "Cleanup", Time since last: 1007625900 ns, Reaching safepoint: 120100 ns, At safepoint: 20200 ns, Total: 140300 ns
[2023-11-22T18:55:43.975+0000][11420][safepoint   ] Safepoint "Cleanup", Time since last: 1025399700 ns, Reaching safepoint: 118100 ns, At safepoint: 81800 ns, Total: 199900 ns
[2023-11-22T18:55:45.994+0000][11420][safepoint   ] Safepoint "Cleanup", Time since last: 2018947000 ns, Reaching safepoint: 123000 ns, At safepoint: 26500 ns, Total: 149500 ns
[2023-11-22T18:55:47.010+0000][11420][safepoint   ] Safepoint "Cleanup", Time since last: 1015379600 ns, Reaching safepoint: 95900 ns, At safepoint: 27500 ns, Total: 123400 ns
[2023-11-22T18:55:52.051+0000][11420][safepoint   ] Safepoint "Cleanup", Time since last: 5040520800 ns, Reaching safepoint: 147500 ns, At safepoint: 55800 ns, Total: 203300 ns
[2023-11-22T18:55:53.055+0000][11420][safepoint   ] Safepoint "Cleanup", Time since last: 1003816200 ns, Reaching safepoint: 710100 ns, At safepoint: 41100 ns, Total: 751200 ns
[2023-11-22T18:55:55.067+0000][11420][safepoint   ] Safepoint "Cleanup", Time since last: 2011841400 ns, Reaching safepoint: 80500 ns, At safepoint: 26400 ns, Total: 106900 ns
[2023-11-22T18:55:58.093+0000][11420][safepoint   ] Safepoint "Cleanup", Time since last: 3026107300 ns, Reaching safepoint: 93900 ns, At safepoint: 42600 ns, Total: 136500 ns
[2023-11-22T18:55:59.099+0000][11420][safepoint   ] Safepoint "Cleanup", Time since last: 1005017700 ns, Reaching safepoint: 144300 ns, At safepoint: 23800 ns, Total: 168100 ns
[2023-11-22T18:56:01.120+0000][11420][safepoint   ] Safepoint "Cleanup", Time since last: 2020714700 ns, Reaching safepoint: 195900 ns, At safepoint: 52500 ns, Total: 248400 ns
[2023-11-22T18:56:04.139+0000][11420][safepoint   ] Safepoint "Cleanup", Time since last: 3018972500 ns, Reaching safepoint: 215500 ns, At safepoint: 89500 ns, Total: 305000 ns
[2023-11-22T18:56:05.139+0000][11420][safepoint   ] Safepoint "Cleanup", Time since last: 1000494500 ns, Reaching safepoint: 126100 ns, At safepoint: 24000 ns, Total: 150100 ns
[2023-11-22T18:56:06.152+0000][11420][safepoint   ] Safepoint "Cleanup", Time since last: 1012562700 ns, Reaching safepoint: 180000 ns, At safepoint: 79600 ns, Total: 259600 ns
[2023-11-22T18:56:07.158+0000][11420][safepoint   ] Safepoint "Cleanup", Time since last: 1005862400 ns, Reaching safepoint: 178100 ns, At safepoint: 90100 ns, Total: 268200 ns
[2023-11-22T18:56:10.193+0000][11420][safepoint   ] Safepoint "Cleanup", Time since last: 3035003500 ns, Reaching safepoint: 122000 ns, At safepoint: 11600 ns, Total: 133600 ns
[2023-11-22T18:56:11.200+0000][11420][safepoint   ] Safepoint "Cleanup", Time since last: 1006552700 ns, Reaching safepoint: 105800 ns, At safepoint: 93100 ns, Total: 198900 ns
[2023-11-22T18:56:12.208+0000][11420][safepoint   ] Safepoint "Cleanup", Time since last: 1008256500 ns, Reaching safepoint: 114300 ns, At safepoint: 15200 ns, Total: 129500 ns
[2023-11-22T18:56:16.236+0000][11420][safepoint   ] Safepoint "Cleanup", Time since last: 4027647700 ns, Reaching safepoint: 102300 ns, At safepoint: 20000 ns, Total: 122300 ns
[2023-11-22T18:56:19.270+0000][11420][safepoint   ] Safepoint "Cleanup", Time since last: 3033083700 ns, Reaching safepoint: 90600 ns, At safepoint: 38000 ns, Total: 128600 ns
[2023-11-22T18:56:22.297+0000][11420][safepoint   ] Safepoint "Cleanup", Time since last: 3027370700 ns, Reaching safepoint: 127400 ns, At safepoint: 33700 ns, Total: 161100 ns
[2023-11-22T18:56:25.342+0000][11420][safepoint   ] Safepoint "Cleanup", Time since last: 3044796500 ns, Reaching safepoint: 143200 ns, At safepoint: 24000 ns, Total: 167200 ns
[2023-11-22T18:56:26.356+0000][11420][safepoint   ] Safepoint "Cleanup", Time since last: 1013286400 ns, Reaching safepoint: 112300 ns, At safepoint: 27200 ns, Total: 139500 ns
[2023-11-22T18:56:28.365+0000][11420][safepoint   ] Safepoint "Cleanup", Time since last: 2008957600 ns, Reaching safepoint: 99200 ns, At safepoint: 50200 ns, Total: 149400 ns
[2023-11-22T18:56:29.368+0000][11420][safepoint   ] Safepoint "Cleanup", Time since last: 1003538400 ns, Reaching safepoint: 148700 ns, At safepoint: 69200 ns, Total: 217900 ns
[2023-11-22T18:56:31.390+0000][11420][safepoint   ] Safepoint "Cleanup", Time since last: 2021221000 ns, Reaching safepoint: 112700 ns, At safepoint: 34500 ns, Total: 147200 ns
[2023-11-22T18:56:33.405+0000][11420][safepoint   ] Safepoint "Cleanup", Time since last: 2015455700 ns, Reaching safepoint: 150800 ns, At safepoint: 16100 ns, Total: 166900 ns
[2023-11-22T18:56:34.406+0000][11420][safepoint   ] Safepoint "Cleanup", Time since last: 1000387100 ns, Reaching safepoint: 163600 ns, At safepoint: 13800 ns, Total: 177400 ns
[2023-11-22T18:56:35.423+0000][11420][safepoint   ] Safepoint "Cleanup", Time since last: 1016399300 ns, Reaching safepoint: 98800 ns, At safepoint: 61300 ns, Total: 160100 ns
[2023-11-22T18:56:39.459+0000][11420][safepoint   ] Safepoint "Cleanup", Time since last: 4036671900 ns, Reaching safepoint: 123200 ns, At safepoint: 37800 ns, Total: 161000 ns
[2023-11-22T18:56:40.471+0000][11420][safepoint   ] Safepoint "Cleanup", Time since last: 1012168100 ns, Reaching safepoint: 184200 ns, At safepoint: 106300 ns, Total: 290500 ns
[2023-11-22T18:56:41.487+0000][11420][safepoint   ] Safepoint "Cleanup", Time since last: 1014714700 ns, Reaching safepoint: 150800 ns, At safepoint: 82900 ns, Total: 233700 ns
[2023-11-22T18:56:43.508+0000][11420][safepoint   ] Safepoint "Cleanup", Time since last: 2021201500 ns, Reaching safepoint: 128500 ns, At safepoint: 71900 ns, Total: 200400 ns
[2023-11-22T18:56:44.524+0000][11420][safepoint   ] Safepoint "Cleanup", Time since last: 1015360500 ns, Reaching safepoint: 212200 ns, At safepoint: 76900 ns, Total: 289100 ns
[2023-11-22T18:56:46.540+0000][11420][safepoint   ] Safepoint "Cleanup", Time since last: 2015593500 ns, Reaching safepoint: 67900 ns, At safepoint: 44400 ns, Total: 112300 ns
[2023-11-22T18:56:47.554+0000][11420][safepoint   ] Safepoint "Cleanup", Time since last: 1014468100 ns, Reaching safepoint: 121100 ns, At safepoint: 61500 ns, Total: 182600 ns
[2023-11-22T18:56:55.620+0000][11420][safepoint   ] Safepoint "Cleanup", Time since last: 8065775600 ns, Reaching safepoint: 144200 ns, At safepoint: 103900 ns, Total: 248100 ns
[2023-11-22T18:56:58.637+0000][11420][safepoint   ] Safepoint "Cleanup", Time since last: 3016718900 ns, Reaching safepoint: 107700 ns, At safepoint: 83100 ns, Total: 190800 ns
[2023-11-22T18:56:59.653+0000][11420][safepoint   ] Safepoint "Cleanup", Time since last: 1015675300 ns, Reaching safepoint: 137600 ns, At safepoint: 79900 ns, Total: 217500 ns
[2023-11-22T18:57:01.679+0000][11420][safepoint   ] Safepoint "Cleanup", Time since last: 2025864500 ns, Reaching safepoint: 258600 ns, At safepoint: 74500 ns, Total: 333100 ns
[2023-11-22T18:57:04.310+0000][11420][safepoint   ] Safepoint "Cleanup", Time since last: 2631662100 ns, Reaching safepoint: 51200 ns, At safepoint: 14200 ns, Total: 65400 ns
[2023-11-22T18:57:05.318+0000][11420][safepoint   ] Safepoint "Cleanup", Time since last: 1006844800 ns, Reaching safepoint: 300100 ns, At safepoint: 71200 ns, Total: 371300 ns
[2023-11-22T18:57:07.362+0000][11420][safepoint   ] Safepoint "Cleanup", Time since last: 2043360900 ns, Reaching safepoint: 206100 ns, At safepoint: 23900 ns, Total: 230000 ns
[2023-11-22T18:57:10.390+0000][11420][safepoint   ] Safepoint "Cleanup", Time since last: 3027828000 ns, Reaching safepoint: 148400 ns, At safepoint: 23300 ns, Total: 171700 ns
[2023-11-22T18:57:11.402+0000][11420][safepoint   ] Safepoint "Cleanup", Time since last: 1011785600 ns, Reaching safepoint: 118700 ns, At safepoint: 16800 ns, Total: 135500 ns
[2023-11-22T18:57:14.420+0000][11420][safepoint   ] Safepoint "Cleanup", Time since last: 3018086700 ns, Reaching safepoint: 167700 ns, At safepoint: 26000 ns, Total: 193700 ns
[2023-11-22T18:57:16.435+0000][11420][safepoint   ] Safepoint "Cleanup", Time since last: 2014451200 ns, Reaching safepoint: 101800 ns, At safepoint: 14100 ns, Total: 115900 ns
[2023-11-22T18:57:17.447+0000][11420][safepoint   ] Safepoint "Cleanup", Time since last: 1012317500 ns, Reaching safepoint: 89300 ns, At safepoint: 15800 ns, Total: 105100 ns
[2023-11-22T18:57:18.451+0000][11420][safepoint   ] Safepoint "Cleanup", Time since last: 1004391300 ns, Reaching safepoint: 93700 ns, At safepoint: 57600 ns, Total: 151300 ns
[2023-11-22T18:57:19.467+0000][11420][safepoint   ] Safepoint "Cleanup", Time since last: 1015234300 ns, Reaching safepoint: 182800 ns, At safepoint: 19300 ns, Total: 202100 ns
[2023-11-22T18:57:22.484+0000][11420][safepoint   ] Safepoint "Cleanup", Time since last: 3017237400 ns, Reaching safepoint: 138400 ns, At safepoint: 20100 ns, Total: 158500 ns
[2023-11-22T18:57:23.494+0000][11420][safepoint   ] Safepoint "Cleanup", Time since last: 1009231800 ns, Reaching safepoint: 97100 ns, At safepoint: 17400 ns, Total: 114500 ns
[2023-11-22T18:57:26.518+0000][11420][safepoint   ] Safepoint "Cleanup", Time since last: 3023577300 ns, Reaching safepoint: 162400 ns, At safepoint: 11500 ns, Total: 173900 ns
[2023-11-22T18:57:28.553+0000][11420][safepoint   ] Safepoint "Cleanup", Time since last: 2036434100 ns, Reaching safepoint: 123900 ns, At safepoint: 9600 ns, Total: 133500 ns
[2023-11-22T18:57:30.568+0000][11420][safepoint   ] Safepoint "Cleanup", Time since last: 2013867600 ns, Reaching safepoint: 115200 ns, At safepoint: 22800 ns, Total: 138000 ns
[2023-11-22T18:57:34.599+0000][11420][safepoint   ] Safepoint "Cleanup", Time since last: 4031325200 ns, Reaching safepoint: 115300 ns, At safepoint: 25400 ns, Total: 140700 ns
[2023-11-22T18:57:37.607+0000][11420][safepoint   ] Safepoint "Cleanup", Time since last: 3007452400 ns, Reaching safepoint: 113600 ns, At safepoint: 22500 ns, Total: 136100 ns
[2023-11-22T18:57:40.649+0000][11420][safepoint   ] Safepoint "Cleanup", Time since last: 3041988700 ns, Reaching safepoint: 215200 ns, At safepoint: 15400 ns, Total: 230600 ns
[2023-11-22T18:57:41.659+0000][11420][safepoint   ] Safepoint "Cleanup", Time since last: 1009793400 ns, Reaching safepoint: 77500 ns, At safepoint: 13400 ns, Total: 90900 ns
[2023-11-22T18:57:43.674+0000][11420][safepoint   ] Safepoint "Cleanup", Time since last: 2014705200 ns, Reaching safepoint: 186100 ns, At safepoint: 9900 ns, Total: 196000 ns
[2023-11-22T18:57:46.695+0000][11420][safepoint   ] Safepoint "Cleanup", Time since last: 3021171600 ns, Reaching safepoint: 184400 ns, At safepoint: 25100 ns, Total: 209500 ns
[2023-11-22T18:57:49.712+0000][11420][safepoint   ] Safepoint "Cleanup", Time since last: 3016343200 ns, Reaching safepoint: 229000 ns, At safepoint: 31200 ns, Total: 260200 ns
[2023-11-22T18:57:52.734+0000][11420][safepoint   ] Safepoint "Cleanup", Time since last: 3021593200 ns, Reaching safepoint: 102600 ns, At safepoint: 5200 ns, Total: 107800 ns
[2023-11-22T18:57:53.735+0000][11420][safepoint   ] Safepoint "Cleanup", Time since last: 1001424500 ns, Reaching safepoint: 113900 ns, At safepoint: 15900 ns, Total: 129800 ns
[2023-11-22T18:57:55.757+0000][11420][safepoint   ] Safepoint "Cleanup", Time since last: 2021859500 ns, Reaching safepoint: 52000 ns, At safepoint: 7300 ns, Total: 59300 ns
[2023-11-22T18:57:58.778+0000][11420][safepoint   ] Safepoint "Cleanup", Time since last: 3020725800 ns, Reaching safepoint: 168500 ns, At safepoint: 18900 ns, Total: 187400 ns
[2023-11-22T18:58:04.817+0000][11420][safepoint   ] Safepoint "Cleanup", Time since last: 6038140800 ns, Reaching safepoint: 168300 ns, At safepoint: 20800 ns, Total: 189100 ns
[2023-11-22T18:58:08.846+0000][11420][safepoint   ] Safepoint "Cleanup", Time since last: 4029390800 ns, Reaching safepoint: 183400 ns, At safepoint: 24400 ns, Total: 207800 ns
[2023-11-22T18:58:10.869+0000][11420][safepoint   ] Safepoint "Cleanup", Time since last: 2023107100 ns, Reaching safepoint: 166200 ns, At safepoint: 13400 ns, Total: 179600 ns
[2023-11-22T18:58:11.879+0000][11420][safepoint   ] Safepoint "Cleanup", Time since last: 1009728200 ns, Reaching safepoint: 135700 ns, At safepoint: 19000 ns, Total: 154700 ns
[2023-11-22T18:58:16.915+0000][11420][safepoint   ] Safepoint "Cleanup", Time since last: 5036026800 ns, Reaching safepoint: 141800 ns, At safepoint: 13700 ns, Total: 155500 ns
[2023-11-22T18:58:18.931+0000][11420][safepoint   ] Safepoint "Cleanup", Time since last: 2015144200 ns, Reaching safepoint: 90600 ns, At safepoint: 15200 ns, Total: 105800 ns
[2023-11-22T18:58:22.963+0000][11420][safepoint   ] Safepoint "Cleanup", Time since last: 4032468700 ns, Reaching safepoint: 146300 ns, At safepoint: 16800 ns, Total: 163100 ns
[2023-11-22T18:58:29.009+0000][11420][safepoint   ] Safepoint "Cleanup", Time since last: 6046072100 ns, Reaching safepoint: 127500 ns, At safepoint: 24200 ns, Total: 151700 ns
[2023-11-22T18:58:30.021+0000][11420][safepoint   ] Safepoint "Cleanup", Time since last: 1011187900 ns, Reaching safepoint: 181700 ns, At safepoint: 52900 ns, Total: 234600 ns
[2023-11-22T18:58:31.029+0000][11420][safepoint   ] Safepoint "Cleanup", Time since last: 1007552000 ns, Reaching safepoint: 146100 ns, At safepoint: 91400 ns, Total: 237500 ns
[2023-11-22T18:58:32.041+0000][11420][safepoint   ] Safepoint "Cleanup", Time since last: 1012382700 ns, Reaching safepoint: 170800 ns, At safepoint: 14500 ns, Total: 185300 ns
[2023-11-22T18:58:35.055+0000][11420][safepoint   ] Safepoint "Cleanup", Time since last: 3013535200 ns, Reaching safepoint: 98800 ns, At safepoint: 10200 ns, Total: 109000 ns
[2023-11-22T18:58:39.087+0000][11420][safepoint   ] Safepoint "Cleanup", Time since last: 4031781800 ns, Reaching safepoint: 158200 ns, At safepoint: 18800 ns, Total: 177000 ns
[2023-11-22T18:58:53.192+0000][11420][safepoint   ] Safepoint "Cleanup", Time since last: 14104817200 ns, Reaching safepoint: 229100 ns, At safepoint: 51600 ns, Total: 280700 ns
[2023-11-22T18:58:54.209+0000][11420][safepoint   ] Safepoint "Cleanup", Time since last: 1016385500 ns, Reaching safepoint: 197100 ns, At safepoint: 66300 ns, Total: 263400 ns
[2023-11-22T18:58:58.226+0000][11420][safepoint   ] Safepoint "Cleanup", Time since last: 4016863400 ns, Reaching safepoint: 212300 ns, At safepoint: 20600 ns, Total: 232900 ns
[2023-11-22T18:58:59.240+0000][11420][safepoint   ] Safepoint "Cleanup", Time since last: 1014248200 ns, Reaching safepoint: 110400 ns, At safepoint: 15800 ns, Total: 126200 ns
[2023-11-22T18:59:01.270+0000][11420][safepoint   ] Safepoint "Cleanup", Time since last: 2029422900 ns, Reaching safepoint: 213000 ns, At safepoint: 24500 ns, Total: 237500 ns
[2023-11-22T18:59:04.305+0000][11420][safepoint   ] Safepoint "Cleanup", Time since last: 3035114000 ns, Reaching safepoint: 234000 ns, At safepoint: 42600 ns, Total: 276600 ns
[2023-11-22T18:59:05.317+0000][11420][safepoint   ] Safepoint "Cleanup", Time since last: 1011304200 ns, Reaching safepoint: 147900 ns, At safepoint: 23500 ns, Total: 171400 ns
[2023-11-22T18:59:07.324+0000][11420][safepoint   ] Safepoint "Cleanup", Time since last: 2006642300 ns, Reaching safepoint: 174800 ns, At safepoint: 32300 ns, Total: 207100 ns
[2023-11-22T18:59:08.339+0000][11420][safepoint   ] Safepoint "Cleanup", Time since last: 1015405800 ns, Reaching safepoint: 131200 ns, At safepoint: 23900 ns, Total: 155100 ns
[2023-11-22T18:59:10.354+0000][11420][safepoint   ] Safepoint "Cleanup", Time since last: 2014372300 ns, Reaching safepoint: 101400 ns, At safepoint: 57300 ns, Total: 158700 ns
[2023-11-22T18:59:11.366+0000][11420][safepoint   ] Safepoint "Cleanup", Time since last: 1012531600 ns, Reaching safepoint: 158800 ns, At safepoint: 33300 ns, Total: 192100 ns
[2023-11-22T18:59:12.367+0000][11420][safepoint   ] Safepoint "Cleanup", Time since last: 1000185500 ns, Reaching safepoint: 111300 ns, At safepoint: 14400 ns, Total: 125700 ns
[2023-11-22T18:59:16.400+0000][11420][safepoint   ] Safepoint "Cleanup", Time since last: 4032629900 ns, Reaching safepoint: 145700 ns, At safepoint: 15800 ns, Total: 161500 ns
[2023-11-22T18:59:17.668+0000][11420][safepoint   ] Safepoint "Cleanup", Time since last: 1268214100 ns, Reaching safepoint: 166000 ns, At safepoint: 54800 ns, Total: 220800 ns
[2023-11-22T18:59:18.673+0000][11420][safepoint   ] Safepoint "Cleanup", Time since last: 1004863300 ns, Reaching safepoint: 415800 ns, At safepoint: 28700 ns, Total: 444500 ns
[2023-11-22T18:59:19.687+0000][11420][safepoint   ] Safepoint "Cleanup", Time since last: 1013533000 ns, Reaching safepoint: 125300 ns, At safepoint: 21900 ns, Total: 147200 ns
[2023-11-22T18:59:20.691+0000][11420][safepoint   ] Safepoint "Cleanup", Time since last: 1003757600 ns, Reaching safepoint: 69500 ns, At safepoint: 8900 ns, Total: 78400 ns
[2023-11-22T18:59:22.720+0000][11420][safepoint   ] Safepoint "Cleanup", Time since last: 2029478000 ns, Reaching safepoint: 150800 ns, At safepoint: 15900 ns, Total: 166700 ns
[2023-11-22T18:59:26.758+0000][11420][safepoint   ] Safepoint "Cleanup", Time since last: 4037835800 ns, Reaching safepoint: 203400 ns, At safepoint: 18500 ns, Total: 221900 ns
[2023-11-22T18:59:28.781+0000][11420][safepoint   ] Safepoint "Cleanup", Time since last: 2022648200 ns, Reaching safepoint: 126300 ns, At safepoint: 11700 ns, Total: 138000 ns
[2023-11-22T18:59:36.842+0000][11420][safepoint   ] Safepoint "Cleanup", Time since last: 8060821400 ns, Reaching safepoint: 120200 ns, At safepoint: 13200 ns, Total: 133400 ns
[2023-11-22T18:59:40.889+0000][11420][safepoint   ] Safepoint "Cleanup", Time since last: 4046457600 ns, Reaching safepoint: 311500 ns, At safepoint: 21500 ns, Total: 333000 ns
[2023-11-22T18:59:41.890+0000][11420][safepoint   ] Safepoint "Cleanup", Time since last: 1000474900 ns, Reaching safepoint: 116400 ns, At safepoint: 13300 ns, Total: 129700 ns
[2023-11-22T18:59:46.931+0000][11420][safepoint   ] Safepoint "Cleanup", Time since last: 5041907800 ns, Reaching safepoint: 211900 ns, At safepoint: 21300 ns, Total: 233200 ns
[2023-11-22T18:59:49.969+0000][11420][safepoint   ] Safepoint "Cleanup", Time since last: 3037286300 ns, Reaching safepoint: 188000 ns, At safepoint: 23300 ns, Total: 211300 ns
[2023-11-22T18:59:51.985+0000][11420][safepoint   ] Safepoint "Cleanup", Time since last: 2015420500 ns, Reaching safepoint: 169500 ns, At safepoint: 15500 ns, Total: 185000 ns
[2023-11-22T18:59:52.993+0000][11420][safepoint   ] Safepoint "Cleanup", Time since last: 1007821500 ns, Reaching safepoint: 124200 ns, At safepoint: 11700 ns, Total: 135900 ns
[2023-11-22T18:59:55.008+0000][11420][safepoint   ] Safepoint "Cleanup", Time since last: 2015442400 ns, Reaching safepoint: 202700 ns, At safepoint: 15400 ns, Total: 218100 ns
[2023-11-22T18:59:56.016+0000][11420][safepoint   ] Safepoint "Cleanup", Time since last: 1007560100 ns, Reaching safepoint: 150100 ns, At safepoint: 12700 ns, Total: 162800 ns
[2023-11-22T18:59:59.028+0000][11420][safepoint   ] Safepoint "Cleanup", Time since last: 3011476100 ns, Reaching safepoint: 124100 ns, At safepoint: 20000 ns, Total: 144100 ns
[2023-11-22T19:00:00.036+0000][11420][safepoint   ] Safepoint "Cleanup", Time since last: 1008282800 ns, Reaching safepoint: 135200 ns, At safepoint: 14600 ns, Total: 149800 ns
[2023-11-22T19:00:05.070+0000][11420][safepoint   ] Safepoint "Cleanup", Time since last: 5033527100 ns, Reaching safepoint: 203700 ns, At safepoint: 61900 ns, Total: 265600 ns
[2023-11-22T19:00:08.103+0000][11420][safepoint   ] Safepoint "Cleanup", Time since last: 3032736900 ns, Reaching safepoint: 104200 ns, At safepoint: 13900 ns, Total: 118100 ns
[2023-11-22T19:00:11.135+0000][11420][safepoint   ] Safepoint "Cleanup", Time since last: 3032069800 ns, Reaching safepoint: 133100 ns, At safepoint: 16700 ns, Total: 149800 ns
[2023-11-22T19:00:12.136+0000][11420][safepoint   ] Safepoint "Cleanup", Time since last: 1000282300 ns, Reaching safepoint: 208500 ns, At safepoint: 70700 ns, Total: 279200 ns
[2023-11-22T19:00:17.190+0000][11420][safepoint   ] Safepoint "Cleanup", Time since last: 5053889300 ns, Reaching safepoint: 150400 ns, At safepoint: 41500 ns, Total: 191900 ns
[2023-11-22T19:00:20.238+0000][11420][safepoint   ] Safepoint "Cleanup", Time since last: 3048139800 ns, Reaching safepoint: 92900 ns, At safepoint: 24000 ns, Total: 116900 ns
[2023-11-22T19:00:23.267+0000][11420][safepoint   ] Safepoint "Cleanup", Time since last: 3028775600 ns, Reaching safepoint: 108600 ns, At safepoint: 14300 ns, Total: 122900 ns
[2023-11-22T19:00:24.285+0000][11420][safepoint   ] Safepoint "Cleanup", Time since last: 1018221300 ns, Reaching safepoint: 200800 ns, At safepoint: 33000 ns, Total: 233800 ns
[2023-11-22T19:00:29.332+0000][11420][safepoint   ] Safepoint "Cleanup", Time since last: 5046352500 ns, Reaching safepoint: 173000 ns, At safepoint: 27900 ns, Total: 200900 ns
[2023-11-22T19:00:30.030+0000][11420][gc,start    ] GC(14) Pause Young (Normal) (G1 Evacuation Pause)
[2023-11-22T19:00:30.030+0000][11420][gc,task     ] GC(14) Using 8 workers of 8 for evacuation
[2023-11-22T19:00:30.030+0000][11420][gc,age      ] GC(14) Desired survivor size 159383552 bytes, new threshold 15 (max threshold 15)
[2023-11-22T19:00:30.183+0000][11420][gc,phases   ] GC(14)   Pre Evacuate Collection Set: 2.8ms
[2023-11-22T19:00:30.183+0000][11420][gc,phases   ] GC(14)   Merge Heap Roots: 0.5ms
[2023-11-22T19:00:30.183+0000][11420][gc,phases   ] GC(14)   Evacuate Collection Set: 130.7ms
[2023-11-22T19:00:30.183+0000][11420][gc,phases   ] GC(14)   Post Evacuate Collection Set: 19.2ms
[2023-11-22T19:00:30.183+0000][11420][gc,phases   ] GC(14)   Other: 0.5ms
[2023-11-22T19:00:30.183+0000][11420][gc,age      ] GC(14) Age table with threshold 15 (max threshold 15)
[2023-11-22T19:00:30.183+0000][11420][gc,age      ] GC(14) - age   1:    9421808 bytes,    9421808 total
[2023-11-22T19:00:30.183+0000][11420][gc,age      ] GC(14) - age   2:   22846488 bytes,   32268296 total
[2023-11-22T19:00:30.183+0000][11420][gc,age      ] GC(14) - age   3:   11522736 bytes,   43791032 total
[2023-11-22T19:00:30.183+0000][11420][gc,age      ] GC(14) - age   4:   17476536 bytes,   61267568 total
[2023-11-22T19:00:30.183+0000][11420][gc,age      ] GC(14) - age   5:   17243624 bytes,   78511192 total
[2023-11-22T19:00:30.183+0000][11420][gc,heap     ] GC(14) Eden regions: 585->0(180)
[2023-11-22T19:00:30.183+0000][11420][gc,heap     ] GC(14) Survivor regions: 21->22(76)
[2023-11-22T19:00:30.183+0000][11420][gc,heap     ] GC(14) Old regions: 13->13
[2023-11-22T19:00:30.183+0000][11420][gc,heap     ] GC(14) Archive regions: 0->0
[2023-11-22T19:00:30.183+0000][11420][gc,heap     ] GC(14) Humongous regions: 2->2
[2023-11-22T19:00:30.187+0000][11420][gc,metaspace] GC(14) Metaspace: 137510K(141120K)->137510K(141120K) NonClass: 119177K(121088K)->119177K(121088K) Class: 18333K(20032K)->18333K(20032K)
[2023-11-22T19:00:30.187+0000][11420][gc          ] GC(14) Pause Young (Normal) (G1 Evacuation Pause) 2482M->145M(4040M) 161.152ms
[2023-11-22T19:00:30.187+0000][11420][gc,cpu      ] GC(14) User=0.22s Sys=0.83s Real=0.16s
[2023-11-22T19:00:30.187+0000][11420][safepoint   ] Safepoint "G1CollectForAllocation", Time since last: 697833100 ns, Reaching safepoint: 172900 ns, At safepoint: 161257200 ns, Total: 161430100 ns
[2023-11-22T19:00:31.194+0000][11420][safepoint   ] Safepoint "Cleanup", Time since last: 1003127800 ns, Reaching safepoint: 667000 ns, At safepoint: 10300 ns, Total: 677300 ns
[2023-11-22T19:00:32.200+0000][11420][safepoint   ] Safepoint "Cleanup", Time since last: 1005136100 ns, Reaching safepoint: 149000 ns, At safepoint: 13700 ns, Total: 162700 ns
[2023-11-22T19:00:35.224+0000][11420][safepoint   ] Safepoint "Cleanup", Time since last: 3023204900 ns, Reaching safepoint: 76900 ns, At safepoint: 58500 ns, Total: 135400 ns
[2023-11-22T19:00:36.232+0000][11420][safepoint   ] Safepoint "Cleanup", Time since last: 1008616500 ns, Reaching safepoint: 106900 ns, At safepoint: 8900 ns, Total: 115800 ns
[2023-11-22T19:00:41.263+0000][11420][safepoint   ] Safepoint "Cleanup", Time since last: 5030604800 ns, Reaching safepoint: 126000 ns, At safepoint: 12900 ns, Total: 138900 ns
[2023-11-22T19:00:44.289+0000][11420][safepoint   ] Safepoint "Cleanup", Time since last: 3025764400 ns, Reaching safepoint: 58700 ns, At safepoint: 9200 ns, Total: 67900 ns
[2023-11-22T19:00:56.399+0000][11420][safepoint   ] Safepoint "Cleanup", Time since last: 12109390300 ns, Reaching safepoint: 153200 ns, At safepoint: 8500 ns, Total: 161700 ns
[2023-11-22T19:01:02.469+0000][11420][safepoint   ] Safepoint "Cleanup", Time since last: 6070310100 ns, Reaching safepoint: 134100 ns, At safepoint: 10000 ns, Total: 144100 ns
[2023-11-22T19:01:04.498+0000][11420][safepoint   ] Safepoint "Cleanup", Time since last: 2029582700 ns, Reaching safepoint: 112000 ns, At safepoint: 22400 ns, Total: 134400 ns
[2023-11-22T19:01:05.504+0000][11420][safepoint   ] Safepoint "Cleanup", Time since last: 1005770200 ns, Reaching safepoint: 134600 ns, At safepoint: 50400 ns, Total: 185000 ns
[2023-11-22T19:01:07.528+0000][11420][safepoint   ] Safepoint "Cleanup", Time since last: 2023404100 ns, Reaching safepoint: 71600 ns, At safepoint: 42300 ns, Total: 113900 ns
[2023-11-22T19:01:08.537+0000][11420][safepoint   ] Safepoint "Cleanup", Time since last: 1008823200 ns, Reaching safepoint: 112700 ns, At safepoint: 15100 ns, Total: 127800 ns
[2023-11-22T19:01:10.549+0000][11420][safepoint   ] Safepoint "Cleanup", Time since last: 2012239200 ns, Reaching safepoint: 152200 ns, At safepoint: 12400 ns, Total: 164600 ns
[2023-11-22T19:01:11.569+0000][11420][safepoint   ] Safepoint "Cleanup", Time since last: 1019095400 ns, Reaching safepoint: 171500 ns, At safepoint: 18100 ns, Total: 189600 ns
[2023-11-22T19:01:17.611+0000][11420][safepoint   ] Safepoint "Cleanup", Time since last: 6042036200 ns, Reaching safepoint: 128800 ns, At safepoint: 10000 ns, Total: 138800 ns
[2023-11-22T19:01:25.685+0000][11420][safepoint   ] Safepoint "Cleanup", Time since last: 8073797800 ns, Reaching safepoint: 73000 ns, At safepoint: 7900 ns, Total: 80900 ns
[2023-11-22T19:01:26.690+0000][11420][safepoint   ] Safepoint "Cleanup", Time since last: 1005373300 ns, Reaching safepoint: 77000 ns, At safepoint: 5000 ns, Total: 82000 ns
[2023-11-22T19:01:28.707+0000][11420][safepoint   ] Safepoint "Cleanup", Time since last: 2016498900 ns, Reaching safepoint: 80100 ns, At safepoint: 8600 ns, Total: 88700 ns
[2023-11-22T19:01:29.707+0000][11420][safepoint   ] Safepoint "Cleanup", Time since last: 1000319900 ns, Reaching safepoint: 703600 ns, At safepoint: 11900 ns, Total: 715500 ns
[2023-11-22T19:01:31.724+0000][11420][safepoint   ] Safepoint "Cleanup", Time since last: 2016029900 ns, Reaching safepoint: 98100 ns, At safepoint: 15300 ns, Total: 113400 ns
[2023-11-22T19:01:34.765+0000][11420][safepoint   ] Safepoint "Cleanup", Time since last: 3041176500 ns, Reaching safepoint: 210400 ns, At safepoint: 15700 ns, Total: 226100 ns
[2023-11-22T19:01:35.776+0000][11420][safepoint   ] Safepoint "Cleanup", Time since last: 1010488500 ns, Reaching safepoint: 126400 ns, At safepoint: 14300 ns, Total: 140700 ns
[2023-11-22T19:01:37.808+0000][11420][safepoint   ] Safepoint "Cleanup", Time since last: 2031545200 ns, Reaching safepoint: 173700 ns, At safepoint: 23700 ns, Total: 197400 ns
[2023-11-22T19:01:39.826+0000][11420][safepoint   ] Safepoint "Cleanup", Time since last: 2017842700 ns, Reaching safepoint: 204700 ns, At safepoint: 19600 ns, Total: 224300 ns
[2023-11-22T19:01:40.841+0000][11420][safepoint   ] Safepoint "Cleanup", Time since last: 1015038600 ns, Reaching safepoint: 85000 ns, At safepoint: 13600 ns, Total: 98600 ns
[2023-11-22T19:01:48.925+0000][11420][safepoint   ] Safepoint "Cleanup", Time since last: 8083940600 ns, Reaching safepoint: 196900 ns, At safepoint: 12500 ns, Total: 209400 ns
[2023-11-22T19:01:52.964+0000][11420][safepoint   ] Safepoint "Cleanup", Time since last: 4039144600 ns, Reaching safepoint: 54100 ns, At safepoint: 8500 ns, Total: 62600 ns
[2023-11-22T19:01:58.999+0000][11420][safepoint   ] Safepoint "Cleanup", Time since last: 6034669100 ns, Reaching safepoint: 108200 ns, At safepoint: 225600 ns, Total: 333800 ns
[2023-11-22T19:02:00.008+0000][11420][safepoint   ] Safepoint "Cleanup", Time since last: 1008851500 ns, Reaching safepoint: 275600 ns, At safepoint: 54700 ns, Total: 330300 ns
[2023-11-22T19:02:01.024+0000][11420][safepoint   ] Safepoint "Cleanup", Time since last: 1015211000 ns, Reaching safepoint: 119900 ns, At safepoint: 14400 ns, Total: 134300 ns
[2023-11-22T19:02:02.047+0000][11420][safepoint   ] Safepoint "Cleanup", Time since last: 1023197700 ns, Reaching safepoint: 324300 ns, At safepoint: 18000 ns, Total: 342300 ns
[2023-11-22T19:02:05.073+0000][11420][safepoint   ] Safepoint "Cleanup", Time since last: 3025934900 ns, Reaching safepoint: 752200 ns, At safepoint: 13900 ns, Total: 766100 ns
[2023-11-22T19:02:10.122+0000][11420][safepoint   ] Safepoint "Cleanup", Time since last: 5047946300 ns, Reaching safepoint: 88700 ns, At safepoint: 17500 ns, Total: 106200 ns
[2023-11-22T19:02:11.124+0000][11420][safepoint   ] Safepoint "Cleanup", Time since last: 1001614500 ns, Reaching safepoint: 260600 ns, At safepoint: 10200 ns, Total: 270800 ns
[2023-11-22T19:02:12.128+0000][11420][safepoint   ] Safepoint "Cleanup", Time since last: 1003399800 ns, Reaching safepoint: 66200 ns, At safepoint: 5200 ns, Total: 71400 ns
[2023-11-22T19:02:23.221+0000][11420][safepoint   ] Safepoint "Cleanup", Time since last: 11093353400 ns, Reaching safepoint: 160600 ns, At safepoint: 21100 ns, Total: 181700 ns
[2023-11-22T19:02:26.253+0000][11420][safepoint   ] Safepoint "Cleanup", Time since last: 3031459500 ns, Reaching safepoint: 126800 ns, At safepoint: 13500 ns, Total: 140300 ns
[2023-11-22T19:02:30.288+0000][11420][safepoint   ] Safepoint "Cleanup", Time since last: 4035053400 ns, Reaching safepoint: 179000 ns, At safepoint: 22700 ns, Total: 201700 ns
[2023-11-22T19:02:35.332+0000][11420][safepoint   ] Safepoint "Cleanup", Time since last: 5044025100 ns, Reaching safepoint: 220000 ns, At safepoint: 98300 ns, Total: 318300 ns
[2023-11-22T19:02:37.354+0000][11420][safepoint   ] Safepoint "Cleanup", Time since last: 2021393400 ns, Reaching safepoint: 688600 ns, At safepoint: 31300 ns, Total: 719900 ns
[2023-11-22T19:02:38.371+0000][11420][safepoint   ] Safepoint "Cleanup", Time since last: 1016341800 ns, Reaching safepoint: 415900 ns, At safepoint: 24200 ns, Total: 440100 ns
[2023-11-22T19:02:39.383+0000][11420][safepoint   ] Safepoint "Cleanup", Time since last: 1011693900 ns, Reaching safepoint: 148300 ns, At safepoint: 23100 ns, Total: 171400 ns
[2023-11-22T19:02:41.406+0000][11420][safepoint   ] Safepoint "Cleanup", Time since last: 2022450000 ns, Reaching safepoint: 125900 ns, At safepoint: 11600 ns, Total: 137500 ns
[2023-11-22T19:02:47.464+0000][11420][safepoint   ] Safepoint "Cleanup", Time since last: 6057815700 ns, Reaching safepoint: 133600 ns, At safepoint: 17600 ns, Total: 151200 ns
[2023-11-22T19:02:50.469+0000][11420][safepoint   ] Safepoint "Cleanup", Time since last: 3005367200 ns, Reaching safepoint: 80400 ns, At safepoint: 16000 ns, Total: 96400 ns
[2023-11-22T19:02:52.473+0000][11420][safepoint   ] Safepoint "Cleanup", Time since last: 2004064700 ns, Reaching safepoint: 144100 ns, At safepoint: 7200 ns, Total: 151300 ns
[2023-11-22T19:02:53.489+0000][11420][safepoint   ] Safepoint "Cleanup", Time since last: 1015813400 ns, Reaching safepoint: 148600 ns, At safepoint: 16000 ns, Total: 164600 ns
[2023-11-22T19:02:56.527+0000][11420][safepoint   ] Safepoint "Cleanup", Time since last: 3037406600 ns, Reaching safepoint: 195100 ns, At safepoint: 24100 ns, Total: 219200 ns
[2023-11-22T19:03:00.575+0000][11420][safepoint   ] Safepoint "Cleanup", Time since last: 4048356300 ns, Reaching safepoint: 182900 ns, At safepoint: 14900 ns, Total: 197800 ns
[2023-11-22T19:03:05.604+0000][11420][safepoint   ] Safepoint "Cleanup", Time since last: 5028468300 ns, Reaching safepoint: 126800 ns, At safepoint: 13300 ns, Total: 140100 ns
[2023-11-22T19:03:07.621+0000][11420][safepoint   ] Safepoint "Cleanup", Time since last: 2016487800 ns, Reaching safepoint: 234800 ns, At safepoint: 32700 ns, Total: 267500 ns
[2023-11-22T19:03:08.634+0000][11420][safepoint   ] Safepoint "Cleanup", Time since last: 1013409400 ns, Reaching safepoint: 86400 ns, At safepoint: 10100 ns, Total: 96500 ns
[2023-11-22T19:03:11.680+0000][11420][safepoint   ] Safepoint "Cleanup", Time since last: 3045515900 ns, Reaching safepoint: 204600 ns, At safepoint: 24300 ns, Total: 228900 ns
[2023-11-22T19:03:14.715+0000][11420][safepoint   ] Safepoint "Cleanup", Time since last: 3035062700 ns, Reaching safepoint: 181500 ns, At safepoint: 21300 ns, Total: 202800 ns
[2023-11-22T19:03:17.733+0000][11420][safepoint   ] Safepoint "Cleanup", Time since last: 3017721600 ns, Reaching safepoint: 162300 ns, At safepoint: 34100 ns, Total: 196400 ns
[2023-11-22T19:03:19.739+0000][11420][safepoint   ] Safepoint "Cleanup", Time since last: 2005802300 ns, Reaching safepoint: 169500 ns, At safepoint: 30200 ns, Total: 199700 ns
[2023-11-22T19:03:25.403+0000][11420][gc,start    ] GC(15) Pause Young (Normal) (G1 Evacuation Pause)
[2023-11-22T19:03:25.403+0000][11420][gc,task     ] GC(15) Using 8 workers of 8 for evacuation
[2023-11-22T19:03:25.403+0000][11420][gc,age      ] GC(15) Desired survivor size 52428800 bytes, new threshold 4 (max threshold 15)
[2023-11-22T19:03:25.458+0000][11420][gc,phases   ] GC(15)   Pre Evacuate Collection Set: 0.3ms
[2023-11-22T19:03:25.458+0000][11420][gc,phases   ] GC(15)   Merge Heap Roots: 0.2ms
[2023-11-22T19:03:25.458+0000][11420][gc,phases   ] GC(15)   Evacuate Collection Set: 52.6ms
[2023-11-22T19:03:25.458+0000][11420][gc,phases   ] GC(15)   Post Evacuate Collection Set: 2.3ms
[2023-11-22T19:03:25.458+0000][11420][gc,phases   ] GC(15)   Other: 0.2ms
[2023-11-22T19:03:25.458+0000][11420][gc,age      ] GC(15) Age table with threshold 4 (max threshold 15)
[2023-11-22T19:03:25.458+0000][11420][gc,age      ] GC(15) - age   1:    1077848 bytes,    1077848 total
[2023-11-22T19:03:25.458+0000][11420][gc,age      ] GC(15) - age   2:    7782320 bytes,    8860168 total
[2023-11-22T19:03:25.458+0000][11420][gc,age      ] GC(15) - age   3:   22840424 bytes,   31700592 total
[2023-11-22T19:03:25.458+0000][11420][gc,age      ] GC(15) - age   4:   11522600 bytes,   43223192 total
[2023-11-22T19:03:25.458+0000][11420][gc,heap     ] GC(15) Eden regions: 174->0(593)
[2023-11-22T19:03:25.458+0000][11420][gc,heap     ] GC(15) Survivor regions: 22->13(25)
[2023-11-22T19:03:25.458+0000][11420][gc,heap     ] GC(15) Old regions: 13->22
[2023-11-22T19:03:25.458+0000][11420][gc,heap     ] GC(15) Archive regions: 0->0
[2023-11-22T19:03:25.458+0000][11420][gc,heap     ] GC(15) Humongous regions: 2->2
[2023-11-22T19:03:25.459+0000][11420][gc,metaspace] GC(15) Metaspace: 137673K(141312K)->137673K(141312K) NonClass: 119338K(121280K)->119338K(121280K) Class: 18334K(20032K)->18334K(20032K)
[2023-11-22T19:03:25.459+0000][11420][gc          ] GC(15) Pause Young (Normal) (G1 Evacuation Pause) 841M->143M(4040M) 56.695ms
[2023-11-22T19:03:25.459+0000][11420][gc,cpu      ] GC(15) User=0.33s Sys=0.02s Real=0.06s
[2023-11-22T19:03:25.459+0000][11420][safepoint   ] Safepoint "G1CollectForAllocation", Time since last: 5663786600 ns, Reaching safepoint: 141600 ns, At safepoint: 56839700 ns, Total: 56981300 ns
[2023-11-22T19:03:27.466+0000][11420][safepoint   ] Safepoint "Cleanup", Time since last: 2005689000 ns, Reaching safepoint: 489300 ns, At safepoint: 21700 ns, Total: 511000 ns
[2023-11-22T19:03:29.478+0000][11420][safepoint   ] Safepoint "Cleanup", Time since last: 2011805700 ns, Reaching safepoint: 158200 ns, At safepoint: 9900 ns, Total: 168100 ns
[2023-11-22T19:03:32.498+0000][11420][safepoint   ] Safepoint "Cleanup", Time since last: 3019937700 ns, Reaching safepoint: 91700 ns, At safepoint: 18100 ns, Total: 109800 ns
[2023-11-22T19:03:38.580+0000][11420][safepoint   ] Safepoint "Cleanup", Time since last: 6081454600 ns, Reaching safepoint: 133200 ns, At safepoint: 63500 ns, Total: 196700 ns
[2023-11-22T19:03:42.597+0000][11420][safepoint   ] Safepoint "Cleanup", Time since last: 4017079100 ns, Reaching safepoint: 127400 ns, At safepoint: 15600 ns, Total: 143000 ns
[2023-11-22T19:03:47.634+0000][11420][safepoint   ] Safepoint "Cleanup", Time since last: 5037047900 ns, Reaching safepoint: 230100 ns, At safepoint: 31500 ns, Total: 261600 ns
[2023-11-22T19:03:48.646+0000][11420][safepoint   ] Safepoint "Cleanup", Time since last: 1011952800 ns, Reaching safepoint: 133700 ns, At safepoint: 13100 ns, Total: 146800 ns
[2023-11-22T19:03:50.648+0000][11420][safepoint   ] Safepoint "Cleanup", Time since last: 2001337900 ns, Reaching safepoint: 122800 ns, At safepoint: 21300 ns, Total: 144100 ns
[2023-11-22T19:03:53.663+0000][11420][safepoint   ] Safepoint "Cleanup", Time since last: 3015314300 ns, Reaching safepoint: 196100 ns, At safepoint: 38900 ns, Total: 235000 ns
[2023-11-22T19:03:54.669+0000][11420][safepoint   ] Safepoint "Cleanup", Time since last: 1004843100 ns, Reaching safepoint: 120800 ns, At safepoint: 14000 ns, Total: 134800 ns
[2023-11-22T19:03:59.707+0000][11420][safepoint   ] Safepoint "Cleanup", Time since last: 5037967300 ns, Reaching safepoint: 146100 ns, At safepoint: 10100 ns, Total: 156200 ns
[2023-11-22T19:04:05.758+0000][11420][safepoint   ] Safepoint "Cleanup", Time since last: 6050796400 ns, Reaching safepoint: 123700 ns, At safepoint: 65100 ns, Total: 188800 ns
[2023-11-22T19:04:08.778+0000][11420][safepoint   ] Safepoint "Cleanup", Time since last: 3020710000 ns, Reaching safepoint: 117600 ns, At safepoint: 17100 ns, Total: 134700 ns
[2023-11-22T19:04:11.810+0000][11420][safepoint   ] Safepoint "Cleanup", Time since last: 3031231500 ns, Reaching safepoint: 101900 ns, At safepoint: 14200 ns, Total: 116100 ns
[2023-11-22T19:04:14.828+0000][11420][safepoint   ] Safepoint "Cleanup", Time since last: 3018495900 ns, Reaching safepoint: 191800 ns, At safepoint: 23200 ns, Total: 215000 ns
[2023-11-22T19:04:23.910+0000][11420][safepoint   ] Safepoint "Cleanup", Time since last: 9081529400 ns, Reaching safepoint: 161400 ns, At safepoint: 15600 ns, Total: 177000 ns
[2023-11-22T19:04:24.914+0000][11420][safepoint   ] Safepoint "Cleanup", Time since last: 1003662000 ns, Reaching safepoint: 136800 ns, At safepoint: 11400 ns, Total: 148200 ns
[2023-11-22T19:04:29.159+0000][11420][safepoint   ] Safepoint "Cleanup", Time since last: 4244742900 ns, Reaching safepoint: 210300 ns, At safepoint: 12100 ns, Total: 222400 ns
[2023-11-22T19:04:30.174+0000][11420][safepoint   ] Safepoint "Cleanup", Time since last: 1014998700 ns, Reaching safepoint: 108700 ns, At safepoint: 13500 ns, Total: 122200 ns
[2023-11-22T19:04:35.211+0000][11420][safepoint   ] Safepoint "Cleanup", Time since last: 5036913700 ns, Reaching safepoint: 130800 ns, At safepoint: 11500 ns, Total: 142300 ns
[2023-11-22T19:04:38.231+0000][11420][safepoint   ] Safepoint "Cleanup", Time since last: 3019250300 ns, Reaching safepoint: 71000 ns, At safepoint: 29600 ns, Total: 100600 ns
[2023-11-22T19:04:43.275+0000][11420][safepoint   ] Safepoint "Cleanup", Time since last: 5044673100 ns, Reaching safepoint: 107700 ns, At safepoint: 45800 ns, Total: 153500 ns
[2023-11-22T19:04:50.339+0000][11420][safepoint   ] Safepoint "Cleanup", Time since last: 7063527200 ns, Reaching safepoint: 102200 ns, At safepoint: 75500 ns, Total: 177700 ns
[2023-11-22T19:04:54.370+0000][11420][safepoint   ] Safepoint "Cleanup", Time since last: 4030885200 ns, Reaching safepoint: 115500 ns, At safepoint: 62500 ns, Total: 178000 ns
[2023-11-22T19:05:00.411+0000][11420][safepoint   ] Safepoint "Cleanup", Time since last: 6040511200 ns, Reaching safepoint: 107100 ns, At safepoint: 34100 ns, Total: 141200 ns
[2023-11-22T19:05:06.489+0000][11420][safepoint   ] Safepoint "Cleanup", Time since last: 6078441000 ns, Reaching safepoint: 217400 ns, At safepoint: 91300 ns, Total: 308700 ns
[2023-11-22T19:05:09.519+0000][11420][safepoint   ] Safepoint "Cleanup", Time since last: 3029057200 ns, Reaching safepoint: 101500 ns, At safepoint: 57800 ns, Total: 159300 ns
[2023-11-22T19:05:11.532+0000][11420][safepoint   ] Safepoint "Cleanup", Time since last: 2013329900 ns, Reaching safepoint: 262500 ns, At safepoint: 66400 ns, Total: 328900 ns
[2023-11-22T19:05:12.540+0000][11420][safepoint   ] Safepoint "Cleanup", Time since last: 1007238800 ns, Reaching safepoint: 169000 ns, At safepoint: 26500 ns, Total: 195500 ns
[2023-11-22T19:05:20.617+0000][11420][safepoint   ] Safepoint "Cleanup", Time since last: 8076438200 ns, Reaching safepoint: 174800 ns, At safepoint: 29900 ns, Total: 204700 ns
[2023-11-22T19:05:23.651+0000][11420][safepoint   ] Safepoint "Cleanup", Time since last: 3034268600 ns, Reaching safepoint: 102400 ns, At safepoint: 13500 ns, Total: 115900 ns
[2023-11-22T19:05:27.690+0000][11420][safepoint   ] Safepoint "Cleanup", Time since last: 4039084700 ns, Reaching safepoint: 154600 ns, At safepoint: 29800 ns, Total: 184400 ns
[2023-11-22T19:05:30.729+0000][11420][safepoint   ] Safepoint "Cleanup", Time since last: 3039226700 ns, Reaching safepoint: 161100 ns, At safepoint: 46200 ns, Total: 207300 ns
[2023-11-22T19:05:35.819+0000][11420][safepoint   ] Safepoint "Cleanup", Time since last: 5089202300 ns, Reaching safepoint: 116000 ns, At safepoint: 57100 ns, Total: 173100 ns
[2023-11-22T19:05:41.881+0000][11420][safepoint   ] Safepoint "Cleanup", Time since last: 6062165300 ns, Reaching safepoint: 77500 ns, At safepoint: 8000 ns, Total: 85500 ns
[2023-11-22T19:05:53.018+0000][11420][safepoint   ] Safepoint "Cleanup", Time since last: 11136302800 ns, Reaching safepoint: 52400 ns, At safepoint: 60300 ns, Total: 112700 ns
[2023-11-22T19:05:54.023+0000][11420][safepoint   ] Safepoint "Cleanup", Time since last: 1005567600 ns, Reaching safepoint: 95000 ns, At safepoint: 47100 ns, Total: 142100 ns
[2023-11-22T19:05:56.050+0000][11420][safepoint   ] Safepoint "Cleanup", Time since last: 2026178300 ns, Reaching safepoint: 134100 ns, At safepoint: 111100 ns, Total: 245200 ns
[2023-11-22T19:05:57.051+0000][11420][safepoint   ] Safepoint "Cleanup", Time since last: 1001379600 ns, Reaching safepoint: 140800 ns, At safepoint: 59700 ns, Total: 200500 ns
[2023-11-22T19:06:00.071+0000][11420][safepoint   ] Safepoint "Cleanup", Time since last: 3019445600 ns, Reaching safepoint: 67300 ns, At safepoint: 13600 ns, Total: 80900 ns
[2023-11-22T19:06:06.138+0000][11420][safepoint   ] Safepoint "Cleanup", Time since last: 6067309100 ns, Reaching safepoint: 113000 ns, At safepoint: 60000 ns, Total: 173000 ns
[2023-11-22T19:06:07.149+0000][11420][safepoint   ] Safepoint "Cleanup", Time since last: 1010966100 ns, Reaching safepoint: 151800 ns, At safepoint: 63600 ns, Total: 215400 ns
[2023-11-22T19:06:09.173+0000][11420][safepoint   ] Safepoint "Cleanup", Time since last: 2023563100 ns, Reaching safepoint: 137000 ns, At safepoint: 53900 ns, Total: 190900 ns
[2023-11-22T19:06:12.206+0000][11420][safepoint   ] Safepoint "Cleanup", Time since last: 3032408700 ns, Reaching safepoint: 124800 ns, At safepoint: 17900 ns, Total: 142700 ns
[2023-11-22T19:06:13.216+0000][11420][safepoint   ] Safepoint "Cleanup", Time since last: 1010082800 ns, Reaching safepoint: 148300 ns, At safepoint: 52500 ns, Total: 200800 ns
[2023-11-22T19:06:15.236+0000][11420][safepoint   ] Safepoint "Cleanup", Time since last: 2019946200 ns, Reaching safepoint: 106800 ns, At safepoint: 17700 ns, Total: 124500 ns
[2023-11-22T19:06:18.267+0000][11420][safepoint   ] Safepoint "Cleanup", Time since last: 3031097300 ns, Reaching safepoint: 114800 ns, At safepoint: 24700 ns, Total: 139500 ns
[2023-11-22T19:06:19.270+0000][11420][safepoint   ] Safepoint "Cleanup", Time since last: 1003015800 ns, Reaching safepoint: 157400 ns, At safepoint: 61400 ns, Total: 218800 ns
[2023-11-22T19:06:20.282+0000][11420][safepoint   ] Safepoint "Cleanup", Time since last: 1011156500 ns, Reaching safepoint: 120900 ns, At safepoint: 22000 ns, Total: 142900 ns
[2023-11-22T19:06:21.293+0000][11420][safepoint   ] Safepoint "Cleanup", Time since last: 1011366200 ns, Reaching safepoint: 99300 ns, At safepoint: 13900 ns, Total: 113200 ns
[2023-11-22T19:06:27.349+0000][11420][safepoint   ] Safepoint "Cleanup", Time since last: 6055538700 ns, Reaching safepoint: 117600 ns, At safepoint: 39400 ns, Total: 157000 ns
[2023-11-22T19:06:29.383+0000][11420][safepoint   ] Safepoint "Cleanup", Time since last: 2033333200 ns, Reaching safepoint: 161300 ns, At safepoint: 55400 ns, Total: 216700 ns
[2023-11-22T19:06:31.408+0000][11420][safepoint   ] Safepoint "Cleanup", Time since last: 2025303500 ns, Reaching safepoint: 171100 ns, At safepoint: 25100 ns, Total: 196200 ns
[2023-11-22T19:06:41.510+0000][11420][safepoint   ] Safepoint "Cleanup", Time since last: 10101673300 ns, Reaching safepoint: 108900 ns, At safepoint: 14900 ns, Total: 123800 ns
[2023-11-22T19:06:43.192+0000][11420][safepoint   ] Safepoint "Cleanup", Time since last: 1681997800 ns, Reaching safepoint: 180100 ns, At safepoint: 15100 ns, Total: 195200 ns
[2023-11-22T19:06:54.528+0000][11420][safepoint   ] Safepoint "Cleanup", Time since last: 11335690600 ns, Reaching safepoint: 197600 ns, At safepoint: 13200 ns, Total: 210800 ns
[2023-11-22T19:06:56.533+0000][11420][safepoint   ] Safepoint "Cleanup", Time since last: 2005276000 ns, Reaching safepoint: 148800 ns, At safepoint: 12300 ns, Total: 161100 ns
[2023-11-22T19:06:58.542+0000][11420][safepoint   ] Safepoint "Cleanup", Time since last: 2008302700 ns, Reaching safepoint: 148400 ns, At safepoint: 9700 ns, Total: 158100 ns
[2023-11-22T19:07:00.559+0000][11420][safepoint   ] Safepoint "Cleanup", Time since last: 2016852300 ns, Reaching safepoint: 135100 ns, At safepoint: 11300 ns, Total: 146400 ns
[2023-11-22T19:07:05.604+0000][11420][safepoint   ] Safepoint "Cleanup", Time since last: 5044673100 ns, Reaching safepoint: 170800 ns, At safepoint: 31500 ns, Total: 202300 ns
[2023-11-22T19:07:06.615+0000][11420][safepoint   ] Safepoint "Cleanup", Time since last: 1010799700 ns, Reaching safepoint: 271500 ns, At safepoint: 14800 ns, Total: 286300 ns
[2023-11-22T19:07:11.676+0000][11420][safepoint   ] Safepoint "Cleanup", Time since last: 5060717200 ns, Reaching safepoint: 82100 ns, At safepoint: 11000 ns, Total: 93100 ns
[2023-11-22T19:07:13.698+0000][11420][safepoint   ] Safepoint "Cleanup", Time since last: 2022192600 ns, Reaching safepoint: 158000 ns, At safepoint: 20400 ns, Total: 178400 ns
[2023-11-22T19:07:24.794+0000][11420][safepoint   ] Safepoint "Cleanup", Time since last: 11096146700 ns, Reaching safepoint: 143500 ns, At safepoint: 47500 ns, Total: 191000 ns
[2023-11-22T19:07:35.887+0000][11420][safepoint   ] Safepoint "Cleanup", Time since last: 11092991000 ns, Reaching safepoint: 168200 ns, At safepoint: 53500 ns, Total: 221700 ns
[2023-11-22T19:07:36.897+0000][11420][safepoint   ] Safepoint "Cleanup", Time since last: 1009412000 ns, Reaching safepoint: 111600 ns, At safepoint: 36700 ns, Total: 148300 ns
[2023-11-22T19:07:37.912+0000][11420][safepoint   ] Safepoint "Cleanup", Time since last: 1014987000 ns, Reaching safepoint: 95700 ns, At safepoint: 44000 ns, Total: 139700 ns
[2023-11-22T19:07:38.922+0000][11420][safepoint   ] Safepoint "Cleanup", Time since last: 1009315800 ns, Reaching safepoint: 132600 ns, At safepoint: 72300 ns, Total: 204900 ns
[2023-11-22T19:07:42.957+0000][11420][safepoint   ] Safepoint "Cleanup", Time since last: 4035177700 ns, Reaching safepoint: 119100 ns, At safepoint: 55100 ns, Total: 174200 ns
[2023-11-22T19:08:09.184+0000][11420][safepoint   ] Safepoint "Cleanup", Time since last: 26226704300 ns, Reaching safepoint: 101000 ns, At safepoint: 56800 ns, Total: 157800 ns
[2023-11-22T19:08:12.203+0000][11420][safepoint   ] Safepoint "Cleanup", Time since last: 3018654300 ns, Reaching safepoint: 191500 ns, At safepoint: 44800 ns, Total: 236300 ns
[2023-11-22T19:08:13.207+0000][11420][safepoint   ] Safepoint "Cleanup", Time since last: 1003419000 ns, Reaching safepoint: 138100 ns, At safepoint: 22000 ns, Total: 160100 ns
[2023-11-22T19:08:14.219+0000][11420][safepoint   ] Safepoint "Cleanup", Time since last: 1012279300 ns, Reaching safepoint: 143900 ns, At safepoint: 11900 ns, Total: 155800 ns
[2023-11-22T19:08:18.281+0000][11420][safepoint   ] Safepoint "Cleanup", Time since last: 4061748700 ns, Reaching safepoint: 585600 ns, At safepoint: 52800 ns, Total: 638400 ns
[2023-11-22T19:08:21.298+0000][11420][safepoint   ] Safepoint "Cleanup", Time since last: 3016943200 ns, Reaching safepoint: 179300 ns, At safepoint: 22800 ns, Total: 202100 ns
[2023-11-22T19:08:24.324+0000][11420][safepoint   ] Safepoint "Cleanup", Time since last: 3026058200 ns, Reaching safepoint: 87800 ns, At safepoint: 21300 ns, Total: 109100 ns
[2023-11-22T19:08:36.470+0000][11420][safepoint   ] Safepoint "Cleanup", Time since last: 12145434400 ns, Reaching safepoint: 109400 ns, At safepoint: 11200 ns, Total: 120600 ns
[2023-11-22T19:08:39.518+0000][11420][safepoint   ] Safepoint "Cleanup", Time since last: 3047596300 ns, Reaching safepoint: 101000 ns, At safepoint: 17700 ns, Total: 118700 ns
[2023-11-22T19:08:42.546+0000][11420][safepoint   ] Safepoint "Cleanup", Time since last: 3028248700 ns, Reaching safepoint: 176800 ns, At safepoint: 85300 ns, Total: 262100 ns
[2023-11-22T19:08:45.564+0000][11420][safepoint   ] Safepoint "Cleanup", Time since last: 3017626800 ns, Reaching safepoint: 135000 ns, At safepoint: 11800 ns, Total: 146800 ns
[2023-11-22T19:08:48.594+0000][11420][safepoint   ] Safepoint "Cleanup", Time since last: 3029712400 ns, Reaching safepoint: 104200 ns, At safepoint: 18000 ns, Total: 122200 ns
[2023-11-22T19:08:51.630+0000][11420][safepoint   ] Safepoint "Cleanup", Time since last: 3035425800 ns, Reaching safepoint: 123600 ns, At safepoint: 19200 ns, Total: 142800 ns
[2023-11-22T19:08:57.666+0000][11420][safepoint   ] Safepoint "Cleanup", Time since last: 6035830800 ns, Reaching safepoint: 719600 ns, At safepoint: 19400 ns, Total: 739000 ns
[2023-11-22T19:09:00.704+0000][11420][safepoint   ] Safepoint "Cleanup", Time since last: 3037584000 ns, Reaching safepoint: 143400 ns, At safepoint: 15800 ns, Total: 159200 ns
[2023-11-22T19:09:09.763+0000][11420][safepoint   ] Safepoint "Cleanup", Time since last: 9058836800 ns, Reaching safepoint: 163500 ns, At safepoint: 33200 ns, Total: 196700 ns
[2023-11-22T19:09:11.784+0000][11420][safepoint   ] Safepoint "Cleanup", Time since last: 2020618200 ns, Reaching safepoint: 89500 ns, At safepoint: 9200 ns, Total: 98700 ns
[2023-11-22T19:09:12.794+0000][11420][safepoint   ] Safepoint "Cleanup", Time since last: 1010495200 ns, Reaching safepoint: 107100 ns, At safepoint: 26300 ns, Total: 133400 ns
[2023-11-22T19:09:13.795+0000][11420][safepoint   ] Safepoint "Cleanup", Time since last: 1000093200 ns, Reaching safepoint: 106900 ns, At safepoint: 12700 ns, Total: 119600 ns
[2023-11-22T19:09:23.892+0000][11420][safepoint   ] Safepoint "Cleanup", Time since last: 10097481800 ns, Reaching safepoint: 51300 ns, At safepoint: 7100 ns, Total: 58400 ns
[2023-11-22T19:09:30.959+0000][11420][safepoint   ] Safepoint "Cleanup", Time since last: 7067262600 ns, Reaching safepoint: 373700 ns, At safepoint: 28000 ns, Total: 401700 ns
[2023-11-22T19:09:32.976+0000][11420][safepoint   ] Safepoint "Cleanup", Time since last: 2016696600 ns, Reaching safepoint: 123300 ns, At safepoint: 11800 ns, Total: 135100 ns
[2023-11-22T19:09:37.018+0000][11420][safepoint   ] Safepoint "Cleanup", Time since last: 4041116900 ns, Reaching safepoint: 75200 ns, At safepoint: 33100 ns, Total: 108300 ns
[2023-11-22T19:09:49.110+0000][11420][safepoint   ] Safepoint "Cleanup", Time since last: 12091631400 ns, Reaching safepoint: 152500 ns, At safepoint: 6400 ns, Total: 158900 ns
[2023-11-22T19:09:57.191+0000][11420][safepoint   ] Safepoint "Cleanup", Time since last: 8081508500 ns, Reaching safepoint: 80200 ns, At safepoint: 8500 ns, Total: 88700 ns
[2023-11-22T19:10:03.999+0000][11420][safepoint   ] Safepoint "Cleanup", Time since last: 6807480700 ns, Reaching safepoint: 85500 ns, At safepoint: 10000 ns, Total: 95500 ns
[2023-11-22T19:10:07.015+0000][11420][safepoint   ] Safepoint "Cleanup", Time since last: 3015949500 ns, Reaching safepoint: 67300 ns, At safepoint: 15000 ns, Total: 82300 ns
[2023-11-22T19:10:09.032+0000][11420][safepoint   ] Safepoint "Cleanup", Time since last: 2017359000 ns, Reaching safepoint: 100400 ns, At safepoint: 11900 ns, Total: 112300 ns
[2023-11-22T19:10:12.055+0000][11420][safepoint   ] Safepoint "Cleanup", Time since last: 3022503700 ns, Reaching safepoint: 173500 ns, At safepoint: 48300 ns, Total: 221800 ns
[2023-11-22T19:10:18.135+0000][11420][safepoint   ] Safepoint "Cleanup", Time since last: 6080506800 ns, Reaching safepoint: 125000 ns, At safepoint: 13300 ns, Total: 138300 ns
[2023-11-22T19:10:27.206+0000][11420][safepoint   ] Safepoint "Cleanup", Time since last: 9069901500 ns, Reaching safepoint: 76500 ns, At safepoint: 58200 ns, Total: 134700 ns
[2023-11-22T19:10:28.206+0000][11420][safepoint   ] Safepoint "Cleanup", Time since last: 1000577000 ns, Reaching safepoint: 85500 ns, At safepoint: 17500 ns, Total: 103000 ns
[2023-11-22T19:10:32.239+0000][11420][safepoint   ] Safepoint "Cleanup", Time since last: 4032224000 ns, Reaching safepoint: 113700 ns, At safepoint: 12700 ns, Total: 126400 ns
[2023-11-22T19:10:54.454+0000][11420][safepoint   ] Safepoint "Cleanup", Time since last: 22215195200 ns, Reaching safepoint: 84600 ns, At safepoint: 7500 ns, Total: 92100 ns
[2023-11-22T19:11:00.484+0000][11420][safepoint   ] Safepoint "Cleanup", Time since last: 6030085500 ns, Reaching safepoint: 115700 ns, At safepoint: 45500 ns, Total: 161200 ns
[2023-11-22T19:11:09.555+0000][11420][safepoint   ] Safepoint "Cleanup", Time since last: 9070313400 ns, Reaching safepoint: 73800 ns, At safepoint: 5800 ns, Total: 79600 ns
[2023-11-22T19:11:11.593+0000][11420][safepoint   ] Safepoint "Cleanup", Time since last: 2038077900 ns, Reaching safepoint: 148700 ns, At safepoint: 10200 ns, Total: 158900 ns
[2023-11-22T19:11:24.734+0000][11420][safepoint   ] Safepoint "Cleanup", Time since last: 13140533100 ns, Reaching safepoint: 81400 ns, At safepoint: 80400 ns, Total: 161800 ns
[2023-11-22T19:11:26.763+0000][11420][safepoint   ] Safepoint "Cleanup", Time since last: 2029572000 ns, Reaching safepoint: 85100 ns, At safepoint: 87200 ns, Total: 172300 ns
[2023-11-22T19:11:27.767+0000][11420][safepoint   ] Safepoint "Cleanup", Time since last: 1002849200 ns, Reaching safepoint: 892500 ns, At safepoint: 59600 ns, Total: 952100 ns
[2023-11-22T19:11:30.800+0000][11420][safepoint   ] Safepoint "Cleanup", Time since last: 3032559600 ns, Reaching safepoint: 99500 ns, At safepoint: 22600 ns, Total: 122100 ns
[2023-11-22T19:11:32.833+0000][11420][safepoint   ] Safepoint "Cleanup", Time since last: 2032669500 ns, Reaching safepoint: 56400 ns, At safepoint: 88800 ns, Total: 145200 ns
[2023-11-22T19:11:36.866+0000][11420][safepoint   ] Safepoint "Cleanup", Time since last: 4032886000 ns, Reaching safepoint: 66700 ns, At safepoint: 60700 ns, Total: 127400 ns
[2023-11-22T19:11:39.895+0000][11420][safepoint   ] Safepoint "Cleanup", Time since last: 3028948300 ns, Reaching safepoint: 176300 ns, At safepoint: 51000 ns, Total: 227300 ns
[2023-11-22T19:11:45.916+0000][11420][safepoint   ] Safepoint "Cleanup", Time since last: 6020883900 ns, Reaching safepoint: 786900 ns, At safepoint: 10400 ns, Total: 797300 ns
[2023-11-22T19:11:48.949+0000][11420][safepoint   ] Safepoint "Cleanup", Time since last: 3032493000 ns, Reaching safepoint: 141500 ns, At safepoint: 66500 ns, Total: 208000 ns
[2023-11-22T19:12:00.055+0000][11420][safepoint   ] Safepoint "Cleanup", Time since last: 11105207100 ns, Reaching safepoint: 151500 ns, At safepoint: 51400 ns, Total: 202900 ns
[2023-11-22T19:12:12.149+0000][11420][safepoint   ] Safepoint "Cleanup", Time since last: 12094505000 ns, Reaching safepoint: 95000 ns, At safepoint: 68500 ns, Total: 163500 ns
[2023-11-22T19:12:13.157+0000][11420][safepoint   ] Safepoint "Cleanup", Time since last: 1007445300 ns, Reaching safepoint: 119100 ns, At safepoint: 50500 ns, Total: 169600 ns
[2023-11-22T19:12:17.179+0000][11420][safepoint   ] Safepoint "Cleanup", Time since last: 4022047900 ns, Reaching safepoint: 190800 ns, At safepoint: 80900 ns, Total: 271700 ns
[2023-11-22T19:12:19.199+0000][11420][safepoint   ] Safepoint "Cleanup", Time since last: 2019229500 ns, Reaching safepoint: 152800 ns, At safepoint: 86400 ns, Total: 239200 ns
[2023-11-22T19:12:25.281+0000][11420][safepoint   ] Safepoint "Cleanup", Time since last: 6082398400 ns, Reaching safepoint: 159400 ns, At safepoint: 66700 ns, Total: 226100 ns
[2023-11-22T19:12:26.287+0000][11420][safepoint   ] Safepoint "Cleanup", Time since last: 1005609400 ns, Reaching safepoint: 90500 ns, At safepoint: 62000 ns, Total: 152500 ns
[2023-11-22T19:12:34.355+0000][11420][safepoint   ] Safepoint "Cleanup", Time since last: 8067581900 ns, Reaching safepoint: 154700 ns, At safepoint: 67400 ns, Total: 222100 ns
[2023-11-22T19:12:35.360+0000][11420][safepoint   ] Safepoint "Cleanup", Time since last: 1005393500 ns, Reaching safepoint: 190500 ns, At safepoint: 55900 ns, Total: 246400 ns
[2023-11-22T19:12:37.387+0000][11420][safepoint   ] Safepoint "Cleanup", Time since last: 2026089100 ns, Reaching safepoint: 138700 ns, At safepoint: 70200 ns, Total: 208900 ns
[2023-11-22T19:12:39.416+0000][11420][safepoint   ] Safepoint "Cleanup", Time since last: 2029318600 ns, Reaching safepoint: 137400 ns, At safepoint: 89100 ns, Total: 226500 ns
[2023-11-22T19:12:45.451+0000][11420][safepoint   ] Safepoint "Cleanup", Time since last: 6034138900 ns, Reaching safepoint: 118100 ns, At safepoint: 37500 ns, Total: 155600 ns
[2023-11-22T19:12:50.493+0000][11420][safepoint   ] Safepoint "Cleanup", Time since last: 5042610900 ns, Reaching safepoint: 180400 ns, At safepoint: 66900 ns, Total: 247300 ns
[2023-11-22T19:12:55.531+0000][11420][safepoint   ] Safepoint "Cleanup", Time since last: 5037291600 ns, Reaching safepoint: 147500 ns, At safepoint: 74600 ns, Total: 222100 ns
[2023-11-22T19:12:57.549+0000][11420][safepoint   ] Safepoint "Cleanup", Time since last: 2017862700 ns, Reaching safepoint: 114600 ns, At safepoint: 76800 ns, Total: 191400 ns
[2023-11-22T19:13:06.627+0000][11420][safepoint   ] Safepoint "Cleanup", Time since last: 9077643100 ns, Reaching safepoint: 98500 ns, At safepoint: 14900 ns, Total: 113400 ns
[2023-11-22T19:13:07.642+0000][11420][safepoint   ] Safepoint "Cleanup", Time since last: 1014995500 ns, Reaching safepoint: 155400 ns, At safepoint: 13100 ns, Total: 168500 ns
[2023-11-22T19:13:09.672+0000][11420][safepoint   ] Safepoint "Cleanup", Time since last: 2030135400 ns, Reaching safepoint: 162800 ns, At safepoint: 14200 ns, Total: 177000 ns
[2023-11-22T19:13:11.686+0000][11420][safepoint   ] Safepoint "Cleanup", Time since last: 2014019000 ns, Reaching safepoint: 189200 ns, At safepoint: 70200 ns, Total: 259400 ns
[2023-11-22T19:13:12.697+0000][11420][safepoint   ] Safepoint "Cleanup", Time since last: 1009830000 ns, Reaching safepoint: 82400 ns, At safepoint: 13100 ns, Total: 95500 ns
[2023-11-22T19:13:18.747+0000][11420][safepoint   ] Safepoint "Cleanup", Time since last: 6050837100 ns, Reaching safepoint: 137600 ns, At safepoint: 34000 ns, Total: 171600 ns
[2023-11-22T19:13:30.802+0000][11420][safepoint   ] Safepoint "Cleanup", Time since last: 12054249700 ns, Reaching safepoint: 124000 ns, At safepoint: 11800 ns, Total: 135800 ns
[2023-11-22T19:13:33.836+0000][11420][safepoint   ] Safepoint "Cleanup", Time since last: 3034216700 ns, Reaching safepoint: 113800 ns, At safepoint: 52700 ns, Total: 166500 ns
[2023-11-22T19:13:34.840+0000][11420][safepoint   ] Safepoint "Cleanup", Time since last: 1003218500 ns, Reaching safepoint: 115500 ns, At safepoint: 8100 ns, Total: 123600 ns
[2023-11-22T19:13:37.858+0000][11420][safepoint   ] Safepoint "Cleanup", Time since last: 3018262600 ns, Reaching safepoint: 131800 ns, At safepoint: 13900 ns, Total: 145700 ns
[2023-11-22T19:13:38.870+0000][11420][safepoint   ] Safepoint "Cleanup", Time since last: 1011676600 ns, Reaching safepoint: 156300 ns, At safepoint: 9500 ns, Total: 165800 ns
[2023-11-22T19:13:43.918+0000][11420][safepoint   ] Safepoint "Cleanup", Time since last: 5047492400 ns, Reaching safepoint: 133500 ns, At safepoint: 12900 ns, Total: 146400 ns
[2023-11-22T19:13:48.937+0000][11420][safepoint   ] Safepoint "Cleanup", Time since last: 5018811700 ns, Reaching safepoint: 263600 ns, At safepoint: 55400 ns, Total: 319000 ns
[2023-11-22T19:13:49.957+0000][11420][safepoint   ] Safepoint "Cleanup", Time since last: 1020335200 ns, Reaching safepoint: 171700 ns, At safepoint: 12000 ns, Total: 183700 ns
[2023-11-22T19:14:01.063+0000][11420][safepoint   ] Safepoint "Cleanup", Time since last: 11105791600 ns, Reaching safepoint: 129700 ns, At safepoint: 11000 ns, Total: 140700 ns
[2023-11-22T19:14:08.134+0000][11420][safepoint   ] Safepoint "Cleanup", Time since last: 7070362600 ns, Reaching safepoint: 81700 ns, At safepoint: 7000 ns, Total: 88700 ns
[2023-11-22T19:14:10.165+0000][11420][safepoint   ] Safepoint "Cleanup", Time since last: 2031021600 ns, Reaching safepoint: 168900 ns, At safepoint: 7700 ns, Total: 176600 ns
[2023-11-22T19:14:12.174+0000][11420][safepoint   ] Safepoint "Cleanup", Time since last: 2008943100 ns, Reaching safepoint: 111900 ns, At safepoint: 5700 ns, Total: 117600 ns
[2023-11-22T19:14:17.224+0000][11420][safepoint   ] Safepoint "Cleanup", Time since last: 5050310500 ns, Reaching safepoint: 94300 ns, At safepoint: 13800 ns, Total: 108100 ns
[2023-11-22T19:14:19.244+0000][11420][safepoint   ] Safepoint "Cleanup", Time since last: 2019419900 ns, Reaching safepoint: 122500 ns, At safepoint: 5500 ns, Total: 128000 ns
[2023-11-22T19:14:25.276+0000][11420][safepoint   ] Safepoint "Cleanup", Time since last: 6032050300 ns, Reaching safepoint: 104200 ns, At safepoint: 13600 ns, Total: 117800 ns
[2023-11-22T19:14:30.659+0000][11420][gc,start    ] GC(16) Pause Young (Normal) (G1 Evacuation Pause)
[2023-11-22T19:14:30.659+0000][11420][gc,task     ] GC(16) Using 8 workers of 8 for evacuation
[2023-11-22T19:14:30.659+0000][11420][gc,age      ] GC(16) Desired survivor size 159383552 bytes, new threshold 15 (max threshold 15)
[2023-11-22T19:14:30.691+0000][11420][gc,phases   ] GC(16)   Pre Evacuate Collection Set: 0.5ms
[2023-11-22T19:14:30.691+0000][11420][gc,phases   ] GC(16)   Merge Heap Roots: 0.3ms
[2023-11-22T19:14:30.691+0000][11420][gc,phases   ] GC(16)   Evacuate Collection Set: 27.2ms
[2023-11-22T19:14:30.691+0000][11420][gc,phases   ] GC(16)   Post Evacuate Collection Set: 3.2ms
[2023-11-22T19:14:30.691+0000][11420][gc,phases   ] GC(16)   Other: 0.3ms
[2023-11-22T19:14:30.691+0000][11420][gc,age      ] GC(16) Age table with threshold 15 (max threshold 15)
[2023-11-22T19:14:30.691+0000][11420][gc,age      ] GC(16) - age   1:    1695096 bytes,    1695096 total
[2023-11-22T19:14:30.691+0000][11420][gc,age      ] GC(16) - age   2:     264504 bytes,    1959600 total
[2023-11-22T19:14:30.691+0000][11420][gc,age      ] GC(16) - age   3:    7741544 bytes,    9701144 total
[2023-11-22T19:14:30.691+0000][11420][gc,age      ] GC(16) - age   4:   22839280 bytes,   32540424 total
[2023-11-22T19:14:30.691+0000][11420][gc,age      ] GC(16) - age   5:   11522520 bytes,   44062944 total
[2023-11-22T19:14:30.691+0000][11420][gc,heap     ] GC(16) Eden regions: 593->0(593)
[2023-11-22T19:14:30.691+0000][11420][gc,heap     ] GC(16) Survivor regions: 13->13(76)
[2023-11-22T19:14:30.691+0000][11420][gc,heap     ] GC(16) Old regions: 22->22
[2023-11-22T19:14:30.691+0000][11420][gc,heap     ] GC(16) Archive regions: 0->0
[2023-11-22T19:14:30.691+0000][11420][gc,heap     ] GC(16) Humongous regions: 2->2
[2023-11-22T19:14:30.691+0000][11420][gc,metaspace] GC(16) Metaspace: 138005K(141632K)->138005K(141632K) NonClass: 119670K(121600K)->119670K(121600K) Class: 18335K(20032K)->18335K(20032K)
[2023-11-22T19:14:30.691+0000][11420][gc          ] GC(16) Pause Young (Normal) (G1 Evacuation Pause) 2515M->140M(4040M) 32.114ms
[2023-11-22T19:14:30.691+0000][11420][gc,cpu      ] GC(16) User=0.12s Sys=0.02s Real=0.03s
[2023-11-22T19:14:30.691+0000][11420][safepoint   ] Safepoint "G1CollectForAllocation", Time since last: 5383109600 ns, Reaching safepoint: 174300 ns, At safepoint: 32324700 ns, Total: 32499000 ns
[2023-11-22T19:14:31.699+0000][11420][safepoint   ] Safepoint "Cleanup", Time since last: 1007173700 ns, Reaching safepoint: 90200 ns, At safepoint: 50400 ns, Total: 140600 ns
[2023-11-22T19:14:32.713+0000][11420][safepoint   ] Safepoint "Cleanup", Time since last: 1013866900 ns, Reaching safepoint: 655200 ns, At safepoint: 14100 ns, Total: 669300 ns
[2023-11-22T19:14:36.724+0000][11420][safepoint   ] Safepoint "Cleanup", Time since last: 4010734500 ns, Reaching safepoint: 119100 ns, At safepoint: 31400 ns, Total: 150500 ns
[2023-11-22T19:14:46.800+0000][11420][safepoint   ] Safepoint "Cleanup", Time since last: 10075940500 ns, Reaching safepoint: 110500 ns, At safepoint: 9000 ns, Total: 119500 ns
[2023-11-22T19:14:48.817+0000][11420][safepoint   ] Safepoint "Cleanup", Time since last: 2016678200 ns, Reaching safepoint: 81700 ns, At safepoint: 16700 ns, Total: 98400 ns
[2023-11-22T19:15:12.001+0000][11420][safepoint   ] Safepoint "Cleanup", Time since last: 23183486900 ns, Reaching safepoint: 139600 ns, At safepoint: 27900 ns, Total: 167500 ns
[2023-11-22T19:15:13.002+0000][11420][safepoint   ] Safepoint "Cleanup", Time since last: 1001079800 ns, Reaching safepoint: 126000 ns, At safepoint: 19200 ns, Total: 145200 ns
[2023-11-22T19:15:19.043+0000][11420][safepoint   ] Safepoint "Cleanup", Time since last: 6041136200 ns, Reaching safepoint: 101200 ns, At safepoint: 14000 ns, Total: 115200 ns
[2023-11-22T19:15:38.256+0000][11420][safepoint   ] Safepoint "Cleanup", Time since last: 19212406100 ns, Reaching safepoint: 80000 ns, At safepoint: 11200 ns, Total: 91200 ns
[2023-11-22T19:15:43.338+0000][11420][safepoint   ] Safepoint "Cleanup", Time since last: 5081893500 ns, Reaching safepoint: 80700 ns, At safepoint: 14000 ns, Total: 94700 ns
[2023-11-22T19:15:44.341+0000][11420][safepoint   ] Safepoint "Cleanup", Time since last: 1002890200 ns, Reaching safepoint: 117400 ns, At safepoint: 35300 ns, Total: 152700 ns
[2023-11-22T19:15:58.461+0000][11420][safepoint   ] Safepoint "Cleanup", Time since last: 14120199600 ns, Reaching safepoint: 140300 ns, At safepoint: 12600 ns, Total: 152900 ns
[2023-11-22T19:16:07.520+0000][11420][safepoint   ] Safepoint "Cleanup", Time since last: 9058724600 ns, Reaching safepoint: 107200 ns, At safepoint: 17600 ns, Total: 124800 ns
[2023-11-22T19:16:11.534+0000][11420][safepoint   ] Safepoint "Cleanup", Time since last: 4013697100 ns, Reaching safepoint: 127700 ns, At safepoint: 22100 ns, Total: 149800 ns
[2023-11-22T19:16:16.592+0000][11420][safepoint   ] Safepoint "Cleanup", Time since last: 5057753200 ns, Reaching safepoint: 177100 ns, At safepoint: 22900 ns, Total: 200000 ns
[2023-11-22T19:16:19.631+0000][11420][safepoint   ] Safepoint "Cleanup", Time since last: 3039010400 ns, Reaching safepoint: 124300 ns, At safepoint: 13300 ns, Total: 137600 ns
[2023-11-22T19:16:25.671+0000][11420][safepoint   ] Safepoint "Cleanup", Time since last: 6040531900 ns, Reaching safepoint: 168600 ns, At safepoint: 14200 ns, Total: 182800 ns
[2023-11-22T19:16:28.687+0000][11420][safepoint   ] Safepoint "Cleanup", Time since last: 3014823600 ns, Reaching safepoint: 56300 ns, At safepoint: 6600 ns, Total: 62900 ns
[2023-11-22T19:16:31.719+0000][11420][safepoint   ] Safepoint "Cleanup", Time since last: 3032825200 ns, Reaching safepoint: 135700 ns, At safepoint: 11700 ns, Total: 147400 ns
[2023-11-22T19:16:32.722+0000][11420][safepoint   ] Safepoint "Cleanup", Time since last: 1001636400 ns, Reaching safepoint: 699900 ns, At safepoint: 14800 ns, Total: 714700 ns
[2023-11-22T19:16:43.815+0000][11420][safepoint   ] Safepoint "Cleanup", Time since last: 11093096400 ns, Reaching safepoint: 65300 ns, At safepoint: 8800 ns, Total: 74100 ns
[2023-11-22T19:16:47.828+0000][11420][safepoint   ] Safepoint "Cleanup", Time since last: 4012807100 ns, Reaching safepoint: 167300 ns, At safepoint: 53200 ns, Total: 220500 ns
[2023-11-22T19:16:55.902+0000][11420][safepoint   ] Safepoint "Cleanup", Time since last: 8073436300 ns, Reaching safepoint: 146000 ns, At safepoint: 51900 ns, Total: 197900 ns
[2023-11-22T19:17:00.973+0000][11420][safepoint   ] Safepoint "Cleanup", Time since last: 5070770500 ns, Reaching safepoint: 149400 ns, At safepoint: 26200 ns, Total: 175600 ns
[2023-11-22T19:17:02.992+0000][11420][safepoint   ] Safepoint "Cleanup", Time since last: 2019106600 ns, Reaching safepoint: 83200 ns, At safepoint: 12300 ns, Total: 95500 ns
[2023-11-22T19:17:09.056+0000][11420][safepoint   ] Safepoint "Cleanup", Time since last: 6064153600 ns, Reaching safepoint: 199500 ns, At safepoint: 20000 ns, Total: 219500 ns
[2023-11-22T19:17:10.070+0000][11420][safepoint   ] Safepoint "Cleanup", Time since last: 1013722700 ns, Reaching safepoint: 81200 ns, At safepoint: 18400 ns, Total: 99600 ns
[2023-11-22T19:17:12.081+0000][11420][safepoint   ] Safepoint "Cleanup", Time since last: 2011375600 ns, Reaching safepoint: 152600 ns, At safepoint: 15200 ns, Total: 167800 ns
[2023-11-22T19:17:20.165+0000][11420][safepoint   ] Safepoint "Cleanup", Time since last: 8083558000 ns, Reaching safepoint: 108400 ns, At safepoint: 209400 ns, Total: 317800 ns
[2023-11-22T19:17:32.282+0000][11420][safepoint   ] Safepoint "Cleanup", Time since last: 12116170700 ns, Reaching safepoint: 310600 ns, At safepoint: 41700 ns, Total: 352300 ns
[2023-11-22T19:17:33.282+0000][11420][safepoint   ] Safepoint "Cleanup", Time since last: 1000399700 ns, Reaching safepoint: 152200 ns, At safepoint: 12700 ns, Total: 164900 ns
[2023-11-22T19:17:34.296+0000][11420][safepoint   ] Safepoint "Cleanup", Time since last: 1013815900 ns, Reaching safepoint: 177500 ns, At safepoint: 12500 ns, Total: 190000 ns
[2023-11-22T19:17:38.346+0000][11420][safepoint   ] Safepoint "Cleanup", Time since last: 4048856100 ns, Reaching safepoint: 163900 ns, At safepoint: 25400 ns, Total: 189300 ns
[2023-11-22T19:17:49.496+0000][11420][safepoint   ] Safepoint "Cleanup", Time since last: 11150335800 ns, Reaching safepoint: 136400 ns, At safepoint: 12100 ns, Total: 148500 ns
[2023-11-22T19:18:02.658+0000][11420][safepoint   ] Safepoint "Cleanup", Time since last: 13161762400 ns, Reaching safepoint: 150700 ns, At safepoint: 51200 ns, Total: 201900 ns
[2023-11-22T19:18:06.694+0000][11420][safepoint   ] Safepoint "Cleanup", Time since last: 4035358000 ns, Reaching safepoint: 200000 ns, At safepoint: 19400 ns, Total: 219400 ns
[2023-11-22T19:18:07.701+0000][11420][safepoint   ] Safepoint "Cleanup", Time since last: 1007372400 ns, Reaching safepoint: 122500 ns, At safepoint: 15200 ns, Total: 137700 ns
[2023-11-22T19:18:11.727+0000][11420][safepoint   ] Safepoint "Cleanup", Time since last: 4026002600 ns, Reaching safepoint: 125200 ns, At safepoint: 21500 ns, Total: 146700 ns
[2023-11-22T19:18:12.739+0000][11420][safepoint   ] Safepoint "Cleanup", Time since last: 1011435500 ns, Reaching safepoint: 123200 ns, At safepoint: 25300 ns, Total: 148500 ns
[2023-11-22T19:18:19.824+0000][11420][safepoint   ] Safepoint "Cleanup", Time since last: 7085255300 ns, Reaching safepoint: 99000 ns, At safepoint: 12200 ns, Total: 111200 ns
[2023-11-22T19:18:31.939+0000][11420][safepoint   ] Safepoint "Cleanup", Time since last: 12114849300 ns, Reaching safepoint: 98700 ns, At safepoint: 86200 ns, Total: 184900 ns
[2023-11-22T19:18:38.008+0000][11420][safepoint   ] Safepoint "Cleanup", Time since last: 6068200600 ns, Reaching safepoint: 250500 ns, At safepoint: 22600 ns, Total: 273100 ns
[2023-11-22T19:18:39.011+0000][11420][safepoint   ] Safepoint "Cleanup", Time since last: 1002673200 ns, Reaching safepoint: 186100 ns, At safepoint: 17500 ns, Total: 203600 ns
[2023-11-22T19:18:45.063+0000][11420][safepoint   ] Safepoint "Cleanup", Time since last: 6052449400 ns, Reaching safepoint: 78900 ns, At safepoint: 27700 ns, Total: 106600 ns
[2023-11-22T19:18:53.138+0000][11420][safepoint   ] Safepoint "Cleanup", Time since last: 8074960500 ns, Reaching safepoint: 179900 ns, At safepoint: 17400 ns, Total: 197300 ns
[2023-11-22T19:18:56.164+0000][11420][safepoint   ] Safepoint "Cleanup", Time since last: 3025446500 ns, Reaching safepoint: 155800 ns, At safepoint: 35600 ns, Total: 191400 ns
[2023-11-22T19:19:02.204+0000][11420][safepoint   ] Safepoint "Cleanup", Time since last: 6040291800 ns, Reaching safepoint: 115900 ns, At safepoint: 11700 ns, Total: 127600 ns
[2023-11-22T19:19:08.274+0000][11420][safepoint   ] Safepoint "Cleanup", Time since last: 6069862900 ns, Reaching safepoint: 155700 ns, At safepoint: 23300 ns, Total: 179000 ns
[2023-11-22T19:19:12.300+0000][11420][safepoint   ] Safepoint "Cleanup", Time since last: 4025190900 ns, Reaching safepoint: 179200 ns, At safepoint: 21300 ns, Total: 200500 ns
[2023-11-22T19:19:14.325+0000][11420][safepoint   ] Safepoint "Cleanup", Time since last: 2024716400 ns, Reaching safepoint: 87400 ns, At safepoint: 15400 ns, Total: 102800 ns
[2023-11-22T19:19:17.356+0000][11420][safepoint   ] Safepoint "Cleanup", Time since last: 3031290600 ns, Reaching safepoint: 109400 ns, At safepoint: 23800 ns, Total: 133200 ns
[2023-11-22T19:19:20.383+0000][11420][safepoint   ] Safepoint "Cleanup", Time since last: 3026983400 ns, Reaching safepoint: 196600 ns, At safepoint: 17400 ns, Total: 214000 ns
[2023-11-22T19:19:27.449+0000][11420][safepoint   ] Safepoint "Cleanup", Time since last: 7065759100 ns, Reaching safepoint: 103000 ns, At safepoint: 18400 ns, Total: 121400 ns
[2023-11-22T19:19:32.480+0000][11420][safepoint   ] Safepoint "Cleanup", Time since last: 5031169300 ns, Reaching safepoint: 110100 ns, At safepoint: 13900 ns, Total: 124000 ns
[2023-11-22T19:19:33.492+0000][11420][safepoint   ] Safepoint "Cleanup", Time since last: 1011615000 ns, Reaching safepoint: 178000 ns, At safepoint: 17700 ns, Total: 195700 ns
[2023-11-22T19:19:37.554+0000][11420][safepoint   ] Safepoint "Cleanup", Time since last: 4062269300 ns, Reaching safepoint: 166100 ns, At safepoint: 17800 ns, Total: 183900 ns
[2023-11-22T19:19:38.568+0000][11420][safepoint   ] Safepoint "Cleanup", Time since last: 1012950200 ns, Reaching safepoint: 75800 ns, At safepoint: 14100 ns, Total: 89900 ns
[2023-11-22T19:19:40.578+0000][11420][safepoint   ] Safepoint "Cleanup", Time since last: 2009814200 ns, Reaching safepoint: 111100 ns, At safepoint: 11700 ns, Total: 122800 ns
[2023-11-22T19:19:50.659+0000][11420][safepoint   ] Safepoint "Cleanup", Time since last: 10081528100 ns, Reaching safepoint: 113800 ns, At safepoint: 10500 ns, Total: 124300 ns
[2023-11-22T19:19:55.703+0000][11420][safepoint   ] Safepoint "Cleanup", Time since last: 5043567000 ns, Reaching safepoint: 164600 ns, At safepoint: 51000 ns, Total: 215600 ns
[2023-11-22T19:19:56.713+0000][11420][safepoint   ] Safepoint "Cleanup", Time since last: 1009542300 ns, Reaching safepoint: 174200 ns, At safepoint: 17200 ns, Total: 191400 ns
[2023-11-22T19:20:08.820+0000][11420][safepoint   ] Safepoint "Cleanup", Time since last: 12107528600 ns, Reaching safepoint: 125700 ns, At safepoint: 24600 ns, Total: 150300 ns
[2023-11-22T19:20:11.635+0000][11420][safepoint   ] Safepoint "Cleanup", Time since last: 2814280500 ns, Reaching safepoint: 243300 ns, At safepoint: 16200 ns, Total: 259500 ns
[2023-11-22T19:20:14.662+0000][11420][safepoint   ] Safepoint "Cleanup", Time since last: 3026495400 ns, Reaching safepoint: 105700 ns, At safepoint: 12000 ns, Total: 117700 ns
[2023-11-22T19:20:20.707+0000][11420][safepoint   ] Safepoint "Cleanup", Time since last: 6045494000 ns, Reaching safepoint: 152800 ns, At safepoint: 14600 ns, Total: 167400 ns
[2023-11-22T19:20:40.887+0000][11420][safepoint   ] Safepoint "Cleanup", Time since last: 20179437400 ns, Reaching safepoint: 167400 ns, At safepoint: 17200 ns, Total: 184600 ns
[2023-11-22T19:20:43.928+0000][11420][safepoint   ] Safepoint "Cleanup", Time since last: 3040718300 ns, Reaching safepoint: 57900 ns, At safepoint: 9200 ns, Total: 67100 ns
[2023-11-22T19:20:44.940+0000][11420][safepoint   ] Safepoint "Cleanup", Time since last: 1012410100 ns, Reaching safepoint: 175000 ns, At safepoint: 13200 ns, Total: 188200 ns
[2023-11-22T19:20:45.951+0000][11420][safepoint   ] Safepoint "Cleanup", Time since last: 1010128700 ns, Reaching safepoint: 154800 ns, At safepoint: 17600 ns, Total: 172400 ns
[2023-11-22T19:20:46.961+0000][11420][safepoint   ] Safepoint "Cleanup", Time since last: 1009801100 ns, Reaching safepoint: 148100 ns, At safepoint: 10400 ns, Total: 158500 ns
[2023-11-22T19:20:50.007+0000][11420][safepoint   ] Safepoint "Cleanup", Time since last: 3046731600 ns, Reaching safepoint: 68000 ns, At safepoint: 44700 ns, Total: 112700 ns
[2023-11-22T19:20:51.021+0000][11420][safepoint   ] Safepoint "Cleanup", Time since last: 1014025600 ns, Reaching safepoint: 146100 ns, At safepoint: 16500 ns, Total: 162600 ns
[2023-11-22T19:20:53.044+0000][11420][safepoint   ] Safepoint "Cleanup", Time since last: 2022429800 ns, Reaching safepoint: 193500 ns, At safepoint: 16400 ns, Total: 209900 ns
[2023-11-22T19:20:56.085+0000][11420][safepoint   ] Safepoint "Cleanup", Time since last: 3040500000 ns, Reaching safepoint: 85700 ns, At safepoint: 9000 ns, Total: 94700 ns
[2023-11-22T19:21:04.194+0000][11420][safepoint   ] Safepoint "Cleanup", Time since last: 8108800400 ns, Reaching safepoint: 115300 ns, At safepoint: 22600 ns, Total: 137900 ns
[2023-11-22T19:21:12.268+0000][11420][safepoint   ] Safepoint "Cleanup", Time since last: 8074167200 ns, Reaching safepoint: 181300 ns, At safepoint: 25200 ns, Total: 206500 ns
[2023-11-22T19:21:14.302+0000][11420][safepoint   ] Safepoint "Cleanup", Time since last: 2033482200 ns, Reaching safepoint: 89700 ns, At safepoint: 22400 ns, Total: 112100 ns
[2023-11-22T19:21:15.312+0000][11420][safepoint   ] Safepoint "Cleanup", Time since last: 1010546800 ns, Reaching safepoint: 142700 ns, At safepoint: 12900 ns, Total: 155600 ns
[2023-11-22T19:21:20.375+0000][11420][safepoint   ] Safepoint "Cleanup", Time since last: 5062646600 ns, Reaching safepoint: 370900 ns, At safepoint: 36500 ns, Total: 407400 ns
[2023-11-22T19:21:26.438+0000][11420][safepoint   ] Safepoint "Cleanup", Time since last: 6062445600 ns, Reaching safepoint: 69500 ns, At safepoint: 12000 ns, Total: 81500 ns
[2023-11-22T19:21:27.442+0000][11420][safepoint   ] Safepoint "Cleanup", Time since last: 1003615800 ns, Reaching safepoint: 117600 ns, At safepoint: 21000 ns, Total: 138600 ns
[2023-11-22T19:21:29.465+0000][11420][safepoint   ] Safepoint "Cleanup", Time since last: 2023096100 ns, Reaching safepoint: 121000 ns, At safepoint: 28100 ns, Total: 149100 ns
[2023-11-22T19:21:30.485+0000][11420][safepoint   ] Safepoint "Cleanup", Time since last: 1019519000 ns, Reaching safepoint: 224500 ns, At safepoint: 35000 ns, Total: 259500 ns
[2023-11-22T19:21:56.693+0000][11420][safepoint   ] Safepoint "Cleanup", Time since last: 26208012000 ns, Reaching safepoint: 79200 ns, At safepoint: 22400 ns, Total: 101600 ns
[2023-11-22T19:21:59.719+0000][11420][safepoint   ] Safepoint "Cleanup", Time since last: 3025880000 ns, Reaching safepoint: 148600 ns, At safepoint: 28900 ns, Total: 177500 ns
[2023-11-22T19:22:01.736+0000][11420][safepoint   ] Safepoint "Cleanup", Time since last: 2016438600 ns, Reaching safepoint: 127300 ns, At safepoint: 17500 ns, Total: 144800 ns
[2023-11-22T19:22:05.780+0000][11420][safepoint   ] Safepoint "Cleanup", Time since last: 4044100000 ns, Reaching safepoint: 199800 ns, At safepoint: 20400 ns, Total: 220200 ns
[2023-11-22T19:22:06.791+0000][11420][safepoint   ] Safepoint "Cleanup", Time since last: 1010612800 ns, Reaching safepoint: 109600 ns, At safepoint: 28100 ns, Total: 137700 ns
[2023-11-22T19:22:08.831+0000][11420][safepoint   ] Safepoint "Cleanup", Time since last: 2039819200 ns, Reaching safepoint: 101000 ns, At safepoint: 24200 ns, Total: 125200 ns
[2023-11-22T19:22:11.871+0000][11420][safepoint   ] Safepoint "Cleanup", Time since last: 3039889300 ns, Reaching safepoint: 170100 ns, At safepoint: 22000 ns, Total: 192100 ns
[2023-11-22T19:22:14.913+0000][11420][safepoint   ] Safepoint "Cleanup", Time since last: 3041810000 ns, Reaching safepoint: 130400 ns, At safepoint: 19300 ns, Total: 149700 ns
[2023-11-22T19:22:18.956+0000][11420][safepoint   ] Safepoint "Cleanup", Time since last: 4043688600 ns, Reaching safepoint: 120000 ns, At safepoint: 19200 ns, Total: 139200 ns
[2023-11-22T19:22:19.983+0000][11420][safepoint   ] Safepoint "Cleanup", Time since last: 1026123700 ns, Reaching safepoint: 103800 ns, At safepoint: 25100 ns, Total: 128900 ns
[2023-11-22T19:22:20.983+0000][11420][safepoint   ] Safepoint "Cleanup", Time since last: 1000398600 ns, Reaching safepoint: 98600 ns, At safepoint: 13200 ns, Total: 111800 ns
[2023-11-22T19:22:26.007+0000][11420][safepoint   ] Safepoint "Cleanup", Time since last: 5023480300 ns, Reaching safepoint: 104100 ns, At safepoint: 21200 ns, Total: 125300 ns
[2023-11-22T19:22:27.017+0000][11420][safepoint   ] Safepoint "Cleanup", Time since last: 1010761400 ns, Reaching safepoint: 104100 ns, At safepoint: 85700 ns, Total: 189800 ns
[2023-11-22T19:22:37.091+0000][11420][safepoint   ] Safepoint "Cleanup", Time since last: 10073077700 ns, Reaching safepoint: 90800 ns, At safepoint: 28100 ns, Total: 118900 ns
[2023-11-22T19:22:38.099+0000][11420][safepoint   ] Safepoint "Cleanup", Time since last: 1007613000 ns, Reaching safepoint: 103900 ns, At safepoint: 28600 ns, Total: 132500 ns
[2023-11-22T19:22:39.113+0000][11420][safepoint   ] Safepoint "Cleanup", Time since last: 1013940300 ns, Reaching safepoint: 147500 ns, At safepoint: 19500 ns, Total: 167000 ns
[2023-11-22T19:22:41.129+0000][11420][safepoint   ] Safepoint "Cleanup", Time since last: 2015809900 ns, Reaching safepoint: 206100 ns, At safepoint: 34100 ns, Total: 240200 ns
[2023-11-22T19:23:12.428+0000][11420][safepoint   ] Safepoint "Cleanup", Time since last: 31299438000 ns, Reaching safepoint: 125700 ns, At safepoint: 22900 ns, Total: 148600 ns
[2023-11-22T19:23:21.563+0000][11420][safepoint   ] Safepoint "Cleanup", Time since last: 9134380500 ns, Reaching safepoint: 64700 ns, At safepoint: 53100 ns, Total: 117800 ns
[2023-11-22T19:23:26.622+0000][11420][safepoint   ] Safepoint "Cleanup", Time since last: 5058422500 ns, Reaching safepoint: 142300 ns, At safepoint: 26000 ns, Total: 168300 ns
[2023-11-22T19:23:28.645+0000][11420][safepoint   ] Safepoint "Cleanup", Time since last: 2022853700 ns, Reaching safepoint: 173300 ns, At safepoint: 36200 ns, Total: 209500 ns
[2023-11-22T19:23:30.654+0000][11420][safepoint   ] Safepoint "Cleanup", Time since last: 2008835400 ns, Reaching safepoint: 145200 ns, At safepoint: 24300 ns, Total: 169500 ns
[2023-11-22T19:23:47.843+0000][11420][safepoint   ] Safepoint "Cleanup", Time since last: 17188858400 ns, Reaching safepoint: 213200 ns, At safepoint: 32000 ns, Total: 245200 ns
[2023-11-22T19:23:50.859+0000][11420][safepoint   ] Safepoint "Cleanup", Time since last: 3016091100 ns, Reaching safepoint: 122100 ns, At safepoint: 22900 ns, Total: 145000 ns
[2023-11-22T19:23:51.877+0000][11420][safepoint   ] Safepoint "Cleanup", Time since last: 1017340000 ns, Reaching safepoint: 801200 ns, At safepoint: 97500 ns, Total: 898700 ns
[2023-11-22T19:23:57.857+0000][11420][safepoint   ] Safepoint "Cleanup", Time since last: 5979429300 ns, Reaching safepoint: 728700 ns, At safepoint: 49200 ns, Total: 777900 ns
[2023-11-22T19:24:12.030+0000][11420][safepoint   ] Safepoint "Cleanup", Time since last: 14172442000 ns, Reaching safepoint: 178400 ns, At safepoint: 84900 ns, Total: 263300 ns
[2023-11-22T19:24:15.039+0000][11420][safepoint   ] Safepoint "Cleanup", Time since last: 3008937800 ns, Reaching safepoint: 151800 ns, At safepoint: 49800 ns, Total: 201600 ns
[2023-11-22T19:24:17.060+0000][11420][safepoint   ] Safepoint "Cleanup", Time since last: 2020264800 ns, Reaching safepoint: 220200 ns, At safepoint: 32400 ns, Total: 252600 ns
[2023-11-22T19:24:22.106+0000][11420][safepoint   ] Safepoint "Cleanup", Time since last: 5046054800 ns, Reaching safepoint: 145900 ns, At safepoint: 21900 ns, Total: 167800 ns
[2023-11-22T19:24:33.219+0000][11420][safepoint   ] Safepoint "Cleanup", Time since last: 11112646400 ns, Reaching safepoint: 185200 ns, At safepoint: 11200 ns, Total: 196400 ns
[2023-11-22T19:24:42.293+0000][11420][safepoint   ] Safepoint "Cleanup", Time since last: 9073667600 ns, Reaching safepoint: 136300 ns, At safepoint: 26200 ns, Total: 162500 ns
[2023-11-22T19:24:50.355+0000][11420][safepoint   ] Safepoint "Cleanup", Time since last: 8061836800 ns, Reaching safepoint: 185700 ns, At safepoint: 20200 ns, Total: 205900 ns
[2023-11-22T19:24:58.409+0000][11420][safepoint   ] Safepoint "Cleanup", Time since last: 8054351900 ns, Reaching safepoint: 175100 ns, At safepoint: 27300 ns, Total: 202400 ns
[2023-11-22T19:25:09.488+0000][11420][safepoint   ] Safepoint "Cleanup", Time since last: 11078815000 ns, Reaching safepoint: 108300 ns, At safepoint: 9800 ns, Total: 118100 ns
[2023-11-22T19:25:12.522+0000][11420][safepoint   ] Safepoint "Cleanup", Time since last: 3033192800 ns, Reaching safepoint: 150900 ns, At safepoint: 18400 ns, Total: 169300 ns
[2023-11-22T19:25:27.961+0000][11420][gc,start    ] GC(17) Pause Young (Normal) (G1 Evacuation Pause)
[2023-11-22T19:25:27.962+0000][11420][gc,task     ] GC(17) Using 8 workers of 8 for evacuation
[2023-11-22T19:25:27.962+0000][11420][gc,age      ] GC(17) Desired survivor size 159383552 bytes, new threshold 15 (max threshold 15)
[2023-11-22T19:25:27.987+0000][11420][gc,phases   ] GC(17)   Pre Evacuate Collection Set: 0.7ms
[2023-11-22T19:25:27.987+0000][11420][gc,phases   ] GC(17)   Merge Heap Roots: 0.7ms
[2023-11-22T19:25:27.987+0000][11420][gc,phases   ] GC(17)   Evacuate Collection Set: 19.2ms
[2023-11-22T19:25:27.987+0000][11420][gc,phases   ] GC(17)   Post Evacuate Collection Set: 3.2ms
[2023-11-22T19:25:27.987+0000][11420][gc,phases   ] GC(17)   Other: 0.6ms
[2023-11-22T19:25:27.987+0000][11420][gc,age      ] GC(17) Age table with threshold 15 (max threshold 15)
[2023-11-22T19:25:27.987+0000][11420][gc,age      ] GC(17) - age   1:    1784336 bytes,    1784336 total
[2023-11-22T19:25:27.987+0000][11420][gc,age      ] GC(17) - age   2:     329232 bytes,    2113568 total
[2023-11-22T19:25:27.987+0000][11420][gc,age      ] GC(17) - age   3:     263472 bytes,    2377040 total
[2023-11-22T19:25:27.987+0000][11420][gc,age      ] GC(17) - age   4:    7711920 bytes,   10088960 total
[2023-11-22T19:25:27.987+0000][11420][gc,age      ] GC(17) - age   5:   22838264 bytes,   32927224 total
[2023-11-22T19:25:27.987+0000][11420][gc,age      ] GC(17) - age   6:   11522208 bytes,   44449432 total
[2023-11-22T19:25:27.987+0000][11420][gc,heap     ] GC(17) Eden regions: 593->0(593)
[2023-11-22T19:25:27.987+0000][11420][gc,heap     ] GC(17) Survivor regions: 13->13(76)
[2023-11-22T19:25:27.987+0000][11420][gc,heap     ] GC(17) Old regions: 22->22
[2023-11-22T19:25:27.987+0000][11420][gc,heap     ] GC(17) Archive regions: 0->0
[2023-11-22T19:25:27.987+0000][11420][gc,heap     ] GC(17) Humongous regions: 2->2
[2023-11-22T19:25:27.987+0000][11420][gc,metaspace] GC(17) Metaspace: 138176K(141760K)->138176K(141760K) NonClass: 119838K(121728K)->119838K(121728K) Class: 18337K(20032K)->18337K(20032K)
[2023-11-22T19:25:27.987+0000][11420][gc          ] GC(17) Pause Young (Normal) (G1 Evacuation Pause) 2512M->141M(4040M) 26.737ms
[2023-11-22T19:25:27.987+0000][11420][gc,cpu      ] GC(17) User=0.22s Sys=0.00s Real=0.03s
[2023-11-22T19:25:27.987+0000][11420][safepoint   ] Safepoint "G1CollectForAllocation", Time since last: 15438840100 ns, Reaching safepoint: 111700 ns, At safepoint: 26876000 ns, Total: 26987700 ns
[2023-11-22T19:25:30.004+0000][11420][safepoint   ] Safepoint "Cleanup", Time since last: 2016008600 ns, Reaching safepoint: 154400 ns, At safepoint: 17000 ns, Total: 171400 ns
[2023-11-22T19:25:33.044+0000][11420][safepoint   ] Safepoint "Cleanup", Time since last: 3039873000 ns, Reaching safepoint: 167700 ns, At safepoint: 12700 ns, Total: 180400 ns
[2023-11-22T19:25:34.055+0000][11420][safepoint   ] Safepoint "Cleanup", Time since last: 1011711500 ns, Reaching safepoint: 145100 ns, At safepoint: 10100 ns, Total: 155200 ns
[2023-11-22T19:25:40.103+0000][11420][safepoint   ] Safepoint "Cleanup", Time since last: 6047592700 ns, Reaching safepoint: 214600 ns, At safepoint: 20800 ns, Total: 235400 ns
[2023-11-22T19:25:42.122+0000][11420][safepoint   ] Safepoint "Cleanup", Time since last: 2018110800 ns, Reaching safepoint: 145600 ns, At safepoint: 13600 ns, Total: 159200 ns
[2023-11-22T19:25:45.154+0000][11420][safepoint   ] Safepoint "Cleanup", Time since last: 3031983800 ns, Reaching safepoint: 150600 ns, At safepoint: 11900 ns, Total: 162500 ns
[2023-11-22T19:25:53.214+0000][11420][safepoint   ] Safepoint "Cleanup", Time since last: 8060491500 ns, Reaching safepoint: 192800 ns, At safepoint: 14900 ns, Total: 207700 ns
[2023-11-22T19:26:02.272+0000][11420][safepoint   ] Safepoint "Cleanup", Time since last: 9057028000 ns, Reaching safepoint: 193400 ns, At safepoint: 20600 ns, Total: 214000 ns
[2023-11-22T19:26:09.355+0000][11420][safepoint   ] Safepoint "Cleanup", Time since last: 7083359000 ns, Reaching safepoint: 117700 ns, At safepoint: 49500 ns, Total: 167200 ns
[2023-11-22T19:26:18.418+0000][11420][safepoint   ] Safepoint "Cleanup", Time since last: 9062879100 ns, Reaching safepoint: 163700 ns, At safepoint: 17700 ns, Total: 181400 ns
[2023-11-22T19:26:24.470+0000][11420][safepoint   ] Safepoint "Cleanup", Time since last: 6051893100 ns, Reaching safepoint: 141700 ns, At safepoint: 16800 ns, Total: 158500 ns
[2023-11-22T19:26:31.550+0000][11420][safepoint   ] Safepoint "Cleanup", Time since last: 7079177200 ns, Reaching safepoint: 97200 ns, At safepoint: 11400 ns, Total: 108600 ns
[2023-11-22T19:26:33.579+0000][11420][safepoint   ] Safepoint "Cleanup", Time since last: 2029388200 ns, Reaching safepoint: 91000 ns, At safepoint: 9700 ns, Total: 100700 ns
[2023-11-22T19:26:34.593+0000][11420][safepoint   ] Safepoint "Cleanup", Time since last: 1014040000 ns, Reaching safepoint: 131100 ns, At safepoint: 79700 ns, Total: 210800 ns
[2023-11-22T19:26:40.663+0000][11420][safepoint   ] Safepoint "Cleanup", Time since last: 6069508400 ns, Reaching safepoint: 96700 ns, At safepoint: 19300 ns, Total: 116000 ns
[2023-11-22T19:27:00.800+0000][11420][safepoint   ] Safepoint "Cleanup", Time since last: 20136616500 ns, Reaching safepoint: 99800 ns, At safepoint: 20900 ns, Total: 120700 ns
[2023-11-22T19:27:03.812+0000][11420][safepoint   ] Safepoint "Cleanup", Time since last: 3011954800 ns, Reaching safepoint: 129800 ns, At safepoint: 37500 ns, Total: 167300 ns
[2023-11-22T19:27:11.902+0000][11420][safepoint   ] Safepoint "Cleanup", Time since last: 8090140400 ns, Reaching safepoint: 102500 ns, At safepoint: 12500 ns, Total: 115000 ns
[2023-11-22T19:27:16.932+0000][11420][safepoint   ] Safepoint "Cleanup", Time since last: 5030201700 ns, Reaching safepoint: 168100 ns, At safepoint: 19000 ns, Total: 187100 ns
[2023-11-22T19:27:22.990+0000][11420][safepoint   ] Safepoint "Cleanup", Time since last: 6057809100 ns, Reaching safepoint: 76600 ns, At safepoint: 9300 ns, Total: 85900 ns
[2023-11-22T19:27:23.992+0000][11420][safepoint   ] Safepoint "Cleanup", Time since last: 1001580900 ns, Reaching safepoint: 206800 ns, At safepoint: 20900 ns, Total: 227700 ns
[2023-11-22T19:27:29.035+0000][11420][safepoint   ] Safepoint "Cleanup", Time since last: 5042263800 ns, Reaching safepoint: 182500 ns, At safepoint: 18200 ns, Total: 200700 ns
[2023-11-22T19:27:33.076+0000][11420][safepoint   ] Safepoint "Cleanup", Time since last: 4040960200 ns, Reaching safepoint: 136800 ns, At safepoint: 10900 ns, Total: 147700 ns
[2023-11-22T19:27:34.078+0000][11420][safepoint   ] Safepoint "Cleanup", Time since last: 1002443400 ns, Reaching safepoint: 116100 ns, At safepoint: 11900 ns, Total: 128000 ns
[2023-11-22T19:27:43.134+0000][11420][safepoint   ] Safepoint "Cleanup", Time since last: 9055900000 ns, Reaching safepoint: 144400 ns, At safepoint: 21800 ns, Total: 166200 ns
[2023-11-22T19:27:47.166+0000][11420][safepoint   ] Safepoint "Cleanup", Time since last: 4031106100 ns, Reaching safepoint: 95900 ns, At safepoint: 17400 ns, Total: 113300 ns
[2023-11-22T19:27:49.181+0000][11420][safepoint   ] Safepoint "Cleanup", Time since last: 2015141100 ns, Reaching safepoint: 224200 ns, At safepoint: 18100 ns, Total: 242300 ns
[2023-11-22T19:27:58.231+0000][11420][safepoint   ] Safepoint "Cleanup", Time since last: 9049580700 ns, Reaching safepoint: 186300 ns, At safepoint: 26600 ns, Total: 212900 ns
[2023-11-22T19:27:59.246+0000][11420][safepoint   ] Safepoint "Cleanup", Time since last: 1015637000 ns, Reaching safepoint: 89800 ns, At safepoint: 16800 ns, Total: 106600 ns
[2023-11-22T19:28:12.379+0000][11420][safepoint   ] Safepoint "Cleanup", Time since last: 13132779800 ns, Reaching safepoint: 87200 ns, At safepoint: 16800 ns, Total: 104000 ns
[2023-11-22T19:28:15.417+0000][11420][safepoint   ] Safepoint "Cleanup", Time since last: 3037307200 ns, Reaching safepoint: 146000 ns, At safepoint: 51200 ns, Total: 197200 ns
[2023-11-22T19:28:19.443+0000][11420][safepoint   ] Safepoint "Cleanup", Time since last: 4026145800 ns, Reaching safepoint: 171600 ns, At safepoint: 23000 ns, Total: 194600 ns
[2023-11-22T19:28:28.125+0000][11420][safepoint   ] Safepoint "Cleanup", Time since last: 8681409500 ns, Reaching safepoint: 168500 ns, At safepoint: 77500 ns, Total: 246000 ns
[2023-11-22T19:28:34.182+0000][11420][safepoint   ] Safepoint "Cleanup", Time since last: 6056837900 ns, Reaching safepoint: 111100 ns, At safepoint: 11400 ns, Total: 122500 ns
[2023-11-22T19:28:42.264+0000][11420][safepoint   ] Safepoint "Cleanup", Time since last: 8082163200 ns, Reaching safepoint: 165700 ns, At safepoint: 14000 ns, Total: 179700 ns
[2023-11-22T19:28:47.298+0000][11420][safepoint   ] Safepoint "Cleanup", Time since last: 5033197100 ns, Reaching safepoint: 143200 ns, At safepoint: 11800 ns, Total: 155000 ns
[2023-11-22T19:28:53.351+0000][11420][safepoint   ] Safepoint "Cleanup", Time since last: 6053274400 ns, Reaching safepoint: 181500 ns, At safepoint: 21100 ns, Total: 202600 ns
[2023-11-22T19:28:54.359+0000][11420][safepoint   ] Safepoint "Cleanup", Time since last: 1008234100 ns, Reaching safepoint: 204100 ns, At safepoint: 32900 ns, Total: 237000 ns
[2023-11-22T19:28:57.376+0000][11420][safepoint   ] Safepoint "Cleanup", Time since last: 3015919000 ns, Reaching safepoint: 187200 ns, At safepoint: 23500 ns, Total: 210700 ns
[2023-11-22T19:29:00.412+0000][11420][safepoint   ] Safepoint "Cleanup", Time since last: 3036474300 ns, Reaching safepoint: 161700 ns, At safepoint: 60500 ns, Total: 222200 ns
[2023-11-22T19:29:03.445+0000][11420][safepoint   ] Safepoint "Cleanup", Time since last: 3032839700 ns, Reaching safepoint: 135400 ns, At safepoint: 12900 ns, Total: 148300 ns
[2023-11-22T19:29:08.498+0000][11420][safepoint   ] Safepoint "Cleanup", Time since last: 5052510100 ns, Reaching safepoint: 123300 ns, At safepoint: 17200 ns, Total: 140500 ns
[2023-11-22T19:29:11.527+0000][11420][safepoint   ] Safepoint "Cleanup", Time since last: 3029019100 ns, Reaching safepoint: 207400 ns, At safepoint: 25200 ns, Total: 232600 ns
[2023-11-22T19:29:15.557+0000][11420][safepoint   ] Safepoint "Cleanup", Time since last: 4029487500 ns, Reaching safepoint: 163300 ns, At safepoint: 14600 ns, Total: 177900 ns
[2023-11-22T19:29:26.667+0000][11420][safepoint   ] Safepoint "Cleanup", Time since last: 11109393900 ns, Reaching safepoint: 664100 ns, At safepoint: 74500 ns, Total: 738600 ns
[2023-11-22T19:29:51.893+0000][11420][safepoint   ] Safepoint "Cleanup", Time since last: 25225668400 ns, Reaching safepoint: 111000 ns, At safepoint: 7900 ns, Total: 118900 ns
[2023-11-22T19:29:59.968+0000][11420][safepoint   ] Safepoint "Cleanup", Time since last: 8075459400 ns, Reaching safepoint: 159300 ns, At safepoint: 17400 ns, Total: 176700 ns
[2023-11-22T19:30:12.052+0000][11420][safepoint   ] Safepoint "Cleanup", Time since last: 12083292400 ns, Reaching safepoint: 182800 ns, At safepoint: 20600 ns, Total: 203400 ns
[2023-11-22T19:30:13.057+0000][11420][safepoint   ] Safepoint "Cleanup", Time since last: 1004953300 ns, Reaching safepoint: 147000 ns, At safepoint: 10000 ns, Total: 157000 ns
[2023-11-22T19:30:16.100+0000][11420][safepoint   ] Safepoint "Cleanup", Time since last: 3042853400 ns, Reaching safepoint: 98600 ns, At safepoint: 12500 ns, Total: 111100 ns
[2023-11-22T19:30:17.107+0000][11420][safepoint   ] Safepoint "Cleanup", Time since last: 1006525000 ns, Reaching safepoint: 99100 ns, At safepoint: 32200 ns, Total: 131300 ns
[2023-11-22T19:30:25.173+0000][11420][safepoint   ] Safepoint "Cleanup", Time since last: 8065713800 ns, Reaching safepoint: 181700 ns, At safepoint: 17500 ns, Total: 199200 ns
[2023-11-22T19:30:35.265+0000][11420][safepoint   ] Safepoint "Cleanup", Time since last: 10092301700 ns, Reaching safepoint: 118500 ns, At safepoint: 9400 ns, Total: 127900 ns
[2023-11-22T19:30:40.295+0000][11420][safepoint   ] Safepoint "Cleanup", Time since last: 5030169700 ns, Reaching safepoint: 225800 ns, At safepoint: 31800 ns, Total: 257600 ns
[2023-11-22T19:30:55.463+0000][11420][safepoint   ] Safepoint "Cleanup", Time since last: 15167216000 ns, Reaching safepoint: 166500 ns, At safepoint: 11300 ns, Total: 177800 ns
[2023-11-22T19:30:58.475+0000][11420][safepoint   ] Safepoint "Cleanup", Time since last: 3011970800 ns, Reaching safepoint: 150000 ns, At safepoint: 14900 ns, Total: 164900 ns
[2023-11-22T19:30:59.483+0000][11420][safepoint   ] Safepoint "Cleanup", Time since last: 1008225800 ns, Reaching safepoint: 135700 ns, At safepoint: 14100 ns, Total: 149800 ns
[2023-11-22T19:31:00.490+0000][11420][safepoint   ] Safepoint "Cleanup", Time since last: 1006607000 ns, Reaching safepoint: 311300 ns, At safepoint: 17800 ns, Total: 329100 ns
[2023-11-22T19:31:03.532+0000][11420][safepoint   ] Safepoint "Cleanup", Time since last: 3041135300 ns, Reaching safepoint: 157400 ns, At safepoint: 13200 ns, Total: 170600 ns
[2023-11-22T19:31:11.586+0000][11420][safepoint   ] Safepoint "Cleanup", Time since last: 8054497000 ns, Reaching safepoint: 138700 ns, At safepoint: 19000 ns, Total: 157700 ns
[2023-11-22T19:31:12.604+0000][11420][safepoint   ] Safepoint "Cleanup", Time since last: 1017206800 ns, Reaching safepoint: 142800 ns, At safepoint: 13500 ns, Total: 156300 ns
[2023-11-22T19:31:23.698+0000][11420][safepoint   ] Safepoint "Cleanup", Time since last: 11094442600 ns, Reaching safepoint: 181700 ns, At safepoint: 57200 ns, Total: 238900 ns
[2023-11-22T19:31:43.835+0000][11420][safepoint   ] Safepoint "Cleanup", Time since last: 20137112400 ns, Reaching safepoint: 92200 ns, At safepoint: 20000 ns, Total: 112200 ns
[2023-11-22T19:31:46.840+0000][11420][safepoint   ] Safepoint "Cleanup", Time since last: 3004019100 ns, Reaching safepoint: 105900 ns, At safepoint: 11500 ns, Total: 117400 ns
[2023-11-22T19:31:49.871+0000][11420][safepoint   ] Safepoint "Cleanup", Time since last: 3031456500 ns, Reaching safepoint: 158700 ns, At safepoint: 16100 ns, Total: 174800 ns
[2023-11-22T19:31:51.881+0000][11420][safepoint   ] Safepoint "Cleanup", Time since last: 2009613100 ns, Reaching safepoint: 200500 ns, At safepoint: 11500 ns, Total: 212000 ns
[2023-11-22T19:31:52.888+0000][11420][safepoint   ] Safepoint "Cleanup", Time since last: 1006821300 ns, Reaching safepoint: 149100 ns, At safepoint: 10100 ns, Total: 159200 ns
[2023-11-22T19:32:04.978+0000][11420][safepoint   ] Safepoint "Cleanup", Time since last: 12089715600 ns, Reaching safepoint: 712100 ns, At safepoint: 12500 ns, Total: 724600 ns
[2023-11-22T19:32:10.026+0000][11420][safepoint   ] Safepoint "Cleanup", Time since last: 5047365100 ns, Reaching safepoint: 121400 ns, At safepoint: 47800 ns, Total: 169200 ns
[2023-11-22T19:32:12.054+0000][11420][safepoint   ] Safepoint "Cleanup", Time since last: 2027334400 ns, Reaching safepoint: 141100 ns, At safepoint: 12600 ns, Total: 153700 ns
[2023-11-22T19:32:34.226+0000][11420][safepoint   ] Safepoint "Cleanup", Time since last: 22172117700 ns, Reaching safepoint: 252600 ns, At safepoint: 30100 ns, Total: 282700 ns
[2023-11-22T19:32:37.243+0000][11420][safepoint   ] Safepoint "Cleanup", Time since last: 3016461400 ns, Reaching safepoint: 185500 ns, At safepoint: 37700 ns, Total: 223200 ns
[2023-11-22T19:32:38.256+0000][11420][safepoint   ] Safepoint "Cleanup", Time since last: 1013217000 ns, Reaching safepoint: 185800 ns, At safepoint: 16900 ns, Total: 202700 ns
[2023-11-22T19:32:41.290+0000][11420][safepoint   ] Safepoint "Cleanup", Time since last: 3034288900 ns, Reaching safepoint: 184000 ns, At safepoint: 14100 ns, Total: 198100 ns
[2023-11-22T19:32:58.426+0000][11420][safepoint   ] Safepoint "Cleanup", Time since last: 17135196800 ns, Reaching safepoint: 209100 ns, At safepoint: 15500 ns, Total: 224600 ns
[2023-11-22T19:33:10.536+0000][11420][safepoint   ] Safepoint "Cleanup", Time since last: 12110109200 ns, Reaching safepoint: 126200 ns, At safepoint: 54300 ns, Total: 180500 ns
[2023-11-22T19:33:12.545+0000][11420][safepoint   ] Safepoint "Cleanup", Time since last: 2008403800 ns, Reaching safepoint: 184800 ns, At safepoint: 16300 ns, Total: 201100 ns
[2023-11-22T19:33:16.572+0000][11420][safepoint   ] Safepoint "Cleanup", Time since last: 4027333100 ns, Reaching safepoint: 142400 ns, At safepoint: 68200 ns, Total: 210600 ns
[2023-11-22T19:33:23.632+0000][11420][safepoint   ] Safepoint "Cleanup", Time since last: 7059055100 ns, Reaching safepoint: 118900 ns, At safepoint: 5800 ns, Total: 124700 ns
[2023-11-22T19:33:34.741+0000][11420][safepoint   ] Safepoint "Cleanup", Time since last: 11109141900 ns, Reaching safepoint: 152700 ns, At safepoint: 12500 ns, Total: 165200 ns
[2023-11-22T19:33:35.755+0000][11420][safepoint   ] Safepoint "Cleanup", Time since last: 1013652700 ns, Reaching safepoint: 113800 ns, At safepoint: 17000 ns, Total: 130800 ns
[2023-11-22T19:33:46.862+0000][11420][safepoint   ] Safepoint "Cleanup", Time since last: 11107346600 ns, Reaching safepoint: 111100 ns, At safepoint: 9800 ns, Total: 120900 ns
[2023-11-22T19:34:05.018+0000][11420][safepoint   ] Safepoint "Cleanup", Time since last: 18155342600 ns, Reaching safepoint: 159300 ns, At safepoint: 11300 ns, Total: 170600 ns
[2023-11-22T19:34:07.025+0000][11420][safepoint   ] Safepoint "Cleanup", Time since last: 2007406900 ns, Reaching safepoint: 101200 ns, At safepoint: 15000 ns, Total: 116200 ns
[2023-11-22T19:34:09.046+0000][11420][safepoint   ] Safepoint "Cleanup", Time since last: 2020501000 ns, Reaching safepoint: 172600 ns, At safepoint: 24700 ns, Total: 197300 ns
[2023-11-22T19:34:11.069+0000][11420][safepoint   ] Safepoint "Cleanup", Time since last: 2023082600 ns, Reaching safepoint: 119800 ns, At safepoint: 10400 ns, Total: 130200 ns
[2023-11-22T19:34:12.676+0000][11420][safepoint   ] Safepoint "Cleanup", Time since last: 1606511200 ns, Reaching safepoint: 145600 ns, At safepoint: 81500 ns, Total: 227100 ns
[2023-11-22T19:34:16.704+0000][11420][safepoint   ] Safepoint "Cleanup", Time since last: 4027901500 ns, Reaching safepoint: 110400 ns, At safepoint: 63600 ns, Total: 174000 ns
[2023-11-22T19:34:17.717+0000][11420][safepoint   ] Safepoint "Cleanup", Time since last: 1012745300 ns, Reaching safepoint: 114500 ns, At safepoint: 31500 ns, Total: 146000 ns
[2023-11-22T19:34:22.750+0000][11420][safepoint   ] Safepoint "Cleanup", Time since last: 5032631800 ns, Reaching safepoint: 108000 ns, At safepoint: 60400 ns, Total: 168400 ns
[2023-11-22T19:34:34.838+0000][11420][safepoint   ] Safepoint "Cleanup", Time since last: 12088422300 ns, Reaching safepoint: 130700 ns, At safepoint: 58500 ns, Total: 189200 ns
[2023-11-22T19:34:47.954+0000][11420][safepoint   ] Safepoint "Cleanup", Time since last: 13115916500 ns, Reaching safepoint: 95300 ns, At safepoint: 31200 ns, Total: 126500 ns
[2023-11-22T19:34:52.982+0000][11420][safepoint   ] Safepoint "Cleanup", Time since last: 5027361900 ns, Reaching safepoint: 84500 ns, At safepoint: 14500 ns, Total: 99000 ns
[2023-11-22T19:34:59.032+0000][11420][safepoint   ] Safepoint "Cleanup", Time since last: 6049795900 ns, Reaching safepoint: 145000 ns, At safepoint: 68800 ns, Total: 213800 ns
[2023-11-22T19:35:12.136+0000][11420][safepoint   ] Safepoint "Cleanup", Time since last: 13103996200 ns, Reaching safepoint: 91700 ns, At safepoint: 65600 ns, Total: 157300 ns
[2023-11-22T19:35:40.385+0000][11420][safepoint   ] Safepoint "Cleanup", Time since last: 28248854300 ns, Reaching safepoint: 126000 ns, At safepoint: 63200 ns, Total: 189200 ns
[2023-11-22T19:35:52.495+0000][11420][safepoint   ] Safepoint "Cleanup", Time since last: 12109629100 ns, Reaching safepoint: 102200 ns, At safepoint: 29200 ns, Total: 131400 ns
[2023-11-22T19:36:04.637+0000][11420][safepoint   ] Safepoint "Cleanup", Time since last: 12141929400 ns, Reaching safepoint: 145900 ns, At safepoint: 22500 ns, Total: 168400 ns
[2023-11-22T19:36:05.645+0000][11420][safepoint   ] Safepoint "Cleanup", Time since last: 1008290100 ns, Reaching safepoint: 133300 ns, At safepoint: 16700 ns, Total: 150000 ns
[2023-11-22T19:36:07.664+0000][11420][safepoint   ] Safepoint "Cleanup", Time since last: 2018662700 ns, Reaching safepoint: 121100 ns, At safepoint: 13600 ns, Total: 134700 ns
[2023-11-22T19:36:10.695+0000][11420][safepoint   ] Safepoint "Cleanup", Time since last: 3030666900 ns, Reaching safepoint: 65600 ns, At safepoint: 13000 ns, Total: 78600 ns
[2023-11-22T19:36:11.710+0000][11420][safepoint   ] Safepoint "Cleanup", Time since last: 1015201500 ns, Reaching safepoint: 101500 ns, At safepoint: 65600 ns, Total: 167100 ns
[2023-11-22T19:36:16.827+0000][11420][gc,start    ] GC(18) Pause Young (Normal) (G1 Evacuation Pause)
[2023-11-22T19:36:16.827+0000][11420][gc,task     ] GC(18) Using 8 workers of 8 for evacuation
[2023-11-22T19:36:16.827+0000][11420][gc,age      ] GC(18) Desired survivor size 159383552 bytes, new threshold 15 (max threshold 15)
[2023-11-22T19:36:16.853+0000][11420][gc,phases   ] GC(18)   Pre Evacuate Collection Set: 0.3ms
[2023-11-22T19:36:16.853+0000][11420][gc,phases   ] GC(18)   Merge Heap Roots: 0.4ms
[2023-11-22T19:36:16.853+0000][11420][gc,phases   ] GC(18)   Evacuate Collection Set: 22.5ms
[2023-11-22T19:36:16.853+0000][11420][gc,phases   ] GC(18)   Post Evacuate Collection Set: 2.9ms
[2023-11-22T19:36:16.853+0000][11420][gc,phases   ] GC(18)   Other: 0.3ms
[2023-11-22T19:36:16.853+0000][11420][gc,age      ] GC(18) Age table with threshold 15 (max threshold 15)
[2023-11-22T19:36:16.853+0000][11420][gc,age      ] GC(18) - age   1:    1469512 bytes,    1469512 total
[2023-11-22T19:36:16.853+0000][11420][gc,age      ] GC(18) - age   2:      33496 bytes,    1503008 total
[2023-11-22T19:36:16.853+0000][11420][gc,age      ] GC(18) - age   3:     107328 bytes,    1610336 total
[2023-11-22T19:36:16.853+0000][11420][gc,age      ] GC(18) - age   4:      42664 bytes,    1653000 total
[2023-11-22T19:36:16.853+0000][11420][gc,age      ] GC(18) - age   5:    7130392 bytes,    8783392 total
[2023-11-22T19:36:16.853+0000][11420][gc,age      ] GC(18) - age   6:   22835472 bytes,   31618864 total
[2023-11-22T19:36:16.853+0000][11420][gc,age      ] GC(18) - age   7:   11521936 bytes,   43140800 total
[2023-11-22T19:36:16.853+0000][11420][gc,heap     ] GC(18) Eden regions: 593->0(594)
[2023-11-22T19:36:16.853+0000][11420][gc,heap     ] GC(18) Survivor regions: 13->12(76)
[2023-11-22T19:36:16.853+0000][11420][gc,heap     ] GC(18) Old regions: 22->22
[2023-11-22T19:36:16.853+0000][11420][gc,heap     ] GC(18) Archive regions: 0->0
[2023-11-22T19:36:16.853+0000][11420][gc,heap     ] GC(18) Humongous regions: 2->2
[2023-11-22T19:36:16.853+0000][11420][gc,metaspace] GC(18) Metaspace: 138311K(141952K)->138311K(141952K) NonClass: 119972K(121920K)->119972K(121920K) Class: 18339K(20032K)->18339K(20032K)
[2023-11-22T19:36:16.853+0000][11420][gc          ] GC(18) Pause Young (Normal) (G1 Evacuation Pause) 2513M->138M(4040M) 27.022ms
[2023-11-22T19:36:16.853+0000][11420][gc,cpu      ] GC(18) User=0.12s Sys=0.02s Real=0.03s
[2023-11-22T19:36:16.853+0000][11420][safepoint   ] Safepoint "G1CollectForAllocation", Time since last: 5116392100 ns, Reaching safepoint: 175100 ns, At safepoint: 27178900 ns, Total: 27354000 ns
[2023-11-22T19:36:17.862+0000][11420][safepoint   ] Safepoint "Cleanup", Time since last: 1007786800 ns, Reaching safepoint: 145700 ns, At safepoint: 26600 ns, Total: 172300 ns
[2023-11-22T19:36:28.959+0000][11420][safepoint   ] Safepoint "Cleanup", Time since last: 11096644400 ns, Reaching safepoint: 168400 ns, At safepoint: 15200 ns, Total: 183600 ns
[2023-11-22T19:36:31.997+0000][11420][safepoint   ] Safepoint "Cleanup", Time since last: 3038099600 ns, Reaching safepoint: 115200 ns, At safepoint: 23500 ns, Total: 138700 ns
[2023-11-22T19:37:02.248+0000][11420][safepoint   ] Safepoint "Cleanup", Time since last: 30251087700 ns, Reaching safepoint: 103800 ns, At safepoint: 18500 ns, Total: 122300 ns
[2023-11-22T19:37:11.289+0000][11420][safepoint   ] Safepoint "Cleanup", Time since last: 9040367100 ns, Reaching safepoint: 208500 ns, At safepoint: 10200 ns, Total: 218700 ns
[2023-11-22T19:37:12.291+0000][11420][safepoint   ] Safepoint "Cleanup", Time since last: 1002010000 ns, Reaching safepoint: 100300 ns, At safepoint: 21400 ns, Total: 121700 ns
[2023-11-22T19:37:21.371+0000][11420][safepoint   ] Safepoint "Cleanup", Time since last: 9079791700 ns, Reaching safepoint: 124000 ns, At safepoint: 11600 ns, Total: 135600 ns
[2023-11-22T19:37:30.438+0000][11420][safepoint   ] Safepoint "Cleanup", Time since last: 9067473200 ns, Reaching safepoint: 177000 ns, At safepoint: 14100 ns, Total: 191100 ns
[2023-11-22T19:37:50.583+0000][11420][safepoint   ] Safepoint "Cleanup", Time since last: 20144787900 ns, Reaching safepoint: 87200 ns, At safepoint: 7900 ns, Total: 95100 ns
[2023-11-22T19:37:58.678+0000][11420][safepoint   ] Safepoint "Cleanup", Time since last: 8094513400 ns, Reaching safepoint: 119700 ns, At safepoint: 12700 ns, Total: 132400 ns
[2023-11-22T19:38:09.774+0000][11420][safepoint   ] Safepoint "Cleanup", Time since last: 11095693700 ns, Reaching safepoint: 105800 ns, At safepoint: 13300 ns, Total: 119100 ns
[2023-11-22T19:38:11.801+0000][11420][safepoint   ] Safepoint "Cleanup", Time since last: 2027372600 ns, Reaching safepoint: 132300 ns, At safepoint: 50300 ns, Total: 182600 ns
[2023-11-22T19:38:16.829+0000][11420][safepoint   ] Safepoint "Cleanup", Time since last: 5027887300 ns, Reaching safepoint: 122000 ns, At safepoint: 50300 ns, Total: 172300 ns
[2023-11-22T19:38:41.027+0000][11420][safepoint   ] Safepoint "Cleanup", Time since last: 24196588200 ns, Reaching safepoint: 784300 ns, At safepoint: 56700 ns, Total: 841000 ns
[2023-11-22T19:38:48.080+0000][11420][safepoint   ] Safepoint "Cleanup", Time since last: 7052855300 ns, Reaching safepoint: 146500 ns, At safepoint: 15600 ns, Total: 162100 ns
[2023-11-22T19:39:11.280+0000][11420][safepoint   ] Safepoint "Cleanup", Time since last: 23200272500 ns, Reaching safepoint: 118200 ns, At safepoint: 15100 ns, Total: 133300 ns
[2023-11-22T19:39:19.352+0000][11420][safepoint   ] Safepoint "Cleanup", Time since last: 8072291100 ns, Reaching safepoint: 682100 ns, At safepoint: 12000 ns, Total: 694100 ns
[2023-11-22T19:39:41.554+0000][11420][safepoint   ] Safepoint "Cleanup", Time since last: 22200802300 ns, Reaching safepoint: 118400 ns, At safepoint: 14000 ns, Total: 132400 ns
[2023-11-22T19:39:53.627+0000][11420][safepoint   ] Safepoint "Cleanup", Time since last: 12072703900 ns, Reaching safepoint: 124700 ns, At safepoint: 10900 ns, Total: 135600 ns
[2023-11-22T19:40:05.743+0000][11420][safepoint   ] Safepoint "Cleanup", Time since last: 12115736100 ns, Reaching safepoint: 171600 ns, At safepoint: 11100 ns, Total: 182700 ns
[2023-11-22T19:40:11.786+0000][11420][safepoint   ] Safepoint "Cleanup", Time since last: 6042813700 ns, Reaching safepoint: 130800 ns, At safepoint: 10500 ns, Total: 141300 ns
[2023-11-22T19:40:20.864+0000][11420][safepoint   ] Safepoint "Cleanup", Time since last: 9077551300 ns, Reaching safepoint: 116300 ns, At safepoint: 28600 ns, Total: 144900 ns
[2023-11-22T19:40:29.951+0000][11420][safepoint   ] Safepoint "Cleanup", Time since last: 9086807600 ns, Reaching safepoint: 134500 ns, At safepoint: 11600 ns, Total: 146100 ns
[2023-11-22T19:40:44.100+0000][11420][safepoint   ] Safepoint "Cleanup", Time since last: 14148896900 ns, Reaching safepoint: 125400 ns, At safepoint: 63600 ns, Total: 189000 ns
[2023-11-22T19:41:17.440+0000][11420][safepoint   ] Safepoint "Cleanup", Time since last: 33340226700 ns, Reaching safepoint: 127800 ns, At safepoint: 67000 ns, Total: 194800 ns
[2023-11-22T19:41:20.483+0000][11420][safepoint   ] Safepoint "Cleanup", Time since last: 3043307800 ns, Reaching safepoint: 135900 ns, At safepoint: 67300 ns, Total: 203200 ns
[2023-11-22T19:41:23.501+0000][11420][safepoint   ] Safepoint "Cleanup", Time since last: 3017549600 ns, Reaching safepoint: 71500 ns, At safepoint: 21600 ns, Total: 93100 ns
[2023-11-22T19:41:24.509+0000][11420][safepoint   ] Safepoint "Cleanup", Time since last: 1007281500 ns, Reaching safepoint: 144900 ns, At safepoint: 62900 ns, Total: 207800 ns
[2023-11-22T19:41:47.694+0000][11420][safepoint   ] Safepoint "Cleanup", Time since last: 23185600700 ns, Reaching safepoint: 114600 ns, At safepoint: 60700 ns, Total: 175300 ns
[2023-11-22T19:42:11.876+0000][11420][safepoint   ] Safepoint "Cleanup", Time since last: 24181078400 ns, Reaching safepoint: 85900 ns, At safepoint: 27100 ns, Total: 113000 ns
[2023-11-22T19:42:12.880+0000][11420][safepoint   ] Safepoint "Cleanup", Time since last: 1004116500 ns, Reaching safepoint: 112800 ns, At safepoint: 87200 ns, Total: 200000 ns
[2023-11-22T19:42:24.948+0000][11420][safepoint   ] Safepoint "Cleanup", Time since last: 12067670300 ns, Reaching safepoint: 110200 ns, At safepoint: 10300 ns, Total: 120500 ns
[2023-11-22T19:42:37.789+0000][11420][safepoint   ] Safepoint "Cleanup", Time since last: 12840538300 ns, Reaching safepoint: 164200 ns, At safepoint: 31600 ns, Total: 195800 ns
[2023-11-22T19:42:54.950+0000][11420][safepoint   ] Safepoint "Cleanup", Time since last: 17161314100 ns, Reaching safepoint: 179600 ns, At safepoint: 15700 ns, Total: 195300 ns
[2023-11-22T19:43:01.011+0000][11420][safepoint   ] Safepoint "Cleanup", Time since last: 6061154000 ns, Reaching safepoint: 187200 ns, At safepoint: 24300 ns, Total: 211500 ns
[2023-11-22T19:43:03.018+0000][11420][safepoint   ] Safepoint "Cleanup", Time since last: 2006063200 ns, Reaching safepoint: 211500 ns, At safepoint: 14900 ns, Total: 226400 ns
[2023-11-22T19:43:12.108+0000][11420][safepoint   ] Safepoint "Cleanup", Time since last: 9089907100 ns, Reaching safepoint: 152300 ns, At safepoint: 12000 ns, Total: 164300 ns
[2023-11-22T19:43:13.114+0000][11420][safepoint   ] Safepoint "Cleanup", Time since last: 1006254300 ns, Reaching safepoint: 150500 ns, At safepoint: 15300 ns, Total: 165800 ns
[2023-11-22T19:43:24.213+0000][11420][safepoint   ] Safepoint "Cleanup", Time since last: 11098197000 ns, Reaching safepoint: 182900 ns, At safepoint: 18700 ns, Total: 201600 ns
[2023-11-22T19:43:25.222+0000][11420][safepoint   ] Safepoint "Cleanup", Time since last: 1008944800 ns, Reaching safepoint: 173500 ns, At safepoint: 19900 ns, Total: 193400 ns
[2023-11-22T19:43:36.306+0000][11420][safepoint   ] Safepoint "Cleanup", Time since last: 11084294300 ns, Reaching safepoint: 220800 ns, At safepoint: 15000 ns, Total: 235800 ns
[2023-11-22T19:43:42.327+0000][11420][safepoint   ] Safepoint "Cleanup", Time since last: 6020800700 ns, Reaching safepoint: 136900 ns, At safepoint: 70700 ns, Total: 207600 ns
[2023-11-22T19:44:06.512+0000][11420][safepoint   ] Safepoint "Cleanup", Time since last: 24184854900 ns, Reaching safepoint: 107200 ns, At safepoint: 10800 ns, Total: 118000 ns
[2023-11-22T19:44:12.558+0000][11420][safepoint   ] Safepoint "Cleanup", Time since last: 6046263400 ns, Reaching safepoint: 683000 ns, At safepoint: 15000 ns, Total: 698000 ns
[2023-11-22T19:44:25.656+0000][11420][safepoint   ] Safepoint "Cleanup", Time since last: 13096759800 ns, Reaching safepoint: 126000 ns, At safepoint: 15700 ns, Total: 141700 ns
[2023-11-22T19:44:32.714+0000][11420][safepoint   ] Safepoint "Cleanup", Time since last: 7057699600 ns, Reaching safepoint: 125300 ns, At safepoint: 10700 ns, Total: 136000 ns
[2023-11-22T19:44:34.722+0000][11420][safepoint   ] Safepoint "Cleanup", Time since last: 2008122300 ns, Reaching safepoint: 167000 ns, At safepoint: 17700 ns, Total: 184700 ns
[2023-11-22T19:44:35.726+0000][11420][safepoint   ] Safepoint "Cleanup", Time since last: 1004037300 ns, Reaching safepoint: 154600 ns, At safepoint: 13300 ns, Total: 167900 ns
[2023-11-22T19:44:37.737+0000][11420][safepoint   ] Safepoint "Cleanup", Time since last: 2010283400 ns, Reaching safepoint: 221800 ns, At safepoint: 19100 ns, Total: 240900 ns
[2023-11-22T19:44:53.897+0000][11420][safepoint   ] Safepoint "Cleanup", Time since last: 16159565800 ns, Reaching safepoint: 159100 ns, At safepoint: 9300 ns, Total: 168400 ns
[2023-11-22T19:45:12.040+0000][11420][safepoint   ] Safepoint "Cleanup", Time since last: 18142731900 ns, Reaching safepoint: 165800 ns, At safepoint: 27500 ns, Total: 193300 ns
[2023-11-22T19:45:18.087+0000][11420][safepoint   ] Safepoint "Cleanup", Time since last: 6047167700 ns, Reaching safepoint: 112700 ns, At safepoint: 5900 ns, Total: 118600 ns
[2023-11-22T19:45:25.142+0000][11420][safepoint   ] Safepoint "Cleanup", Time since last: 7055049300 ns, Reaching safepoint: 189700 ns, At safepoint: 19900 ns, Total: 209600 ns
[2023-11-22T19:45:38.225+0000][11420][safepoint   ] Safepoint "Cleanup", Time since last: 13082640500 ns, Reaching safepoint: 136200 ns, At safepoint: 9300 ns, Total: 145500 ns
[2023-11-22T19:45:39.228+0000][11420][safepoint   ] Safepoint "Cleanup", Time since last: 1002668600 ns, Reaching safepoint: 193400 ns, At safepoint: 17300 ns, Total: 210700 ns
[2023-11-22T19:45:48.281+0000][11420][safepoint   ] Safepoint "Cleanup", Time since last: 9053116100 ns, Reaching safepoint: 157000 ns, At safepoint: 14100 ns, Total: 171100 ns
[2023-11-22T19:45:50.300+0000][11420][safepoint   ] Safepoint "Cleanup", Time since last: 2018535400 ns, Reaching safepoint: 131200 ns, At safepoint: 60000 ns, Total: 191200 ns
[2023-11-22T19:46:33.684+0000][11420][safepoint   ] Safepoint "Cleanup", Time since last: 43384013000 ns, Reaching safepoint: 213400 ns, At safepoint: 27000 ns, Total: 240400 ns
[2023-11-22T19:46:54.886+0000][11420][safepoint   ] Safepoint "Cleanup", Time since last: 21201680500 ns, Reaching safepoint: 248100 ns, At safepoint: 18400 ns, Total: 266500 ns
[2023-11-22T19:47:12.173+0000][11420][gc,start    ] GC(19) Pause Young (Normal) (G1 Evacuation Pause)
[2023-11-22T19:47:12.173+0000][11420][gc,task     ] GC(19) Using 8 workers of 8 for evacuation
[2023-11-22T19:47:12.173+0000][11420][gc,age      ] GC(19) Desired survivor size 159383552 bytes, new threshold 15 (max threshold 15)
[2023-11-22T19:47:12.202+0000][11420][gc,phases   ] GC(19)   Pre Evacuate Collection Set: 0.2ms
[2023-11-22T19:47:12.202+0000][11420][gc,phases   ] GC(19)   Merge Heap Roots: 2.1ms
[2023-11-22T19:47:12.202+0000][11420][gc,phases   ] GC(19)   Evacuate Collection Set: 22.3ms
[2023-11-22T19:47:12.202+0000][11420][gc,phases   ] GC(19)   Post Evacuate Collection Set: 4.2ms
[2023-11-22T19:47:12.202+0000][11420][gc,phases   ] GC(19)   Other: 0.2ms
[2023-11-22T19:47:12.202+0000][11420][gc,age      ] GC(19) Age table with threshold 15 (max threshold 15)
[2023-11-22T19:47:12.202+0000][11420][gc,age      ] GC(19) - age   1:    1901392 bytes,    1901392 total
[2023-11-22T19:47:12.202+0000][11420][gc,age      ] GC(19) - age   2:     289368 bytes,    2190760 total
[2023-11-22T19:47:12.202+0000][11420][gc,age      ] GC(19) - age   3:      31280 bytes,    2222040 total
[2023-11-22T19:47:12.202+0000][11420][gc,age      ] GC(19) - age   4:      74256 bytes,    2296296 total
[2023-11-22T19:47:12.202+0000][11420][gc,age      ] GC(19) - age   5:      38760 bytes,    2335056 total
[2023-11-22T19:47:12.202+0000][11420][gc,age      ] GC(19) - age   6:    7119656 bytes,    9454712 total
[2023-11-22T19:47:12.202+0000][11420][gc,age      ] GC(19) - age   7:   22834848 bytes,   32289560 total
[2023-11-22T19:47:12.202+0000][11420][gc,age      ] GC(19) - age   8:   11507520 bytes,   43797080 total
[2023-11-22T19:47:12.202+0000][11420][gc,heap     ] GC(19) Eden regions: 594->0(594)
[2023-11-22T19:47:12.202+0000][11420][gc,heap     ] GC(19) Survivor regions: 12->12(76)
[2023-11-22T19:47:12.202+0000][11420][gc,heap     ] GC(19) Old regions: 22->22
[2023-11-22T19:47:12.202+0000][11420][gc,heap     ] GC(19) Archive regions: 0->0
[2023-11-22T19:47:12.202+0000][11420][gc,heap     ] GC(19) Humongous regions: 2->2
[2023-11-22T19:47:12.202+0000][11420][gc,metaspace] GC(19) Metaspace: 138361K(142016K)->138361K(142016K) NonClass: 120019K(121984K)->120019K(121984K) Class: 18342K(20032K)->18342K(20032K)
[2023-11-22T19:47:12.202+0000][11420][gc          ] GC(19) Pause Young (Normal) (G1 Evacuation Pause) 2514M->139M(4040M) 29.559ms
[2023-11-22T19:47:12.202+0000][11420][gc,cpu      ] GC(19) User=0.11s Sys=0.02s Real=0.03s
[2023-11-22T19:47:12.202+0000][11420][safepoint   ] Safepoint "G1CollectForAllocation", Time since last: 17287297900 ns, Reaching safepoint: 132600 ns, At safepoint: 29685200 ns, Total: 29817800 ns
[2023-11-22T19:47:31.378+0000][11420][safepoint   ] Safepoint "Cleanup", Time since last: 19174685800 ns, Reaching safepoint: 155600 ns, At safepoint: 13400 ns, Total: 169000 ns
[2023-11-22T19:47:37.459+0000][11420][safepoint   ] Safepoint "Cleanup", Time since last: 6080467900 ns, Reaching safepoint: 90900 ns, At safepoint: 9300 ns, Total: 100200 ns
[2023-11-22T19:47:38.471+0000][11420][safepoint   ] Safepoint "Cleanup", Time since last: 1012705200 ns, Reaching safepoint: 106800 ns, At safepoint: 13500 ns, Total: 120300 ns
[2023-11-22T19:47:54.608+0000][11420][safepoint   ] Safepoint "Cleanup", Time since last: 16136087900 ns, Reaching safepoint: 113800 ns, At safepoint: 11000 ns, Total: 124800 ns
[2023-11-22T19:48:00.672+0000][11420][safepoint   ] Safepoint "Cleanup", Time since last: 6064067100 ns, Reaching safepoint: 683300 ns, At safepoint: 61700 ns, Total: 745000 ns
[2023-11-22T19:48:06.734+0000][11420][safepoint   ] Safepoint "Cleanup", Time since last: 6061573600 ns, Reaching safepoint: 83300 ns, At safepoint: 26600 ns, Total: 109900 ns
[2023-11-22T19:48:11.778+0000][11420][safepoint   ] Safepoint "Cleanup", Time since last: 5043882400 ns, Reaching safepoint: 112500 ns, At safepoint: 8800 ns, Total: 121300 ns
[2023-11-22T19:48:18.833+0000][11420][safepoint   ] Safepoint "Cleanup", Time since last: 7055334400 ns, Reaching safepoint: 139400 ns, At safepoint: 21200 ns, Total: 160600 ns
[2023-11-22T19:48:19.835+0000][11420][safepoint   ] Safepoint "Cleanup", Time since last: 1001472200 ns, Reaching safepoint: 93200 ns, At safepoint: 22300 ns, Total: 115500 ns
[2023-11-22T19:48:55.117+0000][11420][safepoint   ] Safepoint "Cleanup", Time since last: 35281318100 ns, Reaching safepoint: 118200 ns, At safepoint: 13400 ns, Total: 131600 ns
[2023-11-22T19:49:04.168+0000][11420][safepoint   ] Safepoint "Cleanup", Time since last: 9051296800 ns, Reaching safepoint: 107900 ns, At safepoint: 11000 ns, Total: 118900 ns
[2023-11-22T19:49:10.225+0000][11420][safepoint   ] Safepoint "Cleanup", Time since last: 6056732900 ns, Reaching safepoint: 120200 ns, At safepoint: 11800 ns, Total: 132000 ns
[2023-11-22T19:49:12.726+0000][11420][safepoint   ] Safepoint "Cleanup", Time since last: 2501250100 ns, Reaching safepoint: 157700 ns, At safepoint: 11700 ns, Total: 169400 ns
[2023-11-22T19:49:30.883+0000][11420][safepoint   ] Safepoint "Cleanup", Time since last: 18156428500 ns, Reaching safepoint: 109000 ns, At safepoint: 12500 ns, Total: 121500 ns
[2023-11-22T19:49:36.956+0000][11420][safepoint   ] Safepoint "Cleanup", Time since last: 6073406800 ns, Reaching safepoint: 117900 ns, At safepoint: 71600 ns, Total: 189500 ns
[2023-11-22T19:49:49.040+0000][11420][safepoint   ] Safepoint "Cleanup", Time since last: 12084050900 ns, Reaching safepoint: 324400 ns, At safepoint: 68800 ns, Total: 393200 ns
[2023-11-22T19:49:58.117+0000][11420][safepoint   ] Safepoint "Cleanup", Time since last: 9075934800 ns, Reaching safepoint: 153300 ns, At safepoint: 69100 ns, Total: 222400 ns
[2023-11-22T19:50:02.152+0000][11420][safepoint   ] Safepoint "Cleanup", Time since last: 4034744700 ns, Reaching safepoint: 115600 ns, At safepoint: 38100 ns, Total: 153700 ns
[2023-11-22T19:50:12.218+0000][11420][safepoint   ] Safepoint "Cleanup", Time since last: 10065868700 ns, Reaching safepoint: 115700 ns, At safepoint: 44300 ns, Total: 160000 ns
[2023-11-22T19:50:19.291+0000][11420][safepoint   ] Safepoint "Cleanup", Time since last: 7071958200 ns, Reaching safepoint: 817000 ns, At safepoint: 84500 ns, Total: 901500 ns
[2023-11-22T19:50:42.458+0000][11420][safepoint   ] Safepoint "Cleanup", Time since last: 23166853800 ns, Reaching safepoint: 452300 ns, At safepoint: 26800 ns, Total: 479100 ns
[2023-11-22T19:51:11.739+0000][11420][safepoint   ] Safepoint "Cleanup", Time since last: 29280358900 ns, Reaching safepoint: 161500 ns, At safepoint: 67900 ns, Total: 229400 ns
[2023-11-22T19:51:25.850+0000][11420][safepoint   ] Safepoint "Cleanup", Time since last: 14110700400 ns, Reaching safepoint: 123300 ns, At safepoint: 22000 ns, Total: 145300 ns
[2023-11-22T19:51:27.870+0000][11420][safepoint   ] Safepoint "Cleanup", Time since last: 2020169200 ns, Reaching safepoint: 110300 ns, At safepoint: 45100 ns, Total: 155400 ns
[2023-11-22T19:51:31.882+0000][11420][safepoint   ] Safepoint "Cleanup", Time since last: 4012256900 ns, Reaching safepoint: 167900 ns, At safepoint: 86100 ns, Total: 254000 ns
[2023-11-22T19:51:33.888+0000][11420][safepoint   ] Safepoint "Cleanup", Time since last: 2005076600 ns, Reaching safepoint: 95300 ns, At safepoint: 57200 ns, Total: 152500 ns
[2023-11-22T19:51:34.895+0000][11420][safepoint   ] Safepoint "Cleanup", Time since last: 1007284800 ns, Reaching safepoint: 116800 ns, At safepoint: 64900 ns, Total: 181700 ns
[2023-11-22T19:51:36.918+0000][11420][safepoint   ] Safepoint "Cleanup", Time since last: 2023071200 ns, Reaching safepoint: 89300 ns, At safepoint: 13100 ns, Total: 102400 ns
[2023-11-22T19:51:37.921+0000][11420][safepoint   ] Safepoint "Cleanup", Time since last: 1002157700 ns, Reaching safepoint: 174000 ns, At safepoint: 68800 ns, Total: 242800 ns
[2023-11-22T19:51:44.003+0000][11420][safepoint   ] Safepoint "Cleanup", Time since last: 6082349500 ns, Reaching safepoint: 93800 ns, At safepoint: 77600 ns, Total: 171400 ns
[2023-11-22T19:51:46.020+0000][11420][safepoint   ] Safepoint "Cleanup", Time since last: 2017179600 ns, Reaching safepoint: 89800 ns, At safepoint: 56300 ns, Total: 146100 ns
[2023-11-22T19:51:50.046+0000][11420][safepoint   ] Safepoint "Cleanup", Time since last: 4025628500 ns, Reaching safepoint: 108300 ns, At safepoint: 50700 ns, Total: 159000 ns
[2023-11-22T19:51:55.088+0000][11420][safepoint   ] Safepoint "Cleanup", Time since last: 5041697300 ns, Reaching safepoint: 164100 ns, At safepoint: 13700 ns, Total: 177800 ns
[2023-11-22T19:52:05.173+0000][11420][safepoint   ] Safepoint "Cleanup", Time since last: 10084311300 ns, Reaching safepoint: 143500 ns, At safepoint: 67900 ns, Total: 211400 ns
[2023-11-22T19:52:07.189+0000][11420][safepoint   ] Safepoint "Cleanup", Time since last: 2016101900 ns, Reaching safepoint: 73700 ns, At safepoint: 15600 ns, Total: 89300 ns
[2023-11-22T19:52:12.229+0000][11420][safepoint   ] Safepoint "Cleanup", Time since last: 5040017300 ns, Reaching safepoint: 144200 ns, At safepoint: 64300 ns, Total: 208500 ns
[2023-11-22T19:52:15.264+0000][11420][safepoint   ] Safepoint "Cleanup", Time since last: 3034567000 ns, Reaching safepoint: 96300 ns, At safepoint: 18700 ns, Total: 115000 ns
[2023-11-22T19:52:19.276+0000][11420][safepoint   ] Safepoint "Cleanup", Time since last: 4012093600 ns, Reaching safepoint: 106400 ns, At safepoint: 28000 ns, Total: 134400 ns
[2023-11-22T19:52:37.412+0000][11420][safepoint   ] Safepoint "Cleanup", Time since last: 18135974700 ns, Reaching safepoint: 112600 ns, At safepoint: 15300 ns, Total: 127900 ns
[2023-11-22T19:53:02.597+0000][11420][safepoint   ] Safepoint "Cleanup", Time since last: 25185043000 ns, Reaching safepoint: 147500 ns, At safepoint: 60500 ns, Total: 208000 ns
[2023-11-22T19:53:19.709+0000][11420][safepoint   ] Safepoint "Cleanup", Time since last: 17111019600 ns, Reaching safepoint: 72000 ns, At safepoint: 25000 ns, Total: 97000 ns
[2023-11-22T19:53:43.943+0000][11420][safepoint   ] Safepoint "Cleanup", Time since last: 24234670200 ns, Reaching safepoint: 92700 ns, At safepoint: 17100 ns, Total: 109800 ns
[2023-11-22T19:54:09.164+0000][11420][safepoint   ] Safepoint "Cleanup", Time since last: 25220768300 ns, Reaching safepoint: 134700 ns, At safepoint: 65100 ns, Total: 199800 ns
[2023-11-22T19:54:12.184+0000][11420][safepoint   ] Safepoint "Cleanup", Time since last: 3019830800 ns, Reaching safepoint: 133400 ns, At safepoint: 15800 ns, Total: 149200 ns
[2023-11-22T19:54:14.216+0000][11420][safepoint   ] Safepoint "Cleanup", Time since last: 2031121100 ns, Reaching safepoint: 187000 ns, At safepoint: 63900 ns, Total: 250900 ns
[2023-11-22T19:54:20.260+0000][11420][safepoint   ] Safepoint "Cleanup", Time since last: 6044239100 ns, Reaching safepoint: 128300 ns, At safepoint: 58300 ns, Total: 186600 ns
[2023-11-22T19:54:34.376+0000][11420][safepoint   ] Safepoint "Cleanup", Time since last: 14116301600 ns, Reaching safepoint: 71100 ns, At safepoint: 15000 ns, Total: 86100 ns
[2023-11-22T19:54:35.391+0000][11420][safepoint   ] Safepoint "Cleanup", Time since last: 1013980000 ns, Reaching safepoint: 108100 ns, At safepoint: 59700 ns, Total: 167800 ns
[2023-11-22T19:54:50.538+0000][11420][safepoint   ] Safepoint "Cleanup", Time since last: 15146876800 ns, Reaching safepoint: 85300 ns, At safepoint: 25500 ns, Total: 110800 ns
[2023-11-22T19:54:55.559+0000][11420][safepoint   ] Safepoint "Cleanup", Time since last: 5021522600 ns, Reaching safepoint: 125200 ns, At safepoint: 11900 ns, Total: 137100 ns
[2023-11-22T19:55:11.726+0000][11420][safepoint   ] Safepoint "Cleanup", Time since last: 16166648100 ns, Reaching safepoint: 95900 ns, At safepoint: 75200 ns, Total: 171100 ns
[2023-11-22T19:55:19.817+0000][11420][safepoint   ] Safepoint "Cleanup", Time since last: 8091009500 ns, Reaching safepoint: 123900 ns, At safepoint: 57700 ns, Total: 181600 ns
[2023-11-22T19:55:42.016+0000][11420][safepoint   ] Safepoint "Cleanup", Time since last: 22198907100 ns, Reaching safepoint: 109800 ns, At safepoint: 18100 ns, Total: 127900 ns
[2023-11-22T19:55:44.032+0000][11420][safepoint   ] Safepoint "Cleanup", Time since last: 2015859100 ns, Reaching safepoint: 117400 ns, At safepoint: 15100 ns, Total: 132500 ns
[2023-11-22T19:56:12.314+0000][11420][safepoint   ] Safepoint "Cleanup", Time since last: 28281412200 ns, Reaching safepoint: 111200 ns, At safepoint: 28600 ns, Total: 139800 ns
[2023-11-22T19:56:14.333+0000][11420][safepoint   ] Safepoint "Cleanup", Time since last: 2019243900 ns, Reaching safepoint: 183000 ns, At safepoint: 54400 ns, Total: 237400 ns
[2023-11-22T19:56:20.383+0000][11420][safepoint   ] Safepoint "Cleanup", Time since last: 6049034800 ns, Reaching safepoint: 151100 ns, At safepoint: 63700 ns, Total: 214800 ns
[2023-11-22T19:56:35.505+0000][11420][safepoint   ] Safepoint "Cleanup", Time since last: 15122506300 ns, Reaching safepoint: 118800 ns, At safepoint: 23200 ns, Total: 142000 ns
[2023-11-22T19:56:41.550+0000][11420][safepoint   ] Safepoint "Cleanup", Time since last: 6044941200 ns, Reaching safepoint: 87100 ns, At safepoint: 13000 ns, Total: 100100 ns
[2023-11-22T19:57:10.834+0000][11420][safepoint   ] Safepoint "Cleanup", Time since last: 29283440500 ns, Reaching safepoint: 97400 ns, At safepoint: 19100 ns, Total: 116500 ns
[2023-11-22T19:57:11.835+0000][11420][safepoint   ] Safepoint "Cleanup", Time since last: 1001367100 ns, Reaching safepoint: 117700 ns, At safepoint: 15800 ns, Total: 133500 ns
[2023-11-22T19:57:13.839+0000][11420][safepoint   ] Safepoint "Cleanup", Time since last: 2003456800 ns, Reaching safepoint: 100300 ns, At safepoint: 19200 ns, Total: 119500 ns
[2023-11-22T19:57:20.899+0000][11420][safepoint   ] Safepoint "Cleanup", Time since last: 7059819600 ns, Reaching safepoint: 140000 ns, At safepoint: 13700 ns, Total: 153700 ns
[2023-11-22T19:57:21.909+0000][11420][safepoint   ] Safepoint "Cleanup", Time since last: 1010295700 ns, Reaching safepoint: 130500 ns, At safepoint: 10100 ns, Total: 140600 ns
[2023-11-22T19:57:44.120+0000][11420][safepoint   ] Safepoint "Cleanup", Time since last: 22210285700 ns, Reaching safepoint: 116800 ns, At safepoint: 53200 ns, Total: 170000 ns
[2023-11-22T19:57:45.125+0000][11420][safepoint   ] Safepoint "Cleanup", Time since last: 1005421700 ns, Reaching safepoint: 101100 ns, At safepoint: 10300 ns, Total: 111400 ns
[2023-11-22T19:57:56.069+0000][11420][gc,start    ] GC(20) Pause Young (Normal) (G1 Evacuation Pause)
[2023-11-22T19:57:56.069+0000][11420][gc,task     ] GC(20) Using 8 workers of 8 for evacuation
[2023-11-22T19:57:56.069+0000][11420][gc,age      ] GC(20) Desired survivor size 159383552 bytes, new threshold 15 (max threshold 15)
[2023-11-22T19:57:56.112+0000][11420][gc,phases   ] GC(20)   Pre Evacuate Collection Set: 0.2ms
[2023-11-22T19:57:56.113+0000][11420][gc,phases   ] GC(20)   Merge Heap Roots: 0.2ms
[2023-11-22T19:57:56.113+0000][11420][gc,phases   ] GC(20)   Evacuate Collection Set: 40.0ms
[2023-11-22T19:57:56.113+0000][11420][gc,phases   ] GC(20)   Post Evacuate Collection Set: 2.8ms
[2023-11-22T19:57:56.113+0000][11420][gc,phases   ] GC(20)   Other: 0.2ms
[2023-11-22T19:57:56.113+0000][11420][gc,age      ] GC(20) Age table with threshold 15 (max threshold 15)
[2023-11-22T19:57:56.113+0000][11420][gc,age      ] GC(20) - age   1:    2099752 bytes,    2099752 total
[2023-11-22T19:57:56.113+0000][11420][gc,age      ] GC(20) - age   2:     112496 bytes,    2212248 total
[2023-11-22T19:57:56.113+0000][11420][gc,age      ] GC(20) - age   3:     268328 bytes,    2480576 total
[2023-11-22T19:57:56.113+0000][11420][gc,age      ] GC(20) - age   4:      31200 bytes,    2511776 total
[2023-11-22T19:57:56.113+0000][11420][gc,age      ] GC(20) - age   5:      74224 bytes,    2586000 total
[2023-11-22T19:57:56.113+0000][11420][gc,age      ] GC(20) - age   6:      38760 bytes,    2624760 total
[2023-11-22T19:57:56.113+0000][11420][gc,age      ] GC(20) - age   7:    6921944 bytes,    9546704 total
[2023-11-22T19:57:56.113+0000][11420][gc,age      ] GC(20) - age   8:   22612576 bytes,   32159280 total
[2023-11-22T19:57:56.113+0000][11420][gc,age      ] GC(20) - age   9:   11507224 bytes,   43666504 total
[2023-11-22T19:57:56.113+0000][11420][gc,heap     ] GC(20) Eden regions: 594->0(594)
[2023-11-22T19:57:56.113+0000][11420][gc,heap     ] GC(20) Survivor regions: 12->12(76)
[2023-11-22T19:57:56.113+0000][11420][gc,heap     ] GC(20) Old regions: 22->22
[2023-11-22T19:57:56.113+0000][11420][gc,heap     ] GC(20) Archive regions: 0->0
[2023-11-22T19:57:56.113+0000][11420][gc,heap     ] GC(20) Humongous regions: 2->2
[2023-11-22T19:57:56.113+0000][11420][gc,metaspace] GC(20) Metaspace: 138438K(142080K)->138438K(142080K) NonClass: 120094K(122048K)->120094K(122048K) Class: 18344K(20032K)->18344K(20032K)
[2023-11-22T19:57:56.113+0000][11420][gc          ] GC(20) Pause Young (Normal) (G1 Evacuation Pause) 2515M->140M(4040M) 43.804ms
[2023-11-22T19:57:56.113+0000][11420][gc,cpu      ] GC(20) User=0.09s Sys=0.12s Real=0.04s
[2023-11-22T19:57:56.113+0000][11420][safepoint   ] Safepoint "G1CollectForAllocation", Time since last: 10943792100 ns, Reaching safepoint: 158100 ns, At safepoint: 43915800 ns, Total: 44073900 ns
[2023-11-22T19:58:39.472+0000][11420][safepoint   ] Safepoint "Cleanup", Time since last: 43358240300 ns, Reaching safepoint: 151300 ns, At safepoint: 13300 ns, Total: 164600 ns
[2023-11-22T19:58:50.566+0000][11420][safepoint   ] Safepoint "Cleanup", Time since last: 11094123700 ns, Reaching safepoint: 120100 ns, At safepoint: 12500 ns, Total: 132600 ns
[2023-11-22T19:59:08.745+0000][11420][safepoint   ] Safepoint "Cleanup", Time since last: 18178927400 ns, Reaching safepoint: 171800 ns, At safepoint: 16300 ns, Total: 188100 ns
[2023-11-22T19:59:12.779+0000][11420][safepoint   ] Safepoint "Cleanup", Time since last: 4034388200 ns, Reaching safepoint: 94000 ns, At safepoint: 18900 ns, Total: 112900 ns
[2023-11-22T19:59:17.927+0000][11420][safepoint   ] Safepoint "Cleanup", Time since last: 5147151500 ns, Reaching safepoint: 138500 ns, At safepoint: 17400 ns, Total: 155900 ns
[2023-11-22T19:59:51.155+0000][11420][safepoint   ] Safepoint "Cleanup", Time since last: 33227652300 ns, Reaching safepoint: 127000 ns, At safepoint: 16700 ns, Total: 143700 ns
[2023-11-22T20:00:14.353+0000][11420][safepoint   ] Safepoint "Cleanup", Time since last: 23198064400 ns, Reaching safepoint: 77500 ns, At safepoint: 13600 ns, Total: 91100 ns
[2023-11-22T20:00:15.356+0000][11420][safepoint   ] Safepoint "Cleanup", Time since last: 1002983800 ns, Reaching safepoint: 149100 ns, At safepoint: 29900 ns, Total: 179000 ns
[2023-11-22T20:00:23.401+0000][11420][safepoint   ] Safepoint "Cleanup", Time since last: 8045313700 ns, Reaching safepoint: 221600 ns, At safepoint: 17100 ns, Total: 238700 ns
[2023-11-22T20:00:25.416+0000][11420][safepoint   ] Safepoint "Cleanup", Time since last: 2014099300 ns, Reaching safepoint: 105900 ns, At safepoint: 19000 ns, Total: 124900 ns
[2023-11-22T20:00:33.501+0000][11420][safepoint   ] Safepoint "Cleanup", Time since last: 8085695500 ns, Reaching safepoint: 116500 ns, At safepoint: 21600 ns, Total: 138100 ns
[2023-11-22T20:00:36.530+0000][11420][safepoint   ] Safepoint "Cleanup", Time since last: 3028467200 ns, Reaching safepoint: 154300 ns, At safepoint: 25400 ns, Total: 179700 ns
[2023-11-22T20:00:38.543+0000][11420][safepoint   ] Safepoint "Cleanup", Time since last: 2012482600 ns, Reaching safepoint: 89300 ns, At safepoint: 8800 ns, Total: 98100 ns
[2023-11-22T20:00:39.548+0000][11420][safepoint   ] Safepoint "Cleanup", Time since last: 1005630400 ns, Reaching safepoint: 149000 ns, At safepoint: 13400 ns, Total: 162400 ns
[2023-11-22T20:00:50.632+0000][11420][safepoint   ] Safepoint "Cleanup", Time since last: 11083723500 ns, Reaching safepoint: 105800 ns, At safepoint: 15600 ns, Total: 121400 ns
[2023-11-22T20:00:53.649+0000][11420][safepoint   ] Safepoint "Cleanup", Time since last: 3016837300 ns, Reaching safepoint: 117800 ns, At safepoint: 16400 ns, Total: 134200 ns
[2023-11-22T20:00:56.678+0000][11420][safepoint   ] Safepoint "Cleanup", Time since last: 3028348600 ns, Reaching safepoint: 163600 ns, At safepoint: 11600 ns, Total: 175200 ns
[2023-11-22T20:00:59.699+0000][11420][safepoint   ] Safepoint "Cleanup", Time since last: 3021188800 ns, Reaching safepoint: 111300 ns, At safepoint: 22400 ns, Total: 133700 ns
[2023-11-22T20:01:01.722+0000][11420][safepoint   ] Safepoint "Cleanup", Time since last: 2022195400 ns, Reaching safepoint: 150600 ns, At safepoint: 14200 ns, Total: 164800 ns
[2023-11-22T20:01:09.807+0000][11420][safepoint   ] Safepoint "Cleanup", Time since last: 8085796500 ns, Reaching safepoint: 88000 ns, At safepoint: 13200 ns, Total: 101200 ns
[2023-11-22T20:01:26.948+0000][11420][safepoint   ] Safepoint "Cleanup", Time since last: 17139704100 ns, Reaching safepoint: 891900 ns, At safepoint: 10100 ns, Total: 902000 ns
[2023-11-22T20:01:33.555+0000][11420][safepoint   ] Safepoint "Cleanup", Time since last: 6606956000 ns, Reaching safepoint: 178100 ns, At safepoint: 29400 ns, Total: 207500 ns
[2023-11-22T20:01:35.576+0000][11420][safepoint   ] Safepoint "Cleanup", Time since last: 2020575100 ns, Reaching safepoint: 92400 ns, At safepoint: 7900 ns, Total: 100300 ns
[2023-11-22T20:01:38.590+0000][11420][safepoint   ] Safepoint "Cleanup", Time since last: 3014180800 ns, Reaching safepoint: 96500 ns, At safepoint: 20800 ns, Total: 117300 ns
[2023-11-22T20:01:44.637+0000][11420][safepoint   ] Safepoint "Cleanup", Time since last: 6046480900 ns, Reaching safepoint: 112300 ns, At safepoint: 13700 ns, Total: 126000 ns
[2023-11-22T20:01:50.676+0000][11420][safepoint   ] Safepoint "Cleanup", Time since last: 6038957200 ns, Reaching safepoint: 91100 ns, At safepoint: 19800 ns, Total: 110900 ns
[2023-11-22T20:01:53.704+0000][11420][safepoint   ] Safepoint "Cleanup", Time since last: 3027749000 ns, Reaching safepoint: 163000 ns, At safepoint: 21000 ns, Total: 184000 ns
[2023-11-22T20:01:57.726+0000][11420][safepoint   ] Safepoint "Cleanup", Time since last: 4023005500 ns, Reaching safepoint: 286700 ns, At safepoint: 27200 ns, Total: 313900 ns
[2023-11-22T20:02:02.198+0000][11420][safepoint   ] Safepoint "Cleanup", Time since last: 4470863800 ns, Reaching safepoint: 151400 ns, At safepoint: 12800 ns, Total: 164200 ns
[2023-11-22T20:02:03.225+0000][11420][safepoint   ] Safepoint "Cleanup", Time since last: 1027366300 ns, Reaching safepoint: 67900 ns, At safepoint: 8100 ns, Total: 76000 ns
[2023-11-22T20:02:12.313+0000][11420][safepoint   ] Safepoint "Cleanup", Time since last: 9087123700 ns, Reaching safepoint: 131000 ns, At safepoint: 14900 ns, Total: 145900 ns
[2023-11-22T20:02:24.427+0000][11420][safepoint   ] Safepoint "Cleanup", Time since last: 12113932900 ns, Reaching safepoint: 189600 ns, At safepoint: 17200 ns, Total: 206800 ns
[2023-11-22T20:02:25.430+0000][11420][safepoint   ] Safepoint "Cleanup", Time since last: 1003235800 ns, Reaching safepoint: 143600 ns, At safepoint: 12600 ns, Total: 156200 ns
[2023-11-22T20:02:38.514+0000][11420][safepoint   ] Safepoint "Cleanup", Time since last: 13083924600 ns, Reaching safepoint: 101100 ns, At safepoint: 5700 ns, Total: 106800 ns
[2023-11-22T20:02:45.583+0000][11420][safepoint   ] Safepoint "Cleanup", Time since last: 7068517400 ns, Reaching safepoint: 87400 ns, At safepoint: 14200 ns, Total: 101600 ns
[2023-11-22T20:02:46.588+0000][11420][safepoint   ] Safepoint "Cleanup", Time since last: 1004662300 ns, Reaching safepoint: 105900 ns, At safepoint: 11900 ns, Total: 117800 ns
[2023-11-22T20:03:03.754+0000][11420][safepoint   ] Safepoint "Cleanup", Time since last: 17165674800 ns, Reaching safepoint: 184600 ns, At safepoint: 15800 ns, Total: 200400 ns
[2023-11-22T20:03:11.820+0000][11420][safepoint   ] Safepoint "Cleanup", Time since last: 8066484200 ns, Reaching safepoint: 138400 ns, At safepoint: 12200 ns, Total: 150600 ns
[2023-11-22T20:03:26.940+0000][11420][safepoint   ] Safepoint "Cleanup", Time since last: 15119572100 ns, Reaching safepoint: 130000 ns, At safepoint: 21000 ns, Total: 151000 ns
[2023-11-22T20:03:39.049+0000][11420][safepoint   ] Safepoint "Cleanup", Time since last: 12109054700 ns, Reaching safepoint: 99900 ns, At safepoint: 74300 ns, Total: 174200 ns
[2023-11-22T20:03:57.214+0000][11420][safepoint   ] Safepoint "Cleanup", Time since last: 18165282400 ns, Reaching safepoint: 198800 ns, At safepoint: 53000 ns, Total: 251800 ns
[2023-11-22T20:04:03.264+0000][11420][safepoint   ] Safepoint "Cleanup", Time since last: 6049056600 ns, Reaching safepoint: 85100 ns, At safepoint: 20200 ns, Total: 105300 ns
[2023-11-22T20:04:12.379+0000][11420][safepoint   ] Safepoint "Cleanup", Time since last: 9115226500 ns, Reaching safepoint: 107700 ns, At safepoint: 50900 ns, Total: 158600 ns
[2023-11-22T20:05:03.795+0000][11420][safepoint   ] Safepoint "Cleanup", Time since last: 51415399200 ns, Reaching safepoint: 75300 ns, At safepoint: 7200 ns, Total: 82500 ns
[2023-11-22T20:05:06.825+0000][11420][safepoint   ] Safepoint "Cleanup", Time since last: 3030522100 ns, Reaching safepoint: 84300 ns, At safepoint: 14900 ns, Total: 99200 ns
[2023-11-22T20:05:07.826+0000][11420][safepoint   ] Safepoint "Cleanup", Time since last: 1000689900 ns, Reaching safepoint: 171400 ns, At safepoint: 16000 ns, Total: 187400 ns
[2023-11-22T20:05:21.953+0000][11420][safepoint   ] Safepoint "Cleanup", Time since last: 14126443100 ns, Reaching safepoint: 130300 ns, At safepoint: 10400 ns, Total: 140700 ns
[2023-11-22T20:05:34.069+0000][11420][safepoint   ] Safepoint "Cleanup", Time since last: 12116369600 ns, Reaching safepoint: 107100 ns, At safepoint: 11600 ns, Total: 118700 ns
[2023-11-22T20:05:45.198+0000][11420][safepoint   ] Safepoint "Cleanup", Time since last: 11128585800 ns, Reaching safepoint: 157000 ns, At safepoint: 12400 ns, Total: 169400 ns
[2023-11-22T20:06:07.354+0000][11420][safepoint   ] Safepoint "Cleanup", Time since last: 22156022700 ns, Reaching safepoint: 96100 ns, At safepoint: 14500 ns, Total: 110600 ns
[2023-11-22T20:06:21.510+0000][11420][safepoint   ] Safepoint "Cleanup", Time since last: 14155340200 ns, Reaching safepoint: 175300 ns, At safepoint: 8900 ns, Total: 184200 ns
[2023-11-22T20:06:29.568+0000][11420][safepoint   ] Safepoint "Cleanup", Time since last: 8058159600 ns, Reaching safepoint: 186000 ns, At safepoint: 26900 ns, Total: 212900 ns
[2023-11-22T20:06:30.586+0000][11420][safepoint   ] Safepoint "Cleanup", Time since last: 1017467700 ns, Reaching safepoint: 100500 ns, At safepoint: 21000 ns, Total: 121500 ns
[2023-11-22T20:06:33.603+0000][11420][safepoint   ] Safepoint "Cleanup", Time since last: 3016938600 ns, Reaching safepoint: 128400 ns, At safepoint: 13000 ns, Total: 141400 ns
[2023-11-22T20:06:39.664+0000][11420][safepoint   ] Safepoint "Cleanup", Time since last: 6061581500 ns, Reaching safepoint: 169500 ns, At safepoint: 42900 ns, Total: 212400 ns
[2023-11-22T20:06:42.697+0000][11420][safepoint   ] Safepoint "Cleanup", Time since last: 3032282300 ns, Reaching safepoint: 101400 ns, At safepoint: 34100 ns, Total: 135500 ns
[2023-11-22T20:06:51.803+0000][11420][safepoint   ] Safepoint "Cleanup", Time since last: 9105644000 ns, Reaching safepoint: 137200 ns, At safepoint: 10800 ns, Total: 148000 ns
[2023-11-22T20:07:11.982+0000][11420][safepoint   ] Safepoint "Cleanup", Time since last: 20179374800 ns, Reaching safepoint: 138500 ns, At safepoint: 17800 ns, Total: 156300 ns
[2023-11-22T20:07:22.066+0000][11420][safepoint   ] Safepoint "Cleanup", Time since last: 10083548100 ns, Reaching safepoint: 169200 ns, At safepoint: 16600 ns, Total: 185800 ns
[2023-11-22T20:08:46.764+0000][11420][gc,start    ] GC(21) Pause Young (Normal) (G1 Evacuation Pause)
[2023-11-22T20:08:46.766+0000][11420][gc,task     ] GC(21) Using 8 workers of 8 for evacuation
[2023-11-22T20:08:46.766+0000][11420][gc,age      ] GC(21) Desired survivor size 159383552 bytes, new threshold 15 (max threshold 15)
[2023-11-22T20:08:46.782+0000][11420][gc,phases   ] GC(21)   Pre Evacuate Collection Set: 0.2ms
[2023-11-22T20:08:46.782+0000][11420][gc,phases   ] GC(21)   Merge Heap Roots: 0.8ms
[2023-11-22T20:08:46.782+0000][11420][gc,phases   ] GC(21)   Evacuate Collection Set: 13.2ms
[2023-11-22T20:08:46.782+0000][11420][gc,phases   ] GC(21)   Post Evacuate Collection Set: 1.8ms
[2023-11-22T20:08:46.782+0000][11420][gc,phases   ] GC(21)   Other: 0.2ms
[2023-11-22T20:08:46.782+0000][11420][gc,age      ] GC(21) Age table with threshold 15 (max threshold 15)
[2023-11-22T20:08:46.782+0000][11420][gc,age      ] GC(21) - age   1:    1888120 bytes,    1888120 total
[2023-11-22T20:08:46.782+0000][11420][gc,age      ] GC(21) - age   2:     511848 bytes,    2399968 total
[2023-11-22T20:08:46.782+0000][11420][gc,age      ] GC(21) - age   3:      36256 bytes,    2436224 total
[2023-11-22T20:08:46.782+0000][11420][gc,age      ] GC(21) - age   4:     267304 bytes,    2703528 total
[2023-11-22T20:08:46.782+0000][11420][gc,age      ] GC(21) - age   5:      31200 bytes,    2734728 total
[2023-11-22T20:08:46.782+0000][11420][gc,age      ] GC(21) - age   6:      74040 bytes,    2808768 total
[2023-11-22T20:08:46.782+0000][11420][gc,age      ] GC(21) - age   7:      38760 bytes,    2847528 total
[2023-11-22T20:08:46.782+0000][11420][gc,age      ] GC(21) - age   8:    6919984 bytes,    9767512 total
[2023-11-22T20:08:46.782+0000][11420][gc,age      ] GC(21) - age   9:   22590912 bytes,   32358424 total
[2023-11-22T20:08:46.782+0000][11420][gc,age      ] GC(21) - age  10:   11490792 bytes,   43849216 total
[2023-11-22T20:08:46.782+0000][11420][gc,heap     ] GC(21) Eden regions: 594->0(594)
[2023-11-22T20:08:46.782+0000][11420][gc,heap     ] GC(21) Survivor regions: 12->12(76)
[2023-11-22T20:08:46.783+0000][11420][gc,heap     ] GC(21) Old regions: 22->22
[2023-11-22T20:08:46.783+0000][11420][gc,heap     ] GC(21) Archive regions: 0->0
[2023-11-22T20:08:46.783+0000][11420][gc,heap     ] GC(21) Humongous regions: 2->2
[2023-11-22T20:08:46.783+0000][11420][gc,metaspace] GC(21) Metaspace: 138502K(142080K)->138502K(142080K) NonClass: 120157K(122048K)->120157K(122048K) Class: 18345K(20032K)->18345K(20032K)
[2023-11-22T20:08:46.783+0000][11420][gc          ] GC(21) Pause Young (Normal) (G1 Evacuation Pause) 2516M->139M(4040M) 18.458ms
[2023-11-22T20:08:46.783+0000][11420][gc,cpu      ] GC(21) User=0.12s Sys=0.02s Real=0.02s
[2023-11-22T20:08:46.783+0000][11420][safepoint   ] Safepoint "G1CollectForAllocation", Time since last: 84698498800 ns, Reaching safepoint: 99700 ns, At safepoint: 18598200 ns, Total: 18697900 ns
[2023-11-22T20:08:54.838+0000][11420][safepoint   ] Safepoint "Cleanup", Time since last: 8054887800 ns, Reaching safepoint: 116100 ns, At safepoint: 15900 ns, Total: 132000 ns
[2023-11-22T20:09:06.981+0000][11420][safepoint   ] Safepoint "Cleanup", Time since last: 12142531200 ns, Reaching safepoint: 228800 ns, At safepoint: 14100 ns, Total: 242900 ns
[2023-11-22T20:09:19.050+0000][11420][safepoint   ] Safepoint "Cleanup", Time since last: 12069269400 ns, Reaching safepoint: 358300 ns, At safepoint: 84300 ns, Total: 442600 ns
[2023-11-22T20:09:28.129+0000][11420][safepoint   ] Safepoint "Cleanup", Time since last: 9078441800 ns, Reaching safepoint: 334400 ns, At safepoint: 17900 ns, Total: 352300 ns
[2023-11-22T20:10:11.443+0000][11420][safepoint   ] Safepoint "Cleanup", Time since last: 43313468200 ns, Reaching safepoint: 147800 ns, At safepoint: 15300 ns, Total: 163100 ns
[2023-11-22T20:10:12.459+0000][11420][safepoint   ] Safepoint "Cleanup", Time since last: 1015186200 ns, Reaching safepoint: 126900 ns, At safepoint: 11700 ns, Total: 138600 ns
[2023-11-22T20:10:16.476+0000][11420][safepoint   ] Safepoint "Cleanup", Time since last: 4017161800 ns, Reaching safepoint: 57300 ns, At safepoint: 8600 ns, Total: 65900 ns
[2023-11-22T20:10:28.560+0000][11420][safepoint   ] Safepoint "Cleanup", Time since last: 12084294400 ns, Reaching safepoint: 116100 ns, At safepoint: 8900 ns, Total: 125000 ns
[2023-11-22T20:10:42.681+0000][11420][safepoint   ] Safepoint "Cleanup", Time since last: 14120841100 ns, Reaching safepoint: 154700 ns, At safepoint: 20100 ns, Total: 174800 ns
[2023-11-22T20:10:58.013+0000][11420][safepoint   ] Safepoint "Cleanup", Time since last: 15331602200 ns, Reaching safepoint: 127500 ns, At safepoint: 53300 ns, Total: 180800 ns
[2023-11-22T20:10:59.017+0000][11420][safepoint   ] Safepoint "Cleanup", Time since last: 1004361500 ns, Reaching safepoint: 166700 ns, At safepoint: 12600 ns, Total: 179300 ns
[2023-11-22T20:11:10.147+0000][11420][safepoint   ] Safepoint "Cleanup", Time since last: 11129394900 ns, Reaching safepoint: 166100 ns, At safepoint: 55400 ns, Total: 221500 ns
[2023-11-22T20:12:05.666+0000][11420][safepoint   ] Safepoint "Cleanup", Time since last: 55518902100 ns, Reaching safepoint: 191000 ns, At safepoint: 15700 ns, Total: 206700 ns
[2023-11-22T20:12:07.682+0000][11420][safepoint   ] Safepoint "Cleanup", Time since last: 2015809800 ns, Reaching safepoint: 143400 ns, At safepoint: 15600 ns, Total: 159000 ns
[2023-11-22T20:12:10.700+0000][11420][safepoint   ] Safepoint "Cleanup", Time since last: 3017981400 ns, Reaching safepoint: 112800 ns, At safepoint: 12200 ns, Total: 125000 ns
[2023-11-22T20:12:12.731+0000][11420][safepoint   ] Safepoint "Cleanup", Time since last: 2030847200 ns, Reaching safepoint: 134400 ns, At safepoint: 26400 ns, Total: 160800 ns
[2023-11-22T20:12:22.821+0000][11420][safepoint   ] Safepoint "Cleanup", Time since last: 10089222400 ns, Reaching safepoint: 226000 ns, At safepoint: 19800 ns, Total: 245800 ns
[2023-11-22T20:12:58.150+0000][11420][safepoint   ] Safepoint "Cleanup", Time since last: 35329506000 ns, Reaching safepoint: 99800 ns, At safepoint: 7300 ns, Total: 107100 ns
[2023-11-22T20:13:29.408+0000][11420][safepoint   ] Safepoint "Cleanup", Time since last: 31257118000 ns, Reaching safepoint: 121100 ns, At safepoint: 18900 ns, Total: 140000 ns
[2023-11-22T20:14:12.738+0000][11420][safepoint   ] Safepoint "Cleanup", Time since last: 43330371400 ns, Reaching safepoint: 329500 ns, At safepoint: 31000 ns, Total: 360500 ns
[2023-11-22T20:14:13.753+0000][11420][safepoint   ] Safepoint "Cleanup", Time since last: 1014865500 ns, Reaching safepoint: 719400 ns, At safepoint: 12000 ns, Total: 731400 ns
[2023-11-22T20:14:16.769+0000][11420][safepoint   ] Safepoint "Cleanup", Time since last: 3015006000 ns, Reaching safepoint: 350100 ns, At safepoint: 53600 ns, Total: 403700 ns
[2023-11-22T20:14:17.786+0000][11420][safepoint   ] Safepoint "Cleanup", Time since last: 1016355800 ns, Reaching safepoint: 100900 ns, At safepoint: 17400 ns, Total: 118300 ns
[2023-11-22T20:14:53.082+0000][11420][safepoint   ] Safepoint "Cleanup", Time since last: 35296272200 ns, Reaching safepoint: 122600 ns, At safepoint: 8400 ns, Total: 131000 ns
[2023-11-22T20:15:00.132+0000][11420][safepoint   ] Safepoint "Cleanup", Time since last: 7049276200 ns, Reaching safepoint: 146300 ns, At safepoint: 10500 ns, Total: 156800 ns
[2023-11-22T20:15:12.215+0000][11420][safepoint   ] Safepoint "Cleanup", Time since last: 12082997700 ns, Reaching safepoint: 211100 ns, At safepoint: 17400 ns, Total: 228500 ns
[2023-11-22T20:15:53.559+0000][11420][safepoint   ] Safepoint "Cleanup", Time since last: 41344135500 ns, Reaching safepoint: 149400 ns, At safepoint: 12000 ns, Total: 161400 ns
[2023-11-22T20:16:12.711+0000][11420][safepoint   ] Safepoint "Cleanup", Time since last: 19151756600 ns, Reaching safepoint: 109100 ns, At safepoint: 12000 ns, Total: 121100 ns
[2023-11-22T20:16:31.900+0000][11420][safepoint   ] Safepoint "Cleanup", Time since last: 19189189700 ns, Reaching safepoint: 205100 ns, At safepoint: 15900 ns, Total: 221000 ns
[2023-11-22T20:16:42.003+0000][11420][safepoint   ] Safepoint "Cleanup", Time since last: 10102732100 ns, Reaching safepoint: 74700 ns, At safepoint: 10500 ns, Total: 85200 ns
[2023-11-22T20:16:43.004+0000][11420][safepoint   ] Safepoint "Cleanup", Time since last: 1000253500 ns, Reaching safepoint: 145300 ns, At safepoint: 25900 ns, Total: 171200 ns
[2023-11-22T20:16:44.004+0000][11420][safepoint   ] Safepoint "Cleanup", Time since last: 1000609200 ns, Reaching safepoint: 171700 ns, At safepoint: 14300 ns, Total: 186000 ns
[2023-11-22T20:17:17.352+0000][11420][safepoint   ] Safepoint "Cleanup", Time since last: 33347790300 ns, Reaching safepoint: 69600 ns, At safepoint: 9300 ns, Total: 78900 ns
[2023-11-22T20:17:32.465+0000][11420][safepoint   ] Safepoint "Cleanup", Time since last: 15112932400 ns, Reaching safepoint: 100900 ns, At safepoint: 16700 ns, Total: 117600 ns
[2023-11-22T20:17:38.516+0000][11420][safepoint   ] Safepoint "Cleanup", Time since last: 6051100300 ns, Reaching safepoint: 175200 ns, At safepoint: 13500 ns, Total: 188700 ns
[2023-11-22T20:17:45.582+0000][11420][safepoint   ] Safepoint "Cleanup", Time since last: 7064526200 ns, Reaching safepoint: 730000 ns, At safepoint: 19300 ns, Total: 749300 ns
[2023-11-22T20:17:49.615+0000][11420][safepoint   ] Safepoint "Cleanup", Time since last: 4032882700 ns, Reaching safepoint: 155000 ns, At safepoint: 11200 ns, Total: 166200 ns
[2023-11-22T20:17:50.631+0000][11420][safepoint   ] Safepoint "Cleanup", Time since last: 1015708400 ns, Reaching safepoint: 84800 ns, At safepoint: 16100 ns, Total: 100900 ns
[2023-11-22T20:18:05.744+0000][11420][safepoint   ] Safepoint "Cleanup", Time since last: 15113067700 ns, Reaching safepoint: 117800 ns, At safepoint: 21800 ns, Total: 139600 ns
[2023-11-22T20:18:12.798+0000][11420][safepoint   ] Safepoint "Cleanup", Time since last: 7053712000 ns, Reaching safepoint: 129700 ns, At safepoint: 9900 ns, Total: 139600 ns
[2023-11-22T20:18:45.126+0000][11420][safepoint   ] Safepoint "Cleanup", Time since last: 32327690800 ns, Reaching safepoint: 160100 ns, At safepoint: 14700 ns, Total: 174800 ns
[2023-11-22T20:18:59.266+0000][11420][safepoint   ] Safepoint "Cleanup", Time since last: 14139663200 ns, Reaching safepoint: 61800 ns, At safepoint: 18700 ns, Total: 80500 ns
[2023-11-22T20:19:00.266+0000][11420][safepoint   ] Safepoint "Cleanup", Time since last: 1000564200 ns, Reaching safepoint: 165300 ns, At safepoint: 18800 ns, Total: 184100 ns
[2023-11-22T20:19:02.290+0000][11420][safepoint   ] Safepoint "Cleanup", Time since last: 2024683800 ns, Reaching safepoint: 115200 ns, At safepoint: 7900 ns, Total: 123100 ns
[2023-11-22T20:19:12.399+0000][11420][safepoint   ] Safepoint "Cleanup", Time since last: 10107446600 ns, Reaching safepoint: 137400 ns, At safepoint: 13100 ns, Total: 150500 ns
[2023-11-22T20:19:29.572+0000][11420][safepoint   ] Safepoint "Cleanup", Time since last: 17173211100 ns, Reaching safepoint: 127900 ns, At safepoint: 11900 ns, Total: 139800 ns
[2023-11-22T20:19:35.491+0000][11420][gc,start    ] GC(22) Pause Young (Normal) (G1 Evacuation Pause)
[2023-11-22T20:19:35.491+0000][11420][gc,task     ] GC(22) Using 8 workers of 8 for evacuation
[2023-11-22T20:19:35.491+0000][11420][gc,age      ] GC(22) Desired survivor size 159383552 bytes, new threshold 15 (max threshold 15)
[2023-11-22T20:19:35.505+0000][11420][gc,phases   ] GC(22)   Pre Evacuate Collection Set: 0.1ms
[2023-11-22T20:19:35.505+0000][11420][gc,phases   ] GC(22)   Merge Heap Roots: 0.1ms
[2023-11-22T20:19:35.505+0000][11420][gc,phases   ] GC(22)   Evacuate Collection Set: 12.4ms
[2023-11-22T20:19:35.505+0000][11420][gc,phases   ] GC(22)   Post Evacuate Collection Set: 2.1ms
[2023-11-22T20:19:35.506+0000][11420][gc,phases   ] GC(22)   Other: 0.6ms
[2023-11-22T20:19:35.506+0000][11420][gc,age      ] GC(22) Age table with threshold 15 (max threshold 15)
[2023-11-22T20:19:35.506+0000][11420][gc,age      ] GC(22) - age   1:    1604736 bytes,    1604736 total
[2023-11-22T20:19:35.506+0000][11420][gc,age      ] GC(22) - age   2:      88696 bytes,    1693432 total
[2023-11-22T20:19:35.506+0000][11420][gc,age      ] GC(22) - age   3:     509432 bytes,    2202864 total
[2023-11-22T20:19:35.506+0000][11420][gc,age      ] GC(22) - age   4:      36256 bytes,    2239120 total
[2023-11-22T20:19:35.506+0000][11420][gc,age      ] GC(22) - age   5:     267304 bytes,    2506424 total
[2023-11-22T20:19:35.506+0000][11420][gc,age      ] GC(22) - age   6:      31032 bytes,    2537456 total
[2023-11-22T20:19:35.506+0000][11420][gc,age      ] GC(22) - age   7:      73600 bytes,    2611056 total
[2023-11-22T20:19:35.506+0000][11420][gc,age      ] GC(22) - age   8:      30624 bytes,    2641680 total
[2023-11-22T20:19:35.506+0000][11420][gc,age      ] GC(22) - age   9:    6919904 bytes,    9561584 total
[2023-11-22T20:19:35.506+0000][11420][gc,age      ] GC(22) - age  10:   22590912 bytes,   32152496 total
[2023-11-22T20:19:35.506+0000][11420][gc,age      ] GC(22) - age  11:   11490712 bytes,   43643208 total
[2023-11-22T20:19:35.506+0000][11420][gc,heap     ] GC(22) Eden regions: 594->0(594)
[2023-11-22T20:19:35.506+0000][11420][gc,heap     ] GC(22) Survivor regions: 12->12(76)
[2023-11-22T20:19:35.506+0000][11420][gc,heap     ] GC(22) Old regions: 22->22
[2023-11-22T20:19:35.506+0000][11420][gc,heap     ] GC(22) Archive regions: 0->0
[2023-11-22T20:19:35.506+0000][11420][gc,heap     ] GC(22) Humongous regions: 2->2
[2023-11-22T20:19:35.506+0000][11420][gc,metaspace] GC(22) Metaspace: 138549K(142144K)->138549K(142144K) NonClass: 120204K(122112K)->120204K(122112K) Class: 18345K(20032K)->18345K(20032K)
[2023-11-22T20:19:35.506+0000][11420][gc          ] GC(22) Pause Young (Normal) (G1 Evacuation Pause) 2515M->139M(4040M) 15.653ms
[2023-11-22T20:19:35.506+0000][11420][gc,cpu      ] GC(22) User=0.00s Sys=0.02s Real=0.02s
[2023-11-22T20:19:35.506+0000][11420][safepoint   ] Safepoint "G1CollectForAllocation", Time since last: 5918666300 ns, Reaching safepoint: 126200 ns, At safepoint: 15786500 ns, Total: 15912700 ns
[2023-11-22T20:19:42.585+0000][11420][safepoint   ] Safepoint "Cleanup", Time since last: 7078401400 ns, Reaching safepoint: 190100 ns, At safepoint: 15100 ns, Total: 205200 ns
[2023-11-22T20:19:49.652+0000][11420][safepoint   ] Safepoint "Cleanup", Time since last: 7067002000 ns, Reaching safepoint: 194600 ns, At safepoint: 12800 ns, Total: 207400 ns
[2023-11-22T20:20:12.865+0000][11420][safepoint   ] Safepoint "Cleanup", Time since last: 23212626800 ns, Reaching safepoint: 152700 ns, At safepoint: 16400 ns, Total: 169100 ns
[2023-11-22T20:20:36.047+0000][11420][safepoint   ] Safepoint "Cleanup", Time since last: 23182185000 ns, Reaching safepoint: 187600 ns, At safepoint: 17200 ns, Total: 204800 ns
[2023-11-22T20:21:06.294+0000][11420][safepoint   ] Safepoint "Cleanup", Time since last: 30246615500 ns, Reaching safepoint: 102400 ns, At safepoint: 21400 ns, Total: 123800 ns
[2023-11-22T20:21:12.339+0000][11420][safepoint   ] Safepoint "Cleanup", Time since last: 6044723900 ns, Reaching safepoint: 92300 ns, At safepoint: 10700 ns, Total: 103000 ns
[2023-11-22T20:21:30.497+0000][11420][safepoint   ] Safepoint "Cleanup", Time since last: 18157483700 ns, Reaching safepoint: 159100 ns, At safepoint: 13800 ns, Total: 172900 ns
[2023-11-22T20:22:03.772+0000][11420][safepoint   ] Safepoint "Cleanup", Time since last: 33275283800 ns, Reaching safepoint: 269100 ns, At safepoint: 20700 ns, Total: 289800 ns
[2023-11-22T20:22:18.872+0000][11420][safepoint   ] Safepoint "Cleanup", Time since last: 15099383500 ns, Reaching safepoint: 134300 ns, At safepoint: 12100 ns, Total: 146400 ns
[2023-11-22T20:22:30.988+0000][11420][safepoint   ] Safepoint "Cleanup", Time since last: 12115801300 ns, Reaching safepoint: 614400 ns, At safepoint: 9100 ns, Total: 623500 ns
[2023-11-22T20:22:38.066+0000][11420][safepoint   ] Safepoint "Cleanup", Time since last: 7077811100 ns, Reaching safepoint: 95400 ns, At safepoint: 16500 ns, Total: 111900 ns
[2023-11-22T20:23:00.212+0000][11420][safepoint   ] Safepoint "Cleanup", Time since last: 22144625900 ns, Reaching safepoint: 765300 ns, At safepoint: 14200 ns, Total: 779500 ns
[2023-11-22T20:23:12.333+0000][11420][safepoint   ] Safepoint "Cleanup", Time since last: 12121605300 ns, Reaching safepoint: 88000 ns, At safepoint: 14900 ns, Total: 102900 ns
[2023-11-22T20:24:12.828+0000][11420][safepoint   ] Safepoint "Cleanup", Time since last: 60493916600 ns, Reaching safepoint: 101800 ns, At safepoint: 15900 ns, Total: 117700 ns
[2023-11-22T20:24:25.932+0000][11420][safepoint   ] Safepoint "Cleanup", Time since last: 13104170300 ns, Reaching safepoint: 130500 ns, At safepoint: 18100 ns, Total: 148600 ns
[2023-11-22T20:24:43.122+0000][11420][safepoint   ] Safepoint "Cleanup", Time since last: 17190186600 ns, Reaching safepoint: 157700 ns, At safepoint: 12100 ns, Total: 169800 ns
[2023-11-22T20:24:54.221+0000][11420][safepoint   ] Safepoint "Cleanup", Time since last: 11098956500 ns, Reaching safepoint: 756300 ns, At safepoint: 52700 ns, Total: 809000 ns
[2023-11-22T20:25:05.311+0000][11420][safepoint   ] Safepoint "Cleanup", Time since last: 11089119300 ns, Reaching safepoint: 155900 ns, At safepoint: 25800 ns, Total: 181700 ns
[2023-11-22T20:25:24.486+0000][11420][safepoint   ] Safepoint "Cleanup", Time since last: 19175068900 ns, Reaching safepoint: 92500 ns, At safepoint: 16900 ns, Total: 109400 ns
[2023-11-22T20:25:30.543+0000][11420][safepoint   ] Safepoint "Cleanup", Time since last: 6056908500 ns, Reaching safepoint: 94000 ns, At safepoint: 33200 ns, Total: 127200 ns
[2023-11-22T20:26:12.881+0000][11420][safepoint   ] Safepoint "Cleanup", Time since last: 42337877100 ns, Reaching safepoint: 138900 ns, At safepoint: 13000 ns, Total: 151900 ns
[2023-11-22T20:26:13.890+0000][11420][safepoint   ] Safepoint "Cleanup", Time since last: 1007509500 ns, Reaching safepoint: 726200 ns, At safepoint: 17700 ns, Total: 743900 ns
[2023-11-22T20:26:15.908+0000][11420][safepoint   ] Safepoint "Cleanup", Time since last: 2018347500 ns, Reaching safepoint: 80300 ns, At safepoint: 12900 ns, Total: 93200 ns
[2023-11-22T20:26:37.076+0000][11420][safepoint   ] Safepoint "Cleanup", Time since last: 21167168400 ns, Reaching safepoint: 149300 ns, At safepoint: 11700 ns, Total: 161000 ns
[2023-11-22T20:27:12.412+0000][11420][safepoint   ] Safepoint "Cleanup", Time since last: 35336244900 ns, Reaching safepoint: 91000 ns, At safepoint: 13400 ns, Total: 104400 ns
[2023-11-22T20:27:19.489+0000][11420][safepoint   ] Safepoint "Cleanup", Time since last: 7076819900 ns, Reaching safepoint: 85000 ns, At safepoint: 12400 ns, Total: 97400 ns
[2023-11-22T20:27:36.656+0000][11420][safepoint   ] Safepoint "Cleanup", Time since last: 17167256700 ns, Reaching safepoint: 98200 ns, At safepoint: 11400 ns, Total: 109600 ns
[2023-11-22T20:27:54.810+0000][11420][safepoint   ] Safepoint "Cleanup", Time since last: 18153871700 ns, Reaching safepoint: 111000 ns, At safepoint: 26900 ns, Total: 137900 ns
[2023-11-22T20:27:56.821+0000][11420][safepoint   ] Safepoint "Cleanup", Time since last: 2010674800 ns, Reaching safepoint: 98900 ns, At safepoint: 32900 ns, Total: 131800 ns
[2023-11-22T20:28:00.852+0000][11420][safepoint   ] Safepoint "Cleanup", Time since last: 4030977900 ns, Reaching safepoint: 100500 ns, At safepoint: 13800 ns, Total: 114300 ns
[2023-11-22T20:28:12.986+0000][11420][safepoint   ] Safepoint "Cleanup", Time since last: 12133413600 ns, Reaching safepoint: 133700 ns, At safepoint: 19200 ns, Total: 152900 ns
[2023-11-22T20:28:19.035+0000][11420][safepoint   ] Safepoint "Cleanup", Time since last: 6049518700 ns, Reaching safepoint: 189900 ns, At safepoint: 58300 ns, Total: 248200 ns
[2023-11-22T20:28:43.214+0000][11420][safepoint   ] Safepoint "Cleanup", Time since last: 24178747600 ns, Reaching safepoint: 196300 ns, At safepoint: 72900 ns, Total: 269200 ns
[2023-11-22T20:28:55.329+0000][11420][safepoint   ] Safepoint "Cleanup", Time since last: 12114080300 ns, Reaching safepoint: 138100 ns, At safepoint: 12700 ns, Total: 150800 ns
[2023-11-22T20:29:01.371+0000][11420][safepoint   ] Safepoint "Cleanup", Time since last: 6041844300 ns, Reaching safepoint: 126200 ns, At safepoint: 21300 ns, Total: 147500 ns
[2023-11-22T20:29:12.454+0000][11420][safepoint   ] Safepoint "Cleanup", Time since last: 11083068000 ns, Reaching safepoint: 171700 ns, At safepoint: 14400 ns, Total: 186100 ns
[2023-11-22T20:29:37.661+0000][11420][safepoint   ] Safepoint "Cleanup", Time since last: 25207196100 ns, Reaching safepoint: 69700 ns, At safepoint: 10400 ns, Total: 80100 ns
[2023-11-22T20:29:49.748+0000][11420][safepoint   ] Safepoint "Cleanup", Time since last: 12086631700 ns, Reaching safepoint: 120000 ns, At safepoint: 9300 ns, Total: 129300 ns
[2023-11-22T20:30:28.098+0000][11420][gc,start    ] GC(23) Pause Young (Normal) (G1 Evacuation Pause)
[2023-11-22T20:30:28.098+0000][11420][gc,task     ] GC(23) Using 8 workers of 8 for evacuation
[2023-11-22T20:30:28.098+0000][11420][gc,age      ] GC(23) Desired survivor size 159383552 bytes, new threshold 15 (max threshold 15)
[2023-11-22T20:30:28.117+0000][11420][gc,phases   ] GC(23)   Pre Evacuate Collection Set: 0.2ms
[2023-11-22T20:30:28.117+0000][11420][gc,phases   ] GC(23)   Merge Heap Roots: 0.1ms
[2023-11-22T20:30:28.117+0000][11420][gc,phases   ] GC(23)   Evacuate Collection Set: 14.7ms
[2023-11-22T20:30:28.117+0000][11420][gc,phases   ] GC(23)   Post Evacuate Collection Set: 1.8ms
[2023-11-22T20:30:28.117+0000][11420][gc,phases   ] GC(23)   Other: 2.3ms
[2023-11-22T20:30:28.117+0000][11420][gc,age      ] GC(23) Age table with threshold 15 (max threshold 15)
[2023-11-22T20:30:28.117+0000][11420][gc,age      ] GC(23) - age   1:    1906800 bytes,    1906800 total
[2023-11-22T20:30:28.117+0000][11420][gc,age      ] GC(23) - age   2:     252464 bytes,    2159264 total
[2023-11-22T20:30:28.117+0000][11420][gc,age      ] GC(23) - age   3:      85776 bytes,    2245040 total
[2023-11-22T20:30:28.117+0000][11420][gc,age      ] GC(23) - age   4:     509432 bytes,    2754472 total
[2023-11-22T20:30:28.117+0000][11420][gc,age      ] GC(23) - age   5:      36176 bytes,    2790648 total
[2023-11-22T20:30:28.117+0000][11420][gc,age      ] GC(23) - age   6:     266632 bytes,    3057280 total
[2023-11-22T20:30:28.117+0000][11420][gc,age      ] GC(23) - age   7:      30208 bytes,    3087488 total
[2023-11-22T20:30:28.117+0000][11420][gc,age      ] GC(23) - age   8:      73600 bytes,    3161088 total
[2023-11-22T20:30:28.117+0000][11420][gc,age      ] GC(23) - age   9:      30624 bytes,    3191712 total
[2023-11-22T20:30:28.117+0000][11420][gc,age      ] GC(23) - age  10:    6919904 bytes,   10111616 total
[2023-11-22T20:30:28.117+0000][11420][gc,age      ] GC(23) - age  11:   22590720 bytes,   32702336 total
[2023-11-22T20:30:28.117+0000][11420][gc,age      ] GC(23) - age  12:   11490632 bytes,   44192968 total
[2023-11-22T20:30:28.117+0000][11420][gc,heap     ] GC(23) Eden regions: 594->0(594)
[2023-11-22T20:30:28.117+0000][11420][gc,heap     ] GC(23) Survivor regions: 12->12(76)
[2023-11-22T20:30:28.117+0000][11420][gc,heap     ] GC(23) Old regions: 22->22
[2023-11-22T20:30:28.117+0000][11420][gc,heap     ] GC(23) Archive regions: 0->0
[2023-11-22T20:30:28.117+0000][11420][gc,heap     ] GC(23) Humongous regions: 2->2
[2023-11-22T20:30:28.117+0000][11420][gc,metaspace] GC(23) Metaspace: 138659K(142208K)->138659K(142208K) NonClass: 120314K(122176K)->120314K(122176K) Class: 18345K(20032K)->18345K(20032K)
[2023-11-22T20:30:28.117+0000][11420][gc          ] GC(23) Pause Young (Normal) (G1 Evacuation Pause) 2515M->139M(4040M) 19.438ms
[2023-11-22T20:30:28.117+0000][11420][gc,cpu      ] GC(23) User=0.05s Sys=0.00s Real=0.02s
[2023-11-22T20:30:28.118+0000][11420][safepoint   ] Safepoint "G1CollectForAllocation", Time since last: 38350273600 ns, Reaching safepoint: 64700 ns, At safepoint: 19545600 ns, Total: 19610300 ns
[2023-11-22T20:31:12.520+0000][11420][safepoint   ] Safepoint "Cleanup", Time since last: 44401740200 ns, Reaching safepoint: 136100 ns, At safepoint: 20700 ns, Total: 156800 ns
[2023-11-22T20:31:22.600+0000][11420][safepoint   ] Safepoint "Cleanup", Time since last: 10079698100 ns, Reaching safepoint: 98800 ns, At safepoint: 13800 ns, Total: 112600 ns
[2023-11-22T20:31:28.650+0000][11420][safepoint   ] Safepoint "Cleanup", Time since last: 6050715000 ns, Reaching safepoint: 125300 ns, At safepoint: 10800 ns, Total: 136100 ns
[2023-11-22T20:31:31.673+0000][11420][safepoint   ] Safepoint "Cleanup", Time since last: 3022239800 ns, Reaching safepoint: 118100 ns, At safepoint: 14900 ns, Total: 133000 ns
[2023-11-22T20:32:20.048+0000][11420][safepoint   ] Safepoint "Cleanup", Time since last: 48375567700 ns, Reaching safepoint: 118400 ns, At safepoint: 8500 ns, Total: 126900 ns
[2023-11-22T20:32:41.257+0000][11420][safepoint   ] Safepoint "Cleanup", Time since last: 21207976300 ns, Reaching safepoint: 122300 ns, At safepoint: 17100 ns, Total: 139400 ns
[2023-11-22T20:32:44.276+0000][11420][safepoint   ] Safepoint "Cleanup", Time since last: 3018987000 ns, Reaching safepoint: 103900 ns, At safepoint: 9100 ns, Total: 113000 ns
[2023-11-22T20:32:45.277+0000][11420][safepoint   ] Safepoint "Cleanup", Time since last: 1000925700 ns, Reaching safepoint: 133500 ns, At safepoint: 13200 ns, Total: 146700 ns
[2023-11-22T20:33:19.607+0000][11420][safepoint   ] Safepoint "Cleanup", Time since last: 34330098600 ns, Reaching safepoint: 133700 ns, At safepoint: 22600 ns, Total: 156300 ns
[2023-11-22T20:33:22.643+0000][11420][safepoint   ] Safepoint "Cleanup", Time since last: 3036125200 ns, Reaching safepoint: 137900 ns, At safepoint: 19800 ns, Total: 157700 ns
[2023-11-22T20:33:25.651+0000][11420][safepoint   ] Safepoint "Cleanup", Time since last: 3007835100 ns, Reaching safepoint: 77300 ns, At safepoint: 6800 ns, Total: 84100 ns
[2023-11-22T20:33:26.655+0000][11420][safepoint   ] Safepoint "Cleanup", Time since last: 1003475800 ns, Reaching safepoint: 192600 ns, At safepoint: 9400 ns, Total: 202000 ns
[2023-11-22T20:33:28.671+0000][11420][safepoint   ] Safepoint "Cleanup", Time since last: 2016291900 ns, Reaching safepoint: 83200 ns, At safepoint: 56900 ns, Total: 140100 ns
[2023-11-22T20:33:31.701+0000][11420][safepoint   ] Safepoint "Cleanup", Time since last: 3029930000 ns, Reaching safepoint: 82900 ns, At safepoint: 78900 ns, Total: 161800 ns
[2023-11-22T20:33:38.746+0000][11420][safepoint   ] Safepoint "Cleanup", Time since last: 7044047000 ns, Reaching safepoint: 143200 ns, At safepoint: 12400 ns, Total: 155600 ns
[2023-11-22T20:34:13.046+0000][11420][safepoint   ] Safepoint "Cleanup", Time since last: 34300034100 ns, Reaching safepoint: 136800 ns, At safepoint: 11500 ns, Total: 148300 ns
[2023-11-22T20:35:38.790+0000][11420][safepoint   ] Safepoint "Cleanup", Time since last: 85744410700 ns, Reaching safepoint: 115900 ns, At safepoint: 23900 ns, Total: 139800 ns
[2023-11-22T20:35:50.916+0000][11420][safepoint   ] Safepoint "Cleanup", Time since last: 12125432500 ns, Reaching safepoint: 127500 ns, At safepoint: 76900 ns, Total: 204400 ns
[2023-11-22T20:36:13.097+0000][11420][safepoint   ] Safepoint "Cleanup", Time since last: 22181074000 ns, Reaching safepoint: 106800 ns, At safepoint: 13000 ns, Total: 119800 ns
[2023-11-22T20:37:37.815+0000][11420][safepoint   ] Safepoint "Cleanup", Time since last: 84717824200 ns, Reaching safepoint: 115900 ns, At safepoint: 11500 ns, Total: 127400 ns
[2023-11-22T20:37:42.846+0000][11420][safepoint   ] Safepoint "Cleanup", Time since last: 5031104200 ns, Reaching safepoint: 129400 ns, At safepoint: 54800 ns, Total: 184200 ns
[2023-11-22T20:38:21.158+0000][11420][safepoint   ] Safepoint "Cleanup", Time since last: 38311220900 ns, Reaching safepoint: 700100 ns, At safepoint: 12600 ns, Total: 712700 ns
[2023-11-22T20:38:43.350+0000][11420][safepoint   ] Safepoint "Cleanup", Time since last: 22191239500 ns, Reaching safepoint: 214500 ns, At safepoint: 25100 ns, Total: 239600 ns
[2023-11-22T20:39:12.604+0000][11420][safepoint   ] Safepoint "Cleanup", Time since last: 29254034700 ns, Reaching safepoint: 306500 ns, At safepoint: 27700 ns, Total: 334200 ns
[2023-11-22T20:40:03.885+0000][11420][safepoint   ] Safepoint "Cleanup", Time since last: 51280997200 ns, Reaching safepoint: 95200 ns, At safepoint: 13300 ns, Total: 108500 ns
[2023-11-22T20:41:12.642+0000][11420][gc,start    ] GC(24) Pause Young (Normal) (G1 Evacuation Pause)
[2023-11-22T20:41:12.642+0000][11420][gc,task     ] GC(24) Using 8 workers of 8 for evacuation
[2023-11-22T20:41:12.642+0000][11420][gc,age      ] GC(24) Desired survivor size 159383552 bytes, new threshold 15 (max threshold 15)
[2023-11-22T20:41:12.665+0000][11420][gc,phases   ] GC(24)   Pre Evacuate Collection Set: 1.6ms
[2023-11-22T20:41:12.665+0000][11420][gc,phases   ] GC(24)   Merge Heap Roots: 0.2ms
[2023-11-22T20:41:12.665+0000][11420][gc,phases   ] GC(24)   Evacuate Collection Set: 17.0ms
[2023-11-22T20:41:12.665+0000][11420][gc,phases   ] GC(24)   Post Evacuate Collection Set: 2.1ms
[2023-11-22T20:41:12.665+0000][11420][gc,phases   ] GC(24)   Other: 2.2ms
[2023-11-22T20:41:12.665+0000][11420][gc,age      ] GC(24) Age table with threshold 15 (max threshold 15)
[2023-11-22T20:41:12.665+0000][11420][gc,age      ] GC(24) - age   1:     780000 bytes,     780000 total
[2023-11-22T20:41:12.665+0000][11420][gc,age      ] GC(24) - age   2:      25992 bytes,     805992 total
[2023-11-22T20:41:12.665+0000][11420][gc,age      ] GC(24) - age   3:     250312 bytes,    1056304 total
[2023-11-22T20:41:12.665+0000][11420][gc,age      ] GC(24) - age   4:      84464 bytes,    1140768 total
[2023-11-22T20:41:12.665+0000][11420][gc,age      ] GC(24) - age   5:     509184 bytes,    1649952 total
[2023-11-22T20:41:12.665+0000][11420][gc,age      ] GC(24) - age   6:      36096 bytes,    1686048 total
[2023-11-22T20:41:12.665+0000][11420][gc,age      ] GC(24) - age   7:     266432 bytes,    1952480 total
[2023-11-22T20:41:12.665+0000][11420][gc,age      ] GC(24) - age   8:      30208 bytes,    1982688 total
[2023-11-22T20:41:12.665+0000][11420][gc,age      ] GC(24) - age   9:      73600 bytes,    2056288 total
[2023-11-22T20:41:12.665+0000][11420][gc,age      ] GC(24) - age  10:      30624 bytes,    2086912 total
[2023-11-22T20:41:12.665+0000][11420][gc,age      ] GC(24) - age  11:    6919904 bytes,    9006816 total
[2023-11-22T20:41:12.665+0000][11420][gc,age      ] GC(24) - age  12:   22590720 bytes,   31597536 total
[2023-11-22T20:41:12.665+0000][11420][gc,age      ] GC(24) - age  13:   11490152 bytes,   43087688 total
[2023-11-22T20:41:12.665+0000][11420][gc,heap     ] GC(24) Eden regions: 594->0(594)
[2023-11-22T20:41:12.665+0000][11420][gc,heap     ] GC(24) Survivor regions: 12->12(76)
[2023-11-22T20:41:12.665+0000][11420][gc,heap     ] GC(24) Old regions: 22->22
[2023-11-22T20:41:12.665+0000][11420][gc,heap     ] GC(24) Archive regions: 0->0
[2023-11-22T20:41:12.665+0000][11420][gc,heap     ] GC(24) Humongous regions: 2->2
[2023-11-22T20:41:12.665+0000][11420][gc,metaspace] GC(24) Metaspace: 138684K(142272K)->138684K(142272K) NonClass: 120338K(122240K)->120338K(122240K) Class: 18345K(20032K)->18345K(20032K)
[2023-11-22T20:41:12.665+0000][11420][gc          ] GC(24) Pause Young (Normal) (G1 Evacuation Pause) 2515M->137M(4040M) 23.588ms
[2023-11-22T20:41:12.665+0000][11420][gc,cpu      ] GC(24) User=0.02s Sys=0.00s Real=0.02s
[2023-11-22T20:41:12.665+0000][11420][safepoint   ] Safepoint "G1CollectForAllocation", Time since last: 68756348500 ns, Reaching safepoint: 151100 ns, At safepoint: 23696500 ns, Total: 23847600 ns
[2023-11-22T20:41:32.833+0000][11420][safepoint   ] Safepoint "Cleanup", Time since last: 20167322200 ns, Reaching safepoint: 83600 ns, At safepoint: 20500 ns, Total: 104100 ns
[2023-11-22T20:41:52.009+0000][11420][safepoint   ] Safepoint "Cleanup", Time since last: 19176315600 ns, Reaching safepoint: 148700 ns, At safepoint: 10800 ns, Total: 159500 ns
[2023-11-22T20:42:03.087+0000][11420][safepoint   ] Safepoint "Cleanup", Time since last: 11077843100 ns, Reaching safepoint: 109500 ns, At safepoint: 6700 ns, Total: 116200 ns
[2023-11-22T20:42:13.171+0000][11420][safepoint   ] Safepoint "Cleanup", Time since last: 10083678700 ns, Reaching safepoint: 210200 ns, At safepoint: 19300 ns, Total: 229500 ns
[2023-11-22T20:42:44.413+0000][11420][safepoint   ] Safepoint "Cleanup", Time since last: 31241743400 ns, Reaching safepoint: 104600 ns, At safepoint: 15000 ns, Total: 119600 ns
[2023-11-22T20:43:52.967+0000][11420][safepoint   ] Safepoint "Cleanup", Time since last: 68553709200 ns, Reaching safepoint: 151400 ns, At safepoint: 12100 ns, Total: 163500 ns
[2023-11-22T20:45:42.888+0000][11420][safepoint   ] Safepoint "Cleanup", Time since last: 109921454900 ns, Reaching safepoint: 156000 ns, At safepoint: 5300 ns, Total: 161300 ns
[2023-11-22T23:47:18.566+0000][11420][safepoint   ] Safepoint "Cleanup", Time since last: 10892353873000 ns, Reaching safepoint: 3311595800 ns, At safepoint: 20841300 ns, Total: 3332437100 ns
[2023-11-22T23:47:20.557+0000][11420][safepoint   ] Safepoint "Cleanup", Time since last: 1990980600 ns, Reaching safepoint: 1221400 ns, At safepoint: 79500 ns, Total: 1300900 ns
[2023-11-22T23:47:21.572+0000][11420][safepoint   ] Safepoint "Cleanup", Time since last: 1013923400 ns, Reaching safepoint: 118100 ns, At safepoint: 22200 ns, Total: 140300 ns
[2023-11-22T23:47:23.134+0000][11420][safepoint   ] Safepoint "Cleanup", Time since last: 1561256900 ns, Reaching safepoint: 191700 ns, At safepoint: 18600 ns, Total: 210300 ns
[2023-11-23T10:07:19.199+0000][11420][safepoint   ] Safepoint "Cleanup", Time since last: 37201652177600 ns, Reaching safepoint: 212200 ns, At safepoint: 21400 ns, Total: 233600 ns
[2023-11-23T10:07:20.211+0000][11420][safepoint   ] Safepoint "Cleanup", Time since last: 1011699300 ns, Reaching safepoint: 167400 ns, At safepoint: 12100 ns, Total: 179500 ns
[2023-11-23T10:07:21.223+0000][11420][safepoint   ] Safepoint "Cleanup", Time since last: 1011107700 ns, Reaching safepoint: 192400 ns, At safepoint: 14300 ns, Total: 206700 ns
[2023-11-23T10:07:22.231+0000][11420][safepoint   ] Safepoint "Cleanup", Time since last: 1007962400 ns, Reaching safepoint: 159500 ns, At safepoint: 6400 ns, Total: 165900 ns
[2023-11-23T10:07:23.235+0000][11420][safepoint   ] Safepoint "Cleanup", Time since last: 1003894800 ns, Reaching safepoint: 667900 ns, At safepoint: 9700 ns, Total: 677600 ns
[2023-11-23T10:07:24.842+0000][11420][safepoint   ] Safepoint "Cleanup", Time since last: 1606330900 ns, Reaching safepoint: 142500 ns, At safepoint: 12400 ns, Total: 154900 ns
[2023-11-23T10:07:25.852+0000][11420][safepoint   ] Safepoint "Cleanup", Time since last: 1010371400 ns, Reaching safepoint: 52500 ns, At safepoint: 8000 ns, Total: 60500 ns
[2023-11-23T10:07:26.854+0000][11420][safepoint   ] Safepoint "Cleanup", Time since last: 1001204900 ns, Reaching safepoint: 235000 ns, At safepoint: 11400 ns, Total: 246400 ns
[2023-11-23T10:07:27.869+0000][11420][safepoint   ] Safepoint "Cleanup", Time since last: 1015070800 ns, Reaching safepoint: 124300 ns, At safepoint: 21100 ns, Total: 145400 ns
[2023-11-23T10:07:29.887+0000][11420][safepoint   ] Safepoint "Cleanup", Time since last: 2018305000 ns, Reaching safepoint: 175200 ns, At safepoint: 5300 ns, Total: 180500 ns
[2023-11-23T10:07:32.906+0000][11420][safepoint   ] Safepoint "Cleanup", Time since last: 3018379100 ns, Reaching safepoint: 102100 ns, At safepoint: 4900 ns, Total: 107000 ns
[2023-11-23T10:07:35.940+0000][11420][safepoint   ] Safepoint "Cleanup", Time since last: 3033802300 ns, Reaching safepoint: 146300 ns, At safepoint: 44100 ns, Total: 190400 ns
[2023-11-23T10:07:38.970+0000][11420][safepoint   ] Safepoint "Cleanup", Time since last: 3029936100 ns, Reaching safepoint: 138400 ns, At safepoint: 57600 ns, Total: 196000 ns
[2023-11-23T10:07:45.032+0000][11420][safepoint   ] Safepoint "Cleanup", Time since last: 6061770300 ns, Reaching safepoint: 94700 ns, At safepoint: 5600 ns, Total: 100300 ns
[2023-11-23T10:07:51.095+0000][11420][safepoint   ] Safepoint "Cleanup", Time since last: 6062875700 ns, Reaching safepoint: 106100 ns, At safepoint: 6100 ns, Total: 112200 ns
[2023-11-23T10:07:57.172+0000][11420][safepoint   ] Safepoint "Cleanup", Time since last: 6077353300 ns, Reaching safepoint: 116200 ns, At safepoint: 21400 ns, Total: 137600 ns
[2023-11-23T10:08:20.376+0000][11420][safepoint   ] Safepoint "Cleanup", Time since last: 23203265300 ns, Reaching safepoint: 152200 ns, At safepoint: 53400 ns, Total: 205600 ns
[2023-11-23T10:08:24.420+0000][11420][safepoint   ] Safepoint "Cleanup", Time since last: 4043793900 ns, Reaching safepoint: 104300 ns, At safepoint: 40300 ns, Total: 144600 ns
[2023-11-23T10:08:32.471+0000][11420][safepoint   ] Safepoint "Cleanup", Time since last: 8050645600 ns, Reaching safepoint: 60700 ns, At safepoint: 9600 ns, Total: 70300 ns
[2023-11-23T10:08:33.479+0000][11420][safepoint   ] Safepoint "Cleanup", Time since last: 1008446900 ns, Reaching safepoint: 159500 ns, At safepoint: 22400 ns, Total: 181900 ns
[2023-11-23T10:08:34.495+0000][11420][safepoint   ] Safepoint "Cleanup", Time since last: 1015208400 ns, Reaching safepoint: 141100 ns, At safepoint: 20300 ns, Total: 161400 ns
[2023-11-23T10:08:35.510+0000][11420][safepoint   ] Safepoint "Cleanup", Time since last: 1015233600 ns, Reaching safepoint: 112900 ns, At safepoint: 63400 ns, Total: 176300 ns
[2023-11-23T10:08:56.699+0000][11420][safepoint   ] Safepoint "Cleanup", Time since last: 21188647100 ns, Reaching safepoint: 78500 ns, At safepoint: 7600 ns, Total: 86100 ns
[2023-11-23T10:08:58.705+0000][11420][safepoint   ] Safepoint "Cleanup", Time since last: 2005791600 ns, Reaching safepoint: 135900 ns, At safepoint: 15900 ns, Total: 151800 ns
[2023-11-23T10:08:59.719+0000][11420][safepoint   ] Safepoint "Cleanup", Time since last: 1013755500 ns, Reaching safepoint: 169800 ns, At safepoint: 25700 ns, Total: 195500 ns
[2023-11-23T10:09:00.720+0000][11420][safepoint   ] Safepoint "Cleanup", Time since last: 1001633400 ns, Reaching safepoint: 129900 ns, At safepoint: 24700 ns, Total: 154600 ns
[2023-11-23T10:09:02.735+0000][11420][safepoint   ] Safepoint "Cleanup", Time since last: 2014620100 ns, Reaching safepoint: 137000 ns, At safepoint: 11600 ns, Total: 148600 ns
[2023-11-23T10:09:04.763+0000][11420][safepoint   ] Safepoint "Cleanup", Time since last: 2027941100 ns, Reaching safepoint: 117200 ns, At safepoint: 16100 ns, Total: 133300 ns
[2023-11-23T10:09:08.781+0000][11420][safepoint   ] Safepoint "Cleanup", Time since last: 4017284500 ns, Reaching safepoint: 90400 ns, At safepoint: 14600 ns, Total: 105000 ns
[2023-11-23T10:09:19.875+0000][11420][safepoint   ] Safepoint "Cleanup", Time since last: 11094350100 ns, Reaching safepoint: 184200 ns, At safepoint: 11600 ns, Total: 195800 ns
[2023-11-23T10:09:20.882+0000][11420][safepoint   ] Safepoint "Cleanup", Time since last: 1007148200 ns, Reaching safepoint: 87500 ns, At safepoint: 23400 ns, Total: 110900 ns
[2023-11-23T10:09:22.912+0000][11420][safepoint   ] Safepoint "Cleanup", Time since last: 2029396700 ns, Reaching safepoint: 173500 ns, At safepoint: 15700 ns, Total: 189200 ns
[2023-11-23T10:09:26.944+0000][11420][safepoint   ] Safepoint "Cleanup", Time since last: 4031667600 ns, Reaching safepoint: 88500 ns, At safepoint: 20400 ns, Total: 108900 ns
[2023-11-23T10:09:27.947+0000][11420][safepoint   ] Safepoint "Cleanup", Time since last: 1003393500 ns, Reaching safepoint: 113100 ns, At safepoint: 72100 ns, Total: 185200 ns
[2023-11-23T10:09:29.956+0000][11420][safepoint   ] Safepoint "Cleanup", Time since last: 2008742300 ns, Reaching safepoint: 140200 ns, At safepoint: 12400 ns, Total: 152600 ns
[2023-11-23T10:09:32.981+0000][11420][safepoint   ] Safepoint "Cleanup", Time since last: 3024809900 ns, Reaching safepoint: 109000 ns, At safepoint: 21800 ns, Total: 130800 ns
[2023-11-23T10:09:33.985+0000][11420][safepoint   ] Safepoint "Cleanup", Time since last: 1003548200 ns, Reaching safepoint: 128000 ns, At safepoint: 14300 ns, Total: 142300 ns
[2023-11-23T10:09:50.092+0000][11420][safepoint   ] Safepoint "Cleanup", Time since last: 16107020600 ns, Reaching safepoint: 190900 ns, At safepoint: 15100 ns, Total: 206000 ns
[2023-11-23T10:09:51.107+0000][11420][safepoint   ] Safepoint "Cleanup", Time since last: 1014708400 ns, Reaching safepoint: 168800 ns, At safepoint: 12300 ns, Total: 181100 ns
[2023-11-23T10:09:57.157+0000][11420][safepoint   ] Safepoint "Cleanup", Time since last: 6049324100 ns, Reaching safepoint: 155100 ns, At safepoint: 9900 ns, Total: 165000 ns
[2023-11-23T10:09:58.169+0000][11420][safepoint   ] Safepoint "Cleanup", Time since last: 1012482300 ns, Reaching safepoint: 133100 ns, At safepoint: 15300 ns, Total: 148400 ns
[2023-11-23T10:10:20.342+0000][11420][safepoint   ] Safepoint "Cleanup", Time since last: 22172843100 ns, Reaching safepoint: 119800 ns, At safepoint: 23400 ns, Total: 143200 ns
[2023-11-23T10:10:22.357+0000][11420][safepoint   ] Safepoint "Cleanup", Time since last: 2014504600 ns, Reaching safepoint: 71000 ns, At safepoint: 11400 ns, Total: 82400 ns
[2023-11-23T10:10:45.557+0000][11420][safepoint   ] Safepoint "Cleanup", Time since last: 23183277400 ns, Reaching safepoint: 16886000 ns, At safepoint: 165800 ns, Total: 17051800 ns
[2023-11-23T10:10:51.647+0000][11420][safepoint   ] Safepoint "Cleanup", Time since last: 6089975200 ns, Reaching safepoint: 81900 ns, At safepoint: 20100 ns, Total: 102000 ns
[2023-11-23T10:11:20.868+0000][11420][safepoint   ] Safepoint "Cleanup", Time since last: 29221077900 ns, Reaching safepoint: 86300 ns, At safepoint: 21800 ns, Total: 108100 ns
[2023-11-23T10:11:34.955+0000][11420][safepoint   ] Safepoint "Cleanup", Time since last: 14086779200 ns, Reaching safepoint: 107000 ns, At safepoint: 19400 ns, Total: 126400 ns
[2023-11-23T10:12:21.296+0000][11420][safepoint   ] Safepoint "Cleanup", Time since last: 46340935000 ns, Reaching safepoint: 78400 ns, At safepoint: 9200 ns, Total: 87600 ns
[2023-11-23T10:12:22.298+0000][11420][safepoint   ] Safepoint "Cleanup", Time since last: 1001604300 ns, Reaching safepoint: 85700 ns, At safepoint: 18500 ns, Total: 104200 ns
[2023-11-23T10:12:24.307+0000][11420][safepoint   ] Safepoint "Cleanup", Time since last: 2008820400 ns, Reaching safepoint: 106700 ns, At safepoint: 20200 ns, Total: 126900 ns
[2023-11-23T10:12:25.321+0000][11420][safepoint   ] Safepoint "Cleanup", Time since last: 1014480300 ns, Reaching safepoint: 103500 ns, At safepoint: 27200 ns, Total: 130700 ns
[2023-11-23T10:12:26.329+0000][11420][safepoint   ] Safepoint "Cleanup", Time since last: 1006739200 ns, Reaching safepoint: 709900 ns, At safepoint: 23100 ns, Total: 733000 ns
[2023-11-23T10:12:45.513+0000][11420][safepoint   ] Safepoint "Cleanup", Time since last: 19184161900 ns, Reaching safepoint: 119900 ns, At safepoint: 20900 ns, Total: 140800 ns
[2023-11-23T10:13:03.642+0000][11420][safepoint   ] Safepoint "Cleanup", Time since last: 18128269400 ns, Reaching safepoint: 148200 ns, At safepoint: 61300 ns, Total: 209500 ns
[2023-11-23T10:13:20.773+0000][11420][safepoint   ] Safepoint "Cleanup", Time since last: 17131005900 ns, Reaching safepoint: 76300 ns, At safepoint: 46700 ns, Total: 123000 ns
[2023-11-23T10:13:22.104+0000][11420][gc,start    ] GC(25) Pause Young (Normal) (G1 Evacuation Pause)
[2023-11-23T10:13:22.127+0000][11420][gc,task     ] GC(25) Using 8 workers of 8 for evacuation
[2023-11-23T10:13:22.127+0000][11420][gc,age      ] GC(25) Desired survivor size 159383552 bytes, new threshold 15 (max threshold 15)
[2023-11-23T10:13:22.329+0000][11420][gc,phases   ] GC(25)   Pre Evacuate Collection Set: 14.4ms
[2023-11-23T10:13:22.329+0000][11420][gc,phases   ] GC(25)   Merge Heap Roots: 1.5ms
[2023-11-23T10:13:22.329+0000][11420][gc,phases   ] GC(25)   Evacuate Collection Set: 153.5ms
[2023-11-23T10:13:22.329+0000][11420][gc,phases   ] GC(25)   Post Evacuate Collection Set: 14.4ms
[2023-11-23T10:13:22.329+0000][11420][gc,phases   ] GC(25)   Other: 36.0ms
[2023-11-23T10:13:22.329+0000][11420][gc,age      ] GC(25) Age table with threshold 15 (max threshold 15)
[2023-11-23T10:13:22.329+0000][11420][gc,age      ] GC(25) - age   1:    2956008 bytes,    2956008 total
[2023-11-23T10:13:22.329+0000][11420][gc,age      ] GC(25) - age   2:       6808 bytes,    2962816 total
[2023-11-23T10:13:22.329+0000][11420][gc,age      ] GC(25) - age   3:       9376 bytes,    2972192 total
[2023-11-23T10:13:22.329+0000][11420][gc,age      ] GC(25) - age   4:       7672 bytes,    2979864 total
[2023-11-23T10:13:22.329+0000][11420][gc,age      ] GC(25) - age   5:      10152 bytes,    2990016 total
[2023-11-23T10:13:22.329+0000][11420][gc,age      ] GC(25) - age   6:     189168 bytes,    3179184 total
[2023-11-23T10:13:22.329+0000][11420][gc,age      ] GC(25) - age   7:      13552 bytes,    3192736 total
[2023-11-23T10:13:22.329+0000][11420][gc,age      ] GC(25) - age   8:      73672 bytes,    3266408 total
[2023-11-23T10:13:22.329+0000][11420][gc,age      ] GC(25) - age   9:      30208 bytes,    3296616 total
[2023-11-23T10:13:22.329+0000][11420][gc,age      ] GC(25) - age  10:      64584 bytes,    3361200 total
[2023-11-23T10:13:22.329+0000][11420][gc,age      ] GC(25) - age  11:      30600 bytes,    3391800 total
[2023-11-23T10:13:22.329+0000][11420][gc,age      ] GC(25) - age  12:    6847488 bytes,   10239288 total
[2023-11-23T10:13:22.329+0000][11420][gc,age      ] GC(25) - age  13:   22434096 bytes,   32673384 total
[2023-11-23T10:13:22.329+0000][11420][gc,age      ] GC(25) - age  14:   11489432 bytes,   44162816 total
[2023-11-23T10:13:22.329+0000][11420][gc,heap     ] GC(25) Eden regions: 594->0(593)
[2023-11-23T10:13:22.329+0000][11420][gc,heap     ] GC(25) Survivor regions: 12->13(76)
[2023-11-23T10:13:22.329+0000][11420][gc,heap     ] GC(25) Old regions: 22->22
[2023-11-23T10:13:22.329+0000][11420][gc,heap     ] GC(25) Archive regions: 0->0
[2023-11-23T10:13:22.329+0000][11420][gc,heap     ] GC(25) Humongous regions: 2->2
[2023-11-23T10:13:22.342+0000][11420][gc,metaspace] GC(25) Metaspace: 139201K(142848K)->139201K(142848K) NonClass: 120780K(122752K)->120780K(122752K) Class: 18420K(20096K)->18420K(20096K)
[2023-11-23T10:13:22.343+0000][11420][gc          ] GC(25) Pause Young (Normal) (G1 Evacuation Pause) 2513M->141M(4040M) 239.718ms
[2023-11-23T10:13:22.343+0000][11420][gc,cpu      ] GC(25) User=0.08s Sys=0.17s Real=0.24s
[2023-11-23T10:13:22.344+0000][11420][safepoint   ] Safepoint "G1CollectForAllocation", Time since last: 1330398600 ns, Reaching safepoint: 124400 ns, At safepoint: 240857200 ns, Total: 240981600 ns
[2023-11-23T10:13:48.588+0000][11420][safepoint   ] Safepoint "Cleanup", Time since last: 26243525900 ns, Reaching safepoint: 100600 ns, At safepoint: 31200 ns, Total: 131800 ns
[2023-11-23T10:13:51.619+0000][11420][safepoint   ] Safepoint "Cleanup", Time since last: 3030959800 ns, Reaching safepoint: 566100 ns, At safepoint: 84800 ns, Total: 650900 ns
[2023-11-23T10:14:09.745+0000][11420][safepoint   ] Safepoint "Cleanup", Time since last: 18125567600 ns, Reaching safepoint: 162900 ns, At safepoint: 17200 ns, Total: 180100 ns
[2023-11-23T10:14:20.856+0000][11420][safepoint   ] Safepoint "Cleanup", Time since last: 11110482500 ns, Reaching safepoint: 165500 ns, At safepoint: 30600 ns, Total: 196100 ns
[2023-11-23T10:14:21.865+0000][11420][safepoint   ] Safepoint "Cleanup", Time since last: 1008542400 ns, Reaching safepoint: 172000 ns, At safepoint: 13700 ns, Total: 185700 ns
[2023-11-23T10:14:27.910+0000][11420][safepoint   ] Safepoint "Cleanup", Time since last: 6044521300 ns, Reaching safepoint: 140400 ns, At safepoint: 59800 ns, Total: 200200 ns
[2023-11-23T10:15:04.309+0000][11420][safepoint   ] Safepoint "Cleanup", Time since last: 36399510200 ns, Reaching safepoint: 165500 ns, At safepoint: 10500 ns, Total: 176000 ns
[2023-11-23T10:15:34.623+0000][11420][safepoint   ] Safepoint "Cleanup", Time since last: 30314080100 ns, Reaching safepoint: 415000 ns, At safepoint: 61000 ns, Total: 476000 ns
[2023-11-23T10:15:53.781+0000][11420][safepoint   ] Safepoint "Cleanup", Time since last: 19157190900 ns, Reaching safepoint: 181000 ns, At safepoint: 65400 ns, Total: 246400 ns
[2023-11-23T10:16:15.963+0000][11420][safepoint   ] Safepoint "Cleanup", Time since last: 22182105200 ns, Reaching safepoint: 67500 ns, At safepoint: 17600 ns, Total: 85100 ns
[2023-11-23T10:16:21.002+0000][11420][safepoint   ] Safepoint "Cleanup", Time since last: 5038042500 ns, Reaching safepoint: 138100 ns, At safepoint: 69400 ns, Total: 207500 ns
[2023-11-23T10:16:22.013+0000][11420][safepoint   ] Safepoint "Cleanup", Time since last: 1010782200 ns, Reaching safepoint: 188100 ns, At safepoint: 66100 ns, Total: 254200 ns
[2023-11-23T10:17:04.388+0000][11420][safepoint   ] Safepoint "Cleanup", Time since last: 42374578800 ns, Reaching safepoint: 552900 ns, At safepoint: 128300 ns, Total: 681200 ns
[2023-11-23T10:17:06.253+0000][11420][safepoint   ] Safepoint "Cleanup", Time since last: 1864785800 ns, Reaching safepoint: 67300 ns, At safepoint: 54500 ns, Total: 121800 ns
[2023-11-23T10:17:07.258+0000][11420][safepoint   ] Safepoint "Cleanup", Time since last: 1004711800 ns, Reaching safepoint: 186300 ns, At safepoint: 15500 ns, Total: 201800 ns
[2023-11-23T10:17:09.286+0000][11420][safepoint   ] Safepoint "Cleanup", Time since last: 2028296800 ns, Reaching safepoint: 172800 ns, At safepoint: 40000 ns, Total: 212800 ns
[2023-11-23T10:17:11.305+0000][11420][safepoint   ] Safepoint "Cleanup", Time since last: 2018837600 ns, Reaching safepoint: 147100 ns, At safepoint: 13700 ns, Total: 160800 ns
[2023-11-23T10:17:20.361+0000][11420][safepoint   ] Safepoint "Cleanup", Time since last: 9055071500 ns, Reaching safepoint: 134500 ns, At safepoint: 13400 ns, Total: 147900 ns
[2023-11-23T10:17:58.686+0000][11420][safepoint   ] Safepoint "Cleanup", Time since last: 38325777600 ns, Reaching safepoint: 145200 ns, At safepoint: 14200 ns, Total: 159400 ns
[2023-11-23T10:18:20.917+0000][11420][safepoint   ] Safepoint "Cleanup", Time since last: 22230123400 ns, Reaching safepoint: 162400 ns, At safepoint: 25600 ns, Total: 188000 ns
[2023-11-23T10:19:20.417+0000][11420][safepoint   ] Safepoint "Cleanup", Time since last: 59499936800 ns, Reaching safepoint: 207200 ns, At safepoint: 19900 ns, Total: 227100 ns
[2023-11-23T10:20:20.909+0000][11420][safepoint   ] Safepoint "Cleanup", Time since last: 60491403800 ns, Reaching safepoint: 149800 ns, At safepoint: 24300 ns, Total: 174100 ns
[2023-11-23T10:20:47.067+0000][11420][safepoint   ] Safepoint "Cleanup", Time since last: 26158729000 ns, Reaching safepoint: 81600 ns, At safepoint: 14100 ns, Total: 95700 ns
[2023-11-23T10:20:49.084+0000][11420][safepoint   ] Safepoint "Cleanup", Time since last: 2017008000 ns, Reaching safepoint: 141600 ns, At safepoint: 22500 ns, Total: 164100 ns
[2023-11-23T10:21:20.368+0000][11420][safepoint   ] Safepoint "Cleanup", Time since last: 31283490100 ns, Reaching safepoint: 160600 ns, At safepoint: 25800 ns, Total: 186400 ns
[2023-11-23T10:21:23.383+0000][11420][safepoint   ] Safepoint "Cleanup", Time since last: 3014988500 ns, Reaching safepoint: 75300 ns, At safepoint: 17000 ns, Total: 92300 ns
[2023-11-23T10:21:47.575+0000][11420][safepoint   ] Safepoint "Cleanup", Time since last: 24192027300 ns, Reaching safepoint: 203700 ns, At safepoint: 49600 ns, Total: 253300 ns
[2023-11-23T10:21:52.607+0000][11420][safepoint   ] Safepoint "Cleanup", Time since last: 5031906400 ns, Reaching safepoint: 101100 ns, At safepoint: 20100 ns, Total: 121200 ns
[2023-11-23T10:22:05.697+0000][11420][safepoint   ] Safepoint "Cleanup", Time since last: 13088797900 ns, Reaching safepoint: 96000 ns, At safepoint: 17700 ns, Total: 113700 ns
[2023-11-23T10:22:07.710+0000][11420][safepoint   ] Safepoint "Cleanup", Time since last: 2013278700 ns, Reaching safepoint: 136500 ns, At safepoint: 17100 ns, Total: 153600 ns
[2023-11-23T10:22:13.749+0000][11420][safepoint   ] Safepoint "Cleanup", Time since last: 6039108400 ns, Reaching safepoint: 200500 ns, At safepoint: 17200 ns, Total: 217700 ns
[2023-11-23T10:22:20.804+0000][11420][safepoint   ] Safepoint "Cleanup", Time since last: 7054767800 ns, Reaching safepoint: 133700 ns, At safepoint: 16000 ns, Total: 149700 ns
[2023-11-23T10:22:37.920+0000][11420][safepoint   ] Safepoint "Cleanup", Time since last: 17115629800 ns, Reaching safepoint: 110700 ns, At safepoint: 22000 ns, Total: 132700 ns
[2023-11-23T10:23:39.331+0000][11420][safepoint   ] Safepoint "Cleanup", Time since last: 61411426100 ns, Reaching safepoint: 225100 ns, At safepoint: 19400 ns, Total: 244500 ns
[2023-11-23T10:24:35.784+0000][11420][safepoint   ] Safepoint "Cleanup", Time since last: 56452026200 ns, Reaching safepoint: 85200 ns, At safepoint: 9500 ns, Total: 94700 ns
[2023-11-23T10:24:49.094+0000][11420][gc,start    ] GC(26) Pause Young (Normal) (G1 Evacuation Pause)
[2023-11-23T10:24:49.094+0000][11420][gc,task     ] GC(26) Using 8 workers of 8 for evacuation
[2023-11-23T10:24:49.094+0000][11420][gc,age      ] GC(26) Desired survivor size 159383552 bytes, new threshold 15 (max threshold 15)
[2023-11-23T10:24:49.134+0000][11420][gc,phases   ] GC(26)   Pre Evacuate Collection Set: 0.2ms
[2023-11-23T10:24:49.134+0000][11420][gc,phases   ] GC(26)   Merge Heap Roots: 0.1ms
[2023-11-23T10:24:49.134+0000][11420][gc,phases   ] GC(26)   Evacuate Collection Set: 36.5ms
[2023-11-23T10:24:49.134+0000][11420][gc,phases   ] GC(26)   Post Evacuate Collection Set: 2.5ms
[2023-11-23T10:24:49.134+0000][11420][gc,phases   ] GC(26)   Other: 0.1ms
[2023-11-23T10:24:49.134+0000][11420][gc,age      ] GC(26) Age table with threshold 15 (max threshold 15)
[2023-11-23T10:24:49.134+0000][11420][gc,age      ] GC(26) - age   1:    1661440 bytes,    1661440 total
[2023-11-23T10:24:49.134+0000][11420][gc,age      ] GC(26) - age   2:     887624 bytes,    2549064 total
[2023-11-23T10:24:49.134+0000][11420][gc,age      ] GC(26) - age   3:       5096 bytes,    2554160 total
[2023-11-23T10:24:49.134+0000][11420][gc,age      ] GC(26) - age   4:       8736 bytes,    2562896 total
[2023-11-23T10:24:49.134+0000][11420][gc,age      ] GC(26) - age   5:       7240 bytes,    2570136 total
[2023-11-23T10:24:49.134+0000][11420][gc,age      ] GC(26) - age   6:       9976 bytes,    2580112 total
[2023-11-23T10:24:49.134+0000][11420][gc,age      ] GC(26) - age   7:     171616 bytes,    2751728 total
[2023-11-23T10:24:49.134+0000][11420][gc,age      ] GC(26) - age   8:      13360 bytes,    2765088 total
[2023-11-23T10:24:49.134+0000][11420][gc,age      ] GC(26) - age   9:      47216 bytes,    2812304 total
[2023-11-23T10:24:49.134+0000][11420][gc,age      ] GC(26) - age  10:      30208 bytes,    2842512 total
[2023-11-23T10:24:49.134+0000][11420][gc,age      ] GC(26) - age  11:      64520 bytes,    2907032 total
[2023-11-23T10:24:49.134+0000][11420][gc,age      ] GC(26) - age  12:      30600 bytes,    2937632 total
[2023-11-23T10:24:49.134+0000][11420][gc,age      ] GC(26) - age  13:    6835432 bytes,    9773064 total
[2023-11-23T10:24:49.134+0000][11420][gc,age      ] GC(26) - age  14:   22349648 bytes,   32122712 total
[2023-11-23T10:24:49.134+0000][11420][gc,age      ] GC(26) - age  15:   11489432 bytes,   43612144 total
[2023-11-23T10:24:49.134+0000][11420][gc,heap     ] GC(26) Eden regions: 593->0(593)
[2023-11-23T10:24:49.134+0000][11420][gc,heap     ] GC(26) Survivor regions: 13->13(76)
[2023-11-23T10:24:49.134+0000][11420][gc,heap     ] GC(26) Old regions: 22->22
[2023-11-23T10:24:49.134+0000][11420][gc,heap     ] GC(26) Archive regions: 0->0
[2023-11-23T10:24:49.134+0000][11420][gc,heap     ] GC(26) Humongous regions: 2->2
[2023-11-23T10:24:49.134+0000][11420][gc,metaspace] GC(26) Metaspace: 139249K(142848K)->139249K(142848K) NonClass: 120828K(122752K)->120828K(122752K) Class: 18420K(20096K)->18420K(20096K)
[2023-11-23T10:24:49.134+0000][11420][gc          ] GC(26) Pause Young (Normal) (G1 Evacuation Pause) 2513M->144M(4040M) 39.817ms
[2023-11-23T10:24:49.134+0000][11420][gc,cpu      ] GC(26) User=0.06s Sys=0.05s Real=0.04s
[2023-11-23T10:24:49.134+0000][11420][safepoint   ] Safepoint "G1CollectForAllocation", Time since last: 13310190400 ns, Reaching safepoint: 155300 ns, At safepoint: 39913100 ns, Total: 40068400 ns
[2023-11-23T10:25:41.599+0000][11420][safepoint   ] Safepoint "Cleanup", Time since last: 52465127000 ns, Reaching safepoint: 126600 ns, At safepoint: 9300 ns, Total: 135900 ns
[2023-11-23T10:26:20.881+0000][11420][safepoint   ] Safepoint "Cleanup", Time since last: 39281315600 ns, Reaching safepoint: 168500 ns, At safepoint: 66700 ns, Total: 235200 ns
[2023-11-23T10:28:20.837+0000][11420][safepoint   ] Safepoint "Cleanup", Time since last: 119956412500 ns, Reaching safepoint: 118500 ns, At safepoint: 23700 ns, Total: 142200 ns
[2023-11-23T10:28:54.112+0000][11420][safepoint   ] Safepoint "Cleanup", Time since last: 33274411900 ns, Reaching safepoint: 179000 ns, At safepoint: 13600 ns, Total: 192600 ns
[2023-11-23T10:29:07.203+0000][11420][safepoint   ] Safepoint "Cleanup", Time since last: 13091269600 ns, Reaching safepoint: 142300 ns, At safepoint: 51300 ns, Total: 193600 ns
[2023-11-23T10:30:00.644+0000][11420][safepoint   ] Safepoint "Cleanup", Time since last: 53440494100 ns, Reaching safepoint: 153600 ns, At safepoint: 16400 ns, Total: 170000 ns
[2023-11-23T10:30:19.836+0000][11420][safepoint   ] Safepoint "Cleanup", Time since last: 19192107000 ns, Reaching safepoint: 159800 ns, At safepoint: 53400 ns, Total: 213200 ns
[2023-11-23T10:30:20.838+0000][11420][safepoint   ] Safepoint "Cleanup", Time since last: 1001736500 ns, Reaching safepoint: 262700 ns, At safepoint: 28300 ns, Total: 291000 ns
[2023-11-23T10:31:06.181+0000][11420][safepoint   ] Safepoint "Cleanup", Time since last: 45343070900 ns, Reaching safepoint: 116500 ns, At safepoint: 12400 ns, Total: 128900 ns
[2023-11-23T10:31:07.194+0000][11420][safepoint   ] Safepoint "Cleanup", Time since last: 1012243100 ns, Reaching safepoint: 174000 ns, At safepoint: 20100 ns, Total: 194100 ns
[2023-11-23T10:31:21.344+0000][11420][safepoint   ] Safepoint "Cleanup", Time since last: 14149501100 ns, Reaching safepoint: 198700 ns, At safepoint: 20400 ns, Total: 219100 ns
[2023-11-23T10:31:37.513+0000][11420][safepoint   ] Safepoint "Cleanup", Time since last: 16168648800 ns, Reaching safepoint: 183800 ns, At safepoint: 13400 ns, Total: 197200 ns
[2023-11-23T10:32:19.889+0000][11420][safepoint   ] Safepoint "Cleanup", Time since last: 42376582600 ns, Reaching safepoint: 168700 ns, At safepoint: 16300 ns, Total: 185000 ns
[2023-11-23T10:32:37.014+0000][11420][safepoint   ] Safepoint "Cleanup", Time since last: 17124403800 ns, Reaching safepoint: 199600 ns, At safepoint: 5200 ns, Total: 204800 ns
[2023-11-23T10:32:38.023+0000][11420][safepoint   ] Safepoint "Cleanup", Time since last: 1008473200 ns, Reaching safepoint: 144200 ns, At safepoint: 9400 ns, Total: 153600 ns
[2023-11-23T10:33:01.227+0000][11420][safepoint   ] Safepoint "Cleanup", Time since last: 23204531300 ns, Reaching safepoint: 127200 ns, At safepoint: 11300 ns, Total: 138500 ns
[2023-11-23T10:34:20.878+0000][11420][safepoint   ] Safepoint "Cleanup", Time since last: 79650913400 ns, Reaching safepoint: 140200 ns, At safepoint: 9700 ns, Total: 149900 ns
[2023-11-23T10:34:30.971+0000][11420][safepoint   ] Safepoint "Cleanup", Time since last: 10092423100 ns, Reaching safepoint: 152000 ns, At safepoint: 10100 ns, Total: 162100 ns
[2023-11-23T10:35:38.491+0000][11420][safepoint   ] Safepoint "Cleanup", Time since last: 67520247700 ns, Reaching safepoint: 117800 ns, At safepoint: 11300 ns, Total: 129100 ns
[2023-11-23T10:36:09.626+0000][11420][gc,start    ] GC(27) Pause Young (Normal) (G1 Evacuation Pause)
[2023-11-23T10:36:09.626+0000][11420][gc,task     ] GC(27) Using 8 workers of 8 for evacuation
[2023-11-23T10:36:09.626+0000][11420][gc,age      ] GC(27) Desired survivor size 159383552 bytes, new threshold 15 (max threshold 15)
[2023-11-23T10:36:09.654+0000][11420][gc,phases   ] GC(27)   Pre Evacuate Collection Set: 0.3ms
[2023-11-23T10:36:09.654+0000][11420][gc,phases   ] GC(27)   Merge Heap Roots: 2.6ms
[2023-11-23T10:36:09.654+0000][11420][gc,phases   ] GC(27)   Evacuate Collection Set: 21.1ms
[2023-11-23T10:36:09.654+0000][11420][gc,phases   ] GC(27)   Post Evacuate Collection Set: 3.0ms
[2023-11-23T10:36:09.654+0000][11420][gc,phases   ] GC(27)   Other: 0.4ms
[2023-11-23T10:36:09.654+0000][11420][gc,age      ] GC(27) Age table with threshold 15 (max threshold 15)
[2023-11-23T10:36:09.654+0000][11420][gc,age      ] GC(27) - age   1:    1120352 bytes,    1120352 total
[2023-11-23T10:36:09.654+0000][11420][gc,age      ] GC(27) - age   2:     454616 bytes,    1574968 total
[2023-11-23T10:36:09.654+0000][11420][gc,age      ] GC(27) - age   3:     884656 bytes,    2459624 total
[2023-11-23T10:36:09.654+0000][11420][gc,age      ] GC(27) - age   4:       4856 bytes,    2464480 total
[2023-11-23T10:36:09.654+0000][11420][gc,age      ] GC(27) - age   5:       8736 bytes,    2473216 total
[2023-11-23T10:36:09.654+0000][11420][gc,age      ] GC(27) - age   6:       7240 bytes,    2480456 total
[2023-11-23T10:36:09.654+0000][11420][gc,age      ] GC(27) - age   7:       9608 bytes,    2490064 total
[2023-11-23T10:36:09.654+0000][11420][gc,age      ] GC(27) - age   8:     171616 bytes,    2661680 total
[2023-11-23T10:36:09.654+0000][11420][gc,age      ] GC(27) - age   9:      12744 bytes,    2674424 total
[2023-11-23T10:36:09.654+0000][11420][gc,age      ] GC(27) - age  10:      47216 bytes,    2721640 total
[2023-11-23T10:36:09.654+0000][11420][gc,age      ] GC(27) - age  11:      30208 bytes,    2751848 total
[2023-11-23T10:36:09.654+0000][11420][gc,age      ] GC(27) - age  12:      64520 bytes,    2816368 total
[2023-11-23T10:36:09.654+0000][11420][gc,age      ] GC(27) - age  13:      30600 bytes,    2846968 total
[2023-11-23T10:36:09.654+0000][11420][gc,age      ] GC(27) - age  14:    6835376 bytes,    9682344 total
[2023-11-23T10:36:09.654+0000][11420][gc,age      ] GC(27) - age  15:   22349480 bytes,   32031824 total
[2023-11-23T10:36:09.654+0000][11420][gc,heap     ] GC(27) Eden regions: 593->0(597)
[2023-11-23T10:36:09.654+0000][11420][gc,heap     ] GC(27) Survivor regions: 13->9(76)
[2023-11-23T10:36:09.654+0000][11420][gc,heap     ] GC(27) Old regions: 22->25
[2023-11-23T10:36:09.654+0000][11420][gc,heap     ] GC(27) Archive regions: 0->0
[2023-11-23T10:36:09.654+0000][11420][gc,heap     ] GC(27) Humongous regions: 2->2
[2023-11-23T10:36:09.654+0000][11420][gc,metaspace] GC(27) Metaspace: 139279K(142848K)->139279K(142848K) NonClass: 120858K(122752K)->120858K(122752K) Class: 18420K(20096K)->18420K(20096K)
[2023-11-23T10:36:09.654+0000][11420][gc          ] GC(27) Pause Young (Normal) (G1 Evacuation Pause) 2516M->139M(4040M) 27.874ms
[2023-11-23T10:36:09.654+0000][11420][gc,cpu      ] GC(27) User=0.05s Sys=0.05s Real=0.03s
[2023-11-23T10:36:09.654+0000][11420][safepoint   ] Safepoint "G1CollectForAllocation", Time since last: 31134729900 ns, Reaching safepoint: 152900 ns, At safepoint: 28023700 ns, Total: 28176600 ns
[2023-11-23T10:36:20.725+0000][11420][safepoint   ] Safepoint "Cleanup", Time since last: 11070842500 ns, Reaching safepoint: 102600 ns, At safepoint: 11300 ns, Total: 113900 ns
[2023-11-23T10:37:14.227+0000][11420][safepoint   ] Safepoint "Cleanup", Time since last: 53501878500 ns, Reaching safepoint: 197200 ns, At safepoint: 14800 ns, Total: 212000 ns
[2023-11-23T10:37:20.287+0000][11420][safepoint   ] Safepoint "Cleanup", Time since last: 6059653000 ns, Reaching safepoint: 154300 ns, At safepoint: 13400 ns, Total: 167700 ns
[2023-11-23T10:37:21.297+0000][11420][safepoint   ] Safepoint "Cleanup", Time since last: 1009771300 ns, Reaching safepoint: 131800 ns, At safepoint: 11600 ns, Total: 143400 ns
[2023-11-23T10:37:51.530+0000][11420][safepoint   ] Safepoint "Cleanup", Time since last: 30232640500 ns, Reaching safepoint: 113700 ns, At safepoint: 16000 ns, Total: 129700 ns
[2023-11-23T10:38:38.896+0000][11420][safepoint   ] Safepoint "Cleanup", Time since last: 47366187700 ns, Reaching safepoint: 75200 ns, At safepoint: 13900 ns, Total: 89100 ns
[2023-11-23T10:38:58.060+0000][11420][safepoint   ] Safepoint "Cleanup", Time since last: 19163250200 ns, Reaching safepoint: 315000 ns, At safepoint: 86500 ns, Total: 401500 ns
[2023-11-23T10:39:15.192+0000][11420][safepoint   ] Safepoint "Cleanup", Time since last: 17132333800 ns, Reaching safepoint: 200400 ns, At safepoint: 66000 ns, Total: 266400 ns
[2023-11-23T10:39:23.245+0000][11420][safepoint   ] Safepoint "Cleanup", Time since last: 8052105000 ns, Reaching safepoint: 194900 ns, At safepoint: 17300 ns, Total: 212200 ns
[2023-11-23T10:39:57.556+0000][11420][safepoint   ] Safepoint "Cleanup", Time since last: 34311228800 ns, Reaching safepoint: 150400 ns, At safepoint: 15700 ns, Total: 166100 ns
[2023-11-23T10:41:15.228+0000][11420][safepoint   ] Safepoint "Cleanup", Time since last: 77671759000 ns, Reaching safepoint: 151100 ns, At safepoint: 11600 ns, Total: 162700 ns
[2023-11-23T10:43:21.191+0000][11420][safepoint   ] Safepoint "Cleanup", Time since last: 125963088300 ns, Reaching safepoint: 91200 ns, At safepoint: 66100 ns, Total: 157300 ns
[2023-11-23T10:43:40.330+0000][11420][safepoint   ] Safepoint "Cleanup", Time since last: 19138259700 ns, Reaching safepoint: 167000 ns, At safepoint: 12100 ns, Total: 179100 ns
[2023-11-23T10:44:04.524+0000][11420][safepoint   ] Safepoint "Cleanup", Time since last: 24194622300 ns, Reaching safepoint: 152400 ns, At safepoint: 11000 ns, Total: 163400 ns
[2023-11-23T10:44:11.589+0000][11420][safepoint   ] Safepoint "Cleanup", Time since last: 7064048400 ns, Reaching safepoint: 151200 ns, At safepoint: 13000 ns, Total: 164200 ns
[2023-11-23T10:44:59.182+0000][11420][safepoint   ] Safepoint "Cleanup", Time since last: 47593462600 ns, Reaching safepoint: 122900 ns, At safepoint: 90900 ns, Total: 213800 ns
[2023-11-23T10:45:16.352+0000][11420][safepoint   ] Safepoint "Cleanup", Time since last: 17169872200 ns, Reaching safepoint: 128900 ns, At safepoint: 46600 ns, Total: 175500 ns
[2023-11-23T10:45:46.582+0000][11420][safepoint   ] Safepoint "Cleanup", Time since last: 30229563200 ns, Reaching safepoint: 171900 ns, At safepoint: 93200 ns, Total: 265100 ns
[2023-11-23T10:45:56.644+0000][11420][safepoint   ] Safepoint "Cleanup", Time since last: 10061565600 ns, Reaching safepoint: 189900 ns, At safepoint: 95000 ns, Total: 284900 ns
[2023-11-23T10:47:08.373+0000][11420][safepoint   ] Safepoint "Cleanup", Time since last: 70626098600 ns, Reaching safepoint: 1102500400 ns, At safepoint: 165000 ns, Total: 1102665400 ns
[2023-11-23T10:47:17.433+0000][11420][safepoint   ] Safepoint "Cleanup", Time since last: 9059711000 ns, Reaching safepoint: 162400 ns, At safepoint: 65800 ns, Total: 228200 ns
[2023-11-23T10:47:21.474+0000][11420][safepoint   ] Safepoint "Cleanup", Time since last: 4041346900 ns, Reaching safepoint: 186100 ns, At safepoint: 77000 ns, Total: 263100 ns
[2023-11-23T13:48:59.429+0000][11420][safepoint   ] Safepoint "Cleanup", Time since last: 10897963749500 ns, Reaching safepoint: 780400 ns, At safepoint: 108000 ns, Total: 888400 ns
[2023-11-23T13:49:00.433+0000][11420][safepoint   ] Safepoint "Cleanup", Time since last: 1003424000 ns, Reaching safepoint: 202900 ns, At safepoint: 41500 ns, Total: 244400 ns
[2023-11-23T13:49:01.435+0000][11420][safepoint   ] Safepoint "Cleanup", Time since last: 1001602600 ns, Reaching safepoint: 217100 ns, At safepoint: 38100 ns, Total: 255200 ns
[2023-11-23T13:49:02.441+0000][11420][safepoint   ] Safepoint "Cleanup", Time since last: 1005431000 ns, Reaching safepoint: 202000 ns, At safepoint: 70800 ns, Total: 272800 ns
[2023-11-23T13:49:05.470+0000][11420][safepoint   ] Safepoint "Cleanup", Time since last: 3028617400 ns, Reaching safepoint: 171300 ns, At safepoint: 75400 ns, Total: 246700 ns
[2023-11-26T19:37:42.644+0000][11420][safepoint   ] Safepoint "Cleanup", Time since last: 280122669547400 ns, Reaching safepoint: 7193400 ns, At safepoint: 1756600 ns, Total: 8950000 ns
[2023-11-26T19:37:43.646+0000][11420][safepoint   ] Safepoint "Cleanup", Time since last: 1001950400 ns, Reaching safepoint: 100100 ns, At safepoint: 18700 ns, Total: 118800 ns
[2023-11-26T19:37:45.662+0000][11420][safepoint   ] Safepoint "Cleanup", Time since last: 2016168000 ns, Reaching safepoint: 153200 ns, At safepoint: 15100 ns, Total: 168300 ns
[2023-11-26T19:37:47.169+0000][11420][gc,start    ] GC(28) Pause Young (Normal) (G1 Evacuation Pause)
[2023-11-26T19:37:47.201+0000][11420][gc,task     ] GC(28) Using 8 workers of 8 for evacuation
[2023-11-26T19:37:47.201+0000][11420][gc,age      ] GC(28) Desired survivor size 159383552 bytes, new threshold 15 (max threshold 15)
[2023-11-26T19:37:47.216+0000][11420][gc,phases   ] GC(28)   Pre Evacuate Collection Set: 0.2ms
[2023-11-26T19:37:47.216+0000][11420][gc,phases   ] GC(28)   Merge Heap Roots: 0.2ms
[2023-11-26T19:37:47.216+0000][11420][gc,phases   ] GC(28)   Evacuate Collection Set: 15.9ms
[2023-11-26T19:37:47.216+0000][11420][gc,phases   ] GC(28)   Post Evacuate Collection Set: 3.5ms
[2023-11-26T19:37:47.216+0000][11420][gc,phases   ] GC(28)   Other: 22.7ms
[2023-11-26T19:37:47.216+0000][11420][gc,age      ] GC(28) Age table with threshold 15 (max threshold 15)
[2023-11-26T19:37:47.216+0000][11420][gc,age      ] GC(28) - age   1:    2030736 bytes,    2030736 total
[2023-11-26T19:37:47.216+0000][11420][gc,age      ] GC(28) - age   2:     120808 bytes,    2151544 total
[2023-11-26T19:37:47.216+0000][11420][gc,age      ] GC(28) - age   3:     377472 bytes,    2529016 total
[2023-11-26T19:37:47.216+0000][11420][gc,age      ] GC(28) - age   4:     825168 bytes,    3354184 total
[2023-11-26T19:37:47.216+0000][11420][gc,age      ] GC(28) - age   5:       4824 bytes,    3359008 total
[2023-11-26T19:37:47.216+0000][11420][gc,age      ] GC(28) - age   6:       8736 bytes,    3367744 total
[2023-11-26T19:37:47.216+0000][11420][gc,age      ] GC(28) - age   7:       6944 bytes,    3374688 total
[2023-11-26T19:37:47.216+0000][11420][gc,age      ] GC(28) - age   8:       7048 bytes,    3381736 total
[2023-11-26T19:37:47.216+0000][11420][gc,age      ] GC(28) - age   9:     171536 bytes,    3553272 total
[2023-11-26T19:37:47.216+0000][11420][gc,age      ] GC(28) - age  10:      12744 bytes,    3566016 total
[2023-11-26T19:37:47.216+0000][11420][gc,age      ] GC(28) - age  11:      46824 bytes,    3612840 total
[2023-11-26T19:37:47.216+0000][11420][gc,age      ] GC(28) - age  12:      30208 bytes,    3643048 total
[2023-11-26T19:37:47.216+0000][11420][gc,age      ] GC(28) - age  13:      64520 bytes,    3707568 total
[2023-11-26T19:37:47.216+0000][11420][gc,age      ] GC(28) - age  14:      22584 bytes,    3730152 total
[2023-11-26T19:37:47.216+0000][11420][gc,age      ] GC(28) - age  15:    6161048 bytes,    9891200 total
[2023-11-26T19:37:47.216+0000][11420][gc,heap     ] GC(28) Eden regions: 597->0(603)
[2023-11-26T19:37:47.216+0000][11420][gc,heap     ] GC(28) Survivor regions: 9->3(76)
[2023-11-26T19:37:47.216+0000][11420][gc,heap     ] GC(28) Old regions: 25->30
[2023-11-26T19:37:47.216+0000][11420][gc,heap     ] GC(28) Archive regions: 0->0
[2023-11-26T19:37:47.216+0000][11420][gc,heap     ] GC(28) Humongous regions: 2->2
[2023-11-26T19:37:47.216+0000][11420][gc,metaspace] GC(28) Metaspace: 139480K(143168K)->139480K(143168K) NonClass: 121036K(122944K)->121036K(122944K) Class: 18444K(20224K)->18444K(20224K)
[2023-11-26T19:37:47.216+0000][11420][gc          ] GC(28) Pause Young (Normal) (G1 Evacuation Pause) 2527M->138M(4040M) 43.239ms
[2023-11-26T19:37:47.216+0000][11420][gc,cpu      ] GC(28) User=0.08s Sys=0.02s Real=0.05s
[2023-11-26T19:37:47.216+0000][11420][safepoint   ] Safepoint "G1CollectForAllocation", Time since last: 1517740800 ns, Reaching safepoint: 103300 ns, At safepoint: 43398300 ns, Total: 43501600 ns
[2023-11-26T19:37:50.910+0000][11420][safepoint   ] Safepoint "Cleanup", Time since last: 3691066300 ns, Reaching safepoint: 127500 ns, At safepoint: 19300 ns, Total: 146800 ns
[2023-11-26T19:37:52.928+0000][11420][safepoint   ] Safepoint "Cleanup", Time since last: 2013747900 ns, Reaching safepoint: 174000 ns, At safepoint: 28700 ns, Total: 202700 ns
[2023-11-26T19:37:53.940+0000][11420][safepoint   ] Safepoint "Cleanup", Time since last: 1011758600 ns, Reaching safepoint: 117200 ns, At safepoint: 23600 ns, Total: 140800 ns
[2023-11-26T19:37:54.786+0000][11420][safepoint   ] Safepoint "ICBufferFull", Time since last: 857787200 ns, Reaching safepoint: 161100 ns, At safepoint: 7900 ns, Total: 169000 ns
[2023-11-26T19:37:55.802+0000][11420][safepoint   ] Safepoint "Cleanup", Time since last: 1003803000 ns, Reaching safepoint: 133400 ns, At safepoint: 4800 ns, Total: 138200 ns
[2023-11-26T19:37:56.816+0000][11420][safepoint   ] Safepoint "Cleanup", Time since last: 1013715700 ns, Reaching safepoint: 197900 ns, At safepoint: 46000 ns, Total: 243900 ns
[2023-11-26T19:37:58.078+0000][11420][safepoint   ] Safepoint "Cleanup", Time since last: 1261806100 ns, Reaching safepoint: 132700 ns, At safepoint: 54600 ns, Total: 187300 ns
[2023-11-26T19:37:59.094+0000][11420][safepoint   ] Safepoint "Cleanup", Time since last: 1015380600 ns, Reaching safepoint: 49300 ns, At safepoint: 9700 ns, Total: 59000 ns
[2023-11-26T19:38:00.109+0000][11420][safepoint   ] Safepoint "Cleanup", Time since last: 1015534700 ns, Reaching safepoint: 141500 ns, At safepoint: 69600 ns, Total: 211100 ns
[2023-11-26T19:38:02.126+0000][11420][safepoint   ] Safepoint "Cleanup", Time since last: 2016392600 ns, Reaching safepoint: 141100 ns, At safepoint: 6000 ns, Total: 147100 ns
[2023-11-26T19:38:03.133+0000][11420][safepoint   ] Safepoint "Cleanup", Time since last: 1006860700 ns, Reaching safepoint: 150900 ns, At safepoint: 58000 ns, Total: 208900 ns
[2023-11-26T19:38:04.148+0000][11420][safepoint   ] Safepoint "Cleanup", Time since last: 1015173100 ns, Reaching safepoint: 106900 ns, At safepoint: 21400 ns, Total: 128300 ns
[2023-11-26T19:38:09.212+0000][11420][safepoint   ] Safepoint "Cleanup", Time since last: 5064149600 ns, Reaching safepoint: 147800 ns, At safepoint: 6000 ns, Total: 153800 ns
[2023-11-26T19:38:12.249+0000][11420][safepoint   ] Safepoint "Cleanup", Time since last: 3036409800 ns, Reaching safepoint: 131600 ns, At safepoint: 25000 ns, Total: 156600 ns
[2023-11-26T19:38:15.295+0000][11420][safepoint   ] Safepoint "Cleanup", Time since last: 3046045800 ns, Reaching safepoint: 283800 ns, At safepoint: 31700 ns, Total: 315500 ns
[2023-11-26T19:38:17.313+0000][11420][safepoint   ] Safepoint "Cleanup", Time since last: 2017757900 ns, Reaching safepoint: 128200 ns, At safepoint: 18300 ns, Total: 146500 ns
[2023-11-26T19:38:23.365+0000][11420][safepoint   ] Safepoint "Cleanup", Time since last: 6051535200 ns, Reaching safepoint: 285600 ns, At safepoint: 28200 ns, Total: 313800 ns
[2023-11-26T19:38:26.397+0000][11420][safepoint   ] Safepoint "Cleanup", Time since last: 3031588300 ns, Reaching safepoint: 134800 ns, At safepoint: 8000 ns, Total: 142800 ns
[2023-11-26T19:38:27.409+0000][11420][safepoint   ] Safepoint "Cleanup", Time since last: 1011883300 ns, Reaching safepoint: 88800 ns, At safepoint: 8500 ns, Total: 97300 ns
[2023-11-26T19:38:28.419+0000][11420][safepoint   ] Safepoint "Cleanup", Time since last: 1009848000 ns, Reaching safepoint: 123100 ns, At safepoint: 24000 ns, Total: 147100 ns
[2023-11-26T19:38:33.467+0000][11420][safepoint   ] Safepoint "Cleanup", Time since last: 5047677000 ns, Reaching safepoint: 93300 ns, At safepoint: 7900 ns, Total: 101200 ns
[2023-11-26T19:38:39.556+0000][11420][safepoint   ] Safepoint "Cleanup", Time since last: 6089685600 ns, Reaching safepoint: 150900 ns, At safepoint: 5000 ns, Total: 155900 ns
[2023-11-26T19:38:41.581+0000][11420][safepoint   ] Safepoint "Cleanup", Time since last: 2024716400 ns, Reaching safepoint: 132000 ns, At safepoint: 21300 ns, Total: 153300 ns
[2023-11-26T19:38:42.597+0000][11420][safepoint   ] Safepoint "Cleanup", Time since last: 1015228300 ns, Reaching safepoint: 129600 ns, At safepoint: 21400 ns, Total: 151000 ns
[2023-11-26T19:38:43.612+0000][11420][safepoint   ] Safepoint "Cleanup", Time since last: 1015230200 ns, Reaching safepoint: 177600 ns, At safepoint: 20000 ns, Total: 197600 ns
[2023-11-26T19:38:44.627+0000][11420][safepoint   ] Safepoint "Cleanup", Time since last: 1015045200 ns, Reaching safepoint: 56400 ns, At safepoint: 6000 ns, Total: 62400 ns
[2023-11-26T19:38:50.686+0000][11420][safepoint   ] Safepoint "Cleanup", Time since last: 6058210400 ns, Reaching safepoint: 196000 ns, At safepoint: 5500 ns, Total: 201500 ns
[2023-11-26T19:38:51.690+0000][11420][safepoint   ] Safepoint "Cleanup", Time since last: 1004679400 ns, Reaching safepoint: 129000 ns, At safepoint: 20200 ns, Total: 149200 ns
[2023-11-26T19:38:52.692+0000][11420][safepoint   ] Safepoint "Cleanup", Time since last: 1001180400 ns, Reaching safepoint: 103500 ns, At safepoint: 4700 ns, Total: 108200 ns
[2023-11-26T19:38:53.707+0000][11420][safepoint   ] Safepoint "Cleanup", Time since last: 1015074400 ns, Reaching safepoint: 136500 ns, At safepoint: 8200 ns, Total: 144700 ns
[2023-11-26T19:38:54.722+0000][11420][safepoint   ] Safepoint "Cleanup", Time since last: 1015253400 ns, Reaching safepoint: 98000 ns, At safepoint: 5800 ns, Total: 103800 ns
[2023-11-26T19:38:56.745+0000][11420][safepoint   ] Safepoint "Cleanup", Time since last: 2022782300 ns, Reaching safepoint: 248400 ns, At safepoint: 9600 ns, Total: 258000 ns
[2023-11-26T19:38:59.791+0000][11420][safepoint   ] Safepoint "Cleanup", Time since last: 3045990100 ns, Reaching safepoint: 121000 ns, At safepoint: 60500 ns, Total: 181500 ns
[2023-11-26T19:39:02.823+0000][11420][safepoint   ] Safepoint "Cleanup", Time since last: 3031606400 ns, Reaching safepoint: 152200 ns, At safepoint: 58400 ns, Total: 210600 ns
[2023-11-26T19:39:10.941+0000][11420][safepoint   ] Safepoint "Cleanup", Time since last: 8117958000 ns, Reaching safepoint: 740300 ns, At safepoint: 23300 ns, Total: 763600 ns
[2023-11-26T19:39:14.982+0000][11420][safepoint   ] Safepoint "Cleanup", Time since last: 4039305600 ns, Reaching safepoint: 210200 ns, At safepoint: 95300 ns, Total: 305500 ns
[2023-11-26T19:39:21.038+0000][11420][safepoint   ] Safepoint "Cleanup", Time since last: 6055610700 ns, Reaching safepoint: 108600 ns, At safepoint: 53200 ns, Total: 161800 ns
[2023-11-26T19:39:33.149+0000][11420][safepoint   ] Safepoint "Cleanup", Time since last: 12111197900 ns, Reaching safepoint: 113200 ns, At safepoint: 49400 ns, Total: 162600 ns
[2023-11-26T19:39:38.930+0000][11420][safepoint   ] Safepoint "Cleanup", Time since last: 5780763900 ns, Reaching safepoint: 37400 ns, At safepoint: 48800 ns, Total: 86200 ns
[2023-11-26T19:39:39.941+0000][11420][safepoint   ] Safepoint "Cleanup", Time since last: 1010905100 ns, Reaching safepoint: 113800 ns, At safepoint: 13600 ns, Total: 127400 ns
[2023-11-26T19:39:42.964+0000][11420][safepoint   ] Safepoint "Cleanup", Time since last: 3023664300 ns, Reaching safepoint: 51600 ns, At safepoint: 8800 ns, Total: 60400 ns
[2023-11-26T19:39:44.992+0000][11420][safepoint   ] Safepoint "Cleanup", Time since last: 2027943800 ns, Reaching safepoint: 179300 ns, At safepoint: 15100 ns, Total: 194400 ns
[2023-11-26T19:39:51.038+0000][11420][safepoint   ] Safepoint "Cleanup", Time since last: 6045716200 ns, Reaching safepoint: 76800 ns, At safepoint: 17800 ns, Total: 94600 ns
[2023-11-26T19:39:57.120+0000][11420][safepoint   ] Safepoint "Cleanup", Time since last: 6081687300 ns, Reaching safepoint: 119700 ns, At safepoint: 24300 ns, Total: 144000 ns
[2023-11-26T19:40:09.242+0000][11420][safepoint   ] Safepoint "Cleanup", Time since last: 12121447900 ns, Reaching safepoint: 396400 ns, At safepoint: 111400 ns, Total: 507800 ns
[2023-11-26T19:40:21.347+0000][11420][safepoint   ] Safepoint "Cleanup", Time since last: 12104319000 ns, Reaching safepoint: 156200 ns, At safepoint: 41600 ns, Total: 197800 ns
[2023-11-26T19:40:30.429+0000][11420][safepoint   ] Safepoint "Cleanup", Time since last: 9081682500 ns, Reaching safepoint: 89900 ns, At safepoint: 75000 ns, Total: 164900 ns
[2023-11-26T19:40:33.459+0000][11420][safepoint   ] Safepoint "Cleanup", Time since last: 3030838800 ns, Reaching safepoint: 284800 ns, At safepoint: 41000 ns, Total: 325800 ns
[2023-11-26T19:40:58.639+0000][11420][safepoint   ] Safepoint "Cleanup", Time since last: 25179146400 ns, Reaching safepoint: 117800 ns, At safepoint: 41900 ns, Total: 159700 ns
[2023-11-26T19:41:03.674+0000][11420][safepoint   ] Safepoint "Cleanup", Time since last: 5034638900 ns, Reaching safepoint: 169500 ns, At safepoint: 14800 ns, Total: 184300 ns
[2023-11-26T19:41:15.761+0000][11420][safepoint   ] Safepoint "Cleanup", Time since last: 12087243700 ns, Reaching safepoint: 72600 ns, At safepoint: 45300 ns, Total: 117900 ns
[2023-11-26T19:41:39.969+0000][11420][safepoint   ] Safepoint "Cleanup", Time since last: 24208000900 ns, Reaching safepoint: 172800 ns, At safepoint: 53500 ns, Total: 226300 ns
[2023-11-26T19:41:43.004+0000][11420][safepoint   ] Safepoint "Cleanup", Time since last: 3033475600 ns, Reaching safepoint: 787500 ns, At safepoint: 79200 ns, Total: 866700 ns
[2023-11-26T19:42:13.227+0000][11420][safepoint   ] Safepoint "Cleanup", Time since last: 30222746900 ns, Reaching safepoint: 128800 ns, At safepoint: 14100 ns, Total: 142900 ns
[2023-11-26T19:42:38.418+0000][11420][safepoint   ] Safepoint "Cleanup", Time since last: 25191491800 ns, Reaching safepoint: 106600 ns, At safepoint: 14900 ns, Total: 121500 ns
[2023-11-26T19:42:39.429+0000][11420][safepoint   ] Safepoint "Cleanup", Time since last: 1010574500 ns, Reaching safepoint: 445900 ns, At safepoint: 58100 ns, Total: 504000 ns
[2023-11-26T19:42:45.474+0000][11420][safepoint   ] Safepoint "Cleanup", Time since last: 6044824000 ns, Reaching safepoint: 323900 ns, At safepoint: 63500 ns, Total: 387400 ns
[2023-11-26T19:42:52.530+0000][11420][safepoint   ] Safepoint "Cleanup", Time since last: 7055080400 ns, Reaching safepoint: 60700 ns, At safepoint: 17400 ns, Total: 78100 ns
[2023-11-26T19:43:02.617+0000][11420][safepoint   ] Safepoint "Cleanup", Time since last: 10087170100 ns, Reaching safepoint: 80400 ns, At safepoint: 17100 ns, Total: 97500 ns
[2023-11-26T19:43:03.624+0000][11420][safepoint   ] Safepoint "Cleanup", Time since last: 1006533300 ns, Reaching safepoint: 140400 ns, At safepoint: 11300 ns, Total: 151700 ns
[2023-11-26T19:43:39.902+0000][11420][safepoint   ] Safepoint "Cleanup", Time since last: 36277950100 ns, Reaching safepoint: 97900 ns, At safepoint: 27400 ns, Total: 125300 ns
[2023-11-26T19:43:40.910+0000][11420][safepoint   ] Safepoint "Cleanup", Time since last: 1008112400 ns, Reaching safepoint: 140600 ns, At safepoint: 20800 ns, Total: 161400 ns
[2023-11-26T19:43:42.919+0000][11420][safepoint   ] Safepoint "Cleanup", Time since last: 2008786100 ns, Reaching safepoint: 117500 ns, At safepoint: 67800 ns, Total: 185300 ns
[2023-11-26T19:43:43.923+0000][11420][safepoint   ] Safepoint "Cleanup", Time since last: 1004002500 ns, Reaching safepoint: 113200 ns, At safepoint: 36200 ns, Total: 149400 ns
[2023-11-26T19:43:45.936+0000][11420][safepoint   ] Safepoint "Cleanup", Time since last: 2012939400 ns, Reaching safepoint: 129500 ns, At safepoint: 19200 ns, Total: 148700 ns
[2023-11-26T19:43:51.982+0000][11420][safepoint   ] Safepoint "Cleanup", Time since last: 6045123600 ns, Reaching safepoint: 116000 ns, At safepoint: 67500 ns, Total: 183500 ns
[2023-11-26T19:44:04.547+0000][11420][safepoint   ] Safepoint "Cleanup", Time since last: 12565507800 ns, Reaching safepoint: 120400 ns, At safepoint: 10000 ns, Total: 130400 ns
[2023-11-26T19:44:18.664+0000][11420][safepoint   ] Safepoint "Cleanup", Time since last: 14116520500 ns, Reaching safepoint: 188200 ns, At safepoint: 10300 ns, Total: 198500 ns
[2023-11-26T19:45:13.170+0000][11420][safepoint   ] Safepoint "Cleanup", Time since last: 54506013100 ns, Reaching safepoint: 202900 ns, At safepoint: 15500 ns, Total: 218400 ns
[2023-11-26T19:45:16.190+0000][11420][safepoint   ] Safepoint "Cleanup", Time since last: 3019674700 ns, Reaching safepoint: 74200 ns, At safepoint: 58600 ns, Total: 132800 ns
[2023-11-26T19:46:28.833+0000][11420][safepoint   ] Safepoint "Cleanup", Time since last: 72642398700 ns, Reaching safepoint: 156700 ns, At safepoint: 53300 ns, Total: 210000 ns
[2023-11-26T19:47:05.099+0000][11420][safepoint   ] Safepoint "Cleanup", Time since last: 36265706200 ns, Reaching safepoint: 146200 ns, At safepoint: 12800 ns, Total: 159000 ns
[2023-11-26T19:47:43.479+0000][11420][safepoint   ] Safepoint "Cleanup", Time since last: 38380462700 ns, Reaching safepoint: 65000 ns, At safepoint: 14900 ns, Total: 79900 ns
[2023-11-26T19:47:52.562+0000][11420][safepoint   ] Safepoint "Cleanup", Time since last: 9082893300 ns, Reaching safepoint: 163200 ns, At safepoint: 83100 ns, Total: 246300 ns
[2023-11-26T19:47:58.599+0000][11420][safepoint   ] Safepoint "Cleanup", Time since last: 6036686900 ns, Reaching safepoint: 144200 ns, At safepoint: 31300 ns, Total: 175500 ns
[2023-11-26T19:48:05.653+0000][11420][safepoint   ] Safepoint "Cleanup", Time since last: 7053878000 ns, Reaching safepoint: 241000 ns, At safepoint: 97400 ns, Total: 338400 ns
[2023-11-26T19:48:22.840+0000][11420][safepoint   ] Safepoint "Cleanup", Time since last: 17186727800 ns, Reaching safepoint: 164200 ns, At safepoint: 93800 ns, Total: 258000 ns
[2023-11-26T19:48:24.856+0000][11420][safepoint   ] Safepoint "Cleanup", Time since last: 2015833800 ns, Reaching safepoint: 167900 ns, At safepoint: 54500 ns, Total: 222400 ns
[2023-11-26T19:48:26.873+0000][11420][safepoint   ] Safepoint "Cleanup", Time since last: 2016567100 ns, Reaching safepoint: 147600 ns, At safepoint: 45400 ns, Total: 193000 ns
[2023-11-26T19:48:33.939+0000][11420][gc,start    ] GC(29) Pause Young (Normal) (G1 Evacuation Pause)
[2023-11-26T19:48:33.939+0000][11420][gc,task     ] GC(29) Using 8 workers of 8 for evacuation
[2023-11-26T19:48:33.939+0000][11420][gc,age      ] GC(29) Desired survivor size 159383552 bytes, new threshold 15 (max threshold 15)
[2023-11-26T19:48:33.959+0000][11420][gc,phases   ] GC(29)   Pre Evacuate Collection Set: 1.5ms
[2023-11-26T19:48:33.959+0000][11420][gc,phases   ] GC(29)   Merge Heap Roots: 0.6ms
[2023-11-26T19:48:33.959+0000][11420][gc,phases   ] GC(29)   Evacuate Collection Set: 12.9ms
[2023-11-26T19:48:33.959+0000][11420][gc,phases   ] GC(29)   Post Evacuate Collection Set: 1.7ms
[2023-11-26T19:48:33.959+0000][11420][gc,phases   ] GC(29)   Other: 2.7ms
[2023-11-26T19:48:33.959+0000][11420][gc,age      ] GC(29) Age table with threshold 15 (max threshold 15)
[2023-11-26T19:48:33.959+0000][11420][gc,age      ] GC(29) - age   1:    7435352 bytes,    7435352 total
[2023-11-26T19:48:33.959+0000][11420][gc,age      ] GC(29) - age   2:     599704 bytes,    8035056 total
[2023-11-26T19:48:33.959+0000][11420][gc,age      ] GC(29) - age   3:       2552 bytes,    8037608 total
[2023-11-26T19:48:33.959+0000][11420][gc,age      ] GC(29) - age   4:       8016 bytes,    8045624 total
[2023-11-26T19:48:33.959+0000][11420][gc,age      ] GC(29) - age   5:     621784 bytes,    8667408 total
[2023-11-26T19:48:33.959+0000][11420][gc,age      ] GC(29) - age   6:       4824 bytes,    8672232 total
[2023-11-26T19:48:33.959+0000][11420][gc,age      ] GC(29) - age   7:       8704 bytes,    8680936 total
[2023-11-26T19:48:33.959+0000][11420][gc,age      ] GC(29) - age   8:       6864 bytes,    8687800 total
[2023-11-26T19:48:33.959+0000][11420][gc,age      ] GC(29) - age   9:       6856 bytes,    8694656 total
[2023-11-26T19:48:33.959+0000][11420][gc,age      ] GC(29) - age  10:     171288 bytes,    8865944 total
[2023-11-26T19:48:33.959+0000][11420][gc,age      ] GC(29) - age  11:      12744 bytes,    8878688 total
[2023-11-26T19:48:33.959+0000][11420][gc,age      ] GC(29) - age  12:      46824 bytes,    8925512 total
[2023-11-26T19:48:33.959+0000][11420][gc,age      ] GC(29) - age  13:      30208 bytes,    8955720 total
[2023-11-26T19:48:33.959+0000][11420][gc,age      ] GC(29) - age  14:      64416 bytes,    9020136 total
[2023-11-26T19:48:33.959+0000][11420][gc,age      ] GC(29) - age  15:      22584 bytes,    9042720 total
[2023-11-26T19:48:33.959+0000][11420][gc,heap     ] GC(29) Eden regions: 603->0(603)
[2023-11-26T19:48:33.959+0000][11420][gc,heap     ] GC(29) Survivor regions: 3->3(76)
[2023-11-26T19:48:33.959+0000][11420][gc,heap     ] GC(29) Old regions: 30->31
[2023-11-26T19:48:33.959+0000][11420][gc,heap     ] GC(29) Archive regions: 0->0
[2023-11-26T19:48:33.959+0000][11420][gc,heap     ] GC(29) Humongous regions: 2->2
[2023-11-26T19:48:33.959+0000][11420][gc,metaspace] GC(29) Metaspace: 139718K(143424K)->139718K(143424K) NonClass: 121252K(123200K)->121252K(123200K) Class: 18465K(20224K)->18465K(20224K)
[2023-11-26T19:48:33.959+0000][11420][gc          ] GC(29) Pause Young (Normal) (G1 Evacuation Pause) 2550M->140M(4040M) 19.862ms
[2023-11-26T19:48:33.959+0000][11420][gc,cpu      ] GC(29) User=0.06s Sys=0.05s Real=0.02s
[2023-11-26T19:48:33.959+0000][11420][safepoint   ] Safepoint "G1CollectForAllocation", Time since last: 7066002200 ns, Reaching safepoint: 180600 ns, At safepoint: 19970900 ns, Total: 20151500 ns
[2023-11-26T19:48:45.049+0000][11420][safepoint   ] Safepoint "Cleanup", Time since last: 11089352300 ns, Reaching safepoint: 127100 ns, At safepoint: 7000 ns, Total: 134100 ns
[2023-11-26T19:48:45.359+0000][11420][safepoint   ] Safepoint "ICBufferFull", Time since last: 309671900 ns, Reaching safepoint: 549200 ns, At safepoint: 25400 ns, Total: 574600 ns
[2023-11-26T19:48:46.369+0000][11420][safepoint   ] Safepoint "Cleanup", Time since last: 1010376100 ns, Reaching safepoint: 325700 ns, At safepoint: 16800 ns, Total: 342500 ns
[2023-11-26T19:48:53.418+0000][11420][safepoint   ] Safepoint "Cleanup", Time since last: 7048444100 ns, Reaching safepoint: 251000 ns, At safepoint: 23500 ns, Total: 274500 ns
[2023-11-26T19:49:17.627+0000][11420][safepoint   ] Safepoint "Cleanup", Time since last: 24208769300 ns, Reaching safepoint: 103200 ns, At safepoint: 12400 ns, Total: 115600 ns
[2023-11-26T19:49:25.698+0000][11420][safepoint   ] Safepoint "Cleanup", Time since last: 8070217700 ns, Reaching safepoint: 148000 ns, At safepoint: 37200 ns, Total: 185200 ns
[2023-11-26T19:49:34.767+0000][11420][safepoint   ] Safepoint "Cleanup", Time since last: 9069767000 ns, Reaching safepoint: 112900 ns, At safepoint: 11000 ns, Total: 123900 ns
[2023-11-26T19:49:40.824+0000][11420][safepoint   ] Safepoint "Cleanup", Time since last: 6056618900 ns, Reaching safepoint: 152800 ns, At safepoint: 14500 ns, Total: 167300 ns
[2023-11-26T19:49:41.852+0000][11420][safepoint   ] Safepoint "Cleanup", Time since last: 1028040000 ns, Reaching safepoint: 131500 ns, At safepoint: 18800 ns, Total: 150300 ns
[2023-11-26T19:49:43.875+0000][11420][safepoint   ] Safepoint "Cleanup", Time since last: 2022032200 ns, Reaching safepoint: 119800 ns, At safepoint: 24600 ns, Total: 144400 ns
[2023-11-26T19:49:52.942+0000][11420][safepoint   ] Safepoint "Cleanup", Time since last: 9066995200 ns, Reaching safepoint: 125400 ns, At safepoint: 18200 ns, Total: 143600 ns
[2023-11-26T19:49:58.982+0000][11420][safepoint   ] Safepoint "Cleanup", Time since last: 6039785700 ns, Reaching safepoint: 108800 ns, At safepoint: 67200 ns, Total: 176000 ns
[2023-11-26T19:50:05.037+0000][11420][safepoint   ] Safepoint "Cleanup", Time since last: 6054890900 ns, Reaching safepoint: 102100 ns, At safepoint: 29900 ns, Total: 132000 ns
[2023-11-26T19:50:43.380+0000][11420][safepoint   ] Safepoint "Cleanup", Time since last: 38342944500 ns, Reaching safepoint: 134900 ns, At safepoint: 29400 ns, Total: 164300 ns
[2023-11-26T19:52:43.391+0000][11420][safepoint   ] Safepoint "Cleanup", Time since last: 120010911700 ns, Reaching safepoint: 117500 ns, At safepoint: 41700 ns, Total: 159200 ns
[2023-11-26T19:53:43.904+0000][11420][safepoint   ] Safepoint "Cleanup", Time since last: 60512315200 ns, Reaching safepoint: 88900 ns, At safepoint: 35200 ns, Total: 124100 ns
[2023-11-26T19:53:48.933+0000][11420][safepoint   ] Safepoint "Cleanup", Time since last: 5028952000 ns, Reaching safepoint: 92600 ns, At safepoint: 23400 ns, Total: 116000 ns
[2023-11-26T19:53:53.955+0000][11420][safepoint   ] Safepoint "Cleanup", Time since last: 5022946400 ns, Reaching safepoint: 102900 ns, At safepoint: 29400 ns, Total: 132300 ns
[2023-11-26T19:54:05.026+0000][11420][safepoint   ] Safepoint "Cleanup", Time since last: 11070402300 ns, Reaching safepoint: 101900 ns, At safepoint: 42100 ns, Total: 144000 ns
[2023-11-26T19:54:32.237+0000][11420][safepoint   ] Safepoint "Cleanup", Time since last: 27210623400 ns, Reaching safepoint: 87400 ns, At safepoint: 14200 ns, Total: 101600 ns
[2023-11-26T19:54:59.524+0000][11420][safepoint   ] Safepoint "Cleanup", Time since last: 27287531400 ns, Reaching safepoint: 151500 ns, At safepoint: 78200 ns, Total: 229700 ns
[2023-11-26T19:55:13.652+0000][11420][safepoint   ] Safepoint "Cleanup", Time since last: 14127810400 ns, Reaching safepoint: 100800 ns, At safepoint: 60900 ns, Total: 161700 ns
[2023-11-26T19:56:24.241+0000][11420][safepoint   ] Safepoint "Cleanup", Time since last: 70588391800 ns, Reaching safepoint: 136500 ns, At safepoint: 44900 ns, Total: 181400 ns
[2023-11-26T19:56:35.337+0000][11420][safepoint   ] Safepoint "Cleanup", Time since last: 11095493000 ns, Reaching safepoint: 79700 ns, At safepoint: 20700 ns, Total: 100400 ns
[2023-11-26T19:56:44.448+0000][11420][safepoint   ] Safepoint "Cleanup", Time since last: 9111280100 ns, Reaching safepoint: 77800 ns, At safepoint: 16500 ns, Total: 94300 ns
[2023-11-26T19:56:45.449+0000][11420][safepoint   ] Safepoint "Cleanup", Time since last: 1000888800 ns, Reaching safepoint: 78900 ns, At safepoint: 61800 ns, Total: 140700 ns
[2023-11-26T19:56:51.500+0000][11420][safepoint   ] Safepoint "Cleanup", Time since last: 6050667300 ns, Reaching safepoint: 83300 ns, At safepoint: 13400 ns, Total: 96700 ns
[2023-11-26T19:56:56.539+0000][11420][safepoint   ] Safepoint "Cleanup", Time since last: 5039462400 ns, Reaching safepoint: 191700 ns, At safepoint: 45100 ns, Total: 236800 ns
[2023-11-26T19:57:01.599+0000][11420][safepoint   ] Safepoint "Cleanup", Time since last: 5059328700 ns, Reaching safepoint: 164200 ns, At safepoint: 14000 ns, Total: 178200 ns
[2023-11-26T19:57:21.755+0000][11420][safepoint   ] Safepoint "Cleanup", Time since last: 20156044300 ns, Reaching safepoint: 76800 ns, At safepoint: 75800 ns, Total: 152600 ns
[2023-11-26T20:02:07.409+0000][11420][safepoint   ] Safepoint "Cleanup", Time since last: 285653935500 ns, Reaching safepoint: 298200 ns, At safepoint: 26000 ns, Total: 324200 ns
[2023-11-26T20:16:31.443+0000][11420][gc,start    ] GC(30) Pause Young (Normal) (G1 Evacuation Pause)
[2023-11-26T20:16:31.443+0000][11420][gc,task     ] GC(30) Using 8 workers of 8 for evacuation
[2023-11-26T20:16:31.443+0000][11420][gc,age      ] GC(30) Desired survivor size 159383552 bytes, new threshold 15 (max threshold 15)
[2023-11-26T20:16:31.495+0000][11420][gc,phases   ] GC(30)   Pre Evacuate Collection Set: 2.7ms
[2023-11-26T20:16:31.495+0000][11420][gc,phases   ] GC(30)   Merge Heap Roots: 0.6ms
[2023-11-26T20:16:31.495+0000][11420][gc,phases   ] GC(30)   Evacuate Collection Set: 42.9ms
[2023-11-26T20:16:31.495+0000][11420][gc,phases   ] GC(30)   Post Evacuate Collection Set: 3.1ms
[2023-11-26T20:16:31.495+0000][11420][gc,phases   ] GC(30)   Other: 3.4ms
[2023-11-26T20:16:31.495+0000][11420][gc,age      ] GC(30) Age table with threshold 15 (max threshold 15)
[2023-11-26T20:16:31.495+0000][11420][gc,age      ] GC(30) - age   1:    3065520 bytes,    3065520 total
[2023-11-26T20:16:31.495+0000][11420][gc,age      ] GC(30) - age   2:    5801976 bytes,    8867496 total
[2023-11-26T20:16:31.495+0000][11420][gc,age      ] GC(30) - age   3:     563784 bytes,    9431280 total
[2023-11-26T20:16:31.495+0000][11420][gc,age      ] GC(30) - age   4:       2280 bytes,    9433560 total
[2023-11-26T20:16:31.495+0000][11420][gc,age      ] GC(30) - age   5:       7152 bytes,    9440712 total
[2023-11-26T20:16:31.495+0000][11420][gc,age      ] GC(30) - age   6:     618888 bytes,   10059600 total
[2023-11-26T20:16:31.495+0000][11420][gc,age      ] GC(30) - age   7:       4824 bytes,   10064424 total
[2023-11-26T20:16:31.495+0000][11420][gc,age      ] GC(30) - age   8:       8704 bytes,   10073128 total
[2023-11-26T20:16:31.495+0000][11420][gc,age      ] GC(30) - age   9:       6864 bytes,   10079992 total
[2023-11-26T20:16:31.495+0000][11420][gc,age      ] GC(30) - age  10:       6040 bytes,   10086032 total
[2023-11-26T20:16:31.495+0000][11420][gc,age      ] GC(30) - age  11:     171192 bytes,   10257224 total
[2023-11-26T20:16:31.496+0000][11420][gc,age      ] GC(30) - age  12:      12744 bytes,   10269968 total
[2023-11-26T20:16:31.496+0000][11420][gc,age      ] GC(30) - age  13:      46752 bytes,   10316720 total
[2023-11-26T20:16:31.496+0000][11420][gc,age      ] GC(30) - age  14:      30208 bytes,   10346928 total
[2023-11-26T20:16:31.496+0000][11420][gc,age      ] GC(30) - age  15:      64392 bytes,   10411320 total
[2023-11-26T20:16:31.496+0000][11420][gc,heap     ] GC(30) Eden regions: 603->0(603)
[2023-11-26T20:16:31.496+0000][11420][gc,heap     ] GC(30) Survivor regions: 3->3(76)
[2023-11-26T20:16:31.496+0000][11420][gc,heap     ] GC(30) Old regions: 31->31
[2023-11-26T20:16:31.496+0000][11420][gc,heap     ] GC(30) Archive regions: 0->0
[2023-11-26T20:16:31.496+0000][11420][gc,heap     ] GC(30) Humongous regions: 2->2
[2023-11-26T20:16:31.496+0000][11420][gc,metaspace] GC(30) Metaspace: 139869K(143552K)->139869K(143552K) NonClass: 121403K(123328K)->121403K(123328K) Class: 18466K(20224K)->18466K(20224K)
[2023-11-26T20:16:31.496+0000][11420][gc          ] GC(30) Pause Young (Normal) (G1 Evacuation Pause) 2552M->142M(4040M) 53.311ms
[2023-11-26T20:16:31.496+0000][11420][gc,cpu      ] GC(30) User=0.05s Sys=0.27s Real=0.05s
[2023-11-26T20:16:31.496+0000][11420][safepoint   ] Safepoint "G1CollectForAllocation", Time since last: 864032419700 ns, Reaching safepoint: 522400 ns, At safepoint: 53440700 ns, Total: 53963100 ns
[2023-11-26T20:22:37.468+0000][11420][safepoint   ] Safepoint "Cleanup", Time since last: 365972068100 ns, Reaching safepoint: 312900 ns, At safepoint: 24100 ns, Total: 337000 ns
[2023-11-26T20:22:42.506+0000][11420][safepoint   ] Safepoint "Cleanup", Time since last: 5037194600 ns, Reaching safepoint: 122400 ns, At safepoint: 17300 ns, Total: 139700 ns
[2023-11-26T20:48:44.875+0000][11420][safepoint   ] Safepoint "Cleanup", Time since last: 1562369001500 ns, Reaching safepoint: 398300 ns, At safepoint: 16000 ns, Total: 414300 ns
[2023-11-27T00:14:08.570+0000][11420][safepoint   ] Safepoint "Cleanup", Time since last: 12321008172300 ns, Reaching safepoint: 2681301800 ns, At safepoint: 16110200 ns, Total: 2697412000 ns
