[2024-04-16T19:02:10.282+0000][428][gc,init] CardTable entry size: 512
[2024-04-16T19:02:10.282+0000][428][gc     ] Using G1
[2024-04-16T19:02:12.221+0000][428][gc,init] Version: 18.0.2+9-61 (release)
[2024-04-16T19:02:12.221+0000][428][gc,init] CPUs: 8 total, 8 available
[2024-04-16T19:02:12.221+0000][428][gc,init] Memory: 8079M
[2024-04-16T19:02:12.221+0000][428][gc,init] Large Page Support: Disabled
[2024-04-16T19:02:12.221+0000][428][gc,init] NUMA Support: Disabled
[2024-04-16T19:02:12.221+0000][428][gc,init] Compressed Oops: Enabled (Zero based)
[2024-04-16T19:02:12.221+0000][428][gc,init] Heap Region Size: 4M
[2024-04-16T19:02:12.221+0000][428][gc,init] Heap Min Capacity: 4040M
[2024-04-16T19:02:12.221+0000][428][gc,init] Heap Initial Capacity: 4040M
[2024-04-16T19:02:12.221+0000][428][gc,init] Heap Max Capacity: 4040M
[2024-04-16T19:02:12.221+0000][428][gc,init] Pre-touch: Enabled
[2024-04-16T19:02:12.221+0000][428][gc,init] Parallel Workers: 8
[2024-04-16T19:02:12.221+0000][428][gc,init] Concurrent Workers: 2
[2024-04-16T19:02:12.221+0000][428][gc,init] Concurrent Refinement Workers: 8
[2024-04-16T19:02:12.221+0000][428][gc,init] Periodic GC: Disabled
[2024-04-16T19:02:12.221+0000][428][gc,metaspace] CDS archive(s) mapped at: [0x0000000800000000-0x0000000800ba0000-0x0000000800ba0000), size 12189696, SharedBaseAddress: 0x0000000800000000, ArchiveRelocationMode: 0.
[2024-04-16T19:02:12.221+0000][428][gc,metaspace] Compressed class space mapped at: 0x0000000800c00000-0x0000000840c00000, reserved size: 1073741824
[2024-04-16T19:02:12.221+0000][428][gc,metaspace] Narrow klass base: 0x0000000800000000, Narrow klass shift: 0, Narrow klass range: 0x100000000
[2024-04-16T19:02:13.004+0000][428][safepoint   ] Safepoint "ICBufferFull", Time since last: 743898600 ns, Reaching safepoint: 241400 ns, At safepoint: 17800 ns, Total: 259200 ns
[2024-04-16T19:02:14.082+0000][428][safepoint   ] Safepoint "Cleanup", Time since last: 1077197300 ns, Reaching safepoint: 112000 ns, At safepoint: 44600 ns, Total: 156600 ns
[2024-04-16T19:02:14.863+0000][428][safepoint   ] Safepoint "ICBufferFull", Time since last: 780170500 ns, Reaching safepoint: 169100 ns, At safepoint: 2200 ns, Total: 171300 ns
[2024-04-16T19:02:16.655+0000][428][safepoint   ] Safepoint "Cleanup", Time since last: 1792507300 ns, Reaching safepoint: 382700 ns, At safepoint: 72600 ns, Total: 455300 ns
[2024-04-16T19:02:17.665+0000][428][safepoint   ] Safepoint "Cleanup", Time since last: 1009212400 ns, Reaching safepoint: 238400 ns, At safepoint: 11800 ns, Total: 250200 ns
[2024-04-16T19:02:19.339+0000][428][safepoint   ] Safepoint "Cleanup", Time since last: 1673350300 ns, Reaching safepoint: 125800 ns, At safepoint: 5800 ns, Total: 131600 ns
[2024-04-16T19:02:20.347+0000][428][safepoint   ] Safepoint "Cleanup", Time since last: 1008603300 ns, Reaching safepoint: 126900 ns, At safepoint: 43500 ns, Total: 170400 ns
[2024-04-16T19:02:22.046+0000][428][safepoint   ] Safepoint "Cleanup", Time since last: 1698476400 ns, Reaching safepoint: 199700 ns, At safepoint: 6500 ns, Total: 206200 ns
[2024-04-16T19:02:23.163+0000][428][safepoint   ] Safepoint "Cleanup", Time since last: 1123405600 ns, Reaching safepoint: 95500 ns, At safepoint: 10900 ns, Total: 106400 ns
[2024-04-16T19:02:25.171+0000][428][safepoint   ] Safepoint "Cleanup", Time since last: 2001006700 ns, Reaching safepoint: 209500 ns, At safepoint: 6100 ns, Total: 215600 ns
[2024-04-16T19:02:25.279+0000][428][gc,start    ] GC(0) Pause Young (Normal) (G1 Evacuation Pause)
[2024-04-16T19:02:25.308+0000][428][gc,task     ] GC(0) Using 8 workers of 8 for evacuation
[2024-04-16T19:02:25.308+0000][428][gc,age      ] GC(0) Desired survivor size 14680064 bytes, new threshold 15 (max threshold 15)
[2024-04-16T19:02:25.326+0000][428][gc,phases   ] GC(0)   Pre Evacuate Collection Set: 0.2ms
[2024-04-16T19:02:25.326+0000][428][gc,phases   ] GC(0)   Merge Heap Roots: 0.3ms
[2024-04-16T19:02:25.326+0000][428][gc,phases   ] GC(0)   Evacuate Collection Set: 14.2ms
[2024-04-16T19:02:25.326+0000][428][gc,phases   ] GC(0)   Post Evacuate Collection Set: 1.6ms
[2024-04-16T19:02:25.326+0000][428][gc,phases   ] GC(0)   Other: 3.8ms
[2024-04-16T19:02:25.326+0000][428][gc,age      ] GC(0) Age table with threshold 15 (max threshold 15)
[2024-04-16T19:02:25.326+0000][428][gc,age      ] GC(0) - age   1:   12579304 bytes,   12579304 total
[2024-04-16T19:02:25.326+0000][428][gc,heap     ] GC(0) Eden regions: 50->0(46)
[2024-04-16T19:02:25.326+0000][428][gc,heap     ] GC(0) Survivor regions: 0->4(7)
[2024-04-16T19:02:25.326+0000][428][gc,heap     ] GC(0) Old regions: 0->0
[2024-04-16T19:02:25.326+0000][428][gc,heap     ] GC(0) Archive regions: 0->0
[2024-04-16T19:02:25.326+0000][428][gc,heap     ] GC(0) Humongous regions: 0->0
[2024-04-16T19:02:25.360+0000][428][gc,metaspace] GC(0) Metaspace: 17063K(17408K)->17063K(17408K) NonClass: 15106K(15296K)->15106K(15296K) Class: 1956K(2112K)->1956K(2112K)
[2024-04-16T19:02:25.360+0000][428][gc          ] GC(0) Pause Young (Normal) (G1 Evacuation Pause) 200M->12M(4040M) 85.788ms
[2024-04-16T19:02:25.360+0000][428][gc,cpu      ] GC(0) User=0.12s Sys=0.00s Real=0.08s
[2024-04-16T19:02:25.360+0000][428][safepoint   ] Safepoint "G1CollectForAllocation", Time since last: 109962500 ns, Reaching safepoint: 68300 ns, At safepoint: 85991500 ns, Total: 86059800 ns
[2024-04-16T19:02:26.834+0000][428][safepoint   ] Safepoint "Cleanup", Time since last: 1467416800 ns, Reaching safepoint: 195400 ns, At safepoint: 6200 ns, Total: 201600 ns
[2024-04-16T19:02:27.845+0000][428][safepoint   ] Safepoint "Cleanup", Time since last: 1010650000 ns, Reaching safepoint: 101800 ns, At safepoint: 15100 ns, Total: 116900 ns
[2024-04-16T19:02:28.075+0000][428][gc,start    ] GC(1) Pause Young (Concurrent Start) (Metadata GC Threshold)
[2024-04-16T19:02:28.075+0000][428][gc,task     ] GC(1) Using 8 workers of 8 for evacuation
[2024-04-16T19:02:28.075+0000][428][gc,age      ] GC(1) Desired survivor size 14680064 bytes, new threshold 15 (max threshold 15)
[2024-04-16T19:02:28.099+0000][428][gc,phases   ] GC(1)   Pre Evacuate Collection Set: 3.9ms
[2024-04-16T19:02:28.099+0000][428][gc,phases   ] GC(1)   Merge Heap Roots: 0.1ms
[2024-04-16T19:02:28.099+0000][428][gc,phases   ] GC(1)   Evacuate Collection Set: 11.9ms
[2024-04-16T19:02:28.099+0000][428][gc,phases   ] GC(1)   Post Evacuate Collection Set: 1.3ms
[2024-04-16T19:02:28.099+0000][428][gc,phases   ] GC(1)   Other: 0.4ms
[2024-04-16T19:02:28.099+0000][428][gc,age      ] GC(1) Age table with threshold 15 (max threshold 15)
[2024-04-16T19:02:28.099+0000][428][gc,age      ] GC(1) - age   1:    2146552 bytes,    2146552 total
[2024-04-16T19:02:28.099+0000][428][gc,age      ] GC(1) - age   2:   11495096 bytes,   13641648 total
[2024-04-16T19:02:28.099+0000][428][gc,heap     ] GC(1) Eden regions: 22->0(46)
[2024-04-16T19:02:28.099+0000][428][gc,heap     ] GC(1) Survivor regions: 4->4(7)
[2024-04-16T19:02:28.099+0000][428][gc,heap     ] GC(1) Old regions: 0->0
[2024-04-16T19:02:28.099+0000][428][gc,heap     ] GC(1) Archive regions: 0->0
[2024-04-16T19:02:28.099+0000][428][gc,heap     ] GC(1) Humongous regions: 0->0
[2024-04-16T19:02:28.099+0000][428][gc,metaspace] GC(1) Metaspace: 21027K(21504K)->21027K(21504K) NonClass: 18674K(18944K)->18674K(18944K) Class: 2352K(2560K)->2352K(2560K)
[2024-04-16T19:02:28.099+0000][428][gc          ] GC(1) Pause Young (Concurrent Start) (Metadata GC Threshold) 98M->13M(4040M) 18.611ms
[2024-04-16T19:02:28.099+0000][428][gc,cpu      ] GC(1) User=0.14s Sys=0.00s Real=0.02s
[2024-04-16T19:02:28.099+0000][428][gc          ] GC(2) Concurrent Mark Cycle
[2024-04-16T19:02:28.099+0000][428][gc,marking  ] GC(2) Concurrent Clear Claimed Marks
[2024-04-16T19:02:28.099+0000][428][safepoint   ] Safepoint "CollectForMetadataAllocation", Time since last: 236807700 ns, Reaching safepoint: 73300 ns, At safepoint: 18829200 ns, Total: 18902500 ns
[2024-04-16T19:02:28.099+0000][428][gc,marking  ] GC(2) Concurrent Clear Claimed Marks 0.057ms
[2024-04-16T19:02:28.099+0000][428][gc,marking  ] GC(2) Concurrent Scan Root Regions
[2024-04-16T19:02:28.107+0000][428][gc,marking  ] GC(2) Concurrent Scan Root Regions 11.526ms
[2024-04-16T19:02:28.107+0000][428][gc,marking  ] GC(2) Concurrent Mark
[2024-04-16T19:02:28.107+0000][428][gc,marking  ] GC(2) Concurrent Mark From Roots
[2024-04-16T19:02:28.107+0000][428][gc,task     ] GC(2) Using 2 workers of 2 for marking
[2024-04-16T19:02:28.107+0000][428][gc,marking  ] GC(2) Concurrent Mark From Roots 0.346ms
[2024-04-16T19:02:28.107+0000][428][gc,marking  ] GC(2) Concurrent Preclean
[2024-04-16T19:02:28.107+0000][428][gc,marking  ] GC(2) Concurrent Preclean 0.028ms
[2024-04-16T19:02:28.165+0000][428][gc,start    ] GC(2) Pause Remark
[2024-04-16T19:02:28.165+0000][428][gc          ] GC(2) Pause Remark 15M->15M(4040M) 3.428ms
[2024-04-16T19:02:28.165+0000][428][gc,cpu      ] GC(2) User=0.00s Sys=0.00s Real=0.00s
[2024-04-16T19:02:28.165+0000][428][safepoint   ] Safepoint "G1Concurrent", Time since last: 12220400 ns, Reaching safepoint: 51960600 ns, At safepoint: 3558200 ns, Total: 55518800 ns
[2024-04-16T19:02:28.165+0000][428][gc,marking  ] GC(2) Concurrent Mark 56.100ms
[2024-04-16T19:02:28.165+0000][428][gc,marking  ] GC(2) Concurrent Rebuild Remembered Sets
[2024-04-16T19:02:28.165+0000][428][gc,marking  ] GC(2) Concurrent Rebuild Remembered Sets 0.024ms
[2024-04-16T19:02:28.165+0000][428][gc,start    ] GC(2) Pause Cleanup
[2024-04-16T19:02:28.165+0000][428][gc          ] GC(2) Pause Cleanup 15M->15M(4040M) 0.061ms
[2024-04-16T19:02:28.165+0000][428][gc,cpu      ] GC(2) User=0.00s Sys=0.00s Real=0.00s
[2024-04-16T19:02:28.165+0000][428][safepoint   ] Safepoint "G1Concurrent", Time since last: 218100 ns, Reaching safepoint: 70000 ns, At safepoint: 158200 ns, Total: 228200 ns
[2024-04-16T19:02:28.165+0000][428][gc,marking  ] GC(2) Concurrent Cleanup for Next Mark
[2024-04-16T19:02:28.174+0000][428][gc,marking  ] GC(2) Concurrent Cleanup for Next Mark 5.623ms
[2024-04-16T19:02:28.174+0000][428][gc          ] GC(2) Concurrent Mark Cycle 74.073ms
[2024-04-16T19:02:29.297+0000][428][safepoint   ] Safepoint "Cleanup", Time since last: 1127909600 ns, Reaching safepoint: 266000 ns, At safepoint: 19200 ns, Total: 285200 ns
[2024-04-16T19:02:31.014+0000][428][safepoint   ] Safepoint "Cleanup", Time since last: 1716536400 ns, Reaching safepoint: 171000 ns, At safepoint: 39100 ns, Total: 210100 ns
[2024-04-16T19:02:31.120+0000][428][gc,start    ] GC(3) Pause Young (Normal) (G1 Evacuation Pause)
[2024-04-16T19:02:31.120+0000][428][gc,task     ] GC(3) Using 8 workers of 8 for evacuation
[2024-04-16T19:02:31.120+0000][428][gc,age      ] GC(3) Desired survivor size 14680064 bytes, new threshold 15 (max threshold 15)
[2024-04-16T19:02:31.133+0000][428][gc,phases   ] GC(3)   Pre Evacuate Collection Set: 0.2ms
[2024-04-16T19:02:31.133+0000][428][gc,phases   ] GC(3)   Merge Heap Roots: 0.1ms
[2024-04-16T19:02:31.133+0000][428][gc,phases   ] GC(3)   Evacuate Collection Set: 12.0ms
[2024-04-16T19:02:31.133+0000][428][gc,phases   ] GC(3)   Post Evacuate Collection Set: 1.3ms
[2024-04-16T19:02:31.133+0000][428][gc,phases   ] GC(3)   Other: 0.1ms
[2024-04-16T19:02:31.133+0000][428][gc,age      ] GC(3) Age table with threshold 15 (max threshold 15)
[2024-04-16T19:02:31.133+0000][428][gc,age      ] GC(3) - age   1:    4349992 bytes,    4349992 total
[2024-04-16T19:02:31.133+0000][428][gc,age      ] GC(3) - age   2:    2112624 bytes,    6462616 total
[2024-04-16T19:02:31.133+0000][428][gc,age      ] GC(3) - age   3:   11490832 bytes,   17953448 total
[2024-04-16T19:02:31.133+0000][428][gc,heap     ] GC(3) Eden regions: 46->0(63)
[2024-04-16T19:02:31.133+0000][428][gc,heap     ] GC(3) Survivor regions: 4->5(7)
[2024-04-16T19:02:31.133+0000][428][gc,heap     ] GC(3) Old regions: 0->0
[2024-04-16T19:02:31.133+0000][428][gc,heap     ] GC(3) Archive regions: 0->0
[2024-04-16T19:02:31.133+0000][428][gc,heap     ] GC(3) Humongous regions: 0->0
[2024-04-16T19:02:31.133+0000][428][gc,metaspace] GC(3) Metaspace: 24448K(25024K)->24448K(25024K) NonClass: 21599K(21888K)->21599K(21888K) Class: 2849K(3136K)->2849K(3136K)
[2024-04-16T19:02:31.133+0000][428][gc          ] GC(3) Pause Young (Normal) (G1 Evacuation Pause) 197M->18M(4040M) 14.139ms
[2024-04-16T19:02:31.133+0000][428][gc,cpu      ] GC(3) User=0.00s Sys=0.03s Real=0.01s
[2024-04-16T19:02:31.133+0000][428][safepoint   ] Safepoint "G1CollectForAllocation", Time since last: 105393100 ns, Reaching safepoint: 103900 ns, At safepoint: 14205900 ns, Total: 14309800 ns
[2024-04-16T19:02:32.140+0000][428][safepoint   ] Safepoint "Cleanup", Time since last: 1005929800 ns, Reaching safepoint: 117200 ns, At safepoint: 7200 ns, Total: 124400 ns
[2024-04-16T19:02:34.159+0000][428][safepoint   ] Safepoint "Cleanup", Time since last: 2018908300 ns, Reaching safepoint: 78800 ns, At safepoint: 21100 ns, Total: 99900 ns
[2024-04-16T19:02:36.123+0000][428][safepoint   ] Safepoint "Cleanup", Time since last: 1964252600 ns, Reaching safepoint: 158100 ns, At safepoint: 38400 ns, Total: 196500 ns
[2024-04-16T19:02:36.188+0000][428][gc,start    ] GC(4) Pause Young (Normal) (G1 Evacuation Pause)
[2024-04-16T19:02:36.188+0000][428][gc,task     ] GC(4) Using 8 workers of 8 for evacuation
[2024-04-16T19:02:36.188+0000][428][gc,age      ] GC(4) Desired survivor size 18874368 bytes, new threshold 15 (max threshold 15)
[2024-04-16T19:02:36.198+0000][428][gc,phases   ] GC(4)   Pre Evacuate Collection Set: 0.1ms
[2024-04-16T19:02:36.198+0000][428][gc,phases   ] GC(4)   Merge Heap Roots: 0.1ms
[2024-04-16T19:02:36.198+0000][428][gc,phases   ] GC(4)   Evacuate Collection Set: 8.9ms
[2024-04-16T19:02:36.198+0000][428][gc,phases   ] GC(4)   Post Evacuate Collection Set: 1.1ms
[2024-04-16T19:02:36.198+0000][428][gc,phases   ] GC(4)   Other: 0.1ms
[2024-04-16T19:02:36.198+0000][428][gc,age      ] GC(4) Age table with threshold 15 (max threshold 15)
[2024-04-16T19:02:36.198+0000][428][gc,age      ] GC(4) - age   1:    3208568 bytes,    3208568 total
[2024-04-16T19:02:36.198+0000][428][gc,age      ] GC(4) - age   2:    4108776 bytes,    7317344 total
[2024-04-16T19:02:36.198+0000][428][gc,age      ] GC(4) - age   3:    2112336 bytes,    9429680 total
[2024-04-16T19:02:36.198+0000][428][gc,age      ] GC(4) - age   4:   11490832 bytes,   20920512 total
[2024-04-16T19:02:36.198+0000][428][gc,heap     ] GC(4) Eden regions: 63->0(600)
[2024-04-16T19:02:36.198+0000][428][gc,heap     ] GC(4) Survivor regions: 5->6(9)
[2024-04-16T19:02:36.198+0000][428][gc,heap     ] GC(4) Old regions: 0->0
[2024-04-16T19:02:36.198+0000][428][gc,heap     ] GC(4) Archive regions: 0->0
[2024-04-16T19:02:36.198+0000][428][gc,heap     ] GC(4) Humongous regions: 0->0
[2024-04-16T19:02:36.198+0000][428][gc,metaspace] GC(4) Metaspace: 25096K(25728K)->25096K(25728K) NonClass: 22168K(22528K)->22168K(22528K) Class: 2927K(3200K)->2927K(3200K)
[2024-04-16T19:02:36.200+0000][428][gc          ] GC(4) Pause Young (Normal) (G1 Evacuation Pause) 270M->21M(4040M) 12.466ms
[2024-04-16T19:02:36.200+0000][428][gc,cpu      ] GC(4) User=0.12s Sys=0.00s Real=0.01s
[2024-04-16T19:02:36.200+0000][428][safepoint   ] Safepoint "G1CollectForAllocation", Time since last: 64451500 ns, Reaching safepoint: 81300 ns, At safepoint: 12536700 ns, Total: 12618000 ns
[2024-04-16T19:02:37.213+0000][428][safepoint   ] Safepoint "Cleanup", Time since last: 1012451400 ns, Reaching safepoint: 99200 ns, At safepoint: 18100 ns, Total: 117300 ns
[2024-04-16T19:02:39.522+0000][428][safepoint   ] Safepoint "Cleanup", Time since last: 2309046400 ns, Reaching safepoint: 165200 ns, At safepoint: 64400 ns, Total: 229600 ns
[2024-04-16T19:02:40.615+0000][428][safepoint   ] Safepoint "Cleanup", Time since last: 1092634100 ns, Reaching safepoint: 206600 ns, At safepoint: 4800 ns, Total: 211400 ns
[2024-04-16T19:02:41.623+0000][428][safepoint   ] Safepoint "Cleanup", Time since last: 1007761100 ns, Reaching safepoint: 672100 ns, At safepoint: 6800 ns, Total: 678900 ns
[2024-04-16T19:02:42.628+0000][428][safepoint   ] Safepoint "Cleanup", Time since last: 1004537200 ns, Reaching safepoint: 158800 ns, At safepoint: 42500 ns, Total: 201300 ns
[2024-04-16T19:02:43.638+0000][428][safepoint   ] Safepoint "Cleanup", Time since last: 1009851000 ns, Reaching safepoint: 58000 ns, At safepoint: 9900 ns, Total: 67900 ns
[2024-04-16T19:02:44.650+0000][428][safepoint   ] Safepoint "Cleanup", Time since last: 1011838500 ns, Reaching safepoint: 183300 ns, At safepoint: 5500 ns, Total: 188800 ns
[2024-04-16T19:02:46.297+0000][428][safepoint   ] Safepoint "Cleanup", Time since last: 1646720400 ns, Reaching safepoint: 113000 ns, At safepoint: 6800 ns, Total: 119800 ns
[2024-04-16T19:02:47.304+0000][428][safepoint   ] Safepoint "Cleanup", Time since last: 1006940700 ns, Reaching safepoint: 177900 ns, At safepoint: 62100 ns, Total: 240000 ns
[2024-04-16T19:02:48.306+0000][428][safepoint   ] Safepoint "Cleanup", Time since last: 1001333000 ns, Reaching safepoint: 678100 ns, At safepoint: 6200 ns, Total: 684300 ns
[2024-04-16T19:02:49.312+0000][428][safepoint   ] Safepoint "Cleanup", Time since last: 1005667700 ns, Reaching safepoint: 117400 ns, At safepoint: 62900 ns, Total: 180300 ns
[2024-04-16T19:02:50.201+0000][428][gc,start    ] GC(5) Pause Young (Concurrent Start) (Metadata GC Threshold)
[2024-04-16T19:02:50.201+0000][428][gc,task     ] GC(5) Using 8 workers of 8 for evacuation
[2024-04-16T19:02:50.201+0000][428][gc,age      ] GC(5) Desired survivor size 159383552 bytes, new threshold 15 (max threshold 15)
[2024-04-16T19:02:50.218+0000][428][gc,phases   ] GC(5)   Pre Evacuate Collection Set: 0.3ms
[2024-04-16T19:02:50.218+0000][428][gc,phases   ] GC(5)   Merge Heap Roots: 0.2ms
[2024-04-16T19:02:50.218+0000][428][gc,phases   ] GC(5)   Evacuate Collection Set: 13.8ms
[2024-04-16T19:02:50.218+0000][428][gc,phases   ] GC(5)   Post Evacuate Collection Set: 1.7ms
[2024-04-16T19:02:50.218+0000][428][gc,phases   ] GC(5)   Other: 0.2ms
[2024-04-16T19:02:50.218+0000][428][gc,age      ] GC(5) Age table with threshold 15 (max threshold 15)
[2024-04-16T19:02:50.218+0000][428][gc,age      ] GC(5) - age   1:    8572800 bytes,    8572800 total
[2024-04-16T19:02:50.218+0000][428][gc,age      ] GC(5) - age   2:    2514576 bytes,   11087376 total
[2024-04-16T19:02:50.218+0000][428][gc,age      ] GC(5) - age   3:    4090864 bytes,   15178240 total
[2024-04-16T19:02:50.218+0000][428][gc,age      ] GC(5) - age   4:    2106720 bytes,   17284960 total
[2024-04-16T19:02:50.218+0000][428][gc,age      ] GC(5) - age   5:   11367720 bytes,   28652680 total
[2024-04-16T19:02:50.218+0000][428][gc,heap     ] GC(5) Eden regions: 172->0(598)
[2024-04-16T19:02:50.218+0000][428][gc,heap     ] GC(5) Survivor regions: 6->8(76)
[2024-04-16T19:02:50.218+0000][428][gc,heap     ] GC(5) Old regions: 0->0
[2024-04-16T19:02:50.218+0000][428][gc,heap     ] GC(5) Archive regions: 0->0
[2024-04-16T19:02:50.218+0000][428][gc,heap     ] GC(5) Humongous regions: 0->0
[2024-04-16T19:02:50.218+0000][428][gc,metaspace] GC(5) Metaspace: 35253K(36096K)->35253K(36096K) NonClass: 31076K(31616K)->31076K(31616K) Class: 4177K(4480K)->4177K(4480K)
[2024-04-16T19:02:50.218+0000][428][gc          ] GC(5) Pause Young (Concurrent Start) (Metadata GC Threshold) 709M->28M(4040M) 16.593ms
[2024-04-16T19:02:50.218+0000][428][gc,cpu      ] GC(5) User=0.12s Sys=0.00s Real=0.02s
[2024-04-16T19:02:50.218+0000][428][gc          ] GC(6) Concurrent Mark Cycle
[2024-04-16T19:02:50.218+0000][428][safepoint   ] Safepoint "CollectForMetadataAllocation", Time since last: 889932000 ns, Reaching safepoint: 97300 ns, At safepoint: 16689500 ns, Total: 16786800 ns
[2024-04-16T19:02:50.218+0000][428][gc,marking  ] GC(6) Concurrent Clear Claimed Marks
[2024-04-16T19:02:50.219+0000][428][gc,marking  ] GC(6) Concurrent Clear Claimed Marks 0.139ms
[2024-04-16T19:02:50.219+0000][428][gc,marking  ] GC(6) Concurrent Scan Root Regions
[2024-04-16T19:02:50.220+0000][428][gc,marking  ] GC(6) Concurrent Scan Root Regions 5.614ms
[2024-04-16T19:02:50.220+0000][428][gc,marking  ] GC(6) Concurrent Mark
[2024-04-16T19:02:50.220+0000][428][gc,marking  ] GC(6) Concurrent Mark From Roots
[2024-04-16T19:02:50.220+0000][428][gc,task     ] GC(6) Using 2 workers of 2 for marking
[2024-04-16T19:02:50.225+0000][428][gc,marking  ] GC(6) Concurrent Mark From Roots 0.220ms
[2024-04-16T19:02:50.225+0000][428][gc,marking  ] GC(6) Concurrent Preclean
[2024-04-16T19:02:50.225+0000][428][gc,marking  ] GC(6) Concurrent Preclean 0.010ms
[2024-04-16T19:02:50.225+0000][428][gc,start    ] GC(6) Pause Remark
[2024-04-16T19:02:50.226+0000][428][gc          ] GC(6) Pause Remark 30M->30M(4040M) 1.645ms
[2024-04-16T19:02:50.226+0000][428][gc,cpu      ] GC(6) User=0.00s Sys=0.00s Real=0.00s
[2024-04-16T19:02:50.226+0000][428][safepoint   ] Safepoint "G1Concurrent", Time since last: 6157100 ns, Reaching safepoint: 126700 ns, At safepoint: 1699100 ns, Total: 1825800 ns
[2024-04-16T19:02:50.226+0000][428][gc,marking  ] GC(6) Concurrent Mark 2.186ms
[2024-04-16T19:02:50.226+0000][428][gc,marking  ] GC(6) Concurrent Rebuild Remembered Sets
[2024-04-16T19:02:50.226+0000][428][gc,marking  ] GC(6) Concurrent Rebuild Remembered Sets 0.011ms
[2024-04-16T19:02:50.226+0000][428][gc,start    ] GC(6) Pause Cleanup
[2024-04-16T19:02:50.226+0000][428][gc          ] GC(6) Pause Cleanup 30M->30M(4040M) 0.024ms
[2024-04-16T19:02:50.226+0000][428][gc,cpu      ] GC(6) User=0.00s Sys=0.00s Real=0.00s
[2024-04-16T19:02:50.226+0000][428][safepoint   ] Safepoint "G1Concurrent", Time since last: 134100 ns, Reaching safepoint: 100500 ns, At safepoint: 55100 ns, Total: 155600 ns
[2024-04-16T19:02:50.226+0000][428][gc,marking  ] GC(6) Concurrent Cleanup for Next Mark
[2024-04-16T19:02:50.229+0000][428][gc,marking  ] GC(6) Concurrent Cleanup for Next Mark 5.832ms
[2024-04-16T19:02:50.229+0000][428][gc          ] GC(6) Concurrent Mark Cycle 14.241ms
[2024-04-16T19:02:51.743+0000][428][safepoint   ] Safepoint "Cleanup", Time since last: 1516279800 ns, Reaching safepoint: 355900 ns, At safepoint: 83000 ns, Total: 438900 ns
[2024-04-16T19:02:52.626+0000][428][safepoint   ] Safepoint "ICBufferFull", Time since last: 882419800 ns, Reaching safepoint: 145200 ns, At safepoint: 62300 ns, Total: 207500 ns
[2024-04-16T19:02:53.641+0000][428][safepoint   ] Safepoint "Cleanup", Time since last: 1014707900 ns, Reaching safepoint: 264000 ns, At safepoint: 23700 ns, Total: 287700 ns
[2024-04-16T19:02:55.006+0000][428][safepoint   ] Safepoint "Cleanup", Time since last: 1364426300 ns, Reaching safepoint: 433400 ns, At safepoint: 65100 ns, Total: 498500 ns
[2024-04-16T19:02:56.014+0000][428][safepoint   ] Safepoint "Cleanup", Time since last: 1007996900 ns, Reaching safepoint: 201200 ns, At safepoint: 12900 ns, Total: 214100 ns
[2024-04-16T19:02:57.021+0000][428][safepoint   ] Safepoint "Cleanup", Time since last: 1006312300 ns, Reaching safepoint: 191500 ns, At safepoint: 38600 ns, Total: 230100 ns
[2024-04-16T19:02:58.029+0000][428][safepoint   ] Safepoint "Cleanup", Time since last: 1007606700 ns, Reaching safepoint: 107500 ns, At safepoint: 2600 ns, Total: 110100 ns
[2024-04-16T19:03:00.040+0000][428][safepoint   ] Safepoint "Cleanup", Time since last: 2011449600 ns, Reaching safepoint: 150500 ns, At safepoint: 30400 ns, Total: 180900 ns
[2024-04-16T19:03:01.052+0000][428][safepoint   ] Safepoint "Cleanup", Time since last: 1011337400 ns, Reaching safepoint: 130100 ns, At safepoint: 42900 ns, Total: 173000 ns
[2024-04-16T19:03:02.441+0000][428][gc,start    ] GC(7) Pause Young (Concurrent Start) (Metadata GC Threshold)
[2024-04-16T19:03:02.441+0000][428][gc,task     ] GC(7) Using 8 workers of 8 for evacuation
[2024-04-16T19:03:02.441+0000][428][gc,age      ] GC(7) Desired survivor size 159383552 bytes, new threshold 15 (max threshold 15)
[2024-04-16T19:03:02.470+0000][428][gc,phases   ] GC(7)   Pre Evacuate Collection Set: 0.2ms
[2024-04-16T19:03:02.470+0000][428][gc,phases   ] GC(7)   Merge Heap Roots: 0.1ms
[2024-04-16T19:03:02.470+0000][428][gc,phases   ] GC(7)   Evacuate Collection Set: 27.4ms
[2024-04-16T19:03:02.470+0000][428][gc,phases   ] GC(7)   Post Evacuate Collection Set: 2.0ms
[2024-04-16T19:03:02.470+0000][428][gc,phases   ] GC(7)   Other: 0.1ms
[2024-04-16T19:03:02.470+0000][428][gc,age      ] GC(7) Age table with threshold 15 (max threshold 15)
[2024-04-16T19:03:02.470+0000][428][gc,age      ] GC(7) - age   1:   24398576 bytes,   24398576 total
[2024-04-16T19:03:02.470+0000][428][gc,age      ] GC(7) - age   2:    8387696 bytes,   32786272 total
[2024-04-16T19:03:02.470+0000][428][gc,age      ] GC(7) - age   3:    2509088 bytes,   35295360 total
[2024-04-16T19:03:02.470+0000][428][gc,age      ] GC(7) - age   4:    4061672 bytes,   39357032 total
[2024-04-16T19:03:02.470+0000][428][gc,age      ] GC(7) - age   5:    2088992 bytes,   41446024 total
[2024-04-16T19:03:02.470+0000][428][gc,age      ] GC(7) - age   6:   11309104 bytes,   52755128 total
[2024-04-16T19:03:02.470+0000][428][gc,heap     ] GC(7) Eden regions: 109->0(148)
[2024-04-16T19:03:02.470+0000][428][gc,heap     ] GC(7) Survivor regions: 8->13(76)
[2024-04-16T19:03:02.470+0000][428][gc,heap     ] GC(7) Old regions: 0->0
[2024-04-16T19:03:02.470+0000][428][gc,heap     ] GC(7) Archive regions: 0->0
[2024-04-16T19:03:02.470+0000][428][gc,heap     ] GC(7) Humongous regions: 0->0
[2024-04-16T19:03:02.470+0000][428][gc,metaspace] GC(7) Metaspace: 58908K(60288K)->58908K(60288K) NonClass: 51377K(52160K)->51377K(52160K) Class: 7531K(8128K)->7531K(8128K)
[2024-04-16T19:03:02.472+0000][428][gc          ] GC(7) Pause Young (Concurrent Start) (Metadata GC Threshold) 462M->52M(4040M) 31.952ms
[2024-04-16T19:03:02.472+0000][428][gc,cpu      ] GC(7) User=0.25s Sys=0.00s Real=0.03s
[2024-04-16T19:03:02.472+0000][428][gc          ] GC(8) Concurrent Mark Cycle
[2024-04-16T19:03:02.472+0000][428][gc,marking  ] GC(8) Concurrent Clear Claimed Marks
[2024-04-16T19:03:02.472+0000][428][safepoint   ] Safepoint "CollectForMetadataAllocation", Time since last: 1388729300 ns, Reaching safepoint: 130800 ns, At safepoint: 32088000 ns, Total: 32218800 ns
[2024-04-16T19:03:02.473+0000][428][gc,marking  ] GC(8) Concurrent Clear Claimed Marks 0.073ms
[2024-04-16T19:03:02.473+0000][428][gc,marking  ] GC(8) Concurrent Scan Root Regions
[2024-04-16T19:03:02.490+0000][428][gc,marking  ] GC(8) Concurrent Scan Root Regions 18.073ms
[2024-04-16T19:03:02.490+0000][428][gc,marking  ] GC(8) Concurrent Mark
[2024-04-16T19:03:02.490+0000][428][gc,marking  ] GC(8) Concurrent Mark From Roots
[2024-04-16T19:03:02.490+0000][428][gc,task     ] GC(8) Using 2 workers of 2 for marking
[2024-04-16T19:03:02.491+0000][428][gc,marking  ] GC(8) Concurrent Mark From Roots 0.268ms
[2024-04-16T19:03:02.491+0000][428][gc,marking  ] GC(8) Concurrent Preclean
[2024-04-16T19:03:02.491+0000][428][gc,marking  ] GC(8) Concurrent Preclean 0.019ms
[2024-04-16T19:03:02.491+0000][428][gc,start    ] GC(8) Pause Remark
[2024-04-16T19:03:02.494+0000][428][gc          ] GC(8) Pause Remark 56M->56M(4040M) 2.515ms
[2024-04-16T19:03:02.494+0000][428][gc,cpu      ] GC(8) User=0.00s Sys=0.00s Real=0.00s
[2024-04-16T19:03:02.494+0000][428][safepoint   ] Safepoint "G1Concurrent", Time since last: 18591700 ns, Reaching safepoint: 29700 ns, At safepoint: 2646500 ns, Total: 2676200 ns
[2024-04-16T19:03:02.494+0000][428][gc,marking  ] GC(8) Concurrent Mark 3.100ms
[2024-04-16T19:03:02.494+0000][428][gc,marking  ] GC(8) Concurrent Rebuild Remembered Sets
[2024-04-16T19:03:02.494+0000][428][gc,marking  ] GC(8) Concurrent Rebuild Remembered Sets 0.021ms
[2024-04-16T19:03:02.494+0000][428][gc,start    ] GC(8) Pause Cleanup
[2024-04-16T19:03:02.494+0000][428][gc          ] GC(8) Pause Cleanup 56M->56M(4040M) 0.031ms
[2024-04-16T19:03:02.494+0000][428][gc,cpu      ] GC(8) User=0.00s Sys=0.00s Real=0.00s
[2024-04-16T19:03:02.494+0000][428][safepoint   ] Safepoint "G1Concurrent", Time since last: 146400 ns, Reaching safepoint: 24100 ns, At safepoint: 128300 ns, Total: 152400 ns
[2024-04-16T19:03:02.494+0000][428][gc,marking  ] GC(8) Concurrent Cleanup for Next Mark
[2024-04-16T19:03:02.496+0000][428][gc,marking  ] GC(8) Concurrent Cleanup for Next Mark 6.525ms
[2024-04-16T19:03:02.496+0000][428][gc          ] GC(8) Concurrent Mark Cycle 28.244ms
[2024-04-16T19:03:03.503+0000][428][safepoint   ] Safepoint "Cleanup", Time since last: 1008236600 ns, Reaching safepoint: 204700 ns, At safepoint: 12600 ns, Total: 217300 ns
[2024-04-16T19:03:04.613+0000][428][safepoint   ] Safepoint "Cleanup", Time since last: 1109796300 ns, Reaching safepoint: 121000 ns, At safepoint: 57000 ns, Total: 178000 ns
[2024-04-16T19:03:06.305+0000][428][safepoint   ] Safepoint "Cleanup", Time since last: 1691791500 ns, Reaching safepoint: 344900 ns, At safepoint: 68800 ns, Total: 413700 ns
[2024-04-16T19:03:07.318+0000][428][safepoint   ] Safepoint "Cleanup", Time since last: 1012964200 ns, Reaching safepoint: 1094700 ns, At safepoint: 15600 ns, Total: 1110300 ns
[2024-04-16T19:03:08.326+0000][428][safepoint   ] Safepoint "Cleanup", Time since last: 1006747900 ns, Reaching safepoint: 94200 ns, At safepoint: 18600 ns, Total: 112800 ns
[2024-04-16T19:03:09.565+0000][428][safepoint   ] Safepoint "ICBufferFull", Time since last: 1239505800 ns, Reaching safepoint: 200400 ns, At safepoint: 53600 ns, Total: 254000 ns
[2024-04-16T19:03:10.163+0000][428][gc,start    ] GC(9) Pause Young (Concurrent Start) (Metadata GC Threshold)
[2024-04-16T19:03:10.163+0000][428][gc,task     ] GC(9) Using 8 workers of 8 for evacuation
[2024-04-16T19:03:10.163+0000][428][gc,age      ] GC(9) Desired survivor size 44040192 bytes, new threshold 6 (max threshold 15)
[2024-04-16T19:03:10.215+0000][428][gc,phases   ] GC(9)   Pre Evacuate Collection Set: 0.3ms
[2024-04-16T19:03:10.215+0000][428][gc,phases   ] GC(9)   Merge Heap Roots: 0.1ms
[2024-04-16T19:03:10.215+0000][428][gc,phases   ] GC(9)   Evacuate Collection Set: 48.7ms
[2024-04-16T19:03:10.215+0000][428][gc,phases   ] GC(9)   Post Evacuate Collection Set: 2.7ms
[2024-04-16T19:03:10.215+0000][428][gc,phases   ] GC(9)   Other: 0.1ms
[2024-04-16T19:03:10.215+0000][428][gc,age      ] GC(9) Age table with threshold 6 (max threshold 15)
[2024-04-16T19:03:10.215+0000][428][gc,age      ] GC(9) - age   1:   16932680 bytes,   16932680 total
[2024-04-16T19:03:10.215+0000][428][gc,age      ] GC(9) - age   2:   23890592 bytes,   40823272 total
[2024-04-16T19:03:10.215+0000][428][gc,age      ] GC(9) - age   3:    8355520 bytes,   49178792 total
[2024-04-16T19:03:10.215+0000][428][gc,age      ] GC(9) - age   4:    2500152 bytes,   51678944 total
[2024-04-16T19:03:10.215+0000][428][gc,age      ] GC(9) - age   5:    4048088 bytes,   55727032 total
[2024-04-16T19:03:10.215+0000][428][gc,age      ] GC(9) - age   6:    2083584 bytes,   57810616 total
[2024-04-16T19:03:10.215+0000][428][gc,heap     ] GC(9) Eden regions: 116->0(102)
[2024-04-16T19:03:10.215+0000][428][gc,heap     ] GC(9) Survivor regions: 13->15(21)
[2024-04-16T19:03:10.215+0000][428][gc,heap     ] GC(9) Old regions: 0->3
[2024-04-16T19:03:10.215+0000][428][gc,heap     ] GC(9) Archive regions: 0->0
[2024-04-16T19:03:10.215+0000][428][gc,heap     ] GC(9) Humongous regions: 0->0
[2024-04-16T19:03:10.215+0000][428][gc,metaspace] GC(9) Metaspace: 98011K(100800K)->98011K(100800K) NonClass: 84780K(86208K)->84780K(86208K) Class: 13230K(14592K)->13230K(14592K)
[2024-04-16T19:03:10.215+0000][428][gc          ] GC(9) Pause Young (Concurrent Start) (Metadata GC Threshold) 516M->70M(4040M) 52.206ms
[2024-04-16T19:03:10.215+0000][428][gc,cpu      ] GC(9) User=0.38s Sys=0.00s Real=0.05s
[2024-04-16T19:03:10.215+0000][428][gc          ] GC(10) Concurrent Mark Cycle
[2024-04-16T19:03:10.215+0000][428][gc,marking  ] GC(10) Concurrent Clear Claimed Marks
[2024-04-16T19:03:10.216+0000][428][safepoint   ] Safepoint "CollectForMetadataAllocation", Time since last: 597644000 ns, Reaching safepoint: 99800 ns, At safepoint: 52320100 ns, Total: 52419900 ns
[2024-04-16T19:03:10.216+0000][428][gc,marking  ] GC(10) Concurrent Clear Claimed Marks 0.259ms
[2024-04-16T19:03:10.216+0000][428][gc,marking  ] GC(10) Concurrent Scan Root Regions
[2024-04-16T19:03:10.245+0000][428][gc,marking  ] GC(10) Concurrent Scan Root Regions 29.555ms
[2024-04-16T19:03:10.245+0000][428][gc,marking  ] GC(10) Concurrent Mark
[2024-04-16T19:03:10.245+0000][428][gc,marking  ] GC(10) Concurrent Mark From Roots
[2024-04-16T19:03:10.245+0000][428][gc,task     ] GC(10) Using 2 workers of 2 for marking
[2024-04-16T19:03:10.245+0000][428][gc,marking  ] GC(10) Concurrent Mark From Roots 0.302ms
[2024-04-16T19:03:10.245+0000][428][gc,marking  ] GC(10) Concurrent Preclean
[2024-04-16T19:03:10.245+0000][428][gc,marking  ] GC(10) Concurrent Preclean 0.013ms
[2024-04-16T19:03:10.245+0000][428][gc,start    ] GC(10) Pause Remark
[2024-04-16T19:03:10.249+0000][428][gc          ] GC(10) Pause Remark 74M->74M(4040M) 3.790ms
[2024-04-16T19:03:10.249+0000][428][gc,cpu      ] GC(10) User=0.00s Sys=0.00s Real=0.00s
[2024-04-16T19:03:10.249+0000][428][safepoint   ] Safepoint "G1Concurrent", Time since last: 30303800 ns, Reaching safepoint: 81600 ns, At safepoint: 3934100 ns, Total: 4015700 ns
[2024-04-16T19:03:10.249+0000][428][gc,marking  ] GC(10) Concurrent Mark 4.490ms
[2024-04-16T19:03:10.249+0000][428][gc,marking  ] GC(10) Concurrent Rebuild Remembered Sets
[2024-04-16T19:03:10.252+0000][428][gc,marking  ] GC(10) Concurrent Rebuild Remembered Sets 4.474ms
[2024-04-16T19:03:10.255+0000][428][gc,start    ] GC(10) Pause Cleanup
[2024-04-16T19:03:10.255+0000][428][gc          ] GC(10) Pause Cleanup 74M->74M(4040M) 0.151ms
[2024-04-16T19:03:10.255+0000][428][gc,cpu      ] GC(10) User=0.00s Sys=0.00s Real=0.00s
[2024-04-16T19:03:10.255+0000][428][safepoint   ] Safepoint "G1Concurrent", Time since last: 4660400 ns, Reaching safepoint: 71500 ns, At safepoint: 246400 ns, Total: 317900 ns
[2024-04-16T19:03:10.255+0000][428][gc,marking  ] GC(10) Concurrent Cleanup for Next Mark
[2024-04-16T19:03:10.258+0000][428][gc,marking  ] GC(10) Concurrent Cleanup for Next Mark 8.949ms
[2024-04-16T19:03:10.258+0000][428][gc          ] GC(10) Concurrent Mark Cycle 48.488ms
[2024-04-16T19:03:11.062+0000][428][safepoint   ] Safepoint "ICBufferFull", Time since last: 806461700 ns, Reaching safepoint: 227000 ns, At safepoint: 45700 ns, Total: 272700 ns
[2024-04-16T19:03:11.255+0000][428][safepoint   ] Safepoint "ICBufferFull", Time since last: 193994600 ns, Reaching safepoint: 148900 ns, At safepoint: 48400 ns, Total: 197300 ns
[2024-04-16T19:03:11.378+0000][428][safepoint   ] Safepoint "ICBufferFull", Time since last: 122465600 ns, Reaching safepoint: 110100 ns, At safepoint: 7800 ns, Total: 117900 ns
[2024-04-16T19:03:12.534+0000][428][safepoint   ] Safepoint "Cleanup", Time since last: 1155303800 ns, Reaching safepoint: 312300 ns, At safepoint: 11700 ns, Total: 324000 ns
[2024-04-16T19:03:13.198+0000][428][safepoint   ] Safepoint "ICBufferFull", Time since last: 663495300 ns, Reaching safepoint: 110500 ns, At safepoint: 4600 ns, Total: 115100 ns
[2024-04-16T19:03:14.544+0000][428][safepoint   ] Safepoint "Cleanup", Time since last: 1346303400 ns, Reaching safepoint: 231200 ns, At safepoint: 65400 ns, Total: 296600 ns
[2024-04-16T19:03:15.672+0000][428][safepoint   ] Safepoint "Cleanup", Time since last: 1127508800 ns, Reaching safepoint: 205900 ns, At safepoint: 11800 ns, Total: 217700 ns
[2024-04-16T19:03:17.067+0000][428][safepoint   ] Safepoint "Cleanup", Time since last: 1394776700 ns, Reaching safepoint: 159600 ns, At safepoint: 5600 ns, Total: 165200 ns
[2024-04-16T19:03:18.748+0000][428][safepoint   ] Safepoint "Cleanup", Time since last: 1680397400 ns, Reaching safepoint: 802200 ns, At safepoint: 55500 ns, Total: 857700 ns
[2024-04-16T19:03:19.749+0000][428][safepoint   ] Safepoint "Cleanup", Time since last: 1000299500 ns, Reaching safepoint: 156100 ns, At safepoint: 71100 ns, Total: 227200 ns
[2024-04-16T19:03:21.050+0000][428][safepoint   ] Safepoint "ICBufferFull", Time since last: 1300771600 ns, Reaching safepoint: 323400 ns, At safepoint: 52600 ns, Total: 376000 ns
[2024-04-16T19:03:22.060+0000][428][safepoint   ] Safepoint "Cleanup", Time since last: 1009802500 ns, Reaching safepoint: 132300 ns, At safepoint: 23300 ns, Total: 155600 ns
[2024-04-16T19:03:23.075+0000][428][safepoint   ] Safepoint "Cleanup", Time since last: 1014654500 ns, Reaching safepoint: 241200 ns, At safepoint: 90700 ns, Total: 331900 ns
[2024-04-16T19:03:24.078+0000][428][safepoint   ] Safepoint "Cleanup", Time since last: 1002430900 ns, Reaching safepoint: 233600 ns, At safepoint: 22700 ns, Total: 256300 ns
[2024-04-16T19:03:25.112+0000][428][safepoint   ] Safepoint "Cleanup", Time since last: 1033726300 ns, Reaching safepoint: 276200 ns, At safepoint: 30900 ns, Total: 307100 ns
[2024-04-16T19:03:26.126+0000][428][safepoint   ] Safepoint "Cleanup", Time since last: 1014123900 ns, Reaching safepoint: 482800 ns, At safepoint: 24400 ns, Total: 507200 ns
[2024-04-16T19:03:26.806+0000][428][safepoint   ] Safepoint "ICBufferFull", Time since last: 679878400 ns, Reaching safepoint: 206500 ns, At safepoint: 49700 ns, Total: 256200 ns
[2024-04-16T19:03:27.810+0000][428][safepoint   ] Safepoint "Cleanup", Time since last: 1003252700 ns, Reaching safepoint: 335900 ns, At safepoint: 20200 ns, Total: 356100 ns
[2024-04-16T19:03:28.825+0000][428][safepoint   ] Safepoint "Cleanup", Time since last: 1015184600 ns, Reaching safepoint: 147400 ns, At safepoint: 57200 ns, Total: 204600 ns
[2024-04-16T19:03:29.901+0000][428][safepoint   ] Safepoint "Cleanup", Time since last: 1075058300 ns, Reaching safepoint: 295800 ns, At safepoint: 27900 ns, Total: 323700 ns
[2024-04-16T19:03:30.915+0000][428][safepoint   ] Safepoint "Cleanup", Time since last: 1013684300 ns, Reaching safepoint: 210300 ns, At safepoint: 25800 ns, Total: 236100 ns
[2024-04-16T19:03:31.915+0000][428][safepoint   ] Safepoint "Cleanup", Time since last: 1000620400 ns, Reaching safepoint: 84100 ns, At safepoint: 9600 ns, Total: 93700 ns
[2024-04-16T19:03:32.919+0000][428][safepoint   ] Safepoint "Cleanup", Time since last: 1003444900 ns, Reaching safepoint: 161200 ns, At safepoint: 52900 ns, Total: 214100 ns
[2024-04-16T19:03:33.930+0000][428][safepoint   ] Safepoint "Cleanup", Time since last: 1011032000 ns, Reaching safepoint: 179600 ns, At safepoint: 38200 ns, Total: 217800 ns
[2024-04-16T19:03:34.930+0000][428][gc,start    ] GC(11) Pause Young (Normal) (G1 Evacuation Pause)
[2024-04-16T19:03:34.930+0000][428][gc,task     ] GC(11) Using 8 workers of 8 for evacuation
[2024-04-16T19:03:34.930+0000][428][gc,age      ] GC(11) Desired survivor size 35651584 bytes, new threshold 2 (max threshold 15)
[2024-04-16T19:03:34.995+0000][428][gc,phases   ] GC(11)   Pre Evacuate Collection Set: 0.3ms
[2024-04-16T19:03:34.995+0000][428][gc,phases   ] GC(11)   Merge Heap Roots: 0.3ms
[2024-04-16T19:03:34.995+0000][428][gc,phases   ] GC(11)   Evacuate Collection Set: 62.3ms
[2024-04-16T19:03:34.995+0000][428][gc,phases   ] GC(11)   Post Evacuate Collection Set: 2.2ms
[2024-04-16T19:03:34.995+0000][428][gc,phases   ] GC(11)   Other: 0.4ms
[2024-04-16T19:03:34.995+0000][428][gc,age      ] GC(11) Age table with threshold 2 (max threshold 15)
[2024-04-16T19:03:34.995+0000][428][gc,age      ] GC(11) - age   1:   18544280 bytes,   18544280 total
[2024-04-16T19:03:34.995+0000][428][gc,age      ] GC(11) - age   2:   16310024 bytes,   34854304 total
[2024-04-16T19:03:34.995+0000][428][gc,heap     ] GC(11) Eden regions: 116->0(272)
[2024-04-16T19:03:34.995+0000][428][gc,heap     ] GC(11) Survivor regions: 15->10(17)
[2024-04-16T19:03:34.995+0000][428][gc,heap     ] GC(11) Old regions: 3->13
[2024-04-16T19:03:34.995+0000][428][gc,heap     ] GC(11) Archive regions: 0->0
[2024-04-16T19:03:34.995+0000][428][gc,heap     ] GC(11) Humongous regions: 2->2
[2024-04-16T19:03:34.995+0000][428][gc,metaspace] GC(11) Metaspace: 115075K(118208K)->115075K(118208K) NonClass: 99400K(100992K)->99400K(100992K) Class: 15674K(17216K)->15674K(17216K)
[2024-04-16T19:03:34.996+0000][428][gc          ] GC(11) Pause Young (Normal) (G1 Evacuation Pause) 542M->98M(4040M) 66.205ms
[2024-04-16T19:03:34.996+0000][428][gc,cpu      ] GC(11) User=0.38s Sys=0.03s Real=0.07s
[2024-04-16T19:03:34.996+0000][428][safepoint   ] Safepoint "G1CollectForAllocation", Time since last: 956572600 ns, Reaching safepoint: 42678900 ns, At safepoint: 66419200 ns, Total: 109098100 ns
[2024-04-16T19:03:36.077+0000][428][safepoint   ] Safepoint "Cleanup", Time since last: 1010664600 ns, Reaching safepoint: 70350100 ns, At safepoint: 137900 ns, Total: 70488000 ns
[2024-04-16T19:03:37.142+0000][428][safepoint   ] Safepoint "Cleanup", Time since last: 1003417500 ns, Reaching safepoint: 61221900 ns, At safepoint: 458100 ns, Total: 61680000 ns
[2024-04-16T19:03:38.156+0000][428][safepoint   ] Safepoint "Cleanup", Time since last: 1014162900 ns, Reaching safepoint: 242400 ns, At safepoint: 96200 ns, Total: 338600 ns
[2024-04-16T19:03:39.164+0000][428][safepoint   ] Safepoint "Cleanup", Time since last: 1006442400 ns, Reaching safepoint: 195000 ns, At safepoint: 62200 ns, Total: 257200 ns
[2024-04-16T19:03:40.174+0000][428][safepoint   ] Safepoint "Cleanup", Time since last: 1010554500 ns, Reaching safepoint: 174800 ns, At safepoint: 110700 ns, Total: 285500 ns
[2024-04-16T19:03:41.182+0000][428][safepoint   ] Safepoint "Cleanup", Time since last: 1007855400 ns, Reaching safepoint: 215700 ns, At safepoint: 63700 ns, Total: 279400 ns
[2024-04-16T19:03:42.231+0000][428][safepoint   ] Safepoint "Cleanup", Time since last: 1049013100 ns, Reaching safepoint: 185300 ns, At safepoint: 20700 ns, Total: 206000 ns
[2024-04-16T19:03:43.648+0000][428][safepoint   ] Safepoint "Cleanup", Time since last: 1397684900 ns, Reaching safepoint: 18241500 ns, At safepoint: 121500 ns, Total: 18363000 ns
[2024-04-16T19:03:44.676+0000][428][safepoint   ] Safepoint "Cleanup", Time since last: 1010522000 ns, Reaching safepoint: 17262800 ns, At safepoint: 42500 ns, Total: 17305300 ns
[2024-04-16T19:03:45.690+0000][428][safepoint   ] Safepoint "Cleanup", Time since last: 1002766000 ns, Reaching safepoint: 11388300 ns, At safepoint: 126300 ns, Total: 11514600 ns
[2024-04-16T19:03:46.697+0000][428][safepoint   ] Safepoint "Cleanup", Time since last: 1006695400 ns, Reaching safepoint: 707500 ns, At safepoint: 44500 ns, Total: 752000 ns
[2024-04-16T19:03:47.738+0000][428][safepoint   ] Safepoint "Cleanup", Time since last: 1004180900 ns, Reaching safepoint: 36237500 ns, At safepoint: 224300 ns, Total: 36461800 ns
[2024-04-16T19:03:48.763+0000][428][safepoint   ] Safepoint "Cleanup", Time since last: 1007573100 ns, Reaching safepoint: 17747100 ns, At safepoint: 71800 ns, Total: 17818900 ns
[2024-04-16T19:03:49.811+0000][428][safepoint   ] Safepoint "Cleanup", Time since last: 1002912200 ns, Reaching safepoint: 45172600 ns, At safepoint: 117800 ns, Total: 45290400 ns
[2024-04-16T19:03:50.842+0000][428][safepoint   ] Safepoint "Cleanup", Time since last: 1012782300 ns, Reaching safepoint: 17570700 ns, At safepoint: 92300 ns, Total: 17663000 ns
[2024-04-16T19:03:51.853+0000][428][safepoint   ] Safepoint "Cleanup", Time since last: 1010985200 ns, Reaching safepoint: 185700 ns, At safepoint: 87200 ns, Total: 272900 ns
[2024-04-16T19:03:52.919+0000][428][safepoint   ] Safepoint "Cleanup", Time since last: 1014547000 ns, Reaching safepoint: 50727300 ns, At safepoint: 120200 ns, Total: 50847500 ns
[2024-04-16T19:03:54.972+0000][428][safepoint   ] Safepoint "Cleanup", Time since last: 2009970200 ns, Reaching safepoint: 43288400 ns, At safepoint: 120900 ns, Total: 43409300 ns
[2024-04-16T19:03:56.036+0000][428][safepoint   ] Safepoint "Cleanup", Time since last: 1007374700 ns, Reaching safepoint: 56893900 ns, At safepoint: 145600 ns, Total: 57039500 ns
[2024-04-16T19:03:57.054+0000][428][safepoint   ] Safepoint "Cleanup", Time since last: 1004243000 ns, Reaching safepoint: 13004800 ns, At safepoint: 27400 ns, Total: 13032200 ns
[2024-04-16T19:03:58.095+0000][428][safepoint   ] Safepoint "Cleanup", Time since last: 1004726100 ns, Reaching safepoint: 36298600 ns, At safepoint: 164400 ns, Total: 36463000 ns
[2024-04-16T19:03:59.124+0000][428][safepoint   ] Safepoint "Cleanup", Time since last: 1011807300 ns, Reaching safepoint: 17620800 ns, At safepoint: 44900 ns, Total: 17665700 ns
[2024-04-16T19:04:00.163+0000][428][safepoint   ] Safepoint "Cleanup", Time since last: 1010462600 ns, Reaching safepoint: 27599400 ns, At safepoint: 60800 ns, Total: 27660200 ns
[2024-04-16T19:04:01.178+0000][428][safepoint   ] Safepoint "Cleanup", Time since last: 1003949200 ns, Reaching safepoint: 11723500 ns, At safepoint: 60200 ns, Total: 11783700 ns
[2024-04-16T19:04:02.196+0000][428][safepoint   ] Safepoint "Cleanup", Time since last: 1009435200 ns, Reaching safepoint: 8184300 ns, At safepoint: 81200 ns, Total: 8265500 ns
[2024-04-16T19:04:04.252+0000][428][safepoint   ] Safepoint "Cleanup", Time since last: 2009241900 ns, Reaching safepoint: 46881400 ns, At safepoint: 78700 ns, Total: 46960100 ns
[2024-04-16T19:04:05.275+0000][428][safepoint   ] Safepoint "Cleanup", Time since last: 1009752100 ns, Reaching safepoint: 13138900 ns, At safepoint: 90300 ns, Total: 13229200 ns
[2024-04-16T19:04:06.286+0000][428][safepoint   ] Safepoint "Cleanup", Time since last: 1010903200 ns, Reaching safepoint: 147500 ns, At safepoint: 59600 ns, Total: 207100 ns
[2024-04-16T19:04:07.317+0000][428][safepoint   ] Safepoint "Cleanup", Time since last: 1010832900 ns, Reaching safepoint: 19638000 ns, At safepoint: 70400 ns, Total: 19708400 ns
[2024-04-16T19:04:08.357+0000][428][safepoint   ] Safepoint "Cleanup", Time since last: 1007965100 ns, Reaching safepoint: 32555000 ns, At safepoint: 120100 ns, Total: 32675100 ns
[2024-04-16T19:04:09.402+0000][428][safepoint   ] Safepoint "Cleanup", Time since last: 1003360500 ns, Reaching safepoint: 41091300 ns, At safepoint: 97400 ns, Total: 41188700 ns
[2024-04-16T19:04:10.472+0000][428][safepoint   ] Safepoint "Cleanup", Time since last: 1007799100 ns, Reaching safepoint: 61883700 ns, At safepoint: 129100 ns, Total: 62012800 ns
[2024-04-16T19:04:13.572+0000][428][safepoint   ] Safepoint "Cleanup", Time since last: 3022005700 ns, Reaching safepoint: 78190400 ns, At safepoint: 242400 ns, Total: 78432800 ns
[2024-04-16T19:04:14.633+0000][428][safepoint   ] Safepoint "Cleanup", Time since last: 1001328500 ns, Reaching safepoint: 59526200 ns, At safepoint: 133400 ns, Total: 59659600 ns
[2024-04-16T19:04:15.692+0000][428][safepoint   ] Safepoint "Cleanup", Time since last: 1008434700 ns, Reaching safepoint: 50435300 ns, At safepoint: 583400 ns, Total: 51018700 ns
[2024-04-16T19:04:19.732+0000][428][safepoint   ] Safepoint "Cleanup", Time since last: 4023261800 ns, Reaching safepoint: 16520600 ns, At safepoint: 82600 ns, Total: 16603200 ns
[2024-04-16T19:04:20.745+0000][428][safepoint   ] Safepoint "Cleanup", Time since last: 1012291000 ns, Reaching safepoint: 304500 ns, At safepoint: 115000 ns, Total: 419500 ns
[2024-04-16T19:04:21.817+0000][428][safepoint   ] Safepoint "Cleanup", Time since last: 1006655900 ns, Reaching safepoint: 65301800 ns, At safepoint: 133700 ns, Total: 65435500 ns
[2024-04-16T19:04:22.848+0000][428][safepoint   ] Safepoint "Cleanup", Time since last: 1013541400 ns, Reaching safepoint: 17135100 ns, At safepoint: 128700 ns, Total: 17263800 ns
[2024-04-16T19:04:23.854+0000][428][safepoint   ] Safepoint "Cleanup", Time since last: 1005400700 ns, Reaching safepoint: 214000 ns, At safepoint: 103100 ns, Total: 317100 ns
[2024-04-16T19:04:25.927+0000][428][safepoint   ] Safepoint "Cleanup", Time since last: 2014831200 ns, Reaching safepoint: 58945400 ns, At safepoint: 229700 ns, Total: 59175100 ns
[2024-04-16T19:04:26.994+0000][428][safepoint   ] Safepoint "Cleanup", Time since last: 1015226400 ns, Reaching safepoint: 50464600 ns, At safepoint: 136400 ns, Total: 50601000 ns
[2024-04-16T19:04:28.055+0000][428][safepoint   ] Safepoint "Cleanup", Time since last: 1007286900 ns, Reaching safepoint: 54148200 ns, At safepoint: 167400 ns, Total: 54315600 ns
[2024-04-16T19:04:29.129+0000][428][safepoint   ] Safepoint "Cleanup", Time since last: 1012269600 ns, Reaching safepoint: 61625800 ns, At safepoint: 510800 ns, Total: 62136600 ns
[2024-04-16T19:04:31.143+0000][428][safepoint   ] Safepoint "Cleanup", Time since last: 2012916800 ns, Reaching safepoint: 125400 ns, At safepoint: 18600 ns, Total: 144000 ns
[2024-04-16T19:04:32.143+0000][428][safepoint   ] Safepoint "Cleanup", Time since last: 1000117100 ns, Reaching safepoint: 182200 ns, At safepoint: 78700 ns, Total: 260900 ns
[2024-04-16T19:04:33.197+0000][428][safepoint   ] Safepoint "Cleanup", Time since last: 1003015600 ns, Reaching safepoint: 50606600 ns, At safepoint: 149800 ns, Total: 50756400 ns
[2024-04-16T19:04:35.209+0000][428][safepoint   ] Safepoint "Cleanup", Time since last: 2011487400 ns, Reaching safepoint: 198600 ns, At safepoint: 116000 ns, Total: 314600 ns
[2024-04-16T19:04:36.228+0000][428][safepoint   ] Safepoint "Cleanup", Time since last: 1019377600 ns, Reaching safepoint: 227500 ns, At safepoint: 95400 ns, Total: 322900 ns
[2024-04-16T19:04:37.282+0000][428][safepoint   ] Safepoint "Cleanup", Time since last: 1053386300 ns, Reaching safepoint: 200300 ns, At safepoint: 93900 ns, Total: 294200 ns
[2024-04-16T19:04:38.345+0000][428][safepoint   ] Safepoint "Cleanup", Time since last: 1032303000 ns, Reaching safepoint: 30788000 ns, At safepoint: 85700 ns, Total: 30873700 ns
[2024-04-16T19:04:39.392+0000][428][safepoint   ] Safepoint "Cleanup", Time since last: 1008848200 ns, Reaching safepoint: 37392200 ns, At safepoint: 119000 ns, Total: 37511200 ns
[2024-04-16T19:04:40.420+0000][428][safepoint   ] Safepoint "Cleanup", Time since last: 1011563200 ns, Reaching safepoint: 16715300 ns, At safepoint: 86200 ns, Total: 16801500 ns
[2024-04-16T19:04:41.466+0000][428][safepoint   ] Safepoint "Cleanup", Time since last: 1013268300 ns, Reaching safepoint: 32416100 ns, At safepoint: 117800 ns, Total: 32533900 ns
[2024-04-16T19:04:42.469+0000][428][safepoint   ] Safepoint "Cleanup", Time since last: 1003237000 ns, Reaching safepoint: 123900 ns, At safepoint: 7900 ns, Total: 131800 ns
[2024-04-16T19:04:44.267+0000][428][safepoint   ] Safepoint "Cleanup", Time since last: 1798000400 ns, Reaching safepoint: 432000 ns, At safepoint: 74800 ns, Total: 506800 ns
[2024-04-16T19:04:45.277+0000][428][safepoint   ] Safepoint "Cleanup", Time since last: 1009656500 ns, Reaching safepoint: 108800 ns, At safepoint: 7100 ns, Total: 115900 ns
[2024-04-16T19:04:46.282+0000][428][safepoint   ] Safepoint "Cleanup", Time since last: 1004407000 ns, Reaching safepoint: 216700 ns, At safepoint: 17700 ns, Total: 234400 ns
[2024-04-16T19:04:47.290+0000][428][safepoint   ] Safepoint "Cleanup", Time since last: 1008152900 ns, Reaching safepoint: 111900 ns, At safepoint: 13700 ns, Total: 125600 ns
[2024-04-16T19:04:51.319+0000][428][safepoint   ] Safepoint "Cleanup", Time since last: 4028340800 ns, Reaching safepoint: 136300 ns, At safepoint: 10900 ns, Total: 147200 ns
[2024-04-16T19:04:56.351+0000][428][safepoint   ] Safepoint "Cleanup", Time since last: 5031947700 ns, Reaching safepoint: 192800 ns, At safepoint: 11400 ns, Total: 204200 ns
[2024-04-16T19:04:57.367+0000][428][safepoint   ] Safepoint "Cleanup", Time since last: 1015636700 ns, Reaching safepoint: 150800 ns, At safepoint: 28700 ns, Total: 179500 ns
[2024-04-16T19:04:59.392+0000][428][safepoint   ] Safepoint "Cleanup", Time since last: 2025343500 ns, Reaching safepoint: 152700 ns, At safepoint: 54300 ns, Total: 207000 ns
[2024-04-16T19:05:03.405+0000][428][safepoint   ] Safepoint "Cleanup", Time since last: 4012604700 ns, Reaching safepoint: 99200 ns, At safepoint: 86300 ns, Total: 185500 ns
[2024-04-16T19:05:05.418+0000][428][safepoint   ] Safepoint "Cleanup", Time since last: 2012539600 ns, Reaching safepoint: 147600 ns, At safepoint: 65800 ns, Total: 213400 ns
[2024-04-16T19:05:08.459+0000][428][safepoint   ] Safepoint "Cleanup", Time since last: 3040830100 ns, Reaching safepoint: 151100 ns, At safepoint: 60600 ns, Total: 211700 ns
[2024-04-16T19:05:10.477+0000][428][safepoint   ] Safepoint "Cleanup", Time since last: 2017489500 ns, Reaching safepoint: 135900 ns, At safepoint: 48900 ns, Total: 184800 ns
[2024-04-16T19:05:12.494+0000][428][safepoint   ] Safepoint "Cleanup", Time since last: 2016896900 ns, Reaching safepoint: 131400 ns, At safepoint: 70300 ns, Total: 201700 ns
[2024-04-16T19:05:13.505+0000][428][safepoint   ] Safepoint "Cleanup", Time since last: 1010613700 ns, Reaching safepoint: 160200 ns, At safepoint: 33600 ns, Total: 193800 ns
[2024-04-16T19:05:15.527+0000][428][safepoint   ] Safepoint "Cleanup", Time since last: 2022912600 ns, Reaching safepoint: 87000 ns, At safepoint: 48000 ns, Total: 135000 ns
[2024-04-16T19:05:17.539+0000][428][safepoint   ] Safepoint "Cleanup", Time since last: 2011280300 ns, Reaching safepoint: 125600 ns, At safepoint: 74900 ns, Total: 200500 ns
[2024-04-16T19:05:18.540+0000][428][safepoint   ] Safepoint "Cleanup", Time since last: 1000634300 ns, Reaching safepoint: 165800 ns, At safepoint: 16900 ns, Total: 182700 ns
[2024-04-16T19:05:26.570+0000][428][safepoint   ] Safepoint "Cleanup", Time since last: 8030356600 ns, Reaching safepoint: 77000 ns, At safepoint: 23500 ns, Total: 100500 ns
[2024-04-16T19:05:27.578+0000][428][safepoint   ] Safepoint "Cleanup", Time since last: 1007858200 ns, Reaching safepoint: 51500 ns, At safepoint: 23300 ns, Total: 74800 ns
[2024-04-16T19:05:28.587+0000][428][safepoint   ] Safepoint "Cleanup", Time since last: 1009105700 ns, Reaching safepoint: 86100 ns, At safepoint: 14100 ns, Total: 100200 ns
[2024-04-16T19:05:29.589+0000][428][safepoint   ] Safepoint "Cleanup", Time since last: 1001775200 ns, Reaching safepoint: 73500 ns, At safepoint: 15900 ns, Total: 89400 ns
[2024-04-16T19:05:30.598+0000][428][safepoint   ] Safepoint "Cleanup", Time since last: 1009076000 ns, Reaching safepoint: 86500 ns, At safepoint: 15100 ns, Total: 101600 ns
[2024-04-16T19:05:39.673+0000][428][safepoint   ] Safepoint "Cleanup", Time since last: 9074202600 ns, Reaching safepoint: 105700 ns, At safepoint: 34400 ns, Total: 140100 ns
[2024-04-16T19:05:42.698+0000][428][safepoint   ] Safepoint "Cleanup", Time since last: 3025407300 ns, Reaching safepoint: 133000 ns, At safepoint: 56700 ns, Total: 189700 ns
[2024-04-16T19:05:43.701+0000][428][safepoint   ] Safepoint "Cleanup", Time since last: 1002885500 ns, Reaching safepoint: 103500 ns, At safepoint: 14500 ns, Total: 118000 ns
[2024-04-16T19:05:47.726+0000][428][safepoint   ] Safepoint "Cleanup", Time since last: 4024348700 ns, Reaching safepoint: 92500 ns, At safepoint: 16100 ns, Total: 108600 ns
[2024-04-16T19:05:48.734+0000][428][safepoint   ] Safepoint "Cleanup", Time since last: 1008489300 ns, Reaching safepoint: 106900 ns, At safepoint: 26100 ns, Total: 133000 ns
[2024-04-16T19:05:51.746+0000][428][safepoint   ] Safepoint "Cleanup", Time since last: 3011257600 ns, Reaching safepoint: 187200 ns, At safepoint: 45700 ns, Total: 232900 ns
[2024-04-16T19:05:52.760+0000][428][safepoint   ] Safepoint "Cleanup", Time since last: 1014332000 ns, Reaching safepoint: 258100 ns, At safepoint: 37700 ns, Total: 295800 ns
[2024-04-16T19:05:58.783+0000][428][safepoint   ] Safepoint "Cleanup", Time since last: 6022876700 ns, Reaching safepoint: 163800 ns, At safepoint: 83300 ns, Total: 247100 ns
[2024-04-16T19:06:00.805+0000][428][safepoint   ] Safepoint "Cleanup", Time since last: 2021431600 ns, Reaching safepoint: 211700 ns, At safepoint: 23000 ns, Total: 234700 ns
[2024-04-16T19:06:10.875+0000][428][safepoint   ] Safepoint "Cleanup", Time since last: 10069878600 ns, Reaching safepoint: 70200 ns, At safepoint: 20200 ns, Total: 90400 ns
[2024-04-16T19:06:15.911+0000][428][safepoint   ] Safepoint "Cleanup", Time since last: 5035756200 ns, Reaching safepoint: 155200 ns, At safepoint: 69900 ns, Total: 225100 ns
[2024-04-16T19:06:23.995+0000][428][safepoint   ] Safepoint "Cleanup", Time since last: 8083242500 ns, Reaching safepoint: 118300 ns, At safepoint: 70300 ns, Total: 188600 ns
[2024-04-16T19:06:28.014+0000][428][safepoint   ] Safepoint "Cleanup", Time since last: 4018888300 ns, Reaching safepoint: 126100 ns, At safepoint: 36500 ns, Total: 162600 ns
[2024-04-16T19:06:33.043+0000][428][safepoint   ] Safepoint "Cleanup", Time since last: 5029310200 ns, Reaching safepoint: 85000 ns, At safepoint: 68400 ns, Total: 153400 ns
[2024-04-16T19:06:36.063+0000][428][safepoint   ] Safepoint "Cleanup", Time since last: 3019564200 ns, Reaching safepoint: 185100 ns, At safepoint: 47200 ns, Total: 232300 ns
[2024-04-16T19:06:44.140+0000][428][safepoint   ] Safepoint "Cleanup", Time since last: 8077152000 ns, Reaching safepoint: 85400 ns, At safepoint: 19600 ns, Total: 105000 ns
[2024-04-16T19:07:00.259+0000][428][safepoint   ] Safepoint "Cleanup", Time since last: 16118562100 ns, Reaching safepoint: 92900 ns, At safepoint: 89500 ns, Total: 182400 ns
[2024-04-16T19:07:08.328+0000][428][safepoint   ] Safepoint "Cleanup", Time since last: 8068908100 ns, Reaching safepoint: 73300 ns, At safepoint: 61900 ns, Total: 135200 ns
[2024-04-16T19:07:10.345+0000][428][safepoint   ] Safepoint "Cleanup", Time since last: 2016272000 ns, Reaching safepoint: 171800 ns, At safepoint: 65400 ns, Total: 237200 ns
[2024-04-16T19:07:13.367+0000][428][safepoint   ] Safepoint "Cleanup", Time since last: 3022350100 ns, Reaching safepoint: 71300 ns, At safepoint: 56400 ns, Total: 127700 ns
[2024-04-16T19:07:26.435+0000][428][safepoint   ] Safepoint "Cleanup", Time since last: 13067597000 ns, Reaching safepoint: 96800 ns, At safepoint: 24800 ns, Total: 121600 ns
[2024-04-16T19:07:43.552+0000][428][safepoint   ] Safepoint "Cleanup", Time since last: 17116584000 ns, Reaching safepoint: 167500 ns, At safepoint: 58900 ns, Total: 226400 ns
[2024-04-16T19:07:53.619+0000][428][safepoint   ] Safepoint "Cleanup", Time since last: 10067202600 ns, Reaching safepoint: 86200 ns, At safepoint: 24200 ns, Total: 110400 ns
[2024-04-16T19:07:55.628+0000][428][safepoint   ] Safepoint "Cleanup", Time since last: 2009336700 ns, Reaching safepoint: 81800 ns, At safepoint: 27500 ns, Total: 109300 ns
[2024-04-16T19:07:57.647+0000][428][safepoint   ] Safepoint "Cleanup", Time since last: 2019086800 ns, Reaching safepoint: 134500 ns, At safepoint: 47600 ns, Total: 182100 ns
[2024-04-16T19:08:02.691+0000][428][safepoint   ] Safepoint "Cleanup", Time since last: 5043738900 ns, Reaching safepoint: 132900 ns, At safepoint: 41600 ns, Total: 174500 ns
[2024-04-16T19:08:06.734+0000][428][safepoint   ] Safepoint "Cleanup", Time since last: 4042595200 ns, Reaching safepoint: 131400 ns, At safepoint: 26700 ns, Total: 158100 ns
[2024-04-16T19:08:10.751+0000][428][safepoint   ] Safepoint "Cleanup", Time since last: 4016106300 ns, Reaching safepoint: 89800 ns, At safepoint: 44400 ns, Total: 134200 ns
[2024-04-16T19:08:13.767+0000][428][safepoint   ] Safepoint "Cleanup", Time since last: 3016413300 ns, Reaching safepoint: 84000 ns, At safepoint: 40200 ns, Total: 124200 ns
[2024-04-16T19:08:16.777+0000][428][safepoint   ] Safepoint "Cleanup", Time since last: 3010152100 ns, Reaching safepoint: 96500 ns, At safepoint: 22700 ns, Total: 119200 ns
[2024-04-16T19:08:19.814+0000][428][safepoint   ] Safepoint "Cleanup", Time since last: 3036636000 ns, Reaching safepoint: 74300 ns, At safepoint: 19900 ns, Total: 94200 ns
[2024-04-16T19:08:29.881+0000][428][safepoint   ] Safepoint "Cleanup", Time since last: 10067039500 ns, Reaching safepoint: 92200 ns, At safepoint: 25000 ns, Total: 117200 ns
[2024-04-16T19:08:30.887+0000][428][safepoint   ] Safepoint "Cleanup", Time since last: 1005588300 ns, Reaching safepoint: 101700 ns, At safepoint: 52200 ns, Total: 153900 ns
[2024-04-16T19:08:35.915+0000][428][safepoint   ] Safepoint "Cleanup", Time since last: 5027396300 ns, Reaching safepoint: 710900 ns, At safepoint: 49900 ns, Total: 760800 ns
[2024-04-16T19:08:40.956+0000][428][safepoint   ] Safepoint "Cleanup", Time since last: 5041083300 ns, Reaching safepoint: 110100 ns, At safepoint: 58400 ns, Total: 168500 ns
[2024-04-16T19:08:43.977+0000][428][safepoint   ] Safepoint "Cleanup", Time since last: 3020918100 ns, Reaching safepoint: 115200 ns, At safepoint: 55600 ns, Total: 170800 ns
[2024-04-16T19:09:03.116+0000][428][safepoint   ] Safepoint "Cleanup", Time since last: 19138059200 ns, Reaching safepoint: 80900 ns, At safepoint: 55500 ns, Total: 136400 ns
[2024-04-16T19:09:05.141+0000][428][safepoint   ] Safepoint "Cleanup", Time since last: 2024991900 ns, Reaching safepoint: 69300 ns, At safepoint: 20200 ns, Total: 89500 ns
[2024-04-16T19:09:10.183+0000][428][safepoint   ] Safepoint "Cleanup", Time since last: 5041993800 ns, Reaching safepoint: 98800 ns, At safepoint: 53400 ns, Total: 152200 ns
[2024-04-16T19:09:43.454+0000][428][safepoint   ] Safepoint "Cleanup", Time since last: 33271248900 ns, Reaching safepoint: 153700 ns, At safepoint: 20600 ns, Total: 174300 ns
[2024-04-16T19:09:58.583+0000][428][safepoint   ] Safepoint "Cleanup", Time since last: 15128317800 ns, Reaching safepoint: 133000 ns, At safepoint: 44200 ns, Total: 177200 ns
[2024-04-16T19:10:13.710+0000][428][safepoint   ] Safepoint "Cleanup", Time since last: 15127206500 ns, Reaching safepoint: 85800 ns, At safepoint: 23800 ns, Total: 109600 ns
[2024-04-16T19:10:21.766+0000][428][safepoint   ] Safepoint "Cleanup", Time since last: 8054740000 ns, Reaching safepoint: 664100 ns, At safepoint: 24800 ns, Total: 688900 ns
[2024-04-16T19:10:23.780+0000][428][safepoint   ] Safepoint "Cleanup", Time since last: 2014525100 ns, Reaching safepoint: 105600 ns, At safepoint: 63600 ns, Total: 169200 ns
[2024-04-16T19:10:43.913+0000][428][safepoint   ] Safepoint "Cleanup", Time since last: 20132336000 ns, Reaching safepoint: 152900 ns, At safepoint: 57300 ns, Total: 210200 ns
[2024-04-16T19:11:14.155+0000][428][safepoint   ] Safepoint "Cleanup", Time since last: 30242094800 ns, Reaching safepoint: 73700 ns, At safepoint: 22200 ns, Total: 95900 ns
[2024-04-16T19:11:36.326+0000][428][safepoint   ] Safepoint "Cleanup", Time since last: 22171286000 ns, Reaching safepoint: 78700 ns, At safepoint: 26200 ns, Total: 104900 ns
[2024-04-16T19:11:44.372+0000][428][safepoint   ] Safepoint "Cleanup", Time since last: 8045516100 ns, Reaching safepoint: 107900 ns, At safepoint: 33400 ns, Total: 141300 ns
[2024-04-16T19:11:46.958+0000][428][safepoint   ] Safepoint "Cleanup", Time since last: 2585404000 ns, Reaching safepoint: 108400 ns, At safepoint: 51300 ns, Total: 159700 ns
[2024-04-16T19:11:47.369+0000][428][safepoint   ] Safepoint "ICBufferFull", Time since last: 411327600 ns, Reaching safepoint: 249900 ns, At safepoint: 17000 ns, Total: 266900 ns
[2024-04-16T19:11:47.597+0000][428][safepoint   ] Safepoint "ICBufferFull", Time since last: 227667100 ns, Reaching safepoint: 301200 ns, At safepoint: 69900 ns, Total: 371100 ns
[2024-04-16T19:11:47.912+0000][428][safepoint   ] Safepoint "ICBufferFull", Time since last: 315198700 ns, Reaching safepoint: 153600 ns, At safepoint: 37800 ns, Total: 191400 ns
[2024-04-16T19:11:48.087+0000][428][gc,start    ] GC(12) Pause Young (Normal) (G1 Evacuation Pause)
[2024-04-16T19:11:48.087+0000][428][gc,task     ] GC(12) Using 8 workers of 8 for evacuation
[2024-04-16T19:11:48.087+0000][428][gc,age      ] GC(12) Desired survivor size 65011712 bytes, new threshold 15 (max threshold 15)
[2024-04-16T19:11:48.160+0000][428][gc,phases   ] GC(12)   Pre Evacuate Collection Set: 0.2ms
[2024-04-16T19:11:48.160+0000][428][gc,phases   ] GC(12)   Merge Heap Roots: 0.1ms
[2024-04-16T19:11:48.160+0000][428][gc,phases   ] GC(12)   Evacuate Collection Set: 71.1ms
[2024-04-16T19:11:48.160+0000][428][gc,phases   ] GC(12)   Post Evacuate Collection Set: 2.0ms
[2024-04-16T19:11:48.160+0000][428][gc,phases   ] GC(12)   Other: 0.2ms
[2024-04-16T19:11:48.160+0000][428][gc,age      ] GC(12) Age table with threshold 15 (max threshold 15)
[2024-04-16T19:11:48.160+0000][428][gc,age      ] GC(12) - age   1:   94578816 bytes,   94578816 total
[2024-04-16T19:11:48.160+0000][428][gc,age      ] GC(12) - age   2:   16612768 bytes,  111191584 total
[2024-04-16T19:11:48.160+0000][428][gc,age      ] GC(12) - age   3:   16297320 bytes,  127488904 total
[2024-04-16T19:11:48.160+0000][428][gc,heap     ] GC(12) Eden regions: 238->0(147)
[2024-04-16T19:11:48.160+0000][428][gc,heap     ] GC(12) Survivor regions: 10->31(31)
[2024-04-16T19:11:48.160+0000][428][gc,heap     ] GC(12) Old regions: 13->16
[2024-04-16T19:11:48.160+0000][428][gc,heap     ] GC(12) Archive regions: 0->0
[2024-04-16T19:11:48.160+0000][428][gc,heap     ] GC(12) Humongous regions: 2->2
[2024-04-16T19:11:48.160+0000][428][gc,metaspace] GC(12) Metaspace: 120217K(123328K)->120217K(123328K) NonClass: 104005K(105600K)->104005K(105600K) Class: 16212K(17728K)->16212K(17728K)
[2024-04-16T19:11:48.160+0000][428][gc          ] GC(12) Pause Young (Normal) (G1 Evacuation Pause) 1050M->194M(4040M) 73.933ms
[2024-04-16T19:11:48.160+0000][428][gc,cpu      ] GC(12) User=0.52s Sys=0.00s Real=0.07s
[2024-04-16T19:11:48.160+0000][428][safepoint   ] Safepoint "G1CollectForAllocation", Time since last: 174214800 ns, Reaching safepoint: 101300 ns, At safepoint: 74024800 ns, Total: 74126100 ns
[2024-04-16T19:11:48.378+0000][428][safepoint   ] Safepoint "ICBufferFull", Time since last: 215851600 ns, Reaching safepoint: 224000 ns, At safepoint: 728900 ns, Total: 952900 ns
[2024-04-16T19:11:48.782+0000][428][safepoint   ] Safepoint "ICBufferFull", Time since last: 404412200 ns, Reaching safepoint: 142700 ns, At safepoint: 8400 ns, Total: 151100 ns
[2024-04-16T19:11:48.890+0000][428][safepoint   ] Safepoint "ICBufferFull", Time since last: 107571100 ns, Reaching safepoint: 236700 ns, At safepoint: 20700 ns, Total: 257400 ns
[2024-04-16T19:11:50.345+0000][428][safepoint   ] Safepoint "Cleanup", Time since last: 1454738500 ns, Reaching safepoint: 171500 ns, At safepoint: 9900 ns, Total: 181400 ns
[2024-04-16T19:11:51.355+0000][428][safepoint   ] Safepoint "Cleanup", Time since last: 1009415000 ns, Reaching safepoint: 83100 ns, At safepoint: 10900 ns, Total: 94000 ns
[2024-04-16T19:11:56.448+0000][428][safepoint   ] Safepoint "Cleanup", Time since last: 5092945200 ns, Reaching safepoint: 48900 ns, At safepoint: 46600 ns, Total: 95500 ns
[2024-04-16T19:11:57.462+0000][428][safepoint   ] Safepoint "Cleanup", Time since last: 1014009800 ns, Reaching safepoint: 72900 ns, At safepoint: 12200 ns, Total: 85100 ns
[2024-04-16T19:11:57.861+0000][428][safepoint   ] Safepoint "ICBufferFull", Time since last: 398882900 ns, Reaching safepoint: 166400 ns, At safepoint: 43600 ns, Total: 210000 ns
[2024-04-16T19:11:59.658+0000][428][safepoint   ] Safepoint "Cleanup", Time since last: 1797426000 ns, Reaching safepoint: 323600 ns, At safepoint: 65100 ns, Total: 388700 ns
[2024-04-16T19:12:00.668+0000][428][safepoint   ] Safepoint "Cleanup", Time since last: 1008709300 ns, Reaching safepoint: 165900 ns, At safepoint: 11300 ns, Total: 177200 ns
[2024-04-16T19:12:01.338+0000][428][safepoint   ] Safepoint "ICBufferFull", Time since last: 670484200 ns, Reaching safepoint: 272500 ns, At safepoint: 45200 ns, Total: 317700 ns
[2024-04-16T19:12:02.349+0000][428][safepoint   ] Safepoint "Cleanup", Time since last: 1010695600 ns, Reaching safepoint: 179700 ns, At safepoint: 7500 ns, Total: 187200 ns
[2024-04-16T19:12:03.353+0000][428][safepoint   ] Safepoint "Cleanup", Time since last: 1003380200 ns, Reaching safepoint: 202800 ns, At safepoint: 48400 ns, Total: 251200 ns
[2024-04-16T19:12:04.358+0000][428][safepoint   ] Safepoint "Cleanup", Time since last: 1005249700 ns, Reaching safepoint: 169100 ns, At safepoint: 19800 ns, Total: 188900 ns
[2024-04-16T19:12:04.686+0000][428][safepoint   ] Safepoint "ICBufferFull", Time since last: 298450900 ns, Reaching safepoint: 28254700 ns, At safepoint: 1067000 ns, Total: 29321700 ns
[2024-04-16T19:12:05.030+0000][428][safepoint   ] Safepoint "ICBufferFull", Time since last: 343715900 ns, Reaching safepoint: 213500 ns, At safepoint: 17700 ns, Total: 231200 ns
[2024-04-16T19:12:06.272+0000][428][safepoint   ] Safepoint "Cleanup", Time since last: 1241378300 ns, Reaching safepoint: 394100 ns, At safepoint: 17500 ns, Total: 411600 ns
[2024-04-16T19:12:07.282+0000][428][safepoint   ] Safepoint "Cleanup", Time since last: 1010075600 ns, Reaching safepoint: 143400 ns, At safepoint: 7300 ns, Total: 150700 ns
[2024-04-16T19:12:07.467+0000][428][safepoint   ] Safepoint "ICBufferFull", Time since last: 185453800 ns, Reaching safepoint: 168900 ns, At safepoint: 41500 ns, Total: 210400 ns
[2024-04-16T19:12:08.614+0000][428][safepoint   ] Safepoint "Cleanup", Time since last: 1145941800 ns, Reaching safepoint: 234700 ns, At safepoint: 64000 ns, Total: 298700 ns
[2024-04-16T19:12:09.622+0000][428][safepoint   ] Safepoint "Cleanup", Time since last: 1007743100 ns, Reaching safepoint: 127800 ns, At safepoint: 15100 ns, Total: 142900 ns
[2024-04-16T19:12:10.628+0000][428][safepoint   ] Safepoint "Cleanup", Time since last: 1006004000 ns, Reaching safepoint: 148800 ns, At safepoint: 12200 ns, Total: 161000 ns
[2024-04-16T19:12:11.630+0000][428][safepoint   ] Safepoint "Cleanup", Time since last: 1001356200 ns, Reaching safepoint: 137900 ns, At safepoint: 12800 ns, Total: 150700 ns
[2024-04-16T19:12:13.650+0000][428][safepoint   ] Safepoint "Cleanup", Time since last: 2020086700 ns, Reaching safepoint: 183600 ns, At safepoint: 15500 ns, Total: 199100 ns
[2024-04-16T19:12:15.657+0000][428][safepoint   ] Safepoint "Cleanup", Time since last: 2006816800 ns, Reaching safepoint: 165900 ns, At safepoint: 12000 ns, Total: 177900 ns
[2024-04-16T19:12:16.663+0000][428][safepoint   ] Safepoint "Cleanup", Time since last: 1005919400 ns, Reaching safepoint: 151800 ns, At safepoint: 14000 ns, Total: 165800 ns
[2024-04-16T19:12:17.668+0000][428][safepoint   ] Safepoint "Cleanup", Time since last: 1005077300 ns, Reaching safepoint: 125400 ns, At safepoint: 15500 ns, Total: 140900 ns
[2024-04-16T19:12:18.678+0000][428][safepoint   ] Safepoint "Cleanup", Time since last: 1009893800 ns, Reaching safepoint: 117200 ns, At safepoint: 12900 ns, Total: 130100 ns
[2024-04-16T19:12:19.689+0000][428][safepoint   ] Safepoint "Cleanup", Time since last: 1011072800 ns, Reaching safepoint: 147200 ns, At safepoint: 9600 ns, Total: 156800 ns
[2024-04-16T19:12:20.698+0000][428][safepoint   ] Safepoint "Cleanup", Time since last: 1008319400 ns, Reaching safepoint: 176500 ns, At safepoint: 12300 ns, Total: 188800 ns
[2024-04-16T19:12:22.723+0000][428][safepoint   ] Safepoint "Cleanup", Time since last: 2025202300 ns, Reaching safepoint: 192900 ns, At safepoint: 11800 ns, Total: 204700 ns
[2024-04-16T19:12:23.783+0000][428][safepoint   ] Safepoint "Cleanup", Time since last: 1059610700 ns, Reaching safepoint: 92600 ns, At safepoint: 58700 ns, Total: 151300 ns
[2024-04-16T19:12:24.796+0000][428][safepoint   ] Safepoint "Cleanup", Time since last: 1012881100 ns, Reaching safepoint: 137500 ns, At safepoint: 67500 ns, Total: 205000 ns
[2024-04-16T19:12:25.806+0000][428][safepoint   ] Safepoint "Cleanup", Time since last: 1010192600 ns, Reaching safepoint: 165900 ns, At safepoint: 61200 ns, Total: 227100 ns
[2024-04-16T19:12:26.822+0000][428][safepoint   ] Safepoint "Cleanup", Time since last: 1014982100 ns, Reaching safepoint: 170600 ns, At safepoint: 63300 ns, Total: 233900 ns
[2024-04-16T19:12:27.830+0000][428][safepoint   ] Safepoint "Cleanup", Time since last: 1008278100 ns, Reaching safepoint: 148300 ns, At safepoint: 58800 ns, Total: 207100 ns
[2024-04-16T19:12:28.843+0000][428][safepoint   ] Safepoint "Cleanup", Time since last: 1012699500 ns, Reaching safepoint: 103100 ns, At safepoint: 59800 ns, Total: 162900 ns
[2024-04-16T19:12:30.852+0000][428][safepoint   ] Safepoint "Cleanup", Time since last: 2008412800 ns, Reaching safepoint: 111300 ns, At safepoint: 56100 ns, Total: 167400 ns
[2024-04-16T19:12:31.857+0000][428][safepoint   ] Safepoint "Cleanup", Time since last: 1005283700 ns, Reaching safepoint: 183800 ns, At safepoint: 79200 ns, Total: 263000 ns
[2024-04-16T19:12:32.869+0000][428][safepoint   ] Safepoint "Cleanup", Time since last: 1011491200 ns, Reaching safepoint: 129900 ns, At safepoint: 59800 ns, Total: 189700 ns
[2024-04-16T19:12:33.871+0000][428][safepoint   ] Safepoint "Cleanup", Time since last: 1002096900 ns, Reaching safepoint: 97700 ns, At safepoint: 91900 ns, Total: 189600 ns
[2024-04-16T19:12:37.903+0000][428][safepoint   ] Safepoint "Cleanup", Time since last: 4031221200 ns, Reaching safepoint: 167900 ns, At safepoint: 27300 ns, Total: 195200 ns
[2024-04-16T19:12:38.909+0000][428][safepoint   ] Safepoint "Cleanup", Time since last: 1005767600 ns, Reaching safepoint: 177500 ns, At safepoint: 37200 ns, Total: 214700 ns
[2024-04-16T19:12:39.916+0000][428][safepoint   ] Safepoint "Cleanup", Time since last: 1007750500 ns, Reaching safepoint: 121800 ns, At safepoint: 74100 ns, Total: 195900 ns
[2024-04-16T19:12:40.923+0000][428][safepoint   ] Safepoint "Cleanup", Time since last: 1006479300 ns, Reaching safepoint: 120700 ns, At safepoint: 63700 ns, Total: 184400 ns
[2024-04-16T19:12:42.938+0000][428][safepoint   ] Safepoint "Cleanup", Time since last: 2014403600 ns, Reaching safepoint: 99100 ns, At safepoint: 61500 ns, Total: 160600 ns
[2024-04-16T19:12:43.940+0000][428][safepoint   ] Safepoint "Cleanup", Time since last: 1001955500 ns, Reaching safepoint: 162900 ns, At safepoint: 72000 ns, Total: 234900 ns
[2024-04-16T19:12:44.089+0000][428][gc,start    ] GC(13) Pause Young (Normal) (G1 Evacuation Pause)
[2024-04-16T19:12:44.089+0000][428][gc,task     ] GC(13) Using 8 workers of 8 for evacuation
[2024-04-16T19:12:44.089+0000][428][gc,age      ] GC(13) Desired survivor size 31457280 bytes, new threshold 1 (max threshold 15)
[2024-04-16T19:12:44.155+0000][428][gc,phases   ] GC(13)   Pre Evacuate Collection Set: 0.2ms
[2024-04-16T19:12:44.155+0000][428][gc,phases   ] GC(13)   Merge Heap Roots: 0.1ms
[2024-04-16T19:12:44.155+0000][428][gc,phases   ] GC(13)   Evacuate Collection Set: 63.3ms
[2024-04-16T19:12:44.155+0000][428][gc,phases   ] GC(13)   Post Evacuate Collection Set: 1.9ms
[2024-04-16T19:12:44.155+0000][428][gc,phases   ] GC(13)   Other: 0.2ms
[2024-04-16T19:12:44.155+0000][428][gc,age      ] GC(13) Age table with threshold 1 (max threshold 15)
[2024-04-16T19:12:44.155+0000][428][gc,age      ] GC(13) - age   1:   14245280 bytes,   14245280 total
[2024-04-16T19:12:44.155+0000][428][gc,heap     ] GC(13) Eden regions: 87->0(283)
[2024-04-16T19:12:44.155+0000][428][gc,heap     ] GC(13) Survivor regions: 31->6(15)
[2024-04-16T19:12:44.155+0000][428][gc,heap     ] GC(13) Old regions: 16->46
[2024-04-16T19:12:44.155+0000][428][gc,heap     ] GC(13) Archive regions: 0->0
[2024-04-16T19:12:44.155+0000][428][gc,heap     ] GC(13) Humongous regions: 2->2
[2024-04-16T19:12:44.155+0000][428][gc,metaspace] GC(13) Metaspace: 126658K(130176K)->126658K(130176K) NonClass: 109665K(111488K)->109665K(111488K) Class: 16993K(18688K)->16993K(18688K)
[2024-04-16T19:12:44.155+0000][428][gc          ] GC(13) Pause Young (Normal) (G1 Evacuation Pause) 542M->212M(4040M) 66.013ms
[2024-04-16T19:12:44.155+0000][428][gc,cpu      ] GC(13) User=0.41s Sys=0.03s Real=0.07s
[2024-04-16T19:12:44.155+0000][428][safepoint   ] Safepoint "G1CollectForAllocation", Time since last: 148999900 ns, Reaching safepoint: 173100 ns, At safepoint: 66153700 ns, Total: 66326800 ns
[2024-04-16T19:12:45.853+0000][428][safepoint   ] Safepoint "Cleanup", Time since last: 1697705800 ns, Reaching safepoint: 44800 ns, At safepoint: 55400 ns, Total: 100200 ns
[2024-04-16T19:12:46.869+0000][428][safepoint   ] Safepoint "Cleanup", Time since last: 1015250400 ns, Reaching safepoint: 697700 ns, At safepoint: 66100 ns, Total: 763800 ns
[2024-04-16T19:12:47.882+0000][428][safepoint   ] Safepoint "Cleanup", Time since last: 1012638100 ns, Reaching safepoint: 160600 ns, At safepoint: 22500 ns, Total: 183100 ns
[2024-04-16T19:12:48.887+0000][428][safepoint   ] Safepoint "Cleanup", Time since last: 1005171400 ns, Reaching safepoint: 63500 ns, At safepoint: 6900 ns, Total: 70400 ns
[2024-04-16T19:12:49.888+0000][428][safepoint   ] Safepoint "Cleanup", Time since last: 1000667100 ns, Reaching safepoint: 117900 ns, At safepoint: 6400 ns, Total: 124300 ns
[2024-04-16T19:12:50.902+0000][428][safepoint   ] Safepoint "Cleanup", Time since last: 1014207900 ns, Reaching safepoint: 149100 ns, At safepoint: 20300 ns, Total: 169400 ns
[2024-04-16T19:12:51.910+0000][428][safepoint   ] Safepoint "Cleanup", Time since last: 1007627700 ns, Reaching safepoint: 123700 ns, At safepoint: 12700 ns, Total: 136400 ns
[2024-04-16T19:12:52.917+0000][428][safepoint   ] Safepoint "Cleanup", Time since last: 1006360800 ns, Reaching safepoint: 126400 ns, At safepoint: 10100 ns, Total: 136500 ns
[2024-04-16T19:12:54.926+0000][428][safepoint   ] Safepoint "Cleanup", Time since last: 2009055400 ns, Reaching safepoint: 101400 ns, At safepoint: 61600 ns, Total: 163000 ns
[2024-04-16T19:12:55.936+0000][428][safepoint   ] Safepoint "Cleanup", Time since last: 1009781000 ns, Reaching safepoint: 127200 ns, At safepoint: 8500 ns, Total: 135700 ns
[2024-04-16T19:12:56.950+0000][428][safepoint   ] Safepoint "Cleanup", Time since last: 1014169400 ns, Reaching safepoint: 116300 ns, At safepoint: 11700 ns, Total: 128000 ns
[2024-04-16T19:12:57.959+0000][428][safepoint   ] Safepoint "Cleanup", Time since last: 1008760100 ns, Reaching safepoint: 102100 ns, At safepoint: 5800 ns, Total: 107900 ns
[2024-04-16T19:12:58.960+0000][428][safepoint   ] Safepoint "Cleanup", Time since last: 1001158600 ns, Reaching safepoint: 127000 ns, At safepoint: 8700 ns, Total: 135700 ns
[2024-04-16T19:13:00.971+0000][428][safepoint   ] Safepoint "Cleanup", Time since last: 2011009900 ns, Reaching safepoint: 93100 ns, At safepoint: 14000 ns, Total: 107100 ns
[2024-04-16T19:13:01.978+0000][428][safepoint   ] Safepoint "Cleanup", Time since last: 1006711500 ns, Reaching safepoint: 86500 ns, At safepoint: 9500 ns, Total: 96000 ns
[2024-04-16T19:13:02.985+0000][428][safepoint   ] Safepoint "Cleanup", Time since last: 1006921100 ns, Reaching safepoint: 165100 ns, At safepoint: 11600 ns, Total: 176700 ns
[2024-04-16T19:13:03.995+0000][428][safepoint   ] Safepoint "Cleanup", Time since last: 1009822100 ns, Reaching safepoint: 106900 ns, At safepoint: 50000 ns, Total: 156900 ns
[2024-04-16T19:13:05.002+0000][428][safepoint   ] Safepoint "Cleanup", Time since last: 1006608900 ns, Reaching safepoint: 122400 ns, At safepoint: 10300 ns, Total: 132700 ns
[2024-04-16T19:13:06.015+0000][428][safepoint   ] Safepoint "Cleanup", Time since last: 1012933200 ns, Reaching safepoint: 146000 ns, At safepoint: 15900 ns, Total: 161900 ns
[2024-04-16T19:13:07.025+0000][428][safepoint   ] Safepoint "Cleanup", Time since last: 1010263000 ns, Reaching safepoint: 141900 ns, At safepoint: 54100 ns, Total: 196000 ns
[2024-04-16T19:13:08.028+0000][428][safepoint   ] Safepoint "Cleanup", Time since last: 1002623000 ns, Reaching safepoint: 114000 ns, At safepoint: 5600 ns, Total: 119600 ns
[2024-04-16T19:13:09.036+0000][428][safepoint   ] Safepoint "Cleanup", Time since last: 1007996000 ns, Reaching safepoint: 145200 ns, At safepoint: 72100 ns, Total: 217300 ns
[2024-04-16T19:13:10.049+0000][428][safepoint   ] Safepoint "Cleanup", Time since last: 1012019100 ns, Reaching safepoint: 150800 ns, At safepoint: 12500 ns, Total: 163300 ns
[2024-04-16T19:13:11.062+0000][428][safepoint   ] Safepoint "Cleanup", Time since last: 1013605400 ns, Reaching safepoint: 97400 ns, At safepoint: 11900 ns, Total: 109300 ns
[2024-04-16T19:13:12.071+0000][428][safepoint   ] Safepoint "Cleanup", Time since last: 1008116600 ns, Reaching safepoint: 165900 ns, At safepoint: 13300 ns, Total: 179200 ns
[2024-04-16T19:13:13.077+0000][428][safepoint   ] Safepoint "Cleanup", Time since last: 1006531800 ns, Reaching safepoint: 167200 ns, At safepoint: 14100 ns, Total: 181300 ns
[2024-04-16T19:13:14.078+0000][428][safepoint   ] Safepoint "Cleanup", Time since last: 1000581800 ns, Reaching safepoint: 259000 ns, At safepoint: 14900 ns, Total: 273900 ns
[2024-04-16T19:13:15.093+0000][428][safepoint   ] Safepoint "Cleanup", Time since last: 1014552900 ns, Reaching safepoint: 108700 ns, At safepoint: 14900 ns, Total: 123600 ns
[2024-04-16T19:13:16.098+0000][428][safepoint   ] Safepoint "Cleanup", Time since last: 1005112400 ns, Reaching safepoint: 199200 ns, At safepoint: 12200 ns, Total: 211400 ns
[2024-04-16T19:13:19.117+0000][428][safepoint   ] Safepoint "Cleanup", Time since last: 3018483800 ns, Reaching safepoint: 89100 ns, At safepoint: 10900 ns, Total: 100000 ns
[2024-04-16T19:13:20.119+0000][428][safepoint   ] Safepoint "Cleanup", Time since last: 1002455900 ns, Reaching safepoint: 160800 ns, At safepoint: 12800 ns, Total: 173600 ns
[2024-04-16T19:13:21.128+0000][428][safepoint   ] Safepoint "Cleanup", Time since last: 1008337400 ns, Reaching safepoint: 123700 ns, At safepoint: 12800 ns, Total: 136500 ns
[2024-04-16T19:13:22.141+0000][428][safepoint   ] Safepoint "Cleanup", Time since last: 1013042400 ns, Reaching safepoint: 169400 ns, At safepoint: 12400 ns, Total: 181800 ns
[2024-04-16T19:13:24.156+0000][428][safepoint   ] Safepoint "Cleanup", Time since last: 2015306900 ns, Reaching safepoint: 80400 ns, At safepoint: 12800 ns, Total: 93200 ns
[2024-04-16T19:13:25.158+0000][428][safepoint   ] Safepoint "Cleanup", Time since last: 1000982600 ns, Reaching safepoint: 133200 ns, At safepoint: 10000 ns, Total: 143200 ns
[2024-04-16T19:13:26.167+0000][428][safepoint   ] Safepoint "Cleanup", Time since last: 1008914400 ns, Reaching safepoint: 238400 ns, At safepoint: 12800 ns, Total: 251200 ns
[2024-04-16T19:13:27.168+0000][428][safepoint   ] Safepoint "Cleanup", Time since last: 1000519700 ns, Reaching safepoint: 212100 ns, At safepoint: 77300 ns, Total: 289400 ns
[2024-04-16T19:13:28.177+0000][428][safepoint   ] Safepoint "Cleanup", Time since last: 1009200400 ns, Reaching safepoint: 76300 ns, At safepoint: 6300 ns, Total: 82600 ns
[2024-04-16T19:13:29.190+0000][428][safepoint   ] Safepoint "Cleanup", Time since last: 1013089000 ns, Reaching safepoint: 113600 ns, At safepoint: 34700 ns, Total: 148300 ns
[2024-04-16T19:13:31.201+0000][428][safepoint   ] Safepoint "Cleanup", Time since last: 2011112000 ns, Reaching safepoint: 157900 ns, At safepoint: 54900 ns, Total: 212800 ns
[2024-04-16T19:13:31.425+0000][428][safepoint   ] Safepoint "ICBufferFull", Time since last: 223298100 ns, Reaching safepoint: 293900 ns, At safepoint: 9400 ns, Total: 303300 ns
[2024-04-16T19:13:32.431+0000][428][safepoint   ] Safepoint "Cleanup", Time since last: 1005353200 ns, Reaching safepoint: 152600 ns, At safepoint: 11700 ns, Total: 164300 ns
[2024-04-16T19:13:33.440+0000][428][safepoint   ] Safepoint "Cleanup", Time since last: 1009113600 ns, Reaching safepoint: 160800 ns, At safepoint: 18000 ns, Total: 178800 ns
[2024-04-16T19:13:34.448+0000][428][safepoint   ] Safepoint "Cleanup", Time since last: 1007765500 ns, Reaching safepoint: 124800 ns, At safepoint: 13000 ns, Total: 137800 ns
[2024-04-16T19:13:37.467+0000][428][safepoint   ] Safepoint "Cleanup", Time since last: 3018721000 ns, Reaching safepoint: 141400 ns, At safepoint: 11600 ns, Total: 153000 ns
[2024-04-16T19:13:38.478+0000][428][safepoint   ] Safepoint "Cleanup", Time since last: 1011335500 ns, Reaching safepoint: 105700 ns, At safepoint: 9900 ns, Total: 115600 ns
[2024-04-16T19:13:41.516+0000][428][safepoint   ] Safepoint "Cleanup", Time since last: 3037827800 ns, Reaching safepoint: 116700 ns, At safepoint: 11300 ns, Total: 128000 ns
[2024-04-16T19:13:43.536+0000][428][safepoint   ] Safepoint "Cleanup", Time since last: 2019720400 ns, Reaching safepoint: 147300 ns, At safepoint: 15000 ns, Total: 162300 ns
[2024-04-16T19:13:44.537+0000][428][safepoint   ] Safepoint "Cleanup", Time since last: 1000488400 ns, Reaching safepoint: 677000 ns, At safepoint: 47000 ns, Total: 724000 ns
[2024-04-16T19:13:45.543+0000][428][safepoint   ] Safepoint "Cleanup", Time since last: 1005458500 ns, Reaching safepoint: 158400 ns, At safepoint: 10700 ns, Total: 169100 ns
[2024-04-16T19:13:47.558+0000][428][safepoint   ] Safepoint "Cleanup", Time since last: 2014945000 ns, Reaching safepoint: 148000 ns, At safepoint: 12900 ns, Total: 160900 ns
[2024-04-16T19:13:48.573+0000][428][safepoint   ] Safepoint "Cleanup", Time since last: 1014912500 ns, Reaching safepoint: 169700 ns, At safepoint: 12700 ns, Total: 182400 ns
[2024-04-16T19:13:49.580+0000][428][safepoint   ] Safepoint "Cleanup", Time since last: 1007175100 ns, Reaching safepoint: 160900 ns, At safepoint: 58400 ns, Total: 219300 ns
[2024-04-16T19:13:50.586+0000][428][safepoint   ] Safepoint "Cleanup", Time since last: 1005736200 ns, Reaching safepoint: 130400 ns, At safepoint: 16000 ns, Total: 146400 ns
[2024-04-16T19:13:51.599+0000][428][safepoint   ] Safepoint "Cleanup", Time since last: 1012188700 ns, Reaching safepoint: 141600 ns, At safepoint: 15900 ns, Total: 157500 ns
[2024-04-16T19:13:52.609+0000][428][safepoint   ] Safepoint "Cleanup", Time since last: 1010516800 ns, Reaching safepoint: 111300 ns, At safepoint: 12600 ns, Total: 123900 ns
[2024-04-16T19:13:53.618+0000][428][safepoint   ] Safepoint "Cleanup", Time since last: 1008454800 ns, Reaching safepoint: 153400 ns, At safepoint: 10800 ns, Total: 164200 ns
[2024-04-16T19:13:55.639+0000][428][safepoint   ] Safepoint "Cleanup", Time since last: 2021286400 ns, Reaching safepoint: 177200 ns, At safepoint: 16300 ns, Total: 193500 ns
[2024-04-16T19:13:56.643+0000][428][safepoint   ] Safepoint "Cleanup", Time since last: 1003431300 ns, Reaching safepoint: 99200 ns, At safepoint: 15300 ns, Total: 114500 ns
[2024-04-16T19:13:58.651+0000][428][safepoint   ] Safepoint "Cleanup", Time since last: 2008183500 ns, Reaching safepoint: 182000 ns, At safepoint: 13600 ns, Total: 195600 ns
[2024-04-16T19:14:01.697+0000][428][safepoint   ] Safepoint "Cleanup", Time since last: 3045281000 ns, Reaching safepoint: 118900 ns, At safepoint: 14400 ns, Total: 133300 ns
[2024-04-16T19:14:04.718+0000][428][safepoint   ] Safepoint "Cleanup", Time since last: 3020824800 ns, Reaching safepoint: 158500 ns, At safepoint: 14300 ns, Total: 172800 ns
[2024-04-16T19:14:05.726+0000][428][safepoint   ] Safepoint "Cleanup", Time since last: 1008101400 ns, Reaching safepoint: 103500 ns, At safepoint: 64800 ns, Total: 168300 ns
[2024-04-16T19:14:07.735+0000][428][safepoint   ] Safepoint "Cleanup", Time since last: 2009238600 ns, Reaching safepoint: 140000 ns, At safepoint: 10900 ns, Total: 150900 ns
[2024-04-16T19:14:08.739+0000][428][safepoint   ] Safepoint "Cleanup", Time since last: 1003187400 ns, Reaching safepoint: 105500 ns, At safepoint: 15700 ns, Total: 121200 ns
[2024-04-16T19:14:09.749+0000][428][safepoint   ] Safepoint "Cleanup", Time since last: 1009858400 ns, Reaching safepoint: 124400 ns, At safepoint: 12900 ns, Total: 137300 ns
[2024-04-16T19:14:10.758+0000][428][safepoint   ] Safepoint "Cleanup", Time since last: 1009603900 ns, Reaching safepoint: 124200 ns, At safepoint: 17000 ns, Total: 141200 ns
[2024-04-16T19:14:13.772+0000][428][safepoint   ] Safepoint "Cleanup", Time since last: 3013311700 ns, Reaching safepoint: 140500 ns, At safepoint: 12900 ns, Total: 153400 ns
[2024-04-16T19:14:14.783+0000][428][safepoint   ] Safepoint "Cleanup", Time since last: 1011004200 ns, Reaching safepoint: 111400 ns, At safepoint: 15700 ns, Total: 127100 ns
[2024-04-16T19:14:16.803+0000][428][safepoint   ] Safepoint "Cleanup", Time since last: 2020253500 ns, Reaching safepoint: 109000 ns, At safepoint: 16800 ns, Total: 125800 ns
[2024-04-16T19:14:17.815+0000][428][safepoint   ] Safepoint "Cleanup", Time since last: 1011741500 ns, Reaching safepoint: 115900 ns, At safepoint: 13400 ns, Total: 129300 ns
[2024-04-16T19:14:19.823+0000][428][safepoint   ] Safepoint "Cleanup", Time since last: 2007325300 ns, Reaching safepoint: 183400 ns, At safepoint: 18800 ns, Total: 202200 ns
[2024-04-16T19:14:20.829+0000][428][safepoint   ] Safepoint "Cleanup", Time since last: 1006236600 ns, Reaching safepoint: 62600 ns, At safepoint: 5600 ns, Total: 68200 ns
[2024-04-16T19:14:22.847+0000][428][safepoint   ] Safepoint "Cleanup", Time since last: 2018190200 ns, Reaching safepoint: 108300 ns, At safepoint: 14500 ns, Total: 122800 ns
[2024-04-16T19:14:23.850+0000][428][safepoint   ] Safepoint "Cleanup", Time since last: 1002617700 ns, Reaching safepoint: 106500 ns, At safepoint: 11700 ns, Total: 118200 ns
[2024-04-16T19:14:25.865+0000][428][safepoint   ] Safepoint "Cleanup", Time since last: 2014866500 ns, Reaching safepoint: 158000 ns, At safepoint: 42700 ns, Total: 200700 ns
[2024-04-16T19:14:26.870+0000][428][safepoint   ] Safepoint "Cleanup", Time since last: 1004407000 ns, Reaching safepoint: 224700 ns, At safepoint: 14200 ns, Total: 238900 ns
[2024-04-16T19:14:28.892+0000][428][safepoint   ] Safepoint "Cleanup", Time since last: 2022331400 ns, Reaching safepoint: 104400 ns, At safepoint: 14800 ns, Total: 119200 ns
[2024-04-16T19:14:31.906+0000][428][safepoint   ] Safepoint "Cleanup", Time since last: 3013392100 ns, Reaching safepoint: 120400 ns, At safepoint: 11500 ns, Total: 131900 ns
[2024-04-16T19:14:33.916+0000][428][safepoint   ] Safepoint "Cleanup", Time since last: 2010482100 ns, Reaching safepoint: 121000 ns, At safepoint: 13200 ns, Total: 134200 ns
[2024-04-16T19:14:34.922+0000][428][safepoint   ] Safepoint "Cleanup", Time since last: 1005690000 ns, Reaching safepoint: 133000 ns, At safepoint: 11200 ns, Total: 144200 ns
[2024-04-16T19:14:35.927+0000][428][safepoint   ] Safepoint "Cleanup", Time since last: 1004509300 ns, Reaching safepoint: 95300 ns, At safepoint: 11400 ns, Total: 106700 ns
[2024-04-16T19:14:37.937+0000][428][safepoint   ] Safepoint "Cleanup", Time since last: 2009550200 ns, Reaching safepoint: 105700 ns, At safepoint: 65200 ns, Total: 170900 ns
[2024-04-16T19:14:40.958+0000][428][safepoint   ] Safepoint "Cleanup", Time since last: 3021739400 ns, Reaching safepoint: 94700 ns, At safepoint: 14400 ns, Total: 109100 ns
[2024-04-16T19:14:44.990+0000][428][safepoint   ] Safepoint "Cleanup", Time since last: 4031818500 ns, Reaching safepoint: 90900 ns, At safepoint: 12700 ns, Total: 103600 ns
[2024-04-16T19:14:45.998+0000][428][safepoint   ] Safepoint "Cleanup", Time since last: 1007934800 ns, Reaching safepoint: 85900 ns, At safepoint: 12600 ns, Total: 98500 ns
[2024-04-16T19:14:47.008+0000][428][safepoint   ] Safepoint "Cleanup", Time since last: 1009860800 ns, Reaching safepoint: 116200 ns, At safepoint: 16400 ns, Total: 132600 ns
[2024-04-16T19:14:50.041+0000][428][safepoint   ] Safepoint "Cleanup", Time since last: 3032672000 ns, Reaching safepoint: 75900 ns, At safepoint: 12900 ns, Total: 88800 ns
[2024-04-16T19:14:51.046+0000][428][safepoint   ] Safepoint "Cleanup", Time since last: 1004332300 ns, Reaching safepoint: 99600 ns, At safepoint: 15700 ns, Total: 115300 ns
[2024-04-16T19:14:53.055+0000][428][safepoint   ] Safepoint "Cleanup", Time since last: 2008765700 ns, Reaching safepoint: 114100 ns, At safepoint: 11800 ns, Total: 125900 ns
[2024-04-16T19:14:56.073+0000][428][safepoint   ] Safepoint "Cleanup", Time since last: 3018582900 ns, Reaching safepoint: 118500 ns, At safepoint: 20300 ns, Total: 138800 ns
[2024-04-16T19:14:58.083+0000][428][safepoint   ] Safepoint "Cleanup", Time since last: 2009880300 ns, Reaching safepoint: 177100 ns, At safepoint: 15200 ns, Total: 192300 ns
[2024-04-16T19:15:02.122+0000][428][safepoint   ] Safepoint "Cleanup", Time since last: 4038105400 ns, Reaching safepoint: 71000 ns, At safepoint: 11300 ns, Total: 82300 ns
[2024-04-16T19:15:04.124+0000][428][safepoint   ] Safepoint "Cleanup", Time since last: 2002753300 ns, Reaching safepoint: 131100 ns, At safepoint: 17300 ns, Total: 148400 ns
[2024-04-16T19:15:05.130+0000][428][safepoint   ] Safepoint "Cleanup", Time since last: 1004993900 ns, Reaching safepoint: 160600 ns, At safepoint: 12100 ns, Total: 172700 ns
[2024-04-16T19:15:06.141+0000][428][safepoint   ] Safepoint "Cleanup", Time since last: 1010970000 ns, Reaching safepoint: 100600 ns, At safepoint: 26600 ns, Total: 127200 ns
[2024-04-16T19:15:08.161+0000][428][safepoint   ] Safepoint "Cleanup", Time since last: 2020036800 ns, Reaching safepoint: 96700 ns, At safepoint: 24500 ns, Total: 121200 ns
[2024-04-16T19:15:10.554+0000][428][safepoint   ] Safepoint "Cleanup", Time since last: 2393200300 ns, Reaching safepoint: 37500 ns, At safepoint: 13000 ns, Total: 50500 ns
[2024-04-16T19:15:11.565+0000][428][safepoint   ] Safepoint "Cleanup", Time since last: 1010725200 ns, Reaching safepoint: 150500 ns, At safepoint: 59200 ns, Total: 209700 ns
[2024-04-16T19:15:12.575+0000][428][safepoint   ] Safepoint "Cleanup", Time since last: 1009743700 ns, Reaching safepoint: 133300 ns, At safepoint: 11100 ns, Total: 144400 ns
[2024-04-16T19:15:13.577+0000][428][safepoint   ] Safepoint "Cleanup", Time since last: 1002338000 ns, Reaching safepoint: 154500 ns, At safepoint: 14400 ns, Total: 168900 ns
[2024-04-16T19:15:14.587+0000][428][safepoint   ] Safepoint "Cleanup", Time since last: 1009767100 ns, Reaching safepoint: 121000 ns, At safepoint: 12200 ns, Total: 133200 ns
[2024-04-16T19:15:15.591+0000][428][safepoint   ] Safepoint "Cleanup", Time since last: 1003766900 ns, Reaching safepoint: 95100 ns, At safepoint: 11300 ns, Total: 106400 ns
[2024-04-16T19:15:16.603+0000][428][safepoint   ] Safepoint "Cleanup", Time since last: 1011529000 ns, Reaching safepoint: 130200 ns, At safepoint: 14600 ns, Total: 144800 ns
[2024-04-16T19:15:17.606+0000][428][safepoint   ] Safepoint "Cleanup", Time since last: 1002967800 ns, Reaching safepoint: 156800 ns, At safepoint: 55800 ns, Total: 212600 ns
[2024-04-16T19:15:19.629+0000][428][safepoint   ] Safepoint "Cleanup", Time since last: 2022538400 ns, Reaching safepoint: 160300 ns, At safepoint: 12700 ns, Total: 173000 ns
[2024-04-16T19:15:25.661+0000][428][safepoint   ] Safepoint "Cleanup", Time since last: 6031839100 ns, Reaching safepoint: 163900 ns, At safepoint: 30900 ns, Total: 194800 ns
[2024-04-16T19:15:26.667+0000][428][safepoint   ] Safepoint "Cleanup", Time since last: 1005912900 ns, Reaching safepoint: 79300 ns, At safepoint: 19200 ns, Total: 98500 ns
[2024-04-16T19:15:27.679+0000][428][safepoint   ] Safepoint "Cleanup", Time since last: 1011892400 ns, Reaching safepoint: 204700 ns, At safepoint: 27900 ns, Total: 232600 ns
[2024-04-16T19:15:28.688+0000][428][safepoint   ] Safepoint "Cleanup", Time since last: 1008826500 ns, Reaching safepoint: 109200 ns, At safepoint: 57500 ns, Total: 166700 ns
[2024-04-16T19:15:31.705+0000][428][safepoint   ] Safepoint "Cleanup", Time since last: 3017465900 ns, Reaching safepoint: 82200 ns, At safepoint: 13000 ns, Total: 95200 ns
[2024-04-16T19:15:32.713+0000][428][safepoint   ] Safepoint "Cleanup", Time since last: 1007750000 ns, Reaching safepoint: 146500 ns, At safepoint: 13000 ns, Total: 159500 ns
[2024-04-16T19:15:37.769+0000][428][safepoint   ] Safepoint "Cleanup", Time since last: 5055184000 ns, Reaching safepoint: 132300 ns, At safepoint: 8900 ns, Total: 141200 ns
[2024-04-16T19:15:43.819+0000][428][safepoint   ] Safepoint "Cleanup", Time since last: 6050387500 ns, Reaching safepoint: 192400 ns, At safepoint: 15400 ns, Total: 207800 ns
[2024-04-16T19:15:44.833+0000][428][safepoint   ] Safepoint "Cleanup", Time since last: 1013966200 ns, Reaching safepoint: 113700 ns, At safepoint: 11400 ns, Total: 125100 ns
[2024-04-16T19:15:46.860+0000][428][safepoint   ] Safepoint "Cleanup", Time since last: 2026324300 ns, Reaching safepoint: 133200 ns, At safepoint: 12900 ns, Total: 146100 ns
[2024-04-16T19:15:47.868+0000][428][safepoint   ] Safepoint "Cleanup", Time since last: 1008410000 ns, Reaching safepoint: 157700 ns, At safepoint: 14000 ns, Total: 171700 ns
[2024-04-16T19:15:49.895+0000][428][safepoint   ] Safepoint "Cleanup", Time since last: 2026787500 ns, Reaching safepoint: 92400 ns, At safepoint: 9900 ns, Total: 102300 ns
[2024-04-16T19:15:50.907+0000][428][safepoint   ] Safepoint "Cleanup", Time since last: 1011514000 ns, Reaching safepoint: 171800 ns, At safepoint: 11600 ns, Total: 183400 ns
[2024-04-16T19:15:51.907+0000][428][safepoint   ] Safepoint "Cleanup", Time since last: 1000343300 ns, Reaching safepoint: 116500 ns, At safepoint: 12800 ns, Total: 129300 ns
[2024-04-16T19:15:55.951+0000][428][safepoint   ] Safepoint "Cleanup", Time since last: 4043513600 ns, Reaching safepoint: 66100 ns, At safepoint: 6700 ns, Total: 72800 ns
[2024-04-16T19:15:56.965+0000][428][safepoint   ] Safepoint "Cleanup", Time since last: 1013410000 ns, Reaching safepoint: 123200 ns, At safepoint: 14400 ns, Total: 137600 ns
[2024-04-16T19:15:57.979+0000][428][safepoint   ] Safepoint "Cleanup", Time since last: 1014102400 ns, Reaching safepoint: 135600 ns, At safepoint: 11800 ns, Total: 147400 ns
[2024-04-16T19:15:58.980+0000][428][safepoint   ] Safepoint "Cleanup", Time since last: 1000577700 ns, Reaching safepoint: 100200 ns, At safepoint: 12700 ns, Total: 112900 ns
[2024-04-16T19:16:02.003+0000][428][safepoint   ] Safepoint "Cleanup", Time since last: 3022997900 ns, Reaching safepoint: 148200 ns, At safepoint: 11300 ns, Total: 159500 ns
[2024-04-16T19:16:03.019+0000][428][safepoint   ] Safepoint "Cleanup", Time since last: 1015844000 ns, Reaching safepoint: 110300 ns, At safepoint: 18600 ns, Total: 128900 ns
[2024-04-16T19:16:06.050+0000][428][safepoint   ] Safepoint "Cleanup", Time since last: 3030951200 ns, Reaching safepoint: 143700 ns, At safepoint: 12100 ns, Total: 155800 ns
[2024-04-16T19:16:08.061+0000][428][safepoint   ] Safepoint "Cleanup", Time since last: 2011198300 ns, Reaching safepoint: 107500 ns, At safepoint: 28600 ns, Total: 136100 ns
[2024-04-16T19:16:14.120+0000][428][safepoint   ] Safepoint "Cleanup", Time since last: 6059178500 ns, Reaching safepoint: 102900 ns, At safepoint: 17100 ns, Total: 120000 ns
[2024-04-16T19:16:15.133+0000][428][safepoint   ] Safepoint "Cleanup", Time since last: 1012322600 ns, Reaching safepoint: 118700 ns, At safepoint: 20400 ns, Total: 139100 ns
[2024-04-16T19:16:16.152+0000][428][safepoint   ] Safepoint "Cleanup", Time since last: 1018702700 ns, Reaching safepoint: 136300 ns, At safepoint: 12100 ns, Total: 148400 ns
[2024-04-16T19:16:17.155+0000][428][safepoint   ] Safepoint "Cleanup", Time since last: 1002747400 ns, Reaching safepoint: 106300 ns, At safepoint: 12400 ns, Total: 118700 ns
[2024-04-16T19:16:18.163+0000][428][safepoint   ] Safepoint "Cleanup", Time since last: 1008313900 ns, Reaching safepoint: 105000 ns, At safepoint: 13400 ns, Total: 118400 ns
[2024-04-16T19:16:20.190+0000][428][safepoint   ] Safepoint "Cleanup", Time since last: 2026590800 ns, Reaching safepoint: 129900 ns, At safepoint: 10300 ns, Total: 140200 ns
[2024-04-16T19:16:21.201+0000][428][safepoint   ] Safepoint "Cleanup", Time since last: 1011500000 ns, Reaching safepoint: 161900 ns, At safepoint: 15200 ns, Total: 177100 ns
[2024-04-16T19:16:23.218+0000][428][safepoint   ] Safepoint "Cleanup", Time since last: 2016423200 ns, Reaching safepoint: 125700 ns, At safepoint: 18000 ns, Total: 143700 ns
[2024-04-16T19:16:26.230+0000][428][safepoint   ] Safepoint "Cleanup", Time since last: 3011584500 ns, Reaching safepoint: 84500 ns, At safepoint: 11300 ns, Total: 95800 ns
[2024-04-16T19:16:32.287+0000][428][safepoint   ] Safepoint "Cleanup", Time since last: 6057153200 ns, Reaching safepoint: 106100 ns, At safepoint: 13400 ns, Total: 119500 ns
[2024-04-16T19:16:35.311+0000][428][safepoint   ] Safepoint "Cleanup", Time since last: 3023873200 ns, Reaching safepoint: 380400 ns, At safepoint: 18700 ns, Total: 399100 ns
[2024-04-16T19:16:36.314+0000][428][safepoint   ] Safepoint "Cleanup", Time since last: 1003226000 ns, Reaching safepoint: 131300 ns, At safepoint: 20100 ns, Total: 151400 ns
[2024-04-16T19:16:38.318+0000][428][safepoint   ] Safepoint "Cleanup", Time since last: 2003350700 ns, Reaching safepoint: 161200 ns, At safepoint: 13600 ns, Total: 174800 ns
[2024-04-16T19:16:41.331+0000][428][safepoint   ] Safepoint "Cleanup", Time since last: 3012585700 ns, Reaching safepoint: 127100 ns, At safepoint: 16000 ns, Total: 143100 ns
[2024-04-16T19:16:43.724+0000][428][safepoint   ] Safepoint "Cleanup", Time since last: 2392988900 ns, Reaching safepoint: 133000 ns, At safepoint: 39300 ns, Total: 172300 ns
[2024-04-16T19:16:44.728+0000][428][safepoint   ] Safepoint "Cleanup", Time since last: 1004064100 ns, Reaching safepoint: 143400 ns, At safepoint: 12100 ns, Total: 155500 ns
[2024-04-16T19:16:45.732+0000][428][safepoint   ] Safepoint "Cleanup", Time since last: 1003668200 ns, Reaching safepoint: 188500 ns, At safepoint: 43000 ns, Total: 231500 ns
[2024-04-16T19:16:46.748+0000][428][safepoint   ] Safepoint "Cleanup", Time since last: 1015885900 ns, Reaching safepoint: 115200 ns, At safepoint: 13000 ns, Total: 128200 ns
[2024-04-16T19:16:50.784+0000][428][safepoint   ] Safepoint "Cleanup", Time since last: 4035219800 ns, Reaching safepoint: 122400 ns, At safepoint: 70200 ns, Total: 192600 ns
[2024-04-16T19:16:51.797+0000][428][safepoint   ] Safepoint "Cleanup", Time since last: 1013689200 ns, Reaching safepoint: 170300 ns, At safepoint: 48400 ns, Total: 218700 ns
[2024-04-16T19:16:52.815+0000][428][safepoint   ] Safepoint "Cleanup", Time since last: 1017049000 ns, Reaching safepoint: 156700 ns, At safepoint: 62600 ns, Total: 219300 ns
[2024-04-16T19:16:53.817+0000][428][safepoint   ] Safepoint "Cleanup", Time since last: 1001778700 ns, Reaching safepoint: 144100 ns, At safepoint: 41400 ns, Total: 185500 ns
[2024-04-16T19:16:55.832+0000][428][safepoint   ] Safepoint "Cleanup", Time since last: 2015446600 ns, Reaching safepoint: 164500 ns, At safepoint: 67900 ns, Total: 232400 ns
[2024-04-16T19:16:57.846+0000][428][safepoint   ] Safepoint "Cleanup", Time since last: 2013846000 ns, Reaching safepoint: 135900 ns, At safepoint: 77900 ns, Total: 213800 ns
[2024-04-16T19:16:58.847+0000][428][safepoint   ] Safepoint "Cleanup", Time since last: 1000312000 ns, Reaching safepoint: 130700 ns, At safepoint: 62900 ns, Total: 193600 ns
[2024-04-16T19:17:01.884+0000][428][safepoint   ] Safepoint "Cleanup", Time since last: 3036611000 ns, Reaching safepoint: 138400 ns, At safepoint: 57400 ns, Total: 195800 ns
[2024-04-16T19:17:02.887+0000][428][safepoint   ] Safepoint "Cleanup", Time since last: 1003127000 ns, Reaching safepoint: 168100 ns, At safepoint: 66300 ns, Total: 234400 ns
[2024-04-16T19:17:03.888+0000][428][safepoint   ] Safepoint "Cleanup", Time since last: 1000572800 ns, Reaching safepoint: 218500 ns, At safepoint: 18700 ns, Total: 237200 ns
[2024-04-16T19:17:05.896+0000][428][safepoint   ] Safepoint "Cleanup", Time since last: 2007899000 ns, Reaching safepoint: 141600 ns, At safepoint: 67200 ns, Total: 208800 ns
[2024-04-16T19:17:06.901+0000][428][safepoint   ] Safepoint "Cleanup", Time since last: 1004942500 ns, Reaching safepoint: 75900 ns, At safepoint: 50600 ns, Total: 126500 ns
[2024-04-16T19:17:07.915+0000][428][safepoint   ] Safepoint "Cleanup", Time since last: 1013381800 ns, Reaching safepoint: 739600 ns, At safepoint: 34200 ns, Total: 773800 ns
[2024-04-16T19:17:08.918+0000][428][safepoint   ] Safepoint "Cleanup", Time since last: 1002285600 ns, Reaching safepoint: 124600 ns, At safepoint: 74500 ns, Total: 199100 ns
[2024-04-16T19:17:09.929+0000][428][safepoint   ] Safepoint "Cleanup", Time since last: 1011248400 ns, Reaching safepoint: 192100 ns, At safepoint: 34400 ns, Total: 226500 ns
[2024-04-16T19:17:10.936+0000][428][safepoint   ] Safepoint "Cleanup", Time since last: 1006888300 ns, Reaching safepoint: 160700 ns, At safepoint: 69900 ns, Total: 230600 ns
[2024-04-16T19:17:13.962+0000][428][safepoint   ] Safepoint "Cleanup", Time since last: 3025586700 ns, Reaching safepoint: 171400 ns, At safepoint: 67100 ns, Total: 238500 ns
[2024-04-16T19:17:16.986+0000][428][safepoint   ] Safepoint "Cleanup", Time since last: 3024179500 ns, Reaching safepoint: 175300 ns, At safepoint: 72300 ns, Total: 247600 ns
[2024-04-16T19:17:20.009+0000][428][safepoint   ] Safepoint "Cleanup", Time since last: 3022646200 ns, Reaching safepoint: 117900 ns, At safepoint: 38200 ns, Total: 156100 ns
[2024-04-16T19:17:21.010+0000][428][safepoint   ] Safepoint "Cleanup", Time since last: 1000253700 ns, Reaching safepoint: 151100 ns, At safepoint: 49800 ns, Total: 200900 ns
[2024-04-16T19:17:22.016+0000][428][safepoint   ] Safepoint "Cleanup", Time since last: 1005584800 ns, Reaching safepoint: 112000 ns, At safepoint: 77300 ns, Total: 189300 ns
[2024-04-16T19:17:23.027+0000][428][safepoint   ] Safepoint "Cleanup", Time since last: 1010946100 ns, Reaching safepoint: 130900 ns, At safepoint: 82100 ns, Total: 213000 ns
[2024-04-16T19:17:32.090+0000][428][safepoint   ] Safepoint "Cleanup", Time since last: 9063303000 ns, Reaching safepoint: 127000 ns, At safepoint: 43900 ns, Total: 170900 ns
[2024-04-16T19:17:33.094+0000][428][safepoint   ] Safepoint "Cleanup", Time since last: 1004032600 ns, Reaching safepoint: 78600 ns, At safepoint: 28700 ns, Total: 107300 ns
[2024-04-16T19:17:34.095+0000][428][safepoint   ] Safepoint "Cleanup", Time since last: 1000525100 ns, Reaching safepoint: 120300 ns, At safepoint: 46600 ns, Total: 166900 ns
[2024-04-16T19:17:44.177+0000][428][safepoint   ] Safepoint "Cleanup", Time since last: 10081470600 ns, Reaching safepoint: 111100 ns, At safepoint: 68500 ns, Total: 179600 ns
[2024-04-16T19:17:45.193+0000][428][safepoint   ] Safepoint "Cleanup", Time since last: 1015834600 ns, Reaching safepoint: 205800 ns, At safepoint: 73000 ns, Total: 278800 ns
[2024-04-16T19:17:47.210+0000][428][safepoint   ] Safepoint "Cleanup", Time since last: 2016821400 ns, Reaching safepoint: 158100 ns, At safepoint: 52300 ns, Total: 210400 ns
[2024-04-16T19:17:48.226+0000][428][safepoint   ] Safepoint "Cleanup", Time since last: 1015292800 ns, Reaching safepoint: 221100 ns, At safepoint: 111300 ns, Total: 332400 ns
[2024-04-16T19:17:50.249+0000][428][safepoint   ] Safepoint "Cleanup", Time since last: 2023348700 ns, Reaching safepoint: 346800 ns, At safepoint: 87400 ns, Total: 434200 ns
[2024-04-16T19:17:51.259+0000][428][safepoint   ] Safepoint "Cleanup", Time since last: 1009081700 ns, Reaching safepoint: 155900 ns, At safepoint: 80800 ns, Total: 236700 ns
[2024-04-16T19:17:56.277+0000][428][safepoint   ] Safepoint "Cleanup", Time since last: 5018739000 ns, Reaching safepoint: 139300 ns, At safepoint: 58100 ns, Total: 197400 ns
[2024-04-16T19:17:57.287+0000][428][safepoint   ] Safepoint "Cleanup", Time since last: 1009451500 ns, Reaching safepoint: 132400 ns, At safepoint: 86200 ns, Total: 218600 ns
[2024-04-16T19:17:58.291+0000][428][safepoint   ] Safepoint "Cleanup", Time since last: 1003185600 ns, Reaching safepoint: 178000 ns, At safepoint: 90800 ns, Total: 268800 ns
[2024-04-16T19:18:02.316+0000][428][safepoint   ] Safepoint "Cleanup", Time since last: 4025423300 ns, Reaching safepoint: 209100 ns, At safepoint: 54700 ns, Total: 263800 ns
[2024-04-16T19:18:05.342+0000][428][safepoint   ] Safepoint "Cleanup", Time since last: 3025152700 ns, Reaching safepoint: 66500 ns, At safepoint: 14300 ns, Total: 80800 ns
[2024-04-16T19:18:06.349+0000][428][safepoint   ] Safepoint "Cleanup", Time since last: 1006852900 ns, Reaching safepoint: 129300 ns, At safepoint: 71900 ns, Total: 201200 ns
[2024-04-16T19:18:08.373+0000][428][safepoint   ] Safepoint "Cleanup", Time since last: 2023786200 ns, Reaching safepoint: 111600 ns, At safepoint: 23700 ns, Total: 135300 ns
[2024-04-16T19:18:09.375+0000][428][safepoint   ] Safepoint "Cleanup", Time since last: 1002498300 ns, Reaching safepoint: 188100 ns, At safepoint: 64800 ns, Total: 252900 ns
[2024-04-16T19:18:11.391+0000][428][safepoint   ] Safepoint "Cleanup", Time since last: 2015839500 ns, Reaching safepoint: 152800 ns, At safepoint: 96200 ns, Total: 249000 ns
[2024-04-16T19:18:14.423+0000][428][safepoint   ] Safepoint "Cleanup", Time since last: 3031146000 ns, Reaching safepoint: 144400 ns, At safepoint: 116100 ns, Total: 260500 ns
[2024-04-16T19:18:16.440+0000][428][safepoint   ] Safepoint "Cleanup", Time since last: 2016677700 ns, Reaching safepoint: 226900 ns, At safepoint: 16900 ns, Total: 243800 ns
[2024-04-16T19:18:17.451+0000][428][safepoint   ] Safepoint "Cleanup", Time since last: 1010877600 ns, Reaching safepoint: 100000 ns, At safepoint: 15800 ns, Total: 115800 ns
[2024-04-16T19:18:20.472+0000][428][safepoint   ] Safepoint "Cleanup", Time since last: 3021290500 ns, Reaching safepoint: 157500 ns, At safepoint: 17400 ns, Total: 174900 ns
[2024-04-16T19:18:21.473+0000][428][safepoint   ] Safepoint "Cleanup", Time since last: 1001013600 ns, Reaching safepoint: 174700 ns, At safepoint: 21100 ns, Total: 195800 ns
[2024-04-16T19:18:23.494+0000][428][safepoint   ] Safepoint "Cleanup", Time since last: 2020232200 ns, Reaching safepoint: 144200 ns, At safepoint: 19300 ns, Total: 163500 ns
[2024-04-16T19:18:26.520+0000][428][safepoint   ] Safepoint "Cleanup", Time since last: 3025704200 ns, Reaching safepoint: 102400 ns, At safepoint: 25300 ns, Total: 127700 ns
[2024-04-16T19:18:28.530+0000][428][safepoint   ] Safepoint "Cleanup", Time since last: 2009860400 ns, Reaching safepoint: 89400 ns, At safepoint: 15900 ns, Total: 105300 ns
[2024-04-16T19:18:29.540+0000][428][safepoint   ] Safepoint "Cleanup", Time since last: 1010727900 ns, Reaching safepoint: 111100 ns, At safepoint: 13200 ns, Total: 124300 ns
[2024-04-16T19:18:32.572+0000][428][safepoint   ] Safepoint "Cleanup", Time since last: 3031504500 ns, Reaching safepoint: 181500 ns, At safepoint: 14100 ns, Total: 195600 ns
[2024-04-16T19:18:34.596+0000][428][safepoint   ] Safepoint "Cleanup", Time since last: 2023815800 ns, Reaching safepoint: 99600 ns, At safepoint: 12000 ns, Total: 111600 ns
[2024-04-16T19:18:35.601+0000][428][safepoint   ] Safepoint "Cleanup", Time since last: 1004754800 ns, Reaching safepoint: 68900 ns, At safepoint: 29500 ns, Total: 98400 ns
[2024-04-16T19:18:38.628+0000][428][safepoint   ] Safepoint "Cleanup", Time since last: 3026507500 ns, Reaching safepoint: 102400 ns, At safepoint: 16700 ns, Total: 119100 ns
[2024-04-16T19:18:40.643+0000][428][safepoint   ] Safepoint "Cleanup", Time since last: 2014789100 ns, Reaching safepoint: 112900 ns, At safepoint: 23500 ns, Total: 136400 ns
[2024-04-16T19:18:43.999+0000][428][gc,start    ] GC(14) Pause Young (Normal) (G1 Evacuation Pause)
[2024-04-16T19:18:44.000+0000][428][gc,task     ] GC(14) Using 8 workers of 8 for evacuation
[2024-04-16T19:18:44.000+0000][428][gc,age      ] GC(14) Desired survivor size 77594624 bytes, new threshold 15 (max threshold 15)
[2024-04-16T19:18:44.008+0000][428][gc,phases   ] GC(14)   Pre Evacuate Collection Set: 0.2ms
[2024-04-16T19:18:44.008+0000][428][gc,phases   ] GC(14)   Merge Heap Roots: 0.1ms
[2024-04-16T19:18:44.008+0000][428][gc,phases   ] GC(14)   Evacuate Collection Set: 6.6ms
[2024-04-16T19:18:44.008+0000][428][gc,phases   ] GC(14)   Post Evacuate Collection Set: 1.2ms
[2024-04-16T19:18:44.008+0000][428][gc,phases   ] GC(14)   Other: 0.2ms
[2024-04-16T19:18:44.008+0000][428][gc,age      ] GC(14) Age table with threshold 15 (max threshold 15)
[2024-04-16T19:18:44.008+0000][428][gc,age      ] GC(14) - age   1:    2220040 bytes,    2220040 total
[2024-04-16T19:18:44.008+0000][428][gc,age      ] GC(14) - age   2:   10890784 bytes,   13110824 total
[2024-04-16T19:18:44.008+0000][428][gc,heap     ] GC(14) Eden regions: 283->0(601)
[2024-04-16T19:18:44.008+0000][428][gc,heap     ] GC(14) Survivor regions: 6->5(37)
[2024-04-16T19:18:44.008+0000][428][gc,heap     ] GC(14) Old regions: 46->46
[2024-04-16T19:18:44.008+0000][428][gc,heap     ] GC(14) Archive regions: 0->0
[2024-04-16T19:18:44.008+0000][428][gc,heap     ] GC(14) Humongous regions: 2->2
[2024-04-16T19:18:44.008+0000][428][gc,metaspace] GC(14) Metaspace: 128526K(132096K)->128526K(132096K) NonClass: 111478K(113280K)->111478K(113280K) Class: 17047K(18816K)->17047K(18816K)
[2024-04-16T19:18:44.008+0000][428][gc          ] GC(14) Pause Young (Normal) (G1 Evacuation Pause) 1344M->206M(4040M) 8.555ms
[2024-04-16T19:18:44.008+0000][428][gc,cpu      ] GC(14) User=0.00s Sys=0.00s Real=0.01s
[2024-04-16T19:18:44.008+0000][428][safepoint   ] Safepoint "G1CollectForAllocation", Time since last: 3356845200 ns, Reaching safepoint: 143600 ns, At safepoint: 8627200 ns, Total: 8770800 ns
[2024-04-16T19:18:45.010+0000][428][safepoint   ] Safepoint "Cleanup", Time since last: 1001765400 ns, Reaching safepoint: 131000 ns, At safepoint: 15200 ns, Total: 146200 ns
[2024-04-16T19:18:50.787+0000][428][safepoint   ] Safepoint "Cleanup", Time since last: 5776448600 ns, Reaching safepoint: 184300 ns, At safepoint: 27200 ns, Total: 211500 ns
[2024-04-16T19:18:52.799+0000][428][safepoint   ] Safepoint "Cleanup", Time since last: 2011986300 ns, Reaching safepoint: 202300 ns, At safepoint: 36800 ns, Total: 239100 ns
[2024-04-16T19:18:56.821+0000][428][safepoint   ] Safepoint "Cleanup", Time since last: 4021601300 ns, Reaching safepoint: 104200 ns, At safepoint: 63300 ns, Total: 167500 ns
[2024-04-16T19:18:57.831+0000][428][safepoint   ] Safepoint "Cleanup", Time since last: 1010478900 ns, Reaching safepoint: 131400 ns, At safepoint: 69500 ns, Total: 200900 ns
[2024-04-16T19:19:01.869+0000][428][safepoint   ] Safepoint "Cleanup", Time since last: 4036933500 ns, Reaching safepoint: 125500 ns, At safepoint: 66900 ns, Total: 192400 ns
[2024-04-16T19:19:02.876+0000][428][safepoint   ] Safepoint "Cleanup", Time since last: 1007774800 ns, Reaching safepoint: 148300 ns, At safepoint: 66400 ns, Total: 214700 ns
[2024-04-16T19:19:03.879+0000][428][safepoint   ] Safepoint "Cleanup", Time since last: 1001867700 ns, Reaching safepoint: 170000 ns, At safepoint: 23900 ns, Total: 193900 ns
[2024-04-16T19:19:04.889+0000][428][safepoint   ] Safepoint "Cleanup", Time since last: 1010647900 ns, Reaching safepoint: 154300 ns, At safepoint: 63500 ns, Total: 217800 ns
[2024-04-16T19:19:07.910+0000][428][safepoint   ] Safepoint "Cleanup", Time since last: 3019989400 ns, Reaching safepoint: 710500 ns, At safepoint: 57300 ns, Total: 767800 ns
[2024-04-16T19:19:08.912+0000][428][safepoint   ] Safepoint "Cleanup", Time since last: 1001676400 ns, Reaching safepoint: 125300 ns, At safepoint: 61900 ns, Total: 187200 ns
[2024-04-16T19:19:09.926+0000][428][safepoint   ] Safepoint "Cleanup", Time since last: 1014271400 ns, Reaching safepoint: 129400 ns, At safepoint: 72700 ns, Total: 202100 ns
[2024-04-16T19:19:13.960+0000][428][safepoint   ] Safepoint "Cleanup", Time since last: 4033274000 ns, Reaching safepoint: 65400 ns, At safepoint: 50700 ns, Total: 116100 ns
[2024-04-16T19:19:14.968+0000][428][safepoint   ] Safepoint "Cleanup", Time since last: 1008221100 ns, Reaching safepoint: 139500 ns, At safepoint: 9700 ns, Total: 149200 ns
[2024-04-16T19:19:16.977+0000][428][safepoint   ] Safepoint "Cleanup", Time since last: 2008250900 ns, Reaching safepoint: 141600 ns, At safepoint: 84500 ns, Total: 226100 ns
[2024-04-16T19:19:19.993+0000][428][safepoint   ] Safepoint "Cleanup", Time since last: 3016028900 ns, Reaching safepoint: 62100 ns, At safepoint: 22200 ns, Total: 84300 ns
[2024-04-16T19:19:20.999+0000][428][safepoint   ] Safepoint "Cleanup", Time since last: 1005923100 ns, Reaching safepoint: 130800 ns, At safepoint: 86800 ns, Total: 217600 ns
[2024-04-16T19:19:22.004+0000][428][safepoint   ] Safepoint "Cleanup", Time since last: 1004391500 ns, Reaching safepoint: 141000 ns, At safepoint: 99400 ns, Total: 240400 ns
[2024-04-16T19:19:24.017+0000][428][safepoint   ] Safepoint "Cleanup", Time since last: 2013269400 ns, Reaching safepoint: 125400 ns, At safepoint: 72400 ns, Total: 197800 ns
[2024-04-16T19:19:25.024+0000][428][safepoint   ] Safepoint "Cleanup", Time since last: 1006791700 ns, Reaching safepoint: 93400 ns, At safepoint: 77400 ns, Total: 170800 ns
[2024-04-16T19:19:27.043+0000][428][safepoint   ] Safepoint "Cleanup", Time since last: 2018499400 ns, Reaching safepoint: 146400 ns, At safepoint: 70600 ns, Total: 217000 ns
[2024-04-16T19:19:29.057+0000][428][safepoint   ] Safepoint "Cleanup", Time since last: 2014113700 ns, Reaching safepoint: 118800 ns, At safepoint: 52700 ns, Total: 171500 ns
[2024-04-16T19:19:30.063+0000][428][safepoint   ] Safepoint "Cleanup", Time since last: 1005519200 ns, Reaching safepoint: 120500 ns, At safepoint: 78100 ns, Total: 198600 ns
[2024-04-16T19:19:32.070+0000][428][safepoint   ] Safepoint "Cleanup", Time since last: 2007000500 ns, Reaching safepoint: 130400 ns, At safepoint: 48000 ns, Total: 178400 ns
[2024-04-16T19:19:33.073+0000][428][safepoint   ] Safepoint "Cleanup", Time since last: 1002406300 ns, Reaching safepoint: 174200 ns, At safepoint: 74800 ns, Total: 249000 ns
[2024-04-16T19:19:44.157+0000][428][safepoint   ] Safepoint "Cleanup", Time since last: 11084745900 ns, Reaching safepoint: 79500 ns, At safepoint: 21200 ns, Total: 100700 ns
[2024-04-16T19:19:45.163+0000][428][safepoint   ] Safepoint "Cleanup", Time since last: 1005447500 ns, Reaching safepoint: 151900 ns, At safepoint: 13700 ns, Total: 165600 ns
[2024-04-16T19:19:46.169+0000][428][safepoint   ] Safepoint "Cleanup", Time since last: 1006040000 ns, Reaching safepoint: 104600 ns, At safepoint: 73800 ns, Total: 178400 ns
[2024-04-16T19:19:51.202+0000][428][safepoint   ] Safepoint "Cleanup", Time since last: 5032900000 ns, Reaching safepoint: 91800 ns, At safepoint: 78800 ns, Total: 170600 ns
[2024-04-16T19:19:56.241+0000][428][safepoint   ] Safepoint "Cleanup", Time since last: 5038045000 ns, Reaching safepoint: 139500 ns, At safepoint: 59600 ns, Total: 199100 ns
[2024-04-16T19:19:58.256+0000][428][safepoint   ] Safepoint "Cleanup", Time since last: 2015340700 ns, Reaching safepoint: 120700 ns, At safepoint: 55700 ns, Total: 176400 ns
[2024-04-16T19:19:59.269+0000][428][safepoint   ] Safepoint "Cleanup", Time since last: 1013128300 ns, Reaching safepoint: 143000 ns, At safepoint: 70700 ns, Total: 213700 ns
[2024-04-16T19:20:02.276+0000][428][safepoint   ] Safepoint "Cleanup", Time since last: 3005989900 ns, Reaching safepoint: 152500 ns, At safepoint: 47800 ns, Total: 200300 ns
[2024-04-16T19:20:03.285+0000][428][safepoint   ] Safepoint "Cleanup", Time since last: 1008962300 ns, Reaching safepoint: 63000 ns, At safepoint: 18900 ns, Total: 81900 ns
[2024-04-16T19:20:05.296+0000][428][safepoint   ] Safepoint "Cleanup", Time since last: 2010672900 ns, Reaching safepoint: 108400 ns, At safepoint: 34800 ns, Total: 143200 ns
[2024-04-16T19:20:08.323+0000][428][safepoint   ] Safepoint "Cleanup", Time since last: 3027589300 ns, Reaching safepoint: 102100 ns, At safepoint: 61800 ns, Total: 163900 ns
[2024-04-16T19:20:09.325+0000][428][safepoint   ] Safepoint "Cleanup", Time since last: 1001942000 ns, Reaching safepoint: 127900 ns, At safepoint: 69200 ns, Total: 197100 ns
[2024-04-16T19:20:10.328+0000][428][safepoint   ] Safepoint "Cleanup", Time since last: 1002224800 ns, Reaching safepoint: 175900 ns, At safepoint: 87000 ns, Total: 262900 ns
[2024-04-16T19:20:14.348+0000][428][safepoint   ] Safepoint "Cleanup", Time since last: 4019981700 ns, Reaching safepoint: 105000 ns, At safepoint: 29100 ns, Total: 134100 ns
[2024-04-16T19:20:20.401+0000][428][safepoint   ] Safepoint "Cleanup", Time since last: 6053191600 ns, Reaching safepoint: 152600 ns, At safepoint: 39700 ns, Total: 192300 ns
[2024-04-16T19:20:26.462+0000][428][safepoint   ] Safepoint "Cleanup", Time since last: 6060289200 ns, Reaching safepoint: 104400 ns, At safepoint: 58900 ns, Total: 163300 ns
[2024-04-16T19:20:32.516+0000][428][safepoint   ] Safepoint "Cleanup", Time since last: 6054263100 ns, Reaching safepoint: 117800 ns, At safepoint: 67100 ns, Total: 184900 ns
[2024-04-16T19:20:33.526+0000][428][safepoint   ] Safepoint "Cleanup", Time since last: 1010017900 ns, Reaching safepoint: 133200 ns, At safepoint: 81400 ns, Total: 214600 ns
[2024-04-16T19:20:38.569+0000][428][safepoint   ] Safepoint "Cleanup", Time since last: 5042122200 ns, Reaching safepoint: 110400 ns, At safepoint: 51600 ns, Total: 162000 ns
[2024-04-16T19:20:44.614+0000][428][safepoint   ] Safepoint "Cleanup", Time since last: 6045389100 ns, Reaching safepoint: 116600 ns, At safepoint: 22900 ns, Total: 139500 ns
[2024-04-16T19:20:46.640+0000][428][safepoint   ] Safepoint "Cleanup", Time since last: 2025761000 ns, Reaching safepoint: 136300 ns, At safepoint: 48600 ns, Total: 184900 ns
[2024-04-16T19:20:47.648+0000][428][safepoint   ] Safepoint "Cleanup", Time since last: 1007487600 ns, Reaching safepoint: 141800 ns, At safepoint: 96800 ns, Total: 238600 ns
[2024-04-16T19:20:53.689+0000][428][safepoint   ] Safepoint "Cleanup", Time since last: 6041265700 ns, Reaching safepoint: 154600 ns, At safepoint: 85900 ns, Total: 240500 ns
[2024-04-16T19:20:56.706+0000][428][safepoint   ] Safepoint "Cleanup", Time since last: 3016392700 ns, Reaching safepoint: 166400 ns, At safepoint: 68100 ns, Total: 234500 ns
[2024-04-16T19:20:58.618+0000][428][safepoint   ] Safepoint "Cleanup", Time since last: 1911953500 ns, Reaching safepoint: 262200 ns, At safepoint: 15500 ns, Total: 277700 ns
[2024-04-16T19:21:02.662+0000][428][safepoint   ] Safepoint "Cleanup", Time since last: 4043398300 ns, Reaching safepoint: 138600 ns, At safepoint: 13200 ns, Total: 151800 ns
[2024-04-16T19:21:08.380+0000][428][safepoint   ] Safepoint "Cleanup", Time since last: 5717879000 ns, Reaching safepoint: 75800 ns, At safepoint: 48500 ns, Total: 124300 ns
[2024-04-16T19:21:09.381+0000][428][safepoint   ] Safepoint "Cleanup", Time since last: 1000578000 ns, Reaching safepoint: 101600 ns, At safepoint: 10500 ns, Total: 112100 ns
[2024-04-16T19:21:14.442+0000][428][safepoint   ] Safepoint "Cleanup", Time since last: 5061646600 ns, Reaching safepoint: 148000 ns, At safepoint: 16500 ns, Total: 164500 ns
[2024-04-16T19:21:15.450+0000][428][safepoint   ] Safepoint "Cleanup", Time since last: 1007790000 ns, Reaching safepoint: 109300 ns, At safepoint: 9000 ns, Total: 118300 ns
[2024-04-16T19:21:17.466+0000][428][safepoint   ] Safepoint "Cleanup", Time since last: 2015580200 ns, Reaching safepoint: 163800 ns, At safepoint: 11900 ns, Total: 175700 ns
[2024-04-16T19:21:20.472+0000][428][safepoint   ] Safepoint "Cleanup", Time since last: 3005349100 ns, Reaching safepoint: 126200 ns, At safepoint: 17300 ns, Total: 143500 ns
[2024-04-16T19:21:21.479+0000][428][safepoint   ] Safepoint "Cleanup", Time since last: 1007210700 ns, Reaching safepoint: 161100 ns, At safepoint: 12200 ns, Total: 173300 ns
[2024-04-16T19:21:22.484+0000][428][safepoint   ] Safepoint "Cleanup", Time since last: 1004607900 ns, Reaching safepoint: 126300 ns, At safepoint: 13800 ns, Total: 140100 ns
[2024-04-16T19:21:26.538+0000][428][safepoint   ] Safepoint "Cleanup", Time since last: 4053850200 ns, Reaching safepoint: 117900 ns, At safepoint: 62200 ns, Total: 180100 ns
[2024-04-16T19:21:27.543+0000][428][safepoint   ] Safepoint "Cleanup", Time since last: 1004696800 ns, Reaching safepoint: 109800 ns, At safepoint: 12700 ns, Total: 122500 ns
[2024-04-16T19:21:28.554+0000][428][safepoint   ] Safepoint "Cleanup", Time since last: 1011635300 ns, Reaching safepoint: 134700 ns, At safepoint: 13300 ns, Total: 148000 ns
[2024-04-16T19:21:29.559+0000][428][safepoint   ] Safepoint "Cleanup", Time since last: 1004693300 ns, Reaching safepoint: 151200 ns, At safepoint: 10200 ns, Total: 161400 ns
[2024-04-16T19:21:30.565+0000][428][safepoint   ] Safepoint "Cleanup", Time since last: 1005643100 ns, Reaching safepoint: 84300 ns, At safepoint: 9700 ns, Total: 94000 ns
[2024-04-16T19:21:32.574+0000][428][safepoint   ] Safepoint "Cleanup", Time since last: 2008859800 ns, Reaching safepoint: 161800 ns, At safepoint: 11300 ns, Total: 173100 ns
[2024-04-16T19:21:33.589+0000][428][safepoint   ] Safepoint "Cleanup", Time since last: 1014698700 ns, Reaching safepoint: 136100 ns, At safepoint: 16100 ns, Total: 152200 ns
[2024-04-16T19:21:35.611+0000][428][safepoint   ] Safepoint "Cleanup", Time since last: 2022579200 ns, Reaching safepoint: 68000 ns, At safepoint: 8900 ns, Total: 76900 ns
[2024-04-16T19:21:36.616+0000][428][safepoint   ] Safepoint "Cleanup", Time since last: 1004437400 ns, Reaching safepoint: 96900 ns, At safepoint: 16200 ns, Total: 113100 ns
[2024-04-16T19:21:38.623+0000][428][safepoint   ] Safepoint "Cleanup", Time since last: 2006996700 ns, Reaching safepoint: 80900 ns, At safepoint: 7800 ns, Total: 88700 ns
[2024-04-16T19:21:39.798+0000][428][safepoint   ] Safepoint "Cleanup", Time since last: 1175073100 ns, Reaching safepoint: 151200 ns, At safepoint: 12900 ns, Total: 164100 ns
[2024-04-16T19:21:40.802+0000][428][safepoint   ] Safepoint "Cleanup", Time since last: 1003444600 ns, Reaching safepoint: 147500 ns, At safepoint: 16000 ns, Total: 163500 ns
[2024-04-16T19:21:42.062+0000][428][safepoint   ] Safepoint "Cleanup", Time since last: 1150804800 ns, Reaching safepoint: 108701500 ns, At safepoint: 1321900 ns, Total: 110023400 ns
[2024-04-16T19:21:43.163+0000][428][safepoint   ] Safepoint "Cleanup", Time since last: 1007208300 ns, Reaching safepoint: 85382100 ns, At safepoint: 9213500 ns, Total: 94595600 ns
[2024-04-16T19:21:44.254+0000][428][safepoint   ] Safepoint "Cleanup", Time since last: 1005541900 ns, Reaching safepoint: 83793900 ns, At safepoint: 273200 ns, Total: 84067100 ns
[2024-04-16T19:21:46.357+0000][428][safepoint   ] Safepoint "Cleanup", Time since last: 2002584100 ns, Reaching safepoint: 99989000 ns, At safepoint: 5039700 ns, Total: 105028700 ns
[2024-04-16T19:21:47.385+0000][428][safepoint   ] Safepoint "Cleanup", Time since last: 1008506800 ns, Reaching safepoint: 15076300 ns, At safepoint: 94200 ns, Total: 15170500 ns
[2024-04-16T19:21:48.386+0000][428][safepoint   ] Safepoint "Cleanup", Time since last: 1000424400 ns, Reaching safepoint: 528800 ns, At safepoint: 106300 ns, Total: 635100 ns
[2024-04-16T19:21:49.399+0000][428][safepoint   ] Safepoint "Cleanup", Time since last: 1012012200 ns, Reaching safepoint: 95300 ns, At safepoint: 48900 ns, Total: 144200 ns
[2024-04-16T19:21:50.406+0000][428][safepoint   ] Safepoint "Cleanup", Time since last: 1006924300 ns, Reaching safepoint: 104200 ns, At safepoint: 60600 ns, Total: 164800 ns
[2024-04-16T19:21:51.420+0000][428][safepoint   ] Safepoint "Cleanup", Time since last: 1013889800 ns, Reaching safepoint: 180700 ns, At safepoint: 81500 ns, Total: 262200 ns
[2024-04-16T19:21:52.421+0000][428][safepoint   ] Safepoint "Cleanup", Time since last: 1001216500 ns, Reaching safepoint: 151800 ns, At safepoint: 65200 ns, Total: 217000 ns
[2024-04-16T19:21:54.439+0000][428][safepoint   ] Safepoint "Cleanup", Time since last: 2016903300 ns, Reaching safepoint: 682700 ns, At safepoint: 72300 ns, Total: 755000 ns
[2024-04-16T19:21:55.447+0000][428][safepoint   ] Safepoint "Cleanup", Time since last: 1007751800 ns, Reaching safepoint: 116300 ns, At safepoint: 63100 ns, Total: 179400 ns
[2024-04-16T19:21:56.455+0000][428][safepoint   ] Safepoint "Cleanup", Time since last: 1008197800 ns, Reaching safepoint: 120500 ns, At safepoint: 51800 ns, Total: 172300 ns
[2024-04-16T19:21:57.464+0000][428][safepoint   ] Safepoint "Cleanup", Time since last: 1007470100 ns, Reaching safepoint: 687700 ns, At safepoint: 31100 ns, Total: 718800 ns
[2024-04-16T19:21:58.473+0000][428][safepoint   ] Safepoint "Cleanup", Time since last: 1009735300 ns, Reaching safepoint: 211600 ns, At safepoint: 88700 ns, Total: 300300 ns
[2024-04-16T19:21:59.485+0000][428][safepoint   ] Safepoint "Cleanup", Time since last: 1011415800 ns, Reaching safepoint: 160200 ns, At safepoint: 70700 ns, Total: 230900 ns
[2024-04-16T19:22:02.509+0000][428][safepoint   ] Safepoint "Cleanup", Time since last: 3023498900 ns, Reaching safepoint: 100200 ns, At safepoint: 26800 ns, Total: 127000 ns
[2024-04-16T19:22:03.522+0000][428][safepoint   ] Safepoint "Cleanup", Time since last: 1012627700 ns, Reaching safepoint: 107300 ns, At safepoint: 26800 ns, Total: 134100 ns
[2024-04-16T19:22:08.549+0000][428][safepoint   ] Safepoint "Cleanup", Time since last: 5026877200 ns, Reaching safepoint: 97100 ns, At safepoint: 56000 ns, Total: 153100 ns
[2024-04-16T19:22:09.557+0000][428][safepoint   ] Safepoint "Cleanup", Time since last: 1008483100 ns, Reaching safepoint: 84900 ns, At safepoint: 82000 ns, Total: 166900 ns
[2024-04-16T19:22:12.575+0000][428][safepoint   ] Safepoint "Cleanup", Time since last: 3017425400 ns, Reaching safepoint: 87600 ns, At safepoint: 62500 ns, Total: 150100 ns
[2024-04-16T19:22:14.594+0000][428][safepoint   ] Safepoint "Cleanup", Time since last: 2019244800 ns, Reaching safepoint: 89400 ns, At safepoint: 18000 ns, Total: 107400 ns
[2024-04-16T19:22:17.616+0000][428][safepoint   ] Safepoint "Cleanup", Time since last: 3021428400 ns, Reaching safepoint: 171500 ns, At safepoint: 66100 ns, Total: 237600 ns
[2024-04-16T19:22:20.616+0000][428][safepoint   ] Safepoint "Cleanup", Time since last: 3000630900 ns, Reaching safepoint: 137000 ns, At safepoint: 62400 ns, Total: 199400 ns
[2024-04-16T19:22:21.631+0000][428][safepoint   ] Safepoint "Cleanup", Time since last: 1014350300 ns, Reaching safepoint: 204400 ns, At safepoint: 43200 ns, Total: 247600 ns
[2024-04-16T19:22:26.672+0000][428][safepoint   ] Safepoint "Cleanup", Time since last: 5040729100 ns, Reaching safepoint: 158600 ns, At safepoint: 71800 ns, Total: 230400 ns
[2024-04-16T19:22:27.682+0000][428][safepoint   ] Safepoint "Cleanup", Time since last: 1009077100 ns, Reaching safepoint: 211300 ns, At safepoint: 60100 ns, Total: 271400 ns
[2024-04-16T19:22:32.716+0000][428][safepoint   ] Safepoint "Cleanup", Time since last: 5034530900 ns, Reaching safepoint: 117000 ns, At safepoint: 66200 ns, Total: 183200 ns
[2024-04-16T19:22:34.730+0000][428][safepoint   ] Safepoint "Cleanup", Time since last: 2013506100 ns, Reaching safepoint: 99900 ns, At safepoint: 34600 ns, Total: 134500 ns
[2024-04-16T19:22:38.759+0000][428][safepoint   ] Safepoint "Cleanup", Time since last: 4028995000 ns, Reaching safepoint: 122000 ns, At safepoint: 63200 ns, Total: 185200 ns
[2024-04-16T19:22:39.207+0000][428][safepoint   ] Safepoint "ICBufferFull", Time since last: 447457200 ns, Reaching safepoint: 252200 ns, At safepoint: 20800 ns, Total: 273000 ns
[2024-04-16T19:22:39.982+0000][428][safepoint   ] Safepoint "ICBufferFull", Time since last: 774682600 ns, Reaching safepoint: 229500 ns, At safepoint: 16600 ns, Total: 246100 ns
[2024-04-16T19:22:39.982+0000][428][safepoint   ] Safepoint "ICBufferFull", Time since last: 71000 ns, Reaching safepoint: 39900 ns, At safepoint: 9100 ns, Total: 49000 ns
[2024-04-16T19:22:41.458+0000][428][safepoint   ] Safepoint "Cleanup", Time since last: 1476163300 ns, Reaching safepoint: 322100 ns, At safepoint: 19000 ns, Total: 341100 ns
[2024-04-16T19:22:42.459+0000][428][safepoint   ] Safepoint "Cleanup", Time since last: 1000317700 ns, Reaching safepoint: 143400 ns, At safepoint: 24800 ns, Total: 168200 ns
[2024-04-16T19:22:44.477+0000][428][safepoint   ] Safepoint "Cleanup", Time since last: 2018318700 ns, Reaching safepoint: 85200 ns, At safepoint: 9300 ns, Total: 94500 ns
[2024-04-16T19:22:45.484+0000][428][safepoint   ] Safepoint "Cleanup", Time since last: 1006192900 ns, Reaching safepoint: 85100 ns, At safepoint: 13300 ns, Total: 98400 ns
[2024-04-16T19:22:46.489+0000][428][safepoint   ] Safepoint "Cleanup", Time since last: 1004732900 ns, Reaching safepoint: 168700 ns, At safepoint: 16300 ns, Total: 185000 ns
[2024-04-16T19:22:47.492+0000][428][safepoint   ] Safepoint "Cleanup", Time since last: 1003642200 ns, Reaching safepoint: 101300 ns, At safepoint: 15500 ns, Total: 116800 ns
[2024-04-16T19:22:48.502+0000][428][safepoint   ] Safepoint "Cleanup", Time since last: 1009345900 ns, Reaching safepoint: 163600 ns, At safepoint: 15700 ns, Total: 179300 ns
[2024-04-16T19:22:52.523+0000][428][safepoint   ] Safepoint "Cleanup", Time since last: 4020948800 ns, Reaching safepoint: 157500 ns, At safepoint: 19100 ns, Total: 176600 ns
[2024-04-16T19:22:53.533+0000][428][safepoint   ] Safepoint "Cleanup", Time since last: 1009826800 ns, Reaching safepoint: 100500 ns, At safepoint: 15000 ns, Total: 115500 ns
[2024-04-16T19:22:55.538+0000][428][safepoint   ] Safepoint "Cleanup", Time since last: 2005094700 ns, Reaching safepoint: 241400 ns, At safepoint: 19800 ns, Total: 261200 ns
[2024-04-16T19:22:56.551+0000][428][safepoint   ] Safepoint "Cleanup", Time since last: 1013093700 ns, Reaching safepoint: 87000 ns, At safepoint: 18900 ns, Total: 105900 ns
[2024-04-16T19:22:57.561+0000][428][safepoint   ] Safepoint "Cleanup", Time since last: 1009216100 ns, Reaching safepoint: 130600 ns, At safepoint: 10200 ns, Total: 140800 ns
[2024-04-16T19:22:58.567+0000][428][safepoint   ] Safepoint "Cleanup", Time since last: 1006427500 ns, Reaching safepoint: 80600 ns, At safepoint: 13800 ns, Total: 94400 ns
[2024-04-16T19:23:02.595+0000][428][safepoint   ] Safepoint "Cleanup", Time since last: 4027095200 ns, Reaching safepoint: 94300 ns, At safepoint: 15200 ns, Total: 109500 ns
[2024-04-16T19:23:03.604+0000][428][safepoint   ] Safepoint "Cleanup", Time since last: 1009445100 ns, Reaching safepoint: 132800 ns, At safepoint: 16200 ns, Total: 149000 ns
[2024-04-16T19:23:09.673+0000][428][safepoint   ] Safepoint "Cleanup", Time since last: 6068843900 ns, Reaching safepoint: 84100 ns, At safepoint: 25600 ns, Total: 109700 ns
[2024-04-16T19:23:10.681+0000][428][safepoint   ] Safepoint "Cleanup", Time since last: 1007579000 ns, Reaching safepoint: 337100 ns, At safepoint: 98500 ns, Total: 435600 ns
[2024-04-16T19:23:13.699+0000][428][safepoint   ] Safepoint "Cleanup", Time since last: 3017366700 ns, Reaching safepoint: 127500 ns, At safepoint: 15100 ns, Total: 142600 ns
[2024-04-16T19:23:14.715+0000][428][safepoint   ] Safepoint "Cleanup", Time since last: 1016508200 ns, Reaching safepoint: 90300 ns, At safepoint: 7200 ns, Total: 97500 ns
[2024-04-16T19:23:17.741+0000][428][safepoint   ] Safepoint "Cleanup", Time since last: 3025736400 ns, Reaching safepoint: 196600 ns, At safepoint: 26800 ns, Total: 223400 ns
[2024-04-16T19:23:18.748+0000][428][safepoint   ] Safepoint "Cleanup", Time since last: 1007006900 ns, Reaching safepoint: 161700 ns, At safepoint: 28600 ns, Total: 190300 ns
[2024-04-16T19:23:21.764+0000][428][safepoint   ] Safepoint "Cleanup", Time since last: 3015696400 ns, Reaching safepoint: 107900 ns, At safepoint: 19000 ns, Total: 126900 ns
[2024-04-16T19:23:23.787+0000][428][safepoint   ] Safepoint "Cleanup", Time since last: 2022628400 ns, Reaching safepoint: 170100 ns, At safepoint: 18300 ns, Total: 188400 ns
[2024-04-16T19:23:26.801+0000][428][safepoint   ] Safepoint "Cleanup", Time since last: 3013720600 ns, Reaching safepoint: 100000 ns, At safepoint: 21500 ns, Total: 121500 ns
[2024-04-16T19:23:27.806+0000][428][safepoint   ] Safepoint "Cleanup", Time since last: 1004831600 ns, Reaching safepoint: 69400 ns, At safepoint: 10800 ns, Total: 80200 ns
[2024-04-16T19:23:32.841+0000][428][safepoint   ] Safepoint "Cleanup", Time since last: 5034770000 ns, Reaching safepoint: 132000 ns, At safepoint: 12700 ns, Total: 144700 ns
[2024-04-16T19:23:33.847+0000][428][safepoint   ] Safepoint "Cleanup", Time since last: 1006014700 ns, Reaching safepoint: 138300 ns, At safepoint: 35900 ns, Total: 174200 ns
[2024-04-16T19:23:34.848+0000][428][safepoint   ] Safepoint "Cleanup", Time since last: 1001333500 ns, Reaching safepoint: 143500 ns, At safepoint: 17400 ns, Total: 160900 ns
[2024-04-16T19:23:35.856+0000][428][safepoint   ] Safepoint "Cleanup", Time since last: 1007806500 ns, Reaching safepoint: 112600 ns, At safepoint: 16500 ns, Total: 129100 ns
[2024-04-16T19:23:36.862+0000][428][safepoint   ] Safepoint "Cleanup", Time since last: 1006231600 ns, Reaching safepoint: 121300 ns, At safepoint: 32400 ns, Total: 153700 ns
[2024-04-16T19:23:37.873+0000][428][safepoint   ] Safepoint "Cleanup", Time since last: 1010413700 ns, Reaching safepoint: 199500 ns, At safepoint: 21200 ns, Total: 220700 ns
[2024-04-16T19:23:38.879+0000][428][safepoint   ] Safepoint "Cleanup", Time since last: 1004706500 ns, Reaching safepoint: 676300 ns, At safepoint: 20700 ns, Total: 697000 ns
[2024-04-16T19:23:41.894+0000][428][safepoint   ] Safepoint "Cleanup", Time since last: 3015430900 ns, Reaching safepoint: 250900 ns, At safepoint: 25500 ns, Total: 276400 ns
[2024-04-16T19:23:42.895+0000][428][safepoint   ] Safepoint "Cleanup", Time since last: 1000972600 ns, Reaching safepoint: 150500 ns, At safepoint: 26500 ns, Total: 177000 ns
[2024-04-16T19:23:44.908+0000][428][safepoint   ] Safepoint "Cleanup", Time since last: 2012628700 ns, Reaching safepoint: 99300 ns, At safepoint: 29300 ns, Total: 128600 ns
[2024-04-16T19:23:45.913+0000][428][safepoint   ] Safepoint "Cleanup", Time since last: 1004800000 ns, Reaching safepoint: 80600 ns, At safepoint: 64500 ns, Total: 145100 ns
[2024-04-16T19:23:47.935+0000][428][safepoint   ] Safepoint "Cleanup", Time since last: 2021989600 ns, Reaching safepoint: 164400 ns, At safepoint: 73200 ns, Total: 237600 ns
[2024-04-16T19:23:50.951+0000][428][safepoint   ] Safepoint "Cleanup", Time since last: 3015761000 ns, Reaching safepoint: 165600 ns, At safepoint: 24900 ns, Total: 190500 ns
[2024-04-16T19:23:51.952+0000][428][safepoint   ] Safepoint "Cleanup", Time since last: 1000899600 ns, Reaching safepoint: 95200 ns, At safepoint: 31100 ns, Total: 126300 ns
[2024-04-16T19:23:52.957+0000][428][safepoint   ] Safepoint "Cleanup", Time since last: 1003958000 ns, Reaching safepoint: 237900 ns, At safepoint: 30200 ns, Total: 268100 ns
[2024-04-16T19:23:54.961+0000][428][safepoint   ] Safepoint "Cleanup", Time since last: 2004133500 ns, Reaching safepoint: 162000 ns, At safepoint: 29200 ns, Total: 191200 ns
[2024-04-16T19:23:56.972+0000][428][safepoint   ] Safepoint "Cleanup", Time since last: 2011236600 ns, Reaching safepoint: 119500 ns, At safepoint: 23100 ns, Total: 142600 ns
[2024-04-16T19:23:57.990+0000][428][safepoint   ] Safepoint "Cleanup", Time since last: 1017416700 ns, Reaching safepoint: 313800 ns, At safepoint: 77500 ns, Total: 391300 ns
[2024-04-16T19:24:03.036+0000][428][safepoint   ] Safepoint "Cleanup", Time since last: 5045531100 ns, Reaching safepoint: 91600 ns, At safepoint: 66100 ns, Total: 157700 ns
[2024-04-16T19:24:04.045+0000][428][safepoint   ] Safepoint "Cleanup", Time since last: 1008854000 ns, Reaching safepoint: 124000 ns, At safepoint: 67600 ns, Total: 191600 ns
[2024-04-16T19:24:09.059+0000][428][safepoint   ] Safepoint "Cleanup", Time since last: 5013988700 ns, Reaching safepoint: 82800 ns, At safepoint: 26900 ns, Total: 109700 ns
[2024-04-16T19:24:10.061+0000][428][safepoint   ] Safepoint "Cleanup", Time since last: 1001790000 ns, Reaching safepoint: 71700 ns, At safepoint: 23700 ns, Total: 95400 ns
[2024-04-16T19:24:11.524+0000][428][safepoint   ] Safepoint "Cleanup", Time since last: 1463264900 ns, Reaching safepoint: 112900 ns, At safepoint: 14700 ns, Total: 127600 ns
[2024-04-16T19:24:14.533+0000][428][safepoint   ] Safepoint "Cleanup", Time since last: 3008312400 ns, Reaching safepoint: 95000 ns, At safepoint: 14600 ns, Total: 109600 ns
[2024-04-16T19:24:15.540+0000][428][safepoint   ] Safepoint "Cleanup", Time since last: 1006725300 ns, Reaching safepoint: 87000 ns, At safepoint: 13200 ns, Total: 100200 ns
[2024-04-16T19:24:17.545+0000][428][safepoint   ] Safepoint "Cleanup", Time since last: 2004830700 ns, Reaching safepoint: 141000 ns, At safepoint: 23600 ns, Total: 164600 ns
[2024-04-16T19:24:19.560+0000][428][safepoint   ] Safepoint "Cleanup", Time since last: 2015279100 ns, Reaching safepoint: 110800 ns, At safepoint: 17300 ns, Total: 128100 ns
[2024-04-16T19:24:20.561+0000][428][safepoint   ] Safepoint "Cleanup", Time since last: 1001242500 ns, Reaching safepoint: 88000 ns, At safepoint: 10200 ns, Total: 98200 ns
[2024-04-16T19:24:25.620+0000][428][safepoint   ] Safepoint "Cleanup", Time since last: 5058784300 ns, Reaching safepoint: 128700 ns, At safepoint: 29300 ns, Total: 158000 ns
[2024-04-16T19:24:27.630+0000][428][safepoint   ] Safepoint "Cleanup", Time since last: 2009515400 ns, Reaching safepoint: 184600 ns, At safepoint: 14100 ns, Total: 198700 ns
[2024-04-16T19:24:28.634+0000][428][safepoint   ] Safepoint "Cleanup", Time since last: 1003628700 ns, Reaching safepoint: 262500 ns, At safepoint: 37300 ns, Total: 299800 ns
[2024-04-16T19:24:29.644+0000][428][safepoint   ] Safepoint "Cleanup", Time since last: 1009944400 ns, Reaching safepoint: 120200 ns, At safepoint: 18500 ns, Total: 138700 ns
[2024-04-16T19:24:31.655+0000][428][safepoint   ] Safepoint "Cleanup", Time since last: 2010923300 ns, Reaching safepoint: 134800 ns, At safepoint: 16500 ns, Total: 151300 ns
[2024-04-16T19:24:32.662+0000][428][safepoint   ] Safepoint "Cleanup", Time since last: 1006434900 ns, Reaching safepoint: 97500 ns, At safepoint: 17500 ns, Total: 115000 ns
[2024-04-16T19:24:37.693+0000][428][safepoint   ] Safepoint "Cleanup", Time since last: 5031526900 ns, Reaching safepoint: 97800 ns, At safepoint: 16200 ns, Total: 114000 ns
[2024-04-16T19:24:38.705+0000][428][safepoint   ] Safepoint "Cleanup", Time since last: 1011552700 ns, Reaching safepoint: 91800 ns, At safepoint: 11100 ns, Total: 102900 ns
[2024-04-16T19:24:40.722+0000][428][safepoint   ] Safepoint "Cleanup", Time since last: 2016608100 ns, Reaching safepoint: 141700 ns, At safepoint: 19700 ns, Total: 161400 ns
[2024-04-16T19:24:41.731+0000][428][safepoint   ] Safepoint "Cleanup", Time since last: 1009336600 ns, Reaching safepoint: 121200 ns, At safepoint: 20700 ns, Total: 141900 ns
[2024-04-16T19:24:44.761+0000][428][safepoint   ] Safepoint "Cleanup", Time since last: 3029815900 ns, Reaching safepoint: 92000 ns, At safepoint: 14000 ns, Total: 106000 ns
[2024-04-16T19:24:45.772+0000][428][safepoint   ] Safepoint "Cleanup", Time since last: 1010987300 ns, Reaching safepoint: 123000 ns, At safepoint: 17500 ns, Total: 140500 ns
[2024-04-16T19:24:47.798+0000][428][safepoint   ] Safepoint "Cleanup", Time since last: 2026131600 ns, Reaching safepoint: 104000 ns, At safepoint: 15400 ns, Total: 119400 ns
[2024-04-16T19:24:48.801+0000][428][safepoint   ] Safepoint "Cleanup", Time since last: 1002294600 ns, Reaching safepoint: 159600 ns, At safepoint: 16200 ns, Total: 175800 ns
[2024-04-16T19:24:50.822+0000][428][safepoint   ] Safepoint "Cleanup", Time since last: 2021041400 ns, Reaching safepoint: 98100 ns, At safepoint: 10700 ns, Total: 108800 ns
[2024-04-16T19:24:51.828+0000][428][safepoint   ] Safepoint "Cleanup", Time since last: 1005610500 ns, Reaching safepoint: 111600 ns, At safepoint: 14800 ns, Total: 126400 ns
[2024-04-16T19:24:52.842+0000][428][safepoint   ] Safepoint "Cleanup", Time since last: 1014027700 ns, Reaching safepoint: 163900 ns, At safepoint: 16500 ns, Total: 180400 ns
[2024-04-16T19:24:56.877+0000][428][safepoint   ] Safepoint "Cleanup", Time since last: 4035296400 ns, Reaching safepoint: 77700 ns, At safepoint: 59700 ns, Total: 137400 ns
[2024-04-16T19:24:57.886+0000][428][safepoint   ] Safepoint "Cleanup", Time since last: 1008418000 ns, Reaching safepoint: 152700 ns, At safepoint: 16600 ns, Total: 169300 ns
[2024-04-16T19:24:59.905+0000][428][safepoint   ] Safepoint "Cleanup", Time since last: 2018616400 ns, Reaching safepoint: 106000 ns, At safepoint: 36000 ns, Total: 142000 ns
[2024-04-16T19:25:02.925+0000][428][safepoint   ] Safepoint "Cleanup", Time since last: 3019592800 ns, Reaching safepoint: 86600 ns, At safepoint: 30900 ns, Total: 117500 ns
[2024-04-16T19:25:09.963+0000][428][safepoint   ] Safepoint "Cleanup", Time since last: 7038200900 ns, Reaching safepoint: 121600 ns, At safepoint: 14100 ns, Total: 135700 ns
[2024-04-16T19:25:13.993+0000][428][safepoint   ] Safepoint "Cleanup", Time since last: 4030249300 ns, Reaching safepoint: 74400 ns, At safepoint: 16900 ns, Total: 91300 ns
[2024-04-16T19:25:14.998+0000][428][safepoint   ] Safepoint "Cleanup", Time since last: 1004687100 ns, Reaching safepoint: 102100 ns, At safepoint: 9500 ns, Total: 111600 ns
[2024-04-16T19:25:16.005+0000][428][safepoint   ] Safepoint "Cleanup", Time since last: 1006883900 ns, Reaching safepoint: 119900 ns, At safepoint: 55900 ns, Total: 175800 ns
[2024-04-16T19:25:17.022+0000][428][safepoint   ] Safepoint "Cleanup", Time since last: 1017030400 ns, Reaching safepoint: 98000 ns, At safepoint: 21000 ns, Total: 119000 ns
[2024-04-16T19:25:18.030+0000][428][safepoint   ] Safepoint "Cleanup", Time since last: 1008159500 ns, Reaching safepoint: 98900 ns, At safepoint: 16800 ns, Total: 115700 ns
[2024-04-16T19:25:21.062+0000][428][safepoint   ] Safepoint "Cleanup", Time since last: 3031436700 ns, Reaching safepoint: 94100 ns, At safepoint: 19700 ns, Total: 113800 ns
[2024-04-16T19:25:24.086+0000][428][safepoint   ] Safepoint "Cleanup", Time since last: 3023970900 ns, Reaching safepoint: 168700 ns, At safepoint: 26300 ns, Total: 195000 ns
[2024-04-16T19:25:27.102+0000][428][safepoint   ] Safepoint "Cleanup", Time since last: 3015744100 ns, Reaching safepoint: 118200 ns, At safepoint: 16000 ns, Total: 134200 ns
[2024-04-16T19:25:39.175+0000][428][safepoint   ] Safepoint "Cleanup", Time since last: 12072581800 ns, Reaching safepoint: 89000 ns, At safepoint: 11800 ns, Total: 100800 ns
[2024-04-16T19:25:41.189+0000][428][safepoint   ] Safepoint "Cleanup", Time since last: 2014615700 ns, Reaching safepoint: 96600 ns, At safepoint: 16100 ns, Total: 112700 ns
[2024-04-16T19:25:45.220+0000][428][safepoint   ] Safepoint "Cleanup", Time since last: 4030019300 ns, Reaching safepoint: 94200 ns, At safepoint: 17600 ns, Total: 111800 ns
[2024-04-16T19:25:48.227+0000][428][safepoint   ] Safepoint "Cleanup", Time since last: 3007732100 ns, Reaching safepoint: 98900 ns, At safepoint: 14800 ns, Total: 113700 ns
[2024-04-16T19:25:57.301+0000][428][safepoint   ] Safepoint "Cleanup", Time since last: 9073594200 ns, Reaching safepoint: 84400 ns, At safepoint: 19600 ns, Total: 104000 ns
[2024-04-16T19:25:58.304+0000][428][safepoint   ] Safepoint "Cleanup", Time since last: 1002516600 ns, Reaching safepoint: 107000 ns, At safepoint: 17500 ns, Total: 124500 ns
[2024-04-16T19:26:03.324+0000][428][safepoint   ] Safepoint "Cleanup", Time since last: 5019767600 ns, Reaching safepoint: 87100 ns, At safepoint: 54700 ns, Total: 141800 ns
[2024-04-16T19:26:15.385+0000][428][safepoint   ] Safepoint "Cleanup", Time since last: 12060892600 ns, Reaching safepoint: 110100 ns, At safepoint: 44700 ns, Total: 154800 ns
[2024-04-16T19:26:16.396+0000][428][safepoint   ] Safepoint "Cleanup", Time since last: 1010739700 ns, Reaching safepoint: 94000 ns, At safepoint: 34200 ns, Total: 128200 ns
[2024-04-16T19:26:21.429+0000][428][safepoint   ] Safepoint "Cleanup", Time since last: 5032771700 ns, Reaching safepoint: 83400 ns, At safepoint: 43400 ns, Total: 126800 ns
[2024-04-16T19:26:39.582+0000][428][safepoint   ] Safepoint "Cleanup", Time since last: 18153172600 ns, Reaching safepoint: 74700 ns, At safepoint: 56800 ns, Total: 131500 ns
[2024-04-16T19:26:40.599+0000][428][safepoint   ] Safepoint "Cleanup", Time since last: 1017077100 ns, Reaching safepoint: 127500 ns, At safepoint: 57300 ns, Total: 184800 ns
[2024-04-16T19:26:45.622+0000][428][safepoint   ] Safepoint "Cleanup", Time since last: 5023198200 ns, Reaching safepoint: 82100 ns, At safepoint: 75400 ns, Total: 157500 ns
[2024-04-16T19:26:46.632+0000][428][safepoint   ] Safepoint "Cleanup", Time since last: 1009314900 ns, Reaching safepoint: 89700 ns, At safepoint: 32300 ns, Total: 122000 ns
[2024-04-16T19:26:51.685+0000][428][safepoint   ] Safepoint "Cleanup", Time since last: 5052734800 ns, Reaching safepoint: 104500 ns, At safepoint: 21800 ns, Total: 126300 ns
[2024-04-16T19:26:52.692+0000][428][safepoint   ] Safepoint "Cleanup", Time since last: 1006911100 ns, Reaching safepoint: 129200 ns, At safepoint: 82800 ns, Total: 212000 ns
[2024-04-16T19:26:53.692+0000][428][safepoint   ] Safepoint "Cleanup", Time since last: 1000484100 ns, Reaching safepoint: 117900 ns, At safepoint: 49600 ns, Total: 167500 ns
[2024-04-16T19:26:54.701+0000][428][safepoint   ] Safepoint "Cleanup", Time since last: 1008074900 ns, Reaching safepoint: 95000 ns, At safepoint: 68600 ns, Total: 163600 ns
[2024-04-16T19:26:55.714+0000][428][safepoint   ] Safepoint "Cleanup", Time since last: 1012720700 ns, Reaching safepoint: 126700 ns, At safepoint: 74200 ns, Total: 200900 ns
[2024-04-16T19:26:57.738+0000][428][safepoint   ] Safepoint "Cleanup", Time since last: 2024313900 ns, Reaching safepoint: 162900 ns, At safepoint: 70100 ns, Total: 233000 ns
[2024-04-16T19:26:58.745+0000][428][safepoint   ] Safepoint "Cleanup", Time since last: 1006686200 ns, Reaching safepoint: 104600 ns, At safepoint: 66100 ns, Total: 170700 ns
[2024-04-16T19:27:03.768+0000][428][safepoint   ] Safepoint "Cleanup", Time since last: 5022902000 ns, Reaching safepoint: 87200 ns, At safepoint: 55700 ns, Total: 142900 ns
[2024-04-16T19:27:04.772+0000][428][safepoint   ] Safepoint "Cleanup", Time since last: 1003990200 ns, Reaching safepoint: 109000 ns, At safepoint: 71400 ns, Total: 180400 ns
[2024-04-16T19:27:05.781+0000][428][safepoint   ] Safepoint "Cleanup", Time since last: 1008385400 ns, Reaching safepoint: 102700 ns, At safepoint: 76000 ns, Total: 178700 ns
[2024-04-16T19:27:09.802+0000][428][safepoint   ] Safepoint "Cleanup", Time since last: 4021501600 ns, Reaching safepoint: 125500 ns, At safepoint: 59700 ns, Total: 185200 ns
[2024-04-16T19:27:10.810+0000][428][safepoint   ] Safepoint "Cleanup", Time since last: 1007430200 ns, Reaching safepoint: 83500 ns, At safepoint: 35800 ns, Total: 119300 ns
[2024-04-16T19:27:14.838+0000][428][safepoint   ] Safepoint "Cleanup", Time since last: 4028078100 ns, Reaching safepoint: 88800 ns, At safepoint: 37100 ns, Total: 125900 ns
[2024-04-16T19:27:27.934+0000][428][safepoint   ] Safepoint "Cleanup", Time since last: 13095678200 ns, Reaching safepoint: 136900 ns, At safepoint: 27400 ns, Total: 164300 ns
[2024-04-16T19:27:28.945+0000][428][safepoint   ] Safepoint "Cleanup", Time since last: 1010533300 ns, Reaching safepoint: 97300 ns, At safepoint: 31300 ns, Total: 128600 ns
[2024-04-16T19:27:41.053+0000][428][safepoint   ] Safepoint "Cleanup", Time since last: 12108042400 ns, Reaching safepoint: 164600 ns, At safepoint: 89000 ns, Total: 253600 ns
[2024-04-16T19:27:45.089+0000][428][safepoint   ] Safepoint "Cleanup", Time since last: 4035986300 ns, Reaching safepoint: 82100 ns, At safepoint: 24300 ns, Total: 106400 ns
[2024-04-16T19:27:46.101+0000][428][safepoint   ] Safepoint "Cleanup", Time since last: 1011157400 ns, Reaching safepoint: 116900 ns, At safepoint: 73000 ns, Total: 189900 ns
[2024-04-16T19:27:49.120+0000][428][safepoint   ] Safepoint "Cleanup", Time since last: 3019428600 ns, Reaching safepoint: 130500 ns, At safepoint: 31700 ns, Total: 162200 ns
[2024-04-16T19:27:51.137+0000][428][safepoint   ] Safepoint "Cleanup", Time since last: 2016917700 ns, Reaching safepoint: 70600 ns, At safepoint: 26300 ns, Total: 96900 ns
[2024-04-16T19:27:52.149+0000][428][safepoint   ] Safepoint "Cleanup", Time since last: 1011671600 ns, Reaching safepoint: 126600 ns, At safepoint: 39500 ns, Total: 166100 ns
[2024-04-16T19:27:55.388+0000][428][safepoint   ] Safepoint "Cleanup", Time since last: 3239625300 ns, Reaching safepoint: 81000 ns, At safepoint: 9200 ns, Total: 90200 ns
[2024-04-16T19:27:56.394+0000][428][safepoint   ] Safepoint "Cleanup", Time since last: 1004612500 ns, Reaching safepoint: 158100 ns, At safepoint: 70700 ns, Total: 228800 ns
[2024-04-16T19:27:57.405+0000][428][safepoint   ] Safepoint "Cleanup", Time since last: 1011462800 ns, Reaching safepoint: 126600 ns, At safepoint: 19300 ns, Total: 145900 ns
[2024-04-16T19:27:58.412+0000][428][safepoint   ] Safepoint "Cleanup", Time since last: 1006642600 ns, Reaching safepoint: 144700 ns, At safepoint: 18400 ns, Total: 163100 ns
[2024-04-16T19:27:59.428+0000][428][safepoint   ] Safepoint "Cleanup", Time since last: 1016106300 ns, Reaching safepoint: 77800 ns, At safepoint: 11700 ns, Total: 89500 ns
[2024-04-16T19:28:00.437+0000][428][safepoint   ] Safepoint "Cleanup", Time since last: 1008798000 ns, Reaching safepoint: 105900 ns, At safepoint: 18800 ns, Total: 124700 ns
[2024-04-16T19:28:03.274+0000][428][safepoint   ] Safepoint "Cleanup", Time since last: 2837451600 ns, Reaching safepoint: 86400 ns, At safepoint: 54600 ns, Total: 141000 ns
[2024-04-16T19:28:04.285+0000][428][safepoint   ] Safepoint "Cleanup", Time since last: 1010436800 ns, Reaching safepoint: 156200 ns, At safepoint: 31900 ns, Total: 188100 ns
[2024-04-16T19:28:06.314+0000][428][safepoint   ] Safepoint "Cleanup", Time since last: 2028506600 ns, Reaching safepoint: 95100 ns, At safepoint: 79700 ns, Total: 174800 ns
[2024-04-16T19:28:09.348+0000][428][safepoint   ] Safepoint "Cleanup", Time since last: 3033638400 ns, Reaching safepoint: 75700 ns, At safepoint: 10700 ns, Total: 86400 ns
[2024-04-16T19:28:10.362+0000][428][safepoint   ] Safepoint "Cleanup", Time since last: 1013958200 ns, Reaching safepoint: 105100 ns, At safepoint: 14400 ns, Total: 119500 ns
[2024-04-16T19:28:14.390+0000][428][safepoint   ] Safepoint "Cleanup", Time since last: 4028509800 ns, Reaching safepoint: 114900 ns, At safepoint: 68400 ns, Total: 183300 ns
[2024-04-16T19:28:15.405+0000][428][safepoint   ] Safepoint "Cleanup", Time since last: 1014045800 ns, Reaching safepoint: 107200 ns, At safepoint: 19500 ns, Total: 126700 ns
[2024-04-16T19:28:18.434+0000][428][safepoint   ] Safepoint "Cleanup", Time since last: 3029555700 ns, Reaching safepoint: 125300 ns, At safepoint: 18100 ns, Total: 143400 ns
[2024-04-16T19:28:23.463+0000][428][safepoint   ] Safepoint "Cleanup", Time since last: 5028934600 ns, Reaching safepoint: 120600 ns, At safepoint: 19700 ns, Total: 140300 ns
[2024-04-16T19:28:27.496+0000][428][safepoint   ] Safepoint "Cleanup", Time since last: 4032765400 ns, Reaching safepoint: 109800 ns, At safepoint: 13600 ns, Total: 123400 ns
[2024-04-16T19:28:33.548+0000][428][safepoint   ] Safepoint "Cleanup", Time since last: 6051650400 ns, Reaching safepoint: 58000 ns, At safepoint: 16400 ns, Total: 74400 ns
[2024-04-16T19:28:38.593+0000][428][safepoint   ] Safepoint "Cleanup", Time since last: 5045281300 ns, Reaching safepoint: 103100 ns, At safepoint: 19800 ns, Total: 122900 ns
[2024-04-16T19:28:39.594+0000][428][safepoint   ] Safepoint "Cleanup", Time since last: 1000509200 ns, Reaching safepoint: 675500 ns, At safepoint: 10300 ns, Total: 685800 ns
[2024-04-16T19:28:41.602+0000][428][safepoint   ] Safepoint "Cleanup", Time since last: 2006931900 ns, Reaching safepoint: 110800 ns, At safepoint: 21200 ns, Total: 132000 ns
[2024-04-16T19:28:51.671+0000][428][safepoint   ] Safepoint "Cleanup", Time since last: 10068906700 ns, Reaching safepoint: 135800 ns, At safepoint: 10400 ns, Total: 146200 ns
[2024-04-16T19:28:57.723+0000][428][safepoint   ] Safepoint "Cleanup", Time since last: 6052325400 ns, Reaching safepoint: 173700 ns, At safepoint: 34100 ns, Total: 207800 ns
[2024-04-16T19:28:58.733+0000][428][safepoint   ] Safepoint "Cleanup", Time since last: 1009397700 ns, Reaching safepoint: 158400 ns, At safepoint: 52600 ns, Total: 211000 ns
[2024-04-16T19:29:02.755+0000][428][safepoint   ] Safepoint "Cleanup", Time since last: 4021946600 ns, Reaching safepoint: 82500 ns, At safepoint: 28600 ns, Total: 111100 ns
[2024-04-16T19:29:03.769+0000][428][safepoint   ] Safepoint "Cleanup", Time since last: 1013793400 ns, Reaching safepoint: 130000 ns, At safepoint: 32200 ns, Total: 162200 ns
[2024-04-16T19:29:04.772+0000][428][safepoint   ] Safepoint "Cleanup", Time since last: 1003643900 ns, Reaching safepoint: 196600 ns, At safepoint: 80700 ns, Total: 277300 ns
[2024-04-16T19:29:06.784+0000][428][safepoint   ] Safepoint "Cleanup", Time since last: 2011285700 ns, Reaching safepoint: 131600 ns, At safepoint: 21900 ns, Total: 153500 ns
[2024-04-16T19:29:08.792+0000][428][safepoint   ] Safepoint "Cleanup", Time since last: 2008046800 ns, Reaching safepoint: 92800 ns, At safepoint: 12400 ns, Total: 105200 ns
[2024-04-16T19:29:09.794+0000][428][safepoint   ] Safepoint "Cleanup", Time since last: 1001042200 ns, Reaching safepoint: 126500 ns, At safepoint: 18800 ns, Total: 145300 ns
[2024-04-16T19:29:14.824+0000][428][safepoint   ] Safepoint "Cleanup", Time since last: 5030105400 ns, Reaching safepoint: 125200 ns, At safepoint: 19600 ns, Total: 144800 ns
[2024-04-16T19:29:15.829+0000][428][safepoint   ] Safepoint "Cleanup", Time since last: 1005134000 ns, Reaching safepoint: 129700 ns, At safepoint: 22700 ns, Total: 152400 ns
[2024-04-16T19:29:16.834+0000][428][safepoint   ] Safepoint "Cleanup", Time since last: 1004643900 ns, Reaching safepoint: 154500 ns, At safepoint: 23800 ns, Total: 178300 ns
[2024-04-16T19:29:18.847+0000][428][safepoint   ] Safepoint "Cleanup", Time since last: 2013240300 ns, Reaching safepoint: 138200 ns, At safepoint: 16700 ns, Total: 154900 ns
[2024-04-16T19:29:21.873+0000][428][safepoint   ] Safepoint "Cleanup", Time since last: 3026140600 ns, Reaching safepoint: 85400 ns, At safepoint: 15600 ns, Total: 101000 ns
[2024-04-16T19:29:27.920+0000][428][safepoint   ] Safepoint "Cleanup", Time since last: 6046108800 ns, Reaching safepoint: 234800 ns, At safepoint: 23300 ns, Total: 258100 ns
[2024-04-16T19:29:28.932+0000][428][safepoint   ] Safepoint "Cleanup", Time since last: 1012059100 ns, Reaching safepoint: 147700 ns, At safepoint: 16500 ns, Total: 164200 ns
[2024-04-16T19:29:33.960+0000][428][safepoint   ] Safepoint "Cleanup", Time since last: 5027445300 ns, Reaching safepoint: 158100 ns, At safepoint: 19400 ns, Total: 177500 ns
[2024-04-16T19:29:42.014+0000][428][safepoint   ] Safepoint "Cleanup", Time since last: 8054625200 ns, Reaching safepoint: 98200 ns, At safepoint: 3900 ns, Total: 102100 ns
[2024-04-16T19:29:46.039+0000][428][safepoint   ] Safepoint "Cleanup", Time since last: 4024152500 ns, Reaching safepoint: 213800 ns, At safepoint: 18600 ns, Total: 232400 ns
[2024-04-16T19:29:52.083+0000][428][safepoint   ] Safepoint "Cleanup", Time since last: 6044441300 ns, Reaching safepoint: 165500 ns, At safepoint: 34000 ns, Total: 199500 ns
[2024-04-16T19:29:55.095+0000][428][safepoint   ] Safepoint "Cleanup", Time since last: 3011204900 ns, Reaching safepoint: 169300 ns, At safepoint: 16000 ns, Total: 185300 ns
[2024-04-16T19:29:58.117+0000][428][safepoint   ] Safepoint "Cleanup", Time since last: 3022122600 ns, Reaching safepoint: 85500 ns, At safepoint: 16700 ns, Total: 102200 ns
[2024-04-16T19:30:01.124+0000][428][safepoint   ] Safepoint "Cleanup", Time since last: 3006734900 ns, Reaching safepoint: 144200 ns, At safepoint: 21500 ns, Total: 165700 ns
[2024-04-16T19:30:04.162+0000][428][safepoint   ] Safepoint "Cleanup", Time since last: 3037578600 ns, Reaching safepoint: 113500 ns, At safepoint: 36800 ns, Total: 150300 ns
[2024-04-16T19:30:10.221+0000][428][safepoint   ] Safepoint "Cleanup", Time since last: 6059252500 ns, Reaching safepoint: 99400 ns, At safepoint: 11300 ns, Total: 110700 ns
[2024-04-16T19:30:13.255+0000][428][safepoint   ] Safepoint "Cleanup", Time since last: 3033920500 ns, Reaching safepoint: 156200 ns, At safepoint: 14500 ns, Total: 170700 ns
[2024-04-16T19:30:14.256+0000][428][safepoint   ] Safepoint "Cleanup", Time since last: 1000458200 ns, Reaching safepoint: 121400 ns, At safepoint: 20200 ns, Total: 141600 ns
[2024-04-16T19:30:15.260+0000][428][gc,start    ] GC(15) Pause Young (Normal) (G1 Evacuation Pause)
[2024-04-16T19:30:15.260+0000][428][gc,task     ] GC(15) Using 8 workers of 8 for evacuation
[2024-04-16T19:30:15.260+0000][428][gc,age      ] GC(15) Desired survivor size 159383552 bytes, new threshold 15 (max threshold 15)
[2024-04-16T19:30:15.276+0000][428][gc,phases   ] GC(15)   Pre Evacuate Collection Set: 0.3ms
[2024-04-16T19:30:15.276+0000][428][gc,phases   ] GC(15)   Merge Heap Roots: 0.4ms
[2024-04-16T19:30:15.276+0000][428][gc,phases   ] GC(15)   Evacuate Collection Set: 12.3ms
[2024-04-16T19:30:15.276+0000][428][gc,phases   ] GC(15)   Post Evacuate Collection Set: 2.6ms
[2024-04-16T19:30:15.276+0000][428][gc,phases   ] GC(15)   Other: 0.4ms
[2024-04-16T19:30:15.276+0000][428][gc,age      ] GC(15) Age table with threshold 15 (max threshold 15)
[2024-04-16T19:30:15.276+0000][428][gc,age      ] GC(15) - age   1:    5339256 bytes,    5339256 total
[2024-04-16T19:30:15.276+0000][428][gc,age      ] GC(15) - age   2:     685672 bytes,    6024928 total
[2024-04-16T19:30:15.276+0000][428][gc,age      ] GC(15) - age   3:   10532792 bytes,   16557720 total
[2024-04-16T19:30:15.276+0000][428][gc,heap     ] GC(15) Eden regions: 601->0(601)
[2024-04-16T19:30:15.276+0000][428][gc,heap     ] GC(15) Survivor regions: 5->5(76)
[2024-04-16T19:30:15.276+0000][428][gc,heap     ] GC(15) Old regions: 46->46
[2024-04-16T19:30:15.276+0000][428][gc,heap     ] GC(15) Archive regions: 0->0
[2024-04-16T19:30:15.276+0000][428][gc,heap     ] GC(15) Humongous regions: 2->2
[2024-04-16T19:30:15.276+0000][428][gc,metaspace] GC(15) Metaspace: 131509K(135104K)->131509K(135104K) NonClass: 114041K(115904K)->114041K(115904K) Class: 17467K(19200K)->17467K(19200K)
[2024-04-16T19:30:15.276+0000][428][gc          ] GC(15) Pause Young (Normal) (G1 Evacuation Pause) 2610M->207M(4040M) 16.291ms
[2024-04-16T19:30:15.276+0000][428][gc,cpu      ] GC(15) User=0.08s Sys=0.05s Real=0.02s
[2024-04-16T19:30:15.276+0000][428][safepoint   ] Safepoint "G1CollectForAllocation", Time since last: 1004065200 ns, Reaching safepoint: 121800 ns, At safepoint: 16387200 ns, Total: 16509000 ns
[2024-04-16T19:30:16.286+0000][428][safepoint   ] Safepoint "Cleanup", Time since last: 1009542000 ns, Reaching safepoint: 74600 ns, At safepoint: 12900 ns, Total: 87500 ns
[2024-04-16T19:30:22.329+0000][428][safepoint   ] Safepoint "Cleanup", Time since last: 6042908100 ns, Reaching safepoint: 178000 ns, At safepoint: 19900 ns, Total: 197900 ns
[2024-04-16T19:30:23.332+0000][428][safepoint   ] Safepoint "Cleanup", Time since last: 1002216000 ns, Reaching safepoint: 134500 ns, At safepoint: 16600 ns, Total: 151100 ns
[2024-04-16T19:30:24.345+0000][428][safepoint   ] Safepoint "Cleanup", Time since last: 1013434300 ns, Reaching safepoint: 145400 ns, At safepoint: 39900 ns, Total: 185300 ns
[2024-04-16T19:30:27.367+0000][428][safepoint   ] Safepoint "Cleanup", Time since last: 3021756600 ns, Reaching safepoint: 77300 ns, At safepoint: 11000 ns, Total: 88300 ns
[2024-04-16T19:30:40.476+0000][428][safepoint   ] Safepoint "Cleanup", Time since last: 13108818300 ns, Reaching safepoint: 198200 ns, At safepoint: 14900 ns, Total: 213100 ns
[2024-04-16T19:30:47.533+0000][428][safepoint   ] Safepoint "Cleanup", Time since last: 7057188400 ns, Reaching safepoint: 88800 ns, At safepoint: 13600 ns, Total: 102400 ns
[2024-04-16T19:30:49.551+0000][428][safepoint   ] Safepoint "Cleanup", Time since last: 2017877700 ns, Reaching safepoint: 158000 ns, At safepoint: 27600 ns, Total: 185600 ns
[2024-04-16T19:30:58.594+0000][428][safepoint   ] Safepoint "Cleanup", Time since last: 9042415700 ns, Reaching safepoint: 121700 ns, At safepoint: 19100 ns, Total: 140800 ns
[2024-04-16T19:30:59.595+0000][428][safepoint   ] Safepoint "Cleanup", Time since last: 1000853900 ns, Reaching safepoint: 68600 ns, At safepoint: 11600 ns, Total: 80200 ns
[2024-04-16T19:31:00.604+0000][428][safepoint   ] Safepoint "Cleanup", Time since last: 1008619700 ns, Reaching safepoint: 82300 ns, At safepoint: 15000 ns, Total: 97300 ns
[2024-04-16T19:31:06.666+0000][428][safepoint   ] Safepoint "Cleanup", Time since last: 6062417500 ns, Reaching safepoint: 73900 ns, At safepoint: 9800 ns, Total: 83700 ns
[2024-04-16T19:31:21.784+0000][428][safepoint   ] Safepoint "Cleanup", Time since last: 15117608300 ns, Reaching safepoint: 667900 ns, At safepoint: 14100 ns, Total: 682000 ns
[2024-04-16T19:31:28.837+0000][428][safepoint   ] Safepoint "Cleanup", Time since last: 7053112900 ns, Reaching safepoint: 79000 ns, At safepoint: 54900 ns, Total: 133900 ns
[2024-04-16T19:31:33.867+0000][428][safepoint   ] Safepoint "Cleanup", Time since last: 5028968700 ns, Reaching safepoint: 115700 ns, At safepoint: 13200 ns, Total: 128900 ns
[2024-04-16T19:31:34.876+0000][428][safepoint   ] Safepoint "Cleanup", Time since last: 1009594000 ns, Reaching safepoint: 173000 ns, At safepoint: 12400 ns, Total: 185400 ns
[2024-04-16T19:31:35.889+0000][428][safepoint   ] Safepoint "Cleanup", Time since last: 1012571000 ns, Reaching safepoint: 123100 ns, At safepoint: 15600 ns, Total: 138700 ns
[2024-04-16T19:31:39.519+0000][428][safepoint   ] Safepoint "Cleanup", Time since last: 3629906600 ns, Reaching safepoint: 103300 ns, At safepoint: 37900 ns, Total: 141200 ns
[2024-04-16T19:31:40.527+0000][428][safepoint   ] Safepoint "Cleanup", Time since last: 1007386800 ns, Reaching safepoint: 185100 ns, At safepoint: 14400 ns, Total: 199500 ns
[2024-04-16T19:31:45.567+0000][428][safepoint   ] Safepoint "Cleanup", Time since last: 5039910400 ns, Reaching safepoint: 152100 ns, At safepoint: 16700 ns, Total: 168800 ns
[2024-04-16T19:31:58.675+0000][428][safepoint   ] Safepoint "Cleanup", Time since last: 13107676100 ns, Reaching safepoint: 160100 ns, At safepoint: 14800 ns, Total: 174900 ns
[2024-04-16T19:32:02.710+0000][428][safepoint   ] Safepoint "Cleanup", Time since last: 4035503800 ns, Reaching safepoint: 146700 ns, At safepoint: 18400 ns, Total: 165100 ns
[2024-04-16T19:32:03.717+0000][428][safepoint   ] Safepoint "Cleanup", Time since last: 1005399500 ns, Reaching safepoint: 712500 ns, At safepoint: 14100 ns, Total: 726600 ns
[2024-04-16T19:32:04.731+0000][428][safepoint   ] Safepoint "Cleanup", Time since last: 1014875600 ns, Reaching safepoint: 83100 ns, At safepoint: 16900 ns, Total: 100000 ns
[2024-04-16T19:32:05.741+0000][428][safepoint   ] Safepoint "Cleanup", Time since last: 1009136600 ns, Reaching safepoint: 83100 ns, At safepoint: 16000 ns, Total: 99100 ns
[2024-04-16T19:32:07.652+0000][428][safepoint   ] Safepoint "Cleanup", Time since last: 1910911800 ns, Reaching safepoint: 152400 ns, At safepoint: 16000 ns, Total: 168400 ns
[2024-04-16T19:32:09.670+0000][428][safepoint   ] Safepoint "Cleanup", Time since last: 2018107600 ns, Reaching safepoint: 68500 ns, At safepoint: 11100 ns, Total: 79600 ns
[2024-04-16T19:32:10.685+0000][428][safepoint   ] Safepoint "Cleanup", Time since last: 1014522300 ns, Reaching safepoint: 121400 ns, At safepoint: 19600 ns, Total: 141000 ns
[2024-04-16T19:32:16.714+0000][428][safepoint   ] Safepoint "Cleanup", Time since last: 6029570600 ns, Reaching safepoint: 73300 ns, At safepoint: 12800 ns, Total: 86100 ns
[2024-04-16T19:32:17.720+0000][428][safepoint   ] Safepoint "Cleanup", Time since last: 1005970700 ns, Reaching safepoint: 104200 ns, At safepoint: 17700 ns, Total: 121900 ns
[2024-04-16T19:32:39.889+0000][428][safepoint   ] Safepoint "Cleanup", Time since last: 22168013000 ns, Reaching safepoint: 89800 ns, At safepoint: 15300 ns, Total: 105100 ns
[2024-04-16T19:32:40.906+0000][428][safepoint   ] Safepoint "Cleanup", Time since last: 1017540900 ns, Reaching safepoint: 77900 ns, At safepoint: 14200 ns, Total: 92100 ns
[2024-04-16T19:32:41.916+0000][428][safepoint   ] Safepoint "Cleanup", Time since last: 1010038800 ns, Reaching safepoint: 145800 ns, At safepoint: 15800 ns, Total: 161600 ns
[2024-04-16T19:32:45.950+0000][428][safepoint   ] Safepoint "Cleanup", Time since last: 4033461400 ns, Reaching safepoint: 76200 ns, At safepoint: 12300 ns, Total: 88500 ns
[2024-04-16T19:32:58.047+0000][428][safepoint   ] Safepoint "Cleanup", Time since last: 12096568500 ns, Reaching safepoint: 132500 ns, At safepoint: 10900 ns, Total: 143400 ns
[2024-04-16T19:32:59.055+0000][428][safepoint   ] Safepoint "Cleanup", Time since last: 1008502100 ns, Reaching safepoint: 78400 ns, At safepoint: 28300 ns, Total: 106700 ns
[2024-04-16T19:33:04.087+0000][428][safepoint   ] Safepoint "Cleanup", Time since last: 5031645300 ns, Reaching safepoint: 67900 ns, At safepoint: 9000 ns, Total: 76900 ns
[2024-04-16T19:33:10.125+0000][428][safepoint   ] Safepoint "Cleanup", Time since last: 6038057100 ns, Reaching safepoint: 145500 ns, At safepoint: 12400 ns, Total: 157900 ns
[2024-04-16T19:33:14.153+0000][428][safepoint   ] Safepoint "Cleanup", Time since last: 4027165800 ns, Reaching safepoint: 119400 ns, At safepoint: 18200 ns, Total: 137600 ns
[2024-04-16T19:33:16.171+0000][428][safepoint   ] Safepoint "Cleanup", Time since last: 2018105900 ns, Reaching safepoint: 124700 ns, At safepoint: 31300 ns, Total: 156000 ns
[2024-04-16T19:33:17.173+0000][428][safepoint   ] Safepoint "Cleanup", Time since last: 1001916000 ns, Reaching safepoint: 73200 ns, At safepoint: 12100 ns, Total: 85300 ns
[2024-04-16T19:33:19.189+0000][428][safepoint   ] Safepoint "Cleanup", Time since last: 2015875500 ns, Reaching safepoint: 111300 ns, At safepoint: 19000 ns, Total: 130300 ns
[2024-04-16T19:33:22.225+0000][428][safepoint   ] Safepoint "Cleanup", Time since last: 3035845700 ns, Reaching safepoint: 80400 ns, At safepoint: 14300 ns, Total: 94700 ns
[2024-04-16T19:33:24.240+0000][428][safepoint   ] Safepoint "Cleanup", Time since last: 2015013200 ns, Reaching safepoint: 176100 ns, At safepoint: 16200 ns, Total: 192300 ns
[2024-04-16T19:33:25.242+0000][428][safepoint   ] Safepoint "Cleanup", Time since last: 1001932900 ns, Reaching safepoint: 186400 ns, At safepoint: 26700 ns, Total: 213100 ns
[2024-04-16T19:33:43.394+0000][428][safepoint   ] Safepoint "Cleanup", Time since last: 18151295900 ns, Reaching safepoint: 143900 ns, At safepoint: 30800 ns, Total: 174700 ns
[2024-04-16T19:33:47.421+0000][428][safepoint   ] Safepoint "Cleanup", Time since last: 4027778200 ns, Reaching safepoint: 79900 ns, At safepoint: 62700 ns, Total: 142600 ns
[2024-04-16T19:33:52.453+0000][428][safepoint   ] Safepoint "Cleanup", Time since last: 5031058800 ns, Reaching safepoint: 131400 ns, At safepoint: 61300 ns, Total: 192700 ns
[2024-04-16T19:33:53.461+0000][428][safepoint   ] Safepoint "Cleanup", Time since last: 1008075000 ns, Reaching safepoint: 166800 ns, At safepoint: 80300 ns, Total: 247100 ns
[2024-04-16T19:33:57.483+0000][428][safepoint   ] Safepoint "Cleanup", Time since last: 4021321200 ns, Reaching safepoint: 168200 ns, At safepoint: 126500 ns, Total: 294700 ns
[2024-04-16T19:33:58.492+0000][428][safepoint   ] Safepoint "Cleanup", Time since last: 1008945600 ns, Reaching safepoint: 92900 ns, At safepoint: 19900 ns, Total: 112800 ns
[2024-04-16T19:34:02.524+0000][428][safepoint   ] Safepoint "Cleanup", Time since last: 4031755700 ns, Reaching safepoint: 87100 ns, At safepoint: 52400 ns, Total: 139500 ns
[2024-04-16T19:34:04.538+0000][428][safepoint   ] Safepoint "Cleanup", Time since last: 2014572700 ns, Reaching safepoint: 105400 ns, At safepoint: 39000 ns, Total: 144400 ns
[2024-04-16T19:34:07.568+0000][428][safepoint   ] Safepoint "Cleanup", Time since last: 3029946500 ns, Reaching safepoint: 104400 ns, At safepoint: 40900 ns, Total: 145300 ns
[2024-04-16T19:34:10.584+0000][428][safepoint   ] Safepoint "Cleanup", Time since last: 3015809900 ns, Reaching safepoint: 109700 ns, At safepoint: 53000 ns, Total: 162700 ns
[2024-04-16T19:34:22.697+0000][428][safepoint   ] Safepoint "Cleanup", Time since last: 12113094800 ns, Reaching safepoint: 72400 ns, At safepoint: 55400 ns, Total: 127800 ns
[2024-04-16T19:34:28.744+0000][428][safepoint   ] Safepoint "Cleanup", Time since last: 6045864200 ns, Reaching safepoint: 107800 ns, At safepoint: 60700 ns, Total: 168500 ns
[2024-04-16T19:34:29.750+0000][428][safepoint   ] Safepoint "Cleanup", Time since last: 1006333300 ns, Reaching safepoint: 89800 ns, At safepoint: 65900 ns, Total: 155700 ns
[2024-04-16T19:34:35.792+0000][428][safepoint   ] Safepoint "Cleanup", Time since last: 6041818600 ns, Reaching safepoint: 141900 ns, At safepoint: 44400 ns, Total: 186300 ns
[2024-04-16T19:34:39.825+0000][428][safepoint   ] Safepoint "Cleanup", Time since last: 4032744200 ns, Reaching safepoint: 101100 ns, At safepoint: 39800 ns, Total: 140900 ns
[2024-04-16T19:34:40.839+0000][428][safepoint   ] Safepoint "Cleanup", Time since last: 1013713900 ns, Reaching safepoint: 119900 ns, At safepoint: 56700 ns, Total: 176600 ns
[2024-04-16T19:34:46.881+0000][428][safepoint   ] Safepoint "Cleanup", Time since last: 6041700600 ns, Reaching safepoint: 123500 ns, At safepoint: 88200 ns, Total: 211700 ns
[2024-04-16T19:35:29.239+0000][428][safepoint   ] Safepoint "Cleanup", Time since last: 42358510600 ns, Reaching safepoint: 137400 ns, At safepoint: 76000 ns, Total: 213400 ns
[2024-04-16T19:35:46.401+0000][428][safepoint   ] Safepoint "Cleanup", Time since last: 17161187200 ns, Reaching safepoint: 141100 ns, At safepoint: 76000 ns, Total: 217100 ns
[2024-04-16T19:35:55.460+0000][428][safepoint   ] Safepoint "Cleanup", Time since last: 9058801700 ns, Reaching safepoint: 138800 ns, At safepoint: 66600 ns, Total: 205400 ns
[2024-04-16T19:35:58.481+0000][428][safepoint   ] Safepoint "Cleanup", Time since last: 3021207700 ns, Reaching safepoint: 96200 ns, At safepoint: 60900 ns, Total: 157100 ns
[2024-04-16T19:36:06.537+0000][428][safepoint   ] Safepoint "Cleanup", Time since last: 8055613800 ns, Reaching safepoint: 73200 ns, At safepoint: 73200 ns, Total: 146400 ns
[2024-04-16T19:36:20.660+0000][428][safepoint   ] Safepoint "Cleanup", Time since last: 14123146700 ns, Reaching safepoint: 93700 ns, At safepoint: 7300 ns, Total: 101000 ns
[2024-04-16T19:36:34.765+0000][428][safepoint   ] Safepoint "Cleanup", Time since last: 14104135900 ns, Reaching safepoint: 139500 ns, At safepoint: 15600 ns, Total: 155100 ns
[2024-04-16T19:36:40.817+0000][428][safepoint   ] Safepoint "Cleanup", Time since last: 6052302700 ns, Reaching safepoint: 88300 ns, At safepoint: 12900 ns, Total: 101200 ns
[2024-04-16T19:36:46.856+0000][428][safepoint   ] Safepoint "Cleanup", Time since last: 6038334100 ns, Reaching safepoint: 99200 ns, At safepoint: 17300 ns, Total: 116500 ns
[2024-04-16T19:36:52.899+0000][428][safepoint   ] Safepoint "Cleanup", Time since last: 6043201000 ns, Reaching safepoint: 100200 ns, At safepoint: 27000 ns, Total: 127200 ns
[2024-04-16T19:36:57.936+0000][428][safepoint   ] Safepoint "Cleanup", Time since last: 5037058700 ns, Reaching safepoint: 142700 ns, At safepoint: 12200 ns, Total: 154900 ns
[2024-04-16T19:36:58.941+0000][428][safepoint   ] Safepoint "Cleanup", Time since last: 1004717900 ns, Reaching safepoint: 647200 ns, At safepoint: 21000 ns, Total: 668200 ns
[2024-04-16T19:37:04.993+0000][428][safepoint   ] Safepoint "Cleanup", Time since last: 6051049600 ns, Reaching safepoint: 86600 ns, At safepoint: 16200 ns, Total: 102800 ns
[2024-04-16T19:37:11.044+0000][428][safepoint   ] Safepoint "Cleanup", Time since last: 6051086400 ns, Reaching safepoint: 79300 ns, At safepoint: 10200 ns, Total: 89500 ns
[2024-04-16T19:37:12.059+0000][428][safepoint   ] Safepoint "Cleanup", Time since last: 1015224000 ns, Reaching safepoint: 124700 ns, At safepoint: 12900 ns, Total: 137600 ns
[2024-04-16T19:37:15.091+0000][428][safepoint   ] Safepoint "Cleanup", Time since last: 3032088400 ns, Reaching safepoint: 123100 ns, At safepoint: 14900 ns, Total: 138000 ns
[2024-04-16T19:37:19.113+0000][428][safepoint   ] Safepoint "Cleanup", Time since last: 4021263000 ns, Reaching safepoint: 110400 ns, At safepoint: 19200 ns, Total: 129600 ns
[2024-04-16T19:37:29.174+0000][428][safepoint   ] Safepoint "Cleanup", Time since last: 10061399400 ns, Reaching safepoint: 86500 ns, At safepoint: 13900 ns, Total: 100400 ns
[2024-04-16T19:37:35.230+0000][428][safepoint   ] Safepoint "Cleanup", Time since last: 6055391800 ns, Reaching safepoint: 112200 ns, At safepoint: 13300 ns, Total: 125500 ns
[2024-04-16T19:37:39.256+0000][428][safepoint   ] Safepoint "Cleanup", Time since last: 4026509700 ns, Reaching safepoint: 150500 ns, At safepoint: 14600 ns, Total: 165100 ns
[2024-04-16T19:37:41.258+0000][428][safepoint   ] Safepoint "Cleanup", Time since last: 2001597700 ns, Reaching safepoint: 149700 ns, At safepoint: 13800 ns, Total: 163500 ns
[2024-04-16T19:37:42.270+0000][428][safepoint   ] Safepoint "Cleanup", Time since last: 1011885300 ns, Reaching safepoint: 157300 ns, At safepoint: 13800 ns, Total: 171100 ns
[2024-04-16T19:37:44.284+0000][428][safepoint   ] Safepoint "Cleanup", Time since last: 2013201100 ns, Reaching safepoint: 112800 ns, At safepoint: 19400 ns, Total: 132200 ns
[2024-04-16T19:37:47.298+0000][428][safepoint   ] Safepoint "Cleanup", Time since last: 3014713000 ns, Reaching safepoint: 158800 ns, At safepoint: 33200 ns, Total: 192000 ns
[2024-04-16T19:37:55.363+0000][428][safepoint   ] Safepoint "Cleanup", Time since last: 8064856900 ns, Reaching safepoint: 98100 ns, At safepoint: 15900 ns, Total: 114000 ns
[2024-04-16T19:37:58.383+0000][428][safepoint   ] Safepoint "Cleanup", Time since last: 3019746200 ns, Reaching safepoint: 95800 ns, At safepoint: 19500 ns, Total: 115300 ns
[2024-04-16T19:37:59.389+0000][428][safepoint   ] Safepoint "Cleanup", Time since last: 1005086300 ns, Reaching safepoint: 83300 ns, At safepoint: 14600 ns, Total: 97900 ns
[2024-04-16T19:38:06.440+0000][428][safepoint   ] Safepoint "Cleanup", Time since last: 7051580200 ns, Reaching safepoint: 168000 ns, At safepoint: 13900 ns, Total: 181900 ns
[2024-04-16T19:38:10.459+0000][428][safepoint   ] Safepoint "Cleanup", Time since last: 4018622700 ns, Reaching safepoint: 82000 ns, At safepoint: 56000 ns, Total: 138000 ns
[2024-04-16T19:38:16.498+0000][428][safepoint   ] Safepoint "Cleanup", Time since last: 6038678000 ns, Reaching safepoint: 103200 ns, At safepoint: 9200 ns, Total: 112400 ns
[2024-04-16T19:38:17.512+0000][428][safepoint   ] Safepoint "Cleanup", Time since last: 1014495900 ns, Reaching safepoint: 153700 ns, At safepoint: 15500 ns, Total: 169200 ns
[2024-04-16T19:38:24.576+0000][428][safepoint   ] Safepoint "Cleanup", Time since last: 7063726800 ns, Reaching safepoint: 136300 ns, At safepoint: 12900 ns, Total: 149200 ns
[2024-04-16T19:38:26.655+0000][428][safepoint   ] Safepoint "Cleanup", Time since last: 2078827300 ns, Reaching safepoint: 118600 ns, At safepoint: 11300 ns, Total: 129900 ns
[2024-04-16T19:38:40.733+0000][428][safepoint   ] Safepoint "Cleanup", Time since last: 14077460000 ns, Reaching safepoint: 180300 ns, At safepoint: 25700 ns, Total: 206000 ns
[2024-04-16T19:38:45.764+0000][428][safepoint   ] Safepoint "Cleanup", Time since last: 5030948000 ns, Reaching safepoint: 117300 ns, At safepoint: 18200 ns, Total: 135500 ns
[2024-04-16T19:38:47.774+0000][428][safepoint   ] Safepoint "Cleanup", Time since last: 2009507500 ns, Reaching safepoint: 109400 ns, At safepoint: 17800 ns, Total: 127200 ns
[2024-04-16T19:38:49.792+0000][428][safepoint   ] Safepoint "Cleanup", Time since last: 2018678600 ns, Reaching safepoint: 104900 ns, At safepoint: 14600 ns, Total: 119500 ns
[2024-04-16T19:38:52.825+0000][428][safepoint   ] Safepoint "Cleanup", Time since last: 3032220800 ns, Reaching safepoint: 84900 ns, At safepoint: 27500 ns, Total: 112400 ns
[2024-04-16T19:38:58.869+0000][428][safepoint   ] Safepoint "Cleanup", Time since last: 6044255600 ns, Reaching safepoint: 134400 ns, At safepoint: 15200 ns, Total: 149600 ns
[2024-04-16T19:39:11.941+0000][428][safepoint   ] Safepoint "Cleanup", Time since last: 13071499800 ns, Reaching safepoint: 134400 ns, At safepoint: 10300 ns, Total: 144700 ns
[2024-04-16T19:39:13.963+0000][428][safepoint   ] Safepoint "Cleanup", Time since last: 2022346400 ns, Reaching safepoint: 122800 ns, At safepoint: 18000 ns, Total: 140800 ns
[2024-04-16T19:39:14.967+0000][428][safepoint   ] Safepoint "Cleanup", Time since last: 1003580800 ns, Reaching safepoint: 133500 ns, At safepoint: 24900 ns, Total: 158400 ns
[2024-04-16T19:39:16.977+0000][428][safepoint   ] Safepoint "Cleanup", Time since last: 2009539100 ns, Reaching safepoint: 80900 ns, At safepoint: 15100 ns, Total: 96000 ns
[2024-04-16T19:39:29.055+0000][428][safepoint   ] Safepoint "Cleanup", Time since last: 12078501300 ns, Reaching safepoint: 74800 ns, At safepoint: 13300 ns, Total: 88100 ns
[2024-04-16T19:39:30.063+0000][428][safepoint   ] Safepoint "Cleanup", Time since last: 1007587600 ns, Reaching safepoint: 111800 ns, At safepoint: 20900 ns, Total: 132700 ns
[2024-04-16T19:39:32.081+0000][428][safepoint   ] Safepoint "Cleanup", Time since last: 2017734200 ns, Reaching safepoint: 125500 ns, At safepoint: 13100 ns, Total: 138600 ns
[2024-04-16T19:39:41.141+0000][428][safepoint   ] Safepoint "Cleanup", Time since last: 9059832100 ns, Reaching safepoint: 102900 ns, At safepoint: 13900 ns, Total: 116800 ns
[2024-04-16T19:39:45.170+0000][428][safepoint   ] Safepoint "Cleanup", Time since last: 4028663500 ns, Reaching safepoint: 126100 ns, At safepoint: 15800 ns, Total: 141900 ns
[2024-04-16T19:39:52.214+0000][428][safepoint   ] Safepoint "Cleanup", Time since last: 7044529000 ns, Reaching safepoint: 123600 ns, At safepoint: 25700 ns, Total: 149300 ns
[2024-04-16T19:39:56.241+0000][428][safepoint   ] Safepoint "Cleanup", Time since last: 4026611900 ns, Reaching safepoint: 146300 ns, At safepoint: 24000 ns, Total: 170300 ns
[2024-04-16T19:39:58.252+0000][428][safepoint   ] Safepoint "Cleanup", Time since last: 2010997700 ns, Reaching safepoint: 119600 ns, At safepoint: 16800 ns, Total: 136400 ns
[2024-04-16T19:39:59.262+0000][428][safepoint   ] Safepoint "Cleanup", Time since last: 1009423600 ns, Reaching safepoint: 84300 ns, At safepoint: 12400 ns, Total: 96700 ns
[2024-04-16T19:40:05.315+0000][428][safepoint   ] Safepoint "Cleanup", Time since last: 6052733300 ns, Reaching safepoint: 98700 ns, At safepoint: 15500 ns, Total: 114200 ns
[2024-04-16T19:40:23.449+0000][428][safepoint   ] Safepoint "Cleanup", Time since last: 18134405700 ns, Reaching safepoint: 113900 ns, At safepoint: 13200 ns, Total: 127100 ns
[2024-04-16T19:40:26.469+0000][428][safepoint   ] Safepoint "Cleanup", Time since last: 3019580600 ns, Reaching safepoint: 153600 ns, At safepoint: 19800 ns, Total: 173400 ns
[2024-04-16T19:40:47.613+0000][428][safepoint   ] Safepoint "Cleanup", Time since last: 21144342300 ns, Reaching safepoint: 115900 ns, At safepoint: 60100 ns, Total: 176000 ns
[2024-04-16T19:40:53.661+0000][428][safepoint   ] Safepoint "Cleanup", Time since last: 6047488700 ns, Reaching safepoint: 84500 ns, At safepoint: 15400 ns, Total: 99900 ns
[2024-04-16T19:40:58.682+0000][428][safepoint   ] Safepoint "Cleanup", Time since last: 5020720600 ns, Reaching safepoint: 107800 ns, At safepoint: 19800 ns, Total: 127600 ns
[2024-04-16T19:41:19.834+0000][428][safepoint   ] Safepoint "Cleanup", Time since last: 21151650800 ns, Reaching safepoint: 132800 ns, At safepoint: 23800 ns, Total: 156600 ns
[2024-04-16T19:41:23.874+0000][428][safepoint   ] Safepoint "Cleanup", Time since last: 4040193400 ns, Reaching safepoint: 155500 ns, At safepoint: 16300 ns, Total: 171800 ns
[2024-04-16T19:41:27.902+0000][428][safepoint   ] Safepoint "Cleanup", Time since last: 4027472800 ns, Reaching safepoint: 100400 ns, At safepoint: 18600 ns, Total: 119000 ns
[2024-04-16T19:41:29.910+0000][428][safepoint   ] Safepoint "Cleanup", Time since last: 2008370800 ns, Reaching safepoint: 84600 ns, At safepoint: 15600 ns, Total: 100200 ns
[2024-04-16T19:41:31.927+0000][428][safepoint   ] Safepoint "Cleanup", Time since last: 2017011700 ns, Reaching safepoint: 146900 ns, At safepoint: 13500 ns, Total: 160400 ns
[2024-04-16T19:41:35.946+0000][428][safepoint   ] Safepoint "Cleanup", Time since last: 4018698000 ns, Reaching safepoint: 186300 ns, At safepoint: 80600 ns, Total: 266900 ns
[2024-04-16T19:41:43.980+0000][428][safepoint   ] Safepoint "Cleanup", Time since last: 8034100900 ns, Reaching safepoint: 116900 ns, At safepoint: 20300 ns, Total: 137200 ns
[2024-04-16T19:41:48.031+0000][428][safepoint   ] Safepoint "Cleanup", Time since last: 4050808000 ns, Reaching safepoint: 102300 ns, At safepoint: 13200 ns, Total: 115500 ns
[2024-04-16T19:41:58.100+0000][428][safepoint   ] Safepoint "Cleanup", Time since last: 10068876900 ns, Reaching safepoint: 137400 ns, At safepoint: 62200 ns, Total: 199600 ns
[2024-04-16T19:41:59.117+0000][428][safepoint   ] Safepoint "Cleanup", Time since last: 1016131000 ns, Reaching safepoint: 87700 ns, At safepoint: 14400 ns, Total: 102100 ns
[2024-04-16T19:42:00.124+0000][428][safepoint   ] Safepoint "Cleanup", Time since last: 1006727100 ns, Reaching safepoint: 96600 ns, At safepoint: 14500 ns, Total: 111100 ns
[2024-04-16T19:42:01.135+0000][428][safepoint   ] Safepoint "Cleanup", Time since last: 1011483600 ns, Reaching safepoint: 104000 ns, At safepoint: 38000 ns, Total: 142000 ns
[2024-04-16T19:42:06.171+0000][428][safepoint   ] Safepoint "Cleanup", Time since last: 5036093000 ns, Reaching safepoint: 118600 ns, At safepoint: 15800 ns, Total: 134400 ns
[2024-04-16T19:42:21.277+0000][428][safepoint   ] Safepoint "Cleanup", Time since last: 15105902500 ns, Reaching safepoint: 117500 ns, At safepoint: 14100 ns, Total: 131600 ns
[2024-04-16T19:42:23.291+0000][428][safepoint   ] Safepoint "Cleanup", Time since last: 2013761200 ns, Reaching safepoint: 147000 ns, At safepoint: 12200 ns, Total: 159200 ns
[2024-04-16T19:42:32.333+0000][428][safepoint   ] Safepoint "Cleanup", Time since last: 9041965200 ns, Reaching safepoint: 86000 ns, At safepoint: 11100 ns, Total: 97100 ns
[2024-04-16T19:42:33.340+0000][428][safepoint   ] Safepoint "Cleanup", Time since last: 1006145600 ns, Reaching safepoint: 83100 ns, At safepoint: 20500 ns, Total: 103600 ns
[2024-04-16T19:42:35.351+0000][428][safepoint   ] Safepoint "Cleanup", Time since last: 2011543100 ns, Reaching safepoint: 134600 ns, At safepoint: 12200 ns, Total: 146800 ns
[2024-04-16T19:42:36.362+0000][428][safepoint   ] Safepoint "Cleanup", Time since last: 1010392400 ns, Reaching safepoint: 95800 ns, At safepoint: 11600 ns, Total: 107400 ns
[2024-04-16T19:42:38.372+0000][428][safepoint   ] Safepoint "Cleanup", Time since last: 2009717200 ns, Reaching safepoint: 117600 ns, At safepoint: 8700 ns, Total: 126300 ns
[2024-04-16T19:42:39.385+0000][428][safepoint   ] Safepoint "Cleanup", Time since last: 1012745400 ns, Reaching safepoint: 137500 ns, At safepoint: 18500 ns, Total: 156000 ns
[2024-04-16T19:42:41.397+0000][428][safepoint   ] Safepoint "Cleanup", Time since last: 2012227300 ns, Reaching safepoint: 116000 ns, At safepoint: 16800 ns, Total: 132800 ns
[2024-04-16T19:42:44.415+0000][428][safepoint   ] Safepoint "Cleanup", Time since last: 3017578200 ns, Reaching safepoint: 200400 ns, At safepoint: 19000 ns, Total: 219400 ns
[2024-04-16T19:42:47.448+0000][428][safepoint   ] Safepoint "Cleanup", Time since last: 3033236800 ns, Reaching safepoint: 101100 ns, At safepoint: 17600 ns, Total: 118700 ns
[2024-04-16T19:42:48.462+0000][428][safepoint   ] Safepoint "Cleanup", Time since last: 1013536100 ns, Reaching safepoint: 78000 ns, At safepoint: 11900 ns, Total: 89900 ns
[2024-04-16T19:42:58.532+0000][428][safepoint   ] Safepoint "Cleanup", Time since last: 10069713400 ns, Reaching safepoint: 108400 ns, At safepoint: 14000 ns, Total: 122400 ns
[2024-04-16T19:43:11.614+0000][428][safepoint   ] Safepoint "Cleanup", Time since last: 13082298900 ns, Reaching safepoint: 65600 ns, At safepoint: 11300 ns, Total: 76900 ns
[2024-04-16T19:43:13.624+0000][428][safepoint   ] Safepoint "Cleanup", Time since last: 2009838300 ns, Reaching safepoint: 108900 ns, At safepoint: 65500 ns, Total: 174400 ns
[2024-04-16T19:43:17.650+0000][428][safepoint   ] Safepoint "Cleanup", Time since last: 4025906600 ns, Reaching safepoint: 185100 ns, At safepoint: 21900 ns, Total: 207000 ns
[2024-04-16T19:43:21.669+0000][428][safepoint   ] Safepoint "Cleanup", Time since last: 4018966500 ns, Reaching safepoint: 113000 ns, At safepoint: 15900 ns, Total: 128900 ns
[2024-04-16T19:43:22.986+0000][428][gc,start    ] GC(16) Pause Young (Normal) (G1 Evacuation Pause)
[2024-04-16T19:43:22.986+0000][428][gc,task     ] GC(16) Using 8 workers of 8 for evacuation
[2024-04-16T19:43:22.986+0000][428][gc,age      ] GC(16) Desired survivor size 159383552 bytes, new threshold 15 (max threshold 15)
[2024-04-16T19:43:22.998+0000][428][gc,phases   ] GC(16)   Pre Evacuate Collection Set: 0.3ms
[2024-04-16T19:43:22.998+0000][428][gc,phases   ] GC(16)   Merge Heap Roots: 0.3ms
[2024-04-16T19:43:22.998+0000][428][gc,phases   ] GC(16)   Evacuate Collection Set: 9.4ms
[2024-04-16T19:43:22.998+0000][428][gc,phases   ] GC(16)   Post Evacuate Collection Set: 1.5ms
[2024-04-16T19:43:22.998+0000][428][gc,phases   ] GC(16)   Other: 0.2ms
[2024-04-16T19:43:22.998+0000][428][gc,age      ] GC(16) Age table with threshold 15 (max threshold 15)
[2024-04-16T19:43:22.998+0000][428][gc,age      ] GC(16) - age   1:    1991088 bytes,    1991088 total
[2024-04-16T19:43:22.998+0000][428][gc,age      ] GC(16) - age   2:    2784368 bytes,    4775456 total
[2024-04-16T19:43:22.998+0000][428][gc,age      ] GC(16) - age   3:     684424 bytes,    5459880 total
[2024-04-16T19:43:22.998+0000][428][gc,age      ] GC(16) - age   4:   10532584 bytes,   15992464 total
[2024-04-16T19:43:22.998+0000][428][gc,heap     ] GC(16) Eden regions: 601->0(601)
[2024-04-16T19:43:22.998+0000][428][gc,heap     ] GC(16) Survivor regions: 5->5(76)
[2024-04-16T19:43:22.998+0000][428][gc,heap     ] GC(16) Old regions: 46->46
[2024-04-16T19:43:22.998+0000][428][gc,heap     ] GC(16) Archive regions: 0->0
[2024-04-16T19:43:22.998+0000][428][gc,heap     ] GC(16) Humongous regions: 2->2
[2024-04-16T19:43:22.998+0000][428][gc,metaspace] GC(16) Metaspace: 131668K(135296K)->131668K(135296K) NonClass: 114199K(116096K)->114199K(116096K) Class: 17468K(19200K)->17468K(19200K)
[2024-04-16T19:43:22.998+0000][428][gc          ] GC(16) Pause Young (Normal) (G1 Evacuation Pause) 2611M->207M(4040M) 12.116ms
[2024-04-16T19:43:22.998+0000][428][gc,cpu      ] GC(16) User=0.09s Sys=0.03s Real=0.01s
[2024-04-16T19:43:22.998+0000][428][safepoint   ] Safepoint "G1CollectForAllocation", Time since last: 1316763800 ns, Reaching safepoint: 181200 ns, At safepoint: 12206200 ns, Total: 12387400 ns
[2024-04-16T19:43:26.024+0000][428][safepoint   ] Safepoint "Cleanup", Time since last: 3025543900 ns, Reaching safepoint: 82500 ns, At safepoint: 11300 ns, Total: 93800 ns
[2024-04-16T19:43:29.048+0000][428][safepoint   ] Safepoint "Cleanup", Time since last: 3024099700 ns, Reaching safepoint: 109100 ns, At safepoint: 68600 ns, Total: 177700 ns
[2024-04-16T19:43:35.079+0000][428][safepoint   ] Safepoint "Cleanup", Time since last: 6030944300 ns, Reaching safepoint: 307100 ns, At safepoint: 60800 ns, Total: 367900 ns
[2024-04-16T19:43:42.133+0000][428][safepoint   ] Safepoint "Cleanup", Time since last: 7053754900 ns, Reaching safepoint: 118300 ns, At safepoint: 20200 ns, Total: 138500 ns
[2024-04-16T19:43:58.242+0000][428][safepoint   ] Safepoint "Cleanup", Time since last: 16108470000 ns, Reaching safepoint: 93700 ns, At safepoint: 15200 ns, Total: 108900 ns
[2024-04-16T19:44:06.294+0000][428][safepoint   ] Safepoint "Cleanup", Time since last: 8051820600 ns, Reaching safepoint: 101600 ns, At safepoint: 27400 ns, Total: 129000 ns
[2024-04-16T19:44:21.401+0000][428][safepoint   ] Safepoint "Cleanup", Time since last: 15106662800 ns, Reaching safepoint: 160200 ns, At safepoint: 24600 ns, Total: 184800 ns
[2024-04-16T19:44:22.416+0000][428][safepoint   ] Safepoint "Cleanup", Time since last: 1015224200 ns, Reaching safepoint: 186100 ns, At safepoint: 20300 ns, Total: 206400 ns
[2024-04-16T19:44:23.424+0000][428][safepoint   ] Safepoint "Cleanup", Time since last: 1008064900 ns, Reaching safepoint: 83600 ns, At safepoint: 51500 ns, Total: 135100 ns
[2024-04-16T19:44:24.436+0000][428][safepoint   ] Safepoint "Cleanup", Time since last: 1011494700 ns, Reaching safepoint: 169700 ns, At safepoint: 15100 ns, Total: 184800 ns
[2024-04-16T19:44:25.440+0000][428][safepoint   ] Safepoint "Cleanup", Time since last: 1003579700 ns, Reaching safepoint: 104700 ns, At safepoint: 18200 ns, Total: 122900 ns
[2024-04-16T19:44:37.524+0000][428][safepoint   ] Safepoint "Cleanup", Time since last: 12083723200 ns, Reaching safepoint: 169800 ns, At safepoint: 22000 ns, Total: 191800 ns
[2024-04-16T19:44:38.530+0000][428][safepoint   ] Safepoint "Cleanup", Time since last: 1005702000 ns, Reaching safepoint: 110300 ns, At safepoint: 58100 ns, Total: 168400 ns
[2024-04-16T19:44:44.573+0000][428][safepoint   ] Safepoint "Cleanup", Time since last: 6043269700 ns, Reaching safepoint: 165900 ns, At safepoint: 16100 ns, Total: 182000 ns
[2024-04-16T19:44:56.663+0000][428][safepoint   ] Safepoint "Cleanup", Time since last: 12089318900 ns, Reaching safepoint: 123900 ns, At safepoint: 78800 ns, Total: 202700 ns
[2024-04-16T19:44:58.678+0000][428][safepoint   ] Safepoint "Cleanup", Time since last: 2015197500 ns, Reaching safepoint: 132800 ns, At safepoint: 13100 ns, Total: 145900 ns
[2024-04-16T19:45:01.693+0000][428][safepoint   ] Safepoint "Cleanup", Time since last: 3014685900 ns, Reaching safepoint: 198400 ns, At safepoint: 97900 ns, Total: 296300 ns
[2024-04-16T19:45:08.745+0000][428][safepoint   ] Safepoint "Cleanup", Time since last: 7051743300 ns, Reaching safepoint: 141400 ns, At safepoint: 12800 ns, Total: 154200 ns
[2024-04-16T19:45:14.796+0000][428][safepoint   ] Safepoint "Cleanup", Time since last: 6051241600 ns, Reaching safepoint: 148200 ns, At safepoint: 13900 ns, Total: 162100 ns
[2024-04-16T19:45:17.818+0000][428][safepoint   ] Safepoint "Cleanup", Time since last: 3021959100 ns, Reaching safepoint: 99100 ns, At safepoint: 15600 ns, Total: 114700 ns
[2024-04-16T19:45:24.862+0000][428][safepoint   ] Safepoint "Cleanup", Time since last: 7043912700 ns, Reaching safepoint: 140300 ns, At safepoint: 14100 ns, Total: 154400 ns
[2024-04-16T19:45:58.128+0000][428][safepoint   ] Safepoint "Cleanup", Time since last: 33265604400 ns, Reaching safepoint: 147100 ns, At safepoint: 21500 ns, Total: 168600 ns
[2024-04-16T19:46:03.167+0000][428][safepoint   ] Safepoint "Cleanup", Time since last: 5039086600 ns, Reaching safepoint: 137400 ns, At safepoint: 10800 ns, Total: 148200 ns
[2024-04-16T19:46:42.442+0000][428][safepoint   ] Safepoint "Cleanup", Time since last: 39274787700 ns, Reaching safepoint: 198100 ns, At safepoint: 25000 ns, Total: 223100 ns
[2024-04-16T19:46:48.501+0000][428][safepoint   ] Safepoint "Cleanup", Time since last: 6058311200 ns, Reaching safepoint: 82500 ns, At safepoint: 12500 ns, Total: 95000 ns
[2024-04-16T19:46:52.519+0000][428][safepoint   ] Safepoint "Cleanup", Time since last: 4017960700 ns, Reaching safepoint: 183300 ns, At safepoint: 21500 ns, Total: 204800 ns
[2024-04-16T19:46:58.556+0000][428][safepoint   ] Safepoint "Cleanup", Time since last: 6036968300 ns, Reaching safepoint: 145500 ns, At safepoint: 14800 ns, Total: 160300 ns
[2024-04-16T19:46:59.562+0000][428][safepoint   ] Safepoint "Cleanup", Time since last: 1005430200 ns, Reaching safepoint: 143200 ns, At safepoint: 10600 ns, Total: 153800 ns
[2024-04-16T19:47:05.626+0000][428][safepoint   ] Safepoint "Cleanup", Time since last: 6063717000 ns, Reaching safepoint: 141400 ns, At safepoint: 11600 ns, Total: 153000 ns
[2024-04-16T19:47:06.626+0000][428][safepoint   ] Safepoint "Cleanup", Time since last: 1000587600 ns, Reaching safepoint: 145300 ns, At safepoint: 20400 ns, Total: 165700 ns
[2024-04-16T19:47:09.655+0000][428][safepoint   ] Safepoint "Cleanup", Time since last: 3028395300 ns, Reaching safepoint: 126800 ns, At safepoint: 34800 ns, Total: 161600 ns
[2024-04-16T19:47:24.758+0000][428][safepoint   ] Safepoint "Cleanup", Time since last: 15103115900 ns, Reaching safepoint: 139300 ns, At safepoint: 15500 ns, Total: 154800 ns
[2024-04-16T19:47:26.742+0000][428][safepoint   ] Safepoint "Cleanup", Time since last: 1983646600 ns, Reaching safepoint: 180400 ns, At safepoint: 94000 ns, Total: 274400 ns
[2024-04-16T19:47:31.781+0000][428][safepoint   ] Safepoint "Cleanup", Time since last: 5038857400 ns, Reaching safepoint: 190200 ns, At safepoint: 25200 ns, Total: 215400 ns
[2024-04-16T19:47:39.843+0000][428][safepoint   ] Safepoint "Cleanup", Time since last: 8061597900 ns, Reaching safepoint: 167700 ns, At safepoint: 18300 ns, Total: 186000 ns
[2024-04-16T19:47:44.896+0000][428][safepoint   ] Safepoint "Cleanup", Time since last: 5052979300 ns, Reaching safepoint: 158400 ns, At safepoint: 17300 ns, Total: 175700 ns
[2024-04-16T19:47:58.002+0000][428][safepoint   ] Safepoint "Cleanup", Time since last: 13105511400 ns, Reaching safepoint: 135000 ns, At safepoint: 18700 ns, Total: 153700 ns
[2024-04-16T19:48:08.067+0000][428][safepoint   ] Safepoint "Cleanup", Time since last: 10065572000 ns, Reaching safepoint: 146900 ns, At safepoint: 10800 ns, Total: 157700 ns
[2024-04-16T19:48:13.121+0000][428][safepoint   ] Safepoint "Cleanup", Time since last: 5053893800 ns, Reaching safepoint: 150700 ns, At safepoint: 21900 ns, Total: 172600 ns
[2024-04-16T19:48:14.126+0000][428][safepoint   ] Safepoint "Cleanup", Time since last: 1004623500 ns, Reaching safepoint: 162100 ns, At safepoint: 38800 ns, Total: 200900 ns
[2024-04-16T19:48:15.129+0000][428][safepoint   ] Safepoint "Cleanup", Time since last: 1002008700 ns, Reaching safepoint: 179600 ns, At safepoint: 14000 ns, Total: 193600 ns
[2024-04-16T19:48:17.138+0000][428][safepoint   ] Safepoint "Cleanup", Time since last: 2009616900 ns, Reaching safepoint: 140300 ns, At safepoint: 80700 ns, Total: 221000 ns
[2024-04-16T19:48:27.218+0000][428][safepoint   ] Safepoint "Cleanup", Time since last: 10079430800 ns, Reaching safepoint: 139700 ns, At safepoint: 22900 ns, Total: 162600 ns
[2024-04-16T19:48:37.294+0000][428][safepoint   ] Safepoint "Cleanup", Time since last: 10075699300 ns, Reaching safepoint: 142700 ns, At safepoint: 22800 ns, Total: 165500 ns
[2024-04-16T19:48:43.340+0000][428][safepoint   ] Safepoint "Cleanup", Time since last: 6046235900 ns, Reaching safepoint: 161500 ns, At safepoint: 19500 ns, Total: 181000 ns
[2024-04-16T19:48:48.376+0000][428][safepoint   ] Safepoint "Cleanup", Time since last: 5035777800 ns, Reaching safepoint: 83200 ns, At safepoint: 14800 ns, Total: 98000 ns
[2024-04-16T19:48:49.383+0000][428][safepoint   ] Safepoint "Cleanup", Time since last: 1006599500 ns, Reaching safepoint: 109400 ns, At safepoint: 17100 ns, Total: 126500 ns
[2024-04-16T19:48:55.430+0000][428][safepoint   ] Safepoint "Cleanup", Time since last: 6047496000 ns, Reaching safepoint: 91000 ns, At safepoint: 9300 ns, Total: 100300 ns
[2024-04-16T19:48:56.431+0000][428][safepoint   ] Safepoint "Cleanup", Time since last: 1000768100 ns, Reaching safepoint: 121000 ns, At safepoint: 20300 ns, Total: 141300 ns
[2024-04-16T19:48:58.443+0000][428][safepoint   ] Safepoint "Cleanup", Time since last: 2011581700 ns, Reaching safepoint: 108300 ns, At safepoint: 25800 ns, Total: 134100 ns
[2024-04-16T19:49:15.587+0000][428][safepoint   ] Safepoint "Cleanup", Time since last: 17144276900 ns, Reaching safepoint: 72000 ns, At safepoint: 9000 ns, Total: 81000 ns
[2024-04-16T19:49:17.609+0000][428][safepoint   ] Safepoint "Cleanup", Time since last: 2021715100 ns, Reaching safepoint: 187500 ns, At safepoint: 4800 ns, Total: 192300 ns
[2024-04-16T19:49:18.617+0000][428][safepoint   ] Safepoint "Cleanup", Time since last: 1007591400 ns, Reaching safepoint: 85300 ns, At safepoint: 12300 ns, Total: 97600 ns
[2024-04-16T19:49:19.622+0000][428][safepoint   ] Safepoint "Cleanup", Time since last: 1004521400 ns, Reaching safepoint: 103200 ns, At safepoint: 12200 ns, Total: 115400 ns
[2024-04-16T19:49:22.653+0000][428][safepoint   ] Safepoint "Cleanup", Time since last: 3031428800 ns, Reaching safepoint: 98700 ns, At safepoint: 19800 ns, Total: 118500 ns
[2024-04-16T19:49:28.698+0000][428][safepoint   ] Safepoint "Cleanup", Time since last: 6044650700 ns, Reaching safepoint: 122700 ns, At safepoint: 12300 ns, Total: 135000 ns
[2024-04-16T19:49:34.725+0000][428][safepoint   ] Safepoint "Cleanup", Time since last: 6026653200 ns, Reaching safepoint: 80100 ns, At safepoint: 14600 ns, Total: 94700 ns
[2024-04-16T19:49:54.877+0000][428][safepoint   ] Safepoint "Cleanup", Time since last: 20151767800 ns, Reaching safepoint: 150800 ns, At safepoint: 19400 ns, Total: 170200 ns
[2024-04-16T19:49:55.880+0000][428][safepoint   ] Safepoint "Cleanup", Time since last: 1002767100 ns, Reaching safepoint: 108600 ns, At safepoint: 39900 ns, Total: 148500 ns
[2024-04-16T19:49:58.912+0000][428][safepoint   ] Safepoint "Cleanup", Time since last: 3032192700 ns, Reaching safepoint: 192400 ns, At safepoint: 110200 ns, Total: 302600 ns
[2024-04-16T19:50:00.939+0000][428][safepoint   ] Safepoint "Cleanup", Time since last: 2027044900 ns, Reaching safepoint: 115000 ns, At safepoint: 23600 ns, Total: 138600 ns
[2024-04-16T19:50:03.949+0000][428][safepoint   ] Safepoint "Cleanup", Time since last: 3009546000 ns, Reaching safepoint: 76600 ns, At safepoint: 22200 ns, Total: 98800 ns
[2024-04-16T19:50:13.022+0000][428][safepoint   ] Safepoint "Cleanup", Time since last: 9072485300 ns, Reaching safepoint: 141400 ns, At safepoint: 12200 ns, Total: 153600 ns
[2024-04-16T19:50:15.041+0000][428][safepoint   ] Safepoint "Cleanup", Time since last: 2018875100 ns, Reaching safepoint: 96700 ns, At safepoint: 18000 ns, Total: 114700 ns
[2024-04-16T19:50:24.121+0000][428][safepoint   ] Safepoint "Cleanup", Time since last: 9080724100 ns, Reaching safepoint: 94500 ns, At safepoint: 81700 ns, Total: 176200 ns
[2024-04-16T19:50:33.169+0000][428][safepoint   ] Safepoint "Cleanup", Time since last: 9046945600 ns, Reaching safepoint: 105500 ns, At safepoint: 41100 ns, Total: 146600 ns
[2024-04-16T19:50:47.274+0000][428][safepoint   ] Safepoint "Cleanup", Time since last: 14104817400 ns, Reaching safepoint: 157700 ns, At safepoint: 22700 ns, Total: 180400 ns
[2024-04-16T19:50:54.315+0000][428][safepoint   ] Safepoint "Cleanup", Time since last: 7040800000 ns, Reaching safepoint: 150500 ns, At safepoint: 17700 ns, Total: 168200 ns
[2024-04-16T19:50:58.348+0000][428][safepoint   ] Safepoint "Cleanup", Time since last: 4033443100 ns, Reaching safepoint: 131200 ns, At safepoint: 18800 ns, Total: 150000 ns
[2024-04-16T19:50:59.357+0000][428][safepoint   ] Safepoint "Cleanup", Time since last: 1008238800 ns, Reaching safepoint: 198000 ns, At safepoint: 21500 ns, Total: 219500 ns
[2024-04-16T19:51:00.369+0000][428][safepoint   ] Safepoint "Cleanup", Time since last: 1012012800 ns, Reaching safepoint: 87600 ns, At safepoint: 56000 ns, Total: 143600 ns
[2024-04-16T19:51:15.481+0000][428][safepoint   ] Safepoint "Cleanup", Time since last: 15112561900 ns, Reaching safepoint: 69200 ns, At safepoint: 14000 ns, Total: 83200 ns
[2024-04-16T19:51:24.533+0000][428][safepoint   ] Safepoint "Cleanup", Time since last: 9051219900 ns, Reaching safepoint: 127300 ns, At safepoint: 16700 ns, Total: 144000 ns
[2024-04-16T19:51:40.671+0000][428][safepoint   ] Safepoint "Cleanup", Time since last: 16138473300 ns, Reaching safepoint: 180000 ns, At safepoint: 18600 ns, Total: 198600 ns
[2024-04-16T19:51:58.803+0000][428][safepoint   ] Safepoint "Cleanup", Time since last: 18131154200 ns, Reaching safepoint: 182900 ns, At safepoint: 29500 ns, Total: 212400 ns
[2024-04-16T19:52:00.809+0000][428][safepoint   ] Safepoint "Cleanup", Time since last: 2006475300 ns, Reaching safepoint: 177700 ns, At safepoint: 14800 ns, Total: 192500 ns
[2024-04-16T19:52:07.852+0000][428][safepoint   ] Safepoint "Cleanup", Time since last: 7042107900 ns, Reaching safepoint: 153200 ns, At safepoint: 24600 ns, Total: 177800 ns
[2024-04-16T19:52:10.884+0000][428][safepoint   ] Safepoint "Cleanup", Time since last: 3031944100 ns, Reaching safepoint: 75700 ns, At safepoint: 8500 ns, Total: 84200 ns
[2024-04-16T19:52:21.959+0000][428][safepoint   ] Safepoint "Cleanup", Time since last: 11075373800 ns, Reaching safepoint: 109800 ns, At safepoint: 16900 ns, Total: 126700 ns
[2024-04-16T19:52:35.054+0000][428][safepoint   ] Safepoint "Cleanup", Time since last: 13094829800 ns, Reaching safepoint: 142800 ns, At safepoint: 25100 ns, Total: 167900 ns
[2024-04-16T19:52:53.183+0000][428][safepoint   ] Safepoint "Cleanup", Time since last: 18128652900 ns, Reaching safepoint: 118600 ns, At safepoint: 18800 ns, Total: 137400 ns
[2024-04-16T19:52:54.191+0000][428][safepoint   ] Safepoint "Cleanup", Time since last: 1008203500 ns, Reaching safepoint: 131900 ns, At safepoint: 15300 ns, Total: 147200 ns
[2024-04-16T19:52:58.219+0000][428][safepoint   ] Safepoint "Cleanup", Time since last: 4027439800 ns, Reaching safepoint: 142100 ns, At safepoint: 78300 ns, Total: 220400 ns
[2024-04-16T19:53:11.311+0000][428][safepoint   ] Safepoint "Cleanup", Time since last: 13091903100 ns, Reaching safepoint: 85900 ns, At safepoint: 13200 ns, Total: 99100 ns
[2024-04-16T19:53:13.323+0000][428][safepoint   ] Safepoint "Cleanup", Time since last: 2012256600 ns, Reaching safepoint: 138100 ns, At safepoint: 12200 ns, Total: 150300 ns
[2024-04-16T19:53:25.900+0000][428][safepoint   ] Safepoint "Cleanup", Time since last: 12575683200 ns, Reaching safepoint: 654900 ns, At safepoint: 13900 ns, Total: 668800 ns
[2024-04-16T19:53:35.957+0000][428][safepoint   ] Safepoint "Cleanup", Time since last: 10057638200 ns, Reaching safepoint: 172500 ns, At safepoint: 14800 ns, Total: 187300 ns
[2024-04-16T19:53:58.087+0000][428][safepoint   ] Safepoint "Cleanup", Time since last: 22128976600 ns, Reaching safepoint: 155000 ns, At safepoint: 13900 ns, Total: 168900 ns
[2024-04-16T20:15:28.915+0000][428][safepoint   ] Safepoint "Cleanup", Time since last: 1289432872900 ns, Reaching safepoint: 1385601100 ns, At safepoint: 19402500 ns, Total: 1405003600 ns
[2024-04-16T20:15:29.916+0000][428][safepoint   ] Safepoint "Cleanup", Time since last: 1000494200 ns, Reaching safepoint: 239900 ns, At safepoint: 41100 ns, Total: 281000 ns
[2024-04-16T20:15:31.931+0000][428][safepoint   ] Safepoint "Cleanup", Time since last: 2014409600 ns, Reaching safepoint: 633400 ns, At safepoint: 64700 ns, Total: 698100 ns
[2024-04-16T20:15:34.012+0000][428][safepoint   ] Safepoint "Cleanup", Time since last: 2018141000 ns, Reaching safepoint: 62208800 ns, At safepoint: 339400 ns, Total: 62548200 ns
[2024-04-16T20:15:35.021+0000][428][safepoint   ] Safepoint "Cleanup", Time since last: 1008618600 ns, Reaching safepoint: 195500 ns, At safepoint: 22500 ns, Total: 218000 ns
[2024-04-16T20:15:36.026+0000][428][safepoint   ] Safepoint "Cleanup", Time since last: 1005383300 ns, Reaching safepoint: 100400 ns, At safepoint: 13800 ns, Total: 114200 ns
[2024-04-16T20:15:37.037+0000][428][safepoint   ] Safepoint "Cleanup", Time since last: 1010699800 ns, Reaching safepoint: 71200 ns, At safepoint: 11900 ns, Total: 83100 ns
[2024-04-16T20:15:38.044+0000][428][safepoint   ] Safepoint "Cleanup", Time since last: 1006689800 ns, Reaching safepoint: 131400 ns, At safepoint: 14200 ns, Total: 145600 ns
[2024-04-16T20:15:40.059+0000][428][safepoint   ] Safepoint "Cleanup", Time since last: 2014569600 ns, Reaching safepoint: 96000 ns, At safepoint: 12600 ns, Total: 108600 ns
[2024-04-16T20:15:48.108+0000][428][safepoint   ] Safepoint "Cleanup", Time since last: 8049196100 ns, Reaching safepoint: 73600 ns, At safepoint: 14000 ns, Total: 87600 ns
[2024-04-16T20:15:51.139+0000][428][safepoint   ] Safepoint "Cleanup", Time since last: 3030689900 ns, Reaching safepoint: 79200 ns, At safepoint: 6300 ns, Total: 85500 ns
[2024-04-16T20:15:52.147+0000][428][safepoint   ] Safepoint "Cleanup", Time since last: 1008490300 ns, Reaching safepoint: 176300 ns, At safepoint: 60600 ns, Total: 236900 ns
[2024-04-16T20:15:57.174+0000][428][safepoint   ] Safepoint "Cleanup", Time since last: 5026465300 ns, Reaching safepoint: 99500 ns, At safepoint: 13200 ns, Total: 112700 ns
[2024-04-16T20:15:58.184+0000][428][safepoint   ] Safepoint "Cleanup", Time since last: 1009415800 ns, Reaching safepoint: 148200 ns, At safepoint: 4400 ns, Total: 152600 ns
[2024-04-16T20:15:59.981+0000][428][gc,start    ] GC(17) Pause Young (Normal) (G1 Evacuation Pause)
[2024-04-16T20:15:59.981+0000][428][gc,task     ] GC(17) Using 8 workers of 8 for evacuation
[2024-04-16T20:15:59.981+0000][428][gc,age      ] GC(17) Desired survivor size 159383552 bytes, new threshold 15 (max threshold 15)
[2024-04-16T20:15:59.997+0000][428][gc,phases   ] GC(17)   Pre Evacuate Collection Set: 0.1ms
[2024-04-16T20:15:59.997+0000][428][gc,phases   ] GC(17)   Merge Heap Roots: 0.2ms
[2024-04-16T20:15:59.997+0000][428][gc,phases   ] GC(17)   Evacuate Collection Set: 9.0ms
[2024-04-16T20:15:59.997+0000][428][gc,phases   ] GC(17)   Post Evacuate Collection Set: 3.8ms
[2024-04-16T20:15:59.997+0000][428][gc,phases   ] GC(17)   Other: 0.1ms
[2024-04-16T20:15:59.997+0000][428][gc,age      ] GC(17) Age table with threshold 15 (max threshold 15)
[2024-04-16T20:15:59.997+0000][428][gc,age      ] GC(17) - age   1:    2054768 bytes,    2054768 total
[2024-04-16T20:15:59.997+0000][428][gc,age      ] GC(17) - age   2:     194544 bytes,    2249312 total
[2024-04-16T20:15:59.997+0000][428][gc,age      ] GC(17) - age   3:    2664968 bytes,    4914280 total
[2024-04-16T20:15:59.997+0000][428][gc,age      ] GC(17) - age   4:     684344 bytes,    5598624 total
[2024-04-16T20:15:59.997+0000][428][gc,age      ] GC(17) - age   5:   10532256 bytes,   16130880 total
[2024-04-16T20:15:59.997+0000][428][gc,heap     ] GC(17) Eden regions: 601->0(601)
[2024-04-16T20:15:59.997+0000][428][gc,heap     ] GC(17) Survivor regions: 5->5(76)
[2024-04-16T20:15:59.997+0000][428][gc,heap     ] GC(17) Old regions: 46->46
[2024-04-16T20:15:59.997+0000][428][gc,heap     ] GC(17) Archive regions: 0->0
[2024-04-16T20:15:59.997+0000][428][gc,heap     ] GC(17) Humongous regions: 2->2
[2024-04-16T20:15:59.997+0000][428][gc,metaspace] GC(17) Metaspace: 131814K(135424K)->131814K(135424K) NonClass: 114343K(116224K)->114343K(116224K) Class: 17470K(19200K)->17470K(19200K)
[2024-04-16T20:15:59.997+0000][428][gc          ] GC(17) Pause Young (Normal) (G1 Evacuation Pause) 2611M->205M(4040M) 14.204ms
[2024-04-16T20:15:59.997+0000][428][gc,cpu      ] GC(17) User=0.00s Sys=0.00s Real=0.02s
[2024-04-16T20:15:59.997+0000][428][safepoint   ] Safepoint "G1CollectForAllocation", Time since last: 1802085600 ns, Reaching safepoint: 94300 ns, At safepoint: 14306800 ns, Total: 14401100 ns
[2024-04-16T20:16:43.670+0000][428][safepoint   ] Safepoint "Cleanup", Time since last: 49288776100 ns, Reaching safepoint: 154800 ns, At safepoint: 16500 ns, Total: 171300 ns
[2024-04-16T20:16:44.681+0000][428][safepoint   ] Safepoint "Cleanup", Time since last: 1010239300 ns, Reaching safepoint: 119900 ns, At safepoint: 9300 ns, Total: 129200 ns
[2024-04-16T20:16:49.723+0000][428][safepoint   ] Safepoint "Cleanup", Time since last: 5042215600 ns, Reaching safepoint: 114000 ns, At safepoint: 16000 ns, Total: 130000 ns
[2024-04-16T20:16:50.725+0000][428][safepoint   ] Safepoint "Cleanup", Time since last: 1001457000 ns, Reaching safepoint: 89200 ns, At safepoint: 5000 ns, Total: 94200 ns
[2024-04-16T20:17:01.808+0000][428][safepoint   ] Safepoint "Cleanup", Time since last: 11083129700 ns, Reaching safepoint: 170000 ns, At safepoint: 13400 ns, Total: 183400 ns
[2024-04-16T20:17:07.864+0000][428][safepoint   ] Safepoint "Cleanup", Time since last: 6056066400 ns, Reaching safepoint: 132900 ns, At safepoint: 4900 ns, Total: 137800 ns
[2024-04-16T20:17:19.971+0000][428][safepoint   ] Safepoint "Cleanup", Time since last: 12107095700 ns, Reaching safepoint: 127200 ns, At safepoint: 5200 ns, Total: 132400 ns
[2024-04-16T20:17:22.993+0000][428][safepoint   ] Safepoint "Cleanup", Time since last: 3021817600 ns, Reaching safepoint: 92200 ns, At safepoint: 8900 ns, Total: 101100 ns
[2024-04-16T20:17:32.061+0000][428][safepoint   ] Safepoint "Cleanup", Time since last: 9067507000 ns, Reaching safepoint: 117000 ns, At safepoint: 7500 ns, Total: 124500 ns
[2024-04-16T20:17:38.109+0000][428][safepoint   ] Safepoint "Cleanup", Time since last: 6047578500 ns, Reaching safepoint: 152400 ns, At safepoint: 48600 ns, Total: 201000 ns
[2024-04-16T20:17:43.143+0000][428][safepoint   ] Safepoint "Cleanup", Time since last: 5033988600 ns, Reaching safepoint: 75400 ns, At safepoint: 7200 ns, Total: 82600 ns
[2024-04-16T20:17:44.149+0000][428][safepoint   ] Safepoint "Cleanup", Time since last: 1005803200 ns, Reaching safepoint: 234600 ns, At safepoint: 19000 ns, Total: 253600 ns
[2024-04-16T20:17:45.155+0000][428][safepoint   ] Safepoint "Cleanup", Time since last: 1005998200 ns, Reaching safepoint: 93500 ns, At safepoint: 6700 ns, Total: 100200 ns
[2024-04-16T20:17:47.173+0000][428][safepoint   ] Safepoint "Cleanup", Time since last: 2017452100 ns, Reaching safepoint: 163200 ns, At safepoint: 4500 ns, Total: 167700 ns
[2024-04-16T20:17:50.201+0000][428][safepoint   ] Safepoint "Cleanup", Time since last: 3028163100 ns, Reaching safepoint: 83500 ns, At safepoint: 11100 ns, Total: 94600 ns
[2024-04-16T20:17:53.224+0000][428][safepoint   ] Safepoint "Cleanup", Time since last: 3023096100 ns, Reaching safepoint: 86500 ns, At safepoint: 8000 ns, Total: 94500 ns
[2024-04-16T20:18:20.565+0000][428][safepoint   ] Safepoint "Cleanup", Time since last: 27341162600 ns, Reaching safepoint: 119800 ns, At safepoint: 8400 ns, Total: 128200 ns
[2024-04-16T20:18:27.636+0000][428][safepoint   ] Safepoint "Cleanup", Time since last: 7070677600 ns, Reaching safepoint: 93400 ns, At safepoint: 27300 ns, Total: 120700 ns
[2024-04-16T20:18:31.660+0000][428][safepoint   ] Safepoint "Cleanup", Time since last: 4024024500 ns, Reaching safepoint: 118400 ns, At safepoint: 9500 ns, Total: 127900 ns
[2024-04-16T20:18:37.710+0000][428][safepoint   ] Safepoint "Cleanup", Time since last: 6049083600 ns, Reaching safepoint: 63000 ns, At safepoint: 7000 ns, Total: 70000 ns
[2024-04-16T20:18:42.754+0000][428][safepoint   ] Safepoint "Cleanup", Time since last: 5044729800 ns, Reaching safepoint: 348100 ns, At safepoint: 30100 ns, Total: 378200 ns
[2024-04-16T20:19:15.053+0000][428][safepoint   ] Safepoint "Cleanup", Time since last: 32298043200 ns, Reaching safepoint: 90500 ns, At safepoint: 10300 ns, Total: 100800 ns
[2024-04-16T20:19:29.183+0000][428][safepoint   ] Safepoint "Cleanup", Time since last: 14129918600 ns, Reaching safepoint: 99900 ns, At safepoint: 5600 ns, Total: 105500 ns
[2024-04-16T20:19:32.195+0000][428][safepoint   ] Safepoint "Cleanup", Time since last: 3011883000 ns, Reaching safepoint: 141900 ns, At safepoint: 16500 ns, Total: 158400 ns
[2024-04-16T20:19:35.224+0000][428][safepoint   ] Safepoint "Cleanup", Time since last: 3029278800 ns, Reaching safepoint: 242400 ns, At safepoint: 20200 ns, Total: 262600 ns
[2024-04-16T20:19:43.282+0000][428][safepoint   ] Safepoint "Cleanup", Time since last: 8057647800 ns, Reaching safepoint: 130100 ns, At safepoint: 83400 ns, Total: 213500 ns
[2024-04-16T20:19:45.300+0000][428][safepoint   ] Safepoint "Cleanup", Time since last: 2017227800 ns, Reaching safepoint: 195200 ns, At safepoint: 17600 ns, Total: 212800 ns
[2024-04-16T20:20:02.438+0000][428][safepoint   ] Safepoint "Cleanup", Time since last: 17138405200 ns, Reaching safepoint: 50500 ns, At safepoint: 5000 ns, Total: 55500 ns
[2024-04-16T20:20:08.502+0000][428][safepoint   ] Safepoint "Cleanup", Time since last: 6063180700 ns, Reaching safepoint: 149500 ns, At safepoint: 25300 ns, Total: 174800 ns
[2024-04-16T20:20:11.526+0000][428][safepoint   ] Safepoint "Cleanup", Time since last: 3024191100 ns, Reaching safepoint: 357400 ns, At safepoint: 17200 ns, Total: 374600 ns
[2024-04-16T20:20:14.556+0000][428][safepoint   ] Safepoint "Cleanup", Time since last: 3029868000 ns, Reaching safepoint: 134800 ns, At safepoint: 14900 ns, Total: 149700 ns
[2024-04-16T20:20:20.604+0000][428][safepoint   ] Safepoint "Cleanup", Time since last: 6047538000 ns, Reaching safepoint: 58700 ns, At safepoint: 6600 ns, Total: 65300 ns
[2024-04-16T20:20:22.628+0000][428][safepoint   ] Safepoint "Cleanup", Time since last: 2024554500 ns, Reaching safepoint: 129100 ns, At safepoint: 6400 ns, Total: 135500 ns
[2024-04-16T20:20:26.662+0000][428][safepoint   ] Safepoint "Cleanup", Time since last: 4033101600 ns, Reaching safepoint: 148000 ns, At safepoint: 8000 ns, Total: 156000 ns
[2024-04-16T20:20:32.711+0000][428][safepoint   ] Safepoint "Cleanup", Time since last: 6049709800 ns, Reaching safepoint: 88500 ns, At safepoint: 11200 ns, Total: 99700 ns
[2024-04-16T20:20:35.742+0000][428][safepoint   ] Safepoint "Cleanup", Time since last: 3029909000 ns, Reaching safepoint: 112500 ns, At safepoint: 13600 ns, Total: 126100 ns
[2024-04-16T20:20:43.830+0000][428][safepoint   ] Safepoint "Cleanup", Time since last: 8088591100 ns, Reaching safepoint: 92000 ns, At safepoint: 5700 ns, Total: 97700 ns
[2024-04-16T20:20:45.855+0000][428][safepoint   ] Safepoint "Cleanup", Time since last: 2024698200 ns, Reaching safepoint: 62000 ns, At safepoint: 6400 ns, Total: 68400 ns
[2024-04-16T20:21:35.222+0000][428][safepoint   ] Safepoint "Cleanup", Time since last: 49367262800 ns, Reaching safepoint: 94500 ns, At safepoint: 11300 ns, Total: 105800 ns
[2024-04-16T20:21:51.350+0000][428][safepoint   ] Safepoint "Cleanup", Time since last: 16127560000 ns, Reaching safepoint: 72700 ns, At safepoint: 8300 ns, Total: 81000 ns
[2024-04-16T20:21:53.366+0000][428][safepoint   ] Safepoint "Cleanup", Time since last: 2016287300 ns, Reaching safepoint: 171700 ns, At safepoint: 31100 ns, Total: 202800 ns
[2024-04-16T20:21:58.412+0000][428][safepoint   ] Safepoint "Cleanup", Time since last: 5045027000 ns, Reaching safepoint: 286000 ns, At safepoint: 15300 ns, Total: 301300 ns
[2024-04-16T20:22:00.418+0000][428][safepoint   ] Safepoint "Cleanup", Time since last: 2005999000 ns, Reaching safepoint: 126900 ns, At safepoint: 5800 ns, Total: 132700 ns
[2024-04-16T20:22:02.432+0000][428][safepoint   ] Safepoint "Cleanup", Time since last: 2013911500 ns, Reaching safepoint: 184300 ns, At safepoint: 13900 ns, Total: 198200 ns
[2024-04-16T20:22:14.556+0000][428][safepoint   ] Safepoint "Cleanup", Time since last: 12123504000 ns, Reaching safepoint: 116400 ns, At safepoint: 7500 ns, Total: 123900 ns
[2024-04-16T20:22:15.565+0000][428][safepoint   ] Safepoint "Cleanup", Time since last: 1009013400 ns, Reaching safepoint: 136300 ns, At safepoint: 27500 ns, Total: 163800 ns
[2024-04-16T20:22:38.743+0000][428][safepoint   ] Safepoint "Cleanup", Time since last: 23177930300 ns, Reaching safepoint: 65800 ns, At safepoint: 19100 ns, Total: 84900 ns
[2024-04-16T20:22:42.775+0000][428][safepoint   ] Safepoint "Cleanup", Time since last: 4032136900 ns, Reaching safepoint: 197100 ns, At safepoint: 20800 ns, Total: 217900 ns
[2024-04-16T20:23:27.080+0000][428][safepoint   ] Safepoint "Cleanup", Time since last: 44304199600 ns, Reaching safepoint: 70900 ns, At safepoint: 13400 ns, Total: 84300 ns
[2024-04-16T20:23:33.133+0000][428][safepoint   ] Safepoint "Cleanup", Time since last: 6053360300 ns, Reaching safepoint: 156900 ns, At safepoint: 17900 ns, Total: 174800 ns
[2024-04-16T20:23:43.231+0000][428][safepoint   ] Safepoint "Cleanup", Time since last: 10098327300 ns, Reaching safepoint: 110700 ns, At safepoint: 18600 ns, Total: 129300 ns
[2024-04-16T20:24:09.486+0000][428][safepoint   ] Safepoint "Cleanup", Time since last: 26254025600 ns, Reaching safepoint: 142600 ns, At safepoint: 15400 ns, Total: 158000 ns
[2024-04-16T20:24:13.535+0000][428][safepoint   ] Safepoint "Cleanup", Time since last: 4048844100 ns, Reaching safepoint: 104800 ns, At safepoint: 12500 ns, Total: 117300 ns
[2024-04-16T20:24:41.822+0000][428][safepoint   ] Safepoint "Cleanup", Time since last: 28287185200 ns, Reaching safepoint: 112700 ns, At safepoint: 10800 ns, Total: 123500 ns
[2024-04-16T20:24:43.843+0000][428][safepoint   ] Safepoint "Cleanup", Time since last: 2021094700 ns, Reaching safepoint: 144600 ns, At safepoint: 15400 ns, Total: 160000 ns
[2024-04-16T20:24:44.855+0000][428][safepoint   ] Safepoint "Cleanup", Time since last: 1011994700 ns, Reaching safepoint: 95900 ns, At safepoint: 27100 ns, Total: 123000 ns
[2024-04-16T20:25:03.043+0000][428][safepoint   ] Safepoint "Cleanup", Time since last: 18187394800 ns, Reaching safepoint: 158700 ns, At safepoint: 11900 ns, Total: 170600 ns
[2024-04-16T20:25:39.410+0000][428][safepoint   ] Safepoint "Cleanup", Time since last: 36367343300 ns, Reaching safepoint: 122000 ns, At safepoint: 8000 ns, Total: 130000 ns
[2024-04-16T20:25:43.456+0000][428][safepoint   ] Safepoint "Cleanup", Time since last: 4045533300 ns, Reaching safepoint: 78900 ns, At safepoint: 17000 ns, Total: 95900 ns
[2024-04-16T20:25:46.486+0000][428][safepoint   ] Safepoint "Cleanup", Time since last: 3030211700 ns, Reaching safepoint: 171800 ns, At safepoint: 12200 ns, Total: 184000 ns
[2024-04-16T20:26:21.863+0000][428][safepoint   ] Safepoint "Cleanup", Time since last: 35376869800 ns, Reaching safepoint: 71700 ns, At safepoint: 51400 ns, Total: 123100 ns
[2024-04-16T20:26:23.887+0000][428][safepoint   ] Safepoint "Cleanup", Time since last: 2023795600 ns, Reaching safepoint: 278000 ns, At safepoint: 28100 ns, Total: 306100 ns
[2024-04-16T20:26:43.033+0000][428][safepoint   ] Safepoint "Cleanup", Time since last: 19145840400 ns, Reaching safepoint: 188700 ns, At safepoint: 36000 ns, Total: 224700 ns
[2024-04-16T20:26:51.114+0000][428][safepoint   ] Safepoint "Cleanup", Time since last: 8080151400 ns, Reaching safepoint: 133800 ns, At safepoint: 14700 ns, Total: 148500 ns
[2024-04-16T20:27:27.398+0000][428][safepoint   ] Safepoint "Cleanup", Time since last: 36283712400 ns, Reaching safepoint: 190500 ns, At safepoint: 33900 ns, Total: 224400 ns
[2024-04-16T20:27:41.501+0000][428][safepoint   ] Safepoint "Cleanup", Time since last: 14103300100 ns, Reaching safepoint: 90200 ns, At safepoint: 55200 ns, Total: 145400 ns
[2024-04-16T20:28:13.750+0000][428][safepoint   ] Safepoint "Cleanup", Time since last: 32248646700 ns, Reaching safepoint: 142600 ns, At safepoint: 10500 ns, Total: 153100 ns
[2024-04-16T20:28:40.956+0000][428][safepoint   ] Safepoint "Cleanup", Time since last: 27206253600 ns, Reaching safepoint: 108600 ns, At safepoint: 21100 ns, Total: 129700 ns
[2024-04-16T20:28:42.978+0000][428][safepoint   ] Safepoint "Cleanup", Time since last: 2021762000 ns, Reaching safepoint: 107900 ns, At safepoint: 6300 ns, Total: 114200 ns
[2024-04-16T20:28:58.126+0000][428][safepoint   ] Safepoint "Cleanup", Time since last: 15148015700 ns, Reaching safepoint: 102100 ns, At safepoint: 15400 ns, Total: 117500 ns
[2024-04-16T20:29:04.170+0000][428][safepoint   ] Safepoint "Cleanup", Time since last: 6043701800 ns, Reaching safepoint: 111500 ns, At safepoint: 7900 ns, Total: 119400 ns
[2024-04-16T20:29:10.217+0000][428][safepoint   ] Safepoint "Cleanup", Time since last: 6047310700 ns, Reaching safepoint: 266400 ns, At safepoint: 94200 ns, Total: 360600 ns
[2024-04-16T20:29:16.258+0000][428][safepoint   ] Safepoint "Cleanup", Time since last: 6039724000 ns, Reaching safepoint: 127900 ns, At safepoint: 9800 ns, Total: 137700 ns
[2024-04-16T20:29:28.349+0000][428][safepoint   ] Safepoint "Cleanup", Time since last: 12091253400 ns, Reaching safepoint: 139100 ns, At safepoint: 13500 ns, Total: 152600 ns
[2024-04-16T20:29:30.364+0000][428][safepoint   ] Safepoint "Cleanup", Time since last: 2014628500 ns, Reaching safepoint: 203100 ns, At safepoint: 23100 ns, Total: 226200 ns
[2024-04-16T20:29:36.401+0000][428][safepoint   ] Safepoint "Cleanup", Time since last: 6037037600 ns, Reaching safepoint: 137100 ns, At safepoint: 12800 ns, Total: 149900 ns
[2024-04-16T20:29:43.455+0000][428][safepoint   ] Safepoint "Cleanup", Time since last: 7053956300 ns, Reaching safepoint: 128100 ns, At safepoint: 28800 ns, Total: 156900 ns
[2024-04-16T20:29:57.556+0000][428][safepoint   ] Safepoint "Cleanup", Time since last: 14100681000 ns, Reaching safepoint: 93700 ns, At safepoint: 48200 ns, Total: 141900 ns
[2024-04-16T20:30:09.456+0000][428][gc,start    ] GC(18) Pause Young (Normal) (G1 Evacuation Pause)
[2024-04-16T20:30:09.484+0000][428][gc,task     ] GC(18) Using 8 workers of 8 for evacuation
[2024-04-16T20:30:09.484+0000][428][gc,age      ] GC(18) Desired survivor size 159383552 bytes, new threshold 15 (max threshold 15)
[2024-04-16T20:30:09.603+0000][428][gc,phases   ] GC(18)   Pre Evacuate Collection Set: 13.8ms
[2024-04-16T20:30:09.603+0000][428][gc,phases   ] GC(18)   Merge Heap Roots: 1.3ms
[2024-04-16T20:30:09.603+0000][428][gc,phases   ] GC(18)   Evacuate Collection Set: 73.6ms
[2024-04-16T20:30:09.603+0000][428][gc,phases   ] GC(18)   Post Evacuate Collection Set: 18.8ms
[2024-04-16T20:30:09.603+0000][428][gc,phases   ] GC(18)   Other: 29.3ms
[2024-04-16T20:30:09.603+0000][428][gc,age      ] GC(18) Age table with threshold 15 (max threshold 15)
[2024-04-16T20:30:09.603+0000][428][gc,age      ] GC(18) - age   1:    2402704 bytes,    2402704 total
[2024-04-16T20:30:09.603+0000][428][gc,age      ] GC(18) - age   2:     307120 bytes,    2709824 total
[2024-04-16T20:30:09.603+0000][428][gc,age      ] GC(18) - age   3:      38232 bytes,    2748056 total
[2024-04-16T20:30:09.603+0000][428][gc,age      ] GC(18) - age   4:    2506968 bytes,    5255024 total
[2024-04-16T20:30:09.603+0000][428][gc,age      ] GC(18) - age   5:     684136 bytes,    5939160 total
[2024-04-16T20:30:09.603+0000][428][gc,age      ] GC(18) - age   6:   10174016 bytes,   16113176 total
[2024-04-16T20:30:09.603+0000][428][gc,heap     ] GC(18) Eden regions: 601->0(601)
[2024-04-16T20:30:09.603+0000][428][gc,heap     ] GC(18) Survivor regions: 5->5(76)
[2024-04-16T20:30:09.603+0000][428][gc,heap     ] GC(18) Old regions: 46->46
[2024-04-16T20:30:09.603+0000][428][gc,heap     ] GC(18) Archive regions: 0->0
[2024-04-16T20:30:09.603+0000][428][gc,heap     ] GC(18) Humongous regions: 2->2
[2024-04-16T20:30:09.607+0000][428][gc,metaspace] GC(18) Metaspace: 131915K(135552K)->131915K(135552K) NonClass: 114441K(116352K)->114441K(116352K) Class: 17473K(19200K)->17473K(19200K)
[2024-04-16T20:30:09.607+0000][428][gc          ] GC(18) Pause Young (Normal) (G1 Evacuation Pause) 2609M->206M(4040M) 151.478ms
[2024-04-16T20:30:09.607+0000][428][gc,cpu      ] GC(18) User=0.08s Sys=0.08s Real=0.15s
[2024-04-16T20:30:09.607+0000][428][safepoint   ] Safepoint "G1CollectForAllocation", Time since last: 11899182100 ns, Reaching safepoint: 51600 ns, At safepoint: 152184800 ns, Total: 152236400 ns
[2024-04-16T20:30:10.611+0000][428][safepoint   ] Safepoint "Cleanup", Time since last: 1003533500 ns, Reaching safepoint: 113000 ns, At safepoint: 8400 ns, Total: 121400 ns
[2024-04-16T20:30:15.648+0000][428][safepoint   ] Safepoint "Cleanup", Time since last: 5037094300 ns, Reaching safepoint: 165400 ns, At safepoint: 4900 ns, Total: 170300 ns
[2024-04-16T20:30:27.754+0000][428][safepoint   ] Safepoint "Cleanup", Time since last: 12105163100 ns, Reaching safepoint: 754000 ns, At safepoint: 17000 ns, Total: 771000 ns
[2024-04-16T20:30:33.809+0000][428][safepoint   ] Safepoint "Cleanup", Time since last: 6054189100 ns, Reaching safepoint: 156300 ns, At safepoint: 30200 ns, Total: 186500 ns
[2024-04-16T20:30:37.852+0000][428][safepoint   ] Safepoint "Cleanup", Time since last: 4042974500 ns, Reaching safepoint: 183800 ns, At safepoint: 17600 ns, Total: 201400 ns
[2024-04-16T20:30:43.907+0000][428][safepoint   ] Safepoint "Cleanup", Time since last: 6055102200 ns, Reaching safepoint: 109400 ns, At safepoint: 16400 ns, Total: 125800 ns
[2024-04-16T20:30:45.904+0000][428][safepoint   ] Safepoint "Cleanup", Time since last: 1996428100 ns, Reaching safepoint: 92000 ns, At safepoint: 50000 ns, Total: 142000 ns
[2024-04-16T20:30:46.904+0000][428][safepoint   ] Safepoint "Cleanup", Time since last: 1000610300 ns, Reaching safepoint: 71600 ns, At safepoint: 10600 ns, Total: 82200 ns
[2024-04-16T20:30:48.913+0000][428][safepoint   ] Safepoint "Cleanup", Time since last: 2008086600 ns, Reaching safepoint: 119500 ns, At safepoint: 38600 ns, Total: 158100 ns
[2024-04-16T20:30:51.930+0000][428][safepoint   ] Safepoint "Cleanup", Time since last: 3016783300 ns, Reaching safepoint: 219700 ns, At safepoint: 22300 ns, Total: 242000 ns
[2024-04-16T20:30:54.970+0000][428][safepoint   ] Safepoint "Cleanup", Time since last: 3024891500 ns, Reaching safepoint: 15155400 ns, At safepoint: 61300 ns, Total: 15216700 ns
[2024-04-16T20:31:04.039+0000][428][safepoint   ] Safepoint "Cleanup", Time since last: 9068941700 ns, Reaching safepoint: 249900 ns, At safepoint: 19700 ns, Total: 269600 ns
[2024-04-16T20:31:12.099+0000][428][safepoint   ] Safepoint "Cleanup", Time since last: 8059977500 ns, Reaching safepoint: 202000 ns, At safepoint: 18900 ns, Total: 220900 ns
[2024-04-16T20:31:22.170+0000][428][safepoint   ] Safepoint "Cleanup", Time since last: 10070485900 ns, Reaching safepoint: 163900 ns, At safepoint: 15400 ns, Total: 179300 ns
[2024-04-16T20:31:41.335+0000][428][safepoint   ] Safepoint "Cleanup", Time since last: 19164839300 ns, Reaching safepoint: 183500 ns, At safepoint: 24100 ns, Total: 207600 ns
[2024-04-16T20:31:43.353+0000][428][safepoint   ] Safepoint "Cleanup", Time since last: 2017397000 ns, Reaching safepoint: 205100 ns, At safepoint: 21500 ns, Total: 226600 ns
[2024-04-16T20:31:46.371+0000][428][safepoint   ] Safepoint "Cleanup", Time since last: 3018728300 ns, Reaching safepoint: 145200 ns, At safepoint: 20000 ns, Total: 165200 ns
[2024-04-16T20:32:17.654+0000][428][safepoint   ] Safepoint "Cleanup", Time since last: 31282669100 ns, Reaching safepoint: 212400 ns, At safepoint: 66000 ns, Total: 278400 ns
[2024-04-16T20:32:42.823+0000][428][safepoint   ] Safepoint "Cleanup", Time since last: 25167961500 ns, Reaching safepoint: 180200 ns, At safepoint: 31600 ns, Total: 211800 ns
[2024-04-16T20:32:43.826+0000][428][safepoint   ] Safepoint "Cleanup", Time since last: 1003384800 ns, Reaching safepoint: 193500 ns, At safepoint: 27200 ns, Total: 220700 ns
[2024-04-16T20:32:57.915+0000][428][safepoint   ] Safepoint "Cleanup", Time since last: 14088253100 ns, Reaching safepoint: 94600 ns, At safepoint: 75000 ns, Total: 169600 ns
[2024-04-16T20:32:58.922+0000][428][safepoint   ] Safepoint "Cleanup", Time since last: 1007108600 ns, Reaching safepoint: 131300 ns, At safepoint: 4400 ns, Total: 135700 ns
[2024-04-16T20:33:14.037+0000][428][safepoint   ] Safepoint "Cleanup", Time since last: 15114873300 ns, Reaching safepoint: 111400 ns, At safepoint: 18600 ns, Total: 130000 ns
[2024-04-16T20:33:17.065+0000][428][safepoint   ] Safepoint "Cleanup", Time since last: 3027946900 ns, Reaching safepoint: 138800 ns, At safepoint: 24300 ns, Total: 163100 ns
[2024-04-16T20:33:28.163+0000][428][safepoint   ] Safepoint "Cleanup", Time since last: 11098112200 ns, Reaching safepoint: 140400 ns, At safepoint: 15400 ns, Total: 155800 ns
[2024-04-16T20:33:43.262+0000][428][safepoint   ] Safepoint "Cleanup", Time since last: 15098123600 ns, Reaching safepoint: 230100 ns, At safepoint: 71300 ns, Total: 301400 ns
[2024-04-16T20:33:55.347+0000][428][safepoint   ] Safepoint "Cleanup", Time since last: 12085029100 ns, Reaching safepoint: 107100 ns, At safepoint: 18300 ns, Total: 125400 ns
[2024-04-16T20:33:58.383+0000][428][safepoint   ] Safepoint "Cleanup", Time since last: 3036359200 ns, Reaching safepoint: 132300 ns, At safepoint: 23200 ns, Total: 155500 ns
[2024-04-16T20:34:13.564+0000][428][safepoint   ] Safepoint "Cleanup", Time since last: 15180352000 ns, Reaching safepoint: 160100 ns, At safepoint: 13400 ns, Total: 173500 ns
[2024-04-16T20:34:43.889+0000][428][safepoint   ] Safepoint "Cleanup", Time since last: 30325455600 ns, Reaching safepoint: 118200 ns, At safepoint: 9600 ns, Total: 127800 ns
[2024-04-16T20:35:16.220+0000][428][safepoint   ] Safepoint "Cleanup", Time since last: 32330535900 ns, Reaching safepoint: 84600 ns, At safepoint: 61300 ns, Total: 145900 ns
[2024-04-16T20:35:37.433+0000][428][safepoint   ] Safepoint "Cleanup", Time since last: 21212827700 ns, Reaching safepoint: 170700 ns, At safepoint: 16000 ns, Total: 186700 ns
[2024-04-16T20:35:46.533+0000][428][safepoint   ] Safepoint "Cleanup", Time since last: 9099344900 ns, Reaching safepoint: 126300 ns, At safepoint: 10500 ns, Total: 136800 ns
[2024-04-16T20:36:05.733+0000][428][safepoint   ] Safepoint "Cleanup", Time since last: 19200308200 ns, Reaching safepoint: 112900 ns, At safepoint: 10400 ns, Total: 123300 ns
[2024-04-16T20:36:10.768+0000][428][safepoint   ] Safepoint "Cleanup", Time since last: 5035052900 ns, Reaching safepoint: 181300 ns, At safepoint: 9900 ns, Total: 191200 ns
[2024-04-16T20:36:35.017+0000][428][safepoint   ] Safepoint "Cleanup", Time since last: 24248923700 ns, Reaching safepoint: 110000 ns, At safepoint: 9900 ns, Total: 119900 ns
[2024-04-16T20:36:59.273+0000][428][safepoint   ] Safepoint "Cleanup", Time since last: 24255477000 ns, Reaching safepoint: 111300 ns, At safepoint: 10200 ns, Total: 121500 ns
[2024-04-16T20:37:11.382+0000][428][safepoint   ] Safepoint "Cleanup", Time since last: 12109144500 ns, Reaching safepoint: 99800 ns, At safepoint: 38800 ns, Total: 138600 ns
[2024-04-16T20:37:35.350+0000][428][safepoint   ] Safepoint "Cleanup", Time since last: 23967791900 ns, Reaching safepoint: 100900 ns, At safepoint: 17900 ns, Total: 118800 ns
[2024-04-16T20:37:36.360+0000][428][safepoint   ] Safepoint "Cleanup", Time since last: 1010286800 ns, Reaching safepoint: 108900 ns, At safepoint: 55500 ns, Total: 164400 ns
[2024-04-16T20:37:41.415+0000][428][safepoint   ] Safepoint "Cleanup", Time since last: 5054673100 ns, Reaching safepoint: 128900 ns, At safepoint: 71800 ns, Total: 200700 ns
[2024-04-16T20:37:43.436+0000][428][safepoint   ] Safepoint "Cleanup", Time since last: 2020552800 ns, Reaching safepoint: 77000 ns, At safepoint: 34700 ns, Total: 111700 ns
[2024-04-16T20:37:47.478+0000][428][safepoint   ] Safepoint "Cleanup", Time since last: 4041961000 ns, Reaching safepoint: 158100 ns, At safepoint: 59500 ns, Total: 217600 ns
[2024-04-16T20:37:53.537+0000][428][safepoint   ] Safepoint "Cleanup", Time since last: 6058603500 ns, Reaching safepoint: 210100 ns, At safepoint: 67600 ns, Total: 277700 ns
[2024-04-16T20:38:35.386+0000][428][safepoint   ] Safepoint "Cleanup", Time since last: 41849190100 ns, Reaching safepoint: 170200 ns, At safepoint: 16400 ns, Total: 186600 ns
[2024-04-16T20:38:43.470+0000][428][safepoint   ] Safepoint "Cleanup", Time since last: 8082924600 ns, Reaching safepoint: 149500 ns, At safepoint: 21700 ns, Total: 171200 ns
[2024-04-16T20:38:58.628+0000][428][safepoint   ] Safepoint "Cleanup", Time since last: 15157836100 ns, Reaching safepoint: 169100 ns, At safepoint: 12600 ns, Total: 181700 ns
[2024-04-16T20:39:11.750+0000][428][safepoint   ] Safepoint "Cleanup", Time since last: 13122242100 ns, Reaching safepoint: 175500 ns, At safepoint: 18200 ns, Total: 193700 ns
[2024-04-16T20:39:28.926+0000][428][safepoint   ] Safepoint "Cleanup", Time since last: 17175540100 ns, Reaching safepoint: 161100 ns, At safepoint: 9800 ns, Total: 170900 ns
[2024-04-16T20:39:41.055+0000][428][safepoint   ] Safepoint "Cleanup", Time since last: 12129202900 ns, Reaching safepoint: 129200 ns, At safepoint: 15300 ns, Total: 144500 ns
[2024-04-16T20:39:43.078+0000][428][safepoint   ] Safepoint "Cleanup", Time since last: 2021783700 ns, Reaching safepoint: 676200 ns, At safepoint: 57900 ns, Total: 734100 ns
[2024-04-16T20:40:43.698+0000][428][safepoint   ] Safepoint "Cleanup", Time since last: 60620587800 ns, Reaching safepoint: 184700 ns, At safepoint: 14600 ns, Total: 199300 ns
[2024-04-16T20:41:41.196+0000][428][safepoint   ] Safepoint "Cleanup", Time since last: 57497175399 ns, Reaching safepoint: 117401 ns, At safepoint: 6999 ns, Total: 124400 ns
[2024-04-16T20:41:43.218+0000][428][safepoint   ] Safepoint "Cleanup", Time since last: 2021863501 ns, Reaching safepoint: 78100 ns, At safepoint: 25699 ns, Total: 103799 ns
[2024-04-16T20:41:53.323+0000][428][safepoint   ] Safepoint "Cleanup", Time since last: 10104909000 ns, Reaching safepoint: 163501 ns, At safepoint: 13400 ns, Total: 176901 ns
[2024-04-16T20:42:02.397+0000][428][safepoint   ] Safepoint "Cleanup", Time since last: 9073889400 ns, Reaching safepoint: 187000 ns, At safepoint: 20499 ns, Total: 207499 ns
[2024-04-16T20:42:04.419+0000][428][safepoint   ] Safepoint "Cleanup", Time since last: 2021425001 ns, Reaching safepoint: 124600 ns, At safepoint: 17600 ns, Total: 142200 ns
[2024-04-16T20:42:11.482+0000][428][safepoint   ] Safepoint "Cleanup", Time since last: 7062761800 ns, Reaching safepoint: 702300 ns, At safepoint: 14400 ns, Total: 716700 ns
[2024-04-16T20:42:14.509+0000][428][safepoint   ] Safepoint "Cleanup", Time since last: 3027263600 ns, Reaching safepoint: 137999 ns, At safepoint: 17700 ns, Total: 155699 ns
[2024-04-16T20:42:17.541+0000][428][safepoint   ] Safepoint "Cleanup", Time since last: 3031113801 ns, Reaching safepoint: 88699 ns, At safepoint: 12101 ns, Total: 100800 ns
[2024-04-16T20:42:41.747+0000][428][safepoint   ] Safepoint "Cleanup", Time since last: 24206363500 ns, Reaching safepoint: 80599 ns, At safepoint: 13501 ns, Total: 94100 ns
[2024-04-16T20:43:02.948+0000][428][safepoint   ] Safepoint "Cleanup", Time since last: 21201173100 ns, Reaching safepoint: 118099 ns, At safepoint: 8801 ns, Total: 126900 ns
[2024-04-16T20:43:12.045+0000][428][safepoint   ] Safepoint "Cleanup", Time since last: 9096693000 ns, Reaching safepoint: 126800 ns, At safepoint: 15300 ns, Total: 142100 ns
[2024-04-16T20:43:14.067+0000][428][safepoint   ] Safepoint "Cleanup", Time since last: 2021369099 ns, Reaching safepoint: 83501 ns, At safepoint: 9000 ns, Total: 92501 ns
[2024-04-16T20:43:17.095+0000][428][safepoint   ] Safepoint "Cleanup", Time since last: 3028300300 ns, Reaching safepoint: 276099 ns, At safepoint: 71801 ns, Total: 347900 ns
[2024-04-16T20:43:18.105+0000][428][safepoint   ] Safepoint "Cleanup", Time since last: 1009714399 ns, Reaching safepoint: 108801 ns, At safepoint: 47800 ns, Total: 156601 ns
[2024-04-16T20:43:29.225+0000][428][safepoint   ] Safepoint "Cleanup", Time since last: 11119866400 ns, Reaching safepoint: 131000 ns, At safepoint: 10999 ns, Total: 141999 ns
[2024-04-16T20:43:30.235+0000][428][safepoint   ] Safepoint "Cleanup", Time since last: 1010135401 ns, Reaching safepoint: 144300 ns, At safepoint: 12599 ns, Total: 156899 ns
[2024-04-16T20:43:41.368+0000][428][safepoint   ] Safepoint "Cleanup", Time since last: 11132307400 ns, Reaching safepoint: 163900 ns, At safepoint: 62800 ns, Total: 226700 ns
[2024-04-16T20:43:43.382+0000][428][safepoint   ] Safepoint "Cleanup", Time since last: 2013929201 ns, Reaching safepoint: 108700 ns, At safepoint: 99500 ns, Total: 208200 ns
[2024-04-16T20:43:46.898+0000][428][gc,start    ] GC(19) Pause Young (Normal) (G1 Evacuation Pause)
[2024-04-16T20:43:46.898+0000][428][gc,task     ] GC(19) Using 8 workers of 8 for evacuation
[2024-04-16T20:43:46.898+0000][428][gc,age      ] GC(19) Desired survivor size 159383552 bytes, new threshold 15 (max threshold 15)
[2024-04-16T20:43:46.917+0000][428][gc,phases   ] GC(19)   Pre Evacuate Collection Set: 0.2ms
[2024-04-16T20:43:46.917+0000][428][gc,phases   ] GC(19)   Merge Heap Roots: 0.3ms
[2024-04-16T20:43:46.917+0000][428][gc,phases   ] GC(19)   Evacuate Collection Set: 14.4ms
[2024-04-16T20:43:46.917+0000][428][gc,phases   ] GC(19)   Post Evacuate Collection Set: 2.9ms
[2024-04-16T20:43:46.917+0000][428][gc,phases   ] GC(19)   Other: 1.0ms
[2024-04-16T20:43:46.917+0000][428][gc,age      ] GC(19) Age table with threshold 15 (max threshold 15)
[2024-04-16T20:43:46.917+0000][428][gc,age      ] GC(19) - age   1:    1922688 bytes,    1922688 total
[2024-04-16T20:43:46.917+0000][428][gc,age      ] GC(19) - age   2:     732688 bytes,    2655376 total
[2024-04-16T20:43:46.917+0000][428][gc,age      ] GC(19) - age   3:     272272 bytes,    2927648 total
[2024-04-16T20:43:46.917+0000][428][gc,age      ] GC(19) - age   4:      35352 bytes,    2963000 total
[2024-04-16T20:43:46.917+0000][428][gc,age      ] GC(19) - age   5:    2420944 bytes,    5383944 total
[2024-04-16T20:43:46.918+0000][428][gc,age      ] GC(19) - age   6:     684008 bytes,    6067952 total
[2024-04-16T20:43:46.918+0000][428][gc,age      ] GC(19) - age   7:   10173408 bytes,   16241360 total
[2024-04-16T20:43:46.918+0000][428][gc,heap     ] GC(19) Eden regions: 601->0(601)
[2024-04-16T20:43:46.918+0000][428][gc,heap     ] GC(19) Survivor regions: 5->5(76)
[2024-04-16T20:43:46.918+0000][428][gc,heap     ] GC(19) Old regions: 46->46
[2024-04-16T20:43:46.918+0000][428][gc,heap     ] GC(19) Archive regions: 0->0
[2024-04-16T20:43:46.918+0000][428][gc,heap     ] GC(19) Humongous regions: 2->2
[2024-04-16T20:43:46.918+0000][428][gc,metaspace] GC(19) Metaspace: 131975K(135552K)->131975K(135552K) NonClass: 114499K(116352K)->114499K(116352K) Class: 17476K(19200K)->17476K(19200K)
[2024-04-16T20:43:46.918+0000][428][gc          ] GC(19) Pause Young (Normal) (G1 Evacuation Pause) 2610M->207M(4040M) 19.903ms
[2024-04-16T20:43:46.918+0000][428][gc,cpu      ] GC(19) User=0.05s Sys=0.08s Real=0.02s
[2024-04-16T20:43:46.918+0000][428][safepoint   ] Safepoint "G1CollectForAllocation", Time since last: 3516136799 ns, Reaching safepoint: 154701 ns, At safepoint: 20018200 ns, Total: 20172901 ns
[2024-04-16T20:43:52.993+0000][428][safepoint   ] Safepoint "Cleanup", Time since last: 6074293900 ns, Reaching safepoint: 129700 ns, At safepoint: 10200 ns, Total: 139900 ns
[2024-04-16T20:44:13.243+0000][428][safepoint   ] Safepoint "Cleanup", Time since last: 20249453600 ns, Reaching safepoint: 142200 ns, At safepoint: 15000 ns, Total: 157200 ns
[2024-04-16T20:44:34.429+0000][428][safepoint   ] Safepoint "Cleanup", Time since last: 21186735400 ns, Reaching safepoint: 184600 ns, At safepoint: 24100 ns, Total: 208700 ns
[2024-04-16T20:44:35.441+0000][428][safepoint   ] Safepoint "Cleanup", Time since last: 1011854800 ns, Reaching safepoint: 194200 ns, At safepoint: 23799 ns, Total: 217999 ns
[2024-04-16T20:45:08.707+0000][428][safepoint   ] Safepoint "Cleanup", Time since last: 33265566101 ns, Reaching safepoint: 93200 ns, At safepoint: 8100 ns, Total: 101300 ns
[2024-04-16T20:45:11.731+0000][428][safepoint   ] Safepoint "Cleanup", Time since last: 3023948600 ns, Reaching safepoint: 167100 ns, At safepoint: 27099 ns, Total: 194199 ns
[2024-04-16T20:45:12.734+0000][428][safepoint   ] Safepoint "Cleanup", Time since last: 1002567701 ns, Reaching safepoint: 230799 ns, At safepoint: 33000 ns, Total: 263799 ns
[2024-04-16T20:45:17.762+0000][428][safepoint   ] Safepoint "Cleanup", Time since last: 5027512801 ns, Reaching safepoint: 175699 ns, At safepoint: 24401 ns, Total: 200100 ns
[2024-04-16T20:45:42.976+0000][428][safepoint   ] Safepoint "Cleanup", Time since last: 25214397400 ns, Reaching safepoint: 205200 ns, At safepoint: 19300 ns, Total: 224500 ns
[2024-04-16T20:45:43.978+0000][428][safepoint   ] Safepoint "Cleanup", Time since last: 1000891000 ns, Reaching safepoint: 191800 ns, At safepoint: 20800 ns, Total: 212600 ns
[2024-04-16T20:45:48.022+0000][428][safepoint   ] Safepoint "Cleanup", Time since last: 4043829500 ns, Reaching safepoint: 165300 ns, At safepoint: 75000 ns, Total: 240300 ns
[2024-04-16T20:46:12.276+0000][428][safepoint   ] Safepoint "Cleanup", Time since last: 24254297300 ns, Reaching safepoint: 55899 ns, At safepoint: 61000 ns, Total: 116899 ns
[2024-04-16T20:46:23.379+0000][428][safepoint   ] Safepoint "Cleanup", Time since last: 11102644701 ns, Reaching safepoint: 130700 ns, At safepoint: 9099 ns, Total: 139799 ns
[2024-04-16T20:46:29.428+0000][428][safepoint   ] Safepoint "Cleanup", Time since last: 6048821601 ns, Reaching safepoint: 122700 ns, At safepoint: 6099 ns, Total: 128799 ns
[2024-04-16T20:46:44.573+0000][428][safepoint   ] Safepoint "Cleanup", Time since last: 15144641101 ns, Reaching safepoint: 143699 ns, At safepoint: 16601 ns, Total: 160300 ns
[2024-04-16T20:46:53.644+0000][428][safepoint   ] Safepoint "Cleanup", Time since last: 9071295600 ns, Reaching safepoint: 234500 ns, At safepoint: 72500 ns, Total: 307000 ns
[2024-04-16T20:47:17.869+0000][428][safepoint   ] Safepoint "Cleanup", Time since last: 24225296500 ns, Reaching safepoint: 95200 ns, At safepoint: 21400 ns, Total: 116600 ns
[2024-04-16T20:47:37.025+0000][428][safepoint   ] Safepoint "Cleanup", Time since last: 19155533800 ns, Reaching safepoint: 136400 ns, At safepoint: 15300 ns, Total: 151700 ns
[2024-04-16T20:47:42.067+0000][428][safepoint   ] Safepoint "Cleanup", Time since last: 5041425600 ns, Reaching safepoint: 733400 ns, At safepoint: 12000 ns, Total: 745400 ns
[2024-04-16T20:47:43.072+0000][428][safepoint   ] Safepoint "Cleanup", Time since last: 1004039999 ns, Reaching safepoint: 211001 ns, At safepoint: 97100 ns, Total: 308101 ns
[2024-04-16T20:47:48.093+0000][428][safepoint   ] Safepoint "Cleanup", Time since last: 5020981300 ns, Reaching safepoint: 150399 ns, At safepoint: 19301 ns, Total: 169700 ns
[2024-04-16T20:47:54.132+0000][428][safepoint   ] Safepoint "Cleanup", Time since last: 6038674900 ns, Reaching safepoint: 182099 ns, At safepoint: 18001 ns, Total: 200100 ns
[2024-04-16T20:48:00.174+0000][428][safepoint   ] Safepoint "Cleanup", Time since last: 6042400000 ns, Reaching safepoint: 57300 ns, At safepoint: 48300 ns, Total: 105600 ns
[2024-04-16T20:48:06.233+0000][428][safepoint   ] Safepoint "Cleanup", Time since last: 6058503300 ns, Reaching safepoint: 114300 ns, At safepoint: 14600 ns, Total: 128900 ns
[2024-04-16T20:48:23.374+0000][428][safepoint   ] Safepoint "Cleanup", Time since last: 17140620700 ns, Reaching safepoint: 276800 ns, At safepoint: 24800 ns, Total: 301600 ns
[2024-04-16T20:48:30.429+0000][428][safepoint   ] Safepoint "Cleanup", Time since last: 7055241999 ns, Reaching safepoint: 141801 ns, At safepoint: 10599 ns, Total: 152400 ns
[2024-04-16T20:48:43.505+0000][428][safepoint   ] Safepoint "Cleanup", Time since last: 13075392301 ns, Reaching safepoint: 184700 ns, At safepoint: 52200 ns, Total: 236900 ns
[2024-04-16T20:49:01.284+0000][428][safepoint   ] Safepoint "Cleanup", Time since last: 17778604999 ns, Reaching safepoint: 338400 ns, At safepoint: 26301 ns, Total: 364701 ns
[2024-04-16T20:50:43.124+0000][428][safepoint   ] Safepoint "Cleanup", Time since last: 101840029300 ns, Reaching safepoint: 102800 ns, At safepoint: 18300 ns, Total: 121100 ns
[2024-04-16T20:51:15.403+0000][428][safepoint   ] Safepoint "Cleanup", Time since last: 32278798800 ns, Reaching safepoint: 711500 ns, At safepoint: 17000 ns, Total: 728500 ns
[2024-04-16T20:51:42.630+0000][428][safepoint   ] Safepoint "Cleanup", Time since last: 27226404300 ns, Reaching safepoint: 167599 ns, At safepoint: 17301 ns, Total: 184900 ns
[2024-04-16T20:51:43.638+0000][428][safepoint   ] Safepoint "Cleanup", Time since last: 1007924700 ns, Reaching safepoint: 182200 ns, At safepoint: 12800 ns, Total: 195000 ns
[2024-04-16T20:51:48.687+0000][428][safepoint   ] Safepoint "Cleanup", Time since last: 5048652500 ns, Reaching safepoint: 158900 ns, At safepoint: 15700 ns, Total: 174600 ns
[2024-04-16T20:52:11.933+0000][428][safepoint   ] Safepoint "Cleanup", Time since last: 23245471499 ns, Reaching safepoint: 78700 ns, At safepoint: 44300 ns, Total: 123000 ns
[2024-04-16T20:52:48.241+0000][428][safepoint   ] Safepoint "Cleanup", Time since last: 36308031701 ns, Reaching safepoint: 69099 ns, At safepoint: 11300 ns, Total: 80399 ns
[2024-04-16T20:53:01.355+0000][428][safepoint   ] Safepoint "Cleanup", Time since last: 13113810800 ns, Reaching safepoint: 182301 ns, At safepoint: 23900 ns, Total: 206201 ns
[2024-04-16T20:53:13.459+0000][428][safepoint   ] Safepoint "Cleanup", Time since last: 12104193100 ns, Reaching safepoint: 115400 ns, At safepoint: 14599 ns, Total: 129999 ns
[2024-04-16T20:53:37.665+0000][428][safepoint   ] Safepoint "Cleanup", Time since last: 24205728401 ns, Reaching safepoint: 168000 ns, At safepoint: 23800 ns, Total: 191800 ns
[2024-04-16T20:53:42.710+0000][428][safepoint   ] Safepoint "Cleanup", Time since last: 5044462400 ns, Reaching safepoint: 76599 ns, At safepoint: 17301 ns, Total: 93900 ns
[2024-04-16T20:53:54.788+0000][428][safepoint   ] Safepoint "Cleanup", Time since last: 12078109900 ns, Reaching safepoint: 142600 ns, At safepoint: 19499 ns, Total: 162099 ns
[2024-04-16T20:55:36.557+0000][428][safepoint   ] Safepoint "Cleanup", Time since last: 101768639700 ns, Reaching safepoint: 137500 ns, At safepoint: 6601 ns, Total: 144101 ns
[2024-04-16T20:55:40.589+0000][428][safepoint   ] Safepoint "Cleanup", Time since last: 4031950900 ns, Reaching safepoint: 250000 ns, At safepoint: 22000 ns, Total: 272000 ns
[2024-04-16T20:55:42.599+0000][428][safepoint   ] Safepoint "Cleanup", Time since last: 2009716200 ns, Reaching safepoint: 77000 ns, At safepoint: 12100 ns, Total: 89100 ns
[2024-04-16T20:55:43.610+0000][428][safepoint   ] Safepoint "Cleanup", Time since last: 1011238700 ns, Reaching safepoint: 137400 ns, At safepoint: 36400 ns, Total: 173800 ns
[2024-04-16T20:55:49.654+0000][428][safepoint   ] Safepoint "Cleanup", Time since last: 6043536600 ns, Reaching safepoint: 170600 ns, At safepoint: 32399 ns, Total: 202999 ns
[2024-04-16T20:55:55.712+0000][428][safepoint   ] Safepoint "Cleanup", Time since last: 6058249800 ns, Reaching safepoint: 86601 ns, At safepoint: 9100 ns, Total: 95701 ns
[2024-04-16T20:56:01.756+0000][428][safepoint   ] Safepoint "Cleanup", Time since last: 6043462999 ns, Reaching safepoint: 97801 ns, At safepoint: 19700 ns, Total: 117501 ns
[2024-04-16T20:56:06.789+0000][428][safepoint   ] Safepoint "Cleanup", Time since last: 5033082000 ns, Reaching safepoint: 76600 ns, At safepoint: 6500 ns, Total: 83100 ns
[2024-04-16T20:56:20.885+0000][428][safepoint   ] Safepoint "Cleanup", Time since last: 14096460100 ns, Reaching safepoint: 118600 ns, At safepoint: 6300 ns, Total: 124900 ns
[2024-04-16T20:56:44.068+0000][428][safepoint   ] Safepoint "Cleanup", Time since last: 23182625400 ns, Reaching safepoint: 195600 ns, At safepoint: 22400 ns, Total: 218000 ns
[2024-04-16T20:57:15.282+0000][428][safepoint   ] Safepoint "Cleanup", Time since last: 31213545600 ns, Reaching safepoint: 119499 ns, At safepoint: 18001 ns, Total: 137500 ns
[2024-04-16T20:57:24.081+0000][428][gc,start    ] GC(20) Pause Young (Normal) (G1 Evacuation Pause)
[2024-04-16T20:57:24.081+0000][428][gc,task     ] GC(20) Using 8 workers of 8 for evacuation
[2024-04-16T20:57:24.081+0000][428][gc,age      ] GC(20) Desired survivor size 159383552 bytes, new threshold 15 (max threshold 15)
[2024-04-16T20:57:24.242+0000][428][gc,phases   ] GC(20)   Pre Evacuate Collection Set: 12.9ms
[2024-04-16T20:57:24.242+0000][428][gc,phases   ] GC(20)   Merge Heap Roots: 14.4ms
[2024-04-16T20:57:24.243+0000][428][gc,phases   ] GC(20)   Evacuate Collection Set: 91.3ms
[2024-04-16T20:57:24.243+0000][428][gc,phases   ] GC(20)   Post Evacuate Collection Set: 41.8ms
[2024-04-16T20:57:24.243+0000][428][gc,phases   ] GC(20)   Other: 0.3ms
[2024-04-16T20:57:24.243+0000][428][gc,age      ] GC(20) Age table with threshold 15 (max threshold 15)
[2024-04-16T20:57:24.243+0000][428][gc,age      ] GC(20) - age   1:    1239136 bytes,    1239136 total
[2024-04-16T20:57:24.243+0000][428][gc,age      ] GC(20) - age   2:     340944 bytes,    1580080 total
[2024-04-16T20:57:24.243+0000][428][gc,age      ] GC(20) - age   3:     731632 bytes,    2311712 total
[2024-04-16T20:57:24.243+0000][428][gc,age      ] GC(20) - age   4:     272016 bytes,    2583728 total
[2024-04-16T20:57:24.243+0000][428][gc,age      ] GC(20) - age   5:      35352 bytes,    2619080 total
[2024-04-16T20:57:24.243+0000][428][gc,age      ] GC(20) - age   6:    2420752 bytes,    5039832 total
[2024-04-16T20:57:24.243+0000][428][gc,age      ] GC(20) - age   7:     684008 bytes,    5723840 total
[2024-04-16T20:57:24.243+0000][428][gc,age      ] GC(20) - age   8:   10173296 bytes,   15897136 total
[2024-04-16T20:57:24.243+0000][428][gc,heap     ] GC(20) Eden regions: 601->0(601)
[2024-04-16T20:57:24.243+0000][428][gc,heap     ] GC(20) Survivor regions: 5->5(76)
[2024-04-16T20:57:24.243+0000][428][gc,heap     ] GC(20) Old regions: 46->46
[2024-04-16T20:57:24.243+0000][428][gc,heap     ] GC(20) Archive regions: 0->0
[2024-04-16T20:57:24.243+0000][428][gc,heap     ] GC(20) Humongous regions: 2->2
[2024-04-16T20:57:24.243+0000][428][gc,metaspace] GC(20) Metaspace: 132015K(135616K)->132015K(135616K) NonClass: 114539K(116416K)->114539K(116416K) Class: 17476K(19200K)->17476K(19200K)
[2024-04-16T20:57:24.243+0000][428][gc          ] GC(20) Pause Young (Normal) (G1 Evacuation Pause) 2611M->204M(4040M) 161.471ms
[2024-04-16T20:57:24.243+0000][428][gc,cpu      ] GC(20) User=0.16s Sys=0.00s Real=0.16s
[2024-04-16T20:57:24.243+0000][428][safepoint   ] Safepoint "G1CollectForAllocation", Time since last: 8799310800 ns, Reaching safepoint: 189000 ns, At safepoint: 161805800 ns, Total: 161994800 ns
[2024-04-16T20:57:43.460+0000][428][safepoint   ] Safepoint "Cleanup", Time since last: 19216683800 ns, Reaching safepoint: 112100 ns, At safepoint: 22699 ns, Total: 134799 ns
[2024-04-16T20:57:44.472+0000][428][safepoint   ] Safepoint "Cleanup", Time since last: 1011359801 ns, Reaching safepoint: 146800 ns, At safepoint: 17399 ns, Total: 164199 ns
[2024-04-16T20:58:43.983+0000][428][safepoint   ] Safepoint "Cleanup", Time since last: 59511593400 ns, Reaching safepoint: 455200 ns, At safepoint: 27001 ns, Total: 482201 ns
[2024-04-16T20:59:37.380+0000][428][safepoint   ] Safepoint "Cleanup", Time since last: 53396335899 ns, Reaching safepoint: 81901 ns, At safepoint: 8299 ns, Total: 90200 ns
[2024-04-16T20:59:38.389+0000][428][safepoint   ] Safepoint "Cleanup", Time since last: 1008179401 ns, Reaching safepoint: 136500 ns, At safepoint: 14100 ns, Total: 150600 ns
[2024-04-16T20:59:43.415+0000][428][safepoint   ] Safepoint "Cleanup", Time since last: 5026372900 ns, Reaching safepoint: 113700 ns, At safepoint: 7500 ns, Total: 121200 ns
[2024-04-16T20:59:49.466+0000][428][safepoint   ] Safepoint "Cleanup", Time since last: 6050445400 ns, Reaching safepoint: 137700 ns, At safepoint: 23500 ns, Total: 161200 ns
[2024-04-16T20:59:50.476+0000][428][safepoint   ] Safepoint "Cleanup", Time since last: 1009947100 ns, Reaching safepoint: 121900 ns, At safepoint: 34700 ns, Total: 156600 ns
[2024-04-16T21:00:43.865+0000][428][safepoint   ] Safepoint "Cleanup", Time since last: 53388746900 ns, Reaching safepoint: 119800 ns, At safepoint: 9500 ns, Total: 129300 ns
[2024-04-16T21:01:01.972+0000][428][safepoint   ] Safepoint "Cleanup", Time since last: 18107362099 ns, Reaching safepoint: 116101 ns, At safepoint: 15300 ns, Total: 131401 ns
[2024-04-16T21:01:33.200+0000][428][safepoint   ] Safepoint "Cleanup", Time since last: 31227963699 ns, Reaching safepoint: 110701 ns, At safepoint: 26399 ns, Total: 137100 ns
[2024-04-16T21:01:38.249+0000][428][safepoint   ] Safepoint "Cleanup", Time since last: 5047653801 ns, Reaching safepoint: 736099 ns, At safepoint: 20801 ns, Total: 756900 ns
[2024-04-16T21:01:43.284+0000][428][safepoint   ] Safepoint "Cleanup", Time since last: 5035472100 ns, Reaching safepoint: 229300 ns, At safepoint: 13700 ns, Total: 243000 ns
[2024-04-16T21:02:43.697+0000][428][safepoint   ] Safepoint "Cleanup", Time since last: 60413085700 ns, Reaching safepoint: 98200 ns, At safepoint: 14599 ns, Total: 112799 ns
[2024-04-16T21:04:02.237+0000][428][safepoint   ] Safepoint "Cleanup", Time since last: 78539129001 ns, Reaching safepoint: 100100 ns, At safepoint: 9700 ns, Total: 109800 ns
[2024-04-16T21:04:43.520+0000][428][safepoint   ] Safepoint "Cleanup", Time since last: 41282816400 ns, Reaching safepoint: 154899 ns, At safepoint: 10700 ns, Total: 165599 ns
[2024-04-16T21:04:56.585+0000][428][safepoint   ] Safepoint "Cleanup", Time since last: 13065505701 ns, Reaching safepoint: 100900 ns, At safepoint: 18300 ns, Total: 119200 ns
[2024-04-16T21:05:43.836+0000][428][safepoint   ] Safepoint "Cleanup", Time since last: 47250429700 ns, Reaching safepoint: 206599 ns, At safepoint: 28201 ns, Total: 234800 ns
[2024-04-16T21:06:16.042+0000][428][safepoint   ] Safepoint "Cleanup", Time since last: 32206015100 ns, Reaching safepoint: 188900 ns, At safepoint: 97300 ns, Total: 286200 ns
[2024-04-16T21:06:45.247+0000][428][safepoint   ] Safepoint "Cleanup", Time since last: 29204393800 ns, Reaching safepoint: 125300 ns, At safepoint: 93700 ns, Total: 219000 ns
[2024-04-16T21:07:04.386+0000][428][safepoint   ] Safepoint "Cleanup", Time since last: 19138761999 ns, Reaching safepoint: 123600 ns, At safepoint: 93800 ns, Total: 217400 ns
[2024-04-16T21:07:09.431+0000][428][safepoint   ] Safepoint "Cleanup", Time since last: 5044226401 ns, Reaching safepoint: 906999 ns, At safepoint: 94401 ns, Total: 1001400 ns
[2024-04-16T21:07:27.566+0000][428][safepoint   ] Safepoint "Cleanup", Time since last: 18134541600 ns, Reaching safepoint: 154700 ns, At safepoint: 61300 ns, Total: 216000 ns
[2024-04-16T21:07:41.639+0000][428][safepoint   ] Safepoint "Cleanup", Time since last: 14072437100 ns, Reaching safepoint: 219100 ns, At safepoint: 17300 ns, Total: 236400 ns
[2024-04-16T21:07:44.652+0000][428][safepoint   ] Safepoint "Cleanup", Time since last: 3012928400 ns, Reaching safepoint: 209400 ns, At safepoint: 18900 ns, Total: 228300 ns
[2024-04-16T21:07:46.669+0000][428][safepoint   ] Safepoint "Cleanup", Time since last: 2016311500 ns, Reaching safepoint: 696300 ns, At safepoint: 18700 ns, Total: 715000 ns
[2024-04-16T21:08:08.819+0000][428][safepoint   ] Safepoint "Cleanup", Time since last: 22150146399 ns, Reaching safepoint: 276000 ns, At safepoint: 17900 ns, Total: 293900 ns
[2024-04-16T21:08:25.935+0000][428][safepoint   ] Safepoint "Cleanup", Time since last: 17115858401 ns, Reaching safepoint: 174900 ns, At safepoint: 168999 ns, Total: 343899 ns
[2024-04-16T21:08:27.951+0000][428][safepoint   ] Safepoint "Cleanup", Time since last: 2015555001 ns, Reaching safepoint: 81500 ns, At safepoint: 17400 ns, Total: 98900 ns
[2024-04-16T21:08:57.184+0000][428][safepoint   ] Safepoint "Cleanup", Time since last: 29220127400 ns, Reaching safepoint: 12505500 ns, At safepoint: 98700 ns, Total: 12604200 ns
[2024-04-16T21:10:15.750+0000][428][safepoint   ] Safepoint "Cleanup", Time since last: 78565655700 ns, Reaching safepoint: 107500 ns, At safepoint: 88900 ns, Total: 196400 ns
[2024-04-16T21:10:16.757+0000][428][safepoint   ] Safepoint "Cleanup", Time since last: 1007372200 ns, Reaching safepoint: 184600 ns, At safepoint: 81200 ns, Total: 265800 ns
[2024-04-16T21:10:21.793+0000][428][safepoint   ] Safepoint "Cleanup", Time since last: 5035285099 ns, Reaching safepoint: 152800 ns, At safepoint: 24301 ns, Total: 177101 ns
[2024-04-16T21:10:33.892+0000][428][safepoint   ] Safepoint "Cleanup", Time since last: 12098836800 ns, Reaching safepoint: 123900 ns, At safepoint: 90900 ns, Total: 214800 ns
[2024-04-16T21:10:43.955+0000][428][safepoint   ] Safepoint "Cleanup", Time since last: 10063214300 ns, Reaching safepoint: 104300 ns, At safepoint: 31299 ns, Total: 135599 ns
[2024-04-16T21:10:46.980+0000][428][safepoint   ] Safepoint "Cleanup", Time since last: 3024399301 ns, Reaching safepoint: 112199 ns, At safepoint: 80301 ns, Total: 192500 ns
[2024-04-16T21:10:50.840+0000][428][gc,start    ] GC(21) Pause Young (Normal) (G1 Evacuation Pause)
[2024-04-16T21:10:50.840+0000][428][gc,task     ] GC(21) Using 8 workers of 8 for evacuation
[2024-04-16T21:10:50.840+0000][428][gc,age      ] GC(21) Desired survivor size 159383552 bytes, new threshold 15 (max threshold 15)
[2024-04-16T21:10:50.869+0000][428][gc,phases   ] GC(21)   Pre Evacuate Collection Set: 1.5ms
[2024-04-16T21:10:50.869+0000][428][gc,phases   ] GC(21)   Merge Heap Roots: 0.4ms
[2024-04-16T21:10:50.869+0000][428][gc,phases   ] GC(21)   Evacuate Collection Set: 22.6ms
[2024-04-16T21:10:50.869+0000][428][gc,phases   ] GC(21)   Post Evacuate Collection Set: 4.1ms
[2024-04-16T21:10:50.869+0000][428][gc,phases   ] GC(21)   Other: 1.0ms
[2024-04-16T21:10:50.869+0000][428][gc,age      ] GC(21) Age table with threshold 15 (max threshold 15)
[2024-04-16T21:10:50.869+0000][428][gc,age      ] GC(21) - age   1:    1604568 bytes,    1604568 total
[2024-04-16T21:10:50.870+0000][428][gc,age      ] GC(21) - age   2:      81072 bytes,    1685640 total
[2024-04-16T21:10:50.870+0000][428][gc,age      ] GC(21) - age   3:     339056 bytes,    2024696 total
[2024-04-16T21:10:50.870+0000][428][gc,age      ] GC(21) - age   4:     731536 bytes,    2756232 total
[2024-04-16T21:10:50.870+0000][428][gc,age      ] GC(21) - age   5:     271976 bytes,    3028208 total
[2024-04-16T21:10:50.870+0000][428][gc,age      ] GC(21) - age   6:      35352 bytes,    3063560 total
[2024-04-16T21:10:50.870+0000][428][gc,age      ] GC(21) - age   7:    2420752 bytes,    5484312 total
[2024-04-16T21:10:50.870+0000][428][gc,age      ] GC(21) - age   8:     684008 bytes,    6168320 total
[2024-04-16T21:10:50.870+0000][428][gc,age      ] GC(21) - age   9:   10173296 bytes,   16341616 total
[2024-04-16T21:10:50.870+0000][428][gc,heap     ] GC(21) Eden regions: 601->0(601)
[2024-04-16T21:10:50.870+0000][428][gc,heap     ] GC(21) Survivor regions: 5->5(76)
[2024-04-16T21:10:50.870+0000][428][gc,heap     ] GC(21) Old regions: 46->46
[2024-04-16T21:10:50.870+0000][428][gc,heap     ] GC(21) Archive regions: 0->0
[2024-04-16T21:10:50.870+0000][428][gc,heap     ] GC(21) Humongous regions: 2->2
[2024-04-16T21:10:50.870+0000][428][gc,metaspace] GC(21) Metaspace: 132086K(135744K)->132086K(135744K) NonClass: 114610K(116544K)->114610K(116544K) Class: 17476K(19200K)->17476K(19200K)
[2024-04-16T21:10:50.871+0000][428][gc          ] GC(21) Pause Young (Normal) (G1 Evacuation Pause) 2608M->205M(4040M) 30.940ms
[2024-04-16T21:10:50.871+0000][428][gc,cpu      ] GC(21) User=0.09s Sys=0.02s Real=0.03s
[2024-04-16T21:10:50.871+0000][428][safepoint   ] Safepoint "G1CollectForAllocation", Time since last: 3859680000 ns, Reaching safepoint: 157200 ns, At safepoint: 31851900 ns, Total: 32009100 ns
[2024-04-16T21:12:00.332+0000][428][safepoint   ] Safepoint "Cleanup", Time since last: 69460109500 ns, Reaching safepoint: 125499 ns, At safepoint: 14401 ns, Total: 139900 ns
[2024-04-16T21:12:04.361+0000][428][safepoint   ] Safepoint "Cleanup", Time since last: 4029343400 ns, Reaching safepoint: 150199 ns, At safepoint: 10500 ns, Total: 160699 ns
[2024-04-16T21:12:05.374+0000][428][safepoint   ] Safepoint "Cleanup", Time since last: 1012838001 ns, Reaching safepoint: 109500 ns, At safepoint: 20200 ns, Total: 129700 ns
[2024-04-16T21:12:06.387+0000][428][safepoint   ] Safepoint "Cleanup", Time since last: 1012255600 ns, Reaching safepoint: 94300 ns, At safepoint: 21600 ns, Total: 115900 ns
[2024-04-16T21:12:43.669+0000][428][safepoint   ] Safepoint "Cleanup", Time since last: 37282736500 ns, Reaching safepoint: 162700 ns, At safepoint: 55200 ns, Total: 217900 ns
[2024-04-16T21:12:52.742+0000][428][safepoint   ] Safepoint "Cleanup", Time since last: 9072199099 ns, Reaching safepoint: 140501 ns, At safepoint: 37900 ns, Total: 178401 ns
[2024-04-16T21:13:13.902+0000][428][safepoint   ] Safepoint "Cleanup", Time since last: 21159678799 ns, Reaching safepoint: 124000 ns, At safepoint: 34301 ns, Total: 158301 ns
[2024-04-16T21:13:14.906+0000][428][safepoint   ] Safepoint "Cleanup", Time since last: 1003797200 ns, Reaching safepoint: 131500 ns, At safepoint: 15700 ns, Total: 147200 ns
[2024-04-16T21:13:15.915+0000][428][safepoint   ] Safepoint "Cleanup", Time since last: 1008832499 ns, Reaching safepoint: 131501 ns, At safepoint: 16700 ns, Total: 148201 ns
[2024-04-16T21:13:44.121+0000][428][safepoint   ] Safepoint "Cleanup", Time since last: 28205874600 ns, Reaching safepoint: 95399 ns, At safepoint: 17201 ns, Total: 112600 ns
[2024-04-16T21:13:45.128+0000][428][safepoint   ] Safepoint "Cleanup", Time since last: 1007409300 ns, Reaching safepoint: 100899 ns, At safepoint: 12001 ns, Total: 112900 ns
[2024-04-16T21:14:27.416+0000][428][safepoint   ] Safepoint "Cleanup", Time since last: 42287221000 ns, Reaching safepoint: 147499 ns, At safepoint: 19601 ns, Total: 167100 ns
[2024-04-16T21:14:40.518+0000][428][safepoint   ] Safepoint "Cleanup", Time since last: 13102099000 ns, Reaching safepoint: 137700 ns, At safepoint: 16100 ns, Total: 153800 ns
[2024-04-16T21:14:52.599+0000][428][safepoint   ] Safepoint "Cleanup", Time since last: 12080744899 ns, Reaching safepoint: 132501 ns, At safepoint: 11300 ns, Total: 143801 ns
[2024-04-16T21:14:58.644+0000][428][safepoint   ] Safepoint "Cleanup", Time since last: 6045063499 ns, Reaching safepoint: 116201 ns, At safepoint: 22299 ns, Total: 138500 ns
[2024-04-16T21:15:21.798+0000][428][safepoint   ] Safepoint "Cleanup", Time since last: 23154289401 ns, Reaching safepoint: 116600 ns, At safepoint: 37599 ns, Total: 154199 ns
[2024-04-16T21:15:25.831+0000][428][safepoint   ] Safepoint "Cleanup", Time since last: 4032778901 ns, Reaching safepoint: 150100 ns, At safepoint: 19899 ns, Total: 169999 ns
[2024-04-16T21:15:33.901+0000][428][safepoint   ] Safepoint "Cleanup", Time since last: 8069680801 ns, Reaching safepoint: 186100 ns, At safepoint: 16500 ns, Total: 202600 ns
[2024-04-16T21:15:37.944+0000][428][safepoint   ] Safepoint "Cleanup", Time since last: 4043014500 ns, Reaching safepoint: 95200 ns, At safepoint: 17700 ns, Total: 112900 ns
[2024-04-16T21:15:43.993+0000][428][safepoint   ] Safepoint "Cleanup", Time since last: 6048561599 ns, Reaching safepoint: 178801 ns, At safepoint: 30300 ns, Total: 209101 ns
[2024-04-16T21:16:43.397+0000][428][safepoint   ] Safepoint "Cleanup", Time since last: 59403574100 ns, Reaching safepoint: 196800 ns, At safepoint: 28000 ns, Total: 224800 ns
[2024-04-16T21:16:46.420+0000][428][safepoint   ] Safepoint "Cleanup", Time since last: 3022792500 ns, Reaching safepoint: 254300 ns, At safepoint: 22400 ns, Total: 276700 ns
[2024-04-16T21:16:47.432+0000][428][safepoint   ] Safepoint "Cleanup", Time since last: 1012239299 ns, Reaching safepoint: 190801 ns, At safepoint: 14000 ns, Total: 204801 ns
[2024-04-16T21:16:58.552+0000][428][safepoint   ] Safepoint "Cleanup", Time since last: 11119639300 ns, Reaching safepoint: 197400 ns, At safepoint: 17800 ns, Total: 215200 ns
[2024-04-16T21:17:28.803+0000][428][safepoint   ] Safepoint "Cleanup", Time since last: 30250921999 ns, Reaching safepoint: 173201 ns, At safepoint: 70599 ns, Total: 243800 ns
[2024-04-16T21:17:39.892+0000][428][safepoint   ] Safepoint "Cleanup", Time since last: 11088771601 ns, Reaching safepoint: 101400 ns, At safepoint: 24600 ns, Total: 126000 ns
[2024-04-16T21:18:43.385+0000][428][safepoint   ] Safepoint "Cleanup", Time since last: 63492969900 ns, Reaching safepoint: 130400 ns, At safepoint: 34200 ns, Total: 164600 ns
[2024-04-16T21:19:58.907+0000][428][safepoint   ] Safepoint "Cleanup", Time since last: 75521881900 ns, Reaching safepoint: 90400 ns, At safepoint: 63899 ns, Total: 154299 ns
[2024-04-16T21:20:44.230+0000][428][safepoint   ] Safepoint "Cleanup", Time since last: 45322541001 ns, Reaching safepoint: 131899 ns, At safepoint: 17801 ns, Total: 149700 ns
[2024-04-16T21:21:18.441+0000][428][safepoint   ] Safepoint "Cleanup", Time since last: 34211273300 ns, Reaching safepoint: 263100 ns, At safepoint: 112899 ns, Total: 375999 ns
[2024-04-16T21:23:58.595+0000][428][safepoint   ] Safepoint "Cleanup", Time since last: 160153123401 ns, Reaching safepoint: 184200 ns, At safepoint: 73800 ns, Total: 258000 ns
[2024-04-16T21:24:12.719+0000][428][safepoint   ] Safepoint "Cleanup", Time since last: 14123540800 ns, Reaching safepoint: 160400 ns, At safepoint: 173600 ns, Total: 334000 ns
[2024-04-16T21:24:17.048+0000][428][gc,start    ] GC(22) Pause Young (Normal) (G1 Evacuation Pause)
[2024-04-16T21:24:17.048+0000][428][gc,task     ] GC(22) Using 8 workers of 8 for evacuation
[2024-04-16T21:24:17.048+0000][428][gc,age      ] GC(22) Desired survivor size 159383552 bytes, new threshold 15 (max threshold 15)
[2024-04-16T21:24:17.061+0000][428][gc,phases   ] GC(22)   Pre Evacuate Collection Set: 0.7ms
[2024-04-16T21:24:17.061+0000][428][gc,phases   ] GC(22)   Merge Heap Roots: 0.1ms
[2024-04-16T21:24:17.061+0000][428][gc,phases   ] GC(22)   Evacuate Collection Set: 10.7ms
[2024-04-16T21:24:17.061+0000][428][gc,phases   ] GC(22)   Post Evacuate Collection Set: 1.4ms
[2024-04-16T21:24:17.061+0000][428][gc,phases   ] GC(22)   Other: 0.1ms
[2024-04-16T21:24:17.061+0000][428][gc,age      ] GC(22) Age table with threshold 15 (max threshold 15)
[2024-04-16T21:24:17.061+0000][428][gc,age      ] GC(22) - age   1:    2170232 bytes,    2170232 total
[2024-04-16T21:24:17.061+0000][428][gc,age      ] GC(22) - age   2:       7448 bytes,    2177680 total
[2024-04-16T21:24:17.061+0000][428][gc,age      ] GC(22) - age   3:      80272 bytes,    2257952 total
[2024-04-16T21:24:17.061+0000][428][gc,age      ] GC(22) - age   4:      73416 bytes,    2331368 total
[2024-04-16T21:24:17.061+0000][428][gc,age      ] GC(22) - age   5:     564528 bytes,    2895896 total
[2024-04-16T21:24:17.061+0000][428][gc,age      ] GC(22) - age   6:     271264 bytes,    3167160 total
[2024-04-16T21:24:17.061+0000][428][gc,age      ] GC(22) - age   7:      35352 bytes,    3202512 total
[2024-04-16T21:24:17.061+0000][428][gc,age      ] GC(22) - age   8:    2420680 bytes,    5623192 total
[2024-04-16T21:24:17.061+0000][428][gc,age      ] GC(22) - age   9:     684008 bytes,    6307200 total
[2024-04-16T21:24:17.061+0000][428][gc,age      ] GC(22) - age  10:   10173152 bytes,   16480352 total
[2024-04-16T21:24:17.061+0000][428][gc,heap     ] GC(22) Eden regions: 601->0(601)
[2024-04-16T21:24:17.061+0000][428][gc,heap     ] GC(22) Survivor regions: 5->5(76)
[2024-04-16T21:24:17.061+0000][428][gc,heap     ] GC(22) Old regions: 46->46
[2024-04-16T21:24:17.061+0000][428][gc,heap     ] GC(22) Archive regions: 0->0
[2024-04-16T21:24:17.061+0000][428][gc,heap     ] GC(22) Humongous regions: 2->2
[2024-04-16T21:24:17.061+0000][428][gc,metaspace] GC(22) Metaspace: 132116K(135744K)->132116K(135744K) NonClass: 114640K(116544K)->114640K(116544K) Class: 17476K(19200K)->17476K(19200K)
[2024-04-16T21:24:17.061+0000][428][gc          ] GC(22) Pause Young (Normal) (G1 Evacuation Pause) 2609M->206M(4040M) 13.438ms
[2024-04-16T21:24:17.061+0000][428][gc,cpu      ] GC(22) User=0.08s Sys=0.02s Real=0.01s
[2024-04-16T21:24:17.061+0000][428][safepoint   ] Safepoint "G1CollectForAllocation", Time since last: 4328630000 ns, Reaching safepoint: 37700 ns, At safepoint: 13557700 ns, Total: 13595400 ns
[2024-04-16T21:24:44.249+0000][428][safepoint   ] Safepoint "Cleanup", Time since last: 27187800300 ns, Reaching safepoint: 400199 ns, At safepoint: 28101 ns, Total: 428300 ns
[2024-04-16T21:26:36.092+0000][428][safepoint   ] Safepoint "Cleanup", Time since last: 111842207700 ns, Reaching safepoint: 224200 ns, At safepoint: 34800 ns, Total: 259000 ns
[2024-04-16T21:27:36.534+0000][428][safepoint   ] Safepoint "Cleanup", Time since last: 60441702800 ns, Reaching safepoint: 167600 ns, At safepoint: 19299 ns, Total: 186899 ns
[2024-04-16T21:27:43.567+0000][428][safepoint   ] Safepoint "Cleanup", Time since last: 7033014100 ns, Reaching safepoint: 138201 ns, At safepoint: 22300 ns, Total: 160501 ns
[2024-04-16T21:27:47.595+0000][428][safepoint   ] Safepoint "Cleanup", Time since last: 4027750800 ns, Reaching safepoint: 85300 ns, At safepoint: 16400 ns, Total: 101700 ns
[2024-04-16T21:28:18.822+0000][428][safepoint   ] Safepoint "Cleanup", Time since last: 31227273700 ns, Reaching safepoint: 124800 ns, At safepoint: 12500 ns, Total: 137300 ns
[2024-04-16T21:28:35.953+0000][428][safepoint   ] Safepoint "Cleanup", Time since last: 17130301000 ns, Reaching safepoint: 193400 ns, At safepoint: 13100 ns, Total: 206500 ns
[2024-04-16T21:29:48.508+0000][428][safepoint   ] Safepoint "Cleanup", Time since last: 72555172299 ns, Reaching safepoint: 102701 ns, At safepoint: 18699 ns, Total: 121400 ns
[2024-04-16T21:30:15.716+0000][428][safepoint   ] Safepoint "Cleanup", Time since last: 27208037700 ns, Reaching safepoint: 212000 ns, At safepoint: 96801 ns, Total: 308801 ns
[2024-04-16T21:30:43.929+0000][428][safepoint   ] Safepoint "Cleanup", Time since last: 28212227900 ns, Reaching safepoint: 136200 ns, At safepoint: 46100 ns, Total: 182300 ns
[2024-04-16T21:30:44.931+0000][428][safepoint   ] Safepoint "Cleanup", Time since last: 1001925200 ns, Reaching safepoint: 96900 ns, At safepoint: 12900 ns, Total: 109800 ns
[2024-04-16T21:31:43.570+0000][428][safepoint   ] Safepoint "Cleanup", Time since last: 58618039100 ns, Reaching safepoint: 18787200 ns, At safepoint: 2002100 ns, Total: 20789300 ns
[2024-04-16T21:32:40.015+0000][428][safepoint   ] Safepoint "Cleanup", Time since last: 56430024600 ns, Reaching safepoint: 15396400 ns, At safepoint: 92000 ns, Total: 15488400 ns
[2024-04-16T21:33:10.332+0000][428][safepoint   ] Safepoint "Cleanup", Time since last: 30316269300 ns, Reaching safepoint: 148600 ns, At safepoint: 34400 ns, Total: 183000 ns
[2024-04-16T21:33:43.574+0000][428][safepoint   ] Safepoint "Cleanup", Time since last: 33242140299 ns, Reaching safepoint: 124000 ns, At safepoint: 18300 ns, Total: 142300 ns
[2024-04-16T21:35:43.812+0000][428][safepoint   ] Safepoint "Cleanup", Time since last: 120238229301 ns, Reaching safepoint: 156000 ns, At safepoint: 26800 ns, Total: 182800 ns
[2024-04-16T21:36:16.134+0000][428][safepoint   ] Safepoint "Cleanup", Time since last: 32321626700 ns, Reaching safepoint: 525700 ns, At safepoint: 42400 ns, Total: 568100 ns
[2024-04-16T21:36:43.394+0000][428][safepoint   ] Safepoint "Cleanup", Time since last: 27259120500 ns, Reaching safepoint: 498600 ns, At safepoint: 45100 ns, Total: 543700 ns
[2024-04-16T21:37:24.991+0000][428][gc,start    ] GC(23) Pause Young (Normal) (G1 Evacuation Pause)
[2024-04-16T21:37:25.022+0000][428][gc,task     ] GC(23) Using 8 workers of 8 for evacuation
[2024-04-16T21:37:25.022+0000][428][gc,age      ] GC(23) Desired survivor size 159383552 bytes, new threshold 15 (max threshold 15)
[2024-04-16T21:37:25.214+0000][428][gc,phases   ] GC(23)   Pre Evacuate Collection Set: 14.2ms
[2024-04-16T21:37:25.214+0000][428][gc,phases   ] GC(23)   Merge Heap Roots: 4.7ms
[2024-04-16T21:37:25.214+0000][428][gc,phases   ] GC(23)   Evacuate Collection Set: 125.8ms
[2024-04-16T21:37:25.214+0000][428][gc,phases   ] GC(23)   Post Evacuate Collection Set: 43.5ms
[2024-04-16T21:37:25.214+0000][428][gc,phases   ] GC(23)   Other: 30.3ms
[2024-04-16T21:37:25.215+0000][428][gc,age      ] GC(23) Age table with threshold 15 (max threshold 15)
[2024-04-16T21:37:25.215+0000][428][gc,age      ] GC(23) - age   1:    1305880 bytes,    1305880 total
[2024-04-16T21:37:25.215+0000][428][gc,age      ] GC(23) - age   2:     502616 bytes,    1808496 total
[2024-04-16T21:37:25.215+0000][428][gc,age      ] GC(23) - age   3:       6280 bytes,    1814776 total
[2024-04-16T21:37:25.215+0000][428][gc,age      ] GC(23) - age   4:      80136 bytes,    1894912 total
[2024-04-16T21:37:25.215+0000][428][gc,age      ] GC(23) - age   5:      73104 bytes,    1968016 total
[2024-04-16T21:37:25.215+0000][428][gc,age      ] GC(23) - age   6:     564528 bytes,    2532544 total
[2024-04-16T21:37:25.215+0000][428][gc,age      ] GC(23) - age   7:     263248 bytes,    2795792 total
[2024-04-16T21:37:25.215+0000][428][gc,age      ] GC(23) - age   8:      35352 bytes,    2831144 total
[2024-04-16T21:37:25.215+0000][428][gc,age      ] GC(23) - age   9:    2420640 bytes,    5251784 total
[2024-04-16T21:37:25.215+0000][428][gc,age      ] GC(23) - age  10:     684008 bytes,    5935792 total
[2024-04-16T21:37:25.215+0000][428][gc,age      ] GC(23) - age  11:   10149392 bytes,   16085184 total
[2024-04-16T21:37:25.215+0000][428][gc,heap     ] GC(23) Eden regions: 601->0(601)
[2024-04-16T21:37:25.215+0000][428][gc,heap     ] GC(23) Survivor regions: 5->5(76)
[2024-04-16T21:37:25.215+0000][428][gc,heap     ] GC(23) Old regions: 46->46
[2024-04-16T21:37:25.215+0000][428][gc,heap     ] GC(23) Archive regions: 0->0
[2024-04-16T21:37:25.215+0000][428][gc,heap     ] GC(23) Humongous regions: 2->2
[2024-04-16T21:37:25.222+0000][428][gc,metaspace] GC(23) Metaspace: 132194K(135808K)->132194K(135808K) NonClass: 114718K(116608K)->114718K(116608K) Class: 17476K(19200K)->17476K(19200K)
[2024-04-16T21:37:25.223+0000][428][gc          ] GC(23) Pause Young (Normal) (G1 Evacuation Pause) 2610M->206M(4040M) 231.742ms
[2024-04-16T21:37:25.223+0000][428][gc,cpu      ] GC(23) User=0.11s Sys=0.39s Real=0.25s
[2024-04-16T21:37:25.223+0000][428][safepoint   ] Safepoint "G1CollectForAllocation", Time since last: 41573767000 ns, Reaching safepoint: 178199 ns, At safepoint: 255703201 ns, Total: 255881400 ns
[2024-04-16T21:38:05.779+0000][428][safepoint   ] Safepoint "Cleanup", Time since last: 40348491600 ns, Reaching safepoint: 203562599 ns, At safepoint: 4046401 ns, Total: 207609000 ns
[2024-04-16T21:38:46.167+0000][428][safepoint   ] Safepoint "Cleanup", Time since last: 40386845500 ns, Reaching safepoint: 94300 ns, At safepoint: 43100 ns, Total: 137400 ns
[2024-04-16T21:39:29.517+0000][428][safepoint   ] Safepoint "Cleanup", Time since last: 43350707600 ns, Reaching safepoint: 281899 ns, At safepoint: 21001 ns, Total: 302900 ns
[2024-04-16T21:39:42.044+0000][428][safepoint   ] Safepoint "Cleanup", Time since last: 12510601000 ns, Reaching safepoint: 15618199 ns, At safepoint: 253301 ns, Total: 15871500 ns
[2024-04-16T21:39:43.054+0000][428][safepoint   ] Safepoint "Cleanup", Time since last: 1009319300 ns, Reaching safepoint: 179100 ns, At safepoint: 18500 ns, Total: 197600 ns
[2024-04-16T21:40:43.607+0000][428][safepoint   ] Safepoint "Cleanup", Time since last: 60553224400 ns, Reaching safepoint: 166500 ns, At safepoint: 12700 ns, Total: 179200 ns
[2024-04-16T21:41:33.096+0000][428][safepoint   ] Safepoint "Cleanup", Time since last: 49487995499 ns, Reaching safepoint: 188801 ns, At safepoint: 17200 ns, Total: 206001 ns
[2024-04-16T21:42:43.686+0000][428][safepoint   ] Safepoint "Cleanup", Time since last: 70590382300 ns, Reaching safepoint: 194299 ns, At safepoint: 12801 ns, Total: 207100 ns
[2024-04-16T21:45:28.479+0000][428][safepoint   ] Safepoint "Cleanup", Time since last: 164792840499 ns, Reaching safepoint: 181101 ns, At safepoint: 26800 ns, Total: 207901 ns
[2024-04-16T21:46:44.265+0000][428][safepoint   ] Safepoint "Cleanup", Time since last: 75785720800 ns, Reaching safepoint: 160100 ns, At safepoint: 15800 ns, Total: 175900 ns
[2024-04-16T21:47:23.632+0000][428][safepoint   ] Safepoint "Cleanup", Time since last: 39366635300 ns, Reaching safepoint: 82900 ns, At safepoint: 14100 ns, Total: 97000 ns
[2024-04-16T21:48:44.408+0000][428][safepoint   ] Safepoint "Cleanup", Time since last: 80776349099 ns, Reaching safepoint: 151501 ns, At safepoint: 22300 ns, Total: 173801 ns
[2024-04-16T21:51:16.648+0000][428][safepoint   ] Safepoint "Cleanup", Time since last: 157360449700 ns, Reaching safepoint: 81475199 ns, At safepoint: 53601 ns, Total: 81528800 ns
[2024-04-16T21:51:17.655+0000][428][safepoint   ] Safepoint "Cleanup", Time since last: 1006743700 ns, Reaching safepoint: 97399 ns, At safepoint: 15801 ns, Total: 113200 ns
[2024-04-16T21:51:18.656+0000][428][safepoint   ] Safepoint "Cleanup", Time since last: 1001112100 ns, Reaching safepoint: 72900 ns, At safepoint: 10899 ns, Total: 83799 ns
[2024-04-16T21:51:21.694+0000][428][safepoint   ] Safepoint "Cleanup", Time since last: 3022434501 ns, Reaching safepoint: 15832300 ns, At safepoint: 81500 ns, Total: 15913800 ns
[2024-04-16T21:51:25.727+0000][428][safepoint   ] Safepoint "Cleanup", Time since last: 4031847200 ns, Reaching safepoint: 85399 ns, At safepoint: 15700 ns, Total: 101099 ns
[2024-04-16T21:51:26.733+0000][428][safepoint   ] Safepoint "Cleanup", Time since last: 1006397401 ns, Reaching safepoint: 90200 ns, At safepoint: 14100 ns, Total: 104300 ns
[2024-04-16T21:51:28.751+0000][428][safepoint   ] Safepoint "Cleanup", Time since last: 2018176299 ns, Reaching safepoint: 85701 ns, At safepoint: 19799 ns, Total: 105500 ns
[2024-04-16T21:51:49.618+0000][428][gc,start    ] GC(24) Pause Young (Normal) (G1 Evacuation Pause)
[2024-04-16T21:51:49.647+0000][428][gc,task     ] GC(24) Using 8 workers of 8 for evacuation
[2024-04-16T21:51:49.647+0000][428][gc,age      ] GC(24) Desired survivor size 159383552 bytes, new threshold 15 (max threshold 15)
[2024-04-16T21:51:49.789+0000][428][gc,phases   ] GC(24)   Pre Evacuate Collection Set: 17.9ms
[2024-04-16T21:51:49.789+0000][428][gc,phases   ] GC(24)   Merge Heap Roots: 2.9ms
[2024-04-16T21:51:49.789+0000][428][gc,phases   ] GC(24)   Evacuate Collection Set: 85.4ms
[2024-04-16T21:51:49.789+0000][428][gc,phases   ] GC(24)   Post Evacuate Collection Set: 22.2ms
[2024-04-16T21:51:49.789+0000][428][gc,phases   ] GC(24)   Other: 25.2ms
[2024-04-16T21:51:49.789+0000][428][gc,age      ] GC(24) Age table with threshold 15 (max threshold 15)
[2024-04-16T21:51:49.789+0000][428][gc,age      ] GC(24) - age   1:    2114776 bytes,    2114776 total
[2024-04-16T21:51:49.789+0000][428][gc,age      ] GC(24) - age   2:      90104 bytes,    2204880 total
[2024-04-16T21:51:49.789+0000][428][gc,age      ] GC(24) - age   3:     289624 bytes,    2494504 total
[2024-04-16T21:51:49.789+0000][428][gc,age      ] GC(24) - age   4:       6200 bytes,    2500704 total
[2024-04-16T21:51:49.789+0000][428][gc,age      ] GC(24) - age   5:      80056 bytes,    2580760 total
[2024-04-16T21:51:49.789+0000][428][gc,age      ] GC(24) - age   6:      72576 bytes,    2653336 total
[2024-04-16T21:51:49.789+0000][428][gc,age      ] GC(24) - age   7:     343944 bytes,    2997280 total
[2024-04-16T21:51:49.789+0000][428][gc,age      ] GC(24) - age   8:     263008 bytes,    3260288 total
[2024-04-16T21:51:49.789+0000][428][gc,age      ] GC(24) - age   9:      35352 bytes,    3295640 total
[2024-04-16T21:51:49.789+0000][428][gc,age      ] GC(24) - age  10:    2420536 bytes,    5716176 total
[2024-04-16T21:51:49.789+0000][428][gc,age      ] GC(24) - age  11:     684008 bytes,    6400184 total
[2024-04-16T21:51:49.789+0000][428][gc,age      ] GC(24) - age  12:   10144664 bytes,   16544848 total
[2024-04-16T21:51:49.789+0000][428][gc,heap     ] GC(24) Eden regions: 601->0(601)
[2024-04-16T21:51:49.789+0000][428][gc,heap     ] GC(24) Survivor regions: 5->5(76)
[2024-04-16T21:51:49.789+0000][428][gc,heap     ] GC(24) Old regions: 46->46
[2024-04-16T21:51:49.789+0000][428][gc,heap     ] GC(24) Archive regions: 0->0
[2024-04-16T21:51:49.789+0000][428][gc,heap     ] GC(24) Humongous regions: 2->2
[2024-04-16T21:51:49.790+0000][428][gc,metaspace] GC(24) Metaspace: 132243K(135872K)->132243K(135872K) NonClass: 114762K(116672K)->114762K(116672K) Class: 17480K(19200K)->17480K(19200K)
[2024-04-16T21:51:49.791+0000][428][gc          ] GC(24) Pause Young (Normal) (G1 Evacuation Pause) 2610M->206M(4040M) 172.313ms
[2024-04-16T21:51:49.791+0000][428][gc,cpu      ] GC(24) User=0.03s Sys=0.06s Real=0.17s
[2024-04-16T21:51:49.791+0000][428][safepoint   ] Safepoint "G1CollectForAllocation", Time since last: 20851881200 ns, Reaching safepoint: 188101 ns, At safepoint: 186949700 ns, Total: 187137801 ns
[2024-04-16T21:52:01.875+0000][428][safepoint   ] Safepoint "Cleanup", Time since last: 12084003100 ns, Reaching safepoint: 166700 ns, At safepoint: 26100 ns, Total: 192800 ns
[2024-04-16T21:52:17.007+0000][428][safepoint   ] Safepoint "Cleanup", Time since last: 15131727500 ns, Reaching safepoint: 173400 ns, At safepoint: 83100 ns, Total: 256500 ns
[2024-04-16T21:52:32.173+0000][428][safepoint   ] Safepoint "Cleanup", Time since last: 15151199400 ns, Reaching safepoint: 15463500 ns, At safepoint: 69900 ns, Total: 15533400 ns
[2024-04-16T21:52:33.181+0000][428][safepoint   ] Safepoint "Cleanup", Time since last: 1007025800 ns, Reaching safepoint: 86500 ns, At safepoint: 17900 ns, Total: 104400 ns
[2024-04-16T21:52:39.229+0000][428][safepoint   ] Safepoint "Cleanup", Time since last: 6048195200 ns, Reaching safepoint: 174200 ns, At safepoint: 8800 ns, Total: 183000 ns
[2024-04-16T21:54:02.842+0000][428][safepoint   ] Safepoint "Cleanup", Time since last: 83612524300 ns, Reaching safepoint: 174500 ns, At safepoint: 42400 ns, Total: 216900 ns
[2024-04-16T21:55:16.472+0000][428][safepoint   ] Safepoint "Cleanup", Time since last: 73630163100 ns, Reaching safepoint: 125200 ns, At safepoint: 15200 ns, Total: 140400 ns
[2024-04-16T21:55:41.681+0000][428][safepoint   ] Safepoint "Cleanup", Time since last: 25209093599 ns, Reaching safepoint: 117101 ns, At safepoint: 12200 ns, Total: 129301 ns
[2024-04-16T21:55:57.850+0000][428][safepoint   ] Safepoint "Cleanup", Time since last: 16167528699 ns, Reaching safepoint: 717601 ns, At safepoint: 12700 ns, Total: 730301 ns
[2024-04-16T21:56:17.042+0000][428][safepoint   ] Safepoint "Cleanup", Time since last: 19192393899 ns, Reaching safepoint: 77300 ns, At safepoint: 17801 ns, Total: 95101 ns
[2024-04-16T21:56:18.042+0000][428][safepoint   ] Safepoint "Cleanup", Time since last: 1000225700 ns, Reaching safepoint: 89600 ns, At safepoint: 8500 ns, Total: 98100 ns
[2024-04-16T21:57:08.574+0000][428][safepoint   ] Safepoint "Cleanup", Time since last: 50531630600 ns, Reaching safepoint: 108600 ns, At safepoint: 9299 ns, Total: 117899 ns
[2024-04-16T21:57:16.651+0000][428][safepoint   ] Safepoint "Cleanup", Time since last: 8076616001 ns, Reaching safepoint: 98900 ns, At safepoint: 14200 ns, Total: 113100 ns
[2024-04-16T21:58:10.187+0000][428][safepoint   ] Safepoint "Cleanup", Time since last: 53535836000 ns, Reaching safepoint: 131100 ns, At safepoint: 16400 ns, Total: 147500 ns
[2024-04-16T21:58:30.396+0000][428][safepoint   ] Safepoint "Cleanup", Time since last: 20208655999 ns, Reaching safepoint: 144901 ns, At safepoint: 14400 ns, Total: 159301 ns
[2024-04-16T21:58:50.588+0000][428][safepoint   ] Safepoint "Cleanup", Time since last: 20191773000 ns, Reaching safepoint: 115500 ns, At safepoint: 11300 ns, Total: 126800 ns
[2024-04-16T21:59:16.849+0000][428][safepoint   ] Safepoint "Cleanup", Time since last: 26261227800 ns, Reaching safepoint: 116200 ns, At safepoint: 24499 ns, Total: 140699 ns
[2024-04-16T21:59:42.062+0000][428][safepoint   ] Safepoint "Cleanup", Time since last: 25212853600 ns, Reaching safepoint: 107501 ns, At safepoint: 7700 ns, Total: 115201 ns
[2024-04-16T22:00:09.271+0000][428][safepoint   ] Safepoint "Cleanup", Time since last: 27209547700 ns, Reaching safepoint: 187299 ns, At safepoint: 32801 ns, Total: 220100 ns
[2024-04-16T22:00:19.349+0000][428][safepoint   ] Safepoint "Cleanup", Time since last: 10076830200 ns, Reaching safepoint: 146299 ns, At safepoint: 164201 ns, Total: 310500 ns
[2024-04-16T22:00:43.549+0000][428][safepoint   ] Safepoint "Cleanup", Time since last: 24200404600 ns, Reaching safepoint: 163100 ns, At safepoint: 22700 ns, Total: 185800 ns
[2024-04-16T22:02:17.629+0000][428][gc,start    ] GC(25) Pause Young (Normal) (G1 Evacuation Pause)
[2024-04-16T22:02:17.629+0000][428][gc,task     ] GC(25) Using 8 workers of 8 for evacuation
[2024-04-16T22:02:17.629+0000][428][gc,age      ] GC(25) Desired survivor size 159383552 bytes, new threshold 15 (max threshold 15)
[2024-04-16T22:02:17.646+0000][428][gc,phases   ] GC(25)   Pre Evacuate Collection Set: 1.3ms
[2024-04-16T22:02:17.646+0000][428][gc,phases   ] GC(25)   Merge Heap Roots: 0.3ms
[2024-04-16T22:02:17.646+0000][428][gc,phases   ] GC(25)   Evacuate Collection Set: 12.2ms
[2024-04-16T22:02:17.646+0000][428][gc,phases   ] GC(25)   Post Evacuate Collection Set: 2.7ms
[2024-04-16T22:02:17.646+0000][428][gc,phases   ] GC(25)   Other: 0.2ms
[2024-04-16T22:02:17.646+0000][428][gc,age      ] GC(25) Age table with threshold 15 (max threshold 15)
[2024-04-16T22:02:17.646+0000][428][gc,age      ] GC(25) - age   1:    1418568 bytes,    1418568 total
[2024-04-16T22:02:17.646+0000][428][gc,age      ] GC(25) - age   2:     226720 bytes,    1645288 total
[2024-04-16T22:02:17.646+0000][428][gc,age      ] GC(25) - age   3:      89272 bytes,    1734560 total
[2024-04-16T22:02:17.646+0000][428][gc,age      ] GC(25) - age   4:     258880 bytes,    1993440 total
[2024-04-16T22:02:17.646+0000][428][gc,age      ] GC(25) - age   5:       6088 bytes,    1999528 total
[2024-04-16T22:02:17.646+0000][428][gc,age      ] GC(25) - age   6:      80056 bytes,    2079584 total
[2024-04-16T22:02:17.646+0000][428][gc,age      ] GC(25) - age   7:      72464 bytes,    2152048 total
[2024-04-16T22:02:17.646+0000][428][gc,age      ] GC(25) - age   8:     340200 bytes,    2492248 total
[2024-04-16T22:02:17.646+0000][428][gc,age      ] GC(25) - age   9:     263008 bytes,    2755256 total
[2024-04-16T22:02:17.646+0000][428][gc,age      ] GC(25) - age  10:      35352 bytes,    2790608 total
[2024-04-16T22:02:17.646+0000][428][gc,age      ] GC(25) - age  11:    2420512 bytes,    5211120 total
[2024-04-16T22:02:17.646+0000][428][gc,age      ] GC(25) - age  12:     684008 bytes,    5895128 total
[2024-04-16T22:02:17.646+0000][428][gc,age      ] GC(25) - age  13:   10144664 bytes,   16039792 total
[2024-04-16T22:02:17.646+0000][428][gc,heap     ] GC(25) Eden regions: 601->0(601)
[2024-04-16T22:02:17.646+0000][428][gc,heap     ] GC(25) Survivor regions: 5->5(76)
[2024-04-16T22:02:17.646+0000][428][gc,heap     ] GC(25) Old regions: 46->46
[2024-04-16T22:02:17.646+0000][428][gc,heap     ] GC(25) Archive regions: 0->0
[2024-04-16T22:02:17.646+0000][428][gc,heap     ] GC(25) Humongous regions: 2->2
[2024-04-16T22:02:17.646+0000][428][gc,metaspace] GC(25) Metaspace: 132256K(135872K)->132256K(135872K) NonClass: 114776K(116672K)->114776K(116672K) Class: 17480K(19200K)->17480K(19200K)
[2024-04-16T22:02:17.647+0000][428][gc          ] GC(25) Pause Young (Normal) (G1 Evacuation Pause) 2610M->205M(4040M) 17.607ms
[2024-04-16T22:02:17.647+0000][428][gc,cpu      ] GC(25) User=0.00s Sys=0.02s Real=0.02s
[2024-04-16T22:02:17.647+0000][428][safepoint   ] Safepoint "G1CollectForAllocation", Time since last: 94079893899 ns, Reaching safepoint: 122001 ns, At safepoint: 17701300 ns, Total: 17823301 ns
[2024-04-16T22:02:18.648+0000][428][safepoint   ] Safepoint "Cleanup", Time since last: 1000469800 ns, Reaching safepoint: 107800 ns, At safepoint: 12699 ns, Total: 120499 ns
[2024-04-16T22:02:21.677+0000][428][safepoint   ] Safepoint "Cleanup", Time since last: 3028830200 ns, Reaching safepoint: 156800 ns, At safepoint: 7701 ns, Total: 164501 ns
[2024-04-16T22:02:46.904+0000][428][safepoint   ] Safepoint "Cleanup", Time since last: 25226734199 ns, Reaching safepoint: 152800 ns, At safepoint: 15100 ns, Total: 167900 ns
[2024-04-16T22:03:17.180+0000][428][safepoint   ] Safepoint "Cleanup", Time since last: 30276432500 ns, Reaching safepoint: 172500 ns, At safepoint: 22301 ns, Total: 194801 ns
[2024-04-16T22:04:30.857+0000][428][safepoint   ] Safepoint "Cleanup", Time since last: 73676780300 ns, Reaching safepoint: 166600 ns, At safepoint: 10700 ns, Total: 177300 ns
[2024-04-16T22:04:58.099+0000][428][safepoint   ] Safepoint "Cleanup", Time since last: 27241363399 ns, Reaching safepoint: 89701 ns, At safepoint: 13399 ns, Total: 103100 ns
[2024-04-16T22:05:05.146+0000][428][safepoint   ] Safepoint "Cleanup", Time since last: 7047321001 ns, Reaching safepoint: 104999 ns, At safepoint: 23301 ns, Total: 128300 ns
[2024-04-16T22:05:06.851+0000][428][safepoint   ] Safepoint "Cleanup", Time since last: 1704776200 ns, Reaching safepoint: 115599 ns, At safepoint: 41501 ns, Total: 157100 ns
[2024-04-16T22:05:07.852+0000][428][safepoint   ] Safepoint "Cleanup", Time since last: 1000954999 ns, Reaching safepoint: 555401 ns, At safepoint: 48300 ns, Total: 603701 ns
[2024-04-16T22:05:10.530+0000][428][safepoint   ] Safepoint "Cleanup", Time since last: 2677642999 ns, Reaching safepoint: 145001 ns, At safepoint: 19400 ns, Total: 164401 ns
[2024-04-16T22:05:19.608+0000][428][safepoint   ] Safepoint "Cleanup", Time since last: 9077743800 ns, Reaching safepoint: 92300 ns, At safepoint: 84100 ns, Total: 176400 ns
[2024-04-16T22:05:46.896+0000][428][safepoint   ] Safepoint "Cleanup", Time since last: 27287167000 ns, Reaching safepoint: 160300 ns, At safepoint: 73000 ns, Total: 233300 ns
[2024-04-16T22:08:22.402+0000][428][safepoint   ] Safepoint "Cleanup", Time since last: 155506387600 ns, Reaching safepoint: 188100 ns, At safepoint: 17400 ns, Total: 205500 ns
[2024-04-16T22:11:17.130+0000][428][safepoint   ] Safepoint "Cleanup", Time since last: 174727638500 ns, Reaching safepoint: 119699 ns, At safepoint: 14601 ns, Total: 134300 ns
[2024-04-16T22:11:46.421+0000][428][safepoint   ] Safepoint "Cleanup", Time since last: 29290834799 ns, Reaching safepoint: 137801 ns, At safepoint: 12400 ns, Total: 150201 ns
[2024-04-16T22:11:47.432+0000][428][safepoint   ] Safepoint "Cleanup", Time since last: 1011221500 ns, Reaching safepoint: 119600 ns, At safepoint: 8699 ns, Total: 128299 ns
[2024-04-16T22:12:02.580+0000][428][safepoint   ] Safepoint "Cleanup", Time since last: 15147733601 ns, Reaching safepoint: 165500 ns, At safepoint: 14000 ns, Total: 179500 ns
[2024-04-16T22:12:23.787+0000][428][safepoint   ] Safepoint "Cleanup", Time since last: 21206476200 ns, Reaching safepoint: 120200 ns, At safepoint: 14100 ns, Total: 134300 ns
[2024-04-16T22:12:40.802+0000][428][gc,start    ] GC(26) Pause Young (Normal) (G1 Evacuation Pause)
[2024-04-16T22:12:40.802+0000][428][gc,task     ] GC(26) Using 8 workers of 8 for evacuation
[2024-04-16T22:12:40.802+0000][428][gc,age      ] GC(26) Desired survivor size 159383552 bytes, new threshold 15 (max threshold 15)
[2024-04-16T22:12:40.813+0000][428][gc,phases   ] GC(26)   Pre Evacuate Collection Set: 0.1ms
[2024-04-16T22:12:40.813+0000][428][gc,phases   ] GC(26)   Merge Heap Roots: 0.7ms
[2024-04-16T22:12:40.813+0000][428][gc,phases   ] GC(26)   Evacuate Collection Set: 7.6ms
[2024-04-16T22:12:40.813+0000][428][gc,phases   ] GC(26)   Post Evacuate Collection Set: 1.4ms
[2024-04-16T22:12:40.813+0000][428][gc,phases   ] GC(26)   Other: 0.6ms
[2024-04-16T22:12:40.813+0000][428][gc,age      ] GC(26) Age table with threshold 15 (max threshold 15)
[2024-04-16T22:12:40.813+0000][428][gc,age      ] GC(26) - age   1:    1925112 bytes,    1925112 total
[2024-04-16T22:12:40.813+0000][428][gc,age      ] GC(26) - age   2:      82608 bytes,    2007720 total
[2024-04-16T22:12:40.813+0000][428][gc,age      ] GC(26) - age   3:     220144 bytes,    2227864 total
[2024-04-16T22:12:40.813+0000][428][gc,age      ] GC(26) - age   4:      89272 bytes,    2317136 total
[2024-04-16T22:12:40.813+0000][428][gc,age      ] GC(26) - age   5:     258848 bytes,    2575984 total
[2024-04-16T22:12:40.813+0000][428][gc,age      ] GC(26) - age   6:       6088 bytes,    2582072 total
[2024-04-16T22:12:40.813+0000][428][gc,age      ] GC(26) - age   7:      80056 bytes,    2662128 total
[2024-04-16T22:12:40.813+0000][428][gc,age      ] GC(26) - age   8:      72384 bytes,    2734512 total
[2024-04-16T22:12:40.813+0000][428][gc,age      ] GC(26) - age   9:     340096 bytes,    3074608 total
[2024-04-16T22:12:40.813+0000][428][gc,age      ] GC(26) - age  10:     263008 bytes,    3337616 total
[2024-04-16T22:12:40.813+0000][428][gc,age      ] GC(26) - age  11:      35352 bytes,    3372968 total
[2024-04-16T22:12:40.813+0000][428][gc,age      ] GC(26) - age  12:    2214872 bytes,    5587840 total
[2024-04-16T22:12:40.813+0000][428][gc,age      ] GC(26) - age  13:     684008 bytes,    6271848 total
[2024-04-16T22:12:40.813+0000][428][gc,age      ] GC(26) - age  14:   10144664 bytes,   16416512 total
[2024-04-16T22:12:40.813+0000][428][gc,heap     ] GC(26) Eden regions: 601->0(601)
[2024-04-16T22:12:40.813+0000][428][gc,heap     ] GC(26) Survivor regions: 5->5(76)
[2024-04-16T22:12:40.813+0000][428][gc,heap     ] GC(26) Old regions: 46->46
[2024-04-16T22:12:40.813+0000][428][gc,heap     ] GC(26) Archive regions: 0->0
[2024-04-16T22:12:40.813+0000][428][gc,heap     ] GC(26) Humongous regions: 2->2
[2024-04-16T22:12:40.813+0000][428][gc,metaspace] GC(26) Metaspace: 132269K(135872K)->132269K(135872K) NonClass: 114787K(116672K)->114787K(116672K) Class: 17481K(19200K)->17481K(19200K)
[2024-04-16T22:12:40.813+0000][428][gc          ] GC(26) Pause Young (Normal) (G1 Evacuation Pause) 2609M->204M(4040M) 10.825ms
[2024-04-16T22:12:40.813+0000][428][gc,cpu      ] GC(26) User=0.00s Sys=0.00s Real=0.01s
[2024-04-16T22:12:40.813+0000][428][safepoint   ] Safepoint "G1CollectForAllocation", Time since last: 17015072900 ns, Reaching safepoint: 107500 ns, At safepoint: 10929600 ns, Total: 11037100 ns
[2024-04-16T22:12:41.821+0000][428][safepoint   ] Safepoint "Cleanup", Time since last: 1007601800 ns, Reaching safepoint: 145900 ns, At safepoint: 14699 ns, Total: 160599 ns
[2024-04-16T22:13:17.175+0000][428][safepoint   ] Safepoint "Cleanup", Time since last: 35353545700 ns, Reaching safepoint: 169500 ns, At safepoint: 17700 ns, Total: 187200 ns
[2024-04-16T22:13:31.299+0000][428][safepoint   ] Safepoint "Cleanup", Time since last: 14124138901 ns, Reaching safepoint: 147500 ns, At safepoint: 15400 ns, Total: 162900 ns
[2024-04-16T22:15:16.190+0000][428][safepoint   ] Safepoint "Cleanup", Time since last: 104890763900 ns, Reaching safepoint: 257300 ns, At safepoint: 21900 ns, Total: 279200 ns
[2024-04-16T22:15:17.199+0000][428][safepoint   ] Safepoint "Cleanup", Time since last: 1009512699 ns, Reaching safepoint: 81601 ns, At safepoint: 14300 ns, Total: 95901 ns
[2024-04-16T22:15:25.287+0000][428][safepoint   ] Safepoint "Cleanup", Time since last: 8087561600 ns, Reaching safepoint: 194600 ns, At safepoint: 96000 ns, Total: 290600 ns
[2024-04-16T22:16:16.755+0000][428][safepoint   ] Safepoint "Cleanup", Time since last: 51467852800 ns, Reaching safepoint: 220000 ns, At safepoint: 20300 ns, Total: 240300 ns
[2024-04-16T22:16:18.769+0000][428][safepoint   ] Safepoint "Cleanup", Time since last: 2013671999 ns, Reaching safepoint: 137601 ns, At safepoint: 11300 ns, Total: 148901 ns
[2024-04-16T22:16:46.984+0000][428][safepoint   ] Safepoint "Cleanup", Time since last: 28214839899 ns, Reaching safepoint: 173700 ns, At safepoint: 16801 ns, Total: 190501 ns
[2024-04-16T22:16:47.995+0000][428][safepoint   ] Safepoint "Cleanup", Time since last: 1010890800 ns, Reaching safepoint: 151100 ns, At safepoint: 14100 ns, Total: 165200 ns
[2024-04-16T22:17:01.114+0000][428][safepoint   ] Safepoint "Cleanup", Time since last: 13118823000 ns, Reaching safepoint: 195099 ns, At safepoint: 18701 ns, Total: 213800 ns
[2024-04-16T22:17:17.251+0000][428][safepoint   ] Safepoint "Cleanup", Time since last: 16136630600 ns, Reaching safepoint: 88400 ns, At safepoint: 12000 ns, Total: 100400 ns
[2024-04-16T22:18:57.220+0000][428][safepoint   ] Safepoint "Cleanup", Time since last: 99969163800 ns, Reaching safepoint: 174500 ns, At safepoint: 16200 ns, Total: 190700 ns
[2024-04-16T22:21:46.708+0000][428][safepoint   ] Safepoint "Cleanup", Time since last: 169487216300 ns, Reaching safepoint: 158200 ns, At safepoint: 21200 ns, Total: 179400 ns
[2024-04-16T22:21:57.772+0000][428][safepoint   ] Safepoint "Cleanup", Time since last: 11063776500 ns, Reaching safepoint: 178099 ns, At safepoint: 18300 ns, Total: 196399 ns
[2024-04-16T22:22:15.867+0000][428][safepoint   ] Safepoint "Cleanup", Time since last: 18094636301 ns, Reaching safepoint: 137399 ns, At safepoint: 16300 ns, Total: 153699 ns
[2024-04-16T22:22:16.872+0000][428][safepoint   ] Safepoint "Cleanup", Time since last: 1005320301 ns, Reaching safepoint: 123900 ns, At safepoint: 17800 ns, Total: 141700 ns
[2024-04-16T22:22:51.249+0000][428][gc,start    ] GC(27) Pause Young (Normal) (G1 Evacuation Pause)
[2024-04-16T22:22:51.249+0000][428][gc,task     ] GC(27) Using 8 workers of 8 for evacuation
[2024-04-16T22:22:51.249+0000][428][gc,age      ] GC(27) Desired survivor size 159383552 bytes, new threshold 15 (max threshold 15)
[2024-04-16T22:22:51.263+0000][428][gc,phases   ] GC(27)   Pre Evacuate Collection Set: 0.1ms
[2024-04-16T22:22:51.263+0000][428][gc,phases   ] GC(27)   Merge Heap Roots: 0.2ms
[2024-04-16T22:22:51.263+0000][428][gc,phases   ] GC(27)   Evacuate Collection Set: 12.5ms
[2024-04-16T22:22:51.263+0000][428][gc,phases   ] GC(27)   Post Evacuate Collection Set: 1.8ms
[2024-04-16T22:22:51.263+0000][428][gc,phases   ] GC(27)   Other: 0.1ms
[2024-04-16T22:22:51.263+0000][428][gc,age      ] GC(27) Age table with threshold 15 (max threshold 15)
[2024-04-16T22:22:51.263+0000][428][gc,age      ] GC(27) - age   1:    2171336 bytes,    2171336 total
[2024-04-16T22:22:51.263+0000][428][gc,age      ] GC(27) - age   2:     211504 bytes,    2382840 total
[2024-04-16T22:22:51.263+0000][428][gc,age      ] GC(27) - age   3:      79328 bytes,    2462168 total
[2024-04-16T22:22:51.263+0000][428][gc,age      ] GC(27) - age   4:     202640 bytes,    2664808 total
[2024-04-16T22:22:51.263+0000][428][gc,age      ] GC(27) - age   5:      89192 bytes,    2754000 total
[2024-04-16T22:22:51.263+0000][428][gc,age      ] GC(27) - age   6:     183888 bytes,    2937888 total
[2024-04-16T22:22:51.263+0000][428][gc,age      ] GC(27) - age   7:       6088 bytes,    2943976 total
[2024-04-16T22:22:51.263+0000][428][gc,age      ] GC(27) - age   8:      80056 bytes,    3024032 total
[2024-04-16T22:22:51.263+0000][428][gc,age      ] GC(27) - age   9:      72384 bytes,    3096416 total
[2024-04-16T22:22:51.263+0000][428][gc,age      ] GC(27) - age  10:     339968 bytes,    3436384 total
[2024-04-16T22:22:51.263+0000][428][gc,age      ] GC(27) - age  11:     262768 bytes,    3699152 total
[2024-04-16T22:22:51.263+0000][428][gc,age      ] GC(27) - age  12:      35352 bytes,    3734504 total
[2024-04-16T22:22:51.263+0000][428][gc,age      ] GC(27) - age  13:    2209008 bytes,    5943512 total
[2024-04-16T22:22:51.263+0000][428][gc,age      ] GC(27) - age  14:     684008 bytes,    6627520 total
[2024-04-16T22:22:51.263+0000][428][gc,age      ] GC(27) - age  15:   10144584 bytes,   16772104 total
[2024-04-16T22:22:51.263+0000][428][gc,heap     ] GC(27) Eden regions: 601->0(599)
[2024-04-16T22:22:51.263+0000][428][gc,heap     ] GC(27) Survivor regions: 5->7(76)
[2024-04-16T22:22:51.263+0000][428][gc,heap     ] GC(27) Old regions: 46->46
[2024-04-16T22:22:51.263+0000][428][gc,heap     ] GC(27) Archive regions: 0->0
[2024-04-16T22:22:51.263+0000][428][gc,heap     ] GC(27) Humongous regions: 2->2
[2024-04-16T22:22:51.263+0000][428][gc,metaspace] GC(27) Metaspace: 132282K(135872K)->132282K(135872K) NonClass: 114801K(116672K)->114801K(116672K) Class: 17481K(19200K)->17481K(19200K)
[2024-04-16T22:22:51.264+0000][428][gc          ] GC(27) Pause Young (Normal) (G1 Evacuation Pause) 2608M->214M(4040M) 15.388ms
[2024-04-16T22:22:51.264+0000][428][gc,cpu      ] GC(27) User=0.11s Sys=0.02s Real=0.01s
[2024-04-16T22:22:51.264+0000][428][safepoint   ] Safepoint "G1CollectForAllocation", Time since last: 34376464400 ns, Reaching safepoint: 65400 ns, At safepoint: 15532200 ns, Total: 15597600 ns
[2024-04-16T22:23:19.406+0000][428][safepoint   ] Safepoint "Cleanup", Time since last: 28142205499 ns, Reaching safepoint: 201900 ns, At safepoint: 16100 ns, Total: 218000 ns
[2024-04-16T22:24:16.871+0000][428][safepoint   ] Safepoint "Cleanup", Time since last: 57464009101 ns, Reaching safepoint: 137399 ns, At safepoint: 81101 ns, Total: 218500 ns
[2024-04-16T22:26:19.083+0000][428][safepoint   ] Safepoint "Cleanup", Time since last: 122212582699 ns, Reaching safepoint: 101801 ns, At safepoint: 15500 ns, Total: 117301 ns
[2024-04-16T22:27:07.570+0000][428][safepoint   ] Safepoint "Cleanup", Time since last: 48486073900 ns, Reaching safepoint: 116500 ns, At safepoint: 10500 ns, Total: 127000 ns
[2024-04-16T22:27:10.606+0000][428][safepoint   ] Safepoint "Cleanup", Time since last: 3035632700 ns, Reaching safepoint: 133800 ns, At safepoint: 12300 ns, Total: 146100 ns
[2024-04-16T22:27:32.457+0000][428][safepoint   ] Safepoint "Cleanup", Time since last: 21850935700 ns, Reaching safepoint: 99300 ns, At safepoint: 62399 ns, Total: 161699 ns
[2024-04-16T22:27:46.590+0000][428][safepoint   ] Safepoint "Cleanup", Time since last: 14133726101 ns, Reaching safepoint: 91900 ns, At safepoint: 11600 ns, Total: 103500 ns
[2024-04-16T22:28:07.783+0000][428][safepoint   ] Safepoint "Cleanup", Time since last: 21192179100 ns, Reaching safepoint: 143500 ns, At safepoint: 9900 ns, Total: 153400 ns
[2024-04-16T22:28:16.880+0000][428][safepoint   ] Safepoint "Cleanup", Time since last: 9097325300 ns, Reaching safepoint: 128900 ns, At safepoint: 15900 ns, Total: 144800 ns
[2024-04-16T22:31:13.700+0000][428][safepoint   ] Safepoint "Cleanup", Time since last: 176819684100 ns, Reaching safepoint: 135000 ns, At safepoint: 16600 ns, Total: 151600 ns
[2024-04-16T22:32:13.324+0000][428][safepoint   ] Safepoint "Cleanup", Time since last: 59623627200 ns, Reaching safepoint: 77299 ns, At safepoint: 11901 ns, Total: 89200 ns
[2024-04-16T22:33:08.908+0000][428][safepoint   ] Safepoint "Cleanup", Time since last: 55584271400 ns, Reaching safepoint: 104400 ns, At safepoint: 15500 ns, Total: 119900 ns
[2024-04-16T22:33:10.318+0000][428][gc,start    ] GC(28) Pause Young (Normal) (G1 Evacuation Pause)
[2024-04-16T22:33:10.318+0000][428][gc,task     ] GC(28) Using 8 workers of 8 for evacuation
[2024-04-16T22:33:10.318+0000][428][gc,age      ] GC(28) Desired survivor size 159383552 bytes, new threshold 15 (max threshold 15)
[2024-04-16T22:33:10.332+0000][428][gc,phases   ] GC(28)   Pre Evacuate Collection Set: 0.2ms
[2024-04-16T22:33:10.332+0000][428][gc,phases   ] GC(28)   Merge Heap Roots: 0.2ms
[2024-04-16T22:33:10.332+0000][428][gc,phases   ] GC(28)   Evacuate Collection Set: 10.8ms
[2024-04-16T22:33:10.332+0000][428][gc,phases   ] GC(28)   Post Evacuate Collection Set: 2.4ms
[2024-04-16T22:33:10.332+0000][428][gc,phases   ] GC(28)   Other: 0.2ms
[2024-04-16T22:33:10.332+0000][428][gc,age      ] GC(28) Age table with threshold 15 (max threshold 15)
[2024-04-16T22:33:10.332+0000][428][gc,age      ] GC(28) - age   1:     606936 bytes,     606936 total
[2024-04-16T22:33:10.332+0000][428][gc,age      ] GC(28) - age   2:     468456 bytes,    1075392 total
[2024-04-16T22:33:10.332+0000][428][gc,age      ] GC(28) - age   3:     210096 bytes,    1285488 total
[2024-04-16T22:33:10.332+0000][428][gc,age      ] GC(28) - age   4:      79248 bytes,    1364736 total
[2024-04-16T22:33:10.332+0000][428][gc,age      ] GC(28) - age   5:     202456 bytes,    1567192 total
[2024-04-16T22:33:10.332+0000][428][gc,age      ] GC(28) - age   6:      89112 bytes,    1656304 total
[2024-04-16T22:33:10.332+0000][428][gc,age      ] GC(28) - age   7:     183808 bytes,    1840112 total
[2024-04-16T22:33:10.332+0000][428][gc,age      ] GC(28) - age   8:       6088 bytes,    1846200 total
[2024-04-16T22:33:10.332+0000][428][gc,age      ] GC(28) - age   9:      80056 bytes,    1926256 total
[2024-04-16T22:33:10.332+0000][428][gc,age      ] GC(28) - age  10:      72384 bytes,    1998640 total
[2024-04-16T22:33:10.332+0000][428][gc,age      ] GC(28) - age  11:     339968 bytes,    2338608 total
[2024-04-16T22:33:10.332+0000][428][gc,age      ] GC(28) - age  12:     262768 bytes,    2601376 total
[2024-04-16T22:33:10.332+0000][428][gc,age      ] GC(28) - age  13:      35352 bytes,    2636728 total
[2024-04-16T22:33:10.332+0000][428][gc,age      ] GC(28) - age  14:    2208968 bytes,    4845696 total
[2024-04-16T22:33:10.332+0000][428][gc,age      ] GC(28) - age  15:     684008 bytes,    5529704 total
[2024-04-16T22:33:10.332+0000][428][gc,heap     ] GC(28) Eden regions: 599->0(604)
[2024-04-16T22:33:10.332+0000][428][gc,heap     ] GC(28) Survivor regions: 7->2(76)
[2024-04-16T22:33:10.332+0000][428][gc,heap     ] GC(28) Old regions: 46->49
[2024-04-16T22:33:10.332+0000][428][gc,heap     ] GC(28) Archive regions: 0->0
[2024-04-16T22:33:10.332+0000][428][gc,heap     ] GC(28) Humongous regions: 2->2
[2024-04-16T22:33:10.332+0000][428][gc,metaspace] GC(28) Metaspace: 132327K(135936K)->132327K(135936K) NonClass: 114845K(116736K)->114845K(116736K) Class: 17481K(19200K)->17481K(19200K)
[2024-04-16T22:33:10.332+0000][428][gc          ] GC(28) Pause Young (Normal) (G1 Evacuation Pause) 2610M->208M(4040M) 14.018ms
[2024-04-16T22:33:10.332+0000][428][gc,cpu      ] GC(28) User=0.00s Sys=0.00s Real=0.01s
[2024-04-16T22:33:10.332+0000][428][safepoint   ] Safepoint "G1CollectForAllocation", Time since last: 1409549000 ns, Reaching safepoint: 88100 ns, At safepoint: 14084300 ns, Total: 14172400 ns
[2024-04-16T22:33:17.395+0000][428][safepoint   ] Safepoint "Cleanup", Time since last: 7063081600 ns, Reaching safepoint: 110800 ns, At safepoint: 9499 ns, Total: 120299 ns
[2024-04-16T22:33:50.713+0000][428][safepoint   ] Safepoint "Cleanup", Time since last: 33317275101 ns, Reaching safepoint: 170800 ns, At safepoint: 23599 ns, Total: 194399 ns
[2024-04-16T22:33:59.801+0000][428][safepoint   ] Safepoint "Cleanup", Time since last: 9087943501 ns, Reaching safepoint: 161900 ns, At safepoint: 14599 ns, Total: 176499 ns
[2024-04-16T22:34:21.011+0000][428][safepoint   ] Safepoint "Cleanup", Time since last: 21210242101 ns, Reaching safepoint: 73800 ns, At safepoint: 11399 ns, Total: 85199 ns
[2024-04-16T22:34:49.289+0000][428][safepoint   ] Safepoint "Cleanup", Time since last: 28276970200 ns, Reaching safepoint: 771201 ns, At safepoint: 8000 ns, Total: 779201 ns
[2024-04-16T22:41:44.894+0000][428][safepoint   ] Safepoint "Cleanup", Time since last: 415613367700 ns, Reaching safepoint: 152000 ns, At safepoint: 5100 ns, Total: 157100 ns
[2024-04-16T22:41:46.897+0000][428][safepoint   ] Safepoint "Cleanup", Time since last: 2003688600 ns, Reaching safepoint: 86800 ns, At safepoint: 12700 ns, Total: 99500 ns
[2024-04-16T22:41:47.903+0000][428][safepoint   ] Safepoint "Cleanup", Time since last: 1005645500 ns, Reaching safepoint: 114699 ns, At safepoint: 10701 ns, Total: 125400 ns
[2024-04-16T22:41:49.930+0000][428][safepoint   ] Safepoint "Cleanup", Time since last: 2027157300 ns, Reaching safepoint: 73900 ns, At safepoint: 23100 ns, Total: 97000 ns
[2024-04-16T22:42:09.130+0000][428][safepoint   ] Safepoint "Cleanup", Time since last: 19199686900 ns, Reaching safepoint: 68399 ns, At safepoint: 11801 ns, Total: 80200 ns
[2024-04-16T22:42:14.185+0000][428][safepoint   ] Safepoint "Cleanup", Time since last: 5054792300 ns, Reaching safepoint: 69700 ns, At safepoint: 21300 ns, Total: 91000 ns
[2024-04-16T22:42:32.385+0000][428][safepoint   ] Safepoint "Cleanup", Time since last: 18199723800 ns, Reaching safepoint: 81400 ns, At safepoint: 21500 ns, Total: 102900 ns
[2024-04-16T22:42:44.523+0000][428][safepoint   ] Safepoint "Cleanup", Time since last: 12137929900 ns, Reaching safepoint: 116699 ns, At safepoint: 5301 ns, Total: 122000 ns
[2024-04-16T22:42:51.595+0000][428][safepoint   ] Safepoint "Cleanup", Time since last: 7071989199 ns, Reaching safepoint: 105900 ns, At safepoint: 21301 ns, Total: 127201 ns
[2024-04-16T22:42:57.659+0000][428][safepoint   ] Safepoint "Cleanup", Time since last: 6063985500 ns, Reaching safepoint: 196100 ns, At safepoint: 4899 ns, Total: 200999 ns
[2024-04-16T22:43:53.225+0000][428][safepoint   ] Safepoint "Cleanup", Time since last: 55565959200 ns, Reaching safepoint: 126801 ns, At safepoint: 15900 ns, Total: 142701 ns
[2024-04-16T22:44:15.441+0000][428][safepoint   ] Safepoint "Cleanup", Time since last: 22215907000 ns, Reaching safepoint: 124500 ns, At safepoint: 5799 ns, Total: 130299 ns
[2024-04-16T22:44:20.491+0000][428][safepoint   ] Safepoint "Cleanup", Time since last: 5049322301 ns, Reaching safepoint: 134500 ns, At safepoint: 11000 ns, Total: 145500 ns
[2024-04-16T22:44:38.664+0000][428][safepoint   ] Safepoint "Cleanup", Time since last: 18173300699 ns, Reaching safepoint: 126000 ns, At safepoint: 9201 ns, Total: 135201 ns
[2024-04-16T22:44:44.723+0000][428][safepoint   ] Safepoint "Cleanup", Time since last: 6058232900 ns, Reaching safepoint: 65499 ns, At safepoint: 27101 ns, Total: 92600 ns
[2024-04-16T22:44:58.857+0000][428][safepoint   ] Safepoint "Cleanup", Time since last: 14134741900 ns, Reaching safepoint: 85900 ns, At safepoint: 12100 ns, Total: 98000 ns
[2024-04-16T22:46:09.520+0000][428][safepoint   ] Safepoint "Cleanup", Time since last: 70662576000 ns, Reaching safepoint: 156700 ns, At safepoint: 17400 ns, Total: 174100 ns
[2024-04-16T22:47:11.114+0000][428][safepoint   ] Safepoint "Cleanup", Time since last: 61593219600 ns, Reaching safepoint: 126600 ns, At safepoint: 15999 ns, Total: 142599 ns
[2024-04-16T22:47:39.379+0000][428][safepoint   ] Safepoint "Cleanup", Time since last: 28265669801 ns, Reaching safepoint: 128400 ns, At safepoint: 14800 ns, Total: 143200 ns
[2024-04-16T22:48:01.584+0000][428][safepoint   ] Safepoint "Cleanup", Time since last: 22204138700 ns, Reaching safepoint: 88700 ns, At safepoint: 7000 ns, Total: 95700 ns
[2024-04-16T22:48:52.059+0000][428][safepoint   ] Safepoint "Cleanup", Time since last: 50475521500 ns, Reaching safepoint: 128000 ns, At safepoint: 8100 ns, Total: 136100 ns
[2024-04-16T22:49:34.449+0000][428][safepoint   ] Safepoint "Cleanup", Time since last: 42389884100 ns, Reaching safepoint: 124700 ns, At safepoint: 11899 ns, Total: 136599 ns
[2024-04-16T22:49:44.547+0000][428][safepoint   ] Safepoint "Cleanup", Time since last: 10097813800 ns, Reaching safepoint: 157001 ns, At safepoint: 11899 ns, Total: 168900 ns
[2024-04-16T22:50:44.098+0000][428][safepoint   ] Safepoint "Cleanup", Time since last: 59550255700 ns, Reaching safepoint: 132201 ns, At safepoint: 12600 ns, Total: 144801 ns
[2024-04-16T22:51:10.347+0000][428][safepoint   ] Safepoint "Cleanup", Time since last: 26248707499 ns, Reaching safepoint: 143201 ns, At safepoint: 10999 ns, Total: 154200 ns
[2024-04-16T22:51:46.686+0000][428][safepoint   ] Safepoint "Cleanup", Time since last: 36339320601 ns, Reaching safepoint: 156700 ns, At safepoint: 14500 ns, Total: 171200 ns
[2024-04-16T22:51:48.712+0000][428][safepoint   ] Safepoint "Cleanup", Time since last: 2026202400 ns, Reaching safepoint: 145899 ns, At safepoint: 13300 ns, Total: 159199 ns
[2024-04-16T22:52:13.948+0000][428][safepoint   ] Safepoint "Cleanup", Time since last: 25235335801 ns, Reaching safepoint: 90500 ns, At safepoint: 19000 ns, Total: 109500 ns
[2024-04-16T22:52:35.158+0000][428][safepoint   ] Safepoint "Cleanup", Time since last: 21209829900 ns, Reaching safepoint: 135200 ns, At safepoint: 12399 ns, Total: 147599 ns
[2024-04-16T22:52:44.246+0000][428][safepoint   ] Safepoint "Cleanup", Time since last: 9087557700 ns, Reaching safepoint: 126401 ns, At safepoint: 12400 ns, Total: 138801 ns
[2024-04-16T22:53:05.051+0000][428][gc,start    ] GC(29) Pause Young (Normal) (G1 Evacuation Pause)
[2024-04-16T22:53:05.051+0000][428][gc,task     ] GC(29) Using 8 workers of 8 for evacuation
[2024-04-16T22:53:05.051+0000][428][gc,age      ] GC(29) Desired survivor size 159383552 bytes, new threshold 15 (max threshold 15)
[2024-04-16T22:53:05.062+0000][428][gc,phases   ] GC(29)   Pre Evacuate Collection Set: 0.2ms
[2024-04-16T22:53:05.062+0000][428][gc,phases   ] GC(29)   Merge Heap Roots: 0.9ms
[2024-04-16T22:53:05.062+0000][428][gc,phases   ] GC(29)   Evacuate Collection Set: 6.1ms
[2024-04-16T22:53:05.062+0000][428][gc,phases   ] GC(29)   Post Evacuate Collection Set: 2.6ms
[2024-04-16T22:53:05.062+0000][428][gc,phases   ] GC(29)   Other: 1.0ms
[2024-04-16T22:53:05.062+0000][428][gc,age      ] GC(29) Age table with threshold 15 (max threshold 15)
[2024-04-16T22:53:05.062+0000][428][gc,age      ] GC(29) - age   1:    2257016 bytes,    2257016 total
[2024-04-16T22:53:05.062+0000][428][gc,age      ] GC(29) - age   2:       1904 bytes,    2258920 total
[2024-04-16T22:53:05.062+0000][428][gc,age      ] GC(29) - age   3:     222320 bytes,    2481240 total
[2024-04-16T22:53:05.062+0000][428][gc,age      ] GC(29) - age   4:     209624 bytes,    2690864 total
[2024-04-16T22:53:05.062+0000][428][gc,age      ] GC(29) - age   5:       4280 bytes,    2695144 total
[2024-04-16T22:53:05.062+0000][428][gc,age      ] GC(29) - age   6:      52672 bytes,    2747816 total
[2024-04-16T22:53:05.062+0000][428][gc,age      ] GC(29) - age   7:      89112 bytes,    2836928 total
[2024-04-16T22:53:05.062+0000][428][gc,age      ] GC(29) - age   8:     183768 bytes,    3020696 total
[2024-04-16T22:53:05.062+0000][428][gc,age      ] GC(29) - age   9:       6088 bytes,    3026784 total
[2024-04-16T22:53:05.062+0000][428][gc,age      ] GC(29) - age  10:      80056 bytes,    3106840 total
[2024-04-16T22:53:05.062+0000][428][gc,age      ] GC(29) - age  11:      72248 bytes,    3179088 total
[2024-04-16T22:53:05.062+0000][428][gc,age      ] GC(29) - age  12:     339888 bytes,    3518976 total
[2024-04-16T22:53:05.062+0000][428][gc,age      ] GC(29) - age  13:     202576 bytes,    3721552 total
[2024-04-16T22:53:05.062+0000][428][gc,age      ] GC(29) - age  14:      35328 bytes,    3756880 total
[2024-04-16T22:53:05.062+0000][428][gc,age      ] GC(29) - age  15:    2208664 bytes,    5965544 total
[2024-04-16T22:53:05.062+0000][428][gc,heap     ] GC(29) Eden regions: 604->0(604)
[2024-04-16T22:53:05.062+0000][428][gc,heap     ] GC(29) Survivor regions: 2->2(76)
[2024-04-16T22:53:05.062+0000][428][gc,heap     ] GC(29) Old regions: 49->49
[2024-04-16T22:53:05.062+0000][428][gc,heap     ] GC(29) Archive regions: 0->0
[2024-04-16T22:53:05.062+0000][428][gc,heap     ] GC(29) Humongous regions: 2->2
[2024-04-16T22:53:05.062+0000][428][gc,metaspace] GC(29) Metaspace: 132380K(136000K)->132380K(136000K) NonClass: 114897K(116800K)->114897K(116800K) Class: 17482K(19200K)->17482K(19200K)
[2024-04-16T22:53:05.062+0000][428][gc          ] GC(29) Pause Young (Normal) (G1 Evacuation Pause) 2624M->208M(4040M) 11.558ms
[2024-04-16T22:53:05.062+0000][428][gc,cpu      ] GC(29) User=0.00s Sys=0.00s Real=0.01s
[2024-04-16T22:53:05.062+0000][428][safepoint   ] Safepoint "G1CollectForAllocation", Time since last: 20805369300 ns, Reaching safepoint: 120700 ns, At safepoint: 11655000 ns, Total: 11775700 ns
[2024-04-16T22:53:22.233+0000][428][safepoint   ] Safepoint "Cleanup", Time since last: 17170701800 ns, Reaching safepoint: 121900 ns, At safepoint: 7000 ns, Total: 128900 ns
[2024-04-16T22:53:23.244+0000][428][safepoint   ] Safepoint "Cleanup", Time since last: 1010411000 ns, Reaching safepoint: 108400 ns, At safepoint: 8200 ns, Total: 116600 ns
[2024-04-16T22:55:44.575+0000][428][safepoint   ] Safepoint "Cleanup", Time since last: 141330787900 ns, Reaching safepoint: 665899 ns, At safepoint: 9601 ns, Total: 675500 ns
