[2024-02-23T08:12:45.840+0000][4616][gc,init] CardTable entry size: 512
[2024-02-23T08:12:45.840+0000][4616][gc     ] Using G1
[2024-02-23T08:12:46.792+0000][4616][gc,init] Version: 18.0.2+9-61 (release)
[2024-02-23T08:12:46.792+0000][4616][gc,init] CPUs: 8 total, 8 available
[2024-02-23T08:12:46.792+0000][4616][gc,init] Memory: 8079M
[2024-02-23T08:12:46.792+0000][4616][gc,init] Large Page Support: Disabled
[2024-02-23T08:12:46.792+0000][4616][gc,init] NUMA Support: Disabled
[2024-02-23T08:12:46.792+0000][4616][gc,init] Compressed Oops: Enabled (Zero based)
[2024-02-23T08:12:46.792+0000][4616][gc,init] Heap Region Size: 4M
[2024-02-23T08:12:46.792+0000][4616][gc,init] Heap Min Capacity: 4040M
[2024-02-23T08:12:46.792+0000][4616][gc,init] Heap Initial Capacity: 4040M
[2024-02-23T08:12:46.797+0000][4616][gc,init] Heap Max Capacity: 4040M
[2024-02-23T08:12:46.797+0000][4616][gc,init] Pre-touch: Enabled
[2024-02-23T08:12:46.797+0000][4616][gc,init] Parallel Workers: 8
[2024-02-23T08:12:46.797+0000][4616][gc,init] Concurrent Workers: 2
[2024-02-23T08:12:46.797+0000][4616][gc,init] Concurrent Refinement Workers: 8
[2024-02-23T08:12:46.797+0000][4616][gc,init] Periodic GC: Disabled
[2024-02-23T08:12:46.834+0000][4616][gc,metaspace] CDS archive(s) mapped at: [0x0000000800000000-0x0000000800ba0000-0x0000000800ba0000), size 12189696, SharedBaseAddress: 0x0000000800000000, ArchiveRelocationMode: 0.
[2024-02-23T08:12:46.834+0000][4616][gc,metaspace] Compressed class space mapped at: 0x0000000800c00000-0x0000000840c00000, reserved size: 1073741824
[2024-02-23T08:12:46.834+0000][4616][gc,metaspace] Narrow klass base: 0x0000000800000000, Narrow klass shift: 0, Narrow klass range: 0x100000000
[2024-02-23T08:12:48.317+0000][4616][safepoint   ] Safepoint "Cleanup", Time since last: 1416268300 ns, Reaching safepoint: 202100 ns, At safepoint: 62500 ns, Total: 264600 ns
[2024-02-23T08:12:49.211+0000][4616][safepoint   ] Safepoint "ICBufferFull", Time since last: 893834800 ns, Reaching safepoint: 110000 ns, At safepoint: 7900 ns, Total: 117900 ns
[2024-02-23T08:12:50.240+0000][4616][safepoint   ] Safepoint "ICBufferFull", Time since last: 1028671600 ns, Reaching safepoint: 133700 ns, At safepoint: 7800 ns, Total: 141500 ns
[2024-02-23T08:12:51.082+0000][4616][safepoint   ] Safepoint "ICBufferFull", Time since last: 842086900 ns, Reaching safepoint: 154700 ns, At safepoint: 3500 ns, Total: 158200 ns
[2024-02-23T08:12:52.159+0000][4616][safepoint   ] Safepoint "Cleanup", Time since last: 1076077800 ns, Reaching safepoint: 96600 ns, At safepoint: 12200 ns, Total: 108800 ns
[2024-02-23T08:12:53.163+0000][4616][safepoint   ] Safepoint "Cleanup", Time since last: 1004735100 ns, Reaching safepoint: 90700 ns, At safepoint: 6000 ns, Total: 96700 ns
[2024-02-23T08:12:54.108+0000][4616][safepoint   ] Safepoint "ICBufferFull", Time since last: 945129700 ns, Reaching safepoint: 99400 ns, At safepoint: 7600 ns, Total: 107000 ns
[2024-02-23T08:12:55.117+0000][4616][safepoint   ] Safepoint "Cleanup", Time since last: 1007915500 ns, Reaching safepoint: 80000 ns, At safepoint: 363700 ns, Total: 443700 ns
[2024-02-23T08:12:55.151+0000][4616][gc,start    ] GC(0) Pause Young (Normal) (G1 Evacuation Pause)
[2024-02-23T08:12:55.170+0000][4616][gc,task     ] GC(0) Using 8 workers of 8 for evacuation
[2024-02-23T08:12:55.170+0000][4616][gc,age      ] GC(0) Desired survivor size 14680064 bytes, new threshold 15 (max threshold 15)
[2024-02-23T08:12:55.177+0000][4616][gc,phases   ] GC(0)   Pre Evacuate Collection Set: 0.1ms
[2024-02-23T08:12:55.177+0000][4616][gc,phases   ] GC(0)   Merge Heap Roots: 0.1ms
[2024-02-23T08:12:55.177+0000][4616][gc,phases   ] GC(0)   Evacuate Collection Set: 6.4ms
[2024-02-23T08:12:55.177+0000][4616][gc,phases   ] GC(0)   Post Evacuate Collection Set: 1.1ms
[2024-02-23T08:12:55.178+0000][4616][gc,phases   ] GC(0)   Other: 0.6ms
[2024-02-23T08:12:55.178+0000][4616][gc,age      ] GC(0) Age table with threshold 15 (max threshold 15)
[2024-02-23T08:12:55.178+0000][4616][gc,age      ] GC(0) - age   1:   11923568 bytes,   11923568 total
[2024-02-23T08:12:55.178+0000][4616][gc,heap     ] GC(0) Eden regions: 50->0(47)
[2024-02-23T08:12:55.178+0000][4616][gc,heap     ] GC(0) Survivor regions: 0->3(7)
[2024-02-23T08:12:55.178+0000][4616][gc,heap     ] GC(0) Old regions: 0->0
[2024-02-23T08:12:55.178+0000][4616][gc,heap     ] GC(0) Archive regions: 0->0
[2024-02-23T08:12:55.178+0000][4616][gc,heap     ] GC(0) Humongous regions: 0->0
[2024-02-23T08:12:55.178+0000][4616][gc,metaspace] GC(0) Metaspace: 16962K(17408K)->16962K(17408K) NonClass: 15010K(15296K)->15010K(15296K) Class: 1951K(2112K)->1951K(2112K)
[2024-02-23T08:12:55.178+0000][4616][gc          ] GC(0) Pause Young (Normal) (G1 Evacuation Pause) 200M->11M(4040M) 25.694ms
[2024-02-23T08:12:55.178+0000][4616][gc,cpu      ] GC(0) User=0.03s Sys=0.00s Real=0.03s
[2024-02-23T08:12:55.178+0000][4616][safepoint   ] Safepoint "G1CollectForAllocation", Time since last: 35024600 ns, Reaching safepoint: 33100 ns, At safepoint: 25749500 ns, Total: 25782600 ns
[2024-02-23T08:12:56.367+0000][4616][safepoint   ] Safepoint "Cleanup", Time since last: 1173351400 ns, Reaching safepoint: 15882700 ns, At safepoint: 51000 ns, Total: 15933700 ns
[2024-02-23T08:12:56.381+0000][4616][gc,start    ] GC(1) Pause Young (Concurrent Start) (Metadata GC Threshold)
[2024-02-23T08:12:56.381+0000][4616][gc,task     ] GC(1) Using 8 workers of 8 for evacuation
[2024-02-23T08:12:56.381+0000][4616][gc,age      ] GC(1) Desired survivor size 14680064 bytes, new threshold 15 (max threshold 15)
[2024-02-23T08:12:56.389+0000][4616][gc,phases   ] GC(1)   Pre Evacuate Collection Set: 0.2ms
[2024-02-23T08:12:56.389+0000][4616][gc,phases   ] GC(1)   Merge Heap Roots: 0.1ms
[2024-02-23T08:12:56.389+0000][4616][gc,phases   ] GC(1)   Evacuate Collection Set: 6.5ms
[2024-02-23T08:12:56.389+0000][4616][gc,phases   ] GC(1)   Post Evacuate Collection Set: 1.0ms
[2024-02-23T08:12:56.389+0000][4616][gc,phases   ] GC(1)   Other: 0.1ms
[2024-02-23T08:12:56.389+0000][4616][gc,age      ] GC(1) Age table with threshold 15 (max threshold 15)
[2024-02-23T08:12:56.389+0000][4616][gc,age      ] GC(1) - age   1:    2127776 bytes,    2127776 total
[2024-02-23T08:12:56.389+0000][4616][gc,age      ] GC(1) - age   2:   11350048 bytes,   13477824 total
[2024-02-23T08:12:56.389+0000][4616][gc,heap     ] GC(1) Eden regions: 18->0(46)
[2024-02-23T08:12:56.389+0000][4616][gc,heap     ] GC(1) Survivor regions: 3->4(7)
[2024-02-23T08:12:56.389+0000][4616][gc,heap     ] GC(1) Old regions: 0->0
[2024-02-23T08:12:56.389+0000][4616][gc,heap     ] GC(1) Archive regions: 0->0
[2024-02-23T08:12:56.389+0000][4616][gc,heap     ] GC(1) Humongous regions: 0->0
[2024-02-23T08:12:56.389+0000][4616][gc,metaspace] GC(1) Metaspace: 21016K(21504K)->21016K(21504K) NonClass: 18663K(18944K)->18663K(18944K) Class: 2353K(2560K)->2353K(2560K)
[2024-02-23T08:12:56.389+0000][4616][gc          ] GC(1) Pause Young (Concurrent Start) (Metadata GC Threshold) 81M->13M(4040M) 8.162ms
[2024-02-23T08:12:56.389+0000][4616][gc,cpu      ] GC(1) User=0.00s Sys=0.00s Real=0.01s
[2024-02-23T08:12:56.389+0000][4616][gc          ] GC(2) Concurrent Mark Cycle
[2024-02-23T08:12:56.389+0000][4616][gc,marking  ] GC(2) Concurrent Clear Claimed Marks
[2024-02-23T08:12:56.389+0000][4616][gc,marking  ] GC(2) Concurrent Clear Claimed Marks 0.061ms
[2024-02-23T08:12:56.389+0000][4616][safepoint   ] Safepoint "CollectForMetadataAllocation", Time since last: 13301300 ns, Reaching safepoint: 55700 ns, At safepoint: 8297100 ns, Total: 8352800 ns
[2024-02-23T08:12:56.389+0000][4616][gc,marking  ] GC(2) Concurrent Scan Root Regions
[2024-02-23T08:12:56.391+0000][4616][gc,marking  ] GC(2) Concurrent Scan Root Regions 3.585ms
[2024-02-23T08:12:56.391+0000][4616][gc,marking  ] GC(2) Concurrent Mark
[2024-02-23T08:12:56.391+0000][4616][gc,marking  ] GC(2) Concurrent Mark From Roots
[2024-02-23T08:12:56.391+0000][4616][gc,task     ] GC(2) Using 2 workers of 2 for marking
[2024-02-23T08:12:56.391+0000][4616][gc,marking  ] GC(2) Concurrent Mark From Roots 0.186ms
[2024-02-23T08:12:56.393+0000][4616][gc,marking  ] GC(2) Concurrent Preclean
[2024-02-23T08:12:56.410+0000][4616][safepoint   ] Safepoint "CollectForMetadataAllocation", Time since last: 20687200 ns, Reaching safepoint: 82100 ns, At safepoint: 33500 ns, Total: 115600 ns
[2024-02-23T08:12:56.411+0000][4616][gc,marking  ] GC(2) Concurrent Preclean 25.532ms
[2024-02-23T08:12:56.418+0000][4616][gc,start    ] GC(2) Pause Remark
[2024-02-23T08:12:56.421+0000][4616][gc          ] GC(2) Pause Remark 16M->16M(4040M) 2.717ms
[2024-02-23T08:12:56.421+0000][4616][gc,cpu      ] GC(2) User=0.00s Sys=0.00s Real=0.00s
[2024-02-23T08:12:56.421+0000][4616][safepoint   ] Safepoint "G1Concurrent", Time since last: 8789500 ns, Reaching safepoint: 70000 ns, At safepoint: 2785700 ns, Total: 2855700 ns
[2024-02-23T08:12:56.421+0000][4616][gc,marking  ] GC(2) Concurrent Mark 28.867ms
[2024-02-23T08:12:56.421+0000][4616][gc,marking  ] GC(2) Concurrent Rebuild Remembered Sets
[2024-02-23T08:12:56.421+0000][4616][gc,marking  ] GC(2) Concurrent Rebuild Remembered Sets 0.010ms
[2024-02-23T08:12:56.421+0000][4616][gc,start    ] GC(2) Pause Cleanup
[2024-02-23T08:12:56.421+0000][4616][gc          ] GC(2) Pause Cleanup 16M->16M(4040M) 0.022ms
[2024-02-23T08:12:56.421+0000][4616][gc,cpu      ] GC(2) User=0.00s Sys=0.00s Real=0.00s
[2024-02-23T08:12:56.421+0000][4616][safepoint   ] Safepoint "G1Concurrent", Time since last: 102700 ns, Reaching safepoint: 72000 ns, At safepoint: 52500 ns, Total: 124500 ns
[2024-02-23T08:12:56.421+0000][4616][gc,marking  ] GC(2) Concurrent Cleanup for Next Mark
[2024-02-23T08:12:56.423+0000][4616][gc,marking  ] GC(2) Concurrent Cleanup for Next Mark 4.534ms
[2024-02-23T08:12:56.423+0000][4616][gc          ] GC(2) Concurrent Mark Cycle 37.429ms
[2024-02-23T08:12:57.724+0000][4616][safepoint   ] Safepoint "ICBufferFull", Time since last: 1302767200 ns, Reaching safepoint: 264500 ns, At safepoint: 5400 ns, Total: 269900 ns
[2024-02-23T08:12:58.101+0000][4616][gc,start    ] GC(3) Pause Young (Normal) (G1 Evacuation Pause)
[2024-02-23T08:12:58.101+0000][4616][gc,task     ] GC(3) Using 8 workers of 8 for evacuation
[2024-02-23T08:12:58.101+0000][4616][gc,age      ] GC(3) Desired survivor size 14680064 bytes, new threshold 15 (max threshold 15)
[2024-02-23T08:12:58.109+0000][4616][gc,phases   ] GC(3)   Pre Evacuate Collection Set: 0.1ms
[2024-02-23T08:12:58.109+0000][4616][gc,phases   ] GC(3)   Merge Heap Roots: 0.1ms
[2024-02-23T08:12:58.109+0000][4616][gc,phases   ] GC(3)   Evacuate Collection Set: 7.4ms
[2024-02-23T08:12:58.109+0000][4616][gc,phases   ] GC(3)   Post Evacuate Collection Set: 0.8ms
[2024-02-23T08:12:58.109+0000][4616][gc,phases   ] GC(3)   Other: 0.1ms
[2024-02-23T08:12:58.109+0000][4616][gc,age      ] GC(3) Age table with threshold 15 (max threshold 15)
[2024-02-23T08:12:58.109+0000][4616][gc,age      ] GC(3) - age   1:    4482176 bytes,    4482176 total
[2024-02-23T08:12:58.109+0000][4616][gc,age      ] GC(3) - age   2:    2096000 bytes,    6578176 total
[2024-02-23T08:12:58.109+0000][4616][gc,age      ] GC(3) - age   3:   11345864 bytes,   17924040 total
[2024-02-23T08:12:58.109+0000][4616][gc,heap     ] GC(3) Eden regions: 46->0(60)
[2024-02-23T08:12:58.109+0000][4616][gc,heap     ] GC(3) Survivor regions: 4->5(7)
[2024-02-23T08:12:58.109+0000][4616][gc,heap     ] GC(3) Old regions: 0->0
[2024-02-23T08:12:58.109+0000][4616][gc,heap     ] GC(3) Archive regions: 0->0
[2024-02-23T08:12:58.109+0000][4616][gc,heap     ] GC(3) Humongous regions: 0->0
[2024-02-23T08:12:58.109+0000][4616][gc,metaspace] GC(3) Metaspace: 24329K(24896K)->24329K(24896K) NonClass: 21487K(21824K)->21487K(21824K) Class: 2841K(3072K)->2841K(3072K)
[2024-02-23T08:12:58.109+0000][4616][gc          ] GC(3) Pause Young (Normal) (G1 Evacuation Pause) 197M->18M(4040M) 8.621ms
[2024-02-23T08:12:58.109+0000][4616][gc,cpu      ] GC(3) User=0.00s Sys=0.00s Real=0.01s
[2024-02-23T08:12:58.109+0000][4616][safepoint   ] Safepoint "G1CollectForAllocation", Time since last: 375994700 ns, Reaching safepoint: 74400 ns, At safepoint: 8664800 ns, Total: 8739200 ns
[2024-02-23T08:12:59.116+0000][4616][safepoint   ] Safepoint "Cleanup", Time since last: 1006452300 ns, Reaching safepoint: 48700 ns, At safepoint: 4400 ns, Total: 53100 ns
[2024-02-23T08:13:00.123+0000][4616][safepoint   ] Safepoint "Cleanup", Time since last: 1007395100 ns, Reaching safepoint: 38300 ns, At safepoint: 4100 ns, Total: 42400 ns
[2024-02-23T08:13:01.345+0000][4616][gc,start    ] GC(4) Pause Young (Normal) (G1 Evacuation Pause)
[2024-02-23T08:13:01.345+0000][4616][gc,task     ] GC(4) Using 8 workers of 8 for evacuation
[2024-02-23T08:13:01.345+0000][4616][gc,age      ] GC(4) Desired survivor size 18874368 bytes, new threshold 15 (max threshold 15)
[2024-02-23T08:13:01.355+0000][4616][gc,phases   ] GC(4)   Pre Evacuate Collection Set: 0.2ms
[2024-02-23T08:13:01.355+0000][4616][gc,phases   ] GC(4)   Merge Heap Roots: 0.1ms
[2024-02-23T08:13:01.355+0000][4616][gc,phases   ] GC(4)   Evacuate Collection Set: 8.1ms
[2024-02-23T08:13:01.355+0000][4616][gc,phases   ] GC(4)   Post Evacuate Collection Set: 1.3ms
[2024-02-23T08:13:01.355+0000][4616][gc,phases   ] GC(4)   Other: 0.1ms
[2024-02-23T08:13:01.355+0000][4616][gc,age      ] GC(4) Age table with threshold 15 (max threshold 15)
[2024-02-23T08:13:01.355+0000][4616][gc,age      ] GC(4) - age   1:    3150344 bytes,    3150344 total
[2024-02-23T08:13:01.355+0000][4616][gc,age      ] GC(4) - age   2:    4078504 bytes,    7228848 total
[2024-02-23T08:13:01.355+0000][4616][gc,age      ] GC(4) - age   3:    2095648 bytes,    9324496 total
[2024-02-23T08:13:01.355+0000][4616][gc,age      ] GC(4) - age   4:   11345848 bytes,   20670344 total
[2024-02-23T08:13:01.355+0000][4616][gc,heap     ] GC(4) Eden regions: 60->0(600)
[2024-02-23T08:13:01.355+0000][4616][gc,heap     ] GC(4) Survivor regions: 5->6(9)
[2024-02-23T08:13:01.355+0000][4616][gc,heap     ] GC(4) Old regions: 0->0
[2024-02-23T08:13:01.355+0000][4616][gc,heap     ] GC(4) Archive regions: 0->0
[2024-02-23T08:13:01.355+0000][4616][gc,heap     ] GC(4) Humongous regions: 0->0
[2024-02-23T08:13:01.355+0000][4616][gc,metaspace] GC(4) Metaspace: 24876K(25472K)->24876K(25472K) NonClass: 21970K(22336K)->21970K(22336K) Class: 2906K(3136K)->2906K(3136K)
[2024-02-23T08:13:01.355+0000][4616][gc          ] GC(4) Pause Young (Normal) (G1 Evacuation Pause) 258M->20M(4040M) 9.989ms
[2024-02-23T08:13:01.355+0000][4616][gc,cpu      ] GC(4) User=0.00s Sys=0.00s Real=0.01s
[2024-02-23T08:13:01.355+0000][4616][safepoint   ] Safepoint "G1CollectForAllocation", Time since last: 1222092700 ns, Reaching safepoint: 180300 ns, At safepoint: 10050300 ns, Total: 10230600 ns
[2024-02-23T08:13:02.369+0000][4616][safepoint   ] Safepoint "Cleanup", Time since last: 1013730600 ns, Reaching safepoint: 58900 ns, At safepoint: 3700 ns, Total: 62600 ns
[2024-02-23T08:13:03.375+0000][4616][safepoint   ] Safepoint "Cleanup", Time since last: 1005824100 ns, Reaching safepoint: 71100 ns, At safepoint: 3400 ns, Total: 74500 ns
[2024-02-23T08:13:04.614+0000][4616][safepoint   ] Safepoint "Cleanup", Time since last: 1238462500 ns, Reaching safepoint: 340800 ns, At safepoint: 20600 ns, Total: 361400 ns
[2024-02-23T08:13:05.622+0000][4616][safepoint   ] Safepoint "Cleanup", Time since last: 1008284200 ns, Reaching safepoint: 106800 ns, At safepoint: 3800 ns, Total: 110600 ns
[2024-02-23T08:13:06.638+0000][4616][safepoint   ] Safepoint "Cleanup", Time since last: 1015321600 ns, Reaching safepoint: 75700 ns, At safepoint: 3300 ns, Total: 79000 ns
[2024-02-23T08:13:09.661+0000][4616][safepoint   ] Safepoint "Cleanup", Time since last: 3022722200 ns, Reaching safepoint: 180400 ns, At safepoint: 12700 ns, Total: 193100 ns
[2024-02-23T08:13:11.125+0000][4616][safepoint   ] Safepoint "Cleanup", Time since last: 1463650200 ns, Reaching safepoint: 104300 ns, At safepoint: 2200 ns, Total: 106500 ns
[2024-02-23T08:13:12.128+0000][4616][safepoint   ] Safepoint "Cleanup", Time since last: 1002887700 ns, Reaching safepoint: 75300 ns, At safepoint: 3100 ns, Total: 78400 ns
[2024-02-23T08:13:13.131+0000][4616][safepoint   ] Safepoint "Cleanup", Time since last: 1003170700 ns, Reaching safepoint: 91600 ns, At safepoint: 3600 ns, Total: 95200 ns
[2024-02-23T08:13:14.814+0000][4616][gc,start    ] GC(5) Pause Young (Concurrent Start) (Metadata GC Threshold)
[2024-02-23T08:13:14.814+0000][4616][gc,task     ] GC(5) Using 8 workers of 8 for evacuation
[2024-02-23T08:13:14.814+0000][4616][gc,age      ] GC(5) Desired survivor size 159383552 bytes, new threshold 15 (max threshold 15)
[2024-02-23T08:13:14.827+0000][4616][gc,phases   ] GC(5)   Pre Evacuate Collection Set: 0.3ms
[2024-02-23T08:13:14.827+0000][4616][gc,phases   ] GC(5)   Merge Heap Roots: 0.1ms
[2024-02-23T08:13:14.827+0000][4616][gc,phases   ] GC(5)   Evacuate Collection Set: 10.9ms
[2024-02-23T08:13:14.827+0000][4616][gc,phases   ] GC(5)   Post Evacuate Collection Set: 1.5ms
[2024-02-23T08:13:14.827+0000][4616][gc,phases   ] GC(5)   Other: 0.0ms
[2024-02-23T08:13:14.827+0000][4616][gc,age      ] GC(5) Age table with threshold 15 (max threshold 15)
[2024-02-23T08:13:14.827+0000][4616][gc,age      ] GC(5) - age   1:    9224544 bytes,    9224544 total
[2024-02-23T08:13:14.827+0000][4616][gc,age      ] GC(5) - age   2:    2406632 bytes,   11631176 total
[2024-02-23T08:13:14.827+0000][4616][gc,age      ] GC(5) - age   3:    4048808 bytes,   15679984 total
[2024-02-23T08:13:14.827+0000][4616][gc,age      ] GC(5) - age   4:    2078696 bytes,   17758680 total
[2024-02-23T08:13:14.827+0000][4616][gc,age      ] GC(5) - age   5:   11026528 bytes,   28785208 total
[2024-02-23T08:13:14.827+0000][4616][gc,heap     ] GC(5) Eden regions: 175->0(598)
[2024-02-23T08:13:14.827+0000][4616][gc,heap     ] GC(5) Survivor regions: 6->8(76)
[2024-02-23T08:13:14.827+0000][4616][gc,heap     ] GC(5) Old regions: 0->0
[2024-02-23T08:13:14.827+0000][4616][gc,heap     ] GC(5) Archive regions: 0->0
[2024-02-23T08:13:14.827+0000][4616][gc,heap     ] GC(5) Humongous regions: 0->0
[2024-02-23T08:13:14.827+0000][4616][gc,metaspace] GC(5) Metaspace: 35664K(36480K)->35664K(36480K) NonClass: 31424K(31936K)->31424K(31936K) Class: 4240K(4544K)->4240K(4544K)
[2024-02-23T08:13:14.827+0000][4616][gc          ] GC(5) Pause Young (Concurrent Start) (Metadata GC Threshold) 720M->28M(4040M) 13.031ms
[2024-02-23T08:13:14.827+0000][4616][gc          ] GC(6) Concurrent Mark Cycle
[2024-02-23T08:13:14.827+0000][4616][gc,cpu      ] GC(5) User=0.00s Sys=0.00s Real=0.01s
[2024-02-23T08:13:14.827+0000][4616][gc,marking  ] GC(6) Concurrent Clear Claimed Marks
[2024-02-23T08:13:14.827+0000][4616][gc,marking  ] GC(6) Concurrent Clear Claimed Marks 0.053ms
[2024-02-23T08:13:14.827+0000][4616][gc,marking  ] GC(6) Concurrent Scan Root Regions
[2024-02-23T08:13:14.827+0000][4616][safepoint   ] Safepoint "CollectForMetadataAllocation", Time since last: 1683159000 ns, Reaching safepoint: 105600 ns, At safepoint: 13201100 ns, Total: 13306700 ns
[2024-02-23T08:13:14.833+0000][4616][gc,marking  ] GC(6) Concurrent Scan Root Regions 6.714ms
[2024-02-23T08:13:14.833+0000][4616][gc,marking  ] GC(6) Concurrent Mark
[2024-02-23T08:13:14.833+0000][4616][gc,marking  ] GC(6) Concurrent Mark From Roots
[2024-02-23T08:13:14.833+0000][4616][gc,task     ] GC(6) Using 2 workers of 2 for marking
[2024-02-23T08:13:14.833+0000][4616][gc,marking  ] GC(6) Concurrent Mark From Roots 0.176ms
[2024-02-23T08:13:14.834+0000][4616][gc,marking  ] GC(6) Concurrent Preclean
[2024-02-23T08:13:14.834+0000][4616][gc,marking  ] GC(6) Concurrent Preclean 0.010ms
[2024-02-23T08:13:14.834+0000][4616][gc,start    ] GC(6) Pause Remark
[2024-02-23T08:13:14.836+0000][4616][gc          ] GC(6) Pause Remark 30M->30M(4040M) 2.388ms
[2024-02-23T08:13:14.836+0000][4616][gc,cpu      ] GC(6) User=0.00s Sys=0.00s Real=0.00s
[2024-02-23T08:13:14.836+0000][4616][safepoint   ] Safepoint "G1Concurrent", Time since last: 6948800 ns, Reaching safepoint: 51400 ns, At safepoint: 2447800 ns, Total: 2499200 ns
[2024-02-23T08:13:14.836+0000][4616][gc,marking  ] GC(6) Concurrent Mark 2.792ms
[2024-02-23T08:13:14.836+0000][4616][gc,marking  ] GC(6) Concurrent Rebuild Remembered Sets
[2024-02-23T08:13:14.836+0000][4616][gc,marking  ] GC(6) Concurrent Rebuild Remembered Sets 0.013ms
[2024-02-23T08:13:14.836+0000][4616][gc,start    ] GC(6) Pause Cleanup
[2024-02-23T08:13:14.836+0000][4616][gc          ] GC(6) Pause Cleanup 30M->30M(4040M) 0.040ms
[2024-02-23T08:13:14.836+0000][4616][gc,cpu      ] GC(6) User=0.00s Sys=0.00s Real=0.00s
[2024-02-23T08:13:14.836+0000][4616][safepoint   ] Safepoint "G1Concurrent", Time since last: 105900 ns, Reaching safepoint: 90300 ns, At safepoint: 79300 ns, Total: 169600 ns
[2024-02-23T08:13:14.836+0000][4616][gc,marking  ] GC(6) Concurrent Cleanup for Next Mark
[2024-02-23T08:13:14.844+0000][4616][gc,marking  ] GC(6) Concurrent Cleanup for Next Mark 7.255ms
[2024-02-23T08:13:14.844+0000][4616][gc          ] GC(6) Concurrent Mark Cycle 17.261ms
[2024-02-23T08:13:15.843+0000][4616][safepoint   ] Safepoint "Cleanup", Time since last: 1005461400 ns, Reaching safepoint: 95100 ns, At safepoint: 38400 ns, Total: 133500 ns
[2024-02-23T08:13:16.845+0000][4616][safepoint   ] Safepoint "Cleanup", Time since last: 1002713100 ns, Reaching safepoint: 247100 ns, At safepoint: 29700 ns, Total: 276800 ns
[2024-02-23T08:13:17.855+0000][4616][safepoint   ] Safepoint "Cleanup", Time since last: 1009022800 ns, Reaching safepoint: 335700 ns, At safepoint: 44900 ns, Total: 380600 ns
[2024-02-23T08:13:18.998+0000][4616][safepoint   ] Safepoint "Cleanup", Time since last: 1143064100 ns, Reaching safepoint: 180200 ns, At safepoint: 5700 ns, Total: 185900 ns
[2024-02-23T08:13:20.005+0000][4616][safepoint   ] Safepoint "Cleanup", Time since last: 1006638100 ns, Reaching safepoint: 98500 ns, At safepoint: 7200 ns, Total: 105700 ns
[2024-02-23T08:13:23.024+0000][4616][safepoint   ] Safepoint "Cleanup", Time since last: 3019030000 ns, Reaching safepoint: 77900 ns, At safepoint: 4800 ns, Total: 82700 ns
[2024-02-23T08:13:24.842+0000][4616][safepoint   ] Safepoint "Cleanup", Time since last: 1818225900 ns, Reaching safepoint: 874800 ns, At safepoint: 8200 ns, Total: 883000 ns
[2024-02-23T08:13:26.708+0000][4616][gc,start    ] GC(7) Pause Young (Concurrent Start) (Metadata GC Threshold)
[2024-02-23T08:13:26.708+0000][4616][gc,task     ] GC(7) Using 8 workers of 8 for evacuation
[2024-02-23T08:13:26.708+0000][4616][gc,age      ] GC(7) Desired survivor size 159383552 bytes, new threshold 15 (max threshold 15)
[2024-02-23T08:13:26.737+0000][4616][gc,phases   ] GC(7)   Pre Evacuate Collection Set: 0.2ms
[2024-02-23T08:13:26.737+0000][4616][gc,phases   ] GC(7)   Merge Heap Roots: 0.1ms
[2024-02-23T08:13:26.737+0000][4616][gc,phases   ] GC(7)   Evacuate Collection Set: 26.5ms
[2024-02-23T08:13:26.737+0000][4616][gc,phases   ] GC(7)   Post Evacuate Collection Set: 2.4ms
[2024-02-23T08:13:26.737+0000][4616][gc,phases   ] GC(7)   Other: 0.1ms
[2024-02-23T08:13:26.737+0000][4616][gc,age      ] GC(7) Age table with threshold 15 (max threshold 15)
[2024-02-23T08:13:26.737+0000][4616][gc,age      ] GC(7) - age   1:   24402976 bytes,   24402976 total
[2024-02-23T08:13:26.737+0000][4616][gc,age      ] GC(7) - age   2:    9013656 bytes,   33416632 total
[2024-02-23T08:13:26.737+0000][4616][gc,age      ] GC(7) - age   3:    2402024 bytes,   35818656 total
[2024-02-23T08:13:26.737+0000][4616][gc,age      ] GC(7) - age   4:    4031400 bytes,   39850056 total
[2024-02-23T08:13:26.737+0000][4616][gc,age      ] GC(7) - age   5:    2072032 bytes,   41922088 total
[2024-02-23T08:13:26.737+0000][4616][gc,age      ] GC(7) - age   6:   10969496 bytes,   52891584 total
[2024-02-23T08:13:26.737+0000][4616][gc,heap     ] GC(7) Eden regions: 109->0(159)
[2024-02-23T08:13:26.737+0000][4616][gc,heap     ] GC(7) Survivor regions: 8->13(76)
[2024-02-23T08:13:26.737+0000][4616][gc,heap     ] GC(7) Old regions: 0->0
[2024-02-23T08:13:26.737+0000][4616][gc,heap     ] GC(7) Archive regions: 0->0
[2024-02-23T08:13:26.737+0000][4616][gc,heap     ] GC(7) Humongous regions: 0->0
[2024-02-23T08:13:26.737+0000][4616][gc,metaspace] GC(7) Metaspace: 59668K(61056K)->59668K(61056K) NonClass: 52019K(52864K)->52019K(52864K) Class: 7648K(8192K)->7648K(8192K)
[2024-02-23T08:13:26.737+0000][4616][gc          ] GC(7) Pause Young (Concurrent Start) (Metadata GC Threshold) 462M->52M(4040M) 29.566ms
[2024-02-23T08:13:26.737+0000][4616][gc          ] GC(8) Concurrent Mark Cycle
[2024-02-23T08:13:26.737+0000][4616][gc,cpu      ] GC(7) User=0.11s Sys=0.00s Real=0.03s
[2024-02-23T08:13:26.737+0000][4616][gc,marking  ] GC(8) Concurrent Clear Claimed Marks
[2024-02-23T08:13:26.737+0000][4616][safepoint   ] Safepoint "CollectForMetadataAllocation", Time since last: 1864792300 ns, Reaching safepoint: 131400 ns, At safepoint: 29744300 ns, Total: 29875700 ns
[2024-02-23T08:13:26.737+0000][4616][gc,marking  ] GC(8) Concurrent Clear Claimed Marks 0.132ms
[2024-02-23T08:13:26.737+0000][4616][gc,marking  ] GC(8) Concurrent Scan Root Regions
[2024-02-23T08:13:26.755+0000][4616][gc,marking  ] GC(8) Concurrent Scan Root Regions 19.139ms
[2024-02-23T08:13:26.757+0000][4616][gc,marking  ] GC(8) Concurrent Mark
[2024-02-23T08:13:26.757+0000][4616][gc,marking  ] GC(8) Concurrent Mark From Roots
[2024-02-23T08:13:26.757+0000][4616][gc,task     ] GC(8) Using 2 workers of 2 for marking
[2024-02-23T08:13:26.757+0000][4616][gc,marking  ] GC(8) Concurrent Mark From Roots 0.190ms
[2024-02-23T08:13:26.757+0000][4616][gc,marking  ] GC(8) Concurrent Preclean
[2024-02-23T08:13:26.757+0000][4616][gc,marking  ] GC(8) Concurrent Preclean 0.010ms
[2024-02-23T08:13:26.757+0000][4616][gc,start    ] GC(8) Pause Remark
[2024-02-23T08:13:26.760+0000][4616][gc          ] GC(8) Pause Remark 56M->56M(4040M) 2.350ms
[2024-02-23T08:13:26.760+0000][4616][gc,cpu      ] GC(8) User=0.00s Sys=0.00s Real=0.00s
[2024-02-23T08:13:26.760+0000][4616][safepoint   ] Safepoint "G1Concurrent", Time since last: 19470900 ns, Reaching safepoint: 27800 ns, At safepoint: 2453100 ns, Total: 2480900 ns
[2024-02-23T08:13:26.760+0000][4616][gc,marking  ] GC(8) Concurrent Mark 2.781ms
[2024-02-23T08:13:26.760+0000][4616][gc,marking  ] GC(8) Concurrent Rebuild Remembered Sets
[2024-02-23T08:13:26.760+0000][4616][gc,marking  ] GC(8) Concurrent Rebuild Remembered Sets 0.009ms
[2024-02-23T08:13:26.760+0000][4616][gc,start    ] GC(8) Pause Cleanup
[2024-02-23T08:13:26.760+0000][4616][gc          ] GC(8) Pause Cleanup 56M->56M(4040M) 0.038ms
[2024-02-23T08:13:26.760+0000][4616][gc,cpu      ] GC(8) User=0.00s Sys=0.00s Real=0.00s
[2024-02-23T08:13:26.760+0000][4616][safepoint   ] Safepoint "G1Concurrent", Time since last: 99600 ns, Reaching safepoint: 298100 ns, At safepoint: 69500 ns, Total: 367600 ns
[2024-02-23T08:13:26.760+0000][4616][gc,marking  ] GC(8) Concurrent Cleanup for Next Mark
[2024-02-23T08:13:26.770+0000][4616][gc,marking  ] GC(8) Concurrent Cleanup for Next Mark 9.313ms
[2024-02-23T08:13:26.770+0000][4616][gc          ] GC(8) Concurrent Mark Cycle 32.054ms
[2024-02-23T08:13:27.774+0000][4616][safepoint   ] Safepoint "Cleanup", Time since last: 1013661600 ns, Reaching safepoint: 120900 ns, At safepoint: 25500 ns, Total: 146400 ns
[2024-02-23T08:13:28.831+0000][4616][safepoint   ] Safepoint "Cleanup", Time since last: 1058247200 ns, Reaching safepoint: 58200 ns, At safepoint: 30300 ns, Total: 88500 ns
[2024-02-23T08:13:29.462+0000][4616][safepoint   ] Safepoint "ICBufferFull", Time since last: 630232700 ns, Reaching safepoint: 172600 ns, At safepoint: 3300 ns, Total: 175900 ns
[2024-02-23T08:13:31.094+0000][4616][safepoint   ] Safepoint "Cleanup", Time since last: 1631613500 ns, Reaching safepoint: 775700 ns, At safepoint: 11200 ns, Total: 786900 ns
[2024-02-23T08:13:32.100+0000][4616][safepoint   ] Safepoint "Cleanup", Time since last: 1005211600 ns, Reaching safepoint: 191700 ns, At safepoint: 6000 ns, Total: 197700 ns
[2024-02-23T08:13:33.103+0000][4616][safepoint   ] Safepoint "Cleanup", Time since last: 1002528100 ns, Reaching safepoint: 319200 ns, At safepoint: 26100 ns, Total: 345300 ns
[2024-02-23T08:13:34.027+0000][4616][safepoint   ] Safepoint "ICBufferFull", Time since last: 924011800 ns, Reaching safepoint: 186300 ns, At safepoint: 33700 ns, Total: 220000 ns
[2024-02-23T08:13:34.628+0000][4616][gc,start    ] GC(9) Pause Young (Concurrent Start) (Metadata GC Threshold)
[2024-02-23T08:13:34.628+0000][4616][gc,task     ] GC(9) Using 8 workers of 8 for evacuation
[2024-02-23T08:13:34.628+0000][4616][gc,age      ] GC(9) Desired survivor size 46137344 bytes, new threshold 6 (max threshold 15)
[2024-02-23T08:13:34.673+0000][4616][gc,phases   ] GC(9)   Pre Evacuate Collection Set: 0.3ms
[2024-02-23T08:13:34.673+0000][4616][gc,phases   ] GC(9)   Merge Heap Roots: 0.1ms
[2024-02-23T08:13:34.673+0000][4616][gc,phases   ] GC(9)   Evacuate Collection Set: 41.3ms
[2024-02-23T08:13:34.673+0000][4616][gc,phases   ] GC(9)   Post Evacuate Collection Set: 2.8ms
[2024-02-23T08:13:34.673+0000][4616][gc,phases   ] GC(9)   Other: 0.1ms
[2024-02-23T08:13:34.673+0000][4616][gc,age      ] GC(9) Age table with threshold 6 (max threshold 15)
[2024-02-23T08:13:34.673+0000][4616][gc,age      ] GC(9) - age   1:   17141024 bytes,   17141024 total
[2024-02-23T08:13:34.673+0000][4616][gc,age      ] GC(9) - age   2:   23813624 bytes,   40954648 total
[2024-02-23T08:13:34.673+0000][4616][gc,age      ] GC(9) - age   3:    8953336 bytes,   49907984 total
[2024-02-23T08:13:34.673+0000][4616][gc,age      ] GC(9) - age   4:    2394608 bytes,   52302592 total
[2024-02-23T08:13:34.673+0000][4616][gc,age      ] GC(9) - age   5:    4017872 bytes,   56320464 total
[2024-02-23T08:13:34.673+0000][4616][gc,age      ] GC(9) - age   6:    2066648 bytes,   58387112 total
[2024-02-23T08:13:34.673+0000][4616][gc,heap     ] GC(9) Eden regions: 118->0(121)
[2024-02-23T08:13:34.673+0000][4616][gc,heap     ] GC(9) Survivor regions: 13->15(22)
[2024-02-23T08:13:34.673+0000][4616][gc,heap     ] GC(9) Old regions: 0->3
[2024-02-23T08:13:34.673+0000][4616][gc,heap     ] GC(9) Archive regions: 0->0
[2024-02-23T08:13:34.673+0000][4616][gc,heap     ] GC(9) Humongous regions: 0->0
[2024-02-23T08:13:34.673+0000][4616][gc,metaspace] GC(9) Metaspace: 99481K(102336K)->99481K(102336K) NonClass: 86022K(87488K)->86022K(87488K) Class: 13458K(14848K)->13458K(14848K)
[2024-02-23T08:13:34.673+0000][4616][gc          ] GC(9) Pause Young (Concurrent Start) (Metadata GC Threshold) 522M->70M(4040M) 45.043ms
[2024-02-23T08:13:34.673+0000][4616][gc          ] GC(10) Concurrent Mark Cycle
[2024-02-23T08:13:34.673+0000][4616][gc,cpu      ] GC(9) User=0.27s Sys=0.02s Real=0.05s
[2024-02-23T08:13:34.673+0000][4616][gc,marking  ] GC(10) Concurrent Clear Claimed Marks
[2024-02-23T08:13:34.673+0000][4616][safepoint   ] Safepoint "CollectForMetadataAllocation", Time since last: 600087200 ns, Reaching safepoint: 324500 ns, At safepoint: 45237500 ns, Total: 45562000 ns
[2024-02-23T08:13:34.673+0000][4616][gc,marking  ] GC(10) Concurrent Clear Claimed Marks 0.246ms
[2024-02-23T08:13:34.673+0000][4616][gc,marking  ] GC(10) Concurrent Scan Root Regions
[2024-02-23T08:13:34.701+0000][4616][gc,marking  ] GC(10) Concurrent Scan Root Regions 27.144ms
[2024-02-23T08:13:34.701+0000][4616][gc,marking  ] GC(10) Concurrent Mark
[2024-02-23T08:13:34.701+0000][4616][gc,marking  ] GC(10) Concurrent Mark From Roots
[2024-02-23T08:13:34.701+0000][4616][gc,task     ] GC(10) Using 2 workers of 2 for marking
[2024-02-23T08:13:34.701+0000][4616][gc,marking  ] GC(10) Concurrent Mark From Roots 0.194ms
[2024-02-23T08:13:34.701+0000][4616][gc,marking  ] GC(10) Concurrent Preclean
[2024-02-23T08:13:34.701+0000][4616][gc,marking  ] GC(10) Concurrent Preclean 0.009ms
[2024-02-23T08:13:34.701+0000][4616][gc,start    ] GC(10) Pause Remark
[2024-02-23T08:13:34.704+0000][4616][gc          ] GC(10) Pause Remark 74M->74M(4040M) 2.798ms
[2024-02-23T08:13:34.704+0000][4616][gc,cpu      ] GC(10) User=0.02s Sys=0.00s Real=0.00s
[2024-02-23T08:13:34.704+0000][4616][safepoint   ] Safepoint "G1Concurrent", Time since last: 27612700 ns, Reaching safepoint: 85000 ns, At safepoint: 2902100 ns, Total: 2987100 ns
[2024-02-23T08:13:34.704+0000][4616][gc,marking  ] GC(10) Concurrent Mark 3.258ms
[2024-02-23T08:13:34.704+0000][4616][gc,marking  ] GC(10) Concurrent Rebuild Remembered Sets
[2024-02-23T08:13:34.756+0000][4616][gc,marking  ] GC(10) Concurrent Rebuild Remembered Sets 52.373ms
[2024-02-23T08:13:34.757+0000][4616][gc,start    ] GC(10) Pause Cleanup
[2024-02-23T08:13:34.757+0000][4616][gc          ] GC(10) Pause Cleanup 76M->76M(4040M) 0.470ms
[2024-02-23T08:13:34.757+0000][4616][gc,cpu      ] GC(10) User=0.00s Sys=0.00s Real=0.00s
[2024-02-23T08:13:34.757+0000][4616][safepoint   ] Safepoint "G1Concurrent", Time since last: 52705100 ns, Reaching safepoint: 156300 ns, At safepoint: 596600 ns, Total: 752900 ns
[2024-02-23T08:13:34.757+0000][4616][gc,marking  ] GC(10) Concurrent Cleanup for Next Mark
[2024-02-23T08:13:34.762+0000][4616][gc,marking  ] GC(10) Concurrent Cleanup for Next Mark 9.278ms
[2024-02-23T08:13:34.762+0000][4616][gc          ] GC(10) Concurrent Mark Cycle 93.565ms
[2024-02-23T08:13:35.492+0000][4616][safepoint   ] Safepoint "ICBufferFull", Time since last: 734638900 ns, Reaching safepoint: 131400 ns, At safepoint: 8800 ns, Total: 140200 ns
[2024-02-23T08:13:35.652+0000][4616][safepoint   ] Safepoint "ICBufferFull", Time since last: 159681600 ns, Reaching safepoint: 176600 ns, At safepoint: 8400 ns, Total: 185000 ns
[2024-02-23T08:13:36.571+0000][4616][safepoint   ] Safepoint "ICBufferFull", Time since last: 919166300 ns, Reaching safepoint: 283900 ns, At safepoint: 15800 ns, Total: 299700 ns
[2024-02-23T08:13:36.571+0000][4616][safepoint   ] Safepoint "ICBufferFull", Time since last: 75200 ns, Reaching safepoint: 122000 ns, At safepoint: 48700 ns, Total: 170700 ns
[2024-02-23T08:13:36.571+0000][4616][safepoint   ] Safepoint "ICBufferFull", Time since last: 40800 ns, Reaching safepoint: 86500 ns, At safepoint: 59200 ns, Total: 145700 ns
[2024-02-23T08:13:36.571+0000][4616][safepoint   ] Safepoint "ICBufferFull", Time since last: 31500 ns, Reaching safepoint: 50200 ns, At safepoint: 52900 ns, Total: 103100 ns
[2024-02-23T08:13:37.407+0000][4616][safepoint   ] Safepoint "ICBufferFull", Time since last: 835130600 ns, Reaching safepoint: 294800 ns, At safepoint: 65000 ns, Total: 359800 ns
[2024-02-23T08:13:37.851+0000][4616][safepoint   ] Safepoint "ICBufferFull", Time since last: 443839000 ns, Reaching safepoint: 192500 ns, At safepoint: 48100 ns, Total: 240600 ns
[2024-02-23T08:13:39.089+0000][4616][safepoint   ] Safepoint "Cleanup", Time since last: 1237593500 ns, Reaching safepoint: 129100 ns, At safepoint: 17200 ns, Total: 146300 ns
[2024-02-23T08:13:40.348+0000][4616][safepoint   ] Safepoint "Cleanup", Time since last: 1258777500 ns, Reaching safepoint: 144000 ns, At safepoint: 14200 ns, Total: 158200 ns
[2024-02-23T08:13:41.370+0000][4616][safepoint   ] Safepoint "Cleanup", Time since last: 1021296200 ns, Reaching safepoint: 378800 ns, At safepoint: 85700 ns, Total: 464500 ns
[2024-02-23T08:13:42.633+0000][4616][safepoint   ] Safepoint "Cleanup", Time since last: 1263167900 ns, Reaching safepoint: 288100 ns, At safepoint: 34900 ns, Total: 323000 ns
[2024-02-23T08:13:43.636+0000][4616][safepoint   ] Safepoint "Cleanup", Time since last: 1002770100 ns, Reaching safepoint: 206000 ns, At safepoint: 27800 ns, Total: 233800 ns
[2024-02-23T08:13:44.636+0000][4616][safepoint   ] Safepoint "Cleanup", Time since last: 1000412400 ns, Reaching safepoint: 538200 ns, At safepoint: 45900 ns, Total: 584100 ns
[2024-02-23T08:13:45.650+0000][4616][safepoint   ] Safepoint "Cleanup", Time since last: 1012356700 ns, Reaching safepoint: 88200 ns, At safepoint: 4900 ns, Total: 93100 ns
[2024-02-23T08:13:46.657+0000][4616][safepoint   ] Safepoint "Cleanup", Time since last: 1006948800 ns, Reaching safepoint: 128200 ns, At safepoint: 12700 ns, Total: 140900 ns
[2024-02-23T08:13:47.784+0000][4616][safepoint   ] Safepoint "Cleanup", Time since last: 1047672000 ns, Reaching safepoint: 80115900 ns, At safepoint: 127900 ns, Total: 80243800 ns
[2024-02-23T08:13:48.799+0000][4616][safepoint   ] Safepoint "Cleanup", Time since last: 1013504500 ns, Reaching safepoint: 198800 ns, At safepoint: 467000 ns, Total: 665800 ns
[2024-02-23T08:13:50.139+0000][4616][safepoint   ] Safepoint "Cleanup", Time since last: 1339521600 ns, Reaching safepoint: 368600 ns, At safepoint: 17400 ns, Total: 386000 ns
[2024-02-23T08:13:52.141+0000][4616][safepoint   ] Safepoint "Cleanup", Time since last: 2001869300 ns, Reaching safepoint: 183400 ns, At safepoint: 8400 ns, Total: 191800 ns
[2024-02-23T08:13:53.185+0000][4616][safepoint   ] Safepoint "Cleanup", Time since last: 1000259400 ns, Reaching safepoint: 43611800 ns, At safepoint: 63700 ns, Total: 43675500 ns
[2024-02-23T08:13:54.187+0000][4616][safepoint   ] Safepoint "Cleanup", Time since last: 1002208700 ns, Reaching safepoint: 74400 ns, At safepoint: 7500 ns, Total: 81900 ns
[2024-02-23T08:13:55.220+0000][4616][safepoint   ] Safepoint "Cleanup", Time since last: 1010491100 ns, Reaching safepoint: 22849200 ns, At safepoint: 78100 ns, Total: 22927300 ns
[2024-02-23T08:13:56.239+0000][4616][safepoint   ] Safepoint "Cleanup", Time since last: 1000724100 ns, Reaching safepoint: 17247800 ns, At safepoint: 119500 ns, Total: 17367300 ns
[2024-02-23T08:13:57.292+0000][4616][safepoint   ] Safepoint "Cleanup", Time since last: 1020438600 ns, Reaching safepoint: 33253000 ns, At safepoint: 93600 ns, Total: 33346600 ns
[2024-02-23T08:13:59.305+0000][4616][safepoint   ] Safepoint "Cleanup", Time since last: 2011836600 ns, Reaching safepoint: 268200 ns, At safepoint: 28800 ns, Total: 297000 ns
[2024-02-23T08:14:00.361+0000][4616][safepoint   ] Safepoint "Cleanup", Time since last: 1015102400 ns, Reaching safepoint: 41277200 ns, At safepoint: 62500 ns, Total: 41339700 ns
[2024-02-23T08:14:01.418+0000][4616][safepoint   ] Safepoint "Cleanup", Time since last: 1008868500 ns, Reaching safepoint: 47412900 ns, At safepoint: 34100 ns, Total: 47447000 ns
[2024-02-23T08:14:02.478+0000][4616][safepoint   ] Safepoint "Cleanup", Time since last: 1008144300 ns, Reaching safepoint: 51865100 ns, At safepoint: 55200 ns, Total: 51920300 ns
[2024-02-23T08:14:03.515+0000][4616][safepoint   ] Safepoint "Cleanup", Time since last: 1009565000 ns, Reaching safepoint: 27456300 ns, At safepoint: 91600 ns, Total: 27547900 ns
[2024-02-23T08:14:04.704+0000][4616][safepoint   ] Safepoint "Cleanup", Time since last: 1022439700 ns, Reaching safepoint: 167082000 ns, At safepoint: 78500 ns, Total: 167160500 ns
[2024-02-23T08:14:05.714+0000][4616][safepoint   ] Safepoint "Cleanup", Time since last: 1009984900 ns, Reaching safepoint: 97500 ns, At safepoint: 62300 ns, Total: 159800 ns
[2024-02-23T08:14:07.767+0000][4616][safepoint   ] Safepoint "Cleanup", Time since last: 2005291000 ns, Reaching safepoint: 47023200 ns, At safepoint: 232000 ns, Total: 47255200 ns
[2024-02-23T08:14:08.770+0000][4616][safepoint   ] Safepoint "Cleanup", Time since last: 1002738400 ns, Reaching safepoint: 256400 ns, At safepoint: 89800 ns, Total: 346200 ns
[2024-02-23T08:14:09.719+0000][4616][gc,start    ] GC(11) Pause Young (Normal) (G1 Evacuation Pause)
[2024-02-23T08:14:09.719+0000][4616][gc,task     ] GC(11) Using 8 workers of 8 for evacuation
[2024-02-23T08:14:09.719+0000][4616][gc,age      ] GC(11) Desired survivor size 44040192 bytes, new threshold 3 (max threshold 15)
[2024-02-23T08:14:09.797+0000][4616][gc,phases   ] GC(11)   Pre Evacuate Collection Set: 0.5ms
[2024-02-23T08:14:09.797+0000][4616][gc,phases   ] GC(11)   Merge Heap Roots: 0.4ms
[2024-02-23T08:14:09.797+0000][4616][gc,phases   ] GC(11)   Evacuate Collection Set: 73.1ms
[2024-02-23T08:14:09.797+0000][4616][gc,phases   ] GC(11)   Post Evacuate Collection Set: 4.1ms
[2024-02-23T08:14:09.797+0000][4616][gc,phases   ] GC(11)   Other: 0.4ms
[2024-02-23T08:14:09.797+0000][4616][gc,age      ] GC(11) Age table with threshold 3 (max threshold 15)
[2024-02-23T08:14:09.797+0000][4616][gc,age      ] GC(11) - age   1:   30278496 bytes,   30278496 total
[2024-02-23T08:14:09.797+0000][4616][gc,age      ] GC(11) - age   2:   16540936 bytes,   46819432 total
[2024-02-23T08:14:09.797+0000][4616][gc,age      ] GC(11) - age   3:   23648984 bytes,   70468416 total
[2024-02-23T08:14:09.797+0000][4616][gc,heap     ] GC(11) Eden regions: 149->0(166)
[2024-02-23T08:14:09.797+0000][4616][gc,heap     ] GC(11) Survivor regions: 15->18(21)
[2024-02-23T08:14:09.797+0000][4616][gc,heap     ] GC(11) Old regions: 3->8
[2024-02-23T08:14:09.797+0000][4616][gc,heap     ] GC(11) Archive regions: 0->0
[2024-02-23T08:14:09.797+0000][4616][gc,heap     ] GC(11) Humongous regions: 2->2
[2024-02-23T08:14:09.797+0000][4616][gc,metaspace] GC(11) Metaspace: 117254K(120384K)->117254K(120384K) NonClass: 101288K(102912K)->101288K(102912K) Class: 15966K(17472K)->15966K(17472K)
[2024-02-23T08:14:09.797+0000][4616][gc          ] GC(11) Pause Young (Normal) (G1 Evacuation Pause) 674M->108M(4040M) 78.983ms
[2024-02-23T08:14:09.797+0000][4616][gc,cpu      ] GC(11) User=0.59s Sys=0.03s Real=0.08s
[2024-02-23T08:14:09.797+0000][4616][safepoint   ] Safepoint "G1CollectForAllocation", Time since last: 956503500 ns, Reaching safepoint: 148400 ns, At safepoint: 79216600 ns, Total: 79365000 ns
[2024-02-23T08:14:10.856+0000][4616][safepoint   ] Safepoint "Cleanup", Time since last: 1004739300 ns, Reaching safepoint: 45377400 ns, At safepoint: 106800 ns, Total: 45484200 ns
[2024-02-23T08:14:11.862+0000][4616][safepoint   ] Safepoint "Cleanup", Time since last: 1005726000 ns, Reaching safepoint: 142500 ns, At safepoint: 19600 ns, Total: 162100 ns
[2024-02-23T08:14:12.862+0000][4616][safepoint   ] Safepoint "Cleanup", Time since last: 1000120300 ns, Reaching safepoint: 233700 ns, At safepoint: 41500 ns, Total: 275200 ns
[2024-02-23T08:14:13.964+0000][4616][safepoint   ] Safepoint "Cleanup", Time since last: 1068547200 ns, Reaching safepoint: 33438500 ns, At safepoint: 117400 ns, Total: 33555900 ns
[2024-02-23T08:14:14.976+0000][4616][safepoint   ] Safepoint "Cleanup", Time since last: 1011347100 ns, Reaching safepoint: 179400 ns, At safepoint: 22300 ns, Total: 201700 ns
[2024-02-23T08:14:16.006+0000][4616][safepoint   ] Safepoint "Cleanup", Time since last: 1011163400 ns, Reaching safepoint: 19683800 ns, At safepoint: 115900 ns, Total: 19799700 ns
[2024-02-23T08:14:17.058+0000][4616][safepoint   ] Safepoint "Cleanup", Time since last: 1050436100 ns, Reaching safepoint: 200400 ns, At safepoint: 42000 ns, Total: 242400 ns
[2024-02-23T08:14:18.092+0000][4616][safepoint   ] Safepoint "Cleanup", Time since last: 1006236200 ns, Reaching safepoint: 28348400 ns, At safepoint: 73600 ns, Total: 28422000 ns
[2024-02-23T08:14:19.103+0000][4616][safepoint   ] Safepoint "Cleanup", Time since last: 1010451400 ns, Reaching safepoint: 180900 ns, At safepoint: 93800 ns, Total: 274700 ns
[2024-02-23T08:14:20.111+0000][4616][safepoint   ] Safepoint "Cleanup", Time since last: 1008082100 ns, Reaching safepoint: 71700 ns, At safepoint: 40500 ns, Total: 112200 ns
[2024-02-23T08:14:21.121+0000][4616][safepoint   ] Safepoint "Cleanup", Time since last: 1009366500 ns, Reaching safepoint: 185000 ns, At safepoint: 43400 ns, Total: 228400 ns
[2024-02-23T08:14:22.154+0000][4616][safepoint   ] Safepoint "Cleanup", Time since last: 1011904200 ns, Reaching safepoint: 21163500 ns, At safepoint: 51600 ns, Total: 21215100 ns
[2024-02-23T08:14:23.169+0000][4616][safepoint   ] Safepoint "Cleanup", Time since last: 1007602600 ns, Reaching safepoint: 7046200 ns, At safepoint: 93700 ns, Total: 7139900 ns
[2024-02-23T08:14:24.169+0000][4616][safepoint   ] Safepoint "Cleanup", Time since last: 1000329800 ns, Reaching safepoint: 90700 ns, At safepoint: 24700 ns, Total: 115400 ns
[2024-02-23T08:14:25.190+0000][4616][safepoint   ] Safepoint "Cleanup", Time since last: 1004905600 ns, Reaching safepoint: 15700400 ns, At safepoint: 28600 ns, Total: 15729000 ns
[2024-02-23T08:14:26.203+0000][4616][safepoint   ] Safepoint "Cleanup", Time since last: 1013571400 ns, Reaching safepoint: 239700 ns, At safepoint: 78900 ns, Total: 318600 ns
[2024-02-23T08:14:27.248+0000][4616][safepoint   ] Safepoint "Cleanup", Time since last: 1008377900 ns, Reaching safepoint: 35345600 ns, At safepoint: 116200 ns, Total: 35461800 ns
[2024-02-23T08:14:28.251+0000][4616][safepoint   ] Safepoint "Cleanup", Time since last: 1003642200 ns, Reaching safepoint: 73600 ns, At safepoint: 12600 ns, Total: 86200 ns
[2024-02-23T08:14:29.262+0000][4616][safepoint   ] Safepoint "Cleanup", Time since last: 1010525200 ns, Reaching safepoint: 138100 ns, At safepoint: 8800 ns, Total: 146900 ns
[2024-02-23T08:14:31.307+0000][4616][safepoint   ] Safepoint "Cleanup", Time since last: 2013719300 ns, Reaching safepoint: 31293400 ns, At safepoint: 85500 ns, Total: 31378900 ns
[2024-02-23T08:14:32.338+0000][4616][safepoint   ] Safepoint "Cleanup", Time since last: 1003116900 ns, Reaching safepoint: 28244100 ns, At safepoint: 50000 ns, Total: 28294100 ns
[2024-02-23T08:14:33.357+0000][4616][safepoint   ] Safepoint "Cleanup", Time since last: 1018227500 ns, Reaching safepoint: 164000 ns, At safepoint: 35900 ns, Total: 199900 ns
[2024-02-23T08:14:34.372+0000][4616][safepoint   ] Safepoint "Cleanup", Time since last: 1014764300 ns, Reaching safepoint: 138400 ns, At safepoint: 44700 ns, Total: 183100 ns
[2024-02-23T08:14:35.385+0000][4616][safepoint   ] Safepoint "Cleanup", Time since last: 1012957800 ns, Reaching safepoint: 119800 ns, At safepoint: 28600 ns, Total: 148400 ns
[2024-02-23T08:14:36.395+0000][4616][safepoint   ] Safepoint "Cleanup", Time since last: 1010258800 ns, Reaching safepoint: 135800 ns, At safepoint: 34700 ns, Total: 170500 ns
[2024-02-23T08:14:37.422+0000][4616][safepoint   ] Safepoint "Cleanup", Time since last: 1010384800 ns, Reaching safepoint: 15889200 ns, At safepoint: 67500 ns, Total: 15956700 ns
[2024-02-23T08:14:38.424+0000][4616][safepoint   ] Safepoint "Cleanup", Time since last: 1001869100 ns, Reaching safepoint: 208200 ns, At safepoint: 15900 ns, Total: 224100 ns
[2024-02-23T08:14:39.435+0000][4616][safepoint   ] Safepoint "Cleanup", Time since last: 1011358300 ns, Reaching safepoint: 92200 ns, At safepoint: 53500 ns, Total: 145700 ns
[2024-02-23T08:14:40.384+0000][4616][safepoint   ] Safepoint "ICBufferFull", Time since last: 949287800 ns, Reaching safepoint: 191800 ns, At safepoint: 7700 ns, Total: 199500 ns
[2024-02-23T08:14:41.405+0000][4616][safepoint   ] Safepoint "Cleanup", Time since last: 1019906300 ns, Reaching safepoint: 152900 ns, At safepoint: 9700 ns, Total: 162600 ns
[2024-02-23T08:14:42.406+0000][4616][safepoint   ] Safepoint "Cleanup", Time since last: 1000925200 ns, Reaching safepoint: 117200 ns, At safepoint: 7700 ns, Total: 124900 ns
[2024-02-23T08:14:43.417+0000][4616][safepoint   ] Safepoint "Cleanup", Time since last: 1011326800 ns, Reaching safepoint: 75700 ns, At safepoint: 9200 ns, Total: 84900 ns
[2024-02-23T08:14:45.445+0000][4616][safepoint   ] Safepoint "Cleanup", Time since last: 2027624900 ns, Reaching safepoint: 120300 ns, At safepoint: 6600 ns, Total: 126900 ns
[2024-02-23T08:14:50.478+0000][4616][safepoint   ] Safepoint "Cleanup", Time since last: 5032475000 ns, Reaching safepoint: 78900 ns, At safepoint: 6200 ns, Total: 85100 ns
[2024-02-23T08:14:51.490+0000][4616][safepoint   ] Safepoint "Cleanup", Time since last: 1011993200 ns, Reaching safepoint: 48600 ns, At safepoint: 6600 ns, Total: 55200 ns
[2024-02-23T08:14:53.499+0000][4616][safepoint   ] Safepoint "Cleanup", Time since last: 2008762600 ns, Reaching safepoint: 68700 ns, At safepoint: 5700 ns, Total: 74400 ns
[2024-02-23T08:14:57.524+0000][4616][safepoint   ] Safepoint "Cleanup", Time since last: 4025288100 ns, Reaching safepoint: 696300 ns, At safepoint: 11600 ns, Total: 707900 ns
[2024-02-23T08:14:58.540+0000][4616][safepoint   ] Safepoint "Cleanup", Time since last: 1015628500 ns, Reaching safepoint: 107300 ns, At safepoint: 5300 ns, Total: 112600 ns
[2024-02-23T08:15:03.614+0000][4616][safepoint   ] Safepoint "Cleanup", Time since last: 5074079400 ns, Reaching safepoint: 163300 ns, At safepoint: 14600 ns, Total: 177900 ns
[2024-02-23T08:15:07.625+0000][4616][safepoint   ] Safepoint "Cleanup", Time since last: 4010566200 ns, Reaching safepoint: 80800 ns, At safepoint: 45300 ns, Total: 126100 ns
[2024-02-23T08:15:08.641+0000][4616][safepoint   ] Safepoint "Cleanup", Time since last: 1015536500 ns, Reaching safepoint: 133500 ns, At safepoint: 11300 ns, Total: 144800 ns
[2024-02-23T08:15:10.653+0000][4616][safepoint   ] Safepoint "Cleanup", Time since last: 2011834800 ns, Reaching safepoint: 54200 ns, At safepoint: 7800 ns, Total: 62000 ns
[2024-02-23T08:15:11.663+0000][4616][safepoint   ] Safepoint "Cleanup", Time since last: 1010344900 ns, Reaching safepoint: 84300 ns, At safepoint: 6100 ns, Total: 90400 ns
[2024-02-23T08:15:12.673+0000][4616][safepoint   ] Safepoint "Cleanup", Time since last: 1009762500 ns, Reaching safepoint: 99400 ns, At safepoint: 7300 ns, Total: 106700 ns
[2024-02-23T08:15:13.676+0000][4616][safepoint   ] Safepoint "Cleanup", Time since last: 1002309400 ns, Reaching safepoint: 86100 ns, At safepoint: 10700 ns, Total: 96800 ns
[2024-02-23T08:15:16.722+0000][4616][safepoint   ] Safepoint "Cleanup", Time since last: 3046080500 ns, Reaching safepoint: 163900 ns, At safepoint: 74300 ns, Total: 238200 ns
[2024-02-23T08:15:17.726+0000][4616][safepoint   ] Safepoint "Cleanup", Time since last: 1003710400 ns, Reaching safepoint: 127500 ns, At safepoint: 31000 ns, Total: 158500 ns
[2024-02-23T08:15:18.752+0000][4616][safepoint   ] Safepoint "Cleanup", Time since last: 1026110300 ns, Reaching safepoint: 65200 ns, At safepoint: 14600 ns, Total: 79800 ns
[2024-02-23T08:15:27.828+0000][4616][safepoint   ] Safepoint "Cleanup", Time since last: 9075868900 ns, Reaching safepoint: 69200 ns, At safepoint: 13200 ns, Total: 82400 ns
[2024-02-23T08:15:28.835+0000][4616][safepoint   ] Safepoint "Cleanup", Time since last: 1007064900 ns, Reaching safepoint: 98700 ns, At safepoint: 47100 ns, Total: 145800 ns
[2024-02-23T08:15:34.913+0000][4616][safepoint   ] Safepoint "Cleanup", Time since last: 6077481300 ns, Reaching safepoint: 79600 ns, At safepoint: 7900 ns, Total: 87500 ns
[2024-02-23T08:15:36.938+0000][4616][safepoint   ] Safepoint "Cleanup", Time since last: 2025444500 ns, Reaching safepoint: 88300 ns, At safepoint: 11100 ns, Total: 99400 ns
[2024-02-23T08:15:38.958+0000][4616][safepoint   ] Safepoint "Cleanup", Time since last: 2019334700 ns, Reaching safepoint: 106400 ns, At safepoint: 15000 ns, Total: 121400 ns
[2024-02-23T08:15:40.974+0000][4616][safepoint   ] Safepoint "Cleanup", Time since last: 2016341400 ns, Reaching safepoint: 146900 ns, At safepoint: 32600 ns, Total: 179500 ns
[2024-02-23T08:15:41.991+0000][4616][safepoint   ] Safepoint "Cleanup", Time since last: 1017022200 ns, Reaching safepoint: 93200 ns, At safepoint: 8500 ns, Total: 101700 ns
[2024-02-23T08:15:44.006+0000][4616][safepoint   ] Safepoint "Cleanup", Time since last: 2014533700 ns, Reaching safepoint: 150400 ns, At safepoint: 60900 ns, Total: 211300 ns
[2024-02-23T08:15:49.068+0000][4616][safepoint   ] Safepoint "Cleanup", Time since last: 5061773800 ns, Reaching safepoint: 100500 ns, At safepoint: 16700 ns, Total: 117200 ns
[2024-02-23T08:15:50.075+0000][4616][safepoint   ] Safepoint "Cleanup", Time since last: 1006982700 ns, Reaching safepoint: 687300 ns, At safepoint: 38000 ns, Total: 725300 ns
[2024-02-23T08:16:08.304+0000][4616][safepoint   ] Safepoint "Cleanup", Time since last: 18228433800 ns, Reaching safepoint: 148400 ns, At safepoint: 21800 ns, Total: 170200 ns
[2024-02-23T08:16:09.311+0000][4616][safepoint   ] Safepoint "Cleanup", Time since last: 1006585700 ns, Reaching safepoint: 76800 ns, At safepoint: 21600 ns, Total: 98400 ns
[2024-02-23T08:16:11.334+0000][4616][safepoint   ] Safepoint "Cleanup", Time since last: 2022508900 ns, Reaching safepoint: 134300 ns, At safepoint: 75500 ns, Total: 209800 ns
[2024-02-23T08:16:12.339+0000][4616][safepoint   ] Safepoint "Cleanup", Time since last: 1005577600 ns, Reaching safepoint: 105500 ns, At safepoint: 42600 ns, Total: 148100 ns
[2024-02-23T08:16:16.364+0000][4616][safepoint   ] Safepoint "Cleanup", Time since last: 4024888500 ns, Reaching safepoint: 110100 ns, At safepoint: 33100 ns, Total: 143200 ns
[2024-02-23T08:16:18.394+0000][4616][safepoint   ] Safepoint "Cleanup", Time since last: 2029688200 ns, Reaching safepoint: 103900 ns, At safepoint: 24600 ns, Total: 128500 ns
[2024-02-23T08:16:23.447+0000][4616][safepoint   ] Safepoint "Cleanup", Time since last: 5052987400 ns, Reaching safepoint: 107800 ns, At safepoint: 27900 ns, Total: 135700 ns
[2024-02-23T08:16:28.522+0000][4616][safepoint   ] Safepoint "Cleanup", Time since last: 5074623300 ns, Reaching safepoint: 807400 ns, At safepoint: 25400 ns, Total: 832800 ns
[2024-02-23T08:16:31.563+0000][4616][safepoint   ] Safepoint "Cleanup", Time since last: 3040149100 ns, Reaching safepoint: 672100 ns, At safepoint: 25300 ns, Total: 697400 ns
[2024-02-23T08:16:34.579+0000][4616][safepoint   ] Safepoint "Cleanup", Time since last: 3015680500 ns, Reaching safepoint: 117800 ns, At safepoint: 65400 ns, Total: 183200 ns
[2024-02-23T08:16:39.629+0000][4616][safepoint   ] Safepoint "Cleanup", Time since last: 5049590800 ns, Reaching safepoint: 97900 ns, At safepoint: 65600 ns, Total: 163500 ns
[2024-02-23T08:16:57.814+0000][4616][safepoint   ] Safepoint "Cleanup", Time since last: 18184586900 ns, Reaching safepoint: 57600 ns, At safepoint: 10399 ns, Total: 67999 ns
[2024-02-23T08:16:58.814+0000][4616][safepoint   ] Safepoint "Cleanup", Time since last: 1000218201 ns, Reaching safepoint: 62699 ns, At safepoint: 27500 ns, Total: 90199 ns
[2024-02-23T08:17:01.851+0000][4616][safepoint   ] Safepoint "Cleanup", Time since last: 3036753301 ns, Reaching safepoint: 90800 ns, At safepoint: 59400 ns, Total: 150200 ns
[2024-02-23T08:17:04.885+0000][4616][safepoint   ] Safepoint "Cleanup", Time since last: 3033681599 ns, Reaching safepoint: 137401 ns, At safepoint: 63500 ns, Total: 200901 ns
[2024-02-23T08:17:08.968+0000][4616][safepoint   ] Safepoint "Cleanup", Time since last: 4083160999 ns, Reaching safepoint: 101201 ns, At safepoint: 60700 ns, Total: 161901 ns
[2024-02-23T08:17:12.008+0000][4616][safepoint   ] Safepoint "Cleanup", Time since last: 3039217299 ns, Reaching safepoint: 74001 ns, At safepoint: 24000 ns, Total: 98001 ns
[2024-02-23T08:17:35.231+0000][4616][safepoint   ] Safepoint "Cleanup", Time since last: 23223241600 ns, Reaching safepoint: 42600 ns, At safepoint: 10400 ns, Total: 53000 ns
[2024-02-23T08:17:38.275+0000][4616][safepoint   ] Safepoint "Cleanup", Time since last: 3043841200 ns, Reaching safepoint: 74900 ns, At safepoint: 42100 ns, Total: 117000 ns
[2024-02-23T08:17:41.301+0000][4616][safepoint   ] Safepoint "Cleanup", Time since last: 3026241100 ns, Reaching safepoint: 104700 ns, At safepoint: 13000 ns, Total: 117700 ns
[2024-02-23T08:17:51.397+0000][4616][safepoint   ] Safepoint "Cleanup", Time since last: 10095582500 ns, Reaching safepoint: 689800 ns, At safepoint: 12000 ns, Total: 701800 ns
[2024-02-23T08:18:00.479+0000][4616][safepoint   ] Safepoint "Cleanup", Time since last: 9081759100 ns, Reaching safepoint: 45900 ns, At safepoint: 10100 ns, Total: 56000 ns
[2024-02-23T08:18:02.587+0000][4616][safepoint   ] Safepoint "Cleanup", Time since last: 2107928900 ns, Reaching safepoint: 211300 ns, At safepoint: 13200 ns, Total: 224500 ns
[2024-02-23T08:18:03.093+0000][4616][safepoint   ] Safepoint "ICBufferFull", Time since last: 496601300 ns, Reaching safepoint: 9267900 ns, At safepoint: 36000 ns, Total: 9303900 ns
[2024-02-23T08:18:03.262+0000][4616][safepoint   ] Safepoint "ICBufferFull", Time since last: 168459600 ns, Reaching safepoint: 227400 ns, At safepoint: 18900 ns, Total: 246300 ns
[2024-02-23T08:18:03.611+0000][4616][safepoint   ] Safepoint "ICBufferFull", Time since last: 348381000 ns, Reaching safepoint: 658400 ns, At safepoint: 35200 ns, Total: 693600 ns
[2024-02-23T08:18:04.582+0000][4616][safepoint   ] Safepoint "ICBufferFull", Time since last: 971962400 ns, Reaching safepoint: 146600 ns, At safepoint: 6600 ns, Total: 153200 ns
[2024-02-23T08:18:06.294+0000][4616][safepoint   ] Safepoint "Cleanup", Time since last: 1710214200 ns, Reaching safepoint: 243200 ns, At safepoint: 23800 ns, Total: 267000 ns
[2024-02-23T08:18:08.322+0000][4616][safepoint   ] Safepoint "Cleanup", Time since last: 2028276300 ns, Reaching safepoint: 106000 ns, At safepoint: 35800 ns, Total: 141800 ns
[2024-02-23T08:18:11.342+0000][4616][safepoint   ] Safepoint "Cleanup", Time since last: 3019389400 ns, Reaching safepoint: 71400 ns, At safepoint: 9800 ns, Total: 81200 ns
[2024-02-23T08:18:13.357+0000][4616][safepoint   ] Safepoint "Cleanup", Time since last: 2015353000 ns, Reaching safepoint: 192300 ns, At safepoint: 49900 ns, Total: 242200 ns
[2024-02-23T08:18:14.359+0000][4616][safepoint   ] Safepoint "Cleanup", Time since last: 1001194800 ns, Reaching safepoint: 86200 ns, At safepoint: 11900 ns, Total: 98100 ns
[2024-02-23T08:18:15.363+0000][4616][safepoint   ] Safepoint "Cleanup", Time since last: 1003840800 ns, Reaching safepoint: 75900 ns, At safepoint: 26100 ns, Total: 102000 ns
[2024-02-23T08:18:16.188+0000][4616][safepoint   ] Safepoint "ICBufferFull", Time since last: 825640500 ns, Reaching safepoint: 372400 ns, At safepoint: 21800 ns, Total: 394200 ns
[2024-02-23T08:18:16.596+0000][4616][safepoint   ] Safepoint "ICBufferFull", Time since last: 383277100 ns, Reaching safepoint: 370100 ns, At safepoint: 23702900 ns, Total: 24073000 ns
[2024-02-23T08:18:17.610+0000][4616][safepoint   ] Safepoint "Cleanup", Time since last: 1013880800 ns, Reaching safepoint: 205000 ns, At safepoint: 10400 ns, Total: 215400 ns
[2024-02-23T08:18:18.621+0000][4616][safepoint   ] Safepoint "Cleanup", Time since last: 1011100600 ns, Reaching safepoint: 210700 ns, At safepoint: 9700 ns, Total: 220400 ns
[2024-02-23T08:18:18.913+0000][4616][safepoint   ] Safepoint "ICBufferFull", Time since last: 287087100 ns, Reaching safepoint: 625600 ns, At safepoint: 4287700 ns, Total: 4913300 ns
[2024-02-23T08:18:19.691+0000][4616][safepoint   ] Safepoint "ICBufferFull", Time since last: 777379600 ns, Reaching safepoint: 224800 ns, At safepoint: 20800 ns, Total: 245600 ns
[2024-02-23T08:18:19.962+0000][4616][safepoint   ] Safepoint "ICBufferFull", Time since last: 272155200 ns, Reaching safepoint: 262000 ns, At safepoint: 22100 ns, Total: 284100 ns
[2024-02-23T08:18:20.969+0000][4616][safepoint   ] Safepoint "Cleanup", Time since last: 1005536600 ns, Reaching safepoint: 145700 ns, At safepoint: 9600 ns, Total: 155300 ns
[2024-02-23T08:18:21.975+0000][4616][safepoint   ] Safepoint "Cleanup", Time since last: 1005511900 ns, Reaching safepoint: 106200 ns, At safepoint: 30600 ns, Total: 136800 ns
[2024-02-23T08:18:22.659+0000][4616][safepoint   ] Safepoint "ICBufferFull", Time since last: 683490800 ns, Reaching safepoint: 323800 ns, At safepoint: 1406300 ns, Total: 1730100 ns
[2024-02-23T08:18:23.577+0000][4616][safepoint   ] Safepoint "ICBufferFull", Time since last: 895713600 ns, Reaching safepoint: 18667300 ns, At safepoint: 2343700 ns, Total: 21011000 ns
[2024-02-23T08:18:24.578+0000][4616][safepoint   ] Safepoint "Cleanup", Time since last: 1001696600 ns, Reaching safepoint: 193100 ns, At safepoint: 11900 ns, Total: 205000 ns
[2024-02-23T08:18:25.589+0000][4616][safepoint   ] Safepoint "Cleanup", Time since last: 1010366500 ns, Reaching safepoint: 113300 ns, At safepoint: 32500 ns, Total: 145800 ns
[2024-02-23T08:18:26.606+0000][4616][safepoint   ] Safepoint "Cleanup", Time since last: 1016429600 ns, Reaching safepoint: 699400 ns, At safepoint: 14000 ns, Total: 713400 ns
[2024-02-23T08:18:28.627+0000][4616][safepoint   ] Safepoint "Cleanup", Time since last: 2021101300 ns, Reaching safepoint: 177200 ns, At safepoint: 13000 ns, Total: 190200 ns
[2024-02-23T08:18:29.639+0000][4616][safepoint   ] Safepoint "Cleanup", Time since last: 1011057700 ns, Reaching safepoint: 86100 ns, At safepoint: 7600 ns, Total: 93700 ns
[2024-02-23T08:18:30.640+0000][4616][safepoint   ] Safepoint "Cleanup", Time since last: 1001065400 ns, Reaching safepoint: 56100 ns, At safepoint: 7000 ns, Total: 63100 ns
[2024-02-23T08:18:32.514+0000][4616][safepoint   ] Safepoint "Cleanup", Time since last: 1873843200 ns, Reaching safepoint: 197900 ns, At safepoint: 13800 ns, Total: 211700 ns
[2024-02-23T08:18:34.525+0000][4616][safepoint   ] Safepoint "Cleanup", Time since last: 2010547400 ns, Reaching safepoint: 106900 ns, At safepoint: 17800 ns, Total: 124700 ns
[2024-02-23T08:18:35.536+0000][4616][safepoint   ] Safepoint "Cleanup", Time since last: 1011805600 ns, Reaching safepoint: 62500 ns, At safepoint: 7000 ns, Total: 69500 ns
[2024-02-23T08:18:36.538+0000][4616][safepoint   ] Safepoint "Cleanup", Time since last: 1001889400 ns, Reaching safepoint: 149900 ns, At safepoint: 37100 ns, Total: 187000 ns
[2024-02-23T08:18:37.540+0000][4616][safepoint   ] Safepoint "Cleanup", Time since last: 1000950800 ns, Reaching safepoint: 207700 ns, At safepoint: 70300 ns, Total: 278000 ns
[2024-02-23T08:18:38.540+0000][4616][safepoint   ] Safepoint "Cleanup", Time since last: 1000261100 ns, Reaching safepoint: 160700 ns, At safepoint: 13300 ns, Total: 174000 ns
[2024-02-23T08:18:39.554+0000][4616][safepoint   ] Safepoint "Cleanup", Time since last: 1014110400 ns, Reaching safepoint: 111900 ns, At safepoint: 22300 ns, Total: 134200 ns
[2024-02-23T08:18:40.254+0000][4616][gc,start    ] GC(12) Pause Young (Normal) (G1 Evacuation Pause)
[2024-02-23T08:18:40.254+0000][4616][gc,task     ] GC(12) Using 8 workers of 8 for evacuation
[2024-02-23T08:18:40.254+0000][4616][gc,age      ] GC(12) Desired survivor size 46137344 bytes, new threshold 2 (max threshold 15)
[2024-02-23T08:18:40.322+0000][4616][gc,phases   ] GC(12)   Pre Evacuate Collection Set: 0.2ms
[2024-02-23T08:18:40.322+0000][4616][gc,phases   ] GC(12)   Merge Heap Roots: 0.1ms
[2024-02-23T08:18:40.322+0000][4616][gc,phases   ] GC(12)   Evacuate Collection Set: 64.6ms
[2024-02-23T08:18:40.322+0000][4616][gc,phases   ] GC(12)   Post Evacuate Collection Set: 3.2ms
[2024-02-23T08:18:40.322+0000][4616][gc,phases   ] GC(12)   Other: 0.2ms
[2024-02-23T08:18:40.322+0000][4616][gc,age      ] GC(12) Age table with threshold 2 (max threshold 15)
[2024-02-23T08:18:40.322+0000][4616][gc,age      ] GC(12) - age   1:   45126216 bytes,   45126216 total
[2024-02-23T08:18:40.322+0000][4616][gc,age      ] GC(12) - age   2:   28712976 bytes,   73839192 total
[2024-02-23T08:18:40.322+0000][4616][gc,heap     ] GC(12) Eden regions: 152->0(132)
[2024-02-23T08:18:40.322+0000][4616][gc,heap     ] GC(12) Survivor regions: 18->20(22)
[2024-02-23T08:18:40.322+0000][4616][gc,heap     ] GC(12) Old regions: 8->17
[2024-02-23T08:18:40.322+0000][4616][gc,heap     ] GC(12) Archive regions: 0->0
[2024-02-23T08:18:40.322+0000][4616][gc,heap     ] GC(12) Humongous regions: 2->2
[2024-02-23T08:18:40.322+0000][4616][gc,metaspace] GC(12) Metaspace: 126311K(129856K)->126311K(129856K) NonClass: 109271K(111168K)->109271K(111168K) Class: 17040K(18688K)->17040K(18688K)
[2024-02-23T08:18:40.322+0000][4616][gc          ] GC(12) Pause Young (Normal) (G1 Evacuation Pause) 716M->155M(4040M) 68.584ms
[2024-02-23T08:18:40.322+0000][4616][gc,cpu      ] GC(12) User=0.31s Sys=0.06s Real=0.07s
[2024-02-23T08:18:40.322+0000][4616][safepoint   ] Safepoint "G1CollectForAllocation", Time since last: 699804700 ns, Reaching safepoint: 80200 ns, At safepoint: 68709300 ns, Total: 68789500 ns
[2024-02-23T08:18:42.337+0000][4616][safepoint   ] Safepoint "Cleanup", Time since last: 2014325300 ns, Reaching safepoint: 188300 ns, At safepoint: 14800 ns, Total: 203100 ns
[2024-02-23T08:18:43.354+0000][4616][safepoint   ] Safepoint "Cleanup", Time since last: 1016561000 ns, Reaching safepoint: 100600 ns, At safepoint: 12700 ns, Total: 113300 ns
[2024-02-23T08:18:44.367+0000][4616][safepoint   ] Safepoint "Cleanup", Time since last: 1012594700 ns, Reaching safepoint: 68100 ns, At safepoint: 8800 ns, Total: 76900 ns
[2024-02-23T08:18:46.387+0000][4616][safepoint   ] Safepoint "Cleanup", Time since last: 2020327600 ns, Reaching safepoint: 123400 ns, At safepoint: 13600 ns, Total: 137000 ns
[2024-02-23T08:18:47.404+0000][4616][safepoint   ] Safepoint "Cleanup", Time since last: 1016177800 ns, Reaching safepoint: 105200 ns, At safepoint: 12400 ns, Total: 117600 ns
[2024-02-23T08:18:49.420+0000][4616][safepoint   ] Safepoint "Cleanup", Time since last: 2016391800 ns, Reaching safepoint: 123400 ns, At safepoint: 26100 ns, Total: 149500 ns
[2024-02-23T08:18:51.437+0000][4616][safepoint   ] Safepoint "Cleanup", Time since last: 2016307600 ns, Reaching safepoint: 128900 ns, At safepoint: 21000 ns, Total: 149900 ns
[2024-02-23T08:18:52.453+0000][4616][safepoint   ] Safepoint "Cleanup", Time since last: 1016269800 ns, Reaching safepoint: 141000 ns, At safepoint: 8300 ns, Total: 149300 ns
[2024-02-23T08:18:53.470+0000][4616][safepoint   ] Safepoint "Cleanup", Time since last: 1016531600 ns, Reaching safepoint: 125100 ns, At safepoint: 7400 ns, Total: 132500 ns
[2024-02-23T08:18:54.472+0000][4616][safepoint   ] Safepoint "Cleanup", Time since last: 1002260900 ns, Reaching safepoint: 70300 ns, At safepoint: 11000 ns, Total: 81300 ns
[2024-02-23T08:18:55.486+0000][4616][safepoint   ] Safepoint "Cleanup", Time since last: 1014011500 ns, Reaching safepoint: 345400 ns, At safepoint: 34200 ns, Total: 379600 ns
[2024-02-23T08:18:56.503+0000][4616][safepoint   ] Safepoint "Cleanup", Time since last: 1016303700 ns, Reaching safepoint: 184200 ns, At safepoint: 17500 ns, Total: 201700 ns
[2024-02-23T08:18:58.520+0000][4616][safepoint   ] Safepoint "Cleanup", Time since last: 2016808300 ns, Reaching safepoint: 101000 ns, At safepoint: 11600 ns, Total: 112600 ns
[2024-02-23T08:18:59.527+0000][4616][safepoint   ] Safepoint "Cleanup", Time since last: 1007512000 ns, Reaching safepoint: 70900 ns, At safepoint: 7300 ns, Total: 78200 ns
[2024-02-23T08:19:00.536+0000][4616][safepoint   ] Safepoint "Cleanup", Time since last: 1007848100 ns, Reaching safepoint: 92100 ns, At safepoint: 11600 ns, Total: 103700 ns
[2024-02-23T08:19:01.536+0000][4616][safepoint   ] Safepoint "Cleanup", Time since last: 1000570300 ns, Reaching safepoint: 175500 ns, At safepoint: 12300 ns, Total: 187800 ns
[2024-02-23T08:19:04.537+0000][4616][safepoint   ] Safepoint "Cleanup", Time since last: 3000822000 ns, Reaching safepoint: 95200 ns, At safepoint: 12700 ns, Total: 107900 ns
[2024-02-23T08:19:05.544+0000][4616][safepoint   ] Safepoint "Cleanup", Time since last: 1006654200 ns, Reaching safepoint: 680900 ns, At safepoint: 17000 ns, Total: 697900 ns
[2024-02-23T08:19:06.551+0000][4616][safepoint   ] Safepoint "Cleanup", Time since last: 1006307500 ns, Reaching safepoint: 242700 ns, At safepoint: 17100 ns, Total: 259800 ns
[2024-02-23T08:19:07.552+0000][4616][safepoint   ] Safepoint "Cleanup", Time since last: 1000442300 ns, Reaching safepoint: 108900 ns, At safepoint: 16900 ns, Total: 125800 ns
[2024-02-23T08:19:08.566+0000][4616][safepoint   ] Safepoint "Cleanup", Time since last: 1014787900 ns, Reaching safepoint: 106900 ns, At safepoint: 10600 ns, Total: 117500 ns
[2024-02-23T08:19:09.573+0000][4616][safepoint   ] Safepoint "Cleanup", Time since last: 1006316000 ns, Reaching safepoint: 196900 ns, At safepoint: 22000 ns, Total: 218900 ns
[2024-02-23T08:19:10.584+0000][4616][safepoint   ] Safepoint "Cleanup", Time since last: 1010682200 ns, Reaching safepoint: 202900 ns, At safepoint: 26600 ns, Total: 229500 ns
[2024-02-23T08:19:11.325+0000][4616][safepoint   ] Safepoint "ICBufferFull", Time since last: 741020300 ns, Reaching safepoint: 163300 ns, At safepoint: 14300 ns, Total: 177600 ns
[2024-02-23T08:19:11.889+0000][4616][safepoint   ] Safepoint "ICBufferFull", Time since last: 564272500 ns, Reaching safepoint: 156500 ns, At safepoint: 47400 ns, Total: 203900 ns
[2024-02-23T08:19:12.901+0000][4616][safepoint   ] Safepoint "Cleanup", Time since last: 1011599800 ns, Reaching safepoint: 425300 ns, At safepoint: 45900 ns, Total: 471200 ns
[2024-02-23T08:19:14.901+0000][4616][safepoint   ] Safepoint "Cleanup", Time since last: 1999780900 ns, Reaching safepoint: 253700 ns, At safepoint: 21600 ns, Total: 275300 ns
[2024-02-23T08:19:15.917+0000][4616][safepoint   ] Safepoint "Cleanup", Time since last: 1015582500 ns, Reaching safepoint: 82100 ns, At safepoint: 15900 ns, Total: 98000 ns
[2024-02-23T08:19:16.918+0000][4616][safepoint   ] Safepoint "Cleanup", Time since last: 1000364600 ns, Reaching safepoint: 99200 ns, At safepoint: 12100 ns, Total: 111300 ns
[2024-02-23T08:19:17.934+0000][4616][safepoint   ] Safepoint "Cleanup", Time since last: 1015865200 ns, Reaching safepoint: 186300 ns, At safepoint: 26600 ns, Total: 212900 ns
[2024-02-23T08:19:19.169+0000][4616][safepoint   ] Safepoint "Cleanup", Time since last: 1234740300 ns, Reaching safepoint: 82300 ns, At safepoint: 43900 ns, Total: 126200 ns
[2024-02-23T08:19:20.231+0000][4616][safepoint   ] Safepoint "Cleanup", Time since last: 1062439500 ns, Reaching safepoint: 254700 ns, At safepoint: 15900 ns, Total: 270600 ns
[2024-02-23T08:19:21.244+0000][4616][safepoint   ] Safepoint "Cleanup", Time since last: 1012036300 ns, Reaching safepoint: 106000 ns, At safepoint: 12900 ns, Total: 118900 ns
[2024-02-23T08:19:22.264+0000][4616][safepoint   ] Safepoint "Cleanup", Time since last: 1020339800 ns, Reaching safepoint: 77500 ns, At safepoint: 8600 ns, Total: 86100 ns
[2024-02-23T08:19:23.852+0000][4616][safepoint   ] Safepoint "Cleanup", Time since last: 1587420600 ns, Reaching safepoint: 71100 ns, At safepoint: 9900 ns, Total: 81000 ns
[2024-02-23T08:19:25.867+0000][4616][safepoint   ] Safepoint "Cleanup", Time since last: 2015412000 ns, Reaching safepoint: 142700 ns, At safepoint: 9500 ns, Total: 152200 ns
[2024-02-23T08:19:26.883+0000][4616][safepoint   ] Safepoint "Cleanup", Time since last: 1015739200 ns, Reaching safepoint: 95100 ns, At safepoint: 16600 ns, Total: 111700 ns
[2024-02-23T08:19:28.899+0000][4616][safepoint   ] Safepoint "Cleanup", Time since last: 2016217700 ns, Reaching safepoint: 101400 ns, At safepoint: 15300 ns, Total: 116700 ns
[2024-02-23T08:19:29.900+0000][4616][safepoint   ] Safepoint "Cleanup", Time since last: 1000443600 ns, Reaching safepoint: 100100 ns, At safepoint: 9100 ns, Total: 109200 ns
[2024-02-23T08:19:31.900+0000][4616][safepoint   ] Safepoint "Cleanup", Time since last: 2000165100 ns, Reaching safepoint: 747900 ns, At safepoint: 66200 ns, Total: 814100 ns
[2024-02-23T08:19:34.916+0000][4616][safepoint   ] Safepoint "Cleanup", Time since last: 3014825400 ns, Reaching safepoint: 158100 ns, At safepoint: 13100 ns, Total: 171200 ns
[2024-02-23T08:19:35.928+0000][4616][safepoint   ] Safepoint "Cleanup", Time since last: 1011617800 ns, Reaching safepoint: 142300 ns, At safepoint: 11600 ns, Total: 153900 ns
[2024-02-23T08:19:37.932+0000][4616][safepoint   ] Safepoint "Cleanup", Time since last: 2003937300 ns, Reaching safepoint: 110500 ns, At safepoint: 12400 ns, Total: 122900 ns
[2024-02-23T08:19:38.947+0000][4616][safepoint   ] Safepoint "Cleanup", Time since last: 1015016900 ns, Reaching safepoint: 96400 ns, At safepoint: 11300 ns, Total: 107700 ns
[2024-02-23T08:19:39.948+0000][4616][safepoint   ] Safepoint "Cleanup", Time since last: 1001307900 ns, Reaching safepoint: 86200 ns, At safepoint: 8300 ns, Total: 94500 ns
[2024-02-23T08:19:40.965+0000][4616][safepoint   ] Safepoint "Cleanup", Time since last: 1016472700 ns, Reaching safepoint: 185900 ns, At safepoint: 14100 ns, Total: 200000 ns
[2024-02-23T08:19:41.972+0000][4616][safepoint   ] Safepoint "Cleanup", Time since last: 1007270200 ns, Reaching safepoint: 109800 ns, At safepoint: 9100 ns, Total: 118900 ns
[2024-02-23T08:19:42.981+0000][4616][safepoint   ] Safepoint "Cleanup", Time since last: 1008957700 ns, Reaching safepoint: 153700 ns, At safepoint: 16800 ns, Total: 170500 ns
[2024-02-23T08:19:43.998+0000][4616][safepoint   ] Safepoint "Cleanup", Time since last: 1016360300 ns, Reaching safepoint: 164200 ns, At safepoint: 14700 ns, Total: 178900 ns
[2024-02-23T08:19:45.007+0000][4616][safepoint   ] Safepoint "Cleanup", Time since last: 1009064100 ns, Reaching safepoint: 91900 ns, At safepoint: 8300 ns, Total: 100200 ns
[2024-02-23T08:19:47.020+0000][4616][safepoint   ] Safepoint "Cleanup", Time since last: 2012749300 ns, Reaching safepoint: 178200 ns, At safepoint: 17200 ns, Total: 195400 ns
[2024-02-23T08:19:48.024+0000][4616][safepoint   ] Safepoint "Cleanup", Time since last: 1004008700 ns, Reaching safepoint: 134500 ns, At safepoint: 15000 ns, Total: 149500 ns
[2024-02-23T08:19:50.037+0000][4616][safepoint   ] Safepoint "Cleanup", Time since last: 2012289600 ns, Reaching safepoint: 141100 ns, At safepoint: 10200 ns, Total: 151300 ns
[2024-02-23T08:19:52.059+0000][4616][safepoint   ] Safepoint "Cleanup", Time since last: 2022542700 ns, Reaching safepoint: 58400 ns, At safepoint: 16800 ns, Total: 75200 ns
[2024-02-23T08:19:53.064+0000][4616][safepoint   ] Safepoint "Cleanup", Time since last: 1004780400 ns, Reaching safepoint: 118100 ns, At safepoint: 9800 ns, Total: 127900 ns
[2024-02-23T08:19:54.065+0000][4616][safepoint   ] Safepoint "Cleanup", Time since last: 1001014700 ns, Reaching safepoint: 185800 ns, At safepoint: 14300 ns, Total: 200100 ns
[2024-02-23T08:19:55.073+0000][4616][safepoint   ] Safepoint "Cleanup", Time since last: 1007744200 ns, Reaching safepoint: 105500 ns, At safepoint: 15200 ns, Total: 120700 ns
[2024-02-23T08:19:56.087+0000][4616][safepoint   ] Safepoint "Cleanup", Time since last: 1013885500 ns, Reaching safepoint: 102800 ns, At safepoint: 15400 ns, Total: 118200 ns
[2024-02-23T08:19:58.600+0000][4616][safepoint   ] Safepoint "ICBufferFull", Time since last: 2512832500 ns, Reaching safepoint: 155300 ns, At safepoint: 12000 ns, Total: 167300 ns
[2024-02-23T08:19:59.601+0000][4616][safepoint   ] Safepoint "Cleanup", Time since last: 1001069700 ns, Reaching safepoint: 125500 ns, At safepoint: 16000 ns, Total: 141500 ns
[2024-02-23T08:20:01.614+0000][4616][safepoint   ] Safepoint "Cleanup", Time since last: 2011970700 ns, Reaching safepoint: 97900 ns, At safepoint: 46800 ns, Total: 144700 ns
[2024-02-23T08:20:02.614+0000][4616][safepoint   ] Safepoint "Cleanup", Time since last: 1000161800 ns, Reaching safepoint: 111000 ns, At safepoint: 23900 ns, Total: 134900 ns
[2024-02-23T08:20:04.639+0000][4616][safepoint   ] Safepoint "Cleanup", Time since last: 2025320200 ns, Reaching safepoint: 75000 ns, At safepoint: 13800 ns, Total: 88800 ns
[2024-02-23T08:20:05.646+0000][4616][safepoint   ] Safepoint "Cleanup", Time since last: 1006498900 ns, Reaching safepoint: 185200 ns, At safepoint: 26900 ns, Total: 212100 ns
[2024-02-23T08:20:07.660+0000][4616][safepoint   ] Safepoint "Cleanup", Time since last: 2014208000 ns, Reaching safepoint: 186200 ns, At safepoint: 15200 ns, Total: 201400 ns
[2024-02-23T08:20:10.690+0000][4616][safepoint   ] Safepoint "Cleanup", Time since last: 3029077400 ns, Reaching safepoint: 206000 ns, At safepoint: 118000 ns, Total: 324000 ns
[2024-02-23T08:20:11.704+0000][4616][safepoint   ] Safepoint "Cleanup", Time since last: 1014514200 ns, Reaching safepoint: 155000 ns, At safepoint: 21300 ns, Total: 176300 ns
[2024-02-23T08:20:12.718+0000][4616][safepoint   ] Safepoint "Cleanup", Time since last: 1013486600 ns, Reaching safepoint: 103000 ns, At safepoint: 10100 ns, Total: 113100 ns
[2024-02-23T08:20:13.731+0000][4616][safepoint   ] Safepoint "Cleanup", Time since last: 1012207600 ns, Reaching safepoint: 174700 ns, At safepoint: 27900 ns, Total: 202600 ns
[2024-02-23T08:20:16.750+0000][4616][safepoint   ] Safepoint "Cleanup", Time since last: 3019775600 ns, Reaching safepoint: 124800 ns, At safepoint: 5000 ns, Total: 129800 ns
[2024-02-23T08:20:17.761+0000][4616][safepoint   ] Safepoint "Cleanup", Time since last: 1010549900 ns, Reaching safepoint: 94600 ns, At safepoint: 9800 ns, Total: 104400 ns
[2024-02-23T08:20:19.777+0000][4616][safepoint   ] Safepoint "Cleanup", Time since last: 2015369500 ns, Reaching safepoint: 135200 ns, At safepoint: 21300 ns, Total: 156500 ns
[2024-02-23T08:20:21.794+0000][4616][safepoint   ] Safepoint "Cleanup", Time since last: 2017574100 ns, Reaching safepoint: 97000 ns, At safepoint: 18600 ns, Total: 115600 ns
[2024-02-23T08:20:22.800+0000][4616][safepoint   ] Safepoint "Cleanup", Time since last: 1005138700 ns, Reaching safepoint: 98600 ns, At safepoint: 52600 ns, Total: 151200 ns
[2024-02-23T08:20:23.077+0000][4616][gc,start    ] GC(13) Pause Young (Normal) (G1 Evacuation Pause)
[2024-02-23T08:20:23.077+0000][4616][gc,task     ] GC(13) Using 8 workers of 8 for evacuation
[2024-02-23T08:20:23.077+0000][4616][gc,age      ] GC(13) Desired survivor size 35651584 bytes, new threshold 1 (max threshold 15)
[2024-02-23T08:20:23.109+0000][4616][gc,phases   ] GC(13)   Pre Evacuate Collection Set: 0.1ms
[2024-02-23T08:20:23.109+0000][4616][gc,phases   ] GC(13)   Merge Heap Roots: 0.1ms
[2024-02-23T08:20:23.109+0000][4616][gc,phases   ] GC(13)   Evacuate Collection Set: 32.6ms
[2024-02-23T08:20:23.109+0000][4616][gc,phases   ] GC(13)   Post Evacuate Collection Set: 1.7ms
[2024-02-23T08:20:23.109+0000][4616][gc,phases   ] GC(13)   Other: 0.1ms
[2024-02-23T08:20:23.109+0000][4616][gc,age      ] GC(13) Age table with threshold 1 (max threshold 15)
[2024-02-23T08:20:23.109+0000][4616][gc,age      ] GC(13) - age   1:    4571824 bytes,    4571824 total
[2024-02-23T08:20:23.109+0000][4616][gc,heap     ] GC(13) Eden regions: 112->0(603)
[2024-02-23T08:20:23.109+0000][4616][gc,heap     ] GC(13) Survivor regions: 20->3(17)
[2024-02-23T08:20:23.109+0000][4616][gc,heap     ] GC(13) Old regions: 17->36
[2024-02-23T08:20:23.109+0000][4616][gc,heap     ] GC(13) Archive regions: 0->0
[2024-02-23T08:20:23.109+0000][4616][gc,heap     ] GC(13) Humongous regions: 2->2
[2024-02-23T08:20:23.109+0000][4616][gc,metaspace] GC(13) Metaspace: 129224K(132736K)->129224K(132736K) NonClass: 111889K(113728K)->111889K(113728K) Class: 17335K(19008K)->17335K(19008K)
[2024-02-23T08:20:23.109+0000][4616][gc          ] GC(13) Pause Young (Normal) (G1 Evacuation Pause) 603M->163M(4040M) 34.920ms
[2024-02-23T08:20:23.109+0000][4616][gc,cpu      ] GC(13) User=0.31s Sys=0.06s Real=0.03s
[2024-02-23T08:20:23.109+0000][4616][safepoint   ] Safepoint "G1CollectForAllocation", Time since last: 277409600 ns, Reaching safepoint: 114400 ns, At safepoint: 35005900 ns, Total: 35120300 ns
[2024-02-23T08:20:24.132+0000][4616][safepoint   ] Safepoint "Cleanup", Time since last: 1020131700 ns, Reaching safepoint: 106500 ns, At safepoint: 10000 ns, Total: 116500 ns
[2024-02-23T08:20:25.134+0000][4616][safepoint   ] Safepoint "Cleanup", Time since last: 1001328900 ns, Reaching safepoint: 94700 ns, At safepoint: 8700 ns, Total: 103400 ns
[2024-02-23T08:20:26.143+0000][4616][safepoint   ] Safepoint "Cleanup", Time since last: 1009518800 ns, Reaching safepoint: 126200 ns, At safepoint: 16500 ns, Total: 142700 ns
[2024-02-23T08:20:29.178+0000][4616][safepoint   ] Safepoint "Cleanup", Time since last: 3034080500 ns, Reaching safepoint: 98100 ns, At safepoint: 8800 ns, Total: 106900 ns
[2024-02-23T08:20:30.180+0000][4616][safepoint   ] Safepoint "Cleanup", Time since last: 1001676300 ns, Reaching safepoint: 167800 ns, At safepoint: 58700 ns, Total: 226500 ns
[2024-02-23T08:20:35.229+0000][4616][safepoint   ] Safepoint "Cleanup", Time since last: 5049004400 ns, Reaching safepoint: 108300 ns, At safepoint: 12400 ns, Total: 120700 ns
[2024-02-23T08:20:37.243+0000][4616][safepoint   ] Safepoint "Cleanup", Time since last: 2013805800 ns, Reaching safepoint: 88800 ns, At safepoint: 15100 ns, Total: 103900 ns
[2024-02-23T08:20:38.243+0000][4616][safepoint   ] Safepoint "Cleanup", Time since last: 1000592200 ns, Reaching safepoint: 95800 ns, At safepoint: 13000 ns, Total: 108800 ns
[2024-02-23T08:20:41.260+0000][4616][safepoint   ] Safepoint "Cleanup", Time since last: 3016170900 ns, Reaching safepoint: 111700 ns, At safepoint: 11000 ns, Total: 122700 ns
[2024-02-23T08:20:42.268+0000][4616][safepoint   ] Safepoint "Cleanup", Time since last: 1008283000 ns, Reaching safepoint: 84100 ns, At safepoint: 11600 ns, Total: 95700 ns
[2024-02-23T08:20:44.285+0000][4616][safepoint   ] Safepoint "Cleanup", Time since last: 2016573800 ns, Reaching safepoint: 85600 ns, At safepoint: 9900 ns, Total: 95500 ns
[2024-02-23T08:20:47.324+0000][4616][safepoint   ] Safepoint "Cleanup", Time since last: 3039348300 ns, Reaching safepoint: 98500 ns, At safepoint: 17700 ns, Total: 116200 ns
[2024-02-23T08:20:49.342+0000][4616][safepoint   ] Safepoint "Cleanup", Time since last: 2017599300 ns, Reaching safepoint: 145200 ns, At safepoint: 78800 ns, Total: 224000 ns
[2024-02-23T08:20:52.359+0000][4616][safepoint   ] Safepoint "Cleanup", Time since last: 3016972500 ns, Reaching safepoint: 117400 ns, At safepoint: 79100 ns, Total: 196500 ns
[2024-02-23T08:20:54.378+0000][4616][safepoint   ] Safepoint "Cleanup", Time since last: 2018769100 ns, Reaching safepoint: 99800 ns, At safepoint: 16300 ns, Total: 116100 ns
[2024-02-23T08:20:56.400+0000][4616][safepoint   ] Safepoint "Cleanup", Time since last: 2021821100 ns, Reaching safepoint: 109200 ns, At safepoint: 24100 ns, Total: 133300 ns
[2024-02-23T08:20:58.416+0000][4616][safepoint   ] Safepoint "Cleanup", Time since last: 2016104900 ns, Reaching safepoint: 101400 ns, At safepoint: 75800 ns, Total: 177200 ns
[2024-02-23T08:20:59.424+0000][4616][safepoint   ] Safepoint "Cleanup", Time since last: 1007266600 ns, Reaching safepoint: 120000 ns, At safepoint: 11400 ns, Total: 131400 ns
[2024-02-23T08:21:00.425+0000][4616][safepoint   ] Safepoint "Cleanup", Time since last: 1000832300 ns, Reaching safepoint: 110400 ns, At safepoint: 13000 ns, Total: 123400 ns
[2024-02-23T08:21:02.436+0000][4616][safepoint   ] Safepoint "Cleanup", Time since last: 2011479500 ns, Reaching safepoint: 92900 ns, At safepoint: 11700 ns, Total: 104600 ns
[2024-02-23T08:21:04.474+0000][4616][safepoint   ] Safepoint "Cleanup", Time since last: 2037311400 ns, Reaching safepoint: 92400 ns, At safepoint: 8800 ns, Total: 101200 ns
[2024-02-23T08:21:05.494+0000][4616][safepoint   ] Safepoint "Cleanup", Time since last: 1020217100 ns, Reaching safepoint: 87100 ns, At safepoint: 11600 ns, Total: 98700 ns
[2024-02-23T08:21:06.507+0000][4616][safepoint   ] Safepoint "Cleanup", Time since last: 1013360200 ns, Reaching safepoint: 109500 ns, At safepoint: 11500 ns, Total: 121000 ns
[2024-02-23T08:21:07.510+0000][4616][safepoint   ] Safepoint "Cleanup", Time since last: 1002289000 ns, Reaching safepoint: 104300 ns, At safepoint: 10300 ns, Total: 114600 ns
[2024-02-23T08:21:08.513+0000][4616][safepoint   ] Safepoint "Cleanup", Time since last: 1003548600 ns, Reaching safepoint: 115600 ns, At safepoint: 11600 ns, Total: 127200 ns
[2024-02-23T08:21:09.521+0000][4616][safepoint   ] Safepoint "Cleanup", Time since last: 1007351000 ns, Reaching safepoint: 701300 ns, At safepoint: 10500 ns, Total: 711800 ns
[2024-02-23T08:21:11.547+0000][4616][safepoint   ] Safepoint "Cleanup", Time since last: 2025691700 ns, Reaching safepoint: 111600 ns, At safepoint: 9800 ns, Total: 121400 ns
[2024-02-23T08:21:12.553+0000][4616][safepoint   ] Safepoint "Cleanup", Time since last: 1005912000 ns, Reaching safepoint: 97700 ns, At safepoint: 10100 ns, Total: 107800 ns
[2024-02-23T08:21:13.556+0000][4616][safepoint   ] Safepoint "Cleanup", Time since last: 1002151600 ns, Reaching safepoint: 131600 ns, At safepoint: 31900 ns, Total: 163500 ns
[2024-02-23T08:21:14.556+0000][4616][safepoint   ] Safepoint "Cleanup", Time since last: 1000324800 ns, Reaching safepoint: 134300 ns, At safepoint: 12300 ns, Total: 146600 ns
[2024-02-23T08:21:16.588+0000][4616][safepoint   ] Safepoint "Cleanup", Time since last: 2032000500 ns, Reaching safepoint: 83000 ns, At safepoint: 6900 ns, Total: 89900 ns
[2024-02-23T08:21:17.600+0000][4616][safepoint   ] Safepoint "Cleanup", Time since last: 1011731900 ns, Reaching safepoint: 113500 ns, At safepoint: 17400 ns, Total: 130900 ns
[2024-02-23T08:21:22.622+0000][4616][safepoint   ] Safepoint "Cleanup", Time since last: 5021761200 ns, Reaching safepoint: 161500 ns, At safepoint: 7700 ns, Total: 169200 ns
[2024-02-23T08:21:23.623+0000][4616][safepoint   ] Safepoint "Cleanup", Time since last: 1000422600 ns, Reaching safepoint: 124500 ns, At safepoint: 16800 ns, Total: 141300 ns
[2024-02-23T08:21:24.633+0000][4616][safepoint   ] Safepoint "Cleanup", Time since last: 1010714400 ns, Reaching safepoint: 72400 ns, At safepoint: 5700 ns, Total: 78100 ns
[2024-02-23T08:21:25.637+0000][4616][safepoint   ] Safepoint "Cleanup", Time since last: 1003875600 ns, Reaching safepoint: 254400 ns, At safepoint: 42300 ns, Total: 296700 ns
[2024-02-23T08:21:27.638+0000][4616][safepoint   ] Safepoint "Cleanup", Time since last: 2000315500 ns, Reaching safepoint: 203200 ns, At safepoint: 20300 ns, Total: 223500 ns
[2024-02-23T08:21:28.639+0000][4616][safepoint   ] Safepoint "Cleanup", Time since last: 1000989800 ns, Reaching safepoint: 106100 ns, At safepoint: 14700 ns, Total: 120800 ns
[2024-02-23T08:21:29.640+0000][4616][safepoint   ] Safepoint "Cleanup", Time since last: 1000323000 ns, Reaching safepoint: 118100 ns, At safepoint: 9100 ns, Total: 127200 ns
[2024-02-23T08:21:30.641+0000][4616][safepoint   ] Safepoint "Cleanup", Time since last: 1000875800 ns, Reaching safepoint: 269600 ns, At safepoint: 14100 ns, Total: 283700 ns
[2024-02-23T08:21:31.653+0000][4616][safepoint   ] Safepoint "Cleanup", Time since last: 1012214300 ns, Reaching safepoint: 89600 ns, At safepoint: 7600 ns, Total: 97200 ns
[2024-02-23T08:21:32.654+0000][4616][safepoint   ] Safepoint "Cleanup", Time since last: 1001063100 ns, Reaching safepoint: 91300 ns, At safepoint: 7700 ns, Total: 99000 ns
[2024-02-23T08:21:34.668+0000][4616][safepoint   ] Safepoint "Cleanup", Time since last: 2013304300 ns, Reaching safepoint: 94400 ns, At safepoint: 16000 ns, Total: 110400 ns
[2024-02-23T08:21:35.670+0000][4616][safepoint   ] Safepoint "Cleanup", Time since last: 1001410500 ns, Reaching safepoint: 798300 ns, At safepoint: 57600 ns, Total: 855900 ns
[2024-02-23T08:21:37.571+0000][4616][safepoint   ] Safepoint "Cleanup", Time since last: 1901317200 ns, Reaching safepoint: 74700 ns, At safepoint: 43300 ns, Total: 118000 ns
[2024-02-23T08:21:38.587+0000][4616][safepoint   ] Safepoint "Cleanup", Time since last: 1014606100 ns, Reaching safepoint: 537000 ns, At safepoint: 30500 ns, Total: 567500 ns
[2024-02-23T08:21:40.603+0000][4616][safepoint   ] Safepoint "Cleanup", Time since last: 2016369700 ns, Reaching safepoint: 127700 ns, At safepoint: 10800 ns, Total: 138500 ns
[2024-02-23T08:21:41.604+0000][4616][safepoint   ] Safepoint "Cleanup", Time since last: 1000567700 ns, Reaching safepoint: 181100 ns, At safepoint: 25100 ns, Total: 206200 ns
[2024-02-23T08:21:42.620+0000][4616][safepoint   ] Safepoint "Cleanup", Time since last: 1015400600 ns, Reaching safepoint: 137200 ns, At safepoint: 29900 ns, Total: 167100 ns
[2024-02-23T08:21:47.652+0000][4616][safepoint   ] Safepoint "Cleanup", Time since last: 5032916000 ns, Reaching safepoint: 129500 ns, At safepoint: 23200 ns, Total: 152700 ns
[2024-02-23T08:21:49.668+0000][4616][safepoint   ] Safepoint "Cleanup", Time since last: 2015797100 ns, Reaching safepoint: 197700 ns, At safepoint: 26000 ns, Total: 223700 ns
[2024-02-23T08:21:53.686+0000][4616][safepoint   ] Safepoint "Cleanup", Time since last: 4017393000 ns, Reaching safepoint: 248000 ns, At safepoint: 32600 ns, Total: 280600 ns
[2024-02-23T08:21:55.688+0000][4616][safepoint   ] Safepoint "Cleanup", Time since last: 2002263500 ns, Reaching safepoint: 173900 ns, At safepoint: 20900 ns, Total: 194800 ns
[2024-02-23T08:21:58.718+0000][4616][safepoint   ] Safepoint "Cleanup", Time since last: 3029116700 ns, Reaching safepoint: 112700 ns, At safepoint: 27200 ns, Total: 139900 ns
[2024-02-23T08:21:59.720+0000][4616][safepoint   ] Safepoint "Cleanup", Time since last: 1002007400 ns, Reaching safepoint: 213400 ns, At safepoint: 42000 ns, Total: 255400 ns
[2024-02-23T08:22:01.734+0000][4616][safepoint   ] Safepoint "Cleanup", Time since last: 2014112100 ns, Reaching safepoint: 147000 ns, At safepoint: 27300 ns, Total: 174300 ns
[2024-02-23T08:22:03.751+0000][4616][safepoint   ] Safepoint "Cleanup", Time since last: 2016440000 ns, Reaching safepoint: 147800 ns, At safepoint: 27000 ns, Total: 174800 ns
[2024-02-23T08:22:08.780+0000][4616][safepoint   ] Safepoint "Cleanup", Time since last: 5028521400 ns, Reaching safepoint: 114800 ns, At safepoint: 13300 ns, Total: 128100 ns
[2024-02-23T08:22:10.792+0000][4616][safepoint   ] Safepoint "Cleanup", Time since last: 2012011600 ns, Reaching safepoint: 78600 ns, At safepoint: 25200 ns, Total: 103800 ns
[2024-02-23T08:22:11.800+0000][4616][safepoint   ] Safepoint "Cleanup", Time since last: 1008004400 ns, Reaching safepoint: 103700 ns, At safepoint: 12400 ns, Total: 116100 ns
[2024-02-23T08:22:12.801+0000][4616][safepoint   ] Safepoint "Cleanup", Time since last: 1000494800 ns, Reaching safepoint: 179900 ns, At safepoint: 13900 ns, Total: 193800 ns
[2024-02-23T08:22:13.817+0000][4616][safepoint   ] Safepoint "Cleanup", Time since last: 1015617300 ns, Reaching safepoint: 154300 ns, At safepoint: 35600 ns, Total: 189900 ns
[2024-02-23T08:22:14.830+0000][4616][safepoint   ] Safepoint "Cleanup", Time since last: 1013582700 ns, Reaching safepoint: 94100 ns, At safepoint: 15000 ns, Total: 109100 ns
[2024-02-23T08:22:16.833+0000][4616][safepoint   ] Safepoint "Cleanup", Time since last: 2003149700 ns, Reaching safepoint: 127000 ns, At safepoint: 9500 ns, Total: 136500 ns
[2024-02-23T08:22:17.849+0000][4616][safepoint   ] Safepoint "Cleanup", Time since last: 1015704900 ns, Reaching safepoint: 90300 ns, At safepoint: 18000 ns, Total: 108300 ns
[2024-02-23T08:22:18.861+0000][4616][safepoint   ] Safepoint "Cleanup", Time since last: 1011296800 ns, Reaching safepoint: 111500 ns, At safepoint: 9900 ns, Total: 121400 ns
[2024-02-23T08:22:19.865+0000][4616][safepoint   ] Safepoint "Cleanup", Time since last: 1004062500 ns, Reaching safepoint: 95300 ns, At safepoint: 12500 ns, Total: 107800 ns
[2024-02-23T08:22:22.880+0000][4616][safepoint   ] Safepoint "Cleanup", Time since last: 3014807300 ns, Reaching safepoint: 96700 ns, At safepoint: 9500 ns, Total: 106200 ns
[2024-02-23T08:22:26.907+0000][4616][safepoint   ] Safepoint "Cleanup", Time since last: 4026879200 ns, Reaching safepoint: 140900 ns, At safepoint: 14500 ns, Total: 155400 ns
[2024-02-23T08:22:27.910+0000][4616][safepoint   ] Safepoint "Cleanup", Time since last: 1002684000 ns, Reaching safepoint: 155300 ns, At safepoint: 18800 ns, Total: 174100 ns
[2024-02-23T08:22:28.924+0000][4616][safepoint   ] Safepoint "Cleanup", Time since last: 1013782300 ns, Reaching safepoint: 85100 ns, At safepoint: 11100 ns, Total: 96200 ns
[2024-02-23T08:22:31.934+0000][4616][safepoint   ] Safepoint "Cleanup", Time since last: 3010315400 ns, Reaching safepoint: 89100 ns, At safepoint: 15800 ns, Total: 104900 ns
[2024-02-23T08:22:34.957+0000][4616][safepoint   ] Safepoint "Cleanup", Time since last: 3023420900 ns, Reaching safepoint: 111000 ns, At safepoint: 48400 ns, Total: 159400 ns
[2024-02-23T08:22:35.965+0000][4616][safepoint   ] Safepoint "Cleanup", Time since last: 1007278900 ns, Reaching safepoint: 107800 ns, At safepoint: 14600 ns, Total: 122400 ns
[2024-02-23T08:22:41.012+0000][4616][safepoint   ] Safepoint "Cleanup", Time since last: 5046749200 ns, Reaching safepoint: 69300 ns, At safepoint: 6800 ns, Total: 76100 ns
[2024-02-23T08:22:42.012+0000][4616][safepoint   ] Safepoint "Cleanup", Time since last: 1000195700 ns, Reaching safepoint: 134600 ns, At safepoint: 5500 ns, Total: 140100 ns
[2024-02-23T08:22:43.013+0000][4616][safepoint   ] Safepoint "Cleanup", Time since last: 1000781600 ns, Reaching safepoint: 164600 ns, At safepoint: 14300 ns, Total: 178900 ns
[2024-02-23T08:22:47.022+0000][4616][safepoint   ] Safepoint "Cleanup", Time since last: 4008492600 ns, Reaching safepoint: 115400 ns, At safepoint: 80200 ns, Total: 195600 ns
[2024-02-23T08:22:48.028+0000][4616][safepoint   ] Safepoint "Cleanup", Time since last: 1006597800 ns, Reaching safepoint: 162200 ns, At safepoint: 14300 ns, Total: 176500 ns
[2024-02-23T08:22:53.063+0000][4616][safepoint   ] Safepoint "Cleanup", Time since last: 5034000000 ns, Reaching safepoint: 94600 ns, At safepoint: 11800 ns, Total: 106400 ns
[2024-02-23T08:22:54.070+0000][4616][safepoint   ] Safepoint "Cleanup", Time since last: 1006975600 ns, Reaching safepoint: 156600 ns, At safepoint: 12200 ns, Total: 168800 ns
[2024-02-23T08:22:56.084+0000][4616][safepoint   ] Safepoint "Cleanup", Time since last: 2014556300 ns, Reaching safepoint: 100000 ns, At safepoint: 12400 ns, Total: 112400 ns
[2024-02-23T08:22:58.112+0000][4616][safepoint   ] Safepoint "Cleanup", Time since last: 2027545700 ns, Reaching safepoint: 105200 ns, At safepoint: 15600 ns, Total: 120800 ns
[2024-02-23T08:22:59.124+0000][4616][safepoint   ] Safepoint "Cleanup", Time since last: 1011584800 ns, Reaching safepoint: 140900 ns, At safepoint: 34000 ns, Total: 174900 ns
[2024-02-23T08:23:00.128+0000][4616][safepoint   ] Safepoint "Cleanup", Time since last: 1004143100 ns, Reaching safepoint: 112300 ns, At safepoint: 22500 ns, Total: 134800 ns
[2024-02-23T08:23:05.163+0000][4616][safepoint   ] Safepoint "Cleanup", Time since last: 5034317200 ns, Reaching safepoint: 102800 ns, At safepoint: 15100 ns, Total: 117900 ns
[2024-02-23T08:23:06.165+0000][4616][safepoint   ] Safepoint "Cleanup", Time since last: 1002491000 ns, Reaching safepoint: 99800 ns, At safepoint: 11500 ns, Total: 111300 ns
[2024-02-23T08:23:08.171+0000][4616][safepoint   ] Safepoint "Cleanup", Time since last: 2005735600 ns, Reaching safepoint: 72000 ns, At safepoint: 9400 ns, Total: 81400 ns
[2024-02-23T08:23:10.178+0000][4616][safepoint   ] Safepoint "Cleanup", Time since last: 2006329000 ns, Reaching safepoint: 219500 ns, At safepoint: 34500 ns, Total: 254000 ns
[2024-02-23T08:23:11.178+0000][4616][safepoint   ] Safepoint "Cleanup", Time since last: 1000323700 ns, Reaching safepoint: 65400 ns, At safepoint: 7200 ns, Total: 72600 ns
[2024-02-23T08:23:12.178+0000][4616][safepoint   ] Safepoint "Cleanup", Time since last: 1000134100 ns, Reaching safepoint: 136500 ns, At safepoint: 26200 ns, Total: 162700 ns
[2024-02-23T08:23:13.179+0000][4616][safepoint   ] Safepoint "Cleanup", Time since last: 1000488300 ns, Reaching safepoint: 170000 ns, At safepoint: 13600 ns, Total: 183600 ns
[2024-02-23T08:23:17.207+0000][4616][safepoint   ] Safepoint "Cleanup", Time since last: 4028195000 ns, Reaching safepoint: 101300 ns, At safepoint: 15200 ns, Total: 116500 ns
[2024-02-23T08:23:20.213+0000][4616][safepoint   ] Safepoint "Cleanup", Time since last: 3004989600 ns, Reaching safepoint: 187600 ns, At safepoint: 19400 ns, Total: 207000 ns
[2024-02-23T08:23:23.226+0000][4616][safepoint   ] Safepoint "Cleanup", Time since last: 3013644300 ns, Reaching safepoint: 134800 ns, At safepoint: 16000 ns, Total: 150800 ns
[2024-02-23T08:23:24.241+0000][4616][safepoint   ] Safepoint "Cleanup", Time since last: 1014594100 ns, Reaching safepoint: 83100 ns, At safepoint: 14600 ns, Total: 97700 ns
[2024-02-23T08:23:26.244+0000][4616][safepoint   ] Safepoint "Cleanup", Time since last: 2002871200 ns, Reaching safepoint: 97300 ns, At safepoint: 52200 ns, Total: 149500 ns
[2024-02-23T08:23:28.266+0000][4616][safepoint   ] Safepoint "Cleanup", Time since last: 2021281000 ns, Reaching safepoint: 433500 ns, At safepoint: 77300 ns, Total: 510800 ns
[2024-02-23T08:23:29.275+0000][4616][safepoint   ] Safepoint "Cleanup", Time since last: 1008814500 ns, Reaching safepoint: 155000 ns, At safepoint: 32700 ns, Total: 187700 ns
[2024-02-23T08:23:30.277+0000][4616][safepoint   ] Safepoint "Cleanup", Time since last: 1002075400 ns, Reaching safepoint: 139600 ns, At safepoint: 11500 ns, Total: 151100 ns
[2024-02-23T08:23:32.292+0000][4616][safepoint   ] Safepoint "Cleanup", Time since last: 2015034300 ns, Reaching safepoint: 93200 ns, At safepoint: 6300 ns, Total: 99500 ns
[2024-02-23T08:23:33.308+0000][4616][safepoint   ] Safepoint "Cleanup", Time since last: 1015397100 ns, Reaching safepoint: 74300 ns, At safepoint: 16700 ns, Total: 91000 ns
[2024-02-23T08:23:35.325+0000][4616][safepoint   ] Safepoint "Cleanup", Time since last: 2017043000 ns, Reaching safepoint: 93400 ns, At safepoint: 9000 ns, Total: 102400 ns
[2024-02-23T08:23:36.340+0000][4616][safepoint   ] Safepoint "Cleanup", Time since last: 1014818200 ns, Reaching safepoint: 100400 ns, At safepoint: 13200 ns, Total: 113600 ns
[2024-02-23T08:23:38.341+0000][4616][safepoint   ] Safepoint "Cleanup", Time since last: 2001461100 ns, Reaching safepoint: 67000 ns, At safepoint: 7000 ns, Total: 74000 ns
[2024-02-23T08:23:41.358+0000][4616][safepoint   ] Safepoint "Cleanup", Time since last: 3016259000 ns, Reaching safepoint: 82200 ns, At safepoint: 10900 ns, Total: 93100 ns
[2024-02-23T08:23:42.371+0000][4616][safepoint   ] Safepoint "Cleanup", Time since last: 1012870300 ns, Reaching safepoint: 68700 ns, At safepoint: 6600 ns, Total: 75300 ns
[2024-02-23T08:23:43.372+0000][4616][safepoint   ] Safepoint "Cleanup", Time since last: 1001721400 ns, Reaching safepoint: 89400 ns, At safepoint: 16100 ns, Total: 105500 ns
[2024-02-23T08:23:47.390+0000][4616][safepoint   ] Safepoint "Cleanup", Time since last: 4017841600 ns, Reaching safepoint: 118600 ns, At safepoint: 14800 ns, Total: 133400 ns
[2024-02-23T08:23:48.392+0000][4616][safepoint   ] Safepoint "Cleanup", Time since last: 1001249700 ns, Reaching safepoint: 108400 ns, At safepoint: 10000 ns, Total: 118400 ns
[2024-02-23T08:23:52.430+0000][4616][safepoint   ] Safepoint "Cleanup", Time since last: 4037844300 ns, Reaching safepoint: 185500 ns, At safepoint: 35300 ns, Total: 220800 ns
[2024-02-23T08:23:53.440+0000][4616][safepoint   ] Safepoint "Cleanup", Time since last: 1009484600 ns, Reaching safepoint: 378100 ns, At safepoint: 56000 ns, Total: 434100 ns
[2024-02-23T08:23:54.440+0000][4616][safepoint   ] Safepoint "Cleanup", Time since last: 1000056000 ns, Reaching safepoint: 118600 ns, At safepoint: 7000 ns, Total: 125600 ns
[2024-02-23T08:23:55.445+0000][4616][safepoint   ] Safepoint "Cleanup", Time since last: 1005179500 ns, Reaching safepoint: 88900 ns, At safepoint: 5800 ns, Total: 94700 ns
[2024-02-23T08:23:59.488+0000][4616][safepoint   ] Safepoint "Cleanup", Time since last: 4043138000 ns, Reaching safepoint: 96800 ns, At safepoint: 8400 ns, Total: 105200 ns
[2024-02-23T08:24:00.498+0000][4616][safepoint   ] Safepoint "Cleanup", Time since last: 1009203500 ns, Reaching safepoint: 117600 ns, At safepoint: 16100 ns, Total: 133700 ns
[2024-02-23T08:24:03.506+0000][4616][safepoint   ] Safepoint "Cleanup", Time since last: 3007948300 ns, Reaching safepoint: 121200 ns, At safepoint: 12900 ns, Total: 134100 ns
[2024-02-23T08:24:04.516+0000][4616][safepoint   ] Safepoint "Cleanup", Time since last: 1009647300 ns, Reaching safepoint: 183400 ns, At safepoint: 9600 ns, Total: 193000 ns
[2024-02-23T08:24:05.522+0000][4616][safepoint   ] Safepoint "Cleanup", Time since last: 1006221100 ns, Reaching safepoint: 89900 ns, At safepoint: 35900 ns, Total: 125800 ns
[2024-02-23T08:24:11.571+0000][4616][safepoint   ] Safepoint "Cleanup", Time since last: 6049098800 ns, Reaching safepoint: 73300 ns, At safepoint: 6500 ns, Total: 79800 ns
[2024-02-23T08:24:12.585+0000][4616][safepoint   ] Safepoint "Cleanup", Time since last: 1013298500 ns, Reaching safepoint: 75700 ns, At safepoint: 11000 ns, Total: 86700 ns
[2024-02-23T08:24:13.589+0000][4616][safepoint   ] Safepoint "Cleanup", Time since last: 1004242600 ns, Reaching safepoint: 140800 ns, At safepoint: 26200 ns, Total: 167000 ns
[2024-02-23T08:24:14.592+0000][4616][safepoint   ] Safepoint "Cleanup", Time since last: 1002681800 ns, Reaching safepoint: 89200 ns, At safepoint: 5000 ns, Total: 94200 ns
[2024-02-23T08:24:15.603+0000][4616][safepoint   ] Safepoint "Cleanup", Time since last: 1011512400 ns, Reaching safepoint: 81000 ns, At safepoint: 39700 ns, Total: 120700 ns
[2024-02-23T08:24:17.614+0000][4616][safepoint   ] Safepoint "Cleanup", Time since last: 2011027600 ns, Reaching safepoint: 51200 ns, At safepoint: 6000 ns, Total: 57200 ns
[2024-02-23T08:24:23.653+0000][4616][safepoint   ] Safepoint "Cleanup", Time since last: 6038696000 ns, Reaching safepoint: 59400 ns, At safepoint: 6700 ns, Total: 66100 ns
[2024-02-23T08:24:24.670+0000][4616][safepoint   ] Safepoint "Cleanup", Time since last: 1016649100 ns, Reaching safepoint: 67100 ns, At safepoint: 4700 ns, Total: 71800 ns
[2024-02-23T08:24:26.700+0000][4616][safepoint   ] Safepoint "Cleanup", Time since last: 2029742600 ns, Reaching safepoint: 76600 ns, At safepoint: 6100 ns, Total: 82700 ns
[2024-02-23T08:24:28.718+0000][4616][safepoint   ] Safepoint "Cleanup", Time since last: 2017864600 ns, Reaching safepoint: 87600 ns, At safepoint: 11400 ns, Total: 99000 ns
[2024-02-23T08:24:29.719+0000][4616][safepoint   ] Safepoint "Cleanup", Time since last: 1001477700 ns, Reaching safepoint: 79700 ns, At safepoint: 9500 ns, Total: 89200 ns
[2024-02-23T08:24:30.721+0000][4616][safepoint   ] Safepoint "Cleanup", Time since last: 1002015900 ns, Reaching safepoint: 104600 ns, At safepoint: 6600 ns, Total: 111200 ns
[2024-02-23T08:24:31.736+0000][4616][safepoint   ] Safepoint "Cleanup", Time since last: 1014389100 ns, Reaching safepoint: 78600 ns, At safepoint: 10800 ns, Total: 89400 ns
[2024-02-23T08:24:33.743+0000][4616][safepoint   ] Safepoint "Cleanup", Time since last: 2006628800 ns, Reaching safepoint: 142900 ns, At safepoint: 7700 ns, Total: 150600 ns
[2024-02-23T08:24:34.743+0000][4616][safepoint   ] Safepoint "Cleanup", Time since last: 1000268700 ns, Reaching safepoint: 102200 ns, At safepoint: 11100 ns, Total: 113300 ns
[2024-02-23T08:24:35.752+0000][4616][safepoint   ] Safepoint "Cleanup", Time since last: 1009099000 ns, Reaching safepoint: 104700 ns, At safepoint: 51400 ns, Total: 156100 ns
[2024-02-23T08:24:36.769+0000][4616][safepoint   ] Safepoint "Cleanup", Time since last: 1016257000 ns, Reaching safepoint: 117600 ns, At safepoint: 11500 ns, Total: 129100 ns
[2024-02-23T08:24:38.673+0000][4616][safepoint   ] Safepoint "Cleanup", Time since last: 1904189300 ns, Reaching safepoint: 55400 ns, At safepoint: 12500 ns, Total: 67900 ns
[2024-02-23T08:24:39.156+0000][4616][safepoint   ] Safepoint "ICBufferFull", Time since last: 483065400 ns, Reaching safepoint: 141900 ns, At safepoint: 53700 ns, Total: 195600 ns
[2024-02-23T08:24:40.193+0000][4616][safepoint   ] Safepoint "Cleanup", Time since last: 1007882700 ns, Reaching safepoint: 28768600 ns, At safepoint: 57600 ns, Total: 28826200 ns
[2024-02-23T08:24:41.207+0000][4616][safepoint   ] Safepoint "Cleanup", Time since last: 1013684600 ns, Reaching safepoint: 78800 ns, At safepoint: 10800 ns, Total: 89600 ns
[2024-02-23T08:24:42.207+0000][4616][safepoint   ] Safepoint "Cleanup", Time since last: 1000230600 ns, Reaching safepoint: 99000 ns, At safepoint: 33300 ns, Total: 132300 ns
[2024-02-23T08:24:44.220+0000][4616][safepoint   ] Safepoint "Cleanup", Time since last: 2013067800 ns, Reaching safepoint: 186800 ns, At safepoint: 32300 ns, Total: 219100 ns
[2024-02-23T08:24:45.223+0000][4616][safepoint   ] Safepoint "Cleanup", Time since last: 1002158700 ns, Reaching safepoint: 222000 ns, At safepoint: 167800 ns, Total: 389800 ns
[2024-02-23T08:24:46.223+0000][4616][safepoint   ] Safepoint "Cleanup", Time since last: 1000309300 ns, Reaching safepoint: 108600 ns, At safepoint: 43600 ns, Total: 152200 ns
[2024-02-23T08:24:47.230+0000][4616][safepoint   ] Safepoint "Cleanup", Time since last: 1006174500 ns, Reaching safepoint: 87400 ns, At safepoint: 12900 ns, Total: 100300 ns
[2024-02-23T08:24:48.242+0000][4616][safepoint   ] Safepoint "Cleanup", Time since last: 1011826800 ns, Reaching safepoint: 382400 ns, At safepoint: 38300 ns, Total: 420700 ns
[2024-02-23T08:24:49.254+0000][4616][safepoint   ] Safepoint "Cleanup", Time since last: 1012075900 ns, Reaching safepoint: 133800 ns, At safepoint: 18200 ns, Total: 152000 ns
[2024-02-23T08:24:50.254+0000][4616][safepoint   ] Safepoint "Cleanup", Time since last: 1000140200 ns, Reaching safepoint: 189700 ns, At safepoint: 43000 ns, Total: 232700 ns
[2024-02-23T08:24:51.269+0000][4616][safepoint   ] Safepoint "Cleanup", Time since last: 1014876100 ns, Reaching safepoint: 94500 ns, At safepoint: 24600 ns, Total: 119100 ns
[2024-02-23T08:24:53.284+0000][4616][safepoint   ] Safepoint "Cleanup", Time since last: 2014141300 ns, Reaching safepoint: 68300 ns, At safepoint: 17200 ns, Total: 85500 ns
[2024-02-23T08:24:54.289+0000][4616][safepoint   ] Safepoint "Cleanup", Time since last: 1004850300 ns, Reaching safepoint: 86500 ns, At safepoint: 10500 ns, Total: 97000 ns
[2024-02-23T08:24:55.302+0000][4616][safepoint   ] Safepoint "Cleanup", Time since last: 1013348000 ns, Reaching safepoint: 342200 ns, At safepoint: 10200 ns, Total: 352400 ns
[2024-02-23T08:24:56.317+0000][4616][safepoint   ] Safepoint "Cleanup", Time since last: 1014256000 ns, Reaching safepoint: 92900 ns, At safepoint: 19300 ns, Total: 112200 ns
[2024-02-23T08:24:58.329+0000][4616][safepoint   ] Safepoint "Cleanup", Time since last: 2012313600 ns, Reaching safepoint: 75000 ns, At safepoint: 10600 ns, Total: 85600 ns
[2024-02-23T08:24:59.334+0000][4616][safepoint   ] Safepoint "Cleanup", Time since last: 1005245100 ns, Reaching safepoint: 107100 ns, At safepoint: 10200 ns, Total: 117300 ns
[2024-02-23T08:25:01.336+0000][4616][safepoint   ] Safepoint "Cleanup", Time since last: 2001579300 ns, Reaching safepoint: 125600 ns, At safepoint: 25600 ns, Total: 151200 ns
[2024-02-23T08:25:05.366+0000][4616][safepoint   ] Safepoint "Cleanup", Time since last: 4029516300 ns, Reaching safepoint: 94000 ns, At safepoint: 11800 ns, Total: 105800 ns
[2024-02-23T08:25:06.382+0000][4616][safepoint   ] Safepoint "Cleanup", Time since last: 1016147100 ns, Reaching safepoint: 96100 ns, At safepoint: 26800 ns, Total: 122900 ns
[2024-02-23T08:25:07.397+0000][4616][safepoint   ] Safepoint "Cleanup", Time since last: 1015025200 ns, Reaching safepoint: 144600 ns, At safepoint: 54500 ns, Total: 199100 ns
[2024-02-23T08:25:08.399+0000][4616][safepoint   ] Safepoint "Cleanup", Time since last: 1001534500 ns, Reaching safepoint: 145600 ns, At safepoint: 26200 ns, Total: 171800 ns
[2024-02-23T08:25:10.416+0000][4616][safepoint   ] Safepoint "Cleanup", Time since last: 2016815400 ns, Reaching safepoint: 143099 ns, At safepoint: 26601 ns, Total: 169700 ns
[2024-02-23T08:25:12.433+0000][4616][safepoint   ] Safepoint "Cleanup", Time since last: 2016390200 ns, Reaching safepoint: 300700 ns, At safepoint: 36100 ns, Total: 336800 ns
[2024-02-23T08:25:13.433+0000][4616][safepoint   ] Safepoint "Cleanup", Time since last: 1000525200 ns, Reaching safepoint: 191199 ns, At safepoint: 50901 ns, Total: 242100 ns
[2024-02-23T08:25:17.465+0000][4616][safepoint   ] Safepoint "Cleanup", Time since last: 4031284400 ns, Reaching safepoint: 138800 ns, At safepoint: 55500 ns, Total: 194300 ns
[2024-02-23T08:25:18.466+0000][4616][safepoint   ] Safepoint "Cleanup", Time since last: 1000805500 ns, Reaching safepoint: 113200 ns, At safepoint: 77100 ns, Total: 190300 ns
[2024-02-23T08:25:23.504+0000][4616][safepoint   ] Safepoint "Cleanup", Time since last: 5038288900 ns, Reaching safepoint: 136400 ns, At safepoint: 18600 ns, Total: 155000 ns
[2024-02-23T08:25:29.557+0000][4616][safepoint   ] Safepoint "Cleanup", Time since last: 6052605200 ns, Reaching safepoint: 80099 ns, At safepoint: 42901 ns, Total: 123000 ns
[2024-02-23T08:25:30.559+0000][4616][safepoint   ] Safepoint "Cleanup", Time since last: 1001531600 ns, Reaching safepoint: 118500 ns, At safepoint: 57399 ns, Total: 175899 ns
[2024-02-23T08:25:32.564+0000][4616][safepoint   ] Safepoint "Cleanup", Time since last: 2004813300 ns, Reaching safepoint: 165901 ns, At safepoint: 56000 ns, Total: 221901 ns
[2024-02-23T08:25:35.578+0000][4616][safepoint   ] Safepoint "Cleanup", Time since last: 3013979400 ns, Reaching safepoint: 154900 ns, At safepoint: 6600 ns, Total: 161500 ns
[2024-02-23T08:25:36.579+0000][4616][safepoint   ] Safepoint "Cleanup", Time since last: 1000716600 ns, Reaching safepoint: 126800 ns, At safepoint: 13700 ns, Total: 140500 ns
[2024-02-23T08:25:37.580+0000][4616][safepoint   ] Safepoint "Cleanup", Time since last: 1000524599 ns, Reaching safepoint: 98501 ns, At safepoint: 15100 ns, Total: 113601 ns
[2024-02-23T08:25:38.580+0000][4616][safepoint   ] Safepoint "Cleanup", Time since last: 1000777300 ns, Reaching safepoint: 248500 ns, At safepoint: 103900 ns, Total: 352400 ns
[2024-02-23T08:25:40.594+0000][4616][safepoint   ] Safepoint "Cleanup", Time since last: 2013273599 ns, Reaching safepoint: 198501 ns, At safepoint: 17200 ns, Total: 215701 ns
[2024-02-23T08:25:41.599+0000][4616][safepoint   ] Safepoint "Cleanup", Time since last: 1004759900 ns, Reaching safepoint: 154800 ns, At safepoint: 22100 ns, Total: 176900 ns
[2024-02-23T08:25:42.612+0000][4616][safepoint   ] Safepoint "Cleanup", Time since last: 1013250300 ns, Reaching safepoint: 129999 ns, At safepoint: 27301 ns, Total: 157300 ns
[2024-02-23T08:25:44.615+0000][4616][safepoint   ] Safepoint "Cleanup", Time since last: 2002937900 ns, Reaching safepoint: 183800 ns, At safepoint: 83299 ns, Total: 267099 ns
[2024-02-23T08:25:45.629+0000][4616][safepoint   ] Safepoint "Cleanup", Time since last: 1013070101 ns, Reaching safepoint: 197600 ns, At safepoint: 42600 ns, Total: 240200 ns
[2024-02-23T08:25:46.630+0000][4616][safepoint   ] Safepoint "Cleanup", Time since last: 1000935100 ns, Reaching safepoint: 156700 ns, At safepoint: 18900 ns, Total: 175600 ns
[2024-02-23T08:25:47.645+0000][4616][safepoint   ] Safepoint "Cleanup", Time since last: 1014539399 ns, Reaching safepoint: 135101 ns, At safepoint: 12700 ns, Total: 147801 ns
[2024-02-23T08:25:49.659+0000][4616][safepoint   ] Safepoint "Cleanup", Time since last: 2013702800 ns, Reaching safepoint: 102600 ns, At safepoint: 45799 ns, Total: 148399 ns
[2024-02-23T08:25:50.661+0000][4616][safepoint   ] Safepoint "Cleanup", Time since last: 1002535101 ns, Reaching safepoint: 107800 ns, At safepoint: 14800 ns, Total: 122600 ns
[2024-02-23T08:25:51.677+0000][4616][safepoint   ] Safepoint "Cleanup", Time since last: 1015223500 ns, Reaching safepoint: 165000 ns, At safepoint: 74900 ns, Total: 239900 ns
[2024-02-23T08:25:53.695+0000][4616][safepoint   ] Safepoint "Cleanup", Time since last: 2018164400 ns, Reaching safepoint: 91200 ns, At safepoint: 131100 ns, Total: 222300 ns
[2024-02-23T08:25:54.707+0000][4616][safepoint   ] Safepoint "Cleanup", Time since last: 1012177000 ns, Reaching safepoint: 96600 ns, At safepoint: 31100 ns, Total: 127700 ns
[2024-02-23T08:25:56.728+0000][4616][safepoint   ] Safepoint "Cleanup", Time since last: 2020110000 ns, Reaching safepoint: 124500 ns, At safepoint: 35899 ns, Total: 160399 ns
[2024-02-23T08:25:57.731+0000][4616][safepoint   ] Safepoint "Cleanup", Time since last: 1002734501 ns, Reaching safepoint: 177500 ns, At safepoint: 51500 ns, Total: 229000 ns
[2024-02-23T08:25:58.741+0000][4616][safepoint   ] Safepoint "Cleanup", Time since last: 1010587799 ns, Reaching safepoint: 82701 ns, At safepoint: 12800 ns, Total: 95501 ns
[2024-02-23T08:25:59.754+0000][4616][safepoint   ] Safepoint "Cleanup", Time since last: 1012859100 ns, Reaching safepoint: 120599 ns, At safepoint: 25401 ns, Total: 146000 ns
[2024-02-23T08:26:01.770+0000][4616][safepoint   ] Safepoint "Cleanup", Time since last: 2014982100 ns, Reaching safepoint: 230900 ns, At safepoint: 21500 ns, Total: 252400 ns
[2024-02-23T08:26:02.783+0000][4616][safepoint   ] Safepoint "Cleanup", Time since last: 1013344400 ns, Reaching safepoint: 100700 ns, At safepoint: 21100 ns, Total: 121800 ns
[2024-02-23T08:26:05.815+0000][4616][safepoint   ] Safepoint "Cleanup", Time since last: 3031697900 ns, Reaching safepoint: 138099 ns, At safepoint: 29701 ns, Total: 167800 ns
[2024-02-23T08:26:11.882+0000][4616][safepoint   ] Safepoint "Cleanup", Time since last: 6066891100 ns, Reaching safepoint: 118900 ns, At safepoint: 55500 ns, Total: 174400 ns
[2024-02-23T08:26:12.895+0000][4616][safepoint   ] Safepoint "Cleanup", Time since last: 1013265000 ns, Reaching safepoint: 150099 ns, At safepoint: 64101 ns, Total: 214200 ns
[2024-02-23T08:26:13.896+0000][4616][safepoint   ] Safepoint "Cleanup", Time since last: 1000923100 ns, Reaching safepoint: 101000 ns, At safepoint: 75199 ns, Total: 176199 ns
[2024-02-23T08:26:14.909+0000][4616][safepoint   ] Safepoint "Cleanup", Time since last: 1012886501 ns, Reaching safepoint: 114100 ns, At safepoint: 70400 ns, Total: 184500 ns
[2024-02-23T08:26:16.912+0000][4616][safepoint   ] Safepoint "Cleanup", Time since last: 2002498099 ns, Reaching safepoint: 135600 ns, At safepoint: 11001 ns, Total: 146601 ns
[2024-02-23T08:26:17.920+0000][4616][safepoint   ] Safepoint "Cleanup", Time since last: 1007704200 ns, Reaching safepoint: 190800 ns, At safepoint: 16500 ns, Total: 207300 ns
[2024-02-23T08:26:20.953+0000][4616][safepoint   ] Safepoint "Cleanup", Time since last: 3032605799 ns, Reaching safepoint: 223401 ns, At safepoint: 63700 ns, Total: 287101 ns
[2024-02-23T08:26:23.978+0000][4616][safepoint   ] Safepoint "Cleanup", Time since last: 3024710199 ns, Reaching safepoint: 98501 ns, At safepoint: 37500 ns, Total: 136001 ns
[2024-02-23T08:26:24.978+0000][4616][safepoint   ] Safepoint "Cleanup", Time since last: 1000275200 ns, Reaching safepoint: 140900 ns, At safepoint: 62600 ns, Total: 203500 ns
[2024-02-23T08:26:26.980+0000][4616][safepoint   ] Safepoint "Cleanup", Time since last: 2001539200 ns, Reaching safepoint: 146400 ns, At safepoint: 77700 ns, Total: 224100 ns
[2024-02-23T08:26:28.995+0000][4616][safepoint   ] Safepoint "Cleanup", Time since last: 2014729300 ns, Reaching safepoint: 106500 ns, At safepoint: 65200 ns, Total: 171700 ns
[2024-02-23T08:26:30.008+0000][4616][safepoint   ] Safepoint "Cleanup", Time since last: 1012694600 ns, Reaching safepoint: 321100 ns, At safepoint: 110100 ns, Total: 431200 ns
[2024-02-23T08:26:33.026+0000][4616][safepoint   ] Safepoint "Cleanup", Time since last: 3018284100 ns, Reaching safepoint: 263300 ns, At safepoint: 49600 ns, Total: 312900 ns
[2024-02-23T08:26:34.040+0000][4616][safepoint   ] Safepoint "Cleanup", Time since last: 1013520300 ns, Reaching safepoint: 111700 ns, At safepoint: 72400 ns, Total: 184100 ns
[2024-02-23T08:26:35.042+0000][4616][safepoint   ] Safepoint "Cleanup", Time since last: 1001363300 ns, Reaching safepoint: 152600 ns, At safepoint: 87100 ns, Total: 239700 ns
[2024-02-23T08:26:36.057+0000][4616][safepoint   ] Safepoint "Cleanup", Time since last: 1014660900 ns, Reaching safepoint: 108900 ns, At safepoint: 60200 ns, Total: 169100 ns
[2024-02-23T08:26:42.106+0000][4616][safepoint   ] Safepoint "Cleanup", Time since last: 6049173400 ns, Reaching safepoint: 156000 ns, At safepoint: 91600 ns, Total: 247600 ns
[2024-02-23T08:26:43.108+0000][4616][safepoint   ] Safepoint "Cleanup", Time since last: 1001806700 ns, Reaching safepoint: 98300 ns, At safepoint: 65200 ns, Total: 163500 ns
[2024-02-23T08:26:48.132+0000][4616][safepoint   ] Safepoint "Cleanup", Time since last: 5023172800 ns, Reaching safepoint: 118400 ns, At safepoint: 39800 ns, Total: 158200 ns
[2024-02-23T08:26:49.139+0000][4616][safepoint   ] Safepoint "Cleanup", Time since last: 1007230200 ns, Reaching safepoint: 149800 ns, At safepoint: 65800 ns, Total: 215600 ns
[2024-02-23T08:26:51.156+0000][4616][safepoint   ] Safepoint "Cleanup", Time since last: 2016438800 ns, Reaching safepoint: 155200 ns, At safepoint: 51200 ns, Total: 206400 ns
[2024-02-23T08:26:52.156+0000][4616][safepoint   ] Safepoint "Cleanup", Time since last: 1000251900 ns, Reaching safepoint: 176200 ns, At safepoint: 65100 ns, Total: 241300 ns
[2024-02-23T08:26:53.172+0000][4616][safepoint   ] Safepoint "Cleanup", Time since last: 1015710200 ns, Reaching safepoint: 204500 ns, At safepoint: 88600 ns, Total: 293100 ns
[2024-02-23T08:27:03.238+0000][4616][safepoint   ] Safepoint "Cleanup", Time since last: 10065298900 ns, Reaching safepoint: 147900 ns, At safepoint: 77200 ns, Total: 225100 ns
[2024-02-23T08:27:06.252+0000][4616][safepoint   ] Safepoint "Cleanup", Time since last: 3014364800 ns, Reaching safepoint: 117200 ns, At safepoint: 12800 ns, Total: 130000 ns
[2024-02-23T08:27:07.270+0000][4616][safepoint   ] Safepoint "Cleanup", Time since last: 1017767700 ns, Reaching safepoint: 115500 ns, At safepoint: 50700 ns, Total: 166200 ns
[2024-02-23T08:27:08.270+0000][4616][safepoint   ] Safepoint "Cleanup", Time since last: 1000108100 ns, Reaching safepoint: 91200 ns, At safepoint: 53700 ns, Total: 144900 ns
[2024-02-23T08:27:12.290+0000][4616][safepoint   ] Safepoint "Cleanup", Time since last: 4018948800 ns, Reaching safepoint: 215300 ns, At safepoint: 22500 ns, Total: 237800 ns
[2024-02-23T08:27:13.302+0000][4616][safepoint   ] Safepoint "Cleanup", Time since last: 1012015800 ns, Reaching safepoint: 207000 ns, At safepoint: 98400 ns, Total: 305400 ns
[2024-02-23T08:27:18.364+0000][4616][safepoint   ] Safepoint "Cleanup", Time since last: 5062086900 ns, Reaching safepoint: 76100 ns, At safepoint: 14500 ns, Total: 90600 ns
[2024-02-23T08:27:24.403+0000][4616][safepoint   ] Safepoint "Cleanup", Time since last: 6038554800 ns, Reaching safepoint: 195200 ns, At safepoint: 80300 ns, Total: 275500 ns
[2024-02-23T08:27:27.421+0000][4616][safepoint   ] Safepoint "Cleanup", Time since last: 3017995500 ns, Reaching safepoint: 181500 ns, At safepoint: 92200 ns, Total: 273700 ns
[2024-02-23T08:27:29.261+0000][4616][safepoint   ] Safepoint "Cleanup", Time since last: 1839280600 ns, Reaching safepoint: 150600 ns, At safepoint: 14400 ns, Total: 165000 ns
[2024-02-23T08:27:30.286+0000][4616][safepoint   ] Safepoint "Cleanup", Time since last: 1025197100 ns, Reaching safepoint: 121100 ns, At safepoint: 8800 ns, Total: 129900 ns
[2024-02-23T08:27:36.333+0000][4616][safepoint   ] Safepoint "Cleanup", Time since last: 6047390500 ns, Reaching safepoint: 98400 ns, At safepoint: 8700 ns, Total: 107100 ns
[2024-02-23T08:27:38.338+0000][4616][safepoint   ] Safepoint "Cleanup", Time since last: 2004930800 ns, Reaching safepoint: 137100 ns, At safepoint: 15100 ns, Total: 152200 ns
[2024-02-23T08:27:42.376+0000][4616][safepoint   ] Safepoint "Cleanup", Time since last: 4037014900 ns, Reaching safepoint: 101000 ns, At safepoint: 23100 ns, Total: 124100 ns
[2024-02-23T08:27:49.411+0000][4616][safepoint   ] Safepoint "Cleanup", Time since last: 7034858900 ns, Reaching safepoint: 135400 ns, At safepoint: 11400 ns, Total: 146800 ns
[2024-02-23T08:27:51.423+0000][4616][safepoint   ] Safepoint "Cleanup", Time since last: 2011963200 ns, Reaching safepoint: 147200 ns, At safepoint: 10300 ns, Total: 157500 ns
[2024-02-23T08:27:52.433+0000][4616][safepoint   ] Safepoint "Cleanup", Time since last: 1010288700 ns, Reaching safepoint: 147300 ns, At safepoint: 10200 ns, Total: 157500 ns
[2024-02-23T08:27:53.448+0000][4616][safepoint   ] Safepoint "Cleanup", Time since last: 1014825300 ns, Reaching safepoint: 111900 ns, At safepoint: 23300 ns, Total: 135200 ns
[2024-02-23T08:27:54.452+0000][4616][safepoint   ] Safepoint "Cleanup", Time since last: 1004111700 ns, Reaching safepoint: 85900 ns, At safepoint: 14900 ns, Total: 100800 ns
[2024-02-23T08:28:05.559+0000][4616][safepoint   ] Safepoint "Cleanup", Time since last: 11106659900 ns, Reaching safepoint: 100900 ns, At safepoint: 19600 ns, Total: 120500 ns
[2024-02-23T08:28:11.598+0000][4616][safepoint   ] Safepoint "Cleanup", Time since last: 6038838900 ns, Reaching safepoint: 156000 ns, At safepoint: 265400 ns, Total: 421400 ns
[2024-02-23T08:28:12.600+0000][4616][safepoint   ] Safepoint "Cleanup", Time since last: 1001609500 ns, Reaching safepoint: 98400 ns, At safepoint: 9600 ns, Total: 108000 ns
[2024-02-23T08:28:13.611+0000][4616][safepoint   ] Safepoint "Cleanup", Time since last: 1010219900 ns, Reaching safepoint: 81700 ns, At safepoint: 10000 ns, Total: 91700 ns
[2024-02-23T08:28:18.630+0000][4616][safepoint   ] Safepoint "Cleanup", Time since last: 5019576500 ns, Reaching safepoint: 143100 ns, At safepoint: 8500 ns, Total: 151600 ns
[2024-02-23T08:28:23.666+0000][4616][safepoint   ] Safepoint "Cleanup", Time since last: 5035251400 ns, Reaching safepoint: 54500 ns, At safepoint: 5800 ns, Total: 60300 ns
[2024-02-23T08:28:24.668+0000][4616][safepoint   ] Safepoint "Cleanup", Time since last: 1002624800 ns, Reaching safepoint: 86800 ns, At safepoint: 6000 ns, Total: 92800 ns
[2024-02-23T08:28:26.692+0000][4616][safepoint   ] Safepoint "Cleanup", Time since last: 2023298700 ns, Reaching safepoint: 47900 ns, At safepoint: 8400 ns, Total: 56300 ns
[2024-02-23T08:28:27.707+0000][4616][safepoint   ] Safepoint "Cleanup", Time since last: 1015612500 ns, Reaching safepoint: 198900 ns, At safepoint: 22300 ns, Total: 221200 ns
[2024-02-23T08:28:32.739+0000][4616][safepoint   ] Safepoint "Cleanup", Time since last: 5031727600 ns, Reaching safepoint: 175400 ns, At safepoint: 13300 ns, Total: 188700 ns
[2024-02-23T08:28:35.771+0000][4616][safepoint   ] Safepoint "Cleanup", Time since last: 3030989100 ns, Reaching safepoint: 91100 ns, At safepoint: 50400 ns, Total: 141500 ns
[2024-02-23T08:28:36.777+0000][4616][safepoint   ] Safepoint "Cleanup", Time since last: 1006378300 ns, Reaching safepoint: 145300 ns, At safepoint: 12500 ns, Total: 157800 ns
[2024-02-23T08:28:37.779+0000][4616][safepoint   ] Safepoint "Cleanup", Time since last: 1001790100 ns, Reaching safepoint: 136400 ns, At safepoint: 11100 ns, Total: 147500 ns
[2024-02-23T08:28:41.826+0000][4616][safepoint   ] Safepoint "Cleanup", Time since last: 4047162800 ns, Reaching safepoint: 86800 ns, At safepoint: 8800 ns, Total: 95600 ns
[2024-02-23T08:28:42.832+0000][4616][safepoint   ] Safepoint "Cleanup", Time since last: 1005719100 ns, Reaching safepoint: 134500 ns, At safepoint: 13100 ns, Total: 147600 ns
[2024-02-23T08:28:47.898+0000][4616][safepoint   ] Safepoint "Cleanup", Time since last: 5066062900 ns, Reaching safepoint: 154600 ns, At safepoint: 6900 ns, Total: 161500 ns
[2024-02-23T08:28:53.965+0000][4616][safepoint   ] Safepoint "Cleanup", Time since last: 6067011600 ns, Reaching safepoint: 99900 ns, At safepoint: 23700 ns, Total: 123600 ns
[2024-02-23T08:28:58.989+0000][4616][safepoint   ] Safepoint "Cleanup", Time since last: 5023646800 ns, Reaching safepoint: 110100 ns, At safepoint: 11400 ns, Total: 121500 ns
[2024-02-23T08:29:01.004+0000][4616][safepoint   ] Safepoint "Cleanup", Time since last: 2014488900 ns, Reaching safepoint: 138400 ns, At safepoint: 18100 ns, Total: 156500 ns
[2024-02-23T08:29:06.036+0000][4616][safepoint   ] Safepoint "Cleanup", Time since last: 5031667800 ns, Reaching safepoint: 94900 ns, At safepoint: 9200 ns, Total: 104100 ns
[2024-02-23T08:29:07.046+0000][4616][safepoint   ] Safepoint "Cleanup", Time since last: 1010165300 ns, Reaching safepoint: 140800 ns, At safepoint: 19000 ns, Total: 159800 ns
[2024-02-23T08:29:08.057+0000][4616][safepoint   ] Safepoint "Cleanup", Time since last: 1010815400 ns, Reaching safepoint: 113300 ns, At safepoint: 12900 ns, Total: 126200 ns
[2024-02-23T08:29:12.086+0000][4616][safepoint   ] Safepoint "Cleanup", Time since last: 4028742600 ns, Reaching safepoint: 89100 ns, At safepoint: 10500 ns, Total: 99600 ns
[2024-02-23T08:29:13.098+0000][4616][safepoint   ] Safepoint "Cleanup", Time since last: 1012565800 ns, Reaching safepoint: 685000 ns, At safepoint: 13500 ns, Total: 698500 ns
[2024-02-23T08:29:15.114+0000][4616][safepoint   ] Safepoint "Cleanup", Time since last: 2014438800 ns, Reaching safepoint: 128500 ns, At safepoint: 11500 ns, Total: 140000 ns
[2024-02-23T08:29:16.114+0000][4616][safepoint   ] Safepoint "Cleanup", Time since last: 1000440300 ns, Reaching safepoint: 130900 ns, At safepoint: 11300 ns, Total: 142200 ns
[2024-02-23T08:29:17.130+0000][4616][safepoint   ] Safepoint "Cleanup", Time since last: 1015533700 ns, Reaching safepoint: 170600 ns, At safepoint: 16900 ns, Total: 187500 ns
[2024-02-23T08:29:19.145+0000][4616][safepoint   ] Safepoint "Cleanup", Time since last: 2014945300 ns, Reaching safepoint: 100000 ns, At safepoint: 10100 ns, Total: 110100 ns
[2024-02-23T08:29:21.162+0000][4616][safepoint   ] Safepoint "Cleanup", Time since last: 2016800200 ns, Reaching safepoint: 109600 ns, At safepoint: 11500 ns, Total: 121100 ns
[2024-02-23T08:29:25.207+0000][4616][safepoint   ] Safepoint "Cleanup", Time since last: 4045480600 ns, Reaching safepoint: 127600 ns, At safepoint: 15300 ns, Total: 142900 ns
[2024-02-23T08:29:39.336+0000][4616][safepoint   ] Safepoint "Cleanup", Time since last: 14127960800 ns, Reaching safepoint: 89000 ns, At safepoint: 50200 ns, Total: 139200 ns
[2024-02-23T08:29:42.369+0000][4616][safepoint   ] Safepoint "Cleanup", Time since last: 3033869400 ns, Reaching safepoint: 69400 ns, At safepoint: 6300 ns, Total: 75700 ns
[2024-02-23T08:29:43.373+0000][4616][safepoint   ] Safepoint "Cleanup", Time since last: 1003073700 ns, Reaching safepoint: 122700 ns, At safepoint: 32500 ns, Total: 155200 ns
[2024-02-23T08:29:48.415+0000][4616][safepoint   ] Safepoint "Cleanup", Time since last: 5042252800 ns, Reaching safepoint: 129800 ns, At safepoint: 21300 ns, Total: 151100 ns
[2024-02-23T08:29:50.427+0000][4616][safepoint   ] Safepoint "Cleanup", Time since last: 2011383900 ns, Reaching safepoint: 91000 ns, At safepoint: 36100 ns, Total: 127100 ns
[2024-02-23T08:29:51.439+0000][4616][safepoint   ] Safepoint "Cleanup", Time since last: 1012618000 ns, Reaching safepoint: 169800 ns, At safepoint: 42900 ns, Total: 212700 ns
[2024-02-23T08:29:53.456+0000][4616][safepoint   ] Safepoint "Cleanup", Time since last: 2016545700 ns, Reaching safepoint: 94900 ns, At safepoint: 11000 ns, Total: 105900 ns
[2024-02-23T08:29:54.458+0000][4616][safepoint   ] Safepoint "Cleanup", Time since last: 1001711800 ns, Reaching safepoint: 131900 ns, At safepoint: 87400 ns, Total: 219300 ns
[2024-02-23T08:29:57.489+0000][4616][safepoint   ] Safepoint "Cleanup", Time since last: 3030524600 ns, Reaching safepoint: 127300 ns, At safepoint: 81200 ns, Total: 208500 ns
[2024-02-23T08:30:00.513+0000][4616][safepoint   ] Safepoint "Cleanup", Time since last: 3023580200 ns, Reaching safepoint: 128500 ns, At safepoint: 18100 ns, Total: 146600 ns
[2024-02-23T08:30:01.521+0000][4616][safepoint   ] Safepoint "Cleanup", Time since last: 1008215700 ns, Reaching safepoint: 78100 ns, At safepoint: 8400 ns, Total: 86500 ns
[2024-02-23T08:30:07.567+0000][4616][safepoint   ] Safepoint "Cleanup", Time since last: 6045913300 ns, Reaching safepoint: 176900 ns, At safepoint: 13900 ns, Total: 190800 ns
[2024-02-23T08:30:09.568+0000][4616][safepoint   ] Safepoint "Cleanup", Time since last: 2000563100 ns, Reaching safepoint: 123000 ns, At safepoint: 11700 ns, Total: 134700 ns
[2024-02-23T08:30:13.600+0000][4616][safepoint   ] Safepoint "Cleanup", Time since last: 4032135700 ns, Reaching safepoint: 165600 ns, At safepoint: 11800 ns, Total: 177400 ns
[2024-02-23T08:30:15.630+0000][4616][safepoint   ] Safepoint "Cleanup", Time since last: 2029734300 ns, Reaching safepoint: 120800 ns, At safepoint: 10700 ns, Total: 131500 ns
[2024-02-23T08:30:18.661+0000][4616][safepoint   ] Safepoint "Cleanup", Time since last: 3031335400 ns, Reaching safepoint: 80500 ns, At safepoint: 22900 ns, Total: 103400 ns
[2024-02-23T08:30:21.676+0000][4616][safepoint   ] Safepoint "Cleanup", Time since last: 3014401800 ns, Reaching safepoint: 99500 ns, At safepoint: 13100 ns, Total: 112600 ns
[2024-02-23T08:30:24.707+0000][4616][safepoint   ] Safepoint "Cleanup", Time since last: 3031149400 ns, Reaching safepoint: 85500 ns, At safepoint: 10000 ns, Total: 95500 ns
[2024-02-23T08:30:27.739+0000][4616][safepoint   ] Safepoint "Cleanup", Time since last: 3031539900 ns, Reaching safepoint: 151700 ns, At safepoint: 11400 ns, Total: 163100 ns
[2024-02-23T08:30:28.754+0000][4616][safepoint   ] Safepoint "Cleanup", Time since last: 1015395000 ns, Reaching safepoint: 120800 ns, At safepoint: 11800 ns, Total: 132600 ns
[2024-02-23T08:30:30.784+0000][4616][safepoint   ] Safepoint "Cleanup", Time since last: 2029833400 ns, Reaching safepoint: 121600 ns, At safepoint: 5400 ns, Total: 127000 ns
[2024-02-23T08:30:33.801+0000][4616][safepoint   ] Safepoint "Cleanup", Time since last: 3016975600 ns, Reaching safepoint: 113500 ns, At safepoint: 9700 ns, Total: 123200 ns
[2024-02-23T08:30:34.817+0000][4616][safepoint   ] Safepoint "Cleanup", Time since last: 1015047900 ns, Reaching safepoint: 118000 ns, At safepoint: 12500 ns, Total: 130500 ns
[2024-02-23T08:30:36.823+0000][4616][safepoint   ] Safepoint "Cleanup", Time since last: 2006256700 ns, Reaching safepoint: 70600 ns, At safepoint: 10300 ns, Total: 80900 ns
[2024-02-23T08:30:38.832+0000][4616][safepoint   ] Safepoint "Cleanup", Time since last: 2009372800 ns, Reaching safepoint: 154900 ns, At safepoint: 33800 ns, Total: 188700 ns
[2024-02-23T08:30:39.833+0000][4616][safepoint   ] Safepoint "Cleanup", Time since last: 1000265500 ns, Reaching safepoint: 163800 ns, At safepoint: 13100 ns, Total: 176900 ns
[2024-02-23T08:30:42.849+0000][4616][safepoint   ] Safepoint "Cleanup", Time since last: 3016513500 ns, Reaching safepoint: 107000 ns, At safepoint: 16800 ns, Total: 123800 ns
[2024-02-23T08:30:43.860+0000][4616][safepoint   ] Safepoint "Cleanup", Time since last: 1010223900 ns, Reaching safepoint: 150800 ns, At safepoint: 11400 ns, Total: 162200 ns
[2024-02-23T08:30:45.866+0000][4616][safepoint   ] Safepoint "Cleanup", Time since last: 2005968700 ns, Reaching safepoint: 154500 ns, At safepoint: 11700 ns, Total: 166200 ns
[2024-02-23T08:30:50.916+0000][4616][safepoint   ] Safepoint "Cleanup", Time since last: 5049853300 ns, Reaching safepoint: 105800 ns, At safepoint: 10400 ns, Total: 116200 ns
[2024-02-23T08:30:51.932+0000][4616][safepoint   ] Safepoint "Cleanup", Time since last: 1015737600 ns, Reaching safepoint: 107500 ns, At safepoint: 10200 ns, Total: 117700 ns
[2024-02-23T08:30:53.949+0000][4616][safepoint   ] Safepoint "Cleanup", Time since last: 2017025800 ns, Reaching safepoint: 104300 ns, At safepoint: 10800 ns, Total: 115100 ns
[2024-02-23T08:30:54.957+0000][4616][safepoint   ] Safepoint "Cleanup", Time since last: 1007648200 ns, Reaching safepoint: 685300 ns, At safepoint: 9900 ns, Total: 695200 ns
[2024-02-23T08:30:55.958+0000][4616][safepoint   ] Safepoint "Cleanup", Time since last: 1000093600 ns, Reaching safepoint: 103800 ns, At safepoint: 10600 ns, Total: 114400 ns
[2024-02-23T08:31:00.993+0000][4616][safepoint   ] Safepoint "Cleanup", Time since last: 5035048300 ns, Reaching safepoint: 63600 ns, At safepoint: 8700 ns, Total: 72300 ns
[2024-02-23T08:31:02.201+0000][4616][safepoint   ] Safepoint "Cleanup", Time since last: 1208252900 ns, Reaching safepoint: 161500 ns, At safepoint: 30700 ns, Total: 192200 ns
[2024-02-23T08:31:03.215+0000][4616][safepoint   ] Safepoint "Cleanup", Time since last: 1014169700 ns, Reaching safepoint: 204300 ns, At safepoint: 44400 ns, Total: 248700 ns
[2024-02-23T08:31:04.225+0000][4616][safepoint   ] Safepoint "Cleanup", Time since last: 1009101100 ns, Reaching safepoint: 134100 ns, At safepoint: 19100 ns, Total: 153200 ns
[2024-02-23T08:31:06.239+0000][4616][safepoint   ] Safepoint "Cleanup", Time since last: 2013936100 ns, Reaching safepoint: 90000 ns, At safepoint: 8100 ns, Total: 98100 ns
[2024-02-23T08:31:07.240+0000][4616][safepoint   ] Safepoint "Cleanup", Time since last: 1000609000 ns, Reaching safepoint: 86300 ns, At safepoint: 5300 ns, Total: 91600 ns
[2024-02-23T08:31:09.252+0000][4616][safepoint   ] Safepoint "Cleanup", Time since last: 2011964100 ns, Reaching safepoint: 101200 ns, At safepoint: 17000 ns, Total: 118200 ns
[2024-02-23T08:31:12.276+0000][4616][safepoint   ] Safepoint "Cleanup", Time since last: 3024481100 ns, Reaching safepoint: 83700 ns, At safepoint: 16300 ns, Total: 100000 ns
[2024-02-23T08:31:13.301+0000][4616][safepoint   ] Safepoint "Cleanup", Time since last: 1024916400 ns, Reaching safepoint: 110600 ns, At safepoint: 21000 ns, Total: 131600 ns
[2024-02-23T08:31:14.301+0000][4616][safepoint   ] Safepoint "Cleanup", Time since last: 1000133300 ns, Reaching safepoint: 121200 ns, At safepoint: 21500 ns, Total: 142700 ns
[2024-02-23T08:31:15.993+0000][4616][safepoint   ] Safepoint "Cleanup", Time since last: 1691870600 ns, Reaching safepoint: 128700 ns, At safepoint: 10900 ns, Total: 139600 ns
[2024-02-23T08:31:17.997+0000][4616][safepoint   ] Safepoint "Cleanup", Time since last: 2003328800 ns, Reaching safepoint: 87400 ns, At safepoint: 34800 ns, Total: 122200 ns
[2024-02-23T08:31:19.010+0000][4616][safepoint   ] Safepoint "Cleanup", Time since last: 1012784800 ns, Reaching safepoint: 89000 ns, At safepoint: 6400 ns, Total: 95400 ns
[2024-02-23T08:31:20.012+0000][4616][safepoint   ] Safepoint "Cleanup", Time since last: 1001476300 ns, Reaching safepoint: 303800 ns, At safepoint: 28500 ns, Total: 332300 ns
[2024-02-23T08:31:25.038+0000][4616][safepoint   ] Safepoint "Cleanup", Time since last: 5026569700 ns, Reaching safepoint: 123200 ns, At safepoint: 42200 ns, Total: 165400 ns
[2024-02-23T08:31:30.063+0000][4616][safepoint   ] Safepoint "Cleanup", Time since last: 5024542100 ns, Reaching safepoint: 118800 ns, At safepoint: 8900 ns, Total: 127700 ns
[2024-02-23T08:31:31.067+0000][4616][safepoint   ] Safepoint "Cleanup", Time since last: 1003530800 ns, Reaching safepoint: 159100 ns, At safepoint: 16100 ns, Total: 175200 ns
[2024-02-23T08:31:36.104+0000][4616][safepoint   ] Safepoint "Cleanup", Time since last: 5036572800 ns, Reaching safepoint: 68900 ns, At safepoint: 10000 ns, Total: 78900 ns
[2024-02-23T08:31:49.248+0000][4616][safepoint   ] Safepoint "Cleanup", Time since last: 13144061400 ns, Reaching safepoint: 93300 ns, At safepoint: 7200 ns, Total: 100500 ns
[2024-02-23T08:32:04.380+0000][4616][safepoint   ] Safepoint "Cleanup", Time since last: 15132746100 ns, Reaching safepoint: 108100 ns, At safepoint: 14200 ns, Total: 122300 ns
[2024-02-23T08:32:06.386+0000][4616][safepoint   ] Safepoint "Cleanup", Time since last: 2016898700 ns, Reaching safepoint: 71600 ns, At safepoint: 34300 ns, Total: 105900 ns
[2024-02-23T08:32:12.416+0000][4616][safepoint   ] Safepoint "Cleanup", Time since last: 6018171200 ns, Reaching safepoint: 123100 ns, At safepoint: 20700 ns, Total: 143800 ns
[2024-02-23T08:32:13.426+0000][4616][safepoint   ] Safepoint "Cleanup", Time since last: 1010335000 ns, Reaching safepoint: 104200 ns, At safepoint: 14200 ns, Total: 118400 ns
[2024-02-23T08:32:14.442+0000][4616][safepoint   ] Safepoint "Cleanup", Time since last: 1015493300 ns, Reaching safepoint: 146000 ns, At safepoint: 27200 ns, Total: 173200 ns
[2024-02-23T08:32:19.489+0000][4616][gc,start    ] GC(14) Pause Young (Normal) (G1 Evacuation Pause)
[2024-02-23T08:32:19.489+0000][4616][gc,task     ] GC(14) Using 8 workers of 8 for evacuation
[2024-02-23T08:32:19.489+0000][4616][gc,age      ] GC(14) Desired survivor size 159383552 bytes, new threshold 15 (max threshold 15)
[2024-02-23T08:32:19.489+0000][4616][gc,phases   ] GC(14)   Pre Evacuate Collection Set: 0.5ms
[2024-02-23T08:32:19.489+0000][4616][gc,phases   ] GC(14)   Merge Heap Roots: 0.4ms
[2024-02-23T08:32:19.489+0000][4616][gc,phases   ] GC(14)   Evacuate Collection Set: 7.9ms
[2024-02-23T08:32:19.489+0000][4616][gc,phases   ] GC(14)   Post Evacuate Collection Set: 1.8ms
[2024-02-23T08:32:19.489+0000][4616][gc,phases   ] GC(14)   Other: 0.6ms
[2024-02-23T08:32:19.489+0000][4616][gc,age      ] GC(14) Age table with threshold 15 (max threshold 15)
[2024-02-23T08:32:19.489+0000][4616][gc,age      ] GC(14) - age   1:    4218216 bytes,    4218216 total
[2024-02-23T08:32:19.489+0000][4616][gc,age      ] GC(14) - age   2:    1222368 bytes,    5440584 total
[2024-02-23T08:32:19.489+0000][4616][gc,heap     ] GC(14) Eden regions: 603->0(604)
[2024-02-23T08:32:19.489+0000][4616][gc,heap     ] GC(14) Survivor regions: 3->2(76)
[2024-02-23T08:32:19.489+0000][4616][gc,heap     ] GC(14) Old regions: 36->36
[2024-02-23T08:32:19.489+0000][4616][gc,heap     ] GC(14) Archive regions: 0->0
[2024-02-23T08:32:19.489+0000][4616][gc,heap     ] GC(14) Humongous regions: 2->2
[2024-02-23T08:32:19.489+0000][4616][gc,metaspace] GC(14) Metaspace: 131285K(134848K)->131285K(134848K) NonClass: 113801K(115712K)->113801K(115712K) Class: 17483K(19136K)->17483K(19136K)
[2024-02-23T08:32:19.489+0000][4616][gc          ] GC(14) Pause Young (Normal) (G1 Evacuation Pause) 2575M->159M(4040M) 11.667ms
[2024-02-23T08:32:19.489+0000][4616][gc,cpu      ] GC(14) User=0.00s Sys=0.00s Real=0.00s
[2024-02-23T08:32:19.489+0000][4616][safepoint   ] Safepoint "G1CollectForAllocation", Time since last: 5047300400 ns, Reaching safepoint: 143800 ns, At safepoint: 11775800 ns, Total: 11919600 ns
[2024-02-23T08:32:21.493+0000][4616][safepoint   ] Safepoint "Cleanup", Time since last: 1991522200 ns, Reaching safepoint: 135000 ns, At safepoint: 18600 ns, Total: 153600 ns
[2024-02-23T08:32:30.571+0000][4616][safepoint   ] Safepoint "Cleanup", Time since last: 9078546500 ns, Reaching safepoint: 686700 ns, At safepoint: 14400 ns, Total: 701100 ns
[2024-02-23T08:32:33.585+0000][4616][safepoint   ] Safepoint "Cleanup", Time since last: 3013089300 ns, Reaching safepoint: 141300 ns, At safepoint: 10700 ns, Total: 152000 ns
[2024-02-23T08:32:36.632+0000][4616][safepoint   ] Safepoint "Cleanup", Time since last: 3046175400 ns, Reaching safepoint: 125900 ns, At safepoint: 70100 ns, Total: 196000 ns
[2024-02-23T08:32:39.661+0000][4616][safepoint   ] Safepoint "Cleanup", Time since last: 3028989100 ns, Reaching safepoint: 99400 ns, At safepoint: 25400 ns, Total: 124800 ns
[2024-02-23T08:32:42.681+0000][4616][safepoint   ] Safepoint "Cleanup", Time since last: 3020332100 ns, Reaching safepoint: 139400 ns, At safepoint: 11000 ns, Total: 150400 ns
[2024-02-23T08:32:54.786+0000][4616][safepoint   ] Safepoint "Cleanup", Time since last: 12104578000 ns, Reaching safepoint: 145500 ns, At safepoint: 11400 ns, Total: 156900 ns
[2024-02-23T08:33:00.846+0000][4616][safepoint   ] Safepoint "Cleanup", Time since last: 6060270500 ns, Reaching safepoint: 111600 ns, At safepoint: 33300 ns, Total: 144900 ns
[2024-02-23T08:33:12.927+0000][4616][safepoint   ] Safepoint "Cleanup", Time since last: 12080205100 ns, Reaching safepoint: 105200 ns, At safepoint: 54400 ns, Total: 159600 ns
[2024-02-23T08:33:18.958+0000][4616][safepoint   ] Safepoint "Cleanup", Time since last: 6030640300 ns, Reaching safepoint: 136600 ns, At safepoint: 14800 ns, Total: 151400 ns
[2024-02-23T08:33:21.989+0000][4616][safepoint   ] Safepoint "Cleanup", Time since last: 3030860400 ns, Reaching safepoint: 103600 ns, At safepoint: 14800 ns, Total: 118400 ns
[2024-02-23T08:33:22.998+0000][4616][safepoint   ] Safepoint "Cleanup", Time since last: 1009008900 ns, Reaching safepoint: 88000 ns, At safepoint: 15400 ns, Total: 103400 ns
[2024-02-23T08:33:24.004+0000][4616][safepoint   ] Safepoint "Cleanup", Time since last: 1006427000 ns, Reaching safepoint: 86200 ns, At safepoint: 11400 ns, Total: 97600 ns
[2024-02-23T08:33:31.038+0000][4616][safepoint   ] Safepoint "Cleanup", Time since last: 7033236400 ns, Reaching safepoint: 47000 ns, At safepoint: 7200 ns, Total: 54200 ns
[2024-02-23T08:33:37.090+0000][4616][safepoint   ] Safepoint "Cleanup", Time since last: 6052632100 ns, Reaching safepoint: 109800 ns, At safepoint: 61200 ns, Total: 171000 ns
[2024-02-23T08:33:38.094+0000][4616][safepoint   ] Safepoint "Cleanup", Time since last: 1003262600 ns, Reaching safepoint: 85100 ns, At safepoint: 10400 ns, Total: 95500 ns
[2024-02-23T08:33:44.114+0000][4616][safepoint   ] Safepoint "Cleanup", Time since last: 6019955500 ns, Reaching safepoint: 145200 ns, At safepoint: 13400 ns, Total: 158600 ns
[2024-02-23T08:33:46.129+0000][4616][safepoint   ] Safepoint "Cleanup", Time since last: 2014925700 ns, Reaching safepoint: 109200 ns, At safepoint: 15800 ns, Total: 125000 ns
[2024-02-23T08:33:49.144+0000][4616][safepoint   ] Safepoint "Cleanup", Time since last: 3014919900 ns, Reaching safepoint: 686200 ns, At safepoint: 10200 ns, Total: 696400 ns
[2024-02-23T08:33:52.175+0000][4616][safepoint   ] Safepoint "Cleanup", Time since last: 3030980200 ns, Reaching safepoint: 90900 ns, At safepoint: 22800 ns, Total: 113700 ns
[2024-02-23T08:34:01.223+0000][4616][safepoint   ] Safepoint "Cleanup", Time since last: 9047282200 ns, Reaching safepoint: 157800 ns, At safepoint: 14700 ns, Total: 172500 ns
[2024-02-23T08:34:04.255+0000][4616][safepoint   ] Safepoint "Cleanup", Time since last: 3031571800 ns, Reaching safepoint: 117900 ns, At safepoint: 29600 ns, Total: 147500 ns
[2024-02-23T08:34:13.346+0000][4616][safepoint   ] Safepoint "Cleanup", Time since last: 9091497400 ns, Reaching safepoint: 96700 ns, At safepoint: 10700 ns, Total: 107400 ns
[2024-02-23T08:34:14.349+0000][4616][safepoint   ] Safepoint "Cleanup", Time since last: 1002167900 ns, Reaching safepoint: 108200 ns, At safepoint: 18800 ns, Total: 127000 ns
[2024-02-23T08:34:19.390+0000][4616][safepoint   ] Safepoint "Cleanup", Time since last: 5041103800 ns, Reaching safepoint: 113100 ns, At safepoint: 9400 ns, Total: 122500 ns
[2024-02-23T08:34:30.460+0000][4616][safepoint   ] Safepoint "Cleanup", Time since last: 11069682600 ns, Reaching safepoint: 87000 ns, At safepoint: 18000 ns, Total: 105000 ns
[2024-02-23T08:34:31.462+0000][4616][safepoint   ] Safepoint "Cleanup", Time since last: 1002003700 ns, Reaching safepoint: 90000 ns, At safepoint: 12000 ns, Total: 102000 ns
[2024-02-23T08:34:36.510+0000][4616][safepoint   ] Safepoint "Cleanup", Time since last: 5047707000 ns, Reaching safepoint: 89100 ns, At safepoint: 22700 ns, Total: 111800 ns
[2024-02-23T08:34:37.513+0000][4616][safepoint   ] Safepoint "Cleanup", Time since last: 1003499800 ns, Reaching safepoint: 82900 ns, At safepoint: 9600 ns, Total: 92500 ns
[2024-02-23T08:34:41.539+0000][4616][safepoint   ] Safepoint "Cleanup", Time since last: 4025282400 ns, Reaching safepoint: 88700 ns, At safepoint: 15000 ns, Total: 103700 ns
[2024-02-23T08:34:42.556+0000][4616][safepoint   ] Safepoint "Cleanup", Time since last: 1017665000 ns, Reaching safepoint: 81500 ns, At safepoint: 9000 ns, Total: 90500 ns
[2024-02-23T08:34:43.566+0000][4616][safepoint   ] Safepoint "Cleanup", Time since last: 1009820300 ns, Reaching safepoint: 75200 ns, At safepoint: 17300 ns, Total: 92500 ns
[2024-02-23T08:34:47.578+0000][4616][safepoint   ] Safepoint "Cleanup", Time since last: 4011598900 ns, Reaching safepoint: 156400 ns, At safepoint: 24200 ns, Total: 180600 ns
[2024-02-23T08:34:55.630+0000][4616][safepoint   ] Safepoint "Cleanup", Time since last: 8051848800 ns, Reaching safepoint: 664300 ns, At safepoint: 72900 ns, Total: 737200 ns
[2024-02-23T08:34:57.661+0000][4616][safepoint   ] Safepoint "Cleanup", Time since last: 2030468200 ns, Reaching safepoint: 110900 ns, At safepoint: 22300 ns, Total: 133200 ns
[2024-02-23T08:34:59.692+0000][4616][safepoint   ] Safepoint "Cleanup", Time since last: 2030346600 ns, Reaching safepoint: 88000 ns, At safepoint: 21600 ns, Total: 109600 ns
[2024-02-23T08:35:06.770+0000][4616][safepoint   ] Safepoint "Cleanup", Time since last: 7077986000 ns, Reaching safepoint: 72800 ns, At safepoint: 25800 ns, Total: 98600 ns
[2024-02-23T08:35:07.770+0000][4616][safepoint   ] Safepoint "Cleanup", Time since last: 1000182300 ns, Reaching safepoint: 95500 ns, At safepoint: 61000 ns, Total: 156500 ns
[2024-02-23T08:35:08.785+0000][4616][safepoint   ] Safepoint "Cleanup", Time since last: 1015137400 ns, Reaching safepoint: 115000 ns, At safepoint: 25300 ns, Total: 140300 ns
[2024-02-23T08:35:12.831+0000][4616][safepoint   ] Safepoint "Cleanup", Time since last: 4045159700 ns, Reaching safepoint: 91000 ns, At safepoint: 15500 ns, Total: 106500 ns
[2024-02-23T08:35:13.832+0000][4616][safepoint   ] Safepoint "Cleanup", Time since last: 1001555800 ns, Reaching safepoint: 78000 ns, At safepoint: 54200 ns, Total: 132200 ns
[2024-02-23T08:35:32.005+0000][4616][safepoint   ] Safepoint "Cleanup", Time since last: 18171974200 ns, Reaching safepoint: 117900 ns, At safepoint: 18100 ns, Total: 136000 ns
[2024-02-23T08:35:42.098+0000][4616][safepoint   ] Safepoint "Cleanup", Time since last: 10093850000 ns, Reaching safepoint: 95400 ns, At safepoint: 13500 ns, Total: 108900 ns
[2024-02-23T08:35:53.465+0000][4616][safepoint   ] Safepoint "Cleanup", Time since last: 14109284700 ns, Reaching safepoint: 87300 ns, At safepoint: 8600 ns, Total: 95900 ns
[2024-02-23T08:36:04.544+0000][4616][safepoint   ] Safepoint "Cleanup", Time since last: 11079179500 ns, Reaching safepoint: 140200 ns, At safepoint: 14200 ns, Total: 154400 ns
[2024-02-23T08:36:05.559+0000][4616][safepoint   ] Safepoint "Cleanup", Time since last: 1014486200 ns, Reaching safepoint: 83300 ns, At safepoint: 9900 ns, Total: 93200 ns
[2024-02-23T08:36:10.622+0000][4616][safepoint   ] Safepoint "Cleanup", Time since last: 5062982100 ns, Reaching safepoint: 68100 ns, At safepoint: 13500 ns, Total: 81600 ns
[2024-02-23T08:36:16.657+0000][4616][safepoint   ] Safepoint "Cleanup", Time since last: 6034827400 ns, Reaching safepoint: 64500 ns, At safepoint: 10600 ns, Total: 75100 ns
[2024-02-23T08:36:19.683+0000][4616][safepoint   ] Safepoint "Cleanup", Time since last: 3026101800 ns, Reaching safepoint: 85800 ns, At safepoint: 15600 ns, Total: 101400 ns
[2024-02-23T08:36:22.710+0000][4616][safepoint   ] Safepoint "Cleanup", Time since last: 3026683000 ns, Reaching safepoint: 72200 ns, At safepoint: 7600 ns, Total: 79800 ns
[2024-02-23T08:36:25.725+0000][4616][safepoint   ] Safepoint "Cleanup", Time since last: 3015142700 ns, Reaching safepoint: 75700 ns, At safepoint: 7900 ns, Total: 83600 ns
[2024-02-23T08:36:31.771+0000][4616][safepoint   ] Safepoint "Cleanup", Time since last: 6045462400 ns, Reaching safepoint: 99400 ns, At safepoint: 9900 ns, Total: 109300 ns
[2024-02-23T08:36:46.888+0000][4616][safepoint   ] Safepoint "Cleanup", Time since last: 15117551300 ns, Reaching safepoint: 79600 ns, At safepoint: 5800 ns, Total: 85400 ns
[2024-02-23T08:36:52.929+0000][4616][safepoint   ] Safepoint "Cleanup", Time since last: 6040141700 ns, Reaching safepoint: 73600 ns, At safepoint: 5900 ns, Total: 79500 ns
[2024-02-23T08:37:02.023+0000][4616][safepoint   ] Safepoint "Cleanup", Time since last: 9094805800 ns, Reaching safepoint: 80000 ns, At safepoint: 11800 ns, Total: 91800 ns
[2024-02-23T08:37:05.056+0000][4616][safepoint   ] Safepoint "Cleanup", Time since last: 3031976300 ns, Reaching safepoint: 87500 ns, At safepoint: 24800 ns, Total: 112300 ns
[2024-02-23T08:37:10.170+0000][4616][safepoint   ] Safepoint "Cleanup", Time since last: 5065164600 ns, Reaching safepoint: 48791600 ns, At safepoint: 39000 ns, Total: 48830600 ns
[2024-02-23T08:37:17.233+0000][4616][safepoint   ] Safepoint "Cleanup", Time since last: 7063630400 ns, Reaching safepoint: 63200 ns, At safepoint: 13800 ns, Total: 77000 ns
[2024-02-23T08:37:20.270+0000][4616][safepoint   ] Safepoint "Cleanup", Time since last: 3036244500 ns, Reaching safepoint: 78300 ns, At safepoint: 58600 ns, Total: 136900 ns
[2024-02-23T08:37:21.277+0000][4616][safepoint   ] Safepoint "Cleanup", Time since last: 1007614600 ns, Reaching safepoint: 110100 ns, At safepoint: 14700 ns, Total: 124800 ns
[2024-02-23T08:37:25.315+0000][4616][safepoint   ] Safepoint "Cleanup", Time since last: 4037597700 ns, Reaching safepoint: 66900 ns, At safepoint: 6800 ns, Total: 73700 ns
[2024-02-23T08:37:31.406+0000][4616][safepoint   ] Safepoint "Cleanup", Time since last: 6090352100 ns, Reaching safepoint: 81100 ns, At safepoint: 8600 ns, Total: 89700 ns
[2024-02-23T08:37:38.465+0000][4616][safepoint   ] Safepoint "Cleanup", Time since last: 7059144100 ns, Reaching safepoint: 71100 ns, At safepoint: 8300 ns, Total: 79400 ns
[2024-02-23T08:37:40.474+0000][4616][safepoint   ] Safepoint "Cleanup", Time since last: 2009098900 ns, Reaching safepoint: 54500 ns, At safepoint: 5200 ns, Total: 59700 ns
[2024-02-23T08:37:53.574+0000][4616][safepoint   ] Safepoint "Cleanup", Time since last: 13100272300 ns, Reaching safepoint: 67000 ns, At safepoint: 7900 ns, Total: 74900 ns
[2024-02-23T08:37:55.590+0000][4616][safepoint   ] Safepoint "Cleanup", Time since last: 2015267300 ns, Reaching safepoint: 93100 ns, At safepoint: 7400 ns, Total: 100500 ns
[2024-02-23T08:37:56.614+0000][4616][safepoint   ] Safepoint "Cleanup", Time since last: 1024447000 ns, Reaching safepoint: 81400 ns, At safepoint: 17200 ns, Total: 98600 ns
[2024-02-23T08:37:58.643+0000][4616][safepoint   ] Safepoint "Cleanup", Time since last: 2029229200 ns, Reaching safepoint: 58500 ns, At safepoint: 5000 ns, Total: 63500 ns
[2024-02-23T08:38:06.708+0000][4616][safepoint   ] Safepoint "Cleanup", Time since last: 8064350300 ns, Reaching safepoint: 75500 ns, At safepoint: 7700 ns, Total: 83200 ns
[2024-02-23T08:38:07.724+0000][4616][safepoint   ] Safepoint "Cleanup", Time since last: 1015767800 ns, Reaching safepoint: 53700 ns, At safepoint: 4300 ns, Total: 58000 ns
[2024-02-23T08:38:09.750+0000][4616][safepoint   ] Safepoint "Cleanup", Time since last: 2025841900 ns, Reaching safepoint: 76100 ns, At safepoint: 10500 ns, Total: 86600 ns
[2024-02-23T08:38:10.758+0000][4616][safepoint   ] Safepoint "Cleanup", Time since last: 1008669500 ns, Reaching safepoint: 82600 ns, At safepoint: 15700 ns, Total: 98300 ns
[2024-02-23T08:38:13.784+0000][4616][safepoint   ] Safepoint "Cleanup", Time since last: 3025935800 ns, Reaching safepoint: 77200 ns, At safepoint: 19800 ns, Total: 97000 ns
[2024-02-23T08:38:20.840+0000][4616][safepoint   ] Safepoint "Cleanup", Time since last: 7055835100 ns, Reaching safepoint: 53500 ns, At safepoint: 4000 ns, Total: 57500 ns
[2024-02-23T08:38:22.850+0000][4616][safepoint   ] Safepoint "Cleanup", Time since last: 2009849900 ns, Reaching safepoint: 63600 ns, At safepoint: 10200 ns, Total: 73800 ns
[2024-02-23T08:38:28.883+0000][4616][safepoint   ] Safepoint "Cleanup", Time since last: 6032271200 ns, Reaching safepoint: 85600 ns, At safepoint: 6100 ns, Total: 91700 ns
[2024-02-23T08:38:29.894+0000][4616][safepoint   ] Safepoint "Cleanup", Time since last: 1010726700 ns, Reaching safepoint: 80100 ns, At safepoint: 5800 ns, Total: 85900 ns
[2024-02-23T08:38:31.918+0000][4616][safepoint   ] Safepoint "Cleanup", Time since last: 2024282300 ns, Reaching safepoint: 100600 ns, At safepoint: 5300 ns, Total: 105900 ns
[2024-02-23T08:38:37.981+0000][4616][safepoint   ] Safepoint "Cleanup", Time since last: 6063045700 ns, Reaching safepoint: 85100 ns, At safepoint: 10100 ns, Total: 95200 ns
[2024-02-23T08:38:44.059+0000][4616][safepoint   ] Safepoint "Cleanup", Time since last: 6078181800 ns, Reaching safepoint: 74500 ns, At safepoint: 9100 ns, Total: 83600 ns
[2024-02-23T08:38:53.115+0000][4616][safepoint   ] Safepoint "Cleanup", Time since last: 9055525800 ns, Reaching safepoint: 90600 ns, At safepoint: 6500 ns, Total: 97100 ns
[2024-02-23T08:39:02.197+0000][4616][safepoint   ] Safepoint "Cleanup", Time since last: 9081828900 ns, Reaching safepoint: 102400 ns, At safepoint: 16400 ns, Total: 118800 ns
[2024-02-23T08:39:05.214+0000][4616][safepoint   ] Safepoint "Cleanup", Time since last: 3017025400 ns, Reaching safepoint: 99000 ns, At safepoint: 7000 ns, Total: 106000 ns
[2024-02-23T08:39:08.231+0000][4616][safepoint   ] Safepoint "Cleanup", Time since last: 3017140200 ns, Reaching safepoint: 169300 ns, At safepoint: 8400 ns, Total: 177700 ns
[2024-02-23T08:39:10.233+0000][4616][safepoint   ] Safepoint "Cleanup", Time since last: 2001333400 ns, Reaching safepoint: 74200 ns, At safepoint: 10100 ns, Total: 84300 ns
[2024-02-23T08:39:14.260+0000][4616][safepoint   ] Safepoint "Cleanup", Time since last: 4026942700 ns, Reaching safepoint: 55500 ns, At safepoint: 7800 ns, Total: 63300 ns
[2024-02-23T08:39:17.278+0000][4616][safepoint   ] Safepoint "Cleanup", Time since last: 3017735400 ns, Reaching safepoint: 96500 ns, At safepoint: 9700 ns, Total: 106200 ns
[2024-02-23T08:39:25.371+0000][4616][safepoint   ] Safepoint "Cleanup", Time since last: 8093436700 ns, Reaching safepoint: 59000 ns, At safepoint: 8600 ns, Total: 67600 ns
[2024-02-23T08:39:26.372+0000][4616][safepoint   ] Safepoint "Cleanup", Time since last: 1000680600 ns, Reaching safepoint: 95900 ns, At safepoint: 48000 ns, Total: 143900 ns
[2024-02-23T08:39:32.433+0000][4616][safepoint   ] Safepoint "Cleanup", Time since last: 6061356400 ns, Reaching safepoint: 66600 ns, At safepoint: 9400 ns, Total: 76000 ns
[2024-02-23T08:39:35.451+0000][4616][safepoint   ] Safepoint "Cleanup", Time since last: 3017575600 ns, Reaching safepoint: 132100 ns, At safepoint: 21800 ns, Total: 153900 ns
[2024-02-23T08:39:41.496+0000][4616][safepoint   ] Safepoint "Cleanup", Time since last: 6045273900 ns, Reaching safepoint: 135900 ns, At safepoint: 17800 ns, Total: 153700 ns
[2024-02-23T08:39:56.610+0000][4616][safepoint   ] Safepoint "Cleanup", Time since last: 15113025600 ns, Reaching safepoint: 94400 ns, At safepoint: 11300 ns, Total: 105700 ns
[2024-02-23T08:39:57.627+0000][4616][safepoint   ] Safepoint "Cleanup", Time since last: 1017345100 ns, Reaching safepoint: 131300 ns, At safepoint: 10100 ns, Total: 141400 ns
[2024-02-23T08:40:02.681+0000][4616][safepoint   ] Safepoint "Cleanup", Time since last: 5053990300 ns, Reaching safepoint: 93300 ns, At safepoint: 8800 ns, Total: 102100 ns
[2024-02-23T08:40:10.735+0000][4616][safepoint   ] Safepoint "Cleanup", Time since last: 8053818800 ns, Reaching safepoint: 158900 ns, At safepoint: 16800 ns, Total: 175700 ns
[2024-02-23T08:40:13.773+0000][4616][safepoint   ] Safepoint "Cleanup", Time since last: 3037711800 ns, Reaching safepoint: 28800 ns, At safepoint: 54300 ns, Total: 83100 ns
[2024-02-23T08:40:14.782+0000][4616][safepoint   ] Safepoint "Cleanup", Time since last: 1009275400 ns, Reaching safepoint: 292300 ns, At safepoint: 19900 ns, Total: 312200 ns
[2024-02-23T08:40:16.808+0000][4616][safepoint   ] Safepoint "Cleanup", Time since last: 2024926200 ns, Reaching safepoint: 98300 ns, At safepoint: 9100 ns, Total: 107400 ns
[2024-02-23T08:40:17.810+0000][4616][safepoint   ] Safepoint "Cleanup", Time since last: 1002113400 ns, Reaching safepoint: 75700 ns, At safepoint: 11600 ns, Total: 87300 ns
[2024-02-23T08:40:20.848+0000][4616][safepoint   ] Safepoint "Cleanup", Time since last: 3038596300 ns, Reaching safepoint: 80200 ns, At safepoint: 9900 ns, Total: 90100 ns
[2024-02-23T08:40:28.921+0000][4616][safepoint   ] Safepoint "Cleanup", Time since last: 8072914400 ns, Reaching safepoint: 77500 ns, At safepoint: 7300 ns, Total: 84800 ns
[2024-02-23T08:40:29.922+0000][4616][safepoint   ] Safepoint "Cleanup", Time since last: 1000445100 ns, Reaching safepoint: 44900 ns, At safepoint: 5200 ns, Total: 50100 ns
[2024-02-23T08:40:36.981+0000][4616][safepoint   ] Safepoint "Cleanup", Time since last: 7058733600 ns, Reaching safepoint: 64800 ns, At safepoint: 9800 ns, Total: 74600 ns
[2024-02-23T08:40:42.026+0000][4616][safepoint   ] Safepoint "Cleanup", Time since last: 5044716800 ns, Reaching safepoint: 65200 ns, At safepoint: 6300 ns, Total: 71500 ns
[2024-02-23T08:40:44.042+0000][4616][safepoint   ] Safepoint "Cleanup", Time since last: 2016506000 ns, Reaching safepoint: 89800 ns, At safepoint: 6300 ns, Total: 96100 ns
[2024-02-23T08:40:50.107+0000][4616][safepoint   ] Safepoint "Cleanup", Time since last: 6064966100 ns, Reaching safepoint: 70700 ns, At safepoint: 9400 ns, Total: 80100 ns
[2024-02-23T08:40:51.119+0000][4616][safepoint   ] Safepoint "Cleanup", Time since last: 1011882700 ns, Reaching safepoint: 110800 ns, At safepoint: 6700 ns, Total: 117500 ns
[2024-02-23T08:41:10.284+0000][4616][safepoint   ] Safepoint "Cleanup", Time since last: 19164534400 ns, Reaching safepoint: 106700 ns, At safepoint: 19500 ns, Total: 126200 ns
[2024-02-23T08:41:14.311+0000][4616][safepoint   ] Safepoint "Cleanup", Time since last: 4027531400 ns, Reaching safepoint: 119100 ns, At safepoint: 6200 ns, Total: 125300 ns
[2024-02-23T08:41:17.338+0000][4616][safepoint   ] Safepoint "Cleanup", Time since last: 3026879200 ns, Reaching safepoint: 109600 ns, At safepoint: 18700 ns, Total: 128300 ns
[2024-02-23T08:41:18.340+0000][4616][safepoint   ] Safepoint "Cleanup", Time since last: 1001601900 ns, Reaching safepoint: 52500 ns, At safepoint: 12000 ns, Total: 64500 ns
[2024-02-23T08:41:32.467+0000][4616][safepoint   ] Safepoint "Cleanup", Time since last: 14125898400 ns, Reaching safepoint: 736200 ns, At safepoint: 32700 ns, Total: 768900 ns
[2024-02-23T08:41:38.525+0000][4616][safepoint   ] Safepoint "Cleanup", Time since last: 6057719000 ns, Reaching safepoint: 80600 ns, At safepoint: 9800 ns, Total: 90400 ns
[2024-02-23T08:41:50.677+0000][4616][safepoint   ] Safepoint "Cleanup", Time since last: 12151972600 ns, Reaching safepoint: 135700 ns, At safepoint: 20500 ns, Total: 156200 ns
[2024-02-23T08:41:51.689+0000][4616][safepoint   ] Safepoint "Cleanup", Time since last: 1011997000 ns, Reaching safepoint: 88400 ns, At safepoint: 12700 ns, Total: 101100 ns
[2024-02-23T08:42:05.840+0000][4616][safepoint   ] Safepoint "Cleanup", Time since last: 14150660400 ns, Reaching safepoint: 212800 ns, At safepoint: 22200 ns, Total: 235000 ns
[2024-02-23T08:42:06.845+0000][4616][safepoint   ] Safepoint "Cleanup", Time since last: 1004876100 ns, Reaching safepoint: 221900 ns, At safepoint: 26600 ns, Total: 248500 ns
[2024-02-23T08:42:10.889+0000][4616][safepoint   ] Safepoint "Cleanup", Time since last: 4044334000 ns, Reaching safepoint: 238300 ns, At safepoint: 24800 ns, Total: 263100 ns
[2024-02-23T08:42:16.935+0000][4616][safepoint   ] Safepoint "Cleanup", Time since last: 6045063500 ns, Reaching safepoint: 713800 ns, At safepoint: 18200 ns, Total: 732000 ns
[2024-02-23T08:42:20.982+0000][4616][safepoint   ] Safepoint "Cleanup", Time since last: 4046774099 ns, Reaching safepoint: 67701 ns, At safepoint: 5500 ns, Total: 73201 ns
[2024-02-23T08:42:30.051+0000][4616][safepoint   ] Safepoint "Cleanup", Time since last: 9069180400 ns, Reaching safepoint: 68599 ns, At safepoint: 5701 ns, Total: 74300 ns
[2024-02-23T08:42:31.060+0000][4616][safepoint   ] Safepoint "Cleanup", Time since last: 1008151700 ns, Reaching safepoint: 99000 ns, At safepoint: 5000 ns, Total: 104000 ns
[2024-02-23T08:42:39.130+0000][4616][safepoint   ] Safepoint "Cleanup", Time since last: 8069842999 ns, Reaching safepoint: 79301 ns, At safepoint: 17300 ns, Total: 96601 ns
[2024-02-23T08:42:41.142+0000][4616][safepoint   ] Safepoint "Cleanup", Time since last: 2012408499 ns, Reaching safepoint: 62101 ns, At safepoint: 4800 ns, Total: 66901 ns
[2024-02-23T08:42:45.183+0000][4616][safepoint   ] Safepoint "Cleanup", Time since last: 4041158999 ns, Reaching safepoint: 59501 ns, At safepoint: 7800 ns, Total: 67301 ns
[2024-02-23T08:42:46.184+0000][4616][safepoint   ] Safepoint "Cleanup", Time since last: 1000168100 ns, Reaching safepoint: 93200 ns, At safepoint: 17300 ns, Total: 110500 ns
[2024-02-23T08:42:54.245+0000][4616][safepoint   ] Safepoint "Cleanup", Time since last: 8061354499 ns, Reaching safepoint: 88901 ns, At safepoint: 10700 ns, Total: 99601 ns
[2024-02-23T08:43:08.396+0000][4616][safepoint   ] Safepoint "Cleanup", Time since last: 14150765600 ns, Reaching safepoint: 106799 ns, At safepoint: 14001 ns, Total: 120800 ns
[2024-02-23T08:43:10.415+0000][4616][safepoint   ] Safepoint "Cleanup", Time since last: 2018874599 ns, Reaching safepoint: 689000 ns, At safepoint: 17200 ns, Total: 706200 ns
[2024-02-23T08:43:14.447+0000][4616][safepoint   ] Safepoint "Cleanup", Time since last: 4031536600 ns, Reaching safepoint: 113101 ns, At safepoint: 73600 ns, Total: 186701 ns
[2024-02-23T08:43:29.528+0000][4616][safepoint   ] Safepoint "Cleanup", Time since last: 15080375500 ns, Reaching safepoint: 84600 ns, At safepoint: 12400 ns, Total: 97000 ns
[2024-02-23T08:43:30.531+0000][4616][safepoint   ] Safepoint "Cleanup", Time since last: 1003160000 ns, Reaching safepoint: 262200 ns, At safepoint: 15000 ns, Total: 277200 ns
[2024-02-23T08:43:36.364+0000][4616][gc,start    ] GC(15) Pause Young (Normal) (G1 Evacuation Pause)
[2024-02-23T08:43:36.364+0000][4616][gc,task     ] GC(15) Using 8 workers of 8 for evacuation
[2024-02-23T08:43:36.364+0000][4616][gc,age      ] GC(15) Desired survivor size 159383552 bytes, new threshold 15 (max threshold 15)
[2024-02-23T08:43:36.400+0000][4616][gc,phases   ] GC(15)   Pre Evacuate Collection Set: 0.3ms
[2024-02-23T08:43:36.400+0000][4616][gc,phases   ] GC(15)   Merge Heap Roots: 0.9ms
[2024-02-23T08:43:36.400+0000][4616][gc,phases   ] GC(15)   Evacuate Collection Set: 26.9ms
[2024-02-23T08:43:36.400+0000][4616][gc,phases   ] GC(15)   Post Evacuate Collection Set: 4.1ms
[2024-02-23T08:43:36.400+0000][4616][gc,phases   ] GC(15)   Other: 0.4ms
[2024-02-23T08:43:36.400+0000][4616][gc,age      ] GC(15) Age table with threshold 15 (max threshold 15)
[2024-02-23T08:43:36.400+0000][4616][gc,age      ] GC(15) - age   1:    1659744 bytes,    1659744 total
[2024-02-23T08:43:36.400+0000][4616][gc,age      ] GC(15) - age   2:    1910272 bytes,    3570016 total
[2024-02-23T08:43:36.400+0000][4616][gc,age      ] GC(15) - age   3:    1220512 bytes,    4790528 total
[2024-02-23T08:43:36.400+0000][4616][gc,heap     ] GC(15) Eden regions: 604->0(604)
[2024-02-23T08:43:36.400+0000][4616][gc,heap     ] GC(15) Survivor regions: 2->2(76)
[2024-02-23T08:43:36.400+0000][4616][gc,heap     ] GC(15) Old regions: 36->36
[2024-02-23T08:43:36.400+0000][4616][gc,heap     ] GC(15) Archive regions: 0->0
[2024-02-23T08:43:36.400+0000][4616][gc,heap     ] GC(15) Humongous regions: 2->2
[2024-02-23T08:43:36.400+0000][4616][gc,metaspace] GC(15) Metaspace: 131498K(135104K)->131498K(135104K) NonClass: 114013K(115968K)->114013K(115968K) Class: 17484K(19136K)->17484K(19136K)
[2024-02-23T08:43:36.400+0000][4616][gc          ] GC(15) Pause Young (Normal) (G1 Evacuation Pause) 2575M->157M(4040M) 35.494ms
[2024-02-23T08:43:36.400+0000][4616][gc,cpu      ] GC(15) User=0.12s Sys=0.11s Real=0.04s
[2024-02-23T08:43:36.400+0000][4616][safepoint   ] Safepoint "G1CollectForAllocation", Time since last: 5833083000 ns, Reaching safepoint: 124200 ns, At safepoint: 36209700 ns, Total: 36333900 ns
[2024-02-23T08:43:38.418+0000][4616][safepoint   ] Safepoint "Cleanup", Time since last: 2017418799 ns, Reaching safepoint: 113501 ns, At safepoint: 7900 ns, Total: 121401 ns
[2024-02-23T08:43:53.558+0000][4616][safepoint   ] Safepoint "Cleanup", Time since last: 15139505299 ns, Reaching safepoint: 98600 ns, At safepoint: 10800 ns, Total: 109400 ns
[2024-02-23T08:44:08.702+0000][4616][safepoint   ] Safepoint "Cleanup", Time since last: 15144062701 ns, Reaching safepoint: 115500 ns, At safepoint: 11600 ns, Total: 127100 ns
[2024-02-23T08:44:10.714+0000][4616][safepoint   ] Safepoint "Cleanup", Time since last: 2012178600 ns, Reaching safepoint: 105100 ns, At safepoint: 25100 ns, Total: 130200 ns
[2024-02-23T08:44:20.749+0000][4616][safepoint   ] Safepoint "Cleanup", Time since last: 10034786899 ns, Reaching safepoint: 116601 ns, At safepoint: 12200 ns, Total: 128801 ns
[2024-02-23T08:44:21.762+0000][4616][safepoint   ] Safepoint "Cleanup", Time since last: 1012496399 ns, Reaching safepoint: 127901 ns, At safepoint: 15300 ns, Total: 143201 ns
[2024-02-23T08:44:32.839+0000][4616][safepoint   ] Safepoint "Cleanup", Time since last: 11077562400 ns, Reaching safepoint: 144799 ns, At safepoint: 10001 ns, Total: 154800 ns
[2024-02-23T08:44:51.024+0000][4616][safepoint   ] Safepoint "Cleanup", Time since last: 18184608200 ns, Reaching safepoint: 114800 ns, At safepoint: 14300 ns, Total: 129100 ns
[2024-02-23T08:44:54.028+0000][4616][safepoint   ] Safepoint "Cleanup", Time since last: 3003478500 ns, Reaching safepoint: 109700 ns, At safepoint: 24300 ns, Total: 134000 ns
[2024-02-23T08:44:55.043+0000][4616][safepoint   ] Safepoint "Cleanup", Time since last: 1014811000 ns, Reaching safepoint: 187800 ns, At safepoint: 11200 ns, Total: 199000 ns
[2024-02-23T08:44:57.059+0000][4616][safepoint   ] Safepoint "Cleanup", Time since last: 2016035100 ns, Reaching safepoint: 137600 ns, At safepoint: 12000 ns, Total: 149600 ns
[2024-02-23T08:45:03.094+0000][4616][safepoint   ] Safepoint "Cleanup", Time since last: 6034964700 ns, Reaching safepoint: 111800 ns, At safepoint: 25400 ns, Total: 137200 ns
[2024-02-23T08:45:04.106+0000][4616][safepoint   ] Safepoint "Cleanup", Time since last: 1011544500 ns, Reaching safepoint: 128800 ns, At safepoint: 11600 ns, Total: 140400 ns
[2024-02-23T08:45:09.146+0000][4616][safepoint   ] Safepoint "Cleanup", Time since last: 5039687400 ns, Reaching safepoint: 143700 ns, At safepoint: 9900 ns, Total: 153600 ns
[2024-02-23T08:45:10.153+0000][4616][safepoint   ] Safepoint "Cleanup", Time since last: 1007423700 ns, Reaching safepoint: 118600 ns, At safepoint: 12200 ns, Total: 130800 ns
[2024-02-23T08:45:27.301+0000][4616][safepoint   ] Safepoint "Cleanup", Time since last: 17147969000 ns, Reaching safepoint: 94000 ns, At safepoint: 7100 ns, Total: 101100 ns
[2024-02-23T08:45:34.325+0000][4616][safepoint   ] Safepoint "Cleanup", Time since last: 7023846300 ns, Reaching safepoint: 117300 ns, At safepoint: 12300 ns, Total: 129600 ns
[2024-02-23T08:45:37.340+0000][4616][safepoint   ] Safepoint "Cleanup", Time since last: 3014967000 ns, Reaching safepoint: 152100 ns, At safepoint: 23900 ns, Total: 176000 ns
[2024-02-23T08:45:39.355+0000][4616][safepoint   ] Safepoint "Cleanup", Time since last: 2014702300 ns, Reaching safepoint: 122900 ns, At safepoint: 11200 ns, Total: 134100 ns
[2024-02-23T08:45:42.375+0000][4616][safepoint   ] Safepoint "Cleanup", Time since last: 3020040400 ns, Reaching safepoint: 136600 ns, At safepoint: 12100 ns, Total: 148700 ns
[2024-02-23T08:45:54.480+0000][4616][safepoint   ] Safepoint "Cleanup", Time since last: 12105031700 ns, Reaching safepoint: 96500 ns, At safepoint: 13500 ns, Total: 110000 ns
[2024-02-23T08:45:55.481+0000][4616][safepoint   ] Safepoint "Cleanup", Time since last: 1000394200 ns, Reaching safepoint: 109200 ns, At safepoint: 10900 ns, Total: 120100 ns
[2024-02-23T08:46:03.538+0000][4616][safepoint   ] Safepoint "Cleanup", Time since last: 8057075100 ns, Reaching safepoint: 139300 ns, At safepoint: 11100 ns, Total: 150400 ns
[2024-02-23T08:46:09.601+0000][4616][safepoint   ] Safepoint "Cleanup", Time since last: 6062727700 ns, Reaching safepoint: 95200 ns, At safepoint: 11200 ns, Total: 106400 ns
[2024-02-23T08:46:10.621+0000][4616][safepoint   ] Safepoint "Cleanup", Time since last: 1019867000 ns, Reaching safepoint: 82500 ns, At safepoint: 9600 ns, Total: 92100 ns
[2024-02-23T08:46:11.621+0000][4616][safepoint   ] Safepoint "Cleanup", Time since last: 1000207200 ns, Reaching safepoint: 101400 ns, At safepoint: 13900 ns, Total: 115300 ns
[2024-02-23T08:46:13.652+0000][4616][safepoint   ] Safepoint "Cleanup", Time since last: 2030786000 ns, Reaching safepoint: 112200 ns, At safepoint: 76200 ns, Total: 188400 ns
[2024-02-23T08:46:14.672+0000][4616][safepoint   ] Safepoint "Cleanup", Time since last: 1019799400 ns, Reaching safepoint: 95200 ns, At safepoint: 11000 ns, Total: 106200 ns
[2024-02-23T08:46:15.695+0000][4616][safepoint   ] Safepoint "Cleanup", Time since last: 1022653700 ns, Reaching safepoint: 90900 ns, At safepoint: 8200 ns, Total: 99100 ns
[2024-02-23T08:46:30.793+0000][4616][safepoint   ] Safepoint "Cleanup", Time since last: 15098265500 ns, Reaching safepoint: 97100 ns, At safepoint: 13400 ns, Total: 110500 ns
[2024-02-23T08:46:38.857+0000][4616][safepoint   ] Safepoint "Cleanup", Time since last: 8063939300 ns, Reaching safepoint: 69000 ns, At safepoint: 21100 ns, Total: 90100 ns
[2024-02-23T08:46:41.896+0000][4616][safepoint   ] Safepoint "Cleanup", Time since last: 3038915200 ns, Reaching safepoint: 85000 ns, At safepoint: 44100 ns, Total: 129100 ns
[2024-02-23T08:46:44.919+0000][4616][safepoint   ] Safepoint "Cleanup", Time since last: 3022261900 ns, Reaching safepoint: 100800 ns, At safepoint: 25000 ns, Total: 125800 ns
[2024-02-23T08:46:47.957+0000][4616][safepoint   ] Safepoint "Cleanup", Time since last: 3038259200 ns, Reaching safepoint: 112300 ns, At safepoint: 56800 ns, Total: 169100 ns
[2024-02-23T08:46:48.966+0000][4616][safepoint   ] Safepoint "Cleanup", Time since last: 1008293400 ns, Reaching safepoint: 113600 ns, At safepoint: 67100 ns, Total: 180700 ns
[2024-02-23T08:46:54.017+0000][4616][safepoint   ] Safepoint "Cleanup", Time since last: 5050608400 ns, Reaching safepoint: 97300 ns, At safepoint: 15900 ns, Total: 113200 ns
[2024-02-23T08:46:57.047+0000][4616][safepoint   ] Safepoint "Cleanup", Time since last: 3030188000 ns, Reaching safepoint: 151900 ns, At safepoint: 53000 ns, Total: 204900 ns
[2024-02-23T08:47:01.090+0000][4616][safepoint   ] Safepoint "Cleanup", Time since last: 4042551700 ns, Reaching safepoint: 88200 ns, At safepoint: 26100 ns, Total: 114300 ns
[2024-02-23T08:47:03.106+0000][4616][safepoint   ] Safepoint "Cleanup", Time since last: 2016729300 ns, Reaching safepoint: 88400 ns, At safepoint: 66700 ns, Total: 155100 ns
[2024-02-23T08:47:05.121+0000][4616][safepoint   ] Safepoint "Cleanup", Time since last: 2014926400 ns, Reaching safepoint: 93200 ns, At safepoint: 27500 ns, Total: 120700 ns
[2024-02-23T08:47:06.139+0000][4616][safepoint   ] Safepoint "Cleanup", Time since last: 1017034700 ns, Reaching safepoint: 64800 ns, At safepoint: 61300 ns, Total: 126100 ns
[2024-02-23T08:47:12.215+0000][4616][safepoint   ] Safepoint "Cleanup", Time since last: 6076139000 ns, Reaching safepoint: 110100 ns, At safepoint: 25100 ns, Total: 135200 ns
[2024-02-23T08:47:14.239+0000][4616][safepoint   ] Safepoint "Cleanup", Time since last: 2024078700 ns, Reaching safepoint: 58700 ns, At safepoint: 17700 ns, Total: 76400 ns
[2024-02-23T08:47:15.240+0000][4616][safepoint   ] Safepoint "Cleanup", Time since last: 1000790300 ns, Reaching safepoint: 106700 ns, At safepoint: 64900 ns, Total: 171600 ns
[2024-02-23T08:47:18.280+0000][4616][safepoint   ] Safepoint "Cleanup", Time since last: 3039901400 ns, Reaching safepoint: 158000 ns, At safepoint: 102200 ns, Total: 260200 ns
[2024-02-23T08:47:19.291+0000][4616][safepoint   ] Safepoint "Cleanup", Time since last: 1010287400 ns, Reaching safepoint: 70700 ns, At safepoint: 19900 ns, Total: 90600 ns
[2024-02-23T08:47:21.306+0000][4616][safepoint   ] Safepoint "Cleanup", Time since last: 2015256400 ns, Reaching safepoint: 206800 ns, At safepoint: 75500 ns, Total: 282300 ns
[2024-02-23T08:47:26.355+0000][4616][safepoint   ] Safepoint "Cleanup", Time since last: 5048820100 ns, Reaching safepoint: 112200 ns, At safepoint: 87900 ns, Total: 200100 ns
[2024-02-23T08:47:30.388+0000][4616][safepoint   ] Safepoint "Cleanup", Time since last: 4032498400 ns, Reaching safepoint: 109300 ns, At safepoint: 18200 ns, Total: 127500 ns
[2024-02-23T08:47:37.439+0000][4616][safepoint   ] Safepoint "Cleanup", Time since last: 7050809500 ns, Reaching safepoint: 104900 ns, At safepoint: 23000 ns, Total: 127900 ns
[2024-02-23T08:47:51.574+0000][4616][safepoint   ] Safepoint "Cleanup", Time since last: 14135239200 ns, Reaching safepoint: 118700 ns, At safepoint: 72600 ns, Total: 191300 ns
[2024-02-23T08:47:57.605+0000][4616][safepoint   ] Safepoint "Cleanup", Time since last: 6031159500 ns, Reaching safepoint: 124200 ns, At safepoint: 25200 ns, Total: 149400 ns
[2024-02-23T08:48:03.667+0000][4616][safepoint   ] Safepoint "Cleanup", Time since last: 6062009500 ns, Reaching safepoint: 151700 ns, At safepoint: 64200 ns, Total: 215900 ns
[2024-02-23T08:48:06.308+0000][4616][safepoint   ] Safepoint "Cleanup", Time since last: 2640801400 ns, Reaching safepoint: 131200 ns, At safepoint: 12700 ns, Total: 143900 ns
[2024-02-23T08:48:08.310+0000][4616][safepoint   ] Safepoint "Cleanup", Time since last: 2001618600 ns, Reaching safepoint: 134300 ns, At safepoint: 13200 ns, Total: 147500 ns
[2024-02-23T08:48:10.324+0000][4616][safepoint   ] Safepoint "Cleanup", Time since last: 2013822500 ns, Reaching safepoint: 86900 ns, At safepoint: 23000 ns, Total: 109900 ns
[2024-02-23T08:48:33.593+0000][4616][safepoint   ] Safepoint "Cleanup", Time since last: 23268263800 ns, Reaching safepoint: 125000 ns, At safepoint: 16800 ns, Total: 141800 ns
[2024-02-23T08:48:39.625+0000][4616][safepoint   ] Safepoint "Cleanup", Time since last: 6031948200 ns, Reaching safepoint: 84200 ns, At safepoint: 50100 ns, Total: 134300 ns
[2024-02-23T08:48:42.645+0000][4616][safepoint   ] Safepoint "Cleanup", Time since last: 3020286000 ns, Reaching safepoint: 172400 ns, At safepoint: 30600 ns, Total: 203000 ns
[2024-02-23T08:48:52.700+0000][4616][safepoint   ] Safepoint "Cleanup", Time since last: 10054627200 ns, Reaching safepoint: 194400 ns, At safepoint: 19500 ns, Total: 213900 ns
[2024-02-23T08:49:09.826+0000][4616][safepoint   ] Safepoint "Cleanup", Time since last: 17125931900 ns, Reaching safepoint: 77400 ns, At safepoint: 19600 ns, Total: 97000 ns
[2024-02-23T08:49:10.839+0000][4616][safepoint   ] Safepoint "Cleanup", Time since last: 1012531900 ns, Reaching safepoint: 109400 ns, At safepoint: 68900 ns, Total: 178300 ns
[2024-02-23T08:49:12.855+0000][4616][safepoint   ] Safepoint "Cleanup", Time since last: 2016468100 ns, Reaching safepoint: 115100 ns, At safepoint: 23600 ns, Total: 138700 ns
[2024-02-23T08:49:14.871+0000][4616][safepoint   ] Safepoint "Cleanup", Time since last: 2015793000 ns, Reaching safepoint: 81600 ns, At safepoint: 70500 ns, Total: 152100 ns
[2024-02-23T08:49:18.918+0000][4616][safepoint   ] Safepoint "Cleanup", Time since last: 4046457600 ns, Reaching safepoint: 80100 ns, At safepoint: 22900 ns, Total: 103000 ns
[2024-02-23T08:49:21.951+0000][4616][safepoint   ] Safepoint "Cleanup", Time since last: 3033150600 ns, Reaching safepoint: 110300 ns, At safepoint: 14200 ns, Total: 124500 ns
[2024-02-23T08:49:24.950+0000][4616][safepoint   ] Safepoint "Cleanup", Time since last: 2998536700 ns, Reaching safepoint: 145500 ns, At safepoint: 14900 ns, Total: 160400 ns
[2024-02-23T08:49:37.044+0000][4616][safepoint   ] Safepoint "Cleanup", Time since last: 12093958000 ns, Reaching safepoint: 103300 ns, At safepoint: 9800 ns, Total: 113100 ns
[2024-02-23T08:49:43.605+0000][4616][safepoint   ] Safepoint "Cleanup", Time since last: 6561299000 ns, Reaching safepoint: 97200 ns, At safepoint: 9700 ns, Total: 106900 ns
[2024-02-23T08:49:45.611+0000][4616][safepoint   ] Safepoint "Cleanup", Time since last: 2005864900 ns, Reaching safepoint: 84800 ns, At safepoint: 6600 ns, Total: 91400 ns
[2024-02-23T08:49:55.700+0000][4616][safepoint   ] Safepoint "Cleanup", Time since last: 10088599200 ns, Reaching safepoint: 78600 ns, At safepoint: 10400 ns, Total: 89000 ns
[2024-02-23T08:50:04.788+0000][4616][safepoint   ] Safepoint "Cleanup", Time since last: 9087670900 ns, Reaching safepoint: 87500 ns, At safepoint: 19300 ns, Total: 106800 ns
[2024-02-23T08:50:10.824+0000][4616][safepoint   ] Safepoint "Cleanup", Time since last: 6036504100 ns, Reaching safepoint: 76300 ns, At safepoint: 27700 ns, Total: 104000 ns
[2024-02-23T08:50:15.855+0000][4616][safepoint   ] Safepoint "Cleanup", Time since last: 5030567100 ns, Reaching safepoint: 130600 ns, At safepoint: 98500 ns, Total: 229100 ns
[2024-02-23T08:50:18.872+0000][4616][safepoint   ] Safepoint "Cleanup", Time since last: 3017174700 ns, Reaching safepoint: 100400 ns, At safepoint: 29400 ns, Total: 129800 ns
[2024-02-23T08:50:27.975+0000][4616][safepoint   ] Safepoint "Cleanup", Time since last: 9102365500 ns, Reaching safepoint: 130400 ns, At safepoint: 36400 ns, Total: 166800 ns
[2024-02-23T08:50:32.011+0000][4616][safepoint   ] Safepoint "Cleanup", Time since last: 4035777900 ns, Reaching safepoint: 81300 ns, At safepoint: 56500 ns, Total: 137800 ns
[2024-02-23T08:50:37.043+0000][4616][safepoint   ] Safepoint "Cleanup", Time since last: 5031866500 ns, Reaching safepoint: 135200 ns, At safepoint: 95300 ns, Total: 230500 ns
[2024-02-23T08:50:40.074+0000][4616][safepoint   ] Safepoint "Cleanup", Time since last: 3030447500 ns, Reaching safepoint: 132900 ns, At safepoint: 77000 ns, Total: 209900 ns
[2024-02-23T08:50:43.094+0000][4616][safepoint   ] Safepoint "Cleanup", Time since last: 3020075300 ns, Reaching safepoint: 103700 ns, At safepoint: 23100 ns, Total: 126800 ns
[2024-02-23T08:50:44.107+0000][4616][safepoint   ] Safepoint "Cleanup", Time since last: 1013269900 ns, Reaching safepoint: 82400 ns, At safepoint: 30000 ns, Total: 112400 ns
[2024-02-23T08:50:46.123+0000][4616][safepoint   ] Safepoint "Cleanup", Time since last: 2015652800 ns, Reaching safepoint: 79400 ns, At safepoint: 75300 ns, Total: 154700 ns
[2024-02-23T08:51:10.340+0000][4616][safepoint   ] Safepoint "Cleanup", Time since last: 24216963100 ns, Reaching safepoint: 191900 ns, At safepoint: 31600 ns, Total: 223500 ns
[2024-02-23T08:51:16.372+0000][4616][safepoint   ] Safepoint "Cleanup", Time since last: 6031984900 ns, Reaching safepoint: 86500 ns, At safepoint: 15300 ns, Total: 101800 ns
[2024-02-23T08:51:43.625+0000][4616][safepoint   ] Safepoint "Cleanup", Time since last: 27252725900 ns, Reaching safepoint: 101500 ns, At safepoint: 80100 ns, Total: 181600 ns
[2024-02-23T08:51:51.673+0000][4616][safepoint   ] Safepoint "Cleanup", Time since last: 8047759300 ns, Reaching safepoint: 90300 ns, At safepoint: 66600 ns, Total: 156900 ns
[2024-02-23T08:52:03.769+0000][4616][safepoint   ] Safepoint "Cleanup", Time since last: 12095557700 ns, Reaching safepoint: 62200 ns, At safepoint: 10400 ns, Total: 72600 ns
[2024-02-23T08:52:04.770+0000][4616][safepoint   ] Safepoint "Cleanup", Time since last: 1000660000 ns, Reaching safepoint: 77500 ns, At safepoint: 58200 ns, Total: 135700 ns
[2024-02-23T08:52:07.779+0000][4616][safepoint   ] Safepoint "Cleanup", Time since last: 3009756400 ns, Reaching safepoint: 335100 ns, At safepoint: 103200 ns, Total: 438300 ns
[2024-02-23T08:52:10.826+0000][4616][safepoint   ] Safepoint "Cleanup", Time since last: 3045758600 ns, Reaching safepoint: 81200 ns, At safepoint: 12000 ns, Total: 93200 ns
[2024-02-23T08:52:13.858+0000][4616][safepoint   ] Safepoint "Cleanup", Time since last: 3031987500 ns, Reaching safepoint: 127600 ns, At safepoint: 16600 ns, Total: 144200 ns
[2024-02-23T08:52:14.870+0000][4616][safepoint   ] Safepoint "Cleanup", Time since last: 1012542700 ns, Reaching safepoint: 140900 ns, At safepoint: 11700 ns, Total: 152600 ns
[2024-02-23T08:52:15.884+0000][4616][safepoint   ] Safepoint "Cleanup", Time since last: 1013104400 ns, Reaching safepoint: 110300 ns, At safepoint: 15700 ns, Total: 126000 ns
[2024-02-23T08:52:16.899+0000][4616][safepoint   ] Safepoint "Cleanup", Time since last: 1014642600 ns, Reaching safepoint: 197300 ns, At safepoint: 11400 ns, Total: 208700 ns
[2024-02-23T08:52:18.904+0000][4616][safepoint   ] Safepoint "Cleanup", Time since last: 2004734500 ns, Reaching safepoint: 79400 ns, At safepoint: 8800 ns, Total: 88200 ns
[2024-02-23T08:52:21.923+0000][4616][safepoint   ] Safepoint "Cleanup", Time since last: 3019260500 ns, Reaching safepoint: 96300 ns, At safepoint: 30200 ns, Total: 126500 ns
[2024-02-23T08:52:22.926+0000][4616][safepoint   ] Safepoint "Cleanup", Time since last: 1003056100 ns, Reaching safepoint: 750400 ns, At safepoint: 12200 ns, Total: 762600 ns
[2024-02-23T08:52:26.965+0000][4616][safepoint   ] Safepoint "Cleanup", Time since last: 4038208400 ns, Reaching safepoint: 116200 ns, At safepoint: 22200 ns, Total: 138400 ns
[2024-02-23T08:52:31.996+0000][4616][safepoint   ] Safepoint "Cleanup", Time since last: 5030752800 ns, Reaching safepoint: 108100 ns, At safepoint: 21300 ns, Total: 129400 ns
[2024-02-23T08:52:35.027+0000][4616][safepoint   ] Safepoint "Cleanup", Time since last: 3031326000 ns, Reaching safepoint: 87700 ns, At safepoint: 17500 ns, Total: 105200 ns
[2024-02-23T08:52:40.073+0000][4616][safepoint   ] Safepoint "Cleanup", Time since last: 5045870500 ns, Reaching safepoint: 117400 ns, At safepoint: 14500 ns, Total: 131900 ns
[2024-02-23T08:52:42.075+0000][4616][safepoint   ] Safepoint "Cleanup", Time since last: 2001785700 ns, Reaching safepoint: 109200 ns, At safepoint: 26400 ns, Total: 135600 ns
[2024-02-23T08:52:43.090+0000][4616][safepoint   ] Safepoint "Cleanup", Time since last: 1014444100 ns, Reaching safepoint: 110000 ns, At safepoint: 16300 ns, Total: 126300 ns
[2024-02-23T08:52:45.113+0000][4616][safepoint   ] Safepoint "Cleanup", Time since last: 2022756200 ns, Reaching safepoint: 84400 ns, At safepoint: 20800 ns, Total: 105200 ns
[2024-02-23T08:52:52.200+0000][4616][safepoint   ] Safepoint "Cleanup", Time since last: 7087392200 ns, Reaching safepoint: 112200 ns, At safepoint: 16100 ns, Total: 128300 ns
[2024-02-23T08:52:55.247+0000][4616][safepoint   ] Safepoint "Cleanup", Time since last: 3046280600 ns, Reaching safepoint: 104900 ns, At safepoint: 36900 ns, Total: 141800 ns
[2024-02-23T08:53:04.334+0000][4616][safepoint   ] Safepoint "Cleanup", Time since last: 9087697900 ns, Reaching safepoint: 89800 ns, At safepoint: 9000 ns, Total: 98800 ns
[2024-02-23T08:53:05.337+0000][4616][safepoint   ] Safepoint "Cleanup", Time since last: 1002102000 ns, Reaching safepoint: 321200 ns, At safepoint: 55000 ns, Total: 376200 ns
[2024-02-23T08:53:06.960+0000][4616][safepoint   ] Safepoint "Cleanup", Time since last: 1623221000 ns, Reaching safepoint: 317100 ns, At safepoint: 15100 ns, Total: 332200 ns
[2024-02-23T08:53:07.970+0000][4616][safepoint   ] Safepoint "Cleanup", Time since last: 1008903600 ns, Reaching safepoint: 661800 ns, At safepoint: 320300 ns, Total: 982100 ns
[2024-02-23T08:53:08.981+0000][4616][safepoint   ] Safepoint "Cleanup", Time since last: 1010153300 ns, Reaching safepoint: 174500 ns, At safepoint: 341800 ns, Total: 516300 ns
[2024-02-23T08:53:09.993+0000][4616][safepoint   ] Safepoint "Cleanup", Time since last: 1011959100 ns, Reaching safepoint: 86900 ns, At safepoint: 18100 ns, Total: 105000 ns
[2024-02-23T08:53:10.911+0000][4616][gc,start    ] GC(16) Pause Young (Normal) (G1 Evacuation Pause)
[2024-02-23T08:53:10.911+0000][4616][gc,task     ] GC(16) Using 8 workers of 8 for evacuation
[2024-02-23T08:53:10.911+0000][4616][gc,age      ] GC(16) Desired survivor size 159383552 bytes, new threshold 15 (max threshold 15)
[2024-02-23T08:53:10.914+0000][4616][gc,phases   ] GC(16)   Pre Evacuate Collection Set: 0.2ms
[2024-02-23T08:53:10.914+0000][4616][gc,phases   ] GC(16)   Merge Heap Roots: 0.2ms
[2024-02-23T08:53:10.914+0000][4616][gc,phases   ] GC(16)   Evacuate Collection Set: 7.2ms
[2024-02-23T08:53:10.914+0000][4616][gc,phases   ] GC(16)   Post Evacuate Collection Set: 1.5ms
[2024-02-23T08:53:10.914+0000][4616][gc,phases   ] GC(16)   Other: 0.1ms
[2024-02-23T08:53:10.914+0000][4616][gc,age      ] GC(16) Age table with threshold 15 (max threshold 15)
[2024-02-23T08:53:10.914+0000][4616][gc,age      ] GC(16) - age   1:    8691144 bytes,    8691144 total
[2024-02-23T08:53:10.914+0000][4616][gc,age      ] GC(16) - age   2:     188408 bytes,    8879552 total
[2024-02-23T08:53:10.914+0000][4616][gc,age      ] GC(16) - age   3:    1330200 bytes,   10209752 total
[2024-02-23T08:53:10.914+0000][4616][gc,age      ] GC(16) - age   4:    1217864 bytes,   11427616 total
[2024-02-23T08:53:10.914+0000][4616][gc,heap     ] GC(16) Eden regions: 604->0(602)
[2024-02-23T08:53:10.914+0000][4616][gc,heap     ] GC(16) Survivor regions: 2->4(76)
[2024-02-23T08:53:10.914+0000][4616][gc,heap     ] GC(16) Old regions: 36->36
[2024-02-23T08:53:10.914+0000][4616][gc,heap     ] GC(16) Archive regions: 0->0
[2024-02-23T08:53:10.914+0000][4616][gc,heap     ] GC(16) Humongous regions: 2->2
[2024-02-23T08:53:10.914+0000][4616][gc,metaspace] GC(16) Metaspace: 132101K(135680K)->132101K(135680K) NonClass: 114545K(116416K)->114545K(116416K) Class: 17555K(19264K)->17555K(19264K)
[2024-02-23T08:53:10.914+0000][4616][gc          ] GC(16) Pause Young (Normal) (G1 Evacuation Pause) 2573M->163M(4040M) 9.713ms
[2024-02-23T08:53:10.914+0000][4616][gc,cpu      ] GC(16) User=0.12s Sys=0.00s Real=0.00s
[2024-02-23T08:53:10.914+0000][4616][safepoint   ] Safepoint "G1CollectForAllocation", Time since last: 918695100 ns, Reaching safepoint: 105600 ns, At safepoint: 9882300 ns, Total: 9987900 ns
[2024-02-23T08:53:12.942+0000][4616][safepoint   ] Safepoint "Cleanup", Time since last: 2003792000 ns, Reaching safepoint: 15951400 ns, At safepoint: 986100 ns, Total: 16937500 ns
[2024-02-23T08:53:14.286+0000][4616][safepoint   ] Safepoint "Cleanup", Time since last: 1342967400 ns, Reaching safepoint: 189900 ns, At safepoint: 11200 ns, Total: 201100 ns
[2024-02-23T08:53:16.266+0000][4616][safepoint   ] Safepoint "Cleanup", Time since last: 1980355000 ns, Reaching safepoint: 354000 ns, At safepoint: 14400 ns, Total: 368400 ns
[2024-02-23T08:53:17.275+0000][4616][safepoint   ] Safepoint "Cleanup", Time since last: 1008426500 ns, Reaching safepoint: 441900 ns, At safepoint: 79000 ns, Total: 520900 ns
[2024-02-23T08:53:18.280+0000][4616][safepoint   ] Safepoint "Cleanup", Time since last: 1004371000 ns, Reaching safepoint: 118900 ns, At safepoint: 16100 ns, Total: 135000 ns
[2024-02-23T08:53:19.297+0000][4616][safepoint   ] Safepoint "Cleanup", Time since last: 1017093100 ns, Reaching safepoint: 144200 ns, At safepoint: 44300 ns, Total: 188500 ns
[2024-02-23T08:53:20.298+0000][4616][safepoint   ] Safepoint "Cleanup", Time since last: 1001058200 ns, Reaching safepoint: 79200 ns, At safepoint: 17500 ns, Total: 96700 ns
[2024-02-23T08:53:21.305+0000][4616][safepoint   ] Safepoint "Cleanup", Time since last: 1006583300 ns, Reaching safepoint: 137900 ns, At safepoint: 38500 ns, Total: 176400 ns
[2024-02-23T08:53:22.307+0000][4616][safepoint   ] Safepoint "Cleanup", Time since last: 1001639000 ns, Reaching safepoint: 102800 ns, At safepoint: 7300 ns, Total: 110100 ns
[2024-02-23T08:53:23.418+0000][4616][safepoint   ] Safepoint "Cleanup", Time since last: 1012613400 ns, Reaching safepoint: 98402100 ns, At safepoint: 63100 ns, Total: 98465200 ns
[2024-02-23T08:53:24.419+0000][4616][safepoint   ] Safepoint "Cleanup", Time since last: 1001171500 ns, Reaching safepoint: 82000 ns, At safepoint: 24900 ns, Total: 106900 ns
[2024-02-23T08:53:25.419+0000][4616][safepoint   ] Safepoint "Cleanup", Time since last: 1000244100 ns, Reaching safepoint: 83800 ns, At safepoint: 11400 ns, Total: 95200 ns
[2024-02-23T08:53:26.420+0000][4616][safepoint   ] Safepoint "Cleanup", Time since last: 1000499000 ns, Reaching safepoint: 94300 ns, At safepoint: 7000 ns, Total: 101300 ns
[2024-02-23T08:53:27.421+0000][4616][safepoint   ] Safepoint "Cleanup", Time since last: 1001127700 ns, Reaching safepoint: 63900 ns, At safepoint: 40900 ns, Total: 104800 ns
[2024-02-23T08:53:28.436+0000][4616][safepoint   ] Safepoint "Cleanup", Time since last: 1014118600 ns, Reaching safepoint: 133000 ns, At safepoint: 14200 ns, Total: 147200 ns
[2024-02-23T08:53:29.458+0000][4616][safepoint   ] Safepoint "Cleanup", Time since last: 1022241200 ns, Reaching safepoint: 235600 ns, At safepoint: 18400 ns, Total: 254000 ns
[2024-02-23T08:53:30.468+0000][4616][safepoint   ] Safepoint "Cleanup", Time since last: 1010118900 ns, Reaching safepoint: 806100 ns, At safepoint: 28600 ns, Total: 834700 ns
[2024-02-23T08:53:32.054+0000][4616][safepoint   ] Safepoint "Cleanup", Time since last: 1585138000 ns, Reaching safepoint: 458700 ns, At safepoint: 50600 ns, Total: 509300 ns
[2024-02-23T08:53:33.070+0000][4616][safepoint   ] Safepoint "Cleanup", Time since last: 1014930800 ns, Reaching safepoint: 177500 ns, At safepoint: 33700 ns, Total: 211200 ns
[2024-02-23T08:53:34.086+0000][4616][safepoint   ] Safepoint "Cleanup", Time since last: 1016179000 ns, Reaching safepoint: 91400 ns, At safepoint: 11200 ns, Total: 102600 ns
[2024-02-23T08:53:35.092+0000][4616][safepoint   ] Safepoint "Cleanup", Time since last: 1006219100 ns, Reaching safepoint: 90400 ns, At safepoint: 16300 ns, Total: 106700 ns
[2024-02-23T08:53:36.107+0000][4616][safepoint   ] Safepoint "Cleanup", Time since last: 1014351000 ns, Reaching safepoint: 77700 ns, At safepoint: 8500 ns, Total: 86200 ns
[2024-02-23T08:53:37.119+0000][4616][safepoint   ] Safepoint "Cleanup", Time since last: 1011788200 ns, Reaching safepoint: 146600 ns, At safepoint: 21000 ns, Total: 167600 ns
[2024-02-23T08:53:38.121+0000][4616][safepoint   ] Safepoint "Cleanup", Time since last: 1001697200 ns, Reaching safepoint: 129900 ns, At safepoint: 6500 ns, Total: 136400 ns
[2024-02-23T08:53:39.135+0000][4616][safepoint   ] Safepoint "Cleanup", Time since last: 1013878800 ns, Reaching safepoint: 69300 ns, At safepoint: 14200 ns, Total: 83500 ns
[2024-02-23T08:53:40.142+0000][4616][safepoint   ] Safepoint "Cleanup", Time since last: 1007089900 ns, Reaching safepoint: 100100 ns, At safepoint: 13700 ns, Total: 113800 ns
[2024-02-23T08:53:41.154+0000][4616][safepoint   ] Safepoint "Cleanup", Time since last: 1011706500 ns, Reaching safepoint: 69800 ns, At safepoint: 12500 ns, Total: 82300 ns
[2024-02-23T08:53:42.171+0000][4616][safepoint   ] Safepoint "Cleanup", Time since last: 1017084100 ns, Reaching safepoint: 92000 ns, At safepoint: 20700 ns, Total: 112700 ns
[2024-02-23T08:53:43.186+0000][4616][safepoint   ] Safepoint "Cleanup", Time since last: 1015308400 ns, Reaching safepoint: 69300 ns, At safepoint: 93100 ns, Total: 162400 ns
[2024-02-23T08:53:44.200+0000][4616][safepoint   ] Safepoint "Cleanup", Time since last: 1013810500 ns, Reaching safepoint: 63900 ns, At safepoint: 16600 ns, Total: 80500 ns
[2024-02-23T08:53:45.205+0000][4616][safepoint   ] Safepoint "Cleanup", Time since last: 1004734800 ns, Reaching safepoint: 112600 ns, At safepoint: 15400 ns, Total: 128000 ns
[2024-02-23T08:53:46.216+0000][4616][safepoint   ] Safepoint "Cleanup", Time since last: 1011001100 ns, Reaching safepoint: 98500 ns, At safepoint: 11400 ns, Total: 109900 ns
[2024-02-23T08:53:47.219+0000][4616][safepoint   ] Safepoint "Cleanup", Time since last: 1003119500 ns, Reaching safepoint: 275900 ns, At safepoint: 62600 ns, Total: 338500 ns
[2024-02-23T08:53:48.229+0000][4616][safepoint   ] Safepoint "Cleanup", Time since last: 1009592100 ns, Reaching safepoint: 68900 ns, At safepoint: 13600 ns, Total: 82500 ns
[2024-02-23T08:53:49.235+0000][4616][safepoint   ] Safepoint "Cleanup", Time since last: 1005073900 ns, Reaching safepoint: 82900 ns, At safepoint: 13500 ns, Total: 96400 ns
[2024-02-23T08:53:50.236+0000][4616][safepoint   ] Safepoint "Cleanup", Time since last: 1001221600 ns, Reaching safepoint: 83100 ns, At safepoint: 10700 ns, Total: 93800 ns
[2024-02-23T08:53:51.238+0000][4616][safepoint   ] Safepoint "Cleanup", Time since last: 1002458500 ns, Reaching safepoint: 73500 ns, At safepoint: 10800 ns, Total: 84300 ns
[2024-02-23T08:53:52.251+0000][4616][safepoint   ] Safepoint "Cleanup", Time since last: 1012593800 ns, Reaching safepoint: 96900 ns, At safepoint: 14000 ns, Total: 110900 ns
[2024-02-23T08:53:53.252+0000][4616][safepoint   ] Safepoint "Cleanup", Time since last: 1001326800 ns, Reaching safepoint: 71800 ns, At safepoint: 7400 ns, Total: 79200 ns
[2024-02-23T08:53:54.266+0000][4616][safepoint   ] Safepoint "Cleanup", Time since last: 1013357100 ns, Reaching safepoint: 102100 ns, At safepoint: 12700 ns, Total: 114800 ns
[2024-02-23T08:53:55.267+0000][4616][safepoint   ] Safepoint "Cleanup", Time since last: 1001205600 ns, Reaching safepoint: 122600 ns, At safepoint: 20600 ns, Total: 143200 ns
[2024-02-23T08:53:56.268+0000][4616][safepoint   ] Safepoint "Cleanup", Time since last: 1000704100 ns, Reaching safepoint: 223900 ns, At safepoint: 91900 ns, Total: 315800 ns
[2024-02-23T08:53:57.281+0000][4616][safepoint   ] Safepoint "Cleanup", Time since last: 1012500600 ns, Reaching safepoint: 114900 ns, At safepoint: 27400 ns, Total: 142300 ns
[2024-02-23T08:53:58.293+0000][4616][safepoint   ] Safepoint "Cleanup", Time since last: 1012127400 ns, Reaching safepoint: 64500 ns, At safepoint: 10700 ns, Total: 75200 ns
[2024-02-23T08:53:59.297+0000][4616][safepoint   ] Safepoint "Cleanup", Time since last: 1003490500 ns, Reaching safepoint: 68400 ns, At safepoint: 20400 ns, Total: 88800 ns
[2024-02-23T08:54:00.313+0000][4616][safepoint   ] Safepoint "Cleanup", Time since last: 1016297200 ns, Reaching safepoint: 112900 ns, At safepoint: 33800 ns, Total: 146700 ns
[2024-02-23T08:54:01.314+0000][4616][safepoint   ] Safepoint "Cleanup", Time since last: 1001278800 ns, Reaching safepoint: 96100 ns, At safepoint: 16400 ns, Total: 112500 ns
[2024-02-23T08:54:02.332+0000][4616][safepoint   ] Safepoint "Cleanup", Time since last: 1016927600 ns, Reaching safepoint: 108300 ns, At safepoint: 21800 ns, Total: 130100 ns
[2024-02-23T08:54:02.693+0000][4616][gc,start    ] GC(17) Pause Young (Normal) (G1 Evacuation Pause)
[2024-02-23T08:54:02.693+0000][4616][gc,task     ] GC(17) Using 8 workers of 8 for evacuation
[2024-02-23T08:54:02.693+0000][4616][gc,age      ] GC(17) Desired survivor size 159383552 bytes, new threshold 15 (max threshold 15)
[2024-02-23T08:54:02.709+0000][4616][gc,phases   ] GC(17)   Pre Evacuate Collection Set: 0.7ms
[2024-02-23T08:54:02.709+0000][4616][gc,phases   ] GC(17)   Merge Heap Roots: 0.1ms
[2024-02-23T08:54:02.709+0000][4616][gc,phases   ] GC(17)   Evacuate Collection Set: 13.2ms
[2024-02-23T08:54:02.709+0000][4616][gc,phases   ] GC(17)   Post Evacuate Collection Set: 1.5ms
[2024-02-23T08:54:02.709+0000][4616][gc,phases   ] GC(17)   Other: 0.2ms
[2024-02-23T08:54:02.709+0000][4616][gc,age      ] GC(17) Age table with threshold 15 (max threshold 15)
[2024-02-23T08:54:02.709+0000][4616][gc,age      ] GC(17) - age   1:   20080872 bytes,   20080872 total
[2024-02-23T08:54:02.709+0000][4616][gc,age      ] GC(17) - age   2:    3549952 bytes,   23630824 total
[2024-02-23T08:54:02.709+0000][4616][gc,age      ] GC(17) - age   3:     186848 bytes,   23817672 total
[2024-02-23T08:54:02.709+0000][4616][gc,age      ] GC(17) - age   4:    1319240 bytes,   25136912 total
[2024-02-23T08:54:02.709+0000][4616][gc,age      ] GC(17) - age   5:    1185640 bytes,   26322552 total
[2024-02-23T08:54:02.709+0000][4616][gc,heap     ] GC(17) Eden regions: 602->0(599)
[2024-02-23T08:54:02.709+0000][4616][gc,heap     ] GC(17) Survivor regions: 4->7(76)
[2024-02-23T08:54:02.709+0000][4616][gc,heap     ] GC(17) Old regions: 36->36
[2024-02-23T08:54:02.709+0000][4616][gc,heap     ] GC(17) Archive regions: 0->0
[2024-02-23T08:54:02.709+0000][4616][gc,heap     ] GC(17) Humongous regions: 2->2
[2024-02-23T08:54:02.709+0000][4616][gc,metaspace] GC(17) Metaspace: 133022K(136576K)->133022K(136576K) NonClass: 115464K(117312K)->115464K(117312K) Class: 17557K(19264K)->17557K(19264K)
[2024-02-23T08:54:02.709+0000][4616][gc          ] GC(17) Pause Young (Normal) (G1 Evacuation Pause) 2571M->179M(4040M) 16.217ms
[2024-02-23T08:54:02.710+0000][4616][gc,cpu      ] GC(17) User=0.12s Sys=0.00s Real=0.02s
[2024-02-23T08:54:02.710+0000][4616][safepoint   ] Safepoint "G1CollectForAllocation", Time since last: 361469600 ns, Reaching safepoint: 36000 ns, At safepoint: 16379200 ns, Total: 16415200 ns
[2024-02-23T08:54:04.670+0000][4616][safepoint   ] Safepoint "Cleanup", Time since last: 1960918500 ns, Reaching safepoint: 154200 ns, At safepoint: 9700 ns, Total: 163900 ns
[2024-02-23T08:54:05.672+0000][4616][safepoint   ] Safepoint "Cleanup", Time since last: 1001073900 ns, Reaching safepoint: 130200 ns, At safepoint: 16100 ns, Total: 146300 ns
[2024-02-23T08:54:06.681+0000][4616][safepoint   ] Safepoint "Cleanup", Time since last: 1008869500 ns, Reaching safepoint: 97500 ns, At safepoint: 17200 ns, Total: 114700 ns
[2024-02-23T08:54:07.687+0000][4616][safepoint   ] Safepoint "Cleanup", Time since last: 1006336000 ns, Reaching safepoint: 63100 ns, At safepoint: 40900 ns, Total: 104000 ns
[2024-02-23T08:54:08.692+0000][4616][safepoint   ] Safepoint "Cleanup", Time since last: 1004276400 ns, Reaching safepoint: 74200 ns, At safepoint: 10000 ns, Total: 84200 ns
[2024-02-23T08:54:09.834+0000][4616][safepoint   ] Safepoint "Cleanup", Time since last: 1142662100 ns, Reaching safepoint: 102900 ns, At safepoint: 14500 ns, Total: 117400 ns
[2024-02-23T08:54:11.758+0000][4616][safepoint   ] Safepoint "Cleanup", Time since last: 1923598200 ns, Reaching safepoint: 100000 ns, At safepoint: 11400 ns, Total: 111400 ns
[2024-02-23T08:54:12.759+0000][4616][safepoint   ] Safepoint "Cleanup", Time since last: 1000500900 ns, Reaching safepoint: 138000 ns, At safepoint: 88300 ns, Total: 226300 ns
[2024-02-23T08:54:13.767+0000][4616][safepoint   ] Safepoint "Cleanup", Time since last: 1007933700 ns, Reaching safepoint: 120100 ns, At safepoint: 35800 ns, Total: 155900 ns
[2024-02-23T08:54:14.785+0000][4616][safepoint   ] Safepoint "Cleanup", Time since last: 1017652800 ns, Reaching safepoint: 126900 ns, At safepoint: 54100 ns, Total: 181000 ns
[2024-02-23T08:54:15.789+0000][4616][safepoint   ] Safepoint "Cleanup", Time since last: 1004323600 ns, Reaching safepoint: 89300 ns, At safepoint: 13100 ns, Total: 102400 ns
[2024-02-23T08:54:16.797+0000][4616][safepoint   ] Safepoint "Cleanup", Time since last: 1008232900 ns, Reaching safepoint: 61900 ns, At safepoint: 15700 ns, Total: 77600 ns
[2024-02-23T08:54:17.800+0000][4616][safepoint   ] Safepoint "Cleanup", Time since last: 1002895900 ns, Reaching safepoint: 61700 ns, At safepoint: 18500 ns, Total: 80200 ns
[2024-02-23T08:54:18.819+0000][4616][safepoint   ] Safepoint "Cleanup", Time since last: 1018841300 ns, Reaching safepoint: 71800 ns, At safepoint: 9900 ns, Total: 81700 ns
[2024-02-23T08:54:19.835+0000][4616][safepoint   ] Safepoint "Cleanup", Time since last: 1015280800 ns, Reaching safepoint: 101300 ns, At safepoint: 24600 ns, Total: 125900 ns
[2024-02-23T08:54:20.847+0000][4616][safepoint   ] Safepoint "Cleanup", Time since last: 1012485000 ns, Reaching safepoint: 116200 ns, At safepoint: 28800 ns, Total: 145000 ns
[2024-02-23T08:54:21.857+0000][4616][safepoint   ] Safepoint "Cleanup", Time since last: 1009774900 ns, Reaching safepoint: 80900 ns, At safepoint: 9600 ns, Total: 90500 ns
[2024-02-23T08:54:22.871+0000][4616][safepoint   ] Safepoint "Cleanup", Time since last: 1013389400 ns, Reaching safepoint: 48900 ns, At safepoint: 9000 ns, Total: 57900 ns
[2024-02-23T08:54:24.882+0000][4616][safepoint   ] Safepoint "Cleanup", Time since last: 2011321200 ns, Reaching safepoint: 52000 ns, At safepoint: 7100 ns, Total: 59100 ns
[2024-02-23T08:54:25.891+0000][4616][safepoint   ] Safepoint "Cleanup", Time since last: 1008653100 ns, Reaching safepoint: 84500 ns, At safepoint: 8300 ns, Total: 92800 ns
[2024-02-23T08:54:27.911+0000][4616][safepoint   ] Safepoint "Cleanup", Time since last: 2020363300 ns, Reaching safepoint: 63400 ns, At safepoint: 5900 ns, Total: 69300 ns
[2024-02-23T08:54:30.951+0000][4616][safepoint   ] Safepoint "Cleanup", Time since last: 3039465800 ns, Reaching safepoint: 75700 ns, At safepoint: 19500 ns, Total: 95200 ns
[2024-02-23T08:54:31.953+0000][4616][safepoint   ] Safepoint "Cleanup", Time since last: 1001821800 ns, Reaching safepoint: 152500 ns, At safepoint: 64600 ns, Total: 217100 ns
[2024-02-23T08:54:32.956+0000][4616][safepoint   ] Safepoint "Cleanup", Time since last: 1003150900 ns, Reaching safepoint: 85400 ns, At safepoint: 18900 ns, Total: 104300 ns
[2024-02-23T08:54:33.960+0000][4616][safepoint   ] Safepoint "Cleanup", Time since last: 1003460500 ns, Reaching safepoint: 71300 ns, At safepoint: 29600 ns, Total: 100900 ns
[2024-02-23T08:54:34.973+0000][4616][safepoint   ] Safepoint "Cleanup", Time since last: 1013607200 ns, Reaching safepoint: 122000 ns, At safepoint: 48900 ns, Total: 170900 ns
[2024-02-23T08:54:35.980+0000][4616][safepoint   ] Safepoint "Cleanup", Time since last: 1006206500 ns, Reaching safepoint: 77500 ns, At safepoint: 31900 ns, Total: 109400 ns
[2024-02-23T08:54:36.986+0000][4616][safepoint   ] Safepoint "Cleanup", Time since last: 1006253800 ns, Reaching safepoint: 161700 ns, At safepoint: 44400 ns, Total: 206100 ns
[2024-02-23T08:54:37.988+0000][4616][safepoint   ] Safepoint "Cleanup", Time since last: 1001745800 ns, Reaching safepoint: 219200 ns, At safepoint: 29000 ns, Total: 248200 ns
[2024-02-23T08:54:38.993+0000][4616][safepoint   ] Safepoint "Cleanup", Time since last: 1004845100 ns, Reaching safepoint: 85500 ns, At safepoint: 18100 ns, Total: 103600 ns
[2024-02-23T08:54:39.995+0000][4616][safepoint   ] Safepoint "Cleanup", Time since last: 1001324200 ns, Reaching safepoint: 69400 ns, At safepoint: 15000 ns, Total: 84400 ns
[2024-02-23T08:54:41.998+0000][4616][safepoint   ] Safepoint "Cleanup", Time since last: 2003600500 ns, Reaching safepoint: 136700 ns, At safepoint: 48500 ns, Total: 185200 ns
[2024-02-23T08:54:43.009+0000][4616][safepoint   ] Safepoint "Cleanup", Time since last: 1010667700 ns, Reaching safepoint: 76400 ns, At safepoint: 6100 ns, Total: 82500 ns
[2024-02-23T08:54:44.021+0000][4616][safepoint   ] Safepoint "Cleanup", Time since last: 1011849900 ns, Reaching safepoint: 71000 ns, At safepoint: 10900 ns, Total: 81900 ns
[2024-02-23T08:54:45.028+0000][4616][safepoint   ] Safepoint "Cleanup", Time since last: 1006773300 ns, Reaching safepoint: 133600 ns, At safepoint: 84900 ns, Total: 218500 ns
[2024-02-23T08:54:46.033+0000][4616][safepoint   ] Safepoint "Cleanup", Time since last: 1004510300 ns, Reaching safepoint: 65700 ns, At safepoint: 10700 ns, Total: 76400 ns
[2024-02-23T08:54:47.039+0000][4616][safepoint   ] Safepoint "Cleanup", Time since last: 1006349000 ns, Reaching safepoint: 88800 ns, At safepoint: 55800 ns, Total: 144600 ns
[2024-02-23T08:54:47.253+0000][4616][gc,start    ] GC(18) Pause Young (Normal) (G1 Evacuation Pause)
[2024-02-23T08:54:47.253+0000][4616][gc,task     ] GC(18) Using 8 workers of 8 for evacuation
[2024-02-23T08:54:47.253+0000][4616][gc,age      ] GC(18) Desired survivor size 159383552 bytes, new threshold 15 (max threshold 15)
[2024-02-23T08:54:47.284+0000][4616][gc,phases   ] GC(18)   Pre Evacuate Collection Set: 0.2ms
[2024-02-23T08:54:47.284+0000][4616][gc,phases   ] GC(18)   Merge Heap Roots: 0.1ms
[2024-02-23T08:54:47.284+0000][4616][gc,phases   ] GC(18)   Evacuate Collection Set: 28.6ms
[2024-02-23T08:54:47.284+0000][4616][gc,phases   ] GC(18)   Post Evacuate Collection Set: 1.8ms
[2024-02-23T08:54:47.284+0000][4616][gc,phases   ] GC(18)   Other: 0.2ms
[2024-02-23T08:54:47.284+0000][4616][gc,age      ] GC(18) Age table with threshold 15 (max threshold 15)
[2024-02-23T08:54:47.284+0000][4616][gc,age      ] GC(18) - age   1:   48200536 bytes,   48200536 total
[2024-02-23T08:54:47.284+0000][4616][gc,age      ] GC(18) - age   2:   15471848 bytes,   63672384 total
[2024-02-23T08:54:47.284+0000][4616][gc,age      ] GC(18) - age   3:    3282864 bytes,   66955248 total
[2024-02-23T08:54:47.284+0000][4616][gc,age      ] GC(18) - age   4:     186464 bytes,   67141712 total
[2024-02-23T08:54:47.284+0000][4616][gc,age      ] GC(18) - age   5:    1319160 bytes,   68460872 total
[2024-02-23T08:54:47.284+0000][4616][gc,age      ] GC(18) - age   6:    1185432 bytes,   69646304 total
[2024-02-23T08:54:47.284+0000][4616][gc,heap     ] GC(18) Eden regions: 599->0(589)
[2024-02-23T08:54:47.284+0000][4616][gc,heap     ] GC(18) Survivor regions: 7->17(76)
[2024-02-23T08:54:47.284+0000][4616][gc,heap     ] GC(18) Old regions: 36->36
[2024-02-23T08:54:47.284+0000][4616][gc,heap     ] GC(18) Archive regions: 0->0
[2024-02-23T08:54:47.284+0000][4616][gc,heap     ] GC(18) Humongous regions: 2->2
[2024-02-23T08:54:47.284+0000][4616][gc,metaspace] GC(18) Metaspace: 133266K(136832K)->133266K(136832K) NonClass: 115704K(117568K)->115704K(117568K) Class: 17562K(19264K)->17562K(19264K)
[2024-02-23T08:54:47.284+0000][4616][gc          ] GC(18) Pause Young (Normal) (G1 Evacuation Pause) 2575M->219M(4040M) 31.370ms
[2024-02-23T08:54:47.284+0000][4616][gc,cpu      ] GC(18) User=0.19s Sys=0.05s Real=0.03s
[2024-02-23T08:54:47.284+0000][4616][safepoint   ] Safepoint "G1CollectForAllocation", Time since last: 214275700 ns, Reaching safepoint: 110700 ns, At safepoint: 31544000 ns, Total: 31654700 ns
[2024-02-23T08:54:48.298+0000][4616][safepoint   ] Safepoint "Cleanup", Time since last: 1013447200 ns, Reaching safepoint: 174200 ns, At safepoint: 39100 ns, Total: 213300 ns
[2024-02-23T08:54:49.317+0000][4616][safepoint   ] Safepoint "Cleanup", Time since last: 1018207000 ns, Reaching safepoint: 98900 ns, At safepoint: 13000 ns, Total: 111900 ns
[2024-02-23T08:54:50.328+0000][4616][safepoint   ] Safepoint "Cleanup", Time since last: 1010412600 ns, Reaching safepoint: 67000 ns, At safepoint: 12800 ns, Total: 79800 ns
[2024-02-23T08:54:52.345+0000][4616][safepoint   ] Safepoint "Cleanup", Time since last: 2017307500 ns, Reaching safepoint: 102500 ns, At safepoint: 14400 ns, Total: 116900 ns
[2024-02-23T08:54:53.347+0000][4616][safepoint   ] Safepoint "Cleanup", Time since last: 1002001900 ns, Reaching safepoint: 180400 ns, At safepoint: 25100 ns, Total: 205500 ns
[2024-02-23T08:54:55.356+0000][4616][safepoint   ] Safepoint "Cleanup", Time since last: 2008644600 ns, Reaching safepoint: 71000 ns, At safepoint: 15600 ns, Total: 86600 ns
[2024-02-23T08:54:56.379+0000][4616][safepoint   ] Safepoint "Cleanup", Time since last: 1023453400 ns, Reaching safepoint: 76000 ns, At safepoint: 15700 ns, Total: 91700 ns
[2024-02-23T08:54:58.398+0000][4616][safepoint   ] Safepoint "Cleanup", Time since last: 2018182200 ns, Reaching safepoint: 87300 ns, At safepoint: 12600 ns, Total: 99900 ns
[2024-02-23T08:55:00.420+0000][4616][safepoint   ] Safepoint "Cleanup", Time since last: 2021784100 ns, Reaching safepoint: 207700 ns, At safepoint: 41600 ns, Total: 249300 ns
[2024-02-23T08:55:01.434+0000][4616][safepoint   ] Safepoint "Cleanup", Time since last: 1014090600 ns, Reaching safepoint: 70900 ns, At safepoint: 18600 ns, Total: 89500 ns
[2024-02-23T08:55:02.435+0000][4616][safepoint   ] Safepoint "Cleanup", Time since last: 1000361800 ns, Reaching safepoint: 136500 ns, At safepoint: 89100 ns, Total: 225600 ns
[2024-02-23T08:55:03.444+0000][4616][safepoint   ] Safepoint "Cleanup", Time since last: 1009899500 ns, Reaching safepoint: 69400 ns, At safepoint: 16200 ns, Total: 85600 ns
[2024-02-23T08:55:04.464+0000][4616][safepoint   ] Safepoint "Cleanup", Time since last: 1019627700 ns, Reaching safepoint: 105300 ns, At safepoint: 284400 ns, Total: 389700 ns
[2024-02-23T08:55:06.228+0000][4616][safepoint   ] Safepoint "Cleanup", Time since last: 1763582400 ns, Reaching safepoint: 232000 ns, At safepoint: 41500 ns, Total: 273500 ns
[2024-02-23T08:55:07.241+0000][4616][safepoint   ] Safepoint "Cleanup", Time since last: 1012124000 ns, Reaching safepoint: 90000 ns, At safepoint: 8500 ns, Total: 98500 ns
[2024-02-23T08:55:08.244+0000][4616][safepoint   ] Safepoint "Cleanup", Time since last: 1003363500 ns, Reaching safepoint: 68500 ns, At safepoint: 23700 ns, Total: 92200 ns
[2024-02-23T08:55:09.246+0000][4616][safepoint   ] Safepoint "Cleanup", Time since last: 1001895300 ns, Reaching safepoint: 106500 ns, At safepoint: 24700 ns, Total: 131200 ns
[2024-02-23T08:55:10.251+0000][4616][safepoint   ] Safepoint "Cleanup", Time since last: 1004328200 ns, Reaching safepoint: 761500 ns, At safepoint: 11600 ns, Total: 773100 ns
[2024-02-23T08:55:11.260+0000][4616][safepoint   ] Safepoint "Cleanup", Time since last: 1008619700 ns, Reaching safepoint: 90900 ns, At safepoint: 31200 ns, Total: 122100 ns
[2024-02-23T08:55:12.448+0000][4616][gc,start    ] GC(19) Pause Young (Normal) (G1 Evacuation Pause)
[2024-02-23T08:55:12.448+0000][4616][gc,task     ] GC(19) Using 8 workers of 8 for evacuation
[2024-02-23T08:55:12.448+0000][4616][gc,age      ] GC(19) Desired survivor size 159383552 bytes, new threshold 15 (max threshold 15)
[2024-02-23T08:55:12.509+0000][4616][gc,phases   ] GC(19)   Pre Evacuate Collection Set: 0.2ms
[2024-02-23T08:55:12.509+0000][4616][gc,phases   ] GC(19)   Merge Heap Roots: 0.1ms
[2024-02-23T08:55:12.509+0000][4616][gc,phases   ] GC(19)   Evacuate Collection Set: 49.7ms
[2024-02-23T08:55:12.509+0000][4616][gc,phases   ] GC(19)   Post Evacuate Collection Set: 1.7ms
[2024-02-23T08:55:12.509+0000][4616][gc,phases   ] GC(19)   Other: 0.2ms
[2024-02-23T08:55:12.509+0000][4616][gc,age      ] GC(19) Age table with threshold 15 (max threshold 15)
[2024-02-23T08:55:12.509+0000][4616][gc,age      ] GC(19) - age   1:   76521360 bytes,   76521360 total
[2024-02-23T08:55:12.509+0000][4616][gc,age      ] GC(19) - age   2:   42632080 bytes,  119153440 total
[2024-02-23T08:55:12.509+0000][4616][gc,age      ] GC(19) - age   3:   15180832 bytes,  134334272 total
[2024-02-23T08:55:12.509+0000][4616][gc,age      ] GC(19) - age   4:    3278584 bytes,  137612856 total
[2024-02-23T08:55:12.509+0000][4616][gc,age      ] GC(19) - age   5:     186272 bytes,  137799128 total
[2024-02-23T08:55:12.509+0000][4616][gc,age      ] GC(19) - age   6:    1318824 bytes,  139117952 total
[2024-02-23T08:55:12.509+0000][4616][gc,age      ] GC(19) - age   7:    1185432 bytes,  140303384 total
[2024-02-23T08:55:12.509+0000][4616][gc,heap     ] GC(19) Eden regions: 589->0(571)
[2024-02-23T08:55:12.509+0000][4616][gc,heap     ] GC(19) Survivor regions: 17->35(76)
[2024-02-23T08:55:12.509+0000][4616][gc,heap     ] GC(19) Old regions: 36->36
[2024-02-23T08:55:12.509+0000][4616][gc,heap     ] GC(19) Archive regions: 0->0
[2024-02-23T08:55:12.509+0000][4616][gc,heap     ] GC(19) Humongous regions: 2->2
[2024-02-23T08:55:12.509+0000][4616][gc,metaspace] GC(19) Metaspace: 133295K(136896K)->133295K(136896K) NonClass: 115733K(117632K)->115733K(117632K) Class: 17562K(19264K)->17562K(19264K)
[2024-02-23T08:55:12.509+0000][4616][gc          ] GC(19) Pause Young (Normal) (G1 Evacuation Pause) 2575M->289M(4040M) 52.403ms
[2024-02-23T08:55:12.509+0000][4616][gc,cpu      ] GC(19) User=0.44s Sys=0.03s Real=0.06s
[2024-02-23T08:55:12.509+0000][4616][safepoint   ] Safepoint "G1CollectForAllocation", Time since last: 1197184200 ns, Reaching safepoint: 91700 ns, At safepoint: 52582100 ns, Total: 52673800 ns
[2024-02-23T08:55:13.519+0000][4616][safepoint   ] Safepoint "Cleanup", Time since last: 1009075600 ns, Reaching safepoint: 109400 ns, At safepoint: 11600 ns, Total: 121000 ns
[2024-02-23T08:55:14.532+0000][4616][safepoint   ] Safepoint "Cleanup", Time since last: 1012750100 ns, Reaching safepoint: 169100 ns, At safepoint: 69400 ns, Total: 238500 ns
[2024-02-23T08:55:15.532+0000][4616][safepoint   ] Safepoint "Cleanup", Time since last: 1000027300 ns, Reaching safepoint: 120400 ns, At safepoint: 68100 ns, Total: 188500 ns
[2024-02-23T08:55:16.533+0000][4616][safepoint   ] Safepoint "Cleanup", Time since last: 1000685400 ns, Reaching safepoint: 195600 ns, At safepoint: 305200 ns, Total: 500800 ns
[2024-02-23T08:55:18.542+0000][4616][safepoint   ] Safepoint "Cleanup", Time since last: 2008179300 ns, Reaching safepoint: 302000 ns, At safepoint: 270900 ns, Total: 572900 ns
[2024-02-23T08:55:19.542+0000][4616][safepoint   ] Safepoint "Cleanup", Time since last: 1000344500 ns, Reaching safepoint: 149400 ns, At safepoint: 45200 ns, Total: 194600 ns
[2024-02-23T08:55:20.543+0000][4616][safepoint   ] Safepoint "Cleanup", Time since last: 1000514300 ns, Reaching safepoint: 116900 ns, At safepoint: 89200 ns, Total: 206100 ns
[2024-02-23T08:55:21.545+0000][4616][safepoint   ] Safepoint "Cleanup", Time since last: 1002015800 ns, Reaching safepoint: 76700 ns, At safepoint: 10500 ns, Total: 87200 ns
[2024-02-23T08:55:22.550+0000][4616][safepoint   ] Safepoint "Cleanup", Time since last: 1005006400 ns, Reaching safepoint: 106400 ns, At safepoint: 35100 ns, Total: 141500 ns
[2024-02-23T08:55:24.571+0000][4616][safepoint   ] Safepoint "Cleanup", Time since last: 2020244800 ns, Reaching safepoint: 186100 ns, At safepoint: 44800 ns, Total: 230900 ns
[2024-02-23T08:55:25.575+0000][4616][safepoint   ] Safepoint "Cleanup", Time since last: 1004189800 ns, Reaching safepoint: 119800 ns, At safepoint: 22300 ns, Total: 142100 ns
[2024-02-23T08:55:27.313+0000][4616][gc,start    ] GC(20) Pause Young (Normal) (G1 Evacuation Pause)
[2024-02-23T08:55:27.313+0000][4616][gc,task     ] GC(20) Using 8 workers of 8 for evacuation
[2024-02-23T08:55:27.313+0000][4616][gc,age      ] GC(20) Desired survivor size 159383552 bytes, new threshold 15 (max threshold 15)
[2024-02-23T08:55:27.391+0000][4616][gc,phases   ] GC(20)   Pre Evacuate Collection Set: 0.4ms
[2024-02-23T08:55:27.391+0000][4616][gc,phases   ] GC(20)   Merge Heap Roots: 0.4ms
[2024-02-23T08:55:27.391+0000][4616][gc,phases   ] GC(20)   Evacuate Collection Set: 75.3ms
[2024-02-23T08:55:27.391+0000][4616][gc,phases   ] GC(20)   Post Evacuate Collection Set: 2.0ms
[2024-02-23T08:55:27.391+0000][4616][gc,phases   ] GC(20)   Other: 0.3ms
[2024-02-23T08:55:27.391+0000][4616][gc,age      ] GC(20) Age table with threshold 15 (max threshold 15)
[2024-02-23T08:55:27.391+0000][4616][gc,age      ] GC(20) - age   1:   44165352 bytes,   44165352 total
[2024-02-23T08:55:27.391+0000][4616][gc,age      ] GC(20) - age   2:   62439960 bytes,  106605312 total
[2024-02-23T08:55:27.391+0000][4616][gc,age      ] GC(20) - age   3:   42598304 bytes,  149203616 total
[2024-02-23T08:55:27.391+0000][4616][gc,age      ] GC(20) - age   4:   15180640 bytes,  164384256 total
[2024-02-23T08:55:27.391+0000][4616][gc,age      ] GC(20) - age   5:    3276944 bytes,  167661200 total
[2024-02-23T08:55:27.391+0000][4616][gc,age      ] GC(20) - age   6:     186272 bytes,  167847472 total
[2024-02-23T08:55:27.391+0000][4616][gc,age      ] GC(20) - age   7:    1318688 bytes,  169166160 total
[2024-02-23T08:55:27.391+0000][4616][gc,age      ] GC(20) - age   8:    1185296 bytes,  170351456 total
[2024-02-23T08:55:27.391+0000][4616][gc,heap     ] GC(20) Eden regions: 571->0(562)
[2024-02-23T08:55:27.391+0000][4616][gc,heap     ] GC(20) Survivor regions: 35->44(76)
[2024-02-23T08:55:27.391+0000][4616][gc,heap     ] GC(20) Old regions: 36->36
[2024-02-23T08:55:27.391+0000][4616][gc,heap     ] GC(20) Archive regions: 0->0
[2024-02-23T08:55:27.391+0000][4616][gc,heap     ] GC(20) Humongous regions: 2->2
[2024-02-23T08:55:27.391+0000][4616][gc,metaspace] GC(20) Metaspace: 133306K(136960K)->133306K(136960K) NonClass: 115744K(117696K)->115744K(117696K) Class: 17562K(19264K)->17562K(19264K)
[2024-02-23T08:55:27.391+0000][4616][gc          ] GC(20) Pause Young (Normal) (G1 Evacuation Pause) 2573M->325M(4040M) 79.369ms
[2024-02-23T08:55:27.391+0000][4616][gc,cpu      ] GC(20) User=0.53s Sys=0.03s Real=0.08s
[2024-02-23T08:55:27.391+0000][4616][safepoint   ] Safepoint "G1CollectForAllocation", Time since last: 1737660500 ns, Reaching safepoint: 124400 ns, At safepoint: 79668500 ns, Total: 79792900 ns
[2024-02-23T08:55:29.397+0000][4616][safepoint   ] Safepoint "Cleanup", Time since last: 2003632800 ns, Reaching safepoint: 346800 ns, At safepoint: 105000 ns, Total: 451800 ns
[2024-02-23T08:55:31.409+0000][4616][safepoint   ] Safepoint "Cleanup", Time since last: 2012379700 ns, Reaching safepoint: 276900 ns, At safepoint: 22700 ns, Total: 299600 ns
[2024-02-23T08:55:32.412+0000][4616][safepoint   ] Safepoint "Cleanup", Time since last: 1002445800 ns, Reaching safepoint: 90900 ns, At safepoint: 15500 ns, Total: 106400 ns
[2024-02-23T08:55:34.416+0000][4616][safepoint   ] Safepoint "Cleanup", Time since last: 2004077900 ns, Reaching safepoint: 68900 ns, At safepoint: 45500 ns, Total: 114400 ns
[2024-02-23T08:55:35.428+0000][4616][safepoint   ] Safepoint "Cleanup", Time since last: 1011598300 ns, Reaching safepoint: 91500 ns, At safepoint: 24200 ns, Total: 115700 ns
[2024-02-23T08:55:36.437+0000][4616][safepoint   ] Safepoint "Cleanup", Time since last: 1009168700 ns, Reaching safepoint: 92000 ns, At safepoint: 26600 ns, Total: 118600 ns
[2024-02-23T08:55:40.480+0000][4616][safepoint   ] Safepoint "Cleanup", Time since last: 4043109000 ns, Reaching safepoint: 103100 ns, At safepoint: 36000 ns, Total: 139100 ns
[2024-02-23T08:55:41.340+0000][4616][gc,start    ] GC(21) Pause Young (Normal) (G1 Evacuation Pause)
[2024-02-23T08:55:41.340+0000][4616][gc,task     ] GC(21) Using 8 workers of 8 for evacuation
[2024-02-23T08:55:41.340+0000][4616][gc,age      ] GC(21) Desired survivor size 159383552 bytes, new threshold 4 (max threshold 15)
[2024-02-23T08:55:41.399+0000][4616][gc,phases   ] GC(21)   Pre Evacuate Collection Set: 0.2ms
[2024-02-23T08:55:41.399+0000][4616][gc,phases   ] GC(21)   Merge Heap Roots: 0.2ms
[2024-02-23T08:55:41.399+0000][4616][gc,phases   ] GC(21)   Evacuate Collection Set: 53.5ms
[2024-02-23T08:55:41.399+0000][4616][gc,phases   ] GC(21)   Post Evacuate Collection Set: 1.5ms
[2024-02-23T08:55:41.399+0000][4616][gc,phases   ] GC(21)   Other: 0.2ms
[2024-02-23T08:55:41.399+0000][4616][gc,age      ] GC(21) Age table with threshold 4 (max threshold 15)
[2024-02-23T08:55:41.399+0000][4616][gc,age      ] GC(21) - age   1:   50368288 bytes,   50368288 total
[2024-02-23T08:55:41.399+0000][4616][gc,age      ] GC(21) - age   2:   22795600 bytes,   73163888 total
[2024-02-23T08:55:41.399+0000][4616][gc,age      ] GC(21) - age   3:   61538640 bytes,  134702528 total
[2024-02-23T08:55:41.399+0000][4616][gc,age      ] GC(21) - age   4:   42578912 bytes,  177281440 total
[2024-02-23T08:55:41.399+0000][4616][gc,heap     ] GC(21) Eden regions: 562->0(561)
[2024-02-23T08:55:41.399+0000][4616][gc,heap     ] GC(21) Survivor regions: 44->45(76)
[2024-02-23T08:55:41.399+0000][4616][gc,heap     ] GC(21) Old regions: 36->42
[2024-02-23T08:55:41.399+0000][4616][gc,heap     ] GC(21) Archive regions: 0->0
[2024-02-23T08:55:41.399+0000][4616][gc,heap     ] GC(21) Humongous regions: 2->2
[2024-02-23T08:55:41.399+0000][4616][gc,metaspace] GC(21) Metaspace: 133310K(136960K)->133310K(136960K) NonClass: 115748K(117696K)->115748K(117696K) Class: 17562K(19264K)->17562K(19264K)
[2024-02-23T08:55:41.399+0000][4616][gc          ] GC(21) Pause Young (Normal) (G1 Evacuation Pause) 2573M->350M(4040M) 56.050ms
[2024-02-23T08:55:41.399+0000][4616][gc,cpu      ] GC(21) User=0.33s Sys=0.03s Real=0.06s
[2024-02-23T08:55:41.399+0000][4616][safepoint   ] Safepoint "G1CollectForAllocation", Time since last: 862578600 ns, Reaching safepoint: 142600 ns, At safepoint: 56330000 ns, Total: 56472600 ns
[2024-02-23T08:55:42.414+0000][4616][safepoint   ] Safepoint "Cleanup", Time since last: 1014365400 ns, Reaching safepoint: 116300 ns, At safepoint: 72200 ns, Total: 188500 ns
[2024-02-23T08:55:44.435+0000][4616][safepoint   ] Safepoint "Cleanup", Time since last: 2020412300 ns, Reaching safepoint: 110300 ns, At safepoint: 76000 ns, Total: 186300 ns
[2024-02-23T08:55:47.468+0000][4616][safepoint   ] Safepoint "Cleanup", Time since last: 3033202300 ns, Reaching safepoint: 110400 ns, At safepoint: 21800 ns, Total: 132200 ns
[2024-02-23T08:55:49.475+0000][4616][safepoint   ] Safepoint "Cleanup", Time since last: 2007069900 ns, Reaching safepoint: 112600 ns, At safepoint: 51400 ns, Total: 164000 ns
[2024-02-23T08:55:50.479+0000][4616][safepoint   ] Safepoint "Cleanup", Time since last: 1003603800 ns, Reaching safepoint: 82800 ns, At safepoint: 36800 ns, Total: 119600 ns
[2024-02-23T08:55:52.495+0000][4616][safepoint   ] Safepoint "Cleanup", Time since last: 2015740100 ns, Reaching safepoint: 119300 ns, At safepoint: 46200 ns, Total: 165500 ns
[2024-02-23T08:55:55.455+0000][4616][gc,start    ] GC(22) Pause Young (Normal) (G1 Evacuation Pause)
[2024-02-23T08:55:55.455+0000][4616][gc,task     ] GC(22) Using 8 workers of 8 for evacuation
[2024-02-23T08:55:55.455+0000][4616][gc,age      ] GC(22) Desired survivor size 159383552 bytes, new threshold 4 (max threshold 15)
[2024-02-23T08:55:55.513+0000][4616][gc,phases   ] GC(22)   Pre Evacuate Collection Set: 0.2ms
[2024-02-23T08:55:55.513+0000][4616][gc,phases   ] GC(22)   Merge Heap Roots: 0.1ms
[2024-02-23T08:55:55.513+0000][4616][gc,phases   ] GC(22)   Evacuate Collection Set: 49.4ms
[2024-02-23T08:55:55.513+0000][4616][gc,phases   ] GC(22)   Post Evacuate Collection Set: 1.4ms
[2024-02-23T08:55:55.513+0000][4616][gc,phases   ] GC(22)   Other: 0.2ms
[2024-02-23T08:55:55.513+0000][4616][gc,age      ] GC(22) Age table with threshold 4 (max threshold 15)
[2024-02-23T08:55:55.513+0000][4616][gc,age      ] GC(22) - age   1:   63290216 bytes,   63290216 total
[2024-02-23T08:55:55.513+0000][4616][gc,age      ] GC(22) - age   2:   21247136 bytes,   84537352 total
[2024-02-23T08:55:55.513+0000][4616][gc,age      ] GC(22) - age   3:   19337408 bytes,  103874760 total
[2024-02-23T08:55:55.513+0000][4616][gc,age      ] GC(22) - age   4:   61244368 bytes,  165119128 total
[2024-02-23T08:55:55.513+0000][4616][gc,heap     ] GC(22) Eden regions: 561->0(564)
[2024-02-23T08:55:55.513+0000][4616][gc,heap     ] GC(22) Survivor regions: 45->42(76)
[2024-02-23T08:55:55.513+0000][4616][gc,heap     ] GC(22) Old regions: 42->52
[2024-02-23T08:55:55.513+0000][4616][gc,heap     ] GC(22) Archive regions: 0->0
[2024-02-23T08:55:55.513+0000][4616][gc,heap     ] GC(22) Humongous regions: 2->2
[2024-02-23T08:55:55.513+0000][4616][gc,metaspace] GC(22) Metaspace: 133313K(136960K)->133313K(136960K) NonClass: 115751K(117696K)->115751K(117696K) Class: 17562K(19264K)->17562K(19264K)
[2024-02-23T08:55:55.513+0000][4616][gc          ] GC(22) Pause Young (Normal) (G1 Evacuation Pause) 2594M->382M(4040M) 51.874ms
[2024-02-23T08:55:55.513+0000][4616][gc,cpu      ] GC(22) User=0.30s Sys=0.06s Real=0.06s
[2024-02-23T08:55:55.513+0000][4616][safepoint   ] Safepoint "G1CollectForAllocation", Time since last: 2966566000 ns, Reaching safepoint: 121800 ns, At safepoint: 52072700 ns, Total: 52194500 ns
[2024-02-23T08:55:58.539+0000][4616][safepoint   ] Safepoint "Cleanup", Time since last: 3025146600 ns, Reaching safepoint: 170500 ns, At safepoint: 22300 ns, Total: 192800 ns
[2024-02-23T08:55:59.545+0000][4616][safepoint   ] Safepoint "Cleanup", Time since last: 1005844400 ns, Reaching safepoint: 182000 ns, At safepoint: 281900 ns, Total: 463900 ns
[2024-02-23T08:56:00.554+0000][4616][safepoint   ] Safepoint "Cleanup", Time since last: 1007581200 ns, Reaching safepoint: 82800 ns, At safepoint: 1368100 ns, Total: 1450900 ns
[2024-02-23T08:56:02.565+0000][4616][safepoint   ] Safepoint "Cleanup", Time since last: 2010449000 ns, Reaching safepoint: 80700 ns, At safepoint: 19300 ns, Total: 100000 ns
[2024-02-23T08:56:04.578+0000][4616][safepoint   ] Safepoint "Cleanup", Time since last: 2012930900 ns, Reaching safepoint: 91400 ns, At safepoint: 24800 ns, Total: 116200 ns
[2024-02-23T08:56:08.635+0000][4616][safepoint   ] Safepoint "Cleanup", Time since last: 4057165500 ns, Reaching safepoint: 119500 ns, At safepoint: 80300 ns, Total: 199800 ns
[2024-02-23T08:56:09.926+0000][4616][gc,start    ] GC(23) Pause Young (Normal) (G1 Evacuation Pause)
[2024-02-23T08:56:09.926+0000][4616][gc,task     ] GC(23) Using 8 workers of 8 for evacuation
[2024-02-23T08:56:09.926+0000][4616][gc,age      ] GC(23) Desired survivor size 159383552 bytes, new threshold 4 (max threshold 15)
[2024-02-23T08:56:09.992+0000][4616][gc,phases   ] GC(23)   Pre Evacuate Collection Set: 0.2ms
[2024-02-23T08:56:09.992+0000][4616][gc,phases   ] GC(23)   Merge Heap Roots: 0.4ms
[2024-02-23T08:56:09.992+0000][4616][gc,phases   ] GC(23)   Evacuate Collection Set: 57.7ms
[2024-02-23T08:56:09.992+0000][4616][gc,phases   ] GC(23)   Post Evacuate Collection Set: 1.6ms
[2024-02-23T08:56:09.992+0000][4616][gc,phases   ] GC(23)   Other: 0.4ms
[2024-02-23T08:56:09.992+0000][4616][gc,age      ] GC(23) Age table with threshold 4 (max threshold 15)
[2024-02-23T08:56:09.992+0000][4616][gc,age      ] GC(23) - age   1:   67517472 bytes,   67517472 total
[2024-02-23T08:56:09.992+0000][4616][gc,age      ] GC(23) - age   2:   27991296 bytes,   95508768 total
[2024-02-23T08:56:09.992+0000][4616][gc,age      ] GC(23) - age   3:   18914488 bytes,  114423256 total
[2024-02-23T08:56:09.992+0000][4616][gc,age      ] GC(23) - age   4:   17910136 bytes,  132333392 total
[2024-02-23T08:56:09.992+0000][4616][gc,heap     ] GC(23) Eden regions: 564->0(573)
[2024-02-23T08:56:09.992+0000][4616][gc,heap     ] GC(23) Survivor regions: 42->33(76)
[2024-02-23T08:56:09.992+0000][4616][gc,heap     ] GC(23) Old regions: 52->68
[2024-02-23T08:56:09.992+0000][4616][gc,heap     ] GC(23) Archive regions: 0->0
[2024-02-23T08:56:09.992+0000][4616][gc,heap     ] GC(23) Humongous regions: 2->2
[2024-02-23T08:56:09.992+0000][4616][gc,metaspace] GC(23) Metaspace: 133331K(136960K)->133331K(136960K) NonClass: 115769K(117696K)->115769K(117696K) Class: 17562K(19264K)->17562K(19264K)
[2024-02-23T08:56:09.992+0000][4616][gc          ] GC(23) Pause Young (Normal) (G1 Evacuation Pause) 2638M->408M(4040M) 61.111ms
[2024-02-23T08:56:09.992+0000][4616][gc,cpu      ] GC(23) User=0.41s Sys=0.14s Real=0.07s
[2024-02-23T08:56:09.992+0000][4616][safepoint   ] Safepoint "G1CollectForAllocation", Time since last: 1298752200 ns, Reaching safepoint: 107900 ns, At safepoint: 61456800 ns, Total: 61564700 ns
[2024-02-23T08:56:11.008+0000][4616][safepoint   ] Safepoint "Cleanup", Time since last: 1011933800 ns, Reaching safepoint: 139500 ns, At safepoint: 36500 ns, Total: 176000 ns
[2024-02-23T08:56:14.044+0000][4616][safepoint   ] Safepoint "Cleanup", Time since last: 3035704100 ns, Reaching safepoint: 796100 ns, At safepoint: 94600 ns, Total: 890700 ns
[2024-02-23T08:56:17.071+0000][4616][safepoint   ] Safepoint "Cleanup", Time since last: 3026949100 ns, Reaching safepoint: 84300 ns, At safepoint: 13600 ns, Total: 97900 ns
[2024-02-23T08:56:18.080+0000][4616][safepoint   ] Safepoint "Cleanup", Time since last: 1008227100 ns, Reaching safepoint: 74700 ns, At safepoint: 15800 ns, Total: 90500 ns
[2024-02-23T08:56:21.107+0000][4616][safepoint   ] Safepoint "Cleanup", Time since last: 3027581800 ns, Reaching safepoint: 101100 ns, At safepoint: 50600 ns, Total: 151700 ns
[2024-02-23T08:56:23.136+0000][4616][safepoint   ] Safepoint "Cleanup", Time since last: 2028592800 ns, Reaching safepoint: 129100 ns, At safepoint: 27000 ns, Total: 156100 ns
[2024-02-23T08:56:24.496+0000][4616][gc,start    ] GC(24) Pause Young (Normal) (G1 Evacuation Pause)
[2024-02-23T08:56:24.496+0000][4616][gc,task     ] GC(24) Using 8 workers of 8 for evacuation
[2024-02-23T08:56:24.496+0000][4616][gc,age      ] GC(24) Desired survivor size 159383552 bytes, new threshold 15 (max threshold 15)
[2024-02-23T08:56:24.545+0000][4616][gc,phases   ] GC(24)   Pre Evacuate Collection Set: 0.3ms
[2024-02-23T08:56:24.545+0000][4616][gc,phases   ] GC(24)   Merge Heap Roots: 0.4ms
[2024-02-23T08:56:24.545+0000][4616][gc,phases   ] GC(24)   Evacuate Collection Set: 38.4ms
[2024-02-23T08:56:24.545+0000][4616][gc,phases   ] GC(24)   Post Evacuate Collection Set: 1.7ms
[2024-02-23T08:56:24.545+0000][4616][gc,phases   ] GC(24)   Other: 0.3ms
[2024-02-23T08:56:24.545+0000][4616][gc,age      ] GC(24) Age table with threshold 15 (max threshold 15)
[2024-02-23T08:56:24.545+0000][4616][gc,age      ] GC(24) - age   1:   79480440 bytes,   79480440 total
[2024-02-23T08:56:24.545+0000][4616][gc,age      ] GC(24) - age   2:   22281984 bytes,  101762424 total
[2024-02-23T08:56:24.545+0000][4616][gc,age      ] GC(24) - age   3:   25368104 bytes,  127130528 total
[2024-02-23T08:56:24.545+0000][4616][gc,age      ] GC(24) - age   4:   17093784 bytes,  144224312 total
[2024-02-23T08:56:24.545+0000][4616][gc,age      ] GC(24) - age   5:   17158904 bytes,  161383216 total
[2024-02-23T08:56:24.545+0000][4616][gc,heap     ] GC(24) Eden regions: 573->0(565)
[2024-02-23T08:56:24.546+0000][4616][gc,heap     ] GC(24) Survivor regions: 33->41(76)
[2024-02-23T08:56:24.546+0000][4616][gc,heap     ] GC(24) Old regions: 68->68
[2024-02-23T08:56:24.546+0000][4616][gc,heap     ] GC(24) Archive regions: 0->0
[2024-02-23T08:56:24.546+0000][4616][gc,heap     ] GC(24) Humongous regions: 2->2
[2024-02-23T08:56:24.546+0000][4616][gc,metaspace] GC(24) Metaspace: 133341K(136960K)->133341K(136960K) NonClass: 115779K(117696K)->115779K(117696K) Class: 17562K(19264K)->17562K(19264K)
[2024-02-23T08:56:24.546+0000][4616][gc          ] GC(24) Pause Young (Normal) (G1 Evacuation Pause) 2700M->438M(4040M) 41.865ms
[2024-02-23T08:56:24.546+0000][4616][gc,cpu      ] GC(24) User=0.28s Sys=0.00s Real=0.05s
[2024-02-23T08:56:24.547+0000][4616][safepoint   ] Safepoint "G1CollectForAllocation", Time since last: 1367923000 ns, Reaching safepoint: 145400 ns, At safepoint: 42164700 ns, Total: 42310100 ns
[2024-02-23T08:56:26.567+0000][4616][safepoint   ] Safepoint "Cleanup", Time since last: 2020240100 ns, Reaching safepoint: 138800 ns, At safepoint: 43600 ns, Total: 182400 ns
[2024-02-23T08:56:29.587+0000][4616][safepoint   ] Safepoint "Cleanup", Time since last: 3019754600 ns, Reaching safepoint: 141200 ns, At safepoint: 59100 ns, Total: 200300 ns
[2024-02-23T08:56:31.592+0000][4616][safepoint   ] Safepoint "Cleanup", Time since last: 2005471700 ns, Reaching safepoint: 103900 ns, At safepoint: 34700 ns, Total: 138600 ns
[2024-02-23T08:56:32.599+0000][4616][safepoint   ] Safepoint "Cleanup", Time since last: 1006155300 ns, Reaching safepoint: 130500 ns, At safepoint: 72500 ns, Total: 203000 ns
[2024-02-23T08:56:36.614+0000][4616][safepoint   ] Safepoint "Cleanup", Time since last: 4015614900 ns, Reaching safepoint: 184800 ns, At safepoint: 802800 ns, Total: 987600 ns
[2024-02-23T08:56:39.670+0000][4616][gc,start    ] GC(25) Pause Young (Normal) (G1 Evacuation Pause)
[2024-02-23T08:56:39.670+0000][4616][gc,task     ] GC(25) Using 8 workers of 8 for evacuation
[2024-02-23T08:56:39.670+0000][4616][gc,age      ] GC(25) Desired survivor size 159383552 bytes, new threshold 5 (max threshold 15)
[2024-02-23T08:56:39.717+0000][4616][gc,phases   ] GC(25)   Pre Evacuate Collection Set: 0.3ms
[2024-02-23T08:56:39.717+0000][4616][gc,phases   ] GC(25)   Merge Heap Roots: 0.3ms
[2024-02-23T08:56:39.717+0000][4616][gc,phases   ] GC(25)   Evacuate Collection Set: 42.7ms
[2024-02-23T08:56:39.717+0000][4616][gc,phases   ] GC(25)   Post Evacuate Collection Set: 1.4ms
[2024-02-23T08:56:39.717+0000][4616][gc,phases   ] GC(25)   Other: 0.2ms
[2024-02-23T08:56:39.717+0000][4616][gc,age      ] GC(25) Age table with threshold 5 (max threshold 15)
[2024-02-23T08:56:39.717+0000][4616][gc,age      ] GC(25) - age   1:   86712120 bytes,   86712120 total
[2024-02-23T08:56:39.717+0000][4616][gc,age      ] GC(25) - age   2:   32200248 bytes,  118912368 total
[2024-02-23T08:56:39.717+0000][4616][gc,age      ] GC(25) - age   3:   20380528 bytes,  139292896 total
[2024-02-23T08:56:39.717+0000][4616][gc,age      ] GC(25) - age   4:   19337656 bytes,  158630552 total
[2024-02-23T08:56:39.717+0000][4616][gc,age      ] GC(25) - age   5:   16436312 bytes,  175066864 total
[2024-02-23T08:56:39.717+0000][4616][gc,heap     ] GC(25) Eden regions: 565->0(562)
[2024-02-23T08:56:39.717+0000][4616][gc,heap     ] GC(25) Survivor regions: 41->44(76)
[2024-02-23T08:56:39.717+0000][4616][gc,heap     ] GC(25) Old regions: 68->72
[2024-02-23T08:56:39.717+0000][4616][gc,heap     ] GC(25) Archive regions: 0->0
[2024-02-23T08:56:39.717+0000][4616][gc,heap     ] GC(25) Humongous regions: 2->2
[2024-02-23T08:56:39.717+0000][4616][gc,metaspace] GC(25) Metaspace: 133343K(136960K)->133343K(136960K) NonClass: 115781K(117696K)->115781K(117696K) Class: 17562K(19264K)->17562K(19264K)
[2024-02-23T08:56:39.717+0000][4616][gc          ] GC(25) Pause Young (Normal) (G1 Evacuation Pause) 2698M->470M(4040M) 45.382ms
[2024-02-23T08:56:39.717+0000][4616][gc,cpu      ] GC(25) User=0.23s Sys=0.06s Real=0.05s
[2024-02-23T08:56:39.717+0000][4616][safepoint   ] Safepoint "G1CollectForAllocation", Time since last: 3056408600 ns, Reaching safepoint: 148700 ns, At safepoint: 45543100 ns, Total: 45691800 ns
[2024-02-23T08:56:42.766+0000][4616][safepoint   ] Safepoint "Cleanup", Time since last: 3048844600 ns, Reaching safepoint: 239900 ns, At safepoint: 39500 ns, Total: 279400 ns
[2024-02-23T08:56:47.529+0000][4616][safepoint   ] Safepoint "Cleanup", Time since last: 4761856700 ns, Reaching safepoint: 258400 ns, At safepoint: 103500 ns, Total: 361900 ns
[2024-02-23T08:56:54.381+0000][4616][gc,start    ] GC(26) Pause Young (Normal) (G1 Evacuation Pause)
[2024-02-23T08:56:54.381+0000][4616][gc,task     ] GC(26) Using 8 workers of 8 for evacuation
[2024-02-23T08:56:54.381+0000][4616][gc,age      ] GC(26) Desired survivor size 159383552 bytes, new threshold 5 (max threshold 15)
[2024-02-23T08:56:54.428+0000][4616][gc,phases   ] GC(26)   Pre Evacuate Collection Set: 0.2ms
[2024-02-23T08:56:54.428+0000][4616][gc,phases   ] GC(26)   Merge Heap Roots: 0.2ms
[2024-02-23T08:56:54.428+0000][4616][gc,phases   ] GC(26)   Evacuate Collection Set: 44.2ms
[2024-02-23T08:56:54.428+0000][4616][gc,phases   ] GC(26)   Post Evacuate Collection Set: 1.4ms
[2024-02-23T08:56:54.428+0000][4616][gc,phases   ] GC(26)   Other: 0.3ms
[2024-02-23T08:56:54.428+0000][4616][gc,age      ] GC(26) Age table with threshold 5 (max threshold 15)
[2024-02-23T08:56:54.428+0000][4616][gc,age      ] GC(26) - age   1:   84198584 bytes,   84198584 total
[2024-02-23T08:56:54.428+0000][4616][gc,age      ] GC(26) - age   2:   31319104 bytes,  115517688 total
[2024-02-23T08:56:54.428+0000][4616][gc,age      ] GC(26) - age   3:   28136664 bytes,  143654352 total
[2024-02-23T08:56:54.428+0000][4616][gc,age      ] GC(26) - age   4:   20379632 bytes,  164033984 total
[2024-02-23T08:56:54.428+0000][4616][gc,age      ] GC(26) - age   5:   19337592 bytes,  183371576 total
[2024-02-23T08:56:54.428+0000][4616][gc,heap     ] GC(26) Eden regions: 562->0(559)
[2024-02-23T08:56:54.428+0000][4616][gc,heap     ] GC(26) Survivor regions: 44->47(76)
[2024-02-23T08:56:54.428+0000][4616][gc,heap     ] GC(26) Old regions: 72->77
[2024-02-23T08:56:54.428+0000][4616][gc,heap     ] GC(26) Archive regions: 0->0
[2024-02-23T08:56:54.428+0000][4616][gc,heap     ] GC(26) Humongous regions: 2->2
[2024-02-23T08:56:54.428+0000][4616][gc,metaspace] GC(26) Metaspace: 133344K(136960K)->133344K(136960K) NonClass: 115782K(117696K)->115782K(117696K) Class: 17562K(19264K)->17562K(19264K)
[2024-02-23T08:56:54.428+0000][4616][gc          ] GC(26) Pause Young (Normal) (G1 Evacuation Pause) 2718M->498M(4040M) 46.756ms
[2024-02-23T08:56:54.428+0000][4616][gc,cpu      ] GC(26) User=0.36s Sys=0.00s Real=0.05s
[2024-02-23T08:56:54.429+0000][4616][safepoint   ] Safepoint "G1CollectForAllocation", Time since last: 6852472000 ns, Reaching safepoint: 74900 ns, At safepoint: 46925600 ns, Total: 47000500 ns
[2024-02-23T08:56:56.450+0000][4616][safepoint   ] Safepoint "Cleanup", Time since last: 2021845300 ns, Reaching safepoint: 170100 ns, At safepoint: 87900 ns, Total: 258000 ns
[2024-02-23T08:56:58.472+0000][4616][safepoint   ] Safepoint "Cleanup", Time since last: 2021838100 ns, Reaching safepoint: 69500 ns, At safepoint: 88900 ns, Total: 158400 ns
[2024-02-23T08:57:00.489+0000][4616][safepoint   ] Safepoint "Cleanup", Time since last: 2015640000 ns, Reaching safepoint: 120900 ns, At safepoint: 1225900 ns, Total: 1346800 ns
[2024-02-23T08:57:02.509+0000][4616][safepoint   ] Safepoint "Cleanup", Time since last: 2019469700 ns, Reaching safepoint: 118900 ns, At safepoint: 109600 ns, Total: 228500 ns
[2024-02-23T08:57:06.548+0000][4616][safepoint   ] Safepoint "Cleanup", Time since last: 4038236600 ns, Reaching safepoint: 100600 ns, At safepoint: 22100 ns, Total: 122700 ns
[2024-02-23T08:57:09.236+0000][4616][gc,start    ] GC(27) Pause Young (Normal) (G1 Evacuation Pause)
[2024-02-23T08:57:09.236+0000][4616][gc,task     ] GC(27) Using 8 workers of 8 for evacuation
[2024-02-23T08:57:09.236+0000][4616][gc,age      ] GC(27) Desired survivor size 159383552 bytes, new threshold 4 (max threshold 15)
[2024-02-23T08:57:09.290+0000][4616][gc,phases   ] GC(27)   Pre Evacuate Collection Set: 0.2ms
[2024-02-23T08:57:09.290+0000][4616][gc,phases   ] GC(27)   Merge Heap Roots: 0.3ms
[2024-02-23T08:57:09.290+0000][4616][gc,phases   ] GC(27)   Evacuate Collection Set: 51.5ms
[2024-02-23T08:57:09.290+0000][4616][gc,phases   ] GC(27)   Post Evacuate Collection Set: 1.5ms
[2024-02-23T08:57:09.290+0000][4616][gc,phases   ] GC(27)   Other: 0.3ms
[2024-02-23T08:57:09.290+0000][4616][gc,age      ] GC(27) Age table with threshold 4 (max threshold 15)
[2024-02-23T08:57:09.290+0000][4616][gc,age      ] GC(27) - age   1:  105057688 bytes,  105057688 total
[2024-02-23T08:57:09.290+0000][4616][gc,age      ] GC(27) - age   2:   22621336 bytes,  127679024 total
[2024-02-23T08:57:09.290+0000][4616][gc,age      ] GC(27) - age   3:   29421688 bytes,  157100712 total
[2024-02-23T08:57:09.290+0000][4616][gc,age      ] GC(27) - age   4:   22451696 bytes,  179552408 total
[2024-02-23T08:57:09.290+0000][4616][gc,heap     ] GC(27) Eden regions: 559->0(560)
[2024-02-23T08:57:09.290+0000][4616][gc,heap     ] GC(27) Survivor regions: 47->46(76)
[2024-02-23T08:57:09.290+0000][4616][gc,heap     ] GC(27) Old regions: 77->86
[2024-02-23T08:57:09.290+0000][4616][gc,heap     ] GC(27) Archive regions: 0->0
[2024-02-23T08:57:09.290+0000][4616][gc,heap     ] GC(27) Humongous regions: 2->2
[2024-02-23T08:57:09.290+0000][4616][gc,metaspace] GC(27) Metaspace: 133347K(136960K)->133347K(136960K) NonClass: 115785K(117696K)->115785K(117696K) Class: 17562K(19264K)->17562K(19264K)
[2024-02-23T08:57:09.290+0000][4616][gc          ] GC(27) Pause Young (Normal) (G1 Evacuation Pause) 2734M->532M(4040M) 54.297ms
[2024-02-23T08:57:09.290+0000][4616][gc,cpu      ] GC(27) User=0.38s Sys=0.09s Real=0.05s
[2024-02-23T08:57:09.290+0000][4616][safepoint   ] Safepoint "G1CollectForAllocation", Time since last: 2690196200 ns, Reaching safepoint: 111400 ns, At safepoint: 54560500 ns, Total: 54671900 ns
[2024-02-23T08:57:12.308+0000][4616][safepoint   ] Safepoint "Cleanup", Time since last: 3015261300 ns, Reaching safepoint: 121700 ns, At safepoint: 38200 ns, Total: 159900 ns
[2024-02-23T08:57:18.331+0000][4616][safepoint   ] Safepoint "Cleanup", Time since last: 6022962400 ns, Reaching safepoint: 102400 ns, At safepoint: 28200 ns, Total: 130600 ns
[2024-02-23T08:57:23.364+0000][4616][safepoint   ] Safepoint "Cleanup", Time since last: 5032618800 ns, Reaching safepoint: 126000 ns, At safepoint: 97400 ns, Total: 223400 ns
[2024-02-23T08:57:23.886+0000][4616][gc,start    ] GC(28) Pause Young (Normal) (G1 Evacuation Pause)
[2024-02-23T08:57:23.886+0000][4616][gc,task     ] GC(28) Using 8 workers of 8 for evacuation
[2024-02-23T08:57:23.886+0000][4616][gc,age      ] GC(28) Desired survivor size 159383552 bytes, new threshold 4 (max threshold 15)
[2024-02-23T08:57:23.935+0000][4616][gc,phases   ] GC(28)   Pre Evacuate Collection Set: 0.1ms
[2024-02-23T08:57:23.935+0000][4616][gc,phases   ] GC(28)   Merge Heap Roots: 0.2ms
[2024-02-23T08:57:23.935+0000][4616][gc,phases   ] GC(28)   Evacuate Collection Set: 47.0ms
[2024-02-23T08:57:23.935+0000][4616][gc,phases   ] GC(28)   Post Evacuate Collection Set: 1.6ms
[2024-02-23T08:57:23.935+0000][4616][gc,phases   ] GC(28)   Other: 0.2ms
[2024-02-23T08:57:23.935+0000][4616][gc,age      ] GC(28) Age table with threshold 4 (max threshold 15)
[2024-02-23T08:57:23.935+0000][4616][gc,age      ] GC(28) - age   1:   94781752 bytes,   94781752 total
[2024-02-23T08:57:23.935+0000][4616][gc,age      ] GC(28) - age   2:   38782464 bytes,  133564216 total
[2024-02-23T08:57:23.935+0000][4616][gc,age      ] GC(28) - age   3:   19894120 bytes,  153458336 total
[2024-02-23T08:57:23.935+0000][4616][gc,age      ] GC(28) - age   4:   29164392 bytes,  182622728 total
[2024-02-23T08:57:23.935+0000][4616][gc,heap     ] GC(28) Eden regions: 560->0(560)
[2024-02-23T08:57:23.935+0000][4616][gc,heap     ] GC(28) Survivor regions: 46->46(76)
[2024-02-23T08:57:23.935+0000][4616][gc,heap     ] GC(28) Old regions: 86->92
[2024-02-23T08:57:23.935+0000][4616][gc,heap     ] GC(28) Archive regions: 0->0
[2024-02-23T08:57:23.935+0000][4616][gc,heap     ] GC(28) Humongous regions: 2->2
[2024-02-23T08:57:23.935+0000][4616][gc,metaspace] GC(28) Metaspace: 133351K(136960K)->133351K(136960K) NonClass: 115789K(117696K)->115789K(117696K) Class: 17562K(19264K)->17562K(19264K)
[2024-02-23T08:57:23.935+0000][4616][gc          ] GC(28) Pause Young (Normal) (G1 Evacuation Pause) 2772M->556M(4040M) 49.597ms
[2024-02-23T08:57:23.935+0000][4616][gc,cpu      ] GC(28) User=0.30s Sys=0.03s Real=0.05s
[2024-02-23T08:57:23.936+0000][4616][safepoint   ] Safepoint "G1CollectForAllocation", Time since last: 522357100 ns, Reaching safepoint: 117300 ns, At safepoint: 49838600 ns, Total: 49955900 ns
[2024-02-23T08:57:31.964+0000][4616][safepoint   ] Safepoint "Cleanup", Time since last: 8027382600 ns, Reaching safepoint: 89400 ns, At safepoint: 15600 ns, Total: 105000 ns
[2024-02-23T08:57:34.996+0000][4616][safepoint   ] Safepoint "Cleanup", Time since last: 3031921600 ns, Reaching safepoint: 76400 ns, At safepoint: 15800 ns, Total: 92200 ns
[2024-02-23T08:57:38.017+0000][4616][safepoint   ] Safepoint "Cleanup", Time since last: 3021505400 ns, Reaching safepoint: 182700 ns, At safepoint: 35600 ns, Total: 218300 ns
[2024-02-23T08:57:38.532+0000][4616][gc,start    ] GC(29) Pause Young (Normal) (G1 Evacuation Pause)
[2024-02-23T08:57:38.532+0000][4616][gc,task     ] GC(29) Using 8 workers of 8 for evacuation
[2024-02-23T08:57:38.532+0000][4616][gc,age      ] GC(29) Desired survivor size 159383552 bytes, new threshold 4 (max threshold 15)
[2024-02-23T08:57:38.598+0000][4616][gc,phases   ] GC(29)   Pre Evacuate Collection Set: 0.3ms
[2024-02-23T08:57:38.600+0000][4616][gc,phases   ] GC(29)   Merge Heap Roots: 0.5ms
[2024-02-23T08:57:38.600+0000][4616][gc,phases   ] GC(29)   Evacuate Collection Set: 57.8ms
[2024-02-23T08:57:38.600+0000][4616][gc,phases   ] GC(29)   Post Evacuate Collection Set: 2.5ms
[2024-02-23T08:57:38.600+0000][4616][gc,phases   ] GC(29)   Other: 0.5ms
[2024-02-23T08:57:38.600+0000][4616][gc,age      ] GC(29) Age table with threshold 4 (max threshold 15)
[2024-02-23T08:57:38.600+0000][4616][gc,age      ] GC(29) - age   1:   87827312 bytes,   87827312 total
[2024-02-23T08:57:38.600+0000][4616][gc,age      ] GC(29) - age   2:   46564720 bytes,  134392032 total
[2024-02-23T08:57:38.600+0000][4616][gc,age      ] GC(29) - age   3:   27832056 bytes,  162224088 total
[2024-02-23T08:57:38.600+0000][4616][gc,age      ] GC(29) - age   4:   17710768 bytes,  179934856 total
[2024-02-23T08:57:38.600+0000][4616][gc,heap     ] GC(29) Eden regions: 560->0(561)
[2024-02-23T08:57:38.600+0000][4616][gc,heap     ] GC(29) Survivor regions: 46->45(76)
[2024-02-23T08:57:38.600+0000][4616][gc,heap     ] GC(29) Old regions: 92->99
[2024-02-23T08:57:38.600+0000][4616][gc,heap     ] GC(29) Archive regions: 0->0
[2024-02-23T08:57:38.600+0000][4616][gc,heap     ] GC(29) Humongous regions: 2->2
[2024-02-23T08:57:38.600+0000][4616][gc,metaspace] GC(29) Metaspace: 133359K(136960K)->133359K(136960K) NonClass: 115797K(117696K)->115797K(117696K) Class: 17562K(19264K)->17562K(19264K)
[2024-02-23T08:57:38.601+0000][4616][gc          ] GC(29) Pause Young (Normal) (G1 Evacuation Pause) 2796M->583M(4040M) 62.898ms
[2024-02-23T08:57:38.601+0000][4616][gc,cpu      ] GC(29) User=0.33s Sys=0.08s Real=0.07s
[2024-02-23T08:57:38.601+0000][4616][safepoint   ] Safepoint "G1CollectForAllocation", Time since last: 520539300 ns, Reaching safepoint: 183300 ns, At safepoint: 63510100 ns, Total: 63693400 ns
[2024-02-23T08:57:44.647+0000][4616][safepoint   ] Safepoint "Cleanup", Time since last: 6045879600 ns, Reaching safepoint: 83800 ns, At safepoint: 8000 ns, Total: 91800 ns
[2024-02-23T08:57:50.662+0000][4616][gc,start    ] GC(30) Pause Young (Normal) (G1 Evacuation Pause)
[2024-02-23T08:57:50.662+0000][4616][gc,task     ] GC(30) Using 8 workers of 8 for evacuation
[2024-02-23T08:57:50.662+0000][4616][gc,age      ] GC(30) Desired survivor size 159383552 bytes, new threshold 3 (max threshold 15)
[2024-02-23T08:57:50.735+0000][4616][gc,phases   ] GC(30)   Pre Evacuate Collection Set: 0.5ms
[2024-02-23T08:57:50.735+0000][4616][gc,phases   ] GC(30)   Merge Heap Roots: 0.6ms
[2024-02-23T08:57:50.735+0000][4616][gc,phases   ] GC(30)   Evacuate Collection Set: 70.7ms
[2024-02-23T08:57:50.735+0000][4616][gc,phases   ] GC(30)   Post Evacuate Collection Set: 1.6ms
[2024-02-23T08:57:50.735+0000][4616][gc,phases   ] GC(30)   Other: 0.4ms
[2024-02-23T08:57:50.735+0000][4616][gc,age      ] GC(30) Age table with threshold 3 (max threshold 15)
[2024-02-23T08:57:50.735+0000][4616][gc,age      ] GC(30) - age   1:   98758800 bytes,   98758800 total
[2024-02-23T08:57:50.735+0000][4616][gc,age      ] GC(30) - age   2:   46616192 bytes,  145374992 total
[2024-02-23T08:57:50.735+0000][4616][gc,age      ] GC(30) - age   3:   20719120 bytes,  166094112 total
[2024-02-23T08:57:50.735+0000][4616][gc,heap     ] GC(30) Eden regions: 561->0(564)
[2024-02-23T08:57:50.735+0000][4616][gc,heap     ] GC(30) Survivor regions: 45->42(76)
[2024-02-23T08:57:50.735+0000][4616][gc,heap     ] GC(30) Old regions: 99->110
[2024-02-23T08:57:50.735+0000][4616][gc,heap     ] GC(30) Archive regions: 0->0
[2024-02-23T08:57:50.735+0000][4616][gc,heap     ] GC(30) Humongous regions: 2->2
[2024-02-23T08:57:50.735+0000][4616][gc,metaspace] GC(30) Metaspace: 133360K(136960K)->133360K(136960K) NonClass: 115798K(117696K)->115798K(117696K) Class: 17562K(19264K)->17562K(19264K)
[2024-02-23T08:57:50.735+0000][4616][gc          ] GC(30) Pause Young (Normal) (G1 Evacuation Pause) 2827M->614M(4040M) 74.300ms
[2024-02-23T08:57:50.735+0000][4616][gc,cpu      ] GC(30) User=0.38s Sys=0.06s Real=0.07s
[2024-02-23T08:57:50.735+0000][4616][safepoint   ] Safepoint "G1CollectForAllocation", Time since last: 6014346300 ns, Reaching safepoint: 150000 ns, At safepoint: 74492100 ns, Total: 74642100 ns
[2024-02-23T08:57:53.761+0000][4616][safepoint   ] Safepoint "Cleanup", Time since last: 3024686100 ns, Reaching safepoint: 184700 ns, At safepoint: 74500 ns, Total: 259200 ns
[2024-02-23T08:57:59.797+0000][4616][safepoint   ] Safepoint "Cleanup", Time since last: 6035277100 ns, Reaching safepoint: 113600 ns, At safepoint: 64100 ns, Total: 177700 ns
[2024-02-23T08:58:01.492+0000][4616][safepoint   ] Safepoint "Cleanup", Time since last: 1695221000 ns, Reaching safepoint: 148400 ns, At safepoint: 23500 ns, Total: 171900 ns
[2024-02-23T08:58:02.494+0000][4616][safepoint   ] Safepoint "Cleanup", Time since last: 1001211100 ns, Reaching safepoint: 80400 ns, At safepoint: 21100 ns, Total: 101500 ns
[2024-02-23T08:58:03.760+0000][4616][gc,start    ] GC(31) Pause Young (Normal) (G1 Evacuation Pause)
[2024-02-23T08:58:03.760+0000][4616][gc,task     ] GC(31) Using 8 workers of 8 for evacuation
[2024-02-23T08:58:03.760+0000][4616][gc,age      ] GC(31) Desired survivor size 159383552 bytes, new threshold 3 (max threshold 15)
[2024-02-23T08:58:03.815+0000][4616][gc,phases   ] GC(31)   Pre Evacuate Collection Set: 0.9ms
[2024-02-23T08:58:03.815+0000][4616][gc,phases   ] GC(31)   Merge Heap Roots: 0.4ms
[2024-02-23T08:58:03.815+0000][4616][gc,phases   ] GC(31)   Evacuate Collection Set: 47.5ms
[2024-02-23T08:58:03.815+0000][4616][gc,phases   ] GC(31)   Post Evacuate Collection Set: 1.4ms
[2024-02-23T08:58:03.815+0000][4616][gc,phases   ] GC(31)   Other: 0.2ms
[2024-02-23T08:58:03.815+0000][4616][gc,age      ] GC(31) Age table with threshold 3 (max threshold 15)
[2024-02-23T08:58:03.815+0000][4616][gc,age      ] GC(31) - age   1:  129351304 bytes,  129351304 total
[2024-02-23T08:58:03.815+0000][4616][gc,age      ] GC(31) - age   2:   49687312 bytes,  179038616 total
[2024-02-23T08:58:03.815+0000][4616][gc,age      ] GC(31) - age   3:   20475992 bytes,  199514608 total
[2024-02-23T08:58:03.815+0000][4616][gc,heap     ] GC(31) Eden regions: 564->0(556)
[2024-02-23T08:58:03.815+0000][4616][gc,heap     ] GC(31) Survivor regions: 42->50(76)
[2024-02-23T08:58:03.815+0000][4616][gc,heap     ] GC(31) Old regions: 110->116
[2024-02-23T08:58:03.815+0000][4616][gc,heap     ] GC(31) Archive regions: 0->0
[2024-02-23T08:58:03.815+0000][4616][gc,heap     ] GC(31) Humongous regions: 2->2
[2024-02-23T08:58:03.815+0000][4616][gc,metaspace] GC(31) Metaspace: 133373K(136960K)->133373K(136960K) NonClass: 115810K(117696K)->115810K(117696K) Class: 17563K(19264K)->17563K(19264K)
[2024-02-23T08:58:03.815+0000][4616][gc          ] GC(31) Pause Young (Normal) (G1 Evacuation Pause) 2870M->670M(4040M) 50.827ms
[2024-02-23T08:58:03.815+0000][4616][gc,cpu      ] GC(31) User=0.33s Sys=0.02s Real=0.06s
[2024-02-23T08:58:03.815+0000][4616][safepoint   ] Safepoint "G1CollectForAllocation", Time since last: 1270981800 ns, Reaching safepoint: 113300 ns, At safepoint: 51023700 ns, Total: 51137000 ns
[2024-02-23T08:58:04.820+0000][4616][safepoint   ] Safepoint "Cleanup", Time since last: 1004703600 ns, Reaching safepoint: 84200 ns, At safepoint: 15500 ns, Total: 99700 ns
[2024-02-23T08:58:08.857+0000][4616][safepoint   ] Safepoint "Cleanup", Time since last: 4036654600 ns, Reaching safepoint: 300000 ns, At safepoint: 311000 ns, Total: 611000 ns
[2024-02-23T08:58:09.868+0000][4616][safepoint   ] Safepoint "Cleanup", Time since last: 1009846200 ns, Reaching safepoint: 133700 ns, At safepoint: 98900 ns, Total: 232600 ns
[2024-02-23T08:58:10.870+0000][4616][safepoint   ] Safepoint "Cleanup", Time since last: 1001647600 ns, Reaching safepoint: 56200 ns, At safepoint: 9900 ns, Total: 66100 ns
[2024-02-23T08:58:16.802+0000][4616][gc,start    ] GC(32) Pause Young (Normal) (G1 Evacuation Pause)
[2024-02-23T08:58:16.802+0000][4616][gc,task     ] GC(32) Using 8 workers of 8 for evacuation
[2024-02-23T08:58:16.802+0000][4616][gc,age      ] GC(32) Desired survivor size 159383552 bytes, new threshold 2 (max threshold 15)
[2024-02-23T08:58:16.959+0000][4616][gc,phases   ] GC(32)   Pre Evacuate Collection Set: 0.1ms
[2024-02-23T08:58:16.959+0000][4616][gc,phases   ] GC(32)   Merge Heap Roots: 0.2ms
[2024-02-23T08:58:16.959+0000][4616][gc,phases   ] GC(32)   Evacuate Collection Set: 155.0ms
[2024-02-23T08:58:16.959+0000][4616][gc,phases   ] GC(32)   Post Evacuate Collection Set: 1.4ms
[2024-02-23T08:58:16.959+0000][4616][gc,phases   ] GC(32)   Other: 0.2ms
[2024-02-23T08:58:16.959+0000][4616][gc,age      ] GC(32) Age table with threshold 2 (max threshold 15)
[2024-02-23T08:58:16.959+0000][4616][gc,age      ] GC(32) - age   1:   79369912 bytes,   79369912 total
[2024-02-23T08:58:16.959+0000][4616][gc,age      ] GC(32) - age   2:  107979192 bytes,  187349104 total
[2024-02-23T08:58:16.959+0000][4616][gc,heap     ] GC(32) Eden regions: 556->0(558)
[2024-02-23T08:58:16.959+0000][4616][gc,heap     ] GC(32) Survivor regions: 50->48(76)
[2024-02-23T08:58:16.959+0000][4616][gc,heap     ] GC(32) Old regions: 116->129
[2024-02-23T08:58:16.959+0000][4616][gc,heap     ] GC(32) Archive regions: 0->0
[2024-02-23T08:58:16.959+0000][4616][gc,heap     ] GC(32) Humongous regions: 2->2
[2024-02-23T08:58:16.959+0000][4616][gc,metaspace] GC(32) Metaspace: 133380K(137024K)->133380K(137024K) NonClass: 115817K(117760K)->115817K(117760K) Class: 17563K(19264K)->17563K(19264K)
[2024-02-23T08:58:16.959+0000][4616][gc          ] GC(32) Pause Young (Normal) (G1 Evacuation Pause) 2894M->710M(4040M) 157.291ms
[2024-02-23T08:58:16.959+0000][4616][gc,cpu      ] GC(32) User=0.20s Sys=0.92s Real=0.16s
[2024-02-23T08:58:16.960+0000][4616][safepoint   ] Safepoint "G1CollectForAllocation", Time since last: 5932738100 ns, Reaching safepoint: 92000 ns, At safepoint: 157528500 ns, Total: 157620500 ns
[2024-02-23T08:58:17.963+0000][4616][safepoint   ] Safepoint "Cleanup", Time since last: 1003324500 ns, Reaching safepoint: 217300 ns, At safepoint: 20700 ns, Total: 238000 ns
[2024-02-23T08:58:26.007+0000][4616][safepoint   ] Safepoint "Cleanup", Time since last: 8043785300 ns, Reaching safepoint: 231100 ns, At safepoint: 36500 ns, Total: 267600 ns
[2024-02-23T08:58:29.021+0000][4616][safepoint   ] Safepoint "Cleanup", Time since last: 3013467600 ns, Reaching safepoint: 113100 ns, At safepoint: 26100 ns, Total: 139200 ns
[2024-02-23T08:58:29.875+0000][4616][gc,start    ] GC(33) Pause Young (Normal) (G1 Evacuation Pause)
[2024-02-23T08:58:29.875+0000][4616][gc,task     ] GC(33) Using 8 workers of 8 for evacuation
[2024-02-23T08:58:29.875+0000][4616][gc,age      ] GC(33) Desired survivor size 159383552 bytes, new threshold 2 (max threshold 15)
[2024-02-23T08:58:29.933+0000][4616][gc,phases   ] GC(33)   Pre Evacuate Collection Set: 0.2ms
[2024-02-23T08:58:29.933+0000][4616][gc,phases   ] GC(33)   Merge Heap Roots: 0.3ms
[2024-02-23T08:58:29.933+0000][4616][gc,phases   ] GC(33)   Evacuate Collection Set: 54.2ms
[2024-02-23T08:58:29.933+0000][4616][gc,phases   ] GC(33)   Post Evacuate Collection Set: 2.3ms
[2024-02-23T08:58:29.933+0000][4616][gc,phases   ] GC(33)   Other: 0.2ms
[2024-02-23T08:58:29.933+0000][4616][gc,age      ] GC(33) Age table with threshold 2 (max threshold 15)
[2024-02-23T08:58:29.933+0000][4616][gc,age      ] GC(33) - age   1:   78550824 bytes,   78550824 total
[2024-02-23T08:58:29.933+0000][4616][gc,age      ] GC(33) - age   2:   74410424 bytes,  152961248 total
[2024-02-23T08:58:29.933+0000][4616][gc,heap     ] GC(33) Eden regions: 558->0(566)
[2024-02-23T08:58:29.933+0000][4616][gc,heap     ] GC(33) Survivor regions: 48->40(76)
[2024-02-23T08:58:29.933+0000][4616][gc,heap     ] GC(33) Old regions: 129->146
[2024-02-23T08:58:29.933+0000][4616][gc,heap     ] GC(33) Archive regions: 0->0
[2024-02-23T08:58:29.933+0000][4616][gc,heap     ] GC(33) Humongous regions: 2->2
[2024-02-23T08:58:29.933+0000][4616][gc,metaspace] GC(33) Metaspace: 133402K(137024K)->133402K(137024K) NonClass: 115837K(117760K)->115837K(117760K) Class: 17564K(19264K)->17564K(19264K)
[2024-02-23T08:58:29.933+0000][4616][gc          ] GC(33) Pause Young (Normal) (G1 Evacuation Pause) 2942M->746M(4040M) 57.612ms
[2024-02-23T08:58:29.933+0000][4616][gc,cpu      ] GC(33) User=0.30s Sys=0.05s Real=0.06s
[2024-02-23T08:58:29.933+0000][4616][safepoint   ] Safepoint "G1CollectForAllocation", Time since last: 854820800 ns, Reaching safepoint: 127900 ns, At safepoint: 57796800 ns, Total: 57924700 ns
[2024-02-23T08:58:33.956+0000][4616][safepoint   ] Safepoint "Cleanup", Time since last: 4021683200 ns, Reaching safepoint: 71100 ns, At safepoint: 14600 ns, Total: 85700 ns
[2024-02-23T08:58:34.956+0000][4616][safepoint   ] Safepoint "Cleanup", Time since last: 1000690000 ns, Reaching safepoint: 92400 ns, At safepoint: 14900 ns, Total: 107300 ns
[2024-02-23T08:58:40.006+0000][4616][safepoint   ] Safepoint "Cleanup", Time since last: 5049313200 ns, Reaching safepoint: 272000 ns, At safepoint: 19200 ns, Total: 291200 ns
[2024-02-23T08:58:41.022+0000][4616][safepoint   ] Safepoint "Cleanup", Time since last: 1016320500 ns, Reaching safepoint: 126500 ns, At safepoint: 26000 ns, Total: 152500 ns
[2024-02-23T08:58:42.038+0000][4616][safepoint   ] Safepoint "Cleanup", Time since last: 1015386800 ns, Reaching safepoint: 64800 ns, At safepoint: 12600 ns, Total: 77400 ns
[2024-02-23T08:58:43.788+0000][4616][gc,start    ] GC(34) Pause Young (Normal) (G1 Evacuation Pause)
[2024-02-23T08:58:43.788+0000][4616][gc,task     ] GC(34) Using 8 workers of 8 for evacuation
[2024-02-23T08:58:43.788+0000][4616][gc,age      ] GC(34) Desired survivor size 159383552 bytes, new threshold 15 (max threshold 15)
[2024-02-23T08:58:43.829+0000][4616][gc,phases   ] GC(34)   Pre Evacuate Collection Set: 0.2ms
[2024-02-23T08:58:43.829+0000][4616][gc,phases   ] GC(34)   Merge Heap Roots: 0.2ms
[2024-02-23T08:58:43.829+0000][4616][gc,phases   ] GC(34)   Evacuate Collection Set: 39.5ms
[2024-02-23T08:58:43.829+0000][4616][gc,phases   ] GC(34)   Post Evacuate Collection Set: 1.4ms
[2024-02-23T08:58:43.829+0000][4616][gc,phases   ] GC(34)   Other: 0.2ms
[2024-02-23T08:58:43.829+0000][4616][gc,age      ] GC(34) Age table with threshold 15 (max threshold 15)
[2024-02-23T08:58:43.829+0000][4616][gc,age      ] GC(34) - age   1:   78370080 bytes,   78370080 total
[2024-02-23T08:58:43.829+0000][4616][gc,age      ] GC(34) - age   2:   65489984 bytes,  143860064 total
[2024-02-23T08:58:43.829+0000][4616][gc,age      ] GC(34) - age   3:   34299968 bytes,  178160032 total
[2024-02-23T08:58:43.829+0000][4616][gc,heap     ] GC(34) Eden regions: 566->0(561)
[2024-02-23T08:58:43.829+0000][4616][gc,heap     ] GC(34) Survivor regions: 40->45(76)
[2024-02-23T08:58:43.829+0000][4616][gc,heap     ] GC(34) Old regions: 146->146
[2024-02-23T08:58:43.829+0000][4616][gc,heap     ] GC(34) Archive regions: 0->0
[2024-02-23T08:58:43.829+0000][4616][gc,heap     ] GC(34) Humongous regions: 2->2
[2024-02-23T08:58:43.829+0000][4616][gc,metaspace] GC(34) Metaspace: 133402K(137024K)->133402K(137024K) NonClass: 115838K(117760K)->115838K(117760K) Class: 17564K(19264K)->17564K(19264K)
[2024-02-23T08:58:43.829+0000][4616][gc          ] GC(34) Pause Young (Normal) (G1 Evacuation Pause) 3010M->768M(4040M) 41.902ms
[2024-02-23T08:58:43.829+0000][4616][gc,cpu      ] GC(34) User=0.33s Sys=0.00s Real=0.04s
[2024-02-23T08:58:43.830+0000][4616][safepoint   ] Safepoint "G1CollectForAllocation", Time since last: 1749698200 ns, Reaching safepoint: 86300 ns, At safepoint: 42135100 ns, Total: 42221400 ns
[2024-02-23T08:58:45.842+0000][4616][safepoint   ] Safepoint "Cleanup", Time since last: 2012198200 ns, Reaching safepoint: 84300 ns, At safepoint: 16400 ns, Total: 100700 ns
[2024-02-23T08:58:46.855+0000][4616][safepoint   ] Safepoint "Cleanup", Time since last: 1012916400 ns, Reaching safepoint: 71900 ns, At safepoint: 31900 ns, Total: 103800 ns
[2024-02-23T08:58:48.875+0000][4616][safepoint   ] Safepoint "Cleanup", Time since last: 2019418000 ns, Reaching safepoint: 205200 ns, At safepoint: 77700 ns, Total: 282900 ns
[2024-02-23T08:58:55.822+0000][4616][gc,start    ] GC(35) Pause Young (Normal) (G1 Evacuation Pause)
[2024-02-23T08:58:55.822+0000][4616][gc,task     ] GC(35) Using 8 workers of 8 for evacuation
[2024-02-23T08:58:55.822+0000][4616][gc,age      ] GC(35) Desired survivor size 159383552 bytes, new threshold 3 (max threshold 15)
[2024-02-23T08:58:55.881+0000][4616][gc,phases   ] GC(35)   Pre Evacuate Collection Set: 0.1ms
[2024-02-23T08:58:55.881+0000][4616][gc,phases   ] GC(35)   Merge Heap Roots: 0.1ms
[2024-02-23T08:58:55.881+0000][4616][gc,phases   ] GC(35)   Evacuate Collection Set: 44.4ms
[2024-02-23T08:58:55.881+0000][4616][gc,phases   ] GC(35)   Post Evacuate Collection Set: 1.4ms
[2024-02-23T08:58:55.881+0000][4616][gc,phases   ] GC(35)   Other: 0.2ms
[2024-02-23T08:58:55.881+0000][4616][gc,age      ] GC(35) Age table with threshold 3 (max threshold 15)
[2024-02-23T08:58:55.881+0000][4616][gc,age      ] GC(35) - age   1:   76702824 bytes,   76702824 total
[2024-02-23T08:58:55.881+0000][4616][gc,age      ] GC(35) - age   2:   68646928 bytes,  145349752 total
[2024-02-23T08:58:55.881+0000][4616][gc,age      ] GC(35) - age   3:   24763848 bytes,  170113600 total
[2024-02-23T08:58:55.881+0000][4616][gc,heap     ] GC(35) Eden regions: 561->0(563)
[2024-02-23T08:58:55.881+0000][4616][gc,heap     ] GC(35) Survivor regions: 45->43(76)
[2024-02-23T08:58:55.881+0000][4616][gc,heap     ] GC(35) Old regions: 146->154
[2024-02-23T08:58:55.881+0000][4616][gc,heap     ] GC(35) Archive regions: 0->0
[2024-02-23T08:58:55.881+0000][4616][gc,heap     ] GC(35) Humongous regions: 2->2
[2024-02-23T08:58:55.881+0000][4616][gc,metaspace] GC(35) Metaspace: 133404K(137024K)->133404K(137024K) NonClass: 115839K(117760K)->115839K(117760K) Class: 17564K(19264K)->17564K(19264K)
[2024-02-23T08:58:55.881+0000][4616][gc          ] GC(35) Pause Young (Normal) (G1 Evacuation Pause) 3012M->795M(4040M) 46.717ms
[2024-02-23T08:58:55.881+0000][4616][gc,cpu      ] GC(35) User=0.30s Sys=0.03s Real=0.06s
[2024-02-23T08:58:55.881+0000][4616][safepoint   ] Safepoint "G1CollectForAllocation", Time since last: 6959989200 ns, Reaching safepoint: 70500 ns, At safepoint: 46829900 ns, Total: 46900400 ns
[2024-02-23T08:59:06.003+0000][4616][safepoint   ] Safepoint "Cleanup", Time since last: 10084660600 ns, Reaching safepoint: 35306500 ns, At safepoint: 1028700 ns, Total: 36335200 ns
[2024-02-23T08:59:07.012+0000][4616][safepoint   ] Safepoint "Cleanup", Time since last: 1008869600 ns, Reaching safepoint: 107800 ns, At safepoint: 57100 ns, Total: 164900 ns
[2024-02-23T08:59:10.232+0000][4616][gc,start    ] GC(36) Pause Young (Normal) (G1 Evacuation Pause)
[2024-02-23T08:59:10.232+0000][4616][gc,task     ] GC(36) Using 8 workers of 8 for evacuation
[2024-02-23T08:59:10.232+0000][4616][gc,age      ] GC(36) Desired survivor size 159383552 bytes, new threshold 3 (max threshold 15)
[2024-02-23T08:59:10.278+0000][4616][gc,phases   ] GC(36)   Pre Evacuate Collection Set: 0.6ms
[2024-02-23T08:59:10.278+0000][4616][gc,phases   ] GC(36)   Merge Heap Roots: 0.2ms
[2024-02-23T08:59:10.278+0000][4616][gc,phases   ] GC(36)   Evacuate Collection Set: 43.2ms
[2024-02-23T08:59:10.278+0000][4616][gc,phases   ] GC(36)   Post Evacuate Collection Set: 1.3ms
[2024-02-23T08:59:10.278+0000][4616][gc,phases   ] GC(36)   Other: 0.2ms
[2024-02-23T08:59:10.278+0000][4616][gc,age      ] GC(36) Age table with threshold 3 (max threshold 15)
[2024-02-23T08:59:10.278+0000][4616][gc,age      ] GC(36) - age   1:   82029224 bytes,   82029224 total
[2024-02-23T08:59:10.278+0000][4616][gc,age      ] GC(36) - age   2:   68839688 bytes,  150868912 total
[2024-02-23T08:59:10.278+0000][4616][gc,age      ] GC(36) - age   3:   38046664 bytes,  188915576 total
[2024-02-23T08:59:10.278+0000][4616][gc,heap     ] GC(36) Eden regions: 563->0(559)
[2024-02-23T08:59:10.278+0000][4616][gc,heap     ] GC(36) Survivor regions: 43->47(76)
[2024-02-23T08:59:10.278+0000][4616][gc,heap     ] GC(36) Old regions: 154->160
[2024-02-23T08:59:10.278+0000][4616][gc,heap     ] GC(36) Archive regions: 0->0
[2024-02-23T08:59:10.278+0000][4616][gc,heap     ] GC(36) Humongous regions: 2->2
[2024-02-23T08:59:10.278+0000][4616][gc,metaspace] GC(36) Metaspace: 133418K(137024K)->133418K(137024K) NonClass: 115854K(117760K)->115854K(117760K) Class: 17564K(19264K)->17564K(19264K)
[2024-02-23T08:59:10.278+0000][4616][gc          ] GC(36) Pause Young (Normal) (G1 Evacuation Pause) 3047M->831M(4040M) 46.157ms
[2024-02-23T08:59:10.278+0000][4616][gc,cpu      ] GC(36) User=0.20s Sys=0.05s Real=0.05s
[2024-02-23T08:59:10.278+0000][4616][safepoint   ] Safepoint "G1CollectForAllocation", Time since last: 3220587400 ns, Reaching safepoint: 84800 ns, At safepoint: 46332500 ns, Total: 46417300 ns
[2024-02-23T08:59:16.336+0000][4616][safepoint   ] Safepoint "Cleanup", Time since last: 6056751100 ns, Reaching safepoint: 96100 ns, At safepoint: 17500 ns, Total: 113600 ns
[2024-02-23T08:59:23.371+0000][4616][safepoint   ] Safepoint "Cleanup", Time since last: 7035044000 ns, Reaching safepoint: 119300 ns, At safepoint: 74300 ns, Total: 193600 ns
[2024-02-23T08:59:24.384+0000][4616][safepoint   ] Safepoint "Cleanup", Time since last: 1013445200 ns, Reaching safepoint: 105500 ns, At safepoint: 13500 ns, Total: 119000 ns
[2024-02-23T08:59:24.890+0000][4616][gc,start    ] GC(37) Pause Young (Normal) (G1 Evacuation Pause)
[2024-02-23T08:59:24.890+0000][4616][gc,task     ] GC(37) Using 8 workers of 8 for evacuation
[2024-02-23T08:59:24.890+0000][4616][gc,age      ] GC(37) Desired survivor size 159383552 bytes, new threshold 3 (max threshold 15)
[2024-02-23T08:59:24.936+0000][4616][gc,phases   ] GC(37)   Pre Evacuate Collection Set: 0.2ms
[2024-02-23T08:59:24.936+0000][4616][gc,phases   ] GC(37)   Merge Heap Roots: 0.3ms
[2024-02-23T08:59:24.936+0000][4616][gc,phases   ] GC(37)   Evacuate Collection Set: 42.9ms
[2024-02-23T08:59:24.936+0000][4616][gc,phases   ] GC(37)   Post Evacuate Collection Set: 1.5ms
[2024-02-23T08:59:24.936+0000][4616][gc,phases   ] GC(37)   Other: 0.3ms
[2024-02-23T08:59:24.936+0000][4616][gc,age      ] GC(37) Age table with threshold 3 (max threshold 15)
[2024-02-23T08:59:24.936+0000][4616][gc,age      ] GC(37) - age   1:   87527480 bytes,   87527480 total
[2024-02-23T08:59:24.936+0000][4616][gc,age      ] GC(37) - age   2:   71926600 bytes,  159454080 total
[2024-02-23T08:59:24.936+0000][4616][gc,age      ] GC(37) - age   3:   33020520 bytes,  192474600 total
[2024-02-23T08:59:24.936+0000][4616][gc,heap     ] GC(37) Eden regions: 559->0(557)
[2024-02-23T08:59:24.936+0000][4616][gc,heap     ] GC(37) Survivor regions: 47->49(76)
[2024-02-23T08:59:24.936+0000][4616][gc,heap     ] GC(37) Old regions: 160->166
[2024-02-23T08:59:24.936+0000][4616][gc,heap     ] GC(37) Archive regions: 0->0
[2024-02-23T08:59:24.936+0000][4616][gc,heap     ] GC(37) Humongous regions: 2->2
[2024-02-23T08:59:24.936+0000][4616][gc,metaspace] GC(37) Metaspace: 133421K(137024K)->133421K(137024K) NonClass: 115856K(117760K)->115856K(117760K) Class: 17564K(19264K)->17564K(19264K)
[2024-02-23T08:59:24.936+0000][4616][gc          ] GC(37) Pause Young (Normal) (G1 Evacuation Pause) 3067M->866M(4040M) 45.634ms
[2024-02-23T08:59:24.936+0000][4616][gc,cpu      ] GC(37) User=0.30s Sys=0.05s Real=0.05s
[2024-02-23T08:59:24.936+0000][4616][safepoint   ] Safepoint "G1CollectForAllocation", Time since last: 506312600 ns, Reaching safepoint: 98300 ns, At safepoint: 45813000 ns, Total: 45911300 ns
[2024-02-23T08:59:31.965+0000][4616][safepoint   ] Safepoint "Cleanup", Time since last: 7028538100 ns, Reaching safepoint: 58900 ns, At safepoint: 3800 ns, Total: 62700 ns
[2024-02-23T08:59:43.205+0000][4616][gc,start    ] GC(38) Pause Young (Normal) (G1 Evacuation Pause)
[2024-02-23T08:59:43.205+0000][4616][gc,task     ] GC(38) Using 8 workers of 8 for evacuation
[2024-02-23T08:59:43.205+0000][4616][gc,age      ] GC(38) Desired survivor size 159383552 bytes, new threshold 2 (max threshold 15)
[2024-02-23T08:59:43.261+0000][4616][gc,phases   ] GC(38)   Pre Evacuate Collection Set: 0.4ms
[2024-02-23T08:59:43.261+0000][4616][gc,phases   ] GC(38)   Merge Heap Roots: 0.4ms
[2024-02-23T08:59:43.261+0000][4616][gc,phases   ] GC(38)   Evacuate Collection Set: 52.5ms
[2024-02-23T08:59:43.261+0000][4616][gc,phases   ] GC(38)   Post Evacuate Collection Set: 1.3ms
[2024-02-23T08:59:43.261+0000][4616][gc,phases   ] GC(38)   Other: 0.4ms
[2024-02-23T08:59:43.261+0000][4616][gc,age      ] GC(38) Age table with threshold 2 (max threshold 15)
[2024-02-23T08:59:43.261+0000][4616][gc,age      ] GC(38) - age   1:   69089272 bytes,   69089272 total
[2024-02-23T08:59:43.261+0000][4616][gc,age      ] GC(38) - age   2:   77324720 bytes,  146413992 total
[2024-02-23T08:59:43.261+0000][4616][gc,heap     ] GC(38) Eden regions: 557->0(565)
[2024-02-23T08:59:43.261+0000][4616][gc,heap     ] GC(38) Survivor regions: 49->37(76)
[2024-02-23T08:59:43.261+0000][4616][gc,heap     ] GC(38) Old regions: 166->184
[2024-02-23T08:59:43.261+0000][4616][gc,heap     ] GC(38) Archive regions: 0->0
[2024-02-23T08:59:43.261+0000][4616][gc,heap     ] GC(38) Humongous regions: 2->2
[2024-02-23T08:59:43.261+0000][4616][gc,metaspace] GC(38) Metaspace: 133421K(137024K)->133421K(137024K) NonClass: 115856K(117760K)->115856K(117760K) Class: 17564K(19264K)->17564K(19264K)
[2024-02-23T08:59:43.261+0000][4616][gc          ] GC(38) Pause Young (Normal) (G1 Evacuation Pause) 3094M->888M(4040M) 55.768ms
[2024-02-23T08:59:43.261+0000][4616][gc,cpu      ] GC(38) User=0.25s Sys=0.17s Real=0.06s
[2024-02-23T08:59:43.261+0000][4616][safepoint   ] Safepoint "G1CollectForAllocation", Time since last: 11240225200 ns, Reaching safepoint: 137900 ns, At safepoint: 56276200 ns, Total: 56414100 ns
[2024-02-23T08:59:56.317+0000][4616][safepoint   ] Safepoint "Cleanup", Time since last: 13055261500 ns, Reaching safepoint: 226800 ns, At safepoint: 104200 ns, Total: 331000 ns
[2024-02-23T08:59:59.683+0000][4616][gc,start    ] GC(39) Pause Young (Normal) (G1 Evacuation Pause)
[2024-02-23T08:59:59.683+0000][4616][gc,task     ] GC(39) Using 8 workers of 8 for evacuation
[2024-02-23T08:59:59.683+0000][4616][gc,age      ] GC(39) Desired survivor size 159383552 bytes, new threshold 15 (max threshold 15)
[2024-02-23T08:59:59.725+0000][4616][gc,phases   ] GC(39)   Pre Evacuate Collection Set: 0.2ms
[2024-02-23T08:59:59.725+0000][4616][gc,phases   ] GC(39)   Merge Heap Roots: 0.2ms
[2024-02-23T08:59:59.725+0000][4616][gc,phases   ] GC(39)   Evacuate Collection Set: 38.8ms
[2024-02-23T08:59:59.725+0000][4616][gc,phases   ] GC(39)   Post Evacuate Collection Set: 1.4ms
[2024-02-23T08:59:59.725+0000][4616][gc,phases   ] GC(39)   Other: 0.2ms
[2024-02-23T08:59:59.725+0000][4616][gc,age      ] GC(39) Age table with threshold 15 (max threshold 15)
[2024-02-23T08:59:59.725+0000][4616][gc,age      ] GC(39) - age   1:   92423016 bytes,   92423016 total
[2024-02-23T08:59:59.725+0000][4616][gc,age      ] GC(39) - age   2:   55740896 bytes,  148163912 total
[2024-02-23T08:59:59.725+0000][4616][gc,age      ] GC(39) - age   3:   33700632 bytes,  181864544 total
[2024-02-23T08:59:59.725+0000][4616][gc,heap     ] GC(39) Eden regions: 565->0(554)
[2024-02-23T08:59:59.725+0000][4616][gc,heap     ] GC(39) Survivor regions: 37->46(76)
[2024-02-23T08:59:59.725+0000][4616][gc,heap     ] GC(39) Old regions: 184->184
[2024-02-23T08:59:59.725+0000][4616][gc,heap     ] GC(39) Archive regions: 0->0
[2024-02-23T08:59:59.725+0000][4616][gc,heap     ] GC(39) Humongous regions: 2->2
[2024-02-23T08:59:59.725+0000][4616][gc,metaspace] GC(39) Metaspace: 133425K(137024K)->133425K(137024K) NonClass: 115860K(117760K)->115860K(117760K) Class: 17564K(19264K)->17564K(19264K)
[2024-02-23T08:59:59.725+0000][4616][gc          ] GC(39) Pause Young (Normal) (G1 Evacuation Pause) 3148M->921M(4040M) 41.240ms
[2024-02-23T08:59:59.725+0000][4616][gc,cpu      ] GC(39) User=0.20s Sys=0.00s Real=0.04s
[2024-02-23T08:59:59.725+0000][4616][safepoint   ] Safepoint "G1CollectForAllocation", Time since last: 3366209300 ns, Reaching safepoint: 100600 ns, At safepoint: 41408600 ns, Total: 41509200 ns
[2024-02-23T09:00:07.816+0000][4616][safepoint   ] Safepoint "Cleanup", Time since last: 8090587800 ns, Reaching safepoint: 176200 ns, At safepoint: 59300 ns, Total: 235500 ns
[2024-02-23T09:00:10.818+0000][4616][safepoint   ] Safepoint "Cleanup", Time since last: 3001978800 ns, Reaching safepoint: 131800 ns, At safepoint: 45100 ns, Total: 176900 ns
[2024-02-23T09:00:15.879+0000][4616][safepoint   ] Safepoint "Cleanup", Time since last: 5060823400 ns, Reaching safepoint: 111500 ns, At safepoint: 18900 ns, Total: 130400 ns
[2024-02-23T09:00:16.286+0000][4616][gc,start    ] GC(40) Pause Young (Normal) (G1 Evacuation Pause)
[2024-02-23T09:00:16.286+0000][4616][gc,task     ] GC(40) Using 8 workers of 8 for evacuation
[2024-02-23T09:00:16.286+0000][4616][gc,age      ] GC(40) Desired survivor size 157286400 bytes, new threshold 3 (max threshold 15)
[2024-02-23T09:00:16.339+0000][4616][gc,phases   ] GC(40)   Pre Evacuate Collection Set: 0.2ms
[2024-02-23T09:00:16.339+0000][4616][gc,phases   ] GC(40)   Merge Heap Roots: 0.2ms
[2024-02-23T09:00:16.339+0000][4616][gc,phases   ] GC(40)   Evacuate Collection Set: 46.9ms
[2024-02-23T09:00:16.339+0000][4616][gc,phases   ] GC(40)   Post Evacuate Collection Set: 1.3ms
[2024-02-23T09:00:16.339+0000][4616][gc,phases   ] GC(40)   Other: 0.2ms
[2024-02-23T09:00:16.339+0000][4616][gc,age      ] GC(40) Age table with threshold 3 (max threshold 15)
[2024-02-23T09:00:16.339+0000][4616][gc,age      ] GC(40) - age   1:   68866136 bytes,   68866136 total
[2024-02-23T09:00:16.339+0000][4616][gc,age      ] GC(40) - age   2:   76529264 bytes,  145395400 total
[2024-02-23T09:00:16.339+0000][4616][gc,age      ] GC(40) - age   3:   48524176 bytes,  193919576 total
[2024-02-23T09:00:16.339+0000][4616][gc,heap     ] GC(40) Eden regions: 554->0(550)
[2024-02-23T09:00:16.339+0000][4616][gc,heap     ] GC(40) Survivor regions: 46->48(75)
[2024-02-23T09:00:16.339+0000][4616][gc,heap     ] GC(40) Old regions: 184->190
[2024-02-23T09:00:16.339+0000][4616][gc,heap     ] GC(40) Archive regions: 0->0
[2024-02-23T09:00:16.340+0000][4616][gc,heap     ] GC(40) Humongous regions: 2->2
[2024-02-23T09:00:16.340+0000][4616][gc,metaspace] GC(40) Metaspace: 133429K(137024K)->133429K(137024K) NonClass: 115865K(117760K)->115865K(117760K) Class: 17564K(19264K)->17564K(19264K)
[2024-02-23T09:00:16.340+0000][4616][gc          ] GC(40) Pause Young (Normal) (G1 Evacuation Pause) 3137M->959M(4040M) 49.255ms
[2024-02-23T09:00:16.340+0000][4616][gc,cpu      ] GC(40) User=0.41s Sys=0.02s Real=0.05s
[2024-02-23T09:00:16.340+0000][4616][safepoint   ] Safepoint "G1CollectForAllocation", Time since last: 411830000 ns, Reaching safepoint: 104300 ns, At safepoint: 49502600 ns, Total: 49606900 ns
[2024-02-23T09:00:19.363+0000][4616][safepoint   ] Safepoint "Cleanup", Time since last: 3022095100 ns, Reaching safepoint: 449200 ns, At safepoint: 38500 ns, Total: 487700 ns
[2024-02-23T09:00:20.378+0000][4616][safepoint   ] Safepoint "Cleanup", Time since last: 1014866600 ns, Reaching safepoint: 165100 ns, At safepoint: 192200 ns, Total: 357300 ns
[2024-02-23T09:00:29.423+0000][4616][safepoint   ] Safepoint "Cleanup", Time since last: 9044400800 ns, Reaching safepoint: 268300 ns, At safepoint: 170200 ns, Total: 438500 ns
[2024-02-23T09:00:30.428+0000][4616][safepoint   ] Safepoint "Cleanup", Time since last: 1004344500 ns, Reaching safepoint: 73100 ns, At safepoint: 21900 ns, Total: 95000 ns
[2024-02-23T09:00:32.478+0000][4616][safepoint   ] Safepoint "Cleanup", Time since last: 2007875400 ns, Reaching safepoint: 42102300 ns, At safepoint: 70500 ns, Total: 42172800 ns
[2024-02-23T09:00:33.479+0000][4616][safepoint   ] Safepoint "Cleanup", Time since last: 1001150700 ns, Reaching safepoint: 149900 ns, At safepoint: 13100 ns, Total: 163000 ns
[2024-02-23T09:00:35.926+0000][4616][gc,start    ] GC(41) Pause Young (Normal) (G1 Evacuation Pause)
[2024-02-23T09:00:35.926+0000][4616][gc,task     ] GC(41) Using 8 workers of 8 for evacuation
[2024-02-23T09:00:35.926+0000][4616][gc,age      ] GC(41) Desired survivor size 157286400 bytes, new threshold 3 (max threshold 15)
[2024-02-23T09:00:35.986+0000][4616][gc,phases   ] GC(41)   Pre Evacuate Collection Set: 0.2ms
[2024-02-23T09:00:35.986+0000][4616][gc,phases   ] GC(41)   Merge Heap Roots: 0.1ms
[2024-02-23T09:00:35.986+0000][4616][gc,phases   ] GC(41)   Evacuate Collection Set: 57.4ms
[2024-02-23T09:00:35.986+0000][4616][gc,phases   ] GC(41)   Post Evacuate Collection Set: 1.5ms
[2024-02-23T09:00:35.986+0000][4616][gc,phases   ] GC(41)   Other: 0.2ms
[2024-02-23T09:00:35.986+0000][4616][gc,age      ] GC(41) Age table with threshold 3 (max threshold 15)
[2024-02-23T09:00:35.986+0000][4616][gc,age      ] GC(41) - age   1:   75625664 bytes,   75625664 total
[2024-02-23T09:00:35.986+0000][4616][gc,age      ] GC(41) - age   2:   51244296 bytes,  126869960 total
[2024-02-23T09:00:35.986+0000][4616][gc,age      ] GC(41) - age   3:   70772960 bytes,  197642920 total
[2024-02-23T09:00:35.986+0000][4616][gc,heap     ] GC(41) Eden regions: 550->0(545)
[2024-02-23T09:00:35.986+0000][4616][gc,heap     ] GC(41) Survivor regions: 48->49(75)
[2024-02-23T09:00:35.986+0000][4616][gc,heap     ] GC(41) Old regions: 190->196
[2024-02-23T09:00:35.986+0000][4616][gc,heap     ] GC(41) Archive regions: 0->0
[2024-02-23T09:00:35.986+0000][4616][gc,heap     ] GC(41) Humongous regions: 2->2
[2024-02-23T09:00:35.986+0000][4616][gc,metaspace] GC(41) Metaspace: 133438K(137024K)->133438K(137024K) NonClass: 115874K(117760K)->115874K(117760K) Class: 17564K(19264K)->17564K(19264K)
[2024-02-23T09:00:35.987+0000][4616][gc          ] GC(41) Pause Young (Normal) (G1 Evacuation Pause) 3159M->987M(4040M) 60.071ms
[2024-02-23T09:00:35.987+0000][4616][gc,cpu      ] GC(41) User=0.28s Sys=0.05s Real=0.06s
[2024-02-23T09:00:35.987+0000][4616][safepoint   ] Safepoint "G1CollectForAllocation", Time since last: 2422663400 ns, Reaching safepoint: 24615100 ns, At safepoint: 61061400 ns, Total: 85676500 ns
[2024-02-23T09:00:37.011+0000][4616][safepoint   ] Safepoint "Cleanup", Time since last: 1023160900 ns, Reaching safepoint: 85300 ns, At safepoint: 16800 ns, Total: 102100 ns
[2024-02-23T09:00:43.065+0000][4616][safepoint   ] Safepoint "Cleanup", Time since last: 6054408000 ns, Reaching safepoint: 123500 ns, At safepoint: 9000 ns, Total: 132500 ns
[2024-02-23T09:00:44.795+0000][4616][safepoint   ] Safepoint "Cleanup", Time since last: 1730167000 ns, Reaching safepoint: 300200 ns, At safepoint: 27000 ns, Total: 327200 ns
[2024-02-23T09:00:45.802+0000][4616][safepoint   ] Safepoint "Cleanup", Time since last: 1006355900 ns, Reaching safepoint: 122400 ns, At safepoint: 42600 ns, Total: 165000 ns
[2024-02-23T09:00:46.805+0000][4616][safepoint   ] Safepoint "Cleanup", Time since last: 1003024000 ns, Reaching safepoint: 119500 ns, At safepoint: 66700 ns, Total: 186200 ns
[2024-02-23T09:00:47.808+0000][4616][safepoint   ] Safepoint "Cleanup", Time since last: 1001934900 ns, Reaching safepoint: 158800 ns, At safepoint: 14700 ns, Total: 173500 ns
[2024-02-23T09:00:58.877+0000][4616][safepoint   ] Safepoint "Cleanup", Time since last: 11069223300 ns, Reaching safepoint: 506700 ns, At safepoint: 21300 ns, Total: 528000 ns
[2024-02-23T09:00:59.023+0000][4616][gc,start    ] GC(42) Pause Young (Normal) (G1 Evacuation Pause)
[2024-02-23T09:00:59.023+0000][4616][gc,task     ] GC(42) Using 8 workers of 8 for evacuation
[2024-02-23T09:00:59.023+0000][4616][gc,age      ] GC(42) Desired survivor size 157286400 bytes, new threshold 3 (max threshold 15)
[2024-02-23T09:00:59.078+0000][4616][gc,phases   ] GC(42)   Pre Evacuate Collection Set: 0.2ms
[2024-02-23T09:00:59.078+0000][4616][gc,phases   ] GC(42)   Merge Heap Roots: 0.2ms
[2024-02-23T09:00:59.078+0000][4616][gc,phases   ] GC(42)   Evacuate Collection Set: 52.6ms
[2024-02-23T09:00:59.078+0000][4616][gc,phases   ] GC(42)   Post Evacuate Collection Set: 1.5ms
[2024-02-23T09:00:59.078+0000][4616][gc,phases   ] GC(42)   Other: 0.2ms
[2024-02-23T09:00:59.078+0000][4616][gc,age      ] GC(42) Age table with threshold 3 (max threshold 15)
[2024-02-23T09:00:59.078+0000][4616][gc,age      ] GC(42) - age   1:   93397160 bytes,   93397160 total
[2024-02-23T09:00:59.078+0000][4616][gc,age      ] GC(42) - age   2:   56294816 bytes,  149691976 total
[2024-02-23T09:00:59.078+0000][4616][gc,age      ] GC(42) - age   3:   44739440 bytes,  194431416 total
[2024-02-23T09:00:59.078+0000][4616][gc,heap     ] GC(42) Eden regions: 545->0(534)
[2024-02-23T09:00:59.078+0000][4616][gc,heap     ] GC(42) Survivor regions: 49->49(75)
[2024-02-23T09:00:59.078+0000][4616][gc,heap     ] GC(42) Old regions: 196->204
[2024-02-23T09:00:59.078+0000][4616][gc,heap     ] GC(42) Archive regions: 0->0
[2024-02-23T09:00:59.078+0000][4616][gc,heap     ] GC(42) Humongous regions: 2->2
[2024-02-23T09:00:59.079+0000][4616][gc,metaspace] GC(42) Metaspace: 133445K(137024K)->133445K(137024K) NonClass: 115881K(117760K)->115881K(117760K) Class: 17564K(19264K)->17564K(19264K)
[2024-02-23T09:00:59.079+0000][4616][gc          ] GC(42) Pause Young (Normal) (G1 Evacuation Pause) 3167M->1019M(4040M) 55.409ms
[2024-02-23T09:00:59.079+0000][4616][gc,cpu      ] GC(42) User=0.31s Sys=0.02s Real=0.06s
[2024-02-23T09:00:59.079+0000][4616][safepoint   ] Safepoint "G1CollectForAllocation", Time since last: 146259200 ns, Reaching safepoint: 207000 ns, At safepoint: 55871100 ns, Total: 56078100 ns
[2024-02-23T09:01:00.095+0000][4616][safepoint   ] Safepoint "Cleanup", Time since last: 1004865100 ns, Reaching safepoint: 426200 ns, At safepoint: 10203300 ns, Total: 10629500 ns
[2024-02-23T09:01:01.096+0000][4616][safepoint   ] Safepoint "Cleanup", Time since last: 1001259600 ns, Reaching safepoint: 301200 ns, At safepoint: 93600 ns, Total: 394800 ns
[2024-02-23T09:01:06.132+0000][4616][safepoint   ] Safepoint "Cleanup", Time since last: 5034778100 ns, Reaching safepoint: 170900 ns, At safepoint: 32200 ns, Total: 203100 ns
[2024-02-23T09:01:08.143+0000][4616][safepoint   ] Safepoint "Cleanup", Time since last: 2010082500 ns, Reaching safepoint: 169700 ns, At safepoint: 939400 ns, Total: 1109100 ns
[2024-02-23T09:01:11.151+0000][4616][safepoint   ] Safepoint "Cleanup", Time since last: 3007553100 ns, Reaching safepoint: 95300 ns, At safepoint: 20000 ns, Total: 115300 ns
[2024-02-23T09:01:12.161+0000][4616][safepoint   ] Safepoint "Cleanup", Time since last: 1009927000 ns, Reaching safepoint: 139400 ns, At safepoint: 70400 ns, Total: 209800 ns
[2024-02-23T09:01:15.190+0000][4616][safepoint   ] Safepoint "Cleanup", Time since last: 3029157300 ns, Reaching safepoint: 77300 ns, At safepoint: 18800 ns, Total: 96100 ns
[2024-02-23T09:01:15.777+0000][4616][gc,start    ] GC(43) Pause Young (Normal) (G1 Evacuation Pause)
[2024-02-23T09:01:15.777+0000][4616][gc,task     ] GC(43) Using 8 workers of 8 for evacuation
[2024-02-23T09:01:15.777+0000][4616][gc,age      ] GC(43) Desired survivor size 153092096 bytes, new threshold 3 (max threshold 15)
[2024-02-23T09:01:15.832+0000][4616][gc,phases   ] GC(43)   Pre Evacuate Collection Set: 0.3ms
[2024-02-23T09:01:15.832+0000][4616][gc,phases   ] GC(43)   Merge Heap Roots: 0.3ms
[2024-02-23T09:01:15.832+0000][4616][gc,phases   ] GC(43)   Evacuate Collection Set: 51.3ms
[2024-02-23T09:01:15.832+0000][4616][gc,phases   ] GC(43)   Post Evacuate Collection Set: 1.8ms
[2024-02-23T09:01:15.832+0000][4616][gc,phases   ] GC(43)   Other: 0.4ms
[2024-02-23T09:01:15.832+0000][4616][gc,age      ] GC(43) Age table with threshold 3 (max threshold 15)
[2024-02-23T09:01:15.832+0000][4616][gc,age      ] GC(43) - age   1:   71896064 bytes,   71896064 total
[2024-02-23T09:01:15.832+0000][4616][gc,age      ] GC(43) - age   2:   72631368 bytes,  144527432 total
[2024-02-23T09:01:15.832+0000][4616][gc,age      ] GC(43) - age   3:   52434584 bytes,  196962016 total
[2024-02-23T09:01:15.832+0000][4616][gc,heap     ] GC(43) Eden regions: 534->0(530)
[2024-02-23T09:01:15.832+0000][4616][gc,heap     ] GC(43) Survivor regions: 49->49(73)
[2024-02-23T09:01:15.832+0000][4616][gc,heap     ] GC(43) Old regions: 204->211
[2024-02-23T09:01:15.832+0000][4616][gc,heap     ] GC(43) Archive regions: 0->0
[2024-02-23T09:01:15.832+0000][4616][gc,heap     ] GC(43) Humongous regions: 2->2
[2024-02-23T09:01:15.832+0000][4616][gc,metaspace] GC(43) Metaspace: 133451K(137024K)->133451K(137024K) NonClass: 115886K(117760K)->115886K(117760K) Class: 17564K(19264K)->17564K(19264K)
[2024-02-23T09:01:15.832+0000][4616][gc          ] GC(43) Pause Young (Normal) (G1 Evacuation Pause) 3155M->1045M(4040M) 54.641ms
[2024-02-23T09:01:15.832+0000][4616][gc,cpu      ] GC(43) User=0.30s Sys=0.05s Real=0.06s
[2024-02-23T09:01:15.832+0000][4616][safepoint   ] Safepoint "G1CollectForAllocation", Time since last: 587253600 ns, Reaching safepoint: 90600 ns, At safepoint: 54917700 ns, Total: 55008300 ns
[2024-02-23T09:01:33.563+0000][4616][gc,start    ] GC(44) Pause Young (Normal) (G1 Evacuation Pause)
[2024-02-23T09:01:33.563+0000][4616][gc,task     ] GC(44) Using 8 workers of 8 for evacuation
[2024-02-23T09:01:33.563+0000][4616][gc,age      ] GC(44) Desired survivor size 153092096 bytes, new threshold 3 (max threshold 15)
[2024-02-23T09:01:33.622+0000][4616][gc,phases   ] GC(44)   Pre Evacuate Collection Set: 1.0ms
[2024-02-23T09:01:33.622+0000][4616][gc,phases   ] GC(44)   Merge Heap Roots: 0.4ms
[2024-02-23T09:01:33.622+0000][4616][gc,phases   ] GC(44)   Evacuate Collection Set: 50.8ms
[2024-02-23T09:01:33.623+0000][4616][gc,phases   ] GC(44)   Post Evacuate Collection Set: 1.7ms
[2024-02-23T09:01:33.623+0000][4616][gc,phases   ] GC(44)   Other: 0.4ms
[2024-02-23T09:01:33.623+0000][4616][gc,age      ] GC(44) Age table with threshold 3 (max threshold 15)
[2024-02-23T09:01:33.623+0000][4616][gc,age      ] GC(44) - age   1:   73854688 bytes,   73854688 total
[2024-02-23T09:01:33.623+0000][4616][gc,age      ] GC(44) - age   2:   49985848 bytes,  123840536 total
[2024-02-23T09:01:33.623+0000][4616][gc,age      ] GC(44) - age   3:   67835400 bytes,  191675936 total
[2024-02-23T09:01:33.623+0000][4616][gc,heap     ] GC(44) Eden regions: 530->0(521)
[2024-02-23T09:01:33.623+0000][4616][gc,heap     ] GC(44) Survivor regions: 49->49(73)
[2024-02-23T09:01:33.623+0000][4616][gc,heap     ] GC(44) Old regions: 211->218
[2024-02-23T09:01:33.623+0000][4616][gc,heap     ] GC(44) Archive regions: 0->0
[2024-02-23T09:01:33.623+0000][4616][gc,heap     ] GC(44) Humongous regions: 5->5
[2024-02-23T09:01:33.623+0000][4616][gc,metaspace] GC(44) Metaspace: 133451K(137024K)->133451K(137024K) NonClass: 115887K(117760K)->115887K(117760K) Class: 17564K(19264K)->17564K(19264K)
[2024-02-23T09:01:33.623+0000][4616][gc          ] GC(44) Pause Young (Normal) (G1 Evacuation Pause) 3177M->1085M(4040M) 54.767ms
[2024-02-23T09:01:33.623+0000][4616][gc,cpu      ] GC(44) User=0.38s Sys=0.05s Real=0.06s
[2024-02-23T09:01:33.623+0000][4616][safepoint   ] Safepoint "G1CollectForAllocation", Time since last: 17735446900 ns, Reaching safepoint: 169800 ns, At safepoint: 54947300 ns, Total: 55117100 ns
[2024-02-23T09:01:35.642+0000][4616][safepoint   ] Safepoint "Cleanup", Time since last: 2019130200 ns, Reaching safepoint: 78000 ns, At safepoint: 12300 ns, Total: 90300 ns
[2024-02-23T09:01:36.656+0000][4616][safepoint   ] Safepoint "Cleanup", Time since last: 1013754600 ns, Reaching safepoint: 95100 ns, At safepoint: 15100 ns, Total: 110200 ns
[2024-02-23T09:01:47.744+0000][4616][safepoint   ] Safepoint "Cleanup", Time since last: 11087908300 ns, Reaching safepoint: 149400 ns, At safepoint: 18400 ns, Total: 167800 ns
[2024-02-23T09:01:47.956+0000][4616][gc,start    ] GC(45) Pause Young (Normal) (G1 Evacuation Pause)
[2024-02-23T09:01:47.956+0000][4616][gc,task     ] GC(45) Using 8 workers of 8 for evacuation
[2024-02-23T09:01:47.956+0000][4616][gc,age      ] GC(45) Desired survivor size 150994944 bytes, new threshold 3 (max threshold 15)
[2024-02-23T09:01:48.017+0000][4616][gc,phases   ] GC(45)   Pre Evacuate Collection Set: 0.3ms
[2024-02-23T09:01:48.017+0000][4616][gc,phases   ] GC(45)   Merge Heap Roots: 0.4ms
[2024-02-23T09:01:48.017+0000][4616][gc,phases   ] GC(45)   Evacuate Collection Set: 54.1ms
[2024-02-23T09:01:48.017+0000][4616][gc,phases   ] GC(45)   Post Evacuate Collection Set: 1.3ms
[2024-02-23T09:01:48.017+0000][4616][gc,phases   ] GC(45)   Other: 0.4ms
[2024-02-23T09:01:48.017+0000][4616][gc,age      ] GC(45) Age table with threshold 3 (max threshold 15)
[2024-02-23T09:01:48.017+0000][4616][gc,age      ] GC(45) - age   1:   72348856 bytes,   72348856 total
[2024-02-23T09:01:48.017+0000][4616][gc,age      ] GC(45) - age   2:   51236456 bytes,  123585312 total
[2024-02-23T09:01:48.017+0000][4616][gc,age      ] GC(45) - age   3:   44506008 bytes,  168091320 total
[2024-02-23T09:01:48.017+0000][4616][gc,heap     ] GC(45) Eden regions: 521->0(508)
[2024-02-23T09:01:48.017+0000][4616][gc,heap     ] GC(45) Survivor regions: 49->42(72)
[2024-02-23T09:01:48.017+0000][4616][gc,heap     ] GC(45) Old regions: 218->231
[2024-02-23T09:01:48.017+0000][4616][gc,heap     ] GC(45) Archive regions: 0->0
[2024-02-23T09:01:48.017+0000][4616][gc,heap     ] GC(45) Humongous regions: 14->14
[2024-02-23T09:01:48.017+0000][4616][gc,metaspace] GC(45) Metaspace: 133451K(137024K)->133451K(137024K) NonClass: 115887K(117760K)->115887K(117760K) Class: 17564K(19264K)->17564K(19264K)
[2024-02-23T09:01:48.017+0000][4616][gc          ] GC(45) Pause Young (Normal) (G1 Evacuation Pause) 3205M->1146M(4040M) 57.012ms
[2024-02-23T09:01:48.017+0000][4616][gc,cpu      ] GC(45) User=0.27s Sys=0.17s Real=0.06s
[2024-02-23T09:01:48.017+0000][4616][safepoint   ] Safepoint "G1CollectForAllocation", Time since last: 217665400 ns, Reaching safepoint: 214500 ns, At safepoint: 57195700 ns, Total: 57410200 ns
[2024-02-23T09:01:51.038+0000][4616][safepoint   ] Safepoint "Cleanup", Time since last: 3016552900 ns, Reaching safepoint: 580400 ns, At safepoint: 1405900 ns, Total: 1986300 ns
[2024-02-23T09:01:54.056+0000][4616][safepoint   ] Safepoint "Cleanup", Time since last: 3018700200 ns, Reaching safepoint: 112700 ns, At safepoint: 286300 ns, Total: 399000 ns
[2024-02-23T09:01:57.090+0000][4616][safepoint   ] Safepoint "Cleanup", Time since last: 3028310400 ns, Reaching safepoint: 74400 ns, At safepoint: 4856000 ns, Total: 4930400 ns
[2024-02-23T09:02:02.127+0000][4616][safepoint   ] Safepoint "Cleanup", Time since last: 5036815300 ns, Reaching safepoint: 74700 ns, At safepoint: 10200 ns, Total: 84900 ns
[2024-02-23T09:02:04.074+0000][4616][gc,start    ] GC(46) Pause Young (Normal) (G1 Evacuation Pause)
[2024-02-23T09:02:04.074+0000][4616][gc,task     ] GC(46) Using 8 workers of 8 for evacuation
[2024-02-23T09:02:04.074+0000][4616][gc,age      ] GC(46) Desired survivor size 144703488 bytes, new threshold 3 (max threshold 15)
[2024-02-23T09:02:04.124+0000][4616][gc,phases   ] GC(46)   Pre Evacuate Collection Set: 0.1ms
[2024-02-23T09:02:04.124+0000][4616][gc,phases   ] GC(46)   Merge Heap Roots: 0.2ms
[2024-02-23T09:02:04.124+0000][4616][gc,phases   ] GC(46)   Evacuate Collection Set: 44.6ms
[2024-02-23T09:02:04.124+0000][4616][gc,phases   ] GC(46)   Post Evacuate Collection Set: 1.4ms
[2024-02-23T09:02:04.124+0000][4616][gc,phases   ] GC(46)   Other: 0.3ms
[2024-02-23T09:02:04.124+0000][4616][gc,age      ] GC(46) Age table with threshold 3 (max threshold 15)
[2024-02-23T09:02:04.124+0000][4616][gc,age      ] GC(46) - age   1:   76364832 bytes,   76364832 total
[2024-02-23T09:02:04.124+0000][4616][gc,age      ] GC(46) - age   2:   51130712 bytes,  127495544 total
[2024-02-23T09:02:04.124+0000][4616][gc,age      ] GC(46) - age   3:   45263512 bytes,  172759056 total
[2024-02-23T09:02:04.124+0000][4616][gc,heap     ] GC(46) Eden regions: 508->0(495)
[2024-02-23T09:02:04.124+0000][4616][gc,heap     ] GC(46) Survivor regions: 42->44(69)
[2024-02-23T09:02:04.124+0000][4616][gc,heap     ] GC(46) Old regions: 231->241
[2024-02-23T09:02:04.124+0000][4616][gc,heap     ] GC(46) Archive regions: 0->0
[2024-02-23T09:02:04.124+0000][4616][gc,heap     ] GC(46) Humongous regions: 14->14
[2024-02-23T09:02:04.124+0000][4616][gc,metaspace] GC(46) Metaspace: 133452K(137024K)->133452K(137024K) NonClass: 115887K(117760K)->115887K(117760K) Class: 17564K(19264K)->17564K(19264K)
[2024-02-23T09:02:04.124+0000][4616][gc          ] GC(46) Pause Young (Normal) (G1 Evacuation Pause) 3178M->1191M(4040M) 47.054ms
[2024-02-23T09:02:04.124+0000][4616][gc,cpu      ] GC(46) User=0.27s Sys=0.08s Real=0.05s
[2024-02-23T09:02:04.124+0000][4616][safepoint   ] Safepoint "G1CollectForAllocation", Time since last: 1950240600 ns, Reaching safepoint: 105800 ns, At safepoint: 47254800 ns, Total: 47360600 ns
[2024-02-23T09:02:09.177+0000][4616][safepoint   ] Safepoint "Cleanup", Time since last: 5052540100 ns, Reaching safepoint: 101000 ns, At safepoint: 121400 ns, Total: 222400 ns
[2024-02-23T09:02:12.211+0000][4616][safepoint   ] Safepoint "Cleanup", Time since last: 3033788200 ns, Reaching safepoint: 70600 ns, At safepoint: 12500 ns, Total: 83100 ns
[2024-02-23T09:02:21.705+0000][4616][gc,start    ] GC(47) Pause Young (Normal) (G1 Evacuation Pause)
[2024-02-23T09:02:21.705+0000][4616][gc,task     ] GC(47) Using 8 workers of 8 for evacuation
[2024-02-23T09:02:21.705+0000][4616][gc,age      ] GC(47) Desired survivor size 142606336 bytes, new threshold 3 (max threshold 15)
[2024-02-23T09:02:21.770+0000][4616][gc,phases   ] GC(47)   Pre Evacuate Collection Set: 0.4ms
[2024-02-23T09:02:21.770+0000][4616][gc,phases   ] GC(47)   Merge Heap Roots: 0.5ms
[2024-02-23T09:02:21.770+0000][4616][gc,phases   ] GC(47)   Evacuate Collection Set: 59.7ms
[2024-02-23T09:02:21.770+0000][4616][gc,phases   ] GC(47)   Post Evacuate Collection Set: 1.2ms
[2024-02-23T09:02:21.770+0000][4616][gc,phases   ] GC(47)   Other: 3.0ms
[2024-02-23T09:02:21.770+0000][4616][gc,age      ] GC(47) Age table with threshold 3 (max threshold 15)
[2024-02-23T09:02:21.770+0000][4616][gc,age      ] GC(47) - age   1:   70114624 bytes,   70114624 total
[2024-02-23T09:02:21.770+0000][4616][gc,age      ] GC(47) - age   2:   59779256 bytes,  129893880 total
[2024-02-23T09:02:21.770+0000][4616][gc,age      ] GC(47) - age   3:   40684216 bytes,  170578096 total
[2024-02-23T09:02:21.770+0000][4616][gc,heap     ] GC(47) Eden regions: 495->0(489)
[2024-02-23T09:02:21.770+0000][4616][gc,heap     ] GC(47) Survivor regions: 44->44(68)
[2024-02-23T09:02:21.771+0000][4616][gc,heap     ] GC(47) Old regions: 241->251
[2024-02-23T09:02:21.771+0000][4616][gc,heap     ] GC(47) Archive regions: 0->0
[2024-02-23T09:02:21.771+0000][4616][gc,heap     ] GC(47) Humongous regions: 14->14
[2024-02-23T09:02:21.771+0000][4616][gc,metaspace] GC(47) Metaspace: 133454K(137024K)->133454K(137024K) NonClass: 115889K(117760K)->115889K(117760K) Class: 17564K(19264K)->17564K(19264K)
[2024-02-23T09:02:21.771+0000][4616][gc          ] GC(47) Pause Young (Normal) (G1 Evacuation Pause) 3171M->1233M(4040M) 65.608ms
[2024-02-23T09:02:21.771+0000][4616][gc,cpu      ] GC(47) User=0.36s Sys=0.09s Real=0.07s
[2024-02-23T09:02:21.771+0000][4616][safepoint   ] Safepoint "G1CollectForAllocation", Time since last: 9494167000 ns, Reaching safepoint: 109200 ns, At safepoint: 65810300 ns, Total: 65919500 ns
[2024-02-23T09:02:26.800+0000][4616][safepoint   ] Safepoint "Cleanup", Time since last: 5028692800 ns, Reaching safepoint: 152900 ns, At safepoint: 35300 ns, Total: 188200 ns
[2024-02-23T09:02:29.827+0000][4616][safepoint   ] Safepoint "Cleanup", Time since last: 3025939600 ns, Reaching safepoint: 273900 ns, At safepoint: 356000 ns, Total: 629900 ns
[2024-02-23T09:02:31.840+0000][4616][safepoint   ] Safepoint "Cleanup", Time since last: 2013774800 ns, Reaching safepoint: 108300 ns, At safepoint: 28100 ns, Total: 136400 ns
[2024-02-23T09:02:36.187+0000][4616][gc,start    ] GC(48) Pause Young (Normal) (G1 Evacuation Pause)
[2024-02-23T09:02:36.187+0000][4616][gc,task     ] GC(48) Using 8 workers of 8 for evacuation
[2024-02-23T09:02:36.187+0000][4616][gc,age      ] GC(48) Desired survivor size 140509184 bytes, new threshold 3 (max threshold 15)
[2024-02-23T09:02:36.243+0000][4616][gc,phases   ] GC(48)   Pre Evacuate Collection Set: 0.4ms
[2024-02-23T09:02:36.243+0000][4616][gc,phases   ] GC(48)   Merge Heap Roots: 0.5ms
[2024-02-23T09:02:36.243+0000][4616][gc,phases   ] GC(48)   Evacuate Collection Set: 51.7ms
[2024-02-23T09:02:36.243+0000][4616][gc,phases   ] GC(48)   Post Evacuate Collection Set: 1.9ms
[2024-02-23T09:02:36.243+0000][4616][gc,phases   ] GC(48)   Other: 0.4ms
[2024-02-23T09:02:36.243+0000][4616][gc,age      ] GC(48) Age table with threshold 3 (max threshold 15)
[2024-02-23T09:02:36.243+0000][4616][gc,age      ] GC(48) - age   1:   69896504 bytes,   69896504 total
[2024-02-23T09:02:36.243+0000][4616][gc,age      ] GC(48) - age   2:   52600000 bytes,  122496504 total
[2024-02-23T09:02:36.243+0000][4616][gc,age      ] GC(48) - age   3:   47776096 bytes,  170272600 total
[2024-02-23T09:02:36.243+0000][4616][gc,heap     ] GC(48) Eden regions: 489->0(479)
[2024-02-23T09:02:36.243+0000][4616][gc,heap     ] GC(48) Survivor regions: 44->43(67)
[2024-02-23T09:02:36.243+0000][4616][gc,heap     ] GC(48) Old regions: 251->262
[2024-02-23T09:02:36.243+0000][4616][gc,heap     ] GC(48) Archive regions: 0->0
[2024-02-23T09:02:36.243+0000][4616][gc,heap     ] GC(48) Humongous regions: 14->14
[2024-02-23T09:02:36.243+0000][4616][gc,metaspace] GC(48) Metaspace: 133454K(137024K)->133454K(137024K) NonClass: 115890K(117760K)->115890K(117760K) Class: 17564K(19264K)->17564K(19264K)
[2024-02-23T09:02:36.243+0000][4616][gc          ] GC(48) Pause Young (Normal) (G1 Evacuation Pause) 3189M->1273M(4040M) 55.858ms
[2024-02-23T09:02:36.243+0000][4616][gc,cpu      ] GC(48) User=0.33s Sys=0.03s Real=0.06s
[2024-02-23T09:02:36.243+0000][4616][safepoint   ] Safepoint "G1CollectForAllocation", Time since last: 4346768700 ns, Reaching safepoint: 163300 ns, At safepoint: 56184600 ns, Total: 56347900 ns
[2024-02-23T09:02:46.312+0000][4616][safepoint   ] Safepoint "Cleanup", Time since last: 10068174600 ns, Reaching safepoint: 151000 ns, At safepoint: 70500 ns, Total: 221500 ns
[2024-02-23T09:02:47.316+0000][4616][safepoint   ] Safepoint "Cleanup", Time since last: 1003569700 ns, Reaching safepoint: 107200 ns, At safepoint: 20200 ns, Total: 127400 ns
[2024-02-23T09:02:54.157+0000][4616][gc,start    ] GC(49) Pause Young (Normal) (G1 Evacuation Pause)
[2024-02-23T09:02:54.157+0000][4616][gc,task     ] GC(49) Using 8 workers of 8 for evacuation
[2024-02-23T09:02:54.157+0000][4616][gc,age      ] GC(49) Desired survivor size 138412032 bytes, new threshold 3 (max threshold 15)
[2024-02-23T09:02:54.204+0000][4616][gc,phases   ] GC(49)   Pre Evacuate Collection Set: 0.2ms
[2024-02-23T09:02:54.204+0000][4616][gc,phases   ] GC(49)   Merge Heap Roots: 0.1ms
[2024-02-23T09:02:54.204+0000][4616][gc,phases   ] GC(49)   Evacuate Collection Set: 43.5ms
[2024-02-23T09:02:54.204+0000][4616][gc,phases   ] GC(49)   Post Evacuate Collection Set: 1.5ms
[2024-02-23T09:02:54.204+0000][4616][gc,phases   ] GC(49)   Other: 0.2ms
[2024-02-23T09:02:54.204+0000][4616][gc,age      ] GC(49) Age table with threshold 3 (max threshold 15)
[2024-02-23T09:02:54.204+0000][4616][gc,age      ] GC(49) - age   1:   62607120 bytes,   62607120 total
[2024-02-23T09:02:54.204+0000][4616][gc,age      ] GC(49) - age   2:   52510448 bytes,  115117568 total
[2024-02-23T09:02:54.204+0000][4616][gc,age      ] GC(49) - age   3:   41056824 bytes,  156174392 total
[2024-02-23T09:02:54.204+0000][4616][gc,heap     ] GC(49) Eden regions: 479->0(473)
[2024-02-23T09:02:54.204+0000][4616][gc,heap     ] GC(49) Survivor regions: 43->40(66)
[2024-02-23T09:02:54.204+0000][4616][gc,heap     ] GC(49) Old regions: 262->273
[2024-02-23T09:02:54.204+0000][4616][gc,heap     ] GC(49) Archive regions: 0->0
[2024-02-23T09:02:54.204+0000][4616][gc,heap     ] GC(49) Humongous regions: 14->14
[2024-02-23T09:02:54.204+0000][4616][gc,metaspace] GC(49) Metaspace: 133456K(137024K)->133456K(137024K) NonClass: 115892K(117760K)->115892K(117760K) Class: 17564K(19264K)->17564K(19264K)
[2024-02-23T09:02:54.204+0000][4616][gc          ] GC(49) Pause Young (Normal) (G1 Evacuation Pause) 3189M->1307M(4040M) 46.025ms
[2024-02-23T09:02:54.205+0000][4616][gc,cpu      ] GC(49) User=0.19s Sys=0.08s Real=0.05s
[2024-02-23T09:02:54.205+0000][4616][safepoint   ] Safepoint "G1CollectForAllocation", Time since last: 6842601400 ns, Reaching safepoint: 107100 ns, At safepoint: 46261800 ns, Total: 46368900 ns
[2024-02-23T09:02:57.246+0000][4616][safepoint   ] Safepoint "Cleanup", Time since last: 3040100400 ns, Reaching safepoint: 319500 ns, At safepoint: 256100 ns, Total: 575600 ns
[2024-02-23T09:03:02.286+0000][4616][safepoint   ] Safepoint "Cleanup", Time since last: 5040518900 ns, Reaching safepoint: 468800 ns, At safepoint: 28200 ns, Total: 497000 ns
[2024-02-23T09:03:03.295+0000][4616][safepoint   ] Safepoint "Cleanup", Time since last: 1008909400 ns, Reaching safepoint: 127700 ns, At safepoint: 28000 ns, Total: 155700 ns
[2024-02-23T09:03:04.297+0000][4616][safepoint   ] Safepoint "Cleanup", Time since last: 1001656900 ns, Reaching safepoint: 300500 ns, At safepoint: 38300 ns, Total: 338800 ns
[2024-02-23T09:03:05.299+0000][4616][safepoint   ] Safepoint "Cleanup", Time since last: 1001228100 ns, Reaching safepoint: 185400 ns, At safepoint: 86200 ns, Total: 271600 ns
[2024-02-23T09:03:06.313+0000][4616][safepoint   ] Safepoint "Cleanup", Time since last: 1013985300 ns, Reaching safepoint: 222000 ns, At safepoint: 52300 ns, Total: 274300 ns
[2024-02-23T09:03:08.840+0000][4616][gc,start    ] GC(50) Pause Young (Normal) (G1 Evacuation Pause)
[2024-02-23T09:03:08.840+0000][4616][gc,task     ] GC(50) Using 8 workers of 8 for evacuation
[2024-02-23T09:03:08.840+0000][4616][gc,age      ] GC(50) Desired survivor size 136314880 bytes, new threshold 3 (max threshold 15)
[2024-02-23T09:03:08.885+0000][4616][gc,phases   ] GC(50)   Pre Evacuate Collection Set: 0.2ms
[2024-02-23T09:03:08.885+0000][4616][gc,phases   ] GC(50)   Merge Heap Roots: 0.3ms
[2024-02-23T09:03:08.885+0000][4616][gc,phases   ] GC(50)   Evacuate Collection Set: 42.3ms
[2024-02-23T09:03:08.885+0000][4616][gc,phases   ] GC(50)   Post Evacuate Collection Set: 1.1ms
[2024-02-23T09:03:08.885+0000][4616][gc,phases   ] GC(50)   Other: 0.3ms
[2024-02-23T09:03:08.885+0000][4616][gc,age      ] GC(50) Age table with threshold 3 (max threshold 15)
[2024-02-23T09:03:08.885+0000][4616][gc,age      ] GC(50) - age   1:   86430496 bytes,   86430496 total
[2024-02-23T09:03:08.885+0000][4616][gc,age      ] GC(50) - age   2:   45771784 bytes,  132202280 total
[2024-02-23T09:03:08.885+0000][4616][gc,age      ] GC(50) - age   3:   36797448 bytes,  168999728 total
[2024-02-23T09:03:08.885+0000][4616][gc,heap     ] GC(50) Eden regions: 473->0(459)
[2024-02-23T09:03:08.885+0000][4616][gc,heap     ] GC(50) Survivor regions: 40->43(65)
[2024-02-23T09:03:08.885+0000][4616][gc,heap     ] GC(50) Old regions: 273->281
[2024-02-23T09:03:08.885+0000][4616][gc,heap     ] GC(50) Archive regions: 0->0
[2024-02-23T09:03:08.885+0000][4616][gc,heap     ] GC(50) Humongous regions: 14->14
[2024-02-23T09:03:08.885+0000][4616][gc,metaspace] GC(50) Metaspace: 133458K(137024K)->133458K(137024K) NonClass: 115894K(117760K)->115894K(117760K) Class: 17564K(19264K)->17564K(19264K)
[2024-02-23T09:03:08.885+0000][4616][gc          ] GC(50) Pause Young (Normal) (G1 Evacuation Pause) 3199M->1349M(4040M) 44.720ms
[2024-02-23T09:03:08.885+0000][4616][gc,cpu      ] GC(50) User=0.27s Sys=0.08s Real=0.05s
[2024-02-23T09:03:08.885+0000][4616][safepoint   ] Safepoint "G1CollectForAllocation", Time since last: 2526904600 ns, Reaching safepoint: 161600 ns, At safepoint: 44944500 ns, Total: 45106100 ns
[2024-02-23T09:03:10.899+0000][4616][safepoint   ] Safepoint "Cleanup", Time since last: 2013113600 ns, Reaching safepoint: 147300 ns, At safepoint: 48800 ns, Total: 196100 ns
[2024-02-23T09:03:15.940+0000][4616][safepoint   ] Safepoint "Cleanup", Time since last: 5041847300 ns, Reaching safepoint: 114700 ns, At safepoint: 40600 ns, Total: 155300 ns
[2024-02-23T09:03:22.028+0000][4616][safepoint   ] Safepoint "Cleanup", Time since last: 6086845500 ns, Reaching safepoint: 136300 ns, At safepoint: 10500 ns, Total: 146800 ns
[2024-02-23T09:03:23.438+0000][4616][gc,start    ] GC(51) Pause Young (Normal) (G1 Evacuation Pause)
[2024-02-23T09:03:23.438+0000][4616][gc,task     ] GC(51) Using 8 workers of 8 for evacuation
[2024-02-23T09:03:23.438+0000][4616][gc,age      ] GC(51) Desired survivor size 132120576 bytes, new threshold 2 (max threshold 15)
[2024-02-23T09:03:23.533+0000][4616][gc,phases   ] GC(51)   Pre Evacuate Collection Set: 0.3ms
[2024-02-23T09:03:23.533+0000][4616][gc,phases   ] GC(51)   Merge Heap Roots: 0.3ms
[2024-02-23T09:03:23.533+0000][4616][gc,phases   ] GC(51)   Evacuate Collection Set: 88.6ms
[2024-02-23T09:03:23.533+0000][4616][gc,phases   ] GC(51)   Post Evacuate Collection Set: 1.4ms
[2024-02-23T09:03:23.533+0000][4616][gc,phases   ] GC(51)   Other: 0.3ms
[2024-02-23T09:03:23.533+0000][4616][gc,age      ] GC(51) Age table with threshold 2 (max threshold 15)
[2024-02-23T09:03:23.533+0000][4616][gc,age      ] GC(51) - age   1:   58939048 bytes,   58939048 total
[2024-02-23T09:03:23.533+0000][4616][gc,age      ] GC(51) - age   2:   68951072 bytes,  127890120 total
[2024-02-23T09:03:23.533+0000][4616][gc,heap     ] GC(51) Eden regions: 459->0(454)
[2024-02-23T09:03:23.533+0000][4616][gc,heap     ] GC(51) Survivor regions: 43->33(63)
[2024-02-23T09:03:23.533+0000][4616][gc,heap     ] GC(51) Old regions: 281->299
[2024-02-23T09:03:23.533+0000][4616][gc,heap     ] GC(51) Archive regions: 0->0
[2024-02-23T09:03:23.533+0000][4616][gc,heap     ] GC(51) Humongous regions: 14->14
[2024-02-23T09:03:23.533+0000][4616][gc,metaspace] GC(51) Metaspace: 133459K(137024K)->133459K(137024K) NonClass: 115894K(117760K)->115894K(117760K) Class: 17564K(19264K)->17564K(19264K)
[2024-02-23T09:03:23.533+0000][4616][gc          ] GC(51) Pause Young (Normal) (G1 Evacuation Pause) 3185M->1381M(4040M) 91.226ms
[2024-02-23T09:03:23.533+0000][4616][gc,cpu      ] GC(51) User=0.19s Sys=0.47s Real=0.10s
[2024-02-23T09:03:23.533+0000][4616][safepoint   ] Safepoint "G1CollectForAllocation", Time since last: 1413823800 ns, Reaching safepoint: 206800 ns, At safepoint: 91437100 ns, Total: 91643900 ns
[2024-02-23T09:03:26.586+0000][4616][safepoint   ] Safepoint "Cleanup", Time since last: 3024065100 ns, Reaching safepoint: 29157900 ns, At safepoint: 80900 ns, Total: 29238800 ns
[2024-02-23T09:03:33.654+0000][4616][safepoint   ] Safepoint "Cleanup", Time since last: 7067448500 ns, Reaching safepoint: 112200 ns, At safepoint: 13500 ns, Total: 125700 ns
[2024-02-23T09:03:37.692+0000][4616][safepoint   ] Safepoint "Cleanup", Time since last: 4022012700 ns, Reaching safepoint: 15744000 ns, At safepoint: 105600 ns, Total: 15849600 ns
[2024-02-23T09:03:38.706+0000][4616][safepoint   ] Safepoint "Cleanup", Time since last: 1013806100 ns, Reaching safepoint: 73600 ns, At safepoint: 14300 ns, Total: 87900 ns
[2024-02-23T09:03:41.726+0000][4616][safepoint   ] Safepoint "Cleanup", Time since last: 3020006600 ns, Reaching safepoint: 203800 ns, At safepoint: 45400 ns, Total: 249200 ns
[2024-02-23T09:03:41.801+0000][4616][gc,start    ] GC(52) Pause Young (Concurrent Start) (G1 Evacuation Pause)
[2024-02-23T09:03:41.801+0000][4616][gc,task     ] GC(52) Using 8 workers of 8 for evacuation
[2024-02-23T09:03:41.801+0000][4616][gc,age      ] GC(52) Desired survivor size 127926272 bytes, new threshold 15 (max threshold 15)
[2024-02-23T09:03:42.031+0000][4616][gc,mmu      ] GC(52) MMU target violated: 201.0ms (200.0ms/201.0ms)
[2024-02-23T09:03:42.031+0000][4616][gc,phases   ] GC(52)   Pre Evacuate Collection Set: 76.3ms
[2024-02-23T09:03:42.031+0000][4616][gc,phases   ] GC(52)   Merge Heap Roots: 0.5ms
[2024-02-23T09:03:42.031+0000][4616][gc,phases   ] GC(52)   Evacuate Collection Set: 77.7ms
[2024-02-23T09:03:42.031+0000][4616][gc,phases   ] GC(52)   Post Evacuate Collection Set: 1.0ms
[2024-02-23T09:03:42.031+0000][4616][gc,phases   ] GC(52)   Other: 71.6ms
[2024-02-23T09:03:42.031+0000][4616][gc,age      ] GC(52) Age table with threshold 15 (max threshold 15)
[2024-02-23T09:03:42.031+0000][4616][gc,age      ] GC(52) - age   1:   59251720 bytes,   59251720 total
[2024-02-23T09:03:42.031+0000][4616][gc,age      ] GC(52) - age   2:   43855928 bytes,  103107648 total
[2024-02-23T09:03:42.031+0000][4616][gc,age      ] GC(52) - age   3:   53372184 bytes,  156479832 total
[2024-02-23T09:03:42.031+0000][4616][gc,heap     ] GC(52) Eden regions: 454->0(449)
[2024-02-23T09:03:42.031+0000][4616][gc,heap     ] GC(52) Survivor regions: 33->40(61)
[2024-02-23T09:03:42.031+0000][4616][gc,heap     ] GC(52) Old regions: 299->299
[2024-02-23T09:03:42.031+0000][4616][gc,heap     ] GC(52) Archive regions: 0->0
[2024-02-23T09:03:42.031+0000][4616][gc,heap     ] GC(52) Humongous regions: 14->14
[2024-02-23T09:03:42.031+0000][4616][gc,metaspace] GC(52) Metaspace: 133459K(137024K)->133459K(137024K) NonClass: 115894K(117760K)->115894K(117760K) Class: 17564K(19264K)->17564K(19264K)
[2024-02-23T09:03:42.031+0000][4616][gc          ] GC(52) Pause Young (Concurrent Start) (G1 Evacuation Pause) 3197M->1410M(4040M) 227.439ms
[2024-02-23T09:03:42.031+0000][4616][gc,cpu      ] GC(52) User=0.20s Sys=0.05s Real=0.23s
[2024-02-23T09:03:42.032+0000][4616][safepoint   ] Safepoint "G1CollectForAllocation", Time since last: 77961100 ns, Reaching safepoint: 122900 ns, At safepoint: 228155400 ns, Total: 228278300 ns
[2024-02-23T09:03:42.032+0000][4616][gc          ] GC(53) Concurrent Mark Cycle
[2024-02-23T09:03:42.032+0000][4616][gc,marking  ] GC(53) Concurrent Clear Claimed Marks
[2024-02-23T09:03:42.032+0000][4616][gc,marking  ] GC(53) Concurrent Clear Claimed Marks 0.263ms
[2024-02-23T09:03:42.032+0000][4616][gc,marking  ] GC(53) Concurrent Scan Root Regions
[2024-02-23T09:03:42.183+0000][4616][gc,marking  ] GC(53) Concurrent Scan Root Regions 149.976ms
[2024-02-23T09:03:42.183+0000][4616][gc,marking  ] GC(53) Concurrent Mark
[2024-02-23T09:03:42.183+0000][4616][gc,marking  ] GC(53) Concurrent Mark From Roots
[2024-02-23T09:03:42.183+0000][4616][gc,task     ] GC(53) Using 2 workers of 2 for marking
[2024-02-23T09:03:43.042+0000][4616][safepoint   ] Safepoint "Cleanup", Time since last: 1009866300 ns, Reaching safepoint: 422700 ns, At safepoint: 7100 ns, Total: 429800 ns
[2024-02-23T09:03:43.093+0000][4616][gc,marking  ] GC(53) Concurrent Mark From Roots 909.823ms
[2024-02-23T09:03:43.093+0000][4616][gc,marking  ] GC(53) Concurrent Preclean
[2024-02-23T09:03:43.094+0000][4616][gc,marking  ] GC(53) Concurrent Preclean 1.007ms
[2024-02-23T09:03:43.094+0000][4616][gc,start    ] GC(53) Pause Remark
[2024-02-23T09:03:44.003+0000][4616][gc,mmu      ] GC(53) MMU target violated: 201.0ms (200.0ms/201.0ms)
[2024-02-23T09:03:44.003+0000][4616][gc          ] GC(53) Pause Remark 1516M->1472M(4040M) 909.327ms
[2024-02-23T09:03:44.003+0000][4616][gc,cpu      ] GC(53) User=0.16s Sys=1.11s Real=0.91s
[2024-02-23T09:03:44.009+0000][4616][safepoint   ] Safepoint "G1Concurrent", Time since last: 51449500 ns, Reaching safepoint: 80300 ns, At safepoint: 914636000 ns, Total: 914716300 ns
[2024-02-23T09:03:44.009+0000][4616][gc,marking  ] GC(53) Concurrent Mark 1825.742ms
[2024-02-23T09:03:44.009+0000][4616][gc,marking  ] GC(53) Concurrent Rebuild Remembered Sets
[2024-02-23T09:03:44.142+0000][4616][gc,marking  ] GC(53) Concurrent Rebuild Remembered Sets 133.003ms
[2024-02-23T09:03:44.142+0000][4616][gc,start    ] GC(53) Pause Cleanup
[2024-02-23T09:03:44.142+0000][4616][gc          ] GC(53) Pause Cleanup 1487M->1487M(4040M) 0.274ms
[2024-02-23T09:03:44.142+0000][4616][gc,cpu      ] GC(53) User=0.00s Sys=0.00s Real=0.00s
[2024-02-23T09:03:44.142+0000][4616][safepoint   ] Safepoint "G1Concurrent", Time since last: 133178200 ns, Reaching safepoint: 196900 ns, At safepoint: 354500 ns, Total: 551400 ns
[2024-02-23T09:03:44.142+0000][4616][gc,marking  ] GC(53) Concurrent Cleanup for Next Mark
[2024-02-23T09:03:44.187+0000][4616][gc,marking  ] GC(53) Concurrent Cleanup for Next Mark 44.977ms
[2024-02-23T09:03:44.187+0000][4616][gc          ] GC(53) Concurrent Mark Cycle 2155.079ms
[2024-02-23T09:03:45.151+0000][4616][safepoint   ] Safepoint "Cleanup", Time since last: 1008940100 ns, Reaching safepoint: 87600 ns, At safepoint: 6200 ns, Total: 93800 ns
[2024-02-23T09:04:04.326+0000][4616][safepoint   ] Safepoint "Cleanup", Time since last: 19174688700 ns, Reaching safepoint: 236700 ns, At safepoint: 36700 ns, Total: 273400 ns
[2024-02-23T09:04:08.166+0000][4616][gc,start    ] GC(54) Pause Young (Prepare Mixed) (G1 Evacuation Pause)
[2024-02-23T09:04:08.166+0000][4616][gc,task     ] GC(54) Using 8 workers of 8 for evacuation
[2024-02-23T09:04:08.166+0000][4616][gc,age      ] GC(54) Desired survivor size 130023424 bytes, new threshold 3 (max threshold 15)
[2024-02-23T09:04:08.221+0000][4616][gc,phases   ] GC(54)   Pre Evacuate Collection Set: 0.4ms
[2024-02-23T09:04:08.222+0000][4616][gc,phases   ] GC(54)   Merge Heap Roots: 2.4ms
[2024-02-23T09:04:08.222+0000][4616][gc,phases   ] GC(54)   Evacuate Collection Set: 46.6ms
[2024-02-23T09:04:08.222+0000][4616][gc,phases   ] GC(54)   Post Evacuate Collection Set: 1.5ms
[2024-02-23T09:04:08.222+0000][4616][gc,phases   ] GC(54)   Other: 0.6ms
[2024-02-23T09:04:08.222+0000][4616][gc,age      ] GC(54) Age table with threshold 3 (max threshold 15)
[2024-02-23T09:04:08.222+0000][4616][gc,age      ] GC(54) - age   1:   65727112 bytes,   65727112 total
[2024-02-23T09:04:08.222+0000][4616][gc,age      ] GC(54) - age   2:   42881856 bytes,  108608968 total
[2024-02-23T09:04:08.222+0000][4616][gc,age      ] GC(54) - age   3:   28686696 bytes,  137295664 total
[2024-02-23T09:04:08.222+0000][4616][gc,heap     ] GC(54) Eden regions: 449->0(14)
[2024-02-23T09:04:08.222+0000][4616][gc,heap     ] GC(54) Survivor regions: 40->36(62)
[2024-02-23T09:04:08.222+0000][4616][gc,heap     ] GC(54) Old regions: 295->306
[2024-02-23T09:04:08.222+0000][4616][gc,heap     ] GC(54) Archive regions: 0->0
[2024-02-23T09:04:08.222+0000][4616][gc,heap     ] GC(54) Humongous regions: 7->7
[2024-02-23T09:04:08.222+0000][4616][gc,metaspace] GC(54) Metaspace: 130804K(137024K)->130804K(137024K) NonClass: 113859K(117760K)->113859K(117760K) Class: 16944K(19264K)->16944K(19264K)
[2024-02-23T09:04:08.222+0000][4616][gc          ] GC(54) Pause Young (Prepare Mixed) (G1 Evacuation Pause) 3162M->1390M(4040M) 51.953ms
[2024-02-23T09:04:08.222+0000][4616][gc,cpu      ] GC(54) User=0.19s Sys=0.16s Real=0.06s
[2024-02-23T09:04:08.222+0000][4616][safepoint   ] Safepoint "G1CollectForAllocation", Time since last: 3843821900 ns, Reaching safepoint: 188100 ns, At safepoint: 52188800 ns, Total: 52376900 ns
[2024-02-23T09:04:08.791+0000][4616][gc,start    ] GC(55) Pause Young (Mixed) (G1 Evacuation Pause)
[2024-02-23T09:04:08.791+0000][4616][gc,task     ] GC(55) Using 8 workers of 8 for evacuation
[2024-02-23T09:04:08.791+0000][4616][gc,age      ] GC(55) Desired survivor size 14680064 bytes, new threshold 1 (max threshold 15)
[2024-02-23T09:04:08.858+0000][4616][gc,phases   ] GC(55)   Pre Evacuate Collection Set: 0.2ms
[2024-02-23T09:04:08.858+0000][4616][gc,phases   ] GC(55)   Merge Heap Roots: 0.3ms
[2024-02-23T09:04:08.858+0000][4616][gc,phases   ] GC(55)   Evacuate Collection Set: 63.1ms
[2024-02-23T09:04:08.858+0000][4616][gc,phases   ] GC(55)   Post Evacuate Collection Set: 2.9ms
[2024-02-23T09:04:08.858+0000][4616][gc,phases   ] GC(55)   Other: 0.2ms
[2024-02-23T09:04:08.858+0000][4616][gc,age      ] GC(55) Age table with threshold 1 (max threshold 15)
[2024-02-23T09:04:08.858+0000][4616][gc,age      ] GC(55) - age   1:    2148728 bytes,    2148728 total
[2024-02-23T09:04:08.858+0000][4616][gc,heap     ] GC(55) Eden regions: 14->0(46)
[2024-02-23T09:04:08.858+0000][4616][gc,heap     ] GC(55) Survivor regions: 36->4(7)
[2024-02-23T09:04:08.858+0000][4616][gc,heap     ] GC(55) Old regions: 306->247
[2024-02-23T09:04:08.858+0000][4616][gc,heap     ] GC(55) Archive regions: 0->0
[2024-02-23T09:04:08.858+0000][4616][gc,heap     ] GC(55) Humongous regions: 7->7
[2024-02-23T09:04:08.858+0000][4616][gc,metaspace] GC(55) Metaspace: 130804K(137024K)->130804K(137024K) NonClass: 113859K(117760K)->113859K(117760K) Class: 16944K(19264K)->16944K(19264K)
[2024-02-23T09:04:08.858+0000][4616][gc          ] GC(55) Pause Young (Mixed) (G1 Evacuation Pause) 1446M->1031M(4040M) 67.024ms
[2024-02-23T09:04:08.858+0000][4616][gc,cpu      ] GC(55) User=0.19s Sys=0.22s Real=0.07s
[2024-02-23T09:04:08.859+0000][4616][safepoint   ] Safepoint "G1CollectForAllocation", Time since last: 568225500 ns, Reaching safepoint: 65400 ns, At safepoint: 67713500 ns, Total: 67778900 ns
[2024-02-23T09:04:11.656+0000][4616][gc,start    ] GC(56) Pause Young (Mixed) (G1 Evacuation Pause)
[2024-02-23T09:04:11.657+0000][4616][gc,task     ] GC(56) Using 8 workers of 8 for evacuation
[2024-02-23T09:04:11.657+0000][4616][gc,age      ] GC(56) Desired survivor size 14680064 bytes, new threshold 15 (max threshold 15)
[2024-02-23T09:04:11.737+0000][4616][gc,phases   ] GC(56)   Pre Evacuate Collection Set: 0.3ms
[2024-02-23T09:04:11.737+0000][4616][gc,phases   ] GC(56)   Merge Heap Roots: 0.4ms
[2024-02-23T09:04:11.737+0000][4616][gc,phases   ] GC(56)   Evacuate Collection Set: 78.5ms
[2024-02-23T09:04:11.737+0000][4616][gc,phases   ] GC(56)   Post Evacuate Collection Set: 1.0ms
[2024-02-23T09:04:11.737+0000][4616][gc,phases   ] GC(56)   Other: 0.3ms
[2024-02-23T09:04:11.737+0000][4616][gc,age      ] GC(56) Age table with threshold 15 (max threshold 15)
[2024-02-23T09:04:11.737+0000][4616][gc,age      ] GC(56) - age   1:    6544536 bytes,    6544536 total
[2024-02-23T09:04:11.737+0000][4616][gc,age      ] GC(56) - age   2:    1224984 bytes,    7769520 total
[2024-02-23T09:04:11.737+0000][4616][gc,heap     ] GC(56) Eden regions: 46->0(586)
[2024-02-23T09:04:11.737+0000][4616][gc,heap     ] GC(56) Survivor regions: 4->3(7)
[2024-02-23T09:04:11.737+0000][4616][gc,heap     ] GC(56) Old regions: 247->195
[2024-02-23T09:04:11.737+0000][4616][gc,heap     ] GC(56) Archive regions: 0->0
[2024-02-23T09:04:11.737+0000][4616][gc,heap     ] GC(56) Humongous regions: 7->7
[2024-02-23T09:04:11.737+0000][4616][gc,metaspace] GC(56) Metaspace: 130804K(137024K)->130804K(137024K) NonClass: 113859K(117760K)->113859K(117760K) Class: 16944K(19264K)->16944K(19264K)
[2024-02-23T09:04:11.737+0000][4616][gc          ] GC(56) Pause Young (Mixed) (G1 Evacuation Pause) 1215M->818M(4040M) 81.069ms
[2024-02-23T09:04:11.737+0000][4616][gc,cpu      ] GC(56) User=0.12s Sys=0.25s Real=0.08s
[2024-02-23T09:04:11.737+0000][4616][safepoint   ] Safepoint "G1CollectForAllocation", Time since last: 2764098900 ns, Reaching safepoint: 33819200 ns, At safepoint: 81242600 ns, Total: 115061800 ns
[2024-02-23T09:04:13.538+0000][4616][safepoint   ] Safepoint "Cleanup", Time since last: 1800498400 ns, Reaching safepoint: 109800 ns, At safepoint: 12300 ns, Total: 122100 ns
[2024-02-23T09:04:14.547+0000][4616][safepoint   ] Safepoint "Cleanup", Time since last: 1008910400 ns, Reaching safepoint: 220500 ns, At safepoint: 33800 ns, Total: 254300 ns
[2024-02-23T09:04:16.548+0000][4616][safepoint   ] Safepoint "Cleanup", Time since last: 2000776900 ns, Reaching safepoint: 93800 ns, At safepoint: 12000 ns, Total: 105800 ns
[2024-02-23T09:04:17.555+0000][4616][safepoint   ] Safepoint "Cleanup", Time since last: 1006278500 ns, Reaching safepoint: 74200 ns, At safepoint: 10600 ns, Total: 84800 ns
[2024-02-23T09:04:18.625+0000][4616][safepoint   ] Safepoint "Cleanup", Time since last: 1069963400 ns, Reaching safepoint: 97800 ns, At safepoint: 11600 ns, Total: 109400 ns
[2024-02-23T09:04:20.644+0000][4616][safepoint   ] Safepoint "Cleanup", Time since last: 2019582000 ns, Reaching safepoint: 187200 ns, At safepoint: 25000 ns, Total: 212200 ns
[2024-02-23T09:04:24.647+0000][4616][safepoint   ] Safepoint "Cleanup", Time since last: 4002629100 ns, Reaching safepoint: 144200 ns, At safepoint: 7800 ns, Total: 152000 ns
[2024-02-23T09:04:25.648+0000][4616][safepoint   ] Safepoint "Cleanup", Time since last: 1000532100 ns, Reaching safepoint: 75800 ns, At safepoint: 49400 ns, Total: 125200 ns
[2024-02-23T09:04:31.683+0000][4616][safepoint   ] Safepoint "Cleanup", Time since last: 6035163900 ns, Reaching safepoint: 131900 ns, At safepoint: 83900 ns, Total: 215800 ns
[2024-02-23T09:04:34.700+0000][4616][safepoint   ] Safepoint "Cleanup", Time since last: 3016785600 ns, Reaching safepoint: 232500 ns, At safepoint: 94800 ns, Total: 327300 ns
[2024-02-23T09:04:38.270+0000][4616][gc,start    ] GC(57) Pause Young (Normal) (G1 Evacuation Pause)
[2024-02-23T09:04:38.270+0000][4616][gc,task     ] GC(57) Using 8 workers of 8 for evacuation
[2024-02-23T09:04:38.270+0000][4616][gc,age      ] GC(57) Desired survivor size 155189248 bytes, new threshold 15 (max threshold 15)
[2024-02-23T09:04:38.342+0000][4616][gc,phases   ] GC(57)   Pre Evacuate Collection Set: 0.2ms
[2024-02-23T09:04:38.342+0000][4616][gc,phases   ] GC(57)   Merge Heap Roots: 0.2ms
[2024-02-23T09:04:38.342+0000][4616][gc,phases   ] GC(57)   Evacuate Collection Set: 69.1ms
[2024-02-23T09:04:38.342+0000][4616][gc,phases   ] GC(57)   Post Evacuate Collection Set: 0.9ms
[2024-02-23T09:04:38.342+0000][4616][gc,phases   ] GC(57)   Other: 0.2ms
[2024-02-23T09:04:38.342+0000][4616][gc,age      ] GC(57) Age table with threshold 15 (max threshold 15)
[2024-02-23T09:04:38.342+0000][4616][gc,age      ] GC(57) - age   1:   99509272 bytes,   99509272 total
[2024-02-23T09:04:38.342+0000][4616][gc,age      ] GC(57) - age   2:    4151432 bytes,  103660704 total
[2024-02-23T09:04:38.342+0000][4616][gc,age      ] GC(57) - age   3:     639104 bytes,  104299808 total
[2024-02-23T09:04:38.342+0000][4616][gc,heap     ] GC(57) Eden regions: 586->0(560)
[2024-02-23T09:04:38.342+0000][4616][gc,heap     ] GC(57) Survivor regions: 3->26(74)
[2024-02-23T09:04:38.342+0000][4616][gc,heap     ] GC(57) Old regions: 195->195
[2024-02-23T09:04:38.342+0000][4616][gc,heap     ] GC(57) Archive regions: 0->0
[2024-02-23T09:04:38.342+0000][4616][gc,heap     ] GC(57) Humongous regions: 7->7
[2024-02-23T09:04:38.342+0000][4616][gc,metaspace] GC(57) Metaspace: 130810K(137024K)->130810K(137024K) NonClass: 113864K(117760K)->113864K(117760K) Class: 16945K(19264K)->16945K(19264K)
[2024-02-23T09:04:38.342+0000][4616][gc          ] GC(57) Pause Young (Normal) (G1 Evacuation Pause) 3162M->910M(4040M) 70.918ms
[2024-02-23T09:04:38.342+0000][4616][gc,cpu      ] GC(57) User=0.06s Sys=0.42s Real=0.07s
[2024-02-23T09:04:38.342+0000][4616][safepoint   ] Safepoint "G1CollectForAllocation", Time since last: 3570190100 ns, Reaching safepoint: 391400 ns, At safepoint: 71083300 ns, Total: 71474700 ns
[2024-02-23T09:04:53.137+0000][4616][safepoint   ] Safepoint "Cleanup", Time since last: 14794184100 ns, Reaching safepoint: 441200 ns, At safepoint: 88900 ns, Total: 530100 ns
[2024-02-23T09:04:55.151+0000][4616][safepoint   ] Safepoint "Cleanup", Time since last: 2013984700 ns, Reaching safepoint: 207200 ns, At safepoint: 26400 ns, Total: 233600 ns
[2024-02-23T09:04:58.174+0000][4616][gc,start    ] GC(58) Pause Young (Normal) (G1 Evacuation Pause)
[2024-02-23T09:04:58.174+0000][4616][gc,task     ] GC(58) Using 8 workers of 8 for evacuation
[2024-02-23T09:04:58.174+0000][4616][gc,age      ] GC(58) Desired survivor size 155189248 bytes, new threshold 15 (max threshold 15)
[2024-02-23T09:04:58.227+0000][4616][gc,phases   ] GC(58)   Pre Evacuate Collection Set: 0.1ms
[2024-02-23T09:04:58.227+0000][4616][gc,phases   ] GC(58)   Merge Heap Roots: 0.1ms
[2024-02-23T09:04:58.227+0000][4616][gc,phases   ] GC(58)   Evacuate Collection Set: 49.5ms
[2024-02-23T09:04:58.227+0000][4616][gc,phases   ] GC(58)   Post Evacuate Collection Set: 1.0ms
[2024-02-23T09:04:58.227+0000][4616][gc,phases   ] GC(58)   Other: 0.2ms
[2024-02-23T09:04:58.227+0000][4616][gc,age      ] GC(58) Age table with threshold 15 (max threshold 15)
[2024-02-23T09:04:58.227+0000][4616][gc,age      ] GC(58) - age   1:   69293144 bytes,   69293144 total
[2024-02-23T09:04:58.229+0000][4616][gc,age      ] GC(58) - age   2:   80631768 bytes,  149924912 total
[2024-02-23T09:04:58.229+0000][4616][gc,age      ] GC(58) - age   3:    2813352 bytes,  152738264 total
[2024-02-23T09:04:58.229+0000][4616][gc,age      ] GC(58) - age   4:     571656 bytes,  153309920 total
[2024-02-23T09:04:58.229+0000][4616][gc,heap     ] GC(58) Eden regions: 560->0(551)
[2024-02-23T09:04:58.229+0000][4616][gc,heap     ] GC(58) Survivor regions: 26->38(74)
[2024-02-23T09:04:58.229+0000][4616][gc,heap     ] GC(58) Old regions: 195->195
[2024-02-23T09:04:58.229+0000][4616][gc,heap     ] GC(58) Archive regions: 0->0
[2024-02-23T09:04:58.229+0000][4616][gc,heap     ] GC(58) Humongous regions: 7->7
[2024-02-23T09:04:58.229+0000][4616][gc,metaspace] GC(58) Metaspace: 130815K(137024K)->130815K(137024K) NonClass: 113870K(117760K)->113870K(117760K) Class: 16945K(19264K)->16945K(19264K)
[2024-02-23T09:04:58.229+0000][4616][gc          ] GC(58) Pause Young (Normal) (G1 Evacuation Pause) 3150M->958M(4040M) 51.529ms
[2024-02-23T09:04:58.229+0000][4616][gc,cpu      ] GC(58) User=0.20s Sys=0.16s Real=0.06s
[2024-02-23T09:04:58.229+0000][4616][safepoint   ] Safepoint "G1CollectForAllocation", Time since last: 3026410000 ns, Reaching safepoint: 83200 ns, At safepoint: 51716200 ns, Total: 51799400 ns
[2024-02-23T09:05:07.335+0000][4616][safepoint   ] Safepoint "Cleanup", Time since last: 9105384900 ns, Reaching safepoint: 97500 ns, At safepoint: 48900 ns, Total: 146400 ns
[2024-02-23T09:05:09.352+0000][4616][safepoint   ] Safepoint "Cleanup", Time since last: 2016862100 ns, Reaching safepoint: 172800 ns, At safepoint: 36500 ns, Total: 209300 ns
[2024-02-23T09:05:10.352+0000][4616][safepoint   ] Safepoint "Cleanup", Time since last: 1000124600 ns, Reaching safepoint: 153800 ns, At safepoint: 47500 ns, Total: 201300 ns
[2024-02-23T09:05:15.368+0000][4616][safepoint   ] Safepoint "Cleanup", Time since last: 5015347800 ns, Reaching safepoint: 134700 ns, At safepoint: 44800 ns, Total: 179500 ns
[2024-02-23T09:05:18.384+0000][4616][safepoint   ] Safepoint "Cleanup", Time since last: 3015387300 ns, Reaching safepoint: 155000 ns, At safepoint: 1354400 ns, Total: 1509400 ns
[2024-02-23T09:05:19.397+0000][4616][safepoint   ] Safepoint "Cleanup", Time since last: 1012586500 ns, Reaching safepoint: 146800 ns, At safepoint: 22000 ns, Total: 168800 ns
[2024-02-23T09:05:20.722+0000][4616][gc,start    ] GC(59) Pause Young (Normal) (G1 Evacuation Pause)
[2024-02-23T09:05:20.722+0000][4616][gc,task     ] GC(59) Using 8 workers of 8 for evacuation
[2024-02-23T09:05:20.722+0000][4616][gc,age      ] GC(59) Desired survivor size 155189248 bytes, new threshold 15 (max threshold 15)
[2024-02-23T09:05:20.802+0000][4616][gc,phases   ] GC(59)   Pre Evacuate Collection Set: 0.3ms
[2024-02-23T09:05:20.802+0000][4616][gc,phases   ] GC(59)   Merge Heap Roots: 0.5ms
[2024-02-23T09:05:20.802+0000][4616][gc,phases   ] GC(59)   Evacuate Collection Set: 78.0ms
[2024-02-23T09:05:20.802+0000][4616][gc,phases   ] GC(59)   Post Evacuate Collection Set: 1.3ms
[2024-02-23T09:05:20.802+0000][4616][gc,phases   ] GC(59)   Other: 0.5ms
[2024-02-23T09:05:20.802+0000][4616][gc,age      ] GC(59) Age table with threshold 15 (max threshold 15)
[2024-02-23T09:05:20.802+0000][4616][gc,age      ] GC(59) - age   1:   84264952 bytes,   84264952 total
[2024-02-23T09:05:20.802+0000][4616][gc,age      ] GC(59) - age   2:   49390856 bytes,  133655808 total
[2024-02-23T09:05:20.802+0000][4616][gc,age      ] GC(59) - age   3:   52102136 bytes,  185757944 total
[2024-02-23T09:05:20.802+0000][4616][gc,age      ] GC(59) - age   4:    2237224 bytes,  187995168 total
[2024-02-23T09:05:20.802+0000][4616][gc,age      ] GC(59) - age   5:     571440 bytes,  188566608 total
[2024-02-23T09:05:20.802+0000][4616][gc,heap     ] GC(59) Eden regions: 551->0(541)
[2024-02-23T09:05:20.802+0000][4616][gc,heap     ] GC(59) Survivor regions: 38->49(74)
[2024-02-23T09:05:20.802+0000][4616][gc,heap     ] GC(59) Old regions: 195->195
[2024-02-23T09:05:20.802+0000][4616][gc,heap     ] GC(59) Archive regions: 0->0
[2024-02-23T09:05:20.802+0000][4616][gc,heap     ] GC(59) Humongous regions: 7->7
[2024-02-23T09:05:20.802+0000][4616][gc,metaspace] GC(59) Metaspace: 130815K(137024K)->130815K(137024K) NonClass: 113870K(117760K)->113870K(117760K) Class: 16945K(19264K)->16945K(19264K)
[2024-02-23T09:05:20.802+0000][4616][gc          ] GC(59) Pause Young (Normal) (G1 Evacuation Pause) 3162M->1002M(4040M) 81.388ms
[2024-02-23T09:05:20.802+0000][4616][gc,cpu      ] GC(59) User=0.28s Sys=0.31s Real=0.08s
[2024-02-23T09:05:20.803+0000][4616][safepoint   ] Safepoint "G1CollectForAllocation", Time since last: 1324021200 ns, Reaching safepoint: 231900 ns, At safepoint: 81654800 ns, Total: 81886700 ns
[2024-02-23T09:05:21.811+0000][4616][safepoint   ] Safepoint "Cleanup", Time since last: 1005740000 ns, Reaching safepoint: 2161000 ns, At safepoint: 12700 ns, Total: 2173700 ns
[2024-02-23T09:05:25.862+0000][4616][safepoint   ] Safepoint "Cleanup", Time since last: 4050297800 ns, Reaching safepoint: 134300 ns, At safepoint: 292600 ns, Total: 426900 ns
[2024-02-23T09:05:37.002+0000][4616][gc,start    ] GC(60) Pause Young (Normal) (G1 Evacuation Pause)
[2024-02-23T09:05:37.002+0000][4616][gc,task     ] GC(60) Using 8 workers of 8 for evacuation
[2024-02-23T09:05:37.002+0000][4616][gc,age      ] GC(60) Desired survivor size 155189248 bytes, new threshold 3 (max threshold 15)
[2024-02-23T09:05:37.092+0000][4616][gc,phases   ] GC(60)   Pre Evacuate Collection Set: 0.2ms
[2024-02-23T09:05:37.092+0000][4616][gc,phases   ] GC(60)   Merge Heap Roots: 0.2ms
[2024-02-23T09:05:37.092+0000][4616][gc,phases   ] GC(60)   Evacuate Collection Set: 88.7ms
[2024-02-23T09:05:37.092+0000][4616][gc,phases   ] GC(60)   Post Evacuate Collection Set: 1.0ms
[2024-02-23T09:05:37.092+0000][4616][gc,phases   ] GC(60)   Other: 0.3ms
[2024-02-23T09:05:37.092+0000][4616][gc,age      ] GC(60) Age table with threshold 3 (max threshold 15)
[2024-02-23T09:05:37.092+0000][4616][gc,age      ] GC(60) - age   1:   81501912 bytes,   81501912 total
[2024-02-23T09:05:37.092+0000][4616][gc,age      ] GC(60) - age   2:   64239968 bytes,  145741880 total
[2024-02-23T09:05:37.092+0000][4616][gc,age      ] GC(60) - age   3:   29075152 bytes,  174817032 total
[2024-02-23T09:05:37.092+0000][4616][gc,heap     ] GC(60) Eden regions: 541->0(532)
[2024-02-23T09:05:37.092+0000][4616][gc,heap     ] GC(60) Survivor regions: 49->45(74)
[2024-02-23T09:05:37.092+0000][4616][gc,heap     ] GC(60) Old regions: 195->207
[2024-02-23T09:05:37.092+0000][4616][gc,heap     ] GC(60) Archive regions: 0->0
[2024-02-23T09:05:37.092+0000][4616][gc,heap     ] GC(60) Humongous regions: 7->7
[2024-02-23T09:05:37.092+0000][4616][gc,metaspace] GC(60) Metaspace: 130825K(137024K)->130825K(137024K) NonClass: 113879K(117760K)->113879K(117760K) Class: 16945K(19264K)->16945K(19264K)
[2024-02-23T09:05:37.092+0000][4616][gc          ] GC(60) Pause Young (Normal) (G1 Evacuation Pause) 3166M->1030M(4040M) 91.108ms
[2024-02-23T09:05:37.092+0000][4616][gc,cpu      ] GC(60) User=0.08s Sys=0.23s Real=0.09s
[2024-02-23T09:05:37.092+0000][4616][safepoint   ] Safepoint "G1CollectForAllocation", Time since last: 11139517900 ns, Reaching safepoint: 71500 ns, At safepoint: 91403900 ns, Total: 91475400 ns
[2024-02-23T09:05:49.188+0000][4616][safepoint   ] Safepoint "Cleanup", Time since last: 12095351000 ns, Reaching safepoint: 88800 ns, At safepoint: 36600 ns, Total: 125400 ns
[2024-02-23T09:05:55.285+0000][4616][gc,start    ] GC(61) Pause Young (Normal) (G1 Evacuation Pause)
[2024-02-23T09:05:55.285+0000][4616][gc,task     ] GC(61) Using 8 workers of 8 for evacuation
[2024-02-23T09:05:55.285+0000][4616][gc,age      ] GC(61) Desired survivor size 153092096 bytes, new threshold 3 (max threshold 15)
[2024-02-23T09:05:55.361+0000][4616][gc,phases   ] GC(61)   Pre Evacuate Collection Set: 1.2ms
[2024-02-23T09:05:55.361+0000][4616][gc,phases   ] GC(61)   Merge Heap Roots: 0.5ms
[2024-02-23T09:05:55.361+0000][4616][gc,phases   ] GC(61)   Evacuate Collection Set: 63.3ms
[2024-02-23T09:05:55.361+0000][4616][gc,phases   ] GC(61)   Post Evacuate Collection Set: 1.1ms
[2024-02-23T09:05:55.361+0000][4616][gc,phases   ] GC(61)   Other: 1.2ms
[2024-02-23T09:05:55.361+0000][4616][gc,age      ] GC(61) Age table with threshold 3 (max threshold 15)
[2024-02-23T09:05:55.361+0000][4616][gc,age      ] GC(61) - age   1:   69155984 bytes,   69155984 total
[2024-02-23T09:05:55.361+0000][4616][gc,age      ] GC(61) - age   2:   65383304 bytes,  134539288 total
[2024-02-23T09:05:55.361+0000][4616][gc,age      ] GC(61) - age   3:   43919344 bytes,  178458632 total
[2024-02-23T09:05:55.361+0000][4616][gc,heap     ] GC(61) Eden regions: 532->0(529)
[2024-02-23T09:05:55.361+0000][4616][gc,heap     ] GC(61) Survivor regions: 45->45(73)
[2024-02-23T09:05:55.361+0000][4616][gc,heap     ] GC(61) Old regions: 207->211
[2024-02-23T09:05:55.361+0000][4616][gc,heap     ] GC(61) Archive regions: 0->0
[2024-02-23T09:05:55.361+0000][4616][gc,heap     ] GC(61) Humongous regions: 7->7
[2024-02-23T09:05:55.361+0000][4616][gc,metaspace] GC(61) Metaspace: 130829K(137024K)->130829K(137024K) NonClass: 113883K(117760K)->113883K(117760K) Class: 16945K(19264K)->16945K(19264K)
[2024-02-23T09:05:55.361+0000][4616][gc          ] GC(61) Pause Young (Normal) (G1 Evacuation Pause) 3158M->1050M(4040M) 67.650ms
[2024-02-23T09:05:55.361+0000][4616][gc,cpu      ] GC(61) User=0.23s Sys=0.05s Real=0.08s
[2024-02-23T09:05:55.361+0000][4616][safepoint   ] Safepoint "G1CollectForAllocation", Time since last: 6107910900 ns, Reaching safepoint: 149500 ns, At safepoint: 67836000 ns, Total: 67985500 ns
[2024-02-23T09:06:10.485+0000][4616][safepoint   ] Safepoint "Cleanup", Time since last: 15120404800 ns, Reaching safepoint: 113500 ns, At safepoint: 16200 ns, Total: 129700 ns
[2024-02-23T09:06:10.813+0000][4616][gc,start    ] GC(62) Pause Young (Normal) (G1 Evacuation Pause)
[2024-02-23T09:06:10.813+0000][4616][gc,task     ] GC(62) Using 8 workers of 8 for evacuation
[2024-02-23T09:06:10.813+0000][4616][gc,age      ] GC(62) Desired survivor size 150994944 bytes, new threshold 3 (max threshold 15)
[2024-02-23T09:06:10.877+0000][4616][gc,phases   ] GC(62)   Pre Evacuate Collection Set: 0.2ms
[2024-02-23T09:06:10.877+0000][4616][gc,phases   ] GC(62)   Merge Heap Roots: 0.2ms
[2024-02-23T09:06:10.877+0000][4616][gc,phases   ] GC(62)   Evacuate Collection Set: 66.9ms
[2024-02-23T09:06:10.877+0000][4616][gc,phases   ] GC(62)   Post Evacuate Collection Set: 1.1ms
[2024-02-23T09:06:10.877+0000][4616][gc,phases   ] GC(62)   Other: 0.2ms
[2024-02-23T09:06:10.877+0000][4616][gc,age      ] GC(62) Age table with threshold 3 (max threshold 15)
[2024-02-23T09:06:10.877+0000][4616][gc,age      ] GC(62) - age   1:   87740272 bytes,   87740272 total
[2024-02-23T09:06:10.877+0000][4616][gc,age      ] GC(62) - age   2:   53247008 bytes,  140987280 total
[2024-02-23T09:06:10.877+0000][4616][gc,age      ] GC(62) - age   3:   41279736 bytes,  182267016 total
[2024-02-23T09:06:10.877+0000][4616][gc,heap     ] GC(62) Eden regions: 529->0(520)
[2024-02-23T09:06:10.877+0000][4616][gc,heap     ] GC(62) Survivor regions: 45->46(72)
[2024-02-23T09:06:10.877+0000][4616][gc,heap     ] GC(62) Old regions: 211->218
[2024-02-23T09:06:10.877+0000][4616][gc,heap     ] GC(62) Archive regions: 0->0
[2024-02-23T09:06:10.877+0000][4616][gc,heap     ] GC(62) Humongous regions: 7->7
[2024-02-23T09:06:10.877+0000][4616][gc,metaspace] GC(62) Metaspace: 130830K(137024K)->130830K(137024K) NonClass: 113885K(117760K)->113885K(117760K) Class: 16945K(19264K)->16945K(19264K)
[2024-02-23T09:06:10.877+0000][4616][gc          ] GC(62) Pause Young (Normal) (G1 Evacuation Pause) 3166M->1079M(4040M) 69.214ms
[2024-02-23T09:06:10.877+0000][4616][gc,cpu      ] GC(62) User=0.19s Sys=0.08s Real=0.06s
[2024-02-23T09:06:10.877+0000][4616][safepoint   ] Safepoint "G1CollectForAllocation", Time since last: 327967200 ns, Reaching safepoint: 126900 ns, At safepoint: 69670300 ns, Total: 69797200 ns
[2024-02-23T09:06:21.938+0000][4616][safepoint   ] Safepoint "Cleanup", Time since last: 11055492600 ns, Reaching safepoint: 165300 ns, At safepoint: 31100 ns, Total: 196400 ns
[2024-02-23T09:06:29.472+0000][4616][gc,start    ] GC(63) Pause Young (Normal) (G1 Evacuation Pause)
[2024-02-23T09:06:29.472+0000][4616][gc,task     ] GC(63) Using 8 workers of 8 for evacuation
[2024-02-23T09:06:29.472+0000][4616][gc,age      ] GC(63) Desired survivor size 148897792 bytes, new threshold 3 (max threshold 15)
[2024-02-23T09:06:29.543+0000][4616][gc,phases   ] GC(63)   Pre Evacuate Collection Set: 0.3ms
[2024-02-23T09:06:29.543+0000][4616][gc,phases   ] GC(63)   Merge Heap Roots: 0.4ms
[2024-02-23T09:06:29.543+0000][4616][gc,phases   ] GC(63)   Evacuate Collection Set: 69.3ms
[2024-02-23T09:06:29.543+0000][4616][gc,phases   ] GC(63)   Post Evacuate Collection Set: 0.9ms
[2024-02-23T09:06:29.543+0000][4616][gc,phases   ] GC(63)   Other: 0.3ms
[2024-02-23T09:06:29.543+0000][4616][gc,age      ] GC(63) Age table with threshold 3 (max threshold 15)
[2024-02-23T09:06:29.543+0000][4616][gc,age      ] GC(63) - age   1:   75843632 bytes,   75843632 total
[2024-02-23T09:06:29.543+0000][4616][gc,age      ] GC(63) - age   2:   72049904 bytes,  147893536 total
[2024-02-23T09:06:29.543+0000][4616][gc,age      ] GC(63) - age   3:   35160992 bytes,  183054528 total
[2024-02-23T09:06:29.543+0000][4616][gc,heap     ] GC(63) Eden regions: 520->0(513)
[2024-02-23T09:06:29.543+0000][4616][gc,heap     ] GC(63) Survivor regions: 46->46(71)
[2024-02-23T09:06:29.543+0000][4616][gc,heap     ] GC(63) Old regions: 218->225
[2024-02-23T09:06:29.543+0000][4616][gc,heap     ] GC(63) Archive regions: 0->0
[2024-02-23T09:06:29.543+0000][4616][gc,heap     ] GC(63) Humongous regions: 8->8
[2024-02-23T09:06:29.543+0000][4616][gc,metaspace] GC(63) Metaspace: 130830K(137024K)->130830K(137024K) NonClass: 113885K(117760K)->113885K(117760K) Class: 16945K(19264K)->16945K(19264K)
[2024-02-23T09:06:29.543+0000][4616][gc          ] GC(63) Pause Young (Normal) (G1 Evacuation Pause) 3163M->1110M(4040M) 71.755ms
[2024-02-23T09:06:29.543+0000][4616][gc,cpu      ] GC(63) User=0.20s Sys=0.11s Real=0.07s
[2024-02-23T09:06:29.543+0000][4616][safepoint   ] Safepoint "G1CollectForAllocation", Time since last: 7534879500 ns, Reaching safepoint: 210000 ns, At safepoint: 71952100 ns, Total: 72162100 ns
[2024-02-23T09:06:41.628+0000][4616][safepoint   ] Safepoint "Cleanup", Time since last: 12082380900 ns, Reaching safepoint: 108600 ns, At safepoint: 11000 ns, Total: 119600 ns
[2024-02-23T09:06:44.643+0000][4616][safepoint   ] Safepoint "Cleanup", Time since last: 3012863500 ns, Reaching safepoint: 2203400 ns, At safepoint: 1378700 ns, Total: 3582100 ns
[2024-02-23T09:06:45.364+0000][4616][gc,start    ] GC(64) Pause Young (Normal) (G1 Evacuation Pause)
[2024-02-23T09:06:45.364+0000][4616][gc,task     ] GC(64) Using 8 workers of 8 for evacuation
[2024-02-23T09:06:45.364+0000][4616][gc,age      ] GC(64) Desired survivor size 146800640 bytes, new threshold 2 (max threshold 15)
[2024-02-23T09:06:45.479+0000][4616][gc,phases   ] GC(64)   Pre Evacuate Collection Set: 0.2ms
[2024-02-23T09:06:45.479+0000][4616][gc,phases   ] GC(64)   Merge Heap Roots: 0.2ms
[2024-02-23T09:06:45.479+0000][4616][gc,phases   ] GC(64)   Evacuate Collection Set: 107.4ms
[2024-02-23T09:06:45.479+0000][4616][gc,phases   ] GC(64)   Post Evacuate Collection Set: 0.9ms
[2024-02-23T09:06:45.479+0000][4616][gc,phases   ] GC(64)   Other: 0.3ms
[2024-02-23T09:06:45.479+0000][4616][gc,age      ] GC(64) Age table with threshold 2 (max threshold 15)
[2024-02-23T09:06:45.479+0000][4616][gc,age      ] GC(64) - age   1:   72043152 bytes,   72043152 total
[2024-02-23T09:06:45.479+0000][4616][gc,age      ] GC(64) - age   2:   61531264 bytes,  133574416 total
[2024-02-23T09:06:45.479+0000][4616][gc,heap     ] GC(64) Eden regions: 513->0(507)
[2024-02-23T09:06:45.479+0000][4616][gc,heap     ] GC(64) Survivor regions: 46->34(70)
[2024-02-23T09:06:45.479+0000][4616][gc,heap     ] GC(64) Old regions: 225->243
[2024-02-23T09:06:45.479+0000][4616][gc,heap     ] GC(64) Archive regions: 0->0
[2024-02-23T09:06:45.479+0000][4616][gc,heap     ] GC(64) Humongous regions: 9->9
[2024-02-23T09:06:45.479+0000][4616][gc,metaspace] GC(64) Metaspace: 130830K(137024K)->130830K(137024K) NonClass: 113885K(117760K)->113885K(117760K) Class: 16945K(19264K)->16945K(19264K)
[2024-02-23T09:06:45.479+0000][4616][gc          ] GC(64) Pause Young (Normal) (G1 Evacuation Pause) 3166M->1142M(4040M) 109.457ms
[2024-02-23T09:06:45.479+0000][4616][gc,cpu      ] GC(64) User=0.05s Sys=0.25s Real=0.12s
[2024-02-23T09:06:45.479+0000][4616][safepoint   ] Safepoint "G1CollectForAllocation", Time since last: 725498500 ns, Reaching safepoint: 123100 ns, At safepoint: 109917000 ns, Total: 110040100 ns
[2024-02-23T09:07:00.709+0000][4616][gc,start    ] GC(65) Pause Young (Normal) (G1 Evacuation Pause)
[2024-02-23T09:07:00.709+0000][4616][gc,task     ] GC(65) Using 8 workers of 8 for evacuation
[2024-02-23T09:07:00.709+0000][4616][gc,age      ] GC(65) Desired survivor size 142606336 bytes, new threshold 15 (max threshold 15)
[2024-02-23T09:07:00.748+0000][4616][gc,phases   ] GC(65)   Pre Evacuate Collection Set: 0.1ms
[2024-02-23T09:07:00.748+0000][4616][gc,phases   ] GC(65)   Merge Heap Roots: 0.2ms
[2024-02-23T09:07:00.748+0000][4616][gc,phases   ] GC(65)   Evacuate Collection Set: 37.1ms
[2024-02-23T09:07:00.748+0000][4616][gc,phases   ] GC(65)   Post Evacuate Collection Set: 1.3ms
[2024-02-23T09:07:00.748+0000][4616][gc,phases   ] GC(65)   Other: 0.2ms
[2024-02-23T09:07:00.748+0000][4616][gc,age      ] GC(65) Age table with threshold 15 (max threshold 15)
[2024-02-23T09:07:00.748+0000][4616][gc,age      ] GC(65) - age   1:   73776464 bytes,   73776464 total
[2024-02-23T09:07:00.748+0000][4616][gc,age      ] GC(65) - age   2:   56488448 bytes,  130264912 total
[2024-02-23T09:07:00.748+0000][4616][gc,age      ] GC(65) - age   3:   45887680 bytes,  176152592 total
[2024-02-23T09:07:00.748+0000][4616][gc,heap     ] GC(65) Eden regions: 507->0(498)
[2024-02-23T09:07:00.748+0000][4616][gc,heap     ] GC(65) Survivor regions: 34->44(68)
[2024-02-23T09:07:00.748+0000][4616][gc,heap     ] GC(65) Old regions: 243->243
[2024-02-23T09:07:00.748+0000][4616][gc,heap     ] GC(65) Archive regions: 0->0
[2024-02-23T09:07:00.748+0000][4616][gc,heap     ] GC(65) Humongous regions: 9->9
[2024-02-23T09:07:00.748+0000][4616][gc,metaspace] GC(65) Metaspace: 130833K(137024K)->130833K(137024K) NonClass: 113887K(117760K)->113887K(117760K) Class: 16946K(19264K)->16946K(19264K)
[2024-02-23T09:07:00.748+0000][4616][gc          ] GC(65) Pause Young (Normal) (G1 Evacuation Pause) 3170M->1179M(4040M) 39.400ms
[2024-02-23T09:07:00.748+0000][4616][gc,cpu      ] GC(65) User=0.31s Sys=0.00s Real=0.04s
[2024-02-23T09:07:00.749+0000][4616][safepoint   ] Safepoint "G1CollectForAllocation", Time since last: 15229561100 ns, Reaching safepoint: 99800 ns, At safepoint: 39590000 ns, Total: 39689800 ns
[2024-02-23T09:07:06.802+0000][4616][safepoint   ] Safepoint "Cleanup", Time since last: 6052734700 ns, Reaching safepoint: 173400 ns, At safepoint: 44800 ns, Total: 218200 ns
[2024-02-23T09:07:07.803+0000][4616][safepoint   ] Safepoint "Cleanup", Time since last: 1000312400 ns, Reaching safepoint: 149500 ns, At safepoint: 139500 ns, Total: 289000 ns
[2024-02-23T09:07:10.839+0000][4616][safepoint   ] Safepoint "Cleanup", Time since last: 3035658200 ns, Reaching safepoint: 174200 ns, At safepoint: 17700 ns, Total: 191900 ns
[2024-02-23T09:07:16.934+0000][4616][gc,start    ] GC(66) Pause Young (Normal) (G1 Evacuation Pause)
[2024-02-23T09:07:16.934+0000][4616][gc,task     ] GC(66) Using 8 workers of 8 for evacuation
[2024-02-23T09:07:16.934+0000][4616][gc,age      ] GC(66) Desired survivor size 142606336 bytes, new threshold 3 (max threshold 15)
[2024-02-23T09:07:17.012+0000][4616][gc,phases   ] GC(66)   Pre Evacuate Collection Set: 0.2ms
[2024-02-23T09:07:17.012+0000][4616][gc,phases   ] GC(66)   Merge Heap Roots: 0.3ms
[2024-02-23T09:07:17.012+0000][4616][gc,phases   ] GC(66)   Evacuate Collection Set: 67.1ms
[2024-02-23T09:07:17.012+0000][4616][gc,phases   ] GC(66)   Post Evacuate Collection Set: 1.0ms
[2024-02-23T09:07:17.012+0000][4616][gc,phases   ] GC(66)   Other: 0.9ms
[2024-02-23T09:07:17.012+0000][4616][gc,age      ] GC(66) Age table with threshold 3 (max threshold 15)
[2024-02-23T09:07:17.012+0000][4616][gc,age      ] GC(66) - age   1:   84097984 bytes,   84097984 total
[2024-02-23T09:07:17.012+0000][4616][gc,age      ] GC(66) - age   2:   61434672 bytes,  145532656 total
[2024-02-23T09:07:17.012+0000][4616][gc,age      ] GC(66) - age   3:   38771296 bytes,  184303952 total
[2024-02-23T09:07:17.012+0000][4616][gc,heap     ] GC(66) Eden regions: 498->0(485)
[2024-02-23T09:07:17.012+0000][4616][gc,heap     ] GC(66) Survivor regions: 44->47(68)
[2024-02-23T09:07:17.012+0000][4616][gc,heap     ] GC(66) Old regions: 243->251
[2024-02-23T09:07:17.012+0000][4616][gc,heap     ] GC(66) Archive regions: 0->0
[2024-02-23T09:07:17.012+0000][4616][gc,heap     ] GC(66) Humongous regions: 11->11
[2024-02-23T09:07:17.012+0000][4616][gc,metaspace] GC(66) Metaspace: 130842K(137024K)->130842K(137024K) NonClass: 113896K(117760K)->113896K(117760K) Class: 16946K(19264K)->16946K(19264K)
[2024-02-23T09:07:17.012+0000][4616][gc          ] GC(66) Pause Young (Normal) (G1 Evacuation Pause) 3179M->1229M(4040M) 69.755ms
[2024-02-23T09:07:17.012+0000][4616][gc,cpu      ] GC(66) User=0.20s Sys=0.19s Real=0.08s
[2024-02-23T09:07:17.012+0000][4616][safepoint   ] Safepoint "G1CollectForAllocation", Time since last: 6106253900 ns, Reaching safepoint: 179100 ns, At safepoint: 69933800 ns, Total: 70112900 ns
[2024-02-23T09:07:23.071+0000][4616][safepoint   ] Safepoint "Cleanup", Time since last: 6056297700 ns, Reaching safepoint: 55000 ns, At safepoint: 69000 ns, Total: 124000 ns
[2024-02-23T09:07:26.112+0000][4616][safepoint   ] Safepoint "Cleanup", Time since last: 3040203600 ns, Reaching safepoint: 234600 ns, At safepoint: 60200 ns, Total: 294800 ns
[2024-02-23T09:07:32.961+0000][4616][safepoint   ] Safepoint "G1CollectForAllocation", Time since last: 6849571400 ns, Reaching safepoint: 250300 ns, At safepoint: 109900 ns, Total: 360200 ns
[2024-02-23T09:07:32.961+0000][4616][gc,start    ] GC(67) Pause Young (Normal) (GCLocker Initiated GC)
[2024-02-23T09:07:32.961+0000][4616][gc,task     ] GC(67) Using 8 workers of 8 for evacuation
[2024-02-23T09:07:32.961+0000][4616][gc,age      ] GC(67) Desired survivor size 140509184 bytes, new threshold 2 (max threshold 15)
[2024-02-23T09:07:33.098+0000][4616][gc,phases   ] GC(67)   Pre Evacuate Collection Set: 0.4ms
[2024-02-23T09:07:33.098+0000][4616][gc,phases   ] GC(67)   Merge Heap Roots: 0.6ms
[2024-02-23T09:07:33.098+0000][4616][gc,phases   ] GC(67)   Evacuate Collection Set: 138.0ms
[2024-02-23T09:07:33.098+0000][4616][gc,phases   ] GC(67)   Post Evacuate Collection Set: 0.9ms
[2024-02-23T09:07:33.098+0000][4616][gc,phases   ] GC(67)   Other: 1.1ms
[2024-02-23T09:07:33.098+0000][4616][gc,age      ] GC(67) Age table with threshold 2 (max threshold 15)
[2024-02-23T09:07:33.098+0000][4616][gc,age      ] GC(67) - age   1:   75452592 bytes,   75452592 total
[2024-02-23T09:07:33.098+0000][4616][gc,age      ] GC(67) - age   2:   67257272 bytes,  142709864 total
[2024-02-23T09:07:33.098+0000][4616][gc,heap     ] GC(67) Eden regions: 485->0(477)
[2024-02-23T09:07:33.098+0000][4616][gc,heap     ] GC(67) Survivor regions: 47->37(67)
[2024-02-23T09:07:33.098+0000][4616][gc,heap     ] GC(67) Old regions: 251->269
[2024-02-23T09:07:33.098+0000][4616][gc,heap     ] GC(67) Archive regions: 0->0
[2024-02-23T09:07:33.098+0000][4616][gc,heap     ] GC(67) Humongous regions: 12->12
[2024-02-23T09:07:33.098+0000][4616][gc,metaspace] GC(67) Metaspace: 130842K(137024K)->130842K(137024K) NonClass: 113896K(117760K)->113896K(117760K) Class: 16946K(19264K)->16946K(19264K)
[2024-02-23T09:07:33.098+0000][4616][gc          ] GC(67) Pause Young (Normal) (GCLocker Initiated GC) 3173M->1266M(4040M) 141.486ms
[2024-02-23T09:07:33.098+0000][4616][gc,cpu      ] GC(67) User=0.25s Sys=0.42s Real=0.14s
[2024-02-23T09:07:33.098+0000][4616][safepoint   ] Safepoint "G1CollectForAllocation", Time since last: 275200 ns, Reaching safepoint: 207100 ns, At safepoint: 141666900 ns, Total: 141874000 ns
[2024-02-23T09:07:48.453+0000][4616][gc,start    ] GC(68) Pause Young (Normal) (G1 Evacuation Pause)
[2024-02-23T09:07:48.453+0000][4616][gc,task     ] GC(68) Using 8 workers of 8 for evacuation
[2024-02-23T09:07:48.453+0000][4616][gc,age      ] GC(68) Desired survivor size 136314880 bytes, new threshold 2 (max threshold 15)
[2024-02-23T09:07:48.560+0000][4616][gc,phases   ] GC(68)   Pre Evacuate Collection Set: 0.4ms
[2024-02-23T09:07:48.561+0000][4616][gc,phases   ] GC(68)   Merge Heap Roots: 0.5ms
[2024-02-23T09:07:48.561+0000][4616][gc,phases   ] GC(68)   Evacuate Collection Set: 97.8ms
[2024-02-23T09:07:48.561+0000][4616][gc,phases   ] GC(68)   Post Evacuate Collection Set: 0.8ms
[2024-02-23T09:07:48.561+0000][4616][gc,phases   ] GC(68)   Other: 0.4ms
[2024-02-23T09:07:48.561+0000][4616][gc,age      ] GC(68) Age table with threshold 2 (max threshold 15)
[2024-02-23T09:07:48.561+0000][4616][gc,age      ] GC(68) - age   1:   64673656 bytes,   64673656 total
[2024-02-23T09:07:48.561+0000][4616][gc,age      ] GC(68) - age   2:   62194816 bytes,  126868472 total
[2024-02-23T09:07:48.561+0000][4616][gc,heap     ] GC(68) Eden regions: 477->0(469)
[2024-02-23T09:07:48.561+0000][4616][gc,heap     ] GC(68) Survivor regions: 37->33(65)
[2024-02-23T09:07:48.561+0000][4616][gc,heap     ] GC(68) Old regions: 269->282
[2024-02-23T09:07:48.561+0000][4616][gc,heap     ] GC(68) Archive regions: 0->0
[2024-02-23T09:07:48.561+0000][4616][gc,heap     ] GC(68) Humongous regions: 13->13
[2024-02-23T09:07:48.561+0000][4616][gc,metaspace] GC(68) Metaspace: 130842K(137024K)->130842K(137024K) NonClass: 113896K(117760K)->113896K(117760K) Class: 16946K(19264K)->16946K(19264K)
[2024-02-23T09:07:48.561+0000][4616][gc          ] GC(68) Pause Young (Normal) (G1 Evacuation Pause) 3178M->1309M(4040M) 100.340ms
[2024-02-23T09:07:48.561+0000][4616][gc,cpu      ] GC(68) User=0.09s Sys=0.17s Real=0.11s
[2024-02-23T09:07:48.561+0000][4616][safepoint   ] Safepoint "G1CollectForAllocation", Time since last: 15356173900 ns, Reaching safepoint: 176000 ns, At safepoint: 100522600 ns, Total: 100698600 ns
[2024-02-23T09:08:02.469+0000][4616][gc,start    ] GC(69) Pause Young (Normal) (G1 Evacuation Pause)
[2024-02-23T09:08:02.469+0000][4616][gc,task     ] GC(69) Using 8 workers of 8 for evacuation
[2024-02-23T09:08:02.469+0000][4616][gc,age      ] GC(69) Desired survivor size 132120576 bytes, new threshold 15 (max threshold 15)
[2024-02-23T09:08:02.507+0000][4616][gc,phases   ] GC(69)   Pre Evacuate Collection Set: 0.4ms
[2024-02-23T09:08:02.507+0000][4616][gc,phases   ] GC(69)   Merge Heap Roots: 0.4ms
[2024-02-23T09:08:02.507+0000][4616][gc,phases   ] GC(69)   Evacuate Collection Set: 35.4ms
[2024-02-23T09:08:02.507+0000][4616][gc,phases   ] GC(69)   Post Evacuate Collection Set: 2.1ms
[2024-02-23T09:08:02.507+0000][4616][gc,phases   ] GC(69)   Other: 0.4ms
[2024-02-23T09:08:02.507+0000][4616][gc,age      ] GC(69) Age table with threshold 15 (max threshold 15)
[2024-02-23T09:08:02.507+0000][4616][gc,age      ] GC(69) - age   1:   70197272 bytes,   70197272 total
[2024-02-23T09:08:02.507+0000][4616][gc,age      ] GC(69) - age   2:   51003016 bytes,  121200288 total
[2024-02-23T09:08:02.507+0000][4616][gc,age      ] GC(69) - age   3:   48306240 bytes,  169506528 total
[2024-02-23T09:08:02.507+0000][4616][gc,heap     ] GC(69) Eden regions: 469->0(459)
[2024-02-23T09:08:02.507+0000][4616][gc,heap     ] GC(69) Survivor regions: 33->43(63)
[2024-02-23T09:08:02.507+0000][4616][gc,heap     ] GC(69) Old regions: 282->282
[2024-02-23T09:08:02.507+0000][4616][gc,heap     ] GC(69) Archive regions: 0->0
[2024-02-23T09:08:02.507+0000][4616][gc,heap     ] GC(69) Humongous regions: 14->14
[2024-02-23T09:08:02.507+0000][4616][gc,metaspace] GC(69) Metaspace: 130842K(137024K)->130842K(137024K) NonClass: 113896K(117760K)->113896K(117760K) Class: 16946K(19264K)->16946K(19264K)
[2024-02-23T09:08:02.507+0000][4616][gc          ] GC(69) Pause Young (Normal) (G1 Evacuation Pause) 3189M->1354M(4040M) 39.990ms
[2024-02-23T09:08:02.507+0000][4616][gc,cpu      ] GC(69) User=0.27s Sys=0.00s Real=0.04s
[2024-02-23T09:08:02.507+0000][4616][safepoint   ] Safepoint "G1CollectForAllocation", Time since last: 13908192300 ns, Reaching safepoint: 145300 ns, At safepoint: 40386300 ns, Total: 40531600 ns
[2024-02-23T09:08:08.537+0000][4616][safepoint   ] Safepoint "Cleanup", Time since last: 6027188700 ns, Reaching safepoint: 730100 ns, At safepoint: 75400 ns, Total: 805500 ns
[2024-02-23T09:08:10.551+0000][4616][safepoint   ] Safepoint "Cleanup", Time since last: 2012897000 ns, Reaching safepoint: 208600 ns, At safepoint: 45600 ns, Total: 254200 ns
[2024-02-23T09:08:17.661+0000][4616][safepoint   ] Safepoint "Cleanup", Time since last: 7066821400 ns, Reaching safepoint: 8323000 ns, At safepoint: 34836400 ns, Total: 43159400 ns
[2024-02-23T09:08:19.854+0000][4616][gc,start    ] GC(70) Pause Young (Normal) (G1 Evacuation Pause)
[2024-02-23T09:08:19.855+0000][4616][gc,task     ] GC(70) Using 8 workers of 8 for evacuation
[2024-02-23T09:08:19.855+0000][4616][gc,age      ] GC(70) Desired survivor size 132120576 bytes, new threshold 3 (max threshold 15)
[2024-02-23T09:08:20.122+0000][4616][gc,mmu      ] GC(70) MMU target violated: 201.0ms (200.0ms/201.0ms)
[2024-02-23T09:08:20.122+0000][4616][gc,phases   ] GC(70)   Pre Evacuate Collection Set: 0.7ms
[2024-02-23T09:08:20.122+0000][4616][gc,phases   ] GC(70)   Merge Heap Roots: 0.8ms
[2024-02-23T09:08:20.123+0000][4616][gc,phases   ] GC(70)   Evacuate Collection Set: 260.7ms
[2024-02-23T09:08:20.123+0000][4616][gc,phases   ] GC(70)   Post Evacuate Collection Set: 3.4ms
[2024-02-23T09:08:20.123+0000][4616][gc,phases   ] GC(70)   Other: 1.2ms
[2024-02-23T09:08:20.123+0000][4616][gc,age      ] GC(70) Age table with threshold 3 (max threshold 15)
[2024-02-23T09:08:20.123+0000][4616][gc,age      ] GC(70) - age   1:   77713792 bytes,   77713792 total
[2024-02-23T09:08:20.123+0000][4616][gc,age      ] GC(70) - age   2:   56467880 bytes,  134181672 total
[2024-02-23T09:08:20.123+0000][4616][gc,age      ] GC(70) - age   3:   43876624 bytes,  178058296 total
[2024-02-23T09:08:20.123+0000][4616][gc,heap     ] GC(70) Eden regions: 459->0(423)
[2024-02-23T09:08:20.123+0000][4616][gc,heap     ] GC(70) Survivor regions: 43->45(63)
[2024-02-23T09:08:20.124+0000][4616][gc,heap     ] GC(70) Old regions: 282->291
[2024-02-23T09:08:20.124+0000][4616][gc,heap     ] GC(70) Archive regions: 0->0
[2024-02-23T09:08:20.124+0000][4616][gc,heap     ] GC(70) Humongous regions: 15->15
[2024-02-23T09:08:20.124+0000][4616][gc,metaspace] GC(70) Metaspace: 130844K(137024K)->130844K(137024K) NonClass: 113898K(117760K)->113898K(117760K) Class: 16946K(19264K)->16946K(19264K)
[2024-02-23T09:08:20.124+0000][4616][gc          ] GC(70) Pause Young (Normal) (G1 Evacuation Pause) 3194M->1397M(4040M) 269.293ms
[2024-02-23T09:08:20.124+0000][4616][gc,cpu      ] GC(70) User=0.33s Sys=0.64s Real=0.27s
[2024-02-23T09:08:20.125+0000][4616][safepoint   ] Safepoint "G1CollectForAllocation", Time since last: 2194160100 ns, Reaching safepoint: 173600 ns, At safepoint: 270186700 ns, Total: 270360300 ns
[2024-02-23T09:08:21.138+0000][4616][safepoint   ] Safepoint "Cleanup", Time since last: 1012828600 ns, Reaching safepoint: 64800 ns, At safepoint: 21200 ns, Total: 86000 ns
[2024-02-23T09:08:22.139+0000][4616][safepoint   ] Safepoint "Cleanup", Time since last: 1000357500 ns, Reaching safepoint: 128200 ns, At safepoint: 58500 ns, Total: 186700 ns
[2024-02-23T09:08:32.389+0000][4616][gc,start    ] GC(71) Pause Young (Concurrent Start) (G1 Evacuation Pause)
[2024-02-23T09:08:32.389+0000][4616][gc,task     ] GC(71) Using 8 workers of 8 for evacuation
[2024-02-23T09:08:32.389+0000][4616][gc,age      ] GC(71) Desired survivor size 123731968 bytes, new threshold 2 (max threshold 15)
[2024-02-23T09:08:32.735+0000][4616][gc,mmu      ] GC(71) MMU target violated: 201.0ms (200.0ms/201.0ms)
[2024-02-23T09:08:32.735+0000][4616][gc,phases   ] GC(71)   Pre Evacuate Collection Set: 47.9ms
[2024-02-23T09:08:32.735+0000][4616][gc,phases   ] GC(71)   Merge Heap Roots: 0.2ms
[2024-02-23T09:08:32.735+0000][4616][gc,phases   ] GC(71)   Evacuate Collection Set: 214.6ms
[2024-02-23T09:08:32.735+0000][4616][gc,phases   ] GC(71)   Post Evacuate Collection Set: 0.9ms
[2024-02-23T09:08:32.735+0000][4616][gc,phases   ] GC(71)   Other: 79.2ms
[2024-02-23T09:08:32.735+0000][4616][gc,age      ] GC(71) Age table with threshold 2 (max threshold 15)
[2024-02-23T09:08:32.735+0000][4616][gc,age      ] GC(71) - age   1:   59574416 bytes,   59574416 total
[2024-02-23T09:08:32.735+0000][4616][gc,age      ] GC(71) - age   2:   66024800 bytes,  125599216 total
[2024-02-23T09:08:32.735+0000][4616][gc,heap     ] GC(71) Eden regions: 423->0(121)
[2024-02-23T09:08:32.735+0000][4616][gc,heap     ] GC(71) Survivor regions: 45->32(59)
[2024-02-23T09:08:32.735+0000][4616][gc,heap     ] GC(71) Old regions: 291->311
[2024-02-23T09:08:32.735+0000][4616][gc,heap     ] GC(71) Archive regions: 0->0
[2024-02-23T09:08:32.735+0000][4616][gc,heap     ] GC(71) Humongous regions: 15->15
[2024-02-23T09:08:32.735+0000][4616][gc,metaspace] GC(71) Metaspace: 130846K(137024K)->130846K(137024K) NonClass: 113899K(117760K)->113899K(117760K) Class: 16946K(19264K)->16946K(19264K)
[2024-02-23T09:08:32.735+0000][4616][gc          ] GC(71) Pause Young (Concurrent Start) (G1 Evacuation Pause) 3089M->1428M(4040M) 343.303ms
[2024-02-23T09:08:32.735+0000][4616][gc,cpu      ] GC(71) User=0.11s Sys=0.62s Real=0.35s
[2024-02-23T09:08:32.736+0000][4616][safepoint   ] Safepoint "G1CollectForAllocation", Time since last: 10253817200 ns, Reaching safepoint: 123700 ns, At safepoint: 343506500 ns, Total: 343630200 ns
[2024-02-23T09:08:32.736+0000][4616][gc          ] GC(72) Concurrent Mark Cycle
[2024-02-23T09:08:32.737+0000][4616][gc,marking  ] GC(72) Concurrent Clear Claimed Marks
[2024-02-23T09:08:32.737+0000][4616][gc,marking  ] GC(72) Concurrent Clear Claimed Marks 0.134ms
[2024-02-23T09:08:32.737+0000][4616][gc,marking  ] GC(72) Concurrent Scan Root Regions
[2024-02-23T09:08:32.861+0000][4616][gc,marking  ] GC(72) Concurrent Scan Root Regions 124.072ms
[2024-02-23T09:08:32.862+0000][4616][gc,marking  ] GC(72) Concurrent Mark
[2024-02-23T09:08:32.862+0000][4616][gc,marking  ] GC(72) Concurrent Mark From Roots
[2024-02-23T09:08:32.862+0000][4616][gc,task     ] GC(72) Using 2 workers of 2 for marking
[2024-02-23T09:08:33.790+0000][4616][gc,marking  ] GC(72) Concurrent Mark From Roots 935.211ms
[2024-02-23T09:08:33.790+0000][4616][gc,marking  ] GC(72) Concurrent Preclean
[2024-02-23T09:08:33.790+0000][4616][gc,marking  ] GC(72) Concurrent Preclean 0.966ms
[2024-02-23T09:08:33.790+0000][4616][gc,start    ] GC(72) Pause Remark
[2024-02-23T09:08:35.790+0000][4616][gc,mmu      ] GC(72) MMU target violated: 201.0ms (200.0ms/201.0ms)
[2024-02-23T09:08:35.790+0000][4616][gc          ] GC(72) Pause Remark 1526M->1474M(4040M) 1993.987ms
[2024-02-23T09:08:35.790+0000][4616][gc,cpu      ] GC(72) User=0.16s Sys=0.97s Real=2.00s
[2024-02-23T09:08:35.793+0000][4616][safepoint   ] Safepoint "G1Concurrent", Time since last: 1061723000 ns, Reaching safepoint: 104800 ns, At safepoint: 1995142600 ns, Total: 1995247400 ns
[2024-02-23T09:08:35.793+0000][4616][gc,marking  ] GC(72) Concurrent Mark 2931.666ms
[2024-02-23T09:08:35.793+0000][4616][gc,marking  ] GC(72) Concurrent Rebuild Remembered Sets
[2024-02-23T09:08:36.177+0000][4616][gc,marking  ] GC(72) Concurrent Rebuild Remembered Sets 394.475ms
[2024-02-23T09:08:36.209+0000][4616][gc,start    ] GC(72) Pause Cleanup
[2024-02-23T09:08:36.209+0000][4616][gc          ] GC(72) Pause Cleanup 1504M->1504M(4040M) 1.010ms
[2024-02-23T09:08:36.209+0000][4616][gc,cpu      ] GC(72) User=0.00s Sys=0.00s Real=0.00s
[2024-02-23T09:08:36.209+0000][4616][safepoint   ] Safepoint "G1Concurrent", Time since last: 394741300 ns, Reaching safepoint: 20840800 ns, At safepoint: 1166800 ns, Total: 22007600 ns
[2024-02-23T09:08:36.209+0000][4616][gc,marking  ] GC(72) Concurrent Cleanup for Next Mark
[2024-02-23T09:08:36.368+0000][4616][gc,marking  ] GC(72) Concurrent Cleanup for Next Mark 158.928ms
[2024-02-23T09:08:36.368+0000][4616][gc          ] GC(72) Concurrent Mark Cycle 3632.665ms
[2024-02-23T09:08:37.217+0000][4616][safepoint   ] Safepoint "Cleanup", Time since last: 1007377800 ns, Reaching safepoint: 113000 ns, At safepoint: 10900 ns, Total: 123900 ns
[2024-02-23T09:08:41.392+0000][4616][gc,start    ] GC(73) Pause Young (Prepare Mixed) (G1 Evacuation Pause)
[2024-02-23T09:08:41.396+0000][4616][gc,task     ] GC(73) Using 8 workers of 8 for evacuation
[2024-02-23T09:08:41.396+0000][4616][gc,age      ] GC(73) Desired survivor size 54525952 bytes, new threshold 1 (max threshold 15)
[2024-02-23T09:08:41.529+0000][4616][gc,phases   ] GC(73)   Pre Evacuate Collection Set: 0.2ms
[2024-02-23T09:08:41.529+0000][4616][gc,phases   ] GC(73)   Merge Heap Roots: 0.2ms
[2024-02-23T09:08:41.529+0000][4616][gc,phases   ] GC(73)   Evacuate Collection Set: 131.3ms
[2024-02-23T09:08:41.529+0000][4616][gc,phases   ] GC(73)   Post Evacuate Collection Set: 1.4ms
[2024-02-23T09:08:41.529+0000][4616][gc,phases   ] GC(73)   Other: 0.2ms
[2024-02-23T09:08:41.529+0000][4616][gc,age      ] GC(73) Age table with threshold 1 (max threshold 15)
[2024-02-23T09:08:41.529+0000][4616][gc,age      ] GC(73) - age   1:   24733288 bytes,   24733288 total
[2024-02-23T09:08:41.529+0000][4616][gc,heap     ] GC(73) Eden regions: 173->0(42)
[2024-02-23T09:08:41.529+0000][4616][gc,heap     ] GC(73) Survivor regions: 32->8(26)
[2024-02-23T09:08:41.529+0000][4616][gc,heap     ] GC(73) Old regions: 309->337
[2024-02-23T09:08:41.529+0000][4616][gc,heap     ] GC(73) Archive regions: 0->0
[2024-02-23T09:08:41.529+0000][4616][gc,heap     ] GC(73) Humongous regions: 5->5
[2024-02-23T09:08:41.529+0000][4616][gc,metaspace] GC(73) Metaspace: 130803K(137024K)->130803K(137024K) NonClass: 113867K(117760K)->113867K(117760K) Class: 16936K(19264K)->16936K(19264K)
[2024-02-23T09:08:41.529+0000][4616][gc          ] GC(73) Pause Young (Prepare Mixed) (G1 Evacuation Pause) 2072M->1396M(4040M) 133.689ms
[2024-02-23T09:08:41.529+0000][4616][gc,cpu      ] GC(73) User=0.11s Sys=0.25s Real=0.14s
[2024-02-23T09:08:41.529+0000][4616][safepoint   ] Safepoint "G1CollectForAllocation", Time since last: 4177972800 ns, Reaching safepoint: 125800 ns, At safepoint: 134038700 ns, Total: 134164500 ns
[2024-02-23T09:08:42.547+0000][4616][gc,start    ] GC(74) Pause Young (Mixed) (G1 Evacuation Pause)
[2024-02-23T09:08:42.547+0000][4616][gc,task     ] GC(74) Using 8 workers of 8 for evacuation
[2024-02-23T09:08:42.547+0000][4616][gc,age      ] GC(74) Desired survivor size 14680064 bytes, new threshold 1 (max threshold 15)
[2024-02-23T09:08:42.709+0000][4616][gc,phases   ] GC(74)   Pre Evacuate Collection Set: 0.3ms
[2024-02-23T09:08:42.709+0000][4616][gc,phases   ] GC(74)   Merge Heap Roots: 1.0ms
[2024-02-23T09:08:42.709+0000][4616][gc,phases   ] GC(74)   Evacuate Collection Set: 152.3ms
[2024-02-23T09:08:42.709+0000][4616][gc,phases   ] GC(74)   Post Evacuate Collection Set: 8.4ms
[2024-02-23T09:08:42.709+0000][4616][gc,phases   ] GC(74)   Other: 1.0ms
[2024-02-23T09:08:42.709+0000][4616][gc,age      ] GC(74) Age table with threshold 1 (max threshold 15)
[2024-02-23T09:08:42.709+0000][4616][gc,age      ] GC(74) - age   1:    7116144 bytes,    7116144 total
[2024-02-23T09:08:42.710+0000][4616][gc,heap     ] GC(74) Eden regions: 42->0(47)
[2024-02-23T09:08:42.710+0000][4616][gc,heap     ] GC(74) Survivor regions: 8->3(7)
[2024-02-23T09:08:42.710+0000][4616][gc,heap     ] GC(74) Old regions: 337->253
[2024-02-23T09:08:42.710+0000][4616][gc,heap     ] GC(74) Archive regions: 0->0
[2024-02-23T09:08:42.710+0000][4616][gc,heap     ] GC(74) Humongous regions: 5->5
[2024-02-23T09:08:42.710+0000][4616][gc,metaspace] GC(74) Metaspace: 130803K(137024K)->130803K(137024K) NonClass: 113867K(117760K)->113867K(117760K) Class: 16936K(19264K)->16936K(19264K)
[2024-02-23T09:08:42.710+0000][4616][gc          ] GC(74) Pause Young (Mixed) (G1 Evacuation Pause) 1564M->1040M(4040M) 163.643ms
[2024-02-23T09:08:42.710+0000][4616][gc,cpu      ] GC(74) User=0.06s Sys=0.52s Real=0.16s
[2024-02-23T09:08:42.711+0000][4616][safepoint   ] Safepoint "G1CollectForAllocation", Time since last: 1016963600 ns, Reaching safepoint: 67200 ns, At safepoint: 165456300 ns, Total: 165523500 ns
[2024-02-23T09:08:43.639+0000][4616][gc,start    ] GC(75) Pause Young (Mixed) (G1 Evacuation Pause)
[2024-02-23T09:08:43.640+0000][4616][gc,task     ] GC(75) Using 8 workers of 8 for evacuation
[2024-02-23T09:08:43.640+0000][4616][gc,age      ] GC(75) Desired survivor size 14680064 bytes, new threshold 15 (max threshold 15)
[2024-02-23T09:08:43.792+0000][4616][gc,phases   ] GC(75)   Pre Evacuate Collection Set: 0.2ms
[2024-02-23T09:08:43.793+0000][4616][gc,phases   ] GC(75)   Merge Heap Roots: 0.4ms
[2024-02-23T09:08:43.793+0000][4616][gc,phases   ] GC(75)   Evacuate Collection Set: 127.3ms
[2024-02-23T09:08:43.793+0000][4616][gc,phases   ] GC(75)   Merge Optional Heap Roots: 0.0ms
[2024-02-23T09:08:43.793+0000][4616][gc,phases   ] GC(75)   Evacuate Optional Collection Set: 21.3ms
[2024-02-23T09:08:43.793+0000][4616][gc,phases   ] GC(75)   Post Evacuate Collection Set: 3.3ms
[2024-02-23T09:08:43.793+0000][4616][gc,phases   ] GC(75)   Other: 0.7ms
[2024-02-23T09:08:43.793+0000][4616][gc,age      ] GC(75) Age table with threshold 15 (max threshold 15)
[2024-02-23T09:08:43.793+0000][4616][gc,age      ] GC(75) - age   1:    8914768 bytes,    8914768 total
[2024-02-23T09:08:43.793+0000][4616][gc,age      ] GC(75) - age   2:    5964104 bytes,   14878872 total
[2024-02-23T09:08:43.793+0000][4616][gc,heap     ] GC(75) Eden regions: 47->0(354)
[2024-02-23T09:08:43.793+0000][4616][gc,heap     ] GC(75) Survivor regions: 3->4(7)
[2024-02-23T09:08:43.793+0000][4616][gc,heap     ] GC(75) Old regions: 253->202
[2024-02-23T09:08:43.793+0000][4616][gc,heap     ] GC(75) Archive regions: 0->0
[2024-02-23T09:08:43.793+0000][4616][gc,heap     ] GC(75) Humongous regions: 5->5
[2024-02-23T09:08:43.793+0000][4616][gc,metaspace] GC(75) Metaspace: 130803K(137024K)->130803K(137024K) NonClass: 113867K(117760K)->113867K(117760K) Class: 16936K(19264K)->16936K(19264K)
[2024-02-23T09:08:43.793+0000][4616][gc          ] GC(75) Pause Young (Mixed) (G1 Evacuation Pause) 1228M->841M(4040M) 153.556ms
[2024-02-23T09:08:43.793+0000][4616][gc,cpu      ] GC(75) User=0.12s Sys=0.53s Real=0.15s
[2024-02-23T09:08:43.793+0000][4616][safepoint   ] Safepoint "G1CollectForAllocation", Time since last: 927945700 ns, Reaching safepoint: 52500 ns, At safepoint: 153961400 ns, Total: 154013900 ns
[2024-02-23T09:08:44.800+0000][4616][safepoint   ] Safepoint "Cleanup", Time since last: 1005946800 ns, Reaching safepoint: 105700 ns, At safepoint: 112400 ns, Total: 218100 ns
[2024-02-23T09:08:53.481+0000][4616][gc,start    ] GC(76) Pause Young (Normal) (G1 Evacuation Pause)
[2024-02-23T09:08:53.481+0000][4616][gc,task     ] GC(76) Using 8 workers of 8 for evacuation
[2024-02-23T09:08:53.481+0000][4616][gc,age      ] GC(76) Desired survivor size 94371840 bytes, new threshold 15 (max threshold 15)
[2024-02-23T09:08:53.496+0000][4616][gc,phases   ] GC(76)   Pre Evacuate Collection Set: 0.3ms
[2024-02-23T09:08:53.496+0000][4616][gc,phases   ] GC(76)   Merge Heap Roots: 0.2ms
[2024-02-23T09:08:53.496+0000][4616][gc,phases   ] GC(76)   Evacuate Collection Set: 13.6ms
[2024-02-23T09:08:53.496+0000][4616][gc,phases   ] GC(76)   Post Evacuate Collection Set: 1.8ms
[2024-02-23T09:08:53.496+0000][4616][gc,phases   ] GC(76)   Other: 0.4ms
[2024-02-23T09:08:53.496+0000][4616][gc,age      ] GC(76) Age table with threshold 15 (max threshold 15)
[2024-02-23T09:08:53.496+0000][4616][gc,age      ] GC(76) - age   1:   52787328 bytes,   52787328 total
[2024-02-23T09:08:53.496+0000][4616][gc,age      ] GC(76) - age   2:    6272328 bytes,   59059656 total
[2024-02-23T09:08:53.496+0000][4616][gc,age      ] GC(76) - age   3:    3966704 bytes,   63026360 total
[2024-02-23T09:08:53.496+0000][4616][gc,heap     ] GC(76) Eden regions: 354->0(319)
[2024-02-23T09:08:53.496+0000][4616][gc,heap     ] GC(76) Survivor regions: 4->16(45)
[2024-02-23T09:08:53.496+0000][4616][gc,heap     ] GC(76) Old regions: 202->202
[2024-02-23T09:08:53.496+0000][4616][gc,heap     ] GC(76) Archive regions: 0->0
[2024-02-23T09:08:53.496+0000][4616][gc,heap     ] GC(76) Humongous regions: 6->6
[2024-02-23T09:08:53.496+0000][4616][gc,metaspace] GC(76) Metaspace: 130804K(137024K)->130804K(137024K) NonClass: 113867K(117760K)->113867K(117760K) Class: 16936K(19264K)->16936K(19264K)
[2024-02-23T09:08:53.496+0000][4616][gc          ] GC(76) Pause Young (Normal) (G1 Evacuation Pause) 2261M->892M(4040M) 16.860ms
[2024-02-23T09:08:53.496+0000][4616][gc,cpu      ] GC(76) User=0.03s Sys=0.05s Real=0.02s
[2024-02-23T09:08:53.496+0000][4616][safepoint   ] Safepoint "G1CollectForAllocation", Time since last: 8667306100 ns, Reaching safepoint: 13016200 ns, At safepoint: 17104500 ns, Total: 30120700 ns
[2024-02-23T09:09:05.944+0000][4616][gc,start    ] GC(77) Pause Young (Normal) (G1 Evacuation Pause)
[2024-02-23T09:09:05.944+0000][4616][gc,task     ] GC(77) Using 8 workers of 8 for evacuation
[2024-02-23T09:09:05.945+0000][4616][gc,age      ] GC(77) Desired survivor size 88080384 bytes, new threshold 15 (max threshold 15)
[2024-02-23T09:09:05.967+0000][4616][gc,phases   ] GC(77)   Pre Evacuate Collection Set: 0.2ms
[2024-02-23T09:09:05.967+0000][4616][gc,phases   ] GC(77)   Merge Heap Roots: 0.2ms
[2024-02-23T09:09:05.967+0000][4616][gc,phases   ] GC(77)   Evacuate Collection Set: 19.9ms
[2024-02-23T09:09:05.967+0000][4616][gc,phases   ] GC(77)   Post Evacuate Collection Set: 1.3ms
[2024-02-23T09:09:05.967+0000][4616][gc,phases   ] GC(77)   Other: 0.3ms
[2024-02-23T09:09:05.967+0000][4616][gc,age      ] GC(77) Age table with threshold 15 (max threshold 15)
[2024-02-23T09:09:05.967+0000][4616][gc,age      ] GC(77) - age   1:   41596488 bytes,   41596488 total
[2024-02-23T09:09:05.968+0000][4616][gc,age      ] GC(77) - age   2:   45039056 bytes,   86635544 total
[2024-02-23T09:09:05.968+0000][4616][gc,age      ] GC(77) - age   3:    6080336 bytes,   92715880 total
[2024-02-23T09:09:05.968+0000][4616][gc,age      ] GC(77) - age   4:    3660728 bytes,   96376608 total
[2024-02-23T09:09:05.968+0000][4616][gc,heap     ] GC(77) Eden regions: 319->0(367)
[2024-02-23T09:09:05.968+0000][4616][gc,heap     ] GC(77) Survivor regions: 16->24(42)
[2024-02-23T09:09:05.968+0000][4616][gc,heap     ] GC(77) Old regions: 202->202
[2024-02-23T09:09:05.968+0000][4616][gc,heap     ] GC(77) Archive regions: 0->0
[2024-02-23T09:09:05.968+0000][4616][gc,heap     ] GC(77) Humongous regions: 6->6
[2024-02-23T09:09:05.968+0000][4616][gc,metaspace] GC(77) Metaspace: 130804K(137024K)->130804K(137024K) NonClass: 113867K(117760K)->113867K(117760K) Class: 16936K(19264K)->16936K(19264K)
[2024-02-23T09:09:05.968+0000][4616][gc          ] GC(77) Pause Young (Normal) (G1 Evacuation Pause) 2168M->924M(4040M) 22.825ms
[2024-02-23T09:09:05.968+0000][4616][gc,cpu      ] GC(77) User=0.12s Sys=0.00s Real=0.02s
[2024-02-23T09:09:05.968+0000][4616][safepoint   ] Safepoint "G1CollectForAllocation", Time since last: 12447307700 ns, Reaching safepoint: 77400 ns, At safepoint: 23183100 ns, Total: 23260500 ns
[2024-02-23T09:09:08.992+0000][4616][safepoint   ] Safepoint "Cleanup", Time since last: 3023928700 ns, Reaching safepoint: 96600 ns, At safepoint: 18600 ns, Total: 115200 ns
[2024-02-23T09:09:16.512+0000][4616][gc,start    ] GC(78) Pause Young (Normal) (G1 Evacuation Pause)
[2024-02-23T09:09:16.512+0000][4616][gc,task     ] GC(78) Using 8 workers of 8 for evacuation
[2024-02-23T09:09:16.512+0000][4616][gc,age      ] GC(78) Desired survivor size 102760448 bytes, new threshold 15 (max threshold 15)
[2024-02-23T09:09:16.544+0000][4616][gc,phases   ] GC(78)   Pre Evacuate Collection Set: 0.1ms
[2024-02-23T09:09:16.544+0000][4616][gc,phases   ] GC(78)   Merge Heap Roots: 0.1ms
[2024-02-23T09:09:16.544+0000][4616][gc,phases   ] GC(78)   Evacuate Collection Set: 30.0ms
[2024-02-23T09:09:16.544+0000][4616][gc,phases   ] GC(78)   Post Evacuate Collection Set: 1.5ms
[2024-02-23T09:09:16.544+0000][4616][gc,phases   ] GC(78)   Other: 0.2ms
[2024-02-23T09:09:16.544+0000][4616][gc,age      ] GC(78) Age table with threshold 15 (max threshold 15)
[2024-02-23T09:09:16.544+0000][4616][gc,age      ] GC(78) - age   1:   69751696 bytes,   69751696 total
[2024-02-23T09:09:16.544+0000][4616][gc,age      ] GC(78) - age   2:   34861232 bytes,  104612928 total
[2024-02-23T09:09:16.544+0000][4616][gc,age      ] GC(78) - age   3:   36349600 bytes,  140962528 total
[2024-02-23T09:09:16.544+0000][4616][gc,age      ] GC(78) - age   4:    5168856 bytes,  146131384 total
[2024-02-23T09:09:16.544+0000][4616][gc,age      ] GC(78) - age   5:    3545208 bytes,  149676592 total
[2024-02-23T09:09:16.544+0000][4616][gc,heap     ] GC(78) Eden regions: 367->0(342)
[2024-02-23T09:09:16.544+0000][4616][gc,heap     ] GC(78) Survivor regions: 24->38(49)
[2024-02-23T09:09:16.545+0000][4616][gc,heap     ] GC(78) Old regions: 202->202
[2024-02-23T09:09:16.545+0000][4616][gc,heap     ] GC(78) Archive regions: 0->0
[2024-02-23T09:09:16.545+0000][4616][gc,heap     ] GC(78) Humongous regions: 7->7
[2024-02-23T09:09:16.545+0000][4616][gc,metaspace] GC(78) Metaspace: 130805K(137024K)->130805K(137024K) NonClass: 113869K(117760K)->113869K(117760K) Class: 16936K(19264K)->16936K(19264K)
[2024-02-23T09:09:16.545+0000][4616][gc          ] GC(78) Pause Young (Normal) (G1 Evacuation Pause) 2396M->985M(4040M) 32.577ms
[2024-02-23T09:09:16.545+0000][4616][gc,cpu      ] GC(78) User=0.23s Sys=0.00s Real=0.03s
[2024-02-23T09:09:16.545+0000][4616][safepoint   ] Safepoint "G1CollectForAllocation", Time since last: 7520240600 ns, Reaching safepoint: 229900 ns, At safepoint: 32793800 ns, Total: 33023700 ns
[2024-02-23T09:09:27.100+0000][4616][gc,start    ] GC(79) Pause Young (Normal) (G1 Evacuation Pause)
[2024-02-23T09:09:27.101+0000][4616][gc,task     ] GC(79) Using 8 workers of 8 for evacuation
[2024-02-23T09:09:27.101+0000][4616][gc,age      ] GC(79) Desired survivor size 100663296 bytes, new threshold 2 (max threshold 15)
[2024-02-23T09:09:27.310+0000][4616][gc,mmu      ] GC(79) MMU target violated: 201.0ms (200.0ms/201.0ms)
[2024-02-23T09:09:27.310+0000][4616][gc,phases   ] GC(79)   Pre Evacuate Collection Set: 0.2ms
[2024-02-23T09:09:27.310+0000][4616][gc,phases   ] GC(79)   Merge Heap Roots: 0.2ms
[2024-02-23T09:09:27.310+0000][4616][gc,phases   ] GC(79)   Evacuate Collection Set: 200.0ms
[2024-02-23T09:09:27.310+0000][4616][gc,phases   ] GC(79)   Post Evacuate Collection Set: 7.2ms
[2024-02-23T09:09:27.310+0000][4616][gc,phases   ] GC(79)   Other: 1.4ms
[2024-02-23T09:09:27.310+0000][4616][gc,age      ] GC(79) Age table with threshold 2 (max threshold 15)
[2024-02-23T09:09:27.310+0000][4616][gc,age      ] GC(79) - age   1:   39596440 bytes,   39596440 total
[2024-02-23T09:09:27.310+0000][4616][gc,age      ] GC(79) - age   2:   60102256 bytes,   99698696 total
[2024-02-23T09:09:27.310+0000][4616][gc,heap     ] GC(79) Eden regions: 342->0(384)
[2024-02-23T09:09:27.310+0000][4616][gc,heap     ] GC(79) Survivor regions: 38->26(48)
[2024-02-23T09:09:27.310+0000][4616][gc,heap     ] GC(79) Old regions: 202->220
[2024-02-23T09:09:27.310+0000][4616][gc,heap     ] GC(79) Archive regions: 0->0
[2024-02-23T09:09:27.310+0000][4616][gc,heap     ] GC(79) Humongous regions: 8->8
[2024-02-23T09:09:27.310+0000][4616][gc,metaspace] GC(79) Metaspace: 130805K(137024K)->130805K(137024K) NonClass: 113869K(117760K)->113869K(117760K) Class: 16936K(19264K)->16936K(19264K)
[2024-02-23T09:09:27.310+0000][4616][gc          ] GC(79) Pause Young (Normal) (G1 Evacuation Pause) 2357M->1011M(4040M) 209.655ms
[2024-02-23T09:09:27.310+0000][4616][gc,cpu      ] GC(79) User=0.12s Sys=0.30s Real=0.21s
[2024-02-23T09:09:27.310+0000][4616][safepoint   ] Safepoint "G1CollectForAllocation", Time since last: 10555736900 ns, Reaching safepoint: 85000 ns, At safepoint: 209963100 ns, Total: 210048100 ns
[2024-02-23T09:09:38.623+0000][4616][gc,start    ] GC(80) Pause Young (Normal) (G1 Evacuation Pause)
[2024-02-23T09:09:38.623+0000][4616][gc,task     ] GC(80) Using 8 workers of 8 for evacuation
[2024-02-23T09:09:38.623+0000][4616][gc,age      ] GC(80) Desired survivor size 109051904 bytes, new threshold 15 (max threshold 15)
[2024-02-23T09:09:38.660+0000][4616][gc,phases   ] GC(80)   Pre Evacuate Collection Set: 0.3ms
[2024-02-23T09:09:38.660+0000][4616][gc,phases   ] GC(80)   Merge Heap Roots: 0.2ms
[2024-02-23T09:09:38.660+0000][4616][gc,phases   ] GC(80)   Evacuate Collection Set: 28.2ms
[2024-02-23T09:09:38.660+0000][4616][gc,phases   ] GC(80)   Post Evacuate Collection Set: 1.4ms
[2024-02-23T09:09:38.660+0000][4616][gc,phases   ] GC(80)   Other: 1.6ms
[2024-02-23T09:09:38.660+0000][4616][gc,age      ] GC(80) Age table with threshold 15 (max threshold 15)
[2024-02-23T09:09:38.660+0000][4616][gc,age      ] GC(80) - age   1:   61906048 bytes,   61906048 total
[2024-02-23T09:09:38.660+0000][4616][gc,age      ] GC(80) - age   2:   31484800 bytes,   93390848 total
[2024-02-23T09:09:38.660+0000][4616][gc,age      ] GC(80) - age   3:   53754248 bytes,  147145096 total
[2024-02-23T09:09:38.660+0000][4616][gc,heap     ] GC(80) Eden regions: 384->0(392)
[2024-02-23T09:09:38.660+0000][4616][gc,heap     ] GC(80) Survivor regions: 26->37(52)
[2024-02-23T09:09:38.660+0000][4616][gc,heap     ] GC(80) Old regions: 220->220
[2024-02-23T09:09:38.660+0000][4616][gc,heap     ] GC(80) Archive regions: 0->0
[2024-02-23T09:09:38.660+0000][4616][gc,heap     ] GC(80) Humongous regions: 8->8
[2024-02-23T09:09:38.660+0000][4616][gc,metaspace] GC(80) Metaspace: 130805K(137024K)->130805K(137024K) NonClass: 113869K(117760K)->113869K(117760K) Class: 16936K(19264K)->16936K(19264K)
[2024-02-23T09:09:38.660+0000][4616][gc          ] GC(80) Pause Young (Normal) (G1 Evacuation Pause) 2547M->1055M(4040M) 32.322ms
[2024-02-23T09:09:38.660+0000][4616][gc,cpu      ] GC(80) User=0.23s Sys=0.00s Real=0.04s
[2024-02-23T09:09:38.661+0000][4616][safepoint   ] Safepoint "G1CollectForAllocation", Time since last: 11317028500 ns, Reaching safepoint: 104700 ns, At safepoint: 32481700 ns, Total: 32586400 ns
[2024-02-23T09:09:49.509+0000][4616][gc,start    ] GC(81) Pause Young (Normal) (G1 Evacuation Pause)
[2024-02-23T09:09:49.509+0000][4616][gc,task     ] GC(81) Using 8 workers of 8 for evacuation
[2024-02-23T09:09:49.509+0000][4616][gc,age      ] GC(81) Desired survivor size 113246208 bytes, new threshold 3 (max threshold 15)
[2024-02-23T09:09:49.584+0000][4616][gc,phases   ] GC(81)   Pre Evacuate Collection Set: 0.3ms
[2024-02-23T09:09:49.584+0000][4616][gc,phases   ] GC(81)   Merge Heap Roots: 0.5ms
[2024-02-23T09:09:49.584+0000][4616][gc,phases   ] GC(81)   Evacuate Collection Set: 73.8ms
[2024-02-23T09:09:49.584+0000][4616][gc,phases   ] GC(81)   Post Evacuate Collection Set: 1.1ms
[2024-02-23T09:09:49.584+0000][4616][gc,phases   ] GC(81)   Other: 0.3ms
[2024-02-23T09:09:49.584+0000][4616][gc,age      ] GC(81) Age table with threshold 3 (max threshold 15)
[2024-02-23T09:09:49.584+0000][4616][gc,age      ] GC(81) - age   1:   50012504 bytes,   50012504 total
[2024-02-23T09:09:49.584+0000][4616][gc,age      ] GC(81) - age   2:   49834264 bytes,   99846768 total
[2024-02-23T09:09:49.584+0000][4616][gc,age      ] GC(81) - age   3:   27479136 bytes,  127325904 total
[2024-02-23T09:09:49.584+0000][4616][gc,heap     ] GC(81) Eden regions: 392->0(525)
[2024-02-23T09:09:49.584+0000][4616][gc,heap     ] GC(81) Survivor regions: 37->33(54)
[2024-02-23T09:09:49.584+0000][4616][gc,heap     ] GC(81) Old regions: 220->231
[2024-02-23T09:09:49.584+0000][4616][gc,heap     ] GC(81) Archive regions: 0->0
[2024-02-23T09:09:49.584+0000][4616][gc,heap     ] GC(81) Humongous regions: 9->9
[2024-02-23T09:09:49.584+0000][4616][gc,metaspace] GC(81) Metaspace: 130806K(137024K)->130806K(137024K) NonClass: 113870K(117760K)->113870K(117760K) Class: 16936K(19264K)->16936K(19264K)
[2024-02-23T09:09:49.584+0000][4616][gc          ] GC(81) Pause Young (Normal) (G1 Evacuation Pause) 2627M->1088M(4040M) 76.575ms
[2024-02-23T09:09:49.584+0000][4616][gc,cpu      ] GC(81) User=0.30s Sys=0.05s Real=0.08s
[2024-02-23T09:09:49.584+0000][4616][safepoint   ] Safepoint "G1CollectForAllocation", Time since last: 10848189000 ns, Reaching safepoint: 109200 ns, At safepoint: 76818100 ns, Total: 76927300 ns
[2024-02-23T09:09:56.655+0000][4616][safepoint   ] Safepoint "Cleanup", Time since last: 7069466800 ns, Reaching safepoint: 65900 ns, At safepoint: 23600 ns, Total: 89500 ns
[2024-02-23T09:10:07.132+0000][4616][gc,start    ] GC(82) Pause Young (Normal) (G1 Evacuation Pause)
[2024-02-23T09:10:07.132+0000][4616][gc,task     ] GC(82) Using 8 workers of 8 for evacuation
[2024-02-23T09:10:07.132+0000][4616][gc,age      ] GC(82) Desired survivor size 146800640 bytes, new threshold 15 (max threshold 15)
[2024-02-23T09:10:07.229+0000][4616][gc,phases   ] GC(82)   Pre Evacuate Collection Set: 0.2ms
[2024-02-23T09:10:07.229+0000][4616][gc,phases   ] GC(82)   Merge Heap Roots: 0.3ms
[2024-02-23T09:10:07.229+0000][4616][gc,phases   ] GC(82)   Evacuate Collection Set: 95.3ms
[2024-02-23T09:10:07.229+0000][4616][gc,phases   ] GC(82)   Post Evacuate Collection Set: 1.4ms
[2024-02-23T09:10:07.229+0000][4616][gc,phases   ] GC(82)   Other: 0.4ms
[2024-02-23T09:10:07.229+0000][4616][gc,age      ] GC(82) Age table with threshold 15 (max threshold 15)
[2024-02-23T09:10:07.229+0000][4616][gc,age      ] GC(82) - age   1:   73089592 bytes,   73089592 total
[2024-02-23T09:10:07.229+0000][4616][gc,age      ] GC(82) - age   2:   34908304 bytes,  107997896 total
[2024-02-23T09:10:07.229+0000][4616][gc,age      ] GC(82) - age   3:   39092728 bytes,  147090624 total
[2024-02-23T09:10:07.229+0000][4616][gc,age      ] GC(82) - age   4:   21248176 bytes,  168338800 total
[2024-02-23T09:10:07.229+0000][4616][gc,heap     ] GC(82) Eden regions: 525->0(514)
[2024-02-23T09:10:07.229+0000][4616][gc,heap     ] GC(82) Survivor regions: 33->43(70)
[2024-02-23T09:10:07.229+0000][4616][gc,heap     ] GC(82) Old regions: 231->231
[2024-02-23T09:10:07.229+0000][4616][gc,heap     ] GC(82) Archive regions: 0->0
[2024-02-23T09:10:07.229+0000][4616][gc,heap     ] GC(82) Humongous regions: 10->10
[2024-02-23T09:10:07.229+0000][4616][gc,metaspace] GC(82) Metaspace: 130808K(137024K)->130808K(137024K) NonClass: 113872K(117760K)->113872K(117760K) Class: 16936K(19264K)->16936K(19264K)
[2024-02-23T09:10:07.230+0000][4616][gc          ] GC(82) Pause Young (Normal) (G1 Evacuation Pause) 3192M->1132M(4040M) 98.185ms
[2024-02-23T09:10:07.230+0000][4616][gc,cpu      ] GC(82) User=0.20s Sys=0.36s Real=0.10s
[2024-02-23T09:10:07.230+0000][4616][safepoint   ] Safepoint "G1CollectForAllocation", Time since last: 10476136700 ns, Reaching safepoint: 109700 ns, At safepoint: 98612400 ns, Total: 98722100 ns
[2024-02-23T09:10:11.247+0000][4616][safepoint   ] Safepoint "Cleanup", Time since last: 4016963000 ns, Reaching safepoint: 64300 ns, At safepoint: 19900 ns, Total: 84200 ns
[2024-02-23T09:10:19.306+0000][4616][safepoint   ] Safepoint "Cleanup", Time since last: 8058899100 ns, Reaching safepoint: 70700 ns, At safepoint: 7700 ns, Total: 78400 ns
[2024-02-23T09:10:24.333+0000][4616][safepoint   ] Safepoint "Cleanup", Time since last: 5026354200 ns, Reaching safepoint: 74200 ns, At safepoint: 16500 ns, Total: 90700 ns
[2024-02-23T09:10:25.821+0000][4616][gc,start    ] GC(83) Pause Young (Normal) (G1 Evacuation Pause)
[2024-02-23T09:10:25.821+0000][4616][gc,task     ] GC(83) Using 8 workers of 8 for evacuation
[2024-02-23T09:10:25.821+0000][4616][gc,age      ] GC(83) Desired survivor size 146800640 bytes, new threshold 3 (max threshold 15)
[2024-02-23T09:10:25.922+0000][4616][gc,phases   ] GC(83)   Pre Evacuate Collection Set: 0.2ms
[2024-02-23T09:10:25.922+0000][4616][gc,phases   ] GC(83)   Merge Heap Roots: 0.2ms
[2024-02-23T09:10:25.922+0000][4616][gc,phases   ] GC(83)   Evacuate Collection Set: 101.2ms
[2024-02-23T09:10:25.922+0000][4616][gc,phases   ] GC(83)   Post Evacuate Collection Set: 1.3ms
[2024-02-23T09:10:25.922+0000][4616][gc,phases   ] GC(83)   Other: 0.2ms
[2024-02-23T09:10:25.922+0000][4616][gc,age      ] GC(83) Age table with threshold 3 (max threshold 15)
[2024-02-23T09:10:25.922+0000][4616][gc,age      ] GC(83) - age   1:   80928272 bytes,   80928272 total
[2024-02-23T09:10:25.922+0000][4616][gc,age      ] GC(83) - age   2:   59407576 bytes,  140335848 total
[2024-02-23T09:10:25.922+0000][4616][gc,age      ] GC(83) - age   3:   25358032 bytes,  165693880 total
[2024-02-23T09:10:25.922+0000][4616][gc,heap     ] GC(83) Eden regions: 514->0(500)
[2024-02-23T09:10:25.922+0000][4616][gc,heap     ] GC(83) Survivor regions: 43->43(70)
[2024-02-23T09:10:25.922+0000][4616][gc,heap     ] GC(83) Old regions: 231->242
[2024-02-23T09:10:25.922+0000][4616][gc,heap     ] GC(83) Archive regions: 0->0
[2024-02-23T09:10:25.922+0000][4616][gc,heap     ] GC(83) Humongous regions: 11->11
[2024-02-23T09:10:25.922+0000][4616][gc,metaspace] GC(83) Metaspace: 130808K(137024K)->130808K(137024K) NonClass: 113872K(117760K)->113872K(117760K) Class: 16936K(19264K)->16936K(19264K)
[2024-02-23T09:10:25.922+0000][4616][gc          ] GC(83) Pause Young (Normal) (G1 Evacuation Pause) 3192M->1178M(4040M) 103.620ms
[2024-02-23T09:10:25.922+0000][4616][gc,cpu      ] GC(83) User=0.28s Sys=0.16s Real=0.10s
[2024-02-23T09:10:25.922+0000][4616][safepoint   ] Safepoint "G1CollectForAllocation", Time since last: 1488147400 ns, Reaching safepoint: 91500 ns, At safepoint: 103866700 ns, Total: 103958200 ns
[2024-02-23T09:10:41.751+0000][4616][gc,start    ] GC(84) Pause Young (Normal) (G1 Evacuation Pause)
[2024-02-23T09:10:41.751+0000][4616][gc,task     ] GC(84) Using 8 workers of 8 for evacuation
[2024-02-23T09:10:41.751+0000][4616][gc,age      ] GC(84) Desired survivor size 142606336 bytes, new threshold 3 (max threshold 15)
[2024-02-23T09:10:41.808+0000][4616][gc,phases   ] GC(84)   Pre Evacuate Collection Set: 0.3ms
[2024-02-23T09:10:41.808+0000][4616][gc,phases   ] GC(84)   Merge Heap Roots: 0.3ms
[2024-02-23T09:10:41.808+0000][4616][gc,phases   ] GC(84)   Evacuate Collection Set: 52.8ms
[2024-02-23T09:10:41.808+0000][4616][gc,phases   ] GC(84)   Post Evacuate Collection Set: 1.3ms
[2024-02-23T09:10:41.808+0000][4616][gc,phases   ] GC(84)   Other: 0.3ms
[2024-02-23T09:10:41.808+0000][4616][gc,age      ] GC(84) Age table with threshold 3 (max threshold 15)
[2024-02-23T09:10:41.808+0000][4616][gc,age      ] GC(84) - age   1:   63432904 bytes,   63432904 total
[2024-02-23T09:10:41.808+0000][4616][gc,age      ] GC(84) - age   2:   67003440 bytes,  130436344 total
[2024-02-23T09:10:41.808+0000][4616][gc,age      ] GC(84) - age   3:   48476872 bytes,  178913216 total
[2024-02-23T09:10:41.808+0000][4616][gc,heap     ] GC(84) Eden regions: 500->0(495)
[2024-02-23T09:10:41.808+0000][4616][gc,heap     ] GC(84) Survivor regions: 43->46(68)
[2024-02-23T09:10:41.808+0000][4616][gc,heap     ] GC(84) Old regions: 242->246
[2024-02-23T09:10:41.808+0000][4616][gc,heap     ] GC(84) Archive regions: 0->0
[2024-02-23T09:10:41.808+0000][4616][gc,heap     ] GC(84) Humongous regions: 12->12
[2024-02-23T09:10:41.808+0000][4616][gc,metaspace] GC(84) Metaspace: 130811K(137024K)->130811K(137024K) NonClass: 113874K(117760K)->113874K(117760K) Class: 16936K(19264K)->16936K(19264K)
[2024-02-23T09:10:41.808+0000][4616][gc          ] GC(84) Pause Young (Normal) (G1 Evacuation Pause) 3182M->1212M(4040M) 55.912ms
[2024-02-23T09:10:41.808+0000][4616][gc,cpu      ] GC(84) User=0.23s Sys=0.14s Real=0.06s
[2024-02-23T09:10:41.808+0000][4616][safepoint   ] Safepoint "G1CollectForAllocation", Time since last: 15836170800 ns, Reaching safepoint: 102100 ns, At safepoint: 56189000 ns, Total: 56291100 ns
[2024-02-23T09:10:54.905+0000][4616][gc,start    ] GC(85) Pause Young (Normal) (G1 Evacuation Pause)
[2024-02-23T09:10:54.905+0000][4616][gc,task     ] GC(85) Using 8 workers of 8 for evacuation
[2024-02-23T09:10:54.905+0000][4616][gc,age      ] GC(85) Desired survivor size 142606336 bytes, new threshold 3 (max threshold 15)
[2024-02-23T09:10:54.980+0000][4616][gc,phases   ] GC(85)   Pre Evacuate Collection Set: 0.2ms
[2024-02-23T09:10:54.980+0000][4616][gc,phases   ] GC(85)   Merge Heap Roots: 0.2ms
[2024-02-23T09:10:54.980+0000][4616][gc,phases   ] GC(85)   Evacuate Collection Set: 75.0ms
[2024-02-23T09:10:54.980+0000][4616][gc,phases   ] GC(85)   Post Evacuate Collection Set: 1.2ms
[2024-02-23T09:10:54.980+0000][4616][gc,phases   ] GC(85)   Other: 0.2ms
[2024-02-23T09:10:54.980+0000][4616][gc,age      ] GC(85) Age table with threshold 3 (max threshold 15)
[2024-02-23T09:10:54.980+0000][4616][gc,age      ] GC(85) - age   1:   73570832 bytes,   73570832 total
[2024-02-23T09:10:54.980+0000][4616][gc,age      ] GC(85) - age   2:   47697048 bytes,  121267880 total
[2024-02-23T09:10:54.980+0000][4616][gc,age      ] GC(85) - age   3:   55102712 bytes,  176370592 total
[2024-02-23T09:10:54.980+0000][4616][gc,heap     ] GC(85) Eden regions: 495->0(486)
[2024-02-23T09:10:54.980+0000][4616][gc,heap     ] GC(85) Survivor regions: 46->45(68)
[2024-02-23T09:10:54.980+0000][4616][gc,heap     ] GC(85) Old regions: 246->254
[2024-02-23T09:10:54.980+0000][4616][gc,heap     ] GC(85) Archive regions: 0->0
[2024-02-23T09:10:54.980+0000][4616][gc,heap     ] GC(85) Humongous regions: 13->13
[2024-02-23T09:10:54.980+0000][4616][gc,metaspace] GC(85) Metaspace: 130811K(137024K)->130811K(137024K) NonClass: 113874K(117760K)->113874K(117760K) Class: 16936K(19264K)->16936K(19264K)
[2024-02-23T09:10:54.980+0000][4616][gc          ] GC(85) Pause Young (Normal) (G1 Evacuation Pause) 3196M->1242M(4040M) 77.365ms
[2024-02-23T09:10:54.980+0000][4616][gc,cpu      ] GC(85) User=0.25s Sys=0.08s Real=0.08s
[2024-02-23T09:10:54.980+0000][4616][safepoint   ] Safepoint "G1CollectForAllocation", Time since last: 13087379800 ns, Reaching safepoint: 120400 ns, At safepoint: 77725900 ns, Total: 77846300 ns
[2024-02-23T09:11:05.101+0000][4616][safepoint   ] Safepoint "Cleanup", Time since last: 10117978200 ns, Reaching safepoint: 113100 ns, At safepoint: 28400 ns, Total: 141500 ns
[2024-02-23T09:11:06.105+0000][4616][safepoint   ] Safepoint "Cleanup", Time since last: 1003890300 ns, Reaching safepoint: 90900 ns, At safepoint: 54600 ns, Total: 145500 ns
[2024-02-23T09:11:09.828+0000][4616][gc,start    ] GC(86) Pause Young (Normal) (G1 Evacuation Pause)
[2024-02-23T09:11:09.829+0000][4616][gc,task     ] GC(86) Using 8 workers of 8 for evacuation
[2024-02-23T09:11:09.829+0000][4616][gc,age      ] GC(86) Desired survivor size 140509184 bytes, new threshold 3 (max threshold 15)
[2024-02-23T09:11:09.918+0000][4616][gc,phases   ] GC(86)   Pre Evacuate Collection Set: 0.2ms
[2024-02-23T09:11:09.918+0000][4616][gc,phases   ] GC(86)   Merge Heap Roots: 0.2ms
[2024-02-23T09:11:09.918+0000][4616][gc,phases   ] GC(86)   Evacuate Collection Set: 88.0ms
[2024-02-23T09:11:09.918+0000][4616][gc,phases   ] GC(86)   Post Evacuate Collection Set: 1.0ms
[2024-02-23T09:11:09.918+0000][4616][gc,phases   ] GC(86)   Other: 0.3ms
[2024-02-23T09:11:09.918+0000][4616][gc,age      ] GC(86) Age table with threshold 3 (max threshold 15)
[2024-02-23T09:11:09.918+0000][4616][gc,age      ] GC(86) - age   1:   79832752 bytes,   79832752 total
[2024-02-23T09:11:09.918+0000][4616][gc,age      ] GC(86) - age   2:   57655472 bytes,  137488224 total
[2024-02-23T09:11:09.918+0000][4616][gc,age      ] GC(86) - age   3:   36987440 bytes,  174475664 total
[2024-02-23T09:11:09.918+0000][4616][gc,heap     ] GC(86) Eden regions: 486->0(476)
[2024-02-23T09:11:09.918+0000][4616][gc,heap     ] GC(86) Survivor regions: 45->44(67)
[2024-02-23T09:11:09.918+0000][4616][gc,heap     ] GC(86) Old regions: 254->263
[2024-02-23T09:11:09.918+0000][4616][gc,heap     ] GC(86) Archive regions: 0->0
[2024-02-23T09:11:09.918+0000][4616][gc,heap     ] GC(86) Humongous regions: 14->14
[2024-02-23T09:11:09.918+0000][4616][gc,metaspace] GC(86) Metaspace: 130833K(137024K)->130833K(137024K) NonClass: 113891K(117760K)->113891K(117760K) Class: 16942K(19264K)->16942K(19264K)
[2024-02-23T09:11:09.918+0000][4616][gc          ] GC(86) Pause Young (Normal) (G1 Evacuation Pause) 3190M->1281M(4040M) 90.238ms
[2024-02-23T09:11:09.918+0000][4616][gc,cpu      ] GC(86) User=0.12s Sys=0.19s Real=0.09s
[2024-02-23T09:11:09.919+0000][4616][safepoint   ] Safepoint "G1CollectForAllocation", Time since last: 3723900300 ns, Reaching safepoint: 137700 ns, At safepoint: 90567100 ns, Total: 90704800 ns
[2024-02-23T09:11:11.938+0000][4616][safepoint   ] Safepoint "Cleanup", Time since last: 2019059500 ns, Reaching safepoint: 107500 ns, At safepoint: 17900 ns, Total: 125400 ns
[2024-02-23T09:11:23.019+0000][4616][safepoint   ] Safepoint "Cleanup", Time since last: 11080111000 ns, Reaching safepoint: 69200 ns, At safepoint: 19800 ns, Total: 89000 ns
[2024-02-23T09:11:25.411+0000][4616][gc,start    ] GC(87) Pause Young (Normal) (G1 Evacuation Pause)
[2024-02-23T09:11:25.411+0000][4616][gc,task     ] GC(87) Using 8 workers of 8 for evacuation
[2024-02-23T09:11:25.411+0000][4616][gc,age      ] GC(87) Desired survivor size 136314880 bytes, new threshold 2 (max threshold 15)
[2024-02-23T09:11:25.560+0000][4616][gc,phases   ] GC(87)   Pre Evacuate Collection Set: 0.2ms
[2024-02-23T09:11:25.560+0000][4616][gc,phases   ] GC(87)   Merge Heap Roots: 0.3ms
[2024-02-23T09:11:25.560+0000][4616][gc,phases   ] GC(87)   Evacuate Collection Set: 147.4ms
[2024-02-23T09:11:25.560+0000][4616][gc,phases   ] GC(87)   Post Evacuate Collection Set: 1.4ms
[2024-02-23T09:11:25.560+0000][4616][gc,phases   ] GC(87)   Other: 0.5ms
[2024-02-23T09:11:25.561+0000][4616][gc,age      ] GC(87) Age table with threshold 2 (max threshold 15)
[2024-02-23T09:11:25.561+0000][4616][gc,age      ] GC(87) - age   1:   59463464 bytes,   59463464 total
[2024-02-23T09:11:25.561+0000][4616][gc,age      ] GC(87) - age   2:   66052736 bytes,  125516200 total
[2024-02-23T09:11:25.561+0000][4616][gc,heap     ] GC(87) Eden regions: 476->0(471)
[2024-02-23T09:11:25.561+0000][4616][gc,heap     ] GC(87) Survivor regions: 44->32(65)
[2024-02-23T09:11:25.561+0000][4616][gc,heap     ] GC(87) Old regions: 263->283
[2024-02-23T09:11:25.561+0000][4616][gc,heap     ] GC(87) Archive regions: 0->0
[2024-02-23T09:11:25.561+0000][4616][gc,heap     ] GC(87) Humongous regions: 14->14
[2024-02-23T09:11:25.561+0000][4616][gc,metaspace] GC(87) Metaspace: 130838K(137024K)->130838K(137024K) NonClass: 113895K(117760K)->113895K(117760K) Class: 16943K(19264K)->16943K(19264K)
[2024-02-23T09:11:25.561+0000][4616][gc          ] GC(87) Pause Young (Normal) (G1 Evacuation Pause) 3185M->1312M(4040M) 150.554ms
[2024-02-23T09:11:25.561+0000][4616][gc,cpu      ] GC(87) User=0.14s Sys=0.38s Real=0.15s
[2024-02-23T09:11:25.562+0000][4616][safepoint   ] Safepoint "G1CollectForAllocation", Time since last: 2391802200 ns, Reaching safepoint: 89300 ns, At safepoint: 150877600 ns, Total: 150966900 ns
[2024-02-23T09:11:27.563+0000][4616][safepoint   ] Safepoint "Cleanup", Time since last: 2001406800 ns, Reaching safepoint: 58100 ns, At safepoint: 6900 ns, Total: 65000 ns
[2024-02-23T09:11:37.609+0000][4616][safepoint   ] Safepoint "Cleanup", Time since last: 10046049900 ns, Reaching safepoint: 252800 ns, At safepoint: 55200 ns, Total: 308000 ns
[2024-02-23T09:11:39.231+0000][4616][gc,start    ] GC(88) Pause Young (Normal) (G1 Evacuation Pause)
[2024-02-23T09:11:39.232+0000][4616][gc,task     ] GC(88) Using 8 workers of 8 for evacuation
[2024-02-23T09:11:39.232+0000][4616][gc,age      ] GC(88) Desired survivor size 132120576 bytes, new threshold 15 (max threshold 15)
[2024-02-23T09:11:39.271+0000][4616][gc,phases   ] GC(88)   Pre Evacuate Collection Set: 0.2ms
[2024-02-23T09:11:39.271+0000][4616][gc,phases   ] GC(88)   Merge Heap Roots: 0.2ms
[2024-02-23T09:11:39.271+0000][4616][gc,phases   ] GC(88)   Evacuate Collection Set: 36.2ms
[2024-02-23T09:11:39.271+0000][4616][gc,phases   ] GC(88)   Post Evacuate Collection Set: 2.2ms
[2024-02-23T09:11:39.271+0000][4616][gc,phases   ] GC(88)   Other: 0.3ms
[2024-02-23T09:11:39.271+0000][4616][gc,age      ] GC(88) Age table with threshold 15 (max threshold 15)
[2024-02-23T09:11:39.271+0000][4616][gc,age      ] GC(88) - age   1:   71424904 bytes,   71424904 total
[2024-02-23T09:11:39.271+0000][4616][gc,age      ] GC(88) - age   2:   45690264 bytes,  117115168 total
[2024-02-23T09:11:39.271+0000][4616][gc,age      ] GC(88) - age   3:   55967568 bytes,  173082736 total
[2024-02-23T09:11:39.271+0000][4616][gc,heap     ] GC(88) Eden regions: 471->0(459)
[2024-02-23T09:11:39.271+0000][4616][gc,heap     ] GC(88) Survivor regions: 32->44(63)
[2024-02-23T09:11:39.271+0000][4616][gc,heap     ] GC(88) Old regions: 283->283
[2024-02-23T09:11:39.271+0000][4616][gc,heap     ] GC(88) Archive regions: 0->0
[2024-02-23T09:11:39.271+0000][4616][gc,heap     ] GC(88) Humongous regions: 15->15
[2024-02-23T09:11:39.271+0000][4616][gc,metaspace] GC(88) Metaspace: 130839K(137024K)->130839K(137024K) NonClass: 113896K(117760K)->113896K(117760K) Class: 16943K(19264K)->16943K(19264K)
[2024-02-23T09:11:39.272+0000][4616][gc          ] GC(88) Pause Young (Normal) (G1 Evacuation Pause) 3200M->1362M(4040M) 39.992ms
[2024-02-23T09:11:39.272+0000][4616][gc,cpu      ] GC(88) User=0.23s Sys=0.00s Real=0.04s
[2024-02-23T09:11:39.272+0000][4616][safepoint   ] Safepoint "G1CollectForAllocation", Time since last: 1622543200 ns, Reaching safepoint: 80500 ns, At safepoint: 40223900 ns, Total: 40304400 ns
[2024-02-23T09:11:54.355+0000][4616][safepoint   ] Safepoint "Cleanup", Time since last: 15083084200 ns, Reaching safepoint: 250500 ns, At safepoint: 82500 ns, Total: 333000 ns
[2024-02-23T09:11:55.082+0000][4616][gc,start    ] GC(89) Pause Young (Normal) (G1 Evacuation Pause)
[2024-02-23T09:11:55.082+0000][4616][gc,task     ] GC(89) Using 8 workers of 8 for evacuation
[2024-02-23T09:11:55.082+0000][4616][gc,age      ] GC(89) Desired survivor size 132120576 bytes, new threshold 3 (max threshold 15)
[2024-02-23T09:11:55.214+0000][4616][gc,phases   ] GC(89)   Pre Evacuate Collection Set: 0.4ms
[2024-02-23T09:11:55.214+0000][4616][gc,phases   ] GC(89)   Merge Heap Roots: 0.5ms
[2024-02-23T09:11:55.214+0000][4616][gc,phases   ] GC(89)   Evacuate Collection Set: 130.0ms
[2024-02-23T09:11:55.214+0000][4616][gc,phases   ] GC(89)   Post Evacuate Collection Set: 1.4ms
[2024-02-23T09:11:55.214+0000][4616][gc,phases   ] GC(89)   Other: 0.5ms
[2024-02-23T09:11:55.214+0000][4616][gc,age      ] GC(89) Age table with threshold 3 (max threshold 15)
[2024-02-23T09:11:55.214+0000][4616][gc,age      ] GC(89) - age   1:   63997920 bytes,   63997920 total
[2024-02-23T09:11:55.214+0000][4616][gc,age      ] GC(89) - age   2:   56847272 bytes,  120845192 total
[2024-02-23T09:11:55.214+0000][4616][gc,age      ] GC(89) - age   3:   37826104 bytes,  158671296 total
[2024-02-23T09:11:55.214+0000][4616][gc,heap     ] GC(89) Eden regions: 459->0(451)
[2024-02-23T09:11:55.214+0000][4616][gc,heap     ] GC(89) Survivor regions: 44->41(63)
[2024-02-23T09:11:55.214+0000][4616][gc,heap     ] GC(89) Old regions: 283->294
[2024-02-23T09:11:55.214+0000][4616][gc,heap     ] GC(89) Archive regions: 0->0
[2024-02-23T09:11:55.214+0000][4616][gc,heap     ] GC(89) Humongous regions: 16->16
[2024-02-23T09:11:55.214+0000][4616][gc,metaspace] GC(89) Metaspace: 130839K(137024K)->130839K(137024K) NonClass: 113896K(117760K)->113896K(117760K) Class: 16943K(19264K)->16943K(19264K)
[2024-02-23T09:11:55.214+0000][4616][gc          ] GC(89) Pause Young (Normal) (G1 Evacuation Pause) 3202M->1398M(4040M) 133.400ms
[2024-02-23T09:11:55.214+0000][4616][gc,cpu      ] GC(89) User=0.23s Sys=0.48s Real=0.13s
[2024-02-23T09:11:55.214+0000][4616][safepoint   ] Safepoint "G1CollectForAllocation", Time since last: 725791100 ns, Reaching safepoint: 146900 ns, At safepoint: 133696200 ns, Total: 133843100 ns
[2024-02-23T09:12:09.224+0000][4616][gc,start    ] GC(90) Pause Young (Concurrent Start) (G1 Evacuation Pause)
[2024-02-23T09:12:09.224+0000][4616][gc,task     ] GC(90) Using 8 workers of 8 for evacuation
[2024-02-23T09:12:09.224+0000][4616][gc,age      ] GC(90) Desired survivor size 130023424 bytes, new threshold 3 (max threshold 15)
[2024-02-23T09:12:09.450+0000][4616][gc,mmu      ] GC(90) MMU target violated: 201.0ms (200.0ms/201.0ms)
[2024-02-23T09:12:09.450+0000][4616][gc,phases   ] GC(90)   Pre Evacuate Collection Set: 56.4ms
[2024-02-23T09:12:09.450+0000][4616][gc,phases   ] GC(90)   Merge Heap Roots: 0.6ms
[2024-02-23T09:12:09.450+0000][4616][gc,phases   ] GC(90)   Evacuate Collection Set: 116.4ms
[2024-02-23T09:12:09.450+0000][4616][gc,phases   ] GC(90)   Post Evacuate Collection Set: 1.8ms
[2024-02-23T09:12:09.450+0000][4616][gc,phases   ] GC(90)   Other: 59.1ms
[2024-02-23T09:12:09.450+0000][4616][gc,age      ] GC(90) Age table with threshold 3 (max threshold 15)
[2024-02-23T09:12:09.450+0000][4616][gc,age      ] GC(90) - age   1:   69761440 bytes,   69761440 total
[2024-02-23T09:12:09.450+0000][4616][gc,age      ] GC(90) - age   2:   51794136 bytes,  121555576 total
[2024-02-23T09:12:09.450+0000][4616][gc,age      ] GC(90) - age   3:   43766456 bytes,  165322032 total
[2024-02-23T09:12:09.450+0000][4616][gc,heap     ] GC(90) Eden regions: 451->0(344)
[2024-02-23T09:12:09.450+0000][4616][gc,heap     ] GC(90) Survivor regions: 41->42(62)
[2024-02-23T09:12:09.450+0000][4616][gc,heap     ] GC(90) Old regions: 294->301
[2024-02-23T09:12:09.450+0000][4616][gc,heap     ] GC(90) Archive regions: 0->0
[2024-02-23T09:12:09.450+0000][4616][gc,heap     ] GC(90) Humongous regions: 16->16
[2024-02-23T09:12:09.450+0000][4616][gc,metaspace] GC(90) Metaspace: 130839K(137024K)->130839K(137024K) NonClass: 113896K(117760K)->113896K(117760K) Class: 16943K(19264K)->16943K(19264K)
[2024-02-23T09:12:09.450+0000][4616][gc          ] GC(90) Pause Young (Concurrent Start) (G1 Evacuation Pause) 3202M->1433M(4040M) 234.833ms
[2024-02-23T09:12:09.450+0000][4616][gc,cpu      ] GC(90) User=0.19s Sys=0.27s Real=0.23s
[2024-02-23T09:12:09.450+0000][4616][gc          ] GC(91) Concurrent Mark Cycle
[2024-02-23T09:12:09.450+0000][4616][gc,marking  ] GC(91) Concurrent Clear Claimed Marks
[2024-02-23T09:12:09.450+0000][4616][safepoint   ] Safepoint "G1CollectForAllocation", Time since last: 14008442800 ns, Reaching safepoint: 454800 ns, At safepoint: 235154700 ns, Total: 235609500 ns
[2024-02-23T09:12:09.450+0000][4616][gc,marking  ] GC(91) Concurrent Clear Claimed Marks 0.196ms
[2024-02-23T09:12:09.450+0000][4616][gc,marking  ] GC(91) Concurrent Scan Root Regions
[2024-02-23T09:12:09.619+0000][4616][gc,marking  ] GC(91) Concurrent Scan Root Regions 159.620ms
[2024-02-23T09:12:09.619+0000][4616][gc,marking  ] GC(91) Concurrent Mark
[2024-02-23T09:12:09.619+0000][4616][gc,marking  ] GC(91) Concurrent Mark From Roots
[2024-02-23T09:12:09.619+0000][4616][gc,task     ] GC(91) Using 2 workers of 2 for marking
[2024-02-23T09:12:10.149+0000][4616][gc,marking  ] GC(91) Concurrent Mark From Roots 530.911ms
[2024-02-23T09:12:10.149+0000][4616][gc,marking  ] GC(91) Concurrent Preclean
[2024-02-23T09:12:10.149+0000][4616][gc,marking  ] GC(91) Concurrent Preclean 0.907ms
[2024-02-23T09:12:10.149+0000][4616][gc,start    ] GC(91) Pause Remark
[2024-02-23T09:12:10.279+0000][4616][gc          ] GC(91) Pause Remark 1533M->1485M(4040M) 142.703ms
[2024-02-23T09:12:10.279+0000][4616][gc,cpu      ] GC(91) User=0.08s Sys=0.23s Real=0.13s
[2024-02-23T09:12:10.279+0000][4616][safepoint   ] Safepoint "G1Concurrent", Time since last: 691897200 ns, Reaching safepoint: 102700 ns, At safepoint: 143393000 ns, Total: 143495700 ns
[2024-02-23T09:12:10.279+0000][4616][gc,marking  ] GC(91) Concurrent Mark 675.577ms
[2024-02-23T09:12:10.279+0000][4616][gc,marking  ] GC(91) Concurrent Rebuild Remembered Sets
[2024-02-23T09:12:10.506+0000][4616][gc,marking  ] GC(91) Concurrent Rebuild Remembered Sets 211.772ms
[2024-02-23T09:12:10.506+0000][4616][gc,start    ] GC(91) Pause Cleanup
[2024-02-23T09:12:10.507+0000][4616][gc          ] GC(91) Pause Cleanup 1521M->1521M(4040M) 0.675ms
[2024-02-23T09:12:10.507+0000][4616][gc,cpu      ] GC(91) User=0.02s Sys=0.00s Real=0.00s
[2024-02-23T09:12:10.507+0000][4616][safepoint   ] Safepoint "G1Concurrent", Time since last: 212092900 ns, Reaching safepoint: 100800 ns, At safepoint: 907000 ns, Total: 1007800 ns
[2024-02-23T09:12:10.507+0000][4616][gc,marking  ] GC(91) Concurrent Cleanup for Next Mark
[2024-02-23T09:12:10.610+0000][4616][gc,marking  ] GC(91) Concurrent Cleanup for Next Mark 102.838ms
[2024-02-23T09:12:10.610+0000][4616][gc          ] GC(91) Concurrent Mark Cycle 1151.609ms
[2024-02-23T09:12:20.597+0000][4616][safepoint   ] Safepoint "Cleanup", Time since last: 10089320600 ns, Reaching safepoint: 104800 ns, At safepoint: 34900 ns, Total: 139700 ns
[2024-02-23T09:12:23.981+0000][4616][gc,start    ] GC(92) Pause Young (Prepare Mixed) (G1 Evacuation Pause)
[2024-02-23T09:12:23.981+0000][4616][gc,task     ] GC(92) Using 8 workers of 8 for evacuation
[2024-02-23T09:12:23.981+0000][4616][gc,age      ] GC(92) Desired survivor size 127926272 bytes, new threshold 3 (max threshold 15)
[2024-02-23T09:12:24.043+0000][4616][gc,phases   ] GC(92)   Pre Evacuate Collection Set: 0.3ms
[2024-02-23T09:12:24.043+0000][4616][gc,phases   ] GC(92)   Merge Heap Roots: 0.4ms
[2024-02-23T09:12:24.043+0000][4616][gc,phases   ] GC(92)   Evacuate Collection Set: 56.1ms
[2024-02-23T09:12:24.043+0000][4616][gc,phases   ] GC(92)   Post Evacuate Collection Set: 1.8ms
[2024-02-23T09:12:24.043+0000][4616][gc,phases   ] GC(92)   Other: 2.6ms
[2024-02-23T09:12:24.043+0000][4616][gc,age      ] GC(92) Age table with threshold 3 (max threshold 15)
[2024-02-23T09:12:24.043+0000][4616][gc,age      ] GC(92) - age   1:   67348392 bytes,   67348392 total
[2024-02-23T09:12:24.043+0000][4616][gc,age      ] GC(92) - age   2:   58053544 bytes,  125401936 total
[2024-02-23T09:12:24.043+0000][4616][gc,age      ] GC(92) - age   3:   34629272 bytes,  160031208 total
[2024-02-23T09:12:24.043+0000][4616][gc,heap     ] GC(92) Eden regions: 441->0(10)
[2024-02-23T09:12:24.043+0000][4616][gc,heap     ] GC(92) Survivor regions: 42->40(61)
[2024-02-23T09:12:24.043+0000][4616][gc,heap     ] GC(92) Old regions: 300->308
[2024-02-23T09:12:24.043+0000][4616][gc,heap     ] GC(92) Archive regions: 0->0
[2024-02-23T09:12:24.043+0000][4616][gc,heap     ] GC(92) Humongous regions: 6->6
[2024-02-23T09:12:24.043+0000][4616][gc,metaspace] GC(92) Metaspace: 130839K(137024K)->130839K(137024K) NonClass: 113896K(117760K)->113896K(117760K) Class: 16943K(19264K)->16943K(19264K)
[2024-02-23T09:12:24.043+0000][4616][gc          ] GC(92) Pause Young (Prepare Mixed) (G1 Evacuation Pause) 3153M->1413M(4040M) 62.278ms
[2024-02-23T09:12:24.044+0000][4616][gc,cpu      ] GC(92) User=0.23s Sys=0.19s Real=0.06s
[2024-02-23T09:12:24.044+0000][4616][safepoint   ] Safepoint "G1CollectForAllocation", Time since last: 3384108200 ns, Reaching safepoint: 220300 ns, At safepoint: 62643900 ns, Total: 62864200 ns
[2024-02-23T09:12:24.407+0000][4616][gc,start    ] GC(93) Pause Young (Mixed) (G1 Evacuation Pause)
[2024-02-23T09:12:24.407+0000][4616][gc,task     ] GC(93) Using 8 workers of 8 for evacuation
[2024-02-23T09:12:24.407+0000][4616][gc,age      ] GC(93) Desired survivor size 14680064 bytes, new threshold 1 (max threshold 15)
[2024-02-23T09:12:25.021+0000][4616][gc,mmu      ] GC(93) MMU target violated: 201.0ms (200.0ms/201.0ms)
[2024-02-23T09:12:25.061+0000][4616][gc,phases   ] GC(93)   Pre Evacuate Collection Set: 0.5ms
[2024-02-23T09:12:25.061+0000][4616][gc,phases   ] GC(93)   Merge Heap Roots: 0.4ms
[2024-02-23T09:12:25.061+0000][4616][gc,phases   ] GC(93)   Evacuate Collection Set: 594.6ms
[2024-02-23T09:12:25.061+0000][4616][gc,phases   ] GC(93)   Post Evacuate Collection Set: 16.1ms
[2024-02-23T09:12:25.061+0000][4616][gc,phases   ] GC(93)   Other: 37.0ms
[2024-02-23T09:12:25.061+0000][4616][gc,age      ] GC(93) Age table with threshold 1 (max threshold 15)
[2024-02-23T09:12:25.061+0000][4616][gc,age      ] GC(93) - age   1:     784616 bytes,     784616 total
[2024-02-23T09:12:25.061+0000][4616][gc,heap     ] GC(93) Eden regions: 10->0(46)
[2024-02-23T09:12:25.061+0000][4616][gc,heap     ] GC(93) Survivor regions: 40->4(7)
[2024-02-23T09:12:25.061+0000][4616][gc,heap     ] GC(93) Old regions: 308->258
[2024-02-23T09:12:25.061+0000][4616][gc,heap     ] GC(93) Archive regions: 0->0
[2024-02-23T09:12:25.061+0000][4616][gc,heap     ] GC(93) Humongous regions: 6->6
[2024-02-23T09:12:25.061+0000][4616][gc,metaspace] GC(93) Metaspace: 130839K(137024K)->130839K(137024K) NonClass: 113896K(117760K)->113896K(117760K) Class: 16943K(19264K)->16943K(19264K)
[2024-02-23T09:12:25.063+0000][4616][gc          ] GC(93) Pause Young (Mixed) (G1 Evacuation Pause) 1453M->1068M(4040M) 652.574ms
[2024-02-23T09:12:25.063+0000][4616][gc,cpu      ] GC(93) User=0.12s Sys=2.27s Real=0.66s
[2024-02-23T09:12:25.064+0000][4616][safepoint   ] Safepoint "G1CollectForAllocation", Time since last: 366951600 ns, Reaching safepoint: 160000 ns, At safepoint: 652806500 ns, Total: 652966500 ns
[2024-02-23T09:12:26.910+0000][4616][gc,start    ] GC(94) Pause Young (Mixed) (G1 Evacuation Pause)
[2024-02-23T09:12:26.910+0000][4616][gc,task     ] GC(94) Using 8 workers of 8 for evacuation
[2024-02-23T09:12:26.910+0000][4616][gc,age      ] GC(94) Desired survivor size 14680064 bytes, new threshold 15 (max threshold 15)
[2024-02-23T09:12:27.800+0000][4616][gc,mmu      ] GC(94) MMU target violated: 201.0ms (200.0ms/201.0ms)
[2024-02-23T09:12:27.800+0000][4616][gc,phases   ] GC(94)   Pre Evacuate Collection Set: 0.2ms
[2024-02-23T09:12:27.800+0000][4616][gc,phases   ] GC(94)   Merge Heap Roots: 13.0ms
[2024-02-23T09:12:27.800+0000][4616][gc,phases   ] GC(94)   Evacuate Collection Set: 843.9ms
[2024-02-23T09:12:27.800+0000][4616][gc,phases   ] GC(94)   Post Evacuate Collection Set: 2.9ms
[2024-02-23T09:12:27.800+0000][4616][gc,phases   ] GC(94)   Other: 21.6ms
[2024-02-23T09:12:27.800+0000][4616][gc,age      ] GC(94) Age table with threshold 15 (max threshold 15)
[2024-02-23T09:12:27.800+0000][4616][gc,age      ] GC(94) - age   1:    8476848 bytes,    8476848 total
[2024-02-23T09:12:27.800+0000][4616][gc,age      ] GC(94) - age   2:     395600 bytes,    8872448 total
[2024-02-23T09:12:27.800+0000][4616][gc,heap     ] GC(94) Eden regions: 46->0(47)
[2024-02-23T09:12:27.800+0000][4616][gc,heap     ] GC(94) Survivor regions: 4->3(7)
[2024-02-23T09:12:27.800+0000][4616][gc,heap     ] GC(94) Old regions: 258->218
[2024-02-23T09:12:27.800+0000][4616][gc,heap     ] GC(94) Archive regions: 0->0
[2024-02-23T09:12:27.800+0000][4616][gc,heap     ] GC(94) Humongous regions: 6->6
[2024-02-23T09:12:27.800+0000][4616][gc,metaspace] GC(94) Metaspace: 130839K(137024K)->130839K(137024K) NonClass: 113896K(117760K)->113896K(117760K) Class: 16943K(19264K)->16943K(19264K)
[2024-02-23T09:12:27.800+0000][4616][gc          ] GC(94) Pause Young (Mixed) (G1 Evacuation Pause) 1252M->907M(4040M) 882.004ms
[2024-02-23T09:12:27.800+0000][4616][gc,cpu      ] GC(94) User=0.09s Sys=0.44s Real=0.89s
[2024-02-23T09:12:27.800+0000][4616][safepoint   ] Safepoint "G1CollectForAllocation", Time since last: 1858541400 ns, Reaching safepoint: 95400 ns, At safepoint: 882410800 ns, Total: 882506200 ns
[2024-02-23T09:12:28.806+0000][4616][safepoint   ] Safepoint "Cleanup", Time since last: 1000995800 ns, Reaching safepoint: 416600 ns, At safepoint: 41500 ns, Total: 458100 ns
[2024-02-23T09:12:29.639+0000][4616][gc,start    ] GC(95) Pause Young (Mixed) (G1 Evacuation Pause)
[2024-02-23T09:12:29.639+0000][4616][gc,task     ] GC(95) Using 8 workers of 8 for evacuation
[2024-02-23T09:12:29.639+0000][4616][gc,age      ] GC(95) Desired survivor size 14680064 bytes, new threshold 15 (max threshold 15)
[2024-02-23T09:12:29.685+0000][4616][gc,phases   ] GC(95)   Pre Evacuate Collection Set: 0.3ms
[2024-02-23T09:12:29.685+0000][4616][gc,phases   ] GC(95)   Merge Heap Roots: 2.4ms
[2024-02-23T09:12:29.685+0000][4616][gc,phases   ] GC(95)   Evacuate Collection Set: 46.7ms
[2024-02-23T09:12:29.685+0000][4616][gc,phases   ] GC(95)   Post Evacuate Collection Set: 2.4ms
[2024-02-23T09:12:29.685+0000][4616][gc,phases   ] GC(95)   Other: 0.3ms
[2024-02-23T09:12:29.685+0000][4616][gc,age      ] GC(95) Age table with threshold 15 (max threshold 15)
[2024-02-23T09:12:29.685+0000][4616][gc,age      ] GC(95) - age   1:    6270328 bytes,    6270328 total
[2024-02-23T09:12:29.685+0000][4616][gc,age      ] GC(95) - age   2:    7669248 bytes,   13939576 total
[2024-02-23T09:12:29.685+0000][4616][gc,age      ] GC(95) - age   3:     395560 bytes,   14335136 total
[2024-02-23T09:12:29.685+0000][4616][gc,heap     ] GC(95) Eden regions: 47->0(72)
[2024-02-23T09:12:29.685+0000][4616][gc,heap     ] GC(95) Survivor regions: 3->4(7)
[2024-02-23T09:12:29.685+0000][4616][gc,heap     ] GC(95) Old regions: 218->206
[2024-02-23T09:12:29.685+0000][4616][gc,heap     ] GC(95) Archive regions: 0->0
[2024-02-23T09:12:29.685+0000][4616][gc,heap     ] GC(95) Humongous regions: 6->6
[2024-02-23T09:12:29.685+0000][4616][gc,metaspace] GC(95) Metaspace: 130843K(137024K)->130843K(137024K) NonClass: 113899K(117760K)->113899K(117760K) Class: 16944K(19264K)->16944K(19264K)
[2024-02-23T09:12:29.685+0000][4616][gc          ] GC(95) Pause Young (Mixed) (G1 Evacuation Pause) 1095M->863M(4040M) 52.887ms
[2024-02-23T09:12:29.685+0000][4616][gc,cpu      ] GC(95) User=0.06s Sys=0.23s Real=0.05s
[2024-02-23T09:12:29.685+0000][4616][safepoint   ] Safepoint "G1CollectForAllocation", Time since last: 831775300 ns, Reaching safepoint: 215900 ns, At safepoint: 53983600 ns, Total: 54199500 ns
[2024-02-23T09:12:31.761+0000][4616][gc,start    ] GC(96) Pause Young (Normal) (G1 Evacuation Pause)
[2024-02-23T09:12:31.761+0000][4616][gc,task     ] GC(96) Using 8 workers of 8 for evacuation
[2024-02-23T09:12:31.761+0000][4616][gc,age      ] GC(96) Desired survivor size 20971520 bytes, new threshold 15 (max threshold 15)
[2024-02-23T09:12:31.842+0000][4616][gc,phases   ] GC(96)   Pre Evacuate Collection Set: 13.9ms
[2024-02-23T09:12:31.842+0000][4616][gc,phases   ] GC(96)   Merge Heap Roots: 0.3ms
[2024-02-23T09:12:31.842+0000][4616][gc,phases   ] GC(96)   Evacuate Collection Set: 12.5ms
[2024-02-23T09:12:31.842+0000][4616][gc,phases   ] GC(96)   Post Evacuate Collection Set: 1.8ms
[2024-02-23T09:12:31.842+0000][4616][gc,phases   ] GC(96)   Other: 42.2ms
[2024-02-23T09:12:31.842+0000][4616][gc,age      ] GC(96) Age table with threshold 15 (max threshold 15)
[2024-02-23T09:12:31.842+0000][4616][gc,age      ] GC(96) - age   1:   16541440 bytes,   16541440 total
[2024-02-23T09:12:31.842+0000][4616][gc,age      ] GC(96) - age   2:    5616624 bytes,   22158064 total
[2024-02-23T09:12:31.842+0000][4616][gc,age      ] GC(96) - age   3:    7317432 bytes,   29475496 total
[2024-02-23T09:12:31.842+0000][4616][gc,age      ] GC(96) - age   4:     291768 bytes,   29767264 total
[2024-02-23T09:12:31.842+0000][4616][gc,heap     ] GC(96) Eden regions: 72->0(42)
[2024-02-23T09:12:31.842+0000][4616][gc,heap     ] GC(96) Survivor regions: 4->8(10)
[2024-02-23T09:12:31.842+0000][4616][gc,heap     ] GC(96) Old regions: 206->206
[2024-02-23T09:12:31.842+0000][4616][gc,heap     ] GC(96) Archive regions: 0->0
[2024-02-23T09:12:31.842+0000][4616][gc,heap     ] GC(96) Humongous regions: 6->6
[2024-02-23T09:12:31.842+0000][4616][gc,metaspace] GC(96) Metaspace: 130843K(137024K)->130843K(137024K) NonClass: 113899K(117760K)->113899K(117760K) Class: 16944K(19264K)->16944K(19264K)
[2024-02-23T09:12:31.842+0000][4616][gc          ] GC(96) Pause Young (Normal) (G1 Evacuation Pause) 1150M->877M(4040M) 72.316ms
[2024-02-23T09:12:31.842+0000][4616][gc,cpu      ] GC(96) User=0.12s Sys=0.00s Real=0.08s
[2024-02-23T09:12:31.842+0000][4616][safepoint   ] Safepoint "G1CollectForAllocation", Time since last: 2080903000 ns, Reaching safepoint: 144500 ns, At safepoint: 73021400 ns, Total: 73165900 ns
[2024-02-23T09:12:33.008+0000][4616][gc,start    ] GC(97) Pause Young (Normal) (G1 Evacuation Pause)
[2024-02-23T09:12:33.008+0000][4616][gc,task     ] GC(97) Using 8 workers of 8 for evacuation
[2024-02-23T09:12:33.008+0000][4616][gc,age      ] GC(97) Desired survivor size 14680064 bytes, new threshold 1 (max threshold 15)
[2024-02-23T09:12:33.227+0000][4616][gc,mmu      ] GC(97) MMU target violated: 201.0ms (200.0ms/201.0ms)
[2024-02-23T09:12:33.227+0000][4616][gc,phases   ] GC(97)   Pre Evacuate Collection Set: 0.2ms
[2024-02-23T09:12:33.227+0000][4616][gc,phases   ] GC(97)   Merge Heap Roots: 0.1ms
[2024-02-23T09:12:33.227+0000][4616][gc,phases   ] GC(97)   Evacuate Collection Set: 208.5ms
[2024-02-23T09:12:33.227+0000][4616][gc,phases   ] GC(97)   Post Evacuate Collection Set: 1.4ms
[2024-02-23T09:12:33.227+0000][4616][gc,phases   ] GC(97)   Other: 0.3ms
[2024-02-23T09:12:33.227+0000][4616][gc,age      ] GC(97) Age table with threshold 1 (max threshold 15)
[2024-02-23T09:12:33.227+0000][4616][gc,age      ] GC(97) - age   1:    6340504 bytes,    6340504 total
[2024-02-23T09:12:33.227+0000][4616][gc,heap     ] GC(97) Eden regions: 42->0(92)
[2024-02-23T09:12:33.227+0000][4616][gc,heap     ] GC(97) Survivor regions: 8->2(7)
[2024-02-23T09:12:33.227+0000][4616][gc,heap     ] GC(97) Old regions: 206->214
[2024-02-23T09:12:33.227+0000][4616][gc,heap     ] GC(97) Archive regions: 0->0
[2024-02-23T09:12:33.227+0000][4616][gc,heap     ] GC(97) Humongous regions: 6->6
[2024-02-23T09:12:33.227+0000][4616][gc,metaspace] GC(97) Metaspace: 130843K(137024K)->130843K(137024K) NonClass: 113899K(117760K)->113899K(117760K) Class: 16944K(19264K)->16944K(19264K)
[2024-02-23T09:12:33.227+0000][4616][gc          ] GC(97) Pause Young (Normal) (G1 Evacuation Pause) 1045M->884M(4040M) 211.156ms
[2024-02-23T09:12:33.227+0000][4616][gc,cpu      ] GC(97) User=0.09s Sys=0.27s Real=0.22s
[2024-02-23T09:12:33.227+0000][4616][safepoint   ] Safepoint "G1CollectForAllocation", Time since last: 1175156600 ns, Reaching safepoint: 99600 ns, At safepoint: 211913700 ns, Total: 212013300 ns
[2024-02-23T09:12:35.896+0000][4616][gc,start    ] GC(98) Pause Young (Normal) (G1 Evacuation Pause)
[2024-02-23T09:12:35.896+0000][4616][gc,task     ] GC(98) Using 8 workers of 8 for evacuation
[2024-02-23T09:12:35.896+0000][4616][gc,age      ] GC(98) Desired survivor size 25165824 bytes, new threshold 15 (max threshold 15)
[2024-02-23T09:12:35.896+0000][4616][gc,phases   ] GC(98)   Pre Evacuate Collection Set: 0.2ms
[2024-02-23T09:12:35.896+0000][4616][gc,phases   ] GC(98)   Merge Heap Roots: 0.2ms
[2024-02-23T09:12:35.896+0000][4616][gc,phases   ] GC(98)   Evacuate Collection Set: 6.7ms
[2024-02-23T09:12:35.896+0000][4616][gc,phases   ] GC(98)   Post Evacuate Collection Set: 1.4ms
[2024-02-23T09:12:35.896+0000][4616][gc,phases   ] GC(98)   Other: 0.4ms
[2024-02-23T09:12:35.896+0000][4616][gc,age      ] GC(98) Age table with threshold 15 (max threshold 15)
[2024-02-23T09:12:35.896+0000][4616][gc,age      ] GC(98) - age   1:   12291784 bytes,   12291784 total
[2024-02-23T09:12:35.896+0000][4616][gc,age      ] GC(98) - age   2:    5599792 bytes,   17891576 total
[2024-02-23T09:12:35.896+0000][4616][gc,heap     ] GC(98) Eden regions: 92->0(92)
[2024-02-23T09:12:35.896+0000][4616][gc,heap     ] GC(98) Survivor regions: 2->5(12)
[2024-02-23T09:12:35.896+0000][4616][gc,heap     ] GC(98) Old regions: 214->214
[2024-02-23T09:12:35.896+0000][4616][gc,heap     ] GC(98) Archive regions: 0->0
[2024-02-23T09:12:35.896+0000][4616][gc,heap     ] GC(98) Humongous regions: 6->6
[2024-02-23T09:12:35.896+0000][4616][gc,metaspace] GC(98) Metaspace: 130843K(137024K)->130843K(137024K) NonClass: 113899K(117760K)->113899K(117760K) Class: 16944K(19264K)->16944K(19264K)
[2024-02-23T09:12:35.896+0000][4616][gc          ] GC(98) Pause Young (Normal) (G1 Evacuation Pause) 1252M->895M(4040M) 9.799ms
[2024-02-23T09:12:35.896+0000][4616][gc,cpu      ] GC(98) User=0.00s Sys=0.00s Real=0.00s
[2024-02-23T09:12:35.896+0000][4616][safepoint   ] Safepoint "G1CollectForAllocation", Time since last: 2663377000 ns, Reaching safepoint: 138800 ns, At safepoint: 9996700 ns, Total: 10135500 ns
[2024-02-23T09:12:37.913+0000][4616][safepoint   ] Safepoint "Cleanup", Time since last: 2005532200 ns, Reaching safepoint: 138700 ns, At safepoint: 88900 ns, Total: 227600 ns
[2024-02-23T09:12:38.561+0000][4616][gc,start    ] GC(99) Pause Young (Normal) (G1 Evacuation Pause)
[2024-02-23T09:12:38.561+0000][4616][gc,task     ] GC(99) Using 8 workers of 8 for evacuation
[2024-02-23T09:12:38.561+0000][4616][gc,age      ] GC(99) Desired survivor size 27262976 bytes, new threshold 15 (max threshold 15)
[2024-02-23T09:12:38.561+0000][4616][gc,phases   ] GC(99)   Pre Evacuate Collection Set: 0.2ms
[2024-02-23T09:12:38.561+0000][4616][gc,phases   ] GC(99)   Merge Heap Roots: 0.2ms
[2024-02-23T09:12:38.561+0000][4616][gc,phases   ] GC(99)   Evacuate Collection Set: 7.3ms
[2024-02-23T09:12:38.561+0000][4616][gc,phases   ] GC(99)   Post Evacuate Collection Set: 1.0ms
[2024-02-23T09:12:38.561+0000][4616][gc,phases   ] GC(99)   Other: 0.2ms
[2024-02-23T09:12:38.561+0000][4616][gc,age      ] GC(99) Age table with threshold 15 (max threshold 15)
[2024-02-23T09:12:38.561+0000][4616][gc,age      ] GC(99) - age   1:   13967512 bytes,   13967512 total
[2024-02-23T09:12:38.561+0000][4616][gc,age      ] GC(99) - age   2:   11138896 bytes,   25106408 total
[2024-02-23T09:12:38.561+0000][4616][gc,age      ] GC(99) - age   3:    4903304 bytes,   30009712 total
[2024-02-23T09:12:38.561+0000][4616][gc,heap     ] GC(99) Eden regions: 92->0(96)
[2024-02-23T09:12:38.561+0000][4616][gc,heap     ] GC(99) Survivor regions: 5->8(13)
[2024-02-23T09:12:38.561+0000][4616][gc,heap     ] GC(99) Old regions: 214->214
[2024-02-23T09:12:38.561+0000][4616][gc,heap     ] GC(99) Archive regions: 0->0
[2024-02-23T09:12:38.561+0000][4616][gc,heap     ] GC(99) Humongous regions: 6->6
[2024-02-23T09:12:38.561+0000][4616][gc,metaspace] GC(99) Metaspace: 130843K(137024K)->130843K(137024K) NonClass: 113899K(117760K)->113899K(117760K) Class: 16944K(19264K)->16944K(19264K)
[2024-02-23T09:12:38.561+0000][4616][gc          ] GC(99) Pause Young (Normal) (G1 Evacuation Pause) 1263M->907M(4040M) 9.321ms
[2024-02-23T09:12:38.561+0000][4616][gc,cpu      ] GC(99) User=0.00s Sys=0.00s Real=0.00s
[2024-02-23T09:12:38.561+0000][4616][safepoint   ] Safepoint "G1CollectForAllocation", Time since last: 648524400 ns, Reaching safepoint: 100600 ns, At safepoint: 9508200 ns, Total: 9608800 ns
[2024-02-23T09:12:40.478+0000][4616][gc,start    ] GC(100) Pause Young (Normal) (G1 Evacuation Pause)
[2024-02-23T09:12:40.478+0000][4616][gc,task     ] GC(100) Using 8 workers of 8 for evacuation
[2024-02-23T09:12:40.478+0000][4616][gc,age      ] GC(100) Desired survivor size 27262976 bytes, new threshold 3 (max threshold 15)
[2024-02-23T09:12:40.489+0000][4616][gc,phases   ] GC(100)   Pre Evacuate Collection Set: 0.2ms
[2024-02-23T09:12:40.489+0000][4616][gc,phases   ] GC(100)   Merge Heap Roots: 0.2ms
[2024-02-23T09:12:40.489+0000][4616][gc,phases   ] GC(100)   Evacuate Collection Set: 16.3ms
[2024-02-23T09:12:40.489+0000][4616][gc,phases   ] GC(100)   Post Evacuate Collection Set: 0.9ms
[2024-02-23T09:12:40.489+0000][4616][gc,phases   ] GC(100)   Other: 0.2ms
[2024-02-23T09:12:40.489+0000][4616][gc,age      ] GC(100) Age table with threshold 3 (max threshold 15)
[2024-02-23T09:12:40.489+0000][4616][gc,age      ] GC(100) - age   1:   13632720 bytes,   13632720 total
[2024-02-23T09:12:40.489+0000][4616][gc,age      ] GC(100) - age   2:   12456920 bytes,   26089640 total
[2024-02-23T09:12:40.489+0000][4616][gc,age      ] GC(100) - age   3:   10593200 bytes,   36682840 total
[2024-02-23T09:12:40.489+0000][4616][gc,heap     ] GC(100) Eden regions: 96->0(133)
[2024-02-23T09:12:40.489+0000][4616][gc,heap     ] GC(100) Survivor regions: 8->10(13)
[2024-02-23T09:12:40.489+0000][4616][gc,heap     ] GC(100) Old regions: 214->215
[2024-02-23T09:12:40.489+0000][4616][gc,heap     ] GC(100) Archive regions: 0->0
[2024-02-23T09:12:40.489+0000][4616][gc,heap     ] GC(100) Humongous regions: 6->6
[2024-02-23T09:12:40.489+0000][4616][gc,metaspace] GC(100) Metaspace: 130843K(137024K)->130843K(137024K) NonClass: 113899K(117760K)->113899K(117760K) Class: 16944K(19264K)->16944K(19264K)
[2024-02-23T09:12:40.489+0000][4616][gc          ] GC(100) Pause Young (Normal) (G1 Evacuation Pause) 1291M->918M(4040M) 18.343ms
[2024-02-23T09:12:40.489+0000][4616][gc,cpu      ] GC(100) User=0.00s Sys=0.00s Real=0.01s
[2024-02-23T09:12:40.489+0000][4616][safepoint   ] Safepoint "G1CollectForAllocation", Time since last: 1909175200 ns, Reaching safepoint: 147400 ns, At safepoint: 18566400 ns, Total: 18713800 ns
[2024-02-23T09:12:45.433+0000][4616][gc,start    ] GC(101) Pause Young (Normal) (G1 Evacuation Pause)
[2024-02-23T09:12:45.433+0000][4616][gc,task     ] GC(101) Using 8 workers of 8 for evacuation
[2024-02-23T09:12:45.433+0000][4616][gc,age      ] GC(101) Desired survivor size 37748736 bytes, new threshold 15 (max threshold 15)
[2024-02-23T09:12:45.448+0000][4616][gc,phases   ] GC(101)   Pre Evacuate Collection Set: 0.2ms
[2024-02-23T09:12:45.448+0000][4616][gc,phases   ] GC(101)   Merge Heap Roots: 0.3ms
[2024-02-23T09:12:45.448+0000][4616][gc,phases   ] GC(101)   Evacuate Collection Set: 12.9ms
[2024-02-23T09:12:45.448+0000][4616][gc,phases   ] GC(101)   Post Evacuate Collection Set: 1.5ms
[2024-02-23T09:12:45.448+0000][4616][gc,phases   ] GC(101)   Other: 0.3ms
[2024-02-23T09:12:45.448+0000][4616][gc,age      ] GC(101) Age table with threshold 15 (max threshold 15)
[2024-02-23T09:12:45.448+0000][4616][gc,age      ] GC(101) - age   1:   16734776 bytes,   16734776 total
[2024-02-23T09:12:45.448+0000][4616][gc,age      ] GC(101) - age   2:   11986168 bytes,   28720944 total
[2024-02-23T09:12:45.448+0000][4616][gc,age      ] GC(101) - age   3:   11173048 bytes,   39893992 total
[2024-02-23T09:12:45.448+0000][4616][gc,age      ] GC(101) - age   4:    9795712 bytes,   49689704 total
[2024-02-23T09:12:45.448+0000][4616][gc,heap     ] GC(101) Eden regions: 133->0(173)
[2024-02-23T09:12:45.448+0000][4616][gc,heap     ] GC(101) Survivor regions: 10->13(18)
[2024-02-23T09:12:45.448+0000][4616][gc,heap     ] GC(101) Old regions: 215->215
[2024-02-23T09:12:45.448+0000][4616][gc,heap     ] GC(101) Archive regions: 0->0
[2024-02-23T09:12:45.448+0000][4616][gc,heap     ] GC(101) Humongous regions: 7->7
[2024-02-23T09:12:45.448+0000][4616][gc,metaspace] GC(101) Metaspace: 130843K(137024K)->130843K(137024K) NonClass: 113899K(117760K)->113899K(117760K) Class: 16944K(19264K)->16944K(19264K)
[2024-02-23T09:12:45.448+0000][4616][gc          ] GC(101) Pause Young (Normal) (G1 Evacuation Pause) 1454M->935M(4040M) 15.989ms
[2024-02-23T09:12:45.448+0000][4616][gc,cpu      ] GC(101) User=0.09s Sys=0.02s Real=0.01s
[2024-02-23T09:12:45.448+0000][4616][safepoint   ] Safepoint "G1CollectForAllocation", Time since last: 4947564000 ns, Reaching safepoint: 205000 ns, At safepoint: 16257200 ns, Total: 16462200 ns
[2024-02-23T09:12:50.307+0000][4616][gc,start    ] GC(102) Pause Young (Normal) (G1 Evacuation Pause)
[2024-02-23T09:12:50.307+0000][4616][gc,task     ] GC(102) Using 8 workers of 8 for evacuation
[2024-02-23T09:12:50.307+0000][4616][gc,age      ] GC(102) Desired survivor size 50331648 bytes, new threshold 15 (max threshold 15)
[2024-02-23T09:12:50.332+0000][4616][gc,phases   ] GC(102)   Pre Evacuate Collection Set: 0.2ms
[2024-02-23T09:12:50.332+0000][4616][gc,phases   ] GC(102)   Merge Heap Roots: 0.2ms
[2024-02-23T09:12:50.332+0000][4616][gc,phases   ] GC(102)   Evacuate Collection Set: 16.5ms
[2024-02-23T09:12:50.332+0000][4616][gc,phases   ] GC(102)   Post Evacuate Collection Set: 1.2ms
[2024-02-23T09:12:50.332+0000][4616][gc,phases   ] GC(102)   Other: 0.2ms
[2024-02-23T09:12:50.332+0000][4616][gc,age      ] GC(102) Age table with threshold 15 (max threshold 15)
[2024-02-23T09:12:50.332+0000][4616][gc,age      ] GC(102) - age   1:   27239256 bytes,   27239256 total
[2024-02-23T09:12:50.332+0000][4616][gc,age      ] GC(102) - age   2:   15135544 bytes,   42374800 total
[2024-02-23T09:12:50.332+0000][4616][gc,age      ] GC(102) - age   3:   10947360 bytes,   53322160 total
[2024-02-23T09:12:50.332+0000][4616][gc,age      ] GC(102) - age   4:   10318272 bytes,   63640432 total
[2024-02-23T09:12:50.332+0000][4616][gc,age      ] GC(102) - age   5:    9250936 bytes,   72891368 total
[2024-02-23T09:12:50.332+0000][4616][gc,heap     ] GC(102) Eden regions: 173->0(163)
[2024-02-23T09:12:50.332+0000][4616][gc,heap     ] GC(102) Survivor regions: 13->19(24)
[2024-02-23T09:12:50.332+0000][4616][gc,heap     ] GC(102) Old regions: 215->215
[2024-02-23T09:12:50.332+0000][4616][gc,heap     ] GC(102) Archive regions: 0->0
[2024-02-23T09:12:50.332+0000][4616][gc,heap     ] GC(102) Humongous regions: 7->7
[2024-02-23T09:12:50.332+0000][4616][gc,metaspace] GC(102) Metaspace: 130843K(137024K)->130843K(137024K) NonClass: 113899K(117760K)->113899K(117760K) Class: 16944K(19264K)->16944K(19264K)
[2024-02-23T09:12:50.332+0000][4616][gc          ] GC(102) Pause Young (Normal) (G1 Evacuation Pause) 1627M->958M(4040M) 19.255ms
[2024-02-23T09:12:50.332+0000][4616][gc,cpu      ] GC(102) User=0.12s Sys=0.00s Real=0.03s
[2024-02-23T09:12:50.332+0000][4616][safepoint   ] Safepoint "G1CollectForAllocation", Time since last: 4850381400 ns, Reaching safepoint: 170800 ns, At safepoint: 19492700 ns, Total: 19663500 ns
[2024-02-23T09:12:57.264+0000][4616][gc,start    ] GC(103) Pause Young (Normal) (G1 Evacuation Pause)
[2024-02-23T09:12:57.264+0000][4616][gc,task     ] GC(103) Using 8 workers of 8 for evacuation
[2024-02-23T09:12:57.264+0000][4616][gc,age      ] GC(103) Desired survivor size 48234496 bytes, new threshold 3 (max threshold 15)
[2024-02-23T09:12:57.369+0000][4616][gc,phases   ] GC(103)   Pre Evacuate Collection Set: 0.3ms
[2024-02-23T09:12:57.369+0000][4616][gc,phases   ] GC(103)   Merge Heap Roots: 0.3ms
[2024-02-23T09:12:57.369+0000][4616][gc,phases   ] GC(103)   Evacuate Collection Set: 98.3ms
[2024-02-23T09:12:57.369+0000][4616][gc,phases   ] GC(103)   Post Evacuate Collection Set: 1.1ms
[2024-02-23T09:12:57.369+0000][4616][gc,phases   ] GC(103)   Other: 2.6ms
[2024-02-23T09:12:57.369+0000][4616][gc,age      ] GC(103) Age table with threshold 3 (max threshold 15)
[2024-02-23T09:12:57.369+0000][4616][gc,age      ] GC(103) - age   1:   29496904 bytes,   29496904 total
[2024-02-23T09:12:57.369+0000][4616][gc,age      ] GC(103) - age   2:   24704592 bytes,   54201496 total
[2024-02-23T09:12:57.369+0000][4616][gc,age      ] GC(103) - age   3:   13633392 bytes,   67834888 total
[2024-02-23T09:12:57.369+0000][4616][gc,heap     ] GC(103) Eden regions: 163->0(218)
[2024-02-23T09:12:57.369+0000][4616][gc,heap     ] GC(103) Survivor regions: 19->18(23)
[2024-02-23T09:12:57.369+0000][4616][gc,heap     ] GC(103) Old regions: 215->221
[2024-02-23T09:12:57.369+0000][4616][gc,heap     ] GC(103) Archive regions: 0->0
[2024-02-23T09:12:57.369+0000][4616][gc,heap     ] GC(103) Humongous regions: 7->7
[2024-02-23T09:12:57.369+0000][4616][gc,metaspace] GC(103) Metaspace: 130843K(137024K)->130843K(137024K) NonClass: 113899K(117760K)->113899K(117760K) Class: 16944K(19264K)->16944K(19264K)
[2024-02-23T09:12:57.369+0000][4616][gc          ] GC(103) Pause Young (Normal) (G1 Evacuation Pause) 1610M->981M(4040M) 103.260ms
[2024-02-23T09:12:57.369+0000][4616][gc,cpu      ] GC(103) User=0.12s Sys=0.23s Real=0.11s
[2024-02-23T09:12:57.369+0000][4616][safepoint   ] Safepoint "G1CollectForAllocation", Time since last: 6935705500 ns, Reaching safepoint: 148200 ns, At safepoint: 103543100 ns, Total: 103691300 ns
[2024-02-23T09:13:03.390+0000][4616][gc,start    ] GC(104) Pause Young (Normal) (G1 Evacuation Pause)
[2024-02-23T09:13:03.390+0000][4616][gc,task     ] GC(104) Using 8 workers of 8 for evacuation
[2024-02-23T09:13:03.390+0000][4616][gc,age      ] GC(104) Desired survivor size 62914560 bytes, new threshold 3 (max threshold 15)
[2024-02-23T09:13:03.435+0000][4616][gc,phases   ] GC(104)   Pre Evacuate Collection Set: 0.2ms
[2024-02-23T09:13:03.435+0000][4616][gc,phases   ] GC(104)   Merge Heap Roots: 0.2ms
[2024-02-23T09:13:03.435+0000][4616][gc,phases   ] GC(104)   Evacuate Collection Set: 40.8ms
[2024-02-23T09:13:03.435+0000][4616][gc,phases   ] GC(104)   Post Evacuate Collection Set: 1.1ms
[2024-02-23T09:13:03.435+0000][4616][gc,phases   ] GC(104)   Other: 0.3ms
[2024-02-23T09:13:03.435+0000][4616][gc,age      ] GC(104) Age table with threshold 3 (max threshold 15)
[2024-02-23T09:13:03.435+0000][4616][gc,age      ] GC(104) - age   1:   37439824 bytes,   37439824 total
[2024-02-23T09:13:03.435+0000][4616][gc,age      ] GC(104) - age   2:   25986024 bytes,   63425848 total
[2024-02-23T09:13:03.435+0000][4616][gc,age      ] GC(104) - age   3:   22647144 bytes,   86072992 total
[2024-02-23T09:13:03.435+0000][4616][gc,heap     ] GC(104) Eden regions: 218->0(226)
[2024-02-23T09:13:03.435+0000][4616][gc,heap     ] GC(104) Survivor regions: 18->23(30)
[2024-02-23T09:13:03.435+0000][4616][gc,heap     ] GC(104) Old regions: 221->224
[2024-02-23T09:13:03.435+0000][4616][gc,heap     ] GC(104) Archive regions: 0->0
[2024-02-23T09:13:03.435+0000][4616][gc,heap     ] GC(104) Humongous regions: 7->7
[2024-02-23T09:13:03.435+0000][4616][gc,metaspace] GC(104) Metaspace: 130844K(137024K)->130844K(137024K) NonClass: 113900K(117760K)->113900K(117760K) Class: 16944K(19264K)->16944K(19264K)
[2024-02-23T09:13:03.435+0000][4616][gc          ] GC(104) Pause Young (Normal) (G1 Evacuation Pause) 1853M->1012M(4040M) 43.063ms
[2024-02-23T09:13:03.435+0000][4616][gc,cpu      ] GC(104) User=0.17s Sys=0.09s Real=0.04s
[2024-02-23T09:13:03.435+0000][4616][safepoint   ] Safepoint "G1CollectForAllocation", Time since last: 6020651900 ns, Reaching safepoint: 59800 ns, At safepoint: 43389800 ns, Total: 43449600 ns
[2024-02-23T09:13:08.462+0000][4616][safepoint   ] Safepoint "Cleanup", Time since last: 5025342300 ns, Reaching safepoint: 122900 ns, At safepoint: 24600 ns, Total: 147500 ns
[2024-02-23T09:13:10.476+0000][4616][safepoint   ] Safepoint "Cleanup", Time since last: 2014035000 ns, Reaching safepoint: 119600 ns, At safepoint: 12600 ns, Total: 132200 ns
[2024-02-23T09:13:11.487+0000][4616][safepoint   ] Safepoint "Cleanup", Time since last: 1010780900 ns, Reaching safepoint: 77900 ns, At safepoint: 55000 ns, Total: 132900 ns
[2024-02-23T09:13:11.556+0000][4616][gc,start    ] GC(105) Pause Young (Normal) (G1 Evacuation Pause)
[2024-02-23T09:13:11.556+0000][4616][gc,task     ] GC(105) Using 8 workers of 8 for evacuation
[2024-02-23T09:13:11.556+0000][4616][gc,age      ] GC(105) Desired survivor size 67108864 bytes, new threshold 3 (max threshold 15)
[2024-02-23T09:13:11.595+0000][4616][gc,phases   ] GC(105)   Pre Evacuate Collection Set: 0.2ms
[2024-02-23T09:13:11.595+0000][4616][gc,phases   ] GC(105)   Merge Heap Roots: 0.2ms
[2024-02-23T09:13:11.595+0000][4616][gc,phases   ] GC(105)   Evacuate Collection Set: 40.4ms
[2024-02-23T09:13:11.595+0000][4616][gc,phases   ] GC(105)   Post Evacuate Collection Set: 1.4ms
[2024-02-23T09:13:11.595+0000][4616][gc,phases   ] GC(105)   Other: 0.3ms
[2024-02-23T09:13:11.595+0000][4616][gc,age      ] GC(105) Age table with threshold 3 (max threshold 15)
[2024-02-23T09:13:11.595+0000][4616][gc,age      ] GC(105) - age   1:   32650776 bytes,   32650776 total
[2024-02-23T09:13:11.595+0000][4616][gc,age      ] GC(105) - age   2:   32885928 bytes,   65536704 total
[2024-02-23T09:13:11.595+0000][4616][gc,age      ] GC(105) - age   3:   23310128 bytes,   88846832 total
[2024-02-23T09:13:11.595+0000][4616][gc,heap     ] GC(105) Eden regions: 226->0(451)
[2024-02-23T09:13:11.595+0000][4616][gc,heap     ] GC(105) Survivor regions: 23->23(32)
[2024-02-23T09:13:11.595+0000][4616][gc,heap     ] GC(105) Old regions: 224->229
[2024-02-23T09:13:11.595+0000][4616][gc,heap     ] GC(105) Archive regions: 0->0
[2024-02-23T09:13:11.595+0000][4616][gc,heap     ] GC(105) Humongous regions: 8->8
[2024-02-23T09:13:11.595+0000][4616][gc,metaspace] GC(105) Metaspace: 130844K(137024K)->130844K(137024K) NonClass: 113900K(117760K)->113900K(117760K) Class: 16944K(19264K)->16944K(19264K)
[2024-02-23T09:13:11.595+0000][4616][gc          ] GC(105) Pause Young (Normal) (G1 Evacuation Pause) 1920M->1036M(4040M) 42.968ms
[2024-02-23T09:13:11.595+0000][4616][gc,cpu      ] GC(105) User=0.06s Sys=0.12s Real=0.04s
[2024-02-23T09:13:11.595+0000][4616][safepoint   ] Safepoint "G1CollectForAllocation", Time since last: 68155500 ns, Reaching safepoint: 127100 ns, At safepoint: 43227100 ns, Total: 43354200 ns
[2024-02-23T09:13:28.204+0000][4616][gc,start    ] GC(106) Pause Young (Normal) (G1 Evacuation Pause)
[2024-02-23T09:13:28.204+0000][4616][gc,task     ] GC(106) Using 8 workers of 8 for evacuation
[2024-02-23T09:13:28.204+0000][4616][gc,age      ] GC(106) Desired survivor size 125829120 bytes, new threshold 15 (max threshold 15)
[2024-02-23T09:13:28.240+0000][4616][gc,phases   ] GC(106)   Pre Evacuate Collection Set: 0.2ms
[2024-02-23T09:13:28.240+0000][4616][gc,phases   ] GC(106)   Merge Heap Roots: 0.2ms
[2024-02-23T09:13:28.240+0000][4616][gc,phases   ] GC(106)   Evacuate Collection Set: 28.8ms
[2024-02-23T09:13:28.240+0000][4616][gc,phases   ] GC(106)   Post Evacuate Collection Set: 1.5ms
[2024-02-23T09:13:28.240+0000][4616][gc,phases   ] GC(106)   Other: 0.9ms
[2024-02-23T09:13:28.240+0000][4616][gc,age      ] GC(106) Age table with threshold 15 (max threshold 15)
[2024-02-23T09:13:28.240+0000][4616][gc,age      ] GC(106) - age   1:   73394256 bytes,   73394256 total
[2024-02-23T09:13:28.240+0000][4616][gc,age      ] GC(106) - age   2:   24641792 bytes,   98036048 total
[2024-02-23T09:13:28.240+0000][4616][gc,age      ] GC(106) - age   3:   27193088 bytes,  125229136 total
[2024-02-23T09:13:28.240+0000][4616][gc,age      ] GC(106) - age   4:   19591920 bytes,  144821056 total
[2024-02-23T09:13:28.240+0000][4616][gc,heap     ] GC(106) Eden regions: 451->0(314)
[2024-02-23T09:13:28.240+0000][4616][gc,heap     ] GC(106) Survivor regions: 23->37(60)
[2024-02-23T09:13:28.240+0000][4616][gc,heap     ] GC(106) Old regions: 229->229
[2024-02-23T09:13:28.240+0000][4616][gc,heap     ] GC(106) Archive regions: 0->0
[2024-02-23T09:13:28.240+0000][4616][gc,heap     ] GC(106) Humongous regions: 8->8
[2024-02-23T09:13:28.240+0000][4616][gc,metaspace] GC(106) Metaspace: 130852K(137024K)->130852K(137024K) NonClass: 113907K(117760K)->113907K(117760K) Class: 16944K(19264K)->16944K(19264K)
[2024-02-23T09:13:28.240+0000][4616][gc          ] GC(106) Pause Young (Normal) (G1 Evacuation Pause) 2840M->1092M(4040M) 32.107ms
[2024-02-23T09:13:28.240+0000][4616][gc,cpu      ] GC(106) User=0.23s Sys=0.00s Real=0.04s
[2024-02-23T09:13:28.241+0000][4616][safepoint   ] Safepoint "G1CollectForAllocation", Time since last: 16609477700 ns, Reaching safepoint: 123000 ns, At safepoint: 32537100 ns, Total: 32660100 ns
[2024-02-23T09:13:32.269+0000][4616][safepoint   ] Safepoint "Cleanup", Time since last: 4028114900 ns, Reaching safepoint: 108800 ns, At safepoint: 60300 ns, Total: 169100 ns
[2024-02-23T09:13:34.283+0000][4616][safepoint   ] Safepoint "Cleanup", Time since last: 2014025400 ns, Reaching safepoint: 140800 ns, At safepoint: 63600 ns, Total: 204400 ns
[2024-02-23T09:13:37.028+0000][4616][gc,start    ] GC(107) Pause Young (Normal) (G1 Evacuation Pause)
[2024-02-23T09:13:37.028+0000][4616][gc,task     ] GC(107) Using 8 workers of 8 for evacuation
[2024-02-23T09:13:37.028+0000][4616][gc,age      ] GC(107) Desired survivor size 92274688 bytes, new threshold 2 (max threshold 15)
[2024-02-23T09:13:37.401+0000][4616][gc,mmu      ] GC(107) MMU target violated: 201.0ms (200.0ms/201.0ms)
[2024-02-23T09:13:37.401+0000][4616][gc,phases   ] GC(107)   Pre Evacuate Collection Set: 0.3ms
[2024-02-23T09:13:37.401+0000][4616][gc,phases   ] GC(107)   Merge Heap Roots: 0.5ms
[2024-02-23T09:13:37.401+0000][4616][gc,phases   ] GC(107)   Evacuate Collection Set: 366.2ms
[2024-02-23T09:13:37.401+0000][4616][gc,phases   ] GC(107)   Post Evacuate Collection Set: 2.0ms
[2024-02-23T09:13:37.401+0000][4616][gc,phases   ] GC(107)   Other: 3.5ms
[2024-02-23T09:13:37.401+0000][4616][gc,age      ] GC(107) Age table with threshold 2 (max threshold 15)
[2024-02-23T09:13:37.401+0000][4616][gc,age      ] GC(107) - age   1:   41418608 bytes,   41418608 total
[2024-02-23T09:13:37.401+0000][4616][gc,age      ] GC(107) - age   2:   65552392 bytes,  106971000 total
[2024-02-23T09:13:37.401+0000][4616][gc,heap     ] GC(107) Eden regions: 314->0(110)
[2024-02-23T09:13:37.401+0000][4616][gc,heap     ] GC(107) Survivor regions: 37->28(44)
[2024-02-23T09:13:37.401+0000][4616][gc,heap     ] GC(107) Old regions: 229->244
[2024-02-23T09:13:37.401+0000][4616][gc,heap     ] GC(107) Archive regions: 0->0
[2024-02-23T09:13:37.401+0000][4616][gc,heap     ] GC(107) Humongous regions: 9->9
[2024-02-23T09:13:37.402+0000][4616][gc,metaspace] GC(107) Metaspace: 130853K(137024K)->130853K(137024K) NonClass: 113908K(117760K)->113908K(117760K) Class: 16944K(19264K)->16944K(19264K)
[2024-02-23T09:13:37.402+0000][4616][gc          ] GC(107) Pause Young (Normal) (G1 Evacuation Pause) 2352M->1121M(4040M) 373.447ms
[2024-02-23T09:13:37.402+0000][4616][gc,cpu      ] GC(107) User=0.25s Sys=0.69s Real=0.37s
[2024-02-23T09:13:37.402+0000][4616][safepoint   ] Safepoint "G1CollectForAllocation", Time since last: 2744606600 ns, Reaching safepoint: 187500 ns, At safepoint: 373794800 ns, Total: 373982300 ns
[2024-02-23T09:13:40.236+0000][4616][gc,start    ] GC(108) Pause Young (Normal) (G1 Evacuation Pause)
[2024-02-23T09:13:40.236+0000][4616][gc,task     ] GC(108) Using 8 workers of 8 for evacuation
[2024-02-23T09:13:40.236+0000][4616][gc,age      ] GC(108) Desired survivor size 37748736 bytes, new threshold 1 (max threshold 15)
[2024-02-23T09:13:40.479+0000][4616][gc,mmu      ] GC(108) MMU target violated: 201.0ms (200.0ms/201.0ms)
[2024-02-23T09:13:40.479+0000][4616][gc,phases   ] GC(108)   Pre Evacuate Collection Set: 0.2ms
[2024-02-23T09:13:40.479+0000][4616][gc,phases   ] GC(108)   Merge Heap Roots: 0.2ms
[2024-02-23T09:13:40.479+0000][4616][gc,phases   ] GC(108)   Evacuate Collection Set: 242.2ms
[2024-02-23T09:13:40.479+0000][4616][gc,phases   ] GC(108)   Post Evacuate Collection Set: 1.1ms
[2024-02-23T09:13:40.479+0000][4616][gc,phases   ] GC(108)   Other: 0.3ms
[2024-02-23T09:13:40.479+0000][4616][gc,age      ] GC(108) Age table with threshold 1 (max threshold 15)
[2024-02-23T09:13:40.479+0000][4616][gc,age      ] GC(108) - age   1:   19529520 bytes,   19529520 total
[2024-02-23T09:13:40.479+0000][4616][gc,heap     ] GC(108) Eden regions: 110->0(423)
[2024-02-23T09:13:40.479+0000][4616][gc,heap     ] GC(108) Survivor regions: 28->7(18)
[2024-02-23T09:13:40.479+0000][4616][gc,heap     ] GC(108) Old regions: 244->269
[2024-02-23T09:13:40.479+0000][4616][gc,heap     ] GC(108) Archive regions: 0->0
[2024-02-23T09:13:40.479+0000][4616][gc,heap     ] GC(108) Humongous regions: 9->9
[2024-02-23T09:13:40.479+0000][4616][gc,metaspace] GC(108) Metaspace: 130853K(137024K)->130853K(137024K) NonClass: 113908K(117760K)->113908K(117760K) Class: 16944K(19264K)->16944K(19264K)
[2024-02-23T09:13:40.479+0000][4616][gc          ] GC(108) Pause Young (Normal) (G1 Evacuation Pause) 1561M->1136M(4040M) 244.445ms
[2024-02-23T09:13:40.479+0000][4616][gc,cpu      ] GC(108) User=0.03s Sys=0.38s Real=0.24s
[2024-02-23T09:13:40.479+0000][4616][safepoint   ] Safepoint "G1CollectForAllocation", Time since last: 2836395700 ns, Reaching safepoint: 156800 ns, At safepoint: 244877400 ns, Total: 245034200 ns
[2024-02-23T09:13:41.487+0000][4616][safepoint   ] Safepoint "Cleanup", Time since last: 1000579900 ns, Reaching safepoint: 2982500 ns, At safepoint: 81200 ns, Total: 3063700 ns
[2024-02-23T09:13:42.488+0000][4616][safepoint   ] Safepoint "Cleanup", Time since last: 1000629000 ns, Reaching safepoint: 203700 ns, At safepoint: 19800 ns, Total: 223500 ns
[2024-02-23T09:13:43.493+0000][4616][safepoint   ] Safepoint "Cleanup", Time since last: 1004943300 ns, Reaching safepoint: 153800 ns, At safepoint: 746400 ns, Total: 900200 ns
[2024-02-23T09:13:49.543+0000][4616][safepoint   ] Safepoint "Cleanup", Time since last: 6049719100 ns, Reaching safepoint: 424600 ns, At safepoint: 42700 ns, Total: 467300 ns
[2024-02-23T09:13:51.325+0000][4616][safepoint   ] Safepoint "Cleanup", Time since last: 1780983100 ns, Reaching safepoint: 282800 ns, At safepoint: 83900 ns, Total: 366700 ns
[2024-02-23T09:13:52.337+0000][4616][safepoint   ] Safepoint "Cleanup", Time since last: 1011489300 ns, Reaching safepoint: 164800 ns, At safepoint: 24200 ns, Total: 189000 ns
[2024-02-23T09:13:53.339+0000][4616][safepoint   ] Safepoint "Cleanup", Time since last: 1002232400 ns, Reaching safepoint: 87500 ns, At safepoint: 55300 ns, Total: 142800 ns
[2024-02-23T09:13:54.346+0000][4616][safepoint   ] Safepoint "Cleanup", Time since last: 1006753400 ns, Reaching safepoint: 115700 ns, At safepoint: 163300 ns, Total: 279000 ns
[2024-02-23T09:13:55.365+0000][4616][safepoint   ] Safepoint "Cleanup", Time since last: 1018224000 ns, Reaching safepoint: 98300 ns, At safepoint: 18400 ns, Total: 116700 ns
[2024-02-23T09:13:59.855+0000][4616][gc,start    ] GC(109) Pause Young (Normal) (G1 Evacuation Pause)
[2024-02-23T09:13:59.855+0000][4616][gc,task     ] GC(109) Using 8 workers of 8 for evacuation
[2024-02-23T09:13:59.855+0000][4616][gc,age      ] GC(109) Desired survivor size 113246208 bytes, new threshold 15 (max threshold 15)
[2024-02-23T09:13:59.889+0000][4616][gc,phases   ] GC(109)   Pre Evacuate Collection Set: 0.4ms
[2024-02-23T09:13:59.889+0000][4616][gc,phases   ] GC(109)   Merge Heap Roots: 0.4ms
[2024-02-23T09:13:59.889+0000][4616][gc,phases   ] GC(109)   Evacuate Collection Set: 24.2ms
[2024-02-23T09:13:59.889+0000][4616][gc,phases   ] GC(109)   Post Evacuate Collection Set: 2.1ms
[2024-02-23T09:13:59.889+0000][4616][gc,phases   ] GC(109)   Other: 0.5ms
[2024-02-23T09:13:59.889+0000][4616][gc,age      ] GC(109) Age table with threshold 15 (max threshold 15)
[2024-02-23T09:13:59.889+0000][4616][gc,age      ] GC(109) - age   1:   69808776 bytes,   69808776 total
[2024-02-23T09:13:59.889+0000][4616][gc,age      ] GC(109) - age   2:   15164280 bytes,   84973056 total
[2024-02-23T09:13:59.889+0000][4616][gc,heap     ] GC(109) Eden regions: 423->0(231)
[2024-02-23T09:13:59.889+0000][4616][gc,heap     ] GC(109) Survivor regions: 7->22(54)
[2024-02-23T09:13:59.889+0000][4616][gc,heap     ] GC(109) Old regions: 269->269
[2024-02-23T09:13:59.889+0000][4616][gc,heap     ] GC(109) Archive regions: 0->0
[2024-02-23T09:13:59.889+0000][4616][gc,heap     ] GC(109) Humongous regions: 9->9
[2024-02-23T09:13:59.889+0000][4616][gc,metaspace] GC(109) Metaspace: 130868K(137024K)->130868K(137024K) NonClass: 113921K(117760K)->113921K(117760K) Class: 16946K(19264K)->16946K(19264K)
[2024-02-23T09:13:59.889+0000][4616][gc          ] GC(109) Pause Young (Normal) (G1 Evacuation Pause) 2828M->1197M(4040M) 28.858ms
[2024-02-23T09:13:59.889+0000][4616][gc,cpu      ] GC(109) User=0.25s Sys=0.00s Real=0.03s
[2024-02-23T09:13:59.889+0000][4616][safepoint   ] Safepoint "G1CollectForAllocation", Time since last: 4497121900 ns, Reaching safepoint: 174600 ns, At safepoint: 29236800 ns, Total: 29411400 ns
[2024-02-23T09:14:02.899+0000][4616][safepoint   ] Safepoint "Cleanup", Time since last: 3007189000 ns, Reaching safepoint: 84600 ns, At safepoint: 15400 ns, Total: 100000 ns
[2024-02-23T09:14:10.084+0000][4616][gc,start    ] GC(110) Pause Young (Normal) (G1 Evacuation Pause)
[2024-02-23T09:14:10.084+0000][4616][gc,task     ] GC(110) Using 8 workers of 8 for evacuation
[2024-02-23T09:14:10.084+0000][4616][gc,age      ] GC(110) Desired survivor size 67108864 bytes, new threshold 1 (max threshold 15)
[2024-02-23T09:14:10.265+0000][4616][gc,phases   ] GC(110)   Pre Evacuate Collection Set: 0.4ms
[2024-02-23T09:14:10.265+0000][4616][gc,phases   ] GC(110)   Merge Heap Roots: 0.4ms
[2024-02-23T09:14:10.265+0000][4616][gc,phases   ] GC(110)   Evacuate Collection Set: 177.8ms
[2024-02-23T09:14:10.265+0000][4616][gc,phases   ] GC(110)   Post Evacuate Collection Set: 1.8ms
[2024-02-23T09:14:10.265+0000][4616][gc,phases   ] GC(110)   Other: 2.1ms
[2024-02-23T09:14:10.265+0000][4616][gc,age      ] GC(110) Age table with threshold 1 (max threshold 15)
[2024-02-23T09:14:10.265+0000][4616][gc,age      ] GC(110) - age   1:   31040624 bytes,   31040624 total
[2024-02-23T09:14:10.265+0000][4616][gc,heap     ] GC(110) Eden regions: 231->0(490)
[2024-02-23T09:14:10.265+0000][4616][gc,heap     ] GC(110) Survivor regions: 22->9(32)
[2024-02-23T09:14:10.265+0000][4616][gc,heap     ] GC(110) Old regions: 269->288
[2024-02-23T09:14:10.265+0000][4616][gc,heap     ] GC(110) Archive regions: 0->0
[2024-02-23T09:14:10.265+0000][4616][gc,heap     ] GC(110) Humongous regions: 10->10
[2024-02-23T09:14:10.265+0000][4616][gc,metaspace] GC(110) Metaspace: 130870K(137024K)->130870K(137024K) NonClass: 113923K(117760K)->113923K(117760K) Class: 16946K(19264K)->16946K(19264K)
[2024-02-23T09:14:10.265+0000][4616][gc          ] GC(110) Pause Young (Normal) (G1 Evacuation Pause) 2125M->1225M(4040M) 183.076ms
[2024-02-23T09:14:10.265+0000][4616][gc,cpu      ] GC(110) User=0.12s Sys=0.38s Real=0.18s
[2024-02-23T09:14:10.265+0000][4616][safepoint   ] Safepoint "G1CollectForAllocation", Time since last: 7188531800 ns, Reaching safepoint: 150000 ns, At safepoint: 183283900 ns, Total: 183433900 ns
[2024-02-23T09:14:15.292+0000][4616][safepoint   ] Safepoint "Cleanup", Time since last: 5021785800 ns, Reaching safepoint: 76800 ns, At safepoint: 25000 ns, Total: 101800 ns
[2024-02-23T09:14:17.309+0000][4616][safepoint   ] Safepoint "Cleanup", Time since last: 2016509000 ns, Reaching safepoint: 160300 ns, At safepoint: 15100 ns, Total: 175400 ns
[2024-02-23T09:14:18.322+0000][4616][safepoint   ] Safepoint "Cleanup", Time since last: 1012405800 ns, Reaching safepoint: 72800 ns, At safepoint: 32100 ns, Total: 104900 ns
[2024-02-23T09:14:32.491+0000][4616][gc,start    ] GC(111) Pause Young (Normal) (G1 Evacuation Pause)
[2024-02-23T09:14:32.491+0000][4616][gc,task     ] GC(111) Using 8 workers of 8 for evacuation
[2024-02-23T09:14:32.491+0000][4616][gc,age      ] GC(111) Desired survivor size 132120576 bytes, new threshold 15 (max threshold 15)
[2024-02-23T09:14:32.507+0000][4616][gc,phases   ] GC(111)   Pre Evacuate Collection Set: 0.2ms
[2024-02-23T09:14:32.507+0000][4616][gc,phases   ] GC(111)   Merge Heap Roots: 0.3ms
[2024-02-23T09:14:32.507+0000][4616][gc,phases   ] GC(111)   Evacuate Collection Set: 22.7ms
[2024-02-23T09:14:32.507+0000][4616][gc,phases   ] GC(111)   Post Evacuate Collection Set: 1.3ms
[2024-02-23T09:14:32.507+0000][4616][gc,phases   ] GC(111)   Other: 0.2ms
[2024-02-23T09:14:32.507+0000][4616][gc,age      ] GC(111) Age table with threshold 15 (max threshold 15)
[2024-02-23T09:14:32.507+0000][4616][gc,age      ] GC(111) - age   1:   76988936 bytes,   76988936 total
[2024-02-23T09:14:32.507+0000][4616][gc,age      ] GC(111) - age   2:   24742296 bytes,  101731232 total
[2024-02-23T09:14:32.507+0000][4616][gc,heap     ] GC(111) Eden regions: 490->0(274)
[2024-02-23T09:14:32.507+0000][4616][gc,heap     ] GC(111) Survivor regions: 9->26(63)
[2024-02-23T09:14:32.507+0000][4616][gc,heap     ] GC(111) Old regions: 288->288
[2024-02-23T09:14:32.507+0000][4616][gc,heap     ] GC(111) Archive regions: 0->0
[2024-02-23T09:14:32.507+0000][4616][gc,heap     ] GC(111) Humongous regions: 10->10
[2024-02-23T09:14:32.507+0000][4616][gc,metaspace] GC(111) Metaspace: 130873K(137024K)->130873K(137024K) NonClass: 113926K(117760K)->113926K(117760K) Class: 16946K(19264K)->16946K(19264K)
[2024-02-23T09:14:32.507+0000][4616][gc          ] GC(111) Pause Young (Normal) (G1 Evacuation Pause) 3185M->1290M(4040M) 25.149ms
[2024-02-23T09:14:32.507+0000][4616][gc,cpu      ] GC(111) User=0.11s Sys=0.00s Real=0.02s
[2024-02-23T09:14:32.507+0000][4616][safepoint   ] Safepoint "G1CollectForAllocation", Time since last: 14170757700 ns, Reaching safepoint: 89100 ns, At safepoint: 25346900 ns, Total: 25436000 ns
[2024-02-23T09:14:41.196+0000][4616][gc,start    ] GC(112) Pause Young (Concurrent Start) (G1 Evacuation Pause)
[2024-02-23T09:14:41.196+0000][4616][gc,task     ] GC(112) Using 8 workers of 8 for evacuation
[2024-02-23T09:14:41.196+0000][4616][gc,age      ] GC(112) Desired survivor size 79691776 bytes, new threshold 2 (max threshold 15)
[2024-02-23T09:14:41.342+0000][4616][gc,phases   ] GC(112)   Pre Evacuate Collection Set: 1.3ms
[2024-02-23T09:14:41.342+0000][4616][gc,phases   ] GC(112)   Merge Heap Roots: 0.3ms
[2024-02-23T09:14:41.342+0000][4616][gc,phases   ] GC(112)   Evacuate Collection Set: 55.3ms
[2024-02-23T09:14:41.342+0000][4616][gc,phases   ] GC(112)   Post Evacuate Collection Set: 1.1ms
[2024-02-23T09:14:41.342+0000][4616][gc,phases   ] GC(112)   Other: 86.7ms
[2024-02-23T09:14:41.342+0000][4616][gc,age      ] GC(112) Age table with threshold 2 (max threshold 15)
[2024-02-23T09:14:41.342+0000][4616][gc,age      ] GC(112) - age   1:   37161824 bytes,   37161824 total
[2024-02-23T09:14:41.342+0000][4616][gc,age      ] GC(112) - age   2:   71247392 bytes,  108409216 total
[2024-02-23T09:14:41.342+0000][4616][gc,heap     ] GC(112) Eden regions: 274->0(125)
[2024-02-23T09:14:41.342+0000][4616][gc,heap     ] GC(112) Survivor regions: 26->28(38)
[2024-02-23T09:14:41.342+0000][4616][gc,heap     ] GC(112) Old regions: 288->293
[2024-02-23T09:14:41.342+0000][4616][gc,heap     ] GC(112) Archive regions: 0->0
[2024-02-23T09:14:41.342+0000][4616][gc,heap     ] GC(112) Humongous regions: 10->10
[2024-02-23T09:14:41.342+0000][4616][gc,metaspace] GC(112) Metaspace: 130873K(137024K)->130873K(137024K) NonClass: 113926K(117760K)->113926K(117760K) Class: 16946K(19264K)->16946K(19264K)
[2024-02-23T09:14:41.342+0000][4616][gc          ] GC(112) Pause Young (Concurrent Start) (G1 Evacuation Pause) 2386M->1318M(4040M) 145.117ms
[2024-02-23T09:14:41.342+0000][4616][gc          ] GC(113) Concurrent Mark Cycle
[2024-02-23T09:14:41.342+0000][4616][gc,cpu      ] GC(112) User=0.12s Sys=0.14s Real=0.15s
[2024-02-23T09:14:41.342+0000][4616][gc,marking  ] GC(113) Concurrent Clear Claimed Marks
[2024-02-23T09:14:41.342+0000][4616][safepoint   ] Safepoint "G1CollectForAllocation", Time since last: 8681414800 ns, Reaching safepoint: 110200 ns, At safepoint: 145442100 ns, Total: 145552300 ns
[2024-02-23T09:14:41.342+0000][4616][gc,marking  ] GC(113) Concurrent Clear Claimed Marks 0.236ms
[2024-02-23T09:14:41.342+0000][4616][gc,marking  ] GC(113) Concurrent Scan Root Regions
[2024-02-23T09:14:41.400+0000][4616][gc,marking  ] GC(113) Concurrent Scan Root Regions 62.837ms
[2024-02-23T09:14:41.400+0000][4616][gc,marking  ] GC(113) Concurrent Mark
[2024-02-23T09:14:41.400+0000][4616][gc,marking  ] GC(113) Concurrent Mark From Roots
[2024-02-23T09:14:41.400+0000][4616][gc,task     ] GC(113) Using 2 workers of 2 for marking
[2024-02-23T09:14:41.750+0000][4616][gc,marking  ] GC(113) Concurrent Mark From Roots 341.724ms
[2024-02-23T09:14:41.750+0000][4616][gc,marking  ] GC(113) Concurrent Preclean
[2024-02-23T09:14:41.751+0000][4616][gc,marking  ] GC(113) Concurrent Preclean 0.931ms
[2024-02-23T09:14:41.751+0000][4616][gc,start    ] GC(113) Pause Remark
[2024-02-23T09:14:41.800+0000][4616][gc          ] GC(113) Pause Remark 1396M->1372M(4040M) 50.396ms
[2024-02-23T09:14:41.800+0000][4616][gc,cpu      ] GC(113) User=0.12s Sys=0.00s Real=0.05s
[2024-02-23T09:14:41.802+0000][4616][safepoint   ] Safepoint "G1Concurrent", Time since last: 405895700 ns, Reaching safepoint: 133200 ns, At safepoint: 50888600 ns, Total: 51021800 ns
[2024-02-23T09:14:41.802+0000][4616][gc,marking  ] GC(113) Concurrent Mark 393.925ms
[2024-02-23T09:14:41.802+0000][4616][gc,marking  ] GC(113) Concurrent Rebuild Remembered Sets
[2024-02-23T09:14:42.024+0000][4616][gc,marking  ] GC(113) Concurrent Rebuild Remembered Sets 222.899ms
[2024-02-23T09:14:42.024+0000][4616][gc,start    ] GC(113) Pause Cleanup
[2024-02-23T09:14:42.025+0000][4616][gc          ] GC(113) Pause Cleanup 1388M->1388M(4040M) 0.613ms
[2024-02-23T09:14:42.025+0000][4616][gc,cpu      ] GC(113) User=0.00s Sys=0.00s Real=0.00s
[2024-02-23T09:14:42.025+0000][4616][safepoint   ] Safepoint "G1Concurrent", Time since last: 223150000 ns, Reaching safepoint: 78100 ns, At safepoint: 771800 ns, Total: 849900 ns
[2024-02-23T09:14:42.025+0000][4616][gc,marking  ] GC(113) Concurrent Cleanup for Next Mark
[2024-02-23T09:14:42.049+0000][4616][gc,marking  ] GC(113) Concurrent Cleanup for Next Mark 24.915ms
[2024-02-23T09:14:42.049+0000][4616][gc          ] GC(113) Concurrent Mark Cycle 706.246ms
[2024-02-23T09:14:46.025+0000][4616][gc,start    ] GC(114) Pause Young (Prepare Mixed) (G1 Evacuation Pause)
[2024-02-23T09:14:46.025+0000][4616][gc,task     ] GC(114) Using 8 workers of 8 for evacuation
[2024-02-23T09:14:46.025+0000][4616][gc,age      ] GC(114) Desired survivor size 52428800 bytes, new threshold 2 (max threshold 15)
[2024-02-23T09:14:46.200+0000][4616][gc,phases   ] GC(114)   Pre Evacuate Collection Set: 0.4ms
[2024-02-23T09:14:46.200+0000][4616][gc,phases   ] GC(114)   Merge Heap Roots: 0.5ms
[2024-02-23T09:14:46.200+0000][4616][gc,phases   ] GC(114)   Evacuate Collection Set: 170.1ms
[2024-02-23T09:14:46.200+0000][4616][gc,phases   ] GC(114)   Post Evacuate Collection Set: 1.5ms
[2024-02-23T09:14:46.200+0000][4616][gc,phases   ] GC(114)   Other: 1.6ms
[2024-02-23T09:14:46.200+0000][4616][gc,age      ] GC(114) Age table with threshold 2 (max threshold 15)
[2024-02-23T09:14:46.200+0000][4616][gc,age      ] GC(114) - age   1:   27239432 bytes,   27239432 total
[2024-02-23T09:14:46.200+0000][4616][gc,age      ] GC(114) - age   2:   33113024 bytes,   60352456 total
[2024-02-23T09:14:46.200+0000][4616][gc,heap     ] GC(114) Eden regions: 172->0(33)
[2024-02-23T09:14:46.200+0000][4616][gc,heap     ] GC(114) Survivor regions: 28->17(25)
[2024-02-23T09:14:46.200+0000][4616][gc,heap     ] GC(114) Old regions: 293->308
[2024-02-23T09:14:46.200+0000][4616][gc,heap     ] GC(114) Archive regions: 0->0
[2024-02-23T09:14:46.200+0000][4616][gc,heap     ] GC(114) Humongous regions: 5->5
[2024-02-23T09:14:46.200+0000][4616][gc,metaspace] GC(114) Metaspace: 130873K(137024K)->130873K(137024K) NonClass: 113926K(117760K)->113926K(117760K) Class: 16946K(19264K)->16946K(19264K)
[2024-02-23T09:14:46.200+0000][4616][gc          ] GC(114) Pause Young (Prepare Mixed) (G1 Evacuation Pause) 1986M->1317M(4040M) 174.749ms
[2024-02-23T09:14:46.200+0000][4616][gc,cpu      ] GC(114) User=0.12s Sys=0.48s Real=0.17s
[2024-02-23T09:14:46.200+0000][4616][safepoint   ] Safepoint "G1CollectForAllocation", Time since last: 4005329100 ns, Reaching safepoint: 189300 ns, At safepoint: 175092200 ns, Total: 175281500 ns
[2024-02-23T09:14:46.821+0000][4616][gc,start    ] GC(115) Pause Young (Mixed) (G1 Evacuation Pause)
[2024-02-23T09:14:46.821+0000][4616][gc,task     ] GC(115) Using 8 workers of 8 for evacuation
[2024-02-23T09:14:46.821+0000][4616][gc,age      ] GC(115) Desired survivor size 14680064 bytes, new threshold 1 (max threshold 15)
[2024-02-23T09:14:47.035+0000][4616][gc,mmu      ] GC(115) MMU target violated: 201.0ms (200.0ms/201.0ms)
[2024-02-23T09:14:47.035+0000][4616][gc,phases   ] GC(115)   Pre Evacuate Collection Set: 0.1ms
[2024-02-23T09:14:47.035+0000][4616][gc,phases   ] GC(115)   Merge Heap Roots: 0.1ms
[2024-02-23T09:14:47.035+0000][4616][gc,phases   ] GC(115)   Evacuate Collection Set: 201.9ms
[2024-02-23T09:14:47.035+0000][4616][gc,phases   ] GC(115)   Post Evacuate Collection Set: 1.3ms
[2024-02-23T09:14:47.035+0000][4616][gc,phases   ] GC(115)   Other: 0.1ms
[2024-02-23T09:14:47.035+0000][4616][gc,age      ] GC(115) Age table with threshold 1 (max threshold 15)
[2024-02-23T09:14:47.035+0000][4616][gc,age      ] GC(115) - age   1:    7433520 bytes,    7433520 total
[2024-02-23T09:14:47.035+0000][4616][gc,heap     ] GC(115) Eden regions: 33->0(47)
[2024-02-23T09:14:47.035+0000][4616][gc,heap     ] GC(115) Survivor regions: 17->3(7)
[2024-02-23T09:14:47.035+0000][4616][gc,heap     ] GC(115) Old regions: 308->237
[2024-02-23T09:14:47.035+0000][4616][gc,heap     ] GC(115) Archive regions: 0->0
[2024-02-23T09:14:47.035+0000][4616][gc,heap     ] GC(115) Humongous regions: 5->5
[2024-02-23T09:14:47.035+0000][4616][gc,metaspace] GC(115) Metaspace: 130873K(137024K)->130873K(137024K) NonClass: 113926K(117760K)->113926K(117760K) Class: 16946K(19264K)->16946K(19264K)
[2024-02-23T09:14:47.035+0000][4616][gc          ] GC(115) Pause Young (Mixed) (G1 Evacuation Pause) 1449M->978M(4040M) 203.780ms
[2024-02-23T09:14:47.035+0000][4616][gc,cpu      ] GC(115) User=0.06s Sys=0.41s Real=0.21s
[2024-02-23T09:14:47.035+0000][4616][safepoint   ] Safepoint "G1CollectForAllocation", Time since last: 625608200 ns, Reaching safepoint: 116900 ns, At safepoint: 203982200 ns, Total: 204099100 ns
[2024-02-23T09:14:48.799+0000][4616][gc,start    ] GC(116) Pause Young (Mixed) (G1 Evacuation Pause)
[2024-02-23T09:14:48.799+0000][4616][gc,task     ] GC(116) Using 8 workers of 8 for evacuation
[2024-02-23T09:14:48.799+0000][4616][gc,age      ] GC(116) Desired survivor size 14680064 bytes, new threshold 15 (max threshold 15)
[2024-02-23T09:14:48.884+0000][4616][gc,phases   ] GC(116)   Pre Evacuate Collection Set: 0.3ms
[2024-02-23T09:14:48.884+0000][4616][gc,phases   ] GC(116)   Merge Heap Roots: 0.4ms
[2024-02-23T09:14:48.884+0000][4616][gc,phases   ] GC(116)   Evacuate Collection Set: 81.0ms
[2024-02-23T09:14:48.884+0000][4616][gc,phases   ] GC(116)   Post Evacuate Collection Set: 1.6ms
[2024-02-23T09:14:48.884+0000][4616][gc,phases   ] GC(116)   Other: 0.5ms
[2024-02-23T09:14:48.884+0000][4616][gc,age      ] GC(116) Age table with threshold 15 (max threshold 15)
[2024-02-23T09:14:48.884+0000][4616][gc,age      ] GC(116) - age   1:    7043352 bytes,    7043352 total
[2024-02-23T09:14:48.884+0000][4616][gc,age      ] GC(116) - age   2:    6872312 bytes,   13915664 total
[2024-02-23T09:14:48.884+0000][4616][gc,heap     ] GC(116) Eden regions: 47->0(598)
[2024-02-23T09:14:48.884+0000][4616][gc,heap     ] GC(116) Survivor regions: 3->4(7)
[2024-02-23T09:14:48.884+0000][4616][gc,heap     ] GC(116) Old regions: 237->195
[2024-02-23T09:14:48.884+0000][4616][gc,heap     ] GC(116) Archive regions: 0->0
[2024-02-23T09:14:48.884+0000][4616][gc,heap     ] GC(116) Humongous regions: 5->5
[2024-02-23T09:14:48.884+0000][4616][gc,metaspace] GC(116) Metaspace: 130874K(137024K)->130874K(137024K) NonClass: 113928K(117760K)->113928K(117760K) Class: 16946K(19264K)->16946K(19264K)
[2024-02-23T09:14:48.884+0000][4616][gc          ] GC(116) Pause Young (Mixed) (G1 Evacuation Pause) 1166M->815M(4040M) 84.228ms
[2024-02-23T09:14:48.884+0000][4616][gc,cpu      ] GC(116) User=0.19s Sys=0.20s Real=0.09s
[2024-02-23T09:14:48.885+0000][4616][safepoint   ] Safepoint "G1CollectForAllocation", Time since last: 1763967500 ns, Reaching safepoint: 203300 ns, At safepoint: 84946700 ns, Total: 85150000 ns
[2024-02-23T09:15:04.972+0000][4616][safepoint   ] Safepoint "Cleanup", Time since last: 16086739800 ns, Reaching safepoint: 207500 ns, At safepoint: 106600 ns, Total: 314100 ns
[2024-02-23T09:15:06.933+0000][4616][gc,start    ] GC(117) Pause Young (Normal) (G1 Evacuation Pause)
[2024-02-23T09:15:06.933+0000][4616][gc,task     ] GC(117) Using 8 workers of 8 for evacuation
[2024-02-23T09:15:06.933+0000][4616][gc,age      ] GC(117) Desired survivor size 159383552 bytes, new threshold 15 (max threshold 15)
[2024-02-23T09:15:07.217+0000][4616][gc,mmu      ] GC(117) MMU target violated: 201.0ms (200.0ms/201.0ms)
[2024-02-23T09:15:07.217+0000][4616][gc,phases   ] GC(117)   Pre Evacuate Collection Set: 0.1ms
[2024-02-23T09:15:07.217+0000][4616][gc,phases   ] GC(117)   Merge Heap Roots: 0.1ms
[2024-02-23T09:15:07.217+0000][4616][gc,phases   ] GC(117)   Evacuate Collection Set: 290.2ms
[2024-02-23T09:15:07.217+0000][4616][gc,phases   ] GC(117)   Post Evacuate Collection Set: 1.4ms
[2024-02-23T09:15:07.217+0000][4616][gc,phases   ] GC(117)   Other: 0.5ms
[2024-02-23T09:15:07.217+0000][4616][gc,age      ] GC(117) Age table with threshold 15 (max threshold 15)
[2024-02-23T09:15:07.217+0000][4616][gc,age      ] GC(117) - age   1:   81073448 bytes,   81073448 total
[2024-02-23T09:15:07.217+0000][4616][gc,age      ] GC(117) - age   2:    4065824 bytes,   85139272 total
[2024-02-23T09:15:07.217+0000][4616][gc,age      ] GC(117) - age   3:    4760496 bytes,   89899768 total
[2024-02-23T09:15:07.217+0000][4616][gc,heap     ] GC(117) Eden regions: 598->0(27)
[2024-02-23T09:15:07.217+0000][4616][gc,heap     ] GC(117) Survivor regions: 4->23(76)
[2024-02-23T09:15:07.217+0000][4616][gc,heap     ] GC(117) Old regions: 195->195
[2024-02-23T09:15:07.217+0000][4616][gc,heap     ] GC(117) Archive regions: 0->0
[2024-02-23T09:15:07.217+0000][4616][gc,heap     ] GC(117) Humongous regions: 5->5
[2024-02-23T09:15:07.217+0000][4616][gc,metaspace] GC(117) Metaspace: 130882K(137024K)->130882K(137024K) NonClass: 113935K(117760K)->113935K(117760K) Class: 16947K(19264K)->16947K(19264K)
[2024-02-23T09:15:07.217+0000][4616][gc          ] GC(117) Pause Young (Normal) (G1 Evacuation Pause) 3207M->888M(4040M) 292.984ms
[2024-02-23T09:15:07.217+0000][4616][gc,cpu      ] GC(117) User=0.09s Sys=0.59s Real=0.28s
[2024-02-23T09:15:07.217+0000][4616][safepoint   ] Safepoint "G1CollectForAllocation", Time since last: 1960800000 ns, Reaching safepoint: 613200 ns, At safepoint: 293272900 ns, Total: 293886100 ns
[2024-02-23T09:15:08.166+0000][4616][gc,start    ] GC(118) Pause Young (Normal) (G1 Evacuation Pause)
[2024-02-23T09:15:08.166+0000][4616][gc,task     ] GC(118) Using 8 workers of 8 for evacuation
[2024-02-23T09:15:08.166+0000][4616][gc,age      ] GC(118) Desired survivor size 14680064 bytes, new threshold 1 (max threshold 15)
[2024-02-23T09:15:08.224+0000][4616][gc,phases   ] GC(118)   Pre Evacuate Collection Set: 0.2ms
[2024-02-23T09:15:08.224+0000][4616][gc,phases   ] GC(118)   Merge Heap Roots: 0.2ms
[2024-02-23T09:15:08.224+0000][4616][gc,phases   ] GC(118)   Evacuate Collection Set: 56.7ms
[2024-02-23T09:15:08.224+0000][4616][gc,phases   ] GC(118)   Post Evacuate Collection Set: 0.9ms
[2024-02-23T09:15:08.224+0000][4616][gc,phases   ] GC(118)   Other: 0.2ms
[2024-02-23T09:15:08.224+0000][4616][gc,age      ] GC(118) Age table with threshold 1 (max threshold 15)
[2024-02-23T09:15:08.224+0000][4616][gc,age      ] GC(118) - age   1:    7179536 bytes,    7179536 total
[2024-02-23T09:15:08.224+0000][4616][gc,heap     ] GC(118) Eden regions: 27->0(585)
[2024-02-23T09:15:08.224+0000][4616][gc,heap     ] GC(118) Survivor regions: 23->3(7)
[2024-02-23T09:15:08.224+0000][4616][gc,heap     ] GC(118) Old regions: 195->217
[2024-02-23T09:15:08.224+0000][4616][gc,heap     ] GC(118) Archive regions: 0->0
[2024-02-23T09:15:08.224+0000][4616][gc,heap     ] GC(118) Humongous regions: 5->5
[2024-02-23T09:15:08.224+0000][4616][gc,metaspace] GC(118) Metaspace: 130882K(137024K)->130882K(137024K) NonClass: 113935K(117760K)->113935K(117760K) Class: 16947K(19264K)->16947K(19264K)
[2024-02-23T09:15:08.224+0000][4616][gc          ] GC(118) Pause Young (Normal) (G1 Evacuation Pause) 996M->898M(4040M) 58.722ms
[2024-02-23T09:15:08.225+0000][4616][gc,cpu      ] GC(118) User=0.05s Sys=0.12s Real=0.06s
[2024-02-23T09:15:08.225+0000][4616][safepoint   ] Safepoint "G1CollectForAllocation", Time since last: 939128500 ns, Reaching safepoint: 98600 ns, At safepoint: 59224000 ns, Total: 59322600 ns
[2024-02-23T09:15:08.386+0000][4616][gc,start    ] GC(119) Pause Young (Concurrent Start) (G1 Humongous Allocation)
[2024-02-23T09:15:08.386+0000][4616][gc,task     ] GC(119) Using 8 workers of 8 for evacuation
[2024-02-23T09:15:08.386+0000][4616][gc,age      ] GC(119) Desired survivor size 155189248 bytes, new threshold 15 (max threshold 15)
[2024-02-23T09:15:08.386+0000][4616][gc,phases   ] GC(119)   Pre Evacuate Collection Set: 0.4ms
[2024-02-23T09:15:08.386+0000][4616][gc,phases   ] GC(119)   Merge Heap Roots: 0.1ms
[2024-02-23T09:15:08.386+0000][4616][gc,phases   ] GC(119)   Evacuate Collection Set: 3.5ms
[2024-02-23T09:15:08.386+0000][4616][gc,phases   ] GC(119)   Post Evacuate Collection Set: 0.9ms
[2024-02-23T09:15:08.386+0000][4616][gc,phases   ] GC(119)   Other: 0.1ms
[2024-02-23T09:15:08.386+0000][4616][gc,age      ] GC(119) Age table with threshold 15 (max threshold 15)
[2024-02-23T09:15:08.386+0000][4616][gc,age      ] GC(119) - age   1:    3544544 bytes,    3544544 total
[2024-02-23T09:15:08.386+0000][4616][gc,age      ] GC(119) - age   2:    6703256 bytes,   10247800 total
[2024-02-23T09:15:08.386+0000][4616][gc,heap     ] GC(119) Eden regions: 7->0(577)
[2024-02-23T09:15:08.386+0000][4616][gc,heap     ] GC(119) Survivor regions: 3->3(74)
[2024-02-23T09:15:08.386+0000][4616][gc,heap     ] GC(119) Old regions: 217->217
[2024-02-23T09:15:08.386+0000][4616][gc,heap     ] GC(119) Archive regions: 0->0
[2024-02-23T09:15:08.386+0000][4616][gc,heap     ] GC(119) Humongous regions: 5->5
[2024-02-23T09:15:08.386+0000][4616][gc,metaspace] GC(119) Metaspace: 130882K(137024K)->130882K(137024K) NonClass: 113935K(117760K)->113935K(117760K) Class: 16947K(19264K)->16947K(19264K)
[2024-02-23T09:15:08.386+0000][4616][gc          ] GC(119) Pause Young (Concurrent Start) (G1 Humongous Allocation) 924M->899M(4040M) 5.545ms
[2024-02-23T09:15:08.386+0000][4616][gc          ] GC(120) Concurrent Mark Cycle
[2024-02-23T09:15:08.386+0000][4616][gc,cpu      ] GC(119) User=0.00s Sys=0.00s Real=0.00s
[2024-02-23T09:15:08.386+0000][4616][gc,marking  ] GC(120) Concurrent Clear Claimed Marks
[2024-02-23T09:15:08.386+0000][4616][safepoint   ] Safepoint "G1TryInitiateConcMark", Time since last: 161999900 ns, Reaching safepoint: 178400 ns, At safepoint: 5821500 ns, Total: 5999900 ns
[2024-02-23T09:15:08.386+0000][4616][gc,marking  ] GC(120) Concurrent Clear Claimed Marks 0.209ms
[2024-02-23T09:15:08.386+0000][4616][gc,marking  ] GC(120) Concurrent Scan Root Regions
[2024-02-23T09:15:08.386+0000][4616][gc,marking  ] GC(120) Concurrent Scan Root Regions 3.054ms
[2024-02-23T09:15:08.386+0000][4616][gc,marking  ] GC(120) Concurrent Mark
[2024-02-23T09:15:08.386+0000][4616][gc,marking  ] GC(120) Concurrent Mark From Roots
[2024-02-23T09:15:08.386+0000][4616][gc,task     ] GC(120) Using 2 workers of 2 for marking
[2024-02-23T09:15:08.695+0000][4616][gc,marking  ] GC(120) Concurrent Mark From Roots 302.756ms
[2024-02-23T09:15:08.695+0000][4616][gc,marking  ] GC(120) Concurrent Preclean
[2024-02-23T09:15:08.695+0000][4616][gc,marking  ] GC(120) Concurrent Preclean 1.293ms
[2024-02-23T09:15:08.695+0000][4616][gc,start    ] GC(120) Pause Remark
[2024-02-23T09:15:08.711+0000][4616][gc          ] GC(120) Pause Remark 957M->953M(4040M) 18.008ms
[2024-02-23T09:15:08.711+0000][4616][gc,cpu      ] GC(120) User=0.12s Sys=0.00s Real=0.02s
[2024-02-23T09:15:08.711+0000][4616][safepoint   ] Safepoint "G1Concurrent", Time since last: 307541900 ns, Reaching safepoint: 92800 ns, At safepoint: 18279900 ns, Total: 18372700 ns
[2024-02-23T09:15:08.711+0000][4616][gc,marking  ] GC(120) Concurrent Mark 322.733ms
[2024-02-23T09:15:08.711+0000][4616][gc,marking  ] GC(120) Concurrent Rebuild Remembered Sets
[2024-02-23T09:15:08.882+0000][4616][gc,marking  ] GC(120) Concurrent Rebuild Remembered Sets 163.529ms
[2024-02-23T09:15:08.882+0000][4616][gc,start    ] GC(120) Pause Cleanup
[2024-02-23T09:15:08.882+0000][4616][gc          ] GC(120) Pause Cleanup 986M->986M(4040M) 1.112ms
[2024-02-23T09:15:08.882+0000][4616][gc,cpu      ] GC(120) User=0.00s Sys=0.00s Real=0.00s
[2024-02-23T09:15:08.882+0000][4616][safepoint   ] Safepoint "G1Concurrent", Time since last: 163807300 ns, Reaching safepoint: 106400 ns, At safepoint: 1299000 ns, Total: 1405400 ns
[2024-02-23T09:15:08.882+0000][4616][gc,marking  ] GC(120) Concurrent Cleanup for Next Mark
[2024-02-23T09:15:08.882+0000][4616][gc,marking  ] GC(120) Concurrent Cleanup for Next Mark 9.636ms
[2024-02-23T09:15:08.882+0000][4616][gc          ] GC(120) Concurrent Mark Cycle 501.083ms
[2024-02-23T09:15:28.101+0000][4616][gc,start    ] GC(121) Pause Young (Prepare Mixed) (G1 Evacuation Pause)
[2024-02-23T09:15:28.101+0000][4616][gc,task     ] GC(121) Using 8 workers of 8 for evacuation
[2024-02-23T09:15:28.101+0000][4616][gc,age      ] GC(121) Desired survivor size 153092096 bytes, new threshold 15 (max threshold 15)
[2024-02-23T09:15:28.132+0000][4616][gc,phases   ] GC(121)   Pre Evacuate Collection Set: 0.2ms
[2024-02-23T09:15:28.132+0000][4616][gc,phases   ] GC(121)   Merge Heap Roots: 0.3ms
[2024-02-23T09:15:28.132+0000][4616][gc,phases   ] GC(121)   Evacuate Collection Set: 20.4ms
[2024-02-23T09:15:28.132+0000][4616][gc,phases   ] GC(121)   Post Evacuate Collection Set: 1.3ms
[2024-02-23T09:15:28.132+0000][4616][gc,phases   ] GC(121)   Other: 0.2ms
[2024-02-23T09:15:28.132+0000][4616][gc,age      ] GC(121) Age table with threshold 15 (max threshold 15)
[2024-02-23T09:15:28.132+0000][4616][gc,age      ] GC(121) - age   1:   82462944 bytes,   82462944 total
[2024-02-23T09:15:28.132+0000][4616][gc,age      ] GC(121) - age   2:    3032792 bytes,   85495736 total
[2024-02-23T09:15:28.132+0000][4616][gc,age      ] GC(121) - age   3:    5842336 bytes,   91338072 total
[2024-02-23T09:15:28.132+0000][4616][gc,heap     ] GC(121) Eden regions: 577->0(27)
[2024-02-23T09:15:28.132+0000][4616][gc,heap     ] GC(121) Survivor regions: 3->23(73)
[2024-02-23T09:15:28.132+0000][4616][gc,heap     ] GC(121) Old regions: 217->217
[2024-02-23T09:15:28.132+0000][4616][gc,heap     ] GC(121) Archive regions: 0->0
[2024-02-23T09:15:28.132+0000][4616][gc,heap     ] GC(121) Humongous regions: 5->5
[2024-02-23T09:15:28.132+0000][4616][gc,metaspace] GC(121) Metaspace: 130888K(137024K)->130888K(137024K) NonClass: 113941K(117760K)->113941K(117760K) Class: 16947K(19264K)->16947K(19264K)
[2024-02-23T09:15:28.132+0000][4616][gc          ] GC(121) Pause Young (Prepare Mixed) (G1 Evacuation Pause) 3207M->976M(4040M) 23.109ms
[2024-02-23T09:15:28.132+0000][4616][gc,cpu      ] GC(121) User=0.14s Sys=0.00s Real=0.03s
[2024-02-23T09:15:28.132+0000][4616][safepoint   ] Safepoint "G1CollectForAllocation", Time since last: 19225846100 ns, Reaching safepoint: 114900 ns, At safepoint: 23331900 ns, Total: 23446800 ns
[2024-02-23T09:15:28.867+0000][4616][gc,start    ] GC(122) Pause Young (Mixed) (G1 Evacuation Pause)
[2024-02-23T09:15:28.867+0000][4616][gc,task     ] GC(122) Using 8 workers of 8 for evacuation
[2024-02-23T09:15:28.867+0000][4616][gc,age      ] GC(122) Desired survivor size 14680064 bytes, new threshold 1 (max threshold 15)
[2024-02-23T09:15:28.937+0000][4616][gc,phases   ] GC(122)   Pre Evacuate Collection Set: 0.2ms
[2024-02-23T09:15:28.937+0000][4616][gc,phases   ] GC(122)   Merge Heap Roots: 0.3ms
[2024-02-23T09:15:28.937+0000][4616][gc,phases   ] GC(122)   Evacuate Collection Set: 70.5ms
[2024-02-23T09:15:28.937+0000][4616][gc,phases   ] GC(122)   Post Evacuate Collection Set: 1.6ms
[2024-02-23T09:15:28.937+0000][4616][gc,phases   ] GC(122)   Other: 0.2ms
[2024-02-23T09:15:28.937+0000][4616][gc,age      ] GC(122) Age table with threshold 1 (max threshold 15)
[2024-02-23T09:15:28.937+0000][4616][gc,age      ] GC(122) - age   1:    2724664 bytes,    2724664 total
[2024-02-23T09:15:28.937+0000][4616][gc,heap     ] GC(122) Eden regions: 27->0(581)
[2024-02-23T09:15:28.937+0000][4616][gc,heap     ] GC(122) Survivor regions: 23->2(7)
[2024-02-23T09:15:28.937+0000][4616][gc,heap     ] GC(122) Old regions: 217->211
[2024-02-23T09:15:28.937+0000][4616][gc,heap     ] GC(122) Archive regions: 0->0
[2024-02-23T09:15:28.937+0000][4616][gc,heap     ] GC(122) Humongous regions: 5->5
[2024-02-23T09:15:28.937+0000][4616][gc,metaspace] GC(122) Metaspace: 130888K(137024K)->130888K(137024K) NonClass: 113941K(117760K)->113941K(117760K) Class: 16947K(19264K)->16947K(19264K)
[2024-02-23T09:15:28.937+0000][4616][gc          ] GC(122) Pause Young (Mixed) (G1 Evacuation Pause) 1084M->868M(4040M) 73.135ms
[2024-02-23T09:15:28.937+0000][4616][gc,cpu      ] GC(122) User=0.02s Sys=0.23s Real=0.07s
[2024-02-23T09:15:28.937+0000][4616][safepoint   ] Safepoint "G1CollectForAllocation", Time since last: 718118000 ns, Reaching safepoint: 15038800 ns, At safepoint: 73546000 ns, Total: 88584800 ns
[2024-02-23T09:15:38.038+0000][4616][safepoint   ] Safepoint "Cleanup", Time since last: 9097054600 ns, Reaching safepoint: 160000 ns, At safepoint: 17200 ns, Total: 177200 ns
[2024-02-23T09:15:42.156+0000][4616][safepoint   ] Safepoint "Cleanup", Time since last: 4118547300 ns, Reaching safepoint: 81900 ns, At safepoint: 16000 ns, Total: 97900 ns
[2024-02-23T09:15:48.096+0000][4616][gc,start    ] GC(123) Pause Young (Normal) (G1 Evacuation Pause)
[2024-02-23T09:15:48.096+0000][4616][gc,task     ] GC(123) Using 8 workers of 8 for evacuation
[2024-02-23T09:15:48.096+0000][4616][gc,age      ] GC(123) Desired survivor size 153092096 bytes, new threshold 15 (max threshold 15)
[2024-02-23T09:15:48.112+0000][4616][gc,phases   ] GC(123)   Pre Evacuate Collection Set: 0.2ms
[2024-02-23T09:15:48.112+0000][4616][gc,phases   ] GC(123)   Merge Heap Roots: 0.3ms
[2024-02-23T09:15:48.112+0000][4616][gc,phases   ] GC(123)   Evacuate Collection Set: 17.3ms
[2024-02-23T09:15:48.112+0000][4616][gc,phases   ] GC(123)   Post Evacuate Collection Set: 1.3ms
[2024-02-23T09:15:48.112+0000][4616][gc,phases   ] GC(123)   Other: 0.3ms
[2024-02-23T09:15:48.112+0000][4616][gc,age      ] GC(123) Age table with threshold 15 (max threshold 15)
[2024-02-23T09:15:48.112+0000][4616][gc,age      ] GC(123) - age   1:   77918464 bytes,   77918464 total
[2024-02-23T09:15:48.112+0000][4616][gc,age      ] GC(123) - age   2:    1630584 bytes,   79549048 total
[2024-02-23T09:15:48.112+0000][4616][gc,heap     ] GC(123) Eden regions: 581->0(562)
[2024-02-23T09:15:48.112+0000][4616][gc,heap     ] GC(123) Survivor regions: 2->20(73)
[2024-02-23T09:15:48.112+0000][4616][gc,heap     ] GC(123) Old regions: 211->211
[2024-02-23T09:15:48.112+0000][4616][gc,heap     ] GC(123) Archive regions: 0->0
[2024-02-23T09:15:48.112+0000][4616][gc,heap     ] GC(123) Humongous regions: 6->6
[2024-02-23T09:15:48.112+0000][4616][gc,metaspace] GC(123) Metaspace: 130889K(137024K)->130889K(137024K) NonClass: 113941K(117760K)->113941K(117760K) Class: 16947K(19264K)->16947K(19264K)
[2024-02-23T09:15:48.112+0000][4616][gc          ] GC(123) Pause Young (Normal) (G1 Evacuation Pause) 3196M->945M(4040M) 20.157ms
[2024-02-23T09:15:48.112+0000][4616][gc,cpu      ] GC(123) User=0.12s Sys=0.00s Real=0.02s
[2024-02-23T09:15:48.112+0000][4616][safepoint   ] Safepoint "G1CollectForAllocation", Time since last: 5947891900 ns, Reaching safepoint: 118300 ns, At safepoint: 20387200 ns, Total: 20505500 ns
[2024-02-23T09:15:51.124+0000][4616][safepoint   ] Safepoint "Cleanup", Time since last: 2999137500 ns, Reaching safepoint: 166700 ns, At safepoint: 119000 ns, Total: 285700 ns
[2024-02-23T09:15:56.996+0000][4616][gc,start    ] GC(124) Pause Young (Concurrent Start) (G1 Humongous Allocation)
[2024-02-23T09:15:57.000+0000][4616][gc,task     ] GC(124) Using 8 workers of 8 for evacuation
[2024-02-23T09:15:57.000+0000][4616][gc,age      ] GC(124) Desired survivor size 153092096 bytes, new threshold 15 (max threshold 15)
[2024-02-23T09:15:57.016+0000][4616][gc,phases   ] GC(124)   Pre Evacuate Collection Set: 0.4ms
[2024-02-23T09:15:57.016+0000][4616][gc,phases   ] GC(124)   Merge Heap Roots: 0.2ms
[2024-02-23T09:15:57.016+0000][4616][gc,phases   ] GC(124)   Evacuate Collection Set: 24.0ms
[2024-02-23T09:15:57.016+0000][4616][gc,phases   ] GC(124)   Post Evacuate Collection Set: 1.3ms
[2024-02-23T09:15:57.016+0000][4616][gc,phases   ] GC(124)   Other: 0.4ms
[2024-02-23T09:15:57.016+0000][4616][gc,age      ] GC(124) Age table with threshold 15 (max threshold 15)
[2024-02-23T09:15:57.016+0000][4616][gc,age      ] GC(124) - age   1:   55025240 bytes,   55025240 total
[2024-02-23T09:15:57.016+0000][4616][gc,age      ] GC(124) - age   2:   65477088 bytes,  120502328 total
[2024-02-23T09:15:57.016+0000][4616][gc,age      ] GC(124) - age   3:    1493368 bytes,  121995696 total
[2024-02-23T09:15:57.016+0000][4616][gc,heap     ] GC(124) Eden regions: 327->0(554)
[2024-02-23T09:15:57.016+0000][4616][gc,heap     ] GC(124) Survivor regions: 20->31(73)
[2024-02-23T09:15:57.016+0000][4616][gc,heap     ] GC(124) Old regions: 211->211
[2024-02-23T09:15:57.016+0000][4616][gc,heap     ] GC(124) Archive regions: 0->0
[2024-02-23T09:15:57.016+0000][4616][gc,heap     ] GC(124) Humongous regions: 6->6
[2024-02-23T09:15:57.016+0000][4616][gc,metaspace] GC(124) Metaspace: 130889K(137024K)->130889K(137024K) NonClass: 113941K(117760K)->113941K(117760K) Class: 16947K(19264K)->16947K(19264K)
[2024-02-23T09:15:57.016+0000][4616][gc          ] GC(124) Pause Young (Concurrent Start) (G1 Humongous Allocation) 2251M->988M(4040M) 27.015ms
[2024-02-23T09:15:57.016+0000][4616][gc          ] GC(125) Concurrent Mark Cycle
[2024-02-23T09:15:57.016+0000][4616][gc,cpu      ] GC(124) User=0.12s Sys=0.00s Real=0.02s
[2024-02-23T09:15:57.016+0000][4616][gc,marking  ] GC(125) Concurrent Clear Claimed Marks
[2024-02-23T09:15:57.016+0000][4616][safepoint   ] Safepoint "G1TryInitiateConcMark", Time since last: 5875357100 ns, Reaching safepoint: 99700 ns, At safepoint: 27314600 ns, Total: 27414300 ns
[2024-02-23T09:15:57.016+0000][4616][gc,marking  ] GC(125) Concurrent Clear Claimed Marks 0.218ms
[2024-02-23T09:15:57.016+0000][4616][gc,marking  ] GC(125) Concurrent Scan Root Regions
[2024-02-23T09:15:57.044+0000][4616][gc,marking  ] GC(125) Concurrent Scan Root Regions 16.909ms
[2024-02-23T09:15:57.044+0000][4616][gc,marking  ] GC(125) Concurrent Mark
[2024-02-23T09:15:57.044+0000][4616][gc,marking  ] GC(125) Concurrent Mark From Roots
[2024-02-23T09:15:57.044+0000][4616][gc,task     ] GC(125) Using 2 workers of 2 for marking
[2024-02-23T09:15:57.346+0000][4616][gc,marking  ] GC(125) Concurrent Mark From Roots 305.885ms
[2024-02-23T09:15:57.346+0000][4616][gc,marking  ] GC(125) Concurrent Preclean
[2024-02-23T09:15:57.346+0000][4616][gc,marking  ] GC(125) Concurrent Preclean 1.272ms
[2024-02-23T09:15:57.346+0000][4616][gc,start    ] GC(125) Pause Remark
[2024-02-23T09:15:57.357+0000][4616][gc          ] GC(125) Pause Remark 1062M->1054M(4040M) 15.193ms
[2024-02-23T09:15:57.367+0000][4616][gc,cpu      ] GC(125) User=0.06s Sys=0.06s Real=0.02s
[2024-02-23T09:15:57.367+0000][4616][safepoint   ] Safepoint "G1Concurrent", Time since last: 324524700 ns, Reaching safepoint: 93100 ns, At safepoint: 15946200 ns, Total: 16039300 ns
[2024-02-23T09:15:57.367+0000][4616][gc,marking  ] GC(125) Concurrent Mark 323.553ms
[2024-02-23T09:15:57.367+0000][4616][gc,marking  ] GC(125) Concurrent Rebuild Remembered Sets
[2024-02-23T09:15:57.536+0000][4616][gc,marking  ] GC(125) Concurrent Rebuild Remembered Sets 170.009ms
[2024-02-23T09:15:57.536+0000][4616][gc,start    ] GC(125) Pause Cleanup
[2024-02-23T09:15:57.536+0000][4616][gc          ] GC(125) Pause Cleanup 1089M->1089M(4040M) 0.503ms
[2024-02-23T09:15:57.536+0000][4616][gc,cpu      ] GC(125) User=0.00s Sys=0.00s Real=0.00s
[2024-02-23T09:15:57.536+0000][4616][safepoint   ] Safepoint "G1Concurrent", Time since last: 170323100 ns, Reaching safepoint: 53000 ns, At safepoint: 656400 ns, Total: 709400 ns
[2024-02-23T09:15:57.536+0000][4616][gc,marking  ] GC(125) Concurrent Cleanup for Next Mark
[2024-02-23T09:15:57.547+0000][4616][gc,marking  ] GC(125) Concurrent Cleanup for Next Mark 10.197ms
[2024-02-23T09:15:57.547+0000][4616][gc          ] GC(125) Concurrent Mark Cycle 522.137ms
[2024-02-23T09:16:15.538+0000][4616][gc,start    ] GC(126) Pause Young (Prepare Mixed) (G1 Evacuation Pause)
[2024-02-23T09:16:15.538+0000][4616][gc,task     ] GC(126) Using 8 workers of 8 for evacuation
[2024-02-23T09:16:15.538+0000][4616][gc,age      ] GC(126) Desired survivor size 155189248 bytes, new threshold 15 (max threshold 15)
[2024-02-23T09:16:15.617+0000][4616][gc,phases   ] GC(126)   Pre Evacuate Collection Set: 0.2ms
[2024-02-23T09:16:15.617+0000][4616][gc,phases   ] GC(126)   Merge Heap Roots: 0.3ms
[2024-02-23T09:16:15.617+0000][4616][gc,phases   ] GC(126)   Evacuate Collection Set: 69.2ms
[2024-02-23T09:16:15.617+0000][4616][gc,phases   ] GC(126)   Post Evacuate Collection Set: 1.3ms
[2024-02-23T09:16:15.617+0000][4616][gc,phases   ] GC(126)   Other: 0.3ms
[2024-02-23T09:16:15.617+0000][4616][gc,age      ] GC(126) Age table with threshold 15 (max threshold 15)
[2024-02-23T09:16:15.617+0000][4616][gc,age      ] GC(126) - age   1:   88742608 bytes,   88742608 total
[2024-02-23T09:16:15.617+0000][4616][gc,age      ] GC(126) - age   2:   42380376 bytes,  131122984 total
[2024-02-23T09:16:15.617+0000][4616][gc,age      ] GC(126) - age   3:   42112880 bytes,  173235864 total
[2024-02-23T09:16:15.617+0000][4616][gc,age      ] GC(126) - age   4:     863592 bytes,  174099456 total
[2024-02-23T09:16:15.617+0000][4616][gc,heap     ] GC(126) Eden regions: 554->0(6)
[2024-02-23T09:16:15.617+0000][4616][gc,heap     ] GC(126) Survivor regions: 31->44(74)
[2024-02-23T09:16:15.617+0000][4616][gc,heap     ] GC(126) Old regions: 211->211
[2024-02-23T09:16:15.617+0000][4616][gc,heap     ] GC(126) Archive regions: 0->0
[2024-02-23T09:16:15.617+0000][4616][gc,heap     ] GC(126) Humongous regions: 5->5
[2024-02-23T09:16:15.617+0000][4616][gc,metaspace] GC(126) Metaspace: 130895K(137024K)->130895K(137024K) NonClass: 113947K(117760K)->113947K(117760K) Class: 16947K(19264K)->16947K(19264K)
[2024-02-23T09:16:15.617+0000][4616][gc          ] GC(126) Pause Young (Prepare Mixed) (G1 Evacuation Pause) 3200M->1036M(4040M) 72.143ms
[2024-02-23T09:16:15.617+0000][4616][gc,cpu      ] GC(126) User=0.25s Sys=0.09s Real=0.08s
[2024-02-23T09:16:15.617+0000][4616][safepoint   ] Safepoint "G1CollectForAllocation", Time since last: 18009529200 ns, Reaching safepoint: 176700 ns, At safepoint: 72519200 ns, Total: 72695900 ns
[2024-02-23T09:16:15.679+0000][4616][gc,start    ] GC(127) Pause Young (Mixed) (G1 Evacuation Pause)
[2024-02-23T09:16:15.679+0000][4616][gc,task     ] GC(127) Using 8 workers of 8 for evacuation
[2024-02-23T09:16:15.679+0000][4616][gc,age      ] GC(127) Desired survivor size 14680064 bytes, new threshold 1 (max threshold 15)
[2024-02-23T09:16:16.018+0000][4616][gc,mmu      ] GC(127) MMU target violated: 201.0ms (200.0ms/201.0ms)
[2024-02-23T09:16:16.018+0000][4616][gc,phases   ] GC(127)   Pre Evacuate Collection Set: 0.5ms
[2024-02-23T09:16:16.018+0000][4616][gc,phases   ] GC(127)   Merge Heap Roots: 0.2ms
[2024-02-23T09:16:16.018+0000][4616][gc,phases   ] GC(127)   Evacuate Collection Set: 341.4ms
[2024-02-23T09:16:16.018+0000][4616][gc,phases   ] GC(127)   Post Evacuate Collection Set: 2.1ms
[2024-02-23T09:16:16.018+0000][4616][gc,phases   ] GC(127)   Other: 0.3ms
[2024-02-23T09:16:16.018+0000][4616][gc,age      ] GC(127) Age table with threshold 1 (max threshold 15)
[2024-02-23T09:16:16.018+0000][4616][gc,age      ] GC(127) - age   1:     855984 bytes,     855984 total
[2024-02-23T09:16:16.018+0000][4616][gc,heap     ] GC(127) Eden regions: 6->0(582)
[2024-02-23T09:16:16.018+0000][4616][gc,heap     ] GC(127) Survivor regions: 44->4(7)
[2024-02-23T09:16:16.018+0000][4616][gc,heap     ] GC(127) Old regions: 211->204
[2024-02-23T09:16:16.018+0000][4616][gc,heap     ] GC(127) Archive regions: 0->0
[2024-02-23T09:16:16.018+0000][4616][gc,heap     ] GC(127) Humongous regions: 5->5
[2024-02-23T09:16:16.018+0000][4616][gc,metaspace] GC(127) Metaspace: 130895K(137024K)->130895K(137024K) NonClass: 113948K(117760K)->113948K(117760K) Class: 16947K(19264K)->16947K(19264K)
[2024-02-23T09:16:16.018+0000][4616][gc          ] GC(127) Pause Young (Mixed) (G1 Evacuation Pause) 1060M->848M(4040M) 344.897ms
[2024-02-23T09:16:16.018+0000][4616][gc,cpu      ] GC(127) User=0.23s Sys=0.28s Real=0.34s
[2024-02-23T09:16:16.018+0000][4616][safepoint   ] Safepoint "G1CollectForAllocation", Time since last: 58455300 ns, Reaching safepoint: 92800 ns, At safepoint: 345288800 ns, Total: 345381600 ns
[2024-02-23T09:16:20.069+0000][4616][safepoint   ] Safepoint "Cleanup", Time since last: 4044327200 ns, Reaching safepoint: 112500 ns, At safepoint: 44500 ns, Total: 157000 ns
[2024-02-23T09:16:22.151+0000][4616][safepoint   ] Safepoint "Cleanup", Time since last: 2013207600 ns, Reaching safepoint: 68450500 ns, At safepoint: 126700 ns, Total: 68577200 ns
[2024-02-23T09:16:24.185+0000][4616][safepoint   ] Safepoint "Cleanup", Time since last: 2003438000 ns, Reaching safepoint: 29770400 ns, At safepoint: 1227900 ns, Total: 30998300 ns
[2024-02-23T09:16:25.201+0000][4616][safepoint   ] Safepoint "Cleanup", Time since last: 1005853700 ns, Reaching safepoint: 9553300 ns, At safepoint: 98600 ns, Total: 9651900 ns
[2024-02-23T09:16:26.203+0000][4616][safepoint   ] Safepoint "Cleanup", Time since last: 1002155299 ns, Reaching safepoint: 128501 ns, At safepoint: 27600 ns, Total: 156101 ns
[2024-02-23T09:16:27.208+0000][4616][safepoint   ] Safepoint "Cleanup", Time since last: 1004340000 ns, Reaching safepoint: 301700 ns, At safepoint: 364500 ns, Total: 666200 ns
[2024-02-23T09:16:28.216+0000][4616][safepoint   ] Safepoint "Cleanup", Time since last: 1007433600 ns, Reaching safepoint: 110700 ns, At safepoint: 27500 ns, Total: 138200 ns
[2024-02-23T09:16:33.255+0000][4616][safepoint   ] Safepoint "Cleanup", Time since last: 5039330500 ns, Reaching safepoint: 90100 ns, At safepoint: 14100 ns, Total: 104200 ns
[2024-02-23T09:16:35.646+0000][4616][gc,start    ] GC(128) Pause Young (Normal) (G1 Evacuation Pause)
[2024-02-23T09:16:35.646+0000][4616][gc,task     ] GC(128) Using 8 workers of 8 for evacuation
[2024-02-23T09:16:35.646+0000][4616][gc,age      ] GC(128) Desired survivor size 155189248 bytes, new threshold 15 (max threshold 15)
[2024-02-23T09:16:35.677+0000][4616][gc,phases   ] GC(128)   Pre Evacuate Collection Set: 0.4ms
[2024-02-23T09:16:35.677+0000][4616][gc,phases   ] GC(128)   Merge Heap Roots: 0.5ms
[2024-02-23T09:16:35.677+0000][4616][gc,phases   ] GC(128)   Evacuate Collection Set: 21.3ms
[2024-02-23T09:16:35.677+0000][4616][gc,phases   ] GC(128)   Post Evacuate Collection Set: 2.0ms
[2024-02-23T09:16:35.677+0000][4616][gc,phases   ] GC(128)   Other: 0.4ms
[2024-02-23T09:16:35.677+0000][4616][gc,age      ] GC(128) Age table with threshold 15 (max threshold 15)
[2024-02-23T09:16:35.677+0000][4616][gc,age      ] GC(128) - age   1:   77963792 bytes,   77963792 total
[2024-02-23T09:16:35.677+0000][4616][gc,age      ] GC(128) - age   2:     179768 bytes,   78143560 total
[2024-02-23T09:16:35.677+0000][4616][gc,heap     ] GC(128) Eden regions: 582->0(565)
[2024-02-23T09:16:35.677+0000][4616][gc,heap     ] GC(128) Survivor regions: 4->20(74)
[2024-02-23T09:16:35.677+0000][4616][gc,heap     ] GC(128) Old regions: 204->204
[2024-02-23T09:16:35.677+0000][4616][gc,heap     ] GC(128) Archive regions: 0->0
[2024-02-23T09:16:35.677+0000][4616][gc,heap     ] GC(128) Humongous regions: 6->6
[2024-02-23T09:16:35.677+0000][4616][gc,metaspace] GC(128) Metaspace: 130907K(137024K)->130907K(137024K) NonClass: 113959K(117760K)->113959K(117760K) Class: 16948K(19264K)->16948K(19264K)
[2024-02-23T09:16:35.677+0000][4616][gc          ] GC(128) Pause Young (Normal) (G1 Evacuation Pause) 3180M->915M(4040M) 25.356ms
[2024-02-23T09:16:35.677+0000][4616][gc,cpu      ] GC(128) User=0.25s Sys=0.00s Real=0.03s
[2024-02-23T09:16:35.677+0000][4616][safepoint   ] Safepoint "G1CollectForAllocation", Time since last: 2405041200 ns, Reaching safepoint: 170700 ns, At safepoint: 25611500 ns, Total: 25782200 ns
[2024-02-23T09:16:36.136+0000][4616][gc,start    ] GC(129) Pause Young (Concurrent Start) (G1 Humongous Allocation)
[2024-02-23T09:16:36.136+0000][4616][gc,task     ] GC(129) Using 8 workers of 8 for evacuation
[2024-02-23T09:16:36.136+0000][4616][gc,age      ] GC(129) Desired survivor size 155189248 bytes, new threshold 15 (max threshold 15)
[2024-02-23T09:16:36.157+0000][4616][gc,phases   ] GC(129)   Pre Evacuate Collection Set: 0.5ms
[2024-02-23T09:16:36.157+0000][4616][gc,phases   ] GC(129)   Merge Heap Roots: 0.2ms
[2024-02-23T09:16:36.157+0000][4616][gc,phases   ] GC(129)   Evacuate Collection Set: 17.6ms
[2024-02-23T09:16:36.157+0000][4616][gc,phases   ] GC(129)   Post Evacuate Collection Set: 1.1ms
[2024-02-23T09:16:36.157+0000][4616][gc,phases   ] GC(129)   Other: 0.2ms
[2024-02-23T09:16:36.157+0000][4616][gc,age      ] GC(129) Age table with threshold 15 (max threshold 15)
[2024-02-23T09:16:36.157+0000][4616][gc,age      ] GC(129) - age   1:    3785536 bytes,    3785536 total
[2024-02-23T09:16:36.157+0000][4616][gc,age      ] GC(129) - age   2:   77232064 bytes,   81017600 total
[2024-02-23T09:16:36.157+0000][4616][gc,age      ] GC(129) - age   3:     179768 bytes,   81197368 total
[2024-02-23T09:16:36.157+0000][4616][gc,heap     ] GC(129) Eden regions: 21->0(572)
[2024-02-23T09:16:36.157+0000][4616][gc,heap     ] GC(129) Survivor regions: 20->21(74)
[2024-02-23T09:16:36.157+0000][4616][gc,heap     ] GC(129) Old regions: 204->204
[2024-02-23T09:16:36.157+0000][4616][gc,heap     ] GC(129) Archive regions: 0->0
[2024-02-23T09:16:36.157+0000][4616][gc,heap     ] GC(129) Humongous regions: 6->6
[2024-02-23T09:16:36.157+0000][4616][gc,metaspace] GC(129) Metaspace: 130907K(137024K)->130907K(137024K) NonClass: 113959K(117760K)->113959K(117760K) Class: 16948K(19264K)->16948K(19264K)
[2024-02-23T09:16:36.157+0000][4616][gc          ] GC(129) Pause Young (Concurrent Start) (G1 Humongous Allocation) 999M->918M(4040M) 20.140ms
[2024-02-23T09:16:36.157+0000][4616][gc          ] GC(130) Concurrent Mark Cycle
[2024-02-23T09:16:36.157+0000][4616][gc,cpu      ] GC(129) User=0.12s Sys=0.00s Real=0.02s
[2024-02-23T09:16:36.157+0000][4616][gc,marking  ] GC(130) Concurrent Clear Claimed Marks
[2024-02-23T09:16:36.157+0000][4616][safepoint   ] Safepoint "G1TryInitiateConcMark", Time since last: 451565300 ns, Reaching safepoint: 183300 ns, At safepoint: 20452100 ns, Total: 20635400 ns
[2024-02-23T09:16:36.157+0000][4616][gc,marking  ] GC(130) Concurrent Clear Claimed Marks 0.256ms
[2024-02-23T09:16:36.157+0000][4616][gc,marking  ] GC(130) Concurrent Scan Root Regions
[2024-02-23T09:16:36.173+0000][4616][gc,marking  ] GC(130) Concurrent Scan Root Regions 14.258ms
[2024-02-23T09:16:36.173+0000][4616][gc,marking  ] GC(130) Concurrent Mark
[2024-02-23T09:16:36.173+0000][4616][gc,marking  ] GC(130) Concurrent Mark From Roots
[2024-02-23T09:16:36.173+0000][4616][gc,task     ] GC(130) Using 2 workers of 2 for marking
[2024-02-23T09:16:36.435+0000][4616][gc,marking  ] GC(130) Concurrent Mark From Roots 264.754ms
[2024-02-23T09:16:36.435+0000][4616][gc,marking  ] GC(130) Concurrent Preclean
[2024-02-23T09:16:36.435+0000][4616][gc,marking  ] GC(130) Concurrent Preclean 0.863ms
[2024-02-23T09:16:36.435+0000][4616][gc,start    ] GC(130) Pause Remark
[2024-02-23T09:16:36.450+0000][4616][gc          ] GC(130) Pause Remark 970M->962M(4040M) 18.959ms
[2024-02-23T09:16:36.450+0000][4616][gc,cpu      ] GC(130) User=0.12s Sys=0.00s Real=0.02s
[2024-02-23T09:16:36.450+0000][4616][safepoint   ] Safepoint "G1Concurrent", Time since last: 280299400 ns, Reaching safepoint: 152000 ns, At safepoint: 19231800 ns, Total: 19383800 ns
[2024-02-23T09:16:36.450+0000][4616][gc,marking  ] GC(130) Concurrent Mark 285.233ms
[2024-02-23T09:16:36.450+0000][4616][gc,marking  ] GC(130) Concurrent Rebuild Remembered Sets
[2024-02-23T09:16:36.616+0000][4616][gc,marking  ] GC(130) Concurrent Rebuild Remembered Sets 163.107ms
[2024-02-23T09:16:36.616+0000][4616][gc,start    ] GC(130) Pause Cleanup
[2024-02-23T09:16:36.616+0000][4616][gc          ] GC(130) Pause Cleanup 997M->997M(4040M) 1.096ms
[2024-02-23T09:16:36.616+0000][4616][gc,cpu      ] GC(130) User=0.00s Sys=0.00s Real=0.00s
[2024-02-23T09:16:36.616+0000][4616][safepoint   ] Safepoint "G1Concurrent", Time since last: 163351800 ns, Reaching safepoint: 100700 ns, At safepoint: 1231000 ns, Total: 1331700 ns
[2024-02-23T09:16:36.616+0000][4616][gc,marking  ] GC(130) Concurrent Cleanup for Next Mark
[2024-02-23T09:16:36.632+0000][4616][gc,marking  ] GC(130) Concurrent Cleanup for Next Mark 10.185ms
[2024-02-23T09:16:36.632+0000][4616][gc          ] GC(130) Concurrent Mark Cycle 474.950ms
[2024-02-23T09:16:37.630+0000][4616][safepoint   ] Safepoint "Cleanup", Time since last: 1007711599 ns, Reaching safepoint: 114701 ns, At safepoint: 166099 ns, Total: 280800 ns
[2024-02-23T09:16:38.645+0000][4616][safepoint   ] Safepoint "Cleanup", Time since last: 1014133701 ns, Reaching safepoint: 103499 ns, At safepoint: 36801 ns, Total: 140300 ns
[2024-02-23T09:16:49.729+0000][4616][safepoint   ] Safepoint "Cleanup", Time since last: 11084488900 ns, Reaching safepoint: 153200 ns, At safepoint: 21299 ns, Total: 174499 ns
[2024-02-23T09:16:56.075+0000][4616][gc,start    ] GC(131) Pause Young (Prepare Mixed) (G1 Evacuation Pause)
[2024-02-23T09:16:56.075+0000][4616][gc,task     ] GC(131) Using 8 workers of 8 for evacuation
[2024-02-23T09:16:56.075+0000][4616][gc,age      ] GC(131) Desired survivor size 157286400 bytes, new threshold 15 (max threshold 15)
[2024-02-23T09:16:56.115+0000][4616][gc,phases   ] GC(131)   Pre Evacuate Collection Set: 0.2ms
[2024-02-23T09:16:56.115+0000][4616][gc,phases   ] GC(131)   Merge Heap Roots: 0.3ms
[2024-02-23T09:16:56.115+0000][4616][gc,phases   ] GC(131)   Evacuate Collection Set: 36.3ms
[2024-02-23T09:16:56.115+0000][4616][gc,phases   ] GC(131)   Post Evacuate Collection Set: 1.3ms
[2024-02-23T09:16:56.115+0000][4616][gc,phases   ] GC(131)   Other: 0.3ms
[2024-02-23T09:16:56.115+0000][4616][gc,age      ] GC(131) Age table with threshold 15 (max threshold 15)
[2024-02-23T09:16:56.115+0000][4616][gc,age      ] GC(131) - age   1:   83323280 bytes,   83323280 total
[2024-02-23T09:16:56.115+0000][4616][gc,age      ] GC(131) - age   2:    3034768 bytes,   86358048 total
[2024-02-23T09:16:56.115+0000][4616][gc,age      ] GC(131) - age   3:   55235200 bytes,  141593248 total
[2024-02-23T09:16:56.115+0000][4616][gc,age      ] GC(131) - age   4:      63464 bytes,  141656712 total
[2024-02-23T09:16:56.115+0000][4616][gc,heap     ] GC(131) Eden regions: 572->0(14)
[2024-02-23T09:16:56.115+0000][4616][gc,heap     ] GC(131) Survivor regions: 21->36(75)
[2024-02-23T09:16:56.115+0000][4616][gc,heap     ] GC(131) Old regions: 204->204
[2024-02-23T09:16:56.115+0000][4616][gc,heap     ] GC(131) Archive regions: 0->0
[2024-02-23T09:16:56.115+0000][4616][gc,heap     ] GC(131) Humongous regions: 5->5
[2024-02-23T09:16:56.115+0000][4616][gc,metaspace] GC(131) Metaspace: 130907K(137024K)->130907K(137024K) NonClass: 113959K(117760K)->113959K(117760K) Class: 16948K(19264K)->16948K(19264K)
[2024-02-23T09:16:56.115+0000][4616][gc          ] GC(131) Pause Young (Prepare Mixed) (G1 Evacuation Pause) 3202M->973M(4040M) 38.999ms
[2024-02-23T09:16:56.115+0000][4616][gc,cpu      ] GC(131) User=0.23s Sys=0.00s Real=0.04s
[2024-02-23T09:16:56.115+0000][4616][safepoint   ] Safepoint "G1CollectForAllocation", Time since last: 6356631101 ns, Reaching safepoint: 103800 ns, At safepoint: 39189300 ns, Total: 39293100 ns
[2024-02-23T09:16:56.549+0000][4616][gc,start    ] GC(132) Pause Young (Mixed) (G1 Evacuation Pause)
[2024-02-23T09:16:56.549+0000][4616][gc,task     ] GC(132) Using 8 workers of 8 for evacuation
[2024-02-23T09:16:56.549+0000][4616][gc,age      ] GC(132) Desired survivor size 14680064 bytes, new threshold 1 (max threshold 15)
[2024-02-23T09:16:56.733+0000][4616][gc,phases   ] GC(132)   Pre Evacuate Collection Set: 0.3ms
[2024-02-23T09:16:56.733+0000][4616][gc,phases   ] GC(132)   Merge Heap Roots: 0.3ms
[2024-02-23T09:16:56.733+0000][4616][gc,phases   ] GC(132)   Evacuate Collection Set: 179.0ms
[2024-02-23T09:16:56.733+0000][4616][gc,phases   ] GC(132)   Post Evacuate Collection Set: 1.4ms
[2024-02-23T09:16:56.733+0000][4616][gc,phases   ] GC(132)   Other: 0.3ms
[2024-02-23T09:16:56.733+0000][4616][gc,age      ] GC(132) Age table with threshold 1 (max threshold 15)
[2024-02-23T09:16:56.733+0000][4616][gc,age      ] GC(132) - age   1:    2626336 bytes,    2626336 total
[2024-02-23T09:16:56.741+0000][4616][gc,heap     ] GC(132) Eden regions: 14->0(582)
[2024-02-23T09:16:56.741+0000][4616][gc,heap     ] GC(132) Survivor regions: 36->4(7)
[2024-02-23T09:16:56.741+0000][4616][gc,heap     ] GC(132) Old regions: 204->207
[2024-02-23T09:16:56.741+0000][4616][gc,heap     ] GC(132) Archive regions: 0->0
[2024-02-23T09:16:56.741+0000][4616][gc,heap     ] GC(132) Humongous regions: 5->5
[2024-02-23T09:16:56.741+0000][4616][gc,metaspace] GC(132) Metaspace: 130907K(137024K)->130907K(137024K) NonClass: 113959K(117760K)->113959K(117760K) Class: 16948K(19264K)->16948K(19264K)
[2024-02-23T09:16:56.741+0000][4616][gc          ] GC(132) Pause Young (Mixed) (G1 Evacuation Pause) 1029M->861M(4040M) 182.305ms
[2024-02-23T09:16:56.741+0000][4616][gc,cpu      ] GC(132) User=0.31s Sys=0.38s Real=0.19s
[2024-02-23T09:16:56.742+0000][4616][safepoint   ] Safepoint "G1CollectForAllocation", Time since last: 433162800 ns, Reaching safepoint: 241300 ns, At safepoint: 183466200 ns, Total: 183707500 ns
[2024-02-23T09:17:00.760+0000][4616][safepoint   ] Safepoint "Cleanup", Time since last: 4017962799 ns, Reaching safepoint: 194701 ns, At safepoint: 50200 ns, Total: 244901 ns
[2024-02-23T09:17:02.804+0000][4616][safepoint   ] Safepoint "Cleanup", Time since last: 2043360500 ns, Reaching safepoint: 121700 ns, At safepoint: 28399 ns, Total: 150099 ns
[2024-02-23T09:17:10.881+0000][4616][safepoint   ] Safepoint "Cleanup", Time since last: 8071027500 ns, Reaching safepoint: 6176201 ns, At safepoint: 35100 ns, Total: 6211301 ns
[2024-02-23T09:17:14.933+0000][4616][gc,start    ] GC(133) Pause Young (Normal) (G1 Evacuation Pause)
[2024-02-23T09:17:14.933+0000][4616][gc,task     ] GC(133) Using 8 workers of 8 for evacuation
[2024-02-23T09:17:14.933+0000][4616][gc,age      ] GC(133) Desired survivor size 155189248 bytes, new threshold 15 (max threshold 15)
[2024-02-23T09:17:14.949+0000][4616][gc,phases   ] GC(133)   Pre Evacuate Collection Set: 0.2ms
[2024-02-23T09:17:14.949+0000][4616][gc,phases   ] GC(133)   Merge Heap Roots: 0.2ms
[2024-02-23T09:17:14.949+0000][4616][gc,phases   ] GC(133)   Evacuate Collection Set: 18.3ms
[2024-02-23T09:17:14.949+0000][4616][gc,phases   ] GC(133)   Post Evacuate Collection Set: 1.2ms
[2024-02-23T09:17:14.949+0000][4616][gc,phases   ] GC(133)   Other: 0.2ms
[2024-02-23T09:17:14.949+0000][4616][gc,age      ] GC(133) Age table with threshold 15 (max threshold 15)
[2024-02-23T09:17:14.949+0000][4616][gc,age      ] GC(133) - age   1:   89121848 bytes,   89121848 total
[2024-02-23T09:17:14.949+0000][4616][gc,age      ] GC(133) - age   2:    1300656 bytes,   90422504 total
[2024-02-23T09:17:14.949+0000][4616][gc,heap     ] GC(133) Eden regions: 582->0(559)
[2024-02-23T09:17:14.949+0000][4616][gc,heap     ] GC(133) Survivor regions: 4->23(74)
[2024-02-23T09:17:14.949+0000][4616][gc,heap     ] GC(133) Old regions: 207->207
[2024-02-23T09:17:14.949+0000][4616][gc,heap     ] GC(133) Archive regions: 0->0
[2024-02-23T09:17:14.949+0000][4616][gc,heap     ] GC(133) Humongous regions: 6->6
[2024-02-23T09:17:14.949+0000][4616][gc,metaspace] GC(133) Metaspace: 130915K(137024K)->130915K(137024K) NonClass: 113967K(117760K)->113967K(117760K) Class: 16948K(19264K)->16948K(19264K)
[2024-02-23T09:17:14.949+0000][4616][gc          ] GC(133) Pause Young (Normal) (G1 Evacuation Pause) 3193M->940M(4040M) 20.637ms
[2024-02-23T09:17:14.949+0000][4616][gc,cpu      ] GC(133) User=0.12s Sys=0.00s Real=0.02s
[2024-02-23T09:17:14.949+0000][4616][safepoint   ] Safepoint "G1CollectForAllocation", Time since last: 4055856600 ns, Reaching safepoint: 146200 ns, At safepoint: 20809699 ns, Total: 20955899 ns
[2024-02-23T09:17:19.979+0000][4616][safepoint   ] Safepoint "Cleanup", Time since last: 5021338501 ns, Reaching safepoint: 139300 ns, At safepoint: 57800 ns, Total: 197100 ns
[2024-02-23T09:17:20.983+0000][4616][safepoint   ] Safepoint "Cleanup", Time since last: 1003318499 ns, Reaching safepoint: 104301 ns, At safepoint: 63200 ns, Total: 167501 ns
[2024-02-23T09:17:33.539+0000][4616][gc,start    ] GC(134) Pause Young (Concurrent Start) (G1 Humongous Allocation)
[2024-02-23T09:17:33.539+0000][4616][gc,task     ] GC(134) Using 8 workers of 8 for evacuation
[2024-02-23T09:17:33.539+0000][4616][gc,age      ] GC(134) Desired survivor size 153092096 bytes, new threshold 15 (max threshold 15)
[2024-02-23T09:17:33.563+0000][4616][gc,phases   ] GC(134)   Pre Evacuate Collection Set: 0.5ms
[2024-02-23T09:17:33.563+0000][4616][gc,phases   ] GC(134)   Merge Heap Roots: 0.2ms
[2024-02-23T09:17:33.563+0000][4616][gc,phases   ] GC(134)   Evacuate Collection Set: 27.8ms
[2024-02-23T09:17:33.563+0000][4616][gc,phases   ] GC(134)   Post Evacuate Collection Set: 1.3ms
[2024-02-23T09:17:33.563+0000][4616][gc,phases   ] GC(134)   Other: 1.0ms
[2024-02-23T09:17:33.563+0000][4616][gc,age      ] GC(134) Age table with threshold 15 (max threshold 15)
[2024-02-23T09:17:33.563+0000][4616][gc,age      ] GC(134) - age   1:   71717496 bytes,   71717496 total
[2024-02-23T09:17:33.563+0000][4616][gc,age      ] GC(134) - age   2:   69098080 bytes,  140815576 total
[2024-02-23T09:17:33.563+0000][4616][gc,age      ] GC(134) - age   3:    1096448 bytes,  141912024 total
[2024-02-23T09:17:33.563+0000][4616][gc,heap     ] GC(134) Eden regions: 522->0(547)
[2024-02-23T09:17:33.563+0000][4616][gc,heap     ] GC(134) Survivor regions: 23->36(73)
[2024-02-23T09:17:33.563+0000][4616][gc,heap     ] GC(134) Old regions: 207->207
[2024-02-23T09:17:33.563+0000][4616][gc,heap     ] GC(134) Archive regions: 0->0
[2024-02-23T09:17:33.563+0000][4616][gc,heap     ] GC(134) Humongous regions: 6->6
[2024-02-23T09:17:33.563+0000][4616][gc,metaspace] GC(134) Metaspace: 130921K(137024K)->130921K(137024K) NonClass: 113973K(117760K)->113973K(117760K) Class: 16948K(19264K)->16948K(19264K)
[2024-02-23T09:17:33.563+0000][4616][gc          ] GC(134) Pause Young (Concurrent Start) (G1 Humongous Allocation) 3028M->992M(4040M) 31.480ms
[2024-02-23T09:17:33.563+0000][4616][gc          ] GC(135) Concurrent Mark Cycle
[2024-02-23T09:17:33.563+0000][4616][gc,cpu      ] GC(134) User=0.12s Sys=0.00s Real=0.02s
[2024-02-23T09:17:33.563+0000][4616][gc,marking  ] GC(135) Concurrent Clear Claimed Marks
[2024-02-23T09:17:33.563+0000][4616][safepoint   ] Safepoint "G1TryInitiateConcMark", Time since last: 12560260399 ns, Reaching safepoint: 147101 ns, At safepoint: 31747600 ns, Total: 31894701 ns
[2024-02-23T09:17:33.563+0000][4616][gc,marking  ] GC(135) Concurrent Clear Claimed Marks 0.227ms
[2024-02-23T09:17:33.563+0000][4616][gc,marking  ] GC(135) Concurrent Scan Root Regions
[2024-02-23T09:17:33.577+0000][4616][gc,marking  ] GC(135) Concurrent Scan Root Regions 12.059ms
[2024-02-23T09:17:33.577+0000][4616][gc,marking  ] GC(135) Concurrent Mark
[2024-02-23T09:17:33.577+0000][4616][gc,marking  ] GC(135) Concurrent Mark From Roots
[2024-02-23T09:17:33.577+0000][4616][gc,task     ] GC(135) Using 2 workers of 2 for marking
[2024-02-23T09:17:33.878+0000][4616][gc,marking  ] GC(135) Concurrent Mark From Roots 291.720ms
[2024-02-23T09:17:33.878+0000][4616][gc,marking  ] GC(135) Concurrent Preclean
[2024-02-23T09:17:33.878+0000][4616][gc,marking  ] GC(135) Concurrent Preclean 0.888ms
[2024-02-23T09:17:33.878+0000][4616][gc,start    ] GC(135) Pause Remark
[2024-02-23T09:17:33.894+0000][4616][gc          ] GC(135) Pause Remark 1048M->1036M(4040M) 17.283ms
[2024-02-23T09:17:33.894+0000][4616][gc,cpu      ] GC(135) User=0.12s Sys=0.00s Real=0.02s
[2024-02-23T09:17:33.894+0000][4616][safepoint   ] Safepoint "G1Concurrent", Time since last: 305023799 ns, Reaching safepoint: 111200 ns, At safepoint: 17451901 ns, Total: 17563101 ns
[2024-02-23T09:17:33.894+0000][4616][gc,marking  ] GC(135) Concurrent Mark 310.394ms
[2024-02-23T09:17:33.894+0000][4616][gc,marking  ] GC(135) Concurrent Rebuild Remembered Sets
[2024-02-23T09:17:34.076+0000][4616][gc,marking  ] GC(135) Concurrent Rebuild Remembered Sets 181.685ms
[2024-02-23T09:17:34.080+0000][4616][gc,start    ] GC(135) Pause Cleanup
[2024-02-23T09:17:34.080+0000][4616][gc          ] GC(135) Pause Cleanup 1053M->1053M(4040M) 0.551ms
[2024-02-23T09:17:34.080+0000][4616][gc,cpu      ] GC(135) User=0.00s Sys=0.00s Real=0.00s
[2024-02-23T09:17:34.080+0000][4616][safepoint   ] Safepoint "G1Concurrent", Time since last: 181903500 ns, Reaching safepoint: 89600 ns, At safepoint: 673700 ns, Total: 763300 ns
[2024-02-23T09:17:34.080+0000][4616][gc,marking  ] GC(135) Concurrent Cleanup for Next Mark
[2024-02-23T09:17:34.083+0000][4616][gc,marking  ] GC(135) Concurrent Cleanup for Next Mark 8.682ms
[2024-02-23T09:17:34.083+0000][4616][gc          ] GC(135) Concurrent Mark Cycle 514.234ms
[2024-02-23T09:17:39.114+0000][4616][safepoint   ] Safepoint "Cleanup", Time since last: 5033110100 ns, Reaching safepoint: 101700 ns, At safepoint: 72300 ns, Total: 174000 ns
[2024-02-23T09:17:43.132+0000][4616][safepoint   ] Safepoint "Cleanup", Time since last: 4017872900 ns, Reaching safepoint: 155699 ns, At safepoint: 52701 ns, Total: 208400 ns
[2024-02-23T09:17:45.146+0000][4616][safepoint   ] Safepoint "Cleanup", Time since last: 2013991500 ns, Reaching safepoint: 126099 ns, At safepoint: 26201 ns, Total: 152300 ns
[2024-02-23T09:17:49.755+0000][4616][gc,start    ] GC(136) Pause Young (Prepare Mixed) (G1 Evacuation Pause)
[2024-02-23T09:17:49.755+0000][4616][gc,task     ] GC(136) Using 8 workers of 8 for evacuation
[2024-02-23T09:17:49.755+0000][4616][gc,age      ] GC(136) Desired survivor size 153092096 bytes, new threshold 15 (max threshold 15)
[2024-02-23T09:17:49.798+0000][4616][gc,phases   ] GC(136)   Pre Evacuate Collection Set: 0.2ms
[2024-02-23T09:17:49.798+0000][4616][gc,phases   ] GC(136)   Merge Heap Roots: 0.3ms
[2024-02-23T09:17:49.798+0000][4616][gc,phases   ] GC(136)   Evacuate Collection Set: 40.8ms
[2024-02-23T09:17:49.798+0000][4616][gc,phases   ] GC(136)   Post Evacuate Collection Set: 1.2ms
[2024-02-23T09:17:49.798+0000][4616][gc,phases   ] GC(136)   Other: 0.3ms
[2024-02-23T09:17:49.798+0000][4616][gc,age      ] GC(136) Age table with threshold 15 (max threshold 15)
[2024-02-23T09:17:49.798+0000][4616][gc,age      ] GC(136) - age   1:   77163800 bytes,   77163800 total
[2024-02-23T09:17:49.798+0000][4616][gc,age      ] GC(136) - age   2:   51241328 bytes,  128405128 total
[2024-02-23T09:17:49.798+0000][4616][gc,age      ] GC(136) - age   3:   51994312 bytes,  180399440 total
[2024-02-23T09:17:49.798+0000][4616][gc,age      ] GC(136) - age   4:     394296 bytes,  180793736 total
[2024-02-23T09:17:49.798+0000][4616][gc,heap     ] GC(136) Eden regions: 547->0(5)
[2024-02-23T09:17:49.798+0000][4616][gc,heap     ] GC(136) Survivor regions: 36->45(73)
[2024-02-23T09:17:49.798+0000][4616][gc,heap     ] GC(136) Old regions: 207->207
[2024-02-23T09:17:49.798+0000][4616][gc,heap     ] GC(136) Archive regions: 0->0
[2024-02-23T09:17:49.798+0000][4616][gc,heap     ] GC(136) Humongous regions: 5->5
[2024-02-23T09:17:49.798+0000][4616][gc,metaspace] GC(136) Metaspace: 130923K(137024K)->130923K(137024K) NonClass: 113974K(117760K)->113974K(117760K) Class: 16948K(19264K)->16948K(19264K)
[2024-02-23T09:17:49.798+0000][4616][gc          ] GC(136) Pause Young (Prepare Mixed) (G1 Evacuation Pause) 3176M->1024M(4040M) 43.603ms
[2024-02-23T09:17:49.799+0000][4616][gc,cpu      ] GC(136) User=0.31s Sys=0.02s Real=0.04s
[2024-02-23T09:17:49.799+0000][4616][safepoint   ] Safepoint "G1CollectForAllocation", Time since last: 4609180900 ns, Reaching safepoint: 111200 ns, At safepoint: 43830300 ns, Total: 43941500 ns
[2024-02-23T09:17:50.165+0000][4616][gc,start    ] GC(137) Pause Young (Mixed) (G1 Evacuation Pause)
[2024-02-23T09:17:50.166+0000][4616][gc,task     ] GC(137) Using 8 workers of 8 for evacuation
[2024-02-23T09:17:50.166+0000][4616][gc,age      ] GC(137) Desired survivor size 14680064 bytes, new threshold 1 (max threshold 15)
[2024-02-23T09:17:50.429+0000][4616][gc,mmu      ] GC(137) MMU target violated: 201.0ms (200.0ms/201.0ms)
[2024-02-23T09:17:50.429+0000][4616][gc,phases   ] GC(137)   Pre Evacuate Collection Set: 0.2ms
[2024-02-23T09:17:50.429+0000][4616][gc,phases   ] GC(137)   Merge Heap Roots: 0.4ms
[2024-02-23T09:17:50.429+0000][4616][gc,phases   ] GC(137)   Evacuate Collection Set: 256.8ms
[2024-02-23T09:17:50.429+0000][4616][gc,phases   ] GC(137)   Post Evacuate Collection Set: 5.8ms
[2024-02-23T09:17:50.429+0000][4616][gc,phases   ] GC(137)   Other: 0.4ms
[2024-02-23T09:17:50.429+0000][4616][gc,age      ] GC(137) Age table with threshold 1 (max threshold 15)
[2024-02-23T09:17:50.429+0000][4616][gc,age      ] GC(137) - age   1:     770392 bytes,     770392 total
[2024-02-23T09:17:50.429+0000][4616][gc,heap     ] GC(137) Eden regions: 5->0(585)
[2024-02-23T09:17:50.429+0000][4616][gc,heap     ] GC(137) Survivor regions: 45->4(7)
[2024-02-23T09:17:50.429+0000][4616][gc,heap     ] GC(137) Old regions: 207->199
[2024-02-23T09:17:50.429+0000][4616][gc,heap     ] GC(137) Archive regions: 0->0
[2024-02-23T09:17:50.429+0000][4616][gc,heap     ] GC(137) Humongous regions: 5->5
[2024-02-23T09:17:50.429+0000][4616][gc,metaspace] GC(137) Metaspace: 130923K(137024K)->130923K(137024K) NonClass: 113974K(117760K)->113974K(117760K) Class: 16948K(19264K)->16948K(19264K)
[2024-02-23T09:17:50.429+0000][4616][gc          ] GC(137) Pause Young (Mixed) (G1 Evacuation Pause) 1044M->831M(4040M) 264.129ms
[2024-02-23T09:17:50.429+0000][4616][gc,cpu      ] GC(137) User=0.19s Sys=0.22s Real=0.26s
[2024-02-23T09:17:50.431+0000][4616][safepoint   ] Safepoint "G1CollectForAllocation", Time since last: 366224100 ns, Reaching safepoint: 108900 ns, At safepoint: 266084500 ns, Total: 266193400 ns
[2024-02-23T09:18:01.517+0000][4616][safepoint   ] Safepoint "Cleanup", Time since last: 11085033500 ns, Reaching safepoint: 126900 ns, At safepoint: 33600 ns, Total: 160500 ns
[2024-02-23T09:18:09.993+0000][4616][safepoint   ] Safepoint "Cleanup", Time since last: 8476557700 ns, Reaching safepoint: 95800 ns, At safepoint: 11000 ns, Total: 106800 ns
[2024-02-23T09:18:10.998+0000][4616][safepoint   ] Safepoint "Cleanup", Time since last: 1005102200 ns, Reaching safepoint: 117200 ns, At safepoint: 9400 ns, Total: 126600 ns
[2024-02-23T09:18:12.374+0000][4616][gc,start    ] GC(138) Pause Young (Normal) (G1 Evacuation Pause)
[2024-02-23T09:18:12.374+0000][4616][gc,task     ] GC(138) Using 8 workers of 8 for evacuation
[2024-02-23T09:18:12.374+0000][4616][gc,age      ] GC(138) Desired survivor size 155189248 bytes, new threshold 15 (max threshold 15)
[2024-02-23T09:18:12.400+0000][4616][gc,phases   ] GC(138)   Pre Evacuate Collection Set: 0.1ms
[2024-02-23T09:18:12.400+0000][4616][gc,phases   ] GC(138)   Merge Heap Roots: 0.1ms
[2024-02-23T09:18:12.400+0000][4616][gc,phases   ] GC(138)   Evacuate Collection Set: 20.7ms
[2024-02-23T09:18:12.400+0000][4616][gc,phases   ] GC(138)   Post Evacuate Collection Set: 1.3ms
[2024-02-23T09:18:12.400+0000][4616][gc,phases   ] GC(138)   Other: 2.2ms
[2024-02-23T09:18:12.400+0000][4616][gc,age      ] GC(138) Age table with threshold 15 (max threshold 15)
[2024-02-23T09:18:12.400+0000][4616][gc,age      ] GC(138) - age   1:   92746456 bytes,   92746456 total
[2024-02-23T09:18:12.400+0000][4616][gc,age      ] GC(138) - age   2:      59424 bytes,   92805880 total
[2024-02-23T09:18:12.400+0000][4616][gc,heap     ] GC(138) Eden regions: 585->0(562)
[2024-02-23T09:18:12.400+0000][4616][gc,heap     ] GC(138) Survivor regions: 4->24(74)
[2024-02-23T09:18:12.400+0000][4616][gc,heap     ] GC(138) Old regions: 199->199
[2024-02-23T09:18:12.400+0000][4616][gc,heap     ] GC(138) Archive regions: 0->0
[2024-02-23T09:18:12.400+0000][4616][gc,heap     ] GC(138) Humongous regions: 5->5
[2024-02-23T09:18:12.400+0000][4616][gc,metaspace] GC(138) Metaspace: 130953K(137024K)->130953K(137024K) NonClass: 114005K(117760K)->114005K(117760K) Class: 16948K(19264K)->16948K(19264K)
[2024-02-23T09:18:12.400+0000][4616][gc          ] GC(138) Pause Young (Normal) (G1 Evacuation Pause) 3171M->910M(4040M) 24.966ms
[2024-02-23T09:18:12.400+0000][4616][gc,cpu      ] GC(138) User=0.08s Sys=0.00s Real=0.03s
[2024-02-23T09:18:12.400+0000][4616][safepoint   ] Safepoint "G1CollectForAllocation", Time since last: 1376578100 ns, Reaching safepoint: 135200 ns, At safepoint: 25066700 ns, Total: 25201900 ns
[2024-02-23T09:18:16.449+0000][4616][safepoint   ] Safepoint "Cleanup", Time since last: 4035474100 ns, Reaching safepoint: 13104500 ns, At safepoint: 106600 ns, Total: 13211100 ns
[2024-02-23T09:18:16.992+0000][4616][gc,start    ] GC(139) Pause Young (Concurrent Start) (G1 Humongous Allocation)
[2024-02-23T09:18:16.992+0000][4616][gc,task     ] GC(139) Using 8 workers of 8 for evacuation
[2024-02-23T09:18:16.992+0000][4616][gc,age      ] GC(139) Desired survivor size 155189248 bytes, new threshold 15 (max threshold 15)
[2024-02-23T09:18:17.024+0000][4616][gc,phases   ] GC(139)   Pre Evacuate Collection Set: 0.6ms
[2024-02-23T09:18:17.024+0000][4616][gc,phases   ] GC(139)   Merge Heap Roots: 0.2ms
[2024-02-23T09:18:17.024+0000][4616][gc,phases   ] GC(139)   Evacuate Collection Set: 22.0ms
[2024-02-23T09:18:17.024+0000][4616][gc,phases   ] GC(139)   Post Evacuate Collection Set: 1.0ms
[2024-02-23T09:18:17.024+0000][4616][gc,phases   ] GC(139)   Other: 0.2ms
[2024-02-23T09:18:17.024+0000][4616][gc,age      ] GC(139) Age table with threshold 15 (max threshold 15)
[2024-02-23T09:18:17.024+0000][4616][gc,age      ] GC(139) - age   1:   15389208 bytes,   15389208 total
[2024-02-23T09:18:17.024+0000][4616][gc,age      ] GC(139) - age   2:   90100888 bytes,  105490096 total
[2024-02-23T09:18:17.024+0000][4616][gc,age      ] GC(139) - age   3:      59424 bytes,  105549520 total
[2024-02-23T09:18:17.024+0000][4616][gc,heap     ] GC(139) Eden regions: 98->0(571)
[2024-02-23T09:18:17.024+0000][4616][gc,heap     ] GC(139) Survivor regions: 24->27(74)
[2024-02-23T09:18:17.024+0000][4616][gc,heap     ] GC(139) Old regions: 199->199
[2024-02-23T09:18:17.024+0000][4616][gc,heap     ] GC(139) Archive regions: 0->0
[2024-02-23T09:18:17.024+0000][4616][gc,heap     ] GC(139) Humongous regions: 5->5
[2024-02-23T09:18:17.024+0000][4616][gc,metaspace] GC(139) Metaspace: 130956K(137024K)->130956K(137024K) NonClass: 114007K(117760K)->114007K(117760K) Class: 16948K(19264K)->16948K(19264K)
[2024-02-23T09:18:17.024+0000][4616][gc          ] GC(139) Pause Young (Concurrent Start) (G1 Humongous Allocation) 1302M->923M(4040M) 24.387ms
[2024-02-23T09:18:17.024+0000][4616][gc          ] GC(140) Concurrent Mark Cycle
[2024-02-23T09:18:17.024+0000][4616][gc,cpu      ] GC(139) User=0.14s Sys=0.02s Real=0.03s
[2024-02-23T09:18:17.024+0000][4616][gc,marking  ] GC(140) Concurrent Clear Claimed Marks
[2024-02-23T09:18:17.024+0000][4616][safepoint   ] Safepoint "G1TryInitiateConcMark", Time since last: 550609499 ns, Reaching safepoint: 96201 ns, At safepoint: 24636100 ns, Total: 24732301 ns
[2024-02-23T09:18:17.024+0000][4616][gc,marking  ] GC(140) Concurrent Clear Claimed Marks 0.303ms
[2024-02-23T09:18:17.024+0000][4616][gc,marking  ] GC(140) Concurrent Scan Root Regions
[2024-02-23T09:18:17.036+0000][4616][gc,marking  ] GC(140) Concurrent Scan Root Regions 11.267ms
[2024-02-23T09:18:17.036+0000][4616][gc,marking  ] GC(140) Concurrent Mark
[2024-02-23T09:18:17.036+0000][4616][gc,marking  ] GC(140) Concurrent Mark From Roots
[2024-02-23T09:18:17.036+0000][4616][gc,task     ] GC(140) Using 2 workers of 2 for marking
[2024-02-23T09:18:17.331+0000][4616][gc,marking  ] GC(140) Concurrent Mark From Roots 295.554ms
[2024-02-23T09:18:17.331+0000][4616][gc,marking  ] GC(140) Concurrent Preclean
[2024-02-23T09:18:17.332+0000][4616][gc,marking  ] GC(140) Concurrent Preclean 1.038ms
[2024-02-23T09:18:17.332+0000][4616][gc,start    ] GC(140) Pause Remark
[2024-02-23T09:18:17.348+0000][4616][gc          ] GC(140) Pause Remark 981M->973M(4040M) 15.211ms
[2024-02-23T09:18:17.348+0000][4616][gc,cpu      ] GC(140) User=0.12s Sys=0.00s Real=0.02s
[2024-02-23T09:18:17.348+0000][4616][safepoint   ] Safepoint "G1Concurrent", Time since last: 308265599 ns, Reaching safepoint: 98001 ns, At safepoint: 15473400 ns, Total: 15571401 ns
[2024-02-23T09:18:17.348+0000][4616][gc,marking  ] GC(140) Concurrent Mark 312.379ms
[2024-02-23T09:18:17.348+0000][4616][gc,marking  ] GC(140) Concurrent Rebuild Remembered Sets
[2024-02-23T09:18:17.508+0000][4616][gc,marking  ] GC(140) Concurrent Rebuild Remembered Sets 160.554ms
[2024-02-23T09:18:17.508+0000][4616][gc,start    ] GC(140) Pause Cleanup
[2024-02-23T09:18:17.510+0000][4616][gc          ] GC(140) Pause Cleanup 991M->991M(4040M) 0.534ms
[2024-02-23T09:18:17.510+0000][4616][gc,cpu      ] GC(140) User=0.00s Sys=0.00s Real=0.00s
[2024-02-23T09:18:17.511+0000][4616][safepoint   ] Safepoint "G1Concurrent", Time since last: 160767299 ns, Reaching safepoint: 60401 ns, At safepoint: 1367299 ns, Total: 1427700 ns
[2024-02-23T09:18:17.511+0000][4616][gc,marking  ] GC(140) Concurrent Cleanup for Next Mark
[2024-02-23T09:18:17.519+0000][4616][gc,marking  ] GC(140) Concurrent Cleanup for Next Mark 9.170ms
[2024-02-23T09:18:17.519+0000][4616][gc          ] GC(140) Concurrent Mark Cycle 495.510ms
[2024-02-23T09:18:21.556+0000][4616][safepoint   ] Safepoint "Cleanup", Time since last: 4045082301 ns, Reaching safepoint: 84500 ns, At safepoint: 10700 ns, Total: 95200 ns
[2024-02-23T09:18:24.587+0000][4616][safepoint   ] Safepoint "Cleanup", Time since last: 3031517800 ns, Reaching safepoint: 317799 ns, At safepoint: 62401 ns, Total: 380200 ns
[2024-02-23T09:18:25.598+0000][4616][safepoint   ] Safepoint "Cleanup", Time since last: 1010901200 ns, Reaching safepoint: 69900 ns, At safepoint: 20700 ns, Total: 90600 ns
[2024-02-23T09:18:32.660+0000][4616][safepoint   ] Safepoint "Cleanup", Time since last: 7061443100 ns, Reaching safepoint: 151499 ns, At safepoint: 27901 ns, Total: 179400 ns
[2024-02-23T09:18:33.661+0000][4616][safepoint   ] Safepoint "Cleanup", Time since last: 1000554700 ns, Reaching safepoint: 180399 ns, At safepoint: 26201 ns, Total: 206600 ns
[2024-02-23T09:18:36.014+0000][4616][gc,start    ] GC(141) Pause Young (Prepare Mixed) (G1 Evacuation Pause)
[2024-02-23T09:18:36.040+0000][4616][gc,task     ] GC(141) Using 8 workers of 8 for evacuation
[2024-02-23T09:18:36.040+0000][4616][gc,age      ] GC(141) Desired survivor size 157286400 bytes, new threshold 15 (max threshold 15)
[2024-02-23T09:18:36.271+0000][4616][gc,mmu      ] GC(141) MMU target violated: 201.0ms (200.0ms/201.0ms)
[2024-02-23T09:18:36.271+0000][4616][gc,phases   ] GC(141)   Pre Evacuate Collection Set: 0.6ms
[2024-02-23T09:18:36.271+0000][4616][gc,phases   ] GC(141)   Merge Heap Roots: 0.8ms
[2024-02-23T09:18:36.271+0000][4616][gc,phases   ] GC(141)   Evacuate Collection Set: 212.3ms
[2024-02-23T09:18:36.271+0000][4616][gc,phases   ] GC(141)   Post Evacuate Collection Set: 2.8ms
[2024-02-23T09:18:36.271+0000][4616][gc,phases   ] GC(141)   Other: 0.9ms
[2024-02-23T09:18:36.271+0000][4616][gc,age      ] GC(141) Age table with threshold 15 (max threshold 15)
[2024-02-23T09:18:36.271+0000][4616][gc,age      ] GC(141) - age   1:   82473672 bytes,   82473672 total
[2024-02-23T09:18:36.271+0000][4616][gc,age      ] GC(141) - age   2:   12057472 bytes,   94531144 total
[2024-02-23T09:18:36.271+0000][4616][gc,age      ] GC(141) - age   3:   66221232 bytes,  160752376 total
[2024-02-23T09:18:36.271+0000][4616][gc,age      ] GC(141) - age   4:      35240 bytes,  160787616 total
[2024-02-23T09:18:36.271+0000][4616][gc,heap     ] GC(141) Eden regions: 571->0(8)
[2024-02-23T09:18:36.271+0000][4616][gc,heap     ] GC(141) Survivor regions: 27->42(75)
[2024-02-23T09:18:36.271+0000][4616][gc,heap     ] GC(141) Old regions: 199->199
[2024-02-23T09:18:36.271+0000][4616][gc,heap     ] GC(141) Archive regions: 0->0
[2024-02-23T09:18:36.271+0000][4616][gc,heap     ] GC(141) Humongous regions: 5->5
[2024-02-23T09:18:36.271+0000][4616][gc,metaspace] GC(141) Metaspace: 130956K(137024K)->130956K(137024K) NonClass: 114008K(117760K)->114008K(117760K) Class: 16948K(19264K)->16948K(19264K)
[2024-02-23T09:18:36.271+0000][4616][gc          ] GC(141) Pause Young (Prepare Mixed) (G1 Evacuation Pause) 3207M->981M(4040M) 257.530ms
[2024-02-23T09:18:36.271+0000][4616][gc,cpu      ] GC(141) User=0.19s Sys=0.53s Real=0.26s
[2024-02-23T09:18:36.271+0000][4616][safepoint   ] Safepoint "G1CollectForAllocation", Time since last: 2353246300 ns, Reaching safepoint: 128800 ns, At safepoint: 257902600 ns, Total: 258031400 ns
[2024-02-23T09:18:36.420+0000][4616][gc,start    ] GC(142) Pause Young (Mixed) (G1 Evacuation Pause)
[2024-02-23T09:18:36.420+0000][4616][gc,task     ] GC(142) Using 8 workers of 8 for evacuation
[2024-02-23T09:18:36.420+0000][4616][gc,age      ] GC(142) Desired survivor size 14680064 bytes, new threshold 1 (max threshold 15)
[2024-02-23T09:18:36.500+0000][4616][gc,phases   ] GC(142)   Pre Evacuate Collection Set: 0.3ms
[2024-02-23T09:18:36.500+0000][4616][gc,phases   ] GC(142)   Merge Heap Roots: 0.4ms
[2024-02-23T09:18:36.500+0000][4616][gc,phases   ] GC(142)   Evacuate Collection Set: 78.9ms
[2024-02-23T09:18:36.500+0000][4616][gc,phases   ] GC(142)   Post Evacuate Collection Set: 1.2ms
[2024-02-23T09:18:36.500+0000][4616][gc,phases   ] GC(142)   Other: 0.3ms
[2024-02-23T09:18:36.500+0000][4616][gc,age      ] GC(142) Age table with threshold 1 (max threshold 15)
[2024-02-23T09:18:36.500+0000][4616][gc,age      ] GC(142) - age   1:    1032512 bytes,    1032512 total
[2024-02-23T09:18:36.500+0000][4616][gc,heap     ] GC(142) Eden regions: 8->0(584)
[2024-02-23T09:18:36.500+0000][4616][gc,heap     ] GC(142) Survivor regions: 42->4(7)
[2024-02-23T09:18:36.500+0000][4616][gc,heap     ] GC(142) Old regions: 199->204
[2024-02-23T09:18:36.500+0000][4616][gc,heap     ] GC(142) Archive regions: 0->0
[2024-02-23T09:18:36.500+0000][4616][gc,heap     ] GC(142) Humongous regions: 5->5
[2024-02-23T09:18:36.500+0000][4616][gc,metaspace] GC(142) Metaspace: 130956K(137024K)->130956K(137024K) NonClass: 114008K(117760K)->114008K(117760K) Class: 16948K(19264K)->16948K(19264K)
[2024-02-23T09:18:36.500+0000][4616][gc          ] GC(142) Pause Young (Mixed) (G1 Evacuation Pause) 1013M->850M(4040M) 81.633ms
[2024-02-23T09:18:36.500+0000][4616][gc,cpu      ] GC(142) User=0.25s Sys=0.05s Real=0.08s
[2024-02-23T09:18:36.500+0000][4616][safepoint   ] Safepoint "G1CollectForAllocation", Time since last: 147813200 ns, Reaching safepoint: 174600 ns, At safepoint: 82281900 ns, Total: 82456500 ns
[2024-02-23T09:18:39.522+0000][4616][safepoint   ] Safepoint "Cleanup", Time since last: 3019220499 ns, Reaching safepoint: 145201 ns, At safepoint: 71800 ns, Total: 217001 ns
[2024-02-23T09:18:41.990+0000][4616][safepoint   ] Safepoint "Cleanup", Time since last: 2467681499 ns, Reaching safepoint: 139301 ns, At safepoint: 22100 ns, Total: 161401 ns
[2024-02-23T09:18:53.069+0000][4616][safepoint   ] Safepoint "Cleanup", Time since last: 11079444400 ns, Reaching safepoint: 101600 ns, At safepoint: 28399 ns, Total: 129999 ns
[2024-02-23T09:19:07.365+0000][4616][gc,start    ] GC(143) Pause Young (Normal) (G1 Evacuation Pause)
[2024-02-23T09:19:07.365+0000][4616][gc,task     ] GC(143) Using 8 workers of 8 for evacuation
[2024-02-23T09:19:07.365+0000][4616][gc,age      ] GC(143) Desired survivor size 155189248 bytes, new threshold 15 (max threshold 15)
[2024-02-23T09:19:07.385+0000][4616][gc,phases   ] GC(143)   Pre Evacuate Collection Set: 0.2ms
[2024-02-23T09:19:07.385+0000][4616][gc,phases   ] GC(143)   Merge Heap Roots: 0.3ms
[2024-02-23T09:19:07.385+0000][4616][gc,phases   ] GC(143)   Evacuate Collection Set: 17.8ms
[2024-02-23T09:19:07.385+0000][4616][gc,phases   ] GC(143)   Post Evacuate Collection Set: 1.8ms
[2024-02-23T09:19:07.385+0000][4616][gc,phases   ] GC(143)   Other: 0.3ms
[2024-02-23T09:19:07.385+0000][4616][gc,age      ] GC(143) Age table with threshold 15 (max threshold 15)
[2024-02-23T09:19:07.385+0000][4616][gc,age      ] GC(143) - age   1:   77477128 bytes,   77477128 total
[2024-02-23T09:19:07.385+0000][4616][gc,age      ] GC(143) - age   2:     325816 bytes,   77802944 total
[2024-02-23T09:19:07.385+0000][4616][gc,heap     ] GC(143) Eden regions: 584->0(567)
[2024-02-23T09:19:07.385+0000][4616][gc,heap     ] GC(143) Survivor regions: 4->20(74)
[2024-02-23T09:19:07.385+0000][4616][gc,heap     ] GC(143) Old regions: 204->204
[2024-02-23T09:19:07.385+0000][4616][gc,heap     ] GC(143) Archive regions: 0->0
[2024-02-23T09:19:07.385+0000][4616][gc,heap     ] GC(143) Humongous regions: 5->5
[2024-02-23T09:19:07.385+0000][4616][gc,metaspace] GC(143) Metaspace: 130957K(137024K)->130957K(137024K) NonClass: 114008K(117760K)->114008K(117760K) Class: 16948K(19264K)->16948K(19264K)
[2024-02-23T09:19:07.385+0000][4616][gc          ] GC(143) Pause Young (Normal) (G1 Evacuation Pause) 3186M->912M(4040M) 20.941ms
[2024-02-23T09:19:07.385+0000][4616][gc,cpu      ] GC(143) User=0.12s Sys=0.00s Real=0.02s
[2024-02-23T09:19:07.385+0000][4616][safepoint   ] Safepoint "G1CollectForAllocation", Time since last: 14240606301 ns, Reaching safepoint: 54929900 ns, At safepoint: 21145900 ns, Total: 76075800 ns
[2024-02-23T09:19:08.390+0000][4616][safepoint   ] Safepoint "Cleanup", Time since last: 1004357199 ns, Reaching safepoint: 105401 ns, At safepoint: 15300 ns, Total: 120701 ns
[2024-02-23T09:19:08.733+0000][4616][gc,start    ] GC(144) Pause Young (Concurrent Start) (G1 Humongous Allocation)
[2024-02-23T09:19:08.733+0000][4616][gc,task     ] GC(144) Using 8 workers of 8 for evacuation
[2024-02-23T09:19:08.733+0000][4616][gc,age      ] GC(144) Desired survivor size 155189248 bytes, new threshold 15 (max threshold 15)
[2024-02-23T09:19:08.753+0000][4616][gc,phases   ] GC(144)   Pre Evacuate Collection Set: 0.3ms
[2024-02-23T09:19:08.753+0000][4616][gc,phases   ] GC(144)   Merge Heap Roots: 0.1ms
[2024-02-23T09:19:08.753+0000][4616][gc,phases   ] GC(144)   Evacuate Collection Set: 17.7ms
[2024-02-23T09:19:08.753+0000][4616][gc,phases   ] GC(144)   Post Evacuate Collection Set: 1.0ms
[2024-02-23T09:19:08.753+0000][4616][gc,phases   ] GC(144)   Other: 0.1ms
[2024-02-23T09:19:08.753+0000][4616][gc,age      ] GC(144) Age table with threshold 15 (max threshold 15)
[2024-02-23T09:19:08.753+0000][4616][gc,age      ] GC(144) - age   1:    5262320 bytes,    5262320 total
[2024-02-23T09:19:08.753+0000][4616][gc,age      ] GC(144) - age   2:   76128736 bytes,   81391056 total
[2024-02-23T09:19:08.753+0000][4616][gc,age      ] GC(144) - age   3:     325816 bytes,   81716872 total
[2024-02-23T09:19:08.753+0000][4616][gc,heap     ] GC(144) Eden regions: 22->0(571)
[2024-02-23T09:19:08.753+0000][4616][gc,heap     ] GC(144) Survivor regions: 20->21(74)
[2024-02-23T09:19:08.753+0000][4616][gc,heap     ] GC(144) Old regions: 204->204
[2024-02-23T09:19:08.753+0000][4616][gc,heap     ] GC(144) Archive regions: 0->0
[2024-02-23T09:19:08.753+0000][4616][gc,heap     ] GC(144) Humongous regions: 5->5
[2024-02-23T09:19:08.753+0000][4616][gc,metaspace] GC(144) Metaspace: 130957K(137024K)->130957K(137024K) NonClass: 114008K(117760K)->114008K(117760K) Class: 16948K(19264K)->16948K(19264K)
[2024-02-23T09:19:08.753+0000][4616][gc          ] GC(144) Pause Young (Concurrent Start) (G1 Humongous Allocation) 998M->916M(4040M) 19.845ms
[2024-02-23T09:19:08.753+0000][4616][gc,cpu      ] GC(144) User=0.11s Sys=0.00s Real=0.02s
[2024-02-23T09:19:08.753+0000][4616][gc          ] GC(145) Concurrent Mark Cycle
[2024-02-23T09:19:08.753+0000][4616][safepoint   ] Safepoint "G1TryInitiateConcMark", Time since last: 342800400 ns, Reaching safepoint: 73899 ns, At safepoint: 19998901 ns, Total: 20072800 ns
[2024-02-23T09:19:08.753+0000][4616][gc,marking  ] GC(145) Concurrent Clear Claimed Marks
[2024-02-23T09:19:08.754+0000][4616][gc,marking  ] GC(145) Concurrent Clear Claimed Marks 0.222ms
[2024-02-23T09:19:08.754+0000][4616][gc,marking  ] GC(145) Concurrent Scan Root Regions
[2024-02-23T09:19:08.765+0000][4616][gc,marking  ] GC(145) Concurrent Scan Root Regions 11.824ms
[2024-02-23T09:19:08.765+0000][4616][gc,marking  ] GC(145) Concurrent Mark
[2024-02-23T09:19:08.765+0000][4616][gc,marking  ] GC(145) Concurrent Mark From Roots
[2024-02-23T09:19:08.765+0000][4616][gc,task     ] GC(145) Using 2 workers of 2 for marking
[2024-02-23T09:19:09.041+0000][4616][gc,marking  ] GC(145) Concurrent Mark From Roots 277.755ms
[2024-02-23T09:19:09.041+0000][4616][gc,marking  ] GC(145) Concurrent Preclean
[2024-02-23T09:19:09.041+0000][4616][gc,marking  ] GC(145) Concurrent Preclean 0.873ms
[2024-02-23T09:19:09.041+0000][4616][gc,start    ] GC(145) Pause Remark
[2024-02-23T09:19:09.054+0000][4616][gc          ] GC(145) Pause Remark 940M->936M(4040M) 10.134ms
[2024-02-23T09:19:09.054+0000][4616][gc,cpu      ] GC(145) User=0.00s Sys=0.00s Real=0.01s
[2024-02-23T09:19:09.055+0000][4616][safepoint   ] Safepoint "G1Concurrent", Time since last: 290975300 ns, Reaching safepoint: 91500 ns, At safepoint: 10366500 ns, Total: 10458000 ns
[2024-02-23T09:19:09.055+0000][4616][gc,marking  ] GC(145) Concurrent Mark 289.318ms
[2024-02-23T09:19:09.055+0000][4616][gc,marking  ] GC(145) Concurrent Rebuild Remembered Sets
[2024-02-23T09:19:09.236+0000][4616][gc,marking  ] GC(145) Concurrent Rebuild Remembered Sets 184.356ms
[2024-02-23T09:19:09.236+0000][4616][gc,start    ] GC(145) Pause Cleanup
[2024-02-23T09:19:09.236+0000][4616][gc          ] GC(145) Pause Cleanup 950M->950M(4040M) 0.476ms
[2024-02-23T09:19:09.236+0000][4616][gc,cpu      ] GC(145) User=0.00s Sys=0.00s Real=0.00s
[2024-02-23T09:19:09.236+0000][4616][safepoint   ] Safepoint "G1Concurrent", Time since last: 184576700 ns, Reaching safepoint: 88899 ns, At safepoint: 615501 ns, Total: 704400 ns
[2024-02-23T09:19:09.236+0000][4616][gc,marking  ] GC(145) Concurrent Cleanup for Next Mark
[2024-02-23T09:19:09.250+0000][4616][gc,marking  ] GC(145) Concurrent Cleanup for Next Mark 9.913ms
[2024-02-23T09:19:09.250+0000][4616][gc          ] GC(145) Concurrent Mark Cycle 496.829ms
[2024-02-23T09:19:11.250+0000][4616][safepoint   ] Safepoint "Cleanup", Time since last: 2009572099 ns, Reaching safepoint: 78201 ns, At safepoint: 21600 ns, Total: 99801 ns
[2024-02-23T09:19:28.372+0000][4616][safepoint   ] Safepoint "Cleanup", Time since last: 17122214800 ns, Reaching safepoint: 253500 ns, At safepoint: 24500 ns, Total: 278000 ns
[2024-02-23T09:19:31.404+0000][4616][safepoint   ] Safepoint "Cleanup", Time since last: 3031352700 ns, Reaching safepoint: 189400 ns, At safepoint: 52000 ns, Total: 241400 ns
[2024-02-23T09:19:36.442+0000][4616][safepoint   ] Safepoint "Cleanup", Time since last: 5038151400 ns, Reaching safepoint: 97100 ns, At safepoint: 15600 ns, Total: 112700 ns
[2024-02-23T09:19:39.245+0000][4616][gc,start    ] GC(146) Pause Young (Prepare Mixed) (G1 Evacuation Pause)
[2024-02-23T09:19:39.245+0000][4616][gc,task     ] GC(146) Using 8 workers of 8 for evacuation
[2024-02-23T09:19:39.245+0000][4616][gc,age      ] GC(146) Desired survivor size 155189248 bytes, new threshold 15 (max threshold 15)
[2024-02-23T09:19:39.279+0000][4616][gc,phases   ] GC(146)   Pre Evacuate Collection Set: 0.2ms
[2024-02-23T09:19:39.279+0000][4616][gc,phases   ] GC(146)   Merge Heap Roots: 0.3ms
[2024-02-23T09:19:39.279+0000][4616][gc,phases   ] GC(146)   Evacuate Collection Set: 29.8ms
[2024-02-23T09:19:39.279+0000][4616][gc,phases   ] GC(146)   Post Evacuate Collection Set: 1.3ms
[2024-02-23T09:19:39.279+0000][4616][gc,phases   ] GC(146)   Other: 0.3ms
[2024-02-23T09:19:39.279+0000][4616][gc,age      ] GC(146) Age table with threshold 15 (max threshold 15)
[2024-02-23T09:19:39.279+0000][4616][gc,age      ] GC(146) - age   1:   85668120 bytes,   85668120 total
[2024-02-23T09:19:39.279+0000][4616][gc,age      ] GC(146) - age   2:    4073344 bytes,   89741464 total
[2024-02-23T09:19:39.279+0000][4616][gc,age      ] GC(146) - age   3:   56824768 bytes,  146566232 total
[2024-02-23T09:19:39.279+0000][4616][gc,age      ] GC(146) - age   4:     169680 bytes,  146735912 total
[2024-02-23T09:19:39.279+0000][4616][gc,heap     ] GC(146) Eden regions: 571->0(13)
[2024-02-23T09:19:39.279+0000][4616][gc,heap     ] GC(146) Survivor regions: 21->37(74)
[2024-02-23T09:19:39.279+0000][4616][gc,heap     ] GC(146) Old regions: 204->204
[2024-02-23T09:19:39.279+0000][4616][gc,heap     ] GC(146) Archive regions: 0->0
[2024-02-23T09:19:39.279+0000][4616][gc,heap     ] GC(146) Humongous regions: 5->5
[2024-02-23T09:19:39.279+0000][4616][gc,metaspace] GC(146) Metaspace: 130958K(137024K)->130958K(137024K) NonClass: 114010K(117760K)->114010K(117760K) Class: 16948K(19264K)->16948K(19264K)
[2024-02-23T09:19:39.280+0000][4616][gc          ] GC(146) Pause Young (Prepare Mixed) (G1 Evacuation Pause) 3200M->979M(4040M) 32.526ms
[2024-02-23T09:19:39.280+0000][4616][gc,cpu      ] GC(146) User=0.23s Sys=0.00s Real=0.04s
[2024-02-23T09:19:39.280+0000][4616][safepoint   ] Safepoint "G1CollectForAllocation", Time since last: 2804901700 ns, Reaching safepoint: 157800 ns, At safepoint: 32789400 ns, Total: 32947200 ns
[2024-02-23T09:19:39.475+0000][4616][gc,start    ] GC(147) Pause Young (Mixed) (G1 Evacuation Pause)
[2024-02-23T09:19:39.475+0000][4616][gc,task     ] GC(147) Using 8 workers of 8 for evacuation
[2024-02-23T09:19:39.475+0000][4616][gc,age      ] GC(147) Desired survivor size 14680064 bytes, new threshold 1 (max threshold 15)
[2024-02-23T09:19:39.540+0000][4616][gc,phases   ] GC(147)   Pre Evacuate Collection Set: 0.2ms
[2024-02-23T09:19:39.541+0000][4616][gc,phases   ] GC(147)   Merge Heap Roots: 0.3ms
[2024-02-23T09:19:39.541+0000][4616][gc,phases   ] GC(147)   Evacuate Collection Set: 64.5ms
[2024-02-23T09:19:39.541+0000][4616][gc,phases   ] GC(147)   Post Evacuate Collection Set: 0.9ms
[2024-02-23T09:19:39.541+0000][4616][gc,phases   ] GC(147)   Other: 0.2ms
[2024-02-23T09:19:39.541+0000][4616][gc,age      ] GC(147) Age table with threshold 1 (max threshold 15)
[2024-02-23T09:19:39.541+0000][4616][gc,age      ] GC(147) - age   1:     991480 bytes,     991480 total
[2024-02-23T09:19:39.541+0000][4616][gc,heap     ] GC(147) Eden regions: 13->0(580)
[2024-02-23T09:19:39.541+0000][4616][gc,heap     ] GC(147) Survivor regions: 37->4(7)
[2024-02-23T09:19:39.541+0000][4616][gc,heap     ] GC(147) Old regions: 204->207
[2024-02-23T09:19:39.541+0000][4616][gc,heap     ] GC(147) Archive regions: 0->0
[2024-02-23T09:19:39.541+0000][4616][gc,heap     ] GC(147) Humongous regions: 5->5
[2024-02-23T09:19:39.541+0000][4616][gc,metaspace] GC(147) Metaspace: 130958K(137024K)->130958K(137024K) NonClass: 114010K(117760K)->114010K(117760K) Class: 16948K(19264K)->16948K(19264K)
[2024-02-23T09:19:39.541+0000][4616][gc          ] GC(147) Pause Young (Mixed) (G1 Evacuation Pause) 1031M->860M(4040M) 66.713ms
[2024-02-23T09:19:39.541+0000][4616][gc,cpu      ] GC(147) User=0.41s Sys=0.14s Real=0.07s
[2024-02-23T09:19:39.541+0000][4616][safepoint   ] Safepoint "G1CollectForAllocation", Time since last: 194850900 ns, Reaching safepoint: 90499 ns, At safepoint: 67126301 ns, Total: 67216800 ns
[2024-02-23T09:19:40.545+0000][4616][safepoint   ] Safepoint "Cleanup", Time since last: 1002982199 ns, Reaching safepoint: 137801 ns, At safepoint: 81000 ns, Total: 218801 ns
[2024-02-23T09:19:47.632+0000][4616][safepoint   ] Safepoint "Cleanup", Time since last: 7051826000 ns, Reaching safepoint: 34912200 ns, At safepoint: 107099 ns, Total: 35019299 ns
[2024-02-23T09:19:48.645+0000][4616][safepoint   ] Safepoint "Cleanup", Time since last: 1013080001 ns, Reaching safepoint: 63500 ns, At safepoint: 46800 ns, Total: 110300 ns
[2024-02-23T09:19:53.670+0000][4616][safepoint   ] Safepoint "Cleanup", Time since last: 5024523700 ns, Reaching safepoint: 102200 ns, At safepoint: 33500 ns, Total: 135700 ns
[2024-02-23T09:19:59.700+0000][4616][safepoint   ] Safepoint "Cleanup", Time since last: 6029945100 ns, Reaching safepoint: 112699 ns, At safepoint: 60700 ns, Total: 173399 ns
[2024-02-23T09:20:01.723+0000][4616][safepoint   ] Safepoint "Cleanup", Time since last: 2022853701 ns, Reaching safepoint: 72699 ns, At safepoint: 20001 ns, Total: 92700 ns
[2024-02-23T09:20:05.745+0000][4616][safepoint   ] Safepoint "Cleanup", Time since last: 4021884099 ns, Reaching safepoint: 99600 ns, At safepoint: 25100 ns, Total: 124700 ns
[2024-02-23T09:20:10.793+0000][4616][safepoint   ] Safepoint "Cleanup", Time since last: 5047667500 ns, Reaching safepoint: 163201 ns, At safepoint: 73500 ns, Total: 236701 ns
[2024-02-23T09:20:12.156+0000][4616][gc,start    ] GC(148) Pause Young (Normal) (G1 Evacuation Pause)
[2024-02-23T09:20:12.156+0000][4616][gc,task     ] GC(148) Using 8 workers of 8 for evacuation
[2024-02-23T09:20:12.156+0000][4616][gc,age      ] GC(148) Desired survivor size 153092096 bytes, new threshold 15 (max threshold 15)
[2024-02-23T09:20:12.180+0000][4616][gc,phases   ] GC(148)   Pre Evacuate Collection Set: 0.2ms
[2024-02-23T09:20:12.180+0000][4616][gc,phases   ] GC(148)   Merge Heap Roots: 0.2ms
[2024-02-23T09:20:12.180+0000][4616][gc,phases   ] GC(148)   Evacuate Collection Set: 20.3ms
[2024-02-23T09:20:12.180+0000][4616][gc,phases   ] GC(148)   Post Evacuate Collection Set: 1.4ms
[2024-02-23T09:20:12.180+0000][4616][gc,phases   ] GC(148)   Other: 0.3ms
[2024-02-23T09:20:12.180+0000][4616][gc,age      ] GC(148) Age table with threshold 15 (max threshold 15)
[2024-02-23T09:20:12.180+0000][4616][gc,age      ] GC(148) - age   1:   88559048 bytes,   88559048 total
[2024-02-23T09:20:12.180+0000][4616][gc,age      ] GC(148) - age   2:     419840 bytes,   88978888 total
[2024-02-23T09:20:12.180+0000][4616][gc,heap     ] GC(148) Eden regions: 580->0(558)
[2024-02-23T09:20:12.180+0000][4616][gc,heap     ] GC(148) Survivor regions: 4->23(73)
[2024-02-23T09:20:12.180+0000][4616][gc,heap     ] GC(148) Old regions: 207->207
[2024-02-23T09:20:12.180+0000][4616][gc,heap     ] GC(148) Archive regions: 0->0
[2024-02-23T09:20:12.180+0000][4616][gc,heap     ] GC(148) Humongous regions: 6->6
[2024-02-23T09:20:12.180+0000][4616][gc,metaspace] GC(148) Metaspace: 130968K(137024K)->130968K(137024K) NonClass: 114019K(117760K)->114019K(117760K) Class: 16948K(19264K)->16948K(19264K)
[2024-02-23T09:20:12.181+0000][4616][gc          ] GC(148) Pause Young (Normal) (G1 Evacuation Pause) 3184M->937M(4040M) 22.985ms
[2024-02-23T09:20:12.181+0000][4616][gc,cpu      ] GC(148) User=0.12s Sys=0.00s Real=0.03s
[2024-02-23T09:20:12.181+0000][4616][safepoint   ] Safepoint "G1CollectForAllocation", Time since last: 1365331300 ns, Reaching safepoint: 124700 ns, At safepoint: 23208900 ns, Total: 23333600 ns
[2024-02-23T09:20:22.238+0000][4616][safepoint   ] Safepoint "Cleanup", Time since last: 10056892599 ns, Reaching safepoint: 120801 ns, At safepoint: 20700 ns, Total: 141501 ns
[2024-02-23T09:20:22.346+0000][4616][gc,start    ] GC(149) Pause Young (Concurrent Start) (G1 Humongous Allocation)
[2024-02-23T09:20:22.346+0000][4616][gc,task     ] GC(149) Using 8 workers of 8 for evacuation
[2024-02-23T09:20:22.346+0000][4616][gc,age      ] GC(149) Desired survivor size 153092096 bytes, new threshold 15 (max threshold 15)
[2024-02-23T09:20:22.381+0000][4616][gc,phases   ] GC(149)   Pre Evacuate Collection Set: 0.6ms
[2024-02-23T09:20:22.381+0000][4616][gc,phases   ] GC(149)   Merge Heap Roots: 0.4ms
[2024-02-23T09:20:22.381+0000][4616][gc,phases   ] GC(149)   Evacuate Collection Set: 31.3ms
[2024-02-23T09:20:22.381+0000][4616][gc,phases   ] GC(149)   Post Evacuate Collection Set: 2.3ms
[2024-02-23T09:20:22.381+0000][4616][gc,phases   ] GC(149)   Other: 0.6ms
[2024-02-23T09:20:22.381+0000][4616][gc,age      ] GC(149) Age table with threshold 15 (max threshold 15)
[2024-02-23T09:20:22.382+0000][4616][gc,age      ] GC(149) - age   1:   34040240 bytes,   34040240 total
[2024-02-23T09:20:22.382+0000][4616][gc,age      ] GC(149) - age   2:   81701768 bytes,  115742008 total
[2024-02-23T09:20:22.382+0000][4616][gc,age      ] GC(149) - age   3:     391800 bytes,  116133808 total
[2024-02-23T09:20:22.382+0000][4616][gc,heap     ] GC(149) Eden regions: 188->0(558)
[2024-02-23T09:20:22.382+0000][4616][gc,heap     ] GC(149) Survivor regions: 23->30(73)
[2024-02-23T09:20:22.382+0000][4616][gc,heap     ] GC(149) Old regions: 207->207
[2024-02-23T09:20:22.382+0000][4616][gc,heap     ] GC(149) Archive regions: 0->0
[2024-02-23T09:20:22.382+0000][4616][gc,heap     ] GC(149) Humongous regions: 6->6
[2024-02-23T09:20:22.382+0000][4616][gc,metaspace] GC(149) Metaspace: 130968K(137024K)->130968K(137024K) NonClass: 114020K(117760K)->114020K(117760K) Class: 16948K(19264K)->16948K(19264K)
[2024-02-23T09:20:22.382+0000][4616][gc          ] GC(149) Pause Young (Concurrent Start) (G1 Humongous Allocation) 1687M->966M(4040M) 36.560ms
[2024-02-23T09:20:22.382+0000][4616][gc,cpu      ] GC(149) User=0.25s Sys=0.00s Real=0.04s
[2024-02-23T09:20:22.382+0000][4616][gc          ] GC(150) Concurrent Mark Cycle
[2024-02-23T09:20:22.383+0000][4616][gc,marking  ] GC(150) Concurrent Clear Claimed Marks
[2024-02-23T09:20:22.383+0000][4616][safepoint   ] Safepoint "G1TryInitiateConcMark", Time since last: 107163400 ns, Reaching safepoint: 258300 ns, At safepoint: 37076499 ns, Total: 37334799 ns
[2024-02-23T09:20:22.383+0000][4616][gc,marking  ] GC(150) Concurrent Clear Claimed Marks 0.331ms
[2024-02-23T09:20:22.383+0000][4616][gc,marking  ] GC(150) Concurrent Scan Root Regions
[2024-02-23T09:20:22.400+0000][4616][gc,marking  ] GC(150) Concurrent Scan Root Regions 17.968ms
[2024-02-23T09:20:22.400+0000][4616][gc,marking  ] GC(150) Concurrent Mark
[2024-02-23T09:20:22.400+0000][4616][gc,marking  ] GC(150) Concurrent Mark From Roots
[2024-02-23T09:20:22.400+0000][4616][gc,task     ] GC(150) Using 2 workers of 2 for marking
[2024-02-23T09:20:22.688+0000][4616][gc,marking  ] GC(150) Concurrent Mark From Roots 286.782ms
[2024-02-23T09:20:22.688+0000][4616][gc,marking  ] GC(150) Concurrent Preclean
[2024-02-23T09:20:22.688+0000][4616][gc,marking  ] GC(150) Concurrent Preclean 1.371ms
[2024-02-23T09:20:22.688+0000][4616][gc,start    ] GC(150) Pause Remark
[2024-02-23T09:20:22.699+0000][4616][gc          ] GC(150) Pause Remark 1028M->1020M(4040M) 16.795ms
[2024-02-23T09:20:22.699+0000][4616][gc,cpu      ] GC(150) User=0.03s Sys=0.02s Real=0.01s
[2024-02-23T09:20:22.699+0000][4616][safepoint   ] Safepoint "G1Concurrent", Time since last: 306786700 ns, Reaching safepoint: 125401 ns, At safepoint: 17066900 ns, Total: 17192301 ns
[2024-02-23T09:20:22.699+0000][4616][gc,marking  ] GC(150) Concurrent Mark 305.618ms
[2024-02-23T09:20:22.699+0000][4616][gc,marking  ] GC(150) Concurrent Rebuild Remembered Sets
[2024-02-23T09:20:22.879+0000][4616][gc,marking  ] GC(150) Concurrent Rebuild Remembered Sets 172.595ms
[2024-02-23T09:20:22.879+0000][4616][gc,start    ] GC(150) Pause Cleanup
[2024-02-23T09:20:22.882+0000][4616][gc          ] GC(150) Pause Cleanup 1046M->1046M(4040M) 2.116ms
[2024-02-23T09:20:22.882+0000][4616][gc,cpu      ] GC(150) User=0.00s Sys=0.02s Real=0.00s
[2024-02-23T09:20:22.882+0000][4616][safepoint   ] Safepoint "G1Concurrent", Time since last: 172844899 ns, Reaching safepoint: 105201 ns, At safepoint: 2321800 ns, Total: 2427001 ns
[2024-02-23T09:20:22.882+0000][4616][gc,marking  ] GC(150) Concurrent Cleanup for Next Mark
[2024-02-23T09:20:22.892+0000][4616][gc,marking  ] GC(150) Concurrent Cleanup for Next Mark 9.926ms
[2024-02-23T09:20:22.892+0000][4616][gc          ] GC(150) Concurrent Mark Cycle 509.629ms
[2024-02-23T09:20:23.887+0000][4616][safepoint   ] Safepoint "Cleanup", Time since last: 1004267500 ns, Reaching safepoint: 88200 ns, At safepoint: 68400 ns, Total: 156600 ns
[2024-02-23T09:20:31.963+0000][4616][safepoint   ] Safepoint "Cleanup", Time since last: 8041999400 ns, Reaching safepoint: 33796100 ns, At safepoint: 292100 ns, Total: 34088200 ns
[2024-02-23T09:20:35.993+0000][4616][safepoint   ] Safepoint "Cleanup", Time since last: 4030260499 ns, Reaching safepoint: 102600 ns, At safepoint: 28001 ns, Total: 130601 ns
[2024-02-23T09:20:37.024+0000][4616][safepoint   ] Safepoint "Cleanup", Time since last: 1014387500 ns, Reaching safepoint: 16845499 ns, At safepoint: 198301 ns, Total: 17043800 ns
[2024-02-23T09:20:40.049+0000][4616][safepoint   ] Safepoint "Cleanup", Time since last: 3024478900 ns, Reaching safepoint: 128000 ns, At safepoint: 16600 ns, Total: 144600 ns
[2024-02-23T09:20:41.132+0000][4616][safepoint   ] Safepoint "Cleanup", Time since last: 1000431099 ns, Reaching safepoint: 80722001 ns, At safepoint: 1906300 ns, Total: 82628301 ns
[2024-02-23T09:20:42.135+0000][4616][safepoint   ] Safepoint "Cleanup", Time since last: 1002244499 ns, Reaching safepoint: 808701 ns, At safepoint: 73300 ns, Total: 882001 ns
[2024-02-23T09:20:43.148+0000][4616][safepoint   ] Safepoint "Cleanup", Time since last: 1012738499 ns, Reaching safepoint: 217001 ns, At safepoint: 80800 ns, Total: 297801 ns
[2024-02-23T09:20:45.190+0000][4616][safepoint   ] Safepoint "Cleanup", Time since last: 2041737000 ns, Reaching safepoint: 215300 ns, At safepoint: 68000 ns, Total: 283300 ns
[2024-02-23T09:20:46.870+0000][4616][gc,start    ] GC(151) Pause Young (Prepare Mixed) (G1 Evacuation Pause)
[2024-02-23T09:20:46.870+0000][4616][gc,task     ] GC(151) Using 8 workers of 8 for evacuation
[2024-02-23T09:20:46.870+0000][4616][gc,age      ] GC(151) Desired survivor size 155189248 bytes, new threshold 15 (max threshold 15)
[2024-02-23T09:20:46.917+0000][4616][gc,phases   ] GC(151)   Pre Evacuate Collection Set: 0.2ms
[2024-02-23T09:20:46.917+0000][4616][gc,phases   ] GC(151)   Merge Heap Roots: 0.5ms
[2024-02-23T09:20:46.917+0000][4616][gc,phases   ] GC(151)   Evacuate Collection Set: 38.5ms
[2024-02-23T09:20:46.917+0000][4616][gc,phases   ] GC(151)   Post Evacuate Collection Set: 1.9ms
[2024-02-23T09:20:46.917+0000][4616][gc,phases   ] GC(151)   Other: 0.4ms
[2024-02-23T09:20:46.917+0000][4616][gc,age      ] GC(151) Age table with threshold 15 (max threshold 15)
[2024-02-23T09:20:46.917+0000][4616][gc,age      ] GC(151) - age   1:   73405304 bytes,   73405304 total
[2024-02-23T09:20:46.917+0000][4616][gc,age      ] GC(151) - age   2:   25935872 bytes,   99341176 total
[2024-02-23T09:20:46.917+0000][4616][gc,age      ] GC(151) - age   3:   64513104 bytes,  163854280 total
[2024-02-23T09:20:46.917+0000][4616][gc,age      ] GC(151) - age   4:     295784 bytes,  164150064 total
[2024-02-23T09:20:46.917+0000][4616][gc,heap     ] GC(151) Eden regions: 558->0(8)
[2024-02-23T09:20:46.917+0000][4616][gc,heap     ] GC(151) Survivor regions: 30->42(74)
[2024-02-23T09:20:46.917+0000][4616][gc,heap     ] GC(151) Old regions: 207->207
[2024-02-23T09:20:46.917+0000][4616][gc,heap     ] GC(151) Archive regions: 0->0
[2024-02-23T09:20:46.917+0000][4616][gc,heap     ] GC(151) Humongous regions: 5->5
[2024-02-23T09:20:46.917+0000][4616][gc,metaspace] GC(151) Metaspace: 130970K(137024K)->130970K(137024K) NonClass: 114022K(117760K)->114022K(117760K) Class: 16948K(19264K)->16948K(19264K)
[2024-02-23T09:20:46.917+0000][4616][gc          ] GC(151) Pause Young (Prepare Mixed) (G1 Evacuation Pause) 3194M->1010M(4040M) 42.723ms
[2024-02-23T09:20:46.917+0000][4616][gc,cpu      ] GC(151) User=0.38s Sys=0.00s Real=0.05s
[2024-02-23T09:20:46.917+0000][4616][safepoint   ] Safepoint "G1CollectForAllocation", Time since last: 1686944600 ns, Reaching safepoint: 110399 ns, At safepoint: 43181101 ns, Total: 43291500 ns
[2024-02-23T09:20:47.025+0000][4616][gc,start    ] GC(152) Pause Young (Mixed) (G1 Evacuation Pause)
[2024-02-23T09:20:47.025+0000][4616][gc,task     ] GC(152) Using 8 workers of 8 for evacuation
[2024-02-23T09:20:47.025+0000][4616][gc,age      ] GC(152) Desired survivor size 14680064 bytes, new threshold 1 (max threshold 15)
[2024-02-23T09:20:47.331+0000][4616][gc,mmu      ] GC(152) MMU target violated: 201.0ms (200.0ms/201.0ms)
[2024-02-23T09:20:47.331+0000][4616][gc,phases   ] GC(152)   Pre Evacuate Collection Set: 0.2ms
[2024-02-23T09:20:47.331+0000][4616][gc,phases   ] GC(152)   Merge Heap Roots: 0.3ms
[2024-02-23T09:20:47.331+0000][4616][gc,phases   ] GC(152)   Evacuate Collection Set: 306.3ms
[2024-02-23T09:20:47.331+0000][4616][gc,phases   ] GC(152)   Post Evacuate Collection Set: 1.3ms
[2024-02-23T09:20:47.331+0000][4616][gc,phases   ] GC(152)   Other: 0.3ms
[2024-02-23T09:20:47.331+0000][4616][gc,age      ] GC(152) Age table with threshold 1 (max threshold 15)
[2024-02-23T09:20:47.331+0000][4616][gc,age      ] GC(152) - age   1:    1819440 bytes,    1819440 total
[2024-02-23T09:20:47.331+0000][4616][gc,heap     ] GC(152) Eden regions: 8->0(583)
[2024-02-23T09:20:47.331+0000][4616][gc,heap     ] GC(152) Survivor regions: 42->4(7)
[2024-02-23T09:20:47.331+0000][4616][gc,heap     ] GC(152) Old regions: 207->206
[2024-02-23T09:20:47.331+0000][4616][gc,heap     ] GC(152) Archive regions: 0->0
[2024-02-23T09:20:47.331+0000][4616][gc,heap     ] GC(152) Humongous regions: 5->5
[2024-02-23T09:20:47.331+0000][4616][gc,metaspace] GC(152) Metaspace: 130970K(137024K)->130970K(137024K) NonClass: 114022K(117760K)->114022K(117760K) Class: 16948K(19264K)->16948K(19264K)
[2024-02-23T09:20:47.331+0000][4616][gc          ] GC(152) Pause Young (Mixed) (G1 Evacuation Pause) 1042M->856M(4040M) 308.937ms
[2024-02-23T09:20:47.331+0000][4616][gc,cpu      ] GC(152) User=0.28s Sys=0.67s Real=0.31s
[2024-02-23T09:20:47.331+0000][4616][safepoint   ] Safepoint "G1CollectForAllocation", Time since last: 108485400 ns, Reaching safepoint: 149000 ns, At safepoint: 309578100 ns, Total: 309727100 ns
[2024-02-23T09:20:49.340+0000][4616][safepoint   ] Safepoint "Cleanup", Time since last: 2001046100 ns, Reaching safepoint: 107800 ns, At safepoint: 20399 ns, Total: 128199 ns
[2024-02-23T09:20:50.344+0000][4616][safepoint   ] Safepoint "Cleanup", Time since last: 1004061201 ns, Reaching safepoint: 144200 ns, At safepoint: 68800 ns, Total: 213000 ns
[2024-02-23T09:20:51.353+0000][4616][safepoint   ] Safepoint "Cleanup", Time since last: 1008148200 ns, Reaching safepoint: 109700 ns, At safepoint: 130800 ns, Total: 240500 ns
[2024-02-23T09:20:52.359+0000][4616][safepoint   ] Safepoint "Cleanup", Time since last: 1006623300 ns, Reaching safepoint: 101300 ns, At safepoint: 16400 ns, Total: 117700 ns
[2024-02-23T09:20:57.506+0000][4616][safepoint   ] Safepoint "Cleanup", Time since last: 5078819600 ns, Reaching safepoint: 67623599 ns, At safepoint: 426601 ns, Total: 68050200 ns
[2024-02-23T09:20:58.518+0000][4616][safepoint   ] Safepoint "Cleanup", Time since last: 1011423900 ns, Reaching safepoint: 165899 ns, At safepoint: 23501 ns, Total: 189400 ns
[2024-02-23T09:21:20.664+0000][4616][safepoint   ] Safepoint "Cleanup", Time since last: 22145596000 ns, Reaching safepoint: 215600 ns, At safepoint: 38199 ns, Total: 253799 ns
[2024-02-23T09:21:28.113+0000][4616][gc,start    ] GC(153) Pause Young (Normal) (G1 Evacuation Pause)
[2024-02-23T09:21:28.113+0000][4616][gc,task     ] GC(153) Using 8 workers of 8 for evacuation
[2024-02-23T09:21:28.113+0000][4616][gc,age      ] GC(153) Desired survivor size 155189248 bytes, new threshold 15 (max threshold 15)
[2024-02-23T09:21:28.138+0000][4616][gc,phases   ] GC(153)   Pre Evacuate Collection Set: 0.5ms
[2024-02-23T09:21:28.138+0000][4616][gc,phases   ] GC(153)   Merge Heap Roots: 0.7ms
[2024-02-23T09:21:28.138+0000][4616][gc,phases   ] GC(153)   Evacuate Collection Set: 22.6ms
[2024-02-23T09:21:28.138+0000][4616][gc,phases   ] GC(153)   Post Evacuate Collection Set: 1.5ms
[2024-02-23T09:21:28.138+0000][4616][gc,phases   ] GC(153)   Other: 0.4ms
[2024-02-23T09:21:28.138+0000][4616][gc,age      ] GC(153) Age table with threshold 15 (max threshold 15)
[2024-02-23T09:21:28.138+0000][4616][gc,age      ] GC(153) - age   1:   88896296 bytes,   88896296 total
[2024-02-23T09:21:28.138+0000][4616][gc,age      ] GC(153) - age   2:     791088 bytes,   89687384 total
[2024-02-23T09:21:28.138+0000][4616][gc,heap     ] GC(153) Eden regions: 583->0(559)
[2024-02-23T09:21:28.138+0000][4616][gc,heap     ] GC(153) Survivor regions: 4->23(74)
[2024-02-23T09:21:28.138+0000][4616][gc,heap     ] GC(153) Old regions: 206->206
[2024-02-23T09:21:28.138+0000][4616][gc,heap     ] GC(153) Archive regions: 0->0
[2024-02-23T09:21:28.138+0000][4616][gc,heap     ] GC(153) Humongous regions: 7->7
[2024-02-23T09:21:28.138+0000][4616][gc,metaspace] GC(153) Metaspace: 130977K(137024K)->130977K(137024K) NonClass: 114028K(117760K)->114028K(117760K) Class: 16948K(19264K)->16948K(19264K)
[2024-02-23T09:21:28.138+0000][4616][gc          ] GC(153) Pause Young (Normal) (G1 Evacuation Pause) 3196M->937M(4040M) 26.319ms
[2024-02-23T09:21:28.138+0000][4616][gc,cpu      ] GC(153) User=0.23s Sys=0.02s Real=0.03s
[2024-02-23T09:21:28.138+0000][4616][safepoint   ] Safepoint "G1CollectForAllocation", Time since last: 7450214001 ns, Reaching safepoint: 249300 ns, At safepoint: 26485100 ns, Total: 26734400 ns
[2024-02-23T09:21:36.228+0000][4616][safepoint   ] Safepoint "Cleanup", Time since last: 8084883100 ns, Reaching safepoint: 191800 ns, At safepoint: 1948000 ns, Total: 2139800 ns
[2024-02-23T09:21:39.245+0000][4616][safepoint   ] Safepoint "Cleanup", Time since last: 3017607000 ns, Reaching safepoint: 127300 ns, At safepoint: 80900 ns, Total: 208200 ns
[2024-02-23T09:21:42.262+0000][4616][safepoint   ] Safepoint "Cleanup", Time since last: 3016379000 ns, Reaching safepoint: 171700 ns, At safepoint: 42100 ns, Total: 213800 ns
[2024-02-23T09:21:46.290+0000][4616][safepoint   ] Safepoint "Cleanup", Time since last: 4027336800 ns, Reaching safepoint: 98200 ns, At safepoint: 49000 ns, Total: 147200 ns
[2024-02-23T09:21:48.307+0000][4616][safepoint   ] Safepoint "Cleanup", Time since last: 2016535500 ns, Reaching safepoint: 207200 ns, At safepoint: 91200 ns, Total: 298400 ns
[2024-02-23T09:21:48.417+0000][4616][gc,start    ] GC(154) Pause Young (Normal) (G1 Evacuation Pause)
[2024-02-23T09:21:48.418+0000][4616][gc,task     ] GC(154) Using 8 workers of 8 for evacuation
[2024-02-23T09:21:48.418+0000][4616][gc,age      ] GC(154) Desired survivor size 153092096 bytes, new threshold 15 (max threshold 15)
[2024-02-23T09:21:48.467+0000][4616][gc,phases   ] GC(154)   Pre Evacuate Collection Set: 0.5ms
[2024-02-23T09:21:48.467+0000][4616][gc,phases   ] GC(154)   Merge Heap Roots: 0.6ms
[2024-02-23T09:21:48.467+0000][4616][gc,phases   ] GC(154)   Evacuate Collection Set: 45.2ms
[2024-02-23T09:21:48.467+0000][4616][gc,phases   ] GC(154)   Post Evacuate Collection Set: 2.3ms
[2024-02-23T09:21:48.467+0000][4616][gc,phases   ] GC(154)   Other: 0.6ms
[2024-02-23T09:21:48.467+0000][4616][gc,age      ] GC(154) Age table with threshold 15 (max threshold 15)
[2024-02-23T09:21:48.467+0000][4616][gc,age      ] GC(154) - age   1:   81031696 bytes,   81031696 total
[2024-02-23T09:21:48.467+0000][4616][gc,age      ] GC(154) - age   2:   68835240 bytes,  149866936 total
[2024-02-23T09:21:48.467+0000][4616][gc,age      ] GC(154) - age   3:     607984 bytes,  150474920 total
[2024-02-23T09:21:48.467+0000][4616][gc,heap     ] GC(154) Eden regions: 559->0(543)
[2024-02-23T09:21:48.467+0000][4616][gc,heap     ] GC(154) Survivor regions: 23->38(73)
[2024-02-23T09:21:48.467+0000][4616][gc,heap     ] GC(154) Old regions: 206->206
[2024-02-23T09:21:48.467+0000][4616][gc,heap     ] GC(154) Archive regions: 0->0
[2024-02-23T09:21:48.467+0000][4616][gc,heap     ] GC(154) Humongous regions: 7->7
[2024-02-23T09:21:48.467+0000][4616][gc,metaspace] GC(154) Metaspace: 130981K(137024K)->130981K(137024K) NonClass: 114032K(117760K)->114032K(117760K) Class: 16948K(19264K)->16948K(19264K)
[2024-02-23T09:21:48.467+0000][4616][gc          ] GC(154) Pause Young (Normal) (G1 Evacuation Pause) 3173M->999M(4040M) 49.839ms
[2024-02-23T09:21:48.467+0000][4616][gc,cpu      ] GC(154) User=0.23s Sys=0.00s Real=0.05s
[2024-02-23T09:21:48.467+0000][4616][safepoint   ] Safepoint "G1CollectForAllocation", Time since last: 111014100 ns, Reaching safepoint: 246700 ns, At safepoint: 50141700 ns, Total: 50388400 ns
[2024-02-23T09:21:59.559+0000][4616][safepoint   ] Safepoint "Cleanup", Time since last: 11091165200 ns, Reaching safepoint: 75800 ns, At safepoint: 10700 ns, Total: 86500 ns
[2024-02-23T09:22:01.296+0000][4616][gc,start    ] GC(155) Pause Young (Concurrent Start) (G1 Humongous Allocation)
[2024-02-23T09:22:01.296+0000][4616][gc,task     ] GC(155) Using 8 workers of 8 for evacuation
[2024-02-23T09:22:01.296+0000][4616][gc,age      ] GC(155) Desired survivor size 153092096 bytes, new threshold 15 (max threshold 15)
[2024-02-23T09:22:01.330+0000][4616][gc,phases   ] GC(155)   Pre Evacuate Collection Set: 0.4ms
[2024-02-23T09:22:01.330+0000][4616][gc,phases   ] GC(155)   Merge Heap Roots: 0.2ms
[2024-02-23T09:22:01.330+0000][4616][gc,phases   ] GC(155)   Evacuate Collection Set: 31.0ms
[2024-02-23T09:22:01.330+0000][4616][gc,phases   ] GC(155)   Post Evacuate Collection Set: 1.3ms
[2024-02-23T09:22:01.330+0000][4616][gc,phases   ] GC(155)   Other: 0.2ms
[2024-02-23T09:22:01.330+0000][4616][gc,age      ] GC(155) Age table with threshold 15 (max threshold 15)
[2024-02-23T09:22:01.330+0000][4616][gc,age      ] GC(155) - age   1:   21848040 bytes,   21848040 total
[2024-02-23T09:22:01.330+0000][4616][gc,age      ] GC(155) - age   2:   73892608 bytes,   95740648 total
[2024-02-23T09:22:01.330+0000][4616][gc,age      ] GC(155) - age   3:   63825800 bytes,  159566448 total
[2024-02-23T09:22:01.330+0000][4616][gc,age      ] GC(155) - age   4:     607984 bytes,  160174432 total
[2024-02-23T09:22:01.330+0000][4616][gc,heap     ] GC(155) Eden regions: 159->0(549)
[2024-02-23T09:22:01.330+0000][4616][gc,heap     ] GC(155) Survivor regions: 38->41(73)
[2024-02-23T09:22:01.330+0000][4616][gc,heap     ] GC(155) Old regions: 206->206
[2024-02-23T09:22:01.330+0000][4616][gc,heap     ] GC(155) Archive regions: 0->0
[2024-02-23T09:22:01.330+0000][4616][gc,heap     ] GC(155) Humongous regions: 7->7
[2024-02-23T09:22:01.330+0000][4616][gc,metaspace] GC(155) Metaspace: 130992K(137024K)->130992K(137024K) NonClass: 114043K(117760K)->114043K(117760K) Class: 16948K(19264K)->16948K(19264K)
[2024-02-23T09:22:01.330+0000][4616][gc          ] GC(155) Pause Young (Concurrent Start) (G1 Humongous Allocation) 1633M->1009M(4040M) 33.721ms
[2024-02-23T09:22:01.330+0000][4616][gc          ] GC(156) Concurrent Mark Cycle
[2024-02-23T09:22:01.330+0000][4616][gc,cpu      ] GC(155) User=0.14s Sys=0.00s Real=0.03s
[2024-02-23T09:22:01.330+0000][4616][gc,marking  ] GC(156) Concurrent Clear Claimed Marks
[2024-02-23T09:22:01.330+0000][4616][safepoint   ] Safepoint "G1TryInitiateConcMark", Time since last: 1752128900 ns, Reaching safepoint: 193000 ns, At safepoint: 34000900 ns, Total: 34193900 ns
[2024-02-23T09:22:01.346+0000][4616][gc,marking  ] GC(156) Concurrent Clear Claimed Marks 0.421ms
[2024-02-23T09:22:01.346+0000][4616][gc,marking  ] GC(156) Concurrent Scan Root Regions
[2024-02-23T09:22:01.362+0000][4616][gc,marking  ] GC(156) Concurrent Scan Root Regions 16.989ms
[2024-02-23T09:22:01.362+0000][4616][gc,marking  ] GC(156) Concurrent Mark
[2024-02-23T09:22:01.362+0000][4616][gc,marking  ] GC(156) Concurrent Mark From Roots
[2024-02-23T09:22:01.362+0000][4616][gc,task     ] GC(156) Using 2 workers of 2 for marking
[2024-02-23T09:22:01.695+0000][4616][gc,marking  ] GC(156) Concurrent Mark From Roots 342.667ms
[2024-02-23T09:22:01.695+0000][4616][gc,marking  ] GC(156) Concurrent Preclean
[2024-02-23T09:22:01.695+0000][4616][gc,marking  ] GC(156) Concurrent Preclean 0.907ms
[2024-02-23T09:22:01.695+0000][4616][gc,start    ] GC(156) Pause Remark
[2024-02-23T09:22:01.715+0000][4616][gc          ] GC(156) Pause Remark 1071M->1059M(4040M) 17.585ms
[2024-02-23T09:22:01.715+0000][4616][gc,cpu      ] GC(156) User=0.12s Sys=0.00s Real=0.02s
[2024-02-23T09:22:01.715+0000][4616][safepoint   ] Safepoint "G1Concurrent", Time since last: 361144000 ns, Reaching safepoint: 104100 ns, At safepoint: 17819600 ns, Total: 17923700 ns
[2024-02-23T09:22:01.715+0000][4616][gc,marking  ] GC(156) Concurrent Mark 361.725ms
[2024-02-23T09:22:01.715+0000][4616][gc,marking  ] GC(156) Concurrent Rebuild Remembered Sets
[2024-02-23T09:22:01.913+0000][4616][gc,marking  ] GC(156) Concurrent Rebuild Remembered Sets 187.996ms
[2024-02-23T09:22:01.913+0000][4616][gc,start    ] GC(156) Pause Cleanup
[2024-02-23T09:22:01.914+0000][4616][gc          ] GC(156) Pause Cleanup 1095M->1095M(4040M) 1.182ms
[2024-02-23T09:22:01.914+0000][4616][gc,cpu      ] GC(156) User=0.00s Sys=0.06s Real=0.00s
[2024-02-23T09:22:01.914+0000][4616][safepoint   ] Safepoint "G1Concurrent", Time since last: 188265000 ns, Reaching safepoint: 67100 ns, At safepoint: 1316000 ns, Total: 1383100 ns
[2024-02-23T09:22:01.914+0000][4616][gc,marking  ] GC(156) Concurrent Cleanup for Next Mark
[2024-02-23T09:22:01.923+0000][4616][gc,marking  ] GC(156) Concurrent Cleanup for Next Mark 9.581ms
[2024-02-23T09:22:01.923+0000][4616][gc          ] GC(156) Concurrent Mark Cycle 578.625ms
[2024-02-23T09:22:02.916+0000][4616][safepoint   ] Safepoint "Cleanup", Time since last: 1002053200 ns, Reaching safepoint: 103100 ns, At safepoint: 14400 ns, Total: 117500 ns
[2024-02-23T09:22:08.963+0000][4616][safepoint   ] Safepoint "Cleanup", Time since last: 6046927100 ns, Reaching safepoint: 176600 ns, At safepoint: 21700 ns, Total: 198300 ns
[2024-02-23T09:22:10.970+0000][4616][safepoint   ] Safepoint "Cleanup", Time since last: 2006767600 ns, Reaching safepoint: 119100 ns, At safepoint: 12700 ns, Total: 131800 ns
[2024-02-23T09:22:12.981+0000][4616][safepoint   ] Safepoint "Cleanup", Time since last: 2010940000 ns, Reaching safepoint: 146400 ns, At safepoint: 54500 ns, Total: 200900 ns
[2024-02-23T09:22:30.962+0000][4616][gc,start    ] GC(157) Pause Young (Prepare Mixed) (G1 Evacuation Pause)
[2024-02-23T09:22:30.962+0000][4616][gc,task     ] GC(157) Using 8 workers of 8 for evacuation
[2024-02-23T09:22:30.962+0000][4616][gc,age      ] GC(157) Desired survivor size 155189248 bytes, new threshold 3 (max threshold 15)
[2024-02-23T09:22:31.033+0000][4616][gc,phases   ] GC(157)   Pre Evacuate Collection Set: 0.6ms
[2024-02-23T09:22:31.033+0000][4616][gc,phases   ] GC(157)   Merge Heap Roots: 0.8ms
[2024-02-23T09:22:31.033+0000][4616][gc,phases   ] GC(157)   Evacuate Collection Set: 69.3ms
[2024-02-23T09:22:31.033+0000][4616][gc,phases   ] GC(157)   Post Evacuate Collection Set: 1.5ms
[2024-02-23T09:22:31.033+0000][4616][gc,phases   ] GC(157)   Other: 0.5ms
[2024-02-23T09:22:31.033+0000][4616][gc,age      ] GC(157) Age table with threshold 3 (max threshold 15)
[2024-02-23T09:22:31.033+0000][4616][gc,age      ] GC(157) - age   1:   83702784 bytes,   83702784 total
[2024-02-23T09:22:31.033+0000][4616][gc,age      ] GC(157) - age   2:   14118400 bytes,   97821184 total
[2024-02-23T09:22:31.033+0000][4616][gc,age      ] GC(157) - age   3:   54249176 bytes,  152070360 total
[2024-02-23T09:22:31.033+0000][4616][gc,heap     ] GC(157) Eden regions: 549->0(11)
[2024-02-23T09:22:31.033+0000][4616][gc,heap     ] GC(157) Survivor regions: 41->39(74)
[2024-02-23T09:22:31.033+0000][4616][gc,heap     ] GC(157) Old regions: 206->215
[2024-02-23T09:22:31.033+0000][4616][gc,heap     ] GC(157) Archive regions: 0->0
[2024-02-23T09:22:31.033+0000][4616][gc,heap     ] GC(157) Humongous regions: 5->5
[2024-02-23T09:22:31.033+0000][4616][gc,metaspace] GC(157) Metaspace: 130994K(137024K)->130994K(137024K) NonClass: 114045K(117760K)->114045K(117760K) Class: 16948K(19264K)->16948K(19264K)
[2024-02-23T09:22:31.033+0000][4616][gc          ] GC(157) Pause Young (Prepare Mixed) (G1 Evacuation Pause) 3197M->1029M(4040M) 73.350ms
[2024-02-23T09:22:31.033+0000][4616][gc,cpu      ] GC(157) User=0.22s Sys=0.05s Real=0.07s
[2024-02-23T09:22:31.033+0000][4616][safepoint   ] Safepoint "G1CollectForAllocation", Time since last: 17980293400 ns, Reaching safepoint: 260300 ns, At safepoint: 73506400 ns, Total: 73766700 ns
[2024-02-23T09:22:32.693+0000][4616][gc,start    ] GC(158) Pause Young (Mixed) (G1 Evacuation Pause)
[2024-02-23T09:22:32.693+0000][4616][gc,task     ] GC(158) Using 8 workers of 8 for evacuation
[2024-02-23T09:22:32.693+0000][4616][gc,age      ] GC(158) Desired survivor size 14680064 bytes, new threshold 1 (max threshold 15)
[2024-02-23T09:22:32.790+0000][4616][gc,phases   ] GC(158)   Pre Evacuate Collection Set: 0.2ms
[2024-02-23T09:22:32.790+0000][4616][gc,phases   ] GC(158)   Merge Heap Roots: 0.2ms
[2024-02-23T09:22:32.790+0000][4616][gc,phases   ] GC(158)   Evacuate Collection Set: 95.3ms
[2024-02-23T09:22:32.790+0000][4616][gc,phases   ] GC(158)   Post Evacuate Collection Set: 1.2ms
[2024-02-23T09:22:32.790+0000][4616][gc,phases   ] GC(158)   Other: 0.2ms
[2024-02-23T09:22:32.790+0000][4616][gc,age      ] GC(158) Age table with threshold 1 (max threshold 15)
[2024-02-23T09:22:32.790+0000][4616][gc,age      ] GC(158) - age   1:    2808512 bytes,    2808512 total
[2024-02-23T09:22:32.790+0000][4616][gc,heap     ] GC(158) Eden regions: 11->0(588)
[2024-02-23T09:22:32.790+0000][4616][gc,heap     ] GC(158) Survivor regions: 39->4(7)
[2024-02-23T09:22:32.790+0000][4616][gc,heap     ] GC(158) Old regions: 215->200
[2024-02-23T09:22:32.790+0000][4616][gc,heap     ] GC(158) Archive regions: 0->0
[2024-02-23T09:22:32.790+0000][4616][gc,heap     ] GC(158) Humongous regions: 5->5
[2024-02-23T09:22:32.790+0000][4616][gc,metaspace] GC(158) Metaspace: 130994K(137024K)->130994K(137024K) NonClass: 114045K(117760K)->114045K(117760K) Class: 16948K(19264K)->16948K(19264K)
[2024-02-23T09:22:32.790+0000][4616][gc          ] GC(158) Pause Young (Mixed) (G1 Evacuation Pause) 1073M->833M(4040M) 97.639ms
[2024-02-23T09:22:32.791+0000][4616][gc,cpu      ] GC(158) User=0.27s Sys=0.28s Real=0.10s
[2024-02-23T09:22:32.791+0000][4616][safepoint   ] Safepoint "G1CollectForAllocation", Time since last: 1656964200 ns, Reaching safepoint: 126900 ns, At safepoint: 98150400 ns, Total: 98277300 ns
[2024-02-23T09:22:34.799+0000][4616][safepoint   ] Safepoint "Cleanup", Time since last: 2008263600 ns, Reaching safepoint: 200800 ns, At safepoint: 39100 ns, Total: 239900 ns
[2024-02-23T09:22:43.861+0000][4616][safepoint   ] Safepoint "Cleanup", Time since last: 9061870400 ns, Reaching safepoint: 218200 ns, At safepoint: 58600 ns, Total: 276800 ns
[2024-02-23T09:22:53.924+0000][4616][safepoint   ] Safepoint "Cleanup", Time since last: 10062342700 ns, Reaching safepoint: 123300 ns, At safepoint: 55700 ns, Total: 179000 ns
[2024-02-23T09:22:55.245+0000][4616][gc,start    ] GC(159) Pause Young (Normal) (G1 Evacuation Pause)
[2024-02-23T09:22:55.245+0000][4616][gc,task     ] GC(159) Using 8 workers of 8 for evacuation
[2024-02-23T09:22:55.245+0000][4616][gc,age      ] GC(159) Desired survivor size 155189248 bytes, new threshold 15 (max threshold 15)
[2024-02-23T09:22:55.265+0000][4616][gc,phases   ] GC(159)   Pre Evacuate Collection Set: 0.2ms
[2024-02-23T09:22:55.265+0000][4616][gc,phases   ] GC(159)   Merge Heap Roots: 0.2ms
[2024-02-23T09:22:55.265+0000][4616][gc,phases   ] GC(159)   Evacuate Collection Set: 17.8ms
[2024-02-23T09:22:55.265+0000][4616][gc,phases   ] GC(159)   Post Evacuate Collection Set: 1.5ms
[2024-02-23T09:22:55.267+0000][4616][gc,phases   ] GC(159)   Other: 0.3ms
[2024-02-23T09:22:55.267+0000][4616][gc,age      ] GC(159) Age table with threshold 15 (max threshold 15)
[2024-02-23T09:22:55.267+0000][4616][gc,age      ] GC(159) - age   1:   74909952 bytes,   74909952 total
[2024-02-23T09:22:55.267+0000][4616][gc,age      ] GC(159) - age   2:    1733584 bytes,   76643536 total
[2024-02-23T09:22:55.267+0000][4616][gc,heap     ] GC(159) Eden regions: 588->0(571)
[2024-02-23T09:22:55.267+0000][4616][gc,heap     ] GC(159) Survivor regions: 4->20(74)
[2024-02-23T09:22:55.267+0000][4616][gc,heap     ] GC(159) Old regions: 200->200
[2024-02-23T09:22:55.267+0000][4616][gc,heap     ] GC(159) Archive regions: 0->0
[2024-02-23T09:22:55.267+0000][4616][gc,heap     ] GC(159) Humongous regions: 6->6
[2024-02-23T09:22:55.267+0000][4616][gc,metaspace] GC(159) Metaspace: 130994K(137024K)->130994K(137024K) NonClass: 114045K(117760K)->114045K(117760K) Class: 16948K(19264K)->16948K(19264K)
[2024-02-23T09:22:55.267+0000][4616][gc          ] GC(159) Pause Young (Normal) (G1 Evacuation Pause) 3189M->898M(4040M) 20.749ms
[2024-02-23T09:22:55.267+0000][4616][gc,cpu      ] GC(159) User=0.12s Sys=0.00s Real=0.02s
[2024-02-23T09:22:55.267+0000][4616][safepoint   ] Safepoint "G1CollectForAllocation", Time since last: 1321988800 ns, Reaching safepoint: 174000 ns, At safepoint: 20947900 ns, Total: 21121900 ns
[2024-02-23T09:22:57.293+0000][4616][safepoint   ] Safepoint "Cleanup", Time since last: 2025916600 ns, Reaching safepoint: 53900 ns, At safepoint: 10800 ns, Total: 64700 ns
[2024-02-23T09:23:04.348+0000][4616][gc,start    ] GC(160) Pause Young (Concurrent Start) (G1 Humongous Allocation)
[2024-02-23T09:23:04.348+0000][4616][gc,task     ] GC(160) Using 8 workers of 8 for evacuation
[2024-02-23T09:23:04.348+0000][4616][gc,age      ] GC(160) Desired survivor size 155189248 bytes, new threshold 15 (max threshold 15)
[2024-02-23T09:23:04.373+0000][4616][gc,phases   ] GC(160)   Pre Evacuate Collection Set: 0.6ms
[2024-02-23T09:23:04.373+0000][4616][gc,phases   ] GC(160)   Merge Heap Roots: 0.2ms
[2024-02-23T09:23:04.373+0000][4616][gc,phases   ] GC(160)   Evacuate Collection Set: 17.4ms
[2024-02-23T09:23:04.373+0000][4616][gc,phases   ] GC(160)   Post Evacuate Collection Set: 1.2ms
[2024-02-23T09:23:04.373+0000][4616][gc,phases   ] GC(160)   Other: 0.3ms
[2024-02-23T09:23:04.373+0000][4616][gc,age      ] GC(160) Age table with threshold 15 (max threshold 15)
[2024-02-23T09:23:04.373+0000][4616][gc,age      ] GC(160) - age   1:    6666248 bytes,    6666248 total
[2024-02-23T09:23:04.373+0000][4616][gc,age      ] GC(160) - age   2:   72831104 bytes,   79497352 total
[2024-02-23T09:23:04.373+0000][4616][gc,age      ] GC(160) - age   3:    1730848 bytes,   81228200 total
[2024-02-23T09:23:04.373+0000][4616][gc,heap     ] GC(160) Eden regions: 29->0(563)
[2024-02-23T09:23:04.373+0000][4616][gc,heap     ] GC(160) Survivor regions: 20->21(74)
[2024-02-23T09:23:04.373+0000][4616][gc,heap     ] GC(160) Old regions: 200->200
[2024-02-23T09:23:04.373+0000][4616][gc,heap     ] GC(160) Archive regions: 0->0
[2024-02-23T09:23:04.373+0000][4616][gc,heap     ] GC(160) Humongous regions: 6->6
[2024-02-23T09:23:04.373+0000][4616][gc,metaspace] GC(160) Metaspace: 130994K(137024K)->130994K(137024K) NonClass: 114045K(117760K)->114045K(117760K) Class: 16948K(19264K)->16948K(19264K)
[2024-02-23T09:23:04.373+0000][4616][gc          ] GC(160) Pause Young (Concurrent Start) (G1 Humongous Allocation) 1012M->904M(4040M) 20.409ms
[2024-02-23T09:23:04.373+0000][4616][gc,cpu      ] GC(160) User=0.19s Sys=0.00s Real=0.02s
[2024-02-23T09:23:04.373+0000][4616][gc          ] GC(161) Concurrent Mark Cycle
[2024-02-23T09:23:04.373+0000][4616][safepoint   ] Safepoint "G1TryInitiateConcMark", Time since last: 7059689800 ns, Reaching safepoint: 161300 ns, At safepoint: 20589500 ns, Total: 20750800 ns
[2024-02-23T09:23:04.373+0000][4616][gc,marking  ] GC(161) Concurrent Clear Claimed Marks
[2024-02-23T09:23:04.373+0000][4616][gc,marking  ] GC(161) Concurrent Clear Claimed Marks 0.293ms
[2024-02-23T09:23:04.373+0000][4616][gc,marking  ] GC(161) Concurrent Scan Root Regions
[2024-02-23T09:23:04.387+0000][4616][gc,marking  ] GC(161) Concurrent Scan Root Regions 13.152ms
[2024-02-23T09:23:04.387+0000][4616][gc,marking  ] GC(161) Concurrent Mark
[2024-02-23T09:23:04.387+0000][4616][gc,marking  ] GC(161) Concurrent Mark From Roots
[2024-02-23T09:23:04.387+0000][4616][gc,task     ] GC(161) Using 2 workers of 2 for marking
[2024-02-23T09:23:04.728+0000][4616][gc,marking  ] GC(161) Concurrent Mark From Roots 342.288ms
[2024-02-23T09:23:04.728+0000][4616][gc,marking  ] GC(161) Concurrent Preclean
[2024-02-23T09:23:04.730+0000][4616][gc,marking  ] GC(161) Concurrent Preclean 0.965ms
[2024-02-23T09:23:04.731+0000][4616][gc,start    ] GC(161) Pause Remark
[2024-02-23T09:23:04.749+0000][4616][gc          ] GC(161) Pause Remark 919M->911M(4040M) 18.426ms
[2024-02-23T09:23:04.749+0000][4616][gc,cpu      ] GC(161) User=0.12s Sys=0.00s Real=0.02s
[2024-02-23T09:23:04.749+0000][4616][safepoint   ] Safepoint "G1Concurrent", Time since last: 357072300 ns, Reaching safepoint: 260700 ns, At safepoint: 18612400 ns, Total: 18873100 ns
[2024-02-23T09:23:04.750+0000][4616][gc,marking  ] GC(161) Concurrent Mark 362.375ms
[2024-02-23T09:23:04.750+0000][4616][gc,marking  ] GC(161) Concurrent Rebuild Remembered Sets
[2024-02-23T09:23:04.966+0000][4616][gc,marking  ] GC(161) Concurrent Rebuild Remembered Sets 224.350ms
[2024-02-23T09:23:04.966+0000][4616][gc,start    ] GC(161) Pause Cleanup
[2024-02-23T09:23:04.975+0000][4616][gc          ] GC(161) Pause Cleanup 912M->912M(4040M) 1.300ms
[2024-02-23T09:23:04.975+0000][4616][gc,cpu      ] GC(161) User=0.00s Sys=0.00s Real=0.01s
[2024-02-23T09:23:04.975+0000][4616][safepoint   ] Safepoint "G1Concurrent", Time since last: 224568500 ns, Reaching safepoint: 88100 ns, At safepoint: 1453100 ns, Total: 1541200 ns
[2024-02-23T09:23:04.975+0000][4616][gc,marking  ] GC(161) Concurrent Cleanup for Next Mark
[2024-02-23T09:23:04.986+0000][4616][gc,marking  ] GC(161) Concurrent Cleanup for Next Mark 11.031ms
[2024-02-23T09:23:04.987+0000][4616][gc          ] GC(161) Concurrent Mark Cycle 613.269ms
[2024-02-23T09:23:11.003+0000][4616][safepoint   ] Safepoint "Cleanup", Time since last: 6026972700 ns, Reaching safepoint: 172100 ns, At safepoint: 11100 ns, Total: 183200 ns
[2024-02-23T09:23:17.020+0000][4616][safepoint   ] Safepoint "Cleanup", Time since last: 6016933200 ns, Reaching safepoint: 184000 ns, At safepoint: 27000 ns, Total: 211000 ns
[2024-02-23T09:23:27.144+0000][4616][safepoint   ] Safepoint "Cleanup", Time since last: 10123617500 ns, Reaching safepoint: 109200 ns, At safepoint: 32100 ns, Total: 141300 ns
[2024-02-23T09:23:28.152+0000][4616][safepoint   ] Safepoint "Cleanup", Time since last: 1008710400 ns, Reaching safepoint: 154000 ns, At safepoint: 64400 ns, Total: 218400 ns
[2024-02-23T09:23:36.381+0000][4616][gc,start    ] GC(162) Pause Young (Prepare Mixed) (G1 Evacuation Pause)
[2024-02-23T09:23:36.381+0000][4616][gc,task     ] GC(162) Using 8 workers of 8 for evacuation
[2024-02-23T09:23:36.381+0000][4616][gc,age      ] GC(162) Desired survivor size 153092096 bytes, new threshold 15 (max threshold 15)
[2024-02-23T09:23:36.423+0000][4616][gc,phases   ] GC(162)   Pre Evacuate Collection Set: 0.3ms
[2024-02-23T09:23:36.423+0000][4616][gc,phases   ] GC(162)   Merge Heap Roots: 0.5ms
[2024-02-23T09:23:36.423+0000][4616][gc,phases   ] GC(162)   Evacuate Collection Set: 38.6ms
[2024-02-23T09:23:36.423+0000][4616][gc,phases   ] GC(162)   Post Evacuate Collection Set: 2.4ms
[2024-02-23T09:23:36.423+0000][4616][gc,phases   ] GC(162)   Other: 0.4ms
[2024-02-23T09:23:36.423+0000][4616][gc,age      ] GC(162) Age table with threshold 15 (max threshold 15)
[2024-02-23T09:23:36.423+0000][4616][gc,age      ] GC(162) - age   1:   84464576 bytes,   84464576 total
[2024-02-23T09:23:36.423+0000][4616][gc,age      ] GC(162) - age   2:    4025080 bytes,   88489656 total
[2024-02-23T09:23:36.423+0000][4616][gc,age      ] GC(162) - age   3:   56759552 bytes,  145249208 total
[2024-02-23T09:23:36.423+0000][4616][gc,age      ] GC(162) - age   4:     520912 bytes,  145770120 total
[2024-02-23T09:23:36.423+0000][4616][gc,heap     ] GC(162) Eden regions: 563->0(13)
[2024-02-23T09:23:36.423+0000][4616][gc,heap     ] GC(162) Survivor regions: 21->37(73)
[2024-02-23T09:23:36.423+0000][4616][gc,heap     ] GC(162) Old regions: 200->200
[2024-02-23T09:23:36.423+0000][4616][gc,heap     ] GC(162) Archive regions: 0->0
[2024-02-23T09:23:36.423+0000][4616][gc,heap     ] GC(162) Humongous regions: 5->5
[2024-02-23T09:23:36.423+0000][4616][gc,metaspace] GC(162) Metaspace: 130996K(137024K)->130996K(137024K) NonClass: 114048K(117760K)->114048K(117760K) Class: 16948K(19264K)->16948K(19264K)
[2024-02-23T09:23:36.423+0000][4616][gc          ] GC(162) Pause Young (Prepare Mixed) (G1 Evacuation Pause) 3152M->965M(4040M) 43.517ms
[2024-02-23T09:23:36.423+0000][4616][gc,cpu      ] GC(162) User=0.27s Sys=0.05s Real=0.04s
[2024-02-23T09:23:36.423+0000][4616][safepoint   ] Safepoint "G1CollectForAllocation", Time since last: 8229362600 ns, Reaching safepoint: 245900 ns, At safepoint: 43896000 ns, Total: 44141900 ns
[2024-02-23T09:23:51.026+0000][4616][gc,start    ] GC(163) Pause Young (Mixed) (G1 Evacuation Pause)
[2024-02-23T09:23:51.026+0000][4616][gc,task     ] GC(163) Using 8 workers of 8 for evacuation
[2024-02-23T09:23:51.026+0000][4616][gc,age      ] GC(163) Desired survivor size 14680064 bytes, new threshold 1 (max threshold 15)
[2024-02-23T09:23:51.127+0000][4616][gc,phases   ] GC(163)   Pre Evacuate Collection Set: 0.2ms
[2024-02-23T09:23:51.127+0000][4616][gc,phases   ] GC(163)   Merge Heap Roots: 0.2ms
[2024-02-23T09:23:51.127+0000][4616][gc,phases   ] GC(163)   Evacuate Collection Set: 99.2ms
[2024-02-23T09:23:51.127+0000][4616][gc,phases   ] GC(163)   Post Evacuate Collection Set: 0.9ms
[2024-02-23T09:23:51.127+0000][4616][gc,phases   ] GC(163)   Other: 0.2ms
[2024-02-23T09:23:51.127+0000][4616][gc,age      ] GC(163) Age table with threshold 1 (max threshold 15)
[2024-02-23T09:23:51.127+0000][4616][gc,age      ] GC(163) - age   1:    1690752 bytes,    1690752 total
[2024-02-23T09:23:51.127+0000][4616][gc,heap     ] GC(163) Eden regions: 13->0(575)
[2024-02-23T09:23:51.127+0000][4616][gc,heap     ] GC(163) Survivor regions: 37->4(7)
[2024-02-23T09:23:51.127+0000][4616][gc,heap     ] GC(163) Old regions: 200->205
[2024-02-23T09:23:51.127+0000][4616][gc,heap     ] GC(163) Archive regions: 0->0
[2024-02-23T09:23:51.127+0000][4616][gc,heap     ] GC(163) Humongous regions: 5->5
[2024-02-23T09:23:51.127+0000][4616][gc,metaspace] GC(163) Metaspace: 130996K(137024K)->130996K(137024K) NonClass: 114048K(117760K)->114048K(117760K) Class: 16948K(19264K)->16948K(19264K)
[2024-02-23T09:23:51.127+0000][4616][gc          ] GC(163) Pause Young (Mixed) (G1 Evacuation Pause) 1017M->854M(4040M) 101.067ms
[2024-02-23T09:23:51.127+0000][4616][gc,cpu      ] GC(163) User=0.00s Sys=0.19s Real=0.10s
[2024-02-23T09:23:51.127+0000][4616][safepoint   ] Safepoint "G1CollectForAllocation", Time since last: 14599958200 ns, Reaching safepoint: 137800 ns, At safepoint: 101251000 ns, Total: 101388800 ns
[2024-02-23T09:23:56.159+0000][4616][safepoint   ] Safepoint "Cleanup", Time since last: 5030967000 ns, Reaching safepoint: 93400 ns, At safepoint: 14100 ns, Total: 107500 ns
[2024-02-23T09:24:09.281+0000][4616][safepoint   ] Safepoint "Cleanup", Time since last: 13122661300 ns, Reaching safepoint: 104900 ns, At safepoint: 17300 ns, Total: 122200 ns
[2024-02-23T09:24:11.294+0000][4616][safepoint   ] Safepoint "Cleanup", Time since last: 2012293900 ns, Reaching safepoint: 201700 ns, At safepoint: 60000 ns, Total: 261700 ns
[2024-02-23T09:24:16.339+0000][4616][safepoint   ] Safepoint "Cleanup", Time since last: 5044644300 ns, Reaching safepoint: 133600 ns, At safepoint: 35800 ns, Total: 169400 ns
[2024-02-23T09:24:17.465+0000][4616][gc,start    ] GC(164) Pause Young (Normal) (G1 Evacuation Pause)
[2024-02-23T09:24:17.465+0000][4616][gc,task     ] GC(164) Using 8 workers of 8 for evacuation
[2024-02-23T09:24:17.465+0000][4616][gc,age      ] GC(164) Desired survivor size 153092096 bytes, new threshold 15 (max threshold 15)
[2024-02-23T09:24:17.486+0000][4616][gc,phases   ] GC(164)   Pre Evacuate Collection Set: 0.2ms
[2024-02-23T09:24:17.486+0000][4616][gc,phases   ] GC(164)   Merge Heap Roots: 0.4ms
[2024-02-23T09:24:17.486+0000][4616][gc,phases   ] GC(164)   Evacuate Collection Set: 18.2ms
[2024-02-23T09:24:17.486+0000][4616][gc,phases   ] GC(164)   Post Evacuate Collection Set: 1.2ms
[2024-02-23T09:24:17.486+0000][4616][gc,phases   ] GC(164)   Other: 0.3ms
[2024-02-23T09:24:17.486+0000][4616][gc,age      ] GC(164) Age table with threshold 15 (max threshold 15)
[2024-02-23T09:24:17.486+0000][4616][gc,age      ] GC(164) - age   1:   81366096 bytes,   81366096 total
[2024-02-23T09:24:17.486+0000][4616][gc,age      ] GC(164) - age   2:     624248 bytes,   81990344 total
[2024-02-23T09:24:17.486+0000][4616][gc,heap     ] GC(164) Eden regions: 575->0(558)
[2024-02-23T09:24:17.486+0000][4616][gc,heap     ] GC(164) Survivor regions: 4->21(73)
[2024-02-23T09:24:17.486+0000][4616][gc,heap     ] GC(164) Old regions: 205->205
[2024-02-23T09:24:17.486+0000][4616][gc,heap     ] GC(164) Archive regions: 0->0
[2024-02-23T09:24:17.486+0000][4616][gc,heap     ] GC(164) Humongous regions: 6->6
[2024-02-23T09:24:17.486+0000][4616][gc,metaspace] GC(164) Metaspace: 130998K(137024K)->130998K(137024K) NonClass: 114050K(117760K)->114050K(117760K) Class: 16948K(19264K)->16948K(19264K)
[2024-02-23T09:24:17.486+0000][4616][gc          ] GC(164) Pause Young (Normal) (G1 Evacuation Pause) 3158M->925M(4040M) 20.765ms
[2024-02-23T09:24:17.486+0000][4616][gc,cpu      ] GC(164) User=0.09s Sys=0.00s Real=0.02s
[2024-02-23T09:24:17.486+0000][4616][safepoint   ] Safepoint "G1CollectForAllocation", Time since last: 1127728900 ns, Reaching safepoint: 59200 ns, At safepoint: 20997100 ns, Total: 21056300 ns
[2024-02-23T09:24:18.511+0000][4616][safepoint   ] Safepoint "Cleanup", Time since last: 1022807200 ns, Reaching safepoint: 139900 ns, At safepoint: 55400 ns, Total: 195300 ns
[2024-02-23T09:24:22.535+0000][4616][safepoint   ] Safepoint "Cleanup", Time since last: 4024282300 ns, Reaching safepoint: 239200 ns, At safepoint: 24500 ns, Total: 263700 ns
[2024-02-23T09:24:22.980+0000][4616][gc,start    ] GC(165) Pause Young (Concurrent Start) (G1 Humongous Allocation)
[2024-02-23T09:24:22.980+0000][4616][gc,task     ] GC(165) Using 8 workers of 8 for evacuation
[2024-02-23T09:24:22.980+0000][4616][gc,age      ] GC(165) Desired survivor size 153092096 bytes, new threshold 15 (max threshold 15)
[2024-02-23T09:24:23.011+0000][4616][gc,phases   ] GC(165)   Pre Evacuate Collection Set: 0.7ms
[2024-02-23T09:24:23.011+0000][4616][gc,phases   ] GC(165)   Merge Heap Roots: 0.4ms
[2024-02-23T09:24:23.011+0000][4616][gc,phases   ] GC(165)   Evacuate Collection Set: 27.1ms
[2024-02-23T09:24:23.011+0000][4616][gc,phases   ] GC(165)   Post Evacuate Collection Set: 1.8ms
[2024-02-23T09:24:23.011+0000][4616][gc,phases   ] GC(165)   Other: 0.5ms
[2024-02-23T09:24:23.011+0000][4616][gc,age      ] GC(165) Age table with threshold 15 (max threshold 15)
[2024-02-23T09:24:23.011+0000][4616][gc,age      ] GC(165) - age   1:   33752592 bytes,   33752592 total
[2024-02-23T09:24:23.011+0000][4616][gc,age      ] GC(165) - age   2:   71514752 bytes,  105267344 total
[2024-02-23T09:24:23.011+0000][4616][gc,age      ] GC(165) - age   3:     570768 bytes,  105838112 total
[2024-02-23T09:24:23.011+0000][4616][gc,heap     ] GC(165) Eden regions: 181->0(534)
[2024-02-23T09:24:23.011+0000][4616][gc,heap     ] GC(165) Survivor regions: 21->27(73)
[2024-02-23T09:24:23.011+0000][4616][gc,heap     ] GC(165) Old regions: 205->205
[2024-02-23T09:24:23.011+0000][4616][gc,heap     ] GC(165) Archive regions: 0->0
[2024-02-23T09:24:23.011+0000][4616][gc,heap     ] GC(165) Humongous regions: 6->6
[2024-02-23T09:24:23.011+0000][4616][gc,metaspace] GC(165) Metaspace: 130998K(137024K)->130998K(137024K) NonClass: 114050K(117760K)->114050K(117760K) Class: 16948K(19264K)->16948K(19264K)
[2024-02-23T09:24:23.011+0000][4616][gc          ] GC(165) Pause Young (Concurrent Start) (G1 Humongous Allocation) 1647M->949M(4040M) 32.056ms
[2024-02-23T09:24:23.011+0000][4616][gc,cpu      ] GC(165) User=0.22s Sys=0.00s Real=0.03s
[2024-02-23T09:24:23.011+0000][4616][gc          ] GC(166) Concurrent Mark Cycle
[2024-02-23T09:24:23.011+0000][4616][safepoint   ] Safepoint "G1TryInitiateConcMark", Time since last: 453023200 ns, Reaching safepoint: 153000 ns, At safepoint: 32443200 ns, Total: 32596200 ns
[2024-02-23T09:24:23.011+0000][4616][gc,marking  ] GC(166) Concurrent Clear Claimed Marks
[2024-02-23T09:24:23.011+0000][4616][gc,marking  ] GC(166) Concurrent Clear Claimed Marks 0.440ms
[2024-02-23T09:24:23.011+0000][4616][gc,marking  ] GC(166) Concurrent Scan Root Regions
[2024-02-23T09:24:23.024+0000][4616][gc,marking  ] GC(166) Concurrent Scan Root Regions 15.126ms
[2024-02-23T09:24:23.024+0000][4616][gc,marking  ] GC(166) Concurrent Mark
[2024-02-23T09:24:23.024+0000][4616][gc,marking  ] GC(166) Concurrent Mark From Roots
[2024-02-23T09:24:23.024+0000][4616][gc,task     ] GC(166) Using 2 workers of 2 for marking
[2024-02-23T09:24:23.274+0000][4616][gc,marking  ] GC(166) Concurrent Mark From Roots 250.567ms
[2024-02-23T09:24:23.274+0000][4616][gc,marking  ] GC(166) Concurrent Preclean
[2024-02-23T09:24:23.274+0000][4616][gc,marking  ] GC(166) Concurrent Preclean 0.941ms
[2024-02-23T09:24:23.274+0000][4616][gc,start    ] GC(166) Pause Remark
[2024-02-23T09:24:23.291+0000][4616][gc          ] GC(166) Pause Remark 961M->953M(4040M) 14.624ms
[2024-02-23T09:24:23.291+0000][4616][gc,cpu      ] GC(166) User=0.02s Sys=0.00s Real=0.02s
[2024-02-23T09:24:23.291+0000][4616][safepoint   ] Safepoint "G1Concurrent", Time since last: 267569200 ns, Reaching safepoint: 87600 ns, At safepoint: 14797400 ns, Total: 14885000 ns
[2024-02-23T09:24:23.291+0000][4616][gc,marking  ] GC(166) Concurrent Mark 266.622ms
[2024-02-23T09:24:23.291+0000][4616][gc,marking  ] GC(166) Concurrent Rebuild Remembered Sets
[2024-02-23T09:24:23.470+0000][4616][gc,marking  ] GC(166) Concurrent Rebuild Remembered Sets 180.398ms
[2024-02-23T09:24:23.470+0000][4616][gc,start    ] GC(166) Pause Cleanup
[2024-02-23T09:24:23.485+0000][4616][gc          ] GC(166) Pause Cleanup 954M->954M(4040M) 1.388ms
[2024-02-23T09:24:23.485+0000][4616][gc,cpu      ] GC(166) User=0.00s Sys=0.02s Real=0.01s
[2024-02-23T09:24:23.485+0000][4616][safepoint   ] Safepoint "G1Concurrent", Time since last: 180590200 ns, Reaching safepoint: 104400 ns, At safepoint: 1549400 ns, Total: 1653800 ns
[2024-02-23T09:24:23.485+0000][4616][gc,marking  ] GC(166) Concurrent Cleanup for Next Mark
[2024-02-23T09:24:23.485+0000][4616][gc,marking  ] GC(166) Concurrent Cleanup for Next Mark 8.364ms
[2024-02-23T09:24:23.485+0000][4616][gc          ] GC(166) Concurrent Mark Cycle 473.390ms
[2024-02-23T09:24:33.546+0000][4616][safepoint   ] Safepoint "Cleanup", Time since last: 10059355200 ns, Reaching safepoint: 146500 ns, At safepoint: 1082900 ns, Total: 1229400 ns
[2024-02-23T09:24:47.836+0000][4616][gc,start    ] GC(167) Pause Young (Prepare Mixed) (G1 Evacuation Pause)
[2024-02-23T09:24:47.836+0000][4616][gc,task     ] GC(167) Using 8 workers of 8 for evacuation
[2024-02-23T09:24:47.836+0000][4616][gc,age      ] GC(167) Desired survivor size 148897792 bytes, new threshold 15 (max threshold 15)
[2024-02-23T09:24:47.885+0000][4616][gc,phases   ] GC(167)   Pre Evacuate Collection Set: 0.5ms
[2024-02-23T09:24:47.885+0000][4616][gc,phases   ] GC(167)   Merge Heap Roots: 0.6ms
[2024-02-23T09:24:47.885+0000][4616][gc,phases   ] GC(167)   Evacuate Collection Set: 45.8ms
[2024-02-23T09:24:47.885+0000][4616][gc,phases   ] GC(167)   Post Evacuate Collection Set: 2.6ms
[2024-02-23T09:24:47.885+0000][4616][gc,phases   ] GC(167)   Other: 0.4ms
[2024-02-23T09:24:47.885+0000][4616][gc,age      ] GC(167) Age table with threshold 15 (max threshold 15)
[2024-02-23T09:24:47.885+0000][4616][gc,age      ] GC(167) - age   1:   77303952 bytes,   77303952 total
[2024-02-23T09:24:47.885+0000][4616][gc,age      ] GC(167) - age   2:   25178168 bytes,  102482120 total
[2024-02-23T09:24:47.885+0000][4616][gc,age      ] GC(167) - age   3:   51985352 bytes,  154467472 total
[2024-02-23T09:24:47.885+0000][4616][gc,age      ] GC(167) - age   4:     189072 bytes,  154656544 total
[2024-02-23T09:24:47.885+0000][4616][gc,heap     ] GC(167) Eden regions: 534->0(11)
[2024-02-23T09:24:47.885+0000][4616][gc,heap     ] GC(167) Survivor regions: 27->39(71)
[2024-02-23T09:24:47.885+0000][4616][gc,heap     ] GC(167) Old regions: 205->205
[2024-02-23T09:24:47.885+0000][4616][gc,heap     ] GC(167) Archive regions: 0->0
[2024-02-23T09:24:47.885+0000][4616][gc,heap     ] GC(167) Humongous regions: 5->5
[2024-02-23T09:24:47.885+0000][4616][gc,metaspace] GC(167) Metaspace: 130998K(137024K)->130998K(137024K) NonClass: 114050K(117760K)->114050K(117760K) Class: 16948K(19264K)->16948K(19264K)
[2024-02-23T09:24:47.885+0000][4616][gc          ] GC(167) Pause Young (Prepare Mixed) (G1 Evacuation Pause) 3081M->994M(4040M) 51.475ms
[2024-02-23T09:24:47.885+0000][4616][gc,cpu      ] GC(167) User=0.25s Sys=0.05s Real=0.05s
[2024-02-23T09:24:47.885+0000][4616][safepoint   ] Safepoint "G1CollectForAllocation", Time since last: 14290751700 ns, Reaching safepoint: 211800 ns, At safepoint: 51939100 ns, Total: 52150900 ns
[2024-02-23T09:24:48.061+0000][4616][gc,start    ] GC(168) Pause Young (Mixed) (G1 Evacuation Pause)
[2024-02-23T09:24:48.061+0000][4616][gc,task     ] GC(168) Using 8 workers of 8 for evacuation
[2024-02-23T09:24:48.061+0000][4616][gc,age      ] GC(168) Desired survivor size 14680064 bytes, new threshold 1 (max threshold 15)
[2024-02-23T09:24:48.327+0000][4616][gc,mmu      ] GC(168) MMU target violated: 201.0ms (200.0ms/201.0ms)
[2024-02-23T09:24:48.327+0000][4616][gc,phases   ] GC(168)   Pre Evacuate Collection Set: 0.3ms
[2024-02-23T09:24:48.327+0000][4616][gc,phases   ] GC(168)   Merge Heap Roots: 0.4ms
[2024-02-23T09:24:48.327+0000][4616][gc,phases   ] GC(168)   Evacuate Collection Set: 263.6ms
[2024-02-23T09:24:48.327+0000][4616][gc,phases   ] GC(168)   Post Evacuate Collection Set: 1.5ms
[2024-02-23T09:24:48.327+0000][4616][gc,phases   ] GC(168)   Other: 0.4ms
[2024-02-23T09:24:48.328+0000][4616][gc,age      ] GC(168) Age table with threshold 1 (max threshold 15)
[2024-02-23T09:24:48.328+0000][4616][gc,age      ] GC(168) - age   1:    1830184 bytes,    1830184 total
[2024-02-23T09:24:48.328+0000][4616][gc,heap     ] GC(168) Eden regions: 11->0(564)
[2024-02-23T09:24:48.328+0000][4616][gc,heap     ] GC(168) Survivor regions: 39->4(7)
[2024-02-23T09:24:48.328+0000][4616][gc,heap     ] GC(168) Old regions: 205->201
[2024-02-23T09:24:48.328+0000][4616][gc,heap     ] GC(168) Archive regions: 0->0
[2024-02-23T09:24:48.328+0000][4616][gc,heap     ] GC(168) Humongous regions: 5->5
[2024-02-23T09:24:48.328+0000][4616][gc,metaspace] GC(168) Metaspace: 130998K(137024K)->130998K(137024K) NonClass: 114050K(117760K)->114050K(117760K) Class: 16948K(19264K)->16948K(19264K)
[2024-02-23T09:24:48.328+0000][4616][gc          ] GC(168) Pause Young (Mixed) (G1 Evacuation Pause) 1038M->837M(4040M) 266.855ms
[2024-02-23T09:24:48.328+0000][4616][gc,cpu      ] GC(168) User=0.62s Sys=0.41s Real=0.27s
[2024-02-23T09:24:48.328+0000][4616][safepoint   ] Safepoint "G1CollectForAllocation", Time since last: 172824400 ns, Reaching safepoint: 141100 ns, At safepoint: 267418600 ns, Total: 267559700 ns
[2024-02-23T09:25:11.162+0000][4616][gc,start    ] GC(169) Pause Young (Normal) (G1 Evacuation Pause)
[2024-02-23T09:25:11.162+0000][4616][gc,task     ] GC(169) Using 8 workers of 8 for evacuation
[2024-02-23T09:25:11.162+0000][4616][gc,age      ] GC(169) Desired survivor size 148897792 bytes, new threshold 15 (max threshold 15)
[2024-02-23T09:25:11.186+0000][4616][gc,phases   ] GC(169)   Pre Evacuate Collection Set: 0.3ms
[2024-02-23T09:25:11.186+0000][4616][gc,phases   ] GC(169)   Merge Heap Roots: 0.3ms
[2024-02-23T09:25:11.186+0000][4616][gc,phases   ] GC(169)   Evacuate Collection Set: 20.7ms
[2024-02-23T09:25:11.186+0000][4616][gc,phases   ] GC(169)   Post Evacuate Collection Set: 1.6ms
[2024-02-23T09:25:11.186+0000][4616][gc,phases   ] GC(169)   Other: 0.3ms
[2024-02-23T09:25:11.186+0000][4616][gc,age      ] GC(169) Age table with threshold 15 (max threshold 15)
[2024-02-23T09:25:11.186+0000][4616][gc,age      ] GC(169) - age   1:   84980312 bytes,   84980312 total
[2024-02-23T09:25:11.186+0000][4616][gc,age      ] GC(169) - age   2:     928560 bytes,   85908872 total
[2024-02-23T09:25:11.186+0000][4616][gc,heap     ] GC(169) Eden regions: 564->0(550)
[2024-02-23T09:25:11.186+0000][4616][gc,heap     ] GC(169) Survivor regions: 4->22(71)
[2024-02-23T09:25:11.186+0000][4616][gc,heap     ] GC(169) Old regions: 201->201
[2024-02-23T09:25:11.186+0000][4616][gc,heap     ] GC(169) Archive regions: 0->0
[2024-02-23T09:25:11.186+0000][4616][gc,heap     ] GC(169) Humongous regions: 6->6
[2024-02-23T09:25:11.186+0000][4616][gc,metaspace] GC(169) Metaspace: 130999K(137024K)->130999K(137024K) NonClass: 114051K(117760K)->114051K(117760K) Class: 16948K(19264K)->16948K(19264K)
[2024-02-23T09:25:11.186+0000][4616][gc          ] GC(169) Pause Young (Normal) (G1 Evacuation Pause) 3097M->911M(4040M) 23.884ms
[2024-02-23T09:25:11.186+0000][4616][gc,cpu      ] GC(169) User=0.19s Sys=0.02s Real=0.02s
[2024-02-23T09:25:11.186+0000][4616][safepoint   ] Safepoint "G1CollectForAllocation", Time since last: 22833494400 ns, Reaching safepoint: 136900 ns, At safepoint: 24034600 ns, Total: 24171500 ns
[2024-02-23T09:25:14.997+0000][4616][gc,start    ] GC(170) Pause Young (Concurrent Start) (G1 Humongous Allocation)
[2024-02-23T09:25:14.997+0000][4616][gc,task     ] GC(170) Using 8 workers of 8 for evacuation
[2024-02-23T09:25:14.997+0000][4616][gc,age      ] GC(170) Desired survivor size 150994944 bytes, new threshold 15 (max threshold 15)
[2024-02-23T09:25:15.019+0000][4616][gc,phases   ] GC(170)   Pre Evacuate Collection Set: 0.3ms
[2024-02-23T09:25:15.019+0000][4616][gc,phases   ] GC(170)   Merge Heap Roots: 0.2ms
[2024-02-23T09:25:15.019+0000][4616][gc,phases   ] GC(170)   Evacuate Collection Set: 19.8ms
[2024-02-23T09:25:15.019+0000][4616][gc,phases   ] GC(170)   Post Evacuate Collection Set: 0.9ms
[2024-02-23T09:25:15.019+0000][4616][gc,phases   ] GC(170)   Other: 0.2ms
[2024-02-23T09:25:15.019+0000][4616][gc,age      ] GC(170) Age table with threshold 15 (max threshold 15)
[2024-02-23T09:25:15.019+0000][4616][gc,age      ] GC(170) - age   1:    4672104 bytes,    4672104 total
[2024-02-23T09:25:15.019+0000][4616][gc,age      ] GC(170) - age   2:   83535760 bytes,   88207864 total
[2024-02-23T09:25:15.019+0000][4616][gc,age      ] GC(170) - age   3:     928560 bytes,   89136424 total
[2024-02-23T09:25:15.019+0000][4616][gc,heap     ] GC(170) Eden regions: 36->0(553)
[2024-02-23T09:25:15.019+0000][4616][gc,heap     ] GC(170) Survivor regions: 22->23(72)
[2024-02-23T09:25:15.019+0000][4616][gc,heap     ] GC(170) Old regions: 201->201
[2024-02-23T09:25:15.019+0000][4616][gc,heap     ] GC(170) Archive regions: 0->0
[2024-02-23T09:25:15.019+0000][4616][gc,heap     ] GC(170) Humongous regions: 6->6
[2024-02-23T09:25:15.019+0000][4616][gc,metaspace] GC(170) Metaspace: 130999K(137024K)->130999K(137024K) NonClass: 114051K(117760K)->114051K(117760K) Class: 16948K(19264K)->16948K(19264K)
[2024-02-23T09:25:15.019+0000][4616][gc          ] GC(170) Pause Young (Concurrent Start) (G1 Humongous Allocation) 1053M->915M(4040M) 22.026ms
[2024-02-23T09:25:15.019+0000][4616][gc          ] GC(171) Concurrent Undo Cycle
[2024-02-23T09:25:15.019+0000][4616][gc,cpu      ] GC(170) User=0.09s Sys=0.00s Real=0.02s
[2024-02-23T09:25:15.019+0000][4616][gc,marking  ] GC(171) Concurrent Cleanup for Next Mark
[2024-02-23T09:25:15.019+0000][4616][safepoint   ] Safepoint "G1TryInitiateConcMark", Time since last: 3810186800 ns, Reaching safepoint: 87900 ns, At safepoint: 22244700 ns, Total: 22332600 ns
[2024-02-23T09:25:15.019+0000][4616][gc,marking  ] GC(171) Concurrent Cleanup for Next Mark 0.637ms
[2024-02-23T09:25:15.019+0000][4616][gc          ] GC(171) Concurrent Undo Cycle 0.785ms
[2024-02-23T09:25:17.030+0000][4616][safepoint   ] Safepoint "Cleanup", Time since last: 2010425200 ns, Reaching safepoint: 180100 ns, At safepoint: 19900 ns, Total: 200000 ns
[2024-02-23T09:25:19.049+0000][4616][safepoint   ] Safepoint "Cleanup", Time since last: 2019212500 ns, Reaching safepoint: 129100 ns, At safepoint: 17600 ns, Total: 146700 ns
[2024-02-23T09:25:57.736+0000][4616][gc,start    ] GC(172) Pause Young (Normal) (G1 Evacuation Pause)
[2024-02-23T09:25:57.736+0000][4616][gc,task     ] GC(172) Using 8 workers of 8 for evacuation
[2024-02-23T09:25:57.736+0000][4616][gc,age      ] GC(172) Desired survivor size 150994944 bytes, new threshold 15 (max threshold 15)
[2024-02-23T09:25:57.767+0000][4616][gc,phases   ] GC(172)   Pre Evacuate Collection Set: 0.4ms
[2024-02-23T09:25:57.767+0000][4616][gc,phases   ] GC(172)   Merge Heap Roots: 0.5ms
[2024-02-23T09:25:57.767+0000][4616][gc,phases   ] GC(172)   Evacuate Collection Set: 34.1ms
[2024-02-23T09:25:57.767+0000][4616][gc,phases   ] GC(172)   Post Evacuate Collection Set: 1.5ms
[2024-02-23T09:25:57.767+0000][4616][gc,phases   ] GC(172)   Other: 0.4ms
[2024-02-23T09:25:57.767+0000][4616][gc,age      ] GC(172) Age table with threshold 15 (max threshold 15)
[2024-02-23T09:25:57.767+0000][4616][gc,age      ] GC(172) - age   1:   74880784 bytes,   74880784 total
[2024-02-23T09:25:57.767+0000][4616][gc,age      ] GC(172) - age   2:    2670744 bytes,   77551528 total
[2024-02-23T09:25:57.767+0000][4616][gc,age      ] GC(172) - age   3:   64112048 bytes,  141663576 total
[2024-02-23T09:25:57.767+0000][4616][gc,age      ] GC(172) - age   4:     927544 bytes,  142591120 total
[2024-02-23T09:25:57.767+0000][4616][gc,heap     ] GC(172) Eden regions: 553->0(543)
[2024-02-23T09:25:57.767+0000][4616][gc,heap     ] GC(172) Survivor regions: 23->36(72)
[2024-02-23T09:25:57.767+0000][4616][gc,heap     ] GC(172) Old regions: 201->201
[2024-02-23T09:25:57.767+0000][4616][gc,heap     ] GC(172) Archive regions: 0->0
[2024-02-23T09:25:57.767+0000][4616][gc,heap     ] GC(172) Humongous regions: 7->7
[2024-02-23T09:25:57.767+0000][4616][gc,metaspace] GC(172) Metaspace: 131000K(137024K)->131000K(137024K) NonClass: 114051K(117760K)->114051K(117760K) Class: 16948K(19264K)->16948K(19264K)
[2024-02-23T09:25:57.767+0000][4616][gc          ] GC(172) Pause Young (Normal) (G1 Evacuation Pause) 3131M->970M(4040M) 37.534ms
[2024-02-23T09:25:57.767+0000][4616][gc,cpu      ] GC(172) User=0.25s Sys=0.00s Real=0.03s
[2024-02-23T09:25:57.767+0000][4616][safepoint   ] Safepoint "G1CollectForAllocation", Time since last: 38690577000 ns, Reaching safepoint: 224100 ns, At safepoint: 37738800 ns, Total: 37962900 ns
[2024-02-23T09:26:10.884+0000][4616][safepoint   ] Safepoint "Cleanup", Time since last: 13105555600 ns, Reaching safepoint: 87700 ns, At safepoint: 30300 ns, Total: 118000 ns
[2024-02-23T09:26:12.818+0000][4616][gc,start    ] GC(173) Pause Young (Concurrent Start) (G1 Humongous Allocation)
[2024-02-23T09:26:12.818+0000][4616][gc,task     ] GC(173) Using 8 workers of 8 for evacuation
[2024-02-23T09:26:12.818+0000][4616][gc,age      ] GC(173) Desired survivor size 153092096 bytes, new threshold 15 (max threshold 15)
[2024-02-23T09:26:12.867+0000][4616][gc,phases   ] GC(173)   Pre Evacuate Collection Set: 0.5ms
[2024-02-23T09:26:12.867+0000][4616][gc,phases   ] GC(173)   Merge Heap Roots: 0.2ms
[2024-02-23T09:26:12.867+0000][4616][gc,phases   ] GC(173)   Evacuate Collection Set: 35.9ms
[2024-02-23T09:26:12.867+0000][4616][gc,phases   ] GC(173)   Post Evacuate Collection Set: 1.5ms
[2024-02-23T09:26:12.867+0000][4616][gc,phases   ] GC(173)   Other: 0.4ms
[2024-02-23T09:26:12.867+0000][4616][gc,age      ] GC(173) Age table with threshold 15 (max threshold 15)
[2024-02-23T09:26:12.867+0000][4616][gc,age      ] GC(173) - age   1:   74789560 bytes,   74789560 total
[2024-02-23T09:26:12.867+0000][4616][gc,age      ] GC(173) - age   2:   58184304 bytes,  132973864 total
[2024-02-23T09:26:12.867+0000][4616][gc,age      ] GC(173) - age   3:    2261560 bytes,  135235424 total
[2024-02-23T09:26:12.867+0000][4616][gc,age      ] GC(173) - age   4:   47040784 bytes,  182276208 total
[2024-02-23T09:26:12.867+0000][4616][gc,age      ] GC(173) - age   5:     926560 bytes,  183202768 total
[2024-02-23T09:26:12.867+0000][4616][gc,heap     ] GC(173) Eden regions: 437->0(535)
[2024-02-23T09:26:12.867+0000][4616][gc,heap     ] GC(173) Survivor regions: 36->45(73)
[2024-02-23T09:26:12.867+0000][4616][gc,heap     ] GC(173) Old regions: 201->201
[2024-02-23T09:26:12.867+0000][4616][gc,heap     ] GC(173) Archive regions: 0->0
[2024-02-23T09:26:12.867+0000][4616][gc,heap     ] GC(173) Humongous regions: 7->7
[2024-02-23T09:26:12.867+0000][4616][gc,metaspace] GC(173) Metaspace: 131004K(137024K)->131004K(137024K) NonClass: 114056K(117760K)->114056K(117760K) Class: 16948K(19264K)->16948K(19264K)
[2024-02-23T09:26:12.867+0000][4616][gc          ] GC(173) Pause Young (Concurrent Start) (G1 Humongous Allocation) 2717M->1008M(4040M) 39.285ms
[2024-02-23T09:26:12.867+0000][4616][gc          ] GC(174) Concurrent Mark Cycle
[2024-02-23T09:26:12.867+0000][4616][gc,cpu      ] GC(173) User=0.38s Sys=0.00s Real=0.05s
[2024-02-23T09:26:12.867+0000][4616][gc,marking  ] GC(174) Concurrent Clear Claimed Marks
[2024-02-23T09:26:12.867+0000][4616][safepoint   ] Safepoint "G1TryInitiateConcMark", Time since last: 1944489000 ns, Reaching safepoint: 135600 ns, At safepoint: 39582500 ns, Total: 39718100 ns
[2024-02-23T09:26:12.867+0000][4616][gc,marking  ] GC(174) Concurrent Clear Claimed Marks 0.222ms
[2024-02-23T09:26:12.867+0000][4616][gc,marking  ] GC(174) Concurrent Scan Root Regions
[2024-02-23T09:26:12.887+0000][4616][gc,marking  ] GC(174) Concurrent Scan Root Regions 19.761ms
[2024-02-23T09:26:12.887+0000][4616][gc,marking  ] GC(174) Concurrent Mark
[2024-02-23T09:26:12.887+0000][4616][gc,marking  ] GC(174) Concurrent Mark From Roots
[2024-02-23T09:26:12.887+0000][4616][gc,task     ] GC(174) Using 2 workers of 2 for marking
[2024-02-23T09:26:13.156+0000][4616][gc,marking  ] GC(174) Concurrent Mark From Roots 269.167ms
[2024-02-23T09:26:13.156+0000][4616][gc,marking  ] GC(174) Concurrent Preclean
[2024-02-23T09:26:13.157+0000][4616][gc,marking  ] GC(174) Concurrent Preclean 1.061ms
[2024-02-23T09:26:13.157+0000][4616][gc,start    ] GC(174) Pause Remark
[2024-02-23T09:26:13.173+0000][4616][gc          ] GC(174) Pause Remark 1064M->1052M(4040M) 16.116ms
[2024-02-23T09:26:13.173+0000][4616][gc,cpu      ] GC(174) User=0.09s Sys=0.02s Real=0.02s
[2024-02-23T09:26:13.173+0000][4616][safepoint   ] Safepoint "G1Concurrent", Time since last: 290396000 ns, Reaching safepoint: 89900 ns, At safepoint: 16349200 ns, Total: 16439100 ns
[2024-02-23T09:26:13.173+0000][4616][gc,marking  ] GC(174) Concurrent Mark 286.937ms
[2024-02-23T09:26:13.173+0000][4616][gc,marking  ] GC(174) Concurrent Rebuild Remembered Sets
[2024-02-23T09:26:13.357+0000][4616][gc,marking  ] GC(174) Concurrent Rebuild Remembered Sets 183.265ms
[2024-02-23T09:26:13.358+0000][4616][gc,start    ] GC(174) Pause Cleanup
[2024-02-23T09:26:13.358+0000][4616][gc          ] GC(174) Pause Cleanup 1076M->1076M(4040M) 0.693ms
[2024-02-23T09:26:13.358+0000][4616][gc,cpu      ] GC(174) User=0.00s Sys=0.00s Real=0.00s
[2024-02-23T09:26:13.358+0000][4616][safepoint   ] Safepoint "G1Concurrent", Time since last: 183503200 ns, Reaching safepoint: 102200 ns, At safepoint: 831000 ns, Total: 933200 ns
[2024-02-23T09:26:13.358+0000][4616][gc,marking  ] GC(174) Concurrent Cleanup for Next Mark
[2024-02-23T09:26:13.368+0000][4616][gc,marking  ] GC(174) Concurrent Cleanup for Next Mark 9.839ms
[2024-02-23T09:26:13.368+0000][4616][gc          ] GC(174) Concurrent Mark Cycle 501.445ms
[2024-02-23T09:26:44.745+0000][4616][gc,start    ] GC(175) Pause Young (Prepare Mixed) (G1 Evacuation Pause)
[2024-02-23T09:26:44.745+0000][4616][gc,task     ] GC(175) Using 8 workers of 8 for evacuation
[2024-02-23T09:26:44.745+0000][4616][gc,age      ] GC(175) Desired survivor size 153092096 bytes, new threshold 4 (max threshold 15)
[2024-02-23T09:26:44.814+0000][4616][gc,phases   ] GC(175)   Pre Evacuate Collection Set: 0.2ms
[2024-02-23T09:26:44.814+0000][4616][gc,phases   ] GC(175)   Merge Heap Roots: 0.3ms
[2024-02-23T09:26:44.814+0000][4616][gc,phases   ] GC(175)   Evacuate Collection Set: 67.3ms
[2024-02-23T09:26:44.814+0000][4616][gc,phases   ] GC(175)   Post Evacuate Collection Set: 1.2ms
[2024-02-23T09:26:44.814+0000][4616][gc,phases   ] GC(175)   Other: 0.2ms
[2024-02-23T09:26:44.814+0000][4616][gc,age      ] GC(175) Age table with threshold 4 (max threshold 15)
[2024-02-23T09:26:44.814+0000][4616][gc,age      ] GC(175) - age   1:   80603120 bytes,   80603120 total
[2024-02-23T09:26:44.814+0000][4616][gc,age      ] GC(175) - age   2:   56892296 bytes,  137495416 total
[2024-02-23T09:26:44.814+0000][4616][gc,age      ] GC(175) - age   3:   35833080 bytes,  173328496 total
[2024-02-23T09:26:44.814+0000][4616][gc,age      ] GC(175) - age   4:    1408672 bytes,  174737168 total
[2024-02-23T09:26:44.814+0000][4616][gc,heap     ] GC(175) Eden regions: 535->0(6)
[2024-02-23T09:26:44.815+0000][4616][gc,heap     ] GC(175) Survivor regions: 45->44(73)
[2024-02-23T09:26:44.815+0000][4616][gc,heap     ] GC(175) Old regions: 201->208
[2024-02-23T09:26:44.815+0000][4616][gc,heap     ] GC(175) Archive regions: 0->0
[2024-02-23T09:26:44.815+0000][4616][gc,heap     ] GC(175) Humongous regions: 5->5
[2024-02-23T09:26:44.815+0000][4616][gc,metaspace] GC(175) Metaspace: 131005K(137024K)->131005K(137024K) NonClass: 114057K(117760K)->114057K(117760K) Class: 16948K(19264K)->16948K(19264K)
[2024-02-23T09:26:44.815+0000][4616][gc          ] GC(175) Pause Young (Prepare Mixed) (G1 Evacuation Pause) 3140M->1022M(4040M) 69.665ms
[2024-02-23T09:26:44.815+0000][4616][gc,cpu      ] GC(175) User=0.34s Sys=0.03s Real=0.07s
[2024-02-23T09:26:44.815+0000][4616][safepoint   ] Safepoint "G1CollectForAllocation", Time since last: 31385985800 ns, Reaching safepoint: 109100 ns, At safepoint: 69936700 ns, Total: 70045800 ns
[2024-02-23T09:26:44.904+0000][4616][gc,start    ] GC(176) Pause Young (Mixed) (G1 Evacuation Pause)
[2024-02-23T09:26:44.904+0000][4616][gc,task     ] GC(176) Using 8 workers of 8 for evacuation
[2024-02-23T09:26:44.904+0000][4616][gc,age      ] GC(176) Desired survivor size 14680064 bytes, new threshold 1 (max threshold 15)
[2024-02-23T09:26:45.075+0000][4616][gc,phases   ] GC(176)   Pre Evacuate Collection Set: 0.4ms
[2024-02-23T09:26:45.075+0000][4616][gc,phases   ] GC(176)   Merge Heap Roots: 0.3ms
[2024-02-23T09:26:45.075+0000][4616][gc,phases   ] GC(176)   Evacuate Collection Set: 164.0ms
[2024-02-23T09:26:45.075+0000][4616][gc,phases   ] GC(176)   Post Evacuate Collection Set: 1.1ms
[2024-02-23T09:26:45.075+0000][4616][gc,phases   ] GC(176)   Other: 0.3ms
[2024-02-23T09:26:45.075+0000][4616][gc,age      ] GC(176) Age table with threshold 1 (max threshold 15)
[2024-02-23T09:26:45.075+0000][4616][gc,age      ] GC(176) - age   1:    2348928 bytes,    2348928 total
[2024-02-23T09:26:45.075+0000][4616][gc,heap     ] GC(176) Eden regions: 6->0(578)
[2024-02-23T09:26:45.075+0000][4616][gc,heap     ] GC(176) Survivor regions: 44->4(7)
[2024-02-23T09:26:45.075+0000][4616][gc,heap     ] GC(176) Old regions: 208->198
[2024-02-23T09:26:45.075+0000][4616][gc,heap     ] GC(176) Archive regions: 0->0
[2024-02-23T09:26:45.075+0000][4616][gc,heap     ] GC(176) Humongous regions: 5->5
[2024-02-23T09:26:45.075+0000][4616][gc,metaspace] GC(176) Metaspace: 131005K(137024K)->131005K(137024K) NonClass: 114057K(117760K)->114057K(117760K) Class: 16948K(19264K)->16948K(19264K)
[2024-02-23T09:26:45.075+0000][4616][gc          ] GC(176) Pause Young (Mixed) (G1 Evacuation Pause) 1046M->825M(4040M) 166.687ms
[2024-02-23T09:26:45.075+0000][4616][gc,cpu      ] GC(176) User=0.33s Sys=0.33s Real=0.17s
[2024-02-23T09:26:45.077+0000][4616][safepoint   ] Safepoint "G1CollectForAllocation", Time since last: 93707200 ns, Reaching safepoint: 121700 ns, At safepoint: 168067000 ns, Total: 168188700 ns
[2024-02-23T09:26:59.160+0000][4616][safepoint   ] Safepoint "Cleanup", Time since last: 14082721900 ns, Reaching safepoint: 166100 ns, At safepoint: 83600 ns, Total: 249700 ns
[2024-02-23T09:27:11.223+0000][4616][safepoint   ] Safepoint "Cleanup", Time since last: 12063240600 ns, Reaching safepoint: 126900 ns, At safepoint: 77100 ns, Total: 204000 ns
[2024-02-23T09:27:12.581+0000][4616][gc,start    ] GC(177) Pause Young (Normal) (G1 Evacuation Pause)
[2024-02-23T09:27:12.581+0000][4616][gc,task     ] GC(177) Using 8 workers of 8 for evacuation
[2024-02-23T09:27:12.581+0000][4616][gc,age      ] GC(177) Desired survivor size 153092096 bytes, new threshold 15 (max threshold 15)
[2024-02-23T09:27:12.608+0000][4616][gc,phases   ] GC(177)   Pre Evacuate Collection Set: 0.3ms
[2024-02-23T09:27:12.608+0000][4616][gc,phases   ] GC(177)   Merge Heap Roots: 0.3ms
[2024-02-23T09:27:12.608+0000][4616][gc,phases   ] GC(177)   Evacuate Collection Set: 15.9ms
[2024-02-23T09:27:12.608+0000][4616][gc,phases   ] GC(177)   Post Evacuate Collection Set: 1.4ms
[2024-02-23T09:27:12.608+0000][4616][gc,phases   ] GC(177)   Other: 0.3ms
[2024-02-23T09:27:12.608+0000][4616][gc,age      ] GC(177) Age table with threshold 15 (max threshold 15)
[2024-02-23T09:27:12.608+0000][4616][gc,age      ] GC(177) - age   1:   74655272 bytes,   74655272 total
[2024-02-23T09:27:12.609+0000][4616][gc,age      ] GC(177) - age   2:    1827768 bytes,   76483040 total
[2024-02-23T09:27:12.609+0000][4616][gc,heap     ] GC(177) Eden regions: 578->0(564)
[2024-02-23T09:27:12.609+0000][4616][gc,heap     ] GC(177) Survivor regions: 4->20(73)
[2024-02-23T09:27:12.609+0000][4616][gc,heap     ] GC(177) Old regions: 198->198
[2024-02-23T09:27:12.609+0000][4616][gc,heap     ] GC(177) Archive regions: 0->0
[2024-02-23T09:27:12.609+0000][4616][gc,heap     ] GC(177) Humongous regions: 6->6
[2024-02-23T09:27:12.609+0000][4616][gc,metaspace] GC(177) Metaspace: 131005K(137024K)->131005K(137024K) NonClass: 114057K(117760K)->114057K(117760K) Class: 16948K(19264K)->16948K(19264K)
[2024-02-23T09:27:12.609+0000][4616][gc          ] GC(177) Pause Young (Normal) (G1 Evacuation Pause) 3141M->890M(4040M) 18.807ms
[2024-02-23T09:27:12.609+0000][4616][gc,cpu      ] GC(177) User=0.19s Sys=0.00s Real=0.03s
[2024-02-23T09:27:12.609+0000][4616][safepoint   ] Safepoint "G1CollectForAllocation", Time since last: 1367279800 ns, Reaching safepoint: 121400 ns, At safepoint: 19082800 ns, Total: 19204200 ns
[2024-02-23T09:27:15.220+0000][4616][gc,start    ] GC(178) Pause Young (Concurrent Start) (G1 Humongous Allocation)
[2024-02-23T09:27:15.235+0000][4616][gc,task     ] GC(178) Using 8 workers of 8 for evacuation
[2024-02-23T09:27:15.235+0000][4616][gc,age      ] GC(178) Desired survivor size 153092096 bytes, new threshold 15 (max threshold 15)
[2024-02-23T09:27:15.261+0000][4616][gc,phases   ] GC(178)   Pre Evacuate Collection Set: 0.7ms
[2024-02-23T09:27:15.261+0000][4616][gc,phases   ] GC(178)   Merge Heap Roots: 0.3ms
[2024-02-23T09:27:15.261+0000][4616][gc,phases   ] GC(178)   Evacuate Collection Set: 24.8ms
[2024-02-23T09:27:15.261+0000][4616][gc,phases   ] GC(178)   Post Evacuate Collection Set: 1.8ms
[2024-02-23T09:27:15.261+0000][4616][gc,phases   ] GC(178)   Other: 2.7ms
[2024-02-23T09:27:15.261+0000][4616][gc,age      ] GC(178) Age table with threshold 15 (max threshold 15)
[2024-02-23T09:27:15.261+0000][4616][gc,age      ] GC(178) - age   1:   19592352 bytes,   19592352 total
[2024-02-23T09:27:15.261+0000][4616][gc,age      ] GC(178) - age   2:   69205856 bytes,   88798208 total
[2024-02-23T09:27:15.261+0000][4616][gc,age      ] GC(178) - age   3:    1716624 bytes,   90514832 total
[2024-02-23T09:27:15.261+0000][4616][gc,heap     ] GC(178) Eden regions: 91->0(571)
[2024-02-23T09:27:15.261+0000][4616][gc,heap     ] GC(178) Survivor regions: 20->23(73)
[2024-02-23T09:27:15.261+0000][4616][gc,heap     ] GC(178) Old regions: 198->198
[2024-02-23T09:27:15.261+0000][4616][gc,heap     ] GC(178) Archive regions: 0->0
[2024-02-23T09:27:15.261+0000][4616][gc,heap     ] GC(178) Humongous regions: 6->6
[2024-02-23T09:27:15.261+0000][4616][gc,metaspace] GC(178) Metaspace: 131005K(137024K)->131005K(137024K) NonClass: 114057K(117760K)->114057K(117760K) Class: 16948K(19264K)->16948K(19264K)
[2024-02-23T09:27:15.261+0000][4616][gc          ] GC(178) Pause Young (Concurrent Start) (G1 Humongous Allocation) 1254M->905M(4040M) 31.334ms
[2024-02-23T09:27:15.261+0000][4616][gc          ] GC(179) Concurrent Mark Cycle
[2024-02-23T09:27:15.261+0000][4616][gc,cpu      ] GC(178) User=0.25s Sys=0.02s Real=0.04s
[2024-02-23T09:27:15.261+0000][4616][gc,marking  ] GC(179) Concurrent Clear Claimed Marks
[2024-02-23T09:27:15.261+0000][4616][safepoint   ] Safepoint "G1TryInitiateConcMark", Time since last: 2624769100 ns, Reaching safepoint: 244400 ns, At safepoint: 31765800 ns, Total: 32010200 ns
[2024-02-23T09:27:15.261+0000][4616][gc,marking  ] GC(179) Concurrent Clear Claimed Marks 0.371ms
[2024-02-23T09:27:15.261+0000][4616][gc,marking  ] GC(179) Concurrent Scan Root Regions
[2024-02-23T09:27:15.277+0000][4616][gc,marking  ] GC(179) Concurrent Scan Root Regions 15.325ms
[2024-02-23T09:27:15.277+0000][4616][gc,marking  ] GC(179) Concurrent Mark
[2024-02-23T09:27:15.277+0000][4616][gc,marking  ] GC(179) Concurrent Mark From Roots
[2024-02-23T09:27:15.277+0000][4616][gc,task     ] GC(179) Using 2 workers of 2 for marking
[2024-02-23T09:27:15.584+0000][4616][gc,marking  ] GC(179) Concurrent Mark From Roots 302.493ms
[2024-02-23T09:27:15.584+0000][4616][gc,marking  ] GC(179) Concurrent Preclean
[2024-02-23T09:27:15.587+0000][4616][gc,marking  ] GC(179) Concurrent Preclean 2.003ms
[2024-02-23T09:27:15.587+0000][4616][gc,start    ] GC(179) Pause Remark
[2024-02-23T09:27:15.607+0000][4616][gc          ] GC(179) Pause Remark 941M->933M(4040M) 20.844ms
[2024-02-23T09:27:15.607+0000][4616][gc,cpu      ] GC(179) User=0.12s Sys=0.00s Real=0.02s
[2024-02-23T09:27:15.607+0000][4616][safepoint   ] Safepoint "G1Concurrent", Time since last: 320448000 ns, Reaching safepoint: 208600 ns, At safepoint: 21398800 ns, Total: 21607400 ns
[2024-02-23T09:27:15.607+0000][4616][gc,marking  ] GC(179) Concurrent Mark 326.425ms
[2024-02-23T09:27:15.607+0000][4616][gc,marking  ] GC(179) Concurrent Rebuild Remembered Sets
[2024-02-23T09:27:15.776+0000][4616][gc,marking  ] GC(179) Concurrent Rebuild Remembered Sets 173.096ms
[2024-02-23T09:27:15.776+0000][4616][gc,start    ] GC(179) Pause Cleanup
[2024-02-23T09:27:15.776+0000][4616][gc          ] GC(179) Pause Cleanup 963M->963M(4040M) 0.774ms
[2024-02-23T09:27:15.776+0000][4616][gc,cpu      ] GC(179) User=0.00s Sys=0.00s Real=0.00s
[2024-02-23T09:27:15.776+0000][4616][safepoint   ] Safepoint "G1Concurrent", Time since last: 173367400 ns, Reaching safepoint: 108200 ns, At safepoint: 916400 ns, Total: 1024600 ns
[2024-02-23T09:27:15.776+0000][4616][gc,marking  ] GC(179) Concurrent Cleanup for Next Mark
[2024-02-23T09:27:15.786+0000][4616][gc,marking  ] GC(179) Concurrent Cleanup for Next Mark 11.935ms
[2024-02-23T09:27:15.786+0000][4616][gc          ] GC(179) Concurrent Mark Cycle 528.811ms
[2024-02-23T09:27:44.072+0000][4616][gc,start    ] GC(180) Pause Young (Prepare Mixed) (G1 Evacuation Pause)
[2024-02-23T09:27:44.072+0000][4616][gc,task     ] GC(180) Using 8 workers of 8 for evacuation
[2024-02-23T09:27:44.072+0000][4616][gc,age      ] GC(180) Desired survivor size 157286400 bytes, new threshold 15 (max threshold 15)
[2024-02-23T09:27:44.134+0000][4616][gc,phases   ] GC(180)   Pre Evacuate Collection Set: 0.3ms
[2024-02-23T09:27:44.134+0000][4616][gc,phases   ] GC(180)   Merge Heap Roots: 0.4ms
[2024-02-23T09:27:44.134+0000][4616][gc,phases   ] GC(180)   Evacuate Collection Set: 49.4ms
[2024-02-23T09:27:44.134+0000][4616][gc,phases   ] GC(180)   Post Evacuate Collection Set: 1.3ms
[2024-02-23T09:27:44.134+0000][4616][gc,phases   ] GC(180)   Other: 0.3ms
[2024-02-23T09:27:44.134+0000][4616][gc,age      ] GC(180) Age table with threshold 15 (max threshold 15)
[2024-02-23T09:27:44.134+0000][4616][gc,age      ] GC(180) - age   1:   83297552 bytes,   83297552 total
[2024-02-23T09:27:44.134+0000][4616][gc,age      ] GC(180) - age   2:   13936552 bytes,   97234104 total
[2024-02-23T09:27:44.134+0000][4616][gc,age      ] GC(180) - age   3:   53021792 bytes,  150255896 total
[2024-02-23T09:27:44.134+0000][4616][gc,age      ] GC(180) - age   4:    1683216 bytes,  151939112 total
[2024-02-23T09:27:44.134+0000][4616][gc,heap     ] GC(180) Eden regions: 571->0(11)
[2024-02-23T09:27:44.134+0000][4616][gc,heap     ] GC(180) Survivor regions: 23->39(75)
[2024-02-23T09:27:44.134+0000][4616][gc,heap     ] GC(180) Old regions: 198->198
[2024-02-23T09:27:44.134+0000][4616][gc,heap     ] GC(180) Archive regions: 0->0
[2024-02-23T09:27:44.134+0000][4616][gc,heap     ] GC(180) Humongous regions: 5->5
[2024-02-23T09:27:44.134+0000][4616][gc,metaspace] GC(180) Metaspace: 131005K(137024K)->131005K(137024K) NonClass: 114057K(117760K)->114057K(117760K) Class: 16948K(19264K)->16948K(19264K)
[2024-02-23T09:27:44.134+0000][4616][gc          ] GC(180) Pause Young (Prepare Mixed) (G1 Evacuation Pause) 3185M->961M(4040M) 52.329ms
[2024-02-23T09:27:44.134+0000][4616][gc,cpu      ] GC(180) User=0.23s Sys=0.14s Real=0.06s
[2024-02-23T09:27:44.134+0000][4616][safepoint   ] Safepoint "G1CollectForAllocation", Time since last: 28301029200 ns, Reaching safepoint: 105900 ns, At safepoint: 52524000 ns, Total: 52629900 ns
[2024-02-23T09:27:44.349+0000][4616][gc,start    ] GC(181) Pause Young (Mixed) (G1 Evacuation Pause)
[2024-02-23T09:27:44.349+0000][4616][gc,task     ] GC(181) Using 8 workers of 8 for evacuation
[2024-02-23T09:27:44.349+0000][4616][gc,age      ] GC(181) Desired survivor size 14680064 bytes, new threshold 1 (max threshold 15)
[2024-02-23T09:27:44.402+0000][4616][gc,phases   ] GC(181)   Pre Evacuate Collection Set: 0.4ms
[2024-02-23T09:27:44.402+0000][4616][gc,phases   ] GC(181)   Merge Heap Roots: 0.2ms
[2024-02-23T09:27:44.402+0000][4616][gc,phases   ] GC(181)   Evacuate Collection Set: 65.6ms
[2024-02-23T09:27:44.402+0000][4616][gc,phases   ] GC(181)   Post Evacuate Collection Set: 1.7ms
[2024-02-23T09:27:44.402+0000][4616][gc,phases   ] GC(181)   Other: 0.2ms
[2024-02-23T09:27:44.402+0000][4616][gc,age      ] GC(181) Age table with threshold 1 (max threshold 15)
[2024-02-23T09:27:44.402+0000][4616][gc,age      ] GC(181) - age   1:    1227752 bytes,    1227752 total
[2024-02-23T09:27:44.402+0000][4616][gc,heap     ] GC(181) Eden regions: 11->0(580)
[2024-02-23T09:27:44.402+0000][4616][gc,heap     ] GC(181) Survivor regions: 39->4(7)
[2024-02-23T09:27:44.402+0000][4616][gc,heap     ] GC(181) Old regions: 198->205
[2024-02-23T09:27:44.418+0000][4616][gc,heap     ] GC(181) Archive regions: 0->0
[2024-02-23T09:27:44.418+0000][4616][gc,heap     ] GC(181) Humongous regions: 6->6
[2024-02-23T09:27:44.418+0000][4616][gc,metaspace] GC(181) Metaspace: 131005K(137024K)->131005K(137024K) NonClass: 114057K(117760K)->114057K(117760K) Class: 16948K(19264K)->16948K(19264K)
[2024-02-23T09:27:44.418+0000][4616][gc          ] GC(181) Pause Young (Mixed) (G1 Evacuation Pause) 1009M->858M(4040M) 68.710ms
[2024-02-23T09:27:44.418+0000][4616][gc,cpu      ] GC(181) User=0.20s Sys=0.19s Real=0.07s
[2024-02-23T09:27:44.418+0000][4616][safepoint   ] Safepoint "G1CollectForAllocation", Time since last: 211934900 ns, Reaching safepoint: 127500 ns, At safepoint: 68850500 ns, Total: 68978000 ns
[2024-02-23T09:28:01.583+0000][4616][safepoint   ] Safepoint "Cleanup", Time since last: 17165410100 ns, Reaching safepoint: 154600 ns, At safepoint: 26200 ns, Total: 180800 ns
[2024-02-23T09:28:07.659+0000][4616][safepoint   ] Safepoint "Cleanup", Time since last: 6075657400 ns, Reaching safepoint: 129100 ns, At safepoint: 45300 ns, Total: 174400 ns
[2024-02-23T09:28:10.686+0000][4616][safepoint   ] Safepoint "Cleanup", Time since last: 3026997100 ns, Reaching safepoint: 264200 ns, At safepoint: 318600 ns, Total: 582800 ns
[2024-02-23T09:28:12.872+0000][4616][gc,start    ] GC(182) Pause Young (Normal) (G1 Evacuation Pause)
[2024-02-23T09:28:12.872+0000][4616][gc,task     ] GC(182) Using 8 workers of 8 for evacuation
[2024-02-23T09:28:12.872+0000][4616][gc,age      ] GC(182) Desired survivor size 153092096 bytes, new threshold 15 (max threshold 15)
[2024-02-23T09:28:12.900+0000][4616][gc,phases   ] GC(182)   Pre Evacuate Collection Set: 0.2ms
[2024-02-23T09:28:12.900+0000][4616][gc,phases   ] GC(182)   Merge Heap Roots: 0.3ms
[2024-02-23T09:28:12.900+0000][4616][gc,phases   ] GC(182)   Evacuate Collection Set: 20.2ms
[2024-02-23T09:28:12.900+0000][4616][gc,phases   ] GC(182)   Post Evacuate Collection Set: 1.3ms
[2024-02-23T09:28:12.900+0000][4616][gc,phases   ] GC(182)   Other: 0.3ms
[2024-02-23T09:28:12.900+0000][4616][gc,age      ] GC(182) Age table with threshold 15 (max threshold 15)
[2024-02-23T09:28:12.900+0000][4616][gc,age      ] GC(182) - age   1:   91427104 bytes,   91427104 total
[2024-02-23T09:28:12.900+0000][4616][gc,age      ] GC(182) - age   2:     351528 bytes,   91778632 total
[2024-02-23T09:28:12.900+0000][4616][gc,heap     ] GC(182) Eden regions: 580->0(559)
[2024-02-23T09:28:12.900+0000][4616][gc,heap     ] GC(182) Survivor regions: 4->23(73)
[2024-02-23T09:28:12.900+0000][4616][gc,heap     ] GC(182) Old regions: 205->205
[2024-02-23T09:28:12.900+0000][4616][gc,heap     ] GC(182) Archive regions: 0->0
[2024-02-23T09:28:12.900+0000][4616][gc,heap     ] GC(182) Humongous regions: 6->6
[2024-02-23T09:28:12.900+0000][4616][gc,metaspace] GC(182) Metaspace: 131007K(137024K)->131007K(137024K) NonClass: 114059K(117760K)->114059K(117760K) Class: 16948K(19264K)->16948K(19264K)
[2024-02-23T09:28:12.900+0000][4616][gc          ] GC(182) Pause Young (Normal) (G1 Evacuation Pause) 3178M->933M(4040M) 23.060ms
[2024-02-23T09:28:12.900+0000][4616][gc,cpu      ] GC(182) User=0.14s Sys=0.06s Real=0.03s
[2024-02-23T09:28:12.900+0000][4616][safepoint   ] Safepoint "G1CollectForAllocation", Time since last: 2190964300 ns, Reaching safepoint: 88600 ns, At safepoint: 23253100 ns, Total: 23341700 ns
[2024-02-23T09:28:17.714+0000][4616][gc,start    ] GC(183) Pause Young (Concurrent Start) (G1 Humongous Allocation)
[2024-02-23T09:28:17.714+0000][4616][gc,task     ] GC(183) Using 8 workers of 8 for evacuation
[2024-02-23T09:28:17.714+0000][4616][gc,age      ] GC(183) Desired survivor size 153092096 bytes, new threshold 15 (max threshold 15)
[2024-02-23T09:28:17.741+0000][4616][gc,phases   ] GC(183)   Pre Evacuate Collection Set: 0.7ms
[2024-02-23T09:28:17.741+0000][4616][gc,phases   ] GC(183)   Merge Heap Roots: 0.4ms
[2024-02-23T09:28:17.741+0000][4616][gc,phases   ] GC(183)   Evacuate Collection Set: 29.2ms
[2024-02-23T09:28:17.741+0000][4616][gc,phases   ] GC(183)   Post Evacuate Collection Set: 2.5ms
[2024-02-23T09:28:17.741+0000][4616][gc,phases   ] GC(183)   Other: 0.4ms
[2024-02-23T09:28:17.741+0000][4616][gc,age      ] GC(183) Age table with threshold 15 (max threshold 15)
[2024-02-23T09:28:17.741+0000][4616][gc,age      ] GC(183) - age   1:   23950136 bytes,   23950136 total
[2024-02-23T09:28:17.741+0000][4616][gc,age      ] GC(183) - age   2:   86041416 bytes,  109991552 total
[2024-02-23T09:28:17.741+0000][4616][gc,age      ] GC(183) - age   3:     323928 bytes,  110315480 total
[2024-02-23T09:28:17.741+0000][4616][gc,heap     ] GC(183) Eden regions: 149->0(548)
[2024-02-23T09:28:17.741+0000][4616][gc,heap     ] GC(183) Survivor regions: 23->28(73)
[2024-02-23T09:28:17.741+0000][4616][gc,heap     ] GC(183) Old regions: 205->205
[2024-02-23T09:28:17.741+0000][4616][gc,heap     ] GC(183) Archive regions: 0->0
[2024-02-23T09:28:17.741+0000][4616][gc,heap     ] GC(183) Humongous regions: 6->6
[2024-02-23T09:28:17.741+0000][4616][gc,metaspace] GC(183) Metaspace: 131007K(137024K)->131007K(137024K) NonClass: 114059K(117760K)->114059K(117760K) Class: 16948K(19264K)->16948K(19264K)
[2024-02-23T09:28:17.741+0000][4616][gc          ] GC(183) Pause Young (Concurrent Start) (G1 Humongous Allocation) 1527M->953M(4040M) 34.076ms
[2024-02-23T09:28:17.757+0000][4616][gc          ] GC(184) Concurrent Mark Cycle
[2024-02-23T09:28:17.757+0000][4616][gc,cpu      ] GC(183) User=0.12s Sys=0.00s Real=0.04s
[2024-02-23T09:28:17.757+0000][4616][gc,marking  ] GC(184) Concurrent Clear Claimed Marks
[2024-02-23T09:28:17.757+0000][4616][safepoint   ] Safepoint "G1TryInitiateConcMark", Time since last: 4821459800 ns, Reaching safepoint: 222700 ns, At safepoint: 34565900 ns, Total: 34788600 ns
[2024-02-23T09:28:17.757+0000][4616][gc,marking  ] GC(184) Concurrent Clear Claimed Marks 0.413ms
[2024-02-23T09:28:17.757+0000][4616][gc,marking  ] GC(184) Concurrent Scan Root Regions
[2024-02-23T09:28:17.767+0000][4616][gc,marking  ] GC(184) Concurrent Scan Root Regions 14.531ms
[2024-02-23T09:28:17.767+0000][4616][gc,marking  ] GC(184) Concurrent Mark
[2024-02-23T09:28:17.767+0000][4616][gc,marking  ] GC(184) Concurrent Mark From Roots
[2024-02-23T09:28:17.767+0000][4616][gc,task     ] GC(184) Using 2 workers of 2 for marking
[2024-02-23T09:28:18.037+0000][4616][gc,marking  ] GC(184) Concurrent Mark From Roots 277.289ms
[2024-02-23T09:28:18.037+0000][4616][gc,marking  ] GC(184) Concurrent Preclean
[2024-02-23T09:28:18.037+0000][4616][gc,marking  ] GC(184) Concurrent Preclean 0.986ms
[2024-02-23T09:28:18.037+0000][4616][gc,start    ] GC(184) Pause Remark
[2024-02-23T09:28:18.068+0000][4616][gc          ] GC(184) Pause Remark 1009M->1001M(4040M) 17.739ms
[2024-02-23T09:28:18.068+0000][4616][gc,cpu      ] GC(184) User=0.23s Sys=0.02s Real=0.03s
[2024-02-23T09:28:18.068+0000][4616][safepoint   ] Safepoint "G1Concurrent", Time since last: 293432500 ns, Reaching safepoint: 149000 ns, At safepoint: 17962200 ns, Total: 18111200 ns
[2024-02-23T09:28:18.068+0000][4616][gc,marking  ] GC(184) Concurrent Mark 296.630ms
[2024-02-23T09:28:18.068+0000][4616][gc,marking  ] GC(184) Concurrent Rebuild Remembered Sets
[2024-02-23T09:28:18.237+0000][4616][gc,marking  ] GC(184) Concurrent Rebuild Remembered Sets 183.313ms
[2024-02-23T09:28:18.253+0000][4616][gc,start    ] GC(184) Pause Cleanup
[2024-02-23T09:28:18.253+0000][4616][gc          ] GC(184) Pause Cleanup 1019M->1019M(4040M) 0.459ms
[2024-02-23T09:28:18.253+0000][4616][gc,cpu      ] GC(184) User=0.00s Sys=0.00s Real=0.00s
[2024-02-23T09:28:18.253+0000][4616][safepoint   ] Safepoint "G1Concurrent", Time since last: 183546200 ns, Reaching safepoint: 120800 ns, At safepoint: 588900 ns, Total: 709700 ns
[2024-02-23T09:28:18.253+0000][4616][gc,marking  ] GC(184) Concurrent Cleanup for Next Mark
[2024-02-23T09:28:18.253+0000][4616][gc,marking  ] GC(184) Concurrent Cleanup for Next Mark 8.450ms
[2024-02-23T09:28:18.253+0000][4616][gc          ] GC(184) Concurrent Mark Cycle 504.717ms
[2024-02-23T09:28:28.318+0000][4616][safepoint   ] Safepoint "Cleanup", Time since last: 10064483500 ns, Reaching safepoint: 135600 ns, At safepoint: 13300 ns, Total: 148900 ns
[2024-02-23T09:28:34.375+0000][4616][safepoint   ] Safepoint "Cleanup", Time since last: 6056991700 ns, Reaching safepoint: 194200 ns, At safepoint: 24000 ns, Total: 218200 ns
[2024-02-23T09:28:42.722+0000][4616][gc,start    ] GC(185) Pause Young (Prepare Mixed) (G1 Evacuation Pause)
[2024-02-23T09:28:42.722+0000][4616][gc,task     ] GC(185) Using 8 workers of 8 for evacuation
[2024-02-23T09:28:42.722+0000][4616][gc,age      ] GC(185) Desired survivor size 150994944 bytes, new threshold 15 (max threshold 15)
[2024-02-23T09:28:42.769+0000][4616][gc,phases   ] GC(185)   Pre Evacuate Collection Set: 0.4ms
[2024-02-23T09:28:42.769+0000][4616][gc,phases   ] GC(185)   Merge Heap Roots: 0.6ms
[2024-02-23T09:28:42.769+0000][4616][gc,phases   ] GC(185)   Evacuate Collection Set: 37.4ms
[2024-02-23T09:28:42.769+0000][4616][gc,phases   ] GC(185)   Post Evacuate Collection Set: 2.9ms
[2024-02-23T09:28:42.769+0000][4616][gc,phases   ] GC(185)   Other: 0.6ms
[2024-02-23T09:28:42.769+0000][4616][gc,age      ] GC(185) Age table with threshold 15 (max threshold 15)
[2024-02-23T09:28:42.769+0000][4616][gc,age      ] GC(185) - age   1:   76053160 bytes,   76053160 total
[2024-02-23T09:28:42.769+0000][4616][gc,age      ] GC(185) - age   2:   18657616 bytes,   94710776 total
[2024-02-23T09:28:42.769+0000][4616][gc,age      ] GC(185) - age   3:   62458728 bytes,  157169504 total
[2024-02-23T09:28:42.769+0000][4616][gc,age      ] GC(185) - age   4:     252024 bytes,  157421528 total
[2024-02-23T09:28:42.769+0000][4616][gc,heap     ] GC(185) Eden regions: 548->0(10)
[2024-02-23T09:28:42.769+0000][4616][gc,heap     ] GC(185) Survivor regions: 28->40(72)
[2024-02-23T09:28:42.769+0000][4616][gc,heap     ] GC(185) Old regions: 205->205
[2024-02-23T09:28:42.769+0000][4616][gc,heap     ] GC(185) Archive regions: 0->0
[2024-02-23T09:28:42.769+0000][4616][gc,heap     ] GC(185) Humongous regions: 5->5
[2024-02-23T09:28:42.769+0000][4616][gc,metaspace] GC(185) Metaspace: 131007K(137024K)->131007K(137024K) NonClass: 114059K(117760K)->114059K(117760K) Class: 16948K(19264K)->16948K(19264K)
[2024-02-23T09:28:42.769+0000][4616][gc          ] GC(185) Pause Young (Prepare Mixed) (G1 Evacuation Pause) 3141M->996M(4040M) 42.956ms
[2024-02-23T09:28:42.770+0000][4616][gc,cpu      ] GC(185) User=0.34s Sys=0.00s Real=0.05s
[2024-02-23T09:28:42.770+0000][4616][safepoint   ] Safepoint "G1CollectForAllocation", Time since last: 8351928300 ns, Reaching safepoint: 236200 ns, At safepoint: 43321800 ns, Total: 43558000 ns
[2024-02-23T09:28:43.010+0000][4616][gc,start    ] GC(186) Pause Young (Mixed) (G1 Evacuation Pause)
[2024-02-23T09:28:43.010+0000][4616][gc,task     ] GC(186) Using 8 workers of 8 for evacuation
[2024-02-23T09:28:43.010+0000][4616][gc,age      ] GC(186) Desired survivor size 14680064 bytes, new threshold 1 (max threshold 15)
[2024-02-23T09:28:43.192+0000][4616][gc,phases   ] GC(186)   Pre Evacuate Collection Set: 0.3ms
[2024-02-23T09:28:43.192+0000][4616][gc,phases   ] GC(186)   Merge Heap Roots: 0.5ms
[2024-02-23T09:28:43.192+0000][4616][gc,phases   ] GC(186)   Evacuate Collection Set: 178.7ms
[2024-02-23T09:28:43.192+0000][4616][gc,phases   ] GC(186)   Post Evacuate Collection Set: 1.9ms
[2024-02-23T09:28:43.192+0000][4616][gc,phases   ] GC(186)   Other: 0.3ms
[2024-02-23T09:28:43.192+0000][4616][gc,age      ] GC(186) Age table with threshold 1 (max threshold 15)
[2024-02-23T09:28:43.192+0000][4616][gc,age      ] GC(186) - age   1:    2323936 bytes,    2323936 total
[2024-02-23T09:28:43.192+0000][4616][gc,heap     ] GC(186) Eden regions: 10->0(576)
[2024-02-23T09:28:43.192+0000][4616][gc,heap     ] GC(186) Survivor regions: 40->4(7)
[2024-02-23T09:28:43.192+0000][4616][gc,heap     ] GC(186) Old regions: 205->201
[2024-02-23T09:28:43.192+0000][4616][gc,heap     ] GC(186) Archive regions: 0->0
[2024-02-23T09:28:43.192+0000][4616][gc,heap     ] GC(186) Humongous regions: 5->5
[2024-02-23T09:28:43.192+0000][4616][gc,metaspace] GC(186) Metaspace: 131007K(137024K)->131007K(137024K) NonClass: 114059K(117760K)->114059K(117760K) Class: 16948K(19264K)->16948K(19264K)
[2024-02-23T09:28:43.192+0000][4616][gc          ] GC(186) Pause Young (Mixed) (G1 Evacuation Pause) 1036M->837M(4040M) 182.446ms
[2024-02-23T09:28:43.192+0000][4616][gc,cpu      ] GC(186) User=0.47s Sys=0.30s Real=0.18s
[2024-02-23T09:28:43.193+0000][4616][safepoint   ] Safepoint "G1CollectForAllocation", Time since last: 239487500 ns, Reaching safepoint: 219500 ns, At safepoint: 183104300 ns, Total: 183323800 ns
[2024-02-23T09:28:53.282+0000][4616][safepoint   ] Safepoint "Cleanup", Time since last: 10089166600 ns, Reaching safepoint: 85000 ns, At safepoint: 8900 ns, Total: 93900 ns
[2024-02-23T09:29:09.402+0000][4616][safepoint   ] Safepoint "Cleanup", Time since last: 16119004800 ns, Reaching safepoint: 100000 ns, At safepoint: 159400 ns, Total: 259400 ns
[2024-02-23T09:29:10.411+0000][4616][safepoint   ] Safepoint "Cleanup", Time since last: 1009213000 ns, Reaching safepoint: 71900 ns, At safepoint: 57800 ns, Total: 129700 ns
[2024-02-23T09:29:11.422+0000][4616][safepoint   ] Safepoint "Cleanup", Time since last: 1011014600 ns, Reaching safepoint: 111000 ns, At safepoint: 19800 ns, Total: 130800 ns
[2024-02-23T09:29:17.412+0000][4616][gc,start    ] GC(187) Pause Young (Normal) (G1 Evacuation Pause)
[2024-02-23T09:29:17.412+0000][4616][gc,task     ] GC(187) Using 8 workers of 8 for evacuation
[2024-02-23T09:29:17.412+0000][4616][gc,age      ] GC(187) Desired survivor size 153092096 bytes, new threshold 15 (max threshold 15)
[2024-02-23T09:29:17.440+0000][4616][gc,phases   ] GC(187)   Pre Evacuate Collection Set: 0.3ms
[2024-02-23T09:29:17.440+0000][4616][gc,phases   ] GC(187)   Merge Heap Roots: 0.5ms
[2024-02-23T09:29:17.440+0000][4616][gc,phases   ] GC(187)   Evacuate Collection Set: 23.6ms
[2024-02-23T09:29:17.440+0000][4616][gc,phases   ] GC(187)   Post Evacuate Collection Set: 2.1ms
[2024-02-23T09:29:17.440+0000][4616][gc,phases   ] GC(187)   Other: 0.4ms
[2024-02-23T09:29:17.440+0000][4616][gc,age      ] GC(187) Age table with threshold 15 (max threshold 15)
[2024-02-23T09:29:17.440+0000][4616][gc,age      ] GC(187) - age   1:   83082536 bytes,   83082536 total
[2024-02-23T09:29:17.440+0000][4616][gc,age      ] GC(187) - age   2:    1432168 bytes,   84514704 total
[2024-02-23T09:29:17.440+0000][4616][gc,heap     ] GC(187) Eden regions: 576->0(559)
[2024-02-23T09:29:17.440+0000][4616][gc,heap     ] GC(187) Survivor regions: 4->22(73)
[2024-02-23T09:29:17.440+0000][4616][gc,heap     ] GC(187) Old regions: 201->201
[2024-02-23T09:29:17.440+0000][4616][gc,heap     ] GC(187) Archive regions: 0->0
[2024-02-23T09:29:17.440+0000][4616][gc,heap     ] GC(187) Humongous regions: 6->6
[2024-02-23T09:29:17.440+0000][4616][gc,metaspace] GC(187) Metaspace: 131009K(137024K)->131009K(137024K) NonClass: 114061K(117760K)->114061K(117760K) Class: 16948K(19264K)->16948K(19264K)
[2024-02-23T09:29:17.440+0000][4616][gc          ] GC(187) Pause Young (Normal) (G1 Evacuation Pause) 3145M->909M(4040M) 27.698ms
[2024-02-23T09:29:17.440+0000][4616][gc,cpu      ] GC(187) User=0.23s Sys=0.00s Real=0.03s
[2024-02-23T09:29:17.440+0000][4616][safepoint   ] Safepoint "G1CollectForAllocation", Time since last: 5999524500 ns, Reaching safepoint: 280600 ns, At safepoint: 28004200 ns, Total: 28284800 ns
[2024-02-23T09:29:22.093+0000][4616][gc,start    ] GC(188) Pause Young (Concurrent Start) (G1 Humongous Allocation)
[2024-02-23T09:29:22.093+0000][4616][gc,task     ] GC(188) Using 8 workers of 8 for evacuation
[2024-02-23T09:29:22.093+0000][4616][gc,age      ] GC(188) Desired survivor size 153092096 bytes, new threshold 15 (max threshold 15)
[2024-02-23T09:29:22.116+0000][4616][gc,phases   ] GC(188)   Pre Evacuate Collection Set: 0.7ms
[2024-02-23T09:29:22.116+0000][4616][gc,phases   ] GC(188)   Merge Heap Roots: 0.4ms
[2024-02-23T09:29:22.116+0000][4616][gc,phases   ] GC(188)   Evacuate Collection Set: 23.3ms
[2024-02-23T09:29:22.116+0000][4616][gc,phases   ] GC(188)   Post Evacuate Collection Set: 1.0ms
[2024-02-23T09:29:22.116+0000][4616][gc,phases   ] GC(188)   Other: 0.3ms
[2024-02-23T09:29:22.116+0000][4616][gc,age      ] GC(188) Age table with threshold 15 (max threshold 15)
[2024-02-23T09:29:22.116+0000][4616][gc,age      ] GC(188) - age   1:   27501264 bytes,   27501264 total
[2024-02-23T09:29:22.116+0000][4616][gc,age      ] GC(188) - age   2:   77993656 bytes,  105494920 total
[2024-02-23T09:29:22.116+0000][4616][gc,age      ] GC(188) - age   3:     496240 bytes,  105991160 total
[2024-02-23T09:29:22.116+0000][4616][gc,heap     ] GC(188) Eden regions: 146->0(560)
[2024-02-23T09:29:22.116+0000][4616][gc,heap     ] GC(188) Survivor regions: 22->27(73)
[2024-02-23T09:29:22.116+0000][4616][gc,heap     ] GC(188) Old regions: 201->201
[2024-02-23T09:29:22.116+0000][4616][gc,heap     ] GC(188) Archive regions: 0->0
[2024-02-23T09:29:22.116+0000][4616][gc,heap     ] GC(188) Humongous regions: 6->6
[2024-02-23T09:29:22.116+0000][4616][gc,metaspace] GC(188) Metaspace: 131009K(137024K)->131009K(137024K) NonClass: 114061K(117760K)->114061K(117760K) Class: 16948K(19264K)->16948K(19264K)
[2024-02-23T09:29:22.116+0000][4616][gc          ] GC(188) Pause Young (Concurrent Start) (G1 Humongous Allocation) 1492M->930M(4040M) 26.641ms
[2024-02-23T09:29:22.116+0000][4616][gc,cpu      ] GC(188) User=0.12s Sys=0.00s Real=0.02s
[2024-02-23T09:29:22.116+0000][4616][gc          ] GC(189) Concurrent Mark Cycle
[2024-02-23T09:29:22.116+0000][4616][gc,marking  ] GC(189) Concurrent Clear Claimed Marks
[2024-02-23T09:29:22.116+0000][4616][safepoint   ] Safepoint "G1TryInitiateConcMark", Time since last: 4649362900 ns, Reaching safepoint: 176600 ns, At safepoint: 26900400 ns, Total: 27077000 ns
[2024-02-23T09:29:22.116+0000][4616][gc,marking  ] GC(189) Concurrent Clear Claimed Marks 0.164ms
[2024-02-23T09:29:22.116+0000][4616][gc,marking  ] GC(189) Concurrent Scan Root Regions
[2024-02-23T09:29:22.139+0000][4616][gc,marking  ] GC(189) Concurrent Scan Root Regions 14.004ms
[2024-02-23T09:29:22.139+0000][4616][gc,marking  ] GC(189) Concurrent Mark
[2024-02-23T09:29:22.139+0000][4616][gc,marking  ] GC(189) Concurrent Mark From Roots
[2024-02-23T09:29:22.139+0000][4616][gc,task     ] GC(189) Using 2 workers of 2 for marking
[2024-02-23T09:29:22.441+0000][4616][gc,marking  ] GC(189) Concurrent Mark From Roots 300.428ms
[2024-02-23T09:29:22.441+0000][4616][gc,marking  ] GC(189) Concurrent Preclean
[2024-02-23T09:29:22.442+0000][4616][gc,marking  ] GC(189) Concurrent Preclean 0.965ms
[2024-02-23T09:29:22.443+0000][4616][gc,start    ] GC(189) Pause Remark
[2024-02-23T09:29:22.459+0000][4616][gc          ] GC(189) Pause Remark 988M->980M(4040M) 17.346ms
[2024-02-23T09:29:22.459+0000][4616][gc,cpu      ] GC(189) User=0.12s Sys=0.00s Real=0.02s
[2024-02-23T09:29:22.460+0000][4616][safepoint   ] Safepoint "G1Concurrent", Time since last: 315877600 ns, Reaching safepoint: 109300 ns, At safepoint: 17616400 ns, Total: 17725700 ns
[2024-02-23T09:29:22.460+0000][4616][gc,marking  ] GC(189) Concurrent Mark 319.400ms
[2024-02-23T09:29:22.460+0000][4616][gc,marking  ] GC(189) Concurrent Rebuild Remembered Sets
[2024-02-23T09:29:22.598+0000][4616][gc,marking  ] GC(189) Concurrent Rebuild Remembered Sets 151.760ms
[2024-02-23T09:29:22.612+0000][4616][gc,start    ] GC(189) Pause Cleanup
[2024-02-23T09:29:22.612+0000][4616][gc          ] GC(189) Pause Cleanup 999M->999M(4040M) 0.452ms
[2024-02-23T09:29:22.612+0000][4616][gc,cpu      ] GC(189) User=0.00s Sys=0.02s Real=0.00s
[2024-02-23T09:29:22.612+0000][4616][safepoint   ] Safepoint "G1Concurrent", Time since last: 152090900 ns, Reaching safepoint: 101500 ns, At safepoint: 650500 ns, Total: 752000 ns
[2024-02-23T09:29:22.612+0000][4616][gc,marking  ] GC(189) Concurrent Cleanup for Next Mark
[2024-02-23T09:29:22.613+0000][4616][gc,marking  ] GC(189) Concurrent Cleanup for Next Mark 9.353ms
[2024-02-23T09:29:22.613+0000][4616][gc          ] GC(189) Concurrent Mark Cycle 496.027ms
[2024-02-23T09:29:25.620+0000][4616][safepoint   ] Safepoint "Cleanup", Time since last: 3007229700 ns, Reaching safepoint: 181000 ns, At safepoint: 127900 ns, Total: 308900 ns
[2024-02-23T09:29:33.704+0000][4616][safepoint   ] Safepoint "Cleanup", Time since last: 8083140300 ns, Reaching safepoint: 149000 ns, At safepoint: 48100 ns, Total: 197100 ns
[2024-02-23T09:29:40.769+0000][4616][safepoint   ] Safepoint "Cleanup", Time since last: 7064780900 ns, Reaching safepoint: 197600 ns, At safepoint: 55400 ns, Total: 253000 ns
[2024-02-23T09:29:48.419+0000][4616][gc,start    ] GC(190) Pause Young (Prepare Mixed) (G1 Evacuation Pause)
[2024-02-23T09:29:48.419+0000][4616][gc,task     ] GC(190) Using 8 workers of 8 for evacuation
[2024-02-23T09:29:48.419+0000][4616][gc,age      ] GC(190) Desired survivor size 155189248 bytes, new threshold 15 (max threshold 15)
[2024-02-23T09:29:48.453+0000][4616][gc,phases   ] GC(190)   Pre Evacuate Collection Set: 0.2ms
[2024-02-23T09:29:48.453+0000][4616][gc,phases   ] GC(190)   Merge Heap Roots: 0.3ms
[2024-02-23T09:29:48.453+0000][4616][gc,phases   ] GC(190)   Evacuate Collection Set: 31.6ms
[2024-02-23T09:29:48.453+0000][4616][gc,phases   ] GC(190)   Post Evacuate Collection Set: 1.4ms
[2024-02-23T09:29:48.453+0000][4616][gc,phases   ] GC(190)   Other: 0.2ms
[2024-02-23T09:29:48.453+0000][4616][gc,age      ] GC(190) Age table with threshold 15 (max threshold 15)
[2024-02-23T09:29:48.453+0000][4616][gc,age      ] GC(190) - age   1:   78710960 bytes,   78710960 total
[2024-02-23T09:29:48.453+0000][4616][gc,age      ] GC(190) - age   2:   20202840 bytes,   98913800 total
[2024-02-23T09:29:48.453+0000][4616][gc,age      ] GC(190) - age   3:   58255432 bytes,  157169232 total
[2024-02-23T09:29:48.453+0000][4616][gc,age      ] GC(190) - age   4:     299936 bytes,  157469168 total
[2024-02-23T09:29:48.453+0000][4616][gc,heap     ] GC(190) Eden regions: 560->0(10)
[2024-02-23T09:29:48.453+0000][4616][gc,heap     ] GC(190) Survivor regions: 27->40(74)
[2024-02-23T09:29:48.453+0000][4616][gc,heap     ] GC(190) Old regions: 201->201
[2024-02-23T09:29:48.453+0000][4616][gc,heap     ] GC(190) Archive regions: 0->0
[2024-02-23T09:29:48.453+0000][4616][gc,heap     ] GC(190) Humongous regions: 5->5
[2024-02-23T09:29:48.453+0000][4616][gc,metaspace] GC(190) Metaspace: 131009K(137024K)->131009K(137024K) NonClass: 114061K(117760K)->114061K(117760K) Class: 16948K(19264K)->16948K(19264K)
[2024-02-23T09:29:48.453+0000][4616][gc          ] GC(190) Pause Young (Prepare Mixed) (G1 Evacuation Pause) 3166M->978M(4040M) 34.373ms
[2024-02-23T09:29:48.453+0000][4616][gc,cpu      ] GC(190) User=0.25s Sys=0.00s Real=0.03s
[2024-02-23T09:29:48.453+0000][4616][safepoint   ] Safepoint "G1CollectForAllocation", Time since last: 7655352500 ns, Reaching safepoint: 83600 ns, At safepoint: 34582800 ns, Total: 34666400 ns
[2024-02-23T09:29:48.698+0000][4616][gc,start    ] GC(191) Pause Young (Mixed) (G1 Evacuation Pause)
[2024-02-23T09:29:48.698+0000][4616][gc,task     ] GC(191) Using 8 workers of 8 for evacuation
[2024-02-23T09:29:48.698+0000][4616][gc,age      ] GC(191) Desired survivor size 14680064 bytes, new threshold 1 (max threshold 15)
[2024-02-23T09:29:48.859+0000][4616][gc,phases   ] GC(191)   Pre Evacuate Collection Set: 0.3ms
[2024-02-23T09:29:48.859+0000][4616][gc,phases   ] GC(191)   Merge Heap Roots: 0.6ms
[2024-02-23T09:29:48.859+0000][4616][gc,phases   ] GC(191)   Evacuate Collection Set: 172.6ms
[2024-02-23T09:29:48.859+0000][4616][gc,phases   ] GC(191)   Post Evacuate Collection Set: 1.5ms
[2024-02-23T09:29:48.859+0000][4616][gc,phases   ] GC(191)   Other: 0.3ms
[2024-02-23T09:29:48.859+0000][4616][gc,age      ] GC(191) Age table with threshold 1 (max threshold 15)
[2024-02-23T09:29:48.859+0000][4616][gc,age      ] GC(191) - age   1:    1969392 bytes,    1969392 total
[2024-02-23T09:29:48.859+0000][4616][gc,heap     ] GC(191) Eden regions: 10->0(580)
[2024-02-23T09:29:48.859+0000][4616][gc,heap     ] GC(191) Survivor regions: 40->4(7)
[2024-02-23T09:29:48.859+0000][4616][gc,heap     ] GC(191) Old regions: 201->202
[2024-02-23T09:29:48.859+0000][4616][gc,heap     ] GC(191) Archive regions: 0->0
[2024-02-23T09:29:48.859+0000][4616][gc,heap     ] GC(191) Humongous regions: 5->5
[2024-02-23T09:29:48.859+0000][4616][gc,metaspace] GC(191) Metaspace: 131009K(137024K)->131009K(137024K) NonClass: 114061K(117760K)->114061K(117760K) Class: 16948K(19264K)->16948K(19264K)
[2024-02-23T09:29:48.875+0000][4616][gc          ] GC(191) Pause Young (Mixed) (G1 Evacuation Pause) 1018M->842M(4040M) 176.118ms
[2024-02-23T09:29:48.875+0000][4616][gc,cpu      ] GC(191) User=0.38s Sys=0.25s Real=0.18s
[2024-02-23T09:29:48.875+0000][4616][safepoint   ] Safepoint "G1CollectForAllocation", Time since last: 196262700 ns, Reaching safepoint: 43301400 ns, At safepoint: 179606200 ns, Total: 222907600 ns
[2024-02-23T09:30:08.004+0000][4616][safepoint   ] Safepoint "Cleanup", Time since last: 19125927400 ns, Reaching safepoint: 205300 ns, At safepoint: 37200 ns, Total: 242500 ns
[2024-02-23T09:30:10.008+0000][4616][safepoint   ] Safepoint "Cleanup", Time since last: 2003599000 ns, Reaching safepoint: 173900 ns, At safepoint: 27000 ns, Total: 200900 ns
[2024-02-23T09:30:11.010+0000][4616][safepoint   ] Safepoint "Cleanup", Time since last: 1001884800 ns, Reaching safepoint: 144900 ns, At safepoint: 46100 ns, Total: 191000 ns
[2024-02-23T09:30:19.105+0000][4616][safepoint   ] Safepoint "Cleanup", Time since last: 8094690000 ns, Reaching safepoint: 126300 ns, At safepoint: 21900 ns, Total: 148200 ns
[2024-02-23T09:30:20.105+0000][4616][safepoint   ] Safepoint "Cleanup", Time since last: 1000234400 ns, Reaching safepoint: 116700 ns, At safepoint: 30200 ns, Total: 146900 ns
[2024-02-23T09:30:20.709+0000][4616][gc,start    ] GC(192) Pause Young (Normal) (G1 Evacuation Pause)
[2024-02-23T09:30:20.709+0000][4616][gc,task     ] GC(192) Using 8 workers of 8 for evacuation
[2024-02-23T09:30:20.709+0000][4616][gc,age      ] GC(192) Desired survivor size 153092096 bytes, new threshold 15 (max threshold 15)
[2024-02-23T09:30:20.747+0000][4616][gc,phases   ] GC(192)   Pre Evacuate Collection Set: 0.4ms
[2024-02-23T09:30:20.747+0000][4616][gc,phases   ] GC(192)   Merge Heap Roots: 0.6ms
[2024-02-23T09:30:20.747+0000][4616][gc,phases   ] GC(192)   Evacuate Collection Set: 29.1ms
[2024-02-23T09:30:20.747+0000][4616][gc,phases   ] GC(192)   Post Evacuate Collection Set: 2.7ms
[2024-02-23T09:30:20.747+0000][4616][gc,phases   ] GC(192)   Other: 0.5ms
[2024-02-23T09:30:20.747+0000][4616][gc,age      ] GC(192) Age table with threshold 15 (max threshold 15)
[2024-02-23T09:30:20.747+0000][4616][gc,age      ] GC(192) - age   1:   92671920 bytes,   92671920 total
[2024-02-23T09:30:20.747+0000][4616][gc,age      ] GC(192) - age   2:    1616792 bytes,   94288712 total
[2024-02-23T09:30:20.747+0000][4616][gc,heap     ] GC(192) Eden regions: 580->0(558)
[2024-02-23T09:30:20.747+0000][4616][gc,heap     ] GC(192) Survivor regions: 4->24(73)
[2024-02-23T09:30:20.747+0000][4616][gc,heap     ] GC(192) Old regions: 202->202
[2024-02-23T09:30:20.747+0000][4616][gc,heap     ] GC(192) Archive regions: 0->0
[2024-02-23T09:30:20.747+0000][4616][gc,heap     ] GC(192) Humongous regions: 6->6
[2024-02-23T09:30:20.747+0000][4616][gc,metaspace] GC(192) Metaspace: 131009K(137024K)->131009K(137024K) NonClass: 114061K(117760K)->114061K(117760K) Class: 16948K(19264K)->16948K(19264K)
[2024-02-23T09:30:20.747+0000][4616][gc          ] GC(192) Pause Young (Normal) (G1 Evacuation Pause) 3166M->924M(4040M) 34.542ms
[2024-02-23T09:30:20.747+0000][4616][gc,cpu      ] GC(192) User=0.25s Sys=0.00s Real=0.04s
[2024-02-23T09:30:20.747+0000][4616][safepoint   ] Safepoint "G1CollectForAllocation", Time since last: 608050800 ns, Reaching safepoint: 203800 ns, At safepoint: 35098000 ns, Total: 35301800 ns
[2024-02-23T09:30:22.779+0000][4616][safepoint   ] Safepoint "Cleanup", Time since last: 2029971500 ns, Reaching safepoint: 121900 ns, At safepoint: 39600 ns, Total: 161500 ns
[2024-02-23T09:30:25.293+0000][4616][gc,start    ] GC(193) Pause Young (Concurrent Start) (G1 Humongous Allocation)
[2024-02-23T09:30:25.293+0000][4616][gc,task     ] GC(193) Using 8 workers of 8 for evacuation
[2024-02-23T09:30:25.293+0000][4616][gc,age      ] GC(193) Desired survivor size 153092096 bytes, new threshold 15 (max threshold 15)
[2024-02-23T09:30:25.332+0000][4616][gc,phases   ] GC(193)   Pre Evacuate Collection Set: 0.4ms
[2024-02-23T09:30:25.332+0000][4616][gc,phases   ] GC(193)   Merge Heap Roots: 0.2ms
[2024-02-23T09:30:25.332+0000][4616][gc,phases   ] GC(193)   Evacuate Collection Set: 23.3ms
[2024-02-23T09:30:25.332+0000][4616][gc,phases   ] GC(193)   Post Evacuate Collection Set: 1.1ms
[2024-02-23T09:30:25.332+0000][4616][gc,phases   ] GC(193)   Other: 0.2ms
[2024-02-23T09:30:25.332+0000][4616][gc,age      ] GC(193) Age table with threshold 15 (max threshold 15)
[2024-02-23T09:30:25.332+0000][4616][gc,age      ] GC(193) - age   1:   23232824 bytes,   23232824 total
[2024-02-23T09:30:25.332+0000][4616][gc,age      ] GC(193) - age   2:   87835032 bytes,  111067856 total
[2024-02-23T09:30:25.332+0000][4616][gc,age      ] GC(193) - age   3:    1616792 bytes,  112684648 total
[2024-02-23T09:30:25.332+0000][4616][gc,heap     ] GC(193) Eden regions: 149->0(562)
[2024-02-23T09:30:25.332+0000][4616][gc,heap     ] GC(193) Survivor regions: 24->29(73)
[2024-02-23T09:30:25.332+0000][4616][gc,heap     ] GC(193) Old regions: 202->202
[2024-02-23T09:30:25.332+0000][4616][gc,heap     ] GC(193) Archive regions: 0->0
[2024-02-23T09:30:25.332+0000][4616][gc,heap     ] GC(193) Humongous regions: 6->6
[2024-02-23T09:30:25.332+0000][4616][gc,metaspace] GC(193) Metaspace: 131009K(137024K)->131009K(137024K) NonClass: 114061K(117760K)->114061K(117760K) Class: 16948K(19264K)->16948K(19264K)
[2024-02-23T09:30:25.332+0000][4616][gc          ] GC(193) Pause Young (Concurrent Start) (G1 Humongous Allocation) 1518M->944M(4040M) 25.711ms
[2024-02-23T09:30:25.332+0000][4616][gc          ] GC(194) Concurrent Mark Cycle
[2024-02-23T09:30:25.332+0000][4616][gc,cpu      ] GC(193) User=0.22s Sys=0.00s Real=0.04s
[2024-02-23T09:30:25.332+0000][4616][gc,marking  ] GC(194) Concurrent Clear Claimed Marks
[2024-02-23T09:30:25.332+0000][4616][safepoint   ] Safepoint "G1TryInitiateConcMark", Time since last: 2527965800 ns, Reaching safepoint: 154500 ns, At safepoint: 25914400 ns, Total: 26068900 ns
[2024-02-23T09:30:25.333+0000][4616][gc,marking  ] GC(194) Concurrent Clear Claimed Marks 0.230ms
[2024-02-23T09:30:25.333+0000][4616][gc,marking  ] GC(194) Concurrent Scan Root Regions
[2024-02-23T09:30:25.336+0000][4616][gc,marking  ] GC(194) Concurrent Scan Root Regions 9.466ms
[2024-02-23T09:30:25.336+0000][4616][gc,marking  ] GC(194) Concurrent Mark
[2024-02-23T09:30:25.336+0000][4616][gc,marking  ] GC(194) Concurrent Mark From Roots
[2024-02-23T09:30:25.336+0000][4616][gc,task     ] GC(194) Using 2 workers of 2 for marking
[2024-02-23T09:30:25.603+0000][4616][gc,marking  ] GC(194) Concurrent Mark From Roots 270.022ms
[2024-02-23T09:30:25.603+0000][4616][gc,marking  ] GC(194) Concurrent Preclean
[2024-02-23T09:30:25.603+0000][4616][gc,marking  ] GC(194) Concurrent Preclean 1.015ms
[2024-02-23T09:30:25.603+0000][4616][gc,start    ] GC(194) Pause Remark
[2024-02-23T09:30:25.620+0000][4616][gc          ] GC(194) Pause Remark 990M->982M(4040M) 15.220ms
[2024-02-23T09:30:25.620+0000][4616][gc,cpu      ] GC(194) User=0.08s Sys=0.02s Real=0.02s
[2024-02-23T09:30:25.620+0000][4616][safepoint   ] Safepoint "G1Concurrent", Time since last: 281023000 ns, Reaching safepoint: 38600 ns, At safepoint: 15407500 ns, Total: 15446100 ns
[2024-02-23T09:30:25.620+0000][4616][gc,marking  ] GC(194) Concurrent Mark 286.777ms
[2024-02-23T09:30:25.620+0000][4616][gc,marking  ] GC(194) Concurrent Rebuild Remembered Sets
[2024-02-23T09:30:25.787+0000][4616][gc,marking  ] GC(194) Concurrent Rebuild Remembered Sets 158.005ms
[2024-02-23T09:30:25.787+0000][4616][gc,start    ] GC(194) Pause Cleanup
[2024-02-23T09:30:25.787+0000][4616][gc          ] GC(194) Pause Cleanup 992M->992M(4040M) 0.471ms
[2024-02-23T09:30:25.787+0000][4616][gc,cpu      ] GC(194) User=0.00s Sys=0.00s Real=0.00s
[2024-02-23T09:30:25.787+0000][4616][safepoint   ] Safepoint "G1Concurrent", Time since last: 158266400 ns, Reaching safepoint: 90200 ns, At safepoint: 604200 ns, Total: 694400 ns
[2024-02-23T09:30:25.788+0000][4616][gc,marking  ] GC(194) Concurrent Cleanup for Next Mark
[2024-02-23T09:30:25.797+0000][4616][gc,marking  ] GC(194) Concurrent Cleanup for Next Mark 9.479ms
[2024-02-23T09:30:25.797+0000][4616][gc          ] GC(194) Concurrent Mark Cycle 465.150ms
[2024-02-23T09:30:41.903+0000][4616][safepoint   ] Safepoint "Cleanup", Time since last: 16114881700 ns, Reaching safepoint: 199500 ns, At safepoint: 28800 ns, Total: 228300 ns
[2024-02-23T09:30:46.918+0000][4616][safepoint   ] Safepoint "Cleanup", Time since last: 5015228900 ns, Reaching safepoint: 178900 ns, At safepoint: 49300 ns, Total: 228200 ns
[2024-02-23T09:30:51.912+0000][4616][gc,start    ] GC(195) Pause Young (Prepare Mixed) (G1 Evacuation Pause)
[2024-02-23T09:30:51.912+0000][4616][gc,task     ] GC(195) Using 8 workers of 8 for evacuation
[2024-02-23T09:30:51.912+0000][4616][gc,age      ] GC(195) Desired survivor size 155189248 bytes, new threshold 15 (max threshold 15)
[2024-02-23T09:30:51.955+0000][4616][gc,phases   ] GC(195)   Pre Evacuate Collection Set: 0.2ms
[2024-02-23T09:30:51.955+0000][4616][gc,phases   ] GC(195)   Merge Heap Roots: 0.3ms
[2024-02-23T09:30:51.955+0000][4616][gc,phases   ] GC(195)   Evacuate Collection Set: 40.4ms
[2024-02-23T09:30:51.955+0000][4616][gc,phases   ] GC(195)   Post Evacuate Collection Set: 1.2ms
[2024-02-23T09:30:51.955+0000][4616][gc,phases   ] GC(195)   Other: 0.2ms
[2024-02-23T09:30:51.955+0000][4616][gc,age      ] GC(195) Age table with threshold 15 (max threshold 15)
[2024-02-23T09:30:51.955+0000][4616][gc,age      ] GC(195) - age   1:   80963912 bytes,   80963912 total
[2024-02-23T09:30:51.955+0000][4616][gc,age      ] GC(195) - age   2:   17336400 bytes,   98300312 total
[2024-02-23T09:30:51.955+0000][4616][gc,age      ] GC(195) - age   3:   67694384 bytes,  165994696 total
[2024-02-23T09:30:51.955+0000][4616][gc,age      ] GC(195) - age   4:     286008 bytes,  166280704 total
[2024-02-23T09:30:51.955+0000][4616][gc,heap     ] GC(195) Eden regions: 562->0(8)
[2024-02-23T09:30:51.955+0000][4616][gc,heap     ] GC(195) Survivor regions: 29->42(74)
[2024-02-23T09:30:51.955+0000][4616][gc,heap     ] GC(195) Old regions: 202->202
[2024-02-23T09:30:51.955+0000][4616][gc,heap     ] GC(195) Archive regions: 0->0
[2024-02-23T09:30:51.955+0000][4616][gc,heap     ] GC(195) Humongous regions: 5->5
[2024-02-23T09:30:51.955+0000][4616][gc,metaspace] GC(195) Metaspace: 131009K(137024K)->131009K(137024K) NonClass: 114061K(117760K)->114061K(117760K) Class: 16948K(19264K)->16948K(19264K)
[2024-02-23T09:30:51.955+0000][4616][gc          ] GC(195) Pause Young (Prepare Mixed) (G1 Evacuation Pause) 3188M->991M(4040M) 42.859ms
[2024-02-23T09:30:51.955+0000][4616][gc,cpu      ] GC(195) User=0.34s Sys=0.03s Real=0.04s
[2024-02-23T09:30:51.955+0000][4616][safepoint   ] Safepoint "G1CollectForAllocation", Time since last: 4999231100 ns, Reaching safepoint: 142700 ns, At safepoint: 43094700 ns, Total: 43237400 ns
[2024-02-23T09:30:52.101+0000][4616][gc,start    ] GC(196) Pause Young (Mixed) (G1 Evacuation Pause)
[2024-02-23T09:30:52.101+0000][4616][gc,task     ] GC(196) Using 8 workers of 8 for evacuation
[2024-02-23T09:30:52.101+0000][4616][gc,age      ] GC(196) Desired survivor size 14680064 bytes, new threshold 1 (max threshold 15)
[2024-02-23T09:30:52.191+0000][4616][gc,phases   ] GC(196)   Pre Evacuate Collection Set: 0.2ms
[2024-02-23T09:30:52.191+0000][4616][gc,phases   ] GC(196)   Merge Heap Roots: 2.6ms
[2024-02-23T09:30:52.191+0000][4616][gc,phases   ] GC(196)   Evacuate Collection Set: 81.9ms
[2024-02-23T09:30:52.191+0000][4616][gc,phases   ] GC(196)   Post Evacuate Collection Set: 1.2ms
[2024-02-23T09:30:52.191+0000][4616][gc,phases   ] GC(196)   Other: 0.2ms
[2024-02-23T09:30:52.191+0000][4616][gc,age      ] GC(196) Age table with threshold 1 (max threshold 15)
[2024-02-23T09:30:52.191+0000][4616][gc,age      ] GC(196) - age   1:     807888 bytes,     807888 total
[2024-02-23T09:30:52.191+0000][4616][gc,heap     ] GC(196) Eden regions: 8->0(582)
[2024-02-23T09:30:52.191+0000][4616][gc,heap     ] GC(196) Survivor regions: 42->4(7)
[2024-02-23T09:30:52.191+0000][4616][gc,heap     ] GC(196) Old regions: 202->203
[2024-02-23T09:30:52.191+0000][4616][gc,heap     ] GC(196) Archive regions: 0->0
[2024-02-23T09:30:52.191+0000][4616][gc,heap     ] GC(196) Humongous regions: 5->5
[2024-02-23T09:30:52.191+0000][4616][gc,metaspace] GC(196) Metaspace: 131009K(137024K)->131009K(137024K) NonClass: 114061K(117760K)->114061K(117760K) Class: 16948K(19264K)->16948K(19264K)
[2024-02-23T09:30:52.192+0000][4616][gc          ] GC(196) Pause Young (Mixed) (G1 Evacuation Pause) 1023M->844M(4040M) 86.849ms
[2024-02-23T09:30:52.192+0000][4616][gc,cpu      ] GC(196) User=0.33s Sys=0.11s Real=0.09s
[2024-02-23T09:30:52.192+0000][4616][safepoint   ] Safepoint "G1CollectForAllocation", Time since last: 143389100 ns, Reaching safepoint: 113900 ns, At safepoint: 87504100 ns, Total: 87618000 ns
[2024-02-23T09:31:00.253+0000][4616][safepoint   ] Safepoint "Cleanup", Time since last: 8061137000 ns, Reaching safepoint: 185800 ns, At safepoint: 26300 ns, Total: 212100 ns
[2024-02-23T09:31:24.495+0000][4616][safepoint   ] Safepoint "Cleanup", Time since last: 24191309400 ns, Reaching safepoint: 49272400 ns, At safepoint: 627300 ns, Total: 49899700 ns
[2024-02-23T09:31:28.078+0000][4616][gc,start    ] GC(197) Pause Young (Normal) (G1 Evacuation Pause)
[2024-02-23T09:31:28.078+0000][4616][gc,task     ] GC(197) Using 8 workers of 8 for evacuation
[2024-02-23T09:31:28.078+0000][4616][gc,age      ] GC(197) Desired survivor size 155189248 bytes, new threshold 15 (max threshold 15)
[2024-02-23T09:31:28.099+0000][4616][gc,phases   ] GC(197)   Pre Evacuate Collection Set: 0.2ms
[2024-02-23T09:31:28.099+0000][4616][gc,phases   ] GC(197)   Merge Heap Roots: 0.3ms
[2024-02-23T09:31:28.099+0000][4616][gc,phases   ] GC(197)   Evacuate Collection Set: 19.0ms
[2024-02-23T09:31:28.099+0000][4616][gc,phases   ] GC(197)   Post Evacuate Collection Set: 1.4ms
[2024-02-23T09:31:28.099+0000][4616][gc,phases   ] GC(197)   Other: 0.3ms
[2024-02-23T09:31:28.099+0000][4616][gc,age      ] GC(197) Age table with threshold 15 (max threshold 15)
[2024-02-23T09:31:28.099+0000][4616][gc,age      ] GC(197) - age   1:   88641072 bytes,   88641072 total
[2024-02-23T09:31:28.099+0000][4616][gc,age      ] GC(197) - age   2:     306280 bytes,   88947352 total
[2024-02-23T09:31:28.099+0000][4616][gc,heap     ] GC(197) Eden regions: 582->0(561)
[2024-02-23T09:31:28.099+0000][4616][gc,heap     ] GC(197) Survivor regions: 4->23(74)
[2024-02-23T09:31:28.099+0000][4616][gc,heap     ] GC(197) Old regions: 203->203
[2024-02-23T09:31:28.099+0000][4616][gc,heap     ] GC(197) Archive regions: 0->0
[2024-02-23T09:31:28.099+0000][4616][gc,heap     ] GC(197) Humongous regions: 6->6
[2024-02-23T09:31:28.099+0000][4616][gc,metaspace] GC(197) Metaspace: 131009K(137024K)->131009K(137024K) NonClass: 114061K(117760K)->114061K(117760K) Class: 16948K(19264K)->16948K(19264K)
[2024-02-23T09:31:28.099+0000][4616][gc          ] GC(197) Pause Young (Normal) (G1 Evacuation Pause) 3176M->921M(4040M) 21.681ms
[2024-02-23T09:31:28.099+0000][4616][gc,cpu      ] GC(197) User=0.11s Sys=0.00s Real=0.02s
[2024-02-23T09:31:28.099+0000][4616][safepoint   ] Safepoint "G1CollectForAllocation", Time since last: 3564327100 ns, Reaching safepoint: 18537700 ns, At safepoint: 21974500 ns, Total: 40512200 ns
[2024-02-23T09:31:37.759+0000][4616][gc,start    ] GC(198) Pause Young (Concurrent Start) (G1 Humongous Allocation)
[2024-02-23T09:31:37.760+0000][4616][gc,task     ] GC(198) Using 8 workers of 8 for evacuation
[2024-02-23T09:31:37.760+0000][4616][gc,age      ] GC(198) Desired survivor size 153092096 bytes, new threshold 15 (max threshold 15)
[2024-02-23T09:31:37.777+0000][4616][gc,phases   ] GC(198)   Pre Evacuate Collection Set: 0.5ms
[2024-02-23T09:31:37.777+0000][4616][gc,phases   ] GC(198)   Merge Heap Roots: 0.2ms
[2024-02-23T09:31:37.777+0000][4616][gc,phases   ] GC(198)   Evacuate Collection Set: 22.5ms
[2024-02-23T09:31:37.777+0000][4616][gc,phases   ] GC(198)   Post Evacuate Collection Set: 1.1ms
[2024-02-23T09:31:37.777+0000][4616][gc,phases   ] GC(198)   Other: 0.3ms
[2024-02-23T09:31:37.777+0000][4616][gc,age      ] GC(198) Age table with threshold 15 (max threshold 15)
[2024-02-23T09:31:37.777+0000][4616][gc,age      ] GC(198) - age   1:   33454488 bytes,   33454488 total
[2024-02-23T09:31:37.777+0000][4616][gc,age      ] GC(198) - age   2:   79483448 bytes,  112937936 total
[2024-02-23T09:31:37.777+0000][4616][gc,age      ] GC(198) - age   3:     306280 bytes,  113244216 total
[2024-02-23T09:31:37.777+0000][4616][gc,heap     ] GC(198) Eden regions: 255->0(551)
[2024-02-23T09:31:37.777+0000][4616][gc,heap     ] GC(198) Survivor regions: 23->29(73)
[2024-02-23T09:31:37.777+0000][4616][gc,heap     ] GC(198) Old regions: 203->203
[2024-02-23T09:31:37.777+0000][4616][gc,heap     ] GC(198) Archive regions: 0->0
[2024-02-23T09:31:37.777+0000][4616][gc,heap     ] GC(198) Humongous regions: 6->6
[2024-02-23T09:31:37.777+0000][4616][gc,metaspace] GC(198) Metaspace: 131009K(137024K)->131009K(137024K) NonClass: 114061K(117760K)->114061K(117760K) Class: 16948K(19264K)->16948K(19264K)
[2024-02-23T09:31:37.777+0000][4616][gc          ] GC(198) Pause Young (Concurrent Start) (G1 Humongous Allocation) 1937M->948M(4040M) 25.438ms
[2024-02-23T09:31:37.777+0000][4616][gc,cpu      ] GC(198) User=0.12s Sys=0.00s Real=0.02s
[2024-02-23T09:31:37.777+0000][4616][gc          ] GC(199) Concurrent Mark Cycle
[2024-02-23T09:31:37.777+0000][4616][gc,marking  ] GC(199) Concurrent Clear Claimed Marks
[2024-02-23T09:31:37.777+0000][4616][safepoint   ] Safepoint "G1TryInitiateConcMark", Time since last: 9660406700 ns, Reaching safepoint: 62500 ns, At safepoint: 25693500 ns, Total: 25756000 ns
[2024-02-23T09:31:37.777+0000][4616][gc,marking  ] GC(199) Concurrent Clear Claimed Marks 0.214ms
[2024-02-23T09:31:37.777+0000][4616][gc,marking  ] GC(199) Concurrent Scan Root Regions
[2024-02-23T09:31:37.793+0000][4616][gc,marking  ] GC(199) Concurrent Scan Root Regions 13.123ms
[2024-02-23T09:31:37.793+0000][4616][gc,marking  ] GC(199) Concurrent Mark
[2024-02-23T09:31:37.793+0000][4616][gc,marking  ] GC(199) Concurrent Mark From Roots
[2024-02-23T09:31:37.793+0000][4616][gc,task     ] GC(199) Using 2 workers of 2 for marking
[2024-02-23T09:31:38.084+0000][4616][gc,marking  ] GC(199) Concurrent Mark From Roots 284.519ms
[2024-02-23T09:31:38.084+0000][4616][gc,marking  ] GC(199) Concurrent Preclean
[2024-02-23T09:31:38.084+0000][4616][gc,marking  ] GC(199) Concurrent Preclean 0.893ms
[2024-02-23T09:31:38.085+0000][4616][gc,start    ] GC(199) Pause Remark
[2024-02-23T09:31:38.104+0000][4616][gc          ] GC(199) Pause Remark 1010M->1002M(4040M) 19.294ms
[2024-02-23T09:31:38.104+0000][4616][gc,cpu      ] GC(199) User=0.12s Sys=0.00s Real=0.02s
[2024-02-23T09:31:38.104+0000][4616][safepoint   ] Safepoint "G1Concurrent", Time since last: 299016300 ns, Reaching safepoint: 110200 ns, At safepoint: 19511600 ns, Total: 19621800 ns
[2024-02-23T09:31:38.104+0000][4616][gc,marking  ] GC(199) Concurrent Mark 305.286ms
[2024-02-23T09:31:38.104+0000][4616][gc,marking  ] GC(199) Concurrent Rebuild Remembered Sets
[2024-02-23T09:31:38.319+0000][4616][gc,marking  ] GC(199) Concurrent Rebuild Remembered Sets 215.586ms
[2024-02-23T09:31:38.321+0000][4616][gc,start    ] GC(199) Pause Cleanup
[2024-02-23T09:31:38.321+0000][4616][gc          ] GC(199) Pause Cleanup 1002M->1002M(4040M) 0.445ms
[2024-02-23T09:31:38.321+0000][4616][gc,cpu      ] GC(199) User=0.00s Sys=0.00s Real=0.00s
[2024-02-23T09:31:38.321+0000][4616][safepoint   ] Safepoint "G1Concurrent", Time since last: 215848600 ns, Reaching safepoint: 124100 ns, At safepoint: 571000 ns, Total: 695100 ns
[2024-02-23T09:31:38.321+0000][4616][gc,marking  ] GC(199) Concurrent Cleanup for Next Mark
[2024-02-23T09:31:38.329+0000][4616][gc,marking  ] GC(199) Concurrent Cleanup for Next Mark 8.553ms
[2024-02-23T09:31:38.329+0000][4616][gc          ] GC(199) Concurrent Mark Cycle 543.981ms
[2024-02-23T09:31:50.404+0000][4616][safepoint   ] Safepoint "Cleanup", Time since last: 12082753400 ns, Reaching safepoint: 164900 ns, At safepoint: 20900 ns, Total: 185800 ns
[2024-02-23T09:32:03.902+0000][4616][gc,start    ] GC(200) Pause Young (Prepare Mixed) (G1 Evacuation Pause)
[2024-02-23T09:32:03.902+0000][4616][gc,task     ] GC(200) Using 8 workers of 8 for evacuation
[2024-02-23T09:32:03.902+0000][4616][gc,age      ] GC(200) Desired survivor size 153092096 bytes, new threshold 15 (max threshold 15)
[2024-02-23T09:32:03.937+0000][4616][gc,phases   ] GC(200)   Pre Evacuate Collection Set: 0.3ms
[2024-02-23T09:32:03.937+0000][4616][gc,phases   ] GC(200)   Merge Heap Roots: 0.3ms
[2024-02-23T09:32:03.937+0000][4616][gc,phases   ] GC(200)   Evacuate Collection Set: 31.9ms
[2024-02-23T09:32:03.937+0000][4616][gc,phases   ] GC(200)   Post Evacuate Collection Set: 1.7ms
[2024-02-23T09:32:03.937+0000][4616][gc,phases   ] GC(200)   Other: 0.3ms
[2024-02-23T09:32:03.937+0000][4616][gc,age      ] GC(200) Age table with threshold 15 (max threshold 15)
[2024-02-23T09:32:03.937+0000][4616][gc,age      ] GC(200) - age   1:   79756056 bytes,   79756056 total
[2024-02-23T09:32:03.937+0000][4616][gc,age      ] GC(200) - age   2:   24811608 bytes,  104567664 total
[2024-02-23T09:32:03.937+0000][4616][gc,age      ] GC(200) - age   3:   56204264 bytes,  160771928 total
[2024-02-23T09:32:03.937+0000][4616][gc,age      ] GC(200) - age   4:     227208 bytes,  160999136 total
[2024-02-23T09:32:03.937+0000][4616][gc,heap     ] GC(200) Eden regions: 551->0(9)
[2024-02-23T09:32:03.937+0000][4616][gc,heap     ] GC(200) Survivor regions: 29->41(73)
[2024-02-23T09:32:03.937+0000][4616][gc,heap     ] GC(200) Old regions: 203->203
[2024-02-23T09:32:03.937+0000][4616][gc,heap     ] GC(200) Archive regions: 0->0
[2024-02-23T09:32:03.937+0000][4616][gc,heap     ] GC(200) Humongous regions: 6->6
[2024-02-23T09:32:03.937+0000][4616][gc,metaspace] GC(200) Metaspace: 131009K(137024K)->131009K(137024K) NonClass: 114061K(117760K)->114061K(117760K) Class: 16948K(19264K)->16948K(19264K)
[2024-02-23T09:32:03.937+0000][4616][gc          ] GC(200) Pause Young (Prepare Mixed) (G1 Evacuation Pause) 3152M->995M(4040M) 35.006ms
[2024-02-23T09:32:03.937+0000][4616][gc,cpu      ] GC(200) User=0.25s Sys=0.00s Real=0.04s
[2024-02-23T09:32:03.937+0000][4616][safepoint   ] Safepoint "G1CollectForAllocation", Time since last: 13497911100 ns, Reaching safepoint: 145800 ns, At safepoint: 35246000 ns, Total: 35391800 ns
[2024-02-23T09:32:04.142+0000][4616][gc,start    ] GC(201) Pause Young (Mixed) (G1 Evacuation Pause)
[2024-02-23T09:32:04.142+0000][4616][gc,task     ] GC(201) Using 8 workers of 8 for evacuation
[2024-02-23T09:32:04.142+0000][4616][gc,age      ] GC(201) Desired survivor size 14680064 bytes, new threshold 1 (max threshold 15)
[2024-02-23T09:32:04.213+0000][4616][gc,phases   ] GC(201)   Pre Evacuate Collection Set: 0.3ms
[2024-02-23T09:32:04.213+0000][4616][gc,phases   ] GC(201)   Merge Heap Roots: 0.5ms
[2024-02-23T09:32:04.213+0000][4616][gc,phases   ] GC(201)   Evacuate Collection Set: 79.6ms
[2024-02-23T09:32:04.213+0000][4616][gc,phases   ] GC(201)   Post Evacuate Collection Set: 1.0ms
[2024-02-23T09:32:04.213+0000][4616][gc,phases   ] GC(201)   Other: 0.3ms
[2024-02-23T09:32:04.213+0000][4616][gc,age      ] GC(201) Age table with threshold 1 (max threshold 15)
[2024-02-23T09:32:04.213+0000][4616][gc,age      ] GC(201) - age   1:    1378616 bytes,    1378616 total
[2024-02-23T09:32:04.213+0000][4616][gc,heap     ] GC(201) Eden regions: 9->0(575)
[2024-02-23T09:32:04.213+0000][4616][gc,heap     ] GC(201) Survivor regions: 41->4(7)
[2024-02-23T09:32:04.213+0000][4616][gc,heap     ] GC(201) Old regions: 203->202
[2024-02-23T09:32:04.213+0000][4616][gc,heap     ] GC(201) Archive regions: 0->0
[2024-02-23T09:32:04.213+0000][4616][gc,heap     ] GC(201) Humongous regions: 6->6
[2024-02-23T09:32:04.213+0000][4616][gc,metaspace] GC(201) Metaspace: 131009K(137024K)->131009K(137024K) NonClass: 114061K(117760K)->114061K(117760K) Class: 16948K(19264K)->16948K(19264K)
[2024-02-23T09:32:04.213+0000][4616][gc          ] GC(201) Pause Young (Mixed) (G1 Evacuation Pause) 1031M->845M(4040M) 82.231ms
[2024-02-23T09:32:04.213+0000][4616][gc,cpu      ] GC(201) User=0.47s Sys=0.03s Real=0.07s
[2024-02-23T09:32:04.213+0000][4616][safepoint   ] Safepoint "G1CollectForAllocation", Time since last: 205037600 ns, Reaching safepoint: 148800 ns, At safepoint: 82876200 ns, Total: 83025000 ns
[2024-02-23T09:32:08.244+0000][4616][safepoint   ] Safepoint "Cleanup", Time since last: 4018676700 ns, Reaching safepoint: 288100 ns, At safepoint: 29400 ns, Total: 317500 ns
[2024-02-23T09:32:30.542+0000][4616][gc,start    ] GC(202) Pause Young (Normal) (G1 Evacuation Pause)
[2024-02-23T09:32:30.542+0000][4616][gc,task     ] GC(202) Using 8 workers of 8 for evacuation
[2024-02-23T09:32:30.542+0000][4616][gc,age      ] GC(202) Desired survivor size 153092096 bytes, new threshold 15 (max threshold 15)
[2024-02-23T09:32:30.573+0000][4616][gc,phases   ] GC(202)   Pre Evacuate Collection Set: 0.2ms
[2024-02-23T09:32:30.573+0000][4616][gc,phases   ] GC(202)   Merge Heap Roots: 0.2ms
[2024-02-23T09:32:30.573+0000][4616][gc,phases   ] GC(202)   Evacuate Collection Set: 19.4ms
[2024-02-23T09:32:30.573+0000][4616][gc,phases   ] GC(202)   Post Evacuate Collection Set: 1.3ms
[2024-02-23T09:32:30.573+0000][4616][gc,phases   ] GC(202)   Other: 0.3ms
[2024-02-23T09:32:30.573+0000][4616][gc,age      ] GC(202) Age table with threshold 15 (max threshold 15)
[2024-02-23T09:32:30.573+0000][4616][gc,age      ] GC(202) - age   1:   92644424 bytes,   92644424 total
[2024-02-23T09:32:30.573+0000][4616][gc,age      ] GC(202) - age   2:     363000 bytes,   93007424 total
[2024-02-23T09:32:30.573+0000][4616][gc,heap     ] GC(202) Eden regions: 575->0(556)
[2024-02-23T09:32:30.573+0000][4616][gc,heap     ] GC(202) Survivor regions: 4->23(73)
[2024-02-23T09:32:30.573+0000][4616][gc,heap     ] GC(202) Old regions: 202->202
[2024-02-23T09:32:30.573+0000][4616][gc,heap     ] GC(202) Archive regions: 0->0
[2024-02-23T09:32:30.573+0000][4616][gc,heap     ] GC(202) Humongous regions: 6->6
[2024-02-23T09:32:30.573+0000][4616][gc,metaspace] GC(202) Metaspace: 131010K(137024K)->131010K(137024K) NonClass: 114062K(117760K)->114062K(117760K) Class: 16948K(19264K)->16948K(19264K)
[2024-02-23T09:32:30.573+0000][4616][gc          ] GC(202) Pause Young (Normal) (G1 Evacuation Pause) 3145M->920M(4040M) 22.161ms
[2024-02-23T09:32:30.573+0000][4616][gc,cpu      ] GC(202) User=0.25s Sys=0.00s Real=0.03s
[2024-02-23T09:32:30.573+0000][4616][safepoint   ] Safepoint "G1CollectForAllocation", Time since last: 22311864500 ns, Reaching safepoint: 120500 ns, At safepoint: 22399300 ns, Total: 22519800 ns
[2024-02-23T09:32:33.606+0000][4616][safepoint   ] Safepoint "Cleanup", Time since last: 3027700900 ns, Reaching safepoint: 100800 ns, At safepoint: 12800 ns, Total: 113600 ns
[2024-02-23T09:33:04.291+0000][4616][gc,start    ] GC(203) Pause Young (Normal) (G1 Evacuation Pause)
[2024-02-23T09:33:04.292+0000][4616][gc,task     ] GC(203) Using 8 workers of 8 for evacuation
[2024-02-23T09:33:04.292+0000][4616][gc,age      ] GC(203) Desired survivor size 153092096 bytes, new threshold 15 (max threshold 15)
[2024-02-23T09:33:04.325+0000][4616][gc,phases   ] GC(203)   Pre Evacuate Collection Set: 0.5ms
[2024-02-23T09:33:04.325+0000][4616][gc,phases   ] GC(203)   Merge Heap Roots: 0.5ms
[2024-02-23T09:33:04.325+0000][4616][gc,phases   ] GC(203)   Evacuate Collection Set: 31.4ms
[2024-02-23T09:33:04.325+0000][4616][gc,phases   ] GC(203)   Post Evacuate Collection Set: 1.5ms
[2024-02-23T09:33:04.325+0000][4616][gc,phases   ] GC(203)   Other: 0.4ms
[2024-02-23T09:33:04.325+0000][4616][gc,age      ] GC(203) Age table with threshold 15 (max threshold 15)
[2024-02-23T09:33:04.325+0000][4616][gc,age      ] GC(203) - age   1:   72658416 bytes,   72658416 total
[2024-02-23T09:33:04.325+0000][4616][gc,age      ] GC(203) - age   2:   72859640 bytes,  145518056 total
[2024-02-23T09:33:04.325+0000][4616][gc,age      ] GC(203) - age   3:     234728 bytes,  145752784 total
[2024-02-23T09:33:04.325+0000][4616][gc,heap     ] GC(203) Eden regions: 556->0(543)
[2024-02-23T09:33:04.325+0000][4616][gc,heap     ] GC(203) Survivor regions: 23->38(73)
[2024-02-23T09:33:04.325+0000][4616][gc,heap     ] GC(203) Old regions: 202->202
[2024-02-23T09:33:04.325+0000][4616][gc,heap     ] GC(203) Archive regions: 0->0
[2024-02-23T09:33:04.325+0000][4616][gc,heap     ] GC(203) Humongous regions: 7->7
[2024-02-23T09:33:04.325+0000][4616][gc,metaspace] GC(203) Metaspace: 131010K(137024K)->131010K(137024K) NonClass: 114062K(117760K)->114062K(117760K) Class: 16948K(19264K)->16948K(19264K)
[2024-02-23T09:33:04.325+0000][4616][gc          ] GC(203) Pause Young (Normal) (G1 Evacuation Pause) 3148M->982M(4040M) 35.064ms
[2024-02-23T09:33:04.325+0000][4616][gc,cpu      ] GC(203) User=0.25s Sys=0.00s Real=0.03s
[2024-02-23T09:33:04.325+0000][4616][safepoint   ] Safepoint "G1CollectForAllocation", Time since last: 30685045100 ns, Reaching safepoint: 151500 ns, At safepoint: 35456200 ns, Total: 35607700 ns
[2024-02-23T09:33:33.541+0000][4616][safepoint   ] Safepoint "Cleanup", Time since last: 29214019800 ns, Reaching safepoint: 87800 ns, At safepoint: 20200 ns, Total: 108000 ns
[2024-02-23T09:33:34.442+0000][4616][gc,start    ] GC(204) Pause Young (Normal) (G1 Evacuation Pause)
[2024-02-23T09:33:34.442+0000][4616][gc,task     ] GC(204) Using 8 workers of 8 for evacuation
[2024-02-23T09:33:34.442+0000][4616][gc,age      ] GC(204) Desired survivor size 153092096 bytes, new threshold 15 (max threshold 15)
[2024-02-23T09:33:34.481+0000][4616][gc,phases   ] GC(204)   Pre Evacuate Collection Set: 0.3ms
[2024-02-23T09:33:34.481+0000][4616][gc,phases   ] GC(204)   Merge Heap Roots: 0.4ms
[2024-02-23T09:33:34.481+0000][4616][gc,phases   ] GC(204)   Evacuate Collection Set: 42.8ms
[2024-02-23T09:33:34.481+0000][4616][gc,phases   ] GC(204)   Post Evacuate Collection Set: 4.4ms
[2024-02-23T09:33:34.481+0000][4616][gc,phases   ] GC(204)   Other: 0.3ms
[2024-02-23T09:33:34.481+0000][4616][gc,age      ] GC(204) Age table with threshold 15 (max threshold 15)
[2024-02-23T09:33:34.481+0000][4616][gc,age      ] GC(204) - age   1:   83495936 bytes,   83495936 total
[2024-02-23T09:33:34.481+0000][4616][gc,age      ] GC(204) - age   2:   55626568 bytes,  139122504 total
[2024-02-23T09:33:34.481+0000][4616][gc,age      ] GC(204) - age   3:   53427224 bytes,  192549728 total
[2024-02-23T09:33:34.481+0000][4616][gc,age      ] GC(204) - age   4:     230680 bytes,  192780408 total
[2024-02-23T09:33:34.481+0000][4616][gc,heap     ] GC(204) Eden regions: 543->0(532)
[2024-02-23T09:33:34.481+0000][4616][gc,heap     ] GC(204) Survivor regions: 38->49(73)
[2024-02-23T09:33:34.481+0000][4616][gc,heap     ] GC(204) Old regions: 202->202
[2024-02-23T09:33:34.481+0000][4616][gc,heap     ] GC(204) Archive regions: 0->0
[2024-02-23T09:33:34.481+0000][4616][gc,heap     ] GC(204) Humongous regions: 8->8
[2024-02-23T09:33:34.481+0000][4616][gc,metaspace] GC(204) Metaspace: 131011K(137024K)->131011K(137024K) NonClass: 114062K(117760K)->114062K(117760K) Class: 16948K(19264K)->16948K(19264K)
[2024-02-23T09:33:34.481+0000][4616][gc          ] GC(204) Pause Young (Normal) (G1 Evacuation Pause) 3158M->1030M(4040M) 48.703ms
[2024-02-23T09:33:34.481+0000][4616][gc,cpu      ] GC(204) User=0.22s Sys=0.11s Real=0.04s
[2024-02-23T09:33:34.481+0000][4616][safepoint   ] Safepoint "G1CollectForAllocation", Time since last: 905648700 ns, Reaching safepoint: 134100 ns, At safepoint: 48888000 ns, Total: 49022100 ns
[2024-02-23T09:33:44.755+0000][4616][safepoint   ] Safepoint "Cleanup", Time since last: 10258927200 ns, Reaching safepoint: 73000 ns, At safepoint: 11700 ns, Total: 84700 ns
[2024-02-23T09:34:00.194+0000][4616][gc,start    ] GC(205) Pause Young (Normal) (G1 Evacuation Pause)
[2024-02-23T09:34:00.194+0000][4616][gc,task     ] GC(205) Using 8 workers of 8 for evacuation
[2024-02-23T09:34:00.194+0000][4616][gc,age      ] GC(205) Desired survivor size 153092096 bytes, new threshold 3 (max threshold 15)
[2024-02-23T09:34:00.260+0000][4616][gc,phases   ] GC(205)   Pre Evacuate Collection Set: 0.3ms
[2024-02-23T09:34:00.260+0000][4616][gc,phases   ] GC(205)   Merge Heap Roots: 0.3ms
[2024-02-23T09:34:00.260+0000][4616][gc,phases   ] GC(205)   Evacuate Collection Set: 49.5ms
[2024-02-23T09:34:00.261+0000][4616][gc,phases   ] GC(205)   Post Evacuate Collection Set: 1.4ms
[2024-02-23T09:34:00.261+0000][4616][gc,phases   ] GC(205)   Other: 0.3ms
[2024-02-23T09:34:00.261+0000][4616][gc,age      ] GC(205) Age table with threshold 3 (max threshold 15)
[2024-02-23T09:34:00.261+0000][4616][gc,age      ] GC(205) - age   1:   76164856 bytes,   76164856 total
[2024-02-23T09:34:00.261+0000][4616][gc,age      ] GC(205) - age   2:   65826928 bytes,  141991784 total
[2024-02-23T09:34:00.261+0000][4616][gc,age      ] GC(205) - age   3:   40074864 bytes,  182066648 total
[2024-02-23T09:34:00.261+0000][4616][gc,heap     ] GC(205) Eden regions: 532->0(526)
[2024-02-23T09:34:00.261+0000][4616][gc,heap     ] GC(205) Survivor regions: 49->46(73)
[2024-02-23T09:34:00.261+0000][4616][gc,heap     ] GC(205) Old regions: 202->210
[2024-02-23T09:34:00.261+0000][4616][gc,heap     ] GC(205) Archive regions: 0->0
[2024-02-23T09:34:00.261+0000][4616][gc,heap     ] GC(205) Humongous regions: 10->10
[2024-02-23T09:34:00.261+0000][4616][gc,metaspace] GC(205) Metaspace: 131031K(137024K)->131031K(137024K) NonClass: 114082K(117760K)->114082K(117760K) Class: 16948K(19264K)->16948K(19264K)
[2024-02-23T09:34:00.261+0000][4616][gc          ] GC(205) Pause Young (Normal) (G1 Evacuation Pause) 3166M->1062M(4040M) 52.602ms
[2024-02-23T09:34:00.261+0000][4616][gc,cpu      ] GC(205) User=0.25s Sys=0.08s Real=0.07s
[2024-02-23T09:34:00.261+0000][4616][safepoint   ] Safepoint "G1CollectForAllocation", Time since last: 15453952800 ns, Reaching safepoint: 153900 ns, At safepoint: 52872600 ns, Total: 53026500 ns
[2024-02-23T09:34:08.326+0000][4616][safepoint   ] Safepoint "Cleanup", Time since last: 8063579200 ns, Reaching safepoint: 72000 ns, At safepoint: 12900 ns, Total: 84900 ns
[2024-02-23T09:34:10.348+0000][4616][safepoint   ] Safepoint "Cleanup", Time since last: 2022327800 ns, Reaching safepoint: 387800 ns, At safepoint: 31400 ns, Total: 419200 ns
[2024-02-23T09:34:11.357+0000][4616][safepoint   ] Safepoint "Cleanup", Time since last: 1008274200 ns, Reaching safepoint: 96500 ns, At safepoint: 16900 ns, Total: 113400 ns
[2024-02-23T09:34:20.118+0000][4616][gc,start    ] GC(206) Pause Young (Concurrent Start) (G1 Evacuation Pause)
[2024-02-23T09:34:20.118+0000][4616][gc,task     ] GC(206) Using 8 workers of 8 for evacuation
[2024-02-23T09:34:20.118+0000][4616][gc,age      ] GC(206) Desired survivor size 150994944 bytes, new threshold 3 (max threshold 15)
[2024-02-23T09:34:20.168+0000][4616][gc,phases   ] GC(206)   Pre Evacuate Collection Set: 0.5ms
[2024-02-23T09:34:20.168+0000][4616][gc,phases   ] GC(206)   Merge Heap Roots: 0.3ms
[2024-02-23T09:34:20.168+0000][4616][gc,phases   ] GC(206)   Evacuate Collection Set: 47.5ms
[2024-02-23T09:34:20.168+0000][4616][gc,phases   ] GC(206)   Post Evacuate Collection Set: 1.5ms
[2024-02-23T09:34:20.168+0000][4616][gc,phases   ] GC(206)   Other: 0.1ms
[2024-02-23T09:34:20.168+0000][4616][gc,age      ] GC(206) Age table with threshold 3 (max threshold 15)
[2024-02-23T09:34:20.168+0000][4616][gc,age      ] GC(206) - age   1:   84675584 bytes,   84675584 total
[2024-02-23T09:34:20.168+0000][4616][gc,age      ] GC(206) - age   2:   55529368 bytes,  140204952 total
[2024-02-23T09:34:20.168+0000][4616][gc,age      ] GC(206) - age   3:   46920720 bytes,  187125672 total
[2024-02-23T09:34:20.168+0000][4616][gc,heap     ] GC(206) Eden regions: 526->0(517)
[2024-02-23T09:34:20.168+0000][4616][gc,heap     ] GC(206) Survivor regions: 46->47(72)
[2024-02-23T09:34:20.168+0000][4616][gc,heap     ] GC(206) Old regions: 210->217
[2024-02-23T09:34:20.168+0000][4616][gc,heap     ] GC(206) Archive regions: 0->0
[2024-02-23T09:34:20.168+0000][4616][gc,heap     ] GC(206) Humongous regions: 11->11
[2024-02-23T09:34:20.168+0000][4616][gc,metaspace] GC(206) Metaspace: 131034K(137024K)->131034K(137024K) NonClass: 114086K(117760K)->114086K(117760K) Class: 16948K(19264K)->16948K(19264K)
[2024-02-23T09:34:20.168+0000][4616][gc          ] GC(206) Pause Young (Concurrent Start) (G1 Evacuation Pause) 3170M->1098M(4040M) 50.475ms
[2024-02-23T09:34:20.168+0000][4616][gc,cpu      ] GC(206) User=0.25s Sys=0.00s Real=0.05s
[2024-02-23T09:34:20.168+0000][4616][gc          ] GC(207) Concurrent Mark Cycle
[2024-02-23T09:34:20.168+0000][4616][gc,marking  ] GC(207) Concurrent Clear Claimed Marks
[2024-02-23T09:34:20.168+0000][4616][safepoint   ] Safepoint "G1CollectForAllocation", Time since last: 8761361600 ns, Reaching safepoint: 119600 ns, At safepoint: 50810100 ns, Total: 50929700 ns
[2024-02-23T09:34:20.168+0000][4616][gc,marking  ] GC(207) Concurrent Clear Claimed Marks 0.203ms
[2024-02-23T09:34:20.168+0000][4616][gc,marking  ] GC(207) Concurrent Scan Root Regions
[2024-02-23T09:34:20.191+0000][4616][gc,marking  ] GC(207) Concurrent Scan Root Regions 21.983ms
[2024-02-23T09:34:20.191+0000][4616][gc,marking  ] GC(207) Concurrent Mark
[2024-02-23T09:34:20.191+0000][4616][gc,marking  ] GC(207) Concurrent Mark From Roots
[2024-02-23T09:34:20.191+0000][4616][gc,task     ] GC(207) Using 2 workers of 2 for marking
[2024-02-23T09:34:20.526+0000][4616][gc,marking  ] GC(207) Concurrent Mark From Roots 337.610ms
[2024-02-23T09:34:20.526+0000][4616][gc,marking  ] GC(207) Concurrent Preclean
[2024-02-23T09:34:20.526+0000][4616][gc,marking  ] GC(207) Concurrent Preclean 1.215ms
[2024-02-23T09:34:20.531+0000][4616][gc,start    ] GC(207) Pause Remark
[2024-02-23T09:34:21.252+0000][4616][gc,mmu      ] GC(207) MMU target violated: 201.0ms (200.0ms/201.0ms)
[2024-02-23T09:34:21.252+0000][4616][gc          ] GC(207) Pause Remark 1126M->1106M(4040M) 721.528ms
[2024-02-23T09:34:21.252+0000][4616][gc,cpu      ] GC(207) User=0.20s Sys=0.88s Real=0.72s
[2024-02-23T09:34:21.253+0000][4616][safepoint   ] Safepoint "G1Concurrent", Time since last: 361369500 ns, Reaching safepoint: 86000 ns, At safepoint: 722740900 ns, Total: 722826900 ns
[2024-02-23T09:34:21.253+0000][4616][gc,marking  ] GC(207) Concurrent Mark 1062.072ms
[2024-02-23T09:34:21.254+0000][4616][gc,marking  ] GC(207) Concurrent Rebuild Remembered Sets
[2024-02-23T09:34:21.728+0000][4616][gc,marking  ] GC(207) Concurrent Rebuild Remembered Sets 475.082ms
[2024-02-23T09:34:21.744+0000][4616][gc,start    ] GC(207) Pause Cleanup
[2024-02-23T09:34:21.744+0000][4616][gc          ] GC(207) Pause Cleanup 1138M->1138M(4040M) 0.299ms
[2024-02-23T09:34:21.744+0000][4616][gc,cpu      ] GC(207) User=0.00s Sys=0.00s Real=0.00s
[2024-02-23T09:34:21.744+0000][4616][safepoint   ] Safepoint "G1Concurrent", Time since last: 475437400 ns, Reaching safepoint: 14807800 ns, At safepoint: 371700 ns, Total: 15179500 ns
[2024-02-23T09:34:21.744+0000][4616][gc,marking  ] GC(207) Concurrent Cleanup for Next Mark
[2024-02-23T09:34:21.758+0000][4616][gc,marking  ] GC(207) Concurrent Cleanup for Next Mark 15.150ms
[2024-02-23T09:34:21.758+0000][4616][gc          ] GC(207) Concurrent Mark Cycle 1590.159ms
[2024-02-23T09:34:38.889+0000][4616][safepoint   ] Safepoint "Cleanup", Time since last: 17145500500 ns, Reaching safepoint: 104700 ns, At safepoint: 6700 ns, Total: 111400 ns
[2024-02-23T09:34:43.961+0000][4616][safepoint   ] Safepoint "Cleanup", Time since last: 5023244900 ns, Reaching safepoint: 48264200 ns, At safepoint: 117900 ns, Total: 48382100 ns
[2024-02-23T09:34:50.014+0000][4616][safepoint   ] Safepoint "Cleanup", Time since last: 6053137700 ns, Reaching safepoint: 361000 ns, At safepoint: 109500 ns, Total: 470500 ns
[2024-02-23T09:34:51.637+0000][4616][safepoint   ] Safepoint "Cleanup", Time since last: 1584273300 ns, Reaching safepoint: 37571700 ns, At safepoint: 70200 ns, Total: 37641900 ns
[2024-02-23T09:34:52.722+0000][4616][safepoint   ] Safepoint "Cleanup", Time since last: 1004163300 ns, Reaching safepoint: 81673100 ns, At safepoint: 137000 ns, Total: 81810100 ns
[2024-02-23T09:34:52.996+0000][4616][gc,start    ] GC(208) Pause Young (Prepare Mixed) (G1 Evacuation Pause)
[2024-02-23T09:34:52.996+0000][4616][gc,task     ] GC(208) Using 8 workers of 8 for evacuation
[2024-02-23T09:34:52.996+0000][4616][gc,age      ] GC(208) Desired survivor size 148897792 bytes, new threshold 3 (max threshold 15)
[2024-02-23T09:34:53.062+0000][4616][gc,phases   ] GC(208)   Pre Evacuate Collection Set: 0.5ms
[2024-02-23T09:34:53.062+0000][4616][gc,phases   ] GC(208)   Merge Heap Roots: 0.9ms
[2024-02-23T09:34:53.062+0000][4616][gc,phases   ] GC(208)   Evacuate Collection Set: 66.6ms
[2024-02-23T09:34:53.062+0000][4616][gc,phases   ] GC(208)   Post Evacuate Collection Set: 1.5ms
[2024-02-23T09:34:53.062+0000][4616][gc,phases   ] GC(208)   Other: 0.4ms
[2024-02-23T09:34:53.062+0000][4616][gc,age      ] GC(208) Age table with threshold 3 (max threshold 15)
[2024-02-23T09:34:53.062+0000][4616][gc,age      ] GC(208) - age   1:   70027408 bytes,   70027408 total
[2024-02-23T09:34:53.062+0000][4616][gc,age      ] GC(208) - age   2:   67471496 bytes,  137498904 total
[2024-02-23T09:34:53.062+0000][4616][gc,age      ] GC(208) - age   3:   37151680 bytes,  174650584 total
[2024-02-23T09:34:53.062+0000][4616][gc,heap     ] GC(208) Eden regions: 517->0(6)
[2024-02-23T09:34:53.062+0000][4616][gc,heap     ] GC(208) Survivor regions: 47->44(71)
[2024-02-23T09:34:53.062+0000][4616][gc,heap     ] GC(208) Old regions: 217->225
[2024-02-23T09:34:53.062+0000][4616][gc,heap     ] GC(208) Archive regions: 0->0
[2024-02-23T09:34:53.062+0000][4616][gc,heap     ] GC(208) Humongous regions: 6->6
[2024-02-23T09:34:53.062+0000][4616][gc,metaspace] GC(208) Metaspace: 131035K(137088K)->131035K(137088K) NonClass: 114088K(117824K)->114088K(117824K) Class: 16947K(19264K)->16947K(19264K)
[2024-02-23T09:34:53.062+0000][4616][gc          ] GC(208) Pause Young (Prepare Mixed) (G1 Evacuation Pause) 3146M->1097M(4040M) 70.608ms
[2024-02-23T09:34:53.062+0000][4616][gc,cpu      ] GC(208) User=0.30s Sys=0.16s Real=0.07s
[2024-02-23T09:34:53.062+0000][4616][safepoint   ] Safepoint "G1CollectForAllocation", Time since last: 247929900 ns, Reaching safepoint: 25183600 ns, At safepoint: 70928700 ns, Total: 96112300 ns
[2024-02-23T09:34:53.299+0000][4616][gc,start    ] GC(209) Pause Young (Mixed) (G1 Evacuation Pause)
[2024-02-23T09:34:53.299+0000][4616][gc,task     ] GC(209) Using 8 workers of 8 for evacuation
[2024-02-23T09:34:53.299+0000][4616][gc,age      ] GC(209) Desired survivor size 14680064 bytes, new threshold 1 (max threshold 15)
[2024-02-23T09:34:53.597+0000][4616][gc,mmu      ] GC(209) MMU target violated: 201.0ms (200.0ms/201.0ms)
[2024-02-23T09:34:53.597+0000][4616][gc,phases   ] GC(209)   Pre Evacuate Collection Set: 0.3ms
[2024-02-23T09:34:53.597+0000][4616][gc,phases   ] GC(209)   Merge Heap Roots: 0.6ms
[2024-02-23T09:34:53.597+0000][4616][gc,phases   ] GC(209)   Evacuate Collection Set: 300.7ms
[2024-02-23T09:34:53.597+0000][4616][gc,phases   ] GC(209)   Post Evacuate Collection Set: 1.8ms
[2024-02-23T09:34:53.597+0000][4616][gc,phases   ] GC(209)   Other: 1.2ms
[2024-02-23T09:34:53.597+0000][4616][gc,age      ] GC(209) Age table with threshold 1 (max threshold 15)
[2024-02-23T09:34:53.597+0000][4616][gc,age      ] GC(209) - age   1:    2384888 bytes,    2384888 total
[2024-02-23T09:34:53.597+0000][4616][gc,heap     ] GC(209) Eden regions: 6->0(577)
[2024-02-23T09:34:53.597+0000][4616][gc,heap     ] GC(209) Survivor regions: 44->4(7)
[2024-02-23T09:34:53.597+0000][4616][gc,heap     ] GC(209) Old regions: 225->201
[2024-02-23T09:34:53.597+0000][4616][gc,heap     ] GC(209) Archive regions: 0->0
[2024-02-23T09:34:53.597+0000][4616][gc,heap     ] GC(209) Humongous regions: 6->6
[2024-02-23T09:34:53.597+0000][4616][gc,metaspace] GC(209) Metaspace: 131035K(137088K)->131035K(137088K) NonClass: 114088K(117824K)->114088K(117824K) Class: 16947K(19264K)->16947K(19264K)
[2024-02-23T09:34:53.597+0000][4616][gc          ] GC(209) Pause Young (Mixed) (G1 Evacuation Pause) 1121M->843M(4040M) 305.162ms
[2024-02-23T09:34:53.597+0000][4616][gc,cpu      ] GC(209) User=0.33s Sys=0.98s Real=0.30s
[2024-02-23T09:34:53.605+0000][4616][safepoint   ] Safepoint "G1CollectForAllocation", Time since last: 183595400 ns, Reaching safepoint: 48754000 ns, At safepoint: 306251800 ns, Total: 355005800 ns
[2024-02-23T09:35:06.727+0000][4616][safepoint   ] Safepoint "Cleanup", Time since last: 13121342800 ns, Reaching safepoint: 167400 ns, At safepoint: 88400 ns, Total: 255800 ns
[2024-02-23T09:35:09.779+0000][4616][safepoint   ] Safepoint "Cleanup", Time since last: 3036435400 ns, Reaching safepoint: 15879300 ns, At safepoint: 82900 ns, Total: 15962200 ns
[2024-02-23T09:35:10.800+0000][4616][safepoint   ] Safepoint "Cleanup", Time since last: 1005352600 ns, Reaching safepoint: 15250700 ns, At safepoint: 24600 ns, Total: 15275300 ns
[2024-02-23T09:35:14.833+0000][4616][safepoint   ] Safepoint "Cleanup", Time since last: 4033399300 ns, Reaching safepoint: 142500 ns, At safepoint: 78800 ns, Total: 221300 ns
[2024-02-23T09:35:26.068+0000][4616][gc,start    ] GC(210) Pause Young (Normal) (G1 Evacuation Pause)
[2024-02-23T09:35:26.068+0000][4616][gc,task     ] GC(210) Using 8 workers of 8 for evacuation
[2024-02-23T09:35:26.068+0000][4616][gc,age      ] GC(210) Desired survivor size 153092096 bytes, new threshold 15 (max threshold 15)
[2024-02-23T09:35:26.089+0000][4616][gc,phases   ] GC(210)   Pre Evacuate Collection Set: 0.2ms
[2024-02-23T09:35:26.089+0000][4616][gc,phases   ] GC(210)   Merge Heap Roots: 0.2ms
[2024-02-23T09:35:26.089+0000][4616][gc,phases   ] GC(210)   Evacuate Collection Set: 17.6ms
[2024-02-23T09:35:26.089+0000][4616][gc,phases   ] GC(210)   Post Evacuate Collection Set: 1.2ms
[2024-02-23T09:35:26.089+0000][4616][gc,phases   ] GC(210)   Other: 0.2ms
[2024-02-23T09:35:26.089+0000][4616][gc,age      ] GC(210) Age table with threshold 15 (max threshold 15)
[2024-02-23T09:35:26.089+0000][4616][gc,age      ] GC(210) - age   1:   79830552 bytes,   79830552 total
[2024-02-23T09:35:26.089+0000][4616][gc,age      ] GC(210) - age   2:    1558064 bytes,   81388616 total
[2024-02-23T09:35:26.089+0000][4616][gc,heap     ] GC(210) Eden regions: 577->0(561)
[2024-02-23T09:35:26.089+0000][4616][gc,heap     ] GC(210) Survivor regions: 4->21(73)
[2024-02-23T09:35:26.089+0000][4616][gc,heap     ] GC(210) Old regions: 201->201
[2024-02-23T09:35:26.089+0000][4616][gc,heap     ] GC(210) Archive regions: 0->0
[2024-02-23T09:35:26.089+0000][4616][gc,heap     ] GC(210) Humongous regions: 7->7
[2024-02-23T09:35:26.089+0000][4616][gc,metaspace] GC(210) Metaspace: 131036K(137088K)->131036K(137088K) NonClass: 114089K(117824K)->114089K(117824K) Class: 16947K(19264K)->16947K(19264K)
[2024-02-23T09:35:26.089+0000][4616][gc          ] GC(210) Pause Young (Normal) (G1 Evacuation Pause) 3155M->914M(4040M) 20.225ms
[2024-02-23T09:35:26.089+0000][4616][gc,cpu      ] GC(210) User=0.16s Sys=0.05s Real=0.02s
[2024-02-23T09:35:26.089+0000][4616][safepoint   ] Safepoint "G1CollectForAllocation", Time since last: 11235356000 ns, Reaching safepoint: 97400 ns, At safepoint: 20496400 ns, Total: 20593800 ns
[2024-02-23T09:35:27.102+0000][4616][safepoint   ] Safepoint "Cleanup", Time since last: 1012512100 ns, Reaching safepoint: 202700 ns, At safepoint: 35500 ns, Total: 238200 ns
[2024-02-23T09:35:37.169+0000][4616][safepoint   ] Safepoint "Cleanup", Time since last: 10066420800 ns, Reaching safepoint: 85900 ns, At safepoint: 28500 ns, Total: 114400 ns
[2024-02-23T09:35:50.254+0000][4616][safepoint   ] Safepoint "Cleanup", Time since last: 13085647800 ns, Reaching safepoint: 78500 ns, At safepoint: 30700 ns, Total: 109200 ns
[2024-02-23T09:35:50.857+0000][4616][gc,start    ] GC(211) Pause Young (Normal) (G1 Evacuation Pause)
[2024-02-23T09:35:50.857+0000][4616][gc,task     ] GC(211) Using 8 workers of 8 for evacuation
[2024-02-23T09:35:50.857+0000][4616][gc,age      ] GC(211) Desired survivor size 153092096 bytes, new threshold 15 (max threshold 15)
[2024-02-23T09:35:50.902+0000][4616][gc,phases   ] GC(211)   Pre Evacuate Collection Set: 0.2ms
[2024-02-23T09:35:50.902+0000][4616][gc,phases   ] GC(211)   Merge Heap Roots: 0.3ms
[2024-02-23T09:35:50.902+0000][4616][gc,phases   ] GC(211)   Evacuate Collection Set: 27.4ms
[2024-02-23T09:35:50.902+0000][4616][gc,phases   ] GC(211)   Post Evacuate Collection Set: 1.3ms
[2024-02-23T09:35:50.902+0000][4616][gc,phases   ] GC(211)   Other: 0.3ms
[2024-02-23T09:35:50.902+0000][4616][gc,age      ] GC(211) Age table with threshold 15 (max threshold 15)
[2024-02-23T09:35:50.902+0000][4616][gc,age      ] GC(211) - age   1:   76749632 bytes,   76749632 total
[2024-02-23T09:35:50.902+0000][4616][gc,age      ] GC(211) - age   2:   60495768 bytes,  137245400 total
[2024-02-23T09:35:50.902+0000][4616][gc,age      ] GC(211) - age   3:     212080 bytes,  137457480 total
[2024-02-23T09:35:50.902+0000][4616][gc,heap     ] GC(211) Eden regions: 561->0(547)
[2024-02-23T09:35:50.902+0000][4616][gc,heap     ] GC(211) Survivor regions: 21->35(73)
[2024-02-23T09:35:50.902+0000][4616][gc,heap     ] GC(211) Old regions: 201->201
[2024-02-23T09:35:50.902+0000][4616][gc,heap     ] GC(211) Archive regions: 0->0
[2024-02-23T09:35:50.902+0000][4616][gc,heap     ] GC(211) Humongous regions: 8->8
[2024-02-23T09:35:50.902+0000][4616][gc,metaspace] GC(211) Metaspace: 131036K(137088K)->131036K(137088K) NonClass: 114089K(117824K)->114089K(117824K) Class: 16947K(19264K)->16947K(19264K)
[2024-02-23T09:35:50.902+0000][4616][gc          ] GC(211) Pause Young (Normal) (G1 Evacuation Pause) 3162M->974M(4040M) 30.162ms
[2024-02-23T09:35:50.902+0000][4616][gc,cpu      ] GC(211) User=0.16s Sys=0.08s Real=0.04s
[2024-02-23T09:35:50.902+0000][4616][safepoint   ] Safepoint "G1CollectForAllocation", Time since last: 618133600 ns, Reaching safepoint: 86000 ns, At safepoint: 30350800 ns, Total: 30436800 ns
[2024-02-23T09:36:11.109+0000][4616][safepoint   ] Safepoint "Cleanup", Time since last: 20206417700 ns, Reaching safepoint: 196200 ns, At safepoint: 31700 ns, Total: 227900 ns
[2024-02-23T09:36:16.157+0000][4616][safepoint   ] Safepoint "Cleanup", Time since last: 5046012600 ns, Reaching safepoint: 206300 ns, At safepoint: 2336900 ns, Total: 2543200 ns
[2024-02-23T09:36:25.027+0000][4616][gc,start    ] GC(212) Pause Young (Normal) (G1 Evacuation Pause)
[2024-02-23T09:36:25.027+0000][4616][gc,task     ] GC(212) Using 8 workers of 8 for evacuation
[2024-02-23T09:36:25.027+0000][4616][gc,age      ] GC(212) Desired survivor size 153092096 bytes, new threshold 15 (max threshold 15)
[2024-02-23T09:36:25.066+0000][4616][gc,phases   ] GC(212)   Pre Evacuate Collection Set: 0.2ms
[2024-02-23T09:36:25.066+0000][4616][gc,phases   ] GC(212)   Merge Heap Roots: 0.3ms
[2024-02-23T09:36:25.067+0000][4616][gc,phases   ] GC(212)   Evacuate Collection Set: 37.5ms
[2024-02-23T09:36:25.067+0000][4616][gc,phases   ] GC(212)   Post Evacuate Collection Set: 1.3ms
[2024-02-23T09:36:25.067+0000][4616][gc,phases   ] GC(212)   Other: 0.2ms
[2024-02-23T09:36:25.067+0000][4616][gc,age      ] GC(212) Age table with threshold 15 (max threshold 15)
[2024-02-23T09:36:25.067+0000][4616][gc,age      ] GC(212) - age   1:   84291064 bytes,   84291064 total
[2024-02-23T09:36:25.067+0000][4616][gc,age      ] GC(212) - age   2:   56717320 bytes,  141008384 total
[2024-02-23T09:36:25.067+0000][4616][gc,age      ] GC(212) - age   3:   46137048 bytes,  187145432 total
[2024-02-23T09:36:25.067+0000][4616][gc,age      ] GC(212) - age   4:     212080 bytes,  187357512 total
[2024-02-23T09:36:25.067+0000][4616][gc,heap     ] GC(212) Eden regions: 547->0(534)
[2024-02-23T09:36:25.067+0000][4616][gc,heap     ] GC(212) Survivor regions: 35->47(73)
[2024-02-23T09:36:25.067+0000][4616][gc,heap     ] GC(212) Old regions: 201->201
[2024-02-23T09:36:25.067+0000][4616][gc,heap     ] GC(212) Archive regions: 0->0
[2024-02-23T09:36:25.067+0000][4616][gc,heap     ] GC(212) Humongous regions: 9->9
[2024-02-23T09:36:25.067+0000][4616][gc,metaspace] GC(212) Metaspace: 131041K(137088K)->131041K(137088K) NonClass: 114094K(117824K)->114094K(117824K) Class: 16947K(19264K)->16947K(19264K)
[2024-02-23T09:36:25.067+0000][4616][gc          ] GC(212) Pause Young (Normal) (G1 Evacuation Pause) 3166M->1027M(4040M) 40.250ms
[2024-02-23T09:36:25.067+0000][4616][gc,cpu      ] GC(212) User=0.25s Sys=0.00s Real=0.04s
[2024-02-23T09:36:25.067+0000][4616][safepoint   ] Safepoint "G1CollectForAllocation", Time since last: 8868946100 ns, Reaching safepoint: 96400 ns, At safepoint: 40427300 ns, Total: 40523700 ns
[2024-02-23T09:36:36.168+0000][4616][safepoint   ] Safepoint "Cleanup", Time since last: 11099845000 ns, Reaching safepoint: 204600 ns, At safepoint: 28900 ns, Total: 233500 ns
[2024-02-23T09:36:52.217+0000][4616][gc,start    ] GC(213) Pause Young (Normal) (G1 Evacuation Pause)
[2024-02-23T09:36:52.217+0000][4616][gc,task     ] GC(213) Using 8 workers of 8 for evacuation
[2024-02-23T09:36:52.217+0000][4616][gc,age      ] GC(213) Desired survivor size 153092096 bytes, new threshold 3 (max threshold 15)
[2024-02-23T09:36:52.314+0000][4616][gc,phases   ] GC(213)   Pre Evacuate Collection Set: 0.4ms
[2024-02-23T09:36:52.314+0000][4616][gc,phases   ] GC(213)   Merge Heap Roots: 0.5ms
[2024-02-23T09:36:52.314+0000][4616][gc,phases   ] GC(213)   Evacuate Collection Set: 88.0ms
[2024-02-23T09:36:52.314+0000][4616][gc,phases   ] GC(213)   Post Evacuate Collection Set: 2.2ms
[2024-02-23T09:36:52.314+0000][4616][gc,phases   ] GC(213)   Other: 0.5ms
[2024-02-23T09:36:52.314+0000][4616][gc,age      ] GC(213) Age table with threshold 3 (max threshold 15)
[2024-02-23T09:36:52.314+0000][4616][gc,age      ] GC(213) - age   1:   74401864 bytes,   74401864 total
[2024-02-23T09:36:52.314+0000][4616][gc,age      ] GC(213) - age   2:   64550888 bytes,  138952752 total
[2024-02-23T09:36:52.314+0000][4616][gc,age      ] GC(213) - age   3:   39892072 bytes,  178844824 total
[2024-02-23T09:36:52.314+0000][4616][gc,heap     ] GC(213) Eden regions: 534->0(528)
[2024-02-23T09:36:52.314+0000][4616][gc,heap     ] GC(213) Survivor regions: 47->45(73)
[2024-02-23T09:36:52.314+0000][4616][gc,heap     ] GC(213) Old regions: 201->210
[2024-02-23T09:36:52.314+0000][4616][gc,heap     ] GC(213) Archive regions: 0->0
[2024-02-23T09:36:52.314+0000][4616][gc,heap     ] GC(213) Humongous regions: 10->10
[2024-02-23T09:36:52.314+0000][4616][gc,metaspace] GC(213) Metaspace: 131041K(137088K)->131041K(137088K) NonClass: 114094K(117824K)->114094K(117824K) Class: 16947K(19264K)->16947K(19264K)
[2024-02-23T09:36:52.315+0000][4616][gc          ] GC(213) Pause Young (Normal) (G1 Evacuation Pause) 3167M->1056M(4040M) 92.694ms
[2024-02-23T09:36:52.315+0000][4616][gc,cpu      ] GC(213) User=0.23s Sys=0.33s Real=0.10s
[2024-02-23T09:36:52.316+0000][4616][safepoint   ] Safepoint "G1CollectForAllocation", Time since last: 16054199000 ns, Reaching safepoint: 129900 ns, At safepoint: 93706700 ns, Total: 93836600 ns
[2024-02-23T09:37:10.453+0000][4616][safepoint   ] Safepoint "Cleanup", Time since last: 18137303000 ns, Reaching safepoint: 313300 ns, At safepoint: 68000 ns, Total: 381300 ns
[2024-02-23T09:37:17.503+0000][4616][safepoint   ] Safepoint "Cleanup", Time since last: 7055933600 ns, Reaching safepoint: 98400 ns, At safepoint: 27700 ns, Total: 126100 ns
[2024-02-23T09:37:17.981+0000][4616][gc,start    ] GC(214) Pause Young (Concurrent Start) (G1 Evacuation Pause)
[2024-02-23T09:37:17.981+0000][4616][gc,task     ] GC(214) Using 8 workers of 8 for evacuation
[2024-02-23T09:37:17.981+0000][4616][gc,age      ] GC(214) Desired survivor size 150994944 bytes, new threshold 3 (max threshold 15)
[2024-02-23T09:37:18.030+0000][4616][gc,phases   ] GC(214)   Pre Evacuate Collection Set: 0.4ms
[2024-02-23T09:37:18.030+0000][4616][gc,phases   ] GC(214)   Merge Heap Roots: 0.3ms
[2024-02-23T09:37:18.030+0000][4616][gc,phases   ] GC(214)   Evacuate Collection Set: 47.5ms
[2024-02-23T09:37:18.030+0000][4616][gc,phases   ] GC(214)   Post Evacuate Collection Set: 1.4ms
[2024-02-23T09:37:18.030+0000][4616][gc,phases   ] GC(214)   Other: 0.6ms
[2024-02-23T09:37:18.030+0000][4616][gc,age      ] GC(214) Age table with threshold 3 (max threshold 15)
[2024-02-23T09:37:18.030+0000][4616][gc,age      ] GC(214) - age   1:   81237032 bytes,   81237032 total
[2024-02-23T09:37:18.030+0000][4616][gc,age      ] GC(214) - age   2:   56618448 bytes,  137855480 total
[2024-02-23T09:37:18.030+0000][4616][gc,age      ] GC(214) - age   3:   46308080 bytes,  184163560 total
[2024-02-23T09:37:18.030+0000][4616][gc,heap     ] GC(214) Eden regions: 528->0(519)
[2024-02-23T09:37:18.030+0000][4616][gc,heap     ] GC(214) Survivor regions: 45->46(72)
[2024-02-23T09:37:18.030+0000][4616][gc,heap     ] GC(214) Old regions: 210->216
[2024-02-23T09:37:18.030+0000][4616][gc,heap     ] GC(214) Archive regions: 0->0
[2024-02-23T09:37:18.030+0000][4616][gc,heap     ] GC(214) Humongous regions: 11->11
[2024-02-23T09:37:18.030+0000][4616][gc,metaspace] GC(214) Metaspace: 131043K(137088K)->131043K(137088K) NonClass: 114096K(117824K)->114096K(117824K) Class: 16947K(19264K)->16947K(19264K)
[2024-02-23T09:37:18.030+0000][4616][gc          ] GC(214) Pause Young (Concurrent Start) (G1 Evacuation Pause) 3172M->1091M(4040M) 51.001ms
[2024-02-23T09:37:18.030+0000][4616][gc,cpu      ] GC(214) User=0.14s Sys=0.16s Real=0.05s
[2024-02-23T09:37:18.030+0000][4616][gc          ] GC(215) Concurrent Mark Cycle
[2024-02-23T09:37:18.030+0000][4616][gc,marking  ] GC(215) Concurrent Clear Claimed Marks
[2024-02-23T09:37:18.030+0000][4616][safepoint   ] Safepoint "G1CollectForAllocation", Time since last: 471672900 ns, Reaching safepoint: 155200 ns, At safepoint: 51309600 ns, Total: 51464800 ns
[2024-02-23T09:37:18.030+0000][4616][gc,marking  ] GC(215) Concurrent Clear Claimed Marks 0.227ms
[2024-02-23T09:37:18.030+0000][4616][gc,marking  ] GC(215) Concurrent Scan Root Regions
[2024-02-23T09:37:18.051+0000][4616][gc,marking  ] GC(215) Concurrent Scan Root Regions 18.731ms
[2024-02-23T09:37:18.051+0000][4616][gc,marking  ] GC(215) Concurrent Mark
[2024-02-23T09:37:18.051+0000][4616][gc,marking  ] GC(215) Concurrent Mark From Roots
[2024-02-23T09:37:18.051+0000][4616][gc,task     ] GC(215) Using 2 workers of 2 for marking
[2024-02-23T09:37:18.314+0000][4616][gc,marking  ] GC(215) Concurrent Mark From Roots 263.205ms
[2024-02-23T09:37:18.314+0000][4616][gc,marking  ] GC(215) Concurrent Preclean
[2024-02-23T09:37:18.315+0000][4616][gc,marking  ] GC(215) Concurrent Preclean 0.655ms
[2024-02-23T09:37:18.315+0000][4616][gc,start    ] GC(215) Pause Remark
[2024-02-23T09:37:18.333+0000][4616][gc          ] GC(215) Pause Remark 1141M->1121M(4040M) 18.587ms
[2024-02-23T09:37:18.333+0000][4616][gc,cpu      ] GC(215) User=0.08s Sys=0.02s Real=0.02s
[2024-02-23T09:37:18.333+0000][4616][safepoint   ] Safepoint "G1Concurrent", Time since last: 282982100 ns, Reaching safepoint: 143900 ns, At safepoint: 18880300 ns, Total: 19024200 ns
[2024-02-23T09:37:18.333+0000][4616][gc,marking  ] GC(215) Concurrent Mark 283.083ms
[2024-02-23T09:37:18.333+0000][4616][gc,marking  ] GC(215) Concurrent Rebuild Remembered Sets
[2024-02-23T09:37:18.527+0000][4616][gc,marking  ] GC(215) Concurrent Rebuild Remembered Sets 194.099ms
[2024-02-23T09:37:18.527+0000][4616][gc,start    ] GC(215) Pause Cleanup
[2024-02-23T09:37:18.527+0000][4616][gc          ] GC(215) Pause Cleanup 1145M->1145M(4040M) 0.536ms
[2024-02-23T09:37:18.527+0000][4616][gc,cpu      ] GC(215) User=0.00s Sys=0.00s Real=0.00s
[2024-02-23T09:37:18.527+0000][4616][safepoint   ] Safepoint "G1Concurrent", Time since last: 194345600 ns, Reaching safepoint: 88000 ns, At safepoint: 694800 ns, Total: 782800 ns
[2024-02-23T09:37:18.527+0000][4616][gc,marking  ] GC(215) Concurrent Cleanup for Next Mark
[2024-02-23T09:37:18.558+0000][4616][gc,marking  ] GC(215) Concurrent Cleanup for Next Mark 28.413ms
[2024-02-23T09:37:18.558+0000][4616][gc          ] GC(215) Concurrent Mark Cycle 525.874ms
[2024-02-23T09:37:36.699+0000][4616][safepoint   ] Safepoint "Cleanup", Time since last: 18137867000 ns, Reaching safepoint: 31312900 ns, At safepoint: 123500 ns, Total: 31436400 ns
[2024-02-23T09:37:38.732+0000][4616][safepoint   ] Safepoint "Cleanup", Time since last: 2032763300 ns, Reaching safepoint: 178500 ns, At safepoint: 36400 ns, Total: 214900 ns
[2024-02-23T09:37:48.656+0000][4616][gc,start    ] GC(216) Pause Young (Prepare Mixed) (G1 Evacuation Pause)
[2024-02-23T09:37:48.656+0000][4616][gc,task     ] GC(216) Using 8 workers of 8 for evacuation
[2024-02-23T09:37:48.656+0000][4616][gc,age      ] GC(216) Desired survivor size 148897792 bytes, new threshold 3 (max threshold 15)
[2024-02-23T09:37:48.697+0000][4616][gc,phases   ] GC(216)   Pre Evacuate Collection Set: 0.2ms
[2024-02-23T09:37:48.697+0000][4616][gc,phases   ] GC(216)   Merge Heap Roots: 0.4ms
[2024-02-23T09:37:48.697+0000][4616][gc,phases   ] GC(216)   Evacuate Collection Set: 48.3ms
[2024-02-23T09:37:48.697+0000][4616][gc,phases   ] GC(216)   Post Evacuate Collection Set: 1.3ms
[2024-02-23T09:37:48.697+0000][4616][gc,phases   ] GC(216)   Other: 0.3ms
[2024-02-23T09:37:48.697+0000][4616][gc,age      ] GC(216) Age table with threshold 3 (max threshold 15)
[2024-02-23T09:37:48.697+0000][4616][gc,age      ] GC(216) - age   1:   77537936 bytes,   77537936 total
[2024-02-23T09:37:48.697+0000][4616][gc,age      ] GC(216) - age   2:   67052408 bytes,  144590344 total
[2024-02-23T09:37:48.697+0000][4616][gc,age      ] GC(216) - age   3:   34841592 bytes,  179431936 total
[2024-02-23T09:37:48.697+0000][4616][gc,heap     ] GC(216) Eden regions: 519->0(5)
[2024-02-23T09:37:48.697+0000][4616][gc,heap     ] GC(216) Survivor regions: 46->45(71)
[2024-02-23T09:37:48.697+0000][4616][gc,heap     ] GC(216) Old regions: 216->223
[2024-02-23T09:37:48.697+0000][4616][gc,heap     ] GC(216) Archive regions: 0->0
[2024-02-23T09:37:48.697+0000][4616][gc,heap     ] GC(216) Humongous regions: 6->6
[2024-02-23T09:37:48.697+0000][4616][gc,metaspace] GC(216) Metaspace: 131043K(137088K)->131043K(137088K) NonClass: 114096K(117824K)->114096K(117824K) Class: 16947K(19264K)->16947K(19264K)
[2024-02-23T09:37:48.697+0000][4616][gc          ] GC(216) Pause Young (Prepare Mixed) (G1 Evacuation Pause) 3147M->1090M(4040M) 51.079ms
[2024-02-23T09:37:48.697+0000][4616][gc,cpu      ] GC(216) User=0.20s Sys=0.14s Real=0.04s
[2024-02-23T09:37:48.697+0000][4616][safepoint   ] Safepoint "G1CollectForAllocation", Time since last: 9925968700 ns, Reaching safepoint: 96300 ns, At safepoint: 51298300 ns, Total: 51394600 ns
[2024-02-23T09:37:49.073+0000][4616][gc,start    ] GC(217) Pause Young (Mixed) (G1 Evacuation Pause)
[2024-02-23T09:37:49.073+0000][4616][gc,task     ] GC(217) Using 8 workers of 8 for evacuation
[2024-02-23T09:37:49.073+0000][4616][gc,age      ] GC(217) Desired survivor size 14680064 bytes, new threshold 1 (max threshold 15)
[2024-02-23T09:37:49.520+0000][4616][gc,mmu      ] GC(217) MMU target violated: 201.0ms (200.0ms/201.0ms)
[2024-02-23T09:37:49.520+0000][4616][gc,phases   ] GC(217)   Pre Evacuate Collection Set: 0.4ms
[2024-02-23T09:37:49.520+0000][4616][gc,phases   ] GC(217)   Merge Heap Roots: 0.7ms
[2024-02-23T09:37:49.520+0000][4616][gc,phases   ] GC(217)   Evacuate Collection Set: 448.0ms
[2024-02-23T09:37:49.520+0000][4616][gc,phases   ] GC(217)   Post Evacuate Collection Set: 1.6ms
[2024-02-23T09:37:49.520+0000][4616][gc,phases   ] GC(217)   Other: 0.4ms
[2024-02-23T09:37:49.520+0000][4616][gc,age      ] GC(217) Age table with threshold 1 (max threshold 15)
[2024-02-23T09:37:49.520+0000][4616][gc,age      ] GC(217) - age   1:     267888 bytes,     267888 total
[2024-02-23T09:37:49.520+0000][4616][gc,heap     ] GC(217) Eden regions: 5->0(573)
[2024-02-23T09:37:49.520+0000][4616][gc,heap     ] GC(217) Survivor regions: 45->4(7)
[2024-02-23T09:37:49.520+0000][4616][gc,heap     ] GC(217) Old regions: 223->204
[2024-02-23T09:37:49.520+0000][4616][gc,heap     ] GC(217) Archive regions: 0->0
[2024-02-23T09:37:49.520+0000][4616][gc,heap     ] GC(217) Humongous regions: 6->6
[2024-02-23T09:37:49.520+0000][4616][gc,metaspace] GC(217) Metaspace: 131043K(137088K)->131043K(137088K) NonClass: 114096K(117824K)->114096K(117824K) Class: 16947K(19264K)->16947K(19264K)
[2024-02-23T09:37:49.520+0000][4616][gc          ] GC(217) Pause Young (Mixed) (G1 Evacuation Pause) 1110M->853M(4040M) 451.753ms
[2024-02-23T09:37:49.520+0000][4616][gc,cpu      ] GC(217) User=0.30s Sys=1.39s Real=0.45s
[2024-02-23T09:37:49.520+0000][4616][safepoint   ] Safepoint "G1CollectForAllocation", Time since last: 363821100 ns, Reaching safepoint: 187600 ns, At safepoint: 452378300 ns, Total: 452565900 ns
[2024-02-23T09:38:12.092+0000][4616][safepoint   ] Safepoint "Cleanup", Time since last: 21159492200 ns, Reaching safepoint: 1406809100 ns, At safepoint: 141900 ns, Total: 1406951000 ns
[2024-02-23T09:38:20.741+0000][4616][gc,start    ] GC(218) Pause Young (Normal) (G1 Evacuation Pause)
[2024-02-23T09:38:20.741+0000][4616][gc,task     ] GC(218) Using 8 workers of 8 for evacuation
[2024-02-23T09:38:20.741+0000][4616][gc,age      ] GC(218) Desired survivor size 153092096 bytes, new threshold 15 (max threshold 15)
[2024-02-23T09:38:20.761+0000][4616][gc,phases   ] GC(218)   Pre Evacuate Collection Set: 0.2ms
[2024-02-23T09:38:20.762+0000][4616][gc,phases   ] GC(218)   Merge Heap Roots: 0.3ms
[2024-02-23T09:38:20.762+0000][4616][gc,phases   ] GC(218)   Evacuate Collection Set: 17.9ms
[2024-02-23T09:38:20.762+0000][4616][gc,phases   ] GC(218)   Post Evacuate Collection Set: 1.5ms
[2024-02-23T09:38:20.762+0000][4616][gc,phases   ] GC(218)   Other: 0.3ms
[2024-02-23T09:38:20.762+0000][4616][gc,age      ] GC(218) Age table with threshold 15 (max threshold 15)
[2024-02-23T09:38:20.762+0000][4616][gc,age      ] GC(218) - age   1:   79189176 bytes,   79189176 total
[2024-02-23T09:38:20.762+0000][4616][gc,age      ] GC(218) - age   2:     179480 bytes,   79368656 total
[2024-02-23T09:38:20.762+0000][4616][gc,heap     ] GC(218) Eden regions: 573->0(558)
[2024-02-23T09:38:20.762+0000][4616][gc,heap     ] GC(218) Survivor regions: 4->20(73)
[2024-02-23T09:38:20.762+0000][4616][gc,heap     ] GC(218) Old regions: 204->204
[2024-02-23T09:38:20.762+0000][4616][gc,heap     ] GC(218) Archive regions: 0->0
[2024-02-23T09:38:20.762+0000][4616][gc,heap     ] GC(218) Humongous regions: 7->7
[2024-02-23T09:38:20.762+0000][4616][gc,metaspace] GC(218) Metaspace: 131044K(137088K)->131044K(137088K) NonClass: 114097K(117824K)->114097K(117824K) Class: 16947K(19264K)->16947K(19264K)
[2024-02-23T09:38:20.762+0000][4616][gc          ] GC(218) Pause Young (Normal) (G1 Evacuation Pause) 3149M->921M(4040M) 20.709ms
[2024-02-23T09:38:20.762+0000][4616][gc,cpu      ] GC(218) User=0.25s Sys=0.00s Real=0.02s
[2024-02-23T09:38:20.762+0000][4616][safepoint   ] Safepoint "G1CollectForAllocation", Time since last: 8648950500 ns, Reaching safepoint: 160300 ns, At safepoint: 20898800 ns, Total: 21059100 ns
[2024-02-23T09:38:45.613+0000][4616][gc,start    ] GC(219) Pause Young (Normal) (G1 Evacuation Pause)
[2024-02-23T09:38:45.613+0000][4616][gc,task     ] GC(219) Using 8 workers of 8 for evacuation
[2024-02-23T09:38:45.613+0000][4616][gc,age      ] GC(219) Desired survivor size 153092096 bytes, new threshold 15 (max threshold 15)
[2024-02-23T09:38:45.657+0000][4616][gc,phases   ] GC(219)   Pre Evacuate Collection Set: 0.2ms
[2024-02-23T09:38:45.657+0000][4616][gc,phases   ] GC(219)   Merge Heap Roots: 0.3ms
[2024-02-23T09:38:45.657+0000][4616][gc,phases   ] GC(219)   Evacuate Collection Set: 30.8ms
[2024-02-23T09:38:45.657+0000][4616][gc,phases   ] GC(219)   Post Evacuate Collection Set: 1.3ms
[2024-02-23T09:38:45.657+0000][4616][gc,phases   ] GC(219)   Other: 0.3ms
[2024-02-23T09:38:45.657+0000][4616][gc,age      ] GC(219) Age table with threshold 15 (max threshold 15)
[2024-02-23T09:38:45.657+0000][4616][gc,age      ] GC(219) - age   1:   84684224 bytes,   84684224 total
[2024-02-23T09:38:45.657+0000][4616][gc,age      ] GC(219) - age   2:   58475528 bytes,  143159752 total
[2024-02-23T09:38:45.657+0000][4616][gc,age      ] GC(219) - age   3:      56320 bytes,  143216072 total
[2024-02-23T09:38:45.657+0000][4616][gc,heap     ] GC(219) Eden regions: 558->0(542)
[2024-02-23T09:38:45.657+0000][4616][gc,heap     ] GC(219) Survivor regions: 20->36(73)
[2024-02-23T09:38:45.657+0000][4616][gc,heap     ] GC(219) Old regions: 204->204
[2024-02-23T09:38:45.657+0000][4616][gc,heap     ] GC(219) Archive regions: 0->0
[2024-02-23T09:38:45.657+0000][4616][gc,heap     ] GC(219) Humongous regions: 8->8
[2024-02-23T09:38:45.657+0000][4616][gc,metaspace] GC(219) Metaspace: 131044K(137088K)->131044K(137088K) NonClass: 114097K(117824K)->114097K(117824K) Class: 16947K(19264K)->16947K(19264K)
[2024-02-23T09:38:45.657+0000][4616][gc          ] GC(219) Pause Young (Normal) (G1 Evacuation Pause) 3157M->988M(4040M) 33.459ms
[2024-02-23T09:38:45.657+0000][4616][gc,cpu      ] GC(219) User=0.22s Sys=0.00s Real=0.04s
[2024-02-23T09:38:45.657+0000][4616][safepoint   ] Safepoint "G1CollectForAllocation", Time since last: 24863517200 ns, Reaching safepoint: 155000 ns, At safepoint: 33689300 ns, Total: 33844300 ns
[2024-02-23T09:38:54.721+0000][4616][safepoint   ] Safepoint "Cleanup", Time since last: 9061206800 ns, Reaching safepoint: 118400 ns, At safepoint: 26700 ns, Total: 145100 ns
[2024-02-23T09:39:08.572+0000][4616][gc,start    ] GC(220) Pause Young (Normal) (G1 Evacuation Pause)
[2024-02-23T09:39:08.572+0000][4616][gc,task     ] GC(220) Using 8 workers of 8 for evacuation
[2024-02-23T09:39:08.572+0000][4616][gc,age      ] GC(220) Desired survivor size 153092096 bytes, new threshold 15 (max threshold 15)
[2024-02-23T09:39:08.609+0000][4616][gc,phases   ] GC(220)   Pre Evacuate Collection Set: 0.2ms
[2024-02-23T09:39:08.609+0000][4616][gc,phases   ] GC(220)   Merge Heap Roots: 0.3ms
[2024-02-23T09:39:08.609+0000][4616][gc,phases   ] GC(220)   Evacuate Collection Set: 35.9ms
[2024-02-23T09:39:08.609+0000][4616][gc,phases   ] GC(220)   Post Evacuate Collection Set: 1.4ms
[2024-02-23T09:39:08.609+0000][4616][gc,phases   ] GC(220)   Other: 0.3ms
[2024-02-23T09:39:08.609+0000][4616][gc,age      ] GC(220) Age table with threshold 15 (max threshold 15)
[2024-02-23T09:39:08.609+0000][4616][gc,age      ] GC(220) - age   1:   74441720 bytes,   74441720 total
[2024-02-23T09:39:08.609+0000][4616][gc,age      ] GC(220) - age   2:   64521448 bytes,  138963168 total
[2024-02-23T09:39:08.609+0000][4616][gc,age      ] GC(220) - age   3:   41820728 bytes,  180783896 total
[2024-02-23T09:39:08.609+0000][4616][gc,age      ] GC(220) - age   4:      56192 bytes,  180840088 total
[2024-02-23T09:39:08.609+0000][4616][gc,heap     ] GC(220) Eden regions: 542->0(534)
[2024-02-23T09:39:08.609+0000][4616][gc,heap     ] GC(220) Survivor regions: 36->46(73)
[2024-02-23T09:39:08.609+0000][4616][gc,heap     ] GC(220) Old regions: 204->204
[2024-02-23T09:39:08.609+0000][4616][gc,heap     ] GC(220) Archive regions: 0->0
[2024-02-23T09:39:08.609+0000][4616][gc,heap     ] GC(220) Humongous regions: 9->9
[2024-02-23T09:39:08.609+0000][4616][gc,metaspace] GC(220) Metaspace: 131044K(137088K)->131044K(137088K) NonClass: 114097K(117824K)->114097K(117824K) Class: 16947K(19264K)->16947K(19264K)
[2024-02-23T09:39:08.609+0000][4616][gc          ] GC(220) Pause Young (Normal) (G1 Evacuation Pause) 3160M->1030M(4040M) 38.917ms
[2024-02-23T09:39:08.609+0000][4616][gc,cpu      ] GC(220) User=0.25s Sys=0.00s Real=0.04s
[2024-02-23T09:39:08.609+0000][4616][safepoint   ] Safepoint "G1CollectForAllocation", Time since last: 13853078600 ns, Reaching safepoint: 110300 ns, At safepoint: 39333400 ns, Total: 39443700 ns
[2024-02-23T09:39:32.815+0000][4616][safepoint   ] Safepoint "Cleanup", Time since last: 24201373100 ns, Reaching safepoint: 208900 ns, At safepoint: 47600 ns, Total: 256500 ns
[2024-02-23T09:39:38.692+0000][4616][gc,start    ] GC(221) Pause Young (Normal) (G1 Evacuation Pause)
[2024-02-23T09:39:38.692+0000][4616][gc,task     ] GC(221) Using 8 workers of 8 for evacuation
[2024-02-23T09:39:38.692+0000][4616][gc,age      ] GC(221) Desired survivor size 153092096 bytes, new threshold 3 (max threshold 15)
[2024-02-23T09:39:38.753+0000][4616][gc,phases   ] GC(221)   Pre Evacuate Collection Set: 0.5ms
[2024-02-23T09:39:38.753+0000][4616][gc,phases   ] GC(221)   Merge Heap Roots: 0.3ms
[2024-02-23T09:39:38.753+0000][4616][gc,phases   ] GC(221)   Evacuate Collection Set: 59.0ms
[2024-02-23T09:39:38.753+0000][4616][gc,phases   ] GC(221)   Post Evacuate Collection Set: 1.0ms
[2024-02-23T09:39:38.753+0000][4616][gc,phases   ] GC(221)   Other: 0.3ms
[2024-02-23T09:39:38.753+0000][4616][gc,age      ] GC(221) Age table with threshold 3 (max threshold 15)
[2024-02-23T09:39:38.753+0000][4616][gc,age      ] GC(221) - age   1:   84458384 bytes,   84458384 total
[2024-02-23T09:39:38.753+0000][4616][gc,age      ] GC(221) - age   2:   54686696 bytes,  139145080 total
[2024-02-23T09:39:38.753+0000][4616][gc,age      ] GC(221) - age   3:   45139240 bytes,  184284320 total
[2024-02-23T09:39:38.753+0000][4616][gc,heap     ] GC(221) Eden regions: 534->0(525)
[2024-02-23T09:39:38.753+0000][4616][gc,heap     ] GC(221) Survivor regions: 46->46(73)
[2024-02-23T09:39:38.753+0000][4616][gc,heap     ] GC(221) Old regions: 204->211
[2024-02-23T09:39:38.753+0000][4616][gc,heap     ] GC(221) Archive regions: 0->0
[2024-02-23T09:39:38.753+0000][4616][gc,heap     ] GC(221) Humongous regions: 10->10
[2024-02-23T09:39:38.753+0000][4616][gc,metaspace] GC(221) Metaspace: 131046K(137088K)->131046K(137088K) NonClass: 114099K(117824K)->114099K(117824K) Class: 16947K(19264K)->16947K(19264K)
[2024-02-23T09:39:38.753+0000][4616][gc          ] GC(221) Pause Young (Normal) (G1 Evacuation Pause) 3170M->1063M(4040M) 61.692ms
[2024-02-23T09:39:38.753+0000][4616][gc,cpu      ] GC(221) User=0.09s Sys=0.06s Real=0.06s
[2024-02-23T09:39:38.753+0000][4616][safepoint   ] Safepoint "G1CollectForAllocation", Time since last: 5877110800 ns, Reaching safepoint: 70900 ns, At safepoint: 61898500 ns, Total: 61969400 ns
[2024-02-23T09:39:46.847+0000][4616][safepoint   ] Safepoint "Cleanup", Time since last: 8092366800 ns, Reaching safepoint: 275400 ns, At safepoint: 34200 ns, Total: 309600 ns
[2024-02-23T09:40:09.544+0000][4616][gc,start    ] GC(222) Pause Young (Concurrent Start) (G1 Evacuation Pause)
[2024-02-23T09:40:09.544+0000][4616][gc,task     ] GC(222) Using 8 workers of 8 for evacuation
[2024-02-23T09:40:09.544+0000][4616][gc,age      ] GC(222) Desired survivor size 150994944 bytes, new threshold 3 (max threshold 15)
[2024-02-23T09:40:09.612+0000][4616][gc,phases   ] GC(222)   Pre Evacuate Collection Set: 0.6ms
[2024-02-23T09:40:09.612+0000][4616][gc,phases   ] GC(222)   Merge Heap Roots: 0.3ms
[2024-02-23T09:40:09.612+0000][4616][gc,phases   ] GC(222)   Evacuate Collection Set: 66.3ms
[2024-02-23T09:40:09.612+0000][4616][gc,phases   ] GC(222)   Post Evacuate Collection Set: 1.3ms
[2024-02-23T09:40:09.612+0000][4616][gc,phases   ] GC(222)   Other: 0.7ms
[2024-02-23T09:40:09.612+0000][4616][gc,age      ] GC(222) Age table with threshold 3 (max threshold 15)
[2024-02-23T09:40:09.612+0000][4616][gc,age      ] GC(222) - age   1:   74183024 bytes,   74183024 total
[2024-02-23T09:40:09.612+0000][4616][gc,age      ] GC(222) - age   2:   66730024 bytes,  140913048 total
[2024-02-23T09:40:09.612+0000][4616][gc,age      ] GC(222) - age   3:   38476208 bytes,  179389256 total
[2024-02-23T09:40:09.612+0000][4616][gc,heap     ] GC(222) Eden regions: 525->0(519)
[2024-02-23T09:40:09.612+0000][4616][gc,heap     ] GC(222) Survivor regions: 46->45(72)
[2024-02-23T09:40:09.612+0000][4616][gc,heap     ] GC(222) Old regions: 211->219
[2024-02-23T09:40:09.612+0000][4616][gc,heap     ] GC(222) Archive regions: 0->0
[2024-02-23T09:40:09.612+0000][4616][gc,heap     ] GC(222) Humongous regions: 10->10
[2024-02-23T09:40:09.612+0000][4616][gc,metaspace] GC(222) Metaspace: 131046K(137088K)->131046K(137088K) NonClass: 114099K(117824K)->114099K(117824K) Class: 16947K(19264K)->16947K(19264K)
[2024-02-23T09:40:09.612+0000][4616][gc          ] GC(222) Pause Young (Concurrent Start) (G1 Evacuation Pause) 3163M->1092M(4040M) 69.822ms
[2024-02-23T09:40:09.612+0000][4616][gc          ] GC(223) Concurrent Mark Cycle
[2024-02-23T09:40:09.612+0000][4616][gc,cpu      ] GC(222) User=0.17s Sys=0.17s Real=0.07s
[2024-02-23T09:40:09.612+0000][4616][gc,marking  ] GC(223) Concurrent Clear Claimed Marks
[2024-02-23T09:40:09.612+0000][4616][safepoint   ] Safepoint "G1CollectForAllocation", Time since last: 22697738200 ns, Reaching safepoint: 136900 ns, At safepoint: 70176300 ns, Total: 70313200 ns
[2024-02-23T09:40:09.612+0000][4616][gc,marking  ] GC(223) Concurrent Clear Claimed Marks 0.257ms
[2024-02-23T09:40:09.612+0000][4616][gc,marking  ] GC(223) Concurrent Scan Root Regions
[2024-02-23T09:40:09.638+0000][4616][gc,marking  ] GC(223) Concurrent Scan Root Regions 22.801ms
[2024-02-23T09:40:09.638+0000][4616][gc,marking  ] GC(223) Concurrent Mark
[2024-02-23T09:40:09.638+0000][4616][gc,marking  ] GC(223) Concurrent Mark From Roots
[2024-02-23T09:40:09.638+0000][4616][gc,task     ] GC(223) Using 2 workers of 2 for marking
[2024-02-23T09:40:09.904+0000][4616][gc,marking  ] GC(223) Concurrent Mark From Roots 277.801ms
[2024-02-23T09:40:09.904+0000][4616][gc,marking  ] GC(223) Concurrent Preclean
[2024-02-23T09:40:09.917+0000][4616][gc,marking  ] GC(223) Concurrent Preclean 1.318ms
[2024-02-23T09:40:09.917+0000][4616][gc,start    ] GC(223) Pause Remark
[2024-02-23T09:40:09.929+0000][4616][gc          ] GC(223) Pause Remark 1133M->1113M(4040M) 17.283ms
[2024-02-23T09:40:09.929+0000][4616][gc,cpu      ] GC(223) User=0.00s Sys=0.00s Real=0.01s
[2024-02-23T09:40:09.929+0000][4616][safepoint   ] Safepoint "G1Concurrent", Time since last: 302357200 ns, Reaching safepoint: 88500 ns, At safepoint: 17543800 ns, Total: 17632300 ns
[2024-02-23T09:40:09.929+0000][4616][gc,marking  ] GC(223) Concurrent Mark 297.069ms
[2024-02-23T09:40:09.929+0000][4616][gc,marking  ] GC(223) Concurrent Rebuild Remembered Sets
[2024-02-23T09:40:10.109+0000][4616][gc,marking  ] GC(223) Concurrent Rebuild Remembered Sets 187.922ms
[2024-02-23T09:40:10.109+0000][4616][gc,start    ] GC(223) Pause Cleanup
[2024-02-23T09:40:10.109+0000][4616][gc          ] GC(223) Pause Cleanup 1151M->1151M(4040M) 0.469ms
[2024-02-23T09:40:10.109+0000][4616][gc,cpu      ] GC(223) User=0.00s Sys=0.00s Real=0.00s
[2024-02-23T09:40:10.109+0000][4616][safepoint   ] Safepoint "G1Concurrent", Time since last: 188157000 ns, Reaching safepoint: 103100 ns, At safepoint: 619800 ns, Total: 722900 ns
[2024-02-23T09:40:10.109+0000][4616][gc,marking  ] GC(223) Concurrent Cleanup for Next Mark
[2024-02-23T09:40:10.125+0000][4616][gc,marking  ] GC(223) Concurrent Cleanup for Next Mark 9.487ms
[2024-02-23T09:40:10.125+0000][4616][gc          ] GC(223) Concurrent Mark Cycle 518.749ms
[2024-02-23T09:40:12.127+0000][4616][safepoint   ] Safepoint "Cleanup", Time since last: 2003522900 ns, Reaching safepoint: 107400 ns, At safepoint: 42100 ns, Total: 149500 ns
[2024-02-23T09:40:13.137+0000][4616][safepoint   ] Safepoint "Cleanup", Time since last: 1009222200 ns, Reaching safepoint: 88900 ns, At safepoint: 16900 ns, Total: 105800 ns
[2024-02-23T09:40:45.496+0000][4616][gc,start    ] GC(224) Pause Young (Prepare Mixed) (G1 Evacuation Pause)
[2024-02-23T09:40:45.496+0000][4616][gc,task     ] GC(224) Using 8 workers of 8 for evacuation
[2024-02-23T09:40:45.496+0000][4616][gc,age      ] GC(224) Desired survivor size 148897792 bytes, new threshold 3 (max threshold 15)
[2024-02-23T09:40:45.548+0000][4616][gc,phases   ] GC(224)   Pre Evacuate Collection Set: 0.3ms
[2024-02-23T09:40:45.548+0000][4616][gc,phases   ] GC(224)   Merge Heap Roots: 0.3ms
[2024-02-23T09:40:45.548+0000][4616][gc,phases   ] GC(224)   Evacuate Collection Set: 49.5ms
[2024-02-23T09:40:45.548+0000][4616][gc,phases   ] GC(224)   Post Evacuate Collection Set: 1.3ms
[2024-02-23T09:40:45.548+0000][4616][gc,phases   ] GC(224)   Other: 0.5ms
[2024-02-23T09:40:45.548+0000][4616][gc,age      ] GC(224) Age table with threshold 3 (max threshold 15)
[2024-02-23T09:40:45.548+0000][4616][gc,age      ] GC(224) - age   1:   75915320 bytes,   75915320 total
[2024-02-23T09:40:45.548+0000][4616][gc,age      ] GC(224) - age   2:   57787592 bytes,  133702912 total
[2024-02-23T09:40:45.548+0000][4616][gc,age      ] GC(224) - age   3:   41302312 bytes,  175005224 total
[2024-02-23T09:40:45.548+0000][4616][gc,heap     ] GC(224) Eden regions: 519->0(5)
[2024-02-23T09:40:45.548+0000][4616][gc,heap     ] GC(224) Survivor regions: 45->45(71)
[2024-02-23T09:40:45.548+0000][4616][gc,heap     ] GC(224) Old regions: 219->225
[2024-02-23T09:40:45.548+0000][4616][gc,heap     ] GC(224) Archive regions: 0->0
[2024-02-23T09:40:45.548+0000][4616][gc,heap     ] GC(224) Humongous regions: 6->6
[2024-02-23T09:40:45.548+0000][4616][gc,metaspace] GC(224) Metaspace: 131046K(137088K)->131046K(137088K) NonClass: 114099K(117824K)->114099K(117824K) Class: 16947K(19264K)->16947K(19264K)
[2024-02-23T09:40:45.548+0000][4616][gc          ] GC(224) Pause Young (Prepare Mixed) (G1 Evacuation Pause) 3152M->1103M(4040M) 52.572ms
[2024-02-23T09:40:45.548+0000][4616][gc,cpu      ] GC(224) User=0.27s Sys=0.08s Real=0.05s
[2024-02-23T09:40:45.548+0000][4616][safepoint   ] Safepoint "G1CollectForAllocation", Time since last: 32359042500 ns, Reaching safepoint: 122600 ns, At safepoint: 52833600 ns, Total: 52956200 ns
[2024-02-23T09:40:45.567+0000][4616][gc,start    ] GC(225) Pause Young (Mixed) (G1 Evacuation Pause)
[2024-02-23T09:40:45.567+0000][4616][gc,task     ] GC(225) Using 8 workers of 8 for evacuation
[2024-02-23T09:40:45.567+0000][4616][gc,age      ] GC(225) Desired survivor size 14680064 bytes, new threshold 1 (max threshold 15)
[2024-02-23T09:40:45.805+0000][4616][gc,mmu      ] GC(225) MMU target violated: 201.0ms (200.0ms/201.0ms)
[2024-02-23T09:40:45.805+0000][4616][gc,phases   ] GC(225)   Pre Evacuate Collection Set: 0.2ms
[2024-02-23T09:40:45.805+0000][4616][gc,phases   ] GC(225)   Merge Heap Roots: 0.3ms
[2024-02-23T09:40:45.805+0000][4616][gc,phases   ] GC(225)   Evacuate Collection Set: 230.9ms
[2024-02-23T09:40:45.805+0000][4616][gc,phases   ] GC(225)   Post Evacuate Collection Set: 1.2ms
[2024-02-23T09:40:45.805+0000][4616][gc,phases   ] GC(225)   Other: 0.3ms
[2024-02-23T09:40:45.805+0000][4616][gc,age      ] GC(225) Age table with threshold 1 (max threshold 15)
[2024-02-23T09:40:45.805+0000][4616][gc,age      ] GC(225) - age   1:    1727808 bytes,    1727808 total
[2024-02-23T09:40:45.805+0000][4616][gc,heap     ] GC(225) Eden regions: 5->0(574)
[2024-02-23T09:40:45.805+0000][4616][gc,heap     ] GC(225) Survivor regions: 45->4(7)
[2024-02-23T09:40:45.805+0000][4616][gc,heap     ] GC(225) Old regions: 225->205
[2024-02-23T09:40:45.805+0000][4616][gc,heap     ] GC(225) Archive regions: 0->0
[2024-02-23T09:40:45.805+0000][4616][gc,heap     ] GC(225) Humongous regions: 6->6
[2024-02-23T09:40:45.805+0000][4616][gc,metaspace] GC(225) Metaspace: 131046K(137088K)->131046K(137088K) NonClass: 114099K(117824K)->114099K(117824K) Class: 16947K(19264K)->16947K(19264K)
[2024-02-23T09:40:45.805+0000][4616][gc          ] GC(225) Pause Young (Mixed) (G1 Evacuation Pause) 1123M->858M(4040M) 233.252ms
[2024-02-23T09:40:45.805+0000][4616][gc,cpu      ] GC(225) User=0.22s Sys=0.91s Real=0.24s
[2024-02-23T09:40:45.805+0000][4616][safepoint   ] Safepoint "G1CollectForAllocation", Time since last: 25212600 ns, Reaching safepoint: 110900 ns, At safepoint: 233599900 ns, Total: 233710800 ns
[2024-02-23T09:41:12.058+0000][4616][safepoint   ] Safepoint "Cleanup", Time since last: 26218454600 ns, Reaching safepoint: 31391900 ns, At safepoint: 59700 ns, Total: 31451600 ns
[2024-02-23T09:41:14.067+0000][4616][safepoint   ] Safepoint "Cleanup", Time since last: 2009298200 ns, Reaching safepoint: 138800 ns, At safepoint: 37900 ns, Total: 176700 ns
[2024-02-23T09:41:14.442+0000][4616][gc,start    ] GC(226) Pause Young (Normal) (G1 Evacuation Pause)
[2024-02-23T09:41:14.442+0000][4616][gc,task     ] GC(226) Using 8 workers of 8 for evacuation
[2024-02-23T09:41:14.442+0000][4616][gc,age      ] GC(226) Desired survivor size 153092096 bytes, new threshold 15 (max threshold 15)
[2024-02-23T09:41:14.475+0000][4616][gc,phases   ] GC(226)   Pre Evacuate Collection Set: 0.4ms
[2024-02-23T09:41:14.475+0000][4616][gc,phases   ] GC(226)   Merge Heap Roots: 0.5ms
[2024-02-23T09:41:14.475+0000][4616][gc,phases   ] GC(226)   Evacuate Collection Set: 23.6ms
[2024-02-23T09:41:14.475+0000][4616][gc,phases   ] GC(226)   Post Evacuate Collection Set: 2.2ms
[2024-02-23T09:41:14.475+0000][4616][gc,phases   ] GC(226)   Other: 0.5ms
[2024-02-23T09:41:14.475+0000][4616][gc,age      ] GC(226) Age table with threshold 15 (max threshold 15)
[2024-02-23T09:41:14.475+0000][4616][gc,age      ] GC(226) - age   1:   78954832 bytes,   78954832 total
[2024-02-23T09:41:14.475+0000][4616][gc,age      ] GC(226) - age   2:    1308512 bytes,   80263344 total
[2024-02-23T09:41:14.475+0000][4616][gc,heap     ] GC(226) Eden regions: 574->0(557)
[2024-02-23T09:41:14.475+0000][4616][gc,heap     ] GC(226) Survivor regions: 4->21(73)
[2024-02-23T09:41:14.475+0000][4616][gc,heap     ] GC(226) Old regions: 205->205
[2024-02-23T09:41:14.475+0000][4616][gc,heap     ] GC(226) Archive regions: 0->0
[2024-02-23T09:41:14.475+0000][4616][gc,heap     ] GC(226) Humongous regions: 7->7
[2024-02-23T09:41:14.475+0000][4616][gc,metaspace] GC(226) Metaspace: 131049K(137088K)->131049K(137088K) NonClass: 114102K(117824K)->114102K(117824K) Class: 16947K(19264K)->16947K(19264K)
[2024-02-23T09:41:14.475+0000][4616][gc          ] GC(226) Pause Young (Normal) (G1 Evacuation Pause) 3158M->927M(4040M) 28.429ms
[2024-02-23T09:41:14.475+0000][4616][gc,cpu      ] GC(226) User=0.25s Sys=0.00s Real=0.03s
[2024-02-23T09:41:14.475+0000][4616][safepoint   ] Safepoint "G1CollectForAllocation", Time since last: 381994300 ns, Reaching safepoint: 173600 ns, At safepoint: 28916500 ns, Total: 29090100 ns
[2024-02-23T09:41:16.539+0000][4616][safepoint   ] Safepoint "Cleanup", Time since last: 2020643200 ns, Reaching safepoint: 40191600 ns, At safepoint: 276700 ns, Total: 40468300 ns
[2024-02-23T09:41:24.624+0000][4616][safepoint   ] Safepoint "Cleanup", Time since last: 8085208200 ns, Reaching safepoint: 120400 ns, At safepoint: 72000 ns, Total: 192400 ns
[2024-02-23T09:41:28.699+0000][4616][safepoint   ] Safepoint "Cleanup", Time since last: 3030120600 ns, Reaching safepoint: 1044183300 ns, At safepoint: 159000 ns, Total: 1044342300 ns
[2024-02-23T09:41:40.790+0000][4616][safepoint   ] Safepoint "Cleanup", Time since last: 12074176400 ns, Reaching safepoint: 17186900 ns, At safepoint: 74800 ns, Total: 17261700 ns
[2024-02-23T09:41:42.814+0000][4616][safepoint   ] Safepoint "Cleanup", Time since last: 2023243300 ns, Reaching safepoint: 88100 ns, At safepoint: 24100 ns, Total: 112200 ns
[2024-02-23T09:41:54.168+0000][4616][gc,start    ] GC(227) Pause Young (Normal) (G1 Evacuation Pause)
[2024-02-23T09:41:54.168+0000][4616][gc,task     ] GC(227) Using 8 workers of 8 for evacuation
[2024-02-23T09:41:54.168+0000][4616][gc,age      ] GC(227) Desired survivor size 153092096 bytes, new threshold 15 (max threshold 15)
[2024-02-23T09:41:54.199+0000][4616][gc,phases   ] GC(227)   Pre Evacuate Collection Set: 0.2ms
[2024-02-23T09:41:54.199+0000][4616][gc,phases   ] GC(227)   Merge Heap Roots: 0.2ms
[2024-02-23T09:41:54.199+0000][4616][gc,phases   ] GC(227)   Evacuate Collection Set: 28.7ms
[2024-02-23T09:41:54.199+0000][4616][gc,phases   ] GC(227)   Post Evacuate Collection Set: 1.3ms
[2024-02-23T09:41:54.199+0000][4616][gc,phases   ] GC(227)   Other: 0.2ms
[2024-02-23T09:41:54.199+0000][4616][gc,age      ] GC(227) Age table with threshold 15 (max threshold 15)
[2024-02-23T09:41:54.199+0000][4616][gc,age      ] GC(227) - age   1:   76710368 bytes,   76710368 total
[2024-02-23T09:41:54.199+0000][4616][gc,age      ] GC(227) - age   2:   63835744 bytes,  140546112 total
[2024-02-23T09:41:54.199+0000][4616][gc,age      ] GC(227) - age   3:     131432 bytes,  140677544 total
[2024-02-23T09:41:54.199+0000][4616][gc,heap     ] GC(227) Eden regions: 557->0(543)
[2024-02-23T09:41:54.199+0000][4616][gc,heap     ] GC(227) Survivor regions: 21->36(73)
[2024-02-23T09:41:54.199+0000][4616][gc,heap     ] GC(227) Old regions: 205->205
[2024-02-23T09:41:54.199+0000][4616][gc,heap     ] GC(227) Archive regions: 0->0
[2024-02-23T09:41:54.199+0000][4616][gc,heap     ] GC(227) Humongous regions: 8->8
[2024-02-23T09:41:54.199+0000][4616][gc,metaspace] GC(227) Metaspace: 131050K(137088K)->131050K(137088K) NonClass: 114103K(117824K)->114103K(117824K) Class: 16947K(19264K)->16947K(19264K)
[2024-02-23T09:41:54.199+0000][4616][gc          ] GC(227) Pause Young (Normal) (G1 Evacuation Pause) 3159M->991M(4040M) 31.435ms
[2024-02-23T09:41:54.199+0000][4616][gc,cpu      ] GC(227) User=0.25s Sys=0.00s Real=0.03s
[2024-02-23T09:41:54.199+0000][4616][safepoint   ] Safepoint "G1CollectForAllocation", Time since last: 11362773600 ns, Reaching safepoint: 144300 ns, At safepoint: 31650900 ns, Total: 31795200 ns
[2024-02-23T09:42:07.294+0000][4616][safepoint   ] Safepoint "Cleanup", Time since last: 13084842900 ns, Reaching safepoint: 127200 ns, At safepoint: 83300 ns, Total: 210500 ns
[2024-02-23T09:42:10.315+0000][4616][safepoint   ] Safepoint "Cleanup", Time since last: 3021397700 ns, Reaching safepoint: 126300 ns, At safepoint: 23800 ns, Total: 150100 ns
[2024-02-23T09:42:18.984+0000][4616][gc,start    ] GC(228) Pause Young (Normal) (G1 Evacuation Pause)
[2024-02-23T09:42:18.985+0000][4616][gc,task     ] GC(228) Using 8 workers of 8 for evacuation
[2024-02-23T09:42:18.985+0000][4616][gc,age      ] GC(228) Desired survivor size 153092096 bytes, new threshold 15 (max threshold 15)
[2024-02-23T09:42:19.027+0000][4616][gc,phases   ] GC(228)   Pre Evacuate Collection Set: 0.2ms
[2024-02-23T09:42:19.028+0000][4616][gc,phases   ] GC(228)   Merge Heap Roots: 0.2ms
[2024-02-23T09:42:19.028+0000][4616][gc,phases   ] GC(228)   Evacuate Collection Set: 41.0ms
[2024-02-23T09:42:19.028+0000][4616][gc,phases   ] GC(228)   Post Evacuate Collection Set: 1.2ms
[2024-02-23T09:42:19.028+0000][4616][gc,phases   ] GC(228)   Other: 0.2ms
[2024-02-23T09:42:19.028+0000][4616][gc,age      ] GC(228) Age table with threshold 15 (max threshold 15)
[2024-02-23T09:42:19.028+0000][4616][gc,age      ] GC(228) - age   1:   88331104 bytes,   88331104 total
[2024-02-23T09:42:19.028+0000][4616][gc,age      ] GC(228) - age   2:   57130192 bytes,  145461296 total
[2024-02-23T09:42:19.028+0000][4616][gc,age      ] GC(228) - age   3:   41954368 bytes,  187415664 total
[2024-02-23T09:42:19.028+0000][4616][gc,age      ] GC(228) - age   4:      62048 bytes,  187477712 total
[2024-02-23T09:42:19.028+0000][4616][gc,heap     ] GC(228) Eden regions: 543->0(529)
[2024-02-23T09:42:19.028+0000][4616][gc,heap     ] GC(228) Survivor regions: 36->47(73)
[2024-02-23T09:42:19.028+0000][4616][gc,heap     ] GC(228) Old regions: 205->205
[2024-02-23T09:42:19.028+0000][4616][gc,heap     ] GC(228) Archive regions: 0->0
[2024-02-23T09:42:19.028+0000][4616][gc,heap     ] GC(228) Humongous regions: 9->9
[2024-02-23T09:42:19.028+0000][4616][gc,metaspace] GC(228) Metaspace: 131055K(137088K)->131055K(137088K) NonClass: 114108K(117824K)->114108K(117824K) Class: 16947K(19264K)->16947K(19264K)
[2024-02-23T09:42:19.028+0000][4616][gc          ] GC(228) Pause Young (Normal) (G1 Evacuation Pause) 3167M->1042M(4040M) 43.630ms
[2024-02-23T09:42:19.028+0000][4616][gc,cpu      ] GC(228) User=0.28s Sys=0.09s Real=0.04s
[2024-02-23T09:42:19.028+0000][4616][safepoint   ] Safepoint "G1CollectForAllocation", Time since last: 8669934000 ns, Reaching safepoint: 106900 ns, At safepoint: 43848000 ns, Total: 43954900 ns
[2024-02-23T09:42:37.044+0000][4616][gc,start    ] GC(229) Pause Young (Normal) (G1 Evacuation Pause)
[2024-02-23T09:42:37.044+0000][4616][gc,task     ] GC(229) Using 8 workers of 8 for evacuation
[2024-02-23T09:42:37.044+0000][4616][gc,age      ] GC(229) Desired survivor size 150994944 bytes, new threshold 3 (max threshold 15)
[2024-02-23T09:42:37.123+0000][4616][gc,phases   ] GC(229)   Pre Evacuate Collection Set: 0.5ms
[2024-02-23T09:42:37.123+0000][4616][gc,phases   ] GC(229)   Merge Heap Roots: 0.5ms
[2024-02-23T09:42:37.123+0000][4616][gc,phases   ] GC(229)   Evacuate Collection Set: 65.5ms
[2024-02-23T09:42:37.123+0000][4616][gc,phases   ] GC(229)   Post Evacuate Collection Set: 2.0ms
[2024-02-23T09:42:37.123+0000][4616][gc,phases   ] GC(229)   Other: 0.4ms
[2024-02-23T09:42:37.123+0000][4616][gc,age      ] GC(229) Age table with threshold 3 (max threshold 15)
[2024-02-23T09:42:37.123+0000][4616][gc,age      ] GC(229) - age   1:   79507816 bytes,   79507816 total
[2024-02-23T09:42:37.123+0000][4616][gc,age      ] GC(229) - age   2:   64832368 bytes,  144340184 total
[2024-02-23T09:42:37.123+0000][4616][gc,age      ] GC(229) - age   3:   39370600 bytes,  183710784 total
[2024-02-23T09:42:37.123+0000][4616][gc,heap     ] GC(229) Eden regions: 529->0(522)
[2024-02-23T09:42:37.123+0000][4616][gc,heap     ] GC(229) Survivor regions: 47->47(72)
[2024-02-23T09:42:37.123+0000][4616][gc,heap     ] GC(229) Old regions: 205->213
[2024-02-23T09:42:37.123+0000][4616][gc,heap     ] GC(229) Archive regions: 0->0
[2024-02-23T09:42:37.123+0000][4616][gc,heap     ] GC(229) Humongous regions: 9->9
[2024-02-23T09:42:37.123+0000][4616][gc,metaspace] GC(229) Metaspace: 131055K(137088K)->131055K(137088K) NonClass: 114108K(117824K)->114108K(117824K) Class: 16947K(19264K)->16947K(19264K)
[2024-02-23T09:42:37.123+0000][4616][gc          ] GC(229) Pause Young (Normal) (G1 Evacuation Pause) 3158M->1073M(4040M) 69.913ms
[2024-02-23T09:42:37.123+0000][4616][gc,cpu      ] GC(229) User=0.34s Sys=0.06s Real=0.08s
[2024-02-23T09:42:37.123+0000][4616][safepoint   ] Safepoint "G1CollectForAllocation", Time since last: 18025531200 ns, Reaching safepoint: 173700 ns, At safepoint: 70161100 ns, Total: 70334800 ns
[2024-02-23T09:42:45.195+0000][4616][safepoint   ] Safepoint "Cleanup", Time since last: 8069921600 ns, Reaching safepoint: 76900 ns, At safepoint: 8700 ns, Total: 85600 ns
[2024-02-23T09:43:08.593+0000][4616][gc,start    ] GC(230) Pause Young (Concurrent Start) (G1 Evacuation Pause)
[2024-02-23T09:43:08.593+0000][4616][gc,task     ] GC(230) Using 8 workers of 8 for evacuation
[2024-02-23T09:43:08.593+0000][4616][gc,age      ] GC(230) Desired survivor size 150994944 bytes, new threshold 3 (max threshold 15)
[2024-02-23T09:43:08.676+0000][4616][gc,phases   ] GC(230)   Pre Evacuate Collection Set: 0.6ms
[2024-02-23T09:43:08.676+0000][4616][gc,phases   ] GC(230)   Merge Heap Roots: 0.2ms
[2024-02-23T09:43:08.676+0000][4616][gc,phases   ] GC(230)   Evacuate Collection Set: 74.1ms
[2024-02-23T09:43:08.677+0000][4616][gc,phases   ] GC(230)   Post Evacuate Collection Set: 1.6ms
[2024-02-23T09:43:08.677+0000][4616][gc,phases   ] GC(230)   Other: 0.2ms
[2024-02-23T09:43:08.677+0000][4616][gc,age      ] GC(230) Age table with threshold 3 (max threshold 15)
[2024-02-23T09:43:08.677+0000][4616][gc,age      ] GC(230) - age   1:   73452336 bytes,   73452336 total
[2024-02-23T09:43:08.677+0000][4616][gc,age      ] GC(230) - age   2:   63506904 bytes,  136959240 total
[2024-02-23T09:43:08.677+0000][4616][gc,age      ] GC(230) - age   3:   46310888 bytes,  183270128 total
[2024-02-23T09:43:08.677+0000][4616][gc,heap     ] GC(230) Eden regions: 522->0(517)
[2024-02-23T09:43:08.677+0000][4616][gc,heap     ] GC(230) Survivor regions: 47->46(72)
[2024-02-23T09:43:08.677+0000][4616][gc,heap     ] GC(230) Old regions: 213->219
[2024-02-23T09:43:08.677+0000][4616][gc,heap     ] GC(230) Archive regions: 0->0
[2024-02-23T09:43:08.677+0000][4616][gc,heap     ] GC(230) Humongous regions: 10->10
[2024-02-23T09:43:08.677+0000][4616][gc,metaspace] GC(230) Metaspace: 131055K(137088K)->131055K(137088K) NonClass: 114108K(117824K)->114108K(117824K) Class: 16947K(19264K)->16947K(19264K)
[2024-02-23T09:43:08.677+0000][4616][gc          ] GC(230) Pause Young (Concurrent Start) (G1 Evacuation Pause) 3165M->1096M(4040M) 77.541ms
[2024-02-23T09:43:08.677+0000][4616][gc,cpu      ] GC(230) User=0.12s Sys=0.20s Real=0.08s
[2024-02-23T09:43:08.677+0000][4616][gc          ] GC(231) Concurrent Mark Cycle
[2024-02-23T09:43:08.677+0000][4616][gc,marking  ] GC(231) Concurrent Clear Claimed Marks
[2024-02-23T09:43:08.677+0000][4616][safepoint   ] Safepoint "G1CollectForAllocation", Time since last: 23404564200 ns, Reaching safepoint: 181700 ns, At safepoint: 77886400 ns, Total: 78068100 ns
[2024-02-23T09:43:08.677+0000][4616][gc,marking  ] GC(231) Concurrent Clear Claimed Marks 0.229ms
[2024-02-23T09:43:08.678+0000][4616][gc,marking  ] GC(231) Concurrent Scan Root Regions
[2024-02-23T09:43:08.692+0000][4616][gc,marking  ] GC(231) Concurrent Scan Root Regions 23.559ms
[2024-02-23T09:43:08.692+0000][4616][gc,marking  ] GC(231) Concurrent Mark
[2024-02-23T09:43:08.692+0000][4616][gc,marking  ] GC(231) Concurrent Mark From Roots
[2024-02-23T09:43:08.692+0000][4616][gc,task     ] GC(231) Using 2 workers of 2 for marking
[2024-02-23T09:43:08.994+0000][4616][gc,marking  ] GC(231) Concurrent Mark From Roots 292.378ms
[2024-02-23T09:43:08.994+0000][4616][gc,marking  ] GC(231) Concurrent Preclean
[2024-02-23T09:43:08.994+0000][4616][gc,marking  ] GC(231) Concurrent Preclean 0.906ms
[2024-02-23T09:43:08.995+0000][4616][gc,start    ] GC(231) Pause Remark
[2024-02-23T09:43:09.016+0000][4616][gc          ] GC(231) Pause Remark 1160M->1140M(4040M) 20.921ms
[2024-02-23T09:43:09.016+0000][4616][gc,cpu      ] GC(231) User=0.11s Sys=0.00s Real=0.02s
[2024-02-23T09:43:09.016+0000][4616][safepoint   ] Safepoint "G1Concurrent", Time since last: 317418100 ns, Reaching safepoint: 108600 ns, At safepoint: 21140500 ns, Total: 21249100 ns
[2024-02-23T09:43:09.016+0000][4616][gc,marking  ] GC(231) Concurrent Mark 314.840ms
[2024-02-23T09:43:09.016+0000][4616][gc,marking  ] GC(231) Concurrent Rebuild Remembered Sets
[2024-02-23T09:43:09.211+0000][4616][gc,marking  ] GC(231) Concurrent Rebuild Remembered Sets 195.581ms
[2024-02-23T09:43:09.211+0000][4616][gc,start    ] GC(231) Pause Cleanup
[2024-02-23T09:43:09.212+0000][4616][gc          ] GC(231) Pause Cleanup 1164M->1164M(4040M) 0.454ms
[2024-02-23T09:43:09.212+0000][4616][gc,cpu      ] GC(231) User=0.00s Sys=0.00s Real=0.00s
[2024-02-23T09:43:09.212+0000][4616][safepoint   ] Safepoint "G1Concurrent", Time since last: 195845600 ns, Reaching safepoint: 101700 ns, At safepoint: 638900 ns, Total: 740600 ns
[2024-02-23T09:43:09.212+0000][4616][gc,marking  ] GC(231) Concurrent Cleanup for Next Mark
[2024-02-23T09:43:09.222+0000][4616][gc,marking  ] GC(231) Concurrent Cleanup for Next Mark 9.803ms
[2024-02-23T09:43:09.222+0000][4616][gc          ] GC(231) Concurrent Mark Cycle 545.425ms
[2024-02-23T09:43:11.222+0000][4616][safepoint   ] Safepoint "Cleanup", Time since last: 2008694300 ns, Reaching safepoint: 114300 ns, At safepoint: 8300 ns, Total: 122600 ns
[2024-02-23T09:43:20.266+0000][4616][safepoint   ] Safepoint "Cleanup", Time since last: 9044123800 ns, Reaching safepoint: 102800 ns, At safepoint: 35300 ns, Total: 138100 ns
[2024-02-23T09:43:33.436+0000][4616][safepoint   ] Safepoint "G1CollectForAllocation", Time since last: 13170259600 ns, Reaching safepoint: 144300 ns, At safepoint: 31800 ns, Total: 176100 ns
[2024-02-23T09:43:33.437+0000][4616][gc,start    ] GC(232) Pause Young (Prepare Mixed) (GCLocker Initiated GC)
[2024-02-23T09:43:33.437+0000][4616][gc,task     ] GC(232) Using 8 workers of 8 for evacuation
[2024-02-23T09:43:33.437+0000][4616][gc,age      ] GC(232) Desired survivor size 148897792 bytes, new threshold 3 (max threshold 15)
[2024-02-23T09:43:33.523+0000][4616][gc,phases   ] GC(232)   Pre Evacuate Collection Set: 0.5ms
[2024-02-23T09:43:33.523+0000][4616][gc,phases   ] GC(232)   Merge Heap Roots: 0.8ms
[2024-02-23T09:43:33.523+0000][4616][gc,phases   ] GC(232)   Evacuate Collection Set: 83.5ms
[2024-02-23T09:43:33.523+0000][4616][gc,phases   ] GC(232)   Post Evacuate Collection Set: 3.1ms
[2024-02-23T09:43:33.523+0000][4616][gc,phases   ] GC(232)   Other: 2.1ms
[2024-02-23T09:43:33.523+0000][4616][gc,age      ] GC(232) Age table with threshold 3 (max threshold 15)
[2024-02-23T09:43:33.523+0000][4616][gc,age      ] GC(232) - age   1:   71136408 bytes,   71136408 total
[2024-02-23T09:43:33.523+0000][4616][gc,age      ] GC(232) - age   2:   59787184 bytes,  130923592 total
[2024-02-23T09:43:33.523+0000][4616][gc,age      ] GC(232) - age   3:   42865704 bytes,  173789296 total
[2024-02-23T09:43:33.523+0000][4616][gc,heap     ] GC(232) Eden regions: 517->0(7)
[2024-02-23T09:43:33.523+0000][4616][gc,heap     ] GC(232) Survivor regions: 46->43(71)
[2024-02-23T09:43:33.523+0000][4616][gc,heap     ] GC(232) Old regions: 219->227
[2024-02-23T09:43:33.523+0000][4616][gc,heap     ] GC(232) Archive regions: 0->0
[2024-02-23T09:43:33.523+0000][4616][gc,heap     ] GC(232) Humongous regions: 6->6
[2024-02-23T09:43:33.523+0000][4616][gc,metaspace] GC(232) Metaspace: 131064K(137088K)->131064K(137088K) NonClass: 114117K(117824K)->114117K(117824K) Class: 16947K(19264K)->16947K(19264K)
[2024-02-23T09:43:33.523+0000][4616][gc          ] GC(232) Pause Young (Prepare Mixed) (GCLocker Initiated GC) 3148M->1101M(4040M) 91.087ms
[2024-02-23T09:43:33.523+0000][4616][gc,cpu      ] GC(232) User=0.39s Sys=0.17s Real=0.09s
[2024-02-23T09:43:33.523+0000][4616][safepoint   ] Safepoint "G1CollectForAllocation", Time since last: 306200 ns, Reaching safepoint: 125200 ns, At safepoint: 91488200 ns, Total: 91613400 ns
[2024-02-23T09:43:33.681+0000][4616][gc,start    ] GC(233) Pause Young (Mixed) (G1 Evacuation Pause)
[2024-02-23T09:43:33.681+0000][4616][gc,task     ] GC(233) Using 8 workers of 8 for evacuation
[2024-02-23T09:43:33.681+0000][4616][gc,age      ] GC(233) Desired survivor size 14680064 bytes, new threshold 1 (max threshold 15)
[2024-02-23T09:43:33.873+0000][4616][gc,phases   ] GC(233)   Pre Evacuate Collection Set: 0.3ms
[2024-02-23T09:43:33.873+0000][4616][gc,phases   ] GC(233)   Merge Heap Roots: 0.4ms
[2024-02-23T09:43:33.873+0000][4616][gc,phases   ] GC(233)   Evacuate Collection Set: 178.7ms
[2024-02-23T09:43:33.873+0000][4616][gc,phases   ] GC(233)   Post Evacuate Collection Set: 1.2ms
[2024-02-23T09:43:33.873+0000][4616][gc,phases   ] GC(233)   Other: 1.7ms
[2024-02-23T09:43:33.873+0000][4616][gc,age      ] GC(233) Age table with threshold 1 (max threshold 15)
[2024-02-23T09:43:33.873+0000][4616][gc,age      ] GC(233) - age   1:    1582824 bytes,    1582824 total
[2024-02-23T09:43:33.873+0000][4616][gc,heap     ] GC(233) Eden regions: 7->0(574)
[2024-02-23T09:43:33.873+0000][4616][gc,heap     ] GC(233) Survivor regions: 43->4(7)
[2024-02-23T09:43:33.873+0000][4616][gc,heap     ] GC(233) Old regions: 227->204
[2024-02-23T09:43:33.873+0000][4616][gc,heap     ] GC(233) Archive regions: 0->0
[2024-02-23T09:43:33.873+0000][4616][gc,heap     ] GC(233) Humongous regions: 6->6
[2024-02-23T09:43:33.873+0000][4616][gc,metaspace] GC(233) Metaspace: 131064K(137088K)->131064K(137088K) NonClass: 114117K(117824K)->114117K(117824K) Class: 16947K(19264K)->16947K(19264K)
[2024-02-23T09:43:33.873+0000][4616][gc          ] GC(233) Pause Young (Mixed) (G1 Evacuation Pause) 1129M->853M(4040M) 182.936ms
[2024-02-23T09:43:33.873+0000][4616][gc,cpu      ] GC(233) User=0.28s Sys=0.56s Real=0.19s
[2024-02-23T09:43:33.873+0000][4616][safepoint   ] Safepoint "G1CollectForAllocation", Time since last: 165179700 ns, Reaching safepoint: 167000 ns, At safepoint: 183303300 ns, Total: 183470300 ns
[2024-02-23T09:44:01.727+0000][4616][gc,start    ] GC(234) Pause Young (Normal) (G1 Evacuation Pause)
[2024-02-23T09:44:01.727+0000][4616][gc,task     ] GC(234) Using 8 workers of 8 for evacuation
[2024-02-23T09:44:01.727+0000][4616][gc,age      ] GC(234) Desired survivor size 153092096 bytes, new threshold 15 (max threshold 15)
[2024-02-23T09:44:01.751+0000][4616][gc,phases   ] GC(234)   Pre Evacuate Collection Set: 0.6ms
[2024-02-23T09:44:01.751+0000][4616][gc,phases   ] GC(234)   Merge Heap Roots: 0.3ms
[2024-02-23T09:44:01.751+0000][4616][gc,phases   ] GC(234)   Evacuate Collection Set: 17.2ms
[2024-02-23T09:44:01.751+0000][4616][gc,phases   ] GC(234)   Post Evacuate Collection Set: 1.4ms
[2024-02-23T09:44:01.751+0000][4616][gc,phases   ] GC(234)   Other: 0.2ms
[2024-02-23T09:44:01.751+0000][4616][gc,age      ] GC(234) Age table with threshold 15 (max threshold 15)
[2024-02-23T09:44:01.751+0000][4616][gc,age      ] GC(234) - age   1:   79328368 bytes,   79328368 total
[2024-02-23T09:44:01.751+0000][4616][gc,age      ] GC(234) - age   2:     400872 bytes,   79729240 total
[2024-02-23T09:44:01.751+0000][4616][gc,heap     ] GC(234) Eden regions: 574->0(558)
[2024-02-23T09:44:01.751+0000][4616][gc,heap     ] GC(234) Survivor regions: 4->21(73)
[2024-02-23T09:44:01.751+0000][4616][gc,heap     ] GC(234) Old regions: 204->204
[2024-02-23T09:44:01.751+0000][4616][gc,heap     ] GC(234) Archive regions: 0->0
[2024-02-23T09:44:01.751+0000][4616][gc,heap     ] GC(234) Humongous regions: 7->7
[2024-02-23T09:44:01.751+0000][4616][gc,metaspace] GC(234) Metaspace: 131064K(137088K)->131064K(137088K) NonClass: 114117K(117824K)->114117K(117824K) Class: 16947K(19264K)->16947K(19264K)
[2024-02-23T09:44:01.751+0000][4616][gc          ] GC(234) Pause Young (Normal) (G1 Evacuation Pause) 3153M->922M(4040M) 20.166ms
[2024-02-23T09:44:01.751+0000][4616][gc,cpu      ] GC(234) User=0.12s Sys=0.00s Real=0.02s
[2024-02-23T09:44:01.751+0000][4616][safepoint   ] Safepoint "G1CollectForAllocation", Time since last: 27861945800 ns, Reaching safepoint: 117800 ns, At safepoint: 20309800 ns, Total: 20427600 ns
[2024-02-23T09:44:10.818+0000][4616][safepoint   ] Safepoint "Cleanup", Time since last: 9058314000 ns, Reaching safepoint: 285700 ns, At safepoint: 95300 ns, Total: 381000 ns
[2024-02-23T09:44:12.843+0000][4616][safepoint   ] Safepoint "Cleanup", Time since last: 2024584300 ns, Reaching safepoint: 134700 ns, At safepoint: 24700 ns, Total: 159400 ns
[2024-02-23T09:44:18.006+0000][4616][gc,start    ] GC(235) Pause Young (Normal) (G1 Evacuation Pause)
[2024-02-23T09:44:18.006+0000][4616][gc,task     ] GC(235) Using 8 workers of 8 for evacuation
[2024-02-23T09:44:18.006+0000][4616][gc,age      ] GC(235) Desired survivor size 153092096 bytes, new threshold 15 (max threshold 15)
[2024-02-23T09:44:18.036+0000][4616][gc,phases   ] GC(235)   Pre Evacuate Collection Set: 0.2ms
[2024-02-23T09:44:18.036+0000][4616][gc,phases   ] GC(235)   Merge Heap Roots: 0.3ms
[2024-02-23T09:44:18.037+0000][4616][gc,phases   ] GC(235)   Evacuate Collection Set: 29.3ms
[2024-02-23T09:44:18.037+0000][4616][gc,phases   ] GC(235)   Post Evacuate Collection Set: 1.1ms
[2024-02-23T09:44:18.037+0000][4616][gc,phases   ] GC(235)   Other: 0.2ms
[2024-02-23T09:44:18.037+0000][4616][gc,age      ] GC(235) Age table with threshold 15 (max threshold 15)
[2024-02-23T09:44:18.037+0000][4616][gc,age      ] GC(235) - age   1:   85386424 bytes,   85386424 total
[2024-02-23T09:44:18.037+0000][4616][gc,age      ] GC(235) - age   2:   60244472 bytes,  145630896 total
[2024-02-23T09:44:18.037+0000][4616][gc,age      ] GC(235) - age   3:     260944 bytes,  145891840 total
[2024-02-23T09:44:18.037+0000][4616][gc,heap     ] GC(235) Eden regions: 558->0(541)
[2024-02-23T09:44:18.037+0000][4616][gc,heap     ] GC(235) Survivor regions: 21->37(73)
[2024-02-23T09:44:18.037+0000][4616][gc,heap     ] GC(235) Old regions: 204->204
[2024-02-23T09:44:18.037+0000][4616][gc,heap     ] GC(235) Archive regions: 0->0
[2024-02-23T09:44:18.037+0000][4616][gc,heap     ] GC(235) Humongous regions: 8->8
[2024-02-23T09:44:18.037+0000][4616][gc,metaspace] GC(235) Metaspace: 131066K(137088K)->131066K(137088K) NonClass: 114119K(117824K)->114119K(117824K) Class: 16947K(19264K)->16947K(19264K)
[2024-02-23T09:44:18.037+0000][4616][gc          ] GC(235) Pause Young (Normal) (G1 Evacuation Pause) 3158M->990M(4040M) 31.766ms
[2024-02-23T09:44:18.037+0000][4616][gc,cpu      ] GC(235) User=0.14s Sys=0.03s Real=0.03s
[2024-02-23T09:44:18.037+0000][4616][safepoint   ] Safepoint "G1CollectForAllocation", Time since last: 5163075500 ns, Reaching safepoint: 151500 ns, At safepoint: 31955700 ns, Total: 32107200 ns
[2024-02-23T09:44:52.735+0000][4616][gc,start    ] GC(236) Pause Young (Normal) (G1 Evacuation Pause)
[2024-02-23T09:44:52.735+0000][4616][gc,task     ] GC(236) Using 8 workers of 8 for evacuation
[2024-02-23T09:44:52.735+0000][4616][gc,age      ] GC(236) Desired survivor size 153092096 bytes, new threshold 15 (max threshold 15)
[2024-02-23T09:44:52.771+0000][4616][gc,phases   ] GC(236)   Pre Evacuate Collection Set: 0.3ms
[2024-02-23T09:44:52.771+0000][4616][gc,phases   ] GC(236)   Merge Heap Roots: 0.4ms
[2024-02-23T09:44:52.771+0000][4616][gc,phases   ] GC(236)   Evacuate Collection Set: 39.5ms
[2024-02-23T09:44:52.771+0000][4616][gc,phases   ] GC(236)   Post Evacuate Collection Set: 2.1ms
[2024-02-23T09:44:52.771+0000][4616][gc,phases   ] GC(236)   Other: 0.4ms
[2024-02-23T09:44:52.771+0000][4616][gc,age      ] GC(236) Age table with threshold 15 (max threshold 15)
[2024-02-23T09:44:52.771+0000][4616][gc,age      ] GC(236) - age   1:   81466024 bytes,   81466024 total
[2024-02-23T09:44:52.771+0000][4616][gc,age      ] GC(236) - age   2:   66870616 bytes,  148336640 total
[2024-02-23T09:44:52.771+0000][4616][gc,age      ] GC(236) - age   3:   36574696 bytes,  184911336 total
[2024-02-23T09:44:52.771+0000][4616][gc,age      ] GC(236) - age   4:     215784 bytes,  185127120 total
[2024-02-23T09:44:52.771+0000][4616][gc,heap     ] GC(236) Eden regions: 541->0(531)
[2024-02-23T09:44:52.771+0000][4616][gc,heap     ] GC(236) Survivor regions: 37->47(73)
[2024-02-23T09:44:52.771+0000][4616][gc,heap     ] GC(236) Old regions: 204->204
[2024-02-23T09:44:52.771+0000][4616][gc,heap     ] GC(236) Archive regions: 0->0
[2024-02-23T09:44:52.771+0000][4616][gc,heap     ] GC(236) Humongous regions: 8->8
[2024-02-23T09:44:52.771+0000][4616][gc,metaspace] GC(236) Metaspace: 131066K(137088K)->131066K(137088K) NonClass: 114119K(117824K)->114119K(117824K) Class: 16947K(19264K)->16947K(19264K)
[2024-02-23T09:44:52.771+0000][4616][gc          ] GC(236) Pause Young (Normal) (G1 Evacuation Pause) 3154M->1031M(4040M) 44.047ms
[2024-02-23T09:44:52.771+0000][4616][gc,cpu      ] GC(236) User=0.25s Sys=0.00s Real=0.04s
[2024-02-23T09:44:52.771+0000][4616][safepoint   ] Safepoint "G1CollectForAllocation", Time since last: 34701549700 ns, Reaching safepoint: 279700 ns, At safepoint: 44572600 ns, Total: 44852300 ns
[2024-02-23T09:45:16.895+0000][4616][gc,start    ] GC(237) Pause Young (Normal) (G1 Evacuation Pause)
[2024-02-23T09:45:16.895+0000][4616][gc,task     ] GC(237) Using 8 workers of 8 for evacuation
[2024-02-23T09:45:16.895+0000][4616][gc,age      ] GC(237) Desired survivor size 153092096 bytes, new threshold 3 (max threshold 15)
[2024-02-23T09:45:16.967+0000][4616][gc,phases   ] GC(237)   Pre Evacuate Collection Set: 2.5ms
[2024-02-23T09:45:16.967+0000][4616][gc,phases   ] GC(237)   Merge Heap Roots: 0.3ms
[2024-02-23T09:45:16.967+0000][4616][gc,phases   ] GC(237)   Evacuate Collection Set: 55.6ms
[2024-02-23T09:45:16.967+0000][4616][gc,phases   ] GC(237)   Post Evacuate Collection Set: 1.5ms
[2024-02-23T09:45:16.967+0000][4616][gc,phases   ] GC(237)   Other: 1.7ms
[2024-02-23T09:45:16.967+0000][4616][gc,age      ] GC(237) Age table with threshold 3 (max threshold 15)
[2024-02-23T09:45:16.967+0000][4616][gc,age      ] GC(237) - age   1:   86098528 bytes,   86098528 total
[2024-02-23T09:45:16.967+0000][4616][gc,age      ] GC(237) - age   2:   58897936 bytes,  144996464 total
[2024-02-23T09:45:16.967+0000][4616][gc,age      ] GC(237) - age   3:   44402816 bytes,  189399280 total
[2024-02-23T09:45:16.967+0000][4616][gc,heap     ] GC(237) Eden regions: 531->0(523)
[2024-02-23T09:45:16.967+0000][4616][gc,heap     ] GC(237) Survivor regions: 47->48(73)
[2024-02-23T09:45:16.967+0000][4616][gc,heap     ] GC(237) Old regions: 204->210
[2024-02-23T09:45:16.967+0000][4616][gc,heap     ] GC(237) Archive regions: 0->0
[2024-02-23T09:45:16.967+0000][4616][gc,heap     ] GC(237) Humongous regions: 9->9
[2024-02-23T09:45:16.967+0000][4616][gc,metaspace] GC(237) Metaspace: 131066K(137088K)->131066K(137088K) NonClass: 114119K(117824K)->114119K(117824K) Class: 16947K(19264K)->16947K(19264K)
[2024-02-23T09:45:16.967+0000][4616][gc          ] GC(237) Pause Young (Normal) (G1 Evacuation Pause) 3159M->1064M(4040M) 62.086ms
[2024-02-23T09:45:16.967+0000][4616][gc,cpu      ] GC(237) User=0.27s Sys=0.02s Real=0.07s
[2024-02-23T09:45:16.967+0000][4616][safepoint   ] Safepoint "G1CollectForAllocation", Time since last: 24122771400 ns, Reaching safepoint: 148000 ns, At safepoint: 62341600 ns, Total: 62489600 ns
[2024-02-23T09:45:38.604+0000][4616][gc,start    ] GC(238) Pause Young (Normal) (G1 Evacuation Pause)
[2024-02-23T09:45:38.604+0000][4616][gc,task     ] GC(238) Using 8 workers of 8 for evacuation
[2024-02-23T09:45:38.604+0000][4616][gc,age      ] GC(238) Desired survivor size 150994944 bytes, new threshold 3 (max threshold 15)
[2024-02-23T09:45:38.667+0000][4616][gc,phases   ] GC(238)   Pre Evacuate Collection Set: 0.2ms
[2024-02-23T09:45:38.667+0000][4616][gc,phases   ] GC(238)   Merge Heap Roots: 0.4ms
[2024-02-23T09:45:38.667+0000][4616][gc,phases   ] GC(238)   Evacuate Collection Set: 47.8ms
[2024-02-23T09:45:38.667+0000][4616][gc,phases   ] GC(238)   Post Evacuate Collection Set: 1.4ms
[2024-02-23T09:45:38.667+0000][4616][gc,phases   ] GC(238)   Other: 1.3ms
[2024-02-23T09:45:38.667+0000][4616][gc,age      ] GC(238) Age table with threshold 3 (max threshold 15)
[2024-02-23T09:45:38.667+0000][4616][gc,age      ] GC(238) - age   1:   67399704 bytes,   67399704 total
[2024-02-23T09:45:38.667+0000][4616][gc,age      ] GC(238) - age   2:   71461024 bytes,  138860728 total
[2024-02-23T09:45:38.667+0000][4616][gc,age      ] GC(238) - age   3:   42641992 bytes,  181502720 total
[2024-02-23T09:45:38.667+0000][4616][gc,heap     ] GC(238) Eden regions: 523->0(519)
[2024-02-23T09:45:38.667+0000][4616][gc,heap     ] GC(238) Survivor regions: 48->46(72)
[2024-02-23T09:45:38.667+0000][4616][gc,heap     ] GC(238) Old regions: 210->218
[2024-02-23T09:45:38.667+0000][4616][gc,heap     ] GC(238) Archive regions: 0->0
[2024-02-23T09:45:38.667+0000][4616][gc,heap     ] GC(238) Humongous regions: 10->10
[2024-02-23T09:45:38.667+0000][4616][gc,metaspace] GC(238) Metaspace: 131066K(137088K)->131066K(137088K) NonClass: 114119K(117824K)->114119K(117824K) Class: 16947K(19264K)->16947K(19264K)
[2024-02-23T09:45:38.667+0000][4616][gc          ] GC(238) Pause Young (Normal) (G1 Evacuation Pause) 3160M->1091M(4040M) 51.733ms
[2024-02-23T09:45:38.667+0000][4616][gc,cpu      ] GC(238) User=0.17s Sys=0.06s Real=0.06s
[2024-02-23T09:45:38.667+0000][4616][safepoint   ] Safepoint "G1CollectForAllocation", Time since last: 21649131300 ns, Reaching safepoint: 151000 ns, At safepoint: 51956900 ns, Total: 52107900 ns
[2024-02-23T09:46:04.295+0000][4616][gc,start    ] GC(239) Pause Young (Concurrent Start) (G1 Evacuation Pause)
[2024-02-23T09:46:04.295+0000][4616][gc,task     ] GC(239) Using 8 workers of 8 for evacuation
[2024-02-23T09:46:04.295+0000][4616][gc,age      ] GC(239) Desired survivor size 148897792 bytes, new threshold 3 (max threshold 15)
[2024-02-23T09:46:04.344+0000][4616][gc,phases   ] GC(239)   Pre Evacuate Collection Set: 0.6ms
[2024-02-23T09:46:04.344+0000][4616][gc,phases   ] GC(239)   Merge Heap Roots: 0.3ms
[2024-02-23T09:46:04.344+0000][4616][gc,phases   ] GC(239)   Evacuate Collection Set: 45.3ms
[2024-02-23T09:46:04.344+0000][4616][gc,phases   ] GC(239)   Post Evacuate Collection Set: 1.3ms
[2024-02-23T09:46:04.344+0000][4616][gc,phases   ] GC(239)   Other: 2.3ms
[2024-02-23T09:46:04.344+0000][4616][gc,age      ] GC(239) Age table with threshold 3 (max threshold 15)
[2024-02-23T09:46:04.344+0000][4616][gc,age      ] GC(239) - age   1:   74023120 bytes,   74023120 total
[2024-02-23T09:46:04.344+0000][4616][gc,age      ] GC(239) - age   2:   52384624 bytes,  126407744 total
[2024-02-23T09:46:04.345+0000][4616][gc,age      ] GC(239) - age   3:   51470112 bytes,  177877856 total
[2024-02-23T09:46:04.345+0000][4616][gc,heap     ] GC(239) Eden regions: 519->0(512)
[2024-02-23T09:46:04.345+0000][4616][gc,heap     ] GC(239) Survivor regions: 46->45(71)
[2024-02-23T09:46:04.345+0000][4616][gc,heap     ] GC(239) Old regions: 218->226
[2024-02-23T09:46:04.345+0000][4616][gc,heap     ] GC(239) Archive regions: 0->0
[2024-02-23T09:46:04.345+0000][4616][gc,heap     ] GC(239) Humongous regions: 11->11
[2024-02-23T09:46:04.345+0000][4616][gc,metaspace] GC(239) Metaspace: 131066K(137088K)->131066K(137088K) NonClass: 114119K(117824K)->114119K(117824K) Class: 16947K(19264K)->16947K(19264K)
[2024-02-23T09:46:04.345+0000][4616][gc          ] GC(239) Pause Young (Concurrent Start) (G1 Evacuation Pause) 3171M->1127M(4040M) 50.304ms
[2024-02-23T09:46:04.345+0000][4616][gc,cpu      ] GC(239) User=0.16s Sys=0.12s Real=0.05s
[2024-02-23T09:46:04.345+0000][4616][gc          ] GC(240) Concurrent Mark Cycle
[2024-02-23T09:46:04.345+0000][4616][gc,marking  ] GC(240) Concurrent Clear Claimed Marks
[2024-02-23T09:46:04.346+0000][4616][safepoint   ] Safepoint "G1CollectForAllocation", Time since last: 25624185000 ns, Reaching safepoint: 136400 ns, At safepoint: 50624100 ns, Total: 50760500 ns
[2024-02-23T09:46:04.346+0000][4616][gc,marking  ] GC(240) Concurrent Clear Claimed Marks 0.341ms
[2024-02-23T09:46:04.346+0000][4616][gc,marking  ] GC(240) Concurrent Scan Root Regions
[2024-02-23T09:46:04.367+0000][4616][gc,marking  ] GC(240) Concurrent Scan Root Regions 21.672ms
[2024-02-23T09:46:04.367+0000][4616][gc,marking  ] GC(240) Concurrent Mark
[2024-02-23T09:46:04.367+0000][4616][gc,marking  ] GC(240) Concurrent Mark From Roots
[2024-02-23T09:46:04.367+0000][4616][gc,task     ] GC(240) Using 2 workers of 2 for marking
[2024-02-23T09:46:04.622+0000][4616][gc,marking  ] GC(240) Concurrent Mark From Roots 254.775ms
[2024-02-23T09:46:04.622+0000][4616][gc,marking  ] GC(240) Concurrent Preclean
[2024-02-23T09:46:04.622+0000][4616][gc,marking  ] GC(240) Concurrent Preclean 0.899ms
[2024-02-23T09:46:04.622+0000][4616][gc,start    ] GC(240) Pause Remark
[2024-02-23T09:46:04.643+0000][4616][gc          ] GC(240) Pause Remark 1167M->1143M(4040M) 19.103ms
[2024-02-23T09:46:04.643+0000][4616][gc,cpu      ] GC(240) User=0.03s Sys=0.00s Real=0.02s
[2024-02-23T09:46:04.643+0000][4616][safepoint   ] Safepoint "G1Concurrent", Time since last: 277962100 ns, Reaching safepoint: 105500 ns, At safepoint: 19323800 ns, Total: 19429300 ns
[2024-02-23T09:46:04.643+0000][4616][gc,marking  ] GC(240) Concurrent Mark 275.347ms
[2024-02-23T09:46:04.643+0000][4616][gc,marking  ] GC(240) Concurrent Rebuild Remembered Sets
[2024-02-23T09:46:04.821+0000][4616][gc,marking  ] GC(240) Concurrent Rebuild Remembered Sets 188.909ms
[2024-02-23T09:46:04.821+0000][4616][gc,start    ] GC(240) Pause Cleanup
[2024-02-23T09:46:04.821+0000][4616][gc          ] GC(240) Pause Cleanup 1179M->1179M(4040M) 1.614ms
[2024-02-23T09:46:04.821+0000][4616][gc,cpu      ] GC(240) User=0.00s Sys=0.00s Real=0.00s
[2024-02-23T09:46:04.821+0000][4616][safepoint   ] Safepoint "G1Concurrent", Time since last: 189224800 ns, Reaching safepoint: 95400 ns, At safepoint: 1832300 ns, Total: 1927700 ns
[2024-02-23T09:46:04.821+0000][4616][gc,marking  ] GC(240) Concurrent Cleanup for Next Mark
[2024-02-23T09:46:04.845+0000][4616][gc,marking  ] GC(240) Concurrent Cleanup for Next Mark 10.676ms
[2024-02-23T09:46:04.845+0000][4616][gc          ] GC(240) Concurrent Mark Cycle 499.488ms
[2024-02-23T09:46:14.899+0000][4616][safepoint   ] Safepoint "Cleanup", Time since last: 10064307400 ns, Reaching safepoint: 87200 ns, At safepoint: 30500 ns, Total: 117700 ns
[2024-02-23T09:46:29.914+0000][4616][gc,start    ] GC(241) Pause Young (Prepare Mixed) (G1 Evacuation Pause)
[2024-02-23T09:46:29.914+0000][4616][gc,task     ] GC(241) Using 8 workers of 8 for evacuation
[2024-02-23T09:46:29.914+0000][4616][gc,age      ] GC(241) Desired survivor size 146800640 bytes, new threshold 3 (max threshold 15)
[2024-02-23T09:46:29.970+0000][4616][gc,phases   ] GC(241)   Pre Evacuate Collection Set: 0.3ms
[2024-02-23T09:46:29.970+0000][4616][gc,phases   ] GC(241)   Merge Heap Roots: 0.5ms
[2024-02-23T09:46:29.970+0000][4616][gc,phases   ] GC(241)   Evacuate Collection Set: 53.4ms
[2024-02-23T09:46:29.970+0000][4616][gc,phases   ] GC(241)   Post Evacuate Collection Set: 1.4ms
[2024-02-23T09:46:29.970+0000][4616][gc,phases   ] GC(241)   Other: 0.3ms
[2024-02-23T09:46:29.970+0000][4616][gc,age      ] GC(241) Age table with threshold 3 (max threshold 15)
[2024-02-23T09:46:29.970+0000][4616][gc,age      ] GC(241) - age   1:   76718088 bytes,   76718088 total
[2024-02-23T09:46:29.970+0000][4616][gc,age      ] GC(241) - age   2:   58385096 bytes,  135103184 total
[2024-02-23T09:46:29.970+0000][4616][gc,age      ] GC(241) - age   3:   37434112 bytes,  172537296 total
[2024-02-23T09:46:29.970+0000][4616][gc,heap     ] GC(241) Eden regions: 512->0(7)
[2024-02-23T09:46:29.970+0000][4616][gc,heap     ] GC(241) Survivor regions: 45->43(70)
[2024-02-23T09:46:29.970+0000][4616][gc,heap     ] GC(241) Old regions: 226->234
[2024-02-23T09:46:29.970+0000][4616][gc,heap     ] GC(241) Archive regions: 0->0
[2024-02-23T09:46:29.970+0000][4616][gc,heap     ] GC(241) Humongous regions: 6->6
[2024-02-23T09:46:29.970+0000][4616][gc,metaspace] GC(241) Metaspace: 131066K(137088K)->131066K(137088K) NonClass: 114119K(117824K)->114119K(117824K) Class: 16947K(19264K)->16947K(19264K)
[2024-02-23T09:46:29.970+0000][4616][gc          ] GC(241) Pause Young (Prepare Mixed) (G1 Evacuation Pause) 3155M->1128M(4040M) 56.623ms
[2024-02-23T09:46:29.970+0000][4616][gc,cpu      ] GC(241) User=0.33s Sys=0.02s Real=0.06s
[2024-02-23T09:46:29.971+0000][4616][safepoint   ] Safepoint "G1CollectForAllocation", Time since last: 15015298900 ns, Reaching safepoint: 122400 ns, At safepoint: 56889100 ns, Total: 57011500 ns
[2024-02-23T09:46:30.207+0000][4616][gc,start    ] GC(242) Pause Young (Mixed) (G1 Evacuation Pause)
[2024-02-23T09:46:30.207+0000][4616][gc,task     ] GC(242) Using 8 workers of 8 for evacuation
[2024-02-23T09:46:30.207+0000][4616][gc,age      ] GC(242) Desired survivor size 14680064 bytes, new threshold 1 (max threshold 15)
[2024-02-23T09:46:30.423+0000][4616][gc,mmu      ] GC(242) MMU target violated: 201.0ms (200.0ms/201.0ms)
[2024-02-23T09:46:30.423+0000][4616][gc,phases   ] GC(242)   Pre Evacuate Collection Set: 0.2ms
[2024-02-23T09:46:30.423+0000][4616][gc,phases   ] GC(242)   Merge Heap Roots: 0.3ms
[2024-02-23T09:46:30.423+0000][4616][gc,phases   ] GC(242)   Evacuate Collection Set: 212.1ms
[2024-02-23T09:46:30.423+0000][4616][gc,phases   ] GC(242)   Post Evacuate Collection Set: 2.9ms
[2024-02-23T09:46:30.423+0000][4616][gc,phases   ] GC(242)   Other: 0.6ms
[2024-02-23T09:46:30.423+0000][4616][gc,age      ] GC(242) Age table with threshold 1 (max threshold 15)
[2024-02-23T09:46:30.423+0000][4616][gc,age      ] GC(242) - age   1:     512072 bytes,     512072 total
[2024-02-23T09:46:30.423+0000][4616][gc,heap     ] GC(242) Eden regions: 7->0(575)
[2024-02-23T09:46:30.423+0000][4616][gc,heap     ] GC(242) Survivor regions: 43->4(7)
[2024-02-23T09:46:30.423+0000][4616][gc,heap     ] GC(242) Old regions: 234->205
[2024-02-23T09:46:30.423+0000][4616][gc,heap     ] GC(242) Archive regions: 0->0
[2024-02-23T09:46:30.423+0000][4616][gc,heap     ] GC(242) Humongous regions: 6->6
[2024-02-23T09:46:30.423+0000][4616][gc,metaspace] GC(242) Metaspace: 131066K(137088K)->131066K(137088K) NonClass: 114119K(117824K)->114119K(117824K) Class: 16947K(19264K)->16947K(19264K)
[2024-02-23T09:46:30.423+0000][4616][gc          ] GC(242) Pause Young (Mixed) (G1 Evacuation Pause) 1156M->857M(4040M) 216.373ms
[2024-02-23T09:46:30.423+0000][4616][gc,cpu      ] GC(242) User=0.28s Sys=0.56s Real=0.22s
[2024-02-23T09:46:30.425+0000][4616][safepoint   ] Safepoint "G1CollectForAllocation", Time since last: 236169500 ns, Reaching safepoint: 141200 ns, At safepoint: 217707700 ns, Total: 217848900 ns
[2024-02-23T09:47:04.369+0000][4616][gc,start    ] GC(243) Pause Young (Normal) (G1 Evacuation Pause)
[2024-02-23T09:47:04.369+0000][4616][gc,task     ] GC(243) Using 8 workers of 8 for evacuation
[2024-02-23T09:47:04.369+0000][4616][gc,age      ] GC(243) Desired survivor size 153092096 bytes, new threshold 15 (max threshold 15)
[2024-02-23T09:47:04.396+0000][4616][gc,phases   ] GC(243)   Pre Evacuate Collection Set: 0.3ms
[2024-02-23T09:47:04.396+0000][4616][gc,phases   ] GC(243)   Merge Heap Roots: 0.2ms
[2024-02-23T09:47:04.396+0000][4616][gc,phases   ] GC(243)   Evacuate Collection Set: 18.5ms
[2024-02-23T09:47:04.396+0000][4616][gc,phases   ] GC(243)   Post Evacuate Collection Set: 1.3ms
[2024-02-23T09:47:04.396+0000][4616][gc,phases   ] GC(243)   Other: 0.3ms
[2024-02-23T09:47:04.396+0000][4616][gc,age      ] GC(243) Age table with threshold 15 (max threshold 15)
[2024-02-23T09:47:04.396+0000][4616][gc,age      ] GC(243) - age   1:   80919008 bytes,   80919008 total
[2024-02-23T09:47:04.396+0000][4616][gc,age      ] GC(243) - age   2:     109512 bytes,   81028520 total
[2024-02-23T09:47:04.396+0000][4616][gc,heap     ] GC(243) Eden regions: 575->0(558)
[2024-02-23T09:47:04.396+0000][4616][gc,heap     ] GC(243) Survivor regions: 4->21(73)
[2024-02-23T09:47:04.396+0000][4616][gc,heap     ] GC(243) Old regions: 205->205
[2024-02-23T09:47:04.396+0000][4616][gc,heap     ] GC(243) Archive regions: 0->0
[2024-02-23T09:47:04.396+0000][4616][gc,heap     ] GC(243) Humongous regions: 7->7
[2024-02-23T09:47:04.396+0000][4616][gc,metaspace] GC(243) Metaspace: 131067K(137088K)->131067K(137088K) NonClass: 114119K(117824K)->114119K(117824K) Class: 16947K(19264K)->16947K(19264K)
[2024-02-23T09:47:04.396+0000][4616][gc          ] GC(243) Pause Young (Normal) (G1 Evacuation Pause) 3161M->928M(4040M) 21.029ms
[2024-02-23T09:47:04.396+0000][4616][gc,cpu      ] GC(243) User=0.09s Sys=0.00s Real=0.03s
[2024-02-23T09:47:04.396+0000][4616][safepoint   ] Safepoint "G1CollectForAllocation", Time since last: 33949307000 ns, Reaching safepoint: 276200 ns, At safepoint: 21173800 ns, Total: 21450000 ns
[2024-02-23T09:47:11.452+0000][4616][safepoint   ] Safepoint "Cleanup", Time since last: 7056305600 ns, Reaching safepoint: 116900 ns, At safepoint: 481300 ns, Total: 598200 ns
[2024-02-23T09:47:33.875+0000][4616][gc,start    ] GC(244) Pause Young (Normal) (G1 Evacuation Pause)
[2024-02-23T09:47:33.875+0000][4616][gc,task     ] GC(244) Using 8 workers of 8 for evacuation
[2024-02-23T09:47:33.875+0000][4616][gc,age      ] GC(244) Desired survivor size 153092096 bytes, new threshold 15 (max threshold 15)
[2024-02-23T09:47:33.910+0000][4616][gc,phases   ] GC(244)   Pre Evacuate Collection Set: 0.9ms
[2024-02-23T09:47:33.910+0000][4616][gc,phases   ] GC(244)   Merge Heap Roots: 0.2ms
[2024-02-23T09:47:33.910+0000][4616][gc,phases   ] GC(244)   Evacuate Collection Set: 30.4ms
[2024-02-23T09:47:33.910+0000][4616][gc,phases   ] GC(244)   Post Evacuate Collection Set: 1.4ms
[2024-02-23T09:47:33.910+0000][4616][gc,phases   ] GC(244)   Other: 0.2ms
[2024-02-23T09:47:33.910+0000][4616][gc,age      ] GC(244) Age table with threshold 15 (max threshold 15)
[2024-02-23T09:47:33.910+0000][4616][gc,age      ] GC(244) - age   1:   89786384 bytes,   89786384 total
[2024-02-23T09:47:33.910+0000][4616][gc,age      ] GC(244) - age   2:   60567176 bytes,  150353560 total
[2024-02-23T09:47:33.910+0000][4616][gc,age      ] GC(244) - age   3:     107416 bytes,  150460976 total
[2024-02-23T09:47:33.910+0000][4616][gc,heap     ] GC(244) Eden regions: 558->0(540)
[2024-02-23T09:47:33.910+0000][4616][gc,heap     ] GC(244) Survivor regions: 21->38(73)
[2024-02-23T09:47:33.910+0000][4616][gc,heap     ] GC(244) Old regions: 205->205
[2024-02-23T09:47:33.910+0000][4616][gc,heap     ] GC(244) Archive regions: 0->0
[2024-02-23T09:47:33.910+0000][4616][gc,heap     ] GC(244) Humongous regions: 7->7
[2024-02-23T09:47:33.910+0000][4616][gc,metaspace] GC(244) Metaspace: 131070K(137088K)->131070K(137088K) NonClass: 114123K(117824K)->114123K(117824K) Class: 16947K(19264K)->16947K(19264K)
[2024-02-23T09:47:33.910+0000][4616][gc          ] GC(244) Pause Young (Normal) (G1 Evacuation Pause) 3160M->995M(4040M) 33.585ms
[2024-02-23T09:47:33.910+0000][4616][gc,cpu      ] GC(244) User=0.25s Sys=0.00s Real=0.04s
[2024-02-23T09:47:33.910+0000][4616][safepoint   ] Safepoint "G1CollectForAllocation", Time since last: 22424690300 ns, Reaching safepoint: 257500 ns, At safepoint: 33748300 ns, Total: 34005800 ns
[2024-02-23T09:47:55.714+0000][4616][gc,start    ] GC(245) Pause Young (Normal) (G1 Evacuation Pause)
[2024-02-23T09:47:55.715+0000][4616][gc,task     ] GC(245) Using 8 workers of 8 for evacuation
[2024-02-23T09:47:55.715+0000][4616][gc,age      ] GC(245) Desired survivor size 153092096 bytes, new threshold 15 (max threshold 15)
[2024-02-23T09:47:55.764+0000][4616][gc,phases   ] GC(245)   Pre Evacuate Collection Set: 0.3ms
[2024-02-23T09:47:55.764+0000][4616][gc,phases   ] GC(245)   Merge Heap Roots: 0.6ms
[2024-02-23T09:47:55.764+0000][4616][gc,phases   ] GC(245)   Evacuate Collection Set: 48.0ms
[2024-02-23T09:47:55.764+0000][4616][gc,phases   ] GC(245)   Post Evacuate Collection Set: 1.2ms
[2024-02-23T09:47:55.764+0000][4616][gc,phases   ] GC(245)   Other: 0.4ms
[2024-02-23T09:47:55.764+0000][4616][gc,age      ] GC(245) Age table with threshold 15 (max threshold 15)
[2024-02-23T09:47:55.764+0000][4616][gc,age      ] GC(245) - age   1:   76213776 bytes,   76213776 total
[2024-02-23T09:47:55.764+0000][4616][gc,age      ] GC(245) - age   2:   67606152 bytes,  143819928 total
[2024-02-23T09:47:55.764+0000][4616][gc,age      ] GC(245) - age   3:   42821176 bytes,  186641104 total
[2024-02-23T09:47:55.764+0000][4616][gc,age      ] GC(245) - age   4:     105392 bytes,  186746496 total
[2024-02-23T09:47:55.764+0000][4616][gc,heap     ] GC(245) Eden regions: 540->0(531)
[2024-02-23T09:47:55.764+0000][4616][gc,heap     ] GC(245) Survivor regions: 38->46(73)
[2024-02-23T09:47:55.764+0000][4616][gc,heap     ] GC(245) Old regions: 205->205
[2024-02-23T09:47:55.764+0000][4616][gc,heap     ] GC(245) Archive regions: 0->0
[2024-02-23T09:47:55.764+0000][4616][gc,heap     ] GC(245) Humongous regions: 8->8
[2024-02-23T09:47:55.764+0000][4616][gc,metaspace] GC(245) Metaspace: 131070K(137088K)->131070K(137088K) NonClass: 114123K(117824K)->114123K(117824K) Class: 16947K(19264K)->16947K(19264K)
[2024-02-23T09:47:55.764+0000][4616][gc          ] GC(245) Pause Young (Normal) (G1 Evacuation Pause) 3159M->1033M(4040M) 51.312ms
[2024-02-23T09:47:55.764+0000][4616][gc,cpu      ] GC(245) User=0.27s Sys=0.02s Real=0.05s
[2024-02-23T09:47:55.764+0000][4616][safepoint   ] Safepoint "G1CollectForAllocation", Time since last: 21803281500 ns, Reaching safepoint: 332800 ns, At safepoint: 51529600 ns, Total: 51862400 ns
[2024-02-23T09:48:10.878+0000][4616][safepoint   ] Safepoint "Cleanup", Time since last: 15110909400 ns, Reaching safepoint: 130400 ns, At safepoint: 54500 ns, Total: 184900 ns
[2024-02-23T09:48:21.706+0000][4616][gc,start    ] GC(246) Pause Young (Normal) (G1 Evacuation Pause)
[2024-02-23T09:48:21.706+0000][4616][gc,task     ] GC(246) Using 8 workers of 8 for evacuation
[2024-02-23T09:48:21.706+0000][4616][gc,age      ] GC(246) Desired survivor size 153092096 bytes, new threshold 3 (max threshold 15)
[2024-02-23T09:48:21.795+0000][4616][gc,phases   ] GC(246)   Pre Evacuate Collection Set: 0.3ms
[2024-02-23T09:48:21.795+0000][4616][gc,phases   ] GC(246)   Merge Heap Roots: 0.5ms
[2024-02-23T09:48:21.795+0000][4616][gc,phases   ] GC(246)   Evacuate Collection Set: 84.1ms
[2024-02-23T09:48:21.795+0000][4616][gc,phases   ] GC(246)   Post Evacuate Collection Set: 3.0ms
[2024-02-23T09:48:21.795+0000][4616][gc,phases   ] GC(246)   Other: 0.5ms
[2024-02-23T09:48:21.795+0000][4616][gc,age      ] GC(246) Age table with threshold 3 (max threshold 15)
[2024-02-23T09:48:21.795+0000][4616][gc,age      ] GC(246) - age   1:   78552560 bytes,   78552560 total
[2024-02-23T09:48:21.796+0000][4616][gc,age      ] GC(246) - age   2:   58794832 bytes,  137347392 total
[2024-02-23T09:48:21.796+0000][4616][gc,age      ] GC(246) - age   3:   48294240 bytes,  185641632 total
[2024-02-23T09:48:21.796+0000][4616][gc,heap     ] GC(246) Eden regions: 531->0(523)
[2024-02-23T09:48:21.796+0000][4616][gc,heap     ] GC(246) Survivor regions: 46->47(73)
[2024-02-23T09:48:21.796+0000][4616][gc,heap     ] GC(246) Old regions: 205->212
[2024-02-23T09:48:21.797+0000][4616][gc,heap     ] GC(246) Archive regions: 0->0
[2024-02-23T09:48:21.797+0000][4616][gc,heap     ] GC(246) Humongous regions: 9->9
[2024-02-23T09:48:21.797+0000][4616][gc,metaspace] GC(246) Metaspace: 131075K(137088K)->131075K(137088K) NonClass: 114128K(117824K)->114128K(117824K) Class: 16947K(19264K)->16947K(19264K)
[2024-02-23T09:48:21.797+0000][4616][gc          ] GC(246) Pause Young (Normal) (G1 Evacuation Pause) 3161M->1067M(4040M) 90.773ms
[2024-02-23T09:48:21.797+0000][4616][gc,cpu      ] GC(246) User=0.42s Sys=0.12s Real=0.09s
[2024-02-23T09:48:21.798+0000][4616][safepoint   ] Safepoint "G1CollectForAllocation", Time since last: 10828653100 ns, Reaching safepoint: 194800 ns, At safepoint: 91352000 ns, Total: 91546800 ns
[2024-02-23T09:48:48.366+0000][4616][gc,start    ] GC(247) Pause Young (Normal) (G1 Evacuation Pause)
[2024-02-23T09:48:48.366+0000][4616][gc,task     ] GC(247) Using 8 workers of 8 for evacuation
[2024-02-23T09:48:48.366+0000][4616][gc,age      ] GC(247) Desired survivor size 150994944 bytes, new threshold 3 (max threshold 15)
[2024-02-23T09:48:48.484+0000][4616][gc,phases   ] GC(247)   Pre Evacuate Collection Set: 0.5ms
[2024-02-23T09:48:48.484+0000][4616][gc,phases   ] GC(247)   Merge Heap Roots: 0.6ms
[2024-02-23T09:48:48.484+0000][4616][gc,phases   ] GC(247)   Evacuate Collection Set: 114.1ms
[2024-02-23T09:48:48.484+0000][4616][gc,phases   ] GC(247)   Post Evacuate Collection Set: 2.8ms
[2024-02-23T09:48:48.484+0000][4616][gc,phases   ] GC(247)   Other: 0.5ms
[2024-02-23T09:48:48.484+0000][4616][gc,age      ] GC(247) Age table with threshold 3 (max threshold 15)
[2024-02-23T09:48:48.484+0000][4616][gc,age      ] GC(247) - age   1:   67774680 bytes,   67774680 total
[2024-02-23T09:48:48.484+0000][4616][gc,age      ] GC(247) - age   2:   64722696 bytes,  132497376 total
[2024-02-23T09:48:48.484+0000][4616][gc,age      ] GC(247) - age   3:   43115800 bytes,  175613176 total
[2024-02-23T09:48:48.484+0000][4616][gc,heap     ] GC(247) Eden regions: 523->0(518)
[2024-02-23T09:48:48.484+0000][4616][gc,heap     ] GC(247) Survivor regions: 47->44(72)
[2024-02-23T09:48:48.484+0000][4616][gc,heap     ] GC(247) Old regions: 212->222
[2024-02-23T09:48:48.484+0000][4616][gc,heap     ] GC(247) Archive regions: 0->0
[2024-02-23T09:48:48.484+0000][4616][gc,heap     ] GC(247) Humongous regions: 10->10
[2024-02-23T09:48:48.484+0000][4616][gc,metaspace] GC(247) Metaspace: 131075K(137088K)->131075K(137088K) NonClass: 114128K(117824K)->114128K(117824K) Class: 16947K(19264K)->16947K(19264K)
[2024-02-23T09:48:48.484+0000][4616][gc          ] GC(247) Pause Young (Normal) (G1 Evacuation Pause) 3163M->1101M(4040M) 119.121ms
[2024-02-23T09:48:48.484+0000][4616][gc,cpu      ] GC(247) User=0.34s Sys=0.30s Real=0.12s
[2024-02-23T09:48:48.484+0000][4616][safepoint   ] Safepoint "G1CollectForAllocation", Time since last: 26568660300 ns, Reaching safepoint: 220900 ns, At safepoint: 119707100 ns, Total: 119928000 ns
[2024-02-23T09:48:59.617+0000][4616][safepoint   ] Safepoint "Cleanup", Time since last: 11130529300 ns, Reaching safepoint: 156500 ns, At safepoint: 24100 ns, Total: 180600 ns
[2024-02-23T09:49:08.686+0000][4616][safepoint   ] Safepoint "Cleanup", Time since last: 9069181400 ns, Reaching safepoint: 190900 ns, At safepoint: 32500 ns, Total: 223400 ns
[2024-02-23T09:49:10.718+0000][4616][safepoint   ] Safepoint "Cleanup", Time since last: 2019978500 ns, Reaching safepoint: 11590400 ns, At safepoint: 45200 ns, Total: 11635600 ns
[2024-02-23T09:49:11.907+0000][4616][gc,start    ] GC(248) Pause Young (Concurrent Start) (G1 Evacuation Pause)
[2024-02-23T09:49:11.907+0000][4616][gc,task     ] GC(248) Using 8 workers of 8 for evacuation
[2024-02-23T09:49:11.907+0000][4616][gc,age      ] GC(248) Desired survivor size 148897792 bytes, new threshold 3 (max threshold 15)
[2024-02-23T09:49:12.324+0000][4616][gc,mmu      ] GC(248) MMU target violated: 201.0ms (200.0ms/201.0ms)
[2024-02-23T09:49:12.324+0000][4616][gc,phases   ] GC(248)   Pre Evacuate Collection Set: 383.0ms
[2024-02-23T09:49:12.324+0000][4616][gc,phases   ] GC(248)   Merge Heap Roots: 0.5ms
[2024-02-23T09:49:12.324+0000][4616][gc,phases   ] GC(248)   Evacuate Collection Set: 119.8ms
[2024-02-23T09:49:12.324+0000][4616][gc,phases   ] GC(248)   Post Evacuate Collection Set: 2.9ms
[2024-02-23T09:49:12.325+0000][4616][gc,phases   ] GC(248)   Other: -99.0ms
[2024-02-23T09:49:12.325+0000][4616][gc,age      ] GC(248) Age table with threshold 3 (max threshold 15)
[2024-02-23T09:49:12.325+0000][4616][gc,age      ] GC(248) - age   1:   72696208 bytes,   72696208 total
[2024-02-23T09:49:12.325+0000][4616][gc,age      ] GC(248) - age   2:   53583056 bytes,  126279264 total
[2024-02-23T09:49:12.325+0000][4616][gc,age      ] GC(248) - age   3:   51671712 bytes,  177950976 total
[2024-02-23T09:49:12.325+0000][4616][gc,heap     ] GC(248) Eden regions: 518->0(5)
[2024-02-23T09:49:12.325+0000][4616][gc,heap     ] GC(248) Survivor regions: 44->45(71)
[2024-02-23T09:49:12.325+0000][4616][gc,heap     ] GC(248) Old regions: 222->229
[2024-02-23T09:49:12.325+0000][4616][gc,heap     ] GC(248) Archive regions: 0->0
[2024-02-23T09:49:12.325+0000][4616][gc,heap     ] GC(248) Humongous regions: 11->11
[2024-02-23T09:49:12.325+0000][4616][gc,metaspace] GC(248) Metaspace: 131077K(137088K)->131077K(137088K) NonClass: 114130K(117824K)->114130K(117824K) Class: 16947K(19264K)->16947K(19264K)
[2024-02-23T09:49:12.325+0000][4616][gc          ] GC(248) Pause Young (Concurrent Start) (G1 Evacuation Pause) 3177M->1138M(4040M) 408.246ms
[2024-02-23T09:49:12.325+0000][4616][gc,cpu      ] GC(248) User=0.30s Sys=0.28s Real=0.42s
[2024-02-23T09:49:12.325+0000][4616][gc          ] GC(249) Concurrent Mark Cycle
[2024-02-23T09:49:12.326+0000][4616][gc,marking  ] GC(249) Concurrent Clear Claimed Marks
[2024-02-23T09:49:12.326+0000][4616][gc,marking  ] GC(249) Concurrent Clear Claimed Marks 0.410ms
[2024-02-23T09:49:12.326+0000][4616][safepoint   ] Safepoint "G1CollectForAllocation", Time since last: 1198537200 ns, Reaching safepoint: 223200 ns, At safepoint: 409149900 ns, Total: 409373100 ns
[2024-02-23T09:49:12.326+0000][4616][gc,marking  ] GC(249) Concurrent Scan Root Regions
[2024-02-23T09:49:12.346+0000][4616][gc,start    ] GC(250) Pause Young (Normal) (G1 Evacuation Pause)
[2024-02-23T09:49:12.346+0000][4616][gc,task     ] GC(250) Using 8 workers of 8 for evacuation
[2024-02-23T09:49:12.368+0000][4616][gc,age      ] GC(250) Desired survivor size 14680064 bytes, new threshold 1 (max threshold 15)
[2024-02-23T09:49:12.368+0000][4616][gc,marking  ] GC(249) Concurrent Scan Root Regions 42.006ms
[2024-02-23T09:49:12.368+0000][4616][gc,marking  ] GC(249) Concurrent Mark
[2024-02-23T09:49:12.368+0000][4616][gc,marking  ] GC(249) Concurrent Mark From Roots
[2024-02-23T09:49:12.368+0000][4616][gc,task     ] GC(249) Using 2 workers of 2 for marking
[2024-02-23T09:49:12.741+0000][4616][gc,mmu      ] GC(250) MMU target violated: 201.0ms (200.0ms/201.0ms)
[2024-02-23T09:49:12.741+0000][4616][gc,phases   ] GC(250)   Pre Evacuate Collection Set: 22.7ms
[2024-02-23T09:49:12.741+0000][4616][gc,phases   ] GC(250)   Merge Heap Roots: 0.1ms
[2024-02-23T09:49:12.741+0000][4616][gc,phases   ] GC(250)   Evacuate Collection Set: 371.9ms
[2024-02-23T09:49:12.741+0000][4616][gc,phases   ] GC(250)   Post Evacuate Collection Set: 0.6ms
[2024-02-23T09:49:12.741+0000][4616][gc,phases   ] GC(250)   Other: 0.4ms
[2024-02-23T09:49:12.741+0000][4616][gc,age      ] GC(250) Age table with threshold 1 (max threshold 15)
[2024-02-23T09:49:12.741+0000][4616][gc,age      ] GC(250) - age   1:     396576 bytes,     396576 total
[2024-02-23T09:49:12.741+0000][4616][gc,heap     ] GC(250) Eden regions: 5->0(507)
[2024-02-23T09:49:12.741+0000][4616][gc,heap     ] GC(250) Survivor regions: 45->4(7)
[2024-02-23T09:49:12.741+0000][4616][gc,heap     ] GC(250) Old regions: 229->273
[2024-02-23T09:49:12.741+0000][4616][gc,heap     ] GC(250) Archive regions: 0->0
[2024-02-23T09:49:12.741+0000][4616][gc,heap     ] GC(250) Humongous regions: 11->11
[2024-02-23T09:49:12.741+0000][4616][gc,metaspace] GC(250) Metaspace: 131077K(137088K)->131077K(137088K) NonClass: 114130K(117824K)->114130K(117824K) Class: 16947K(19264K)->16947K(19264K)
[2024-02-23T09:49:12.741+0000][4616][gc          ] GC(250) Pause Young (Normal) (G1 Evacuation Pause) 1158M->1149M(4040M) 396.303ms
[2024-02-23T09:49:12.741+0000][4616][gc,cpu      ] GC(250) User=0.14s Sys=1.64s Real=0.40s
[2024-02-23T09:49:12.741+0000][4616][safepoint   ] Safepoint "G1CollectForAllocation", Time since last: 19578900 ns, Reaching safepoint: 155100 ns, At safepoint: 400163800 ns, Total: 400318900 ns
[2024-02-23T09:49:13.369+0000][4616][gc,marking  ] GC(249) Concurrent Mark From Roots 1000.255ms
[2024-02-23T09:49:13.369+0000][4616][gc,marking  ] GC(249) Concurrent Preclean
[2024-02-23T09:49:13.370+0000][4616][gc,marking  ] GC(249) Concurrent Preclean 0.942ms
[2024-02-23T09:49:13.370+0000][4616][gc,start    ] GC(249) Pause Remark
[2024-02-23T09:49:13.424+0000][4616][gc          ] GC(249) Pause Remark 1254M->1230M(4040M) 54.772ms
[2024-02-23T09:49:13.424+0000][4616][gc,cpu      ] GC(249) User=0.05s Sys=0.03s Real=0.05s
[2024-02-23T09:49:13.425+0000][4616][safepoint   ] Safepoint "G1Concurrent", Time since last: 623685700 ns, Reaching safepoint: 67900 ns, At safepoint: 55123300 ns, Total: 55191200 ns
[2024-02-23T09:49:13.425+0000][4616][gc,marking  ] GC(249) Concurrent Mark 1056.640ms
[2024-02-23T09:49:13.425+0000][4616][gc,marking  ] GC(249) Concurrent Rebuild Remembered Sets
[2024-02-23T09:49:13.617+0000][4616][gc,marking  ] GC(249) Concurrent Rebuild Remembered Sets 192.567ms
[2024-02-23T09:49:13.617+0000][4616][gc,start    ] GC(249) Pause Cleanup
[2024-02-23T09:49:13.618+0000][4616][gc          ] GC(249) Pause Cleanup 1252M->1252M(4040M) 0.649ms
[2024-02-23T09:49:13.618+0000][4616][gc,cpu      ] GC(249) User=0.00s Sys=0.00s Real=0.00s
[2024-02-23T09:49:13.618+0000][4616][safepoint   ] Safepoint "G1Concurrent", Time since last: 192726900 ns, Reaching safepoint: 28600 ns, At safepoint: 730800 ns, Total: 759400 ns
[2024-02-23T09:49:13.618+0000][4616][gc,marking  ] GC(249) Concurrent Cleanup for Next Mark
[2024-02-23T09:49:13.659+0000][4616][gc,marking  ] GC(249) Concurrent Cleanup for Next Mark 41.552ms
[2024-02-23T09:49:13.659+0000][4616][gc          ] GC(249) Concurrent Mark Cycle 1334.611ms
[2024-02-23T09:49:35.471+0000][4616][gc,start    ] GC(251) Pause Young (Prepare Mixed) (G1 Evacuation Pause)
[2024-02-23T09:49:35.471+0000][4616][gc,task     ] GC(251) Using 8 workers of 8 for evacuation
[2024-02-23T09:49:35.471+0000][4616][gc,age      ] GC(251) Desired survivor size 134217728 bytes, new threshold 15 (max threshold 15)
[2024-02-23T09:49:35.496+0000][4616][gc,phases   ] GC(251)   Pre Evacuate Collection Set: 0.9ms
[2024-02-23T09:49:35.496+0000][4616][gc,phases   ] GC(251)   Merge Heap Roots: 0.3ms
[2024-02-23T09:49:35.496+0000][4616][gc,phases   ] GC(251)   Evacuate Collection Set: 21.5ms
[2024-02-23T09:49:35.496+0000][4616][gc,phases   ] GC(251)   Post Evacuate Collection Set: 1.5ms
[2024-02-23T09:49:35.496+0000][4616][gc,phases   ] GC(251)   Other: 0.3ms
[2024-02-23T09:49:35.496+0000][4616][gc,age      ] GC(251) Age table with threshold 15 (max threshold 15)
[2024-02-23T09:49:35.496+0000][4616][gc,age      ] GC(251) - age   1:   81364088 bytes,   81364088 total
[2024-02-23T09:49:35.496+0000][4616][gc,age      ] GC(251) - age   2:     190896 bytes,   81554984 total
[2024-02-23T09:49:35.497+0000][4616][gc,heap     ] GC(251) Eden regions: 507->0(29)
[2024-02-23T09:49:35.497+0000][4616][gc,heap     ] GC(251) Survivor regions: 4->21(64)
[2024-02-23T09:49:35.497+0000][4616][gc,heap     ] GC(251) Old regions: 273->273
[2024-02-23T09:49:35.497+0000][4616][gc,heap     ] GC(251) Archive regions: 0->0
[2024-02-23T09:49:35.497+0000][4616][gc,heap     ] GC(251) Humongous regions: 5->5
[2024-02-23T09:49:35.497+0000][4616][gc,metaspace] GC(251) Metaspace: 131077K(137088K)->131077K(137088K) NonClass: 114130K(117824K)->114130K(117824K) Class: 16947K(19264K)->16947K(19264K)
[2024-02-23T09:49:35.497+0000][4616][gc          ] GC(251) Pause Young (Prepare Mixed) (G1 Evacuation Pause) 3153M->1190M(4040M) 25.189ms
[2024-02-23T09:49:35.497+0000][4616][gc,cpu      ] GC(251) User=0.11s Sys=0.00s Real=0.03s
[2024-02-23T09:49:35.497+0000][4616][safepoint   ] Safepoint "G1CollectForAllocation", Time since last: 21853317900 ns, Reaching safepoint: 140600 ns, At safepoint: 25452000 ns, Total: 25592600 ns
[2024-02-23T09:49:37.877+0000][4616][gc,start    ] GC(252) Pause Young (Mixed) (G1 Evacuation Pause)
[2024-02-23T09:49:37.878+0000][4616][gc,task     ] GC(252) Using 8 workers of 8 for evacuation
[2024-02-23T09:49:37.878+0000][4616][gc,age      ] GC(252) Desired survivor size 14680064 bytes, new threshold 1 (max threshold 15)
[2024-02-23T09:49:38.437+0000][4616][gc,mmu      ] GC(252) MMU target violated: 201.0ms (200.0ms/201.0ms)
[2024-02-23T09:49:38.437+0000][4616][gc,phases   ] GC(252)   Pre Evacuate Collection Set: 4.2ms
[2024-02-23T09:49:38.437+0000][4616][gc,phases   ] GC(252)   Merge Heap Roots: 0.6ms
[2024-02-23T09:49:38.437+0000][4616][gc,phases   ] GC(252)   Evacuate Collection Set: 548.9ms
[2024-02-23T09:49:38.437+0000][4616][gc,phases   ] GC(252)   Post Evacuate Collection Set: 5.2ms
[2024-02-23T09:49:38.437+0000][4616][gc,phases   ] GC(252)   Other: 0.4ms
[2024-02-23T09:49:38.437+0000][4616][gc,age      ] GC(252) Age table with threshold 1 (max threshold 15)
[2024-02-23T09:49:38.437+0000][4616][gc,age      ] GC(252) - age   1:    5100136 bytes,    5100136 total
[2024-02-23T09:49:38.437+0000][4616][gc,heap     ] GC(252) Eden regions: 29->0(278)
[2024-02-23T09:49:38.437+0000][4616][gc,heap     ] GC(252) Survivor regions: 21->3(7)
[2024-02-23T09:49:38.437+0000][4616][gc,heap     ] GC(252) Old regions: 273->220
[2024-02-23T09:49:38.437+0000][4616][gc,heap     ] GC(252) Archive regions: 0->0
[2024-02-23T09:49:38.437+0000][4616][gc,heap     ] GC(252) Humongous regions: 6->6
[2024-02-23T09:49:38.437+0000][4616][gc,metaspace] GC(252) Metaspace: 131077K(137088K)->131077K(137088K) NonClass: 114130K(117824K)->114130K(117824K) Class: 16947K(19264K)->16947K(19264K)
[2024-02-23T09:49:38.437+0000][4616][gc          ] GC(252) Pause Young (Mixed) (G1 Evacuation Pause) 1310M->911M(4040M) 559.660ms
[2024-02-23T09:49:38.437+0000][4616][gc,cpu      ] GC(252) User=0.23s Sys=2.62s Real=0.56s
[2024-02-23T09:49:38.439+0000][4616][safepoint   ] Safepoint "G1CollectForAllocation", Time since last: 2380506500 ns, Reaching safepoint: 156200 ns, At safepoint: 560653500 ns, Total: 560809700 ns
[2024-02-23T09:49:48.788+0000][4616][gc,start    ] GC(253) Pause Young (Concurrent Start) (G1 Evacuation Pause)
[2024-02-23T09:49:48.788+0000][4616][gc,task     ] GC(253) Using 8 workers of 8 for evacuation
[2024-02-23T09:49:48.788+0000][4616][gc,age      ] GC(253) Desired survivor size 75497472 bytes, new threshold 15 (max threshold 15)
[2024-02-23T09:49:48.814+0000][4616][gc,phases   ] GC(253)   Pre Evacuate Collection Set: 0.7ms
[2024-02-23T09:49:48.814+0000][4616][gc,phases   ] GC(253)   Merge Heap Roots: 0.3ms
[2024-02-23T09:49:48.814+0000][4616][gc,phases   ] GC(253)   Evacuate Collection Set: 13.9ms
[2024-02-23T09:49:48.814+0000][4616][gc,phases   ] GC(253)   Post Evacuate Collection Set: 2.2ms
[2024-02-23T09:49:48.814+0000][4616][gc,phases   ] GC(253)   Other: 0.2ms
[2024-02-23T09:49:48.814+0000][4616][gc,age      ] GC(253) Age table with threshold 15 (max threshold 15)
[2024-02-23T09:49:48.814+0000][4616][gc,age      ] GC(253) - age   1:   46019984 bytes,   46019984 total
[2024-02-23T09:49:48.814+0000][4616][gc,age      ] GC(253) - age   2:    4193712 bytes,   50213696 total
[2024-02-23T09:49:48.814+0000][4616][gc,heap     ] GC(253) Eden regions: 278->0(226)
[2024-02-23T09:49:48.814+0000][4616][gc,heap     ] GC(253) Survivor regions: 3->13(36)
[2024-02-23T09:49:48.814+0000][4616][gc,heap     ] GC(253) Old regions: 220->220
[2024-02-23T09:49:48.814+0000][4616][gc,heap     ] GC(253) Archive regions: 0->0
[2024-02-23T09:49:48.814+0000][4616][gc,heap     ] GC(253) Humongous regions: 6->6
[2024-02-23T09:49:48.814+0000][4616][gc,metaspace] GC(253) Metaspace: 131077K(137088K)->131077K(137088K) NonClass: 114130K(117824K)->114130K(117824K) Class: 16947K(19264K)->16947K(19264K)
[2024-02-23T09:49:48.814+0000][4616][gc          ] GC(253) Pause Young (Concurrent Start) (G1 Evacuation Pause) 2023M->951M(4040M) 17.963ms
[2024-02-23T09:49:48.814+0000][4616][gc,cpu      ] GC(253) User=0.11s Sys=0.00s Real=0.03s
[2024-02-23T09:49:48.814+0000][4616][gc          ] GC(254) Concurrent Mark Cycle
[2024-02-23T09:49:48.814+0000][4616][gc,marking  ] GC(254) Concurrent Clear Claimed Marks
[2024-02-23T09:49:48.815+0000][4616][safepoint   ] Safepoint "G1CollectForAllocation", Time since last: 10357613300 ns, Reaching safepoint: 203500 ns, At safepoint: 18297100 ns, Total: 18500600 ns
[2024-02-23T09:49:48.815+0000][4616][gc,marking  ] GC(254) Concurrent Clear Claimed Marks 0.229ms
[2024-02-23T09:49:48.815+0000][4616][gc,marking  ] GC(254) Concurrent Scan Root Regions
[2024-02-23T09:49:48.824+0000][4616][gc,marking  ] GC(254) Concurrent Scan Root Regions 9.307ms
[2024-02-23T09:49:48.824+0000][4616][gc,marking  ] GC(254) Concurrent Mark
[2024-02-23T09:49:48.824+0000][4616][gc,marking  ] GC(254) Concurrent Mark From Roots
[2024-02-23T09:49:48.824+0000][4616][gc,task     ] GC(254) Using 2 workers of 2 for marking
[2024-02-23T09:49:49.194+0000][4616][gc,marking  ] GC(254) Concurrent Mark From Roots 372.807ms
[2024-02-23T09:49:49.194+0000][4616][gc,marking  ] GC(254) Concurrent Preclean
[2024-02-23T09:49:49.194+0000][4616][gc,marking  ] GC(254) Concurrent Preclean 0.981ms
[2024-02-23T09:49:49.194+0000][4616][gc,start    ] GC(254) Pause Remark
[2024-02-23T09:49:49.215+0000][4616][gc          ] GC(254) Pause Remark 1010M->1006M(4040M) 16.827ms
[2024-02-23T09:49:49.215+0000][4616][gc,cpu      ] GC(254) User=0.12s Sys=0.02s Real=0.02s
[2024-02-23T09:49:49.216+0000][4616][safepoint   ] Safepoint "G1Concurrent", Time since last: 383576000 ns, Reaching safepoint: 66500 ns, At safepoint: 17088000 ns, Total: 17154500 ns
[2024-02-23T09:49:49.216+0000][4616][gc,marking  ] GC(254) Concurrent Mark 391.218ms
[2024-02-23T09:49:49.216+0000][4616][gc,marking  ] GC(254) Concurrent Rebuild Remembered Sets
[2024-02-23T09:49:49.402+0000][4616][gc,marking  ] GC(254) Concurrent Rebuild Remembered Sets 186.555ms
[2024-02-23T09:49:49.402+0000][4616][gc,start    ] GC(254) Pause Cleanup
[2024-02-23T09:49:49.405+0000][4616][gc          ] GC(254) Pause Cleanup 1018M->1018M(4040M) 3.048ms
[2024-02-23T09:49:49.405+0000][4616][gc,cpu      ] GC(254) User=0.00s Sys=0.00s Real=0.00s
[2024-02-23T09:49:49.405+0000][4616][safepoint   ] Safepoint "G1Concurrent", Time since last: 186803000 ns, Reaching safepoint: 138700 ns, At safepoint: 3275200 ns, Total: 3413900 ns
[2024-02-23T09:49:49.405+0000][4616][gc,marking  ] GC(254) Concurrent Cleanup for Next Mark
[2024-02-23T09:49:49.439+0000][4616][gc,marking  ] GC(254) Concurrent Cleanup for Next Mark 33.028ms
[2024-02-23T09:49:49.439+0000][4616][gc          ] GC(254) Concurrent Mark Cycle 624.346ms
[2024-02-23T09:50:02.389+0000][4616][gc,start    ] GC(255) Pause Young (Prepare Mixed) (G1 Evacuation Pause)
[2024-02-23T09:50:02.389+0000][4616][gc,task     ] GC(255) Using 8 workers of 8 for evacuation
[2024-02-23T09:50:02.389+0000][4616][gc,age      ] GC(255) Desired survivor size 73400320 bytes, new threshold 15 (max threshold 15)
[2024-02-23T09:50:02.416+0000][4616][gc,phases   ] GC(255)   Pre Evacuate Collection Set: 0.4ms
[2024-02-23T09:50:02.416+0000][4616][gc,phases   ] GC(255)   Merge Heap Roots: 0.5ms
[2024-02-23T09:50:02.416+0000][4616][gc,phases   ] GC(255)   Evacuate Collection Set: 23.3ms
[2024-02-23T09:50:02.416+0000][4616][gc,phases   ] GC(255)   Post Evacuate Collection Set: 1.9ms
[2024-02-23T09:50:02.416+0000][4616][gc,phases   ] GC(255)   Other: 0.3ms
[2024-02-23T09:50:02.416+0000][4616][gc,age      ] GC(255) Age table with threshold 15 (max threshold 15)
[2024-02-23T09:50:02.416+0000][4616][gc,age      ] GC(255) - age   1:   42510832 bytes,   42510832 total
[2024-02-23T09:50:02.416+0000][4616][gc,age      ] GC(255) - age   2:   39619008 bytes,   82129840 total
[2024-02-23T09:50:02.416+0000][4616][gc,age      ] GC(255) - age   3:    3746912 bytes,   85876752 total
[2024-02-23T09:50:02.416+0000][4616][gc,heap     ] GC(255) Eden regions: 261->0(28)
[2024-02-23T09:50:02.416+0000][4616][gc,heap     ] GC(255) Survivor regions: 13->22(35)
[2024-02-23T09:50:02.416+0000][4616][gc,heap     ] GC(255) Old regions: 220->220
[2024-02-23T09:50:02.416+0000][4616][gc,heap     ] GC(255) Archive regions: 0->0
[2024-02-23T09:50:02.416+0000][4616][gc,heap     ] GC(255) Humongous regions: 5->5
[2024-02-23T09:50:02.416+0000][4616][gc,metaspace] GC(255) Metaspace: 131077K(137088K)->131077K(137088K) NonClass: 114130K(117824K)->114130K(117824K) Class: 16947K(19264K)->16947K(19264K)
[2024-02-23T09:50:02.416+0000][4616][gc          ] GC(255) Pause Young (Prepare Mixed) (G1 Evacuation Pause) 1991M->985M(4040M) 26.984ms
[2024-02-23T09:50:02.416+0000][4616][gc,cpu      ] GC(255) User=0.22s Sys=0.00s Real=0.03s
[2024-02-23T09:50:02.416+0000][4616][safepoint   ] Safepoint "G1CollectForAllocation", Time since last: 12983399700 ns, Reaching safepoint: 175800 ns, At safepoint: 27192000 ns, Total: 27367800 ns
[2024-02-23T09:50:03.328+0000][4616][gc,start    ] GC(256) Pause Young (Mixed) (G1 Evacuation Pause)
[2024-02-23T09:50:03.328+0000][4616][gc,task     ] GC(256) Using 8 workers of 8 for evacuation
[2024-02-23T09:50:03.328+0000][4616][gc,age      ] GC(256) Desired survivor size 14680064 bytes, new threshold 1 (max threshold 15)
[2024-02-23T09:50:03.584+0000][4616][gc,mmu      ] GC(256) MMU target violated: 201.0ms (200.0ms/201.0ms)
[2024-02-23T09:50:03.584+0000][4616][gc,phases   ] GC(256)   Pre Evacuate Collection Set: 0.2ms
[2024-02-23T09:50:03.584+0000][4616][gc,phases   ] GC(256)   Merge Heap Roots: 0.5ms
[2024-02-23T09:50:03.584+0000][4616][gc,phases   ] GC(256)   Evacuate Collection Set: 249.0ms
[2024-02-23T09:50:03.584+0000][4616][gc,phases   ] GC(256)   Post Evacuate Collection Set: 3.3ms
[2024-02-23T09:50:03.584+0000][4616][gc,phases   ] GC(256)   Other: 0.3ms
[2024-02-23T09:50:03.584+0000][4616][gc,age      ] GC(256) Age table with threshold 1 (max threshold 15)
[2024-02-23T09:50:03.584+0000][4616][gc,age      ] GC(256) - age   1:    4539144 bytes,    4539144 total
[2024-02-23T09:50:03.584+0000][4616][gc,heap     ] GC(256) Eden regions: 28->0(558)
[2024-02-23T09:50:03.584+0000][4616][gc,heap     ] GC(256) Survivor regions: 22->3(7)
[2024-02-23T09:50:03.584+0000][4616][gc,heap     ] GC(256) Old regions: 220->197
[2024-02-23T09:50:03.584+0000][4616][gc,heap     ] GC(256) Archive regions: 0->0
[2024-02-23T09:50:03.584+0000][4616][gc,heap     ] GC(256) Humongous regions: 5->5
[2024-02-23T09:50:03.584+0000][4616][gc,metaspace] GC(256) Metaspace: 131077K(137088K)->131077K(137088K) NonClass: 114130K(117824K)->114130K(117824K) Class: 16947K(19264K)->16947K(19264K)
[2024-02-23T09:50:03.584+0000][4616][gc          ] GC(256) Pause Young (Mixed) (G1 Evacuation Pause) 1097M->813M(4040M) 253.613ms
[2024-02-23T09:50:03.584+0000][4616][gc,cpu      ] GC(256) User=0.16s Sys=0.75s Real=0.26s
[2024-02-23T09:50:03.585+0000][4616][safepoint   ] Safepoint "G1CollectForAllocation", Time since last: 913945700 ns, Reaching safepoint: 135300 ns, At safepoint: 254532400 ns, Total: 254667700 ns
[2024-02-23T09:50:04.360+0000][4616][gc,start    ] GC(257) Pause Young (Concurrent Start) (G1 Humongous Allocation)
[2024-02-23T09:50:04.360+0000][4616][gc,task     ] GC(257) Using 8 workers of 8 for evacuation
[2024-02-23T09:50:04.360+0000][4616][gc,age      ] GC(257) Desired survivor size 148897792 bytes, new threshold 15 (max threshold 15)
[2024-02-23T09:50:04.360+0000][4616][gc,phases   ] GC(257)   Pre Evacuate Collection Set: 0.4ms
[2024-02-23T09:50:04.360+0000][4616][gc,phases   ] GC(257)   Merge Heap Roots: 0.2ms
[2024-02-23T09:50:04.360+0000][4616][gc,phases   ] GC(257)   Evacuate Collection Set: 4.2ms
[2024-02-23T09:50:04.360+0000][4616][gc,phases   ] GC(257)   Post Evacuate Collection Set: 0.8ms
[2024-02-23T09:50:04.360+0000][4616][gc,phases   ] GC(257)   Other: 0.2ms
[2024-02-23T09:50:04.360+0000][4616][gc,age      ] GC(257) Age table with threshold 15 (max threshold 15)
[2024-02-23T09:50:04.360+0000][4616][gc,age      ] GC(257) - age   1:    6997512 bytes,    6997512 total
[2024-02-23T09:50:04.360+0000][4616][gc,age      ] GC(257) - age   2:    4028288 bytes,   11025800 total
[2024-02-23T09:50:04.360+0000][4616][gc,heap     ] GC(257) Eden regions: 33->0(594)
[2024-02-23T09:50:04.360+0000][4616][gc,heap     ] GC(257) Survivor regions: 3->4(71)
[2024-02-23T09:50:04.360+0000][4616][gc,heap     ] GC(257) Old regions: 197->197
[2024-02-23T09:50:04.360+0000][4616][gc,heap     ] GC(257) Archive regions: 0->0
[2024-02-23T09:50:04.360+0000][4616][gc,heap     ] GC(257) Humongous regions: 5->5
[2024-02-23T09:50:04.360+0000][4616][gc,metaspace] GC(257) Metaspace: 131077K(137088K)->131077K(137088K) NonClass: 114130K(117824K)->114130K(117824K) Class: 16947K(19264K)->16947K(19264K)
[2024-02-23T09:50:04.360+0000][4616][gc          ] GC(257) Pause Young (Concurrent Start) (G1 Humongous Allocation) 943M->817M(4040M) 6.323ms
[2024-02-23T09:50:04.360+0000][4616][gc          ] GC(258) Concurrent Mark Cycle
[2024-02-23T09:50:04.360+0000][4616][gc,cpu      ] GC(257) User=0.00s Sys=0.00s Real=0.00s
[2024-02-23T09:50:04.360+0000][4616][gc,marking  ] GC(258) Concurrent Clear Claimed Marks
[2024-02-23T09:50:04.360+0000][4616][safepoint   ] Safepoint "G1TryInitiateConcMark", Time since last: 775337300 ns, Reaching safepoint: 98900 ns, At safepoint: 6534300 ns, Total: 6633200 ns
[2024-02-23T09:50:04.360+0000][4616][gc,marking  ] GC(258) Concurrent Clear Claimed Marks 0.217ms
[2024-02-23T09:50:04.360+0000][4616][gc,marking  ] GC(258) Concurrent Scan Root Regions
[2024-02-23T09:50:04.360+0000][4616][gc,marking  ] GC(258) Concurrent Scan Root Regions 3.204ms
[2024-02-23T09:50:04.360+0000][4616][gc,marking  ] GC(258) Concurrent Mark
[2024-02-23T09:50:04.360+0000][4616][gc,marking  ] GC(258) Concurrent Mark From Roots
[2024-02-23T09:50:04.360+0000][4616][gc,task     ] GC(258) Using 2 workers of 2 for marking
[2024-02-23T09:50:04.672+0000][4616][gc,marking  ] GC(258) Concurrent Mark From Roots 308.531ms
[2024-02-23T09:50:04.672+0000][4616][gc,marking  ] GC(258) Concurrent Preclean
[2024-02-23T09:50:04.672+0000][4616][gc,marking  ] GC(258) Concurrent Preclean 1.256ms
[2024-02-23T09:50:04.672+0000][4616][gc,start    ] GC(258) Pause Remark
[2024-02-23T09:50:04.689+0000][4616][gc          ] GC(258) Pause Remark 875M->875M(4040M) 14.970ms
[2024-02-23T09:50:04.689+0000][4616][gc,cpu      ] GC(258) User=0.03s Sys=0.02s Real=0.02s
[2024-02-23T09:50:04.689+0000][4616][safepoint   ] Safepoint "G1Concurrent", Time since last: 313513600 ns, Reaching safepoint: 88800 ns, At safepoint: 15148900 ns, Total: 15237700 ns
[2024-02-23T09:50:04.689+0000][4616][gc,marking  ] GC(258) Concurrent Mark 325.352ms
[2024-02-23T09:50:04.689+0000][4616][gc,marking  ] GC(258) Concurrent Rebuild Remembered Sets
[2024-02-23T09:50:04.880+0000][4616][gc,marking  ] GC(258) Concurrent Rebuild Remembered Sets 187.898ms
[2024-02-23T09:50:04.880+0000][4616][gc,start    ] GC(258) Pause Cleanup
[2024-02-23T09:50:04.880+0000][4616][gc          ] GC(258) Pause Cleanup 907M->907M(4040M) 0.822ms
[2024-02-23T09:50:04.880+0000][4616][gc,cpu      ] GC(258) User=0.00s Sys=0.00s Real=0.00s
[2024-02-23T09:50:04.880+0000][4616][safepoint   ] Safepoint "G1Concurrent", Time since last: 188128000 ns, Reaching safepoint: 75000 ns, At safepoint: 1003200 ns, Total: 1078200 ns
[2024-02-23T09:50:04.880+0000][4616][gc,marking  ] GC(258) Concurrent Cleanup for Next Mark
[2024-02-23T09:50:04.889+0000][4616][gc,marking  ] GC(258) Concurrent Cleanup for Next Mark 8.900ms
[2024-02-23T09:50:04.889+0000][4616][gc          ] GC(258) Concurrent Mark Cycle 527.173ms
[2024-02-23T09:50:10.925+0000][4616][safepoint   ] Safepoint "Cleanup", Time since last: 6040215400 ns, Reaching safepoint: 109600 ns, At safepoint: 12600 ns, Total: 122200 ns
[2024-02-23T09:50:36.110+0000][4616][gc,start    ] GC(259) Pause Young (Prepare Mixed) (G1 Evacuation Pause)
[2024-02-23T09:50:36.110+0000][4616][gc,task     ] GC(259) Using 8 workers of 8 for evacuation
[2024-02-23T09:50:36.110+0000][4616][gc,age      ] GC(259) Desired survivor size 157286400 bytes, new threshold 15 (max threshold 15)
[2024-02-23T09:50:36.163+0000][4616][gc,phases   ] GC(259)   Pre Evacuate Collection Set: 0.3ms
[2024-02-23T09:50:36.163+0000][4616][gc,phases   ] GC(259)   Merge Heap Roots: 0.3ms
[2024-02-23T09:50:36.163+0000][4616][gc,phases   ] GC(259)   Evacuate Collection Set: 57.0ms
[2024-02-23T09:50:36.163+0000][4616][gc,phases   ] GC(259)   Post Evacuate Collection Set: 1.6ms
[2024-02-23T09:50:36.163+0000][4616][gc,phases   ] GC(259)   Other: 0.4ms
[2024-02-23T09:50:36.163+0000][4616][gc,age      ] GC(259) Age table with threshold 15 (max threshold 15)
[2024-02-23T09:50:36.163+0000][4616][gc,age      ] GC(259) - age   1:   88998248 bytes,   88998248 total
[2024-02-23T09:50:36.163+0000][4616][gc,age      ] GC(259) - age   2:    5599320 bytes,   94597568 total
[2024-02-23T09:50:36.163+0000][4616][gc,age      ] GC(259) - age   3:    2741608 bytes,   97339176 total
[2024-02-23T09:50:36.163+0000][4616][gc,heap     ] GC(259) Eden regions: 594->0(25)
[2024-02-23T09:50:36.163+0000][4616][gc,heap     ] GC(259) Survivor regions: 4->25(75)
[2024-02-23T09:50:36.163+0000][4616][gc,heap     ] GC(259) Old regions: 197->197
[2024-02-23T09:50:36.163+0000][4616][gc,heap     ] GC(259) Archive regions: 0->0
[2024-02-23T09:50:36.163+0000][4616][gc,heap     ] GC(259) Humongous regions: 6->6
[2024-02-23T09:50:36.163+0000][4616][gc,metaspace] GC(259) Metaspace: 131078K(137088K)->131078K(137088K) NonClass: 114130K(117824K)->114130K(117824K) Class: 16947K(19264K)->16947K(19264K)
[2024-02-23T09:50:36.163+0000][4616][gc          ] GC(259) Pause Young (Prepare Mixed) (G1 Evacuation Pause) 3197M->905M(4040M) 60.124ms
[2024-02-23T09:50:36.163+0000][4616][gc,cpu      ] GC(259) User=0.12s Sys=0.23s Real=0.05s
[2024-02-23T09:50:36.163+0000][4616][safepoint   ] Safepoint "G1CollectForAllocation", Time since last: 25184024000 ns, Reaching safepoint: 413800 ns, At safepoint: 60388600 ns, Total: 60802400 ns
[2024-02-23T09:50:37.318+0000][4616][gc,start    ] GC(260) Pause Young (Mixed) (G1 Evacuation Pause)
[2024-02-23T09:50:37.319+0000][4616][gc,task     ] GC(260) Using 8 workers of 8 for evacuation
[2024-02-23T09:50:37.319+0000][4616][gc,age      ] GC(260) Desired survivor size 14680064 bytes, new threshold 1 (max threshold 15)
[2024-02-23T09:50:37.426+0000][4616][gc,phases   ] GC(260)   Pre Evacuate Collection Set: 0.2ms
[2024-02-23T09:50:37.426+0000][4616][gc,phases   ] GC(260)   Merge Heap Roots: 0.2ms
[2024-02-23T09:50:37.426+0000][4616][gc,phases   ] GC(260)   Evacuate Collection Set: 113.9ms
[2024-02-23T09:50:37.426+0000][4616][gc,phases   ] GC(260)   Post Evacuate Collection Set: 0.9ms
[2024-02-23T09:50:37.426+0000][4616][gc,phases   ] GC(260)   Other: 0.3ms
[2024-02-23T09:50:37.426+0000][4616][gc,age      ] GC(260) Age table with threshold 1 (max threshold 15)
[2024-02-23T09:50:37.435+0000][4616][gc,age      ] GC(260) - age   1:    3162896 bytes,    3162896 total
[2024-02-23T09:50:37.435+0000][4616][gc,heap     ] GC(260) Eden regions: 25->0(579)
[2024-02-23T09:50:37.435+0000][4616][gc,heap     ] GC(260) Survivor regions: 25->2(7)
[2024-02-23T09:50:37.435+0000][4616][gc,heap     ] GC(260) Old regions: 197->209
[2024-02-23T09:50:37.435+0000][4616][gc,heap     ] GC(260) Archive regions: 0->0
[2024-02-23T09:50:37.435+0000][4616][gc,heap     ] GC(260) Humongous regions: 6->6
[2024-02-23T09:50:37.435+0000][4616][gc,metaspace] GC(260) Metaspace: 131078K(137088K)->131078K(137088K) NonClass: 114130K(117824K)->114130K(117824K) Class: 16947K(19264K)->16947K(19264K)
[2024-02-23T09:50:37.435+0000][4616][gc          ] GC(260) Pause Young (Mixed) (G1 Evacuation Pause) 1005M->866M(4040M) 116.053ms
[2024-02-23T09:50:37.435+0000][4616][gc,cpu      ] GC(260) User=0.08s Sys=0.38s Real=0.12s
[2024-02-23T09:50:37.436+0000][4616][safepoint   ] Safepoint "G1CollectForAllocation", Time since last: 1148852200 ns, Reaching safepoint: 145600 ns, At safepoint: 116964400 ns, Total: 117110000 ns
[2024-02-23T09:50:37.544+0000][4616][gc,start    ] GC(261) Pause Young (Concurrent Start) (G1 Humongous Allocation)
[2024-02-23T09:50:37.544+0000][4616][gc,task     ] GC(261) Using 8 workers of 8 for evacuation
[2024-02-23T09:50:37.544+0000][4616][gc,age      ] GC(261) Desired survivor size 153092096 bytes, new threshold 15 (max threshold 15)
[2024-02-23T09:50:37.545+0000][4616][gc,phases   ] GC(261)   Pre Evacuate Collection Set: 0.5ms
[2024-02-23T09:50:37.545+0000][4616][gc,phases   ] GC(261)   Merge Heap Roots: 0.1ms
[2024-02-23T09:50:37.545+0000][4616][gc,phases   ] GC(261)   Evacuate Collection Set: 3.1ms
[2024-02-23T09:50:37.545+0000][4616][gc,phases   ] GC(261)   Post Evacuate Collection Set: 0.8ms
[2024-02-23T09:50:37.545+0000][4616][gc,phases   ] GC(261)   Other: 0.3ms
[2024-02-23T09:50:37.545+0000][4616][gc,age      ] GC(261) Age table with threshold 15 (max threshold 15)
[2024-02-23T09:50:37.545+0000][4616][gc,age      ] GC(261) - age   1:     909248 bytes,     909248 total
[2024-02-23T09:50:37.545+0000][4616][gc,age      ] GC(261) - age   2:    2537032 bytes,    3446280 total
[2024-02-23T09:50:37.545+0000][4616][gc,heap     ] GC(261) Eden regions: 7->0(580)
[2024-02-23T09:50:37.545+0000][4616][gc,heap     ] GC(261) Survivor regions: 2->2(73)
[2024-02-23T09:50:37.545+0000][4616][gc,heap     ] GC(261) Old regions: 209->209
[2024-02-23T09:50:37.545+0000][4616][gc,heap     ] GC(261) Archive regions: 0->0
[2024-02-23T09:50:37.545+0000][4616][gc,heap     ] GC(261) Humongous regions: 6->6
[2024-02-23T09:50:37.545+0000][4616][gc,metaspace] GC(261) Metaspace: 131078K(137088K)->131078K(137088K) NonClass: 114130K(117824K)->114130K(117824K) Class: 16947K(19264K)->16947K(19264K)
[2024-02-23T09:50:37.545+0000][4616][gc          ] GC(261) Pause Young (Concurrent Start) (G1 Humongous Allocation) 891M->863M(4040M) 5.323ms
[2024-02-23T09:50:37.545+0000][4616][gc          ] GC(262) Concurrent Mark Cycle
[2024-02-23T09:50:37.545+0000][4616][gc,cpu      ] GC(261) User=0.00s Sys=0.00s Real=0.00s
[2024-02-23T09:50:37.545+0000][4616][gc,marking  ] GC(262) Concurrent Clear Claimed Marks
[2024-02-23T09:50:37.545+0000][4616][safepoint   ] Safepoint "G1TryInitiateConcMark", Time since last: 108475000 ns, Reaching safepoint: 91700 ns, At safepoint: 5513800 ns, Total: 5605500 ns
[2024-02-23T09:50:37.545+0000][4616][gc,marking  ] GC(262) Concurrent Clear Claimed Marks 0.212ms
[2024-02-23T09:50:37.545+0000][4616][gc,marking  ] GC(262) Concurrent Scan Root Regions
[2024-02-23T09:50:37.545+0000][4616][gc,marking  ] GC(262) Concurrent Scan Root Regions 3.527ms
[2024-02-23T09:50:37.545+0000][4616][gc,marking  ] GC(262) Concurrent Mark
[2024-02-23T09:50:37.545+0000][4616][gc,marking  ] GC(262) Concurrent Mark From Roots
[2024-02-23T09:50:37.545+0000][4616][gc,task     ] GC(262) Using 2 workers of 2 for marking
[2024-02-23T09:50:37.867+0000][4616][gc,marking  ] GC(262) Concurrent Mark From Roots 315.126ms
[2024-02-23T09:50:37.867+0000][4616][gc,marking  ] GC(262) Concurrent Preclean
[2024-02-23T09:50:37.867+0000][4616][gc,marking  ] GC(262) Concurrent Preclean 1.235ms
[2024-02-23T09:50:37.867+0000][4616][gc,start    ] GC(262) Pause Remark
[2024-02-23T09:50:37.883+0000][4616][gc          ] GC(262) Pause Remark 924M->920M(4040M) 21.093ms
[2024-02-23T09:50:37.883+0000][4616][gc,cpu      ] GC(262) User=0.02s Sys=0.00s Real=0.02s
[2024-02-23T09:50:37.883+0000][4616][safepoint   ] Safepoint "G1Concurrent", Time since last: 320405700 ns, Reaching safepoint: 745900 ns, At safepoint: 21366700 ns, Total: 22112600 ns
[2024-02-23T09:50:37.883+0000][4616][gc,marking  ] GC(262) Concurrent Mark 338.786ms
[2024-02-23T09:50:37.883+0000][4616][gc,marking  ] GC(262) Concurrent Rebuild Remembered Sets
[2024-02-23T09:50:38.062+0000][4616][gc,marking  ] GC(262) Concurrent Rebuild Remembered Sets 181.840ms
[2024-02-23T09:50:38.062+0000][4616][gc,start    ] GC(262) Pause Cleanup
[2024-02-23T09:50:38.062+0000][4616][gc          ] GC(262) Pause Cleanup 955M->955M(4040M) 0.732ms
[2024-02-23T09:50:38.062+0000][4616][gc,cpu      ] GC(262) User=0.00s Sys=0.00s Real=0.00s
[2024-02-23T09:50:38.062+0000][4616][safepoint   ] Safepoint "G1Concurrent", Time since last: 182062300 ns, Reaching safepoint: 93400 ns, At safepoint: 934400 ns, Total: 1027800 ns
[2024-02-23T09:50:38.062+0000][4616][gc,marking  ] GC(262) Concurrent Cleanup for Next Mark
[2024-02-23T09:50:38.086+0000][4616][gc,marking  ] GC(262) Concurrent Cleanup for Next Mark 10.271ms
[2024-02-23T09:50:38.086+0000][4616][gc          ] GC(262) Concurrent Mark Cycle 536.158ms
[2024-02-23T09:51:04.764+0000][4616][gc,start    ] GC(263) Pause Young (Prepare Mixed) (G1 Evacuation Pause)
[2024-02-23T09:51:04.764+0000][4616][gc,task     ] GC(263) Using 8 workers of 8 for evacuation
[2024-02-23T09:51:04.764+0000][4616][gc,age      ] GC(263) Desired survivor size 153092096 bytes, new threshold 15 (max threshold 15)
[2024-02-23T09:51:04.788+0000][4616][gc,phases   ] GC(263)   Pre Evacuate Collection Set: 0.2ms
[2024-02-23T09:51:04.788+0000][4616][gc,phases   ] GC(263)   Merge Heap Roots: 0.3ms
[2024-02-23T09:51:04.788+0000][4616][gc,phases   ] GC(263)   Evacuate Collection Set: 27.7ms
[2024-02-23T09:51:04.788+0000][4616][gc,phases   ] GC(263)   Post Evacuate Collection Set: 1.5ms
[2024-02-23T09:51:04.788+0000][4616][gc,phases   ] GC(263)   Other: 0.3ms
[2024-02-23T09:51:04.788+0000][4616][gc,age      ] GC(263) Age table with threshold 15 (max threshold 15)
[2024-02-23T09:51:04.788+0000][4616][gc,age      ] GC(263) - age   1:   84773568 bytes,   84773568 total
[2024-02-23T09:51:04.788+0000][4616][gc,age      ] GC(263) - age   2:     295472 bytes,   85069040 total
[2024-02-23T09:51:04.788+0000][4616][gc,age      ] GC(263) - age   3:    1175856 bytes,   86244896 total
[2024-02-23T09:51:04.788+0000][4616][gc,heap     ] GC(263) Eden regions: 580->0(28)
[2024-02-23T09:51:04.788+0000][4616][gc,heap     ] GC(263) Survivor regions: 2->22(73)
[2024-02-23T09:51:04.788+0000][4616][gc,heap     ] GC(263) Old regions: 209->209
[2024-02-23T09:51:04.788+0000][4616][gc,heap     ] GC(263) Archive regions: 0->0
[2024-02-23T09:51:04.788+0000][4616][gc,heap     ] GC(263) Humongous regions: 6->6
[2024-02-23T09:51:04.788+0000][4616][gc,metaspace] GC(263) Metaspace: 131078K(137088K)->131078K(137088K) NonClass: 114130K(117824K)->114130K(117824K) Class: 16947K(19264K)->16947K(19264K)
[2024-02-23T09:51:04.788+0000][4616][gc          ] GC(263) Pause Young (Prepare Mixed) (G1 Evacuation Pause) 3183M->944M(4040M) 30.587ms
[2024-02-23T09:51:04.788+0000][4616][gc,cpu      ] GC(263) User=0.03s Sys=0.08s Real=0.02s
[2024-02-23T09:51:04.788+0000][4616][safepoint   ] Safepoint "G1CollectForAllocation", Time since last: 26690154600 ns, Reaching safepoint: 148600 ns, At safepoint: 30824100 ns, Total: 30972700 ns
[2024-02-23T09:51:05.585+0000][4616][gc,start    ] GC(264) Pause Young (Mixed) (G1 Evacuation Pause)
[2024-02-23T09:51:05.585+0000][4616][gc,task     ] GC(264) Using 8 workers of 8 for evacuation
[2024-02-23T09:51:05.585+0000][4616][gc,age      ] GC(264) Desired survivor size 14680064 bytes, new threshold 1 (max threshold 15)
[2024-02-23T09:51:05.714+0000][4616][gc,phases   ] GC(264)   Pre Evacuate Collection Set: 0.3ms
[2024-02-23T09:51:05.714+0000][4616][gc,phases   ] GC(264)   Merge Heap Roots: 0.4ms
[2024-02-23T09:51:05.714+0000][4616][gc,phases   ] GC(264)   Evacuate Collection Set: 126.3ms
[2024-02-23T09:51:05.714+0000][4616][gc,phases   ] GC(264)   Post Evacuate Collection Set: 1.9ms
[2024-02-23T09:51:05.714+0000][4616][gc,phases   ] GC(264)   Other: 0.3ms
[2024-02-23T09:51:05.714+0000][4616][gc,age      ] GC(264) Age table with threshold 1 (max threshold 15)
[2024-02-23T09:51:05.714+0000][4616][gc,age      ] GC(264) - age   1:    4751880 bytes,    4751880 total
[2024-02-23T09:51:05.714+0000][4616][gc,heap     ] GC(264) Eden regions: 28->0(574)
[2024-02-23T09:51:05.714+0000][4616][gc,heap     ] GC(264) Survivor regions: 22->2(7)
[2024-02-23T09:51:05.714+0000][4616][gc,heap     ] GC(264) Old regions: 209->213
[2024-02-23T09:51:05.714+0000][4616][gc,heap     ] GC(264) Archive regions: 0->0
[2024-02-23T09:51:05.714+0000][4616][gc,heap     ] GC(264) Humongous regions: 6->6
[2024-02-23T09:51:05.714+0000][4616][gc,metaspace] GC(264) Metaspace: 131078K(137088K)->131078K(137088K) NonClass: 114130K(117824K)->114130K(117824K) Class: 16947K(19264K)->16947K(19264K)
[2024-02-23T09:51:05.714+0000][4616][gc          ] GC(264) Pause Young (Mixed) (G1 Evacuation Pause) 1056M->883M(4040M) 129.751ms
[2024-02-23T09:51:05.714+0000][4616][gc,cpu      ] GC(264) User=0.09s Sys=0.31s Real=0.13s
[2024-02-23T09:51:05.715+0000][4616][safepoint   ] Safepoint "G1CollectForAllocation", Time since last: 784812000 ns, Reaching safepoint: 2878500 ns, At safepoint: 131018900 ns, Total: 133897400 ns
[2024-02-23T09:51:06.858+0000][4616][gc,start    ] GC(265) Pause Young (Concurrent Start) (G1 Humongous Allocation)
[2024-02-23T09:51:06.858+0000][4616][gc,task     ] GC(265) Using 8 workers of 8 for evacuation
[2024-02-23T09:51:06.858+0000][4616][gc,age      ] GC(265) Desired survivor size 150994944 bytes, new threshold 15 (max threshold 15)
[2024-02-23T09:51:06.858+0000][4616][gc,phases   ] GC(265)   Pre Evacuate Collection Set: 0.6ms
[2024-02-23T09:51:06.858+0000][4616][gc,phases   ] GC(265)   Merge Heap Roots: 0.2ms
[2024-02-23T09:51:06.858+0000][4616][gc,phases   ] GC(265)   Evacuate Collection Set: 7.2ms
[2024-02-23T09:51:06.858+0000][4616][gc,phases   ] GC(265)   Post Evacuate Collection Set: 1.6ms
[2024-02-23T09:51:06.858+0000][4616][gc,phases   ] GC(265)   Other: 0.3ms
[2024-02-23T09:51:06.858+0000][4616][gc,age      ] GC(265) Age table with threshold 15 (max threshold 15)
[2024-02-23T09:51:06.858+0000][4616][gc,age      ] GC(265) - age   1:   10165472 bytes,   10165472 total
[2024-02-23T09:51:06.858+0000][4616][gc,age      ] GC(265) - age   2:    4324848 bytes,   14490320 total
[2024-02-23T09:51:06.858+0000][4616][gc,heap     ] GC(265) Eden regions: 46->0(581)
[2024-02-23T09:51:06.858+0000][4616][gc,heap     ] GC(265) Survivor regions: 2->4(72)
[2024-02-23T09:51:06.858+0000][4616][gc,heap     ] GC(265) Old regions: 213->213
[2024-02-23T09:51:06.858+0000][4616][gc,heap     ] GC(265) Archive regions: 0->0
[2024-02-23T09:51:06.858+0000][4616][gc,heap     ] GC(265) Humongous regions: 6->6
[2024-02-23T09:51:06.858+0000][4616][gc,metaspace] GC(265) Metaspace: 131078K(137088K)->131078K(137088K) NonClass: 114130K(117824K)->114130K(117824K) Class: 16947K(19264K)->16947K(19264K)
[2024-02-23T09:51:06.858+0000][4616][gc          ] GC(265) Pause Young (Concurrent Start) (G1 Humongous Allocation) 1064M->890M(4040M) 11.073ms
[2024-02-23T09:51:06.858+0000][4616][gc          ] GC(266) Concurrent Mark Cycle
[2024-02-23T09:51:06.858+0000][4616][gc,cpu      ] GC(265) User=0.00s Sys=0.00s Real=0.00s
[2024-02-23T09:51:06.858+0000][4616][gc,marking  ] GC(266) Concurrent Clear Claimed Marks
[2024-02-23T09:51:06.858+0000][4616][gc,marking  ] GC(266) Concurrent Clear Claimed Marks 0.344ms
[2024-02-23T09:51:06.858+0000][4616][gc,marking  ] GC(266) Concurrent Scan Root Regions
[2024-02-23T09:51:06.858+0000][4616][safepoint   ] Safepoint "G1TryInitiateConcMark", Time since last: 1145698600 ns, Reaching safepoint: 92700 ns, At safepoint: 11888100 ns, Total: 11980800 ns
[2024-02-23T09:51:06.880+0000][4616][gc,marking  ] GC(266) Concurrent Scan Root Regions 6.893ms
[2024-02-23T09:51:06.880+0000][4616][gc,marking  ] GC(266) Concurrent Mark
[2024-02-23T09:51:06.880+0000][4616][gc,marking  ] GC(266) Concurrent Mark From Roots
[2024-02-23T09:51:06.880+0000][4616][gc,task     ] GC(266) Using 2 workers of 2 for marking
[2024-02-23T09:51:07.145+0000][4616][gc,marking  ] GC(266) Concurrent Mark From Roots 271.517ms
[2024-02-23T09:51:07.145+0000][4616][gc,marking  ] GC(266) Concurrent Preclean
[2024-02-23T09:51:07.145+0000][4616][gc,marking  ] GC(266) Concurrent Preclean 0.905ms
[2024-02-23T09:51:07.145+0000][4616][gc,start    ] GC(266) Pause Remark
[2024-02-23T09:51:07.164+0000][4616][gc          ] GC(266) Pause Remark 918M->914M(4040M) 19.296ms
[2024-02-23T09:51:07.164+0000][4616][gc,cpu      ] GC(266) User=0.05s Sys=0.05s Real=0.02s
[2024-02-23T09:51:07.164+0000][4616][safepoint   ] Safepoint "G1Concurrent", Time since last: 279532700 ns, Reaching safepoint: 79600 ns, At safepoint: 19479700 ns, Total: 19559300 ns
[2024-02-23T09:51:07.164+0000][4616][gc,marking  ] GC(266) Concurrent Mark 292.225ms
[2024-02-23T09:51:07.164+0000][4616][gc,marking  ] GC(266) Concurrent Rebuild Remembered Sets
[2024-02-23T09:51:07.328+0000][4616][gc,marking  ] GC(266) Concurrent Rebuild Remembered Sets 165.828ms
[2024-02-23T09:51:07.328+0000][4616][gc,start    ] GC(266) Pause Cleanup
[2024-02-23T09:51:07.328+0000][4616][gc          ] GC(266) Pause Cleanup 916M->916M(4040M) 0.913ms
[2024-02-23T09:51:07.328+0000][4616][gc,cpu      ] GC(266) User=0.00s Sys=0.00s Real=0.00s
[2024-02-23T09:51:07.328+0000][4616][safepoint   ] Safepoint "G1Concurrent", Time since last: 166017200 ns, Reaching safepoint: 105000 ns, At safepoint: 1044800 ns, Total: 1149800 ns
[2024-02-23T09:51:07.328+0000][4616][gc,marking  ] GC(266) Concurrent Cleanup for Next Mark
[2024-02-23T09:51:07.343+0000][4616][gc,marking  ] GC(266) Concurrent Cleanup for Next Mark 10.230ms
[2024-02-23T09:51:07.343+0000][4616][gc          ] GC(266) Concurrent Mark Cycle 477.291ms
[2024-02-23T09:51:11.339+0000][4616][safepoint   ] Safepoint "Cleanup", Time since last: 3999262200 ns, Reaching safepoint: 144800 ns, At safepoint: 16400 ns, Total: 161200 ns
[2024-02-23T09:51:50.485+0000][4616][gc,start    ] GC(267) Pause Young (Prepare Mixed) (G1 Evacuation Pause)
[2024-02-23T09:51:50.485+0000][4616][gc,task     ] GC(267) Using 8 workers of 8 for evacuation
[2024-02-23T09:51:50.485+0000][4616][gc,age      ] GC(267) Desired survivor size 155189248 bytes, new threshold 15 (max threshold 15)
[2024-02-23T09:51:50.521+0000][4616][gc,phases   ] GC(267)   Pre Evacuate Collection Set: 0.7ms
[2024-02-23T09:51:50.521+0000][4616][gc,phases   ] GC(267)   Merge Heap Roots: 0.6ms
[2024-02-23T09:51:50.521+0000][4616][gc,phases   ] GC(267)   Evacuate Collection Set: 38.0ms
[2024-02-23T09:51:50.521+0000][4616][gc,phases   ] GC(267)   Post Evacuate Collection Set: 2.8ms
[2024-02-23T09:51:50.521+0000][4616][gc,phases   ] GC(267)   Other: 0.4ms
[2024-02-23T09:51:50.521+0000][4616][gc,age      ] GC(267) Age table with threshold 15 (max threshold 15)
[2024-02-23T09:51:50.521+0000][4616][gc,age      ] GC(267) - age   1:   88040800 bytes,   88040800 total
[2024-02-23T09:51:50.521+0000][4616][gc,age      ] GC(267) - age   2:    8284280 bytes,   96325080 total
[2024-02-23T09:51:50.521+0000][4616][gc,age      ] GC(267) - age   3:    2670608 bytes,   98995688 total
[2024-02-23T09:51:50.521+0000][4616][gc,heap     ] GC(267) Eden regions: 581->0(25)
[2024-02-23T09:51:50.521+0000][4616][gc,heap     ] GC(267) Survivor regions: 4->25(74)
[2024-02-23T09:51:50.521+0000][4616][gc,heap     ] GC(267) Old regions: 213->213
[2024-02-23T09:51:50.521+0000][4616][gc,heap     ] GC(267) Archive regions: 0->0
[2024-02-23T09:51:50.521+0000][4616][gc,heap     ] GC(267) Humongous regions: 6->6
[2024-02-23T09:51:50.521+0000][4616][gc,metaspace] GC(267) Metaspace: 131079K(137088K)->131079K(137088K) NonClass: 114132K(117824K)->114132K(117824K) Class: 16947K(19264K)->16947K(19264K)
[2024-02-23T09:51:50.521+0000][4616][gc          ] GC(267) Pause Young (Prepare Mixed) (G1 Evacuation Pause) 3214M->973M(4040M) 43.628ms
[2024-02-23T09:51:50.521+0000][4616][gc,cpu      ] GC(267) User=0.25s Sys=0.00s Real=0.04s
[2024-02-23T09:51:50.521+0000][4616][safepoint   ] Safepoint "G1CollectForAllocation", Time since last: 39099641600 ns, Reaching safepoint: 46396500 ns, At safepoint: 44087700 ns, Total: 90484200 ns
[2024-02-23T09:51:51.276+0000][4616][gc,start    ] GC(268) Pause Young (Mixed) (G1 Evacuation Pause)
[2024-02-23T09:51:51.276+0000][4616][gc,task     ] GC(268) Using 8 workers of 8 for evacuation
[2024-02-23T09:51:51.276+0000][4616][gc,age      ] GC(268) Desired survivor size 14680064 bytes, new threshold 1 (max threshold 15)
[2024-02-23T09:51:51.557+0000][4616][gc,mmu      ] GC(268) MMU target violated: 201.0ms (200.0ms/201.0ms)
[2024-02-23T09:51:51.557+0000][4616][gc,phases   ] GC(268)   Pre Evacuate Collection Set: 0.2ms
[2024-02-23T09:51:51.557+0000][4616][gc,phases   ] GC(268)   Merge Heap Roots: 2.3ms
[2024-02-23T09:51:51.557+0000][4616][gc,phases   ] GC(268)   Evacuate Collection Set: 281.2ms
[2024-02-23T09:51:51.557+0000][4616][gc,phases   ] GC(268)   Post Evacuate Collection Set: 2.0ms
[2024-02-23T09:51:51.557+0000][4616][gc,phases   ] GC(268)   Other: 0.3ms
[2024-02-23T09:51:51.557+0000][4616][gc,age      ] GC(268) Age table with threshold 1 (max threshold 15)
[2024-02-23T09:51:51.557+0000][4616][gc,age      ] GC(268) - age   1:    2873400 bytes,    2873400 total
[2024-02-23T09:51:51.557+0000][4616][gc,heap     ] GC(268) Eden regions: 25->0(579)
[2024-02-23T09:51:51.557+0000][4616][gc,heap     ] GC(268) Survivor regions: 25->2(7)
[2024-02-23T09:51:51.557+0000][4616][gc,heap     ] GC(268) Old regions: 213->212
[2024-02-23T09:51:51.557+0000][4616][gc,heap     ] GC(268) Archive regions: 0->0
[2024-02-23T09:51:51.557+0000][4616][gc,heap     ] GC(268) Humongous regions: 6->6
[2024-02-23T09:51:51.557+0000][4616][gc,metaspace] GC(268) Metaspace: 131079K(137088K)->131079K(137088K) NonClass: 114132K(117824K)->114132K(117824K) Class: 16947K(19264K)->16947K(19264K)
[2024-02-23T09:51:51.557+0000][4616][gc          ] GC(268) Pause Young (Mixed) (G1 Evacuation Pause) 1073M->878M(4040M) 286.681ms
[2024-02-23T09:51:51.557+0000][4616][gc,cpu      ] GC(268) User=0.14s Sys=0.75s Real=0.28s
[2024-02-23T09:51:51.557+0000][4616][safepoint   ] Safepoint "G1CollectForAllocation", Time since last: 751569800 ns, Reaching safepoint: 197500 ns, At safepoint: 289666800 ns, Total: 289864300 ns
[2024-02-23T09:51:51.815+0000][4616][gc,start    ] GC(269) Pause Young (Concurrent Start) (G1 Humongous Allocation)
[2024-02-23T09:51:51.815+0000][4616][gc,task     ] GC(269) Using 8 workers of 8 for evacuation
[2024-02-23T09:51:51.815+0000][4616][gc,age      ] GC(269) Desired survivor size 153092096 bytes, new threshold 15 (max threshold 15)
[2024-02-23T09:51:51.819+0000][4616][gc,phases   ] GC(269)   Pre Evacuate Collection Set: 0.5ms
[2024-02-23T09:51:51.819+0000][4616][gc,phases   ] GC(269)   Merge Heap Roots: 0.2ms
[2024-02-23T09:51:51.819+0000][4616][gc,phases   ] GC(269)   Evacuate Collection Set: 4.0ms
[2024-02-23T09:51:51.819+0000][4616][gc,phases   ] GC(269)   Post Evacuate Collection Set: 1.1ms
[2024-02-23T09:51:51.819+0000][4616][gc,phases   ] GC(269)   Other: 0.2ms
[2024-02-23T09:51:51.819+0000][4616][gc,age      ] GC(269) Age table with threshold 15 (max threshold 15)
[2024-02-23T09:51:51.819+0000][4616][gc,age      ] GC(269) - age   1:     910648 bytes,     910648 total
[2024-02-23T09:51:51.819+0000][4616][gc,age      ] GC(269) - age   2:    2384408 bytes,    3295056 total
[2024-02-23T09:51:51.819+0000][4616][gc,heap     ] GC(269) Eden regions: 9->0(589)
[2024-02-23T09:51:51.819+0000][4616][gc,heap     ] GC(269) Survivor regions: 2->2(73)
[2024-02-23T09:51:51.819+0000][4616][gc,heap     ] GC(269) Old regions: 212->212
[2024-02-23T09:51:51.819+0000][4616][gc,heap     ] GC(269) Archive regions: 0->0
[2024-02-23T09:51:51.819+0000][4616][gc,heap     ] GC(269) Humongous regions: 6->6
[2024-02-23T09:51:51.819+0000][4616][gc,metaspace] GC(269) Metaspace: 131079K(137088K)->131079K(137088K) NonClass: 114132K(117824K)->114132K(117824K) Class: 16947K(19264K)->16947K(19264K)
[2024-02-23T09:51:51.819+0000][4616][gc          ] GC(269) Pause Young (Concurrent Start) (G1 Humongous Allocation) 912M->876M(4040M) 6.848ms
[2024-02-23T09:51:51.819+0000][4616][gc,cpu      ] GC(269) User=0.00s Sys=0.00s Real=0.00s
[2024-02-23T09:51:51.819+0000][4616][gc          ] GC(270) Concurrent Mark Cycle
[2024-02-23T09:51:51.819+0000][4616][safepoint   ] Safepoint "G1TryInitiateConcMark", Time since last: 243809200 ns, Reaching safepoint: 160000 ns, At safepoint: 7133700 ns, Total: 7293700 ns
[2024-02-23T09:51:51.822+0000][4616][gc,marking  ] GC(270) Concurrent Clear Claimed Marks
[2024-02-23T09:51:51.822+0000][4616][gc,marking  ] GC(270) Concurrent Clear Claimed Marks 0.345ms
[2024-02-23T09:51:51.822+0000][4616][gc,marking  ] GC(270) Concurrent Scan Root Regions
[2024-02-23T09:51:51.825+0000][4616][gc,marking  ] GC(270) Concurrent Scan Root Regions 3.984ms
[2024-02-23T09:51:51.825+0000][4616][gc,marking  ] GC(270) Concurrent Mark
[2024-02-23T09:51:51.825+0000][4616][gc,marking  ] GC(270) Concurrent Mark From Roots
[2024-02-23T09:51:51.825+0000][4616][gc,task     ] GC(270) Using 2 workers of 2 for marking
[2024-02-23T09:51:52.122+0000][4616][gc,marking  ] GC(270) Concurrent Mark From Roots 296.578ms
[2024-02-23T09:51:52.122+0000][4616][gc,marking  ] GC(270) Concurrent Preclean
[2024-02-23T09:51:52.123+0000][4616][gc,marking  ] GC(270) Concurrent Preclean 0.909ms
[2024-02-23T09:51:52.123+0000][4616][gc,start    ] GC(270) Pause Remark
[2024-02-23T09:51:52.140+0000][4616][gc          ] GC(270) Pause Remark 935M->931M(4040M) 16.280ms
[2024-02-23T09:51:52.140+0000][4616][gc,cpu      ] GC(270) User=0.12s Sys=0.00s Real=0.02s
[2024-02-23T09:51:52.140+0000][4616][safepoint   ] Safepoint "G1Concurrent", Time since last: 302246000 ns, Reaching safepoint: 93200 ns, At safepoint: 16566800 ns, Total: 16660000 ns
[2024-02-23T09:51:52.141+0000][4616][gc,marking  ] GC(270) Concurrent Mark 314.409ms
[2024-02-23T09:51:52.141+0000][4616][gc,marking  ] GC(270) Concurrent Rebuild Remembered Sets
[2024-02-23T09:51:52.325+0000][4616][gc,marking  ] GC(270) Concurrent Rebuild Remembered Sets 184.645ms
[2024-02-23T09:51:52.325+0000][4616][gc,start    ] GC(270) Pause Cleanup
[2024-02-23T09:51:52.326+0000][4616][gc          ] GC(270) Pause Cleanup 966M->966M(4040M) 0.532ms
[2024-02-23T09:51:52.326+0000][4616][gc,cpu      ] GC(270) User=0.00s Sys=0.00s Real=0.00s
[2024-02-23T09:51:52.326+0000][4616][safepoint   ] Safepoint "G1Concurrent", Time since last: 184865000 ns, Reaching safepoint: 91700 ns, At safepoint: 701600 ns, Total: 793300 ns
[2024-02-23T09:51:52.326+0000][4616][gc,marking  ] GC(270) Concurrent Cleanup for Next Mark
[2024-02-23T09:51:52.326+0000][4616][gc,marking  ] GC(270) Concurrent Cleanup for Next Mark 9.365ms
[2024-02-23T09:51:52.326+0000][4616][gc          ] GC(270) Concurrent Mark Cycle 514.197ms
[2024-02-23T09:52:11.443+0000][4616][safepoint   ] Safepoint "Cleanup", Time since last: 19116681000 ns, Reaching safepoint: 177000 ns, At safepoint: 39300 ns, Total: 216300 ns
[2024-02-23T09:52:17.150+0000][4616][gc,start    ] GC(271) Pause Young (Prepare Mixed) (G1 Evacuation Pause)
[2024-02-23T09:52:17.150+0000][4616][gc,task     ] GC(271) Using 8 workers of 8 for evacuation
[2024-02-23T09:52:17.150+0000][4616][gc,age      ] GC(271) Desired survivor size 155189248 bytes, new threshold 15 (max threshold 15)
[2024-02-23T09:52:17.171+0000][4616][gc,phases   ] GC(271)   Pre Evacuate Collection Set: 0.3ms
[2024-02-23T09:52:17.171+0000][4616][gc,phases   ] GC(271)   Merge Heap Roots: 0.3ms
[2024-02-23T09:52:17.171+0000][4616][gc,phases   ] GC(271)   Evacuate Collection Set: 20.7ms
[2024-02-23T09:52:17.171+0000][4616][gc,phases   ] GC(271)   Post Evacuate Collection Set: 1.3ms
[2024-02-23T09:52:17.171+0000][4616][gc,phases   ] GC(271)   Other: 2.3ms
[2024-02-23T09:52:17.171+0000][4616][gc,age      ] GC(271) Age table with threshold 15 (max threshold 15)
[2024-02-23T09:52:17.171+0000][4616][gc,age      ] GC(271) - age   1:   93275656 bytes,   93275656 total
[2024-02-23T09:52:17.171+0000][4616][gc,age      ] GC(271) - age   2:     246560 bytes,   93522216 total
[2024-02-23T09:52:17.171+0000][4616][gc,age      ] GC(271) - age   3:    1455296 bytes,   94977512 total
[2024-02-23T09:52:17.171+0000][4616][gc,heap     ] GC(271) Eden regions: 589->0(26)
[2024-02-23T09:52:17.171+0000][4616][gc,heap     ] GC(271) Survivor regions: 2->24(74)
[2024-02-23T09:52:17.171+0000][4616][gc,heap     ] GC(271) Old regions: 212->212
[2024-02-23T09:52:17.171+0000][4616][gc,heap     ] GC(271) Archive regions: 0->0
[2024-02-23T09:52:17.171+0000][4616][gc,heap     ] GC(271) Humongous regions: 6->6
[2024-02-23T09:52:17.171+0000][4616][gc,metaspace] GC(271) Metaspace: 131081K(137088K)->131081K(137088K) NonClass: 114134K(117824K)->114134K(117824K) Class: 16947K(19264K)->16947K(19264K)
[2024-02-23T09:52:17.171+0000][4616][gc          ] GC(271) Pause Young (Prepare Mixed) (G1 Evacuation Pause) 3232M->966M(4040M) 25.318ms
[2024-02-23T09:52:17.171+0000][4616][gc,cpu      ] GC(271) User=0.12s Sys=0.00s Real=0.02s
[2024-02-23T09:52:17.171+0000][4616][safepoint   ] Safepoint "G1CollectForAllocation", Time since last: 5712119000 ns, Reaching safepoint: 151500 ns, At safepoint: 25857800 ns, Total: 26009300 ns
[2024-02-23T09:52:18.165+0000][4616][gc,start    ] GC(272) Pause Young (Mixed) (G1 Evacuation Pause)
[2024-02-23T09:52:18.165+0000][4616][gc,task     ] GC(272) Using 8 workers of 8 for evacuation
[2024-02-23T09:52:18.165+0000][4616][gc,age      ] GC(272) Desired survivor size 14680064 bytes, new threshold 1 (max threshold 15)
[2024-02-23T09:52:18.284+0000][4616][gc,phases   ] GC(272)   Pre Evacuate Collection Set: 0.4ms
[2024-02-23T09:52:18.284+0000][4616][gc,phases   ] GC(272)   Merge Heap Roots: 0.4ms
[2024-02-23T09:52:18.284+0000][4616][gc,phases   ] GC(272)   Evacuate Collection Set: 115.4ms
[2024-02-23T09:52:18.284+0000][4616][gc,phases   ] GC(272)   Post Evacuate Collection Set: 0.9ms
[2024-02-23T09:52:18.284+0000][4616][gc,phases   ] GC(272)   Other: 0.4ms
[2024-02-23T09:52:18.284+0000][4616][gc,age      ] GC(272) Age table with threshold 1 (max threshold 15)
[2024-02-23T09:52:18.284+0000][4616][gc,age      ] GC(272) - age   1:    3249368 bytes,    3249368 total
[2024-02-23T09:52:18.284+0000][4616][gc,heap     ] GC(272) Eden regions: 26->0(581)
[2024-02-23T09:52:18.284+0000][4616][gc,heap     ] GC(272) Survivor regions: 24->2(7)
[2024-02-23T09:52:18.284+0000][4616][gc,heap     ] GC(272) Old regions: 212->213
[2024-02-23T09:52:18.284+0000][4616][gc,heap     ] GC(272) Archive regions: 0->0
[2024-02-23T09:52:18.284+0000][4616][gc,heap     ] GC(272) Humongous regions: 6->6
[2024-02-23T09:52:18.284+0000][4616][gc,metaspace] GC(272) Metaspace: 131081K(137088K)->131081K(137088K) NonClass: 114134K(117824K)->114134K(117824K) Class: 16947K(19264K)->16947K(19264K)
[2024-02-23T09:52:18.284+0000][4616][gc          ] GC(272) Pause Young (Mixed) (G1 Evacuation Pause) 1070M->879M(4040M) 118.062ms
[2024-02-23T09:52:18.284+0000][4616][gc,cpu      ] GC(272) User=0.14s Sys=0.31s Real=0.12s
[2024-02-23T09:52:18.284+0000][4616][safepoint   ] Safepoint "G1CollectForAllocation", Time since last: 992502100 ns, Reaching safepoint: 167700 ns, At safepoint: 118668700 ns, Total: 118836400 ns
[2024-02-23T09:52:19.374+0000][4616][gc,start    ] GC(273) Pause Young (Concurrent Start) (G1 Humongous Allocation)
[2024-02-23T09:52:19.374+0000][4616][gc,task     ] GC(273) Using 8 workers of 8 for evacuation
[2024-02-23T09:52:19.374+0000][4616][gc,age      ] GC(273) Desired survivor size 153092096 bytes, new threshold 15 (max threshold 15)
[2024-02-23T09:52:19.374+0000][4616][gc,phases   ] GC(273)   Pre Evacuate Collection Set: 0.4ms
[2024-02-23T09:52:19.374+0000][4616][gc,phases   ] GC(273)   Merge Heap Roots: 0.1ms
[2024-02-23T09:52:19.374+0000][4616][gc,phases   ] GC(273)   Evacuate Collection Set: 3.5ms
[2024-02-23T09:52:19.374+0000][4616][gc,phases   ] GC(273)   Post Evacuate Collection Set: 0.9ms
[2024-02-23T09:52:19.374+0000][4616][gc,phases   ] GC(273)   Other: 0.2ms
[2024-02-23T09:52:19.374+0000][4616][gc,age      ] GC(273) Age table with threshold 15 (max threshold 15)
[2024-02-23T09:52:19.374+0000][4616][gc,age      ] GC(273) - age   1:    5234728 bytes,    5234728 total
[2024-02-23T09:52:19.374+0000][4616][gc,age      ] GC(273) - age   2:    2822776 bytes,    8057504 total
[2024-02-23T09:52:19.374+0000][4616][gc,heap     ] GC(273) Eden regions: 38->0(589)
[2024-02-23T09:52:19.374+0000][4616][gc,heap     ] GC(273) Survivor regions: 2->3(73)
[2024-02-23T09:52:19.374+0000][4616][gc,heap     ] GC(273) Old regions: 213->213
[2024-02-23T09:52:19.374+0000][4616][gc,heap     ] GC(273) Archive regions: 0->0
[2024-02-23T09:52:19.374+0000][4616][gc,heap     ] GC(273) Humongous regions: 6->6
[2024-02-23T09:52:19.374+0000][4616][gc,metaspace] GC(273) Metaspace: 131081K(137088K)->131081K(137088K) NonClass: 114134K(117824K)->114134K(117824K) Class: 16947K(19264K)->16947K(19264K)
[2024-02-23T09:52:19.374+0000][4616][gc          ] GC(273) Pause Young (Concurrent Start) (G1 Humongous Allocation) 1030M->882M(4040M) 5.686ms
[2024-02-23T09:52:19.374+0000][4616][gc          ] GC(274) Concurrent Mark Cycle
[2024-02-23T09:52:19.374+0000][4616][gc,cpu      ] GC(273) User=0.00s Sys=0.00s Real=0.00s
[2024-02-23T09:52:19.374+0000][4616][gc,marking  ] GC(274) Concurrent Clear Claimed Marks
[2024-02-23T09:52:19.374+0000][4616][safepoint   ] Safepoint "G1TryInitiateConcMark", Time since last: 1086721100 ns, Reaching safepoint: 130900 ns, At safepoint: 5946400 ns, Total: 6077300 ns
[2024-02-23T09:52:19.374+0000][4616][gc,marking  ] GC(274) Concurrent Clear Claimed Marks 0.218ms
[2024-02-23T09:52:19.374+0000][4616][gc,marking  ] GC(274) Concurrent Scan Root Regions
[2024-02-23T09:52:19.374+0000][4616][gc,marking  ] GC(274) Concurrent Scan Root Regions 3.055ms
[2024-02-23T09:52:19.374+0000][4616][gc,marking  ] GC(274) Concurrent Mark
[2024-02-23T09:52:19.374+0000][4616][gc,marking  ] GC(274) Concurrent Mark From Roots
[2024-02-23T09:52:19.374+0000][4616][gc,task     ] GC(274) Using 2 workers of 2 for marking
[2024-02-23T09:52:19.667+0000][4616][gc,marking  ] GC(274) Concurrent Mark From Roots 278.748ms
[2024-02-23T09:52:19.667+0000][4616][gc,marking  ] GC(274) Concurrent Preclean
[2024-02-23T09:52:19.667+0000][4616][gc,marking  ] GC(274) Concurrent Preclean 0.972ms
[2024-02-23T09:52:19.667+0000][4616][gc,start    ] GC(274) Pause Remark
[2024-02-23T09:52:19.682+0000][4616][gc          ] GC(274) Pause Remark 938M->934M(4040M) 16.370ms
[2024-02-23T09:52:19.682+0000][4616][gc,cpu      ] GC(274) User=0.08s Sys=0.03s Real=0.01s
[2024-02-23T09:52:19.682+0000][4616][safepoint   ] Safepoint "G1Concurrent", Time since last: 283176000 ns, Reaching safepoint: 148400 ns, At safepoint: 16583700 ns, Total: 16732100 ns
[2024-02-23T09:52:19.682+0000][4616][gc,marking  ] GC(274) Concurrent Mark 296.700ms
[2024-02-23T09:52:19.682+0000][4616][gc,marking  ] GC(274) Concurrent Rebuild Remembered Sets
[2024-02-23T09:52:19.850+0000][4616][gc,marking  ] GC(274) Concurrent Rebuild Remembered Sets 176.762ms
[2024-02-23T09:52:19.850+0000][4616][gc,start    ] GC(274) Pause Cleanup
[2024-02-23T09:52:19.850+0000][4616][gc          ] GC(274) Pause Cleanup 966M->966M(4040M) 1.150ms
[2024-02-23T09:52:19.850+0000][4616][gc,cpu      ] GC(274) User=0.00s Sys=0.00s Real=0.00s
[2024-02-23T09:52:19.850+0000][4616][safepoint   ] Safepoint "G1Concurrent", Time since last: 176994200 ns, Reaching safepoint: 90700 ns, At safepoint: 1321800 ns, Total: 1412500 ns
[2024-02-23T09:52:19.850+0000][4616][gc,marking  ] GC(274) Concurrent Cleanup for Next Mark
[2024-02-23T09:52:19.868+0000][4616][gc,marking  ] GC(274) Concurrent Cleanup for Next Mark 8.712ms
[2024-02-23T09:52:19.868+0000][4616][gc          ] GC(274) Concurrent Mark Cycle 487.335ms
[2024-02-23T09:52:52.085+0000][4616][gc,start    ] GC(275) Pause Young (Prepare Mixed) (G1 Evacuation Pause)
[2024-02-23T09:52:52.085+0000][4616][gc,task     ] GC(275) Using 8 workers of 8 for evacuation
[2024-02-23T09:52:52.085+0000][4616][gc,age      ] GC(275) Desired survivor size 155189248 bytes, new threshold 15 (max threshold 15)
[2024-02-23T09:52:52.118+0000][4616][gc,phases   ] GC(275)   Pre Evacuate Collection Set: 0.3ms
[2024-02-23T09:52:52.118+0000][4616][gc,phases   ] GC(275)   Merge Heap Roots: 0.4ms
[2024-02-23T09:52:52.118+0000][4616][gc,phases   ] GC(275)   Evacuate Collection Set: 24.3ms
[2024-02-23T09:52:52.118+0000][4616][gc,phases   ] GC(275)   Post Evacuate Collection Set: 1.9ms
[2024-02-23T09:52:52.118+0000][4616][gc,phases   ] GC(275)   Other: 0.3ms
[2024-02-23T09:52:52.118+0000][4616][gc,age      ] GC(275) Age table with threshold 15 (max threshold 15)
[2024-02-23T09:52:52.118+0000][4616][gc,age      ] GC(275) - age   1:   84574904 bytes,   84574904 total
[2024-02-23T09:52:52.118+0000][4616][gc,age      ] GC(275) - age   2:    2902464 bytes,   87477368 total
[2024-02-23T09:52:52.118+0000][4616][gc,age      ] GC(275) - age   3:    1968664 bytes,   89446032 total
[2024-02-23T09:52:52.118+0000][4616][gc,heap     ] GC(275) Eden regions: 589->0(28)
[2024-02-23T09:52:52.118+0000][4616][gc,heap     ] GC(275) Survivor regions: 3->22(74)
[2024-02-23T09:52:52.118+0000][4616][gc,heap     ] GC(275) Old regions: 213->213
[2024-02-23T09:52:52.118+0000][4616][gc,heap     ] GC(275) Archive regions: 0->0
[2024-02-23T09:52:52.118+0000][4616][gc,heap     ] GC(275) Humongous regions: 6->6
[2024-02-23T09:52:52.118+0000][4616][gc,metaspace] GC(275) Metaspace: 131082K(137088K)->131082K(137088K) NonClass: 114135K(117824K)->114135K(117824K) Class: 16947K(19264K)->16947K(19264K)
[2024-02-23T09:52:52.118+0000][4616][gc          ] GC(275) Pause Young (Prepare Mixed) (G1 Evacuation Pause) 3238M->961M(4040M) 27.867ms
[2024-02-23T09:52:52.118+0000][4616][gc,cpu      ] GC(275) User=0.34s Sys=0.02s Real=0.03s
[2024-02-23T09:52:52.118+0000][4616][safepoint   ] Safepoint "G1CollectForAllocation", Time since last: 32231208500 ns, Reaching safepoint: 116600 ns, At safepoint: 28102000 ns, Total: 28218600 ns
[2024-02-23T09:52:52.742+0000][4616][gc,start    ] GC(276) Pause Young (Mixed) (G1 Evacuation Pause)
[2024-02-23T09:52:52.742+0000][4616][gc,task     ] GC(276) Using 8 workers of 8 for evacuation
[2024-02-23T09:52:52.742+0000][4616][gc,age      ] GC(276) Desired survivor size 14680064 bytes, new threshold 1 (max threshold 15)
[2024-02-23T09:52:52.872+0000][4616][gc,phases   ] GC(276)   Pre Evacuate Collection Set: 0.2ms
[2024-02-23T09:52:52.872+0000][4616][gc,phases   ] GC(276)   Merge Heap Roots: 0.2ms
[2024-02-23T09:52:52.872+0000][4616][gc,phases   ] GC(276)   Evacuate Collection Set: 121.2ms
[2024-02-23T09:52:52.872+0000][4616][gc,phases   ] GC(276)   Post Evacuate Collection Set: 3.4ms
[2024-02-23T09:52:52.872+0000][4616][gc,phases   ] GC(276)   Other: 0.2ms
[2024-02-23T09:52:52.872+0000][4616][gc,age      ] GC(276) Age table with threshold 1 (max threshold 15)
[2024-02-23T09:52:52.872+0000][4616][gc,age      ] GC(276) - age   1:    4985096 bytes,    4985096 total
[2024-02-23T09:52:52.872+0000][4616][gc,heap     ] GC(276) Eden regions: 28->0(585)
[2024-02-23T09:52:52.872+0000][4616][gc,heap     ] GC(276) Survivor regions: 22->2(7)
[2024-02-23T09:52:52.872+0000][4616][gc,heap     ] GC(276) Old regions: 213->211
[2024-02-23T09:52:52.872+0000][4616][gc,heap     ] GC(276) Archive regions: 0->0
[2024-02-23T09:52:52.872+0000][4616][gc,heap     ] GC(276) Humongous regions: 6->6
[2024-02-23T09:52:52.872+0000][4616][gc,metaspace] GC(276) Metaspace: 131082K(137088K)->131082K(137088K) NonClass: 114135K(117824K)->114135K(117824K) Class: 16947K(19264K)->16947K(19264K)
[2024-02-23T09:52:52.872+0000][4616][gc          ] GC(276) Pause Young (Mixed) (G1 Evacuation Pause) 1073M->875M(4040M) 125.917ms
[2024-02-23T09:52:52.872+0000][4616][gc,cpu      ] GC(276) User=0.28s Sys=0.36s Real=0.13s
[2024-02-23T09:52:52.872+0000][4616][safepoint   ] Safepoint "G1CollectForAllocation", Time since last: 627076500 ns, Reaching safepoint: 92000 ns, At safepoint: 126994300 ns, Total: 127086300 ns
[2024-02-23T09:52:54.075+0000][4616][gc,start    ] GC(277) Pause Young (Concurrent Start) (G1 Humongous Allocation)
[2024-02-23T09:52:54.075+0000][4616][gc,task     ] GC(277) Using 8 workers of 8 for evacuation
[2024-02-23T09:52:54.075+0000][4616][gc,age      ] GC(277) Desired survivor size 155189248 bytes, new threshold 15 (max threshold 15)
[2024-02-23T09:52:54.086+0000][4616][gc,phases   ] GC(277)   Pre Evacuate Collection Set: 0.7ms
[2024-02-23T09:52:54.086+0000][4616][gc,phases   ] GC(277)   Merge Heap Roots: 0.2ms
[2024-02-23T09:52:54.086+0000][4616][gc,phases   ] GC(277)   Evacuate Collection Set: 7.3ms
[2024-02-23T09:52:54.086+0000][4616][gc,phases   ] GC(277)   Post Evacuate Collection Set: 1.4ms
[2024-02-23T09:52:54.086+0000][4616][gc,phases   ] GC(277)   Other: 0.3ms
[2024-02-23T09:52:54.086+0000][4616][gc,age      ] GC(277) Age table with threshold 15 (max threshold 15)
[2024-02-23T09:52:54.086+0000][4616][gc,age      ] GC(277) - age   1:    5786344 bytes,    5786344 total
[2024-02-23T09:52:54.086+0000][4616][gc,age      ] GC(277) - age   2:    4017960 bytes,    9804304 total
[2024-02-23T09:52:54.086+0000][4616][gc,heap     ] GC(277) Eden regions: 40->0(587)
[2024-02-23T09:52:54.086+0000][4616][gc,heap     ] GC(277) Survivor regions: 2->3(74)
[2024-02-23T09:52:54.086+0000][4616][gc,heap     ] GC(277) Old regions: 211->211
[2024-02-23T09:52:54.086+0000][4616][gc,heap     ] GC(277) Archive regions: 0->0
[2024-02-23T09:52:54.086+0000][4616][gc,heap     ] GC(277) Humongous regions: 6->6
[2024-02-23T09:52:54.086+0000][4616][gc,metaspace] GC(277) Metaspace: 131082K(137088K)->131082K(137088K) NonClass: 114135K(117824K)->114135K(117824K) Class: 16947K(19264K)->16947K(19264K)
[2024-02-23T09:52:54.086+0000][4616][gc          ] GC(277) Pause Young (Concurrent Start) (G1 Humongous Allocation) 1035M->878M(4040M) 10.870ms
[2024-02-23T09:52:54.086+0000][4616][gc          ] GC(278) Concurrent Mark Cycle
[2024-02-23T09:52:54.086+0000][4616][gc,cpu      ] GC(277) User=0.12s Sys=0.00s Real=0.01s
[2024-02-23T09:52:54.086+0000][4616][gc,marking  ] GC(278) Concurrent Clear Claimed Marks
[2024-02-23T09:52:54.086+0000][4616][safepoint   ] Safepoint "G1TryInitiateConcMark", Time since last: 1202969000 ns, Reaching safepoint: 219100 ns, At safepoint: 11269400 ns, Total: 11488500 ns
[2024-02-23T09:52:54.086+0000][4616][gc,marking  ] GC(278) Concurrent Clear Claimed Marks 0.356ms
[2024-02-23T09:52:54.086+0000][4616][gc,marking  ] GC(278) Concurrent Scan Root Regions
[2024-02-23T09:52:54.086+0000][4616][gc,marking  ] GC(278) Concurrent Scan Root Regions 3.654ms
[2024-02-23T09:52:54.086+0000][4616][gc,marking  ] GC(278) Concurrent Mark
[2024-02-23T09:52:54.086+0000][4616][gc,marking  ] GC(278) Concurrent Mark From Roots
[2024-02-23T09:52:54.086+0000][4616][gc,task     ] GC(278) Using 2 workers of 2 for marking
[2024-02-23T09:52:54.446+0000][4616][gc,marking  ] GC(278) Concurrent Mark From Roots 354.455ms
[2024-02-23T09:52:54.446+0000][4616][gc,marking  ] GC(278) Concurrent Preclean
[2024-02-23T09:52:54.446+0000][4616][gc,marking  ] GC(278) Concurrent Preclean 0.897ms
[2024-02-23T09:52:54.446+0000][4616][gc,start    ] GC(278) Pause Remark
[2024-02-23T09:52:54.464+0000][4616][gc          ] GC(278) Pause Remark 940M->936M(4040M) 16.612ms
[2024-02-23T09:52:54.464+0000][4616][gc,cpu      ] GC(278) User=0.12s Sys=0.00s Real=0.02s
[2024-02-23T09:52:54.464+0000][4616][safepoint   ] Safepoint "G1Concurrent", Time since last: 359517100 ns, Reaching safepoint: 116000 ns, At safepoint: 16821500 ns, Total: 16937500 ns
[2024-02-23T09:52:54.464+0000][4616][gc,marking  ] GC(278) Concurrent Mark 372.580ms
[2024-02-23T09:52:54.464+0000][4616][gc,marking  ] GC(278) Concurrent Rebuild Remembered Sets
[2024-02-23T09:52:54.632+0000][4616][gc,marking  ] GC(278) Concurrent Rebuild Remembered Sets 179.058ms
[2024-02-23T09:52:54.632+0000][4616][gc,start    ] GC(278) Pause Cleanup
[2024-02-23T09:52:54.632+0000][4616][gc          ] GC(278) Pause Cleanup 970M->970M(4040M) 0.468ms
[2024-02-23T09:52:54.632+0000][4616][gc,cpu      ] GC(278) User=0.00s Sys=0.00s Real=0.00s
[2024-02-23T09:52:54.632+0000][4616][safepoint   ] Safepoint "G1Concurrent", Time since last: 179411500 ns, Reaching safepoint: 163400 ns, At safepoint: 599500 ns, Total: 762900 ns
[2024-02-23T09:52:54.632+0000][4616][gc,marking  ] GC(278) Concurrent Cleanup for Next Mark
[2024-02-23T09:52:54.649+0000][4616][gc,marking  ] GC(278) Concurrent Cleanup for Next Mark 4.964ms
[2024-02-23T09:52:54.649+0000][4616][gc          ] GC(278) Concurrent Mark Cycle 562.035ms
[2024-02-23T09:53:10.766+0000][4616][safepoint   ] Safepoint "Cleanup", Time since last: 16117790300 ns, Reaching safepoint: 221400 ns, At safepoint: 40600 ns, Total: 262000 ns
[2024-02-23T09:53:19.673+0000][4616][gc,start    ] GC(279) Pause Young (Prepare Mixed) (G1 Evacuation Pause)
[2024-02-23T09:53:19.673+0000][4616][gc,task     ] GC(279) Using 8 workers of 8 for evacuation
[2024-02-23T09:53:19.673+0000][4616][gc,age      ] GC(279) Desired survivor size 155189248 bytes, new threshold 15 (max threshold 15)
[2024-02-23T09:53:19.693+0000][4616][gc,phases   ] GC(279)   Pre Evacuate Collection Set: 0.2ms
[2024-02-23T09:53:19.693+0000][4616][gc,phases   ] GC(279)   Merge Heap Roots: 0.2ms
[2024-02-23T09:53:19.693+0000][4616][gc,phases   ] GC(279)   Evacuate Collection Set: 21.1ms
[2024-02-23T09:53:19.693+0000][4616][gc,phases   ] GC(279)   Post Evacuate Collection Set: 1.4ms
[2024-02-23T09:53:19.693+0000][4616][gc,phases   ] GC(279)   Other: 0.3ms
[2024-02-23T09:53:19.693+0000][4616][gc,age      ] GC(279) Age table with threshold 15 (max threshold 15)
[2024-02-23T09:53:19.693+0000][4616][gc,age      ] GC(279) - age   1:   94008160 bytes,   94008160 total
[2024-02-23T09:53:19.693+0000][4616][gc,age      ] GC(279) - age   2:    3482096 bytes,   97490256 total
[2024-02-23T09:53:19.693+0000][4616][gc,age      ] GC(279) - age   3:    3302064 bytes,  100792320 total
[2024-02-23T09:53:19.693+0000][4616][gc,heap     ] GC(279) Eden regions: 587->0(25)
[2024-02-23T09:53:19.693+0000][4616][gc,heap     ] GC(279) Survivor regions: 3->25(74)
[2024-02-23T09:53:19.693+0000][4616][gc,heap     ] GC(279) Old regions: 211->211
[2024-02-23T09:53:19.693+0000][4616][gc,heap     ] GC(279) Archive regions: 0->0
[2024-02-23T09:53:19.693+0000][4616][gc,heap     ] GC(279) Humongous regions: 6->6
[2024-02-23T09:53:19.693+0000][4616][gc,metaspace] GC(279) Metaspace: 131086K(137088K)->131086K(137088K) NonClass: 114139K(117824K)->114139K(117824K) Class: 16947K(19264K)->16947K(19264K)
[2024-02-23T09:53:19.693+0000][4616][gc          ] GC(279) Pause Young (Prepare Mixed) (G1 Evacuation Pause) 3226M->967M(4040M) 23.802ms
[2024-02-23T09:53:19.693+0000][4616][gc,cpu      ] GC(279) User=0.11s Sys=0.02s Real=0.02s
[2024-02-23T09:53:19.693+0000][4616][safepoint   ] Safepoint "G1CollectForAllocation", Time since last: 8909021100 ns, Reaching safepoint: 185400 ns, At safepoint: 24001000 ns, Total: 24186400 ns
[2024-02-23T09:53:20.571+0000][4616][gc,start    ] GC(280) Pause Young (Mixed) (G1 Evacuation Pause)
[2024-02-23T09:53:20.571+0000][4616][gc,task     ] GC(280) Using 8 workers of 8 for evacuation
[2024-02-23T09:53:20.571+0000][4616][gc,age      ] GC(280) Desired survivor size 14680064 bytes, new threshold 1 (max threshold 15)
[2024-02-23T09:53:20.690+0000][4616][gc,phases   ] GC(280)   Pre Evacuate Collection Set: 0.2ms
[2024-02-23T09:53:20.690+0000][4616][gc,phases   ] GC(280)   Merge Heap Roots: 0.2ms
[2024-02-23T09:53:20.690+0000][4616][gc,phases   ] GC(280)   Evacuate Collection Set: 113.3ms
[2024-02-23T09:53:20.690+0000][4616][gc,phases   ] GC(280)   Post Evacuate Collection Set: 0.5ms
[2024-02-23T09:53:20.690+0000][4616][gc,phases   ] GC(280)   Other: 0.1ms
[2024-02-23T09:53:20.690+0000][4616][gc,age      ] GC(280) Age table with threshold 1 (max threshold 15)
[2024-02-23T09:53:20.690+0000][4616][gc,age      ] GC(280) - age   1:    2783200 bytes,    2783200 total
[2024-02-23T09:53:20.690+0000][4616][gc,heap     ] GC(280) Eden regions: 25->0(577)
[2024-02-23T09:53:20.690+0000][4616][gc,heap     ] GC(280) Survivor regions: 25->2(7)
[2024-02-23T09:53:20.690+0000][4616][gc,heap     ] GC(280) Old regions: 211->214
[2024-02-23T09:53:20.690+0000][4616][gc,heap     ] GC(280) Archive regions: 0->0
[2024-02-23T09:53:20.690+0000][4616][gc,heap     ] GC(280) Humongous regions: 7->7
[2024-02-23T09:53:20.690+0000][4616][gc,metaspace] GC(280) Metaspace: 131086K(137088K)->131086K(137088K) NonClass: 114139K(117824K)->114139K(117824K) Class: 16947K(19264K)->16947K(19264K)
[2024-02-23T09:53:20.690+0000][4616][gc          ] GC(280) Pause Young (Mixed) (G1 Evacuation Pause) 1071M->888M(4040M) 114.639ms
[2024-02-23T09:53:20.690+0000][4616][gc,cpu      ] GC(280) User=0.20s Sys=0.14s Real=0.12s
[2024-02-23T09:53:20.690+0000][4616][safepoint   ] Safepoint "G1CollectForAllocation", Time since last: 876385900 ns, Reaching safepoint: 123300 ns, At safepoint: 114787800 ns, Total: 114911100 ns
[2024-02-23T09:53:53.055+0000][4616][gc,start    ] GC(281) Pause Young (Concurrent Start) (G1 Evacuation Pause)
[2024-02-23T09:53:53.055+0000][4616][gc,task     ] GC(281) Using 8 workers of 8 for evacuation
[2024-02-23T09:53:53.055+0000][4616][gc,age      ] GC(281) Desired survivor size 153092096 bytes, new threshold 15 (max threshold 15)
[2024-02-23T09:53:53.083+0000][4616][gc,phases   ] GC(281)   Pre Evacuate Collection Set: 0.4ms
[2024-02-23T09:53:53.083+0000][4616][gc,phases   ] GC(281)   Merge Heap Roots: 0.3ms
[2024-02-23T09:53:53.083+0000][4616][gc,phases   ] GC(281)   Evacuate Collection Set: 18.4ms
[2024-02-23T09:53:53.083+0000][4616][gc,phases   ] GC(281)   Post Evacuate Collection Set: 1.2ms
[2024-02-23T09:53:53.083+0000][4616][gc,phases   ] GC(281)   Other: 0.2ms
[2024-02-23T09:53:53.083+0000][4616][gc,age      ] GC(281) Age table with threshold 15 (max threshold 15)
[2024-02-23T09:53:53.083+0000][4616][gc,age      ] GC(281) - age   1:   81424952 bytes,   81424952 total
[2024-02-23T09:53:53.083+0000][4616][gc,age      ] GC(281) - age   2:    1590184 bytes,   83015136 total
[2024-02-23T09:53:53.083+0000][4616][gc,heap     ] GC(281) Eden regions: 577->0(557)
[2024-02-23T09:53:53.083+0000][4616][gc,heap     ] GC(281) Survivor regions: 2->21(73)
[2024-02-23T09:53:53.083+0000][4616][gc,heap     ] GC(281) Old regions: 214->214
[2024-02-23T09:53:53.083+0000][4616][gc,heap     ] GC(281) Archive regions: 0->0
[2024-02-23T09:53:53.083+0000][4616][gc,heap     ] GC(281) Humongous regions: 7->7
[2024-02-23T09:53:53.083+0000][4616][gc,metaspace] GC(281) Metaspace: 131087K(137088K)->131087K(137088K) NonClass: 114140K(117824K)->114140K(117824K) Class: 16947K(19264K)->16947K(19264K)
[2024-02-23T09:53:53.083+0000][4616][gc          ] GC(281) Pause Young (Concurrent Start) (G1 Evacuation Pause) 3196M->964M(4040M) 20.896ms
[2024-02-23T09:53:53.083+0000][4616][gc          ] GC(282) Concurrent Mark Cycle
[2024-02-23T09:53:53.083+0000][4616][gc,cpu      ] GC(281) User=0.12s Sys=0.00s Real=0.03s
[2024-02-23T09:53:53.083+0000][4616][gc,marking  ] GC(282) Concurrent Clear Claimed Marks
[2024-02-23T09:53:53.083+0000][4616][safepoint   ] Safepoint "G1CollectForAllocation", Time since last: 32371445800 ns, Reaching safepoint: 106300 ns, At safepoint: 21158900 ns, Total: 21265200 ns
[2024-02-23T09:53:53.083+0000][4616][gc,marking  ] GC(282) Concurrent Clear Claimed Marks 0.393ms
[2024-02-23T09:53:53.083+0000][4616][gc,marking  ] GC(282) Concurrent Scan Root Regions
[2024-02-23T09:53:53.084+0000][4616][gc,marking  ] GC(282) Concurrent Scan Root Regions 7.729ms
[2024-02-23T09:53:53.084+0000][4616][gc,marking  ] GC(282) Concurrent Mark
[2024-02-23T09:53:53.084+0000][4616][gc,marking  ] GC(282) Concurrent Mark From Roots
[2024-02-23T09:53:53.084+0000][4616][gc,task     ] GC(282) Using 2 workers of 2 for marking
[2024-02-23T09:53:53.402+0000][4616][gc,marking  ] GC(282) Concurrent Mark From Roots 311.226ms
[2024-02-23T09:53:53.402+0000][4616][gc,marking  ] GC(282) Concurrent Preclean
[2024-02-23T09:53:53.404+0000][4616][gc,marking  ] GC(282) Concurrent Preclean 1.236ms
[2024-02-23T09:53:53.405+0000][4616][gc,start    ] GC(282) Pause Remark
[2024-02-23T09:53:53.418+0000][4616][gc          ] GC(282) Pause Remark 1040M->1032M(4040M) 13.471ms
[2024-02-23T09:53:53.418+0000][4616][gc,cpu      ] GC(282) User=0.12s Sys=0.00s Real=0.01s
[2024-02-23T09:53:53.420+0000][4616][safepoint   ] Safepoint "G1Concurrent", Time since last: 320762800 ns, Reaching safepoint: 841800 ns, At safepoint: 15213300 ns, Total: 16055100 ns
[2024-02-23T09:53:53.421+0000][4616][gc,marking  ] GC(282) Concurrent Mark 328.903ms
[2024-02-23T09:53:53.421+0000][4616][gc,marking  ] GC(282) Concurrent Rebuild Remembered Sets
[2024-02-23T09:53:53.630+0000][4616][gc,marking  ] GC(282) Concurrent Rebuild Remembered Sets 209.954ms
[2024-02-23T09:53:53.630+0000][4616][gc,start    ] GC(282) Pause Cleanup
[2024-02-23T09:53:53.633+0000][4616][gc          ] GC(282) Pause Cleanup 1062M->1062M(4040M) 1.573ms
[2024-02-23T09:53:53.633+0000][4616][gc,cpu      ] GC(282) User=0.02s Sys=0.00s Real=0.00s
[2024-02-23T09:53:53.633+0000][4616][safepoint   ] Safepoint "G1Concurrent", Time since last: 210313100 ns, Reaching safepoint: 61600 ns, At safepoint: 2015800 ns, Total: 2077400 ns
[2024-02-23T09:53:53.633+0000][4616][gc,marking  ] GC(282) Concurrent Cleanup for Next Mark
[2024-02-23T09:53:53.643+0000][4616][gc,marking  ] GC(282) Concurrent Cleanup for Next Mark 9.890ms
[2024-02-23T09:53:53.643+0000][4616][gc          ] GC(282) Concurrent Mark Cycle 559.601ms
[2024-02-23T09:54:10.554+0000][4616][gc,start    ] GC(283) Pause Young (Prepare Mixed) (G1 Evacuation Pause)
[2024-02-23T09:54:10.554+0000][4616][gc,task     ] GC(283) Using 8 workers of 8 for evacuation
[2024-02-23T09:54:10.554+0000][4616][gc,age      ] GC(283) Desired survivor size 153092096 bytes, new threshold 15 (max threshold 15)
[2024-02-23T09:54:10.587+0000][4616][gc,phases   ] GC(283)   Pre Evacuate Collection Set: 0.3ms
[2024-02-23T09:54:10.588+0000][4616][gc,phases   ] GC(283)   Merge Heap Roots: 0.3ms
[2024-02-23T09:54:10.588+0000][4616][gc,phases   ] GC(283)   Evacuate Collection Set: 31.3ms
[2024-02-23T09:54:10.588+0000][4616][gc,phases   ] GC(283)   Post Evacuate Collection Set: 1.6ms
[2024-02-23T09:54:10.588+0000][4616][gc,phases   ] GC(283)   Other: 0.4ms
[2024-02-23T09:54:10.588+0000][4616][gc,age      ] GC(283) Age table with threshold 15 (max threshold 15)
[2024-02-23T09:54:10.588+0000][4616][gc,age      ] GC(283) - age   1:   89772120 bytes,   89772120 total
[2024-02-23T09:54:10.588+0000][4616][gc,age      ] GC(283) - age   2:   57560584 bytes,  147332704 total
[2024-02-23T09:54:10.588+0000][4616][gc,age      ] GC(283) - age   3:    1267344 bytes,  148600048 total
[2024-02-23T09:54:10.588+0000][4616][gc,heap     ] GC(283) Eden regions: 557->0(12)
[2024-02-23T09:54:10.588+0000][4616][gc,heap     ] GC(283) Survivor regions: 21->38(73)
[2024-02-23T09:54:10.588+0000][4616][gc,heap     ] GC(283) Old regions: 214->214
[2024-02-23T09:54:10.588+0000][4616][gc,heap     ] GC(283) Archive regions: 0->0
[2024-02-23T09:54:10.588+0000][4616][gc,heap     ] GC(283) Humongous regions: 6->6
[2024-02-23T09:54:10.588+0000][4616][gc,metaspace] GC(283) Metaspace: 131087K(137088K)->131087K(137088K) NonClass: 114140K(117824K)->114140K(117824K) Class: 16947K(19264K)->16947K(19264K)
[2024-02-23T09:54:10.588+0000][4616][gc          ] GC(283) Pause Young (Prepare Mixed) (G1 Evacuation Pause) 3188M->1028M(4040M) 34.473ms
[2024-02-23T09:54:10.588+0000][4616][gc,cpu      ] GC(283) User=0.22s Sys=0.03s Real=0.03s
[2024-02-23T09:54:10.588+0000][4616][safepoint   ] Safepoint "G1CollectForAllocation", Time since last: 16920999900 ns, Reaching safepoint: 186800 ns, At safepoint: 34709300 ns, Total: 34896100 ns
[2024-02-23T09:54:10.832+0000][4616][gc,start    ] GC(284) Pause Young (Mixed) (G1 Evacuation Pause)
[2024-02-23T09:54:10.832+0000][4616][gc,task     ] GC(284) Using 8 workers of 8 for evacuation
[2024-02-23T09:54:10.832+0000][4616][gc,age      ] GC(284) Desired survivor size 14680064 bytes, new threshold 1 (max threshold 15)
[2024-02-23T09:54:11.017+0000][4616][gc,phases   ] GC(284)   Pre Evacuate Collection Set: 0.2ms
[2024-02-23T09:54:11.017+0000][4616][gc,phases   ] GC(284)   Merge Heap Roots: 0.3ms
[2024-02-23T09:54:11.017+0000][4616][gc,phases   ] GC(284)   Evacuate Collection Set: 173.0ms
[2024-02-23T09:54:11.017+0000][4616][gc,phases   ] GC(284)   Post Evacuate Collection Set: 0.9ms
[2024-02-23T09:54:11.017+0000][4616][gc,phases   ] GC(284)   Other: 0.1ms
[2024-02-23T09:54:11.017+0000][4616][gc,age      ] GC(284) Age table with threshold 1 (max threshold 15)
[2024-02-23T09:54:11.017+0000][4616][gc,age      ] GC(284) - age   1:    1883696 bytes,    1883696 total
[2024-02-23T09:54:11.017+0000][4616][gc,heap     ] GC(284) Eden regions: 12->0(575)
[2024-02-23T09:54:11.017+0000][4616][gc,heap     ] GC(284) Survivor regions: 38->4(7)
[2024-02-23T09:54:11.017+0000][4616][gc,heap     ] GC(284) Old regions: 214->208
[2024-02-23T09:54:11.017+0000][4616][gc,heap     ] GC(284) Archive regions: 0->0
[2024-02-23T09:54:11.017+0000][4616][gc,heap     ] GC(284) Humongous regions: 6->6
[2024-02-23T09:54:11.017+0000][4616][gc,metaspace] GC(284) Metaspace: 131087K(137088K)->131087K(137088K) NonClass: 114140K(117824K)->114140K(117824K) Class: 16947K(19264K)->16947K(19264K)
[2024-02-23T09:54:11.017+0000][4616][gc          ] GC(284) Pause Young (Mixed) (G1 Evacuation Pause) 1076M->868M(4040M) 174.756ms
[2024-02-23T09:54:11.017+0000][4616][gc,cpu      ] GC(284) User=0.17s Sys=0.31s Real=0.18s
[2024-02-23T09:54:11.017+0000][4616][safepoint   ] Safepoint "G1CollectForAllocation", Time since last: 253131600 ns, Reaching safepoint: 131800 ns, At safepoint: 175162700 ns, Total: 175294500 ns
[2024-02-23T09:54:15.379+0000][4616][gc,start    ] GC(285) Pause Young (Concurrent Start) (G1 Humongous Allocation)
[2024-02-23T09:54:15.379+0000][4616][gc,task     ] GC(285) Using 8 workers of 8 for evacuation
[2024-02-23T09:54:15.379+0000][4616][gc,age      ] GC(285) Desired survivor size 153092096 bytes, new threshold 15 (max threshold 15)
[2024-02-23T09:54:15.387+0000][4616][gc,phases   ] GC(285)   Pre Evacuate Collection Set: 0.4ms
[2024-02-23T09:54:15.387+0000][4616][gc,phases   ] GC(285)   Merge Heap Roots: 0.1ms
[2024-02-23T09:54:15.387+0000][4616][gc,phases   ] GC(285)   Evacuate Collection Set: 5.0ms
[2024-02-23T09:54:15.387+0000][4616][gc,phases   ] GC(285)   Post Evacuate Collection Set: 0.8ms
[2024-02-23T09:54:15.387+0000][4616][gc,phases   ] GC(285)   Other: 1.9ms
[2024-02-23T09:54:15.387+0000][4616][gc,age      ] GC(285) Age table with threshold 15 (max threshold 15)
[2024-02-23T09:54:15.387+0000][4616][gc,age      ] GC(285) - age   1:   13708208 bytes,   13708208 total
[2024-02-23T09:54:15.387+0000][4616][gc,age      ] GC(285) - age   2:    1364400 bytes,   15072608 total
[2024-02-23T09:54:15.387+0000][4616][gc,heap     ] GC(285) Eden regions: 99->0(571)
[2024-02-23T09:54:15.387+0000][4616][gc,heap     ] GC(285) Survivor regions: 4->5(73)
[2024-02-23T09:54:15.387+0000][4616][gc,heap     ] GC(285) Old regions: 208->208
[2024-02-23T09:54:15.387+0000][4616][gc,heap     ] GC(285) Archive regions: 0->0
[2024-02-23T09:54:15.387+0000][4616][gc,heap     ] GC(285) Humongous regions: 6->6
[2024-02-23T09:54:15.387+0000][4616][gc,metaspace] GC(285) Metaspace: 131087K(137088K)->131087K(137088K) NonClass: 114140K(117824K)->114140K(117824K) Class: 16947K(19264K)->16947K(19264K)
[2024-02-23T09:54:15.387+0000][4616][gc          ] GC(285) Pause Young (Concurrent Start) (G1 Humongous Allocation) 1264M->870M(4040M) 8.488ms
[2024-02-23T09:54:15.387+0000][4616][gc          ] GC(286) Concurrent Mark Cycle
[2024-02-23T09:54:15.387+0000][4616][gc,cpu      ] GC(285) User=0.06s Sys=0.02s Real=0.01s
[2024-02-23T09:54:15.387+0000][4616][gc,marking  ] GC(286) Concurrent Clear Claimed Marks
[2024-02-23T09:54:15.387+0000][4616][safepoint   ] Safepoint "G1TryInitiateConcMark", Time since last: 4363144400 ns, Reaching safepoint: 124000 ns, At safepoint: 8650500 ns, Total: 8774500 ns
[2024-02-23T09:54:15.387+0000][4616][gc,marking  ] GC(286) Concurrent Clear Claimed Marks 0.193ms
[2024-02-23T09:54:15.387+0000][4616][gc,marking  ] GC(286) Concurrent Scan Root Regions
[2024-02-23T09:54:15.392+0000][4616][gc,marking  ] GC(286) Concurrent Scan Root Regions 3.662ms
[2024-02-23T09:54:15.392+0000][4616][gc,marking  ] GC(286) Concurrent Mark
[2024-02-23T09:54:15.392+0000][4616][gc,marking  ] GC(286) Concurrent Mark From Roots
[2024-02-23T09:54:15.392+0000][4616][gc,task     ] GC(286) Using 2 workers of 2 for marking
[2024-02-23T09:54:15.647+0000][4616][gc,marking  ] GC(286) Concurrent Mark From Roots 254.538ms
[2024-02-23T09:54:15.647+0000][4616][gc,marking  ] GC(286) Concurrent Preclean
[2024-02-23T09:54:15.648+0000][4616][gc,marking  ] GC(286) Concurrent Preclean 0.939ms
[2024-02-23T09:54:15.649+0000][4616][gc,start    ] GC(286) Pause Remark
[2024-02-23T09:54:15.667+0000][4616][gc          ] GC(286) Pause Remark 902M->898M(4040M) 18.697ms
[2024-02-23T09:54:15.667+0000][4616][gc,cpu      ] GC(286) User=0.09s Sys=0.00s Real=0.02s
[2024-02-23T09:54:15.667+0000][4616][safepoint   ] Safepoint "G1Concurrent", Time since last: 259490600 ns, Reaching safepoint: 117500 ns, At safepoint: 18920700 ns, Total: 19038200 ns
[2024-02-23T09:54:15.667+0000][4616][gc,marking  ] GC(286) Concurrent Mark 274.787ms
[2024-02-23T09:54:15.667+0000][4616][gc,marking  ] GC(286) Concurrent Rebuild Remembered Sets
[2024-02-23T09:54:15.838+0000][4616][gc,marking  ] GC(286) Concurrent Rebuild Remembered Sets 170.220ms
[2024-02-23T09:54:15.838+0000][4616][gc,start    ] GC(286) Pause Cleanup
[2024-02-23T09:54:15.838+0000][4616][gc          ] GC(286) Pause Cleanup 901M->901M(4040M) 0.463ms
[2024-02-23T09:54:15.839+0000][4616][gc,cpu      ] GC(286) User=0.00s Sys=0.00s Real=0.00s
[2024-02-23T09:54:15.839+0000][4616][safepoint   ] Safepoint "G1Concurrent", Time since last: 170515300 ns, Reaching safepoint: 107500 ns, At safepoint: 650700 ns, Total: 758200 ns
[2024-02-23T09:54:15.839+0000][4616][gc,marking  ] GC(286) Concurrent Cleanup for Next Mark
[2024-02-23T09:54:15.848+0000][4616][gc,marking  ] GC(286) Concurrent Cleanup for Next Mark 10.136ms
[2024-02-23T09:54:15.849+0000][4616][gc          ] GC(286) Concurrent Mark Cycle 460.185ms
[2024-02-23T09:54:53.923+0000][4616][gc,start    ] GC(287) Pause Young (Prepare Mixed) (G1 Evacuation Pause)
[2024-02-23T09:54:53.923+0000][4616][gc,task     ] GC(287) Using 8 workers of 8 for evacuation
[2024-02-23T09:54:53.923+0000][4616][gc,age      ] GC(287) Desired survivor size 150994944 bytes, new threshold 15 (max threshold 15)
[2024-02-23T09:54:53.955+0000][4616][gc,phases   ] GC(287)   Pre Evacuate Collection Set: 0.3ms
[2024-02-23T09:54:53.955+0000][4616][gc,phases   ] GC(287)   Merge Heap Roots: 0.3ms
[2024-02-23T09:54:53.955+0000][4616][gc,phases   ] GC(287)   Evacuate Collection Set: 20.9ms
[2024-02-23T09:54:53.955+0000][4616][gc,phases   ] GC(287)   Post Evacuate Collection Set: 1.5ms
[2024-02-23T09:54:53.955+0000][4616][gc,phases   ] GC(287)   Other: 0.3ms
[2024-02-23T09:54:53.955+0000][4616][gc,age      ] GC(287) Age table with threshold 15 (max threshold 15)
[2024-02-23T09:54:53.955+0000][4616][gc,age      ] GC(287) - age   1:   79790912 bytes,   79790912 total
[2024-02-23T09:54:53.955+0000][4616][gc,age      ] GC(287) - age   2:    8897144 bytes,   88688056 total
[2024-02-23T09:54:53.955+0000][4616][gc,age      ] GC(287) - age   3:     607288 bytes,   89295344 total
[2024-02-23T09:54:53.955+0000][4616][gc,heap     ] GC(287) Eden regions: 571->0(27)
[2024-02-23T09:54:53.955+0000][4616][gc,heap     ] GC(287) Survivor regions: 5->23(72)
[2024-02-23T09:54:53.955+0000][4616][gc,heap     ] GC(287) Old regions: 208->208
[2024-02-23T09:54:53.955+0000][4616][gc,heap     ] GC(287) Archive regions: 0->0
[2024-02-23T09:54:53.955+0000][4616][gc,heap     ] GC(287) Humongous regions: 6->6
[2024-02-23T09:54:53.955+0000][4616][gc,metaspace] GC(287) Metaspace: 131088K(137088K)->131088K(137088K) NonClass: 114140K(117824K)->114140K(117824K) Class: 16947K(19264K)->16947K(19264K)
[2024-02-23T09:54:53.955+0000][4616][gc          ] GC(287) Pause Young (Prepare Mixed) (G1 Evacuation Pause) 3154M->941M(4040M) 23.745ms
[2024-02-23T09:54:53.955+0000][4616][gc,cpu      ] GC(287) User=0.12s Sys=0.02s Real=0.03s
[2024-02-23T09:54:53.955+0000][4616][safepoint   ] Safepoint "G1CollectForAllocation", Time since last: 38092333800 ns, Reaching safepoint: 144000 ns, At safepoint: 23962800 ns, Total: 24106800 ns
[2024-02-23T09:54:55.363+0000][4616][gc,start    ] GC(288) Pause Young (Mixed) (G1 Evacuation Pause)
[2024-02-23T09:54:55.363+0000][4616][gc,task     ] GC(288) Using 8 workers of 8 for evacuation
[2024-02-23T09:54:55.363+0000][4616][gc,age      ] GC(288) Desired survivor size 14680064 bytes, new threshold 1 (max threshold 15)
[2024-02-23T09:54:55.417+0000][4616][gc,phases   ] GC(288)   Pre Evacuate Collection Set: 0.2ms
[2024-02-23T09:54:55.417+0000][4616][gc,phases   ] GC(288)   Merge Heap Roots: 0.2ms
[2024-02-23T09:54:55.417+0000][4616][gc,phases   ] GC(288)   Evacuate Collection Set: 42.6ms
[2024-02-23T09:54:55.417+0000][4616][gc,phases   ] GC(288)   Post Evacuate Collection Set: 0.9ms
[2024-02-23T09:54:55.417+0000][4616][gc,phases   ] GC(288)   Other: 1.4ms
[2024-02-23T09:54:55.417+0000][4616][gc,age      ] GC(288) Age table with threshold 1 (max threshold 15)
[2024-02-23T09:54:55.417+0000][4616][gc,age      ] GC(288) - age   1:    7691400 bytes,    7691400 total
[2024-02-23T09:54:55.417+0000][4616][gc,heap     ] GC(288) Eden regions: 27->0(569)
[2024-02-23T09:54:55.417+0000][4616][gc,heap     ] GC(288) Survivor regions: 23->3(7)
[2024-02-23T09:54:55.417+0000][4616][gc,heap     ] GC(288) Old regions: 208->211
[2024-02-23T09:54:55.417+0000][4616][gc,heap     ] GC(288) Archive regions: 0->0
[2024-02-23T09:54:55.417+0000][4616][gc,heap     ] GC(288) Humongous regions: 6->6
[2024-02-23T09:54:55.417+0000][4616][gc,metaspace] GC(288) Metaspace: 131088K(137088K)->131088K(137088K) NonClass: 114140K(117824K)->114140K(117824K) Class: 16947K(19264K)->16947K(19264K)
[2024-02-23T09:54:55.417+0000][4616][gc          ] GC(288) Pause Young (Mixed) (G1 Evacuation Pause) 1049M->878M(4040M) 45.796ms
[2024-02-23T09:54:55.417+0000][4616][gc,cpu      ] GC(288) User=0.16s Sys=0.08s Real=0.05s
[2024-02-23T09:54:55.417+0000][4616][safepoint   ] Safepoint "G1CollectForAllocation", Time since last: 1420322600 ns, Reaching safepoint: 119500 ns, At safepoint: 45985800 ns, Total: 46105300 ns
[2024-02-23T09:54:55.583+0000][4616][gc,start    ] GC(289) Pause Young (Concurrent Start) (G1 Humongous Allocation)
[2024-02-23T09:54:55.584+0000][4616][gc,task     ] GC(289) Using 8 workers of 8 for evacuation
[2024-02-23T09:54:55.584+0000][4616][gc,age      ] GC(289) Desired survivor size 150994944 bytes, new threshold 15 (max threshold 15)
[2024-02-23T09:54:55.587+0000][4616][gc,phases   ] GC(289)   Pre Evacuate Collection Set: 0.4ms
[2024-02-23T09:54:55.588+0000][4616][gc,phases   ] GC(289)   Merge Heap Roots: 0.1ms
[2024-02-23T09:54:55.588+0000][4616][gc,phases   ] GC(289)   Evacuate Collection Set: 2.9ms
[2024-02-23T09:54:55.588+0000][4616][gc,phases   ] GC(289)   Post Evacuate Collection Set: 0.8ms
[2024-02-23T09:54:55.588+0000][4616][gc,phases   ] GC(289)   Other: 0.2ms
[2024-02-23T09:54:55.588+0000][4616][gc,age      ] GC(289) Age table with threshold 15 (max threshold 15)
[2024-02-23T09:54:55.588+0000][4616][gc,age      ] GC(289) - age   1:     749128 bytes,     749128 total
[2024-02-23T09:54:55.588+0000][4616][gc,age      ] GC(289) - age   2:    6998960 bytes,    7748088 total
[2024-02-23T09:54:55.588+0000][4616][gc,heap     ] GC(289) Eden regions: 6->0(548)
[2024-02-23T09:54:55.588+0000][4616][gc,heap     ] GC(289) Survivor regions: 3->3(72)
[2024-02-23T09:54:55.588+0000][4616][gc,heap     ] GC(289) Old regions: 211->211
[2024-02-23T09:54:55.588+0000][4616][gc,heap     ] GC(289) Archive regions: 0->0
[2024-02-23T09:54:55.588+0000][4616][gc,heap     ] GC(289) Humongous regions: 6->6
[2024-02-23T09:54:55.588+0000][4616][gc,metaspace] GC(289) Metaspace: 131088K(137088K)->131088K(137088K) NonClass: 114141K(117824K)->114141K(117824K) Class: 16947K(19264K)->16947K(19264K)
[2024-02-23T09:54:55.588+0000][4616][gc          ] GC(289) Pause Young (Concurrent Start) (G1 Humongous Allocation) 899M->875M(4040M) 5.181ms
[2024-02-23T09:54:55.588+0000][4616][gc,cpu      ] GC(289) User=0.12s Sys=0.00s Real=0.01s
[2024-02-23T09:54:55.588+0000][4616][gc          ] GC(290) Concurrent Mark Cycle
[2024-02-23T09:54:55.588+0000][4616][safepoint   ] Safepoint "G1TryInitiateConcMark", Time since last: 161759500 ns, Reaching safepoint: 101700 ns, At safepoint: 5352300 ns, Total: 5454000 ns
[2024-02-23T09:54:55.588+0000][4616][gc,marking  ] GC(290) Concurrent Clear Claimed Marks
[2024-02-23T09:54:55.589+0000][4616][gc,marking  ] GC(290) Concurrent Clear Claimed Marks 0.324ms
[2024-02-23T09:54:55.589+0000][4616][gc,marking  ] GC(290) Concurrent Scan Root Regions
[2024-02-23T09:54:55.592+0000][4616][gc,marking  ] GC(290) Concurrent Scan Root Regions 3.772ms
[2024-02-23T09:54:55.592+0000][4616][gc,marking  ] GC(290) Concurrent Mark
[2024-02-23T09:54:55.593+0000][4616][gc,marking  ] GC(290) Concurrent Mark From Roots
[2024-02-23T09:54:55.593+0000][4616][gc,task     ] GC(290) Using 2 workers of 2 for marking
[2024-02-23T09:54:55.839+0000][4616][gc,marking  ] GC(290) Concurrent Mark From Roots 249.590ms
[2024-02-23T09:54:55.839+0000][4616][gc,marking  ] GC(290) Concurrent Preclean
[2024-02-23T09:54:55.839+0000][4616][gc,marking  ] GC(290) Concurrent Preclean 0.884ms
[2024-02-23T09:54:55.839+0000][4616][gc,start    ] GC(290) Pause Remark
[2024-02-23T09:54:55.857+0000][4616][gc          ] GC(290) Pause Remark 896M->892M(4040M) 17.193ms
[2024-02-23T09:54:55.857+0000][4616][gc,cpu      ] GC(290) User=0.12s Sys=0.00s Real=0.02s
[2024-02-23T09:54:55.857+0000][4616][safepoint   ] Safepoint "G1Concurrent", Time since last: 254949700 ns, Reaching safepoint: 135100 ns, At safepoint: 17365300 ns, Total: 17500400 ns
[2024-02-23T09:54:55.857+0000][4616][gc,marking  ] GC(290) Concurrent Mark 268.205ms
[2024-02-23T09:54:55.857+0000][4616][gc,marking  ] GC(290) Concurrent Rebuild Remembered Sets
[2024-02-23T09:54:56.008+0000][4616][gc,marking  ] GC(290) Concurrent Rebuild Remembered Sets 146.257ms
[2024-02-23T09:54:56.008+0000][4616][gc,start    ] GC(290) Pause Cleanup
[2024-02-23T09:54:56.008+0000][4616][gc          ] GC(290) Pause Cleanup 897M->897M(4040M) 0.368ms
[2024-02-23T09:54:56.008+0000][4616][gc,cpu      ] GC(290) User=0.00s Sys=0.00s Real=0.00s
[2024-02-23T09:54:56.008+0000][4616][safepoint   ] Safepoint "G1Concurrent", Time since last: 146503700 ns, Reaching safepoint: 115300 ns, At safepoint: 454900 ns, Total: 570200 ns
[2024-02-23T09:54:56.008+0000][4616][gc,marking  ] GC(290) Concurrent Cleanup for Next Mark
[2024-02-23T09:54:56.017+0000][4616][gc,marking  ] GC(290) Concurrent Cleanup for Next Mark 8.753ms
[2024-02-23T09:54:56.017+0000][4616][gc          ] GC(290) Concurrent Mark Cycle 428.426ms
[2024-02-23T09:55:13.211+0000][4616][gc,start    ] GC(291) Pause Young (Prepare Mixed) (G1 Evacuation Pause)
[2024-02-23T09:55:13.211+0000][4616][gc,task     ] GC(291) Using 8 workers of 8 for evacuation
[2024-02-23T09:55:13.211+0000][4616][gc,age      ] GC(291) Desired survivor size 144703488 bytes, new threshold 15 (max threshold 15)
[2024-02-23T09:55:13.226+0000][4616][gc,phases   ] GC(291)   Pre Evacuate Collection Set: 0.2ms
[2024-02-23T09:55:13.226+0000][4616][gc,phases   ] GC(291)   Merge Heap Roots: 0.3ms
[2024-02-23T09:55:13.226+0000][4616][gc,phases   ] GC(291)   Evacuate Collection Set: 20.7ms
[2024-02-23T09:55:13.226+0000][4616][gc,phases   ] GC(291)   Post Evacuate Collection Set: 1.3ms
[2024-02-23T09:55:13.226+0000][4616][gc,phases   ] GC(291)   Other: 0.2ms
[2024-02-23T09:55:13.226+0000][4616][gc,age      ] GC(291) Age table with threshold 15 (max threshold 15)
[2024-02-23T09:55:13.226+0000][4616][gc,age      ] GC(291) - age   1:   87240408 bytes,   87240408 total
[2024-02-23T09:55:13.226+0000][4616][gc,age      ] GC(291) - age   2:     361112 bytes,   87601520 total
[2024-02-23T09:55:13.226+0000][4616][gc,age      ] GC(291) - age   3:    5439776 bytes,   93041296 total
[2024-02-23T09:55:13.226+0000][4616][gc,heap     ] GC(291) Eden regions: 548->0(27)
[2024-02-23T09:55:13.226+0000][4616][gc,heap     ] GC(291) Survivor regions: 3->23(69)
[2024-02-23T09:55:13.226+0000][4616][gc,heap     ] GC(291) Old regions: 211->211
[2024-02-23T09:55:13.226+0000][4616][gc,heap     ] GC(291) Archive regions: 0->0
[2024-02-23T09:55:13.226+0000][4616][gc,heap     ] GC(291) Humongous regions: 6->6
[2024-02-23T09:55:13.226+0000][4616][gc,metaspace] GC(291) Metaspace: 131088K(137088K)->131088K(137088K) NonClass: 114141K(117824K)->114141K(117824K) Class: 16947K(19264K)->16947K(19264K)
[2024-02-23T09:55:13.226+0000][4616][gc          ] GC(291) Pause Young (Prepare Mixed) (G1 Evacuation Pause) 3067M->957M(4040M) 23.505ms
[2024-02-23T09:55:13.226+0000][4616][gc,cpu      ] GC(291) User=0.11s Sys=0.00s Real=0.02s
[2024-02-23T09:55:13.226+0000][4616][safepoint   ] Safepoint "G1CollectForAllocation", Time since last: 17209056000 ns, Reaching safepoint: 128700 ns, At safepoint: 23736000 ns, Total: 23864700 ns
[2024-02-23T09:55:17.128+0000][4616][gc,start    ] GC(292) Pause Young (Mixed) (G1 Evacuation Pause)
[2024-02-23T09:55:17.128+0000][4616][gc,task     ] GC(292) Using 8 workers of 8 for evacuation
[2024-02-23T09:55:17.128+0000][4616][gc,age      ] GC(292) Desired survivor size 14680064 bytes, new threshold 1 (max threshold 15)
[2024-02-23T09:55:17.391+0000][4616][gc,mmu      ] GC(292) MMU target violated: 201.0ms (200.0ms/201.0ms)
[2024-02-23T09:55:17.391+0000][4616][gc,phases   ] GC(292)   Pre Evacuate Collection Set: 0.3ms
[2024-02-23T09:55:17.391+0000][4616][gc,phases   ] GC(292)   Merge Heap Roots: 0.3ms
[2024-02-23T09:55:17.391+0000][4616][gc,phases   ] GC(292)   Evacuate Collection Set: 265.1ms
[2024-02-23T09:55:17.391+0000][4616][gc,phases   ] GC(292)   Post Evacuate Collection Set: 1.0ms
[2024-02-23T09:55:17.391+0000][4616][gc,phases   ] GC(292)   Other: 0.4ms
[2024-02-23T09:55:17.391+0000][4616][gc,age      ] GC(292) Age table with threshold 1 (max threshold 15)
[2024-02-23T09:55:17.391+0000][4616][gc,age      ] GC(292) - age   1:    5011992 bytes,    5011992 total
[2024-02-23T09:55:17.391+0000][4616][gc,heap     ] GC(292) Eden regions: 27->0(552)
[2024-02-23T09:55:17.391+0000][4616][gc,heap     ] GC(292) Survivor regions: 23->2(7)
[2024-02-23T09:55:17.391+0000][4616][gc,heap     ] GC(292) Old regions: 211->212
[2024-02-23T09:55:17.391+0000][4616][gc,heap     ] GC(292) Archive regions: 0->0
[2024-02-23T09:55:17.391+0000][4616][gc,heap     ] GC(292) Humongous regions: 6->6
[2024-02-23T09:55:17.391+0000][4616][gc,metaspace] GC(292) Metaspace: 131088K(137088K)->131088K(137088K) NonClass: 114141K(117824K)->114141K(117824K) Class: 16947K(19264K)->16947K(19264K)
[2024-02-23T09:55:17.391+0000][4616][gc          ] GC(292) Pause Young (Mixed) (G1 Evacuation Pause) 1065M->879M(4040M) 267.676ms
[2024-02-23T09:55:17.391+0000][4616][gc,cpu      ] GC(292) User=0.19s Sys=0.12s Real=0.26s
[2024-02-23T09:55:17.403+0000][4616][safepoint   ] Safepoint "G1CollectForAllocation", Time since last: 3892745600 ns, Reaching safepoint: 195200 ns, At safepoint: 268725300 ns, Total: 268920500 ns
[2024-02-23T09:55:25.481+0000][4616][safepoint   ] Safepoint "Cleanup", Time since last: 8077959600 ns, Reaching safepoint: 110500 ns, At safepoint: 22900 ns, Total: 133400 ns
[2024-02-23T09:55:35.136+0000][4616][gc,start    ] GC(293) Pause Young (Concurrent Start) (G1 Humongous Allocation)
[2024-02-23T09:55:35.136+0000][4616][gc,task     ] GC(293) Using 8 workers of 8 for evacuation
[2024-02-23T09:55:35.137+0000][4616][gc,age      ] GC(293) Desired survivor size 146800640 bytes, new threshold 15 (max threshold 15)
[2024-02-23T09:55:35.151+0000][4616][gc,phases   ] GC(293)   Pre Evacuate Collection Set: 0.6ms
[2024-02-23T09:55:35.151+0000][4616][gc,phases   ] GC(293)   Merge Heap Roots: 0.4ms
[2024-02-23T09:55:35.151+0000][4616][gc,phases   ] GC(293)   Evacuate Collection Set: 11.0ms
[2024-02-23T09:55:35.151+0000][4616][gc,phases   ] GC(293)   Post Evacuate Collection Set: 2.0ms
[2024-02-23T09:55:35.152+0000][4616][gc,phases   ] GC(293)   Other: 0.5ms
[2024-02-23T09:55:35.152+0000][4616][gc,age      ] GC(293) Age table with threshold 15 (max threshold 15)
[2024-02-23T09:55:35.152+0000][4616][gc,age      ] GC(293) - age   1:   29584248 bytes,   29584248 total
[2024-02-23T09:55:35.152+0000][4616][gc,age      ] GC(293) - age   2:    3921680 bytes,   33505928 total
[2024-02-23T09:55:35.152+0000][4616][gc,heap     ] GC(293) Eden regions: 213->0(556)
[2024-02-23T09:55:35.152+0000][4616][gc,heap     ] GC(293) Survivor regions: 2->9(70)
[2024-02-23T09:55:35.152+0000][4616][gc,heap     ] GC(293) Old regions: 212->212
[2024-02-23T09:55:35.152+0000][4616][gc,heap     ] GC(293) Archive regions: 0->0
[2024-02-23T09:55:35.152+0000][4616][gc,heap     ] GC(293) Humongous regions: 6->6
[2024-02-23T09:55:35.152+0000][4616][gc,metaspace] GC(293) Metaspace: 131088K(137088K)->131088K(137088K) NonClass: 114141K(117824K)->114141K(117824K) Class: 16947K(19264K)->16947K(19264K)
[2024-02-23T09:55:35.152+0000][4616][gc          ] GC(293) Pause Young (Concurrent Start) (G1 Humongous Allocation) 1730M->905M(4040M) 15.430ms
[2024-02-23T09:55:35.152+0000][4616][gc          ] GC(294) Concurrent Mark Cycle
[2024-02-23T09:55:35.152+0000][4616][gc,cpu      ] GC(293) User=0.12s Sys=0.00s Real=0.02s
[2024-02-23T09:55:35.152+0000][4616][gc,marking  ] GC(294) Concurrent Clear Claimed Marks
[2024-02-23T09:55:35.152+0000][4616][safepoint   ] Safepoint "G1TryInitiateConcMark", Time since last: 9655492900 ns, Reaching safepoint: 217300 ns, At safepoint: 15912200 ns, Total: 16129500 ns
[2024-02-23T09:55:35.153+0000][4616][gc,marking  ] GC(294) Concurrent Clear Claimed Marks 0.375ms
[2024-02-23T09:55:35.153+0000][4616][gc,marking  ] GC(294) Concurrent Scan Root Regions
[2024-02-23T09:55:35.161+0000][4616][gc,marking  ] GC(294) Concurrent Scan Root Regions 8.409ms
[2024-02-23T09:55:35.161+0000][4616][gc,marking  ] GC(294) Concurrent Mark
[2024-02-23T09:55:35.161+0000][4616][gc,marking  ] GC(294) Concurrent Mark From Roots
[2024-02-23T09:55:35.161+0000][4616][gc,task     ] GC(294) Using 2 workers of 2 for marking
[2024-02-23T09:55:35.481+0000][4616][gc,marking  ] GC(294) Concurrent Mark From Roots 321.452ms
[2024-02-23T09:55:35.481+0000][4616][gc,marking  ] GC(294) Concurrent Preclean
[2024-02-23T09:55:35.481+0000][4616][gc,marking  ] GC(294) Concurrent Preclean 0.980ms
[2024-02-23T09:55:35.481+0000][4616][gc,start    ] GC(294) Pause Remark
[2024-02-23T09:55:35.489+0000][4616][gc          ] GC(294) Pause Remark 953M->949M(4040M) 14.064ms
[2024-02-23T09:55:35.489+0000][4616][gc,cpu      ] GC(294) User=0.00s Sys=0.00s Real=0.01s
[2024-02-23T09:55:35.489+0000][4616][safepoint   ] Safepoint "G1Concurrent", Time since last: 331438800 ns, Reaching safepoint: 96500 ns, At safepoint: 14506800 ns, Total: 14603300 ns
[2024-02-23T09:55:35.489+0000][4616][gc,marking  ] GC(294) Concurrent Mark 337.325ms
[2024-02-23T09:55:35.489+0000][4616][gc,marking  ] GC(294) Concurrent Rebuild Remembered Sets
[2024-02-23T09:55:35.667+0000][4616][gc,marking  ] GC(294) Concurrent Rebuild Remembered Sets 168.329ms
[2024-02-23T09:55:35.667+0000][4616][gc,start    ] GC(294) Pause Cleanup
[2024-02-23T09:55:35.667+0000][4616][gc          ] GC(294) Pause Cleanup 985M->985M(4040M) 0.932ms
[2024-02-23T09:55:35.667+0000][4616][gc,cpu      ] GC(294) User=0.00s Sys=0.00s Real=0.00s
[2024-02-23T09:55:35.667+0000][4616][safepoint   ] Safepoint "G1Concurrent", Time since last: 168556700 ns, Reaching safepoint: 142900 ns, At safepoint: 1151700 ns, Total: 1294600 ns
[2024-02-23T09:55:35.667+0000][4616][gc,marking  ] GC(294) Concurrent Cleanup for Next Mark
[2024-02-23T09:55:35.671+0000][4616][gc,marking  ] GC(294) Concurrent Cleanup for Next Mark 8.780ms
[2024-02-23T09:55:35.671+0000][4616][gc          ] GC(294) Concurrent Mark Cycle 525.151ms
[2024-02-23T09:55:59.508+0000][4616][gc,start    ] GC(295) Pause Young (Prepare Mixed) (G1 Evacuation Pause)
[2024-02-23T09:55:59.513+0000][4616][gc,task     ] GC(295) Using 8 workers of 8 for evacuation
[2024-02-23T09:55:59.513+0000][4616][gc,age      ] GC(295) Desired survivor size 148897792 bytes, new threshold 15 (max threshold 15)
[2024-02-23T09:55:59.529+0000][4616][gc,phases   ] GC(295)   Pre Evacuate Collection Set: 0.2ms
[2024-02-23T09:55:59.529+0000][4616][gc,phases   ] GC(295)   Merge Heap Roots: 0.5ms
[2024-02-23T09:55:59.529+0000][4616][gc,phases   ] GC(295)   Evacuate Collection Set: 27.3ms
[2024-02-23T09:55:59.529+0000][4616][gc,phases   ] GC(295)   Post Evacuate Collection Set: 1.9ms
[2024-02-23T09:55:59.529+0000][4616][gc,phases   ] GC(295)   Other: 0.4ms
[2024-02-23T09:55:59.529+0000][4616][gc,age      ] GC(295) Age table with threshold 15 (max threshold 15)
[2024-02-23T09:55:59.529+0000][4616][gc,age      ] GC(295) - age   1:   81413144 bytes,   81413144 total
[2024-02-23T09:55:59.529+0000][4616][gc,age      ] GC(295) - age   2:   20803184 bytes,  102216328 total
[2024-02-23T09:55:59.529+0000][4616][gc,age      ] GC(295) - age   3:    3771960 bytes,  105988288 total
[2024-02-23T09:55:59.529+0000][4616][gc,heap     ] GC(295) Eden regions: 556->0(23)
[2024-02-23T09:55:59.529+0000][4616][gc,heap     ] GC(295) Survivor regions: 9->27(71)
[2024-02-23T09:55:59.529+0000][4616][gc,heap     ] GC(295) Old regions: 212->212
[2024-02-23T09:55:59.529+0000][4616][gc,heap     ] GC(295) Archive regions: 0->0
[2024-02-23T09:55:59.529+0000][4616][gc,heap     ] GC(295) Humongous regions: 6->6
[2024-02-23T09:55:59.529+0000][4616][gc,metaspace] GC(295) Metaspace: 131088K(137088K)->131088K(137088K) NonClass: 114141K(117824K)->114141K(117824K) Class: 16947K(19264K)->16947K(19264K)
[2024-02-23T09:55:59.529+0000][4616][gc          ] GC(295) Pause Young (Prepare Mixed) (G1 Evacuation Pause) 3129M->977M(4040M) 31.033ms
[2024-02-23T09:55:59.529+0000][4616][gc,cpu      ] GC(295) User=0.12s Sys=0.00s Real=0.02s
[2024-02-23T09:55:59.529+0000][4616][safepoint   ] Safepoint "G1CollectForAllocation", Time since last: 23843684100 ns, Reaching safepoint: 117700 ns, At safepoint: 31357200 ns, Total: 31474900 ns
[2024-02-23T09:56:00.166+0000][4616][gc,start    ] GC(296) Pause Young (Mixed) (G1 Evacuation Pause)
[2024-02-23T09:56:00.166+0000][4616][gc,task     ] GC(296) Using 8 workers of 8 for evacuation
[2024-02-23T09:56:00.166+0000][4616][gc,age      ] GC(296) Desired survivor size 14680064 bytes, new threshold 1 (max threshold 15)
[2024-02-23T09:56:00.243+0000][4616][gc,phases   ] GC(296)   Pre Evacuate Collection Set: 0.3ms
[2024-02-23T09:56:00.243+0000][4616][gc,phases   ] GC(296)   Merge Heap Roots: 0.3ms
[2024-02-23T09:56:00.243+0000][4616][gc,phases   ] GC(296)   Evacuate Collection Set: 77.4ms
[2024-02-23T09:56:00.243+0000][4616][gc,phases   ] GC(296)   Post Evacuate Collection Set: 1.3ms
[2024-02-23T09:56:00.243+0000][4616][gc,phases   ] GC(296)   Other: 0.3ms
[2024-02-23T09:56:00.243+0000][4616][gc,age      ] GC(296) Age table with threshold 1 (max threshold 15)
[2024-02-23T09:56:00.243+0000][4616][gc,age      ] GC(296) - age   1:    4373424 bytes,    4373424 total
[2024-02-23T09:56:00.243+0000][4616][gc,heap     ] GC(296) Eden regions: 23->0(563)
[2024-02-23T09:56:00.243+0000][4616][gc,heap     ] GC(296) Survivor regions: 27->3(7)
[2024-02-23T09:56:00.243+0000][4616][gc,heap     ] GC(296) Old regions: 212->211
[2024-02-23T09:56:00.243+0000][4616][gc,heap     ] GC(296) Archive regions: 0->0
[2024-02-23T09:56:00.243+0000][4616][gc,heap     ] GC(296) Humongous regions: 6->6
[2024-02-23T09:56:00.243+0000][4616][gc,metaspace] GC(296) Metaspace: 131088K(137088K)->131088K(137088K) NonClass: 114141K(117824K)->114141K(117824K) Class: 16947K(19264K)->16947K(19264K)
[2024-02-23T09:56:00.243+0000][4616][gc          ] GC(296) Pause Young (Mixed) (G1 Evacuation Pause) 1069M->875M(4040M) 80.258ms
[2024-02-23T09:56:00.243+0000][4616][gc,cpu      ] GC(296) User=0.08s Sys=0.38s Real=0.08s
[2024-02-23T09:56:00.243+0000][4616][safepoint   ] Safepoint "G1CollectForAllocation", Time since last: 625600500 ns, Reaching safepoint: 172300 ns, At safepoint: 81434200 ns, Total: 81606500 ns
[2024-02-23T09:56:00.981+0000][4616][gc,start    ] GC(297) Pause Young (Concurrent Start) (G1 Humongous Allocation)
[2024-02-23T09:56:00.981+0000][4616][gc,task     ] GC(297) Using 8 workers of 8 for evacuation
[2024-02-23T09:56:00.981+0000][4616][gc,age      ] GC(297) Desired survivor size 148897792 bytes, new threshold 15 (max threshold 15)
[2024-02-23T09:56:00.981+0000][4616][gc,phases   ] GC(297)   Pre Evacuate Collection Set: 0.4ms
[2024-02-23T09:56:00.989+0000][4616][gc,phases   ] GC(297)   Merge Heap Roots: 0.1ms
[2024-02-23T09:56:00.989+0000][4616][gc,phases   ] GC(297)   Evacuate Collection Set: 3.3ms
[2024-02-23T09:56:00.989+0000][4616][gc,phases   ] GC(297)   Post Evacuate Collection Set: 0.9ms
[2024-02-23T09:56:00.989+0000][4616][gc,phases   ] GC(297)   Other: 0.2ms
[2024-02-23T09:56:00.989+0000][4616][gc,age      ] GC(297) Age table with threshold 15 (max threshold 15)
[2024-02-23T09:56:00.989+0000][4616][gc,age      ] GC(297) - age   1:    4603728 bytes,    4603728 total
[2024-02-23T09:56:00.989+0000][4616][gc,age      ] GC(297) - age   2:    3885760 bytes,    8489488 total
[2024-02-23T09:56:00.989+0000][4616][gc,heap     ] GC(297) Eden regions: 29->0(570)
[2024-02-23T09:56:00.989+0000][4616][gc,heap     ] GC(297) Survivor regions: 3->3(71)
[2024-02-23T09:56:00.989+0000][4616][gc,heap     ] GC(297) Old regions: 211->211
[2024-02-23T09:56:00.989+0000][4616][gc,heap     ] GC(297) Archive regions: 0->0
[2024-02-23T09:56:00.989+0000][4616][gc,heap     ] GC(297) Humongous regions: 6->6
[2024-02-23T09:56:00.989+0000][4616][gc,metaspace] GC(297) Metaspace: 131088K(137088K)->131088K(137088K) NonClass: 114141K(117824K)->114141K(117824K) Class: 16947K(19264K)->16947K(19264K)
[2024-02-23T09:56:00.989+0000][4616][gc          ] GC(297) Pause Young (Concurrent Start) (G1 Humongous Allocation) 991M->876M(4040M) 5.547ms
[2024-02-23T09:56:00.989+0000][4616][gc,cpu      ] GC(297) User=0.00s Sys=0.00s Real=0.01s
[2024-02-23T09:56:00.989+0000][4616][gc          ] GC(298) Concurrent Mark Cycle
[2024-02-23T09:56:00.989+0000][4616][gc,marking  ] GC(298) Concurrent Clear Claimed Marks
[2024-02-23T09:56:00.989+0000][4616][safepoint   ] Safepoint "G1TryInitiateConcMark", Time since last: 732562100 ns, Reaching safepoint: 110500 ns, At safepoint: 5761600 ns, Total: 5872100 ns
[2024-02-23T09:56:00.989+0000][4616][gc,marking  ] GC(298) Concurrent Clear Claimed Marks 0.177ms
[2024-02-23T09:56:00.989+0000][4616][gc,marking  ] GC(298) Concurrent Scan Root Regions
[2024-02-23T09:56:00.989+0000][4616][gc,marking  ] GC(298) Concurrent Scan Root Regions 2.550ms
[2024-02-23T09:56:00.989+0000][4616][gc,marking  ] GC(298) Concurrent Mark
[2024-02-23T09:56:00.989+0000][4616][gc,marking  ] GC(298) Concurrent Mark From Roots
[2024-02-23T09:56:00.989+0000][4616][gc,task     ] GC(298) Using 2 workers of 2 for marking
[2024-02-23T09:56:01.295+0000][4616][gc,marking  ] GC(298) Concurrent Mark From Roots 307.859ms
[2024-02-23T09:56:01.295+0000][4616][gc,marking  ] GC(298) Concurrent Preclean
[2024-02-23T09:56:01.295+0000][4616][gc,marking  ] GC(298) Concurrent Preclean 1.268ms
[2024-02-23T09:56:01.295+0000][4616][gc,start    ] GC(298) Pause Remark
[2024-02-23T09:56:01.314+0000][4616][gc          ] GC(298) Pause Remark 932M->928M(4040M) 14.498ms
[2024-02-23T09:56:01.314+0000][4616][gc,cpu      ] GC(298) User=0.12s Sys=0.00s Real=0.02s
[2024-02-23T09:56:01.314+0000][4616][safepoint   ] Safepoint "G1Concurrent", Time since last: 312221200 ns, Reaching safepoint: 99100 ns, At safepoint: 14703100 ns, Total: 14802200 ns
[2024-02-23T09:56:01.314+0000][4616][gc,marking  ] GC(298) Concurrent Mark 324.238ms
[2024-02-23T09:56:01.314+0000][4616][gc,marking  ] GC(298) Concurrent Rebuild Remembered Sets
[2024-02-23T09:56:01.496+0000][4616][gc,marking  ] GC(298) Concurrent Rebuild Remembered Sets 194.109ms
[2024-02-23T09:56:01.496+0000][4616][gc,start    ] GC(298) Pause Cleanup
[2024-02-23T09:56:01.512+0000][4616][gc          ] GC(298) Pause Cleanup 948M->948M(4040M) 0.668ms
[2024-02-23T09:56:01.512+0000][4616][gc,cpu      ] GC(298) User=0.02s Sys=0.00s Real=0.02s
[2024-02-23T09:56:01.512+0000][4616][safepoint   ] Safepoint "G1Concurrent", Time since last: 194332200 ns, Reaching safepoint: 103800 ns, At safepoint: 854300 ns, Total: 958100 ns
[2024-02-23T09:56:01.512+0000][4616][gc,marking  ] GC(298) Concurrent Cleanup for Next Mark
[2024-02-23T09:56:01.514+0000][4616][gc,marking  ] GC(298) Concurrent Cleanup for Next Mark 6.708ms
[2024-02-23T09:56:01.514+0000][4616][gc          ] GC(298) Concurrent Mark Cycle 529.383ms
[2024-02-23T09:56:41.123+0000][4616][gc,start    ] GC(299) Pause Young (Prepare Mixed) (G1 Evacuation Pause)
[2024-02-23T09:56:41.123+0000][4616][gc,task     ] GC(299) Using 8 workers of 8 for evacuation
[2024-02-23T09:56:41.123+0000][4616][gc,age      ] GC(299) Desired survivor size 150994944 bytes, new threshold 15 (max threshold 15)
[2024-02-23T09:56:41.163+0000][4616][gc,phases   ] GC(299)   Pre Evacuate Collection Set: 0.3ms
[2024-02-23T09:56:41.163+0000][4616][gc,phases   ] GC(299)   Merge Heap Roots: 0.5ms
[2024-02-23T09:56:41.163+0000][4616][gc,phases   ] GC(299)   Evacuate Collection Set: 22.4ms
[2024-02-23T09:56:41.163+0000][4616][gc,phases   ] GC(299)   Post Evacuate Collection Set: 1.3ms
[2024-02-23T09:56:41.163+0000][4616][gc,phases   ] GC(299)   Other: 0.4ms
[2024-02-23T09:56:41.163+0000][4616][gc,age      ] GC(299) Age table with threshold 15 (max threshold 15)
[2024-02-23T09:56:41.163+0000][4616][gc,age      ] GC(299) - age   1:   87417720 bytes,   87417720 total
[2024-02-23T09:56:41.163+0000][4616][gc,age      ] GC(299) - age   2:    3361456 bytes,   90779176 total
[2024-02-23T09:56:41.163+0000][4616][gc,age      ] GC(299) - age   3:    3437112 bytes,   94216288 total
[2024-02-23T09:56:41.163+0000][4616][gc,heap     ] GC(299) Eden regions: 570->0(26)
[2024-02-23T09:56:41.163+0000][4616][gc,heap     ] GC(299) Survivor regions: 3->24(72)
[2024-02-23T09:56:41.163+0000][4616][gc,heap     ] GC(299) Old regions: 211->211
[2024-02-23T09:56:41.163+0000][4616][gc,heap     ] GC(299) Archive regions: 0->0
[2024-02-23T09:56:41.163+0000][4616][gc,heap     ] GC(299) Humongous regions: 6->6
[2024-02-23T09:56:41.163+0000][4616][gc,metaspace] GC(299) Metaspace: 131092K(137088K)->131092K(137088K) NonClass: 114145K(117824K)->114145K(117824K) Class: 16947K(19264K)->16947K(19264K)
[2024-02-23T09:56:41.163+0000][4616][gc          ] GC(299) Pause Young (Prepare Mixed) (G1 Evacuation Pause) 3156M->960M(4040M) 25.448ms
[2024-02-23T09:56:41.163+0000][4616][gc,cpu      ] GC(299) User=0.14s Sys=0.00s Real=0.04s
[2024-02-23T09:56:41.163+0000][4616][safepoint   ] Safepoint "G1CollectForAllocation", Time since last: 39626020300 ns, Reaching safepoint: 206300 ns, At safepoint: 25711200 ns, Total: 25917500 ns
[2024-02-23T09:56:42.143+0000][4616][gc,start    ] GC(300) Pause Young (Mixed) (G1 Evacuation Pause)
[2024-02-23T09:56:42.143+0000][4616][gc,task     ] GC(300) Using 8 workers of 8 for evacuation
[2024-02-23T09:56:42.143+0000][4616][gc,age      ] GC(300) Desired survivor size 14680064 bytes, new threshold 1 (max threshold 15)
[2024-02-23T09:56:42.186+0000][4616][gc,phases   ] GC(300)   Pre Evacuate Collection Set: 0.2ms
[2024-02-23T09:56:42.186+0000][4616][gc,phases   ] GC(300)   Merge Heap Roots: 0.2ms
[2024-02-23T09:56:42.186+0000][4616][gc,phases   ] GC(300)   Evacuate Collection Set: 40.7ms
[2024-02-23T09:56:42.186+0000][4616][gc,phases   ] GC(300)   Post Evacuate Collection Set: 1.3ms
[2024-02-23T09:56:42.186+0000][4616][gc,phases   ] GC(300)   Other: 0.2ms
[2024-02-23T09:56:42.186+0000][4616][gc,age      ] GC(300) Age table with threshold 1 (max threshold 15)
[2024-02-23T09:56:42.186+0000][4616][gc,age      ] GC(300) - age   1:    3559696 bytes,    3559696 total
[2024-02-23T09:56:42.186+0000][4616][gc,heap     ] GC(300) Eden regions: 26->0(569)
[2024-02-23T09:56:42.186+0000][4616][gc,heap     ] GC(300) Survivor regions: 24->2(7)
[2024-02-23T09:56:42.186+0000][4616][gc,heap     ] GC(300) Old regions: 211->213
[2024-02-23T09:56:42.186+0000][4616][gc,heap     ] GC(300) Archive regions: 0->0
[2024-02-23T09:56:42.186+0000][4616][gc,heap     ] GC(300) Humongous regions: 6->6
[2024-02-23T09:56:42.186+0000][4616][gc,metaspace] GC(300) Metaspace: 131092K(137088K)->131092K(137088K) NonClass: 114145K(117824K)->114145K(117824K) Class: 16947K(19264K)->16947K(19264K)
[2024-02-23T09:56:42.186+0000][4616][gc          ] GC(300) Pause Young (Mixed) (G1 Evacuation Pause) 1064M->882M(4040M) 43.040ms
[2024-02-23T09:56:42.186+0000][4616][gc,cpu      ] GC(300) User=0.27s Sys=0.09s Real=0.04s
[2024-02-23T09:56:42.186+0000][4616][safepoint   ] Safepoint "G1CollectForAllocation", Time since last: 979830400 ns, Reaching safepoint: 103500 ns, At safepoint: 43213600 ns, Total: 43317100 ns
[2024-02-23T09:56:42.886+0000][4616][gc,start    ] GC(301) Pause Young (Concurrent Start) (G1 Humongous Allocation)
[2024-02-23T09:56:42.886+0000][4616][gc,task     ] GC(301) Using 8 workers of 8 for evacuation
[2024-02-23T09:56:42.886+0000][4616][gc,age      ] GC(301) Desired survivor size 150994944 bytes, new threshold 15 (max threshold 15)
[2024-02-23T09:56:42.891+0000][4616][gc,phases   ] GC(301)   Pre Evacuate Collection Set: 0.4ms
[2024-02-23T09:56:42.891+0000][4616][gc,phases   ] GC(301)   Merge Heap Roots: 0.1ms
[2024-02-23T09:56:42.891+0000][4616][gc,phases   ] GC(301)   Evacuate Collection Set: 3.3ms
[2024-02-23T09:56:42.891+0000][4616][gc,phases   ] GC(301)   Post Evacuate Collection Set: 0.8ms
[2024-02-23T09:56:42.891+0000][4616][gc,phases   ] GC(301)   Other: 0.1ms
[2024-02-23T09:56:42.891+0000][4616][gc,age      ] GC(301) Age table with threshold 15 (max threshold 15)
[2024-02-23T09:56:42.891+0000][4616][gc,age      ] GC(301) - age   1:    3259184 bytes,    3259184 total
[2024-02-23T09:56:42.891+0000][4616][gc,age      ] GC(301) - age   2:    2314872 bytes,    5574056 total
[2024-02-23T09:56:42.891+0000][4616][gc,heap     ] GC(301) Eden regions: 17->0(579)
[2024-02-23T09:56:42.891+0000][4616][gc,heap     ] GC(301) Survivor regions: 2->2(72)
[2024-02-23T09:56:42.891+0000][4616][gc,heap     ] GC(301) Old regions: 213->213
[2024-02-23T09:56:42.891+0000][4616][gc,heap     ] GC(301) Archive regions: 0->0
[2024-02-23T09:56:42.891+0000][4616][gc,heap     ] GC(301) Humongous regions: 6->6
[2024-02-23T09:56:42.891+0000][4616][gc,metaspace] GC(301) Metaspace: 131092K(137088K)->131092K(137088K) NonClass: 114145K(117824K)->114145K(117824K) Class: 16947K(19264K)->16947K(19264K)
[2024-02-23T09:56:42.891+0000][4616][gc          ] GC(301) Pause Young (Concurrent Start) (G1 Humongous Allocation) 947M->881M(4040M) 5.232ms
[2024-02-23T09:56:42.891+0000][4616][gc          ] GC(302) Concurrent Mark Cycle
[2024-02-23T09:56:42.891+0000][4616][gc,cpu      ] GC(301) User=0.00s Sys=0.00s Real=0.01s
[2024-02-23T09:56:42.891+0000][4616][gc,marking  ] GC(302) Concurrent Clear Claimed Marks
[2024-02-23T09:56:42.891+0000][4616][safepoint   ] Safepoint "G1TryInitiateConcMark", Time since last: 699388200 ns, Reaching safepoint: 113100 ns, At safepoint: 5427300 ns, Total: 5540400 ns
[2024-02-23T09:56:42.891+0000][4616][gc,marking  ] GC(302) Concurrent Clear Claimed Marks 0.211ms
[2024-02-23T09:56:42.891+0000][4616][gc,marking  ] GC(302) Concurrent Scan Root Regions
[2024-02-23T09:56:42.894+0000][4616][gc,marking  ] GC(302) Concurrent Scan Root Regions 2.311ms
[2024-02-23T09:56:42.894+0000][4616][gc,marking  ] GC(302) Concurrent Mark
[2024-02-23T09:56:42.894+0000][4616][gc,marking  ] GC(302) Concurrent Mark From Roots
[2024-02-23T09:56:42.894+0000][4616][gc,task     ] GC(302) Using 2 workers of 2 for marking
[2024-02-23T09:56:43.181+0000][4616][gc,marking  ] GC(302) Concurrent Mark From Roots 291.500ms
[2024-02-23T09:56:43.181+0000][4616][gc,marking  ] GC(302) Concurrent Preclean
[2024-02-23T09:56:43.181+0000][4616][gc,marking  ] GC(302) Concurrent Preclean 1.015ms
[2024-02-23T09:56:43.181+0000][4616][gc,start    ] GC(302) Pause Remark
[2024-02-23T09:56:43.204+0000][4616][gc          ] GC(302) Pause Remark 933M->929M(4040M) 16.711ms
[2024-02-23T09:56:43.204+0000][4616][gc,cpu      ] GC(302) User=0.02s Sys=0.05s Real=0.02s
[2024-02-23T09:56:43.204+0000][4616][safepoint   ] Safepoint "G1Concurrent", Time since last: 295316000 ns, Reaching safepoint: 117200 ns, At safepoint: 17082700 ns, Total: 17199900 ns
[2024-02-23T09:56:43.204+0000][4616][gc,marking  ] GC(302) Concurrent Mark 310.047ms
[2024-02-23T09:56:43.204+0000][4616][gc,marking  ] GC(302) Concurrent Rebuild Remembered Sets
[2024-02-23T09:56:43.389+0000][4616][gc,marking  ] GC(302) Concurrent Rebuild Remembered Sets 198.144ms
[2024-02-23T09:56:43.389+0000][4616][gc,start    ] GC(302) Pause Cleanup
[2024-02-23T09:56:43.389+0000][4616][gc          ] GC(302) Pause Cleanup 953M->953M(4040M) 0.479ms
[2024-02-23T09:56:43.389+0000][4616][gc,cpu      ] GC(302) User=0.00s Sys=0.00s Real=0.00s
[2024-02-23T09:56:43.389+0000][4616][safepoint   ] Safepoint "G1Concurrent", Time since last: 198406300 ns, Reaching safepoint: 101100 ns, At safepoint: 615800 ns, Total: 716900 ns
[2024-02-23T09:56:43.389+0000][4616][gc,marking  ] GC(302) Concurrent Cleanup for Next Mark
[2024-02-23T09:56:43.405+0000][4616][gc,marking  ] GC(302) Concurrent Cleanup for Next Mark 4.498ms
[2024-02-23T09:56:43.405+0000][4616][gc          ] GC(302) Concurrent Mark Cycle 516.382ms
[2024-02-23T09:57:00.968+0000][4616][gc,start    ] GC(303) Pause Young (Prepare Mixed) (G1 Evacuation Pause)
[2024-02-23T09:57:00.968+0000][4616][gc,task     ] GC(303) Using 8 workers of 8 for evacuation
[2024-02-23T09:57:00.968+0000][4616][gc,age      ] GC(303) Desired survivor size 153092096 bytes, new threshold 15 (max threshold 15)
[2024-02-23T09:57:00.999+0000][4616][gc,phases   ] GC(303)   Pre Evacuate Collection Set: 0.2ms
[2024-02-23T09:57:00.999+0000][4616][gc,phases   ] GC(303)   Merge Heap Roots: 0.3ms
[2024-02-23T09:57:00.999+0000][4616][gc,phases   ] GC(303)   Evacuate Collection Set: 19.3ms
[2024-02-23T09:57:00.999+0000][4616][gc,phases   ] GC(303)   Post Evacuate Collection Set: 1.4ms
[2024-02-23T09:57:00.999+0000][4616][gc,phases   ] GC(303)   Other: 0.3ms
[2024-02-23T09:57:00.999+0000][4616][gc,age      ] GC(303) Age table with threshold 15 (max threshold 15)
[2024-02-23T09:57:00.999+0000][4616][gc,age      ] GC(303) - age   1:   84193296 bytes,   84193296 total
[2024-02-23T09:57:00.999+0000][4616][gc,age      ] GC(303) - age   2:    2050856 bytes,   86244152 total
[2024-02-23T09:57:00.999+0000][4616][gc,age      ] GC(303) - age   3:    1774720 bytes,   88018872 total
[2024-02-23T09:57:00.999+0000][4616][gc,heap     ] GC(303) Eden regions: 579->0(27)
[2024-02-23T09:57:00.999+0000][4616][gc,heap     ] GC(303) Survivor regions: 2->23(73)
[2024-02-23T09:57:00.999+0000][4616][gc,heap     ] GC(303) Old regions: 213->213
[2024-02-23T09:57:00.999+0000][4616][gc,heap     ] GC(303) Archive regions: 0->0
[2024-02-23T09:57:00.999+0000][4616][gc,heap     ] GC(303) Humongous regions: 6->6
[2024-02-23T09:57:00.999+0000][4616][gc,metaspace] GC(303) Metaspace: 131092K(137088K)->131092K(137088K) NonClass: 114145K(117824K)->114145K(117824K) Class: 16947K(19264K)->16947K(19264K)
[2024-02-23T09:57:00.999+0000][4616][gc          ] GC(303) Pause Young (Prepare Mixed) (G1 Evacuation Pause) 3197M->963M(4040M) 22.335ms
[2024-02-23T09:57:00.999+0000][4616][gc,cpu      ] GC(303) User=0.23s Sys=0.00s Real=0.03s
[2024-02-23T09:57:00.999+0000][4616][safepoint   ] Safepoint "G1CollectForAllocation", Time since last: 17577036200 ns, Reaching safepoint: 198400 ns, At safepoint: 23121200 ns, Total: 23319600 ns
[2024-02-23T09:57:09.261+0000][4616][gc,start    ] GC(304) Pause Young (Mixed) (G1 Evacuation Pause)
[2024-02-23T09:57:09.261+0000][4616][gc,task     ] GC(304) Using 8 workers of 8 for evacuation
[2024-02-23T09:57:09.261+0000][4616][gc,age      ] GC(304) Desired survivor size 14680064 bytes, new threshold 1 (max threshold 15)
[2024-02-23T09:57:09.301+0000][4616][gc,phases   ] GC(304)   Pre Evacuate Collection Set: 0.2ms
[2024-02-23T09:57:09.301+0000][4616][gc,phases   ] GC(304)   Merge Heap Roots: 0.2ms
[2024-02-23T09:57:09.301+0000][4616][gc,phases   ] GC(304)   Evacuate Collection Set: 38.4ms
[2024-02-23T09:57:09.301+0000][4616][gc,phases   ] GC(304)   Post Evacuate Collection Set: 0.9ms
[2024-02-23T09:57:09.301+0000][4616][gc,phases   ] GC(304)   Other: 0.2ms
[2024-02-23T09:57:09.301+0000][4616][gc,age      ] GC(304) Age table with threshold 1 (max threshold 15)
[2024-02-23T09:57:09.301+0000][4616][gc,age      ] GC(304) - age   1:    4064312 bytes,    4064312 total
[2024-02-23T09:57:09.301+0000][4616][gc,heap     ] GC(304) Eden regions: 27->0(576)
[2024-02-23T09:57:09.301+0000][4616][gc,heap     ] GC(304) Survivor regions: 23->2(7)
[2024-02-23T09:57:09.301+0000][4616][gc,heap     ] GC(304) Old regions: 213->212
[2024-02-23T09:57:09.301+0000][4616][gc,heap     ] GC(304) Archive regions: 0->0
[2024-02-23T09:57:09.301+0000][4616][gc,heap     ] GC(304) Humongous regions: 7->7
[2024-02-23T09:57:09.301+0000][4616][gc,metaspace] GC(304) Metaspace: 131092K(137088K)->131092K(137088K) NonClass: 114145K(117824K)->114145K(117824K) Class: 16947K(19264K)->16947K(19264K)
[2024-02-23T09:57:09.302+0000][4616][gc          ] GC(304) Pause Young (Mixed) (G1 Evacuation Pause) 1075M->882M(4040M) 40.466ms
[2024-02-23T09:57:09.302+0000][4616][gc,cpu      ] GC(304) User=0.20s Sys=0.05s Real=0.04s
[2024-02-23T09:57:09.302+0000][4616][safepoint   ] Safepoint "G1CollectForAllocation", Time since last: 8257256200 ns, Reaching safepoint: 110400 ns, At safepoint: 41130400 ns, Total: 41240800 ns
[2024-02-23T09:57:29.437+0000][4616][safepoint   ] Safepoint "Cleanup", Time since last: 20134554400 ns, Reaching safepoint: 221600 ns, At safepoint: 29000 ns, Total: 250600 ns
[2024-02-23T09:57:34.485+0000][4616][safepoint   ] Safepoint "Cleanup", Time since last: 5048336500 ns, Reaching safepoint: 79300 ns, At safepoint: 60100 ns, Total: 139400 ns
[2024-02-23T09:57:38.051+0000][4616][gc,start    ] GC(305) Pause Young (Concurrent Start) (G1 Evacuation Pause)
[2024-02-23T09:57:38.051+0000][4616][gc,task     ] GC(305) Using 8 workers of 8 for evacuation
[2024-02-23T09:57:38.051+0000][4616][gc,age      ] GC(305) Desired survivor size 153092096 bytes, new threshold 15 (max threshold 15)
[2024-02-23T09:57:38.073+0000][4616][gc,phases   ] GC(305)   Pre Evacuate Collection Set: 0.4ms
[2024-02-23T09:57:38.073+0000][4616][gc,phases   ] GC(305)   Merge Heap Roots: 0.3ms
[2024-02-23T09:57:38.073+0000][4616][gc,phases   ] GC(305)   Evacuate Collection Set: 18.7ms
[2024-02-23T09:57:38.073+0000][4616][gc,phases   ] GC(305)   Post Evacuate Collection Set: 1.4ms
[2024-02-23T09:57:38.073+0000][4616][gc,phases   ] GC(305)   Other: 0.2ms
[2024-02-23T09:57:38.073+0000][4616][gc,age      ] GC(305) Age table with threshold 15 (max threshold 15)
[2024-02-23T09:57:38.073+0000][4616][gc,age      ] GC(305) - age   1:   89233840 bytes,   89233840 total
[2024-02-23T09:57:38.073+0000][4616][gc,age      ] GC(305) - age   2:    2213208 bytes,   91447048 total
[2024-02-23T09:57:38.073+0000][4616][gc,heap     ] GC(305) Eden regions: 576->0(553)
[2024-02-23T09:57:38.073+0000][4616][gc,heap     ] GC(305) Survivor regions: 2->23(73)
[2024-02-23T09:57:38.073+0000][4616][gc,heap     ] GC(305) Old regions: 212->212
[2024-02-23T09:57:38.073+0000][4616][gc,heap     ] GC(305) Archive regions: 0->0
[2024-02-23T09:57:38.073+0000][4616][gc,heap     ] GC(305) Humongous regions: 7->7
[2024-02-23T09:57:38.073+0000][4616][gc,metaspace] GC(305) Metaspace: 131093K(137088K)->131093K(137088K) NonClass: 114145K(117824K)->114145K(117824K) Class: 16947K(19264K)->16947K(19264K)
[2024-02-23T09:57:38.073+0000][4616][gc          ] GC(305) Pause Young (Concurrent Start) (G1 Evacuation Pause) 3186M->965M(4040M) 21.363ms
[2024-02-23T09:57:38.073+0000][4616][gc          ] GC(306) Concurrent Mark Cycle
[2024-02-23T09:57:38.073+0000][4616][gc,cpu      ] GC(305) User=0.14s Sys=0.08s Real=0.02s
[2024-02-23T09:57:38.073+0000][4616][gc,marking  ] GC(306) Concurrent Clear Claimed Marks
[2024-02-23T09:57:38.073+0000][4616][safepoint   ] Safepoint "G1CollectForAllocation", Time since last: 3567020700 ns, Reaching safepoint: 103700 ns, At safepoint: 21716500 ns, Total: 21820200 ns
[2024-02-23T09:57:38.073+0000][4616][gc,marking  ] GC(306) Concurrent Clear Claimed Marks 0.359ms
[2024-02-23T09:57:38.073+0000][4616][gc,marking  ] GC(306) Concurrent Scan Root Regions
[2024-02-23T09:57:38.077+0000][4616][gc,marking  ] GC(306) Concurrent Scan Root Regions 7.254ms
[2024-02-23T09:57:38.077+0000][4616][gc,marking  ] GC(306) Concurrent Mark
[2024-02-23T09:57:38.077+0000][4616][gc,marking  ] GC(306) Concurrent Mark From Roots
[2024-02-23T09:57:38.077+0000][4616][gc,task     ] GC(306) Using 2 workers of 2 for marking
[2024-02-23T09:57:38.354+0000][4616][gc,marking  ] GC(306) Concurrent Mark From Roots 275.697ms
[2024-02-23T09:57:38.354+0000][4616][gc,marking  ] GC(306) Concurrent Preclean
[2024-02-23T09:57:38.359+0000][4616][gc,marking  ] GC(306) Concurrent Preclean 0.883ms
[2024-02-23T09:57:38.359+0000][4616][gc,start    ] GC(306) Pause Remark
[2024-02-23T09:57:38.370+0000][4616][gc          ] GC(306) Pause Remark 1013M->1005M(4040M) 15.250ms
[2024-02-23T09:57:38.370+0000][4616][gc,cpu      ] GC(306) User=0.06s Sys=0.00s Real=0.01s
[2024-02-23T09:57:38.370+0000][4616][safepoint   ] Safepoint "G1Concurrent", Time since last: 284324500 ns, Reaching safepoint: 107500 ns, At safepoint: 15486400 ns, Total: 15593900 ns
[2024-02-23T09:57:38.370+0000][4616][gc,marking  ] GC(306) Concurrent Mark 292.404ms
[2024-02-23T09:57:38.370+0000][4616][gc,marking  ] GC(306) Concurrent Rebuild Remembered Sets
[2024-02-23T09:57:38.576+0000][4616][gc,marking  ] GC(306) Concurrent Rebuild Remembered Sets 202.004ms
[2024-02-23T09:57:38.576+0000][4616][gc,start    ] GC(306) Pause Cleanup
[2024-02-23T09:57:38.576+0000][4616][gc          ] GC(306) Pause Cleanup 1042M->1042M(4040M) 0.503ms
[2024-02-23T09:57:38.576+0000][4616][gc,cpu      ] GC(306) User=0.00s Sys=0.00s Real=0.00s
[2024-02-23T09:57:38.576+0000][4616][safepoint   ] Safepoint "G1Concurrent", Time since last: 202251100 ns, Reaching safepoint: 53100 ns, At safepoint: 625900 ns, Total: 679000 ns
[2024-02-23T09:57:38.576+0000][4616][gc,marking  ] GC(306) Concurrent Cleanup for Next Mark
[2024-02-23T09:57:38.582+0000][4616][gc,marking  ] GC(306) Concurrent Cleanup for Next Mark 7.789ms
[2024-02-23T09:57:38.582+0000][4616][gc          ] GC(306) Concurrent Mark Cycle 511.042ms
[2024-02-23T09:58:12.703+0000][4616][gc,start    ] GC(307) Pause Young (Prepare Mixed) (G1 Evacuation Pause)
[2024-02-23T09:58:12.703+0000][4616][gc,task     ] GC(307) Using 8 workers of 8 for evacuation
[2024-02-23T09:58:12.703+0000][4616][gc,age      ] GC(307) Desired survivor size 150994944 bytes, new threshold 15 (max threshold 15)
[2024-02-23T09:58:12.736+0000][4616][gc,phases   ] GC(307)   Pre Evacuate Collection Set: 0.3ms
[2024-02-23T09:58:12.736+0000][4616][gc,phases   ] GC(307)   Merge Heap Roots: 0.3ms
[2024-02-23T09:58:12.736+0000][4616][gc,phases   ] GC(307)   Evacuate Collection Set: 30.6ms
[2024-02-23T09:58:12.736+0000][4616][gc,phases   ] GC(307)   Post Evacuate Collection Set: 1.4ms
[2024-02-23T09:58:12.736+0000][4616][gc,phases   ] GC(307)   Other: 0.3ms
[2024-02-23T09:58:12.736+0000][4616][gc,age      ] GC(307) Age table with threshold 15 (max threshold 15)
[2024-02-23T09:58:12.736+0000][4616][gc,age      ] GC(307) - age   1:   73373560 bytes,   73373560 total
[2024-02-23T09:58:12.736+0000][4616][gc,age      ] GC(307) - age   2:   73040456 bytes,  146414016 total
[2024-02-23T09:58:12.736+0000][4616][gc,age      ] GC(307) - age   3:    1824472 bytes,  148238488 total
[2024-02-23T09:58:12.736+0000][4616][gc,heap     ] GC(307) Eden regions: 553->0(13)
[2024-02-23T09:58:12.736+0000][4616][gc,heap     ] GC(307) Survivor regions: 23->37(72)
[2024-02-23T09:58:12.736+0000][4616][gc,heap     ] GC(307) Old regions: 212->212
[2024-02-23T09:58:12.736+0000][4616][gc,heap     ] GC(307) Archive regions: 0->0
[2024-02-23T09:58:12.736+0000][4616][gc,heap     ] GC(307) Humongous regions: 6->6
[2024-02-23T09:58:12.736+0000][4616][gc,metaspace] GC(307) Metaspace: 131093K(137088K)->131093K(137088K) NonClass: 114146K(117824K)->114146K(117824K) Class: 16947K(19264K)->16947K(19264K)
[2024-02-23T09:58:12.736+0000][4616][gc          ] GC(307) Pause Young (Prepare Mixed) (G1 Evacuation Pause) 3173M->1018M(4040M) 33.624ms
[2024-02-23T09:58:12.736+0000][4616][gc,cpu      ] GC(307) User=0.14s Sys=0.00s Real=0.03s
[2024-02-23T09:58:12.736+0000][4616][safepoint   ] Safepoint "G1CollectForAllocation", Time since last: 34126824600 ns, Reaching safepoint: 131600 ns, At safepoint: 33896200 ns, Total: 34027800 ns
[2024-02-23T09:58:13.287+0000][4616][gc,start    ] GC(308) Pause Young (Mixed) (G1 Evacuation Pause)
[2024-02-23T09:58:13.287+0000][4616][gc,task     ] GC(308) Using 8 workers of 8 for evacuation
[2024-02-23T09:58:13.287+0000][4616][gc,age      ] GC(308) Desired survivor size 14680064 bytes, new threshold 1 (max threshold 15)
[2024-02-23T09:58:13.384+0000][4616][gc,phases   ] GC(308)   Pre Evacuate Collection Set: 0.2ms
[2024-02-23T09:58:13.384+0000][4616][gc,phases   ] GC(308)   Merge Heap Roots: 0.3ms
[2024-02-23T09:58:13.384+0000][4616][gc,phases   ] GC(308)   Evacuate Collection Set: 95.5ms
[2024-02-23T09:58:13.384+0000][4616][gc,phases   ] GC(308)   Post Evacuate Collection Set: 1.0ms
[2024-02-23T09:58:13.384+0000][4616][gc,phases   ] GC(308)   Other: 0.2ms
[2024-02-23T09:58:13.384+0000][4616][gc,age      ] GC(308) Age table with threshold 1 (max threshold 15)
[2024-02-23T09:58:13.384+0000][4616][gc,age      ] GC(308) - age   1:    2256272 bytes,    2256272 total
[2024-02-23T09:58:13.384+0000][4616][gc,heap     ] GC(308) Eden regions: 13->0(578)
[2024-02-23T09:58:13.384+0000][4616][gc,heap     ] GC(308) Survivor regions: 37->4(7)
[2024-02-23T09:58:13.384+0000][4616][gc,heap     ] GC(308) Old regions: 212->205
[2024-02-23T09:58:13.384+0000][4616][gc,heap     ] GC(308) Archive regions: 0->0
[2024-02-23T09:58:13.384+0000][4616][gc,heap     ] GC(308) Humongous regions: 6->6
[2024-02-23T09:58:13.384+0000][4616][gc,metaspace] GC(308) Metaspace: 131093K(137088K)->131093K(137088K) NonClass: 114146K(117824K)->114146K(117824K) Class: 16947K(19264K)->16947K(19264K)
[2024-02-23T09:58:13.384+0000][4616][gc          ] GC(308) Pause Young (Mixed) (G1 Evacuation Pause) 1070M->857M(4040M) 97.758ms
[2024-02-23T09:58:13.384+0000][4616][gc,cpu      ] GC(308) User=0.41s Sys=0.20s Real=0.10s
[2024-02-23T09:58:13.384+0000][4616][safepoint   ] Safepoint "G1CollectForAllocation", Time since last: 548598300 ns, Reaching safepoint: 145500 ns, At safepoint: 97951600 ns, Total: 98097100 ns
[2024-02-23T09:58:15.403+0000][4616][safepoint   ] Safepoint "Cleanup", Time since last: 2018223400 ns, Reaching safepoint: 85700 ns, At safepoint: 50100 ns, Total: 135800 ns
[2024-02-23T09:58:23.452+0000][4616][safepoint   ] Safepoint "Cleanup", Time since last: 8048946200 ns, Reaching safepoint: 184100 ns, At safepoint: 68500 ns, Total: 252600 ns
[2024-02-23T09:58:29.353+0000][4616][gc,start    ] GC(309) Pause Young (Concurrent Start) (G1 Humongous Allocation)
[2024-02-23T09:58:29.353+0000][4616][gc,task     ] GC(309) Using 8 workers of 8 for evacuation
[2024-02-23T09:58:29.353+0000][4616][gc,age      ] GC(309) Desired survivor size 153092096 bytes, new threshold 15 (max threshold 15)
[2024-02-23T09:58:29.360+0000][4616][gc,phases   ] GC(309)   Pre Evacuate Collection Set: 0.6ms
[2024-02-23T09:58:29.360+0000][4616][gc,phases   ] GC(309)   Merge Heap Roots: 0.2ms
[2024-02-23T09:58:29.360+0000][4616][gc,phases   ] GC(309)   Evacuate Collection Set: 7.8ms
[2024-02-23T09:58:29.360+0000][4616][gc,phases   ] GC(309)   Post Evacuate Collection Set: 1.2ms
[2024-02-23T09:58:29.360+0000][4616][gc,phases   ] GC(309)   Other: 0.2ms
[2024-02-23T09:58:29.360+0000][4616][gc,age      ] GC(309) Age table with threshold 15 (max threshold 15)
[2024-02-23T09:58:29.360+0000][4616][gc,age      ] GC(309) - age   1:   25740368 bytes,   25740368 total
[2024-02-23T09:58:29.360+0000][4616][gc,age      ] GC(309) - age   2:    1642976 bytes,   27383344 total
[2024-02-23T09:58:29.360+0000][4616][gc,heap     ] GC(309) Eden regions: 135->0(582)
[2024-02-23T09:58:29.360+0000][4616][gc,heap     ] GC(309) Survivor regions: 4->8(73)
[2024-02-23T09:58:29.360+0000][4616][gc,heap     ] GC(309) Old regions: 205->205
[2024-02-23T09:58:29.360+0000][4616][gc,heap     ] GC(309) Archive regions: 0->0
[2024-02-23T09:58:29.360+0000][4616][gc,heap     ] GC(309) Humongous regions: 6->6
[2024-02-23T09:58:29.360+0000][4616][gc,metaspace] GC(309) Metaspace: 131093K(137088K)->131093K(137088K) NonClass: 114146K(117824K)->114146K(117824K) Class: 16947K(19264K)->16947K(19264K)
[2024-02-23T09:58:29.360+0000][4616][gc          ] GC(309) Pause Young (Concurrent Start) (G1 Humongous Allocation) 1397M->869M(4040M) 10.465ms
[2024-02-23T09:58:29.360+0000][4616][gc          ] GC(310) Concurrent Mark Cycle
[2024-02-23T09:58:29.360+0000][4616][gc,cpu      ] GC(309) User=0.00s Sys=0.00s Real=0.01s
[2024-02-23T09:58:29.360+0000][4616][gc,marking  ] GC(310) Concurrent Clear Claimed Marks
[2024-02-23T09:58:29.360+0000][4616][safepoint   ] Safepoint "G1TryInitiateConcMark", Time since last: 5900341000 ns, Reaching safepoint: 165600 ns, At safepoint: 10767800 ns, Total: 10933400 ns
[2024-02-23T09:58:29.360+0000][4616][gc,marking  ] GC(310) Concurrent Clear Claimed Marks 0.281ms
[2024-02-23T09:58:29.360+0000][4616][gc,marking  ] GC(310) Concurrent Scan Root Regions
[2024-02-23T09:58:29.368+0000][4616][gc,marking  ] GC(310) Concurrent Scan Root Regions 6.008ms
[2024-02-23T09:58:29.368+0000][4616][gc,marking  ] GC(310) Concurrent Mark
[2024-02-23T09:58:29.368+0000][4616][gc,marking  ] GC(310) Concurrent Mark From Roots
[2024-02-23T09:58:29.368+0000][4616][gc,task     ] GC(310) Using 2 workers of 2 for marking
[2024-02-23T09:58:29.665+0000][4616][gc,marking  ] GC(310) Concurrent Mark From Roots 295.486ms
[2024-02-23T09:58:29.666+0000][4616][gc,marking  ] GC(310) Concurrent Preclean
[2024-02-23T09:58:29.666+0000][4616][gc,marking  ] GC(310) Concurrent Preclean 1.308ms
[2024-02-23T09:58:29.666+0000][4616][gc,start    ] GC(310) Pause Remark
[2024-02-23T09:58:29.677+0000][4616][gc          ] GC(310) Pause Remark 903M->899M(4040M) 16.280ms
[2024-02-23T09:58:29.677+0000][4616][gc,cpu      ] GC(310) User=0.00s Sys=0.00s Real=0.01s
[2024-02-23T09:58:29.677+0000][4616][safepoint   ] Safepoint "G1Concurrent", Time since last: 303360800 ns, Reaching safepoint: 55200 ns, At safepoint: 17143000 ns, Total: 17198200 ns
[2024-02-23T09:58:29.684+0000][4616][gc,marking  ] GC(310) Concurrent Mark 314.362ms
[2024-02-23T09:58:29.684+0000][4616][gc,marking  ] GC(310) Concurrent Rebuild Remembered Sets
[2024-02-23T09:58:29.882+0000][4616][gc,marking  ] GC(310) Concurrent Rebuild Remembered Sets 198.240ms
[2024-02-23T09:58:29.882+0000][4616][gc,start    ] GC(310) Pause Cleanup
[2024-02-23T09:58:29.883+0000][4616][gc          ] GC(310) Pause Cleanup 936M->936M(4040M) 0.550ms
[2024-02-23T09:58:29.883+0000][4616][gc,cpu      ] GC(310) User=0.02s Sys=0.00s Real=0.00s
[2024-02-23T09:58:29.883+0000][4616][safepoint   ] Safepoint "G1Concurrent", Time since last: 198546900 ns, Reaching safepoint: 64400 ns, At safepoint: 764800 ns, Total: 829200 ns
[2024-02-23T09:58:29.884+0000][4616][gc,marking  ] GC(310) Concurrent Cleanup for Next Mark
[2024-02-23T09:58:29.890+0000][4616][gc,marking  ] GC(310) Concurrent Cleanup for Next Mark 10.545ms
[2024-02-23T09:58:29.890+0000][4616][gc          ] GC(310) Concurrent Mark Cycle 530.855ms
[2024-02-23T09:58:48.308+0000][4616][gc,start    ] GC(311) Pause Young (Prepare Mixed) (G1 Evacuation Pause)
[2024-02-23T09:58:48.308+0000][4616][gc,task     ] GC(311) Using 8 workers of 8 for evacuation
[2024-02-23T09:58:48.308+0000][4616][gc,age      ] GC(311) Desired survivor size 155189248 bytes, new threshold 15 (max threshold 15)
[2024-02-23T09:58:48.364+0000][4616][gc,phases   ] GC(311)   Pre Evacuate Collection Set: 0.3ms
[2024-02-23T09:58:48.364+0000][4616][gc,phases   ] GC(311)   Merge Heap Roots: 0.5ms
[2024-02-23T09:58:48.364+0000][4616][gc,phases   ] GC(311)   Evacuate Collection Set: 43.3ms
[2024-02-23T09:58:48.364+0000][4616][gc,phases   ] GC(311)   Post Evacuate Collection Set: 2.2ms
[2024-02-23T09:58:48.364+0000][4616][gc,phases   ] GC(311)   Other: 0.4ms
[2024-02-23T09:58:48.364+0000][4616][gc,age      ] GC(311) Age table with threshold 15 (max threshold 15)
[2024-02-23T09:58:48.364+0000][4616][gc,age      ] GC(311) - age   1:   87742336 bytes,   87742336 total
[2024-02-23T09:58:48.364+0000][4616][gc,age      ] GC(311) - age   2:   19405248 bytes,  107147584 total
[2024-02-23T09:58:48.364+0000][4616][gc,age      ] GC(311) - age   3:     389072 bytes,  107536656 total
[2024-02-23T09:58:48.364+0000][4616][gc,heap     ] GC(311) Eden regions: 582->0(23)
[2024-02-23T09:58:48.364+0000][4616][gc,heap     ] GC(311) Survivor regions: 8->27(74)
[2024-02-23T09:58:48.364+0000][4616][gc,heap     ] GC(311) Old regions: 205->205
[2024-02-23T09:58:48.364+0000][4616][gc,heap     ] GC(311) Archive regions: 0->0
[2024-02-23T09:58:48.364+0000][4616][gc,heap     ] GC(311) Humongous regions: 6->6
[2024-02-23T09:58:48.364+0000][4616][gc,metaspace] GC(311) Metaspace: 131093K(137088K)->131093K(137088K) NonClass: 114146K(117824K)->114146K(117824K) Class: 16947K(19264K)->16947K(19264K)
[2024-02-23T09:58:48.364+0000][4616][gc          ] GC(311) Pause Young (Prepare Mixed) (G1 Evacuation Pause) 3197M->946M(4040M) 47.583ms
[2024-02-23T09:58:48.364+0000][4616][gc,cpu      ] GC(311) User=0.27s Sys=0.08s Real=0.06s
[2024-02-23T09:58:48.364+0000][4616][safepoint   ] Safepoint "G1CollectForAllocation", Time since last: 18436049500 ns, Reaching safepoint: 194400 ns, At safepoint: 47966000 ns, Total: 48160400 ns
[2024-02-23T09:58:49.165+0000][4616][gc,start    ] GC(312) Pause Young (Mixed) (G1 Evacuation Pause)
[2024-02-23T09:58:49.165+0000][4616][gc,task     ] GC(312) Using 8 workers of 8 for evacuation
[2024-02-23T09:58:49.165+0000][4616][gc,age      ] GC(312) Desired survivor size 14680064 bytes, new threshold 1 (max threshold 15)
[2024-02-23T09:58:49.218+0000][4616][gc,phases   ] GC(312)   Pre Evacuate Collection Set: 0.4ms
[2024-02-23T09:58:49.218+0000][4616][gc,phases   ] GC(312)   Merge Heap Roots: 0.4ms
[2024-02-23T09:58:49.218+0000][4616][gc,phases   ] GC(312)   Evacuate Collection Set: 60.2ms
[2024-02-23T09:58:49.218+0000][4616][gc,phases   ] GC(312)   Post Evacuate Collection Set: 0.9ms
[2024-02-23T09:58:49.218+0000][4616][gc,phases   ] GC(312)   Other: 0.3ms
[2024-02-23T09:58:49.218+0000][4616][gc,age      ] GC(312) Age table with threshold 1 (max threshold 15)
[2024-02-23T09:58:49.218+0000][4616][gc,age      ] GC(312) - age   1:    3933352 bytes,    3933352 total
[2024-02-23T09:58:49.218+0000][4616][gc,heap     ] GC(312) Eden regions: 23->0(575)
[2024-02-23T09:58:49.218+0000][4616][gc,heap     ] GC(312) Survivor regions: 27->3(7)
[2024-02-23T09:58:49.218+0000][4616][gc,heap     ] GC(312) Old regions: 205->212
[2024-02-23T09:58:49.218+0000][4616][gc,heap     ] GC(312) Archive regions: 0->0
[2024-02-23T09:58:49.218+0000][4616][gc,heap     ] GC(312) Humongous regions: 7->7
[2024-02-23T09:58:49.218+0000][4616][gc,metaspace] GC(312) Metaspace: 131093K(137088K)->131093K(137088K) NonClass: 114146K(117824K)->114146K(117824K) Class: 16947K(19264K)->16947K(19264K)
[2024-02-23T09:58:49.218+0000][4616][gc          ] GC(312) Pause Young (Mixed) (G1 Evacuation Pause) 1042M->883M(4040M) 62.769ms
[2024-02-23T09:58:49.218+0000][4616][gc,cpu      ] GC(312) User=0.25s Sys=0.03s Real=0.05s
[2024-02-23T09:58:49.218+0000][4616][safepoint   ] Safepoint "G1CollectForAllocation", Time since last: 800406600 ns, Reaching safepoint: 153800 ns, At safepoint: 63230900 ns, Total: 63384700 ns
[2024-02-23T09:59:11.370+0000][4616][safepoint   ] Safepoint "Cleanup", Time since last: 22138108500 ns, Reaching safepoint: 213100 ns, At safepoint: 84100 ns, Total: 297200 ns
[2024-02-23T09:59:12.376+0000][4616][safepoint   ] Safepoint "Cleanup", Time since last: 1006030600 ns, Reaching safepoint: 107000 ns, At safepoint: 16700 ns, Total: 123700 ns
[2024-02-23T09:59:15.772+0000][4616][gc,start    ] GC(313) Pause Young (Concurrent Start) (G1 Evacuation Pause)
[2024-02-23T09:59:15.772+0000][4616][gc,task     ] GC(313) Using 8 workers of 8 for evacuation
[2024-02-23T09:59:15.772+0000][4616][gc,age      ] GC(313) Desired survivor size 153092096 bytes, new threshold 15 (max threshold 15)
[2024-02-23T09:59:15.787+0000][4616][gc,phases   ] GC(313)   Pre Evacuate Collection Set: 0.6ms
[2024-02-23T09:59:15.787+0000][4616][gc,phases   ] GC(313)   Merge Heap Roots: 0.3ms
[2024-02-23T09:59:15.787+0000][4616][gc,phases   ] GC(313)   Evacuate Collection Set: 19.8ms
[2024-02-23T09:59:15.787+0000][4616][gc,phases   ] GC(313)   Post Evacuate Collection Set: 1.5ms
[2024-02-23T09:59:15.787+0000][4616][gc,phases   ] GC(313)   Other: 0.3ms
[2024-02-23T09:59:15.787+0000][4616][gc,age      ] GC(313) Age table with threshold 15 (max threshold 15)
[2024-02-23T09:59:15.787+0000][4616][gc,age      ] GC(313) - age   1:   89568912 bytes,   89568912 total
[2024-02-23T09:59:15.787+0000][4616][gc,age      ] GC(313) - age   2:    2326032 bytes,   91894944 total
[2024-02-23T09:59:15.787+0000][4616][gc,heap     ] GC(313) Eden regions: 575->0(552)
[2024-02-23T09:59:15.787+0000][4616][gc,heap     ] GC(313) Survivor regions: 3->23(73)
[2024-02-23T09:59:15.787+0000][4616][gc,heap     ] GC(313) Old regions: 212->212
[2024-02-23T09:59:15.787+0000][4616][gc,heap     ] GC(313) Archive regions: 0->0
[2024-02-23T09:59:15.787+0000][4616][gc,heap     ] GC(313) Humongous regions: 7->7
[2024-02-23T09:59:15.787+0000][4616][gc,metaspace] GC(313) Metaspace: 131094K(137088K)->131094K(137088K) NonClass: 114146K(117824K)->114146K(117824K) Class: 16947K(19264K)->16947K(19264K)
[2024-02-23T09:59:15.787+0000][4616][gc          ] GC(313) Pause Young (Concurrent Start) (G1 Evacuation Pause) 3183M->965M(4040M) 23.322ms
[2024-02-23T09:59:15.787+0000][4616][gc,cpu      ] GC(313) User=0.12s Sys=0.00s Real=0.01s
[2024-02-23T09:59:15.787+0000][4616][gc          ] GC(314) Concurrent Mark Cycle
[2024-02-23T09:59:15.787+0000][4616][safepoint   ] Safepoint "G1CollectForAllocation", Time since last: 3396722000 ns, Reaching safepoint: 98500 ns, At safepoint: 23545100 ns, Total: 23643600 ns
[2024-02-23T09:59:15.787+0000][4616][gc,marking  ] GC(314) Concurrent Clear Claimed Marks
[2024-02-23T09:59:15.787+0000][4616][gc,marking  ] GC(314) Concurrent Clear Claimed Marks 0.262ms
[2024-02-23T09:59:15.787+0000][4616][gc,marking  ] GC(314) Concurrent Scan Root Regions
[2024-02-23T09:59:15.807+0000][4616][gc,marking  ] GC(314) Concurrent Scan Root Regions 11.259ms
[2024-02-23T09:59:15.808+0000][4616][gc,marking  ] GC(314) Concurrent Mark
[2024-02-23T09:59:15.808+0000][4616][gc,marking  ] GC(314) Concurrent Mark From Roots
[2024-02-23T09:59:15.808+0000][4616][gc,task     ] GC(314) Using 2 workers of 2 for marking
[2024-02-23T09:59:16.121+0000][4616][gc,marking  ] GC(314) Concurrent Mark From Roots 313.070ms
[2024-02-23T09:59:16.121+0000][4616][gc,marking  ] GC(314) Concurrent Preclean
[2024-02-23T09:59:16.122+0000][4616][gc,marking  ] GC(314) Concurrent Preclean 0.893ms
[2024-02-23T09:59:16.122+0000][4616][gc,start    ] GC(314) Pause Remark
[2024-02-23T09:59:16.130+0000][4616][gc          ] GC(314) Pause Remark 1008M->1000M(4040M) 17.580ms
[2024-02-23T09:59:16.140+0000][4616][gc,cpu      ] GC(314) User=0.00s Sys=0.00s Real=0.02s
[2024-02-23T09:59:16.140+0000][4616][safepoint   ] Safepoint "G1Concurrent", Time since last: 325846400 ns, Reaching safepoint: 106600 ns, At safepoint: 17913800 ns, Total: 18020400 ns
[2024-02-23T09:59:16.140+0000][4616][gc,marking  ] GC(314) Concurrent Mark 332.223ms
[2024-02-23T09:59:16.140+0000][4616][gc,marking  ] GC(314) Concurrent Rebuild Remembered Sets
[2024-02-23T09:59:16.321+0000][4616][gc,marking  ] GC(314) Concurrent Rebuild Remembered Sets 180.511ms
[2024-02-23T09:59:16.321+0000][4616][gc,start    ] GC(314) Pause Cleanup
[2024-02-23T09:59:16.322+0000][4616][gc          ] GC(314) Pause Cleanup 1015M->1015M(4040M) 0.469ms
[2024-02-23T09:59:16.322+0000][4616][gc,cpu      ] GC(314) User=0.00s Sys=0.00s Real=0.00s
[2024-02-23T09:59:16.322+0000][4616][safepoint   ] Safepoint "G1Concurrent", Time since last: 180756800 ns, Reaching safepoint: 90000 ns, At safepoint: 606400 ns, Total: 696400 ns
[2024-02-23T09:59:16.322+0000][4616][gc,marking  ] GC(314) Concurrent Cleanup for Next Mark
[2024-02-23T09:59:16.322+0000][4616][gc,marking  ] GC(314) Concurrent Cleanup for Next Mark 9.404ms
[2024-02-23T09:59:16.322+0000][4616][gc          ] GC(314) Concurrent Mark Cycle 534.931ms
[2024-02-23T09:59:20.346+0000][4616][safepoint   ] Safepoint "Cleanup", Time since last: 4024387600 ns, Reaching safepoint: 254400 ns, At safepoint: 33200 ns, Total: 287600 ns
[2024-02-23T09:59:50.642+0000][4616][gc,start    ] GC(315) Pause Young (Prepare Mixed) (G1 Evacuation Pause)
[2024-02-23T09:59:50.642+0000][4616][gc,task     ] GC(315) Using 8 workers of 8 for evacuation
[2024-02-23T09:59:50.642+0000][4616][gc,age      ] GC(315) Desired survivor size 150994944 bytes, new threshold 15 (max threshold 15)
[2024-02-23T09:59:50.689+0000][4616][gc,phases   ] GC(315)   Pre Evacuate Collection Set: 0.5ms
[2024-02-23T09:59:50.689+0000][4616][gc,phases   ] GC(315)   Merge Heap Roots: 0.6ms
[2024-02-23T09:59:50.689+0000][4616][gc,phases   ] GC(315)   Evacuate Collection Set: 41.9ms
[2024-02-23T09:59:50.689+0000][4616][gc,phases   ] GC(315)   Post Evacuate Collection Set: 2.7ms
[2024-02-23T09:59:50.689+0000][4616][gc,phases   ] GC(315)   Other: 0.5ms
[2024-02-23T09:59:50.689+0000][4616][gc,age      ] GC(315) Age table with threshold 15 (max threshold 15)
[2024-02-23T09:59:50.689+0000][4616][gc,age      ] GC(315) - age   1:   75260272 bytes,   75260272 total
[2024-02-23T09:59:50.689+0000][4616][gc,age      ] GC(315) - age   2:   70012976 bytes,  145273248 total
[2024-02-23T09:59:50.689+0000][4616][gc,age      ] GC(315) - age   3:    2023024 bytes,  147296272 total
[2024-02-23T09:59:50.689+0000][4616][gc,heap     ] GC(315) Eden regions: 552->0(12)
[2024-02-23T09:59:50.689+0000][4616][gc,heap     ] GC(315) Survivor regions: 23->38(72)
[2024-02-23T09:59:50.689+0000][4616][gc,heap     ] GC(315) Old regions: 212->212
[2024-02-23T09:59:50.689+0000][4616][gc,heap     ] GC(315) Archive regions: 0->0
[2024-02-23T09:59:50.689+0000][4616][gc,heap     ] GC(315) Humongous regions: 6->6
[2024-02-23T09:59:50.689+0000][4616][gc,metaspace] GC(315) Metaspace: 131094K(137088K)->131094K(137088K) NonClass: 114146K(117824K)->114146K(117824K) Class: 16947K(19264K)->16947K(19264K)
[2024-02-23T09:59:50.689+0000][4616][gc          ] GC(315) Pause Young (Prepare Mixed) (G1 Evacuation Pause) 3169M->1018M(4040M) 47.300ms
[2024-02-23T09:59:50.690+0000][4616][gc,cpu      ] GC(315) User=0.27s Sys=0.03s Real=0.05s
[2024-02-23T09:59:50.690+0000][4616][safepoint   ] Safepoint "G1CollectForAllocation", Time since last: 30295601600 ns, Reaching safepoint: 254000 ns, At safepoint: 47855900 ns, Total: 48109900 ns
[2024-02-23T09:59:50.905+0000][4616][gc,start    ] GC(316) Pause Young (Mixed) (G1 Evacuation Pause)
[2024-02-23T09:59:50.905+0000][4616][gc,task     ] GC(316) Using 8 workers of 8 for evacuation
[2024-02-23T09:59:50.905+0000][4616][gc,age      ] GC(316) Desired survivor size 14680064 bytes, new threshold 1 (max threshold 15)
[2024-02-23T09:59:50.965+0000][4616][gc,phases   ] GC(316)   Pre Evacuate Collection Set: 0.3ms
[2024-02-23T09:59:50.965+0000][4616][gc,phases   ] GC(316)   Merge Heap Roots: 0.5ms
[2024-02-23T09:59:50.965+0000][4616][gc,phases   ] GC(316)   Evacuate Collection Set: 72.6ms
[2024-02-23T09:59:50.965+0000][4616][gc,phases   ] GC(316)   Post Evacuate Collection Set: 0.9ms
[2024-02-23T09:59:50.965+0000][4616][gc,phases   ] GC(316)   Other: 0.3ms
[2024-02-23T09:59:50.965+0000][4616][gc,age      ] GC(316) Age table with threshold 1 (max threshold 15)
[2024-02-23T09:59:50.965+0000][4616][gc,age      ] GC(316) - age   1:    1569656 bytes,    1569656 total
[2024-02-23T09:59:50.965+0000][4616][gc,heap     ] GC(316) Eden regions: 12->0(579)
[2024-02-23T09:59:50.965+0000][4616][gc,heap     ] GC(316) Survivor regions: 38->4(7)
[2024-02-23T09:59:50.965+0000][4616][gc,heap     ] GC(316) Old regions: 212->203
[2024-02-23T09:59:50.965+0000][4616][gc,heap     ] GC(316) Archive regions: 0->0
[2024-02-23T09:59:50.965+0000][4616][gc,heap     ] GC(316) Humongous regions: 6->6
[2024-02-23T09:59:50.965+0000][4616][gc,metaspace] GC(316) Metaspace: 131094K(137088K)->131094K(137088K) NonClass: 114146K(117824K)->114146K(117824K) Class: 16947K(19264K)->16947K(19264K)
[2024-02-23T09:59:50.965+0000][4616][gc          ] GC(316) Pause Young (Mixed) (G1 Evacuation Pause) 1066M->849M(4040M) 75.023ms
[2024-02-23T09:59:50.965+0000][4616][gc,cpu      ] GC(316) User=0.33s Sys=0.14s Real=0.06s
[2024-02-23T09:59:50.965+0000][4616][safepoint   ] Safepoint "G1CollectForAllocation", Time since last: 214978900 ns, Reaching safepoint: 160700 ns, At safepoint: 75541200 ns, Total: 75701900 ns
[2024-02-23T10:00:06.988+0000][4616][gc,start    ] GC(317) Pause Young (Concurrent Start) (G1 Humongous Allocation)
[2024-02-23T10:00:06.988+0000][4616][gc,task     ] GC(317) Using 8 workers of 8 for evacuation
[2024-02-23T10:00:06.988+0000][4616][gc,age      ] GC(317) Desired survivor size 153092096 bytes, new threshold 15 (max threshold 15)
[2024-02-23T10:00:07.015+0000][4616][gc,phases   ] GC(317)   Pre Evacuate Collection Set: 0.7ms
[2024-02-23T10:00:07.015+0000][4616][gc,phases   ] GC(317)   Merge Heap Roots: 0.3ms
[2024-02-23T10:00:07.015+0000][4616][gc,phases   ] GC(317)   Evacuate Collection Set: 10.1ms
[2024-02-23T10:00:07.015+0000][4616][gc,phases   ] GC(317)   Post Evacuate Collection Set: 0.9ms
[2024-02-23T10:00:07.015+0000][4616][gc,phases   ] GC(317)   Other: 2.3ms
[2024-02-23T10:00:07.015+0000][4616][gc,age      ] GC(317) Age table with threshold 15 (max threshold 15)
[2024-02-23T10:00:07.015+0000][4616][gc,age      ] GC(317) - age   1:   33339648 bytes,   33339648 total
[2024-02-23T10:00:07.015+0000][4616][gc,age      ] GC(317) - age   2:     655192 bytes,   33994840 total
[2024-02-23T10:00:07.015+0000][4616][gc,heap     ] GC(317) Eden regions: 197->0(575)
[2024-02-23T10:00:07.015+0000][4616][gc,heap     ] GC(317) Survivor regions: 4->9(73)
[2024-02-23T10:00:07.015+0000][4616][gc,heap     ] GC(317) Old regions: 203->203
[2024-02-23T10:00:07.015+0000][4616][gc,heap     ] GC(317) Archive regions: 0->0
[2024-02-23T10:00:07.015+0000][4616][gc,heap     ] GC(317) Humongous regions: 6->6
[2024-02-23T10:00:07.015+0000][4616][gc,metaspace] GC(317) Metaspace: 131094K(137088K)->131094K(137088K) NonClass: 114146K(117824K)->114146K(117824K) Class: 16947K(19264K)->16947K(19264K)
[2024-02-23T10:00:07.015+0000][4616][gc          ] GC(317) Pause Young (Concurrent Start) (G1 Humongous Allocation) 1635M->869M(4040M) 14.689ms
[2024-02-23T10:00:07.015+0000][4616][gc          ] GC(318) Concurrent Mark Cycle
[2024-02-23T10:00:07.015+0000][4616][gc,cpu      ] GC(317) User=0.12s Sys=0.02s Real=0.03s
[2024-02-23T10:00:07.015+0000][4616][gc,marking  ] GC(318) Concurrent Clear Claimed Marks
[2024-02-23T10:00:07.015+0000][4616][safepoint   ] Safepoint "G1TryInitiateConcMark", Time since last: 16019405300 ns, Reaching safepoint: 192200 ns, At safepoint: 14957400 ns, Total: 15149600 ns
[2024-02-23T10:00:07.015+0000][4616][gc,marking  ] GC(318) Concurrent Clear Claimed Marks 0.205ms
[2024-02-23T10:00:07.015+0000][4616][gc,marking  ] GC(318) Concurrent Scan Root Regions
[2024-02-23T10:00:07.020+0000][4616][gc,marking  ] GC(318) Concurrent Scan Root Regions 5.448ms
[2024-02-23T10:00:07.020+0000][4616][gc,marking  ] GC(318) Concurrent Mark
[2024-02-23T10:00:07.020+0000][4616][gc,marking  ] GC(318) Concurrent Mark From Roots
[2024-02-23T10:00:07.020+0000][4616][gc,task     ] GC(318) Using 2 workers of 2 for marking
[2024-02-23T10:00:07.304+0000][4616][gc,marking  ] GC(318) Concurrent Mark From Roots 287.289ms
[2024-02-23T10:00:07.304+0000][4616][gc,marking  ] GC(318) Concurrent Preclean
[2024-02-23T10:00:07.310+0000][4616][gc,marking  ] GC(318) Concurrent Preclean 1.254ms
[2024-02-23T10:00:07.310+0000][4616][gc,start    ] GC(318) Pause Remark
[2024-02-23T10:00:07.328+0000][4616][gc          ] GC(318) Pause Remark 928M->924M(4040M) 17.967ms
[2024-02-23T10:00:07.328+0000][4616][gc,cpu      ] GC(318) User=0.12s Sys=0.00s Real=0.02s
[2024-02-23T10:00:07.328+0000][4616][safepoint   ] Safepoint "G1Concurrent", Time since last: 294454500 ns, Reaching safepoint: 93700 ns, At safepoint: 18190100 ns, Total: 18283800 ns
[2024-02-23T10:00:07.328+0000][4616][gc,marking  ] GC(318) Concurrent Mark 307.145ms
[2024-02-23T10:00:07.328+0000][4616][gc,marking  ] GC(318) Concurrent Rebuild Remembered Sets
[2024-02-23T10:00:07.491+0000][4616][gc,marking  ] GC(318) Concurrent Rebuild Remembered Sets 167.308ms
[2024-02-23T10:00:07.491+0000][4616][gc,start    ] GC(318) Pause Cleanup
[2024-02-23T10:00:07.491+0000][4616][gc          ] GC(318) Pause Cleanup 928M->928M(4040M) 0.487ms
[2024-02-23T10:00:07.491+0000][4616][gc,cpu      ] GC(318) User=0.00s Sys=0.00s Real=0.00s
[2024-02-23T10:00:07.491+0000][4616][safepoint   ] Safepoint "G1Concurrent", Time since last: 167554300 ns, Reaching safepoint: 113400 ns, At safepoint: 654100 ns, Total: 767500 ns
[2024-02-23T10:00:07.491+0000][4616][gc,marking  ] GC(318) Concurrent Cleanup for Next Mark
[2024-02-23T10:00:07.504+0000][4616][gc,marking  ] GC(318) Concurrent Cleanup for Next Mark 10.279ms
[2024-02-23T10:00:07.504+0000][4616][gc          ] GC(318) Concurrent Mark Cycle 491.675ms
[2024-02-23T10:00:11.523+0000][4616][safepoint   ] Safepoint "Cleanup", Time since last: 4026062700 ns, Reaching safepoint: 140000 ns, At safepoint: 19400 ns, Total: 159400 ns
[2024-02-23T10:00:18.585+0000][4616][safepoint   ] Safepoint "Cleanup", Time since last: 7062690400 ns, Reaching safepoint: 101300 ns, At safepoint: 65900 ns, Total: 167200 ns
[2024-02-23T10:00:36.711+0000][4616][safepoint   ] Safepoint "Cleanup", Time since last: 18125487600 ns, Reaching safepoint: 333500 ns, At safepoint: 119200 ns, Total: 452700 ns
[2024-02-23T10:00:37.610+0000][4616][gc,start    ] GC(319) Pause Young (Prepare Mixed) (G1 Evacuation Pause)
[2024-02-23T10:00:37.610+0000][4616][gc,task     ] GC(319) Using 8 workers of 8 for evacuation
[2024-02-23T10:00:37.610+0000][4616][gc,age      ] GC(319) Desired survivor size 153092096 bytes, new threshold 15 (max threshold 15)
[2024-02-23T10:00:37.636+0000][4616][gc,phases   ] GC(319)   Pre Evacuate Collection Set: 0.2ms
[2024-02-23T10:00:37.636+0000][4616][gc,phases   ] GC(319)   Merge Heap Roots: 0.3ms
[2024-02-23T10:00:37.636+0000][4616][gc,phases   ] GC(319)   Evacuate Collection Set: 22.4ms
[2024-02-23T10:00:37.636+0000][4616][gc,phases   ] GC(319)   Post Evacuate Collection Set: 1.3ms
[2024-02-23T10:00:37.636+0000][4616][gc,phases   ] GC(319)   Other: 0.2ms
[2024-02-23T10:00:37.636+0000][4616][gc,age      ] GC(319) Age table with threshold 15 (max threshold 15)
[2024-02-23T10:00:37.636+0000][4616][gc,age      ] GC(319) - age   1:   85176840 bytes,   85176840 total
[2024-02-23T10:00:37.636+0000][4616][gc,age      ] GC(319) - age   2:   24102840 bytes,  109279680 total
[2024-02-23T10:00:37.636+0000][4616][gc,age      ] GC(319) - age   3:     474992 bytes,  109754672 total
[2024-02-23T10:00:37.636+0000][4616][gc,heap     ] GC(319) Eden regions: 575->0(22)
[2024-02-23T10:00:37.636+0000][4616][gc,heap     ] GC(319) Survivor regions: 9->28(73)
[2024-02-23T10:00:37.636+0000][4616][gc,heap     ] GC(319) Old regions: 203->203
[2024-02-23T10:00:37.636+0000][4616][gc,heap     ] GC(319) Archive regions: 0->0
[2024-02-23T10:00:37.636+0000][4616][gc,heap     ] GC(319) Humongous regions: 6->6
[2024-02-23T10:00:37.636+0000][4616][gc,metaspace] GC(319) Metaspace: 131104K(137088K)->131104K(137088K) NonClass: 114157K(117824K)->114157K(117824K) Class: 16947K(19264K)->16947K(19264K)
[2024-02-23T10:00:37.636+0000][4616][gc          ] GC(319) Pause Young (Prepare Mixed) (G1 Evacuation Pause) 3169M->943M(4040M) 24.894ms
[2024-02-23T10:00:37.636+0000][4616][gc,cpu      ] GC(319) User=0.16s Sys=0.05s Real=0.03s
[2024-02-23T10:00:37.636+0000][4616][safepoint   ] Safepoint "G1CollectForAllocation", Time since last: 900752500 ns, Reaching safepoint: 140600 ns, At safepoint: 25088000 ns, Total: 25228600 ns
[2024-02-23T10:00:38.422+0000][4616][gc,start    ] GC(320) Pause Young (Mixed) (G1 Evacuation Pause)
[2024-02-23T10:00:38.422+0000][4616][gc,task     ] GC(320) Using 8 workers of 8 for evacuation
[2024-02-23T10:00:38.422+0000][4616][gc,age      ] GC(320) Desired survivor size 14680064 bytes, new threshold 1 (max threshold 15)
[2024-02-23T10:00:38.477+0000][4616][gc,phases   ] GC(320)   Pre Evacuate Collection Set: 2.7ms
[2024-02-23T10:00:38.477+0000][4616][gc,phases   ] GC(320)   Merge Heap Roots: 0.4ms
[2024-02-23T10:00:38.477+0000][4616][gc,phases   ] GC(320)   Evacuate Collection Set: 44.7ms
[2024-02-23T10:00:38.477+0000][4616][gc,phases   ] GC(320)   Post Evacuate Collection Set: 1.0ms
[2024-02-23T10:00:38.477+0000][4616][gc,phases   ] GC(320)   Other: 0.4ms
[2024-02-23T10:00:38.478+0000][4616][gc,age      ] GC(320) Age table with threshold 1 (max threshold 15)
[2024-02-23T10:00:38.478+0000][4616][gc,age      ] GC(320) - age   1:    3028624 bytes,    3028624 total
[2024-02-23T10:00:38.478+0000][4616][gc,heap     ] GC(320) Eden regions: 22->0(570)
[2024-02-23T10:00:38.478+0000][4616][gc,heap     ] GC(320) Survivor regions: 28->3(7)
[2024-02-23T10:00:38.478+0000][4616][gc,heap     ] GC(320) Old regions: 203->212
[2024-02-23T10:00:38.478+0000][4616][gc,heap     ] GC(320) Archive regions: 0->0
[2024-02-23T10:00:38.478+0000][4616][gc,heap     ] GC(320) Humongous regions: 6->6
[2024-02-23T10:00:38.478+0000][4616][gc,metaspace] GC(320) Metaspace: 131104K(137088K)->131104K(137088K) NonClass: 114157K(117824K)->114157K(117824K) Class: 16947K(19264K)->16947K(19264K)
[2024-02-23T10:00:38.478+0000][4616][gc          ] GC(320) Pause Young (Mixed) (G1 Evacuation Pause) 1031M->879M(4040M) 50.013ms
[2024-02-23T10:00:38.478+0000][4616][gc,cpu      ] GC(320) User=0.45s Sys=0.02s Real=0.06s
[2024-02-23T10:00:38.478+0000][4616][safepoint   ] Safepoint "G1CollectForAllocation", Time since last: 790033900 ns, Reaching safepoint: 226400 ns, At safepoint: 50372300 ns, Total: 50598700 ns
[2024-02-23T10:00:42.237+0000][4616][gc,start    ] GC(321) Pause Young (Concurrent Start) (G1 Humongous Allocation)
[2024-02-23T10:00:42.237+0000][4616][gc,task     ] GC(321) Using 8 workers of 8 for evacuation
[2024-02-23T10:00:42.237+0000][4616][gc,age      ] GC(321) Desired survivor size 150994944 bytes, new threshold 15 (max threshold 15)
[2024-02-23T10:00:42.260+0000][4616][gc,phases   ] GC(321)   Pre Evacuate Collection Set: 0.4ms
[2024-02-23T10:00:42.260+0000][4616][gc,phases   ] GC(321)   Merge Heap Roots: 0.2ms
[2024-02-23T10:00:42.261+0000][4616][gc,phases   ] GC(321)   Evacuate Collection Set: 5.7ms
[2024-02-23T10:00:42.261+0000][4616][gc,phases   ] GC(321)   Post Evacuate Collection Set: 1.1ms
[2024-02-23T10:00:42.261+0000][4616][gc,phases   ] GC(321)   Other: 2.2ms
[2024-02-23T10:00:42.261+0000][4616][gc,age      ] GC(321) Age table with threshold 15 (max threshold 15)
[2024-02-23T10:00:42.261+0000][4616][gc,age      ] GC(321) - age   1:   17224288 bytes,   17224288 total
[2024-02-23T10:00:42.261+0000][4616][gc,age      ] GC(321) - age   2:    2309616 bytes,   19533904 total
[2024-02-23T10:00:42.261+0000][4616][gc,heap     ] GC(321) Eden regions: 115->0(577)
[2024-02-23T10:00:42.261+0000][4616][gc,heap     ] GC(321) Survivor regions: 3->6(72)
[2024-02-23T10:00:42.261+0000][4616][gc,heap     ] GC(321) Old regions: 212->212
[2024-02-23T10:00:42.261+0000][4616][gc,heap     ] GC(321) Archive regions: 0->0
[2024-02-23T10:00:42.261+0000][4616][gc,heap     ] GC(321) Humongous regions: 6->6
[2024-02-23T10:00:42.261+0000][4616][gc,metaspace] GC(321) Metaspace: 131104K(137088K)->131104K(137088K) NonClass: 114157K(117824K)->114157K(117824K) Class: 16947K(19264K)->16947K(19264K)
[2024-02-23T10:00:42.261+0000][4616][gc          ] GC(321) Pause Young (Concurrent Start) (G1 Humongous Allocation) 1339M->889M(4040M) 10.084ms
[2024-02-23T10:00:42.261+0000][4616][gc          ] GC(322) Concurrent Mark Cycle
[2024-02-23T10:00:42.261+0000][4616][gc,cpu      ] GC(321) User=0.09s Sys=0.02s Real=0.02s
[2024-02-23T10:00:42.261+0000][4616][gc,marking  ] GC(322) Concurrent Clear Claimed Marks
[2024-02-23T10:00:42.261+0000][4616][safepoint   ] Safepoint "G1TryInitiateConcMark", Time since last: 3772673800 ns, Reaching safepoint: 112300 ns, At safepoint: 10352500 ns, Total: 10464800 ns
[2024-02-23T10:00:42.261+0000][4616][gc,marking  ] GC(322) Concurrent Clear Claimed Marks 0.218ms
[2024-02-23T10:00:42.261+0000][4616][gc,marking  ] GC(322) Concurrent Scan Root Regions
[2024-02-23T10:00:42.261+0000][4616][gc,marking  ] GC(322) Concurrent Scan Root Regions 3.795ms
[2024-02-23T10:00:42.261+0000][4616][gc,marking  ] GC(322) Concurrent Mark
[2024-02-23T10:00:42.261+0000][4616][gc,marking  ] GC(322) Concurrent Mark From Roots
[2024-02-23T10:00:42.261+0000][4616][gc,task     ] GC(322) Using 2 workers of 2 for marking
[2024-02-23T10:00:42.559+0000][4616][gc,marking  ] GC(322) Concurrent Mark From Roots 295.503ms
[2024-02-23T10:00:42.559+0000][4616][gc,marking  ] GC(322) Concurrent Preclean
[2024-02-23T10:00:42.559+0000][4616][gc,marking  ] GC(322) Concurrent Preclean 0.905ms
[2024-02-23T10:00:42.559+0000][4616][gc,start    ] GC(322) Pause Remark
[2024-02-23T10:00:42.578+0000][4616][gc          ] GC(322) Pause Remark 947M->943M(4040M) 18.796ms
[2024-02-23T10:00:42.578+0000][4616][gc,cpu      ] GC(322) User=0.08s Sys=0.02s Real=0.02s
[2024-02-23T10:00:42.578+0000][4616][safepoint   ] Safepoint "G1Concurrent", Time since last: 300613200 ns, Reaching safepoint: 118100 ns, At safepoint: 19631600 ns, Total: 19749700 ns
[2024-02-23T10:00:42.582+0000][4616][gc,marking  ] GC(322) Concurrent Mark 316.421ms
[2024-02-23T10:00:42.582+0000][4616][gc,marking  ] GC(322) Concurrent Rebuild Remembered Sets
[2024-02-23T10:00:42.779+0000][4616][gc,marking  ] GC(322) Concurrent Rebuild Remembered Sets 202.741ms
[2024-02-23T10:00:42.779+0000][4616][gc,start    ] GC(322) Pause Cleanup
[2024-02-23T10:00:42.779+0000][4616][gc          ] GC(322) Pause Cleanup 978M->978M(4040M) 0.545ms
[2024-02-23T10:00:42.779+0000][4616][gc,cpu      ] GC(322) User=0.00s Sys=0.00s Real=0.00s
[2024-02-23T10:00:42.779+0000][4616][safepoint   ] Safepoint "G1Concurrent", Time since last: 203015600 ns, Reaching safepoint: 87800 ns, At safepoint: 733800 ns, Total: 821600 ns
[2024-02-23T10:00:42.779+0000][4616][gc,marking  ] GC(322) Concurrent Cleanup for Next Mark
[2024-02-23T10:00:42.779+0000][4616][gc,marking  ] GC(322) Concurrent Cleanup for Next Mark 9.112ms
[2024-02-23T10:00:42.795+0000][4616][gc          ] GC(322) Concurrent Mark Cycle 533.720ms
[2024-02-23T10:00:51.843+0000][4616][safepoint   ] Safepoint "Cleanup", Time since last: 9057087900 ns, Reaching safepoint: 76300 ns, At safepoint: 27100 ns, Total: 103400 ns
[2024-02-23T10:01:06.962+0000][4616][safepoint   ] Safepoint "Cleanup", Time since last: 15119467300 ns, Reaching safepoint: 123000 ns, At safepoint: 26800 ns, Total: 149800 ns
[2024-02-23T10:01:07.971+0000][4616][safepoint   ] Safepoint "Cleanup", Time since last: 1008219700 ns, Reaching safepoint: 125700 ns, At safepoint: 26200 ns, Total: 151900 ns
[2024-02-23T10:01:08.559+0000][4616][safepoint   ] Safepoint "G1CollectForAllocation", Time since last: 525493400 ns, Reaching safepoint: 63058300 ns, At safepoint: 616100 ns, Total: 63674400 ns
[2024-02-23T10:01:08.560+0000][4616][gc,start    ] GC(323) Pause Young (Prepare Mixed) (GCLocker Initiated GC)
[2024-02-23T10:01:08.560+0000][4616][gc,task     ] GC(323) Using 8 workers of 8 for evacuation
[2024-02-23T10:01:08.560+0000][4616][gc,age      ] GC(323) Desired survivor size 153092096 bytes, new threshold 15 (max threshold 15)
[2024-02-23T10:01:08.596+0000][4616][gc,phases   ] GC(323)   Pre Evacuate Collection Set: 0.3ms
[2024-02-23T10:01:08.596+0000][4616][gc,phases   ] GC(323)   Merge Heap Roots: 0.6ms
[2024-02-23T10:01:08.596+0000][4616][gc,phases   ] GC(323)   Evacuate Collection Set: 32.9ms
[2024-02-23T10:01:08.596+0000][4616][gc,phases   ] GC(323)   Post Evacuate Collection Set: 2.9ms
[2024-02-23T10:01:08.596+0000][4616][gc,phases   ] GC(323)   Other: 0.4ms
[2024-02-23T10:01:08.596+0000][4616][gc,age      ] GC(323) Age table with threshold 15 (max threshold 15)
[2024-02-23T10:01:08.596+0000][4616][gc,age      ] GC(323) - age   1:   85527240 bytes,   85527240 total
[2024-02-23T10:01:08.596+0000][4616][gc,age      ] GC(323) - age   2:   10689096 bytes,   96216336 total
[2024-02-23T10:01:08.596+0000][4616][gc,age      ] GC(323) - age   3:    1516080 bytes,   97732416 total
[2024-02-23T10:01:08.596+0000][4616][gc,heap     ] GC(323) Eden regions: 577->0(25)
[2024-02-23T10:01:08.596+0000][4616][gc,heap     ] GC(323) Survivor regions: 6->25(73)
[2024-02-23T10:01:08.596+0000][4616][gc,heap     ] GC(323) Old regions: 212->212
[2024-02-23T10:01:08.596+0000][4616][gc,heap     ] GC(323) Archive regions: 0->0
[2024-02-23T10:01:08.596+0000][4616][gc,heap     ] GC(323) Humongous regions: 6->6
[2024-02-23T10:01:08.596+0000][4616][gc,metaspace] GC(323) Metaspace: 131104K(137088K)->131104K(137088K) NonClass: 114157K(117824K)->114157K(117824K) Class: 16947K(19264K)->16947K(19264K)
[2024-02-23T10:01:08.596+0000][4616][gc          ] GC(323) Pause Young (Prepare Mixed) (GCLocker Initiated GC) 3197M->965M(4040M) 38.234ms
[2024-02-23T10:01:08.596+0000][4616][gc,cpu      ] GC(323) User=0.25s Sys=0.00s Real=0.04s
[2024-02-23T10:01:08.596+0000][4616][safepoint   ] Safepoint "G1CollectForAllocation", Time since last: 316300 ns, Reaching safepoint: 140600 ns, At safepoint: 38626400 ns, Total: 38767000 ns
[2024-02-23T10:01:09.244+0000][4616][gc,start    ] GC(324) Pause Young (Mixed) (G1 Evacuation Pause)
[2024-02-23T10:01:09.244+0000][4616][gc,task     ] GC(324) Using 8 workers of 8 for evacuation
[2024-02-23T10:01:09.244+0000][4616][gc,age      ] GC(324) Desired survivor size 14680064 bytes, new threshold 1 (max threshold 15)
[2024-02-23T10:01:09.311+0000][4616][gc,phases   ] GC(324)   Pre Evacuate Collection Set: 0.3ms
[2024-02-23T10:01:09.311+0000][4616][gc,phases   ] GC(324)   Merge Heap Roots: 0.4ms
[2024-02-23T10:01:09.311+0000][4616][gc,phases   ] GC(324)   Evacuate Collection Set: 52.5ms
[2024-02-23T10:01:09.311+0000][4616][gc,phases   ] GC(324)   Post Evacuate Collection Set: 1.4ms
[2024-02-23T10:01:09.311+0000][4616][gc,phases   ] GC(324)   Other: 0.3ms
[2024-02-23T10:01:09.311+0000][4616][gc,age      ] GC(324) Age table with threshold 1 (max threshold 15)
[2024-02-23T10:01:09.311+0000][4616][gc,age      ] GC(324) - age   1:    5126488 bytes,    5126488 total
[2024-02-23T10:01:09.311+0000][4616][gc,heap     ] GC(324) Eden regions: 25->0(576)
[2024-02-23T10:01:09.311+0000][4616][gc,heap     ] GC(324) Survivor regions: 25->3(7)
[2024-02-23T10:01:09.311+0000][4616][gc,heap     ] GC(324) Old regions: 212->211
[2024-02-23T10:01:09.311+0000][4616][gc,heap     ] GC(324) Archive regions: 0->0
[2024-02-23T10:01:09.311+0000][4616][gc,heap     ] GC(324) Humongous regions: 6->6
[2024-02-23T10:01:09.311+0000][4616][gc,metaspace] GC(324) Metaspace: 131104K(137088K)->131104K(137088K) NonClass: 114157K(117824K)->114157K(117824K) Class: 16947K(19264K)->16947K(19264K)
[2024-02-23T10:01:09.311+0000][4616][gc          ] GC(324) Pause Young (Mixed) (G1 Evacuation Pause) 1065M->873M(4040M) 55.690ms
[2024-02-23T10:01:09.311+0000][4616][gc,cpu      ] GC(324) User=0.17s Sys=0.25s Real=0.07s
[2024-02-23T10:01:09.312+0000][4616][safepoint   ] Safepoint "G1CollectForAllocation", Time since last: 656543200 ns, Reaching safepoint: 150600 ns, At safepoint: 56280100 ns, Total: 56430700 ns
[2024-02-23T10:01:09.745+0000][4616][gc,start    ] GC(325) Pause Young (Concurrent Start) (G1 Humongous Allocation)
[2024-02-23T10:01:09.745+0000][4616][gc,task     ] GC(325) Using 8 workers of 8 for evacuation
[2024-02-23T10:01:09.745+0000][4616][gc,age      ] GC(325) Desired survivor size 153092096 bytes, new threshold 15 (max threshold 15)
[2024-02-23T10:01:09.760+0000][4616][gc,phases   ] GC(325)   Pre Evacuate Collection Set: 0.6ms
[2024-02-23T10:01:09.760+0000][4616][gc,phases   ] GC(325)   Merge Heap Roots: 0.2ms
[2024-02-23T10:01:09.760+0000][4616][gc,phases   ] GC(325)   Evacuate Collection Set: 6.2ms
[2024-02-23T10:01:09.760+0000][4616][gc,phases   ] GC(325)   Post Evacuate Collection Set: 1.4ms
[2024-02-23T10:01:09.760+0000][4616][gc,phases   ] GC(325)   Other: 0.2ms
[2024-02-23T10:01:09.760+0000][4616][gc,age      ] GC(325) Age table with threshold 15 (max threshold 15)
[2024-02-23T10:01:09.760+0000][4616][gc,age      ] GC(325) - age   1:    1883720 bytes,    1883720 total
[2024-02-23T10:01:09.760+0000][4616][gc,age      ] GC(325) - age   2:    4627088 bytes,    6510808 total
[2024-02-23T10:01:09.760+0000][4616][gc,heap     ] GC(325) Eden regions: 11->0(584)
[2024-02-23T10:01:09.760+0000][4616][gc,heap     ] GC(325) Survivor regions: 3->2(73)
[2024-02-23T10:01:09.760+0000][4616][gc,heap     ] GC(325) Old regions: 211->211
[2024-02-23T10:01:09.760+0000][4616][gc,heap     ] GC(325) Archive regions: 0->0
[2024-02-23T10:01:09.760+0000][4616][gc,heap     ] GC(325) Humongous regions: 6->6
[2024-02-23T10:01:09.760+0000][4616][gc,metaspace] GC(325) Metaspace: 131104K(137088K)->131104K(137088K) NonClass: 114157K(117824K)->114157K(117824K) Class: 16947K(19264K)->16947K(19264K)
[2024-02-23T10:01:09.760+0000][4616][gc          ] GC(325) Pause Young (Concurrent Start) (G1 Humongous Allocation) 915M->872M(4040M) 9.456ms
[2024-02-23T10:01:09.760+0000][4616][gc          ] GC(326) Concurrent Mark Cycle
[2024-02-23T10:01:09.760+0000][4616][gc,cpu      ] GC(325) User=0.12s Sys=0.00s Real=0.02s
[2024-02-23T10:01:09.760+0000][4616][gc,marking  ] GC(326) Concurrent Clear Claimed Marks
[2024-02-23T10:01:09.760+0000][4616][safepoint   ] Safepoint "G1TryInitiateConcMark", Time since last: 440267200 ns, Reaching safepoint: 232100 ns, At safepoint: 9920000 ns, Total: 10152100 ns
[2024-02-23T10:01:09.760+0000][4616][gc,marking  ] GC(326) Concurrent Clear Claimed Marks 0.355ms
[2024-02-23T10:01:09.760+0000][4616][gc,marking  ] GC(326) Concurrent Scan Root Regions
[2024-02-23T10:01:09.760+0000][4616][gc,marking  ] GC(326) Concurrent Scan Root Regions 3.531ms
[2024-02-23T10:01:09.760+0000][4616][gc,marking  ] GC(326) Concurrent Mark
[2024-02-23T10:01:09.760+0000][4616][gc,marking  ] GC(326) Concurrent Mark From Roots
[2024-02-23T10:01:09.760+0000][4616][gc,task     ] GC(326) Using 2 workers of 2 for marking
[2024-02-23T10:01:10.051+0000][4616][gc,marking  ] GC(326) Concurrent Mark From Roots 294.464ms
[2024-02-23T10:01:10.051+0000][4616][gc,marking  ] GC(326) Concurrent Preclean
[2024-02-23T10:01:10.051+0000][4616][gc,marking  ] GC(326) Concurrent Preclean 1.193ms
[2024-02-23T10:01:10.051+0000][4616][gc,start    ] GC(326) Pause Remark
[2024-02-23T10:01:10.079+0000][4616][gc          ] GC(326) Pause Remark 930M->926M(4040M) 17.345ms
[2024-02-23T10:01:10.079+0000][4616][gc,cpu      ] GC(326) User=0.16s Sys=0.02s Real=0.03s
[2024-02-23T10:01:10.079+0000][4616][safepoint   ] Safepoint "G1Concurrent", Time since last: 299879100 ns, Reaching safepoint: 114700 ns, At safepoint: 17910100 ns, Total: 18024800 ns
[2024-02-23T10:01:10.079+0000][4616][gc,marking  ] GC(326) Concurrent Mark 314.053ms
[2024-02-23T10:01:10.079+0000][4616][gc,marking  ] GC(326) Concurrent Rebuild Remembered Sets
[2024-02-23T10:01:10.239+0000][4616][gc,marking  ] GC(326) Concurrent Rebuild Remembered Sets 166.104ms
[2024-02-23T10:01:10.239+0000][4616][gc,start    ] GC(326) Pause Cleanup
[2024-02-23T10:01:10.247+0000][4616][gc          ] GC(326) Pause Cleanup 954M->954M(4040M) 0.467ms
[2024-02-23T10:01:10.247+0000][4616][gc,cpu      ] GC(326) User=0.03s Sys=0.00s Real=0.01s
[2024-02-23T10:01:10.247+0000][4616][safepoint   ] Safepoint "G1Concurrent", Time since last: 166337500 ns, Reaching safepoint: 139300 ns, At safepoint: 593700 ns, Total: 733000 ns
[2024-02-23T10:01:10.247+0000][4616][gc,marking  ] GC(326) Concurrent Cleanup for Next Mark
[2024-02-23T10:01:10.247+0000][4616][gc,marking  ] GC(326) Concurrent Cleanup for Next Mark 4.525ms
[2024-02-23T10:01:10.247+0000][4616][gc          ] GC(326) Concurrent Mark Cycle 489.931ms
[2024-02-23T10:01:18.483+0000][4616][safepoint   ] Safepoint "Cleanup", Time since last: 8235537200 ns, Reaching safepoint: 263300 ns, At safepoint: 51400 ns, Total: 314700 ns
[2024-02-23T10:01:38.599+0000][4616][safepoint   ] Safepoint "Cleanup", Time since last: 20116017500 ns, Reaching safepoint: 140700 ns, At safepoint: 51200 ns, Total: 191900 ns
[2024-02-23T10:01:45.413+0000][4616][gc,start    ] GC(327) Pause Young (Prepare Mixed) (G1 Evacuation Pause)
[2024-02-23T10:01:45.413+0000][4616][gc,task     ] GC(327) Using 8 workers of 8 for evacuation
[2024-02-23T10:01:45.413+0000][4616][gc,age      ] GC(327) Desired survivor size 155189248 bytes, new threshold 15 (max threshold 15)
[2024-02-23T10:01:45.429+0000][4616][gc,phases   ] GC(327)   Pre Evacuate Collection Set: 0.3ms
[2024-02-23T10:01:45.429+0000][4616][gc,phases   ] GC(327)   Merge Heap Roots: 0.3ms
[2024-02-23T10:01:45.429+0000][4616][gc,phases   ] GC(327)   Evacuate Collection Set: 19.7ms
[2024-02-23T10:01:45.429+0000][4616][gc,phases   ] GC(327)   Post Evacuate Collection Set: 1.3ms
[2024-02-23T10:01:45.429+0000][4616][gc,phases   ] GC(327)   Other: 0.3ms
[2024-02-23T10:01:45.429+0000][4616][gc,age      ] GC(327) Age table with threshold 15 (max threshold 15)
[2024-02-23T10:01:45.429+0000][4616][gc,age      ] GC(327) - age   1:   87069752 bytes,   87069752 total
[2024-02-23T10:01:45.429+0000][4616][gc,age      ] GC(327) - age   2:    1358392 bytes,   88428144 total
[2024-02-23T10:01:45.429+0000][4616][gc,age      ] GC(327) - age   3:    4028504 bytes,   92456648 total
[2024-02-23T10:01:45.429+0000][4616][gc,heap     ] GC(327) Eden regions: 584->0(26)
[2024-02-23T10:01:45.429+0000][4616][gc,heap     ] GC(327) Survivor regions: 2->24(74)
[2024-02-23T10:01:45.429+0000][4616][gc,heap     ] GC(327) Old regions: 211->211
[2024-02-23T10:01:45.429+0000][4616][gc,heap     ] GC(327) Archive regions: 0->0
[2024-02-23T10:01:45.429+0000][4616][gc,heap     ] GC(327) Humongous regions: 7->7
[2024-02-23T10:01:45.429+0000][4616][gc,metaspace] GC(327) Metaspace: 131105K(137088K)->131105K(137088K) NonClass: 114158K(117824K)->114158K(117824K) Class: 16947K(19264K)->16947K(19264K)
[2024-02-23T10:01:45.429+0000][4616][gc          ] GC(327) Pause Young (Prepare Mixed) (G1 Evacuation Pause) 3212M->962M(4040M) 22.380ms
[2024-02-23T10:01:45.429+0000][4616][gc,cpu      ] GC(327) User=0.12s Sys=0.00s Real=0.02s
[2024-02-23T10:01:45.429+0000][4616][safepoint   ] Safepoint "G1CollectForAllocation", Time since last: 6821358200 ns, Reaching safepoint: 110900 ns, At safepoint: 22622600 ns, Total: 22733500 ns
[2024-02-23T10:01:46.057+0000][4616][gc,start    ] GC(328) Pause Young (Mixed) (G1 Evacuation Pause)
[2024-02-23T10:01:46.057+0000][4616][gc,task     ] GC(328) Using 8 workers of 8 for evacuation
[2024-02-23T10:01:46.057+0000][4616][gc,age      ] GC(328) Desired survivor size 14680064 bytes, new threshold 1 (max threshold 15)
[2024-02-23T10:01:46.114+0000][4616][gc,phases   ] GC(328)   Pre Evacuate Collection Set: 0.2ms
[2024-02-23T10:01:46.114+0000][4616][gc,phases   ] GC(328)   Merge Heap Roots: 0.4ms
[2024-02-23T10:01:46.114+0000][4616][gc,phases   ] GC(328)   Evacuate Collection Set: 54.2ms
[2024-02-23T10:01:46.114+0000][4616][gc,phases   ] GC(328)   Post Evacuate Collection Set: 1.5ms
[2024-02-23T10:01:46.114+0000][4616][gc,phases   ] GC(328)   Other: 0.3ms
[2024-02-23T10:01:46.114+0000][4616][gc,age      ] GC(328) Age table with threshold 1 (max threshold 15)
[2024-02-23T10:01:46.114+0000][4616][gc,age      ] GC(328) - age   1:    5157320 bytes,    5157320 total
[2024-02-23T10:01:46.114+0000][4616][gc,heap     ] GC(328) Eden regions: 26->0(577)
[2024-02-23T10:01:46.114+0000][4616][gc,heap     ] GC(328) Survivor regions: 24->2(7)
[2024-02-23T10:01:46.114+0000][4616][gc,heap     ] GC(328) Old regions: 211->212
[2024-02-23T10:01:46.114+0000][4616][gc,heap     ] GC(328) Archive regions: 0->0
[2024-02-23T10:01:46.114+0000][4616][gc,heap     ] GC(328) Humongous regions: 7->7
[2024-02-23T10:01:46.114+0000][4616][gc,metaspace] GC(328) Metaspace: 131105K(137088K)->131105K(137088K) NonClass: 114158K(117824K)->114158K(117824K) Class: 16947K(19264K)->16947K(19264K)
[2024-02-23T10:01:46.114+0000][4616][gc          ] GC(328) Pause Young (Mixed) (G1 Evacuation Pause) 1066M->881M(4040M) 57.838ms
[2024-02-23T10:01:46.114+0000][4616][gc,cpu      ] GC(328) User=0.16s Sys=0.11s Real=0.06s
[2024-02-23T10:01:46.114+0000][4616][safepoint   ] Safepoint "G1CollectForAllocation", Time since last: 613419000 ns, Reaching safepoint: 149400 ns, At safepoint: 58744000 ns, Total: 58893400 ns
[2024-02-23T10:02:00.231+0000][4616][safepoint   ] Safepoint "Cleanup", Time since last: 14099165400 ns, Reaching safepoint: 15786200 ns, At safepoint: 129800 ns, Total: 15916000 ns
[2024-02-23T10:02:19.386+0000][4616][gc,start    ] GC(329) Pause Young (Concurrent Start) (G1 Evacuation Pause)
[2024-02-23T10:02:19.386+0000][4616][gc,task     ] GC(329) Using 8 workers of 8 for evacuation
[2024-02-23T10:02:19.386+0000][4616][gc,age      ] GC(329) Desired survivor size 153092096 bytes, new threshold 15 (max threshold 15)
[2024-02-23T10:02:19.408+0000][4616][gc,phases   ] GC(329)   Pre Evacuate Collection Set: 0.7ms
[2024-02-23T10:02:19.408+0000][4616][gc,phases   ] GC(329)   Merge Heap Roots: 0.3ms
[2024-02-23T10:02:19.408+0000][4616][gc,phases   ] GC(329)   Evacuate Collection Set: 19.1ms
[2024-02-23T10:02:19.409+0000][4616][gc,phases   ] GC(329)   Post Evacuate Collection Set: 1.9ms
[2024-02-23T10:02:19.409+0000][4616][gc,phases   ] GC(329)   Other: 0.3ms
[2024-02-23T10:02:19.409+0000][4616][gc,age      ] GC(329) Age table with threshold 15 (max threshold 15)
[2024-02-23T10:02:19.409+0000][4616][gc,age      ] GC(329) - age   1:   79902048 bytes,   79902048 total
[2024-02-23T10:02:19.409+0000][4616][gc,age      ] GC(329) - age   2:    3719664 bytes,   83621712 total
[2024-02-23T10:02:19.409+0000][4616][gc,heap     ] GC(329) Eden regions: 577->0(558)
[2024-02-23T10:02:19.409+0000][4616][gc,heap     ] GC(329) Survivor regions: 2->21(73)
[2024-02-23T10:02:19.409+0000][4616][gc,heap     ] GC(329) Old regions: 212->212
[2024-02-23T10:02:19.409+0000][4616][gc,heap     ] GC(329) Archive regions: 0->0
[2024-02-23T10:02:19.409+0000][4616][gc,heap     ] GC(329) Humongous regions: 7->7
[2024-02-23T10:02:19.409+0000][4616][gc,metaspace] GC(329) Metaspace: 131108K(137088K)->131108K(137088K) NonClass: 114161K(117824K)->114161K(117824K) Class: 16947K(19264K)->16947K(19264K)
[2024-02-23T10:02:19.409+0000][4616][gc          ] GC(329) Pause Young (Concurrent Start) (G1 Evacuation Pause) 3189M->956M(4040M) 23.285ms
[2024-02-23T10:02:19.409+0000][4616][gc,cpu      ] GC(329) User=0.12s Sys=0.00s Real=0.02s
[2024-02-23T10:02:19.409+0000][4616][gc          ] GC(330) Concurrent Mark Cycle
[2024-02-23T10:02:19.409+0000][4616][safepoint   ] Safepoint "G1CollectForAllocation", Time since last: 19129132900 ns, Reaching safepoint: 26502600 ns, At safepoint: 23579800 ns, Total: 50082400 ns
[2024-02-23T10:02:19.409+0000][4616][gc,marking  ] GC(330) Concurrent Clear Claimed Marks
[2024-02-23T10:02:19.410+0000][4616][gc,marking  ] GC(330) Concurrent Clear Claimed Marks 0.347ms
[2024-02-23T10:02:19.410+0000][4616][gc,marking  ] GC(330) Concurrent Scan Root Regions
[2024-02-23T10:02:19.419+0000][4616][gc,marking  ] GC(330) Concurrent Scan Root Regions 9.725ms
[2024-02-23T10:02:19.419+0000][4616][gc,marking  ] GC(330) Concurrent Mark
[2024-02-23T10:02:19.419+0000][4616][gc,marking  ] GC(330) Concurrent Mark From Roots
[2024-02-23T10:02:19.419+0000][4616][gc,task     ] GC(330) Using 2 workers of 2 for marking
[2024-02-23T10:02:19.718+0000][4616][gc,marking  ] GC(330) Concurrent Mark From Roots 298.668ms
[2024-02-23T10:02:19.718+0000][4616][gc,marking  ] GC(330) Concurrent Preclean
[2024-02-23T10:02:19.719+0000][4616][gc,marking  ] GC(330) Concurrent Preclean 0.896ms
[2024-02-23T10:02:19.728+0000][4616][gc,start    ] GC(330) Pause Remark
[2024-02-23T10:02:20.563+0000][4616][gc,mmu      ] GC(330) MMU target violated: 201.0ms (200.0ms/201.0ms)
[2024-02-23T10:02:20.563+0000][4616][gc          ] GC(330) Pause Remark 979M->971M(4040M) 837.936ms
[2024-02-23T10:02:20.563+0000][4616][gc,cpu      ] GC(330) User=0.14s Sys=0.67s Real=0.84s
[2024-02-23T10:02:20.568+0000][4616][safepoint   ] Safepoint "G1Concurrent", Time since last: 310015500 ns, Reaching safepoint: 8208100 ns, At safepoint: 839717200 ns, Total: 847925300 ns
[2024-02-23T10:02:20.568+0000][4616][gc,marking  ] GC(330) Concurrent Mark 1147.827ms
[2024-02-23T10:02:20.568+0000][4616][gc,marking  ] GC(330) Concurrent Rebuild Remembered Sets
[2024-02-23T10:02:21.219+0000][4616][gc,marking  ] GC(330) Concurrent Rebuild Remembered Sets 655.050ms
[2024-02-23T10:02:21.249+0000][4616][gc,start    ] GC(330) Pause Cleanup
[2024-02-23T10:02:21.249+0000][4616][gc          ] GC(330) Pause Cleanup 1012M->1012M(4040M) 0.874ms
[2024-02-23T10:02:21.249+0000][4616][gc,cpu      ] GC(330) User=0.00s Sys=0.00s Real=0.00s
[2024-02-23T10:02:21.250+0000][4616][safepoint   ] Safepoint "G1Concurrent", Time since last: 655420400 ns, Reaching safepoint: 25667600 ns, At safepoint: 1100500 ns, Total: 26768100 ns
[2024-02-23T10:02:21.250+0000][4616][gc,marking  ] GC(330) Concurrent Cleanup for Next Mark
[2024-02-23T10:02:21.255+0000][4616][gc,marking  ] GC(330) Concurrent Cleanup for Next Mark 11.315ms
[2024-02-23T10:02:21.255+0000][4616][gc          ] GC(330) Concurrent Mark Cycle 1851.694ms
[2024-02-23T10:02:31.300+0000][4616][safepoint   ] Safepoint "Cleanup", Time since last: 10049999400 ns, Reaching safepoint: 140700 ns, At safepoint: 21400 ns, Total: 162100 ns
[2024-02-23T10:02:32.301+0000][4616][safepoint   ] Safepoint "Cleanup", Time since last: 1000163500 ns, Reaching safepoint: 122500 ns, At safepoint: 44000 ns, Total: 166500 ns
[2024-02-23T10:02:33.306+0000][4616][safepoint   ] Safepoint "Cleanup", Time since last: 1005464300 ns, Reaching safepoint: 80900 ns, At safepoint: 75100 ns, Total: 156000 ns
[2024-02-23T10:03:00.536+0000][4616][gc,start    ] GC(331) Pause Young (Prepare Mixed) (G1 Evacuation Pause)
[2024-02-23T10:03:00.536+0000][4616][gc,task     ] GC(331) Using 8 workers of 8 for evacuation
[2024-02-23T10:03:00.536+0000][4616][gc,age      ] GC(331) Desired survivor size 153092096 bytes, new threshold 15 (max threshold 15)
[2024-02-23T10:03:00.592+0000][4616][gc,phases   ] GC(331)   Pre Evacuate Collection Set: 0.4ms
[2024-02-23T10:03:00.592+0000][4616][gc,phases   ] GC(331)   Merge Heap Roots: 0.7ms
[2024-02-23T10:03:00.592+0000][4616][gc,phases   ] GC(331)   Evacuate Collection Set: 52.2ms
[2024-02-23T10:03:00.592+0000][4616][gc,phases   ] GC(331)   Post Evacuate Collection Set: 3.3ms
[2024-02-23T10:03:00.592+0000][4616][gc,phases   ] GC(331)   Other: 0.5ms
[2024-02-23T10:03:00.592+0000][4616][gc,age      ] GC(331) Age table with threshold 15 (max threshold 15)
[2024-02-23T10:03:00.592+0000][4616][gc,age      ] GC(331) - age   1:   76238464 bytes,   76238464 total
[2024-02-23T10:03:00.592+0000][4616][gc,age      ] GC(331) - age   2:   62959792 bytes,  139198256 total
[2024-02-23T10:03:00.592+0000][4616][gc,age      ] GC(331) - age   3:    2528776 bytes,  141727032 total
[2024-02-23T10:03:00.592+0000][4616][gc,heap     ] GC(331) Eden regions: 558->0(14)
[2024-02-23T10:03:00.592+0000][4616][gc,heap     ] GC(331) Survivor regions: 21->36(73)
[2024-02-23T10:03:00.592+0000][4616][gc,heap     ] GC(331) Old regions: 212->212
[2024-02-23T10:03:00.592+0000][4616][gc,heap     ] GC(331) Archive regions: 0->0
[2024-02-23T10:03:00.592+0000][4616][gc,heap     ] GC(331) Humongous regions: 6->6
[2024-02-23T10:03:00.592+0000][4616][gc,metaspace] GC(331) Metaspace: 131094K(137088K)->131094K(137088K) NonClass: 114150K(117824K)->114150K(117824K) Class: 16943K(19264K)->16943K(19264K)
[2024-02-23T10:03:00.592+0000][4616][gc          ] GC(331) Pause Young (Prepare Mixed) (G1 Evacuation Pause) 3184M->1012M(4040M) 58.453ms
[2024-02-23T10:03:00.592+0000][4616][gc,cpu      ] GC(331) User=0.39s Sys=0.00s Real=0.06s
[2024-02-23T10:03:00.592+0000][4616][safepoint   ] Safepoint "G1CollectForAllocation", Time since last: 27182505900 ns, Reaching safepoint: 47772800 ns, At safepoint: 58903400 ns, Total: 106676200 ns
[2024-02-23T10:03:01.213+0000][4616][gc,start    ] GC(332) Pause Young (Mixed) (G1 Evacuation Pause)
[2024-02-23T10:03:01.213+0000][4616][gc,task     ] GC(332) Using 8 workers of 8 for evacuation
[2024-02-23T10:03:01.213+0000][4616][gc,age      ] GC(332) Desired survivor size 14680064 bytes, new threshold 1 (max threshold 15)
[2024-02-23T10:03:01.268+0000][4616][gc,phases   ] GC(332)   Pre Evacuate Collection Set: 0.2ms
[2024-02-23T10:03:01.268+0000][4616][gc,phases   ] GC(332)   Merge Heap Roots: 0.3ms
[2024-02-23T10:03:01.268+0000][4616][gc,phases   ] GC(332)   Evacuate Collection Set: 54.0ms
[2024-02-23T10:03:01.268+0000][4616][gc,phases   ] GC(332)   Post Evacuate Collection Set: 0.9ms
[2024-02-23T10:03:01.268+0000][4616][gc,phases   ] GC(332)   Other: 0.2ms
[2024-02-23T10:03:01.268+0000][4616][gc,age      ] GC(332) Age table with threshold 1 (max threshold 15)
[2024-02-23T10:03:01.268+0000][4616][gc,age      ] GC(332) - age   1:    1280816 bytes,    1280816 total
[2024-02-23T10:03:01.268+0000][4616][gc,heap     ] GC(332) Eden regions: 14->0(579)
[2024-02-23T10:03:01.268+0000][4616][gc,heap     ] GC(332) Survivor regions: 36->3(7)
[2024-02-23T10:03:01.268+0000][4616][gc,heap     ] GC(332) Old regions: 212->206
[2024-02-23T10:03:01.268+0000][4616][gc,heap     ] GC(332) Archive regions: 0->0
[2024-02-23T10:03:01.268+0000][4616][gc,heap     ] GC(332) Humongous regions: 6->6
[2024-02-23T10:03:01.269+0000][4616][gc,metaspace] GC(332) Metaspace: 131094K(137088K)->131094K(137088K) NonClass: 114150K(117824K)->114150K(117824K) Class: 16943K(19264K)->16943K(19264K)
[2024-02-23T10:03:01.269+0000][4616][gc          ] GC(332) Pause Young (Mixed) (G1 Evacuation Pause) 1068M->856M(4040M) 56.220ms
[2024-02-23T10:03:01.269+0000][4616][gc,cpu      ] GC(332) User=0.30s Sys=0.00s Real=0.06s
[2024-02-23T10:03:01.271+0000][4616][safepoint   ] Safepoint "G1CollectForAllocation", Time since last: 581811200 ns, Reaching safepoint: 35861800 ns, At safepoint: 57405500 ns, Total: 93267300 ns
[2024-02-23T10:03:06.777+0000][4616][gc,start    ] GC(333) Pause Young (Concurrent Start) (G1 Humongous Allocation)
[2024-02-23T10:03:06.777+0000][4616][gc,task     ] GC(333) Using 8 workers of 8 for evacuation
[2024-02-23T10:03:06.777+0000][4616][gc,age      ] GC(333) Desired survivor size 153092096 bytes, new threshold 15 (max threshold 15)
[2024-02-23T10:03:06.789+0000][4616][gc,phases   ] GC(333)   Pre Evacuate Collection Set: 0.5ms
[2024-02-23T10:03:06.789+0000][4616][gc,phases   ] GC(333)   Merge Heap Roots: 0.2ms
[2024-02-23T10:03:06.789+0000][4616][gc,phases   ] GC(333)   Evacuate Collection Set: 8.9ms
[2024-02-23T10:03:06.789+0000][4616][gc,phases   ] GC(333)   Post Evacuate Collection Set: 1.3ms
[2024-02-23T10:03:06.789+0000][4616][gc,phases   ] GC(333)   Other: 0.2ms
[2024-02-23T10:03:06.789+0000][4616][gc,age      ] GC(333) Age table with threshold 15 (max threshold 15)
[2024-02-23T10:03:06.789+0000][4616][gc,age      ] GC(333) - age   1:   27566328 bytes,   27566328 total
[2024-02-23T10:03:06.789+0000][4616][gc,age      ] GC(333) - age   2:     469784 bytes,   28036112 total
[2024-02-23T10:03:06.789+0000][4616][gc,heap     ] GC(333) Eden regions: 152->0(576)
[2024-02-23T10:03:06.789+0000][4616][gc,heap     ] GC(333) Survivor regions: 3->8(73)
[2024-02-23T10:03:06.789+0000][4616][gc,heap     ] GC(333) Old regions: 206->206
[2024-02-23T10:03:06.789+0000][4616][gc,heap     ] GC(333) Archive regions: 0->0
[2024-02-23T10:03:06.789+0000][4616][gc,heap     ] GC(333) Humongous regions: 6->6
[2024-02-23T10:03:06.789+0000][4616][gc,metaspace] GC(333) Metaspace: 131094K(137088K)->131094K(137088K) NonClass: 114150K(117824K)->114150K(117824K) Class: 16943K(19264K)->16943K(19264K)
[2024-02-23T10:03:06.789+0000][4616][gc          ] GC(333) Pause Young (Concurrent Start) (G1 Humongous Allocation) 1463M->873M(4040M) 11.888ms
[2024-02-23T10:03:06.789+0000][4616][gc          ] GC(334) Concurrent Mark Cycle
[2024-02-23T10:03:06.789+0000][4616][gc,cpu      ] GC(333) User=0.00s Sys=0.02s Real=0.01s
[2024-02-23T10:03:06.789+0000][4616][gc,marking  ] GC(334) Concurrent Clear Claimed Marks
[2024-02-23T10:03:06.789+0000][4616][safepoint   ] Safepoint "G1TryInitiateConcMark", Time since last: 5507205800 ns, Reaching safepoint: 157900 ns, At safepoint: 12211800 ns, Total: 12369700 ns
[2024-02-23T10:03:06.790+0000][4616][gc,marking  ] GC(334) Concurrent Clear Claimed Marks 0.271ms
[2024-02-23T10:03:06.790+0000][4616][gc,marking  ] GC(334) Concurrent Scan Root Regions
[2024-02-23T10:03:06.793+0000][4616][gc,marking  ] GC(334) Concurrent Scan Root Regions 6.241ms
[2024-02-23T10:03:06.793+0000][4616][gc,marking  ] GC(334) Concurrent Mark
[2024-02-23T10:03:06.793+0000][4616][gc,marking  ] GC(334) Concurrent Mark From Roots
[2024-02-23T10:03:06.793+0000][4616][gc,task     ] GC(334) Using 2 workers of 2 for marking
[2024-02-23T10:03:07.085+0000][4616][gc,marking  ] GC(334) Concurrent Mark From Roots 288.349ms
[2024-02-23T10:03:07.085+0000][4616][gc,marking  ] GC(334) Concurrent Preclean
[2024-02-23T10:03:07.085+0000][4616][gc,marking  ] GC(334) Concurrent Preclean 1.221ms
[2024-02-23T10:03:07.087+0000][4616][gc,start    ] GC(334) Pause Remark
[2024-02-23T10:03:07.096+0000][4616][gc          ] GC(334) Pause Remark 917M->913M(4040M) 16.625ms
[2024-02-23T10:03:07.096+0000][4616][gc,cpu      ] GC(334) User=0.00s Sys=0.00s Real=0.01s
[2024-02-23T10:03:07.096+0000][4616][safepoint   ] Safepoint "G1Concurrent", Time since last: 296349800 ns, Reaching safepoint: 93200 ns, At safepoint: 16852200 ns, Total: 16945400 ns
[2024-02-23T10:03:07.096+0000][4616][gc,marking  ] GC(334) Concurrent Mark 306.832ms
[2024-02-23T10:03:07.096+0000][4616][gc,marking  ] GC(334) Concurrent Rebuild Remembered Sets
[2024-02-23T10:03:07.289+0000][4616][gc,marking  ] GC(334) Concurrent Rebuild Remembered Sets 189.829ms
[2024-02-23T10:03:07.289+0000][4616][gc,start    ] GC(334) Pause Cleanup
[2024-02-23T10:03:07.289+0000][4616][gc          ] GC(334) Pause Cleanup 927M->927M(4040M) 0.557ms
[2024-02-23T10:03:07.289+0000][4616][gc,cpu      ] GC(334) User=0.00s Sys=0.00s Real=0.00s
[2024-02-23T10:03:07.289+0000][4616][safepoint   ] Safepoint "G1Concurrent", Time since last: 190076400 ns, Reaching safepoint: 115400 ns, At safepoint: 697900 ns, Total: 813300 ns
[2024-02-23T10:03:07.289+0000][4616][gc,marking  ] GC(334) Concurrent Cleanup for Next Mark
[2024-02-23T10:03:07.296+0000][4616][gc,marking  ] GC(334) Concurrent Cleanup for Next Mark 9.425ms
[2024-02-23T10:03:07.296+0000][4616][gc          ] GC(334) Concurrent Mark Cycle 513.963ms
[2024-02-23T10:03:10.307+0000][4616][safepoint   ] Safepoint "Cleanup", Time since last: 3012684200 ns, Reaching safepoint: 147300 ns, At safepoint: 35100 ns, Total: 182400 ns
[2024-02-23T10:03:35.465+0000][4616][gc,start    ] GC(335) Pause Young (Prepare Mixed) (G1 Evacuation Pause)
[2024-02-23T10:03:35.465+0000][4616][gc,task     ] GC(335) Using 8 workers of 8 for evacuation
[2024-02-23T10:03:35.465+0000][4616][gc,age      ] GC(335) Desired survivor size 153092096 bytes, new threshold 15 (max threshold 15)
[2024-02-23T10:03:35.494+0000][4616][gc,phases   ] GC(335)   Pre Evacuate Collection Set: 0.2ms
[2024-02-23T10:03:35.494+0000][4616][gc,phases   ] GC(335)   Merge Heap Roots: 0.3ms
[2024-02-23T10:03:35.494+0000][4616][gc,phases   ] GC(335)   Evacuate Collection Set: 21.7ms
[2024-02-23T10:03:35.494+0000][4616][gc,phases   ] GC(335)   Post Evacuate Collection Set: 1.5ms
[2024-02-23T10:03:35.494+0000][4616][gc,phases   ] GC(335)   Other: 0.3ms
[2024-02-23T10:03:35.494+0000][4616][gc,age      ] GC(335) Age table with threshold 15 (max threshold 15)
[2024-02-23T10:03:35.494+0000][4616][gc,age      ] GC(335) - age   1:   81665944 bytes,   81665944 total
[2024-02-23T10:03:35.495+0000][4616][gc,age      ] GC(335) - age   2:   21435672 bytes,  103101616 total
[2024-02-23T10:03:35.495+0000][4616][gc,age      ] GC(335) - age   3:     275408 bytes,  103377024 total
[2024-02-23T10:03:35.495+0000][4616][gc,heap     ] GC(335) Eden regions: 576->0(24)
[2024-02-23T10:03:35.495+0000][4616][gc,heap     ] GC(335) Survivor regions: 8->26(73)
[2024-02-23T10:03:35.495+0000][4616][gc,heap     ] GC(335) Old regions: 206->206
[2024-02-23T10:03:35.495+0000][4616][gc,heap     ] GC(335) Archive regions: 0->0
[2024-02-23T10:03:35.495+0000][4616][gc,heap     ] GC(335) Humongous regions: 6->6
[2024-02-23T10:03:35.495+0000][4616][gc,metaspace] GC(335) Metaspace: 131096K(137088K)->131096K(137088K) NonClass: 114152K(117824K)->114152K(117824K) Class: 16943K(19264K)->16943K(19264K)
[2024-02-23T10:03:35.495+0000][4616][gc          ] GC(335) Pause Young (Prepare Mixed) (G1 Evacuation Pause) 3177M->947M(4040M) 24.666ms
[2024-02-23T10:03:35.495+0000][4616][gc,cpu      ] GC(335) User=0.19s Sys=0.03s Real=0.03s
[2024-02-23T10:03:35.495+0000][4616][safepoint   ] Safepoint "G1CollectForAllocation", Time since last: 25162836400 ns, Reaching safepoint: 110200 ns, At safepoint: 24900800 ns, Total: 25011000 ns
[2024-02-23T10:03:36.040+0000][4616][gc,start    ] GC(336) Pause Young (Mixed) (G1 Evacuation Pause)
[2024-02-23T10:03:36.040+0000][4616][gc,task     ] GC(336) Using 8 workers of 8 for evacuation
[2024-02-23T10:03:36.040+0000][4616][gc,age      ] GC(336) Desired survivor size 14680064 bytes, new threshold 1 (max threshold 15)
[2024-02-23T10:03:36.089+0000][4616][gc,phases   ] GC(336)   Pre Evacuate Collection Set: 0.2ms
[2024-02-23T10:03:36.089+0000][4616][gc,phases   ] GC(336)   Merge Heap Roots: 0.4ms
[2024-02-23T10:03:36.089+0000][4616][gc,phases   ] GC(336)   Evacuate Collection Set: 39.2ms
[2024-02-23T10:03:36.089+0000][4616][gc,phases   ] GC(336)   Post Evacuate Collection Set: 1.3ms
[2024-02-23T10:03:36.089+0000][4616][gc,phases   ] GC(336)   Other: 0.3ms
[2024-02-23T10:03:36.089+0000][4616][gc,age      ] GC(336) Age table with threshold 1 (max threshold 15)
[2024-02-23T10:03:36.089+0000][4616][gc,age      ] GC(336) - age   1:    5062296 bytes,    5062296 total
[2024-02-23T10:03:36.089+0000][4616][gc,heap     ] GC(336) Eden regions: 24->0(576)
[2024-02-23T10:03:36.089+0000][4616][gc,heap     ] GC(336) Survivor regions: 26->3(7)
[2024-02-23T10:03:36.089+0000][4616][gc,heap     ] GC(336) Old regions: 206->210
[2024-02-23T10:03:36.089+0000][4616][gc,heap     ] GC(336) Archive regions: 0->0
[2024-02-23T10:03:36.089+0000][4616][gc,heap     ] GC(336) Humongous regions: 6->6
[2024-02-23T10:03:36.089+0000][4616][gc,metaspace] GC(336) Metaspace: 131096K(137088K)->131096K(137088K) NonClass: 114152K(117824K)->114152K(117824K) Class: 16943K(19264K)->16943K(19264K)
[2024-02-23T10:03:36.089+0000][4616][gc          ] GC(336) Pause Young (Mixed) (G1 Evacuation Pause) 1043M->870M(4040M) 42.113ms
[2024-02-23T10:03:36.089+0000][4616][gc,cpu      ] GC(336) User=0.27s Sys=0.03s Real=0.05s
[2024-02-23T10:03:36.089+0000][4616][safepoint   ] Safepoint "G1CollectForAllocation", Time since last: 557556000 ns, Reaching safepoint: 121200 ns, At safepoint: 42604300 ns, Total: 42725500 ns
[2024-02-23T10:03:38.100+0000][4616][safepoint   ] Safepoint "Cleanup", Time since last: 2004243100 ns, Reaching safepoint: 127300 ns, At safepoint: 298100 ns, Total: 425400 ns
[2024-02-23T10:03:39.796+0000][4616][gc,start    ] GC(337) Pause Young (Concurrent Start) (G1 Humongous Allocation)
[2024-02-23T10:03:39.796+0000][4616][gc,task     ] GC(337) Using 8 workers of 8 for evacuation
[2024-02-23T10:03:39.796+0000][4616][gc,age      ] GC(337) Desired survivor size 153092096 bytes, new threshold 15 (max threshold 15)
[2024-02-23T10:03:39.802+0000][4616][gc,phases   ] GC(337)   Pre Evacuate Collection Set: 0.3ms
[2024-02-23T10:03:39.803+0000][4616][gc,phases   ] GC(337)   Merge Heap Roots: 0.1ms
[2024-02-23T10:03:39.803+0000][4616][gc,phases   ] GC(337)   Evacuate Collection Set: 6.0ms
[2024-02-23T10:03:39.803+0000][4616][gc,phases   ] GC(337)   Post Evacuate Collection Set: 0.8ms
[2024-02-23T10:03:39.803+0000][4616][gc,phases   ] GC(337)   Other: 0.1ms
[2024-02-23T10:03:39.803+0000][4616][gc,age      ] GC(337) Age table with threshold 15 (max threshold 15)
[2024-02-23T10:03:39.803+0000][4616][gc,age      ] GC(337) - age   1:   19606744 bytes,   19606744 total
[2024-02-23T10:03:39.803+0000][4616][gc,age      ] GC(337) - age   2:    4382232 bytes,   23988976 total
[2024-02-23T10:03:39.803+0000][4616][gc,heap     ] GC(337) Eden regions: 118->0(578)
[2024-02-23T10:03:39.803+0000][4616][gc,heap     ] GC(337) Survivor regions: 3->7(73)
[2024-02-23T10:03:39.803+0000][4616][gc,heap     ] GC(337) Old regions: 210->210
[2024-02-23T10:03:39.803+0000][4616][gc,heap     ] GC(337) Archive regions: 0->0
[2024-02-23T10:03:39.803+0000][4616][gc,heap     ] GC(337) Humongous regions: 6->6
[2024-02-23T10:03:39.803+0000][4616][gc,metaspace] GC(337) Metaspace: 131103K(137088K)->131103K(137088K) NonClass: 114160K(117824K)->114160K(117824K) Class: 16943K(19264K)->16943K(19264K)
[2024-02-23T10:03:39.803+0000][4616][gc          ] GC(337) Pause Young (Concurrent Start) (G1 Humongous Allocation) 1341M->886M(4040M) 7.747ms
[2024-02-23T10:03:39.803+0000][4616][gc          ] GC(338) Concurrent Mark Cycle
[2024-02-23T10:03:39.803+0000][4616][gc,cpu      ] GC(337) User=0.00s Sys=0.00s Real=0.01s
[2024-02-23T10:03:39.803+0000][4616][gc,marking  ] GC(338) Concurrent Clear Claimed Marks
[2024-02-23T10:03:39.803+0000][4616][safepoint   ] Safepoint "G1TryInitiateConcMark", Time since last: 1695885500 ns, Reaching safepoint: 48200 ns, At safepoint: 7951200 ns, Total: 7999400 ns
[2024-02-23T10:03:39.803+0000][4616][gc,marking  ] GC(338) Concurrent Clear Claimed Marks 0.195ms
[2024-02-23T10:03:39.803+0000][4616][gc,marking  ] GC(338) Concurrent Scan Root Regions
[2024-02-23T10:03:39.803+0000][4616][gc,marking  ] GC(338) Concurrent Scan Root Regions 2.413ms
[2024-02-23T10:03:39.803+0000][4616][gc,marking  ] GC(338) Concurrent Mark
[2024-02-23T10:03:39.803+0000][4616][gc,marking  ] GC(338) Concurrent Mark From Roots
[2024-02-23T10:03:39.803+0000][4616][gc,task     ] GC(338) Using 2 workers of 2 for marking
[2024-02-23T10:03:40.058+0000][4616][gc,marking  ] GC(338) Concurrent Mark From Roots 253.296ms
[2024-02-23T10:03:40.058+0000][4616][gc,marking  ] GC(338) Concurrent Preclean
[2024-02-23T10:03:40.058+0000][4616][gc,marking  ] GC(338) Concurrent Preclean 0.892ms
[2024-02-23T10:03:40.058+0000][4616][gc,start    ] GC(338) Pause Remark
[2024-02-23T10:03:40.074+0000][4616][gc          ] GC(338) Pause Remark 899M->895M(4040M) 13.463ms
[2024-02-23T10:03:40.074+0000][4616][gc,cpu      ] GC(338) User=0.11s Sys=0.02s Real=0.02s
[2024-02-23T10:03:40.074+0000][4616][safepoint   ] Safepoint "G1Concurrent", Time since last: 256930600 ns, Reaching safepoint: 96100 ns, At safepoint: 13613100 ns, Total: 13709200 ns
[2024-02-23T10:03:40.074+0000][4616][gc,marking  ] GC(338) Concurrent Mark 268.113ms
[2024-02-23T10:03:40.074+0000][4616][gc,marking  ] GC(338) Concurrent Rebuild Remembered Sets
[2024-02-23T10:03:40.238+0000][4616][gc,marking  ] GC(338) Concurrent Rebuild Remembered Sets 163.299ms
[2024-02-23T10:03:40.238+0000][4616][gc,start    ] GC(338) Pause Cleanup
[2024-02-23T10:03:40.239+0000][4616][gc          ] GC(338) Pause Cleanup 895M->895M(4040M) 0.590ms
[2024-02-23T10:03:40.239+0000][4616][gc,cpu      ] GC(338) User=0.00s Sys=0.00s Real=0.00s
[2024-02-23T10:03:40.239+0000][4616][safepoint   ] Safepoint "G1Concurrent", Time since last: 163526800 ns, Reaching safepoint: 95200 ns, At safepoint: 731300 ns, Total: 826500 ns
[2024-02-23T10:03:40.239+0000][4616][gc,marking  ] GC(338) Concurrent Cleanup for Next Mark
[2024-02-23T10:03:40.242+0000][4616][gc,marking  ] GC(338) Concurrent Cleanup for Next Mark 8.853ms
[2024-02-23T10:03:40.242+0000][4616][gc          ] GC(338) Concurrent Mark Cycle 444.132ms
[2024-02-23T10:04:16.556+0000][4616][gc,start    ] GC(339) Pause Young (Prepare Mixed) (G1 Evacuation Pause)
[2024-02-23T10:04:16.556+0000][4616][gc,task     ] GC(339) Using 8 workers of 8 for evacuation
[2024-02-23T10:04:16.556+0000][4616][gc,age      ] GC(339) Desired survivor size 155189248 bytes, new threshold 15 (max threshold 15)
[2024-02-23T10:04:16.597+0000][4616][gc,phases   ] GC(339)   Pre Evacuate Collection Set: 0.4ms
[2024-02-23T10:04:16.597+0000][4616][gc,phases   ] GC(339)   Merge Heap Roots: 0.6ms
[2024-02-23T10:04:16.597+0000][4616][gc,phases   ] GC(339)   Evacuate Collection Set: 28.9ms
[2024-02-23T10:04:16.597+0000][4616][gc,phases   ] GC(339)   Post Evacuate Collection Set: 2.6ms
[2024-02-23T10:04:16.597+0000][4616][gc,phases   ] GC(339)   Other: 0.6ms
[2024-02-23T10:04:16.597+0000][4616][gc,age      ] GC(339) Age table with threshold 15 (max threshold 15)
[2024-02-23T10:04:16.597+0000][4616][gc,age      ] GC(339) - age   1:   80984752 bytes,   80984752 total
[2024-02-23T10:04:16.597+0000][4616][gc,age      ] GC(339) - age   2:   12357416 bytes,   93342168 total
[2024-02-23T10:04:16.597+0000][4616][gc,age      ] GC(339) - age   3:    4163424 bytes,   97505592 total
[2024-02-23T10:04:16.597+0000][4616][gc,heap     ] GC(339) Eden regions: 578->0(25)
[2024-02-23T10:04:16.597+0000][4616][gc,heap     ] GC(339) Survivor regions: 7->25(74)
[2024-02-23T10:04:16.597+0000][4616][gc,heap     ] GC(339) Old regions: 210->210
[2024-02-23T10:04:16.597+0000][4616][gc,heap     ] GC(339) Archive regions: 0->0
[2024-02-23T10:04:16.597+0000][4616][gc,heap     ] GC(339) Humongous regions: 6->6
[2024-02-23T10:04:16.597+0000][4616][gc,metaspace] GC(339) Metaspace: 131105K(137088K)->131105K(137088K) NonClass: 114162K(117824K)->114162K(117824K) Class: 16943K(19264K)->16943K(19264K)
[2024-02-23T10:04:16.597+0000][4616][gc          ] GC(339) Pause Young (Prepare Mixed) (G1 Evacuation Pause) 3198M->957M(4040M) 34.463ms
[2024-02-23T10:04:16.597+0000][4616][gc,cpu      ] GC(339) User=0.25s Sys=0.00s Real=0.04s
[2024-02-23T10:04:16.597+0000][4616][safepoint   ] Safepoint "G1CollectForAllocation", Time since last: 36326736700 ns, Reaching safepoint: 176300 ns, At safepoint: 35045000 ns, Total: 35221300 ns
[2024-02-23T10:04:17.227+0000][4616][gc,start    ] GC(340) Pause Young (Mixed) (G1 Evacuation Pause)
[2024-02-23T10:04:17.227+0000][4616][gc,task     ] GC(340) Using 8 workers of 8 for evacuation
[2024-02-23T10:04:17.227+0000][4616][gc,age      ] GC(340) Desired survivor size 14680064 bytes, new threshold 1 (max threshold 15)
[2024-02-23T10:04:17.268+0000][4616][gc,phases   ] GC(340)   Pre Evacuate Collection Set: 0.2ms
[2024-02-23T10:04:17.268+0000][4616][gc,phases   ] GC(340)   Merge Heap Roots: 0.2ms
[2024-02-23T10:04:17.268+0000][4616][gc,phases   ] GC(340)   Evacuate Collection Set: 38.8ms
[2024-02-23T10:04:17.268+0000][4616][gc,phases   ] GC(340)   Post Evacuate Collection Set: 1.0ms
[2024-02-23T10:04:17.268+0000][4616][gc,phases   ] GC(340)   Other: 0.2ms
[2024-02-23T10:04:17.268+0000][4616][gc,age      ] GC(340) Age table with threshold 1 (max threshold 15)
[2024-02-23T10:04:17.268+0000][4616][gc,age      ] GC(340) - age   1:    5975000 bytes,    5975000 total
[2024-02-23T10:04:17.268+0000][4616][gc,heap     ] GC(340) Eden regions: 25->0(578)
[2024-02-23T10:04:17.268+0000][4616][gc,heap     ] GC(340) Survivor regions: 25->3(7)
[2024-02-23T10:04:17.268+0000][4616][gc,heap     ] GC(340) Old regions: 210->210
[2024-02-23T10:04:17.268+0000][4616][gc,heap     ] GC(340) Archive regions: 0->0
[2024-02-23T10:04:17.268+0000][4616][gc,heap     ] GC(340) Humongous regions: 6->6
[2024-02-23T10:04:17.268+0000][4616][gc,metaspace] GC(340) Metaspace: 131105K(137088K)->131105K(137088K) NonClass: 114162K(117824K)->114162K(117824K) Class: 16943K(19264K)->16943K(19264K)
[2024-02-23T10:04:17.268+0000][4616][gc          ] GC(340) Pause Young (Mixed) (G1 Evacuation Pause) 1057M->870M(4040M) 40.920ms
[2024-02-23T10:04:17.268+0000][4616][gc,cpu      ] GC(340) User=0.17s Sys=0.03s Real=0.04s
[2024-02-23T10:04:17.269+0000][4616][safepoint   ] Safepoint "G1CollectForAllocation", Time since last: 626544900 ns, Reaching safepoint: 94100 ns, At safepoint: 41374600 ns, Total: 41468700 ns
[2024-02-23T10:04:21.960+0000][4616][gc,start    ] GC(341) Pause Young (Concurrent Start) (G1 Humongous Allocation)
[2024-02-23T10:04:21.960+0000][4616][gc,task     ] GC(341) Using 8 workers of 8 for evacuation
[2024-02-23T10:04:21.960+0000][4616][gc,age      ] GC(341) Desired survivor size 153092096 bytes, new threshold 15 (max threshold 15)
[2024-02-23T10:04:21.973+0000][4616][gc,phases   ] GC(341)   Pre Evacuate Collection Set: 0.7ms
[2024-02-23T10:04:21.974+0000][4616][gc,phases   ] GC(341)   Merge Heap Roots: 0.2ms
[2024-02-23T10:04:21.974+0000][4616][gc,phases   ] GC(341)   Evacuate Collection Set: 10.1ms
[2024-02-23T10:04:21.974+0000][4616][gc,phases   ] GC(341)   Post Evacuate Collection Set: 1.1ms
[2024-02-23T10:04:21.974+0000][4616][gc,phases   ] GC(341)   Other: 0.2ms
[2024-02-23T10:04:21.974+0000][4616][gc,age      ] GC(341) Age table with threshold 15 (max threshold 15)
[2024-02-23T10:04:21.974+0000][4616][gc,age      ] GC(341) - age   1:   24397168 bytes,   24397168 total
[2024-02-23T10:04:21.974+0000][4616][gc,age      ] GC(341) - age   2:    5347648 bytes,   29744816 total
[2024-02-23T10:04:21.974+0000][4616][gc,heap     ] GC(341) Eden regions: 141->0(577)
[2024-02-23T10:04:21.974+0000][4616][gc,heap     ] GC(341) Survivor regions: 3->8(73)
[2024-02-23T10:04:21.974+0000][4616][gc,heap     ] GC(341) Old regions: 210->210
[2024-02-23T10:04:21.974+0000][4616][gc,heap     ] GC(341) Archive regions: 0->0
[2024-02-23T10:04:21.974+0000][4616][gc,heap     ] GC(341) Humongous regions: 6->6
[2024-02-23T10:04:21.974+0000][4616][gc,metaspace] GC(341) Metaspace: 131105K(137088K)->131105K(137088K) NonClass: 114162K(117824K)->114162K(117824K) Class: 16943K(19264K)->16943K(19264K)
[2024-02-23T10:04:21.974+0000][4616][gc          ] GC(341) Pause Young (Concurrent Start) (G1 Humongous Allocation) 1433M->891M(4040M) 13.190ms
[2024-02-23T10:04:21.974+0000][4616][gc,cpu      ] GC(341) User=0.00s Sys=0.02s Real=0.01s
[2024-02-23T10:04:21.974+0000][4616][gc          ] GC(342) Concurrent Mark Cycle
[2024-02-23T10:04:21.974+0000][4616][gc,marking  ] GC(342) Concurrent Clear Claimed Marks
[2024-02-23T10:04:21.974+0000][4616][safepoint   ] Safepoint "G1TryInitiateConcMark", Time since last: 4691856100 ns, Reaching safepoint: 143400 ns, At safepoint: 13517500 ns, Total: 13660900 ns
[2024-02-23T10:04:21.975+0000][4616][gc,marking  ] GC(342) Concurrent Clear Claimed Marks 0.197ms
[2024-02-23T10:04:21.975+0000][4616][gc,marking  ] GC(342) Concurrent Scan Root Regions
[2024-02-23T10:04:21.981+0000][4616][gc,marking  ] GC(342) Concurrent Scan Root Regions 6.055ms
[2024-02-23T10:04:21.981+0000][4616][gc,marking  ] GC(342) Concurrent Mark
[2024-02-23T10:04:21.981+0000][4616][gc,marking  ] GC(342) Concurrent Mark From Roots
[2024-02-23T10:04:21.981+0000][4616][gc,task     ] GC(342) Using 2 workers of 2 for marking
[2024-02-23T10:04:22.350+0000][4616][gc,marking  ] GC(342) Concurrent Mark From Roots 370.635ms
[2024-02-23T10:04:22.350+0000][4616][gc,marking  ] GC(342) Concurrent Preclean
[2024-02-23T10:04:22.350+0000][4616][gc,marking  ] GC(342) Concurrent Preclean 0.965ms
[2024-02-23T10:04:22.350+0000][4616][gc,start    ] GC(342) Pause Remark
[2024-02-23T10:04:22.370+0000][4616][gc          ] GC(342) Pause Remark 947M->943M(4040M) 17.852ms
[2024-02-23T10:04:22.370+0000][4616][gc,cpu      ] GC(342) User=0.12s Sys=0.00s Real=0.02s
[2024-02-23T10:04:22.370+0000][4616][safepoint   ] Safepoint "G1Concurrent", Time since last: 378178400 ns, Reaching safepoint: 105700 ns, At safepoint: 18122300 ns, Total: 18228000 ns
[2024-02-23T10:04:22.370+0000][4616][gc,marking  ] GC(342) Concurrent Mark 390.079ms
[2024-02-23T10:04:22.370+0000][4616][gc,marking  ] GC(342) Concurrent Rebuild Remembered Sets
[2024-02-23T10:04:22.577+0000][4616][gc,marking  ] GC(342) Concurrent Rebuild Remembered Sets 206.001ms
[2024-02-23T10:04:22.577+0000][4616][gc,start    ] GC(342) Pause Cleanup
[2024-02-23T10:04:22.577+0000][4616][gc          ] GC(342) Pause Cleanup 975M->975M(4040M) 0.416ms
[2024-02-23T10:04:22.577+0000][4616][gc,cpu      ] GC(342) User=0.00s Sys=0.00s Real=0.00s
[2024-02-23T10:04:22.577+0000][4616][safepoint   ] Safepoint "G1Concurrent", Time since last: 206224900 ns, Reaching safepoint: 42100 ns, At safepoint: 528500 ns, Total: 570600 ns
[2024-02-23T10:04:22.577+0000][4616][gc,marking  ] GC(342) Concurrent Cleanup for Next Mark
[2024-02-23T10:04:22.586+0000][4616][gc,marking  ] GC(342) Concurrent Cleanup for Next Mark 9.462ms
[2024-02-23T10:04:22.586+0000][4616][gc          ] GC(342) Concurrent Mark Cycle 612.937ms
[2024-02-23T10:04:59.769+0000][4616][gc,start    ] GC(343) Pause Young (Prepare Mixed) (G1 Evacuation Pause)
[2024-02-23T10:04:59.769+0000][4616][gc,task     ] GC(343) Using 8 workers of 8 for evacuation
[2024-02-23T10:04:59.769+0000][4616][gc,age      ] GC(343) Desired survivor size 155189248 bytes, new threshold 15 (max threshold 15)
[2024-02-23T10:04:59.798+0000][4616][gc,phases   ] GC(343)   Pre Evacuate Collection Set: 0.2ms
[2024-02-23T10:04:59.798+0000][4616][gc,phases   ] GC(343)   Merge Heap Roots: 0.2ms
[2024-02-23T10:04:59.798+0000][4616][gc,phases   ] GC(343)   Evacuate Collection Set: 26.2ms
[2024-02-23T10:04:59.798+0000][4616][gc,phases   ] GC(343)   Post Evacuate Collection Set: 1.4ms
[2024-02-23T10:04:59.798+0000][4616][gc,phases   ] GC(343)   Other: 0.3ms
[2024-02-23T10:04:59.798+0000][4616][gc,age      ] GC(343) Age table with threshold 15 (max threshold 15)
[2024-02-23T10:04:59.798+0000][4616][gc,age      ] GC(343) - age   1:   85845408 bytes,   85845408 total
[2024-02-23T10:04:59.798+0000][4616][gc,age      ] GC(343) - age   2:   19750728 bytes,  105596136 total
[2024-02-23T10:04:59.798+0000][4616][gc,age      ] GC(343) - age   3:    3819648 bytes,  109415784 total
[2024-02-23T10:04:59.798+0000][4616][gc,heap     ] GC(343) Eden regions: 577->0(22)
[2024-02-23T10:04:59.798+0000][4616][gc,heap     ] GC(343) Survivor regions: 8->28(74)
[2024-02-23T10:04:59.798+0000][4616][gc,heap     ] GC(343) Old regions: 210->210
[2024-02-23T10:04:59.798+0000][4616][gc,heap     ] GC(343) Archive regions: 0->0
[2024-02-23T10:04:59.798+0000][4616][gc,heap     ] GC(343) Humongous regions: 7->7
[2024-02-23T10:04:59.798+0000][4616][gc,metaspace] GC(343) Metaspace: 131105K(137088K)->131105K(137088K) NonClass: 114162K(117824K)->114162K(117824K) Class: 16943K(19264K)->16943K(19264K)
[2024-02-23T10:04:59.798+0000][4616][gc          ] GC(343) Pause Young (Prepare Mixed) (G1 Evacuation Pause) 3203M->975M(4040M) 28.981ms
[2024-02-23T10:04:59.798+0000][4616][gc,cpu      ] GC(343) User=0.12s Sys=0.02s Real=0.03s
[2024-02-23T10:04:59.799+0000][4616][safepoint   ] Safepoint "G1CollectForAllocation", Time since last: 37155040500 ns, Reaching safepoint: 36793600 ns, At safepoint: 29730500 ns, Total: 66524100 ns
[2024-02-23T10:05:01.269+0000][4616][gc,start    ] GC(344) Pause Young (Mixed) (G1 Evacuation Pause)
[2024-02-23T10:05:01.269+0000][4616][gc,task     ] GC(344) Using 8 workers of 8 for evacuation
[2024-02-23T10:05:01.269+0000][4616][gc,age      ] GC(344) Desired survivor size 14680064 bytes, new threshold 1 (max threshold 15)
[2024-02-23T10:05:01.432+0000][4616][gc,phases   ] GC(344)   Pre Evacuate Collection Set: 0.2ms
[2024-02-23T10:05:01.432+0000][4616][gc,phases   ] GC(344)   Merge Heap Roots: 0.2ms
[2024-02-23T10:05:01.432+0000][4616][gc,phases   ] GC(344)   Evacuate Collection Set: 158.8ms
[2024-02-23T10:05:01.432+0000][4616][gc,phases   ] GC(344)   Post Evacuate Collection Set: 3.2ms
[2024-02-23T10:05:01.432+0000][4616][gc,phases   ] GC(344)   Other: 0.2ms
[2024-02-23T10:05:01.432+0000][4616][gc,age      ] GC(344) Age table with threshold 1 (max threshold 15)
[2024-02-23T10:05:01.432+0000][4616][gc,age      ] GC(344) - age   1:    4397240 bytes,    4397240 total
[2024-02-23T10:05:01.432+0000][4616][gc,heap     ] GC(344) Eden regions: 22->0(574)
[2024-02-23T10:05:01.432+0000][4616][gc,heap     ] GC(344) Survivor regions: 28->3(7)
[2024-02-23T10:05:01.432+0000][4616][gc,heap     ] GC(344) Old regions: 210->212
[2024-02-23T10:05:01.432+0000][4616][gc,heap     ] GC(344) Archive regions: 0->0
[2024-02-23T10:05:01.432+0000][4616][gc,heap     ] GC(344) Humongous regions: 7->7
[2024-02-23T10:05:01.432+0000][4616][gc,metaspace] GC(344) Metaspace: 131105K(137088K)->131105K(137088K) NonClass: 114162K(117824K)->114162K(117824K) Class: 16943K(19264K)->16943K(19264K)
[2024-02-23T10:05:01.432+0000][4616][gc          ] GC(344) Pause Young (Mixed) (G1 Evacuation Pause) 1063M->885M(4040M) 162.999ms
[2024-02-23T10:05:01.432+0000][4616][gc,cpu      ] GC(344) User=0.14s Sys=0.81s Real=0.16s
[2024-02-23T10:05:01.433+0000][4616][safepoint   ] Safepoint "G1CollectForAllocation", Time since last: 1469959300 ns, Reaching safepoint: 66100 ns, At safepoint: 164366700 ns, Total: 164432800 ns
[2024-02-23T10:05:11.485+0000][4616][safepoint   ] Safepoint "Cleanup", Time since last: 10051972500 ns, Reaching safepoint: 96400 ns, At safepoint: 55500 ns, Total: 151900 ns
[2024-02-23T10:05:27.822+0000][4616][gc,start    ] GC(345) Pause Young (Concurrent Start) (G1 Evacuation Pause)
[2024-02-23T10:05:27.822+0000][4616][gc,task     ] GC(345) Using 8 workers of 8 for evacuation
[2024-02-23T10:05:27.822+0000][4616][gc,age      ] GC(345) Desired survivor size 153092096 bytes, new threshold 15 (max threshold 15)
[2024-02-23T10:05:27.851+0000][4616][gc,phases   ] GC(345)   Pre Evacuate Collection Set: 0.9ms
[2024-02-23T10:05:27.851+0000][4616][gc,phases   ] GC(345)   Merge Heap Roots: 0.4ms
[2024-02-23T10:05:27.851+0000][4616][gc,phases   ] GC(345)   Evacuate Collection Set: 25.6ms
[2024-02-23T10:05:27.851+0000][4616][gc,phases   ] GC(345)   Post Evacuate Collection Set: 1.9ms
[2024-02-23T10:05:27.851+0000][4616][gc,phases   ] GC(345)   Other: 0.6ms
[2024-02-23T10:05:27.851+0000][4616][gc,age      ] GC(345) Age table with threshold 15 (max threshold 15)
[2024-02-23T10:05:27.851+0000][4616][gc,age      ] GC(345) - age   1:   87602216 bytes,   87602216 total
[2024-02-23T10:05:27.851+0000][4616][gc,age      ] GC(345) - age   2:     592440 bytes,   88194656 total
[2024-02-23T10:05:27.851+0000][4616][gc,heap     ] GC(345) Eden regions: 574->0(554)
[2024-02-23T10:05:27.851+0000][4616][gc,heap     ] GC(345) Survivor regions: 3->22(73)
[2024-02-23T10:05:27.851+0000][4616][gc,heap     ] GC(345) Old regions: 212->212
[2024-02-23T10:05:27.851+0000][4616][gc,heap     ] GC(345) Archive regions: 0->0
[2024-02-23T10:05:27.851+0000][4616][gc,heap     ] GC(345) Humongous regions: 7->7
[2024-02-23T10:05:27.851+0000][4616][gc,metaspace] GC(345) Metaspace: 131156K(137088K)->131156K(137088K) NonClass: 114202K(117824K)->114202K(117824K) Class: 16953K(19264K)->16953K(19264K)
[2024-02-23T10:05:27.851+0000][4616][gc          ] GC(345) Pause Young (Concurrent Start) (G1 Evacuation Pause) 3181M->962M(4040M) 30.228ms
[2024-02-23T10:05:27.851+0000][4616][gc,cpu      ] GC(345) User=0.14s Sys=0.00s Real=0.04s
[2024-02-23T10:05:27.851+0000][4616][gc          ] GC(346) Concurrent Mark Cycle
[2024-02-23T10:05:27.851+0000][4616][gc,marking  ] GC(346) Concurrent Clear Claimed Marks
[2024-02-23T10:05:27.851+0000][4616][safepoint   ] Safepoint "G1CollectForAllocation", Time since last: 16335537200 ns, Reaching safepoint: 197500 ns, At safepoint: 30594400 ns, Total: 30791900 ns
[2024-02-23T10:05:27.851+0000][4616][gc,marking  ] GC(346) Concurrent Clear Claimed Marks 0.218ms
[2024-02-23T10:05:27.851+0000][4616][gc,marking  ] GC(346) Concurrent Scan Root Regions
[2024-02-23T10:05:27.862+0000][4616][gc,marking  ] GC(346) Concurrent Scan Root Regions 14.705ms
[2024-02-23T10:05:27.862+0000][4616][gc,marking  ] GC(346) Concurrent Mark
[2024-02-23T10:05:27.862+0000][4616][gc,marking  ] GC(346) Concurrent Mark From Roots
[2024-02-23T10:05:27.862+0000][4616][gc,task     ] GC(346) Using 2 workers of 2 for marking
[2024-02-23T10:05:28.145+0000][4616][gc,marking  ] GC(346) Concurrent Mark From Roots 277.773ms
[2024-02-23T10:05:28.145+0000][4616][gc,marking  ] GC(346) Concurrent Preclean
[2024-02-23T10:05:28.146+0000][4616][gc,marking  ] GC(346) Concurrent Preclean 1.352ms
[2024-02-23T10:05:28.146+0000][4616][gc,start    ] GC(346) Pause Remark
[2024-02-23T10:05:28.832+0000][4616][gc,mmu      ] GC(346) MMU target violated: 201.0ms (200.0ms/201.0ms)
[2024-02-23T10:05:28.832+0000][4616][gc          ] GC(346) Pause Remark 994M->986M(4040M) 686.295ms
[2024-02-23T10:05:28.832+0000][4616][gc,cpu      ] GC(346) User=0.12s Sys=0.31s Real=0.69s
[2024-02-23T10:05:28.832+0000][4616][safepoint   ] Safepoint "G1Concurrent", Time since last: 294289700 ns, Reaching safepoint: 218800 ns, At safepoint: 686902700 ns, Total: 687121500 ns
[2024-02-23T10:05:28.832+0000][4616][gc,marking  ] GC(346) Concurrent Mark 966.566ms
[2024-02-23T10:05:28.832+0000][4616][gc,marking  ] GC(346) Concurrent Rebuild Remembered Sets
[2024-02-23T10:05:29.292+0000][4616][gc,marking  ] GC(346) Concurrent Rebuild Remembered Sets 458.036ms
[2024-02-23T10:05:29.292+0000][4616][gc,start    ] GC(346) Pause Cleanup
[2024-02-23T10:05:29.292+0000][4616][gc          ] GC(346) Pause Cleanup 1050M->1050M(4040M) 0.639ms
[2024-02-23T10:05:29.292+0000][4616][gc,cpu      ] GC(346) User=0.00s Sys=0.00s Real=0.00s
[2024-02-23T10:05:29.292+0000][4616][safepoint   ] Safepoint "G1Concurrent", Time since last: 458315300 ns, Reaching safepoint: 108200 ns, At safepoint: 850000 ns, Total: 958200 ns
[2024-02-23T10:05:29.292+0000][4616][gc,marking  ] GC(346) Concurrent Cleanup for Next Mark
[2024-02-23T10:05:29.327+0000][4616][gc,marking  ] GC(346) Concurrent Cleanup for Next Mark 34.202ms
[2024-02-23T10:05:29.327+0000][4616][gc          ] GC(346) Concurrent Mark Cycle 1475.234ms
[2024-02-23T10:05:56.012+0000][4616][gc,start    ] GC(347) Pause Young (Prepare Mixed) (G1 Evacuation Pause)
[2024-02-23T10:05:56.012+0000][4616][gc,task     ] GC(347) Using 8 workers of 8 for evacuation
[2024-02-23T10:05:56.012+0000][4616][gc,age      ] GC(347) Desired survivor size 150994944 bytes, new threshold 15 (max threshold 15)
[2024-02-23T10:05:56.050+0000][4616][gc,phases   ] GC(347)   Pre Evacuate Collection Set: 0.3ms
[2024-02-23T10:05:56.050+0000][4616][gc,phases   ] GC(347)   Merge Heap Roots: 0.3ms
[2024-02-23T10:05:56.050+0000][4616][gc,phases   ] GC(347)   Evacuate Collection Set: 32.4ms
[2024-02-23T10:05:56.050+0000][4616][gc,phases   ] GC(347)   Post Evacuate Collection Set: 1.0ms
[2024-02-23T10:05:56.051+0000][4616][gc,phases   ] GC(347)   Other: 0.3ms
[2024-02-23T10:05:56.051+0000][4616][gc,age      ] GC(347) Age table with threshold 15 (max threshold 15)
[2024-02-23T10:05:56.051+0000][4616][gc,age      ] GC(347) - age   1:   78043256 bytes,   78043256 total
[2024-02-23T10:05:56.051+0000][4616][gc,age      ] GC(347) - age   2:   67850032 bytes,  145893288 total
[2024-02-23T10:05:56.051+0000][4616][gc,age      ] GC(347) - age   3:     550072 bytes,  146443360 total
[2024-02-23T10:05:56.051+0000][4616][gc,heap     ] GC(347) Eden regions: 554->0(13)
[2024-02-23T10:05:56.051+0000][4616][gc,heap     ] GC(347) Survivor regions: 22->37(72)
[2024-02-23T10:05:56.051+0000][4616][gc,heap     ] GC(347) Old regions: 212->212
[2024-02-23T10:05:56.051+0000][4616][gc,heap     ] GC(347) Archive regions: 0->0
[2024-02-23T10:05:56.051+0000][4616][gc,heap     ] GC(347) Humongous regions: 6->6
[2024-02-23T10:05:56.051+0000][4616][gc,metaspace] GC(347) Metaspace: 131150K(137088K)->131150K(137088K) NonClass: 114198K(117824K)->114198K(117824K) Class: 16952K(19264K)->16952K(19264K)
[2024-02-23T10:05:56.051+0000][4616][gc          ] GC(347) Pause Young (Prepare Mixed) (G1 Evacuation Pause) 3174M->1017M(4040M) 35.038ms
[2024-02-23T10:05:56.051+0000][4616][gc,cpu      ] GC(347) User=0.22s Sys=0.02s Real=0.04s
[2024-02-23T10:05:56.051+0000][4616][safepoint   ] Safepoint "G1CollectForAllocation", Time since last: 26723260900 ns, Reaching safepoint: 134200 ns, At safepoint: 35330100 ns, Total: 35464300 ns
[2024-02-23T10:05:56.312+0000][4616][gc,start    ] GC(348) Pause Young (Mixed) (G1 Evacuation Pause)
[2024-02-23T10:05:56.312+0000][4616][gc,task     ] GC(348) Using 8 workers of 8 for evacuation
[2024-02-23T10:05:56.312+0000][4616][gc,age      ] GC(348) Desired survivor size 14680064 bytes, new threshold 1 (max threshold 15)
[2024-02-23T10:05:56.487+0000][4616][gc,phases   ] GC(348)   Pre Evacuate Collection Set: 0.3ms
[2024-02-23T10:05:56.487+0000][4616][gc,phases   ] GC(348)   Merge Heap Roots: 2.9ms
[2024-02-23T10:05:56.487+0000][4616][gc,phases   ] GC(348)   Evacuate Collection Set: 169.8ms
[2024-02-23T10:05:56.487+0000][4616][gc,phases   ] GC(348)   Post Evacuate Collection Set: 1.1ms
[2024-02-23T10:05:56.487+0000][4616][gc,phases   ] GC(348)   Other: 0.5ms
[2024-02-23T10:05:56.487+0000][4616][gc,age      ] GC(348) Age table with threshold 1 (max threshold 15)
[2024-02-23T10:05:56.487+0000][4616][gc,age      ] GC(348) - age   1:    1862008 bytes,    1862008 total
[2024-02-23T10:05:56.487+0000][4616][gc,heap     ] GC(348) Eden regions: 13->0(578)
[2024-02-23T10:05:56.487+0000][4616][gc,heap     ] GC(348) Survivor regions: 37->4(7)
[2024-02-23T10:05:56.487+0000][4616][gc,heap     ] GC(348) Old regions: 212->205
[2024-02-23T10:05:56.487+0000][4616][gc,heap     ] GC(348) Archive regions: 0->0
[2024-02-23T10:05:56.487+0000][4616][gc,heap     ] GC(348) Humongous regions: 6->6
[2024-02-23T10:05:56.487+0000][4616][gc,metaspace] GC(348) Metaspace: 131150K(137088K)->131150K(137088K) NonClass: 114198K(117824K)->114198K(117824K) Class: 16952K(19264K)->16952K(19264K)
[2024-02-23T10:05:56.487+0000][4616][gc          ] GC(348) Pause Young (Mixed) (G1 Evacuation Pause) 1069M->858M(4040M) 175.127ms
[2024-02-23T10:05:56.487+0000][4616][gc,cpu      ] GC(348) User=0.27s Sys=0.55s Real=0.17s
[2024-02-23T10:05:56.487+0000][4616][safepoint   ] Safepoint "G1CollectForAllocation", Time since last: 260355200 ns, Reaching safepoint: 189700 ns, At safepoint: 175621300 ns, Total: 175811000 ns
[2024-02-23T10:06:10.322+0000][4616][gc,start    ] GC(349) Pause Young (Concurrent Start) (G1 Humongous Allocation)
[2024-02-23T10:06:10.322+0000][4616][gc,task     ] GC(349) Using 8 workers of 8 for evacuation
[2024-02-23T10:06:10.322+0000][4616][gc,age      ] GC(349) Desired survivor size 153092096 bytes, new threshold 15 (max threshold 15)
[2024-02-23T10:06:10.322+0000][4616][gc,phases   ] GC(349)   Pre Evacuate Collection Set: 0.4ms
[2024-02-23T10:06:10.322+0000][4616][gc,phases   ] GC(349)   Merge Heap Roots: 0.2ms
[2024-02-23T10:06:10.322+0000][4616][gc,phases   ] GC(349)   Evacuate Collection Set: 8.2ms
[2024-02-23T10:06:10.322+0000][4616][gc,phases   ] GC(349)   Post Evacuate Collection Set: 1.0ms
[2024-02-23T10:06:10.322+0000][4616][gc,phases   ] GC(349)   Other: 0.2ms
[2024-02-23T10:06:10.322+0000][4616][gc,age      ] GC(349) Age table with threshold 15 (max threshold 15)
[2024-02-23T10:06:10.322+0000][4616][gc,age      ] GC(349) - age   1:   26642320 bytes,   26642320 total
[2024-02-23T10:06:10.322+0000][4616][gc,age      ] GC(349) - age   2:    1101072 bytes,   27743392 total
[2024-02-23T10:06:10.322+0000][4616][gc,heap     ] GC(349) Eden regions: 165->0(552)
[2024-02-23T10:06:10.322+0000][4616][gc,heap     ] GC(349) Survivor regions: 4->8(73)
[2024-02-23T10:06:10.322+0000][4616][gc,heap     ] GC(349) Old regions: 205->205
[2024-02-23T10:06:10.322+0000][4616][gc,heap     ] GC(349) Archive regions: 0->0
[2024-02-23T10:06:10.322+0000][4616][gc,heap     ] GC(349) Humongous regions: 6->6
[2024-02-23T10:06:10.322+0000][4616][gc,metaspace] GC(349) Metaspace: 131150K(137088K)->131150K(137088K) NonClass: 114198K(117824K)->114198K(117824K) Class: 16952K(19264K)->16952K(19264K)
[2024-02-23T10:06:10.322+0000][4616][gc          ] GC(349) Pause Young (Concurrent Start) (G1 Humongous Allocation) 1515M->871M(4040M) 10.394ms
[2024-02-23T10:06:10.322+0000][4616][gc          ] GC(350) Concurrent Mark Cycle
[2024-02-23T10:06:10.322+0000][4616][gc,cpu      ] GC(349) User=0.00s Sys=0.00s Real=0.00s
[2024-02-23T10:06:10.322+0000][4616][gc,marking  ] GC(350) Concurrent Clear Claimed Marks
[2024-02-23T10:06:10.322+0000][4616][safepoint   ] Safepoint "G1TryInitiateConcMark", Time since last: 13834695800 ns, Reaching safepoint: 122700 ns, At safepoint: 10656800 ns, Total: 10779500 ns
[2024-02-23T10:06:10.322+0000][4616][gc,marking  ] GC(350) Concurrent Clear Claimed Marks 0.243ms
[2024-02-23T10:06:10.322+0000][4616][gc,marking  ] GC(350) Concurrent Scan Root Regions
[2024-02-23T10:06:10.338+0000][4616][gc,marking  ] GC(350) Concurrent Scan Root Regions 5.178ms
[2024-02-23T10:06:10.338+0000][4616][gc,marking  ] GC(350) Concurrent Mark
[2024-02-23T10:06:10.338+0000][4616][gc,marking  ] GC(350) Concurrent Mark From Roots
[2024-02-23T10:06:10.338+0000][4616][gc,task     ] GC(350) Using 2 workers of 2 for marking
[2024-02-23T10:06:10.647+0000][4616][gc,marking  ] GC(350) Concurrent Mark From Roots 312.053ms
[2024-02-23T10:06:10.647+0000][4616][gc,marking  ] GC(350) Concurrent Preclean
[2024-02-23T10:06:10.647+0000][4616][gc,marking  ] GC(350) Concurrent Preclean 1.078ms
[2024-02-23T10:06:10.647+0000][4616][gc,start    ] GC(350) Pause Remark
[2024-02-23T10:06:10.664+0000][4616][gc          ] GC(350) Pause Remark 926M->922M(4040M) 15.364ms
[2024-02-23T10:06:10.664+0000][4616][gc,cpu      ] GC(350) User=0.25s Sys=0.00s Real=0.02s
[2024-02-23T10:06:10.664+0000][4616][safepoint   ] Safepoint "G1Concurrent", Time since last: 318763900 ns, Reaching safepoint: 94200 ns, At safepoint: 15540300 ns, Total: 15634500 ns
[2024-02-23T10:06:10.664+0000][4616][gc,marking  ] GC(350) Concurrent Mark 329.058ms
[2024-02-23T10:06:10.664+0000][4616][gc,marking  ] GC(350) Concurrent Rebuild Remembered Sets
[2024-02-23T10:06:10.864+0000][4616][gc,marking  ] GC(350) Concurrent Rebuild Remembered Sets 199.067ms
[2024-02-23T10:06:10.864+0000][4616][gc,start    ] GC(350) Pause Cleanup
[2024-02-23T10:06:10.864+0000][4616][gc          ] GC(350) Pause Cleanup 935M->935M(4040M) 0.447ms
[2024-02-23T10:06:10.864+0000][4616][gc,cpu      ] GC(350) User=0.00s Sys=0.00s Real=0.00s
[2024-02-23T10:06:10.864+0000][4616][safepoint   ] Safepoint "G1Concurrent", Time since last: 199352500 ns, Reaching safepoint: 141300 ns, At safepoint: 635600 ns, Total: 776900 ns
[2024-02-23T10:06:10.864+0000][4616][gc,marking  ] GC(350) Concurrent Cleanup for Next Mark
[2024-02-23T10:06:10.891+0000][4616][gc,marking  ] GC(350) Concurrent Cleanup for Next Mark 23.683ms
[2024-02-23T10:06:10.891+0000][4616][gc          ] GC(350) Concurrent Mark Cycle 558.515ms
[2024-02-23T10:06:36.825+0000][4616][safepoint   ] Safepoint "G1CollectForAllocation", Time since last: 25957045200 ns, Reaching safepoint: 136500 ns, At safepoint: 45400 ns, Total: 181900 ns
[2024-02-23T10:06:36.825+0000][4616][gc,start    ] GC(351) Pause Young (Prepare Mixed) (GCLocker Initiated GC)
[2024-02-23T10:06:36.825+0000][4616][gc,task     ] GC(351) Using 8 workers of 8 for evacuation
[2024-02-23T10:06:36.825+0000][4616][gc,age      ] GC(351) Desired survivor size 146800640 bytes, new threshold 15 (max threshold 15)
[2024-02-23T10:06:36.856+0000][4616][gc,phases   ] GC(351)   Pre Evacuate Collection Set: 0.4ms
[2024-02-23T10:06:36.856+0000][4616][gc,phases   ] GC(351)   Merge Heap Roots: 0.5ms
[2024-02-23T10:06:36.856+0000][4616][gc,phases   ] GC(351)   Evacuate Collection Set: 27.9ms
[2024-02-23T10:06:36.856+0000][4616][gc,phases   ] GC(351)   Post Evacuate Collection Set: 2.0ms
[2024-02-23T10:06:36.856+0000][4616][gc,phases   ] GC(351)   Other: 0.4ms
[2024-02-23T10:06:36.856+0000][4616][gc,age      ] GC(351) Age table with threshold 15 (max threshold 15)
[2024-02-23T10:06:36.856+0000][4616][gc,age      ] GC(351) - age   1:   85503576 bytes,   85503576 total
[2024-02-23T10:06:36.856+0000][4616][gc,age      ] GC(351) - age   2:   19157264 bytes,  104660840 total
[2024-02-23T10:06:36.856+0000][4616][gc,age      ] GC(351) - age   3:     638696 bytes,  105299536 total
[2024-02-23T10:06:36.856+0000][4616][gc,heap     ] GC(351) Eden regions: 552->0(23)
[2024-02-23T10:06:36.856+0000][4616][gc,heap     ] GC(351) Survivor regions: 8->27(70)
[2024-02-23T10:06:36.856+0000][4616][gc,heap     ] GC(351) Old regions: 205->205
[2024-02-23T10:06:36.856+0000][4616][gc,heap     ] GC(351) Archive regions: 0->0
[2024-02-23T10:06:36.856+0000][4616][gc,heap     ] GC(351) Humongous regions: 6->6
[2024-02-23T10:06:36.857+0000][4616][gc,metaspace] GC(351) Metaspace: 131151K(137088K)->131151K(137088K) NonClass: 114198K(117824K)->114198K(117824K) Class: 16952K(19264K)->16952K(19264K)
[2024-02-23T10:06:36.857+0000][4616][gc          ] GC(351) Pause Young (Prepare Mixed) (GCLocker Initiated GC) 3079M->947M(4040M) 32.182ms
[2024-02-23T10:06:36.857+0000][4616][gc,cpu      ] GC(351) User=0.17s Sys=0.00s Real=0.03s
[2024-02-23T10:06:36.857+0000][4616][safepoint   ] Safepoint "G1CollectForAllocation", Time since last: 180700 ns, Reaching safepoint: 147800 ns, At safepoint: 32474800 ns, Total: 32622600 ns
[2024-02-23T10:06:37.465+0000][4616][gc,start    ] GC(352) Pause Young (Mixed) (G1 Evacuation Pause)
[2024-02-23T10:06:37.465+0000][4616][gc,task     ] GC(352) Using 8 workers of 8 for evacuation
[2024-02-23T10:06:37.465+0000][4616][gc,age      ] GC(352) Desired survivor size 14680064 bytes, new threshold 1 (max threshold 15)
[2024-02-23T10:06:37.591+0000][4616][gc,phases   ] GC(352)   Pre Evacuate Collection Set: 0.2ms
[2024-02-23T10:06:37.591+0000][4616][gc,phases   ] GC(352)   Merge Heap Roots: 0.2ms
[2024-02-23T10:06:37.591+0000][4616][gc,phases   ] GC(352)   Evacuate Collection Set: 125.0ms
[2024-02-23T10:06:37.591+0000][4616][gc,phases   ] GC(352)   Post Evacuate Collection Set: 0.6ms
[2024-02-23T10:06:37.591+0000][4616][gc,phases   ] GC(352)   Other: 0.2ms
[2024-02-23T10:06:37.591+0000][4616][gc,age      ] GC(352) Age table with threshold 1 (max threshold 15)
[2024-02-23T10:06:37.591+0000][4616][gc,age      ] GC(352) - age   1:    5864440 bytes,    5864440 total
[2024-02-23T10:06:37.591+0000][4616][gc,heap     ] GC(352) Eden regions: 23->0(555)
[2024-02-23T10:06:37.591+0000][4616][gc,heap     ] GC(352) Survivor regions: 27->3(7)
[2024-02-23T10:06:37.591+0000][4616][gc,heap     ] GC(352) Old regions: 205->211
[2024-02-23T10:06:37.591+0000][4616][gc,heap     ] GC(352) Archive regions: 0->0
[2024-02-23T10:06:37.591+0000][4616][gc,heap     ] GC(352) Humongous regions: 6->6
[2024-02-23T10:06:37.591+0000][4616][gc,metaspace] GC(352) Metaspace: 131151K(137088K)->131151K(137088K) NonClass: 114198K(117824K)->114198K(117824K) Class: 16952K(19264K)->16952K(19264K)
[2024-02-23T10:06:37.591+0000][4616][gc          ] GC(352) Pause Young (Mixed) (G1 Evacuation Pause) 1039M->879M(4040M) 126.528ms
[2024-02-23T10:06:37.591+0000][4616][gc,cpu      ] GC(352) User=0.14s Sys=0.23s Real=0.13s
[2024-02-23T10:06:37.595+0000][4616][safepoint   ] Safepoint "G1CollectForAllocation", Time since last: 607525800 ns, Reaching safepoint: 185200 ns, At safepoint: 129601100 ns, Total: 129786300 ns
[2024-02-23T10:06:40.603+0000][4616][gc,start    ] GC(353) Pause Young (Concurrent Start) (G1 Humongous Allocation)
[2024-02-23T10:06:40.603+0000][4616][gc,task     ] GC(353) Using 8 workers of 8 for evacuation
[2024-02-23T10:06:40.603+0000][4616][gc,age      ] GC(353) Desired survivor size 146800640 bytes, new threshold 15 (max threshold 15)
[2024-02-23T10:06:40.612+0000][4616][gc,phases   ] GC(353)   Pre Evacuate Collection Set: 0.5ms
[2024-02-23T10:06:40.612+0000][4616][gc,phases   ] GC(353)   Merge Heap Roots: 0.2ms
[2024-02-23T10:06:40.612+0000][4616][gc,phases   ] GC(353)   Evacuate Collection Set: 6.4ms
[2024-02-23T10:06:40.612+0000][4616][gc,phases   ] GC(353)   Post Evacuate Collection Set: 1.2ms
[2024-02-23T10:06:40.612+0000][4616][gc,phases   ] GC(353)   Other: 0.2ms
[2024-02-23T10:06:40.612+0000][4616][gc,age      ] GC(353) Age table with threshold 15 (max threshold 15)
[2024-02-23T10:06:40.612+0000][4616][gc,age      ] GC(353) - age   1:   14340128 bytes,   14340128 total
[2024-02-23T10:06:40.612+0000][4616][gc,age      ] GC(353) - age   2:    4705176 bytes,   19045304 total
[2024-02-23T10:06:40.612+0000][4616][gc,heap     ] GC(353) Eden regions: 105->0(562)
[2024-02-23T10:06:40.612+0000][4616][gc,heap     ] GC(353) Survivor regions: 3->6(70)
[2024-02-23T10:06:40.612+0000][4616][gc,heap     ] GC(353) Old regions: 211->211
[2024-02-23T10:06:40.612+0000][4616][gc,heap     ] GC(353) Archive regions: 0->0
[2024-02-23T10:06:40.612+0000][4616][gc,heap     ] GC(353) Humongous regions: 6->6
[2024-02-23T10:06:40.612+0000][4616][gc,metaspace] GC(353) Metaspace: 131151K(137088K)->131151K(137088K) NonClass: 114198K(117824K)->114198K(117824K) Class: 16952K(19264K)->16952K(19264K)
[2024-02-23T10:06:40.612+0000][4616][gc          ] GC(353) Pause Young (Concurrent Start) (G1 Humongous Allocation) 1298M->888M(4040M) 9.070ms
[2024-02-23T10:06:40.612+0000][4616][gc          ] GC(354) Concurrent Mark Cycle
[2024-02-23T10:06:40.612+0000][4616][gc,cpu      ] GC(353) User=0.00s Sys=0.00s Real=0.01s
[2024-02-23T10:06:40.612+0000][4616][gc,marking  ] GC(354) Concurrent Clear Claimed Marks
[2024-02-23T10:06:40.612+0000][4616][safepoint   ] Safepoint "G1TryInitiateConcMark", Time since last: 3008822500 ns, Reaching safepoint: 164500 ns, At safepoint: 9353600 ns, Total: 9518100 ns
[2024-02-23T10:06:40.612+0000][4616][gc,marking  ] GC(354) Concurrent Clear Claimed Marks 0.220ms
[2024-02-23T10:06:40.612+0000][4616][gc,marking  ] GC(354) Concurrent Scan Root Regions
[2024-02-23T10:06:40.619+0000][4616][gc,marking  ] GC(354) Concurrent Scan Root Regions 5.714ms
[2024-02-23T10:06:40.619+0000][4616][gc,marking  ] GC(354) Concurrent Mark
[2024-02-23T10:06:40.619+0000][4616][gc,marking  ] GC(354) Concurrent Mark From Roots
[2024-02-23T10:06:40.619+0000][4616][gc,task     ] GC(354) Using 2 workers of 2 for marking
[2024-02-23T10:06:40.973+0000][4616][gc,marking  ] GC(354) Concurrent Mark From Roots 357.147ms
[2024-02-23T10:06:40.973+0000][4616][gc,marking  ] GC(354) Concurrent Preclean
[2024-02-23T10:06:40.978+0000][4616][gc,marking  ] GC(354) Concurrent Preclean 1.163ms
[2024-02-23T10:06:40.978+0000][4616][gc,start    ] GC(354) Pause Remark
[2024-02-23T10:06:40.996+0000][4616][gc          ] GC(354) Pause Remark 952M->948M(4040M) 18.889ms
[2024-02-23T10:06:40.996+0000][4616][gc,cpu      ] GC(354) User=0.02s Sys=0.00s Real=0.02s
[2024-02-23T10:06:40.996+0000][4616][safepoint   ] Safepoint "G1Concurrent", Time since last: 364452000 ns, Reaching safepoint: 139400 ns, At safepoint: 19104700 ns, Total: 19244100 ns
[2024-02-23T10:06:40.996+0000][4616][gc,marking  ] GC(354) Concurrent Mark 377.823ms
[2024-02-23T10:06:40.996+0000][4616][gc,marking  ] GC(354) Concurrent Rebuild Remembered Sets
[2024-02-23T10:06:41.215+0000][4616][gc,marking  ] GC(354) Concurrent Rebuild Remembered Sets 218.067ms
[2024-02-23T10:06:41.215+0000][4616][gc,start    ] GC(354) Pause Cleanup
[2024-02-23T10:06:41.215+0000][4616][gc          ] GC(354) Pause Cleanup 958M->958M(4040M) 0.570ms
[2024-02-23T10:06:41.215+0000][4616][gc,cpu      ] GC(354) User=0.00s Sys=0.00s Real=0.00s
[2024-02-23T10:06:41.215+0000][4616][safepoint   ] Safepoint "G1Concurrent", Time since last: 218347000 ns, Reaching safepoint: 82000 ns, At safepoint: 753100 ns, Total: 835100 ns
[2024-02-23T10:06:41.215+0000][4616][gc,marking  ] GC(354) Concurrent Cleanup for Next Mark
[2024-02-23T10:06:41.224+0000][4616][gc,marking  ] GC(354) Concurrent Cleanup for Next Mark 10.255ms
[2024-02-23T10:06:41.224+0000][4616][gc          ] GC(354) Concurrent Mark Cycle 613.532ms
[2024-02-23T10:07:02.397+0000][4616][safepoint   ] Safepoint "Cleanup", Time since last: 21181029700 ns, Reaching safepoint: 67600 ns, At safepoint: 9300 ns, Total: 76900 ns
[2024-02-23T10:07:07.419+0000][4616][safepoint   ] Safepoint "Cleanup", Time since last: 5021827100 ns, Reaching safepoint: 119800 ns, At safepoint: 22600 ns, Total: 142400 ns
[2024-02-23T10:07:08.185+0000][4616][gc,start    ] GC(355) Pause Young (Prepare Mixed) (G1 Evacuation Pause)
[2024-02-23T10:07:08.185+0000][4616][gc,task     ] GC(355) Using 8 workers of 8 for evacuation
[2024-02-23T10:07:08.185+0000][4616][gc,age      ] GC(355) Desired survivor size 148897792 bytes, new threshold 15 (max threshold 15)
[2024-02-23T10:07:08.210+0000][4616][gc,phases   ] GC(355)   Pre Evacuate Collection Set: 0.3ms
[2024-02-23T10:07:08.210+0000][4616][gc,phases   ] GC(355)   Merge Heap Roots: 0.6ms
[2024-02-23T10:07:08.210+0000][4616][gc,phases   ] GC(355)   Evacuate Collection Set: 22.3ms
[2024-02-23T10:07:08.210+0000][4616][gc,phases   ] GC(355)   Post Evacuate Collection Set: 1.8ms
[2024-02-23T10:07:08.210+0000][4616][gc,phases   ] GC(355)   Other: 0.4ms
[2024-02-23T10:07:08.210+0000][4616][gc,age      ] GC(355) Age table with threshold 15 (max threshold 15)
[2024-02-23T10:07:08.211+0000][4616][gc,age      ] GC(355) - age   1:   87362440 bytes,   87362440 total
[2024-02-23T10:07:08.211+0000][4616][gc,age      ] GC(355) - age   2:   10795112 bytes,   98157552 total
[2024-02-23T10:07:08.211+0000][4616][gc,age      ] GC(355) - age   3:    3673416 bytes,  101830968 total
[2024-02-23T10:07:08.211+0000][4616][gc,heap     ] GC(355) Eden regions: 562->0(24)
[2024-02-23T10:07:08.211+0000][4616][gc,heap     ] GC(355) Survivor regions: 6->26(71)
[2024-02-23T10:07:08.211+0000][4616][gc,heap     ] GC(355) Old regions: 211->211
[2024-02-23T10:07:08.211+0000][4616][gc,heap     ] GC(355) Archive regions: 0->0
[2024-02-23T10:07:08.211+0000][4616][gc,heap     ] GC(355) Humongous regions: 6->6
[2024-02-23T10:07:08.211+0000][4616][gc,metaspace] GC(355) Metaspace: 131151K(137088K)->131151K(137088K) NonClass: 114198K(117824K)->114198K(117824K) Class: 16952K(19264K)->16952K(19264K)
[2024-02-23T10:07:08.211+0000][4616][gc          ] GC(355) Pause Young (Prepare Mixed) (G1 Evacuation Pause) 3136M->968M(4040M) 26.311ms
[2024-02-23T10:07:08.211+0000][4616][gc,cpu      ] GC(355) User=0.14s Sys=0.00s Real=0.03s
[2024-02-23T10:07:08.211+0000][4616][safepoint   ] Safepoint "G1CollectForAllocation", Time since last: 765429600 ns, Reaching safepoint: 639700 ns, At safepoint: 26588400 ns, Total: 27228100 ns
[2024-02-23T10:07:09.035+0000][4616][gc,start    ] GC(356) Pause Young (Mixed) (G1 Evacuation Pause)
[2024-02-23T10:07:09.036+0000][4616][gc,task     ] GC(356) Using 8 workers of 8 for evacuation
[2024-02-23T10:07:09.036+0000][4616][gc,age      ] GC(356) Desired survivor size 14680064 bytes, new threshold 1 (max threshold 15)
[2024-02-23T10:07:09.137+0000][4616][gc,phases   ] GC(356)   Pre Evacuate Collection Set: 0.9ms
[2024-02-23T10:07:09.137+0000][4616][gc,phases   ] GC(356)   Merge Heap Roots: 0.7ms
[2024-02-23T10:07:09.137+0000][4616][gc,phases   ] GC(356)   Evacuate Collection Set: 99.1ms
[2024-02-23T10:07:09.137+0000][4616][gc,phases   ] GC(356)   Post Evacuate Collection Set: 1.2ms
[2024-02-23T10:07:09.137+0000][4616][gc,phases   ] GC(356)   Other: 0.2ms
[2024-02-23T10:07:09.137+0000][4616][gc,age      ] GC(356) Age table with threshold 1 (max threshold 15)
[2024-02-23T10:07:09.137+0000][4616][gc,age      ] GC(356) - age   1:    4319624 bytes,    4319624 total
[2024-02-23T10:07:09.137+0000][4616][gc,heap     ] GC(356) Eden regions: 24->0(562)
[2024-02-23T10:07:09.137+0000][4616][gc,heap     ] GC(356) Survivor regions: 26->3(7)
[2024-02-23T10:07:09.137+0000][4616][gc,heap     ] GC(356) Old regions: 211->213
[2024-02-23T10:07:09.137+0000][4616][gc,heap     ] GC(356) Archive regions: 0->0
[2024-02-23T10:07:09.137+0000][4616][gc,heap     ] GC(356) Humongous regions: 7->7
[2024-02-23T10:07:09.137+0000][4616][gc,metaspace] GC(356) Metaspace: 131151K(137088K)->131151K(137088K) NonClass: 114198K(117824K)->114198K(117824K) Class: 16952K(19264K)->16952K(19264K)
[2024-02-23T10:07:09.137+0000][4616][gc          ] GC(356) Pause Young (Mixed) (G1 Evacuation Pause) 1068M->887M(4040M) 102.577ms
[2024-02-23T10:07:09.137+0000][4616][gc,cpu      ] GC(356) User=0.30s Sys=0.17s Real=0.10s
[2024-02-23T10:07:09.138+0000][4616][safepoint   ] Safepoint "G1CollectForAllocation", Time since last: 823453600 ns, Reaching safepoint: 116700 ns, At safepoint: 103261700 ns, Total: 103378400 ns
[2024-02-23T10:07:45.354+0000][4616][safepoint   ] Safepoint "Cleanup", Time since last: 36214994400 ns, Reaching safepoint: 103500 ns, At safepoint: 8400 ns, Total: 111900 ns
[2024-02-23T10:08:11.557+0000][4616][safepoint   ] Safepoint "Cleanup", Time since last: 26203674300 ns, Reaching safepoint: 198200 ns, At safepoint: 24800 ns, Total: 223000 ns
[2024-02-23T10:09:17.027+0000][4616][safepoint   ] Safepoint "Cleanup", Time since last: 65469073500 ns, Reaching safepoint: 720700 ns, At safepoint: 61800 ns, Total: 782500 ns
[2024-02-23T10:09:18.046+0000][4616][safepoint   ] Safepoint "Cleanup", Time since last: 1018452700 ns, Reaching safepoint: 204800 ns, At safepoint: 113200 ns, Total: 318000 ns
[2024-02-23T10:09:24.091+0000][4616][safepoint   ] Safepoint "Cleanup", Time since last: 6044936400 ns, Reaching safepoint: 108700 ns, At safepoint: 70100 ns, Total: 178800 ns
[2024-02-23T10:09:35.184+0000][4616][safepoint   ] Safepoint "Cleanup", Time since last: 11092523000 ns, Reaching safepoint: 258900 ns, At safepoint: 51900 ns, Total: 310800 ns
[2024-02-23T10:09:38.935+0000][4616][gc,start    ] GC(357) Pause Young (Concurrent Start) (G1 Evacuation Pause)
[2024-02-23T10:09:38.935+0000][4616][gc,task     ] GC(357) Using 8 workers of 8 for evacuation
[2024-02-23T10:09:38.935+0000][4616][gc,age      ] GC(357) Desired survivor size 148897792 bytes, new threshold 15 (max threshold 15)
[2024-02-23T10:09:38.964+0000][4616][gc,phases   ] GC(357)   Pre Evacuate Collection Set: 0.9ms
[2024-02-23T10:09:38.964+0000][4616][gc,phases   ] GC(357)   Merge Heap Roots: 0.6ms
[2024-02-23T10:09:38.964+0000][4616][gc,phases   ] GC(357)   Evacuate Collection Set: 24.6ms
[2024-02-23T10:09:38.964+0000][4616][gc,phases   ] GC(357)   Post Evacuate Collection Set: 2.0ms
[2024-02-23T10:09:38.964+0000][4616][gc,phases   ] GC(357)   Other: 0.4ms
[2024-02-23T10:09:38.964+0000][4616][gc,age      ] GC(357) Age table with threshold 15 (max threshold 15)
[2024-02-23T10:09:38.964+0000][4616][gc,age      ] GC(357) - age   1:   64589216 bytes,   64589216 total
[2024-02-23T10:09:38.964+0000][4616][gc,age      ] GC(357) - age   2:    3533632 bytes,   68122848 total
[2024-02-23T10:09:38.964+0000][4616][gc,heap     ] GC(357) Eden regions: 562->0(552)
[2024-02-23T10:09:38.964+0000][4616][gc,heap     ] GC(357) Survivor regions: 3->18(71)
[2024-02-23T10:09:38.964+0000][4616][gc,heap     ] GC(357) Old regions: 213->213
[2024-02-23T10:09:38.964+0000][4616][gc,heap     ] GC(357) Archive regions: 0->0
[2024-02-23T10:09:38.964+0000][4616][gc,heap     ] GC(357) Humongous regions: 7->7
[2024-02-23T10:09:38.964+0000][4616][gc,metaspace] GC(357) Metaspace: 131199K(137088K)->131199K(137088K) NonClass: 114231K(117824K)->114231K(117824K) Class: 16968K(19264K)->16968K(19264K)
[2024-02-23T10:09:38.964+0000][4616][gc          ] GC(357) Pause Young (Concurrent Start) (G1 Evacuation Pause) 3135M->947M(4040M) 29.315ms
[2024-02-23T10:09:38.964+0000][4616][gc,cpu      ] GC(357) User=0.11s Sys=0.00s Real=0.03s
[2024-02-23T10:09:38.966+0000][4616][gc          ] GC(358) Concurrent Mark Cycle
[2024-02-23T10:09:38.966+0000][4616][safepoint   ] Safepoint "G1CollectForAllocation", Time since last: 3751787600 ns, Reaching safepoint: 170200 ns, At safepoint: 29534800 ns, Total: 29705000 ns
[2024-02-23T10:09:38.966+0000][4616][gc,marking  ] GC(358) Concurrent Clear Claimed Marks
[2024-02-23T10:09:38.966+0000][4616][gc,marking  ] GC(358) Concurrent Clear Claimed Marks 0.261ms
[2024-02-23T10:09:38.966+0000][4616][gc,marking  ] GC(358) Concurrent Scan Root Regions
[2024-02-23T10:09:38.970+0000][4616][gc,marking  ] GC(358) Concurrent Scan Root Regions 9.329ms
[2024-02-23T10:09:38.970+0000][4616][gc,marking  ] GC(358) Concurrent Mark
[2024-02-23T10:09:38.970+0000][4616][gc,marking  ] GC(358) Concurrent Mark From Roots
[2024-02-23T10:09:38.970+0000][4616][gc,task     ] GC(358) Using 2 workers of 2 for marking
[2024-02-23T10:09:39.261+0000][4616][gc,marking  ] GC(358) Concurrent Mark From Roots 297.481ms
[2024-02-23T10:09:39.261+0000][4616][gc,marking  ] GC(358) Concurrent Preclean
[2024-02-23T10:09:39.274+0000][4616][gc,marking  ] GC(358) Concurrent Preclean 1.177ms
[2024-02-23T10:09:39.274+0000][4616][gc,start    ] GC(358) Pause Remark
[2024-02-23T10:09:39.284+0000][4616][gc          ] GC(358) Pause Remark 953M->945M(4040M) 15.489ms
[2024-02-23T10:09:39.284+0000][4616][gc,cpu      ] GC(358) User=0.00s Sys=0.00s Real=0.01s
[2024-02-23T10:09:39.284+0000][4616][safepoint   ] Safepoint "G1Concurrent", Time since last: 308663600 ns, Reaching safepoint: 66800 ns, At safepoint: 15654600 ns, Total: 15721400 ns
[2024-02-23T10:09:39.284+0000][4616][gc,marking  ] GC(358) Concurrent Mark 314.674ms
[2024-02-23T10:09:39.284+0000][4616][gc,marking  ] GC(358) Concurrent Rebuild Remembered Sets
[2024-02-23T10:09:39.521+0000][4616][gc,marking  ] GC(358) Concurrent Rebuild Remembered Sets 233.661ms
[2024-02-23T10:09:39.521+0000][4616][gc,start    ] GC(358) Pause Cleanup
[2024-02-23T10:09:39.521+0000][4616][gc          ] GC(358) Pause Cleanup 945M->945M(4040M) 0.589ms
[2024-02-23T10:09:39.521+0000][4616][gc,cpu      ] GC(358) User=0.00s Sys=0.00s Real=0.00s
[2024-02-23T10:09:39.521+0000][4616][safepoint   ] Safepoint "G1Concurrent", Time since last: 233850200 ns, Reaching safepoint: 100100 ns, At safepoint: 728600 ns, Total: 828700 ns
[2024-02-23T10:09:39.521+0000][4616][gc,marking  ] GC(358) Concurrent Cleanup for Next Mark
[2024-02-23T10:09:39.534+0000][4616][gc,marking  ] GC(358) Concurrent Cleanup for Next Mark 9.536ms
[2024-02-23T10:09:39.534+0000][4616][gc          ] GC(358) Concurrent Mark Cycle 568.778ms
[2024-02-23T10:10:54.256+0000][4616][safepoint   ] Safepoint "Cleanup", Time since last: 74730855700 ns, Reaching safepoint: 297800 ns, At safepoint: 255500 ns, Total: 553300 ns
[2024-02-23T10:10:56.267+0000][4616][safepoint   ] Safepoint "Cleanup", Time since last: 2011181600 ns, Reaching safepoint: 103700 ns, At safepoint: 16700 ns, Total: 120400 ns
[2024-02-23T10:11:11.423+0000][4616][safepoint   ] Safepoint "Cleanup", Time since last: 15139916700 ns, Reaching safepoint: 15869200 ns, At safepoint: 72800 ns, Total: 15942000 ns
[2024-02-23T10:11:28.555+0000][4616][safepoint   ] Safepoint "Cleanup", Time since last: 17131605800 ns, Reaching safepoint: 155100 ns, At safepoint: 27600 ns, Total: 182700 ns
[2024-02-23T10:11:30.569+0000][4616][safepoint   ] Safepoint "Cleanup", Time since last: 2014184800 ns, Reaching safepoint: 81000 ns, At safepoint: 28500 ns, Total: 109500 ns
[2024-02-23T10:11:44.646+0000][4616][safepoint   ] Safepoint "Cleanup", Time since last: 14076133000 ns, Reaching safepoint: 102200 ns, At safepoint: 11700 ns, Total: 113900 ns
[2024-02-23T10:12:04.802+0000][4616][safepoint   ] Safepoint "Cleanup", Time since last: 20156033800 ns, Reaching safepoint: 489400 ns, At safepoint: 69100 ns, Total: 558500 ns
[2024-02-23T10:12:05.818+0000][4616][safepoint   ] Safepoint "Cleanup", Time since last: 1015962100 ns, Reaching safepoint: 435500 ns, At safepoint: 39500 ns, Total: 475000 ns
[2024-02-23T10:12:10.881+0000][4616][safepoint   ] Safepoint "Cleanup", Time since last: 5061739500 ns, Reaching safepoint: 135400 ns, At safepoint: 22600 ns, Total: 158000 ns
[2024-02-23T10:12:11.884+0000][4616][safepoint   ] Safepoint "Cleanup", Time since last: 1003430200 ns, Reaching safepoint: 108500 ns, At safepoint: 19200 ns, Total: 127700 ns
[2024-02-23T10:12:13.912+0000][4616][safepoint   ] Safepoint "Cleanup", Time since last: 2028077400 ns, Reaching safepoint: 126500 ns, At safepoint: 21000 ns, Total: 147500 ns
[2024-02-23T10:12:23.973+0000][4616][safepoint   ] Safepoint "Cleanup", Time since last: 10060472400 ns, Reaching safepoint: 147100 ns, At safepoint: 29200 ns, Total: 176300 ns
[2024-02-23T10:12:27.999+0000][4616][safepoint   ] Safepoint "Cleanup", Time since last: 4025973700 ns, Reaching safepoint: 125100 ns, At safepoint: 19300 ns, Total: 144400 ns
[2024-02-23T10:12:33.032+0000][4616][safepoint   ] Safepoint "Cleanup", Time since last: 5032710000 ns, Reaching safepoint: 92100 ns, At safepoint: 15700 ns, Total: 107800 ns
[2024-02-23T10:12:34.033+0000][4616][safepoint   ] Safepoint "Cleanup", Time since last: 1000609300 ns, Reaching safepoint: 184300 ns, At safepoint: 31600 ns, Total: 215900 ns
[2024-02-23T10:12:48.339+0000][4616][safepoint   ] Safepoint "Cleanup", Time since last: 14115765900 ns, Reaching safepoint: 190477900 ns, At safepoint: 152700 ns, Total: 190630600 ns
[2024-02-23T10:12:55.388+0000][4616][safepoint   ] Safepoint "Cleanup", Time since last: 7032814300 ns, Reaching safepoint: 15931600 ns, At safepoint: 71000 ns, Total: 16002600 ns
[2024-02-23T10:12:56.397+0000][4616][safepoint   ] Safepoint "Cleanup", Time since last: 1009163800 ns, Reaching safepoint: 297200 ns, At safepoint: 23400 ns, Total: 320600 ns
[2024-02-23T10:13:06.483+0000][4616][safepoint   ] Safepoint "Cleanup", Time since last: 10085355600 ns, Reaching safepoint: 145800 ns, At safepoint: 17400 ns, Total: 163200 ns
[2024-02-23T10:13:17.580+0000][4616][safepoint   ] Safepoint "Cleanup", Time since last: 11097290400 ns, Reaching safepoint: 80300 ns, At safepoint: 26100 ns, Total: 106400 ns
[2024-02-23T10:13:35.736+0000][4616][safepoint   ] Safepoint "Cleanup", Time since last: 18155912200 ns, Reaching safepoint: 201800 ns, At safepoint: 14700 ns, Total: 216500 ns
[2024-02-23T10:13:41.783+0000][4616][safepoint   ] Safepoint "Cleanup", Time since last: 6046855500 ns, Reaching safepoint: 88800 ns, At safepoint: 26800 ns, Total: 115600 ns
[2024-02-23T10:14:10.977+0000][4616][safepoint   ] Safepoint "Cleanup", Time since last: 29193509600 ns, Reaching safepoint: 90000 ns, At safepoint: 22500 ns, Total: 112500 ns
[2024-02-23T10:14:19.026+0000][4616][safepoint   ] Safepoint "Cleanup", Time since last: 8048997900 ns, Reaching safepoint: 149500 ns, At safepoint: 24800 ns, Total: 174300 ns
[2024-02-23T10:15:11.450+0000][4616][safepoint   ] Safepoint "Cleanup", Time since last: 52423644100 ns, Reaching safepoint: 175700 ns, At safepoint: 14000 ns, Total: 189700 ns
[2024-02-23T10:15:14.464+0000][4616][safepoint   ] Safepoint "Cleanup", Time since last: 3013518300 ns, Reaching safepoint: 124400 ns, At safepoint: 15400 ns, Total: 139800 ns
[2024-02-23T10:15:18.505+0000][4616][safepoint   ] Safepoint "Cleanup", Time since last: 4040868600 ns, Reaching safepoint: 122700 ns, At safepoint: 25100 ns, Total: 147800 ns
[2024-02-23T10:15:42.695+0000][4616][safepoint   ] Safepoint "Cleanup", Time since last: 24189681700 ns, Reaching safepoint: 141400 ns, At safepoint: 33000 ns, Total: 174400 ns
[2024-02-23T10:17:22.526+0000][4616][safepoint   ] Safepoint "Cleanup", Time since last: 99831349200 ns, Reaching safepoint: 138500 ns, At safepoint: 41200 ns, Total: 179700 ns
[2024-02-23T10:17:24.547+0000][4616][safepoint   ] Safepoint "Cleanup", Time since last: 2020393700 ns, Reaching safepoint: 95000 ns, At safepoint: 16100 ns, Total: 111100 ns
[2024-02-23T10:17:31.601+0000][4616][safepoint   ] Safepoint "Cleanup", Time since last: 7054280600 ns, Reaching safepoint: 112700 ns, At safepoint: 12700 ns, Total: 125400 ns
[2024-02-23T10:17:57.825+0000][4616][safepoint   ] Safepoint "Cleanup", Time since last: 26223912800 ns, Reaching safepoint: 98200 ns, At safepoint: 15800 ns, Total: 114000 ns
[2024-02-23T10:18:12.945+0000][4616][safepoint   ] Safepoint "Cleanup", Time since last: 15119655000 ns, Reaching safepoint: 110100 ns, At safepoint: 10300 ns, Total: 120400 ns
[2024-02-23T10:18:18.443+0000][4616][gc,start    ] GC(359) Pause Young (Prepare Mixed) (G1 Evacuation Pause)
[2024-02-23T10:18:18.443+0000][4616][gc,task     ] GC(359) Using 8 workers of 8 for evacuation
[2024-02-23T10:18:18.443+0000][4616][gc,age      ] GC(359) Desired survivor size 150994944 bytes, new threshold 15 (max threshold 15)
[2024-02-23T10:18:18.464+0000][4616][gc,phases   ] GC(359)   Pre Evacuate Collection Set: 0.2ms
[2024-02-23T10:18:18.464+0000][4616][gc,phases   ] GC(359)   Merge Heap Roots: 0.4ms
[2024-02-23T10:18:18.464+0000][4616][gc,phases   ] GC(359)   Evacuate Collection Set: 17.6ms
[2024-02-23T10:18:18.464+0000][4616][gc,phases   ] GC(359)   Post Evacuate Collection Set: 2.0ms
[2024-02-23T10:18:18.464+0000][4616][gc,phases   ] GC(359)   Other: 0.2ms
[2024-02-23T10:18:18.464+0000][4616][gc,age      ] GC(359) Age table with threshold 15 (max threshold 15)
[2024-02-23T10:18:18.464+0000][4616][gc,age      ] GC(359) - age   1:    3727256 bytes,    3727256 total
[2024-02-23T10:18:18.464+0000][4616][gc,age      ] GC(359) - age   2:   57097904 bytes,   60825160 total
[2024-02-23T10:18:18.464+0000][4616][gc,age      ] GC(359) - age   3:    3353088 bytes,   64178248 total
[2024-02-23T10:18:18.464+0000][4616][gc,heap     ] GC(359) Eden regions: 552->0(33)
[2024-02-23T10:18:18.464+0000][4616][gc,heap     ] GC(359) Survivor regions: 18->17(72)
[2024-02-23T10:18:18.464+0000][4616][gc,heap     ] GC(359) Old regions: 213->213
[2024-02-23T10:18:18.464+0000][4616][gc,heap     ] GC(359) Archive regions: 0->0
[2024-02-23T10:18:18.464+0000][4616][gc,heap     ] GC(359) Humongous regions: 5->5
[2024-02-23T10:18:18.464+0000][4616][gc,metaspace] GC(359) Metaspace: 131389K(137088K)->131389K(137088K) NonClass: 114409K(117824K)->114409K(117824K) Class: 16979K(19264K)->16979K(19264K)
[2024-02-23T10:18:18.464+0000][4616][gc          ] GC(359) Pause Young (Prepare Mixed) (G1 Evacuation Pause) 3147M->935M(4040M) 21.183ms
[2024-02-23T10:18:18.464+0000][4616][gc,cpu      ] GC(359) User=0.17s Sys=0.00s Real=0.02s
[2024-02-23T10:18:18.464+0000][4616][safepoint   ] Safepoint "G1CollectForAllocation", Time since last: 5498564500 ns, Reaching safepoint: 166300 ns, At safepoint: 21356900 ns, Total: 21523200 ns
[2024-02-23T10:18:24.543+0000][4616][safepoint   ] Safepoint "Cleanup", Time since last: 6062395000 ns, Reaching safepoint: 15282300 ns, At safepoint: 56500 ns, Total: 15338800 ns
[2024-02-23T10:18:25.551+0000][4616][safepoint   ] Safepoint "Cleanup", Time since last: 1008379700 ns, Reaching safepoint: 658300 ns, At safepoint: 20700 ns, Total: 679000 ns
[2024-02-23T10:18:30.603+0000][4616][safepoint   ] Safepoint "Cleanup", Time since last: 5051383200 ns, Reaching safepoint: 95400 ns, At safepoint: 14400 ns, Total: 109800 ns
[2024-02-23T10:18:45.096+0000][4616][gc,start    ] GC(360) Pause Young (Mixed) (G1 Evacuation Pause)
[2024-02-23T10:18:45.096+0000][4616][gc,task     ] GC(360) Using 8 workers of 8 for evacuation
[2024-02-23T10:18:45.096+0000][4616][gc,age      ] GC(360) Desired survivor size 14680064 bytes, new threshold 2 (max threshold 15)
[2024-02-23T10:18:45.412+0000][4616][gc,mmu      ] GC(360) MMU target violated: 201.0ms (200.0ms/201.0ms)
[2024-02-23T10:18:45.412+0000][4616][gc,phases   ] GC(360)   Pre Evacuate Collection Set: 0.4ms
[2024-02-23T10:18:45.412+0000][4616][gc,phases   ] GC(360)   Merge Heap Roots: 0.4ms
[2024-02-23T10:18:45.412+0000][4616][gc,phases   ] GC(360)   Evacuate Collection Set: 309.1ms
[2024-02-23T10:18:45.412+0000][4616][gc,phases   ] GC(360)   Post Evacuate Collection Set: 5.0ms
[2024-02-23T10:18:45.412+0000][4616][gc,phases   ] GC(360)   Other: 0.4ms
[2024-02-23T10:18:45.412+0000][4616][gc,age      ] GC(360) Age table with threshold 2 (max threshold 15)
[2024-02-23T10:18:45.412+0000][4616][gc,age      ] GC(360) - age   1:     790768 bytes,     790768 total
[2024-02-23T10:18:45.412+0000][4616][gc,age      ] GC(360) - age   2:    1888992 bytes,    2679760 total
[2024-02-23T10:18:45.412+0000][4616][gc,heap     ] GC(360) Eden regions: 33->0(604)
[2024-02-23T10:18:45.412+0000][4616][gc,heap     ] GC(360) Survivor regions: 17->2(7)
[2024-02-23T10:18:45.412+0000][4616][gc,heap     ] GC(360) Old regions: 213->182
[2024-02-23T10:18:45.412+0000][4616][gc,heap     ] GC(360) Archive regions: 0->0
[2024-02-23T10:18:45.412+0000][4616][gc,heap     ] GC(360) Humongous regions: 5->5
[2024-02-23T10:18:45.412+0000][4616][gc,metaspace] GC(360) Metaspace: 131391K(137088K)->131391K(137088K) NonClass: 114411K(117824K)->114411K(117824K) Class: 16979K(19264K)->16979K(19264K)
[2024-02-23T10:18:45.412+0000][4616][gc          ] GC(360) Pause Young (Mixed) (G1 Evacuation Pause) 1067M->752M(4040M) 315.708ms
[2024-02-23T10:18:45.412+0000][4616][gc,cpu      ] GC(360) User=0.16s Sys=0.78s Real=0.32s
[2024-02-23T10:18:45.412+0000][4616][safepoint   ] Safepoint "G1CollectForAllocation", Time since last: 14495777700 ns, Reaching safepoint: 97000 ns, At safepoint: 315846400 ns, Total: 315943400 ns
[2024-02-23T10:19:04.608+0000][4616][safepoint   ] Safepoint "Cleanup", Time since last: 19193181500 ns, Reaching safepoint: 136000 ns, At safepoint: 73800 ns, Total: 209800 ns
[2024-02-23T10:19:41.955+0000][4616][safepoint   ] Safepoint "Cleanup", Time since last: 37346349800 ns, Reaching safepoint: 93400 ns, At safepoint: 19900 ns, Total: 113300 ns
[2024-02-23T10:19:43.968+0000][4616][safepoint   ] Safepoint "Cleanup", Time since last: 2013118800 ns, Reaching safepoint: 82500 ns, At safepoint: 30600 ns, Total: 113100 ns
[2024-02-23T10:20:04.103+0000][4616][safepoint   ] Safepoint "Cleanup", Time since last: 20134352700 ns, Reaching safepoint: 302900 ns, At safepoint: 81000 ns, Total: 383900 ns
[2024-02-23T10:20:05.107+0000][4616][safepoint   ] Safepoint "Cleanup", Time since last: 1004287700 ns, Reaching safepoint: 130900 ns, At safepoint: 28700 ns, Total: 159600 ns
[2024-02-23T10:20:06.117+0000][4616][safepoint   ] Safepoint "Cleanup", Time since last: 1009875500 ns, Reaching safepoint: 91600 ns, At safepoint: 26600 ns, Total: 118200 ns
[2024-02-23T10:20:07.131+0000][4616][safepoint   ] Safepoint "Cleanup", Time since last: 1013678700 ns, Reaching safepoint: 692700 ns, At safepoint: 22400 ns, Total: 715100 ns
[2024-02-23T10:20:08.156+0000][4616][safepoint   ] Safepoint "Cleanup", Time since last: 1011361000 ns, Reaching safepoint: 12443000 ns, At safepoint: 39900 ns, Total: 12482900 ns
[2024-02-23T10:20:09.168+0000][4616][safepoint   ] Safepoint "Cleanup", Time since last: 1012228500 ns, Reaching safepoint: 282100 ns, At safepoint: 69900 ns, Total: 352000 ns
[2024-02-23T10:20:10.182+0000][4616][safepoint   ] Safepoint "Cleanup", Time since last: 1013980900 ns, Reaching safepoint: 721600 ns, At safepoint: 59700 ns, Total: 781300 ns
[2024-02-23T10:20:12.198+0000][4616][safepoint   ] Safepoint "Cleanup", Time since last: 2014699200 ns, Reaching safepoint: 61800 ns, At safepoint: 42500 ns, Total: 104300 ns
[2024-02-23T10:20:16.246+0000][4616][safepoint   ] Safepoint "Cleanup", Time since last: 4048487000 ns, Reaching safepoint: 84200 ns, At safepoint: 22000 ns, Total: 106200 ns
[2024-02-23T10:20:17.249+0000][4616][safepoint   ] Safepoint "Cleanup", Time since last: 1002699100 ns, Reaching safepoint: 68700 ns, At safepoint: 53400 ns, Total: 122100 ns
[2024-02-23T10:20:19.116+0000][4616][safepoint   ] Safepoint "Cleanup", Time since last: 1866673500 ns, Reaching safepoint: 76100 ns, At safepoint: 13700 ns, Total: 89800 ns
[2024-02-23T10:20:21.147+0000][4616][safepoint   ] Safepoint "Cleanup", Time since last: 2031306800 ns, Reaching safepoint: 188900 ns, At safepoint: 11500 ns, Total: 200400 ns
[2024-02-23T10:20:23.170+0000][4616][safepoint   ] Safepoint "Cleanup", Time since last: 2023064200 ns, Reaching safepoint: 88400 ns, At safepoint: 29100 ns, Total: 117500 ns
[2024-02-23T10:20:25.184+0000][4616][safepoint   ] Safepoint "Cleanup", Time since last: 2013514700 ns, Reaching safepoint: 87300 ns, At safepoint: 11000 ns, Total: 98300 ns
[2024-02-23T10:20:30.209+0000][4616][safepoint   ] Safepoint "Cleanup", Time since last: 5024396000 ns, Reaching safepoint: 148800 ns, At safepoint: 39100 ns, Total: 187900 ns
[2024-02-23T10:20:32.217+0000][4616][safepoint   ] Safepoint "Cleanup", Time since last: 2007924800 ns, Reaching safepoint: 87200 ns, At safepoint: 15300 ns, Total: 102500 ns
[2024-02-23T10:20:33.218+0000][4616][safepoint   ] Safepoint "Cleanup", Time since last: 1001235000 ns, Reaching safepoint: 145900 ns, At safepoint: 24400 ns, Total: 170300 ns
[2024-02-23T10:20:35.232+0000][4616][safepoint   ] Safepoint "Cleanup", Time since last: 2013846500 ns, Reaching safepoint: 131600 ns, At safepoint: 56300 ns, Total: 187900 ns
[2024-02-23T10:20:36.242+0000][4616][safepoint   ] Safepoint "Cleanup", Time since last: 1009249400 ns, Reaching safepoint: 95100 ns, At safepoint: 17400 ns, Total: 112500 ns
[2024-02-23T10:20:38.251+0000][4616][safepoint   ] Safepoint "Cleanup", Time since last: 2009718500 ns, Reaching safepoint: 88300 ns, At safepoint: 26700 ns, Total: 115000 ns
[2024-02-23T10:20:41.283+0000][4616][safepoint   ] Safepoint "Cleanup", Time since last: 3031892300 ns, Reaching safepoint: 241600 ns, At safepoint: 26700 ns, Total: 268300 ns
[2024-02-23T10:20:42.288+0000][4616][safepoint   ] Safepoint "Cleanup", Time since last: 1003978200 ns, Reaching safepoint: 165400 ns, At safepoint: 21400 ns, Total: 186800 ns
[2024-02-23T10:20:43.301+0000][4616][safepoint   ] Safepoint "Cleanup", Time since last: 1012957700 ns, Reaching safepoint: 98300 ns, At safepoint: 14700 ns, Total: 113000 ns
[2024-02-23T10:20:45.327+0000][4616][safepoint   ] Safepoint "Cleanup", Time since last: 2026363100 ns, Reaching safepoint: 114400 ns, At safepoint: 12900 ns, Total: 127300 ns
[2024-02-23T10:20:47.330+0000][4616][safepoint   ] Safepoint "Cleanup", Time since last: 2003171300 ns, Reaching safepoint: 88000 ns, At safepoint: 14800 ns, Total: 102800 ns
[2024-02-23T10:20:48.352+0000][4616][safepoint   ] Safepoint "Cleanup", Time since last: 1021366000 ns, Reaching safepoint: 123200 ns, At safepoint: 26800 ns, Total: 150000 ns
[2024-02-23T10:20:49.359+0000][4616][safepoint   ] Safepoint "Cleanup", Time since last: 1006461400 ns, Reaching safepoint: 92500 ns, At safepoint: 20500 ns, Total: 113000 ns
[2024-02-23T10:20:51.383+0000][4616][safepoint   ] Safepoint "Cleanup", Time since last: 2024812200 ns, Reaching safepoint: 118100 ns, At safepoint: 17900 ns, Total: 136000 ns
[2024-02-23T10:20:54.426+0000][4616][safepoint   ] Safepoint "Cleanup", Time since last: 3042331400 ns, Reaching safepoint: 119100 ns, At safepoint: 20900 ns, Total: 140000 ns
[2024-02-23T10:20:56.437+0000][4616][safepoint   ] Safepoint "Cleanup", Time since last: 2011211500 ns, Reaching safepoint: 86300 ns, At safepoint: 17000 ns, Total: 103300 ns
[2024-02-23T10:20:59.478+0000][4616][safepoint   ] Safepoint "Cleanup", Time since last: 3040503600 ns, Reaching safepoint: 75900 ns, At safepoint: 13500 ns, Total: 89400 ns
[2024-02-23T10:21:02.503+0000][4616][safepoint   ] Safepoint "Cleanup", Time since last: 3025301500 ns, Reaching safepoint: 103900 ns, At safepoint: 16500 ns, Total: 120400 ns
[2024-02-23T10:21:04.524+0000][4616][safepoint   ] Safepoint "Cleanup", Time since last: 2020511600 ns, Reaching safepoint: 124400 ns, At safepoint: 19000 ns, Total: 143400 ns
[2024-02-23T10:21:05.527+0000][4616][safepoint   ] Safepoint "Cleanup", Time since last: 1002939900 ns, Reaching safepoint: 102300 ns, At safepoint: 26300 ns, Total: 128600 ns
[2024-02-23T10:21:06.567+0000][4616][safepoint   ] Safepoint "Cleanup", Time since last: 1001096500 ns, Reaching safepoint: 38436000 ns, At safepoint: 48300 ns, Total: 38484300 ns
[2024-02-23T10:21:07.576+0000][4616][safepoint   ] Safepoint "Cleanup", Time since last: 1009436100 ns, Reaching safepoint: 85700 ns, At safepoint: 15500 ns, Total: 101200 ns
[2024-02-23T10:21:08.585+0000][4616][safepoint   ] Safepoint "Cleanup", Time since last: 1009137700 ns, Reaching safepoint: 81800 ns, At safepoint: 26400 ns, Total: 108200 ns
[2024-02-23T10:21:09.603+0000][4616][safepoint   ] Safepoint "Cleanup", Time since last: 1017161900 ns, Reaching safepoint: 113200 ns, At safepoint: 20400 ns, Total: 133600 ns
[2024-02-23T10:21:10.610+0000][4616][safepoint   ] Safepoint "Cleanup", Time since last: 1006777200 ns, Reaching safepoint: 132100 ns, At safepoint: 33200 ns, Total: 165300 ns
[2024-02-23T10:21:11.612+0000][4616][safepoint   ] Safepoint "Cleanup", Time since last: 1001999700 ns, Reaching safepoint: 80200 ns, At safepoint: 30900 ns, Total: 111100 ns
[2024-02-23T10:21:12.618+0000][4616][safepoint   ] Safepoint "Cleanup", Time since last: 1006336700 ns, Reaching safepoint: 128000 ns, At safepoint: 45400 ns, Total: 173400 ns
[2024-02-23T10:21:15.664+0000][4616][safepoint   ] Safepoint "Cleanup", Time since last: 3027493800 ns, Reaching safepoint: 17928100 ns, At safepoint: 84600 ns, Total: 18012700 ns
[2024-02-23T10:21:16.160+0000][4616][gc,start    ] GC(361) Pause Young (Normal) (G1 Evacuation Pause)
[2024-02-23T10:21:16.160+0000][4616][gc,task     ] GC(361) Using 8 workers of 8 for evacuation
[2024-02-23T10:21:16.160+0000][4616][gc,age      ] GC(361) Desired survivor size 159383552 bytes, new threshold 15 (max threshold 15)
[2024-02-23T10:21:16.206+0000][4616][gc,phases   ] GC(361)   Pre Evacuate Collection Set: 1.0ms
[2024-02-23T10:21:16.206+0000][4616][gc,phases   ] GC(361)   Merge Heap Roots: 0.3ms
[2024-02-23T10:21:16.206+0000][4616][gc,phases   ] GC(361)   Evacuate Collection Set: 40.8ms
[2024-02-23T10:21:16.206+0000][4616][gc,phases   ] GC(361)   Post Evacuate Collection Set: 1.6ms
[2024-02-23T10:21:16.206+0000][4616][gc,phases   ] GC(361)   Other: 1.7ms
[2024-02-23T10:21:16.206+0000][4616][gc,age      ] GC(361) Age table with threshold 15 (max threshold 15)
[2024-02-23T10:21:16.206+0000][4616][gc,age      ] GC(361) - age   1:   10723976 bytes,   10723976 total
[2024-02-23T10:21:16.206+0000][4616][gc,age      ] GC(361) - age   2:     217936 bytes,   10941912 total
[2024-02-23T10:21:16.206+0000][4616][gc,age      ] GC(361) - age   3:    1802840 bytes,   12744752 total
[2024-02-23T10:21:16.206+0000][4616][gc,heap     ] GC(361) Eden regions: 604->0(555)
[2024-02-23T10:21:16.206+0000][4616][gc,heap     ] GC(361) Survivor regions: 2->4(76)
[2024-02-23T10:21:16.206+0000][4616][gc,heap     ] GC(361) Old regions: 182->182
[2024-02-23T10:21:16.206+0000][4616][gc,heap     ] GC(361) Archive regions: 0->0
[2024-02-23T10:21:16.206+0000][4616][gc,heap     ] GC(361) Humongous regions: 5->5
[2024-02-23T10:21:16.206+0000][4616][gc,metaspace] GC(361) Metaspace: 131619K(137088K)->131619K(137088K) NonClass: 114639K(117824K)->114639K(117824K) Class: 16979K(19264K)->16979K(19264K)
[2024-02-23T10:21:16.206+0000][4616][gc          ] GC(361) Pause Young (Normal) (G1 Evacuation Pause) 3168M->759M(4040M) 46.653ms
[2024-02-23T10:21:16.206+0000][4616][gc,cpu      ] GC(361) User=0.09s Sys=0.12s Real=0.05s
[2024-02-23T10:21:16.206+0000][4616][safepoint   ] Safepoint "G1CollectForAllocation", Time since last: 498768400 ns, Reaching safepoint: 153700 ns, At safepoint: 46848600 ns, Total: 47002300 ns
[2024-02-23T10:21:21.252+0000][4616][safepoint   ] Safepoint "Cleanup", Time since last: 5042162000 ns, Reaching safepoint: 79200 ns, At safepoint: 14400 ns, Total: 93600 ns
[2024-02-23T10:21:22.253+0000][4616][safepoint   ] Safepoint "Cleanup", Time since last: 1000669100 ns, Reaching safepoint: 92500 ns, At safepoint: 15800 ns, Total: 108300 ns
[2024-02-23T10:21:23.253+0000][4616][safepoint   ] Safepoint "Cleanup", Time since last: 1000512700 ns, Reaching safepoint: 102400 ns, At safepoint: 21100 ns, Total: 123500 ns
[2024-02-23T10:21:24.273+0000][4616][safepoint   ] Safepoint "Cleanup", Time since last: 1020052900 ns, Reaching safepoint: 224800 ns, At safepoint: 95600 ns, Total: 320400 ns
[2024-02-23T10:21:28.328+0000][4616][safepoint   ] Safepoint "Cleanup", Time since last: 4054254500 ns, Reaching safepoint: 77900 ns, At safepoint: 20900 ns, Total: 98800 ns
[2024-02-23T10:21:31.360+0000][4616][safepoint   ] Safepoint "Cleanup", Time since last: 3032210400 ns, Reaching safepoint: 138300 ns, At safepoint: 34300 ns, Total: 172600 ns
[2024-02-23T10:21:36.384+0000][4616][safepoint   ] Safepoint "Cleanup", Time since last: 5023418200 ns, Reaching safepoint: 99700 ns, At safepoint: 25800 ns, Total: 125500 ns
[2024-02-23T10:21:38.426+0000][4616][safepoint   ] Safepoint "Cleanup", Time since last: 2025095500 ns, Reaching safepoint: 17157400 ns, At safepoint: 52500 ns, Total: 17209900 ns
[2024-02-23T10:21:40.439+0000][4616][safepoint   ] Safepoint "Cleanup", Time since last: 2011603800 ns, Reaching safepoint: 828300 ns, At safepoint: 108300 ns, Total: 936600 ns
[2024-02-23T10:21:41.448+0000][4616][safepoint   ] Safepoint "Cleanup", Time since last: 1008925900 ns, Reaching safepoint: 158700 ns, At safepoint: 69900 ns, Total: 228600 ns
[2024-02-23T10:21:42.465+0000][4616][safepoint   ] Safepoint "Cleanup", Time since last: 1016921200 ns, Reaching safepoint: 388300 ns, At safepoint: 77400 ns, Total: 465700 ns
[2024-02-23T10:21:44.475+0000][4616][safepoint   ] Safepoint "Cleanup", Time since last: 2009991500 ns, Reaching safepoint: 671500 ns, At safepoint: 15200 ns, Total: 686700 ns
[2024-02-23T10:21:46.497+0000][4616][safepoint   ] Safepoint "Cleanup", Time since last: 2020394000 ns, Reaching safepoint: 85800 ns, At safepoint: 28000 ns, Total: 113800 ns
[2024-02-23T10:21:55.581+0000][4616][safepoint   ] Safepoint "Cleanup", Time since last: 9084930200 ns, Reaching safepoint: 323600 ns, At safepoint: 208200 ns, Total: 531800 ns
[2024-02-23T10:21:57.593+0000][4616][safepoint   ] Safepoint "Cleanup", Time since last: 2010621100 ns, Reaching safepoint: 181100 ns, At safepoint: 16300 ns, Total: 197400 ns
[2024-02-23T10:21:58.599+0000][4616][safepoint   ] Safepoint "Cleanup", Time since last: 1006280800 ns, Reaching safepoint: 82600 ns, At safepoint: 14800 ns, Total: 97400 ns
[2024-02-23T10:21:59.613+0000][4616][safepoint   ] Safepoint "Cleanup", Time since last: 1014127700 ns, Reaching safepoint: 152300 ns, At safepoint: 50100 ns, Total: 202400 ns
[2024-02-23T10:22:04.655+0000][4616][safepoint   ] Safepoint "Cleanup", Time since last: 5041642500 ns, Reaching safepoint: 80400 ns, At safepoint: 64200 ns, Total: 144600 ns
[2024-02-23T10:22:06.663+0000][4616][safepoint   ] Safepoint "Cleanup", Time since last: 2007757200 ns, Reaching safepoint: 123600 ns, At safepoint: 51300 ns, Total: 174900 ns
[2024-02-23T10:22:07.664+0000][4616][safepoint   ] Safepoint "Cleanup", Time since last: 1000853800 ns, Reaching safepoint: 92800 ns, At safepoint: 31300 ns, Total: 124100 ns
[2024-02-23T10:22:08.671+0000][4616][safepoint   ] Safepoint "Cleanup", Time since last: 1006522000 ns, Reaching safepoint: 440900 ns, At safepoint: 61300 ns, Total: 502200 ns
[2024-02-23T10:22:13.056+0000][4616][gc,start    ] GC(362) Pause Young (Concurrent Start) (G1 Evacuation Pause)
[2024-02-23T10:22:13.056+0000][4616][gc,task     ] GC(362) Using 8 workers of 8 for evacuation
[2024-02-23T10:22:13.056+0000][4616][gc,age      ] GC(362) Desired survivor size 146800640 bytes, new threshold 15 (max threshold 15)
[2024-02-23T10:22:13.079+0000][4616][gc,phases   ] GC(362)   Pre Evacuate Collection Set: 1.0ms
[2024-02-23T10:22:13.079+0000][4616][gc,phases   ] GC(362)   Merge Heap Roots: 0.3ms
[2024-02-23T10:22:13.079+0000][4616][gc,phases   ] GC(362)   Evacuate Collection Set: 29.4ms
[2024-02-23T10:22:13.079+0000][4616][gc,phases   ] GC(362)   Post Evacuate Collection Set: 2.1ms
[2024-02-23T10:22:13.079+0000][4616][gc,phases   ] GC(362)   Other: 0.1ms
[2024-02-23T10:22:13.079+0000][4616][gc,age      ] GC(362) Age table with threshold 15 (max threshold 15)
[2024-02-23T10:22:13.079+0000][4616][gc,age      ] GC(362) - age   1:   67823128 bytes,   67823128 total
[2024-02-23T10:22:13.079+0000][4616][gc,age      ] GC(362) - age   2:    8216744 bytes,   76039872 total
[2024-02-23T10:22:13.079+0000][4616][gc,age      ] GC(362) - age   3:     217552 bytes,   76257424 total
[2024-02-23T10:22:13.079+0000][4616][gc,age      ] GC(362) - age   4:    1799752 bytes,   78057176 total
[2024-02-23T10:22:13.079+0000][4616][gc,heap     ] GC(362) Eden regions: 555->0(249)
[2024-02-23T10:22:13.079+0000][4616][gc,heap     ] GC(362) Survivor regions: 4->19(70)
[2024-02-23T10:22:13.079+0000][4616][gc,heap     ] GC(362) Old regions: 182->182
[2024-02-23T10:22:13.079+0000][4616][gc,heap     ] GC(362) Archive regions: 0->0
[2024-02-23T10:22:13.079+0000][4616][gc,heap     ] GC(362) Humongous regions: 5->5
[2024-02-23T10:22:13.079+0000][4616][gc,metaspace] GC(362) Metaspace: 131781K(137088K)->131781K(137088K) NonClass: 114801K(117824K)->114801K(117824K) Class: 16979K(19264K)->16979K(19264K)
[2024-02-23T10:22:13.079+0000][4616][gc          ] GC(362) Pause Young (Concurrent Start) (G1 Evacuation Pause) 2979M->822M(4040M) 33.574ms
[2024-02-23T10:22:13.079+0000][4616][gc,cpu      ] GC(362) User=0.12s Sys=0.00s Real=0.02s
[2024-02-23T10:22:13.079+0000][4616][safepoint   ] Safepoint "G1CollectForAllocation", Time since last: 4386114600 ns, Reaching safepoint: 105100 ns, At safepoint: 33860400 ns, Total: 33965500 ns
[2024-02-23T10:22:13.079+0000][4616][gc          ] GC(363) Concurrent Mark Cycle
[2024-02-23T10:22:13.079+0000][4616][gc,marking  ] GC(363) Concurrent Clear Claimed Marks
[2024-02-23T10:22:13.079+0000][4616][gc,marking  ] GC(363) Concurrent Clear Claimed Marks 0.219ms
[2024-02-23T10:22:13.079+0000][4616][gc,marking  ] GC(363) Concurrent Scan Root Regions
[2024-02-23T10:22:13.120+0000][4616][gc,marking  ] GC(363) Concurrent Scan Root Regions 28.967ms
[2024-02-23T10:22:13.120+0000][4616][gc,marking  ] GC(363) Concurrent Mark
[2024-02-23T10:22:13.120+0000][4616][gc,marking  ] GC(363) Concurrent Mark From Roots
[2024-02-23T10:22:13.120+0000][4616][gc,task     ] GC(363) Using 2 workers of 2 for marking
[2024-02-23T10:22:13.469+0000][4616][gc,marking  ] GC(363) Concurrent Mark From Roots 352.239ms
[2024-02-23T10:22:13.469+0000][4616][gc,marking  ] GC(363) Concurrent Preclean
[2024-02-23T10:22:13.469+0000][4616][gc,marking  ] GC(363) Concurrent Preclean 1.147ms
[2024-02-23T10:22:13.469+0000][4616][gc,start    ] GC(363) Pause Remark
[2024-02-23T10:22:14.130+0000][4616][gc,mmu      ] GC(363) MMU target violated: 201.0ms (200.0ms/201.0ms)
[2024-02-23T10:22:14.130+0000][4616][gc          ] GC(363) Pause Remark 876M->860M(4040M) 661.577ms
[2024-02-23T10:22:14.130+0000][4616][gc,cpu      ] GC(363) User=0.28s Sys=0.47s Real=0.66s
[2024-02-23T10:22:14.137+0000][4616][safepoint   ] Safepoint "G1Concurrent", Time since last: 383008700 ns, Reaching safepoint: 74700 ns, At safepoint: 662834200 ns, Total: 662908900 ns
[2024-02-23T10:22:14.137+0000][4616][gc,marking  ] GC(363) Concurrent Mark 1016.634ms
[2024-02-23T10:22:14.137+0000][4616][gc,marking  ] GC(363) Concurrent Rebuild Remembered Sets
[2024-02-23T10:22:14.342+0000][4616][gc,marking  ] GC(363) Concurrent Rebuild Remembered Sets 208.994ms
[2024-02-23T10:22:14.358+0000][4616][gc,start    ] GC(363) Pause Cleanup
[2024-02-23T10:22:14.358+0000][4616][gc          ] GC(363) Pause Cleanup 875M->875M(4040M) 0.229ms
[2024-02-23T10:22:14.358+0000][4616][gc,cpu      ] GC(363) User=0.00s Sys=0.00s Real=0.00s
[2024-02-23T10:22:14.358+0000][4616][safepoint   ] Safepoint "G1Concurrent", Time since last: 209270700 ns, Reaching safepoint: 11471600 ns, At safepoint: 300800 ns, Total: 11772400 ns
[2024-02-23T10:22:14.358+0000][4616][gc,marking  ] GC(363) Concurrent Cleanup for Next Mark
[2024-02-23T10:22:14.376+0000][4616][gc,marking  ] GC(363) Concurrent Cleanup for Next Mark 17.979ms
[2024-02-23T10:22:14.376+0000][4616][gc          ] GC(363) Concurrent Mark Cycle 1284.999ms
[2024-02-23T10:22:16.390+0000][4616][safepoint   ] Safepoint "Cleanup", Time since last: 2032144100 ns, Reaching safepoint: 154800 ns, At safepoint: 24600 ns, Total: 179400 ns
[2024-02-23T10:22:22.447+0000][4616][safepoint   ] Safepoint "Cleanup", Time since last: 6056378300 ns, Reaching safepoint: 119000 ns, At safepoint: 28300 ns, Total: 147300 ns
[2024-02-23T10:22:26.465+0000][4616][safepoint   ] Safepoint "Cleanup", Time since last: 4017358800 ns, Reaching safepoint: 89500 ns, At safepoint: 14700 ns, Total: 104200 ns
[2024-02-23T10:22:28.834+0000][4616][gc,start    ] GC(364) Pause Young (Prepare Mixed) (G1 Evacuation Pause)
[2024-02-23T10:22:28.834+0000][4616][gc,task     ] GC(364) Using 8 workers of 8 for evacuation
[2024-02-23T10:22:28.834+0000][4616][gc,age      ] GC(364) Desired survivor size 83886080 bytes, new threshold 15 (max threshold 15)
[2024-02-23T10:22:28.871+0000][4616][gc,phases   ] GC(364)   Pre Evacuate Collection Set: 0.3ms
[2024-02-23T10:22:28.871+0000][4616][gc,phases   ] GC(364)   Merge Heap Roots: 0.2ms
[2024-02-23T10:22:28.871+0000][4616][gc,phases   ] GC(364)   Evacuate Collection Set: 32.7ms
[2024-02-23T10:22:28.871+0000][4616][gc,phases   ] GC(364)   Post Evacuate Collection Set: 1.7ms
[2024-02-23T10:22:28.871+0000][4616][gc,phases   ] GC(364)   Other: 0.2ms
[2024-02-23T10:22:28.871+0000][4616][gc,age      ] GC(364) Age table with threshold 15 (max threshold 15)
[2024-02-23T10:22:28.871+0000][4616][gc,age      ] GC(364) - age   1:   28987240 bytes,   28987240 total
[2024-02-23T10:22:28.871+0000][4616][gc,age      ] GC(364) - age   2:   60781224 bytes,   89768464 total
[2024-02-23T10:22:28.871+0000][4616][gc,age      ] GC(364) - age   3:    8051912 bytes,   97820376 total
[2024-02-23T10:22:28.871+0000][4616][gc,age      ] GC(364) - age   4:     217552 bytes,   98037928 total
[2024-02-23T10:22:28.871+0000][4616][gc,age      ] GC(364) - age   5:    1493848 bytes,   99531776 total
[2024-02-23T10:22:28.871+0000][4616][gc,heap     ] GC(364) Eden regions: 301->0(25)
[2024-02-23T10:22:28.871+0000][4616][gc,heap     ] GC(364) Survivor regions: 19->25(40)
[2024-02-23T10:22:28.871+0000][4616][gc,heap     ] GC(364) Old regions: 181->181
[2024-02-23T10:22:28.871+0000][4616][gc,heap     ] GC(364) Archive regions: 0->0
[2024-02-23T10:22:28.871+0000][4616][gc,heap     ] GC(364) Humongous regions: 2->2
[2024-02-23T10:22:28.871+0000][4616][gc,metaspace] GC(364) Metaspace: 131791K(137088K)->131791K(137088K) NonClass: 114814K(117824K)->114814K(117824K) Class: 16977K(19264K)->16977K(19264K)
[2024-02-23T10:22:28.872+0000][4616][gc          ] GC(364) Pause Young (Prepare Mixed) (G1 Evacuation Pause) 2010M->830M(4040M) 35.474ms
[2024-02-23T10:22:28.872+0000][4616][gc,cpu      ] GC(364) User=0.16s Sys=0.00s Real=0.04s
[2024-02-23T10:22:28.872+0000][4616][safepoint   ] Safepoint "G1CollectForAllocation", Time since last: 2371835000 ns, Reaching safepoint: 94900 ns, At safepoint: 35734100 ns, Total: 35829000 ns
[2024-02-23T10:22:29.814+0000][4616][gc,start    ] GC(365) Pause Young (Mixed) (G1 Evacuation Pause)
[2024-02-23T10:22:29.814+0000][4616][gc,task     ] GC(365) Using 8 workers of 8 for evacuation
[2024-02-23T10:22:29.814+0000][4616][gc,age      ] GC(365) Desired survivor size 14680064 bytes, new threshold 1 (max threshold 15)
[2024-02-23T10:22:30.720+0000][4616][gc,mmu      ] GC(365) MMU target violated: 201.0ms (200.0ms/201.0ms)
[2024-02-23T10:22:30.720+0000][4616][gc,phases   ] GC(365)   Pre Evacuate Collection Set: 0.3ms
[2024-02-23T10:22:30.720+0000][4616][gc,phases   ] GC(365)   Merge Heap Roots: 0.3ms
[2024-02-23T10:22:30.720+0000][4616][gc,phases   ] GC(365)   Evacuate Collection Set: 892.4ms
[2024-02-23T10:22:30.720+0000][4616][gc,phases   ] GC(365)   Post Evacuate Collection Set: 2.5ms
[2024-02-23T10:22:30.720+0000][4616][gc,phases   ] GC(365)   Other: 2.6ms
[2024-02-23T10:22:30.720+0000][4616][gc,age      ] GC(365) Age table with threshold 1 (max threshold 15)
[2024-02-23T10:22:30.720+0000][4616][gc,age      ] GC(365) - age   1:    4510104 bytes,    4510104 total
[2024-02-23T10:22:30.720+0000][4616][gc,heap     ] GC(365) Eden regions: 25->0(180)
[2024-02-23T10:22:30.720+0000][4616][gc,heap     ] GC(365) Survivor regions: 25->4(7)
[2024-02-23T10:22:30.720+0000][4616][gc,heap     ] GC(365) Old regions: 181->109
[2024-02-23T10:22:30.720+0000][4616][gc,heap     ] GC(365) Archive regions: 0->0
[2024-02-23T10:22:30.720+0000][4616][gc,heap     ] GC(365) Humongous regions: 2->2
[2024-02-23T10:22:30.720+0000][4616][gc,metaspace] GC(365) Metaspace: 131791K(137088K)->131791K(137088K) NonClass: 114814K(117824K)->114814K(117824K) Class: 16977K(19264K)->16977K(19264K)
[2024-02-23T10:22:30.720+0000][4616][gc          ] GC(365) Pause Young (Mixed) (G1 Evacuation Pause) 930M->457M(4040M) 898.531ms
[2024-02-23T10:22:30.720+0000][4616][gc,cpu      ] GC(365) User=0.75s Sys=2.12s Real=0.91s
[2024-02-23T10:22:30.720+0000][4616][safepoint   ] Safepoint "G1CollectForAllocation", Time since last: 949601500 ns, Reaching safepoint: 212400 ns, At safepoint: 898745700 ns, Total: 898958100 ns
[2024-02-23T10:22:31.730+0000][4616][safepoint   ] Safepoint "Cleanup", Time since last: 1009295800 ns, Reaching safepoint: 201700 ns, At safepoint: 264100 ns, Total: 465800 ns
[2024-02-23T10:22:42.819+0000][4616][safepoint   ] Safepoint "Cleanup", Time since last: 11087795300 ns, Reaching safepoint: 93600 ns, At safepoint: 134400 ns, Total: 228000 ns
[2024-02-23T10:22:42.876+0000][4616][gc,start    ] GC(366) Pause Young (Concurrent Start) (G1 Evacuation Pause)
[2024-02-23T10:22:42.876+0000][4616][gc,task     ] GC(366) Using 8 workers of 8 for evacuation
[2024-02-23T10:22:42.876+0000][4616][gc,age      ] GC(366) Desired survivor size 48234496 bytes, new threshold 15 (max threshold 15)
[2024-02-23T10:22:42.876+0000][4616][gc,phases   ] GC(366)   Pre Evacuate Collection Set: 0.6ms
[2024-02-23T10:22:42.876+0000][4616][gc,phases   ] GC(366)   Merge Heap Roots: 0.2ms
[2024-02-23T10:22:42.876+0000][4616][gc,phases   ] GC(366)   Evacuate Collection Set: 8.6ms
[2024-02-23T10:22:42.876+0000][4616][gc,phases   ] GC(366)   Post Evacuate Collection Set: 1.1ms
[2024-02-23T10:22:42.876+0000][4616][gc,phases   ] GC(366)   Other: 0.2ms
[2024-02-23T10:22:42.876+0000][4616][gc,age      ] GC(366) Age table with threshold 15 (max threshold 15)
[2024-02-23T10:22:42.876+0000][4616][gc,age      ] GC(366) - age   1:   24446216 bytes,   24446216 total
[2024-02-23T10:22:42.876+0000][4616][gc,age      ] GC(366) - age   2:     922392 bytes,   25368608 total
[2024-02-23T10:22:42.876+0000][4616][gc,heap     ] GC(366) Eden regions: 180->0(161)
[2024-02-23T10:22:42.876+0000][4616][gc,heap     ] GC(366) Survivor regions: 4->7(23)
[2024-02-23T10:22:42.876+0000][4616][gc,heap     ] GC(366) Old regions: 109->109
[2024-02-23T10:22:42.876+0000][4616][gc,heap     ] GC(366) Archive regions: 0->0
[2024-02-23T10:22:42.876+0000][4616][gc,heap     ] GC(366) Humongous regions: 2->2
[2024-02-23T10:22:42.876+0000][4616][gc,metaspace] GC(366) Metaspace: 131795K(137088K)->131795K(137088K) NonClass: 114818K(117824K)->114818K(117824K) Class: 16977K(19264K)->16977K(19264K)
[2024-02-23T10:22:42.876+0000][4616][gc          ] GC(366) Pause Young (Concurrent Start) (G1 Evacuation Pause) 1177M->469M(4040M) 11.262ms
[2024-02-23T10:22:42.876+0000][4616][gc          ] GC(367) Concurrent Mark Cycle
[2024-02-23T10:22:42.876+0000][4616][gc,cpu      ] GC(366) User=0.00s Sys=0.00s Real=0.00s
[2024-02-23T10:22:42.876+0000][4616][gc,marking  ] GC(367) Concurrent Clear Claimed Marks
[2024-02-23T10:22:42.876+0000][4616][safepoint   ] Safepoint "G1CollectForAllocation", Time since last: 57506600 ns, Reaching safepoint: 61100 ns, At safepoint: 11521400 ns, Total: 11582500 ns
[2024-02-23T10:22:42.876+0000][4616][gc,marking  ] GC(367) Concurrent Clear Claimed Marks 0.265ms
[2024-02-23T10:22:42.876+0000][4616][gc,marking  ] GC(367) Concurrent Scan Root Regions
[2024-02-23T10:22:42.893+0000][4616][gc,marking  ] GC(367) Concurrent Scan Root Regions 5.799ms
[2024-02-23T10:22:42.893+0000][4616][gc,marking  ] GC(367) Concurrent Mark
[2024-02-23T10:22:42.893+0000][4616][gc,marking  ] GC(367) Concurrent Mark From Roots
[2024-02-23T10:22:42.893+0000][4616][gc,task     ] GC(367) Using 2 workers of 2 for marking
[2024-02-23T10:22:43.151+0000][4616][gc,marking  ] GC(367) Concurrent Mark From Roots 256.884ms
[2024-02-23T10:22:43.151+0000][4616][gc,marking  ] GC(367) Concurrent Preclean
[2024-02-23T10:22:43.151+0000][4616][gc,marking  ] GC(367) Concurrent Preclean 1.079ms
[2024-02-23T10:22:43.151+0000][4616][gc,start    ] GC(367) Pause Remark
[2024-02-23T10:22:43.171+0000][4616][gc          ] GC(367) Pause Remark 484M->464M(4040M) 19.910ms
[2024-02-23T10:22:43.172+0000][4616][gc,cpu      ] GC(367) User=0.08s Sys=0.00s Real=0.02s
[2024-02-23T10:22:43.172+0000][4616][safepoint   ] Safepoint "G1Concurrent", Time since last: 264221900 ns, Reaching safepoint: 81000 ns, At safepoint: 20098900 ns, Total: 20179900 ns
[2024-02-23T10:22:43.172+0000][4616][gc,marking  ] GC(367) Concurrent Mark 278.408ms
[2024-02-23T10:22:43.172+0000][4616][gc,marking  ] GC(367) Concurrent Rebuild Remembered Sets
[2024-02-23T10:22:43.300+0000][4616][gc,marking  ] GC(367) Concurrent Rebuild Remembered Sets 127.976ms
[2024-02-23T10:22:43.300+0000][4616][gc,start    ] GC(367) Pause Cleanup
[2024-02-23T10:22:43.300+0000][4616][gc          ] GC(367) Pause Cleanup 465M->465M(4040M) 0.435ms
[2024-02-23T10:22:43.300+0000][4616][gc,cpu      ] GC(367) User=0.00s Sys=0.00s Real=0.00s
[2024-02-23T10:22:43.300+0000][4616][safepoint   ] Safepoint "G1Concurrent", Time since last: 128226000 ns, Reaching safepoint: 136200 ns, At safepoint: 562000 ns, Total: 698200 ns
[2024-02-23T10:22:43.300+0000][4616][gc,marking  ] GC(367) Concurrent Cleanup for Next Mark
[2024-02-23T10:22:43.330+0000][4616][gc,marking  ] GC(367) Concurrent Cleanup for Next Mark 30.218ms
[2024-02-23T10:22:43.330+0000][4616][gc          ] GC(367) Concurrent Mark Cycle 443.880ms
[2024-02-23T10:22:45.316+0000][4616][safepoint   ] Safepoint "Cleanup", Time since last: 2014294700 ns, Reaching safepoint: 202000 ns, At safepoint: 374000 ns, Total: 576000 ns
[2024-02-23T10:22:46.336+0000][4616][safepoint   ] Safepoint "Cleanup", Time since last: 1020366800 ns, Reaching safepoint: 81100 ns, At safepoint: 22800 ns, Total: 103900 ns
[2024-02-23T10:22:50.546+0000][4616][gc,start    ] GC(368) Pause Young (Prepare Mixed) (G1 Evacuation Pause)
[2024-02-23T10:22:50.546+0000][4616][gc,task     ] GC(368) Using 8 workers of 8 for evacuation
[2024-02-23T10:22:50.546+0000][4616][gc,age      ] GC(368) Desired survivor size 52428800 bytes, new threshold 15 (max threshold 15)
[2024-02-23T10:22:50.564+0000][4616][gc,phases   ] GC(368)   Pre Evacuate Collection Set: 0.2ms
[2024-02-23T10:22:50.564+0000][4616][gc,phases   ] GC(368)   Merge Heap Roots: 0.2ms
[2024-02-23T10:22:50.564+0000][4616][gc,phases   ] GC(368)   Evacuate Collection Set: 15.3ms
[2024-02-23T10:22:50.564+0000][4616][gc,phases   ] GC(368)   Post Evacuate Collection Set: 1.1ms
[2024-02-23T10:22:50.564+0000][4616][gc,phases   ] GC(368)   Other: 0.2ms
[2024-02-23T10:22:50.564+0000][4616][gc,age      ] GC(368) Age table with threshold 15 (max threshold 15)
[2024-02-23T10:22:50.564+0000][4616][gc,age      ] GC(368) - age   1:   28602632 bytes,   28602632 total
[2024-02-23T10:22:50.564+0000][4616][gc,age      ] GC(368) - age   2:   12219576 bytes,   40822208 total
[2024-02-23T10:22:50.564+0000][4616][gc,age      ] GC(368) - age   3:     822968 bytes,   41645176 total
[2024-02-23T10:22:50.564+0000][4616][gc,heap     ] GC(368) Eden regions: 192->0(39)
[2024-02-23T10:22:50.564+0000][4616][gc,heap     ] GC(368) Survivor regions: 7->11(25)
[2024-02-23T10:22:50.564+0000][4616][gc,heap     ] GC(368) Old regions: 104->104
[2024-02-23T10:22:50.564+0000][4616][gc,heap     ] GC(368) Archive regions: 0->0
[2024-02-23T10:22:50.564+0000][4616][gc,heap     ] GC(368) Humongous regions: 2->2
[2024-02-23T10:22:50.564+0000][4616][gc,metaspace] GC(368) Metaspace: 131814K(137088K)->131814K(137088K) NonClass: 114837K(117824K)->114837K(117824K) Class: 16977K(19264K)->16977K(19264K)
[2024-02-23T10:22:50.564+0000][4616][gc          ] GC(368) Pause Young (Prepare Mixed) (G1 Evacuation Pause) 1217M->463M(4040M) 17.825ms
[2024-02-23T10:22:50.564+0000][4616][gc,cpu      ] GC(368) User=0.03s Sys=0.00s Real=0.02s
[2024-02-23T10:22:50.564+0000][4616][safepoint   ] Safepoint "G1CollectForAllocation", Time since last: 4224382900 ns, Reaching safepoint: 156700 ns, At safepoint: 18037600 ns, Total: 18194300 ns
[2024-02-23T10:22:51.671+0000][4616][gc,start    ] GC(369) Pause Young (Mixed) (G1 Evacuation Pause)
[2024-02-23T10:22:51.671+0000][4616][gc,task     ] GC(369) Using 8 workers of 8 for evacuation
[2024-02-23T10:22:51.671+0000][4616][gc,age      ] GC(369) Desired survivor size 14680064 bytes, new threshold 1 (max threshold 15)
[2024-02-23T10:22:51.779+0000][4616][gc,phases   ] GC(369)   Pre Evacuate Collection Set: 3.5ms
[2024-02-23T10:22:51.779+0000][4616][gc,phases   ] GC(369)   Merge Heap Roots: 0.3ms
[2024-02-23T10:22:51.779+0000][4616][gc,phases   ] GC(369)   Evacuate Collection Set: 100.0ms
[2024-02-23T10:22:51.779+0000][4616][gc,phases   ] GC(369)   Post Evacuate Collection Set: 1.2ms
[2024-02-23T10:22:51.779+0000][4616][gc,phases   ] GC(369)   Other: 0.3ms
[2024-02-23T10:22:51.779+0000][4616][gc,age      ] GC(369) Age table with threshold 1 (max threshold 15)
[2024-02-23T10:22:51.779+0000][4616][gc,age      ] GC(369) - age   1:    8654184 bytes,    8654184 total
[2024-02-23T10:22:51.779+0000][4616][gc,heap     ] GC(369) Eden regions: 39->0(394)
[2024-02-23T10:22:51.779+0000][4616][gc,heap     ] GC(369) Survivor regions: 11->3(7)
[2024-02-23T10:22:51.779+0000][4616][gc,heap     ] GC(369) Old regions: 104->105
[2024-02-23T10:22:51.779+0000][4616][gc,heap     ] GC(369) Archive regions: 0->0
[2024-02-23T10:22:51.779+0000][4616][gc,heap     ] GC(369) Humongous regions: 2->2
[2024-02-23T10:22:51.779+0000][4616][gc,metaspace] GC(369) Metaspace: 131814K(137088K)->131814K(137088K) NonClass: 114837K(117824K)->114837K(117824K) Class: 16977K(19264K)->16977K(19264K)
[2024-02-23T10:22:51.779+0000][4616][gc          ] GC(369) Pause Young (Mixed) (G1 Evacuation Pause) 619M->433M(4040M) 105.833ms
[2024-02-23T10:22:51.779+0000][4616][gc,cpu      ] GC(369) User=0.17s Sys=0.30s Real=0.11s
[2024-02-23T10:22:51.784+0000][4616][safepoint   ] Safepoint "G1CollectForAllocation", Time since last: 1098541800 ns, Reaching safepoint: 129700 ns, At safepoint: 106535100 ns, Total: 106664800 ns
[2024-02-23T10:22:57.831+0000][4616][safepoint   ] Safepoint "Cleanup", Time since last: 6047075600 ns, Reaching safepoint: 191000 ns, At safepoint: 27200 ns, Total: 218200 ns
[2024-02-23T10:22:58.836+0000][4616][safepoint   ] Safepoint "Cleanup", Time since last: 1003790700 ns, Reaching safepoint: 642900 ns, At safepoint: 122100 ns, Total: 765000 ns
[2024-02-23T10:23:04.533+0000][4616][gc,start    ] GC(370) Pause Young (Concurrent Start) (G1 Evacuation Pause)
[2024-02-23T10:23:04.533+0000][4616][gc,task     ] GC(370) Using 8 workers of 8 for evacuation
[2024-02-23T10:23:04.533+0000][4616][gc,age      ] GC(370) Desired survivor size 104857600 bytes, new threshold 15 (max threshold 15)
[2024-02-23T10:23:04.554+0000][4616][gc,phases   ] GC(370)   Pre Evacuate Collection Set: 0.5ms
[2024-02-23T10:23:04.554+0000][4616][gc,phases   ] GC(370)   Merge Heap Roots: 2.4ms
[2024-02-23T10:23:04.554+0000][4616][gc,phases   ] GC(370)   Evacuate Collection Set: 10.9ms
[2024-02-23T10:23:04.554+0000][4616][gc,phases   ] GC(370)   Post Evacuate Collection Set: 1.4ms
[2024-02-23T10:23:04.554+0000][4616][gc,phases   ] GC(370)   Other: 0.2ms
[2024-02-23T10:23:04.554+0000][4616][gc,age      ] GC(370) Age table with threshold 15 (max threshold 15)
[2024-02-23T10:23:04.554+0000][4616][gc,age      ] GC(370) - age   1:   39006008 bytes,   39006008 total
[2024-02-23T10:23:04.554+0000][4616][gc,age      ] GC(370) - age   2:    1957224 bytes,   40963232 total
[2024-02-23T10:23:04.554+0000][4616][gc,heap     ] GC(370) Eden regions: 394->0(302)
[2024-02-23T10:23:04.554+0000][4616][gc,heap     ] GC(370) Survivor regions: 3->11(50)
[2024-02-23T10:23:04.554+0000][4616][gc,heap     ] GC(370) Old regions: 105->105
[2024-02-23T10:23:04.554+0000][4616][gc,heap     ] GC(370) Archive regions: 0->0
[2024-02-23T10:23:04.554+0000][4616][gc,heap     ] GC(370) Humongous regions: 2->2
[2024-02-23T10:23:04.554+0000][4616][gc,metaspace] GC(370) Metaspace: 131814K(137088K)->131814K(137088K) NonClass: 114837K(117824K)->114837K(117824K) Class: 16977K(19264K)->16977K(19264K)
[2024-02-23T10:23:04.554+0000][4616][gc          ] GC(370) Pause Young (Concurrent Start) (G1 Evacuation Pause) 2009M->464M(4040M) 15.766ms
[2024-02-23T10:23:04.554+0000][4616][gc          ] GC(371) Concurrent Mark Cycle
[2024-02-23T10:23:04.554+0000][4616][gc,cpu      ] GC(370) User=0.09s Sys=0.00s Real=0.02s
[2024-02-23T10:23:04.554+0000][4616][gc,marking  ] GC(371) Concurrent Clear Claimed Marks
[2024-02-23T10:23:04.554+0000][4616][safepoint   ] Safepoint "G1CollectForAllocation", Time since last: 5703340000 ns, Reaching safepoint: 112200 ns, At safepoint: 15955100 ns, Total: 16067300 ns
[2024-02-23T10:23:04.554+0000][4616][gc,marking  ] GC(371) Concurrent Clear Claimed Marks 0.316ms
[2024-02-23T10:23:04.554+0000][4616][gc,marking  ] GC(371) Concurrent Scan Root Regions
[2024-02-23T10:23:04.554+0000][4616][gc,marking  ] GC(371) Concurrent Scan Root Regions 2.883ms
[2024-02-23T10:23:04.554+0000][4616][gc,marking  ] GC(371) Concurrent Mark
[2024-02-23T10:23:04.554+0000][4616][gc,marking  ] GC(371) Concurrent Mark From Roots
[2024-02-23T10:23:04.554+0000][4616][gc,task     ] GC(371) Using 2 workers of 2 for marking
[2024-02-23T10:23:04.760+0000][4616][gc,marking  ] GC(371) Concurrent Mark From Roots 206.823ms
[2024-02-23T10:23:04.760+0000][4616][gc,marking  ] GC(371) Concurrent Preclean
[2024-02-23T10:23:04.760+0000][4616][gc,marking  ] GC(371) Concurrent Preclean 0.850ms
[2024-02-23T10:23:04.760+0000][4616][gc,start    ] GC(371) Pause Remark
[2024-02-23T10:23:04.783+0000][4616][gc          ] GC(371) Pause Remark 506M->506M(4040M) 17.630ms
[2024-02-23T10:23:04.783+0000][4616][gc,cpu      ] GC(371) User=0.06s Sys=0.00s Real=0.02s
[2024-02-23T10:23:04.783+0000][4616][safepoint   ] Safepoint "G1Concurrent", Time since last: 211012100 ns, Reaching safepoint: 136700 ns, At safepoint: 17802000 ns, Total: 17938700 ns
[2024-02-23T10:23:04.783+0000][4616][gc,marking  ] GC(371) Concurrent Mark 225.821ms
[2024-02-23T10:23:04.783+0000][4616][gc,marking  ] GC(371) Concurrent Rebuild Remembered Sets
[2024-02-23T10:23:04.895+0000][4616][gc,marking  ] GC(371) Concurrent Rebuild Remembered Sets 116.448ms
[2024-02-23T10:23:04.895+0000][4616][gc,start    ] GC(371) Pause Cleanup
[2024-02-23T10:23:04.895+0000][4616][gc          ] GC(371) Pause Cleanup 520M->520M(4040M) 0.379ms
[2024-02-23T10:23:04.895+0000][4616][gc,cpu      ] GC(371) User=0.00s Sys=0.00s Real=0.00s
[2024-02-23T10:23:04.895+0000][4616][safepoint   ] Safepoint "G1Concurrent", Time since last: 116680500 ns, Reaching safepoint: 100600 ns, At safepoint: 504700 ns, Total: 605300 ns
[2024-02-23T10:23:04.895+0000][4616][gc,marking  ] GC(371) Concurrent Cleanup for Next Mark
[2024-02-23T10:23:04.910+0000][4616][gc,marking  ] GC(371) Concurrent Cleanup for Next Mark 9.211ms
[2024-02-23T10:23:04.910+0000][4616][gc          ] GC(371) Concurrent Mark Cycle 355.691ms
[2024-02-23T10:23:06.913+0000][4616][safepoint   ] Safepoint "Cleanup", Time since last: 2011338300 ns, Reaching safepoint: 162800 ns, At safepoint: 41500 ns, Total: 204300 ns
[2024-02-23T10:23:10.934+0000][4616][safepoint   ] Safepoint "Cleanup", Time since last: 4020269100 ns, Reaching safepoint: 149600 ns, At safepoint: 20700 ns, Total: 170300 ns
[2024-02-23T10:23:16.951+0000][4616][gc,start    ] GC(372) Pause Young (Prepare Mixed) (G1 Evacuation Pause)
[2024-02-23T10:23:16.951+0000][4616][gc,task     ] GC(372) Using 8 workers of 8 for evacuation
[2024-02-23T10:23:16.951+0000][4616][gc,age      ] GC(372) Desired survivor size 100663296 bytes, new threshold 15 (max threshold 15)
[2024-02-23T10:23:16.968+0000][4616][gc,phases   ] GC(372)   Pre Evacuate Collection Set: 0.3ms
[2024-02-23T10:23:16.968+0000][4616][gc,phases   ] GC(372)   Merge Heap Roots: 0.4ms
[2024-02-23T10:23:16.968+0000][4616][gc,phases   ] GC(372)   Evacuate Collection Set: 18.3ms
[2024-02-23T10:23:16.968+0000][4616][gc,phases   ] GC(372)   Post Evacuate Collection Set: 2.2ms
[2024-02-23T10:23:16.968+0000][4616][gc,phases   ] GC(372)   Other: 0.4ms
[2024-02-23T10:23:16.968+0000][4616][gc,age      ] GC(372) Age table with threshold 15 (max threshold 15)
[2024-02-23T10:23:16.968+0000][4616][gc,age      ] GC(372) - age   1:   36258448 bytes,   36258448 total
[2024-02-23T10:23:16.968+0000][4616][gc,age      ] GC(372) - age   2:   18996672 bytes,   55255120 total
[2024-02-23T10:23:16.968+0000][4616][gc,age      ] GC(372) - age   3:    1809360 bytes,   57064480 total
[2024-02-23T10:23:16.968+0000][4616][gc,heap     ] GC(372) Eden regions: 371->0(35)
[2024-02-23T10:23:16.968+0000][4616][gc,heap     ] GC(372) Survivor regions: 11->15(48)
[2024-02-23T10:23:16.968+0000][4616][gc,heap     ] GC(372) Old regions: 105->105
[2024-02-23T10:23:16.968+0000][4616][gc,heap     ] GC(372) Archive regions: 0->0
[2024-02-23T10:23:16.968+0000][4616][gc,heap     ] GC(372) Humongous regions: 2->2
[2024-02-23T10:23:16.968+0000][4616][gc,metaspace] GC(372) Metaspace: 131820K(137088K)->131820K(137088K) NonClass: 114843K(117824K)->114843K(117824K) Class: 16977K(19264K)->16977K(19264K)
[2024-02-23T10:23:16.968+0000][4616][gc          ] GC(372) Pause Young (Prepare Mixed) (G1 Evacuation Pause) 1948M->483M(4040M) 22.630ms
[2024-02-23T10:23:16.968+0000][4616][gc,cpu      ] GC(372) User=0.12s Sys=0.00s Real=0.02s
[2024-02-23T10:23:16.968+0000][4616][safepoint   ] Safepoint "G1CollectForAllocation", Time since last: 6018097900 ns, Reaching safepoint: 140200 ns, At safepoint: 23076500 ns, Total: 23216700 ns
[2024-02-23T10:23:18.054+0000][4616][gc,start    ] GC(373) Pause Young (Mixed) (G1 Evacuation Pause)
[2024-02-23T10:23:18.054+0000][4616][gc,task     ] GC(373) Using 8 workers of 8 for evacuation
[2024-02-23T10:23:18.054+0000][4616][gc,age      ] GC(373) Desired survivor size 14680064 bytes, new threshold 1 (max threshold 15)
[2024-02-23T10:23:18.428+0000][4616][gc,mmu      ] GC(373) MMU target violated: 201.0ms (200.0ms/201.0ms)
[2024-02-23T10:23:18.428+0000][4616][gc,phases   ] GC(373)   Pre Evacuate Collection Set: 0.3ms
[2024-02-23T10:23:18.428+0000][4616][gc,phases   ] GC(373)   Merge Heap Roots: 0.3ms
[2024-02-23T10:23:18.428+0000][4616][gc,phases   ] GC(373)   Evacuate Collection Set: 358.6ms
[2024-02-23T10:23:18.428+0000][4616][gc,phases   ] GC(373)   Post Evacuate Collection Set: 1.2ms
[2024-02-23T10:23:18.428+0000][4616][gc,phases   ] GC(373)   Other: 0.4ms
[2024-02-23T10:23:18.428+0000][4616][gc,age      ] GC(373) Age table with threshold 1 (max threshold 15)
[2024-02-23T10:23:18.428+0000][4616][gc,age      ] GC(373) - age   1:    6570440 bytes,    6570440 total
[2024-02-23T10:23:18.428+0000][4616][gc,heap     ] GC(373) Eden regions: 35->0(277)
[2024-02-23T10:23:18.428+0000][4616][gc,heap     ] GC(373) Survivor regions: 15->3(7)
[2024-02-23T10:23:18.428+0000][4616][gc,heap     ] GC(373) Old regions: 105->109
[2024-02-23T10:23:18.428+0000][4616][gc,heap     ] GC(373) Archive regions: 0->0
[2024-02-23T10:23:18.428+0000][4616][gc,heap     ] GC(373) Humongous regions: 2->2
[2024-02-23T10:23:18.428+0000][4616][gc,metaspace] GC(373) Metaspace: 131820K(137088K)->131820K(137088K) NonClass: 114843K(117824K)->114843K(117824K) Class: 16977K(19264K)->16977K(19264K)
[2024-02-23T10:23:18.428+0000][4616][gc          ] GC(373) Pause Young (Mixed) (G1 Evacuation Pause) 623M->454M(4040M) 361.470ms
[2024-02-23T10:23:18.428+0000][4616][gc,cpu      ] GC(373) User=0.12s Sys=1.05s Real=0.37s
[2024-02-23T10:23:18.428+0000][4616][safepoint   ] Safepoint "G1CollectForAllocation", Time since last: 1092799100 ns, Reaching safepoint: 189300 ns, At safepoint: 362264400 ns, Total: 362453700 ns
[2024-02-23T10:23:26.746+0000][4616][gc,start    ] GC(374) Pause Young (Concurrent Start) (G1 Evacuation Pause)
[2024-02-23T10:23:26.746+0000][4616][gc,task     ] GC(374) Using 8 workers of 8 for evacuation
[2024-02-23T10:23:26.746+0000][4616][gc,age      ] GC(374) Desired survivor size 73400320 bytes, new threshold 15 (max threshold 15)
[2024-02-23T10:23:26.766+0000][4616][gc,phases   ] GC(374)   Pre Evacuate Collection Set: 1.1ms
[2024-02-23T10:23:26.766+0000][4616][gc,phases   ] GC(374)   Merge Heap Roots: 0.4ms
[2024-02-23T10:23:26.766+0000][4616][gc,phases   ] GC(374)   Evacuate Collection Set: 15.6ms
[2024-02-23T10:23:26.766+0000][4616][gc,phases   ] GC(374)   Post Evacuate Collection Set: 2.0ms
[2024-02-23T10:23:26.767+0000][4616][gc,phases   ] GC(374)   Other: 0.5ms
[2024-02-23T10:23:26.767+0000][4616][gc,age      ] GC(374) Age table with threshold 15 (max threshold 15)
[2024-02-23T10:23:26.767+0000][4616][gc,age      ] GC(374) - age   1:   47771784 bytes,   47771784 total
[2024-02-23T10:23:26.767+0000][4616][gc,age      ] GC(374) - age   2:    1502504 bytes,   49274288 total
[2024-02-23T10:23:26.767+0000][4616][gc,heap     ] GC(374) Eden regions: 277->0(115)
[2024-02-23T10:23:26.767+0000][4616][gc,heap     ] GC(374) Survivor regions: 3->13(35)
[2024-02-23T10:23:26.767+0000][4616][gc,heap     ] GC(374) Old regions: 109->109
[2024-02-23T10:23:26.767+0000][4616][gc,heap     ] GC(374) Archive regions: 0->0
[2024-02-23T10:23:26.767+0000][4616][gc,heap     ] GC(374) Humongous regions: 2->2
[2024-02-23T10:23:26.767+0000][4616][gc,metaspace] GC(374) Metaspace: 131820K(137088K)->131820K(137088K) NonClass: 114843K(117824K)->114843K(117824K) Class: 16977K(19264K)->16977K(19264K)
[2024-02-23T10:23:26.767+0000][4616][gc          ] GC(374) Pause Young (Concurrent Start) (G1 Evacuation Pause) 1562M->492M(4040M) 21.024ms
[2024-02-23T10:23:26.767+0000][4616][gc          ] GC(375) Concurrent Mark Cycle
[2024-02-23T10:23:26.767+0000][4616][gc,cpu      ] GC(374) User=0.02s Sys=0.02s Real=0.03s
[2024-02-23T10:23:26.767+0000][4616][gc,marking  ] GC(375) Concurrent Clear Claimed Marks
[2024-02-23T10:23:26.767+0000][4616][gc,marking  ] GC(375) Concurrent Clear Claimed Marks 0.424ms
[2024-02-23T10:23:26.767+0000][4616][safepoint   ] Safepoint "G1CollectForAllocation", Time since last: 8315848500 ns, Reaching safepoint: 214600 ns, At safepoint: 21819500 ns, Total: 22034100 ns
[2024-02-23T10:23:26.767+0000][4616][gc,marking  ] GC(375) Concurrent Scan Root Regions
[2024-02-23T10:23:26.773+0000][4616][gc,marking  ] GC(375) Concurrent Scan Root Regions 8.055ms
[2024-02-23T10:23:26.773+0000][4616][gc,marking  ] GC(375) Concurrent Mark
[2024-02-23T10:23:26.773+0000][4616][gc,marking  ] GC(375) Concurrent Mark From Roots
[2024-02-23T10:23:26.773+0000][4616][gc,task     ] GC(375) Using 2 workers of 2 for marking
[2024-02-23T10:23:27.065+0000][4616][gc,marking  ] GC(375) Concurrent Mark From Roots 288.988ms
[2024-02-23T10:23:27.065+0000][4616][gc,marking  ] GC(375) Concurrent Preclean
[2024-02-23T10:23:27.066+0000][4616][gc,marking  ] GC(375) Concurrent Preclean 0.776ms
[2024-02-23T10:23:27.066+0000][4616][gc,start    ] GC(375) Pause Remark
[2024-02-23T10:23:27.078+0000][4616][gc          ] GC(375) Pause Remark 546M->546M(4040M) 11.444ms
[2024-02-23T10:23:27.078+0000][4616][gc,cpu      ] GC(375) User=0.05s Sys=0.02s Real=0.01s
[2024-02-23T10:23:27.078+0000][4616][safepoint   ] Safepoint "G1Concurrent", Time since last: 298216200 ns, Reaching safepoint: 111700 ns, At safepoint: 11570500 ns, Total: 11682200 ns
[2024-02-23T10:23:27.078+0000][4616][gc,marking  ] GC(375) Concurrent Mark 301.668ms
[2024-02-23T10:23:27.078+0000][4616][gc,marking  ] GC(375) Concurrent Rebuild Remembered Sets
[2024-02-23T10:23:27.246+0000][4616][gc,marking  ] GC(375) Concurrent Rebuild Remembered Sets 168.825ms
[2024-02-23T10:23:27.246+0000][4616][gc,start    ] GC(375) Pause Cleanup
[2024-02-23T10:23:27.247+0000][4616][gc          ] GC(375) Pause Cleanup 570M->570M(4040M) 0.414ms
[2024-02-23T10:23:27.247+0000][4616][gc,cpu      ] GC(375) User=0.00s Sys=0.00s Real=0.00s
[2024-02-23T10:23:27.247+0000][4616][safepoint   ] Safepoint "G1Concurrent", Time since last: 169071700 ns, Reaching safepoint: 85100 ns, At safepoint: 570600 ns, Total: 655700 ns
[2024-02-23T10:23:27.247+0000][4616][gc,marking  ] GC(375) Concurrent Cleanup for Next Mark
[2024-02-23T10:23:27.247+0000][4616][gc,marking  ] GC(375) Concurrent Cleanup for Next Mark 6.161ms
[2024-02-23T10:23:27.247+0000][4616][gc          ] GC(375) Concurrent Mark Cycle 486.495ms
[2024-02-23T10:23:30.988+0000][4616][gc,start    ] GC(376) Pause Young (Prepare Mixed) (G1 Evacuation Pause)
[2024-02-23T10:23:30.988+0000][4616][gc,task     ] GC(376) Using 8 workers of 8 for evacuation
[2024-02-23T10:23:30.988+0000][4616][gc,age      ] GC(376) Desired survivor size 41943040 bytes, new threshold 1 (max threshold 15)
[2024-02-23T10:23:31.143+0000][4616][gc,phases   ] GC(376)   Pre Evacuate Collection Set: 0.4ms
[2024-02-23T10:23:31.143+0000][4616][gc,phases   ] GC(376)   Merge Heap Roots: 0.3ms
[2024-02-23T10:23:31.143+0000][4616][gc,phases   ] GC(376)   Evacuate Collection Set: 144.9ms
[2024-02-23T10:23:31.143+0000][4616][gc,phases   ] GC(376)   Post Evacuate Collection Set: 1.1ms
[2024-02-23T10:23:31.143+0000][4616][gc,phases   ] GC(376)   Other: 0.7ms
[2024-02-23T10:23:31.143+0000][4616][gc,age      ] GC(376) Age table with threshold 1 (max threshold 15)
[2024-02-23T10:23:31.143+0000][4616][gc,age      ] GC(376) - age   1:   28295640 bytes,   28295640 total
[2024-02-23T10:23:31.143+0000][4616][gc,heap     ] GC(376) Eden regions: 145->0(42)
[2024-02-23T10:23:31.143+0000][4616][gc,heap     ] GC(376) Survivor regions: 13->8(20)
[2024-02-23T10:23:31.143+0000][4616][gc,heap     ] GC(376) Old regions: 109->117
[2024-02-23T10:23:31.143+0000][4616][gc,heap     ] GC(376) Archive regions: 0->0
[2024-02-23T10:23:31.143+0000][4616][gc,heap     ] GC(376) Humongous regions: 2->2
[2024-02-23T10:23:31.143+0000][4616][gc,metaspace] GC(376) Metaspace: 131820K(137088K)->131820K(137088K) NonClass: 114843K(117824K)->114843K(117824K) Class: 16977K(19264K)->16977K(19264K)
[2024-02-23T10:23:31.143+0000][4616][gc          ] GC(376) Pause Young (Prepare Mixed) (G1 Evacuation Pause) 1072M->502M(4040M) 147.984ms
[2024-02-23T10:23:31.143+0000][4616][gc,cpu      ] GC(376) User=0.03s Sys=0.56s Real=0.15s
[2024-02-23T10:23:31.143+0000][4616][safepoint   ] Safepoint "G1CollectForAllocation", Time since last: 3749039900 ns, Reaching safepoint: 191800 ns, At safepoint: 148307300 ns, Total: 148499100 ns
[2024-02-23T10:23:32.117+0000][4616][gc,start    ] GC(377) Pause Young (Mixed) (G1 Evacuation Pause)
[2024-02-23T10:23:32.118+0000][4616][gc,task     ] GC(377) Using 8 workers of 8 for evacuation
[2024-02-23T10:23:32.118+0000][4616][gc,age      ] GC(377) Desired survivor size 14680064 bytes, new threshold 1 (max threshold 15)
[2024-02-23T10:23:32.187+0000][4616][gc,phases   ] GC(377)   Pre Evacuate Collection Set: 2.4ms
[2024-02-23T10:23:32.187+0000][4616][gc,phases   ] GC(377)   Merge Heap Roots: 0.2ms
[2024-02-23T10:23:32.187+0000][4616][gc,phases   ] GC(377)   Evacuate Collection Set: 65.9ms
[2024-02-23T10:23:32.187+0000][4616][gc,phases   ] GC(377)   Post Evacuate Collection Set: 0.5ms
[2024-02-23T10:23:32.187+0000][4616][gc,phases   ] GC(377)   Other: 0.3ms
[2024-02-23T10:23:32.187+0000][4616][gc,age      ] GC(377) Age table with threshold 1 (max threshold 15)
[2024-02-23T10:23:32.187+0000][4616][gc,age      ] GC(377) - age   1:    6734712 bytes,    6734712 total
[2024-02-23T10:23:32.187+0000][4616][gc,heap     ] GC(377) Eden regions: 42->0(420)
[2024-02-23T10:23:32.187+0000][4616][gc,heap     ] GC(377) Survivor regions: 8->3(7)
[2024-02-23T10:23:32.187+0000][4616][gc,heap     ] GC(377) Old regions: 117->114
[2024-02-23T10:23:32.187+0000][4616][gc,heap     ] GC(377) Archive regions: 0->0
[2024-02-23T10:23:32.187+0000][4616][gc,heap     ] GC(377) Humongous regions: 2->2
[2024-02-23T10:23:32.187+0000][4616][gc,metaspace] GC(377) Metaspace: 131820K(137088K)->131820K(137088K) NonClass: 114843K(117824K)->114843K(117824K) Class: 16977K(19264K)->16977K(19264K)
[2024-02-23T10:23:32.187+0000][4616][gc          ] GC(377) Pause Young (Mixed) (G1 Evacuation Pause) 670M->473M(4040M) 69.594ms
[2024-02-23T10:23:32.187+0000][4616][gc,cpu      ] GC(377) User=0.00s Sys=0.12s Real=0.07s
[2024-02-23T10:23:32.187+0000][4616][safepoint   ] Safepoint "G1CollectForAllocation", Time since last: 972431300 ns, Reaching safepoint: 113600 ns, At safepoint: 69995500 ns, Total: 70109100 ns
[2024-02-23T10:23:38.221+0000][4616][safepoint   ] Safepoint "Cleanup", Time since last: 6033269900 ns, Reaching safepoint: 182000 ns, At safepoint: 92900 ns, Total: 274900 ns
[2024-02-23T10:23:44.480+0000][4616][gc,start    ] GC(378) Pause Young (Concurrent Start) (G1 Evacuation Pause)
[2024-02-23T10:23:44.480+0000][4616][gc,task     ] GC(378) Using 8 workers of 8 for evacuation
[2024-02-23T10:23:44.480+0000][4616][gc,age      ] GC(378) Desired survivor size 111149056 bytes, new threshold 15 (max threshold 15)
[2024-02-23T10:23:44.503+0000][4616][gc,phases   ] GC(378)   Pre Evacuate Collection Set: 0.6ms
[2024-02-23T10:23:44.503+0000][4616][gc,phases   ] GC(378)   Merge Heap Roots: 0.4ms
[2024-02-23T10:23:44.503+0000][4616][gc,phases   ] GC(378)   Evacuate Collection Set: 17.6ms
[2024-02-23T10:23:44.503+0000][4616][gc,phases   ] GC(378)   Post Evacuate Collection Set: 1.7ms
[2024-02-23T10:23:44.503+0000][4616][gc,phases   ] GC(378)   Other: 2.2ms
[2024-02-23T10:23:44.503+0000][4616][gc,age      ] GC(378) Age table with threshold 15 (max threshold 15)
[2024-02-23T10:23:44.503+0000][4616][gc,age      ] GC(378) - age   1:   59329200 bytes,   59329200 total
[2024-02-23T10:23:44.503+0000][4616][gc,age      ] GC(378) - age   2:    1111472 bytes,   60440672 total
[2024-02-23T10:23:44.503+0000][4616][gc,heap     ] GC(378) Eden regions: 420->0(206)
[2024-02-23T10:23:44.503+0000][4616][gc,heap     ] GC(378) Survivor regions: 3->15(53)
[2024-02-23T10:23:44.503+0000][4616][gc,heap     ] GC(378) Old regions: 114->114
[2024-02-23T10:23:44.503+0000][4616][gc,heap     ] GC(378) Archive regions: 0->0
[2024-02-23T10:23:44.503+0000][4616][gc,heap     ] GC(378) Humongous regions: 2->2
[2024-02-23T10:23:44.503+0000][4616][gc,metaspace] GC(378) Metaspace: 131820K(137088K)->131820K(137088K) NonClass: 114843K(117824K)->114843K(117824K) Class: 16977K(19264K)->16977K(19264K)
[2024-02-23T10:23:44.503+0000][4616][gc          ] GC(378) Pause Young (Concurrent Start) (G1 Evacuation Pause) 2153M->522M(4040M) 23.277ms
[2024-02-23T10:23:44.503+0000][4616][gc,cpu      ] GC(378) User=0.00s Sys=0.03s Real=0.02s
[2024-02-23T10:23:44.504+0000][4616][gc          ] GC(379) Concurrent Mark Cycle
[2024-02-23T10:23:44.504+0000][4616][safepoint   ] Safepoint "G1CollectForAllocation", Time since last: 6258921800 ns, Reaching safepoint: 157200 ns, At safepoint: 23526500 ns, Total: 23683700 ns
[2024-02-23T10:23:44.504+0000][4616][gc,marking  ] GC(379) Concurrent Clear Claimed Marks
[2024-02-23T10:23:44.504+0000][4616][gc,marking  ] GC(379) Concurrent Clear Claimed Marks 0.413ms
[2024-02-23T10:23:44.504+0000][4616][gc,marking  ] GC(379) Concurrent Scan Root Regions
[2024-02-23T10:23:44.512+0000][4616][gc,marking  ] GC(379) Concurrent Scan Root Regions 9.011ms
[2024-02-23T10:23:44.512+0000][4616][gc,marking  ] GC(379) Concurrent Mark
[2024-02-23T10:23:44.512+0000][4616][gc,marking  ] GC(379) Concurrent Mark From Roots
[2024-02-23T10:23:44.512+0000][4616][gc,task     ] GC(379) Using 2 workers of 2 for marking
[2024-02-23T10:23:44.689+0000][4616][gc,marking  ] GC(379) Concurrent Mark From Roots 188.968ms
[2024-02-23T10:23:44.689+0000][4616][gc,marking  ] GC(379) Concurrent Preclean
[2024-02-23T10:23:44.689+0000][4616][gc,marking  ] GC(379) Concurrent Preclean 0.625ms
[2024-02-23T10:23:44.689+0000][4616][gc,start    ] GC(379) Pause Remark
[2024-02-23T10:23:44.712+0000][4616][gc          ] GC(379) Pause Remark 558M->558M(4040M) 8.831ms
[2024-02-23T10:23:44.712+0000][4616][gc,cpu      ] GC(379) User=0.17s Sys=0.00s Real=0.02s
[2024-02-23T10:23:44.712+0000][4616][safepoint   ] Safepoint "G1Concurrent", Time since last: 199458900 ns, Reaching safepoint: 84000 ns, At safepoint: 9024000 ns, Total: 9108000 ns
[2024-02-23T10:23:44.712+0000][4616][gc,marking  ] GC(379) Concurrent Mark 198.933ms
[2024-02-23T10:23:44.712+0000][4616][gc,marking  ] GC(379) Concurrent Rebuild Remembered Sets
[2024-02-23T10:23:44.842+0000][4616][gc,marking  ] GC(379) Concurrent Rebuild Remembered Sets 130.854ms
[2024-02-23T10:23:44.842+0000][4616][gc,start    ] GC(379) Pause Cleanup
[2024-02-23T10:23:44.842+0000][4616][gc          ] GC(379) Pause Cleanup 574M->574M(4040M) 0.358ms
[2024-02-23T10:23:44.842+0000][4616][gc,cpu      ] GC(379) User=0.00s Sys=0.00s Real=0.00s
[2024-02-23T10:23:44.842+0000][4616][safepoint   ] Safepoint "G1Concurrent", Time since last: 131075400 ns, Reaching safepoint: 101500 ns, At safepoint: 485900 ns, Total: 587400 ns
[2024-02-23T10:23:44.842+0000][4616][gc,marking  ] GC(379) Concurrent Cleanup for Next Mark
[2024-02-23T10:23:44.853+0000][4616][gc,marking  ] GC(379) Concurrent Cleanup for Next Mark 9.307ms
[2024-02-23T10:23:44.853+0000][4616][gc          ] GC(379) Concurrent Mark Cycle 349.727ms
[2024-02-23T10:23:54.587+0000][4616][gc,start    ] GC(380) Pause Young (Prepare Mixed) (G1 Evacuation Pause)
[2024-02-23T10:23:54.587+0000][4616][gc,task     ] GC(380) Using 8 workers of 8 for evacuation
[2024-02-23T10:23:54.587+0000][4616][gc,age      ] GC(380) Desired survivor size 71303168 bytes, new threshold 15 (max threshold 15)
[2024-02-23T10:23:54.606+0000][4616][gc,phases   ] GC(380)   Pre Evacuate Collection Set: 0.4ms
[2024-02-23T10:23:54.606+0000][4616][gc,phases   ] GC(380)   Merge Heap Roots: 0.5ms
[2024-02-23T10:23:54.606+0000][4616][gc,phases   ] GC(380)   Evacuate Collection Set: 19.1ms
[2024-02-23T10:23:54.606+0000][4616][gc,phases   ] GC(380)   Post Evacuate Collection Set: 1.8ms
[2024-02-23T10:23:54.606+0000][4616][gc,phases   ] GC(380)   Other: 0.4ms
[2024-02-23T10:23:54.606+0000][4616][gc,age      ] GC(380) Age table with threshold 15 (max threshold 15)
[2024-02-23T10:23:54.606+0000][4616][gc,age      ] GC(380) - age   1:   43288888 bytes,   43288888 total
[2024-02-23T10:23:54.606+0000][4616][gc,age      ] GC(380) - age   2:   26441088 bytes,   69729976 total
[2024-02-23T10:23:54.606+0000][4616][gc,age      ] GC(380) - age   3:    1034872 bytes,   70764848 total
[2024-02-23T10:23:54.606+0000][4616][gc,heap     ] GC(380) Eden regions: 257->0(32)
[2024-02-23T10:23:54.606+0000][4616][gc,heap     ] GC(380) Survivor regions: 15->18(34)
[2024-02-23T10:23:54.606+0000][4616][gc,heap     ] GC(380) Old regions: 114->114
[2024-02-23T10:23:54.606+0000][4616][gc,heap     ] GC(380) Archive regions: 0->0
[2024-02-23T10:23:54.606+0000][4616][gc,heap     ] GC(380) Humongous regions: 2->2
[2024-02-23T10:23:54.606+0000][4616][gc,metaspace] GC(380) Metaspace: 131822K(137088K)->131822K(137088K) NonClass: 114845K(117824K)->114845K(117824K) Class: 16977K(19264K)->16977K(19264K)
[2024-02-23T10:23:54.606+0000][4616][gc          ] GC(380) Pause Young (Prepare Mixed) (G1 Evacuation Pause) 1550M->533M(4040M) 23.611ms
[2024-02-23T10:23:54.606+0000][4616][gc,cpu      ] GC(380) User=0.12s Sys=0.00s Real=0.02s
[2024-02-23T10:23:54.606+0000][4616][safepoint   ] Safepoint "G1CollectForAllocation", Time since last: 9743859300 ns, Reaching safepoint: 131900 ns, At safepoint: 23925800 ns, Total: 24057700 ns
[2024-02-23T10:23:55.429+0000][4616][gc,start    ] GC(381) Pause Young (Mixed) (G1 Evacuation Pause)
[2024-02-23T10:23:55.429+0000][4616][gc,task     ] GC(381) Using 8 workers of 8 for evacuation
[2024-02-23T10:23:55.429+0000][4616][gc,age      ] GC(381) Desired survivor size 14680064 bytes, new threshold 1 (max threshold 15)
[2024-02-23T10:23:55.737+0000][4616][gc,mmu      ] GC(381) MMU target violated: 201.0ms (200.0ms/201.0ms)
[2024-02-23T10:23:55.737+0000][4616][gc,phases   ] GC(381)   Pre Evacuate Collection Set: 0.3ms
[2024-02-23T10:23:55.737+0000][4616][gc,phases   ] GC(381)   Merge Heap Roots: 0.2ms
[2024-02-23T10:23:55.737+0000][4616][gc,phases   ] GC(381)   Evacuate Collection Set: 302.2ms
[2024-02-23T10:23:55.737+0000][4616][gc,phases   ] GC(381)   Post Evacuate Collection Set: 0.7ms
[2024-02-23T10:23:55.737+0000][4616][gc,phases   ] GC(381)   Other: 0.5ms
[2024-02-23T10:23:55.737+0000][4616][gc,age      ] GC(381) Age table with threshold 1 (max threshold 15)
[2024-02-23T10:23:55.737+0000][4616][gc,age      ] GC(381) - age   1:    6028504 bytes,    6028504 total
[2024-02-23T10:23:55.737+0000][4616][gc,heap     ] GC(381) Eden regions: 32->0(294)
[2024-02-23T10:23:55.737+0000][4616][gc,heap     ] GC(381) Survivor regions: 18->3(7)
[2024-02-23T10:23:55.737+0000][4616][gc,heap     ] GC(381) Old regions: 114->120
[2024-02-23T10:23:55.737+0000][4616][gc,heap     ] GC(381) Archive regions: 0->0
[2024-02-23T10:23:55.737+0000][4616][gc,heap     ] GC(381) Humongous regions: 2->2
[2024-02-23T10:23:55.737+0000][4616][gc,metaspace] GC(381) Metaspace: 131822K(137088K)->131822K(137088K) NonClass: 114845K(117824K)->114845K(117824K) Class: 16977K(19264K)->16977K(19264K)
[2024-02-23T10:23:55.737+0000][4616][gc          ] GC(381) Pause Young (Mixed) (G1 Evacuation Pause) 661M->498M(4040M) 304.098ms
[2024-02-23T10:23:55.737+0000][4616][gc,cpu      ] GC(381) User=0.14s Sys=0.56s Real=0.31s
[2024-02-23T10:23:55.737+0000][4616][safepoint   ] Safepoint "G1CollectForAllocation", Time since last: 821477400 ns, Reaching safepoint: 155600 ns, At safepoint: 304355000 ns, Total: 304510600 ns
[2024-02-23T10:24:04.136+0000][4616][gc,start    ] GC(382) Pause Young (Concurrent Start) (G1 Evacuation Pause)
[2024-02-23T10:24:04.136+0000][4616][gc,task     ] GC(382) Using 8 workers of 8 for evacuation
[2024-02-23T10:24:04.136+0000][4616][gc,age      ] GC(382) Desired survivor size 79691776 bytes, new threshold 15 (max threshold 15)
[2024-02-23T10:24:04.149+0000][4616][gc,phases   ] GC(382)   Pre Evacuate Collection Set: 0.5ms
[2024-02-23T10:24:04.149+0000][4616][gc,phases   ] GC(382)   Merge Heap Roots: 0.1ms
[2024-02-23T10:24:04.149+0000][4616][gc,phases   ] GC(382)   Evacuate Collection Set: 11.1ms
[2024-02-23T10:24:04.149+0000][4616][gc,phases   ] GC(382)   Post Evacuate Collection Set: 1.2ms
[2024-02-23T10:24:04.149+0000][4616][gc,phases   ] GC(382)   Other: 0.2ms
[2024-02-23T10:24:04.149+0000][4616][gc,age      ] GC(382) Age table with threshold 15 (max threshold 15)
[2024-02-23T10:24:04.149+0000][4616][gc,age      ] GC(382) - age   1:   47173336 bytes,   47173336 total
[2024-02-23T10:24:04.149+0000][4616][gc,age      ] GC(382) - age   2:    4117400 bytes,   51290736 total
[2024-02-23T10:24:04.149+0000][4616][gc,heap     ] GC(382) Eden regions: 294->0(189)
[2024-02-23T10:24:04.149+0000][4616][gc,heap     ] GC(382) Survivor regions: 3->13(38)
[2024-02-23T10:24:04.149+0000][4616][gc,heap     ] GC(382) Old regions: 120->120
[2024-02-23T10:24:04.149+0000][4616][gc,heap     ] GC(382) Archive regions: 0->0
[2024-02-23T10:24:04.149+0000][4616][gc,heap     ] GC(382) Humongous regions: 2->2
[2024-02-23T10:24:04.149+0000][4616][gc,metaspace] GC(382) Metaspace: 131836K(137088K)->131836K(137088K) NonClass: 114859K(117824K)->114859K(117824K) Class: 16977K(19264K)->16977K(19264K)
[2024-02-23T10:24:04.149+0000][4616][gc          ] GC(382) Pause Young (Concurrent Start) (G1 Evacuation Pause) 1674M->538M(4040M) 13.457ms
[2024-02-23T10:24:04.149+0000][4616][gc          ] GC(383) Concurrent Mark Cycle
[2024-02-23T10:24:04.149+0000][4616][gc,cpu      ] GC(382) User=0.12s Sys=0.00s Real=0.01s
[2024-02-23T10:24:04.149+0000][4616][gc,marking  ] GC(383) Concurrent Clear Claimed Marks
[2024-02-23T10:24:04.149+0000][4616][safepoint   ] Safepoint "G1CollectForAllocation", Time since last: 8397574600 ns, Reaching safepoint: 118100 ns, At safepoint: 13667100 ns, Total: 13785200 ns
[2024-02-23T10:24:04.149+0000][4616][gc,marking  ] GC(383) Concurrent Clear Claimed Marks 0.233ms
[2024-02-23T10:24:04.149+0000][4616][gc,marking  ] GC(383) Concurrent Scan Root Regions
[2024-02-23T10:24:04.154+0000][4616][gc,marking  ] GC(383) Concurrent Scan Root Regions 5.241ms
[2024-02-23T10:24:04.155+0000][4616][gc,marking  ] GC(383) Concurrent Mark
[2024-02-23T10:24:04.155+0000][4616][gc,marking  ] GC(383) Concurrent Mark From Roots
[2024-02-23T10:24:04.155+0000][4616][gc,task     ] GC(383) Using 2 workers of 2 for marking
[2024-02-23T10:24:04.268+0000][4616][gc,marking  ] GC(383) Concurrent Mark From Roots 113.791ms
[2024-02-23T10:24:04.269+0000][4616][gc,marking  ] GC(383) Concurrent Preclean
[2024-02-23T10:24:04.269+0000][4616][gc,marking  ] GC(383) Concurrent Preclean 0.526ms
[2024-02-23T10:24:04.269+0000][4616][gc,start    ] GC(383) Pause Remark
[2024-02-23T10:24:04.279+0000][4616][gc          ] GC(383) Pause Remark 548M->548M(4040M) 9.733ms
[2024-02-23T10:24:04.279+0000][4616][gc,cpu      ] GC(383) User=0.03s Sys=0.00s Real=0.01s
[2024-02-23T10:24:04.279+0000][4616][safepoint   ] Safepoint "G1Concurrent", Time since last: 119895800 ns, Reaching safepoint: 68900 ns, At safepoint: 9871600 ns, Total: 9940500 ns
[2024-02-23T10:24:04.279+0000][4616][gc,marking  ] GC(383) Concurrent Mark 124.412ms
[2024-02-23T10:24:04.279+0000][4616][gc,marking  ] GC(383) Concurrent Rebuild Remembered Sets
[2024-02-23T10:24:04.355+0000][4616][gc,marking  ] GC(383) Concurrent Rebuild Remembered Sets 89.227ms
[2024-02-23T10:24:04.355+0000][4616][gc,start    ] GC(383) Pause Cleanup
[2024-02-23T10:24:04.371+0000][4616][gc          ] GC(383) Pause Cleanup 550M->550M(4040M) 2.271ms
[2024-02-23T10:24:04.371+0000][4616][gc,cpu      ] GC(383) User=0.00s Sys=0.00s Real=0.02s
[2024-02-23T10:24:04.371+0000][4616][safepoint   ] Safepoint "G1Concurrent", Time since last: 89481800 ns, Reaching safepoint: 97600 ns, At safepoint: 2447800 ns, Total: 2545400 ns
[2024-02-23T10:24:04.371+0000][4616][gc,marking  ] GC(383) Concurrent Cleanup for Next Mark
[2024-02-23T10:24:04.372+0000][4616][gc,marking  ] GC(383) Concurrent Cleanup for Next Mark 9.111ms
[2024-02-23T10:24:04.372+0000][4616][gc          ] GC(383) Concurrent Mark Cycle 231.245ms
[2024-02-23T10:24:07.141+0000][4616][safepoint   ] Safepoint "Cleanup", Time since last: 2769728000 ns, Reaching safepoint: 259500 ns, At safepoint: 12100 ns, Total: 271600 ns
[2024-02-23T10:24:08.143+0000][4616][safepoint   ] Safepoint "Cleanup", Time since last: 1001926600 ns, Reaching safepoint: 227400 ns, At safepoint: 35400 ns, Total: 262800 ns
[2024-02-23T10:24:15.290+0000][4616][gc,start    ] GC(384) Pause Young (Prepare Mixed) (G1 Evacuation Pause)
[2024-02-23T10:24:15.290+0000][4616][gc,task     ] GC(384) Using 8 workers of 8 for evacuation
[2024-02-23T10:24:15.302+0000][4616][gc,age      ] GC(384) Desired survivor size 65011712 bytes, new threshold 15 (max threshold 15)
[2024-02-23T10:24:15.326+0000][4616][gc,phases   ] GC(384)   Pre Evacuate Collection Set: 0.4ms
[2024-02-23T10:24:15.326+0000][4616][gc,phases   ] GC(384)   Merge Heap Roots: 0.5ms
[2024-02-23T10:24:15.326+0000][4616][gc,phases   ] GC(384)   Evacuate Collection Set: 20.0ms
[2024-02-23T10:24:15.326+0000][4616][gc,phases   ] GC(384)   Post Evacuate Collection Set: 2.0ms
[2024-02-23T10:24:15.326+0000][4616][gc,phases   ] GC(384)   Other: 0.5ms
[2024-02-23T10:24:15.326+0000][4616][gc,age      ] GC(384) Age table with threshold 15 (max threshold 15)
[2024-02-23T10:24:15.326+0000][4616][gc,age      ] GC(384) - age   1:   38805520 bytes,   38805520 total
[2024-02-23T10:24:15.326+0000][4616][gc,age      ] GC(384) - age   2:   30484096 bytes,   69289616 total
[2024-02-23T10:24:15.326+0000][4616][gc,age      ] GC(384) - age   3:    2054872 bytes,   71344488 total
[2024-02-23T10:24:15.326+0000][4616][gc,heap     ] GC(384) Eden regions: 228->0(32)
[2024-02-23T10:24:15.326+0000][4616][gc,heap     ] GC(384) Survivor regions: 13->18(31)
[2024-02-23T10:24:15.326+0000][4616][gc,heap     ] GC(384) Old regions: 120->120
[2024-02-23T10:24:15.326+0000][4616][gc,heap     ] GC(384) Archive regions: 0->0
[2024-02-23T10:24:15.326+0000][4616][gc,heap     ] GC(384) Humongous regions: 2->2
[2024-02-23T10:24:15.326+0000][4616][gc,metaspace] GC(384) Metaspace: 131845K(137088K)->131845K(137088K) NonClass: 114868K(117824K)->114868K(117824K) Class: 16977K(19264K)->16977K(19264K)
[2024-02-23T10:24:15.327+0000][4616][gc          ] GC(384) Pause Young (Prepare Mixed) (G1 Evacuation Pause) 1450M->559M(4040M) 24.522ms
[2024-02-23T10:24:15.327+0000][4616][gc,cpu      ] GC(384) User=0.25s Sys=0.00s Real=0.04s
[2024-02-23T10:24:15.327+0000][4616][safepoint   ] Safepoint "G1CollectForAllocation", Time since last: 7158337100 ns, Reaching safepoint: 208300 ns, At safepoint: 25013700 ns, Total: 25222000 ns
[2024-02-23T10:24:16.494+0000][4616][gc,start    ] GC(385) Pause Young (Mixed) (G1 Evacuation Pause)
[2024-02-23T10:24:16.494+0000][4616][gc,task     ] GC(385) Using 8 workers of 8 for evacuation
[2024-02-23T10:24:16.494+0000][4616][gc,age      ] GC(385) Desired survivor size 14680064 bytes, new threshold 1 (max threshold 15)
[2024-02-23T10:24:16.769+0000][4616][gc,mmu      ] GC(385) MMU target violated: 201.0ms (200.0ms/201.0ms)
[2024-02-23T10:24:16.769+0000][4616][gc,phases   ] GC(385)   Pre Evacuate Collection Set: 0.3ms
[2024-02-23T10:24:16.769+0000][4616][gc,phases   ] GC(385)   Merge Heap Roots: 0.2ms
[2024-02-23T10:24:16.769+0000][4616][gc,phases   ] GC(385)   Evacuate Collection Set: 262.5ms
[2024-02-23T10:24:16.769+0000][4616][gc,phases   ] GC(385)   Post Evacuate Collection Set: 1.8ms
[2024-02-23T10:24:16.769+0000][4616][gc,phases   ] GC(385)   Other: 0.3ms
[2024-02-23T10:24:16.769+0000][4616][gc,age      ] GC(385) Age table with threshold 1 (max threshold 15)
[2024-02-23T10:24:16.769+0000][4616][gc,age      ] GC(385) - age   1:    4641984 bytes,    4641984 total
[2024-02-23T10:24:16.769+0000][4616][gc,heap     ] GC(385) Eden regions: 32->0(328)
[2024-02-23T10:24:16.769+0000][4616][gc,heap     ] GC(385) Survivor regions: 18->3(7)
[2024-02-23T10:24:16.769+0000][4616][gc,heap     ] GC(385) Old regions: 120->127
[2024-02-23T10:24:16.769+0000][4616][gc,heap     ] GC(385) Archive regions: 0->0
[2024-02-23T10:24:16.769+0000][4616][gc,heap     ] GC(385) Humongous regions: 2->2
[2024-02-23T10:24:16.769+0000][4616][gc,metaspace] GC(385) Metaspace: 131845K(137088K)->131845K(137088K) NonClass: 114868K(117824K)->114868K(117824K) Class: 16977K(19264K)->16977K(19264K)
[2024-02-23T10:24:16.769+0000][4616][gc          ] GC(385) Pause Young (Mixed) (G1 Evacuation Pause) 687M->525M(4040M) 265.557ms
[2024-02-23T10:24:16.769+0000][4616][gc,cpu      ] GC(385) User=0.06s Sys=0.34s Real=0.28s
[2024-02-23T10:24:16.770+0000][4616][safepoint   ] Safepoint "G1CollectForAllocation", Time since last: 1177222900 ns, Reaching safepoint: 158000 ns, At safepoint: 266154000 ns, Total: 266312000 ns
[2024-02-23T10:24:26.869+0000][4616][safepoint   ] Safepoint "Cleanup", Time since last: 10098599000 ns, Reaching safepoint: 204500 ns, At safepoint: 33200 ns, Total: 237700 ns
[2024-02-23T10:24:28.537+0000][4616][gc,start    ] GC(386) Pause Young (Concurrent Start) (G1 Evacuation Pause)
[2024-02-23T10:24:28.537+0000][4616][gc,task     ] GC(386) Using 8 workers of 8 for evacuation
[2024-02-23T10:24:28.537+0000][4616][gc,age      ] GC(386) Desired survivor size 88080384 bytes, new threshold 15 (max threshold 15)
[2024-02-23T10:24:28.550+0000][4616][gc,phases   ] GC(386)   Pre Evacuate Collection Set: 0.7ms
[2024-02-23T10:24:28.550+0000][4616][gc,phases   ] GC(386)   Merge Heap Roots: 0.4ms
[2024-02-23T10:24:28.550+0000][4616][gc,phases   ] GC(386)   Evacuate Collection Set: 19.1ms
[2024-02-23T10:24:28.550+0000][4616][gc,phases   ] GC(386)   Post Evacuate Collection Set: 1.8ms
[2024-02-23T10:24:28.550+0000][4616][gc,phases   ] GC(386)   Other: 0.2ms
[2024-02-23T10:24:28.550+0000][4616][gc,age      ] GC(386) Age table with threshold 15 (max threshold 15)
[2024-02-23T10:24:28.550+0000][4616][gc,age      ] GC(386) - age   1:   63898504 bytes,   63898504 total
[2024-02-23T10:24:28.550+0000][4616][gc,age      ] GC(386) - age   2:    3910912 bytes,   67809416 total
[2024-02-23T10:24:28.550+0000][4616][gc,heap     ] GC(386) Eden regions: 328->0(151)
[2024-02-23T10:24:28.550+0000][4616][gc,heap     ] GC(386) Survivor regions: 3->17(42)
[2024-02-23T10:24:28.550+0000][4616][gc,heap     ] GC(386) Old regions: 127->127
[2024-02-23T10:24:28.550+0000][4616][gc,heap     ] GC(386) Archive regions: 0->0
[2024-02-23T10:24:28.550+0000][4616][gc,heap     ] GC(386) Humongous regions: 2->2
[2024-02-23T10:24:28.550+0000][4616][gc,metaspace] GC(386) Metaspace: 131846K(137088K)->131846K(137088K) NonClass: 114869K(117824K)->114869K(117824K) Class: 16977K(19264K)->16977K(19264K)
[2024-02-23T10:24:28.550+0000][4616][gc          ] GC(386) Pause Young (Concurrent Start) (G1 Evacuation Pause) 1837M->581M(4040M) 22.986ms
[2024-02-23T10:24:28.550+0000][4616][gc          ] GC(387) Concurrent Mark Cycle
[2024-02-23T10:24:28.550+0000][4616][gc,cpu      ] GC(386) User=0.11s Sys=0.00s Real=0.01s
[2024-02-23T10:24:28.550+0000][4616][gc,marking  ] GC(387) Concurrent Clear Claimed Marks
[2024-02-23T10:24:28.550+0000][4616][safepoint   ] Safepoint "G1CollectForAllocation", Time since last: 1667004000 ns, Reaching safepoint: 123100 ns, At safepoint: 23425700 ns, Total: 23548800 ns
[2024-02-23T10:24:28.550+0000][4616][gc,marking  ] GC(387) Concurrent Clear Claimed Marks 0.311ms
[2024-02-23T10:24:28.550+0000][4616][gc,marking  ] GC(387) Concurrent Scan Root Regions
[2024-02-23T10:24:28.568+0000][4616][gc,marking  ] GC(387) Concurrent Scan Root Regions 8.845ms
[2024-02-23T10:24:28.568+0000][4616][gc,marking  ] GC(387) Concurrent Mark
[2024-02-23T10:24:28.568+0000][4616][gc,marking  ] GC(387) Concurrent Mark From Roots
[2024-02-23T10:24:28.568+0000][4616][gc,task     ] GC(387) Using 2 workers of 2 for marking
[2024-02-23T10:24:28.800+0000][4616][gc,marking  ] GC(387) Concurrent Mark From Roots 245.254ms
[2024-02-23T10:24:28.800+0000][4616][gc,marking  ] GC(387) Concurrent Preclean
[2024-02-23T10:24:28.800+0000][4616][gc,marking  ] GC(387) Concurrent Preclean 0.852ms
[2024-02-23T10:24:28.800+0000][4616][gc,start    ] GC(387) Pause Remark
[2024-02-23T10:24:28.834+0000][4616][gc          ] GC(387) Pause Remark 633M->633M(4040M) 18.603ms
[2024-02-23T10:24:28.834+0000][4616][gc,cpu      ] GC(387) User=0.11s Sys=0.03s Real=0.03s
[2024-02-23T10:24:28.834+0000][4616][safepoint   ] Safepoint "G1Concurrent", Time since last: 255497400 ns, Reaching safepoint: 121900 ns, At safepoint: 18838000 ns, Total: 18959900 ns
[2024-02-23T10:24:28.834+0000][4616][gc,marking  ] GC(387) Concurrent Mark 265.329ms
[2024-02-23T10:24:28.835+0000][4616][gc,marking  ] GC(387) Concurrent Rebuild Remembered Sets
[2024-02-23T10:24:28.979+0000][4616][gc,marking  ] GC(387) Concurrent Rebuild Remembered Sets 146.958ms
[2024-02-23T10:24:28.979+0000][4616][gc,start    ] GC(387) Pause Cleanup
[2024-02-23T10:24:28.983+0000][4616][gc          ] GC(387) Pause Cleanup 661M->661M(4040M) 1.617ms
[2024-02-23T10:24:28.983+0000][4616][gc,cpu      ] GC(387) User=0.00s Sys=0.00s Real=0.00s
[2024-02-23T10:24:28.983+0000][4616][safepoint   ] Safepoint "G1Concurrent", Time since last: 147195500 ns, Reaching safepoint: 74500 ns, At safepoint: 1785200 ns, Total: 1859700 ns
[2024-02-23T10:24:28.983+0000][4616][gc,marking  ] GC(387) Concurrent Cleanup for Next Mark
[2024-02-23T10:24:28.991+0000][4616][gc,marking  ] GC(387) Concurrent Cleanup for Next Mark 10.637ms
[2024-02-23T10:24:28.991+0000][4616][gc          ] GC(387) Concurrent Mark Cycle 434.543ms
[2024-02-23T10:24:34.121+0000][4616][gc,start    ] GC(388) Pause Young (Prepare Mixed) (G1 Evacuation Pause)
[2024-02-23T10:24:34.121+0000][4616][gc,task     ] GC(388) Using 8 workers of 8 for evacuation
[2024-02-23T10:24:34.121+0000][4616][gc,age      ] GC(388) Desired survivor size 54525952 bytes, new threshold 1 (max threshold 15)
[2024-02-23T10:24:34.252+0000][4616][gc,phases   ] GC(388)   Pre Evacuate Collection Set: 0.3ms
[2024-02-23T10:24:34.252+0000][4616][gc,phases   ] GC(388)   Merge Heap Roots: 0.3ms
[2024-02-23T10:24:34.252+0000][4616][gc,phases   ] GC(388)   Evacuate Collection Set: 126.3ms
[2024-02-23T10:24:34.252+0000][4616][gc,phases   ] GC(388)   Post Evacuate Collection Set: 1.6ms
[2024-02-23T10:24:34.252+0000][4616][gc,phases   ] GC(388)   Other: 2.4ms
[2024-02-23T10:24:34.252+0000][4616][gc,age      ] GC(388) Age table with threshold 1 (max threshold 15)
[2024-02-23T10:24:34.252+0000][4616][gc,age      ] GC(388) - age   1:   38103208 bytes,   38103208 total
[2024-02-23T10:24:34.252+0000][4616][gc,heap     ] GC(388) Eden regions: 185->0(40)
[2024-02-23T10:24:34.252+0000][4616][gc,heap     ] GC(388) Survivor regions: 17->10(26)
[2024-02-23T10:24:34.252+0000][4616][gc,heap     ] GC(388) Old regions: 127->140
[2024-02-23T10:24:34.252+0000][4616][gc,heap     ] GC(388) Archive regions: 0->0
[2024-02-23T10:24:34.252+0000][4616][gc,heap     ] GC(388) Humongous regions: 2->2
[2024-02-23T10:24:34.252+0000][4616][gc,metaspace] GC(388) Metaspace: 131846K(137088K)->131846K(137088K) NonClass: 114869K(117824K)->114869K(117824K) Class: 16977K(19264K)->16977K(19264K)
[2024-02-23T10:24:34.252+0000][4616][gc          ] GC(388) Pause Young (Prepare Mixed) (G1 Evacuation Pause) 1321M->606M(4040M) 131.454ms
[2024-02-23T10:24:34.252+0000][4616][gc,cpu      ] GC(388) User=0.16s Sys=0.30s Real=0.13s
[2024-02-23T10:24:34.253+0000][4616][safepoint   ] Safepoint "G1CollectForAllocation", Time since last: 5137191900 ns, Reaching safepoint: 146300 ns, At safepoint: 131783700 ns, Total: 131930000 ns
[2024-02-23T10:24:35.307+0000][4616][gc,start    ] GC(389) Pause Young (Mixed) (G1 Evacuation Pause)
[2024-02-23T10:24:35.307+0000][4616][gc,task     ] GC(389) Using 8 workers of 8 for evacuation
[2024-02-23T10:24:35.307+0000][4616][gc,age      ] GC(389) Desired survivor size 14680064 bytes, new threshold 1 (max threshold 15)
[2024-02-23T10:24:35.396+0000][4616][gc,phases   ] GC(389)   Pre Evacuate Collection Set: 0.1ms
[2024-02-23T10:24:35.396+0000][4616][gc,phases   ] GC(389)   Merge Heap Roots: 0.1ms
[2024-02-23T10:24:35.396+0000][4616][gc,phases   ] GC(389)   Evacuate Collection Set: 90.6ms
[2024-02-23T10:24:35.396+0000][4616][gc,phases   ] GC(389)   Post Evacuate Collection Set: 1.2ms
[2024-02-23T10:24:35.396+0000][4616][gc,phases   ] GC(389)   Other: 1.1ms
[2024-02-23T10:24:35.396+0000][4616][gc,age      ] GC(389) Age table with threshold 1 (max threshold 15)
[2024-02-23T10:24:35.396+0000][4616][gc,age      ] GC(389) - age   1:   13762480 bytes,   13762480 total
[2024-02-23T10:24:35.396+0000][4616][gc,heap     ] GC(389) Eden regions: 40->0(455)
[2024-02-23T10:24:35.396+0000][4616][gc,heap     ] GC(389) Survivor regions: 10->4(7)
[2024-02-23T10:24:35.396+0000][4616][gc,heap     ] GC(389) Old regions: 140->141
[2024-02-23T10:24:35.396+0000][4616][gc,heap     ] GC(389) Archive regions: 0->0
[2024-02-23T10:24:35.396+0000][4616][gc,heap     ] GC(389) Humongous regions: 2->2
[2024-02-23T10:24:35.396+0000][4616][gc,metaspace] GC(389) Metaspace: 131846K(137088K)->131846K(137088K) NonClass: 114869K(117824K)->114869K(117824K) Class: 16977K(19264K)->16977K(19264K)
[2024-02-23T10:24:35.396+0000][4616][gc          ] GC(389) Pause Young (Mixed) (G1 Evacuation Pause) 766M->583M(4040M) 93.639ms
[2024-02-23T10:24:35.396+0000][4616][gc,cpu      ] GC(389) User=0.05s Sys=0.31s Real=0.09s
[2024-02-23T10:24:35.396+0000][4616][safepoint   ] Safepoint "G1CollectForAllocation", Time since last: 1054504999 ns, Reaching safepoint: 84100 ns, At safepoint: 94044300 ns, Total: 94128400 ns
[2024-02-23T10:24:44.458+0000][4616][safepoint   ] Safepoint "Cleanup", Time since last: 9056731101 ns, Reaching safepoint: 143200 ns, At safepoint: 191299 ns, Total: 334499 ns
[2024-02-23T10:24:48.907+0000][4616][gc,start    ] GC(390) Pause Young (Concurrent Start) (G1 Evacuation Pause)
[2024-02-23T10:24:48.907+0000][4616][gc,task     ] GC(390) Using 8 workers of 8 for evacuation
[2024-02-23T10:24:48.907+0000][4616][gc,age      ] GC(390) Desired survivor size 121634816 bytes, new threshold 15 (max threshold 15)
[2024-02-23T10:24:48.937+0000][4616][gc,phases   ] GC(390)   Pre Evacuate Collection Set: 0.8ms
[2024-02-23T10:24:48.937+0000][4616][gc,phases   ] GC(390)   Merge Heap Roots: 0.4ms
[2024-02-23T10:24:48.937+0000][4616][gc,phases   ] GC(390)   Evacuate Collection Set: 22.9ms
[2024-02-23T10:24:48.937+0000][4616][gc,phases   ] GC(390)   Post Evacuate Collection Set: 2.6ms
[2024-02-23T10:24:48.937+0000][4616][gc,phases   ] GC(390)   Other: 0.2ms
[2024-02-23T10:24:48.937+0000][4616][gc,age      ] GC(390) Age table with threshold 15 (max threshold 15)
[2024-02-23T10:24:48.937+0000][4616][gc,age      ] GC(390) - age   1:   77423008 bytes,   77423008 total
[2024-02-23T10:24:48.937+0000][4616][gc,age      ] GC(390) - age   2:    7887536 bytes,   85310544 total
[2024-02-23T10:24:48.937+0000][4616][gc,heap     ] GC(390) Eden regions: 455->0(207)
[2024-02-23T10:24:48.937+0000][4616][gc,heap     ] GC(390) Survivor regions: 4->21(58)
[2024-02-23T10:24:48.937+0000][4616][gc,heap     ] GC(390) Old regions: 141->141
[2024-02-23T10:24:48.937+0000][4616][gc,heap     ] GC(390) Archive regions: 0->0
[2024-02-23T10:24:48.937+0000][4616][gc,heap     ] GC(390) Humongous regions: 2->2
[2024-02-23T10:24:48.937+0000][4616][gc,metaspace] GC(390) Metaspace: 131846K(137088K)->131846K(137088K) NonClass: 114869K(117824K)->114869K(117824K) Class: 16977K(19264K)->16977K(19264K)
[2024-02-23T10:24:48.937+0000][4616][gc          ] GC(390) Pause Young (Concurrent Start) (G1 Evacuation Pause) 2403M->652M(4040M) 27.811ms
[2024-02-23T10:24:48.937+0000][4616][gc          ] GC(391) Concurrent Mark Cycle
[2024-02-23T10:24:48.937+0000][4616][gc,cpu      ] GC(390) User=0.12s Sys=0.05s Real=0.03s
[2024-02-23T10:24:48.937+0000][4616][gc,marking  ] GC(391) Concurrent Clear Claimed Marks
[2024-02-23T10:24:48.937+0000][4616][safepoint   ] Safepoint "G1CollectForAllocation", Time since last: 4452411700 ns, Reaching safepoint: 134000 ns, At safepoint: 28247200 ns, Total: 28381200 ns
[2024-02-23T10:24:48.937+0000][4616][gc,marking  ] GC(391) Concurrent Clear Claimed Marks 0.405ms
[2024-02-23T10:24:48.937+0000][4616][gc,marking  ] GC(391) Concurrent Scan Root Regions
[2024-02-23T10:24:48.941+0000][4616][gc,marking  ] GC(391) Concurrent Scan Root Regions 14.745ms
[2024-02-23T10:24:48.941+0000][4616][gc,marking  ] GC(391) Concurrent Mark
[2024-02-23T10:24:48.941+0000][4616][gc,marking  ] GC(391) Concurrent Mark From Roots
[2024-02-23T10:24:48.941+0000][4616][gc,task     ] GC(391) Using 2 workers of 2 for marking
[2024-02-23T10:24:49.203+0000][4616][gc,marking  ] GC(391) Concurrent Mark From Roots 252.103ms
[2024-02-23T10:24:49.203+0000][4616][gc,marking  ] GC(391) Concurrent Preclean
[2024-02-23T10:24:49.203+0000][4616][gc,marking  ] GC(391) Concurrent Preclean 0.868ms
[2024-02-23T10:24:49.203+0000][4616][gc,start    ] GC(391) Pause Remark
[2024-02-23T10:24:49.212+0000][4616][gc          ] GC(391) Pause Remark 708M->708M(4040M) 18.638ms
[2024-02-23T10:24:49.212+0000][4616][gc,cpu      ] GC(391) User=0.12s Sys=0.00s Real=0.01s
[2024-02-23T10:24:49.212+0000][4616][safepoint   ] Safepoint "G1Concurrent", Time since last: 268320800 ns, Reaching safepoint: 94901 ns, At safepoint: 18879799 ns, Total: 18974700 ns
[2024-02-23T10:24:49.212+0000][4616][gc,marking  ] GC(391) Concurrent Mark 272.184ms
[2024-02-23T10:24:49.212+0000][4616][gc,marking  ] GC(391) Concurrent Rebuild Remembered Sets
[2024-02-23T10:24:49.360+0000][4616][gc,marking  ] GC(391) Concurrent Rebuild Remembered Sets 140.944ms
[2024-02-23T10:24:49.360+0000][4616][gc,start    ] GC(391) Pause Cleanup
[2024-02-23T10:24:49.360+0000][4616][gc          ] GC(391) Pause Cleanup 724M->724M(4040M) 0.411ms
[2024-02-23T10:24:49.360+0000][4616][gc,cpu      ] GC(391) User=0.00s Sys=0.00s Real=0.00s
[2024-02-23T10:24:49.360+0000][4616][safepoint   ] Safepoint "G1Concurrent", Time since last: 141178901 ns, Reaching safepoint: 103900 ns, At safepoint: 544699 ns, Total: 648599 ns
[2024-02-23T10:24:49.360+0000][4616][gc,marking  ] GC(391) Concurrent Cleanup for Next Mark
[2024-02-23T10:24:49.393+0000][4616][gc,marking  ] GC(391) Concurrent Cleanup for Next Mark 25.983ms
[2024-02-23T10:24:49.393+0000][4616][gc          ] GC(391) Concurrent Mark Cycle 455.515ms
[2024-02-23T10:24:56.842+0000][4616][gc,start    ] GC(392) Pause Young (Prepare Mixed) (G1 Evacuation Pause)
[2024-02-23T10:24:56.842+0000][4616][gc,task     ] GC(392) Using 8 workers of 8 for evacuation
[2024-02-23T10:24:56.842+0000][4616][gc,age      ] GC(392) Desired survivor size 73400320 bytes, new threshold 1 (max threshold 15)
[2024-02-23T10:24:56.889+0000][4616][gc,phases   ] GC(392)   Pre Evacuate Collection Set: 0.2ms
[2024-02-23T10:24:56.890+0000][4616][gc,phases   ] GC(392)   Merge Heap Roots: 0.2ms
[2024-02-23T10:24:56.890+0000][4616][gc,phases   ] GC(392)   Evacuate Collection Set: 39.2ms
[2024-02-23T10:24:56.890+0000][4616][gc,phases   ] GC(392)   Post Evacuate Collection Set: 1.2ms
[2024-02-23T10:24:56.890+0000][4616][gc,phases   ] GC(392)   Other: 1.2ms
[2024-02-23T10:24:56.890+0000][4616][gc,age      ] GC(392) Age table with threshold 1 (max threshold 15)
[2024-02-23T10:24:56.890+0000][4616][gc,age      ] GC(392) - age   1:   49508376 bytes,   49508376 total
[2024-02-23T10:24:56.890+0000][4616][gc,heap     ] GC(392) Eden regions: 256->0(37)
[2024-02-23T10:24:56.890+0000][4616][gc,heap     ] GC(392) Survivor regions: 21->13(35)
[2024-02-23T10:24:56.890+0000][4616][gc,heap     ] GC(392) Old regions: 141->153
[2024-02-23T10:24:56.890+0000][4616][gc,heap     ] GC(392) Archive regions: 0->0
[2024-02-23T10:24:56.890+0000][4616][gc,heap     ] GC(392) Humongous regions: 2->2
[2024-02-23T10:24:56.890+0000][4616][gc,metaspace] GC(392) Metaspace: 131846K(137088K)->131846K(137088K) NonClass: 114869K(117824K)->114869K(117824K) Class: 16977K(19264K)->16977K(19264K)
[2024-02-23T10:24:56.890+0000][4616][gc          ] GC(392) Pause Young (Prepare Mixed) (G1 Evacuation Pause) 1676M->668M(4040M) 42.569ms
[2024-02-23T10:24:56.890+0000][4616][gc,cpu      ] GC(392) User=0.03s Sys=0.17s Real=0.05s
[2024-02-23T10:24:56.890+0000][4616][safepoint   ] Safepoint "G1CollectForAllocation", Time since last: 7478968901 ns, Reaching safepoint: 105800 ns, At safepoint: 42770199 ns, Total: 42875999 ns
[2024-02-23T10:24:58.018+0000][4616][gc,start    ] GC(393) Pause Young (Mixed) (G1 Evacuation Pause)
[2024-02-23T10:24:58.018+0000][4616][gc,task     ] GC(393) Using 8 workers of 8 for evacuation
[2024-02-23T10:24:58.018+0000][4616][gc,age      ] GC(393) Desired survivor size 14680064 bytes, new threshold 1 (max threshold 15)
[2024-02-23T10:24:58.151+0000][4616][gc,phases   ] GC(393)   Pre Evacuate Collection Set: 0.3ms
[2024-02-23T10:24:58.151+0000][4616][gc,phases   ] GC(393)   Merge Heap Roots: 0.3ms
[2024-02-23T10:24:58.151+0000][4616][gc,phases   ] GC(393)   Evacuate Collection Set: 132.3ms
[2024-02-23T10:24:58.151+0000][4616][gc,phases   ] GC(393)   Post Evacuate Collection Set: 1.0ms
[2024-02-23T10:24:58.151+0000][4616][gc,phases   ] GC(393)   Other: 0.3ms
[2024-02-23T10:24:58.151+0000][4616][gc,age      ] GC(393) Age table with threshold 1 (max threshold 15)
[2024-02-23T10:24:58.151+0000][4616][gc,age      ] GC(393) - age   1:    4438920 bytes,    4438920 total
[2024-02-23T10:24:58.151+0000][4616][gc,heap     ] GC(393) Eden regions: 37->0(603)
[2024-02-23T10:24:58.151+0000][4616][gc,heap     ] GC(393) Survivor regions: 13->3(7)
[2024-02-23T10:24:58.151+0000][4616][gc,heap     ] GC(393) Old regions: 153->156
[2024-02-23T10:24:58.151+0000][4616][gc,heap     ] GC(393) Archive regions: 0->0
[2024-02-23T10:24:58.151+0000][4616][gc,heap     ] GC(393) Humongous regions: 2->2
[2024-02-23T10:24:58.151+0000][4616][gc,metaspace] GC(393) Metaspace: 131846K(137088K)->131846K(137088K) NonClass: 114869K(117824K)->114869K(117824K) Class: 16977K(19264K)->16977K(19264K)
[2024-02-23T10:24:58.151+0000][4616][gc          ] GC(393) Pause Young (Mixed) (G1 Evacuation Pause) 816M->636M(4040M) 134.709ms
[2024-02-23T10:24:58.151+0000][4616][gc,cpu      ] GC(393) User=0.08s Sys=0.55s Real=0.13s
[2024-02-23T10:24:58.154+0000][4616][safepoint   ] Safepoint "G1CollectForAllocation", Time since last: 1128043701 ns, Reaching safepoint: 226100 ns, At safepoint: 135402800 ns, Total: 135628900 ns
[2024-02-23T10:25:11.241+0000][4616][safepoint   ] Safepoint "Cleanup", Time since last: 13087197200 ns, Reaching safepoint: 180300 ns, At safepoint: 45800 ns, Total: 226100 ns
[2024-02-23T10:25:16.776+0000][4616][gc,start    ] GC(394) Pause Young (Concurrent Start) (G1 Evacuation Pause)
[2024-02-23T10:25:16.776+0000][4616][gc,task     ] GC(394) Using 8 workers of 8 for evacuation
[2024-02-23T10:25:16.776+0000][4616][gc,age      ] GC(394) Desired survivor size 159383552 bytes, new threshold 15 (max threshold 15)
[2024-02-23T10:25:17.709+0000][4616][gc,mmu      ] GC(394) MMU target violated: 201.0ms (200.0ms/201.0ms)
[2024-02-23T10:25:17.709+0000][4616][gc,phases   ] GC(394)   Pre Evacuate Collection Set: 0.7ms
[2024-02-23T10:25:17.709+0000][4616][gc,phases   ] GC(394)   Merge Heap Roots: 0.4ms
[2024-02-23T10:25:17.709+0000][4616][gc,phases   ] GC(394)   Evacuate Collection Set: 930.0ms
[2024-02-23T10:25:17.709+0000][4616][gc,phases   ] GC(394)   Post Evacuate Collection Set: 1.3ms
[2024-02-23T10:25:17.709+0000][4616][gc,phases   ] GC(394)   Other: 0.4ms
[2024-02-23T10:25:17.709+0000][4616][gc,age      ] GC(394) Age table with threshold 15 (max threshold 15)
[2024-02-23T10:25:17.709+0000][4616][gc,age      ] GC(394) - age   1:  105211368 bytes,  105211368 total
[2024-02-23T10:25:17.709+0000][4616][gc,age      ] GC(394) - age   2:    1451280 bytes,  106662648 total
[2024-02-23T10:25:17.709+0000][4616][gc,heap     ] GC(394) Eden regions: 603->0(23)
[2024-02-23T10:25:17.709+0000][4616][gc,heap     ] GC(394) Survivor regions: 3->27(76)
[2024-02-23T10:25:17.709+0000][4616][gc,heap     ] GC(394) Old regions: 156->156
[2024-02-23T10:25:17.709+0000][4616][gc,heap     ] GC(394) Archive regions: 0->0
[2024-02-23T10:25:17.709+0000][4616][gc,heap     ] GC(394) Humongous regions: 2->2
[2024-02-23T10:25:17.709+0000][4616][gc,metaspace] GC(394) Metaspace: 131855K(137088K)->131855K(137088K) NonClass: 114878K(117824K)->114878K(117824K) Class: 16977K(19264K)->16977K(19264K)
[2024-02-23T10:25:17.709+0000][4616][gc          ] GC(394) Pause Young (Concurrent Start) (G1 Evacuation Pause) 3048M->733M(4040M) 933.179ms
[2024-02-23T10:25:17.709+0000][4616][gc,cpu      ] GC(394) User=0.12s Sys=4.91s Real=0.93s
[2024-02-23T10:25:17.709+0000][4616][gc          ] GC(395) Concurrent Mark Cycle
[2024-02-23T10:25:17.709+0000][4616][gc,marking  ] GC(395) Concurrent Clear Claimed Marks
[2024-02-23T10:25:17.709+0000][4616][safepoint   ] Safepoint "G1CollectForAllocation", Time since last: 5535078300 ns, Reaching safepoint: 229800 ns, At safepoint: 933527300 ns, Total: 933757100 ns
[2024-02-23T10:25:17.709+0000][4616][gc,marking  ] GC(395) Concurrent Clear Claimed Marks 0.255ms
[2024-02-23T10:25:17.709+0000][4616][gc,marking  ] GC(395) Concurrent Scan Root Regions
[2024-02-23T10:25:17.720+0000][4616][gc,marking  ] GC(395) Concurrent Scan Root Regions 10.195ms
[2024-02-23T10:25:17.720+0000][4616][gc,marking  ] GC(395) Concurrent Mark
[2024-02-23T10:25:17.720+0000][4616][gc,marking  ] GC(395) Concurrent Mark From Roots
[2024-02-23T10:25:17.720+0000][4616][gc,task     ] GC(395) Using 2 workers of 2 for marking
[2024-02-23T10:25:17.937+0000][4616][gc,marking  ] GC(395) Concurrent Mark From Roots 221.486ms
[2024-02-23T10:25:17.937+0000][4616][gc,marking  ] GC(395) Concurrent Preclean
[2024-02-23T10:25:17.937+0000][4616][gc,marking  ] GC(395) Concurrent Preclean 0.869ms
[2024-02-23T10:25:17.937+0000][4616][gc,start    ] GC(395) Pause Remark
[2024-02-23T10:25:17.955+0000][4616][gc          ] GC(395) Pause Remark 767M->767M(4040M) 17.479ms
[2024-02-23T10:25:17.955+0000][4616][gc,cpu      ] GC(395) User=0.03s Sys=0.02s Real=0.02s
[2024-02-23T10:25:17.955+0000][4616][safepoint   ] Safepoint "G1Concurrent", Time since last: 232952800 ns, Reaching safepoint: 110399 ns, At safepoint: 17643901 ns, Total: 17754300 ns
[2024-02-23T10:25:17.955+0000][4616][gc,marking  ] GC(395) Concurrent Mark 240.332ms
[2024-02-23T10:25:17.955+0000][4616][gc,marking  ] GC(395) Concurrent Rebuild Remembered Sets
[2024-02-23T10:25:18.126+0000][4616][gc,marking  ] GC(395) Concurrent Rebuild Remembered Sets 168.835ms
[2024-02-23T10:25:18.130+0000][4616][gc,start    ] GC(395) Pause Cleanup
[2024-02-23T10:25:18.130+0000][4616][gc          ] GC(395) Pause Cleanup 777M->777M(4040M) 0.451ms
[2024-02-23T10:25:18.130+0000][4616][gc,cpu      ] GC(395) User=0.00s Sys=0.00s Real=0.00s
[2024-02-23T10:25:18.130+0000][4616][safepoint   ] Safepoint "G1Concurrent", Time since last: 169048399 ns, Reaching safepoint: 77001 ns, At safepoint: 629600 ns, Total: 706601 ns
[2024-02-23T10:25:18.130+0000][4616][gc,marking  ] GC(395) Concurrent Cleanup for Next Mark
[2024-02-23T10:25:18.153+0000][4616][gc,marking  ] GC(395) Concurrent Cleanup for Next Mark 22.187ms
[2024-02-23T10:25:18.153+0000][4616][gc          ] GC(395) Concurrent Mark Cycle 442.996ms
[2024-02-23T10:25:18.410+0000][4616][gc,start    ] GC(396) Pause Young (Prepare Mixed) (G1 Evacuation Pause)
[2024-02-23T10:25:18.410+0000][4616][gc,task     ] GC(396) Using 8 workers of 8 for evacuation
[2024-02-23T10:25:18.410+0000][4616][gc,age      ] GC(396) Desired survivor size 14680064 bytes, new threshold 1 (max threshold 15)
[2024-02-23T10:25:18.611+0000][4616][gc,phases   ] GC(396)   Pre Evacuate Collection Set: 0.2ms
[2024-02-23T10:25:18.611+0000][4616][gc,phases   ] GC(396)   Merge Heap Roots: 0.4ms
[2024-02-23T10:25:18.611+0000][4616][gc,phases   ] GC(396)   Evacuate Collection Set: 194.8ms
[2024-02-23T10:25:18.611+0000][4616][gc,phases   ] GC(396)   Post Evacuate Collection Set: 1.1ms
[2024-02-23T10:25:18.611+0000][4616][gc,phases   ] GC(396)   Other: 0.3ms
[2024-02-23T10:25:18.611+0000][4616][gc,age      ] GC(396) Age table with threshold 1 (max threshold 15)
[2024-02-23T10:25:18.611+0000][4616][gc,age      ] GC(396) - age   1:    1673640 bytes,    1673640 total
[2024-02-23T10:25:18.611+0000][4616][gc,heap     ] GC(396) Eden regions: 23->0(47)
[2024-02-23T10:25:18.611+0000][4616][gc,heap     ] GC(396) Survivor regions: 27->3(7)
[2024-02-23T10:25:18.611+0000][4616][gc,heap     ] GC(396) Old regions: 156->181
[2024-02-23T10:25:18.611+0000][4616][gc,heap     ] GC(396) Archive regions: 0->0
[2024-02-23T10:25:18.611+0000][4616][gc,heap     ] GC(396) Humongous regions: 2->2
[2024-02-23T10:25:18.611+0000][4616][gc,metaspace] GC(396) Metaspace: 131856K(137088K)->131856K(137088K) NonClass: 114879K(117824K)->114879K(117824K) Class: 16977K(19264K)->16977K(19264K)
[2024-02-23T10:25:18.611+0000][4616][gc          ] GC(396) Pause Young (Prepare Mixed) (G1 Evacuation Pause) 825M->741M(4040M) 197.448ms
[2024-02-23T10:25:18.611+0000][4616][gc,cpu      ] GC(396) User=0.19s Sys=0.47s Real=0.20s
[2024-02-23T10:25:18.611+0000][4616][safepoint   ] Safepoint "G1CollectForAllocation", Time since last: 285912400 ns, Reaching safepoint: 227800 ns, At safepoint: 197740000 ns, Total: 197967800 ns
[2024-02-23T10:25:19.840+0000][4616][gc,start    ] GC(397) Pause Young (Mixed) (G1 Evacuation Pause)
[2024-02-23T10:25:19.840+0000][4616][gc,task     ] GC(397) Using 8 workers of 8 for evacuation
[2024-02-23T10:25:19.840+0000][4616][gc,age      ] GC(397) Desired survivor size 14680064 bytes, new threshold 15 (max threshold 15)
[2024-02-23T10:25:20.065+0000][4616][gc,mmu      ] GC(397) MMU target violated: 201.0ms (200.0ms/201.0ms)
[2024-02-23T10:25:20.065+0000][4616][gc,phases   ] GC(397)   Pre Evacuate Collection Set: 0.2ms
[2024-02-23T10:25:20.065+0000][4616][gc,phases   ] GC(397)   Merge Heap Roots: 0.2ms
[2024-02-23T10:25:20.065+0000][4616][gc,phases   ] GC(397)   Evacuate Collection Set: 218.2ms
[2024-02-23T10:25:20.065+0000][4616][gc,phases   ] GC(397)   Post Evacuate Collection Set: 1.1ms
[2024-02-23T10:25:20.065+0000][4616][gc,phases   ] GC(397)   Other: 1.2ms
[2024-02-23T10:25:20.065+0000][4616][gc,age      ] GC(397) Age table with threshold 15 (max threshold 15)
[2024-02-23T10:25:20.065+0000][4616][gc,age      ] GC(397) - age   1:    9561160 bytes,    9561160 total
[2024-02-23T10:25:20.065+0000][4616][gc,age      ] GC(397) - age   2:    1222928 bytes,   10784088 total
[2024-02-23T10:25:20.065+0000][4616][gc,heap     ] GC(397) Eden regions: 47->0(153)
[2024-02-23T10:25:20.065+0000][4616][gc,heap     ] GC(397) Survivor regions: 3->4(7)
[2024-02-23T10:25:20.065+0000][4616][gc,heap     ] GC(397) Old regions: 181->165
[2024-02-23T10:25:20.065+0000][4616][gc,heap     ] GC(397) Archive regions: 0->0
[2024-02-23T10:25:20.065+0000][4616][gc,heap     ] GC(397) Humongous regions: 2->2
[2024-02-23T10:25:20.065+0000][4616][gc,metaspace] GC(397) Metaspace: 131856K(137088K)->131856K(137088K) NonClass: 114879K(117824K)->114879K(117824K) Class: 16977K(19264K)->16977K(19264K)
[2024-02-23T10:25:20.065+0000][4616][gc          ] GC(397) Pause Young (Mixed) (G1 Evacuation Pause) 929M->679M(4040M) 221.321ms
[2024-02-23T10:25:20.065+0000][4616][gc,cpu      ] GC(397) User=0.12s Sys=0.25s Real=0.23s
[2024-02-23T10:25:20.065+0000][4616][safepoint   ] Safepoint "G1CollectForAllocation", Time since last: 1230905100 ns, Reaching safepoint: 98500 ns, At safepoint: 221774300 ns, Total: 221872800 ns
[2024-02-23T10:25:25.961+0000][4616][gc,start    ] GC(398) Pause Young (Concurrent Start) (G1 Evacuation Pause)
[2024-02-23T10:25:25.961+0000][4616][gc,task     ] GC(398) Using 8 workers of 8 for evacuation
[2024-02-23T10:25:25.961+0000][4616][gc,age      ] GC(398) Desired survivor size 41943040 bytes, new threshold 15 (max threshold 15)
[2024-02-23T10:25:26.038+0000][4616][gc,phases   ] GC(398)   Pre Evacuate Collection Set: 0.4ms
[2024-02-23T10:25:26.038+0000][4616][gc,phases   ] GC(398)   Merge Heap Roots: 0.1ms
[2024-02-23T10:25:26.038+0000][4616][gc,phases   ] GC(398)   Evacuate Collection Set: 87.9ms
[2024-02-23T10:25:26.038+0000][4616][gc,phases   ] GC(398)   Post Evacuate Collection Set: 1.0ms
[2024-02-23T10:25:26.038+0000][4616][gc,phases   ] GC(398)   Other: 0.1ms
[2024-02-23T10:25:26.038+0000][4616][gc,age      ] GC(398) Age table with threshold 15 (max threshold 15)
[2024-02-23T10:25:26.038+0000][4616][gc,age      ] GC(398) - age   1:   27907768 bytes,   27907768 total
[2024-02-23T10:25:26.038+0000][4616][gc,age      ] GC(398) - age   2:    8821664 bytes,   36729432 total
[2024-02-23T10:25:26.038+0000][4616][gc,age      ] GC(398) - age   3:    1219192 bytes,   37948624 total
[2024-02-23T10:25:26.038+0000][4616][gc,heap     ] GC(398) Eden regions: 153->0(64)
[2024-02-23T10:25:26.038+0000][4616][gc,heap     ] GC(398) Survivor regions: 4->10(20)
[2024-02-23T10:25:26.038+0000][4616][gc,heap     ] GC(398) Old regions: 165->165
[2024-02-23T10:25:26.038+0000][4616][gc,heap     ] GC(398) Archive regions: 0->0
[2024-02-23T10:25:26.038+0000][4616][gc,heap     ] GC(398) Humongous regions: 2->2
[2024-02-23T10:25:26.038+0000][4616][gc,metaspace] GC(398) Metaspace: 131856K(137088K)->131856K(137088K) NonClass: 114879K(117824K)->114879K(117824K) Class: 16977K(19264K)->16977K(19264K)
[2024-02-23T10:25:26.038+0000][4616][gc          ] GC(398) Pause Young (Concurrent Start) (G1 Evacuation Pause) 1291M->705M(4040M) 89.959ms
[2024-02-23T10:25:26.038+0000][4616][gc,cpu      ] GC(398) User=0.00s Sys=0.00s Real=0.08s
[2024-02-23T10:25:26.038+0000][4616][gc          ] GC(399) Concurrent Mark Cycle
[2024-02-23T10:25:26.038+0000][4616][gc,marking  ] GC(399) Concurrent Clear Claimed Marks
[2024-02-23T10:25:26.038+0000][4616][safepoint   ] Safepoint "G1CollectForAllocation", Time since last: 5894228699 ns, Reaching safepoint: 117401 ns, At safepoint: 90216700 ns, Total: 90334101 ns
[2024-02-23T10:25:26.038+0000][4616][gc,marking  ] GC(399) Concurrent Clear Claimed Marks 0.218ms
[2024-02-23T10:25:26.038+0000][4616][gc,marking  ] GC(399) Concurrent Scan Root Regions
[2024-02-23T10:25:26.057+0000][4616][gc,marking  ] GC(399) Concurrent Scan Root Regions 5.666ms
[2024-02-23T10:25:26.057+0000][4616][gc,marking  ] GC(399) Concurrent Mark
[2024-02-23T10:25:26.057+0000][4616][gc,marking  ] GC(399) Concurrent Mark From Roots
[2024-02-23T10:25:26.057+0000][4616][gc,task     ] GC(399) Using 2 workers of 2 for marking
[2024-02-23T10:25:26.298+0000][4616][gc,marking  ] GC(399) Concurrent Mark From Roots 244.802ms
[2024-02-23T10:25:26.298+0000][4616][gc,marking  ] GC(399) Concurrent Preclean
[2024-02-23T10:25:26.298+0000][4616][gc,marking  ] GC(399) Concurrent Preclean 0.849ms
[2024-02-23T10:25:26.346+0000][4616][gc,start    ] GC(399) Pause Remark
[2024-02-23T10:25:26.455+0000][4616][gc          ] GC(399) Pause Remark 731M->731M(4040M) 110.453ms
[2024-02-23T10:25:26.455+0000][4616][gc,cpu      ] GC(399) User=0.08s Sys=0.00s Real=0.11s
[2024-02-23T10:25:26.458+0000][4616][safepoint   ] Safepoint "G1Concurrent", Time since last: 251822700 ns, Reaching safepoint: 43031800 ns, At safepoint: 111559199 ns, Total: 154590999 ns
[2024-02-23T10:25:26.458+0000][4616][gc,marking  ] GC(399) Concurrent Mark 400.576ms
[2024-02-23T10:25:26.458+0000][4616][gc,marking  ] GC(399) Concurrent Rebuild Remembered Sets
[2024-02-23T10:25:26.662+0000][4616][gc,marking  ] GC(399) Concurrent Rebuild Remembered Sets 204.954ms
[2024-02-23T10:25:26.662+0000][4616][gc,start    ] GC(399) Pause Cleanup
[2024-02-23T10:25:26.664+0000][4616][gc          ] GC(399) Pause Cleanup 751M->751M(4040M) 0.321ms
[2024-02-23T10:25:26.664+0000][4616][gc,cpu      ] GC(399) User=0.09s Sys=0.02s Real=0.00s
[2024-02-23T10:25:26.664+0000][4616][safepoint   ] Safepoint "G1Concurrent", Time since last: 205293501 ns, Reaching safepoint: 85399 ns, At safepoint: 419000 ns, Total: 504399 ns
[2024-02-23T10:25:26.664+0000][4616][gc,marking  ] GC(399) Concurrent Cleanup for Next Mark
[2024-02-23T10:25:26.673+0000][4616][gc,marking  ] GC(399) Concurrent Cleanup for Next Mark 9.178ms
[2024-02-23T10:25:26.673+0000][4616][gc          ] GC(399) Concurrent Mark Cycle 621.740ms
[2024-02-23T10:25:28.461+0000][4616][gc,start    ] GC(400) Pause Young (Prepare Mixed) (G1 Evacuation Pause)
[2024-02-23T10:25:28.461+0000][4616][gc,task     ] GC(400) Using 8 workers of 8 for evacuation
[2024-02-23T10:25:28.461+0000][4616][gc,age      ] GC(400) Desired survivor size 20971520 bytes, new threshold 1 (max threshold 15)
[2024-02-23T10:25:28.484+0000][4616][gc,phases   ] GC(400)   Pre Evacuate Collection Set: 0.8ms
[2024-02-23T10:25:28.484+0000][4616][gc,phases   ] GC(400)   Merge Heap Roots: 0.2ms
[2024-02-23T10:25:28.484+0000][4616][gc,phases   ] GC(400)   Evacuate Collection Set: 15.3ms
[2024-02-23T10:25:28.485+0000][4616][gc,phases   ] GC(400)   Post Evacuate Collection Set: 1.8ms
[2024-02-23T10:25:28.485+0000][4616][gc,phases   ] GC(400)   Other: 0.2ms
[2024-02-23T10:25:28.485+0000][4616][gc,age      ] GC(400) Age table with threshold 1 (max threshold 15)
[2024-02-23T10:25:28.485+0000][4616][gc,age      ] GC(400) - age   1:   16686464 bytes,   16686464 total
[2024-02-23T10:25:28.485+0000][4616][gc,heap     ] GC(400) Eden regions: 64->0(45)
[2024-02-23T10:25:28.485+0000][4616][gc,heap     ] GC(400) Survivor regions: 10->5(10)
[2024-02-23T10:25:28.485+0000][4616][gc,heap     ] GC(400) Old regions: 165->174
[2024-02-23T10:25:28.485+0000][4616][gc,heap     ] GC(400) Archive regions: 0->0
[2024-02-23T10:25:28.485+0000][4616][gc,heap     ] GC(400) Humongous regions: 2->2
[2024-02-23T10:25:28.485+0000][4616][gc,metaspace] GC(400) Metaspace: 131856K(137088K)->131856K(137088K) NonClass: 114879K(117824K)->114879K(117824K) Class: 16977K(19264K)->16977K(19264K)
[2024-02-23T10:25:28.485+0000][4616][gc          ] GC(400) Pause Young (Prepare Mixed) (G1 Evacuation Pause) 961M->721M(4040M) 18.898ms
[2024-02-23T10:25:28.485+0000][4616][gc,cpu      ] GC(400) User=0.11s Sys=0.00s Real=0.02s
[2024-02-23T10:25:28.485+0000][4616][safepoint   ] Safepoint "G1CollectForAllocation", Time since last: 1801971901 ns, Reaching safepoint: 146200 ns, At safepoint: 19183900 ns, Total: 19330100 ns
[2024-02-23T10:25:30.068+0000][4616][gc,start    ] GC(401) Pause Young (Mixed) (G1 Evacuation Pause)
[2024-02-23T10:25:30.068+0000][4616][gc,task     ] GC(401) Using 8 workers of 8 for evacuation
[2024-02-23T10:25:30.068+0000][4616][gc,age      ] GC(401) Desired survivor size 14680064 bytes, new threshold 1 (max threshold 15)
[2024-02-23T10:25:30.109+0000][4616][gc,phases   ] GC(401)   Pre Evacuate Collection Set: 0.3ms
[2024-02-23T10:25:30.110+0000][4616][gc,phases   ] GC(401)   Merge Heap Roots: 0.4ms
[2024-02-23T10:25:30.110+0000][4616][gc,phases   ] GC(401)   Evacuate Collection Set: 27.9ms
[2024-02-23T10:25:30.110+0000][4616][gc,phases   ] GC(401)   Post Evacuate Collection Set: 2.1ms
[2024-02-23T10:25:30.110+0000][4616][gc,phases   ] GC(401)   Other: 0.5ms
[2024-02-23T10:25:30.110+0000][4616][gc,age      ] GC(401) Age table with threshold 1 (max threshold 15)
[2024-02-23T10:25:30.110+0000][4616][gc,age      ] GC(401) - age   1:   11262184 bytes,   11262184 total
[2024-02-23T10:25:30.110+0000][4616][gc,heap     ] GC(401) Eden regions: 45->0(329)
[2024-02-23T10:25:30.110+0000][4616][gc,heap     ] GC(401) Survivor regions: 5->4(7)
[2024-02-23T10:25:30.110+0000][4616][gc,heap     ] GC(401) Old regions: 174->170
[2024-02-23T10:25:30.110+0000][4616][gc,heap     ] GC(401) Archive regions: 0->0
[2024-02-23T10:25:30.110+0000][4616][gc,heap     ] GC(401) Humongous regions: 2->2
[2024-02-23T10:25:30.110+0000][4616][gc,metaspace] GC(401) Metaspace: 131856K(137088K)->131856K(137088K) NonClass: 114879K(117824K)->114879K(117824K) Class: 16977K(19264K)->16977K(19264K)
[2024-02-23T10:25:30.111+0000][4616][gc          ] GC(401) Pause Young (Mixed) (G1 Evacuation Pause) 901M->699M(4040M) 32.729ms
[2024-02-23T10:25:30.111+0000][4616][gc,cpu      ] GC(401) User=0.20s Sys=0.06s Real=0.04s
[2024-02-23T10:25:30.111+0000][4616][safepoint   ] Safepoint "G1CollectForAllocation", Time since last: 1592883600 ns, Reaching safepoint: 195700 ns, At safepoint: 33292400 ns, Total: 33488100 ns
[2024-02-23T10:25:43.582+0000][4616][gc,start    ] GC(402) Pause Young (Concurrent Start) (G1 Evacuation Pause)
[2024-02-23T10:25:43.582+0000][4616][gc,task     ] GC(402) Using 8 workers of 8 for evacuation
[2024-02-23T10:25:43.582+0000][4616][gc,age      ] GC(402) Desired survivor size 88080384 bytes, new threshold 15 (max threshold 15)
[2024-02-23T10:25:43.595+0000][4616][gc,phases   ] GC(402)   Pre Evacuate Collection Set: 0.5ms
[2024-02-23T10:25:43.595+0000][4616][gc,phases   ] GC(402)   Merge Heap Roots: 0.2ms
[2024-02-23T10:25:43.595+0000][4616][gc,phases   ] GC(402)   Evacuate Collection Set: 13.2ms
[2024-02-23T10:25:43.595+0000][4616][gc,phases   ] GC(402)   Post Evacuate Collection Set: 1.1ms
[2024-02-23T10:25:43.595+0000][4616][gc,phases   ] GC(402)   Other: 0.3ms
[2024-02-23T10:25:43.595+0000][4616][gc,age      ] GC(402) Age table with threshold 15 (max threshold 15)
[2024-02-23T10:25:43.595+0000][4616][gc,age      ] GC(402) - age   1:   45991056 bytes,   45991056 total
[2024-02-23T10:25:43.595+0000][4616][gc,age      ] GC(402) - age   2:   10790000 bytes,   56781056 total
[2024-02-23T10:25:43.595+0000][4616][gc,heap     ] GC(402) Eden regions: 329->0(180)
[2024-02-23T10:25:43.595+0000][4616][gc,heap     ] GC(402) Survivor regions: 4->15(42)
[2024-02-23T10:25:43.595+0000][4616][gc,heap     ] GC(402) Old regions: 170->170
[2024-02-23T10:25:43.595+0000][4616][gc,heap     ] GC(402) Archive regions: 0->0
[2024-02-23T10:25:43.595+0000][4616][gc,heap     ] GC(402) Humongous regions: 2->2
[2024-02-23T10:25:43.595+0000][4616][gc,metaspace] GC(402) Metaspace: 131861K(137088K)->131861K(137088K) NonClass: 114884K(117824K)->114884K(117824K) Class: 16977K(19264K)->16977K(19264K)
[2024-02-23T10:25:43.595+0000][4616][gc          ] GC(402) Pause Young (Concurrent Start) (G1 Evacuation Pause) 2015M->743M(4040M) 16.262ms
[2024-02-23T10:25:43.595+0000][4616][gc          ] GC(403) Concurrent Mark Cycle
[2024-02-23T10:25:43.595+0000][4616][gc,cpu      ] GC(402) User=0.05s Sys=0.00s Real=0.01s
[2024-02-23T10:25:43.595+0000][4616][gc,marking  ] GC(403) Concurrent Clear Claimed Marks
[2024-02-23T10:25:43.595+0000][4616][safepoint   ] Safepoint "G1CollectForAllocation", Time since last: 13478843200 ns, Reaching safepoint: 173200 ns, At safepoint: 16601199 ns, Total: 16774399 ns
[2024-02-23T10:25:43.595+0000][4616][gc,marking  ] GC(403) Concurrent Clear Claimed Marks 0.360ms
[2024-02-23T10:25:43.595+0000][4616][gc,marking  ] GC(403) Concurrent Scan Root Regions
[2024-02-23T10:25:43.610+0000][4616][gc,marking  ] GC(403) Concurrent Scan Root Regions 5.106ms
[2024-02-23T10:25:43.610+0000][4616][gc,marking  ] GC(403) Concurrent Mark
[2024-02-23T10:25:43.610+0000][4616][gc,marking  ] GC(403) Concurrent Mark From Roots
[2024-02-23T10:25:43.610+0000][4616][gc,task     ] GC(403) Using 2 workers of 2 for marking
[2024-02-23T10:25:43.840+0000][4616][gc,marking  ] GC(403) Concurrent Mark From Roots 229.915ms
[2024-02-23T10:25:43.840+0000][4616][gc,marking  ] GC(403) Concurrent Preclean
[2024-02-23T10:25:43.840+0000][4616][gc,marking  ] GC(403) Concurrent Preclean 0.812ms
[2024-02-23T10:25:43.840+0000][4616][gc,start    ] GC(403) Pause Remark
[2024-02-23T10:25:43.858+0000][4616][gc          ] GC(403) Pause Remark 780M->780M(4040M) 17.802ms
[2024-02-23T10:25:43.858+0000][4616][gc,cpu      ] GC(403) User=0.12s Sys=0.00s Real=0.02s
[2024-02-23T10:25:43.858+0000][4616][safepoint   ] Safepoint "G1Concurrent", Time since last: 236440601 ns, Reaching safepoint: 92100 ns, At safepoint: 17976800 ns, Total: 18068900 ns
[2024-02-23T10:25:43.858+0000][4616][gc,marking  ] GC(403) Concurrent Mark 249.037ms
[2024-02-23T10:25:43.858+0000][4616][gc,marking  ] GC(403) Concurrent Rebuild Remembered Sets
[2024-02-23T10:25:44.013+0000][4616][gc,marking  ] GC(403) Concurrent Rebuild Remembered Sets 152.840ms
[2024-02-23T10:25:44.013+0000][4616][gc,start    ] GC(403) Pause Cleanup
[2024-02-23T10:25:44.013+0000][4616][gc          ] GC(403) Pause Cleanup 795M->795M(4040M) 0.408ms
[2024-02-23T10:25:44.013+0000][4616][gc,cpu      ] GC(403) User=0.00s Sys=0.00s Real=0.00s
[2024-02-23T10:25:44.013+0000][4616][safepoint   ] Safepoint "G1Concurrent", Time since last: 153035499 ns, Reaching safepoint: 105901 ns, At safepoint: 535499 ns, Total: 641400 ns
[2024-02-23T10:25:44.013+0000][4616][gc,marking  ] GC(403) Concurrent Cleanup for Next Mark
[2024-02-23T10:25:44.013+0000][4616][gc,marking  ] GC(403) Concurrent Cleanup for Next Mark 4.127ms
[2024-02-23T10:25:44.013+0000][4616][gc          ] GC(403) Concurrent Mark Cycle 412.637ms
[2024-02-23T10:25:51.597+0000][4616][gc,start    ] GC(404) Pause Young (Prepare Mixed) (G1 Evacuation Pause)
[2024-02-23T10:25:51.597+0000][4616][gc,task     ] GC(404) Using 8 workers of 8 for evacuation
[2024-02-23T10:25:51.597+0000][4616][gc,age      ] GC(404) Desired survivor size 65011712 bytes, new threshold 15 (max threshold 15)
[2024-02-23T10:25:51.625+0000][4616][gc,phases   ] GC(404)   Pre Evacuate Collection Set: 0.3ms
[2024-02-23T10:25:51.626+0000][4616][gc,phases   ] GC(404)   Merge Heap Roots: 0.4ms
[2024-02-23T10:25:51.626+0000][4616][gc,phases   ] GC(404)   Evacuate Collection Set: 21.3ms
[2024-02-23T10:25:51.626+0000][4616][gc,phases   ] GC(404)   Post Evacuate Collection Set: 1.8ms
[2024-02-23T10:25:51.626+0000][4616][gc,phases   ] GC(404)   Other: 0.4ms
[2024-02-23T10:25:51.626+0000][4616][gc,age      ] GC(404) Age table with threshold 15 (max threshold 15)
[2024-02-23T10:25:51.626+0000][4616][gc,age      ] GC(404) - age   1:   36103736 bytes,   36103736 total
[2024-02-23T10:25:51.626+0000][4616][gc,age      ] GC(404) - age   2:   41741496 bytes,   77845232 total
[2024-02-23T10:25:51.626+0000][4616][gc,age      ] GC(404) - age   3:   10575080 bytes,   88420312 total
[2024-02-23T10:25:51.626+0000][4616][gc,heap     ] GC(404) Eden regions: 229->0(27)
[2024-02-23T10:25:51.626+0000][4616][gc,heap     ] GC(404) Survivor regions: 15->23(31)
[2024-02-23T10:25:51.626+0000][4616][gc,heap     ] GC(404) Old regions: 170->170
[2024-02-23T10:25:51.626+0000][4616][gc,heap     ] GC(404) Archive regions: 0->0
[2024-02-23T10:25:51.626+0000][4616][gc,heap     ] GC(404) Humongous regions: 2->2
[2024-02-23T10:25:51.626+0000][4616][gc,metaspace] GC(404) Metaspace: 131863K(137088K)->131863K(137088K) NonClass: 114886K(117824K)->114886K(117824K) Class: 16977K(19264K)->16977K(19264K)
[2024-02-23T10:25:51.627+0000][4616][gc          ] GC(404) Pause Young (Prepare Mixed) (G1 Evacuation Pause) 1659M->775M(4040M) 25.470ms
[2024-02-23T10:25:51.627+0000][4616][gc,cpu      ] GC(404) User=0.14s Sys=0.00s Real=0.03s
[2024-02-23T10:25:51.627+0000][4616][safepoint   ] Safepoint "G1CollectForAllocation", Time since last: 7585567501 ns, Reaching safepoint: 170400 ns, At safepoint: 25874300 ns, Total: 26044700 ns
[2024-02-23T10:25:52.390+0000][4616][gc,start    ] GC(405) Pause Young (Mixed) (G1 Evacuation Pause)
[2024-02-23T10:25:52.390+0000][4616][gc,task     ] GC(405) Using 8 workers of 8 for evacuation
[2024-02-23T10:25:52.390+0000][4616][gc,age      ] GC(405) Desired survivor size 14680064 bytes, new threshold 1 (max threshold 15)
[2024-02-23T10:25:52.567+0000][4616][gc,phases   ] GC(405)   Pre Evacuate Collection Set: 0.3ms
[2024-02-23T10:25:52.567+0000][4616][gc,phases   ] GC(405)   Merge Heap Roots: 0.3ms
[2024-02-23T10:25:52.567+0000][4616][gc,phases   ] GC(405)   Evacuate Collection Set: 176.4ms
[2024-02-23T10:25:52.567+0000][4616][gc,phases   ] GC(405)   Post Evacuate Collection Set: 1.4ms
[2024-02-23T10:25:52.567+0000][4616][gc,phases   ] GC(405)   Other: 0.3ms
[2024-02-23T10:25:52.567+0000][4616][gc,age      ] GC(405) Age table with threshold 1 (max threshold 15)
[2024-02-23T10:25:52.567+0000][4616][gc,age      ] GC(405) - age   1:    3772664 bytes,    3772664 total
[2024-02-23T10:25:52.567+0000][4616][gc,heap     ] GC(405) Eden regions: 27->0(442)
[2024-02-23T10:25:52.567+0000][4616][gc,heap     ] GC(405) Survivor regions: 23->2(7)
[2024-02-23T10:25:52.567+0000][4616][gc,heap     ] GC(405) Old regions: 170->180
[2024-02-23T10:25:52.567+0000][4616][gc,heap     ] GC(405) Archive regions: 0->0
[2024-02-23T10:25:52.567+0000][4616][gc,heap     ] GC(405) Humongous regions: 2->2
[2024-02-23T10:25:52.567+0000][4616][gc,metaspace] GC(405) Metaspace: 131863K(137088K)->131863K(137088K) NonClass: 114886K(117824K)->114886K(117824K) Class: 16977K(19264K)->16977K(19264K)
[2024-02-23T10:25:52.567+0000][4616][gc          ] GC(405) Pause Young (Mixed) (G1 Evacuation Pause) 883M->734M(4040M) 179.354ms
[2024-02-23T10:25:52.567+0000][4616][gc,cpu      ] GC(405) User=0.06s Sys=0.34s Real=0.18s
[2024-02-23T10:25:52.567+0000][4616][safepoint   ] Safepoint "G1CollectForAllocation", Time since last: 771015200 ns, Reaching safepoint: 223000 ns, At safepoint: 180495800 ns, Total: 180718800 ns
[2024-02-23T10:26:07.137+0000][4616][gc,start    ] GC(406) Pause Young (Concurrent Start) (G1 Evacuation Pause)
[2024-02-23T10:26:07.137+0000][4616][gc,task     ] GC(406) Using 8 workers of 8 for evacuation
[2024-02-23T10:26:07.137+0000][4616][gc,age      ] GC(406) Desired survivor size 117440512 bytes, new threshold 15 (max threshold 15)
[2024-02-23T10:26:07.152+0000][4616][gc,phases   ] GC(406)   Pre Evacuate Collection Set: 0.7ms
[2024-02-23T10:26:07.152+0000][4616][gc,phases   ] GC(406)   Merge Heap Roots: 0.4ms
[2024-02-23T10:26:07.152+0000][4616][gc,phases   ] GC(406)   Evacuate Collection Set: 20.6ms
[2024-02-23T10:26:07.152+0000][4616][gc,phases   ] GC(406)   Post Evacuate Collection Set: 1.9ms
[2024-02-23T10:26:07.152+0000][4616][gc,phases   ] GC(406)   Other: 0.3ms
[2024-02-23T10:26:07.152+0000][4616][gc,age      ] GC(406) Age table with threshold 15 (max threshold 15)
[2024-02-23T10:26:07.152+0000][4616][gc,age      ] GC(406) - age   1:   75613504 bytes,   75613504 total
[2024-02-23T10:26:07.152+0000][4616][gc,age      ] GC(406) - age   2:    3211232 bytes,   78824736 total
[2024-02-23T10:26:07.152+0000][4616][gc,heap     ] GC(406) Eden regions: 442->0(281)
[2024-02-23T10:26:07.152+0000][4616][gc,heap     ] GC(406) Survivor regions: 2->20(56)
[2024-02-23T10:26:07.152+0000][4616][gc,heap     ] GC(406) Old regions: 180->180
[2024-02-23T10:26:07.152+0000][4616][gc,heap     ] GC(406) Archive regions: 0->0
[2024-02-23T10:26:07.152+0000][4616][gc,heap     ] GC(406) Humongous regions: 2->2
[2024-02-23T10:26:07.152+0000][4616][gc,metaspace] GC(406) Metaspace: 131863K(137088K)->131863K(137088K) NonClass: 114886K(117824K)->114886K(117824K) Class: 16977K(19264K)->16977K(19264K)
[2024-02-23T10:26:07.152+0000][4616][gc          ] GC(406) Pause Young (Concurrent Start) (G1 Evacuation Pause) 2502M->804M(4040M) 24.652ms
[2024-02-23T10:26:07.152+0000][4616][gc          ] GC(407) Concurrent Mark Cycle
[2024-02-23T10:26:07.152+0000][4616][gc,cpu      ] GC(406) User=0.12s Sys=0.00s Real=0.01s
[2024-02-23T10:26:07.152+0000][4616][gc,marking  ] GC(407) Concurrent Clear Claimed Marks
[2024-02-23T10:26:07.152+0000][4616][safepoint   ] Safepoint "G1CollectForAllocation", Time since last: 14558815200 ns, Reaching safepoint: 192400 ns, At safepoint: 25172800 ns, Total: 25365200 ns
[2024-02-23T10:26:07.152+0000][4616][gc,marking  ] GC(407) Concurrent Clear Claimed Marks 0.384ms
[2024-02-23T10:26:07.152+0000][4616][gc,marking  ] GC(407) Concurrent Scan Root Regions
[2024-02-23T10:26:07.168+0000][4616][gc,marking  ] GC(407) Concurrent Scan Root Regions 9.896ms
[2024-02-23T10:26:07.168+0000][4616][gc,marking  ] GC(407) Concurrent Mark
[2024-02-23T10:26:07.168+0000][4616][gc,marking  ] GC(407) Concurrent Mark From Roots
[2024-02-23T10:26:07.168+0000][4616][gc,task     ] GC(407) Using 2 workers of 2 for marking
[2024-02-23T10:26:07.407+0000][4616][gc,marking  ] GC(407) Concurrent Mark From Roots 234.516ms
[2024-02-23T10:26:07.407+0000][4616][gc,marking  ] GC(407) Concurrent Preclean
[2024-02-23T10:26:07.408+0000][4616][gc,marking  ] GC(407) Concurrent Preclean 1.249ms
[2024-02-23T10:26:07.409+0000][4616][gc,start    ] GC(407) Pause Remark
[2024-02-23T10:26:07.430+0000][4616][gc          ] GC(407) Pause Remark 835M->835M(4040M) 20.902ms
[2024-02-23T10:26:07.430+0000][4616][gc,cpu      ] GC(407) User=0.25s Sys=0.00s Real=0.02s
[2024-02-23T10:26:07.431+0000][4616][safepoint   ] Safepoint "G1Concurrent", Time since last: 246237200 ns, Reaching safepoint: 96600 ns, At safepoint: 21552900 ns, Total: 21649500 ns
[2024-02-23T10:26:07.431+0000][4616][gc,marking  ] GC(407) Concurrent Mark 257.769ms
[2024-02-23T10:26:07.431+0000][4616][gc,marking  ] GC(407) Concurrent Rebuild Remembered Sets
[2024-02-23T10:26:07.569+0000][4616][gc,marking  ] GC(407) Concurrent Rebuild Remembered Sets 137.803ms
[2024-02-23T10:26:07.569+0000][4616][gc,start    ] GC(407) Pause Cleanup
[2024-02-23T10:26:07.569+0000][4616][gc          ] GC(407) Pause Cleanup 864M->864M(4040M) 0.445ms
[2024-02-23T10:26:07.569+0000][4616][gc,cpu      ] GC(407) User=0.00s Sys=0.00s Real=0.00s
[2024-02-23T10:26:07.569+0000][4616][safepoint   ] Safepoint "G1Concurrent", Time since last: 138065600 ns, Reaching safepoint: 109300 ns, At safepoint: 568499 ns, Total: 677799 ns
[2024-02-23T10:26:07.569+0000][4616][gc,marking  ] GC(407) Concurrent Cleanup for Next Mark
[2024-02-23T10:26:07.576+0000][4616][gc,marking  ] GC(407) Concurrent Cleanup for Next Mark 6.406ms
[2024-02-23T10:26:07.576+0000][4616][gc          ] GC(407) Concurrent Mark Cycle 413.561ms
[2024-02-23T10:26:11.604+0000][4616][safepoint   ] Safepoint "Cleanup", Time since last: 4034261201 ns, Reaching safepoint: 147400 ns, At safepoint: 20100 ns, Total: 167500 ns
[2024-02-23T10:26:18.372+0000][4616][gc,start    ] GC(408) Pause Young (Prepare Mixed) (G1 Evacuation Pause)
[2024-02-23T10:26:18.372+0000][4616][gc,task     ] GC(408) Using 8 workers of 8 for evacuation
[2024-02-23T10:26:18.372+0000][4616][gc,age      ] GC(408) Desired survivor size 96468992 bytes, new threshold 15 (max threshold 15)
[2024-02-23T10:26:18.413+0000][4616][gc,phases   ] GC(408)   Pre Evacuate Collection Set: 0.3ms
[2024-02-23T10:26:18.413+0000][4616][gc,phases   ] GC(408)   Merge Heap Roots: 0.4ms
[2024-02-23T10:26:18.413+0000][4616][gc,phases   ] GC(408)   Evacuate Collection Set: 30.9ms
[2024-02-23T10:26:18.413+0000][4616][gc,phases   ] GC(408)   Post Evacuate Collection Set: 1.8ms
[2024-02-23T10:26:18.413+0000][4616][gc,phases   ] GC(408)   Other: 0.3ms
[2024-02-23T10:26:18.413+0000][4616][gc,age      ] GC(408) Age table with threshold 15 (max threshold 15)
[2024-02-23T10:26:18.413+0000][4616][gc,age      ] GC(408) - age   1:   59923048 bytes,   59923048 total
[2024-02-23T10:26:18.413+0000][4616][gc,age      ] GC(408) - age   2:   71706144 bytes,  131629192 total
[2024-02-23T10:26:18.413+0000][4616][gc,age      ] GC(408) - age   3:    1690912 bytes,  133320104 total
[2024-02-23T10:26:18.413+0000][4616][gc,heap     ] GC(408) Eden regions: 342->0(16)
[2024-02-23T10:26:18.413+0000][4616][gc,heap     ] GC(408) Survivor regions: 20->34(46)
[2024-02-23T10:26:18.413+0000][4616][gc,heap     ] GC(408) Old regions: 180->180
[2024-02-23T10:26:18.413+0000][4616][gc,heap     ] GC(408) Archive regions: 0->0
[2024-02-23T10:26:18.413+0000][4616][gc,heap     ] GC(408) Humongous regions: 2->2
[2024-02-23T10:26:18.413+0000][4616][gc,metaspace] GC(408) Metaspace: 131864K(137088K)->131864K(137088K) NonClass: 114887K(117824K)->114887K(117824K) Class: 16977K(19264K)->16977K(19264K)
[2024-02-23T10:26:18.413+0000][4616][gc          ] GC(408) Pause Young (Prepare Mixed) (G1 Evacuation Pause) 2172M->859M(4040M) 34.683ms
[2024-02-23T10:26:18.413+0000][4616][gc,cpu      ] GC(408) User=0.31s Sys=0.00s Real=0.04s
[2024-02-23T10:26:18.413+0000][4616][safepoint   ] Safepoint "G1CollectForAllocation", Time since last: 6776210599 ns, Reaching safepoint: 202201 ns, At safepoint: 34976200 ns, Total: 35178401 ns
[2024-02-23T10:26:18.829+0000][4616][gc,start    ] GC(409) Pause Young (Mixed) (G1 Evacuation Pause)
[2024-02-23T10:26:18.829+0000][4616][gc,task     ] GC(409) Using 8 workers of 8 for evacuation
[2024-02-23T10:26:18.829+0000][4616][gc,age      ] GC(409) Desired survivor size 14680064 bytes, new threshold 1 (max threshold 15)
[2024-02-23T10:26:19.365+0000][4616][gc,mmu      ] GC(409) MMU target violated: 201.0ms (200.0ms/201.0ms)
[2024-02-23T10:26:19.365+0000][4616][gc,phases   ] GC(409)   Pre Evacuate Collection Set: 0.3ms
[2024-02-23T10:26:19.365+0000][4616][gc,phases   ] GC(409)   Merge Heap Roots: 0.4ms
[2024-02-23T10:26:19.365+0000][4616][gc,phases   ] GC(409)   Evacuate Collection Set: 534.3ms
[2024-02-23T10:26:19.365+0000][4616][gc,phases   ] GC(409)   Post Evacuate Collection Set: 1.6ms
[2024-02-23T10:26:19.365+0000][4616][gc,phases   ] GC(409)   Other: 0.4ms
[2024-02-23T10:26:19.365+0000][4616][gc,age      ] GC(409) Age table with threshold 1 (max threshold 15)
[2024-02-23T10:26:19.365+0000][4616][gc,age      ] GC(409) - age   1:    2324376 bytes,    2324376 total
[2024-02-23T10:26:19.365+0000][4616][gc,heap     ] GC(409) Eden regions: 16->0(356)
[2024-02-23T10:26:19.365+0000][4616][gc,heap     ] GC(409) Survivor regions: 34->3(7)
[2024-02-23T10:26:19.365+0000][4616][gc,heap     ] GC(409) Old regions: 180->190
[2024-02-23T10:26:19.365+0000][4616][gc,heap     ] GC(409) Archive regions: 0->0
[2024-02-23T10:26:19.365+0000][4616][gc,heap     ] GC(409) Humongous regions: 2->2
[2024-02-23T10:26:19.365+0000][4616][gc,metaspace] GC(409) Metaspace: 131864K(137088K)->131864K(137088K) NonClass: 114887K(117824K)->114887K(117824K) Class: 16977K(19264K)->16977K(19264K)
[2024-02-23T10:26:19.365+0000][4616][gc          ] GC(409) Pause Young (Mixed) (G1 Evacuation Pause) 923M->778M(4040M) 537.905ms
[2024-02-23T10:26:19.365+0000][4616][gc,cpu      ] GC(409) User=0.19s Sys=1.05s Real=0.54s
[2024-02-23T10:26:19.369+0000][4616][safepoint   ] Safepoint "G1CollectForAllocation", Time since last: 413811800 ns, Reaching safepoint: 159200 ns, At safepoint: 539817300 ns, Total: 539976500 ns
[2024-02-23T10:26:29.581+0000][4616][gc,start    ] GC(410) Pause Young (Concurrent Start) (G1 Evacuation Pause)
[2024-02-23T10:26:29.581+0000][4616][gc,task     ] GC(410) Using 8 workers of 8 for evacuation
[2024-02-23T10:26:29.581+0000][4616][gc,age      ] GC(410) Desired survivor size 94371840 bytes, new threshold 15 (max threshold 15)
[2024-02-23T10:26:29.605+0000][4616][gc,phases   ] GC(410)   Pre Evacuate Collection Set: 0.4ms
[2024-02-23T10:26:29.605+0000][4616][gc,phases   ] GC(410)   Merge Heap Roots: 0.2ms
[2024-02-23T10:26:29.605+0000][4616][gc,phases   ] GC(410)   Evacuate Collection Set: 16.4ms
[2024-02-23T10:26:29.605+0000][4616][gc,phases   ] GC(410)   Post Evacuate Collection Set: 1.2ms
[2024-02-23T10:26:29.605+0000][4616][gc,phases   ] GC(410)   Other: 0.2ms
[2024-02-23T10:26:29.605+0000][4616][gc,age      ] GC(410) Age table with threshold 15 (max threshold 15)
[2024-02-23T10:26:29.605+0000][4616][gc,age      ] GC(410) - age   1:   83137088 bytes,   83137088 total
[2024-02-23T10:26:29.605+0000][4616][gc,age      ] GC(410) - age   2:    1892088 bytes,   85029176 total
[2024-02-23T10:26:29.605+0000][4616][gc,heap     ] GC(410) Eden regions: 356->0(157)
[2024-02-23T10:26:29.605+0000][4616][gc,heap     ] GC(410) Survivor regions: 3->22(45)
[2024-02-23T10:26:29.605+0000][4616][gc,heap     ] GC(410) Old regions: 190->190
[2024-02-23T10:26:29.605+0000][4616][gc,heap     ] GC(410) Archive regions: 0->0
[2024-02-23T10:26:29.605+0000][4616][gc,heap     ] GC(410) Humongous regions: 2->2
[2024-02-23T10:26:29.605+0000][4616][gc,metaspace] GC(410) Metaspace: 131864K(137088K)->131864K(137088K) NonClass: 114887K(117824K)->114887K(117824K) Class: 16977K(19264K)->16977K(19264K)
[2024-02-23T10:26:29.605+0000][4616][gc          ] GC(410) Pause Young (Concurrent Start) (G1 Evacuation Pause) 2202M->854M(4040M) 18.958ms
[2024-02-23T10:26:29.606+0000][4616][gc          ] GC(411) Concurrent Mark Cycle
[2024-02-23T10:26:29.606+0000][4616][gc,cpu      ] GC(410) User=0.12s Sys=0.02s Real=0.02s
[2024-02-23T10:26:29.606+0000][4616][gc,marking  ] GC(411) Concurrent Clear Claimed Marks
[2024-02-23T10:26:29.606+0000][4616][safepoint   ] Safepoint "G1CollectForAllocation", Time since last: 10217288400 ns, Reaching safepoint: 158199 ns, At safepoint: 19205901 ns, Total: 19364100 ns
[2024-02-23T10:26:29.606+0000][4616][gc,marking  ] GC(411) Concurrent Clear Claimed Marks 0.227ms
[2024-02-23T10:26:29.606+0000][4616][gc,marking  ] GC(411) Concurrent Scan Root Regions
[2024-02-23T10:26:29.606+0000][4616][gc,marking  ] GC(411) Concurrent Scan Root Regions 3.946ms
[2024-02-23T10:26:29.606+0000][4616][gc,marking  ] GC(411) Concurrent Mark
[2024-02-23T10:26:29.606+0000][4616][gc,marking  ] GC(411) Concurrent Mark From Roots
[2024-02-23T10:26:29.606+0000][4616][gc,task     ] GC(411) Using 2 workers of 2 for marking
[2024-02-23T10:26:29.852+0000][4616][gc,marking  ] GC(411) Concurrent Mark From Roots 256.588ms
[2024-02-23T10:26:29.852+0000][4616][gc,marking  ] GC(411) Concurrent Preclean
[2024-02-23T10:26:29.868+0000][4616][gc,marking  ] GC(411) Concurrent Preclean 1.147ms
[2024-02-23T10:26:29.893+0000][4616][gc,start    ] GC(411) Pause Remark
[2024-02-23T10:26:29.895+0000][4616][gc          ] GC(411) Pause Remark 906M->906M(4040M) 17.248ms
[2024-02-23T10:26:29.895+0000][4616][gc,cpu      ] GC(411) User=0.00s Sys=0.00s Real=0.00s
[2024-02-23T10:26:29.895+0000][4616][safepoint   ] Safepoint "G1Concurrent", Time since last: 262128300 ns, Reaching safepoint: 24559100 ns, At safepoint: 17492700 ns, Total: 42051800 ns
[2024-02-23T10:26:29.895+0000][4616][gc,marking  ] GC(411) Concurrent Mark 300.078ms
[2024-02-23T10:26:29.895+0000][4616][gc,marking  ] GC(411) Concurrent Rebuild Remembered Sets
[2024-02-23T10:26:30.033+0000][4616][gc,marking  ] GC(411) Concurrent Rebuild Remembered Sets 123.407ms
[2024-02-23T10:26:30.034+0000][4616][gc,start    ] GC(411) Pause Cleanup
[2024-02-23T10:26:30.034+0000][4616][gc          ] GC(411) Pause Cleanup 908M->908M(4040M) 0.455ms
[2024-02-23T10:26:30.034+0000][4616][gc,cpu      ] GC(411) User=0.00s Sys=0.00s Real=0.00s
[2024-02-23T10:26:30.034+0000][4616][safepoint   ] Safepoint "G1Concurrent", Time since last: 123684700 ns, Reaching safepoint: 89299 ns, At safepoint: 628201 ns, Total: 717500 ns
[2024-02-23T10:26:30.034+0000][4616][gc,marking  ] GC(411) Concurrent Cleanup for Next Mark
[2024-02-23T10:26:30.035+0000][4616][gc,marking  ] GC(411) Concurrent Cleanup for Next Mark 5.501ms
[2024-02-23T10:26:30.035+0000][4616][gc          ] GC(411) Concurrent Mark Cycle 434.387ms
[2024-02-23T10:26:34.718+0000][4616][gc,start    ] GC(412) Pause Young (Prepare Mixed) (G1 Evacuation Pause)
[2024-02-23T10:26:34.718+0000][4616][gc,task     ] GC(412) Using 8 workers of 8 for evacuation
[2024-02-23T10:26:34.718+0000][4616][gc,age      ] GC(412) Desired survivor size 56623104 bytes, new threshold 1 (max threshold 15)
[2024-02-23T10:26:34.758+0000][4616][gc,phases   ] GC(412)   Pre Evacuate Collection Set: 0.2ms
[2024-02-23T10:26:34.758+0000][4616][gc,phases   ] GC(412)   Merge Heap Roots: 0.4ms
[2024-02-23T10:26:34.758+0000][4616][gc,phases   ] GC(412)   Evacuate Collection Set: 32.9ms
[2024-02-23T10:26:34.758+0000][4616][gc,phases   ] GC(412)   Post Evacuate Collection Set: 1.8ms
[2024-02-23T10:26:34.758+0000][4616][gc,phases   ] GC(412)   Other: 0.4ms
[2024-02-23T10:26:34.758+0000][4616][gc,age      ] GC(412) Age table with threshold 1 (max threshold 15)
[2024-02-23T10:26:34.758+0000][4616][gc,age      ] GC(412) - age   1:   21435136 bytes,   21435136 total
[2024-02-23T10:26:34.758+0000][4616][gc,heap     ] GC(412) Eden regions: 191->0(44)
[2024-02-23T10:26:34.758+0000][4616][gc,heap     ] GC(412) Survivor regions: 22->6(27)
[2024-02-23T10:26:34.758+0000][4616][gc,heap     ] GC(412) Old regions: 190->211
[2024-02-23T10:26:34.758+0000][4616][gc,heap     ] GC(412) Archive regions: 0->0
[2024-02-23T10:26:34.758+0000][4616][gc,heap     ] GC(412) Humongous regions: 2->2
[2024-02-23T10:26:34.758+0000][4616][gc,metaspace] GC(412) Metaspace: 131864K(137088K)->131864K(137088K) NonClass: 114887K(117824K)->114887K(117824K) Class: 16977K(19264K)->16977K(19264K)
[2024-02-23T10:26:34.758+0000][4616][gc          ] GC(412) Pause Young (Prepare Mixed) (G1 Evacuation Pause) 1618M->873M(4040M) 36.876ms
[2024-02-23T10:26:34.758+0000][4616][gc,cpu      ] GC(412) User=0.27s Sys=0.02s Real=0.04s
[2024-02-23T10:26:34.758+0000][4616][safepoint   ] Safepoint "G1CollectForAllocation", Time since last: 4689058400 ns, Reaching safepoint: 236300 ns, At safepoint: 37237799 ns, Total: 37474099 ns
[2024-02-23T10:26:35.986+0000][4616][gc,start    ] GC(413) Pause Young (Mixed) (G1 Evacuation Pause)
[2024-02-23T10:26:35.986+0000][4616][gc,task     ] GC(413) Using 8 workers of 8 for evacuation
[2024-02-23T10:26:35.986+0000][4616][gc,age      ] GC(413) Desired survivor size 14680064 bytes, new threshold 1 (max threshold 15)
[2024-02-23T10:26:36.035+0000][4616][gc,phases   ] GC(413)   Pre Evacuate Collection Set: 0.2ms
[2024-02-23T10:26:36.035+0000][4616][gc,phases   ] GC(413)   Merge Heap Roots: 0.2ms
[2024-02-23T10:26:36.035+0000][4616][gc,phases   ] GC(413)   Evacuate Collection Set: 50.4ms
[2024-02-23T10:26:36.035+0000][4616][gc,phases   ] GC(413)   Post Evacuate Collection Set: 0.9ms
[2024-02-23T10:26:36.035+0000][4616][gc,phases   ] GC(413)   Other: 0.2ms
[2024-02-23T10:26:36.035+0000][4616][gc,age      ] GC(413) Age table with threshold 1 (max threshold 15)
[2024-02-23T10:26:36.035+0000][4616][gc,age      ] GC(413) - age   1:    3223496 bytes,    3223496 total
[2024-02-23T10:26:36.035+0000][4616][gc,heap     ] GC(413) Eden regions: 44->0(306)
[2024-02-23T10:26:36.035+0000][4616][gc,heap     ] GC(413) Survivor regions: 6->2(7)
[2024-02-23T10:26:36.035+0000][4616][gc,heap     ] GC(413) Old regions: 211->194
[2024-02-23T10:26:36.035+0000][4616][gc,heap     ] GC(413) Archive regions: 0->0
[2024-02-23T10:26:36.035+0000][4616][gc,heap     ] GC(413) Humongous regions: 2->2
[2024-02-23T10:26:36.035+0000][4616][gc,metaspace] GC(413) Metaspace: 131864K(137088K)->131864K(137088K) NonClass: 114887K(117824K)->114887K(117824K) Class: 16977K(19264K)->16977K(19264K)
[2024-02-23T10:26:36.035+0000][4616][gc          ] GC(413) Pause Young (Mixed) (G1 Evacuation Pause) 1049M->787M(4040M) 52.236ms
[2024-02-23T10:26:36.035+0000][4616][gc,cpu      ] GC(413) User=0.14s Sys=0.06s Real=0.05s
[2024-02-23T10:26:36.035+0000][4616][safepoint   ] Safepoint "G1CollectForAllocation", Time since last: 1232719601 ns, Reaching safepoint: 100100 ns, At safepoint: 52484200 ns, Total: 52584300 ns
[2024-02-23T10:26:45.031+0000][4616][gc,start    ] GC(414) Pause Young (Concurrent Start) (G1 Evacuation Pause)
[2024-02-23T10:26:45.031+0000][4616][gc,task     ] GC(414) Using 8 workers of 8 for evacuation
[2024-02-23T10:26:45.031+0000][4616][gc,age      ] GC(414) Desired survivor size 81788928 bytes, new threshold 15 (max threshold 15)
[2024-02-23T10:26:45.052+0000][4616][gc,phases   ] GC(414)   Pre Evacuate Collection Set: 0.6ms
[2024-02-23T10:26:45.052+0000][4616][gc,phases   ] GC(414)   Merge Heap Roots: 0.3ms
[2024-02-23T10:26:45.052+0000][4616][gc,phases   ] GC(414)   Evacuate Collection Set: 16.7ms
[2024-02-23T10:26:45.052+0000][4616][gc,phases   ] GC(414)   Post Evacuate Collection Set: 2.4ms
[2024-02-23T10:26:45.052+0000][4616][gc,phases   ] GC(414)   Other: 0.4ms
[2024-02-23T10:26:45.052+0000][4616][gc,age      ] GC(414) Age table with threshold 15 (max threshold 15)
[2024-02-23T10:26:45.052+0000][4616][gc,age      ] GC(414) - age   1:   45337368 bytes,   45337368 total
[2024-02-23T10:26:45.052+0000][4616][gc,age      ] GC(414) - age   2:    2719608 bytes,   48056976 total
[2024-02-23T10:26:45.052+0000][4616][gc,heap     ] GC(414) Eden regions: 306->0(304)
[2024-02-23T10:26:45.052+0000][4616][gc,heap     ] GC(414) Survivor regions: 2->12(39)
[2024-02-23T10:26:45.052+0000][4616][gc,heap     ] GC(414) Old regions: 194->194
[2024-02-23T10:26:45.052+0000][4616][gc,heap     ] GC(414) Archive regions: 0->0
[2024-02-23T10:26:45.052+0000][4616][gc,heap     ] GC(414) Humongous regions: 2->2
[2024-02-23T10:26:45.052+0000][4616][gc,metaspace] GC(414) Metaspace: 131864K(137088K)->131864K(137088K) NonClass: 114887K(117824K)->114887K(117824K) Class: 16977K(19264K)->16977K(19264K)
[2024-02-23T10:26:45.053+0000][4616][gc          ] GC(414) Pause Young (Concurrent Start) (G1 Evacuation Pause) 2011M->831M(4040M) 21.585ms
[2024-02-23T10:26:45.053+0000][4616][gc          ] GC(415) Concurrent Mark Cycle
[2024-02-23T10:26:45.053+0000][4616][gc,cpu      ] GC(414) User=0.12s Sys=0.00s Real=0.02s
[2024-02-23T10:26:45.053+0000][4616][gc,marking  ] GC(415) Concurrent Clear Claimed Marks
[2024-02-23T10:26:45.053+0000][4616][safepoint   ] Safepoint "G1CollectForAllocation", Time since last: 8984941500 ns, Reaching safepoint: 329900 ns, At safepoint: 22451300 ns, Total: 22781200 ns
[2024-02-23T10:26:45.053+0000][4616][gc,marking  ] GC(415) Concurrent Clear Claimed Marks 0.520ms
[2024-02-23T10:26:45.053+0000][4616][gc,marking  ] GC(415) Concurrent Scan Root Regions
[2024-02-23T10:26:45.065+0000][4616][gc,marking  ] GC(415) Concurrent Scan Root Regions 14.470ms
[2024-02-23T10:26:45.065+0000][4616][gc,marking  ] GC(415) Concurrent Mark
[2024-02-23T10:26:45.065+0000][4616][gc,marking  ] GC(415) Concurrent Mark From Roots
[2024-02-23T10:26:45.065+0000][4616][gc,task     ] GC(415) Using 2 workers of 2 for marking
[2024-02-23T10:26:45.341+0000][4616][gc,marking  ] GC(415) Concurrent Mark From Roots 273.019ms
[2024-02-23T10:26:45.341+0000][4616][gc,marking  ] GC(415) Concurrent Preclean
[2024-02-23T10:26:45.342+0000][4616][gc,marking  ] GC(415) Concurrent Preclean 1.061ms
[2024-02-23T10:26:45.342+0000][4616][gc,start    ] GC(415) Pause Remark
[2024-02-23T10:26:45.363+0000][4616][gc          ] GC(415) Pause Remark 883M->883M(4040M) 20.073ms
[2024-02-23T10:26:45.363+0000][4616][gc,cpu      ] GC(415) User=0.03s Sys=0.00s Real=0.02s
[2024-02-23T10:26:45.363+0000][4616][safepoint   ] Safepoint "G1Concurrent", Time since last: 289296999 ns, Reaching safepoint: 92101 ns, At safepoint: 20351600 ns, Total: 20443701 ns
[2024-02-23T10:26:45.364+0000][4616][gc,marking  ] GC(415) Concurrent Mark 294.841ms
[2024-02-23T10:26:45.364+0000][4616][gc,marking  ] GC(415) Concurrent Rebuild Remembered Sets
[2024-02-23T10:26:45.512+0000][4616][gc,marking  ] GC(415) Concurrent Rebuild Remembered Sets 150.228ms
[2024-02-23T10:26:45.512+0000][4616][gc,start    ] GC(415) Pause Cleanup
[2024-02-23T10:26:45.515+0000][4616][gc          ] GC(415) Pause Cleanup 905M->905M(4040M) 0.523ms
[2024-02-23T10:26:45.515+0000][4616][gc,cpu      ] GC(415) User=0.00s Sys=0.00s Real=0.00s
[2024-02-23T10:26:45.515+0000][4616][safepoint   ] Safepoint "G1Concurrent", Time since last: 150456500 ns, Reaching safepoint: 162900 ns, At safepoint: 682600 ns, Total: 845500 ns
[2024-02-23T10:26:45.515+0000][4616][gc,marking  ] GC(415) Concurrent Cleanup for Next Mark
[2024-02-23T10:26:45.522+0000][4616][gc,marking  ] GC(415) Concurrent Cleanup for Next Mark 9.641ms
[2024-02-23T10:26:45.522+0000][4616][gc          ] GC(415) Concurrent Mark Cycle 471.487ms
[2024-02-23T10:26:54.299+0000][4616][gc,start    ] GC(416) Pause Young (Prepare Mixed) (G1 Evacuation Pause)
[2024-02-23T10:26:54.299+0000][4616][gc,task     ] GC(416) Using 8 workers of 8 for evacuation
[2024-02-23T10:26:54.299+0000][4616][gc,age      ] GC(416) Desired survivor size 90177536 bytes, new threshold 15 (max threshold 15)
[2024-02-23T10:26:54.315+0000][4616][gc,phases   ] GC(416)   Pre Evacuate Collection Set: 0.2ms
[2024-02-23T10:26:54.315+0000][4616][gc,phases   ] GC(416)   Merge Heap Roots: 0.2ms
[2024-02-23T10:26:54.315+0000][4616][gc,phases   ] GC(416)   Evacuate Collection Set: 21.8ms
[2024-02-23T10:26:54.315+0000][4616][gc,phases   ] GC(416)   Post Evacuate Collection Set: 1.2ms
[2024-02-23T10:26:54.315+0000][4616][gc,phases   ] GC(416)   Other: 0.2ms
[2024-02-23T10:26:54.315+0000][4616][gc,age      ] GC(416) Age table with threshold 15 (max threshold 15)
[2024-02-23T10:26:54.315+0000][4616][gc,age      ] GC(416) - age   1:   62519728 bytes,   62519728 total
[2024-02-23T10:26:54.315+0000][4616][gc,age      ] GC(416) - age   2:   43745880 bytes,  106265608 total
[2024-02-23T10:26:54.315+0000][4616][gc,age      ] GC(416) - age   3:    2474432 bytes,  108740040 total
[2024-02-23T10:26:54.315+0000][4616][gc,heap     ] GC(416) Eden regions: 328->0(22)
[2024-02-23T10:26:54.315+0000][4616][gc,heap     ] GC(416) Survivor regions: 12->28(43)
[2024-02-23T10:26:54.315+0000][4616][gc,heap     ] GC(416) Old regions: 194->194
[2024-02-23T10:26:54.315+0000][4616][gc,heap     ] GC(416) Archive regions: 0->0
[2024-02-23T10:26:54.315+0000][4616][gc,heap     ] GC(416) Humongous regions: 2->2
[2024-02-23T10:26:54.315+0000][4616][gc,metaspace] GC(416) Metaspace: 131864K(137088K)->131864K(137088K) NonClass: 114887K(117824K)->114887K(117824K) Class: 16977K(19264K)->16977K(19264K)
[2024-02-23T10:26:54.315+0000][4616][gc          ] GC(416) Pause Young (Prepare Mixed) (G1 Evacuation Pause) 2143M->892M(4040M) 24.451ms
[2024-02-23T10:26:54.315+0000][4616][gc,cpu      ] GC(416) User=0.12s Sys=0.00s Real=0.02s
[2024-02-23T10:26:54.328+0000][4616][safepoint   ] Safepoint "G1CollectForAllocation", Time since last: 8788570900 ns, Reaching safepoint: 129000 ns, At safepoint: 24738999 ns, Total: 24867999 ns
[2024-02-23T10:26:55.205+0000][4616][gc,start    ] GC(417) Pause Young (Mixed) (G1 Evacuation Pause)
[2024-02-23T10:26:55.205+0000][4616][gc,task     ] GC(417) Using 8 workers of 8 for evacuation
[2024-02-23T10:26:55.205+0000][4616][gc,age      ] GC(417) Desired survivor size 14680064 bytes, new threshold 1 (max threshold 15)
[2024-02-23T10:26:55.309+0000][4616][gc,phases   ] GC(417)   Pre Evacuate Collection Set: 0.2ms
[2024-02-23T10:26:55.309+0000][4616][gc,phases   ] GC(417)   Merge Heap Roots: 0.2ms
[2024-02-23T10:26:55.309+0000][4616][gc,phases   ] GC(417)   Evacuate Collection Set: 102.0ms
[2024-02-23T10:26:55.309+0000][4616][gc,phases   ] GC(417)   Post Evacuate Collection Set: 0.9ms
[2024-02-23T10:26:55.309+0000][4616][gc,phases   ] GC(417)   Other: 0.2ms
[2024-02-23T10:26:55.309+0000][4616][gc,age      ] GC(417) Age table with threshold 1 (max threshold 15)
[2024-02-23T10:26:55.309+0000][4616][gc,age      ] GC(417) - age   1:    1905952 bytes,    1905952 total
[2024-02-23T10:26:55.309+0000][4616][gc,heap     ] GC(417) Eden regions: 22->0(491)
[2024-02-23T10:26:55.309+0000][4616][gc,heap     ] GC(417) Survivor regions: 28->2(7)
[2024-02-23T10:26:55.309+0000][4616][gc,heap     ] GC(417) Old regions: 194->205
[2024-02-23T10:26:55.309+0000][4616][gc,heap     ] GC(417) Archive regions: 0->0
[2024-02-23T10:26:55.309+0000][4616][gc,heap     ] GC(417) Humongous regions: 2->2
[2024-02-23T10:26:55.309+0000][4616][gc,metaspace] GC(417) Metaspace: 131864K(137088K)->131864K(137088K) NonClass: 114887K(117824K)->114887K(117824K) Class: 16977K(19264K)->16977K(19264K)
[2024-02-23T10:26:55.309+0000][4616][gc          ] GC(417) Pause Young (Mixed) (G1 Evacuation Pause) 980M->832M(4040M) 103.851ms
[2024-02-23T10:26:55.309+0000][4616][gc,cpu      ] GC(417) User=0.02s Sys=0.17s Real=0.10s
[2024-02-23T10:26:55.309+0000][4616][safepoint   ] Safepoint "G1CollectForAllocation", Time since last: 876801900 ns, Reaching safepoint: 154401 ns, At safepoint: 104302699 ns, Total: 104457100 ns
[2024-02-23T10:26:56.321+0000][4616][safepoint   ] Safepoint "Cleanup", Time since last: 1011025701 ns, Reaching safepoint: 170200 ns, At safepoint: 34500 ns, Total: 204700 ns
[2024-02-23T10:27:11.361+0000][4616][gc,start    ] GC(418) Pause Young (Concurrent Start) (G1 Evacuation Pause)
[2024-02-23T10:27:11.361+0000][4616][gc,task     ] GC(418) Using 8 workers of 8 for evacuation
[2024-02-23T10:27:11.361+0000][4616][gc,age      ] GC(418) Desired survivor size 130023424 bytes, new threshold 15 (max threshold 15)
[2024-02-23T10:27:11.389+0000][4616][gc,phases   ] GC(418)   Pre Evacuate Collection Set: 0.7ms
[2024-02-23T10:27:11.389+0000][4616][gc,phases   ] GC(418)   Merge Heap Roots: 0.5ms
[2024-02-23T10:27:11.389+0000][4616][gc,phases   ] GC(418)   Evacuate Collection Set: 20.2ms
[2024-02-23T10:27:11.389+0000][4616][gc,phases   ] GC(418)   Post Evacuate Collection Set: 2.3ms
[2024-02-23T10:27:11.389+0000][4616][gc,phases   ] GC(418)   Other: 0.5ms
[2024-02-23T10:27:11.389+0000][4616][gc,age      ] GC(418) Age table with threshold 15 (max threshold 15)
[2024-02-23T10:27:11.390+0000][4616][gc,age      ] GC(418) - age   1:   62159568 bytes,   62159568 total
[2024-02-23T10:27:11.390+0000][4616][gc,age      ] GC(418) - age   2:    1055872 bytes,   63215440 total
[2024-02-23T10:27:11.390+0000][4616][gc,heap     ] GC(418) Eden regions: 491->0(502)
[2024-02-23T10:27:11.390+0000][4616][gc,heap     ] GC(418) Survivor regions: 2->16(62)
[2024-02-23T10:27:11.390+0000][4616][gc,heap     ] GC(418) Old regions: 205->205
[2024-02-23T10:27:11.390+0000][4616][gc,heap     ] GC(418) Archive regions: 0->0
[2024-02-23T10:27:11.390+0000][4616][gc,heap     ] GC(418) Humongous regions: 2->2
[2024-02-23T10:27:11.390+0000][4616][gc,metaspace] GC(418) Metaspace: 131864K(137088K)->131864K(137088K) NonClass: 114887K(117824K)->114887K(117824K) Class: 16977K(19264K)->16977K(19264K)
[2024-02-23T10:27:11.390+0000][4616][gc          ] GC(418) Pause Young (Concurrent Start) (G1 Evacuation Pause) 2796M->888M(4040M) 25.538ms
[2024-02-23T10:27:11.390+0000][4616][gc,cpu      ] GC(418) User=0.20s Sys=0.05s Real=0.03s
[2024-02-23T10:27:11.390+0000][4616][gc          ] GC(419) Concurrent Mark Cycle
[2024-02-23T10:27:11.390+0000][4616][gc,marking  ] GC(419) Concurrent Clear Claimed Marks
[2024-02-23T10:27:11.390+0000][4616][safepoint   ] Safepoint "G1CollectForAllocation", Time since last: 15044288899 ns, Reaching safepoint: 145401 ns, At safepoint: 26199099 ns, Total: 26344500 ns
[2024-02-23T10:27:11.390+0000][4616][gc,marking  ] GC(419) Concurrent Clear Claimed Marks 0.319ms
[2024-02-23T10:27:11.390+0000][4616][gc,marking  ] GC(419) Concurrent Scan Root Regions
[2024-02-23T10:27:11.398+0000][4616][gc,marking  ] GC(419) Concurrent Scan Root Regions 13.874ms
[2024-02-23T10:27:11.398+0000][4616][gc,marking  ] GC(419) Concurrent Mark
[2024-02-23T10:27:11.398+0000][4616][gc,marking  ] GC(419) Concurrent Mark From Roots
[2024-02-23T10:27:11.398+0000][4616][gc,task     ] GC(419) Using 2 workers of 2 for marking
[2024-02-23T10:27:11.696+0000][4616][gc,marking  ] GC(419) Concurrent Mark From Roots 290.291ms
[2024-02-23T10:27:11.696+0000][4616][gc,marking  ] GC(419) Concurrent Preclean
[2024-02-23T10:27:11.697+0000][4616][gc,marking  ] GC(419) Concurrent Preclean 0.872ms
[2024-02-23T10:27:11.697+0000][4616][gc,start    ] GC(419) Pause Remark
[2024-02-23T10:27:11.715+0000][4616][gc          ] GC(419) Pause Remark 930M->930M(4040M) 17.460ms
[2024-02-23T10:27:11.715+0000][4616][gc,cpu      ] GC(419) User=0.12s Sys=0.00s Real=0.02s
[2024-02-23T10:27:11.715+0000][4616][safepoint   ] Safepoint "G1Concurrent", Time since last: 305620300 ns, Reaching safepoint: 112001 ns, At safepoint: 17699799 ns, Total: 17811800 ns
[2024-02-23T10:27:11.715+0000][4616][gc,marking  ] GC(419) Concurrent Mark 309.260ms
[2024-02-23T10:27:11.715+0000][4616][gc,marking  ] GC(419) Concurrent Rebuild Remembered Sets
[2024-02-23T10:27:11.853+0000][4616][gc,marking  ] GC(419) Concurrent Rebuild Remembered Sets 142.473ms
[2024-02-23T10:27:11.853+0000][4616][gc,start    ] GC(419) Pause Cleanup
[2024-02-23T10:27:11.853+0000][4616][gc          ] GC(419) Pause Cleanup 964M->964M(4040M) 0.567ms
[2024-02-23T10:27:11.853+0000][4616][gc,cpu      ] GC(419) User=0.00s Sys=0.00s Real=0.00s
[2024-02-23T10:27:11.853+0000][4616][safepoint   ] Safepoint "G1Concurrent", Time since last: 142750201 ns, Reaching safepoint: 123399 ns, At safepoint: 748700 ns, Total: 872099 ns
[2024-02-23T10:27:11.853+0000][4616][gc,marking  ] GC(419) Concurrent Cleanup for Next Mark
[2024-02-23T10:27:11.867+0000][4616][gc,marking  ] GC(419) Concurrent Cleanup for Next Mark 8.094ms
[2024-02-23T10:27:11.867+0000][4616][gc          ] GC(419) Concurrent Mark Cycle 475.749ms
[2024-02-23T10:27:28.234+0000][4616][gc,start    ] GC(420) Pause Young (Prepare Mixed) (G1 Evacuation Pause)
[2024-02-23T10:27:28.234+0000][4616][gc,task     ] GC(420) Using 8 workers of 8 for evacuation
[2024-02-23T10:27:28.234+0000][4616][gc,age      ] GC(420) Desired survivor size 142606336 bytes, new threshold 15 (max threshold 15)
[2024-02-23T10:27:28.270+0000][4616][gc,phases   ] GC(420)   Pre Evacuate Collection Set: 0.2ms
[2024-02-23T10:27:28.270+0000][4616][gc,phases   ] GC(420)   Merge Heap Roots: 0.3ms
[2024-02-23T10:27:28.270+0000][4616][gc,phases   ] GC(420)   Evacuate Collection Set: 28.7ms
[2024-02-23T10:27:28.270+0000][4616][gc,phases   ] GC(420)   Post Evacuate Collection Set: 1.4ms
[2024-02-23T10:27:28.270+0000][4616][gc,phases   ] GC(420)   Other: 2.2ms
[2024-02-23T10:27:28.270+0000][4616][gc,age      ] GC(420) Age table with threshold 15 (max threshold 15)
[2024-02-23T10:27:28.270+0000][4616][gc,age      ] GC(420) - age   1:   87228640 bytes,   87228640 total
[2024-02-23T10:27:28.270+0000][4616][gc,age      ] GC(420) - age   2:   55796424 bytes,  143025064 total
[2024-02-23T10:27:28.270+0000][4616][gc,age      ] GC(420) - age   3:     851360 bytes,  143876424 total
[2024-02-23T10:27:28.270+0000][4616][gc,heap     ] GC(420) Eden regions: 523->0(14)
[2024-02-23T10:27:28.270+0000][4616][gc,heap     ] GC(420) Survivor regions: 16->36(68)
[2024-02-23T10:27:28.270+0000][4616][gc,heap     ] GC(420) Old regions: 205->205
[2024-02-23T10:27:28.271+0000][4616][gc,heap     ] GC(420) Archive regions: 0->0
[2024-02-23T10:27:28.271+0000][4616][gc,heap     ] GC(420) Humongous regions: 2->2
[2024-02-23T10:27:28.271+0000][4616][gc,metaspace] GC(420) Metaspace: 131864K(137088K)->131864K(137088K) NonClass: 114887K(117824K)->114887K(117824K) Class: 16977K(19264K)->16977K(19264K)
[2024-02-23T10:27:28.271+0000][4616][gc          ] GC(420) Pause Young (Prepare Mixed) (G1 Evacuation Pause) 2980M->967M(4040M) 33.605ms
[2024-02-23T10:27:28.271+0000][4616][gc,cpu      ] GC(420) User=0.25s Sys=0.00s Real=0.04s
[2024-02-23T10:27:28.271+0000][4616][safepoint   ] Safepoint "G1CollectForAllocation", Time since last: 16378422601 ns, Reaching safepoint: 149500 ns, At safepoint: 33830000 ns, Total: 33979500 ns
[2024-02-23T10:27:28.522+0000][4616][gc,start    ] GC(421) Pause Young (Mixed) (G1 Evacuation Pause)
[2024-02-23T10:27:28.522+0000][4616][gc,task     ] GC(421) Using 8 workers of 8 for evacuation
[2024-02-23T10:27:28.522+0000][4616][gc,age      ] GC(421) Desired survivor size 14680064 bytes, new threshold 1 (max threshold 15)
[2024-02-23T10:27:28.872+0000][4616][gc,mmu      ] GC(421) MMU target violated: 201.0ms (200.0ms/201.0ms)
[2024-02-23T10:27:28.872+0000][4616][gc,phases   ] GC(421)   Pre Evacuate Collection Set: 0.2ms
[2024-02-23T10:27:28.872+0000][4616][gc,phases   ] GC(421)   Merge Heap Roots: 0.2ms
[2024-02-23T10:27:28.872+0000][4616][gc,phases   ] GC(421)   Evacuate Collection Set: 345.1ms
[2024-02-23T10:27:28.872+0000][4616][gc,phases   ] GC(421)   Post Evacuate Collection Set: 1.1ms
[2024-02-23T10:27:28.872+0000][4616][gc,phases   ] GC(421)   Other: 0.3ms
[2024-02-23T10:27:28.872+0000][4616][gc,age      ] GC(421) Age table with threshold 1 (max threshold 15)
[2024-02-23T10:27:28.872+0000][4616][gc,age      ] GC(421) - age   1:    3205248 bytes,    3205248 total
[2024-02-23T10:27:28.872+0000][4616][gc,heap     ] GC(421) Eden regions: 14->0(429)
[2024-02-23T10:27:28.872+0000][4616][gc,heap     ] GC(421) Survivor regions: 36->4(7)
[2024-02-23T10:27:28.872+0000][4616][gc,heap     ] GC(421) Old regions: 205->210
[2024-02-23T10:27:28.872+0000][4616][gc,heap     ] GC(421) Archive regions: 0->0
[2024-02-23T10:27:28.872+0000][4616][gc,heap     ] GC(421) Humongous regions: 2->2
[2024-02-23T10:27:28.872+0000][4616][gc,metaspace] GC(421) Metaspace: 131864K(137088K)->131864K(137088K) NonClass: 114887K(117824K)->114887K(117824K) Class: 16977K(19264K)->16977K(19264K)
[2024-02-23T10:27:28.872+0000][4616][gc          ] GC(421) Pause Young (Mixed) (G1 Evacuation Pause) 1023M->860M(4040M) 347.505ms
[2024-02-23T10:27:28.872+0000][4616][gc,cpu      ] GC(421) User=0.22s Sys=0.62s Real=0.35s
[2024-02-23T10:27:28.872+0000][4616][safepoint   ] Safepoint "G1CollectForAllocation", Time since last: 255711300 ns, Reaching safepoint: 114299 ns, At safepoint: 348129301 ns, Total: 348243600 ns
[2024-02-23T10:27:41.717+0000][4616][gc,start    ] GC(422) Pause Young (Concurrent Start) (G1 Evacuation Pause)
[2024-02-23T10:27:41.717+0000][4616][gc,task     ] GC(422) Using 8 workers of 8 for evacuation
[2024-02-23T10:27:41.717+0000][4616][gc,age      ] GC(422) Desired survivor size 115343360 bytes, new threshold 15 (max threshold 15)
[2024-02-23T10:27:41.732+0000][4616][gc,phases   ] GC(422)   Pre Evacuate Collection Set: 0.4ms
[2024-02-23T10:27:41.732+0000][4616][gc,phases   ] GC(422)   Merge Heap Roots: 0.2ms
[2024-02-23T10:27:41.732+0000][4616][gc,phases   ] GC(422)   Evacuate Collection Set: 11.5ms
[2024-02-23T10:27:41.732+0000][4616][gc,phases   ] GC(422)   Post Evacuate Collection Set: 1.3ms
[2024-02-23T10:27:41.732+0000][4616][gc,phases   ] GC(422)   Other: 2.5ms
[2024-02-23T10:27:41.732+0000][4616][gc,age      ] GC(422) Age table with threshold 15 (max threshold 15)
[2024-02-23T10:27:41.732+0000][4616][gc,age      ] GC(422) - age   1:   48312080 bytes,   48312080 total
[2024-02-23T10:27:41.732+0000][4616][gc,age      ] GC(422) - age   2:    2304240 bytes,   50616320 total
[2024-02-23T10:27:41.732+0000][4616][gc,heap     ] GC(422) Eden regions: 429->0(463)
[2024-02-23T10:27:41.732+0000][4616][gc,heap     ] GC(422) Survivor regions: 4->13(55)
[2024-02-23T10:27:41.732+0000][4616][gc,heap     ] GC(422) Old regions: 210->210
[2024-02-23T10:27:41.732+0000][4616][gc,heap     ] GC(422) Archive regions: 0->0
[2024-02-23T10:27:41.732+0000][4616][gc,heap     ] GC(422) Humongous regions: 2->2
[2024-02-23T10:27:41.732+0000][4616][gc,metaspace] GC(422) Metaspace: 131864K(137088K)->131864K(137088K) NonClass: 114887K(117824K)->114887K(117824K) Class: 16977K(19264K)->16977K(19264K)
[2024-02-23T10:27:41.732+0000][4616][gc          ] GC(422) Pause Young (Concurrent Start) (G1 Evacuation Pause) 2576M->896M(4040M) 16.318ms
[2024-02-23T10:27:41.733+0000][4616][gc,cpu      ] GC(422) User=0.03s Sys=0.05s Real=0.02s
[2024-02-23T10:27:41.733+0000][4616][gc          ] GC(423) Concurrent Mark Cycle
[2024-02-23T10:27:41.733+0000][4616][safepoint   ] Safepoint "G1CollectForAllocation", Time since last: 12841881400 ns, Reaching safepoint: 99099 ns, At safepoint: 16498901 ns, Total: 16598000 ns
[2024-02-23T10:27:41.733+0000][4616][gc,marking  ] GC(423) Concurrent Clear Claimed Marks
[2024-02-23T10:27:41.733+0000][4616][gc,marking  ] GC(423) Concurrent Clear Claimed Marks 0.266ms
[2024-02-23T10:27:41.733+0000][4616][gc,marking  ] GC(423) Concurrent Scan Root Regions
[2024-02-23T10:27:41.734+0000][4616][gc,marking  ] GC(423) Concurrent Scan Root Regions 5.425ms
[2024-02-23T10:27:41.734+0000][4616][gc,marking  ] GC(423) Concurrent Mark
[2024-02-23T10:27:41.734+0000][4616][gc,marking  ] GC(423) Concurrent Mark From Roots
[2024-02-23T10:27:41.734+0000][4616][gc,task     ] GC(423) Using 2 workers of 2 for marking
[2024-02-23T10:27:41.954+0000][4616][gc,marking  ] GC(423) Concurrent Mark From Roots 226.676ms
[2024-02-23T10:27:41.954+0000][4616][gc,marking  ] GC(423) Concurrent Preclean
[2024-02-23T10:27:41.954+0000][4616][gc,marking  ] GC(423) Concurrent Preclean 0.867ms
[2024-02-23T10:27:41.954+0000][4616][gc,start    ] GC(423) Pause Remark
[2024-02-23T10:27:41.972+0000][4616][gc          ] GC(423) Pause Remark 948M->948M(4040M) 18.597ms
[2024-02-23T10:27:41.972+0000][4616][gc,cpu      ] GC(423) User=0.11s Sys=0.00s Real=0.02s
[2024-02-23T10:27:41.972+0000][4616][safepoint   ] Safepoint "G1Concurrent", Time since last: 233552699 ns, Reaching safepoint: 104201 ns, At safepoint: 18815900 ns, Total: 18920101 ns
[2024-02-23T10:27:41.972+0000][4616][gc,marking  ] GC(423) Concurrent Mark 246.698ms
[2024-02-23T10:27:41.972+0000][4616][gc,marking  ] GC(423) Concurrent Rebuild Remembered Sets
[2024-02-23T10:27:42.136+0000][4616][gc,marking  ] GC(423) Concurrent Rebuild Remembered Sets 150.853ms
[2024-02-23T10:27:42.136+0000][4616][gc,start    ] GC(423) Pause Cleanup
[2024-02-23T10:27:42.136+0000][4616][gc          ] GC(423) Pause Cleanup 948M->948M(4040M) 1.057ms
[2024-02-23T10:27:42.136+0000][4616][gc,cpu      ] GC(423) User=0.00s Sys=0.00s Real=0.00s
[2024-02-23T10:27:42.136+0000][4616][safepoint   ] Safepoint "G1Concurrent", Time since last: 151092600 ns, Reaching safepoint: 104900 ns, At safepoint: 1230199 ns, Total: 1335099 ns
[2024-02-23T10:27:42.136+0000][4616][gc,marking  ] GC(423) Concurrent Cleanup for Next Mark
[2024-02-23T10:27:42.136+0000][4616][gc,marking  ] GC(423) Concurrent Cleanup for Next Mark 4.788ms
[2024-02-23T10:27:42.136+0000][4616][gc          ] GC(423) Concurrent Mark Cycle 409.906ms
[2024-02-23T10:27:56.492+0000][4616][gc,start    ] GC(424) Pause Young (Prepare Mixed) (G1 Evacuation Pause)
[2024-02-23T10:27:56.492+0000][4616][gc,task     ] GC(424) Using 8 workers of 8 for evacuation
[2024-02-23T10:27:56.492+0000][4616][gc,age      ] GC(424) Desired survivor size 140509184 bytes, new threshold 15 (max threshold 15)
[2024-02-23T10:27:56.521+0000][4616][gc,phases   ] GC(424)   Pre Evacuate Collection Set: 0.2ms
[2024-02-23T10:27:56.521+0000][4616][gc,phases   ] GC(424)   Merge Heap Roots: 0.3ms
[2024-02-23T10:27:56.521+0000][4616][gc,phases   ] GC(424)   Evacuate Collection Set: 21.9ms
[2024-02-23T10:27:56.521+0000][4616][gc,phases   ] GC(424)   Post Evacuate Collection Set: 1.3ms
[2024-02-23T10:27:56.521+0000][4616][gc,phases   ] GC(424)   Other: 2.2ms
[2024-02-23T10:27:56.521+0000][4616][gc,age      ] GC(424) Age table with threshold 15 (max threshold 15)
[2024-02-23T10:27:56.521+0000][4616][gc,age      ] GC(424) - age   1:   65692392 bytes,   65692392 total
[2024-02-23T10:27:56.521+0000][4616][gc,age      ] GC(424) - age   2:   39023968 bytes,  104716360 total
[2024-02-23T10:27:56.521+0000][4616][gc,age      ] GC(424) - age   3:    2288248 bytes,  107004608 total
[2024-02-23T10:27:56.521+0000][4616][gc,heap     ] GC(424) Eden regions: 523->0(23)
[2024-02-23T10:27:56.521+0000][4616][gc,heap     ] GC(424) Survivor regions: 13->27(67)
[2024-02-23T10:27:56.521+0000][4616][gc,heap     ] GC(424) Old regions: 210->210
[2024-02-23T10:27:56.521+0000][4616][gc,heap     ] GC(424) Archive regions: 0->0
[2024-02-23T10:27:56.521+0000][4616][gc,heap     ] GC(424) Humongous regions: 2->2
[2024-02-23T10:27:56.521+0000][4616][gc,metaspace] GC(424) Metaspace: 131864K(137088K)->131864K(137088K) NonClass: 114887K(117824K)->114887K(117824K) Class: 16977K(19264K)->16977K(19264K)
[2024-02-23T10:27:56.521+0000][4616][gc          ] GC(424) Pause Young (Prepare Mixed) (G1 Evacuation Pause) 2988M->949M(4040M) 26.437ms
[2024-02-23T10:27:56.521+0000][4616][gc,cpu      ] GC(424) User=0.12s Sys=0.00s Real=0.03s
[2024-02-23T10:27:56.521+0000][4616][safepoint   ] Safepoint "G1CollectForAllocation", Time since last: 14356278001 ns, Reaching safepoint: 118299 ns, At safepoint: 26700200 ns, Total: 26818499 ns
[2024-02-23T10:27:56.983+0000][4616][gc,start    ] GC(425) Pause Young (Mixed) (G1 Evacuation Pause)
[2024-02-23T10:27:56.983+0000][4616][gc,task     ] GC(425) Using 8 workers of 8 for evacuation
[2024-02-23T10:27:56.983+0000][4616][gc,age      ] GC(425) Desired survivor size 14680064 bytes, new threshold 1 (max threshold 15)
[2024-02-23T10:27:57.052+0000][4616][gc,phases   ] GC(425)   Pre Evacuate Collection Set: 0.2ms
[2024-02-23T10:27:57.052+0000][4616][gc,phases   ] GC(425)   Merge Heap Roots: 0.2ms
[2024-02-23T10:27:57.052+0000][4616][gc,phases   ] GC(425)   Evacuate Collection Set: 67.1ms
[2024-02-23T10:27:57.052+0000][4616][gc,phases   ] GC(425)   Post Evacuate Collection Set: 0.9ms
[2024-02-23T10:27:57.052+0000][4616][gc,phases   ] GC(425)   Other: 0.2ms
[2024-02-23T10:27:57.052+0000][4616][gc,age      ] GC(425) Age table with threshold 1 (max threshold 15)
[2024-02-23T10:27:57.052+0000][4616][gc,age      ] GC(425) - age   1:    3054872 bytes,    3054872 total
[2024-02-23T10:27:57.052+0000][4616][gc,heap     ] GC(425) Eden regions: 23->0(563)
[2024-02-23T10:27:57.052+0000][4616][gc,heap     ] GC(425) Survivor regions: 27->3(7)
[2024-02-23T10:27:57.052+0000][4616][gc,heap     ] GC(425) Old regions: 210->204
[2024-02-23T10:27:57.052+0000][4616][gc,heap     ] GC(425) Archive regions: 0->0
[2024-02-23T10:27:57.052+0000][4616][gc,heap     ] GC(425) Humongous regions: 2->2
[2024-02-23T10:27:57.052+0000][4616][gc,metaspace] GC(425) Metaspace: 131864K(137088K)->131864K(137088K) NonClass: 114887K(117824K)->114887K(117824K) Class: 16977K(19264K)->16977K(19264K)
[2024-02-23T10:27:57.052+0000][4616][gc          ] GC(425) Pause Young (Mixed) (G1 Evacuation Pause) 1041M->832M(4040M) 69.042ms
[2024-02-23T10:27:57.052+0000][4616][gc,cpu      ] GC(425) User=0.16s Sys=0.11s Real=0.07s
[2024-02-23T10:27:57.052+0000][4616][safepoint   ] Safepoint "G1CollectForAllocation", Time since last: 465944401 ns, Reaching safepoint: 88800 ns, At safepoint: 69437000 ns, Total: 69525800 ns
[2024-02-23T10:28:11.146+0000][4616][safepoint   ] Safepoint "Cleanup", Time since last: 14089058800 ns, Reaching safepoint: 125900 ns, At safepoint: 23200 ns, Total: 149100 ns
[2024-02-23T10:28:14.744+0000][4616][gc,start    ] GC(426) Pause Young (Normal) (G1 Evacuation Pause)
[2024-02-23T10:28:14.744+0000][4616][gc,task     ] GC(426) Using 8 workers of 8 for evacuation
[2024-02-23T10:28:14.744+0000][4616][gc,age      ] GC(426) Desired survivor size 148897792 bytes, new threshold 15 (max threshold 15)
[2024-02-23T10:28:14.773+0000][4616][gc,phases   ] GC(426)   Pre Evacuate Collection Set: 0.2ms
[2024-02-23T10:28:14.773+0000][4616][gc,phases   ] GC(426)   Merge Heap Roots: 0.2ms
[2024-02-23T10:28:14.773+0000][4616][gc,phases   ] GC(426)   Evacuate Collection Set: 20.8ms
[2024-02-23T10:28:14.773+0000][4616][gc,phases   ] GC(426)   Post Evacuate Collection Set: 2.0ms
[2024-02-23T10:28:14.773+0000][4616][gc,phases   ] GC(426)   Other: 0.2ms
[2024-02-23T10:28:14.773+0000][4616][gc,age      ] GC(426) Age table with threshold 15 (max threshold 15)
[2024-02-23T10:28:14.773+0000][4616][gc,age      ] GC(426) - age   1:   98733248 bytes,   98733248 total
[2024-02-23T10:28:14.773+0000][4616][gc,age      ] GC(426) - age   2:    2364224 bytes,  101097472 total
[2024-02-23T10:28:14.773+0000][4616][gc,heap     ] GC(426) Eden regions: 563->0(542)
[2024-02-23T10:28:14.773+0000][4616][gc,heap     ] GC(426) Survivor regions: 3->26(71)
[2024-02-23T10:28:14.773+0000][4616][gc,heap     ] GC(426) Old regions: 204->204
[2024-02-23T10:28:14.773+0000][4616][gc,heap     ] GC(426) Archive regions: 0->0
[2024-02-23T10:28:14.773+0000][4616][gc,heap     ] GC(426) Humongous regions: 2->2
[2024-02-23T10:28:14.773+0000][4616][gc,metaspace] GC(426) Metaspace: 131864K(137088K)->131864K(137088K) NonClass: 114887K(117824K)->114887K(117824K) Class: 16977K(19264K)->16977K(19264K)
[2024-02-23T10:28:14.773+0000][4616][gc          ] GC(426) Pause Young (Normal) (G1 Evacuation Pause) 3084M->922M(4040M) 23.900ms
[2024-02-23T10:28:14.773+0000][4616][gc,cpu      ] GC(426) User=0.12s Sys=0.00s Real=0.03s
[2024-02-23T10:28:14.773+0000][4616][safepoint   ] Safepoint "G1CollectForAllocation", Time since last: 3604858200 ns, Reaching safepoint: 157999 ns, At safepoint: 24104101 ns, Total: 24262100 ns
[2024-02-23T10:28:31.392+0000][4616][gc,start    ] GC(427) Pause Young (Normal) (G1 Evacuation Pause)
[2024-02-23T10:28:31.392+0000][4616][gc,task     ] GC(427) Using 8 workers of 8 for evacuation
[2024-02-23T10:28:31.392+0000][4616][gc,age      ] GC(427) Desired survivor size 148897792 bytes, new threshold 15 (max threshold 15)
[2024-02-23T10:28:31.434+0000][4616][gc,phases   ] GC(427)   Pre Evacuate Collection Set: 0.4ms
[2024-02-23T10:28:31.434+0000][4616][gc,phases   ] GC(427)   Merge Heap Roots: 0.5ms
[2024-02-23T10:28:31.434+0000][4616][gc,phases   ] GC(427)   Evacuate Collection Set: 40.7ms
[2024-02-23T10:28:31.434+0000][4616][gc,phases   ] GC(427)   Post Evacuate Collection Set: 2.0ms
[2024-02-23T10:28:31.434+0000][4616][gc,phases   ] GC(427)   Other: 0.4ms
[2024-02-23T10:28:31.434+0000][4616][gc,age      ] GC(427) Age table with threshold 15 (max threshold 15)
[2024-02-23T10:28:31.434+0000][4616][gc,age      ] GC(427) - age   1:   70365392 bytes,   70365392 total
[2024-02-23T10:28:31.434+0000][4616][gc,age      ] GC(427) - age   2:   87740320 bytes,  158105712 total
[2024-02-23T10:28:31.434+0000][4616][gc,age      ] GC(427) - age   3:    1957040 bytes,  160062752 total
[2024-02-23T10:28:31.434+0000][4616][gc,heap     ] GC(427) Eden regions: 542->0(535)
[2024-02-23T10:28:31.434+0000][4616][gc,heap     ] GC(427) Survivor regions: 26->40(71)
[2024-02-23T10:28:31.434+0000][4616][gc,heap     ] GC(427) Old regions: 204->204
[2024-02-23T10:28:31.434+0000][4616][gc,heap     ] GC(427) Archive regions: 0->0
[2024-02-23T10:28:31.434+0000][4616][gc,heap     ] GC(427) Humongous regions: 2->2
[2024-02-23T10:28:31.434+0000][4616][gc,metaspace] GC(427) Metaspace: 131864K(137088K)->131864K(137088K) NonClass: 114887K(117824K)->114887K(117824K) Class: 16977K(19264K)->16977K(19264K)
[2024-02-23T10:28:31.434+0000][4616][gc          ] GC(427) Pause Young (Normal) (G1 Evacuation Pause) 3089M->980M(4040M) 44.767ms
[2024-02-23T10:28:31.434+0000][4616][gc,cpu      ] GC(427) User=0.28s Sys=0.06s Real=0.04s
[2024-02-23T10:28:31.434+0000][4616][safepoint   ] Safepoint "G1CollectForAllocation", Time since last: 16624208900 ns, Reaching safepoint: 144799 ns, At safepoint: 45129101 ns, Total: 45273900 ns
[2024-02-23T10:28:51.923+0000][4616][gc,start    ] GC(428) Pause Young (Concurrent Start) (G1 Evacuation Pause)
[2024-02-23T10:28:51.923+0000][4616][gc,task     ] GC(428) Using 8 workers of 8 for evacuation
[2024-02-23T10:28:51.923+0000][4616][gc,age      ] GC(428) Desired survivor size 150994944 bytes, new threshold 2 (max threshold 15)
[2024-02-23T10:28:51.987+0000][4616][gc,phases   ] GC(428)   Pre Evacuate Collection Set: 0.4ms
[2024-02-23T10:28:51.987+0000][4616][gc,phases   ] GC(428)   Merge Heap Roots: 0.2ms
[2024-02-23T10:28:51.987+0000][4616][gc,phases   ] GC(428)   Evacuate Collection Set: 56.4ms
[2024-02-23T10:28:51.987+0000][4616][gc,phases   ] GC(428)   Post Evacuate Collection Set: 1.4ms
[2024-02-23T10:28:51.987+0000][4616][gc,phases   ] GC(428)   Other: 0.3ms
[2024-02-23T10:28:51.987+0000][4616][gc,age      ] GC(428) Age table with threshold 2 (max threshold 15)
[2024-02-23T10:28:51.987+0000][4616][gc,age      ] GC(428) - age   1:   87784632 bytes,   87784632 total
[2024-02-23T10:28:51.988+0000][4616][gc,age      ] GC(428) - age   2:   59127856 bytes,  146912488 total
[2024-02-23T10:28:51.988+0000][4616][gc,heap     ] GC(428) Eden regions: 535->0(526)
[2024-02-23T10:28:51.988+0000][4616][gc,heap     ] GC(428) Survivor regions: 40->37(72)
[2024-02-23T10:28:51.988+0000][4616][gc,heap     ] GC(428) Old regions: 204->217
[2024-02-23T10:28:51.988+0000][4616][gc,heap     ] GC(428) Archive regions: 0->0
[2024-02-23T10:28:51.988+0000][4616][gc,heap     ] GC(428) Humongous regions: 2->2
[2024-02-23T10:28:51.988+0000][4616][gc,metaspace] GC(428) Metaspace: 131864K(137088K)->131864K(137088K) NonClass: 114887K(117824K)->114887K(117824K) Class: 16977K(19264K)->16977K(19264K)
[2024-02-23T10:28:51.988+0000][4616][gc          ] GC(428) Pause Young (Concurrent Start) (G1 Evacuation Pause) 3120M->1020M(4040M) 59.170ms
[2024-02-23T10:28:51.988+0000][4616][gc          ] GC(429) Concurrent Mark Cycle
[2024-02-23T10:28:51.988+0000][4616][gc,cpu      ] GC(428) User=0.34s Sys=0.02s Real=0.06s
[2024-02-23T10:28:51.988+0000][4616][gc,marking  ] GC(429) Concurrent Clear Claimed Marks
[2024-02-23T10:28:51.988+0000][4616][safepoint   ] Safepoint "G1CollectForAllocation", Time since last: 20484107099 ns, Reaching safepoint: 97601 ns, At safepoint: 59486900 ns, Total: 59584501 ns
[2024-02-23T10:28:51.988+0000][4616][gc,marking  ] GC(429) Concurrent Clear Claimed Marks 0.320ms
[2024-02-23T10:28:51.988+0000][4616][gc,marking  ] GC(429) Concurrent Scan Root Regions
[2024-02-23T10:28:51.998+0000][4616][gc,marking  ] GC(429) Concurrent Scan Root Regions 14.977ms
[2024-02-23T10:28:51.998+0000][4616][gc,marking  ] GC(429) Concurrent Mark
[2024-02-23T10:28:51.998+0000][4616][gc,marking  ] GC(429) Concurrent Mark From Roots
[2024-02-23T10:28:51.998+0000][4616][gc,task     ] GC(429) Using 2 workers of 2 for marking
[2024-02-23T10:28:52.238+0000][4616][gc,marking  ] GC(429) Concurrent Mark From Roots 248.999ms
[2024-02-23T10:28:52.238+0000][4616][gc,marking  ] GC(429) Concurrent Preclean
[2024-02-23T10:28:52.253+0000][4616][gc,marking  ] GC(429) Concurrent Preclean 0.884ms
[2024-02-23T10:28:52.253+0000][4616][gc,start    ] GC(429) Pause Remark
[2024-02-23T10:28:52.267+0000][4616][gc          ] GC(429) Pause Remark 1070M->1070M(4040M) 19.106ms
[2024-02-23T10:28:52.267+0000][4616][gc,cpu      ] GC(429) User=0.03s Sys=0.06s Real=0.01s
[2024-02-23T10:28:52.267+0000][4616][safepoint   ] Safepoint "G1Concurrent", Time since last: 265285899 ns, Reaching safepoint: 90601 ns, At safepoint: 19331900 ns, Total: 19422501 ns
[2024-02-23T10:28:52.267+0000][4616][gc,marking  ] GC(429) Concurrent Mark 269.536ms
[2024-02-23T10:28:52.267+0000][4616][gc,marking  ] GC(429) Concurrent Rebuild Remembered Sets
[2024-02-23T10:28:52.433+0000][4616][gc,marking  ] GC(429) Concurrent Rebuild Remembered Sets 160.668ms
[2024-02-23T10:28:52.433+0000][4616][gc,start    ] GC(429) Pause Cleanup
[2024-02-23T10:28:52.433+0000][4616][gc          ] GC(429) Pause Cleanup 1102M->1102M(4040M) 0.527ms
[2024-02-23T10:28:52.433+0000][4616][gc,cpu      ] GC(429) User=0.00s Sys=0.00s Real=0.00s
[2024-02-23T10:28:52.433+0000][4616][safepoint   ] Safepoint "G1Concurrent", Time since last: 160935300 ns, Reaching safepoint: 110000 ns, At safepoint: 703500 ns, Total: 813500 ns
[2024-02-23T10:28:52.433+0000][4616][gc,marking  ] GC(429) Concurrent Cleanup for Next Mark
[2024-02-23T10:28:52.433+0000][4616][gc,marking  ] GC(429) Concurrent Cleanup for Next Mark 5.934ms
[2024-02-23T10:28:52.433+0000][4616][gc          ] GC(429) Concurrent Mark Cycle 452.807ms
[2024-02-23T10:29:08.711+0000][4616][gc,start    ] GC(430) Pause Young (Prepare Mixed) (G1 Evacuation Pause)
[2024-02-23T10:29:08.711+0000][4616][gc,task     ] GC(430) Using 8 workers of 8 for evacuation
[2024-02-23T10:29:08.711+0000][4616][gc,age      ] GC(430) Desired survivor size 148897792 bytes, new threshold 15 (max threshold 15)
[2024-02-23T10:29:08.767+0000][4616][gc,phases   ] GC(430)   Pre Evacuate Collection Set: 0.3ms
[2024-02-23T10:29:08.767+0000][4616][gc,phases   ] GC(430)   Merge Heap Roots: 0.6ms
[2024-02-23T10:29:08.767+0000][4616][gc,phases   ] GC(430)   Evacuate Collection Set: 39.4ms
[2024-02-23T10:29:08.767+0000][4616][gc,phases   ] GC(430)   Post Evacuate Collection Set: 1.6ms
[2024-02-23T10:29:08.767+0000][4616][gc,phases   ] GC(430)   Other: 0.4ms
[2024-02-23T10:29:08.767+0000][4616][gc,age      ] GC(430) Age table with threshold 15 (max threshold 15)
[2024-02-23T10:29:08.767+0000][4616][gc,age      ] GC(430) - age   1:   66180008 bytes,   66180008 total
[2024-02-23T10:29:08.767+0000][4616][gc,age      ] GC(430) - age   2:   69481104 bytes,  135661112 total
[2024-02-23T10:29:08.767+0000][4616][gc,age      ] GC(430) - age   3:   48992984 bytes,  184654096 total
[2024-02-23T10:29:08.767+0000][4616][gc,heap     ] GC(430) Eden regions: 526->0(3)
[2024-02-23T10:29:08.767+0000][4616][gc,heap     ] GC(430) Survivor regions: 37->47(71)
[2024-02-23T10:29:08.767+0000][4616][gc,heap     ] GC(430) Old regions: 217->217
[2024-02-23T10:29:08.767+0000][4616][gc,heap     ] GC(430) Archive regions: 0->0
[2024-02-23T10:29:08.767+0000][4616][gc,heap     ] GC(430) Humongous regions: 2->2
[2024-02-23T10:29:08.767+0000][4616][gc,metaspace] GC(430) Metaspace: 131864K(137088K)->131864K(137088K) NonClass: 114887K(117824K)->114887K(117824K) Class: 16977K(19264K)->16977K(19264K)
[2024-02-23T10:29:08.767+0000][4616][gc          ] GC(430) Pause Young (Prepare Mixed) (G1 Evacuation Pause) 3124M->1058M(4040M) 42.994ms
[2024-02-23T10:29:08.767+0000][4616][gc,cpu      ] GC(430) User=0.38s Sys=0.00s Real=0.06s
[2024-02-23T10:29:08.767+0000][4616][safepoint   ] Safepoint "G1CollectForAllocation", Time since last: 16290520800 ns, Reaching safepoint: 204700 ns, At safepoint: 43238300 ns, Total: 43443000 ns
[2024-02-23T10:29:08.779+0000][4616][gc,start    ] GC(431) Pause Young (Mixed) (G1 Evacuation Pause)
[2024-02-23T10:29:08.779+0000][4616][gc,task     ] GC(431) Using 8 workers of 8 for evacuation
[2024-02-23T10:29:08.779+0000][4616][gc,age      ] GC(431) Desired survivor size 14680064 bytes, new threshold 1 (max threshold 15)
[2024-02-23T10:29:09.216+0000][4616][gc,mmu      ] GC(431) MMU target violated: 201.0ms (200.0ms/201.0ms)
[2024-02-23T10:29:09.216+0000][4616][gc,phases   ] GC(431)   Pre Evacuate Collection Set: 0.2ms
[2024-02-23T10:29:09.216+0000][4616][gc,phases   ] GC(431)   Merge Heap Roots: 0.2ms
[2024-02-23T10:29:09.216+0000][4616][gc,phases   ] GC(431)   Evacuate Collection Set: 432.4ms
[2024-02-23T10:29:09.216+0000][4616][gc,phases   ] GC(431)   Post Evacuate Collection Set: 1.0ms
[2024-02-23T10:29:09.216+0000][4616][gc,phases   ] GC(431)   Other: 0.8ms
[2024-02-23T10:29:09.216+0000][4616][gc,age      ] GC(431) Age table with threshold 1 (max threshold 15)
[2024-02-23T10:29:09.216+0000][4616][gc,age      ] GC(431) - age   1:     146936 bytes,     146936 total
[2024-02-23T10:29:09.216+0000][4616][gc,heap     ] GC(431) Eden regions: 3->0(569)
[2024-02-23T10:29:09.216+0000][4616][gc,heap     ] GC(431) Survivor regions: 47->4(7)
[2024-02-23T10:29:09.216+0000][4616][gc,heap     ] GC(431) Old regions: 217->204
[2024-02-23T10:29:09.216+0000][4616][gc,heap     ] GC(431) Archive regions: 0->0
[2024-02-23T10:29:09.216+0000][4616][gc,heap     ] GC(431) Humongous regions: 2->2
[2024-02-23T10:29:09.216+0000][4616][gc,metaspace] GC(431) Metaspace: 131864K(137088K)->131864K(137088K) NonClass: 114887K(117824K)->114887K(117824K) Class: 16977K(19264K)->16977K(19264K)
[2024-02-23T10:29:09.216+0000][4616][gc          ] GC(431) Pause Young (Mixed) (G1 Evacuation Pause) 1070M->839M(4040M) 435.028ms
[2024-02-23T10:29:09.216+0000][4616][gc,cpu      ] GC(431) User=0.22s Sys=0.83s Real=0.44s
[2024-02-23T10:29:09.216+0000][4616][safepoint   ] Safepoint "G1CollectForAllocation", Time since last: 19814299 ns, Reaching safepoint: 135601 ns, At safepoint: 435493500 ns, Total: 435629101 ns
[2024-02-23T10:29:29.449+0000][4616][gc,start    ] GC(432) Pause Young (Normal) (G1 Evacuation Pause)
[2024-02-23T10:29:29.449+0000][4616][gc,task     ] GC(432) Using 8 workers of 8 for evacuation
[2024-02-23T10:29:29.449+0000][4616][gc,age      ] GC(432) Desired survivor size 150994944 bytes, new threshold 15 (max threshold 15)
[2024-02-23T10:29:29.468+0000][4616][gc,phases   ] GC(432)   Pre Evacuate Collection Set: 0.2ms
[2024-02-23T10:29:29.468+0000][4616][gc,phases   ] GC(432)   Merge Heap Roots: 0.2ms
[2024-02-23T10:29:29.468+0000][4616][gc,phases   ] GC(432)   Evacuate Collection Set: 17.6ms
[2024-02-23T10:29:29.468+0000][4616][gc,phases   ] GC(432)   Post Evacuate Collection Set: 1.5ms
[2024-02-23T10:29:29.468+0000][4616][gc,phases   ] GC(432)   Other: 0.2ms
[2024-02-23T10:29:29.468+0000][4616][gc,age      ] GC(432) Age table with threshold 15 (max threshold 15)
[2024-02-23T10:29:29.468+0000][4616][gc,age      ] GC(432) - age   1:   80519848 bytes,   80519848 total
[2024-02-23T10:29:29.468+0000][4616][gc,age      ] GC(432) - age   2:      20872 bytes,   80540720 total
[2024-02-23T10:29:29.468+0000][4616][gc,heap     ] GC(432) Eden regions: 569->0(557)
[2024-02-23T10:29:29.468+0000][4616][gc,heap     ] GC(432) Survivor regions: 4->21(72)
[2024-02-23T10:29:29.468+0000][4616][gc,heap     ] GC(432) Old regions: 204->204
[2024-02-23T10:29:29.468+0000][4616][gc,heap     ] GC(432) Archive regions: 0->0
[2024-02-23T10:29:29.468+0000][4616][gc,heap     ] GC(432) Humongous regions: 2->2
[2024-02-23T10:29:29.468+0000][4616][gc,metaspace] GC(432) Metaspace: 131865K(137088K)->131865K(137088K) NonClass: 114888K(117824K)->114888K(117824K) Class: 16977K(19264K)->16977K(19264K)
[2024-02-23T10:29:29.468+0000][4616][gc          ] GC(432) Pause Young (Normal) (G1 Evacuation Pause) 3115M->904M(4040M) 20.509ms
[2024-02-23T10:29:29.468+0000][4616][gc,cpu      ] GC(432) User=0.12s Sys=0.00s Real=0.02s
[2024-02-23T10:29:29.468+0000][4616][safepoint   ] Safepoint "G1CollectForAllocation", Time since last: 20224615700 ns, Reaching safepoint: 167700 ns, At safepoint: 20783000 ns, Total: 20950700 ns
[2024-02-23T10:29:38.538+0000][4616][safepoint   ] Safepoint "Cleanup", Time since last: 9067403199 ns, Reaching safepoint: 136101 ns, At safepoint: 1681799 ns, Total: 1817900 ns
[2024-02-23T10:29:48.057+0000][4616][gc,start    ] GC(433) Pause Young (Normal) (G1 Evacuation Pause)
[2024-02-23T10:29:48.057+0000][4616][gc,task     ] GC(433) Using 8 workers of 8 for evacuation
[2024-02-23T10:29:48.057+0000][4616][gc,age      ] GC(433) Desired survivor size 153092096 bytes, new threshold 15 (max threshold 15)
[2024-02-23T10:29:48.106+0000][4616][gc,phases   ] GC(433)   Pre Evacuate Collection Set: 0.3ms
[2024-02-23T10:29:48.106+0000][4616][gc,phases   ] GC(433)   Merge Heap Roots: 0.4ms
[2024-02-23T10:29:48.106+0000][4616][gc,phases   ] GC(433)   Evacuate Collection Set: 36.7ms
[2024-02-23T10:29:48.106+0000][4616][gc,phases   ] GC(433)   Post Evacuate Collection Set: 2.2ms
[2024-02-23T10:29:48.106+0000][4616][gc,phases   ] GC(433)   Other: 0.4ms
[2024-02-23T10:29:48.106+0000][4616][gc,age      ] GC(433) Age table with threshold 15 (max threshold 15)
[2024-02-23T10:29:48.106+0000][4616][gc,age      ] GC(433) - age   1:   90975128 bytes,   90975128 total
[2024-02-23T10:29:48.106+0000][4616][gc,age      ] GC(433) - age   2:   63008504 bytes,  153983632 total
[2024-02-23T10:29:48.106+0000][4616][gc,age      ] GC(433) - age   3:      20072 bytes,  154003704 total
[2024-02-23T10:29:48.106+0000][4616][gc,heap     ] GC(433) Eden regions: 557->0(539)
[2024-02-23T10:29:48.106+0000][4616][gc,heap     ] GC(433) Survivor regions: 21->39(73)
[2024-02-23T10:29:48.106+0000][4616][gc,heap     ] GC(433) Old regions: 204->204
[2024-02-23T10:29:48.106+0000][4616][gc,heap     ] GC(433) Archive regions: 0->0
[2024-02-23T10:29:48.106+0000][4616][gc,heap     ] GC(433) Humongous regions: 2->2
[2024-02-23T10:29:48.106+0000][4616][gc,metaspace] GC(433) Metaspace: 131865K(137088K)->131865K(137088K) NonClass: 114888K(117824K)->114888K(117824K) Class: 16977K(19264K)->16977K(19264K)
[2024-02-23T10:29:48.106+0000][4616][gc          ] GC(433) Pause Young (Normal) (G1 Evacuation Pause) 3132M->977M(4040M) 40.834ms
[2024-02-23T10:29:48.106+0000][4616][gc,cpu      ] GC(433) User=0.31s Sys=0.00s Real=0.05s
[2024-02-23T10:29:48.106+0000][4616][safepoint   ] Safepoint "G1CollectForAllocation", Time since last: 9528252901 ns, Reaching safepoint: 186800 ns, At safepoint: 41110999 ns, Total: 41297799 ns
[2024-02-23T10:30:00.196+0000][4616][safepoint   ] Safepoint "Cleanup", Time since last: 12087584701 ns, Reaching safepoint: 184500 ns, At safepoint: 21099 ns, Total: 205599 ns
[2024-02-23T10:30:03.637+0000][4616][gc,start    ] GC(434) Pause Young (Concurrent Start) (G1 Evacuation Pause)
[2024-02-23T10:30:03.637+0000][4616][gc,task     ] GC(434) Using 8 workers of 8 for evacuation
[2024-02-23T10:30:03.637+0000][4616][gc,age      ] GC(434) Desired survivor size 153092096 bytes, new threshold 2 (max threshold 15)
[2024-02-23T10:30:03.689+0000][4616][gc,phases   ] GC(434)   Pre Evacuate Collection Set: 0.4ms
[2024-02-23T10:30:03.689+0000][4616][gc,phases   ] GC(434)   Merge Heap Roots: 0.2ms
[2024-02-23T10:30:03.689+0000][4616][gc,phases   ] GC(434)   Evacuate Collection Set: 49.4ms
[2024-02-23T10:30:03.689+0000][4616][gc,phases   ] GC(434)   Post Evacuate Collection Set: 1.4ms
[2024-02-23T10:30:03.689+0000][4616][gc,phases   ] GC(434)   Other: 0.2ms
[2024-02-23T10:30:03.689+0000][4616][gc,age      ] GC(434) Age table with threshold 2 (max threshold 15)
[2024-02-23T10:30:03.689+0000][4616][gc,age      ] GC(434) - age   1:   49555288 bytes,   49555288 total
[2024-02-23T10:30:03.689+0000][4616][gc,age      ] GC(434) - age   2:   69873304 bytes,  119428592 total
[2024-02-23T10:30:03.689+0000][4616][gc,heap     ] GC(434) Eden regions: 539->0(538)
[2024-02-23T10:30:03.689+0000][4616][gc,heap     ] GC(434) Survivor regions: 39->32(73)
[2024-02-23T10:30:03.689+0000][4616][gc,heap     ] GC(434) Old regions: 204->220
[2024-02-23T10:30:03.689+0000][4616][gc,heap     ] GC(434) Archive regions: 0->0
[2024-02-23T10:30:03.689+0000][4616][gc,heap     ] GC(434) Humongous regions: 2->2
[2024-02-23T10:30:03.689+0000][4616][gc,metaspace] GC(434) Metaspace: 131865K(137088K)->131865K(137088K) NonClass: 114888K(117824K)->114888K(117824K) Class: 16977K(19264K)->16977K(19264K)
[2024-02-23T10:30:03.689+0000][4616][gc          ] GC(434) Pause Young (Concurrent Start) (G1 Evacuation Pause) 3133M->1008M(4040M) 52.163ms
[2024-02-23T10:30:03.689+0000][4616][gc,cpu      ] GC(434) User=0.25s Sys=0.05s Real=0.05s
[2024-02-23T10:30:03.689+0000][4616][gc          ] GC(435) Concurrent Mark Cycle
[2024-02-23T10:30:03.689+0000][4616][gc,marking  ] GC(435) Concurrent Clear Claimed Marks
[2024-02-23T10:30:03.689+0000][4616][gc,marking  ] GC(435) Concurrent Clear Claimed Marks 0.336ms
[2024-02-23T10:30:03.689+0000][4616][gc,marking  ] GC(435) Concurrent Scan Root Regions
[2024-02-23T10:30:03.691+0000][4616][safepoint   ] Safepoint "G1CollectForAllocation", Time since last: 3441185701 ns, Reaching safepoint: 92900 ns, At safepoint: 53573100 ns, Total: 53666000 ns
[2024-02-23T10:30:03.710+0000][4616][gc,marking  ] GC(435) Concurrent Scan Root Regions 21.741ms
[2024-02-23T10:30:03.710+0000][4616][gc,marking  ] GC(435) Concurrent Mark
[2024-02-23T10:30:03.710+0000][4616][gc,marking  ] GC(435) Concurrent Mark From Roots
[2024-02-23T10:30:03.710+0000][4616][gc,task     ] GC(435) Using 2 workers of 2 for marking
[2024-02-23T10:30:03.951+0000][4616][gc,marking  ] GC(435) Concurrent Mark From Roots 240.120ms
[2024-02-23T10:30:03.951+0000][4616][gc,marking  ] GC(435) Concurrent Preclean
[2024-02-23T10:30:03.953+0000][4616][gc,marking  ] GC(435) Concurrent Preclean 0.881ms
[2024-02-23T10:30:03.953+0000][4616][gc,start    ] GC(435) Pause Remark
[2024-02-23T10:30:03.972+0000][4616][gc          ] GC(435) Pause Remark 1072M->1072M(4040M) 18.647ms
[2024-02-23T10:30:03.972+0000][4616][gc,cpu      ] GC(435) User=0.02s Sys=0.00s Real=0.02s
[2024-02-23T10:30:03.972+0000][4616][safepoint   ] Safepoint "G1Concurrent", Time since last: 262250300 ns, Reaching safepoint: 116200 ns, At safepoint: 18878700 ns, Total: 18994900 ns
[2024-02-23T10:30:03.972+0000][4616][gc,marking  ] GC(435) Concurrent Mark 260.228ms
[2024-02-23T10:30:03.972+0000][4616][gc,marking  ] GC(435) Concurrent Rebuild Remembered Sets
[2024-02-23T10:30:04.146+0000][4616][gc,marking  ] GC(435) Concurrent Rebuild Remembered Sets 174.062ms
[2024-02-23T10:30:04.146+0000][4616][gc,start    ] GC(435) Pause Cleanup
[2024-02-23T10:30:04.146+0000][4616][gc          ] GC(435) Pause Cleanup 1108M->1108M(4040M) 0.481ms
[2024-02-23T10:30:04.147+0000][4616][gc,cpu      ] GC(435) User=0.00s Sys=0.00s Real=0.00s
[2024-02-23T10:30:04.147+0000][4616][safepoint   ] Safepoint "G1Concurrent", Time since last: 174284700 ns, Reaching safepoint: 85000 ns, At safepoint: 618900 ns, Total: 703900 ns
[2024-02-23T10:30:04.147+0000][4616][gc,marking  ] GC(435) Concurrent Cleanup for Next Mark
[2024-02-23T10:30:04.156+0000][4616][gc,marking  ] GC(435) Concurrent Cleanup for Next Mark 9.471ms
[2024-02-23T10:30:04.156+0000][4616][gc          ] GC(435) Concurrent Mark Cycle 467.087ms
[2024-02-23T10:30:11.208+0000][4616][safepoint   ] Safepoint "Cleanup", Time since last: 7060365400 ns, Reaching safepoint: 109300 ns, At safepoint: 19800 ns, Total: 129100 ns
[2024-02-23T10:30:14.232+0000][4616][safepoint   ] Safepoint "Cleanup", Time since last: 3023497399 ns, Reaching safepoint: 78801 ns, At safepoint: 24600 ns, Total: 103401 ns
[2024-02-23T10:30:23.198+0000][4616][gc,start    ] GC(436) Pause Young (Prepare Mixed) (G1 Evacuation Pause)
[2024-02-23T10:30:23.198+0000][4616][gc,task     ] GC(436) Using 8 workers of 8 for evacuation
[2024-02-23T10:30:23.198+0000][4616][gc,age      ] GC(436) Desired survivor size 150994944 bytes, new threshold 15 (max threshold 15)
[2024-02-23T10:30:23.251+0000][4616][gc,phases   ] GC(436)   Pre Evacuate Collection Set: 0.3ms
[2024-02-23T10:30:23.251+0000][4616][gc,phases   ] GC(436)   Merge Heap Roots: 0.5ms
[2024-02-23T10:30:23.251+0000][4616][gc,phases   ] GC(436)   Evacuate Collection Set: 44.3ms
[2024-02-23T10:30:23.251+0000][4616][gc,phases   ] GC(436)   Post Evacuate Collection Set: 2.1ms
[2024-02-23T10:30:23.251+0000][4616][gc,phases   ] GC(436)   Other: 2.7ms
[2024-02-23T10:30:23.251+0000][4616][gc,age      ] GC(436) Age table with threshold 15 (max threshold 15)
[2024-02-23T10:30:23.251+0000][4616][gc,age      ] GC(436) - age   1:   90559736 bytes,   90559736 total
[2024-02-23T10:30:23.251+0000][4616][gc,age      ] GC(436) - age   2:   30265072 bytes,  120824808 total
[2024-02-23T10:30:23.251+0000][4616][gc,age      ] GC(436) - age   3:   61287504 bytes,  182112312 total
[2024-02-23T10:30:23.251+0000][4616][gc,heap     ] GC(436) Eden regions: 538->0(3)
[2024-02-23T10:30:23.251+0000][4616][gc,heap     ] GC(436) Survivor regions: 32->47(72)
[2024-02-23T10:30:23.251+0000][4616][gc,heap     ] GC(436) Old regions: 220->220
[2024-02-23T10:30:23.251+0000][4616][gc,heap     ] GC(436) Archive regions: 0->0
[2024-02-23T10:30:23.251+0000][4616][gc,heap     ] GC(436) Humongous regions: 2->2
[2024-02-23T10:30:23.251+0000][4616][gc,metaspace] GC(436) Metaspace: 131865K(137088K)->131865K(137088K) NonClass: 114888K(117824K)->114888K(117824K) Class: 16977K(19264K)->16977K(19264K)
[2024-02-23T10:30:23.251+0000][4616][gc          ] GC(436) Pause Young (Prepare Mixed) (G1 Evacuation Pause) 3160M->1068M(4040M) 50.671ms
[2024-02-23T10:30:23.251+0000][4616][gc,cpu      ] GC(436) User=0.38s Sys=0.00s Real=0.05s
[2024-02-23T10:30:23.251+0000][4616][safepoint   ] Safepoint "G1CollectForAllocation", Time since last: 8969986200 ns, Reaching safepoint: 119900 ns, At safepoint: 50915500 ns, Total: 51035400 ns
[2024-02-23T10:30:23.255+0000][4616][gc,start    ] GC(437) Pause Young (Mixed) (G1 Evacuation Pause)
[2024-02-23T10:30:23.255+0000][4616][gc,task     ] GC(437) Using 8 workers of 8 for evacuation
[2024-02-23T10:30:23.256+0000][4616][gc,age      ] GC(437) Desired survivor size 14680064 bytes, new threshold 1 (max threshold 15)
[2024-02-23T10:30:23.392+0000][4616][gc,phases   ] GC(437)   Pre Evacuate Collection Set: 0.2ms
[2024-02-23T10:30:23.392+0000][4616][gc,phases   ] GC(437)   Merge Heap Roots: 0.3ms
[2024-02-23T10:30:23.392+0000][4616][gc,phases   ] GC(437)   Evacuate Collection Set: 134.7ms
[2024-02-23T10:30:23.392+0000][4616][gc,phases   ] GC(437)   Post Evacuate Collection Set: 1.3ms
[2024-02-23T10:30:23.392+0000][4616][gc,phases   ] GC(437)   Other: 0.3ms
[2024-02-23T10:30:23.392+0000][4616][gc,age      ] GC(437) Age table with threshold 1 (max threshold 15)
[2024-02-23T10:30:23.393+0000][4616][gc,age      ] GC(437) - age   1:     136368 bytes,     136368 total
[2024-02-23T10:30:23.393+0000][4616][gc,heap     ] GC(437) Eden regions: 3->0(572)
[2024-02-23T10:30:23.393+0000][4616][gc,heap     ] GC(437) Survivor regions: 47->4(7)
[2024-02-23T10:30:23.393+0000][4616][gc,heap     ] GC(437) Old regions: 220->208
[2024-02-23T10:30:23.393+0000][4616][gc,heap     ] GC(437) Archive regions: 0->0
[2024-02-23T10:30:23.393+0000][4616][gc,heap     ] GC(437) Humongous regions: 2->2
[2024-02-23T10:30:23.393+0000][4616][gc,metaspace] GC(437) Metaspace: 131865K(137088K)->131865K(137088K) NonClass: 114888K(117824K)->114888K(117824K) Class: 16977K(19264K)->16977K(19264K)
[2024-02-23T10:30:23.393+0000][4616][gc          ] GC(437) Pause Young (Mixed) (G1 Evacuation Pause) 1080M->854M(4040M) 137.495ms
[2024-02-23T10:30:23.393+0000][4616][gc,cpu      ] GC(437) User=0.44s Sys=0.20s Real=0.14s
[2024-02-23T10:30:23.403+0000][4616][safepoint   ] Safepoint "G1CollectForAllocation", Time since last: 2756300 ns, Reaching safepoint: 240900 ns, At safepoint: 147096300 ns, Total: 147337200 ns
[2024-02-23T10:30:43.377+0000][4616][gc,start    ] GC(438) Pause Young (Normal) (G1 Evacuation Pause)
[2024-02-23T10:30:43.377+0000][4616][gc,task     ] GC(438) Using 8 workers of 8 for evacuation
[2024-02-23T10:30:43.377+0000][4616][gc,age      ] GC(438) Desired survivor size 150994944 bytes, new threshold 15 (max threshold 15)
[2024-02-23T10:30:43.405+0000][4616][gc,phases   ] GC(438)   Pre Evacuate Collection Set: 0.4ms
[2024-02-23T10:30:43.405+0000][4616][gc,phases   ] GC(438)   Merge Heap Roots: 0.5ms
[2024-02-23T10:30:43.405+0000][4616][gc,phases   ] GC(438)   Evacuate Collection Set: 25.7ms
[2024-02-23T10:30:43.405+0000][4616][gc,phases   ] GC(438)   Post Evacuate Collection Set: 2.9ms
[2024-02-23T10:30:43.405+0000][4616][gc,phases   ] GC(438)   Other: 0.5ms
[2024-02-23T10:30:43.405+0000][4616][gc,age      ] GC(438) Age table with threshold 15 (max threshold 15)
[2024-02-23T10:30:43.405+0000][4616][gc,age      ] GC(438) - age   1:   84361200 bytes,   84361200 total
[2024-02-23T10:30:43.405+0000][4616][gc,age      ] GC(438) - age   2:      55568 bytes,   84416768 total
[2024-02-23T10:30:43.405+0000][4616][gc,heap     ] GC(438) Eden regions: 572->0(544)
[2024-02-23T10:30:43.405+0000][4616][gc,heap     ] GC(438) Survivor regions: 4->22(72)
[2024-02-23T10:30:43.405+0000][4616][gc,heap     ] GC(438) Old regions: 208->208
[2024-02-23T10:30:43.405+0000][4616][gc,heap     ] GC(438) Archive regions: 0->0
[2024-02-23T10:30:43.405+0000][4616][gc,heap     ] GC(438) Humongous regions: 14->14
[2024-02-23T10:30:43.405+0000][4616][gc,metaspace] GC(438) Metaspace: 131865K(137088K)->131865K(137088K) NonClass: 114888K(117824K)->114888K(117824K) Class: 16977K(19264K)->16977K(19264K)
[2024-02-23T10:30:43.405+0000][4616][gc          ] GC(438) Pause Young (Normal) (G1 Evacuation Pause) 3190M->972M(4040M) 31.419ms
[2024-02-23T10:30:43.405+0000][4616][gc,cpu      ] GC(438) User=0.25s Sys=0.00s Real=0.03s
[2024-02-23T10:30:43.405+0000][4616][safepoint   ] Safepoint "G1CollectForAllocation", Time since last: 19932003799 ns, Reaching safepoint: 42493001 ns, At safepoint: 31962100 ns, Total: 74455101 ns
[2024-02-23T10:31:02.674+0000][4616][gc,start    ] GC(439) Pause Young (Normal) (G1 Evacuation Pause)
[2024-02-23T10:31:02.674+0000][4616][gc,task     ] GC(439) Using 8 workers of 8 for evacuation
[2024-02-23T10:31:02.674+0000][4616][gc,age      ] GC(439) Desired survivor size 148897792 bytes, new threshold 15 (max threshold 15)
[2024-02-23T10:31:02.706+0000][4616][gc,phases   ] GC(439)   Pre Evacuate Collection Set: 0.2ms
[2024-02-23T10:31:02.706+0000][4616][gc,phases   ] GC(439)   Merge Heap Roots: 0.2ms
[2024-02-23T10:31:02.706+0000][4616][gc,phases   ] GC(439)   Evacuate Collection Set: 25.5ms
[2024-02-23T10:31:02.706+0000][4616][gc,phases   ] GC(439)   Post Evacuate Collection Set: 1.6ms
[2024-02-23T10:31:02.706+0000][4616][gc,phases   ] GC(439)   Other: 2.5ms
[2024-02-23T10:31:02.706+0000][4616][gc,age      ] GC(439) Age table with threshold 15 (max threshold 15)
[2024-02-23T10:31:02.706+0000][4616][gc,age      ] GC(439) - age   1:   68369568 bytes,   68369568 total
[2024-02-23T10:31:02.706+0000][4616][gc,age      ] GC(439) - age   2:   57846848 bytes,  126216416 total
[2024-02-23T10:31:02.706+0000][4616][gc,age      ] GC(439) - age   3:       2096 bytes,  126218512 total
[2024-02-23T10:31:02.706+0000][4616][gc,heap     ] GC(439) Eden regions: 544->0(538)
[2024-02-23T10:31:02.706+0000][4616][gc,heap     ] GC(439) Survivor regions: 22->32(71)
[2024-02-23T10:31:02.706+0000][4616][gc,heap     ] GC(439) Old regions: 208->208
[2024-02-23T10:31:02.706+0000][4616][gc,heap     ] GC(439) Archive regions: 0->0
[2024-02-23T10:31:02.706+0000][4616][gc,heap     ] GC(439) Humongous regions: 14->14
[2024-02-23T10:31:02.706+0000][4616][gc,metaspace] GC(439) Metaspace: 131865K(137088K)->131865K(137088K) NonClass: 114888K(117824K)->114888K(117824K) Class: 16977K(19264K)->16977K(19264K)
[2024-02-23T10:31:02.706+0000][4616][gc          ] GC(439) Pause Young (Normal) (G1 Evacuation Pause) 3148M->1013M(4040M) 30.805ms
[2024-02-23T10:31:02.706+0000][4616][gc,cpu      ] GC(439) User=0.25s Sys=0.00s Real=0.03s
[2024-02-23T10:31:02.706+0000][4616][safepoint   ] Safepoint "G1CollectForAllocation", Time since last: 19267392500 ns, Reaching safepoint: 199399 ns, At safepoint: 31105101 ns, Total: 31304500 ns
[2024-02-23T10:31:11.751+0000][4616][safepoint   ] Safepoint "Cleanup", Time since last: 9043136000 ns, Reaching safepoint: 175400 ns, At safepoint: 96700 ns, Total: 272100 ns
[2024-02-23T10:31:20.872+0000][4616][gc,start    ] GC(440) Pause Young (Concurrent Start) (G1 Evacuation Pause)
[2024-02-23T10:31:20.872+0000][4616][gc,task     ] GC(440) Using 8 workers of 8 for evacuation
[2024-02-23T10:31:20.872+0000][4616][gc,age      ] GC(440) Desired survivor size 150994944 bytes, new threshold 15 (max threshold 15)
[2024-02-23T10:31:20.925+0000][4616][gc,phases   ] GC(440)   Pre Evacuate Collection Set: 0.8ms
[2024-02-23T10:31:20.925+0000][4616][gc,phases   ] GC(440)   Merge Heap Roots: 0.5ms
[2024-02-23T10:31:20.925+0000][4616][gc,phases   ] GC(440)   Evacuate Collection Set: 49.6ms
[2024-02-23T10:31:20.925+0000][4616][gc,phases   ] GC(440)   Post Evacuate Collection Set: 3.0ms
[2024-02-23T10:31:20.925+0000][4616][gc,phases   ] GC(440)   Other: 0.4ms
[2024-02-23T10:31:20.925+0000][4616][gc,age      ] GC(440) Age table with threshold 15 (max threshold 15)
[2024-02-23T10:31:20.925+0000][4616][gc,age      ] GC(440) - age   1:   73579352 bytes,   73579352 total
[2024-02-23T10:31:20.925+0000][4616][gc,age      ] GC(440) - age   2:   47165920 bytes,  120745272 total
[2024-02-23T10:31:20.925+0000][4616][gc,age      ] GC(440) - age   3:   51055848 bytes,  171801120 total
[2024-02-23T10:31:20.925+0000][4616][gc,age      ] GC(440) - age   4:       2096 bytes,  171803216 total
[2024-02-23T10:31:20.925+0000][4616][gc,heap     ] GC(440) Eden regions: 538->0(529)
[2024-02-23T10:31:20.925+0000][4616][gc,heap     ] GC(440) Survivor regions: 32->43(72)
[2024-02-23T10:31:20.925+0000][4616][gc,heap     ] GC(440) Old regions: 208->208
[2024-02-23T10:31:20.925+0000][4616][gc,heap     ] GC(440) Archive regions: 0->0
[2024-02-23T10:31:20.925+0000][4616][gc,heap     ] GC(440) Humongous regions: 14->14
[2024-02-23T10:31:20.925+0000][4616][gc,metaspace] GC(440) Metaspace: 131865K(137088K)->131865K(137088K) NonClass: 114888K(117824K)->114888K(117824K) Class: 16977K(19264K)->16977K(19264K)
[2024-02-23T10:31:20.925+0000][4616][gc          ] GC(440) Pause Young (Concurrent Start) (G1 Evacuation Pause) 3165M->1057M(4040M) 55.672ms
[2024-02-23T10:31:20.925+0000][4616][gc          ] GC(441) Concurrent Mark Cycle
[2024-02-23T10:31:20.925+0000][4616][gc,cpu      ] GC(440) User=0.38s Sys=0.00s Real=0.05s
[2024-02-23T10:31:20.925+0000][4616][gc,marking  ] GC(441) Concurrent Clear Claimed Marks
[2024-02-23T10:31:20.925+0000][4616][gc,marking  ] GC(441) Concurrent Clear Claimed Marks 0.498ms
[2024-02-23T10:31:20.925+0000][4616][safepoint   ] Safepoint "G1CollectForAllocation", Time since last: 9079628800 ns, Reaching safepoint: 41527800 ns, At safepoint: 56612700 ns, Total: 98140500 ns
[2024-02-23T10:31:20.925+0000][4616][gc,marking  ] GC(441) Concurrent Scan Root Regions
[2024-02-23T10:31:20.971+0000][4616][gc,marking  ] GC(441) Concurrent Scan Root Regions 42.524ms
[2024-02-23T10:31:20.971+0000][4616][gc,marking  ] GC(441) Concurrent Mark
[2024-02-23T10:31:20.971+0000][4616][gc,marking  ] GC(441) Concurrent Mark From Roots
[2024-02-23T10:31:20.971+0000][4616][gc,task     ] GC(441) Using 2 workers of 2 for marking
[2024-02-23T10:31:21.232+0000][4616][gc,marking  ] GC(441) Concurrent Mark From Roots 260.772ms
[2024-02-23T10:31:21.232+0000][4616][gc,marking  ] GC(441) Concurrent Preclean
[2024-02-23T10:31:21.232+0000][4616][gc,marking  ] GC(441) Concurrent Preclean 0.996ms
[2024-02-23T10:31:21.232+0000][4616][gc,start    ] GC(441) Pause Remark
[2024-02-23T10:31:21.241+0000][4616][gc          ] GC(441) Pause Remark 1117M->1105M(4040M) 18.444ms
[2024-02-23T10:31:21.241+0000][4616][gc,cpu      ] GC(441) User=0.00s Sys=0.00s Real=0.01s
[2024-02-23T10:31:21.241+0000][4616][safepoint   ] Safepoint "G1Concurrent", Time since last: 304740600 ns, Reaching safepoint: 93900 ns, At safepoint: 18675600 ns, Total: 18769500 ns
[2024-02-23T10:31:21.241+0000][4616][gc,marking  ] GC(441) Concurrent Mark 280.872ms
[2024-02-23T10:31:21.241+0000][4616][gc,marking  ] GC(441) Concurrent Rebuild Remembered Sets
[2024-02-23T10:31:21.399+0000][4616][gc,marking  ] GC(441) Concurrent Rebuild Remembered Sets 148.740ms
[2024-02-23T10:31:21.399+0000][4616][gc,start    ] GC(441) Pause Cleanup
[2024-02-23T10:31:21.399+0000][4616][gc          ] GC(441) Pause Cleanup 1129M->1129M(4040M) 0.435ms
[2024-02-23T10:31:21.399+0000][4616][gc,cpu      ] GC(441) User=0.00s Sys=0.00s Real=0.00s
[2024-02-23T10:31:21.399+0000][4616][safepoint   ] Safepoint "G1Concurrent", Time since last: 148995500 ns, Reaching safepoint: 133600 ns, At safepoint: 562600 ns, Total: 696200 ns
[2024-02-23T10:31:21.399+0000][4616][gc,marking  ] GC(441) Concurrent Cleanup for Next Mark
[2024-02-23T10:31:21.399+0000][4616][gc,marking  ] GC(441) Concurrent Cleanup for Next Mark 9.378ms
[2024-02-23T10:31:21.399+0000][4616][gc          ] GC(441) Concurrent Mark Cycle 483.404ms
[2024-02-23T10:31:37.058+0000][4616][gc,start    ] GC(442) Pause Young (Prepare Mixed) (G1 Evacuation Pause)
[2024-02-23T10:31:37.058+0000][4616][gc,task     ] GC(442) Using 8 workers of 8 for evacuation
[2024-02-23T10:31:37.058+0000][4616][gc,age      ] GC(442) Desired survivor size 150994944 bytes, new threshold 3 (max threshold 15)
[2024-02-23T10:31:37.114+0000][4616][gc,phases   ] GC(442)   Pre Evacuate Collection Set: 0.4ms
[2024-02-23T10:31:37.114+0000][4616][gc,phases   ] GC(442)   Merge Heap Roots: 0.6ms
[2024-02-23T10:31:37.115+0000][4616][gc,phases   ] GC(442)   Evacuate Collection Set: 52.8ms
[2024-02-23T10:31:37.115+0000][4616][gc,phases   ] GC(442)   Post Evacuate Collection Set: 2.3ms
[2024-02-23T10:31:37.115+0000][4616][gc,phases   ] GC(442)   Other: 0.5ms
[2024-02-23T10:31:37.115+0000][4616][gc,age      ] GC(442) Age table with threshold 3 (max threshold 15)
[2024-02-23T10:31:37.115+0000][4616][gc,age      ] GC(442) - age   1:   78341360 bytes,   78341360 total
[2024-02-23T10:31:37.115+0000][4616][gc,age      ] GC(442) - age   2:   52264272 bytes,  130605632 total
[2024-02-23T10:31:37.115+0000][4616][gc,age      ] GC(442) - age   3:   33116672 bytes,  163722304 total
[2024-02-23T10:31:37.115+0000][4616][gc,heap     ] GC(442) Eden regions: 529->0(9)
[2024-02-23T10:31:37.115+0000][4616][gc,heap     ] GC(442) Survivor regions: 43->41(72)
[2024-02-23T10:31:37.115+0000][4616][gc,heap     ] GC(442) Old regions: 208->218
[2024-02-23T10:31:37.115+0000][4616][gc,heap     ] GC(442) Archive regions: 0->0
[2024-02-23T10:31:37.115+0000][4616][gc,heap     ] GC(442) Humongous regions: 11->11
[2024-02-23T10:31:37.115+0000][4616][gc,metaspace] GC(442) Metaspace: 131867K(137088K)->131867K(137088K) NonClass: 114890K(117824K)->114890K(117824K) Class: 16977K(19264K)->16977K(19264K)
[2024-02-23T10:31:37.115+0000][4616][gc          ] GC(442) Pause Young (Prepare Mixed) (G1 Evacuation Pause) 3161M->1076M(4040M) 57.867ms
[2024-02-23T10:31:37.116+0000][4616][gc,cpu      ] GC(442) User=0.33s Sys=0.03s Real=0.06s
[2024-02-23T10:31:37.116+0000][4616][safepoint   ] Safepoint "G1CollectForAllocation", Time since last: 15655963100 ns, Reaching safepoint: 222200 ns, At safepoint: 58352600 ns, Total: 58574800 ns
[2024-02-23T10:31:37.316+0000][4616][gc,start    ] GC(443) Pause Young (Mixed) (G1 Evacuation Pause)
[2024-02-23T10:31:37.316+0000][4616][gc,task     ] GC(443) Using 8 workers of 8 for evacuation
[2024-02-23T10:31:37.316+0000][4616][gc,age      ] GC(443) Desired survivor size 14680064 bytes, new threshold 1 (max threshold 15)
[2024-02-23T10:31:37.404+0000][4616][gc,phases   ] GC(443)   Pre Evacuate Collection Set: 0.4ms
[2024-02-23T10:31:37.404+0000][4616][gc,phases   ] GC(443)   Merge Heap Roots: 0.4ms
[2024-02-23T10:31:37.404+0000][4616][gc,phases   ] GC(443)   Evacuate Collection Set: 75.6ms
[2024-02-23T10:31:37.404+0000][4616][gc,phases   ] GC(443)   Post Evacuate Collection Set: 1.3ms
[2024-02-23T10:31:37.404+0000][4616][gc,phases   ] GC(443)   Other: 0.4ms
[2024-02-23T10:31:37.404+0000][4616][gc,age      ] GC(443) Age table with threshold 1 (max threshold 15)
[2024-02-23T10:31:37.404+0000][4616][gc,age      ] GC(443) - age   1:    1002912 bytes,    1002912 total
[2024-02-23T10:31:37.404+0000][4616][gc,heap     ] GC(443) Eden regions: 9->0(580)
[2024-02-23T10:31:37.404+0000][4616][gc,heap     ] GC(443) Survivor regions: 41->4(7)
[2024-02-23T10:31:37.404+0000][4616][gc,heap     ] GC(443) Old regions: 218->195
[2024-02-23T10:31:37.404+0000][4616][gc,heap     ] GC(443) Archive regions: 0->0
[2024-02-23T10:31:37.404+0000][4616][gc,heap     ] GC(443) Humongous regions: 11->11
[2024-02-23T10:31:37.404+0000][4616][gc,metaspace] GC(443) Metaspace: 131867K(137088K)->131867K(137088K) NonClass: 114890K(117824K)->114890K(117824K) Class: 16977K(19264K)->16977K(19264K)
[2024-02-23T10:31:37.404+0000][4616][gc          ] GC(443) Pause Young (Mixed) (G1 Evacuation Pause) 1112M->838M(4040M) 78.613ms
[2024-02-23T10:31:37.404+0000][4616][gc,cpu      ] GC(443) User=0.58s Sys=0.09s Real=0.09s
[2024-02-23T10:31:37.404+0000][4616][safepoint   ] Safepoint "G1CollectForAllocation", Time since last: 210022999 ns, Reaching safepoint: 163701 ns, At safepoint: 78917700 ns, Total: 79081401 ns
[2024-02-23T10:31:56.573+0000][4616][gc,start    ] GC(444) Pause Young (Normal) (G1 Evacuation Pause)
[2024-02-23T10:31:56.573+0000][4616][gc,task     ] GC(444) Using 8 workers of 8 for evacuation
[2024-02-23T10:31:56.573+0000][4616][gc,age      ] GC(444) Desired survivor size 153092096 bytes, new threshold 15 (max threshold 15)
[2024-02-23T10:31:56.598+0000][4616][gc,phases   ] GC(444)   Pre Evacuate Collection Set: 0.2ms
[2024-02-23T10:31:56.598+0000][4616][gc,phases   ] GC(444)   Merge Heap Roots: 0.3ms
[2024-02-23T10:31:56.598+0000][4616][gc,phases   ] GC(444)   Evacuate Collection Set: 19.9ms
[2024-02-23T10:31:56.598+0000][4616][gc,phases   ] GC(444)   Post Evacuate Collection Set: 1.4ms
[2024-02-23T10:31:56.598+0000][4616][gc,phases   ] GC(444)   Other: 0.3ms
[2024-02-23T10:31:56.598+0000][4616][gc,age      ] GC(444) Age table with threshold 15 (max threshold 15)
[2024-02-23T10:31:56.598+0000][4616][gc,age      ] GC(444) - age   1:   95343248 bytes,   95343248 total
[2024-02-23T10:31:56.598+0000][4616][gc,age      ] GC(444) - age   2:     170280 bytes,   95513528 total
[2024-02-23T10:31:56.598+0000][4616][gc,heap     ] GC(444) Eden regions: 580->0(557)
[2024-02-23T10:31:56.598+0000][4616][gc,heap     ] GC(444) Survivor regions: 4->24(73)
[2024-02-23T10:31:56.598+0000][4616][gc,heap     ] GC(444) Old regions: 195->195
[2024-02-23T10:31:56.598+0000][4616][gc,heap     ] GC(444) Archive regions: 0->0
[2024-02-23T10:31:56.598+0000][4616][gc,heap     ] GC(444) Humongous regions: 11->11
[2024-02-23T10:31:56.598+0000][4616][gc,metaspace] GC(444) Metaspace: 131867K(137088K)->131867K(137088K) NonClass: 114890K(117824K)->114890K(117824K) Class: 16977K(19264K)->16977K(19264K)
[2024-02-23T10:31:56.598+0000][4616][gc          ] GC(444) Pause Young (Normal) (G1 Evacuation Pause) 3158M->917M(4040M) 22.771ms
[2024-02-23T10:31:56.598+0000][4616][gc,cpu      ] GC(444) User=0.12s Sys=0.00s Real=0.03s
[2024-02-23T10:31:56.598+0000][4616][safepoint   ] Safepoint "G1CollectForAllocation", Time since last: 19169879000 ns, Reaching safepoint: 120200 ns, At safepoint: 22967900 ns, Total: 23088100 ns
[2024-02-23T10:32:15.250+0000][4616][gc,start    ] GC(445) Pause Young (Normal) (G1 Evacuation Pause)
[2024-02-23T10:32:15.250+0000][4616][gc,task     ] GC(445) Using 8 workers of 8 for evacuation
[2024-02-23T10:32:15.250+0000][4616][gc,age      ] GC(445) Desired survivor size 153092096 bytes, new threshold 15 (max threshold 15)
[2024-02-23T10:32:15.282+0000][4616][gc,phases   ] GC(445)   Pre Evacuate Collection Set: 0.2ms
[2024-02-23T10:32:15.282+0000][4616][gc,phases   ] GC(445)   Merge Heap Roots: 0.2ms
[2024-02-23T10:32:15.282+0000][4616][gc,phases   ] GC(445)   Evacuate Collection Set: 27.9ms
[2024-02-23T10:32:15.282+0000][4616][gc,phases   ] GC(445)   Post Evacuate Collection Set: 1.4ms
[2024-02-23T10:32:15.282+0000][4616][gc,phases   ] GC(445)   Other: 0.2ms
[2024-02-23T10:32:15.282+0000][4616][gc,age      ] GC(445) Age table with threshold 15 (max threshold 15)
[2024-02-23T10:32:15.282+0000][4616][gc,age      ] GC(445) - age   1:   71394368 bytes,   71394368 total
[2024-02-23T10:32:15.282+0000][4616][gc,age      ] GC(445) - age   2:   70250096 bytes,  141644464 total
[2024-02-23T10:32:15.282+0000][4616][gc,age      ] GC(445) - age   3:     130336 bytes,  141774800 total
[2024-02-23T10:32:15.282+0000][4616][gc,heap     ] GC(445) Eden regions: 557->0(548)
[2024-02-23T10:32:15.282+0000][4616][gc,heap     ] GC(445) Survivor regions: 24->36(73)
[2024-02-23T10:32:15.282+0000][4616][gc,heap     ] GC(445) Old regions: 195->195
[2024-02-23T10:32:15.282+0000][4616][gc,heap     ] GC(445) Archive regions: 0->0
[2024-02-23T10:32:15.282+0000][4616][gc,heap     ] GC(445) Humongous regions: 11->11
[2024-02-23T10:32:15.282+0000][4616][gc,metaspace] GC(445) Metaspace: 131867K(137088K)->131867K(137088K) NonClass: 114890K(117824K)->114890K(117824K) Class: 16977K(19264K)->16977K(19264K)
[2024-02-23T10:32:15.282+0000][4616][gc          ] GC(445) Pause Young (Normal) (G1 Evacuation Pause) 3145M->964M(4040M) 30.647ms
[2024-02-23T10:32:15.282+0000][4616][gc,cpu      ] GC(445) User=0.14s Sys=0.03s Real=0.03s
[2024-02-23T10:32:15.283+0000][4616][safepoint   ] Safepoint "G1CollectForAllocation", Time since last: 18653302200 ns, Reaching safepoint: 150299 ns, At safepoint: 30881601 ns, Total: 31031900 ns
[2024-02-23T10:32:36.287+0000][4616][gc,start    ] GC(446) Pause Young (Concurrent Start) (G1 Evacuation Pause)
[2024-02-23T10:32:36.287+0000][4616][gc,task     ] GC(446) Using 8 workers of 8 for evacuation
[2024-02-23T10:32:36.287+0000][4616][gc,age      ] GC(446) Desired survivor size 153092096 bytes, new threshold 15 (max threshold 15)
[2024-02-23T10:32:36.333+0000][4616][gc,phases   ] GC(446)   Pre Evacuate Collection Set: 0.4ms
[2024-02-23T10:32:36.333+0000][4616][gc,phases   ] GC(446)   Merge Heap Roots: 0.2ms
[2024-02-23T10:32:36.333+0000][4616][gc,phases   ] GC(446)   Evacuate Collection Set: 43.1ms
[2024-02-23T10:32:36.333+0000][4616][gc,phases   ] GC(446)   Post Evacuate Collection Set: 1.2ms
[2024-02-23T10:32:36.333+0000][4616][gc,phases   ] GC(446)   Other: 0.2ms
[2024-02-23T10:32:36.333+0000][4616][gc,age      ] GC(446) Age table with threshold 15 (max threshold 15)
[2024-02-23T10:32:36.333+0000][4616][gc,age      ] GC(446) - age   1:   76857432 bytes,   76857432 total
[2024-02-23T10:32:36.333+0000][4616][gc,age      ] GC(446) - age   2:   47271224 bytes,  124128656 total
[2024-02-23T10:32:36.333+0000][4616][gc,age      ] GC(446) - age   3:   53286232 bytes,  177414888 total
[2024-02-23T10:32:36.333+0000][4616][gc,age      ] GC(446) - age   4:     130336 bytes,  177545224 total
[2024-02-23T10:32:36.333+0000][4616][gc,heap     ] GC(446) Eden regions: 548->0(540)
[2024-02-23T10:32:36.333+0000][4616][gc,heap     ] GC(446) Survivor regions: 36->45(73)
[2024-02-23T10:32:36.333+0000][4616][gc,heap     ] GC(446) Old regions: 195->195
[2024-02-23T10:32:36.333+0000][4616][gc,heap     ] GC(446) Archive regions: 0->0
[2024-02-23T10:32:36.333+0000][4616][gc,heap     ] GC(446) Humongous regions: 11->11
[2024-02-23T10:32:36.333+0000][4616][gc,metaspace] GC(446) Metaspace: 131867K(137088K)->131867K(137088K) NonClass: 114890K(117824K)->114890K(117824K) Class: 16977K(19264K)->16977K(19264K)
[2024-02-23T10:32:36.333+0000][4616][gc          ] GC(446) Pause Young (Concurrent Start) (G1 Evacuation Pause) 3156M->1001M(4040M) 45.649ms
[2024-02-23T10:32:36.333+0000][4616][gc          ] GC(447) Concurrent Mark Cycle
[2024-02-23T10:32:36.333+0000][4616][gc,cpu      ] GC(446) User=0.20s Sys=0.09s Real=0.05s
[2024-02-23T10:32:36.333+0000][4616][gc,marking  ] GC(447) Concurrent Clear Claimed Marks
[2024-02-23T10:32:36.333+0000][4616][safepoint   ] Safepoint "G1CollectForAllocation", Time since last: 21007251800 ns, Reaching safepoint: 123700 ns, At safepoint: 45893500 ns, Total: 46017200 ns
[2024-02-23T10:32:36.333+0000][4616][gc,marking  ] GC(447) Concurrent Clear Claimed Marks 0.204ms
[2024-02-23T10:32:36.333+0000][4616][gc,marking  ] GC(447) Concurrent Scan Root Regions
[2024-02-23T10:32:36.340+0000][4616][gc,marking  ] GC(447) Concurrent Scan Root Regions 8.321ms
[2024-02-23T10:32:36.340+0000][4616][gc,marking  ] GC(447) Concurrent Mark
[2024-02-23T10:32:36.340+0000][4616][gc,marking  ] GC(447) Concurrent Mark From Roots
[2024-02-23T10:32:36.340+0000][4616][gc,task     ] GC(447) Using 2 workers of 2 for marking
[2024-02-23T10:32:36.558+0000][4616][gc,marking  ] GC(447) Concurrent Mark From Roots 213.273ms
[2024-02-23T10:32:36.558+0000][4616][gc,marking  ] GC(447) Concurrent Preclean
[2024-02-23T10:32:36.558+0000][4616][gc,marking  ] GC(447) Concurrent Preclean 0.878ms
[2024-02-23T10:32:36.558+0000][4616][gc,start    ] GC(447) Pause Remark
[2024-02-23T10:32:36.576+0000][4616][gc          ] GC(447) Pause Remark 1013M->1001M(4040M) 18.034ms
[2024-02-23T10:32:36.576+0000][4616][gc,cpu      ] GC(447) User=0.12s Sys=0.00s Real=0.02s
[2024-02-23T10:32:36.576+0000][4616][safepoint   ] Safepoint "G1Concurrent", Time since last: 222816300 ns, Reaching safepoint: 150600 ns, At safepoint: 18250299 ns, Total: 18400899 ns
[2024-02-23T10:32:36.576+0000][4616][gc,marking  ] GC(447) Concurrent Mark 232.761ms
[2024-02-23T10:32:36.576+0000][4616][gc,marking  ] GC(447) Concurrent Rebuild Remembered Sets
[2024-02-23T10:32:36.717+0000][4616][gc,marking  ] GC(447) Concurrent Rebuild Remembered Sets 139.149ms
[2024-02-23T10:32:36.717+0000][4616][gc,start    ] GC(447) Pause Cleanup
[2024-02-23T10:32:36.717+0000][4616][gc          ] GC(447) Pause Cleanup 1001M->1001M(4040M) 0.888ms
[2024-02-23T10:32:36.717+0000][4616][gc,cpu      ] GC(447) User=0.00s Sys=0.00s Real=0.00s
[2024-02-23T10:32:36.717+0000][4616][safepoint   ] Safepoint "G1Concurrent", Time since last: 139342801 ns, Reaching safepoint: 103600 ns, At safepoint: 1026400 ns, Total: 1130000 ns
[2024-02-23T10:32:36.717+0000][4616][gc,marking  ] GC(447) Concurrent Cleanup for Next Mark
[2024-02-23T10:32:36.726+0000][4616][gc,marking  ] GC(447) Concurrent Cleanup for Next Mark 8.356ms
[2024-02-23T10:32:36.726+0000][4616][gc          ] GC(447) Concurrent Mark Cycle 390.341ms
[2024-02-23T10:33:16.567+0000][4616][gc,start    ] GC(448) Pause Young (Prepare Mixed) (G1 Evacuation Pause)
[2024-02-23T10:33:16.567+0000][4616][gc,task     ] GC(448) Using 8 workers of 8 for evacuation
[2024-02-23T10:33:16.567+0000][4616][gc,age      ] GC(448) Desired survivor size 155189248 bytes, new threshold 3 (max threshold 15)
[2024-02-23T10:33:16.628+0000][4616][gc,phases   ] GC(448)   Pre Evacuate Collection Set: 0.3ms
[2024-02-23T10:33:16.628+0000][4616][gc,phases   ] GC(448)   Merge Heap Roots: 0.7ms
[2024-02-23T10:33:16.628+0000][4616][gc,phases   ] GC(448)   Evacuate Collection Set: 56.5ms
[2024-02-23T10:33:16.628+0000][4616][gc,phases   ] GC(448)   Post Evacuate Collection Set: 1.3ms
[2024-02-23T10:33:16.628+0000][4616][gc,phases   ] GC(448)   Other: 0.3ms
[2024-02-23T10:33:16.628+0000][4616][gc,age      ] GC(448) Age table with threshold 3 (max threshold 15)
[2024-02-23T10:33:16.628+0000][4616][gc,age      ] GC(448) - age   1:   79660312 bytes,   79660312 total
[2024-02-23T10:33:16.628+0000][4616][gc,age      ] GC(448) - age   2:   52700400 bytes,  132360712 total
[2024-02-23T10:33:16.628+0000][4616][gc,age      ] GC(448) - age   3:   26076160 bytes,  158436872 total
[2024-02-23T10:33:16.628+0000][4616][gc,heap     ] GC(448) Eden regions: 540->0(9)
[2024-02-23T10:33:16.628+0000][4616][gc,heap     ] GC(448) Survivor regions: 45->41(74)
[2024-02-23T10:33:16.628+0000][4616][gc,heap     ] GC(448) Old regions: 195->205
[2024-02-23T10:33:16.628+0000][4616][gc,heap     ] GC(448) Archive regions: 0->0
[2024-02-23T10:33:16.628+0000][4616][gc,heap     ] GC(448) Humongous regions: 8->8
[2024-02-23T10:33:16.628+0000][4616][gc,metaspace] GC(448) Metaspace: 131868K(137088K)->131868K(137088K) NonClass: 114891K(117824K)->114891K(117824K) Class: 16977K(19264K)->16977K(19264K)
[2024-02-23T10:33:16.628+0000][4616][gc          ] GC(448) Pause Young (Prepare Mixed) (G1 Evacuation Pause) 3149M->1013M(4040M) 59.716ms
[2024-02-23T10:33:16.628+0000][4616][gc,cpu      ] GC(448) User=0.31s Sys=0.09s Real=0.06s
[2024-02-23T10:33:16.628+0000][4616][safepoint   ] Safepoint "G1CollectForAllocation", Time since last: 39851496200 ns, Reaching safepoint: 148700 ns, At safepoint: 59936900 ns, Total: 60085600 ns
[2024-02-23T10:33:16.755+0000][4616][gc,start    ] GC(449) Pause Young (Mixed) (G1 Evacuation Pause)
[2024-02-23T10:33:16.761+0000][4616][gc,task     ] GC(449) Using 8 workers of 8 for evacuation
[2024-02-23T10:33:16.761+0000][4616][gc,age      ] GC(449) Desired survivor size 14680064 bytes, new threshold 1 (max threshold 15)
[2024-02-23T10:33:16.903+0000][4616][gc,phases   ] GC(449)   Pre Evacuate Collection Set: 0.3ms
[2024-02-23T10:33:16.903+0000][4616][gc,phases   ] GC(449)   Merge Heap Roots: 0.3ms
[2024-02-23T10:33:16.903+0000][4616][gc,phases   ] GC(449)   Evacuate Collection Set: 139.5ms
[2024-02-23T10:33:16.903+0000][4616][gc,phases   ] GC(449)   Post Evacuate Collection Set: 1.6ms
[2024-02-23T10:33:16.903+0000][4616][gc,phases   ] GC(449)   Other: 0.3ms
[2024-02-23T10:33:16.904+0000][4616][gc,age      ] GC(449) Age table with threshold 1 (max threshold 15)
[2024-02-23T10:33:16.904+0000][4616][gc,age      ] GC(449) - age   1:    2116064 bytes,    2116064 total
[2024-02-23T10:33:16.904+0000][4616][gc,heap     ] GC(449) Eden regions: 9->0(582)
[2024-02-23T10:33:16.904+0000][4616][gc,heap     ] GC(449) Survivor regions: 41->4(7)
[2024-02-23T10:33:16.904+0000][4616][gc,heap     ] GC(449) Old regions: 205->195
[2024-02-23T10:33:16.904+0000][4616][gc,heap     ] GC(449) Archive regions: 0->0
[2024-02-23T10:33:16.904+0000][4616][gc,heap     ] GC(449) Humongous regions: 8->8
[2024-02-23T10:33:16.904+0000][4616][gc,metaspace] GC(449) Metaspace: 131868K(137088K)->131868K(137088K) NonClass: 114891K(117824K)->114891K(117824K) Class: 16977K(19264K)->16977K(19264K)
[2024-02-23T10:33:16.904+0000][4616][gc          ] GC(449) Pause Young (Mixed) (G1 Evacuation Pause) 1049M->824M(4040M) 142.836ms
[2024-02-23T10:33:16.904+0000][4616][gc,cpu      ] GC(449) User=0.45s Sys=0.17s Real=0.15s
[2024-02-23T10:33:16.904+0000][4616][safepoint   ] Safepoint "G1CollectForAllocation", Time since last: 131217599 ns, Reaching safepoint: 144501 ns, At safepoint: 143289700 ns, Total: 143434201 ns
[2024-02-23T10:33:36.350+0000][4616][gc,start    ] GC(450) Pause Young (Normal) (G1 Evacuation Pause)
[2024-02-23T10:33:36.350+0000][4616][gc,task     ] GC(450) Using 8 workers of 8 for evacuation
[2024-02-23T10:33:36.350+0000][4616][gc,age      ] GC(450) Desired survivor size 155189248 bytes, new threshold 15 (max threshold 15)
[2024-02-23T10:33:36.378+0000][4616][gc,phases   ] GC(450)   Pre Evacuate Collection Set: 0.3ms
[2024-02-23T10:33:36.378+0000][4616][gc,phases   ] GC(450)   Merge Heap Roots: 0.5ms
[2024-02-23T10:33:36.378+0000][4616][gc,phases   ] GC(450)   Evacuate Collection Set: 23.6ms
[2024-02-23T10:33:36.378+0000][4616][gc,phases   ] GC(450)   Post Evacuate Collection Set: 3.0ms
[2024-02-23T10:33:36.378+0000][4616][gc,phases   ] GC(450)   Other: 0.4ms
[2024-02-23T10:33:36.378+0000][4616][gc,age      ] GC(450) Age table with threshold 15 (max threshold 15)
[2024-02-23T10:33:36.378+0000][4616][gc,age      ] GC(450) - age   1:   92363488 bytes,   92363488 total
[2024-02-23T10:33:36.378+0000][4616][gc,age      ] GC(450) - age   2:    1033192 bytes,   93396680 total
[2024-02-23T10:33:36.378+0000][4616][gc,heap     ] GC(450) Eden regions: 582->0(559)
[2024-02-23T10:33:36.378+0000][4616][gc,heap     ] GC(450) Survivor regions: 4->25(74)
[2024-02-23T10:33:36.378+0000][4616][gc,heap     ] GC(450) Old regions: 195->195
[2024-02-23T10:33:36.378+0000][4616][gc,heap     ] GC(450) Archive regions: 0->0
[2024-02-23T10:33:36.378+0000][4616][gc,heap     ] GC(450) Humongous regions: 8->8
[2024-02-23T10:33:36.378+0000][4616][gc,metaspace] GC(450) Metaspace: 131868K(137088K)->131868K(137088K) NonClass: 114891K(117824K)->114891K(117824K) Class: 16977K(19264K)->16977K(19264K)
[2024-02-23T10:33:36.378+0000][4616][gc          ] GC(450) Pause Young (Normal) (G1 Evacuation Pause) 3152M->905M(4040M) 28.703ms
[2024-02-23T10:33:36.378+0000][4616][gc,cpu      ] GC(450) User=0.17s Sys=0.00s Real=0.03s
[2024-02-23T10:33:36.379+0000][4616][safepoint   ] Safepoint "G1CollectForAllocation", Time since last: 19445531199 ns, Reaching safepoint: 193301 ns, At safepoint: 29169700 ns, Total: 29363001 ns
[2024-02-23T10:33:54.513+0000][4616][safepoint   ] Safepoint "Cleanup", Time since last: 18133431800 ns, Reaching safepoint: 160900 ns, At safepoint: 26100 ns, Total: 187000 ns
[2024-02-23T10:34:09.632+0000][4616][safepoint   ] Safepoint "Cleanup", Time since last: 15119114600 ns, Reaching safepoint: 191700 ns, At safepoint: 29199 ns, Total: 220899 ns
[2024-02-23T10:34:10.424+0000][4616][gc,start    ] GC(451) Pause Young (Normal) (G1 Evacuation Pause)
[2024-02-23T10:34:10.424+0000][4616][gc,task     ] GC(451) Using 8 workers of 8 for evacuation
[2024-02-23T10:34:10.424+0000][4616][gc,age      ] GC(451) Desired survivor size 153092096 bytes, new threshold 15 (max threshold 15)
[2024-02-23T10:34:10.463+0000][4616][gc,phases   ] GC(451)   Pre Evacuate Collection Set: 0.2ms
[2024-02-23T10:34:10.463+0000][4616][gc,phases   ] GC(451)   Merge Heap Roots: 0.2ms
[2024-02-23T10:34:10.463+0000][4616][gc,phases   ] GC(451)   Evacuate Collection Set: 28.5ms
[2024-02-23T10:34:10.463+0000][4616][gc,phases   ] GC(451)   Post Evacuate Collection Set: 1.3ms
[2024-02-23T10:34:10.463+0000][4616][gc,phases   ] GC(451)   Other: 0.2ms
[2024-02-23T10:34:10.463+0000][4616][gc,age      ] GC(451) Age table with threshold 15 (max threshold 15)
[2024-02-23T10:34:10.463+0000][4616][gc,age      ] GC(451) - age   1:   68271536 bytes,   68271536 total
[2024-02-23T10:34:10.463+0000][4616][gc,age      ] GC(451) - age   2:   70801072 bytes,  139072608 total
[2024-02-23T10:34:10.463+0000][4616][gc,age      ] GC(451) - age   3:     969048 bytes,  140041656 total
[2024-02-23T10:34:10.463+0000][4616][gc,heap     ] GC(451) Eden regions: 559->0(552)
[2024-02-23T10:34:10.463+0000][4616][gc,heap     ] GC(451) Survivor regions: 25->35(73)
[2024-02-23T10:34:10.463+0000][4616][gc,heap     ] GC(451) Old regions: 195->195
[2024-02-23T10:34:10.463+0000][4616][gc,heap     ] GC(451) Archive regions: 0->0
[2024-02-23T10:34:10.463+0000][4616][gc,heap     ] GC(451) Humongous regions: 8->8
[2024-02-23T10:34:10.463+0000][4616][gc,metaspace] GC(451) Metaspace: 131868K(137088K)->131868K(137088K) NonClass: 114891K(117824K)->114891K(117824K) Class: 16977K(19264K)->16977K(19264K)
[2024-02-23T10:34:10.463+0000][4616][gc          ] GC(451) Pause Young (Normal) (G1 Evacuation Pause) 3141M->947M(4040M) 31.196ms
[2024-02-23T10:34:10.463+0000][4616][gc,cpu      ] GC(451) User=0.34s Sys=0.00s Real=0.04s
[2024-02-23T10:34:10.463+0000][4616][safepoint   ] Safepoint "G1CollectForAllocation", Time since last: 802640401 ns, Reaching safepoint: 151799 ns, At safepoint: 31453300 ns, Total: 31605099 ns
[2024-02-23T10:34:27.602+0000][4616][safepoint   ] Safepoint "Cleanup", Time since last: 17135653100 ns, Reaching safepoint: 109101 ns, At safepoint: 18300 ns, Total: 127401 ns
[2024-02-23T10:34:41.030+0000][4616][gc,start    ] GC(452) Pause Young (Concurrent Start) (G1 Evacuation Pause)
[2024-02-23T10:34:41.030+0000][4616][gc,task     ] GC(452) Using 8 workers of 8 for evacuation
[2024-02-23T10:34:41.030+0000][4616][gc,age      ] GC(452) Desired survivor size 155189248 bytes, new threshold 15 (max threshold 15)
[2024-02-23T10:34:41.123+0000][4616][gc,phases   ] GC(452)   Pre Evacuate Collection Set: 0.7ms
[2024-02-23T10:34:41.123+0000][4616][gc,phases   ] GC(452)   Merge Heap Roots: 0.6ms
[2024-02-23T10:34:41.123+0000][4616][gc,phases   ] GC(452)   Evacuate Collection Set: 85.1ms
[2024-02-23T10:34:41.123+0000][4616][gc,phases   ] GC(452)   Post Evacuate Collection Set: 2.1ms
[2024-02-23T10:34:41.123+0000][4616][gc,phases   ] GC(452)   Other: 0.3ms
[2024-02-23T10:34:41.123+0000][4616][gc,age      ] GC(452) Age table with threshold 15 (max threshold 15)
[2024-02-23T10:34:41.123+0000][4616][gc,age      ] GC(452) - age   1:   79524592 bytes,   79524592 total
[2024-02-23T10:34:41.123+0000][4616][gc,age      ] GC(452) - age   2:   49515184 bytes,  129039776 total
[2024-02-23T10:34:41.123+0000][4616][gc,age      ] GC(452) - age   3:   46509896 bytes,  175549672 total
[2024-02-23T10:34:41.123+0000][4616][gc,age      ] GC(452) - age   4:     584632 bytes,  176134304 total
[2024-02-23T10:34:41.123+0000][4616][gc,heap     ] GC(452) Eden regions: 552->0(544)
[2024-02-23T10:34:41.123+0000][4616][gc,heap     ] GC(452) Survivor regions: 35->44(74)
[2024-02-23T10:34:41.123+0000][4616][gc,heap     ] GC(452) Old regions: 195->195
[2024-02-23T10:34:41.123+0000][4616][gc,heap     ] GC(452) Archive regions: 0->0
[2024-02-23T10:34:41.123+0000][4616][gc,heap     ] GC(452) Humongous regions: 8->8
[2024-02-23T10:34:41.123+0000][4616][gc,metaspace] GC(452) Metaspace: 131868K(137088K)->131868K(137088K) NonClass: 114891K(117824K)->114891K(117824K) Class: 16977K(19264K)->16977K(19264K)
[2024-02-23T10:34:41.123+0000][4616][gc          ] GC(452) Pause Young (Concurrent Start) (G1 Evacuation Pause) 3155M->982M(4040M) 89.682ms
[2024-02-23T10:34:41.123+0000][4616][gc          ] GC(453) Concurrent Mark Cycle
[2024-02-23T10:34:41.123+0000][4616][gc,cpu      ] GC(452) User=0.38s Sys=0.17s Real=0.09s
[2024-02-23T10:34:41.123+0000][4616][gc,marking  ] GC(453) Concurrent Clear Claimed Marks
[2024-02-23T10:34:41.123+0000][4616][safepoint   ] Safepoint "G1CollectForAllocation", Time since last: 13433540500 ns, Reaching safepoint: 163100 ns, At safepoint: 90233800 ns, Total: 90396900 ns
[2024-02-23T10:34:41.123+0000][4616][gc,marking  ] GC(453) Concurrent Clear Claimed Marks 0.392ms
[2024-02-23T10:34:41.123+0000][4616][gc,marking  ] GC(453) Concurrent Scan Root Regions
[2024-02-23T10:34:41.142+0000][4616][gc,marking  ] GC(453) Concurrent Scan Root Regions 18.316ms
[2024-02-23T10:34:41.142+0000][4616][gc,marking  ] GC(453) Concurrent Mark
[2024-02-23T10:34:41.142+0000][4616][gc,marking  ] GC(453) Concurrent Mark From Roots
[2024-02-23T10:34:41.142+0000][4616][gc,task     ] GC(453) Using 2 workers of 2 for marking
[2024-02-23T10:34:41.331+0000][4616][gc,marking  ] GC(453) Concurrent Mark From Roots 187.149ms
[2024-02-23T10:34:41.331+0000][4616][gc,marking  ] GC(453) Concurrent Preclean
[2024-02-23T10:34:41.332+0000][4616][gc,marking  ] GC(453) Concurrent Preclean 0.520ms
[2024-02-23T10:34:41.332+0000][4616][gc,start    ] GC(453) Pause Remark
[2024-02-23T10:34:41.339+0000][4616][gc          ] GC(453) Pause Remark 1024M->1011M(4040M) 12.043ms
[2024-02-23T10:34:41.339+0000][4616][gc,cpu      ] GC(453) User=0.03s Sys=0.00s Real=0.01s
[2024-02-23T10:34:41.339+0000][4616][safepoint   ] Safepoint "G1Concurrent", Time since last: 206539800 ns, Reaching safepoint: 56300 ns, At safepoint: 12196500 ns, Total: 12252800 ns
[2024-02-23T10:34:41.339+0000][4616][gc,marking  ] GC(453) Concurrent Mark 200.138ms
[2024-02-23T10:34:41.339+0000][4616][gc,marking  ] GC(453) Concurrent Rebuild Remembered Sets
[2024-02-23T10:34:41.470+0000][4616][gc,marking  ] GC(453) Concurrent Rebuild Remembered Sets 126.267ms
[2024-02-23T10:34:41.470+0000][4616][gc,start    ] GC(453) Pause Cleanup
[2024-02-23T10:34:41.470+0000][4616][gc          ] GC(453) Pause Cleanup 1032M->1032M(4040M) 0.935ms
[2024-02-23T10:34:41.470+0000][4616][gc,cpu      ] GC(453) User=0.00s Sys=0.00s Real=0.00s
[2024-02-23T10:34:41.470+0000][4616][safepoint   ] Safepoint "G1Concurrent", Time since last: 126483600 ns, Reaching safepoint: 123900 ns, At safepoint: 1114300 ns, Total: 1238200 ns
[2024-02-23T10:34:41.470+0000][4616][gc,marking  ] GC(453) Concurrent Cleanup for Next Mark
[2024-02-23T10:34:41.470+0000][4616][gc,marking  ] GC(453) Concurrent Cleanup for Next Mark 7.340ms
[2024-02-23T10:34:41.470+0000][4616][gc          ] GC(453) Concurrent Mark Cycle 354.427ms
[2024-02-23T10:34:58.568+0000][4616][safepoint   ] Safepoint "Cleanup", Time since last: 17095035000 ns, Reaching safepoint: 139900 ns, At safepoint: 30700 ns, Total: 170600 ns
[2024-02-23T10:35:11.670+0000][4616][safepoint   ] Safepoint "Cleanup", Time since last: 13101982700 ns, Reaching safepoint: 76100 ns, At safepoint: 9600 ns, Total: 85700 ns
[2024-02-23T10:39:52.307+0000][4616][safepoint   ] Safepoint "Cleanup", Time since last: 280313687700 ns, Reaching safepoint: 323537000 ns, At safepoint: 9284400 ns, Total: 332821400 ns
[2024-02-23T10:39:53.557+0000][4616][safepoint   ] Safepoint "Cleanup", Time since last: 1123992300 ns, Reaching safepoint: 102622100 ns, At safepoint: 26201100 ns, Total: 128823200 ns
[2024-02-23T10:39:54.723+0000][4616][gc,start    ] GC(454) Pause Young (Prepare Mixed) (G1 Evacuation Pause)
[2024-02-23T10:39:54.725+0000][4616][gc,task     ] GC(454) Using 8 workers of 8 for evacuation
[2024-02-23T10:39:54.725+0000][4616][gc,age      ] GC(454) Desired survivor size 155189248 bytes, new threshold 3 (max threshold 15)
[2024-02-23T10:39:54.931+0000][4616][gc,mmu      ] GC(454) MMU target violated: 201.0ms (200.0ms/201.0ms)
[2024-02-23T10:39:54.931+0000][4616][gc,phases   ] GC(454)   Pre Evacuate Collection Set: 1.5ms
[2024-02-23T10:39:54.931+0000][4616][gc,phases   ] GC(454)   Merge Heap Roots: 1.4ms
[2024-02-23T10:39:54.931+0000][4616][gc,phases   ] GC(454)   Evacuate Collection Set: 197.6ms
[2024-02-23T10:39:54.931+0000][4616][gc,phases   ] GC(454)   Post Evacuate Collection Set: 5.3ms
[2024-02-23T10:39:54.931+0000][4616][gc,phases   ] GC(454)   Other: 4.1ms
[2024-02-23T10:39:54.931+0000][4616][gc,age      ] GC(454) Age table with threshold 3 (max threshold 15)
[2024-02-23T10:39:54.931+0000][4616][gc,age      ] GC(454) - age   1:   77011192 bytes,   77011192 total
[2024-02-23T10:39:54.931+0000][4616][gc,age      ] GC(454) - age   2:   62601488 bytes,  139612680 total
[2024-02-23T10:39:54.931+0000][4616][gc,age      ] GC(454) - age   3:   27014464 bytes,  166627144 total
[2024-02-23T10:39:54.931+0000][4616][gc,heap     ] GC(454) Eden regions: 544->0(7)
[2024-02-23T10:39:54.931+0000][4616][gc,heap     ] GC(454) Survivor regions: 44->43(74)
[2024-02-23T10:39:54.931+0000][4616][gc,heap     ] GC(454) Old regions: 194->203
[2024-02-23T10:39:54.931+0000][4616][gc,heap     ] GC(454) Archive regions: 0->0
[2024-02-23T10:39:54.931+0000][4616][gc,heap     ] GC(454) Humongous regions: 5->5
[2024-02-23T10:39:54.931+0000][4616][gc,metaspace] GC(454) Metaspace: 131884K(137088K)->131884K(137088K) NonClass: 114903K(117824K)->114903K(117824K) Class: 16980K(19264K)->16980K(19264K)
[2024-02-23T10:39:54.931+0000][4616][gc          ] GC(454) Pause Young (Prepare Mixed) (G1 Evacuation Pause) 3145M->999M(4040M) 214.731ms
[2024-02-23T10:39:54.931+0000][4616][gc,cpu      ] GC(454) User=0.80s Sys=0.39s Real=0.21s
[2024-02-23T10:39:54.941+0000][4616][safepoint   ] Safepoint "G1CollectForAllocation", Time since last: 566441200 ns, Reaching safepoint: 596177800 ns, At safepoint: 223166700 ns, Total: 819344500 ns
[2024-02-23T10:39:56.031+0000][4616][safepoint   ] Safepoint "Cleanup", Time since last: 1006324900 ns, Reaching safepoint: 77827900 ns, At safepoint: 237000 ns, Total: 78064900 ns
[2024-02-23T10:39:56.112+0000][4616][gc,start    ] GC(455) Pause Young (Mixed) (G1 Evacuation Pause)
[2024-02-23T10:39:56.112+0000][4616][gc,task     ] GC(455) Using 8 workers of 8 for evacuation
[2024-02-23T10:39:56.112+0000][4616][gc,age      ] GC(455) Desired survivor size 14680064 bytes, new threshold 1 (max threshold 15)
[2024-02-23T10:39:56.326+0000][4616][gc,mmu      ] GC(455) MMU target violated: 201.0ms (200.0ms/201.0ms)
[2024-02-23T10:39:56.326+0000][4616][gc,phases   ] GC(455)   Pre Evacuate Collection Set: 0.2ms
[2024-02-23T10:39:56.326+0000][4616][gc,phases   ] GC(455)   Merge Heap Roots: 0.2ms
[2024-02-23T10:39:56.326+0000][4616][gc,phases   ] GC(455)   Evacuate Collection Set: 208.7ms
[2024-02-23T10:39:56.326+0000][4616][gc,phases   ] GC(455)   Post Evacuate Collection Set: 7.6ms
[2024-02-23T10:39:56.326+0000][4616][gc,phases   ] GC(455)   Other: 0.3ms
[2024-02-23T10:39:56.326+0000][4616][gc,age      ] GC(455) Age table with threshold 1 (max threshold 15)
[2024-02-23T10:39:56.326+0000][4616][gc,age      ] GC(455) - age   1:     951368 bytes,     951368 total
[2024-02-23T10:39:56.326+0000][4616][gc,heap     ] GC(455) Eden regions: 7->0(580)
[2024-02-23T10:39:56.326+0000][4616][gc,heap     ] GC(455) Survivor regions: 43->4(7)
[2024-02-23T10:39:56.326+0000][4616][gc,heap     ] GC(455) Old regions: 203->199
[2024-02-23T10:39:56.326+0000][4616][gc,heap     ] GC(455) Archive regions: 0->0
[2024-02-23T10:39:56.326+0000][4616][gc,heap     ] GC(455) Humongous regions: 5->5
[2024-02-23T10:39:56.326+0000][4616][gc,metaspace] GC(455) Metaspace: 131884K(137088K)->131884K(137088K) NonClass: 114903K(117824K)->114903K(117824K) Class: 16980K(19264K)->16980K(19264K)
[2024-02-23T10:39:56.326+0000][4616][gc          ] GC(455) Pause Young (Mixed) (G1 Evacuation Pause) 1027M->828M(4040M) 217.448ms
[2024-02-23T10:39:56.326+0000][4616][gc,cpu      ] GC(455) User=0.14s Sys=1.16s Real=0.21s
[2024-02-23T10:39:56.336+0000][4616][safepoint   ] Safepoint "G1CollectForAllocation", Time since last: 52147900 ns, Reaching safepoint: 28417500 ns, At safepoint: 227739500 ns, Total: 256157000 ns
[2024-02-23T10:39:58.346+0000][4616][safepoint   ] Safepoint "Cleanup", Time since last: 2003306300 ns, Reaching safepoint: 2712100 ns, At safepoint: 1095000 ns, Total: 3807100 ns
[2024-02-23T10:40:00.353+0000][4616][safepoint   ] Safepoint "Cleanup", Time since last: 2007286100 ns, Reaching safepoint: 107200 ns, At safepoint: 51300 ns, Total: 158500 ns
[2024-02-23T10:40:03.393+0000][4616][safepoint   ] Safepoint "Cleanup", Time since last: 3018905700 ns, Reaching safepoint: 19523600 ns, At safepoint: 528000 ns, Total: 20051600 ns
[2024-02-23T10:40:08.407+0000][4616][safepoint   ] Safepoint "Cleanup", Time since last: 5014416300 ns, Reaching safepoint: 87000 ns, At safepoint: 7100 ns, Total: 94100 ns
[2024-02-23T10:40:10.426+0000][4616][safepoint   ] Safepoint "Cleanup", Time since last: 2018969900 ns, Reaching safepoint: 113600 ns, At safepoint: 52700 ns, Total: 166300 ns
[2024-02-23T10:40:12.431+0000][4616][safepoint   ] Safepoint "Cleanup", Time since last: 2004650600 ns, Reaching safepoint: 143600 ns, At safepoint: 75300 ns, Total: 218900 ns
[2024-02-23T10:40:13.286+0000][4616][gc,start    ] GC(456) Pause Young (Normal) (G1 Evacuation Pause)
[2024-02-23T10:40:13.286+0000][4616][gc,task     ] GC(456) Using 8 workers of 8 for evacuation
[2024-02-23T10:40:13.286+0000][4616][gc,age      ] GC(456) Desired survivor size 153092096 bytes, new threshold 15 (max threshold 15)
[2024-02-23T10:40:13.619+0000][4616][gc,mmu      ] GC(456) MMU target violated: 201.0ms (200.0ms/201.0ms)
[2024-02-23T10:40:13.619+0000][4616][gc,phases   ] GC(456)   Pre Evacuate Collection Set: 0.1ms
[2024-02-23T10:40:13.619+0000][4616][gc,phases   ] GC(456)   Merge Heap Roots: 0.1ms
[2024-02-23T10:40:13.619+0000][4616][gc,phases   ] GC(456)   Evacuate Collection Set: 336.7ms
[2024-02-23T10:40:13.619+0000][4616][gc,phases   ] GC(456)   Post Evacuate Collection Set: 1.2ms
[2024-02-23T10:40:13.619+0000][4616][gc,phases   ] GC(456)   Other: 0.2ms
[2024-02-23T10:40:13.619+0000][4616][gc,age      ] GC(456) Age table with threshold 15 (max threshold 15)
[2024-02-23T10:40:13.619+0000][4616][gc,age      ] GC(456) - age   1:   89091960 bytes,   89091960 total
[2024-02-23T10:40:13.619+0000][4616][gc,age      ] GC(456) - age   2:     438744 bytes,   89530704 total
[2024-02-23T10:40:13.619+0000][4616][gc,heap     ] GC(456) Eden regions: 580->0(184)
[2024-02-23T10:40:13.619+0000][4616][gc,heap     ] GC(456) Survivor regions: 4->23(73)
[2024-02-23T10:40:13.619+0000][4616][gc,heap     ] GC(456) Old regions: 199->199
[2024-02-23T10:40:13.619+0000][4616][gc,heap     ] GC(456) Archive regions: 0->0
[2024-02-23T10:40:13.619+0000][4616][gc,heap     ] GC(456) Humongous regions: 5->5
[2024-02-23T10:40:13.619+0000][4616][gc,metaspace] GC(456) Metaspace: 131890K(137088K)->131890K(137088K) NonClass: 114910K(117824K)->114910K(117824K) Class: 16980K(19264K)->16980K(19264K)
[2024-02-23T10:40:13.619+0000][4616][gc          ] GC(456) Pause Young (Normal) (G1 Evacuation Pause) 3148M->903M(4040M) 338.457ms
[2024-02-23T10:40:13.619+0000][4616][gc,cpu      ] GC(456) User=0.11s Sys=0.09s Real=0.33s
[2024-02-23T10:40:13.619+0000][4616][safepoint   ] Safepoint "G1CollectForAllocation", Time since last: 859522100 ns, Reaching safepoint: 112000 ns, At safepoint: 338660600 ns, Total: 338772600 ns
[2024-02-23T10:40:17.107+0000][4616][gc,start    ] GC(457) Pause Young (Normal) (G1 Evacuation Pause)
[2024-02-23T10:40:17.107+0000][4616][gc,task     ] GC(457) Using 8 workers of 8 for evacuation
[2024-02-23T10:40:17.107+0000][4616][gc,age      ] GC(457) Desired survivor size 54525952 bytes, new threshold 1 (max threshold 15)
[2024-02-23T10:40:17.215+0000][4616][gc,phases   ] GC(457)   Pre Evacuate Collection Set: 0.1ms
[2024-02-23T10:40:17.215+0000][4616][gc,phases   ] GC(457)   Merge Heap Roots: 0.1ms
[2024-02-23T10:40:17.215+0000][4616][gc,phases   ] GC(457)   Evacuate Collection Set: 104.9ms
[2024-02-23T10:40:17.215+0000][4616][gc,phases   ] GC(457)   Post Evacuate Collection Set: 1.4ms
[2024-02-23T10:40:17.215+0000][4616][gc,phases   ] GC(457)   Other: 0.2ms
[2024-02-23T10:40:17.215+0000][4616][gc,age      ] GC(457) Age table with threshold 1 (max threshold 15)
[2024-02-23T10:40:17.215+0000][4616][gc,age      ] GC(457) - age   1:   38420624 bytes,   38420624 total
[2024-02-23T10:40:17.215+0000][4616][gc,heap     ] GC(457) Eden regions: 184->0(371)
[2024-02-23T10:40:17.215+0000][4616][gc,heap     ] GC(457) Survivor regions: 23->11(26)
[2024-02-23T10:40:17.215+0000][4616][gc,heap     ] GC(457) Old regions: 199->219
[2024-02-23T10:40:17.215+0000][4616][gc,heap     ] GC(457) Archive regions: 0->0
[2024-02-23T10:40:17.215+0000][4616][gc,heap     ] GC(457) Humongous regions: 5->5
[2024-02-23T10:40:17.215+0000][4616][gc,metaspace] GC(457) Metaspace: 131890K(137088K)->131890K(137088K) NonClass: 114910K(117824K)->114910K(117824K) Class: 16980K(19264K)->16980K(19264K)
[2024-02-23T10:40:17.215+0000][4616][gc          ] GC(457) Pause Young (Normal) (G1 Evacuation Pause) 1639M->935M(4040M) 106.877ms
[2024-02-23T10:40:17.215+0000][4616][gc,cpu      ] GC(457) User=0.03s Sys=0.17s Real=0.11s
[2024-02-23T10:40:17.215+0000][4616][safepoint   ] Safepoint "G1CollectForAllocation", Time since last: 3480417200 ns, Reaching safepoint: 196000 ns, At safepoint: 107017900 ns, Total: 107213900 ns
[2024-02-23T10:40:37.254+0000][4616][safepoint   ] Safepoint "Cleanup", Time since last: 20037509500 ns, Reaching safepoint: 80100 ns, At safepoint: 20400 ns, Total: 100500 ns
[2024-02-23T10:40:41.259+0000][4616][safepoint   ] Safepoint "Cleanup", Time since last: 4004156800 ns, Reaching safepoint: 132900 ns, At safepoint: 52800 ns, Total: 185700 ns
[2024-02-23T10:40:45.709+0000][4616][safepoint   ] Safepoint "Cleanup", Time since last: 3234224400 ns, Reaching safepoint: 1215676400 ns, At safepoint: 71600 ns, Total: 1215748000 ns
[2024-02-23T10:40:49.713+0000][4616][safepoint   ] Safepoint "Cleanup", Time since last: 4003621400 ns, Reaching safepoint: 169500 ns, At safepoint: 83300 ns, Total: 252800 ns
[2024-02-23T10:40:51.720+0000][4616][safepoint   ] Safepoint "Cleanup", Time since last: 2007592500 ns, Reaching safepoint: 57700 ns, At safepoint: 65100 ns, Total: 122800 ns
[2024-02-23T10:40:58.764+0000][4616][safepoint   ] Safepoint "Cleanup", Time since last: 7043617500 ns, Reaching safepoint: 178100 ns, At safepoint: 40200 ns, Total: 218300 ns
[2024-02-23T10:41:07.839+0000][4616][safepoint   ] Safepoint "Cleanup", Time since last: 9074951300 ns, Reaching safepoint: 92600 ns, At safepoint: 4800 ns, Total: 97400 ns
[2024-02-23T10:41:10.863+0000][4616][safepoint   ] Safepoint "Cleanup", Time since last: 3023408600 ns, Reaching safepoint: 293200 ns, At safepoint: 60800 ns, Total: 354000 ns
[2024-02-23T10:41:22.322+0000][4616][gc,start    ] GC(458) Pause Young (Concurrent Start) (G1 Evacuation Pause)
[2024-02-23T10:41:22.322+0000][4616][gc,task     ] GC(458) Using 8 workers of 8 for evacuation
[2024-02-23T10:41:22.322+0000][4616][gc,age      ] GC(458) Desired survivor size 100663296 bytes, new threshold 15 (max threshold 15)
[2024-02-23T10:41:22.467+0000][4616][gc,phases   ] GC(458)   Pre Evacuate Collection Set: 46.9ms
[2024-02-23T10:41:22.467+0000][4616][gc,phases   ] GC(458)   Merge Heap Roots: 0.2ms
[2024-02-23T10:41:22.467+0000][4616][gc,phases   ] GC(458)   Evacuate Collection Set: 49.7ms
[2024-02-23T10:41:22.467+0000][4616][gc,phases   ] GC(458)   Post Evacuate Collection Set: 0.9ms
[2024-02-23T10:41:22.467+0000][4616][gc,phases   ] GC(458)   Other: 52.3ms
[2024-02-23T10:41:22.467+0000][4616][gc,age      ] GC(458) Age table with threshold 15 (max threshold 15)
[2024-02-23T10:41:22.467+0000][4616][gc,age      ] GC(458) - age   1:   48546032 bytes,   48546032 total
[2024-02-23T10:41:22.467+0000][4616][gc,age      ] GC(458) - age   2:   32086784 bytes,   80632816 total
[2024-02-23T10:41:22.467+0000][4616][gc,heap     ] GC(458) Eden regions: 371->0(143)
[2024-02-23T10:41:22.467+0000][4616][gc,heap     ] GC(458) Survivor regions: 11->21(48)
[2024-02-23T10:41:22.467+0000][4616][gc,heap     ] GC(458) Old regions: 219->219
[2024-02-23T10:41:22.467+0000][4616][gc,heap     ] GC(458) Archive regions: 0->0
[2024-02-23T10:41:22.467+0000][4616][gc,heap     ] GC(458) Humongous regions: 5->5
[2024-02-23T10:41:22.467+0000][4616][gc,metaspace] GC(458) Metaspace: 131962K(137088K)->131962K(137088K) NonClass: 114973K(117824K)->114973K(117824K) Class: 16989K(19264K)->16989K(19264K)
[2024-02-23T10:41:22.467+0000][4616][gc          ] GC(458) Pause Young (Concurrent Start) (G1 Evacuation Pause) 2419M->975M(4040M) 150.256ms
[2024-02-23T10:41:22.467+0000][4616][gc,cpu      ] GC(458) User=0.03s Sys=0.00s Real=0.14s
[2024-02-23T10:41:22.467+0000][4616][gc          ] GC(459) Concurrent Mark Cycle
[2024-02-23T10:41:22.467+0000][4616][gc,marking  ] GC(459) Concurrent Clear Claimed Marks
[2024-02-23T10:41:22.467+0000][4616][safepoint   ] Safepoint "G1CollectForAllocation", Time since last: 11465933100 ns, Reaching safepoint: 127200 ns, At safepoint: 150826200 ns, Total: 150953400 ns
[2024-02-23T10:41:22.467+0000][4616][gc,marking  ] GC(459) Concurrent Clear Claimed Marks 0.240ms
[2024-02-23T10:41:22.467+0000][4616][gc,marking  ] GC(459) Concurrent Scan Root Regions
[2024-02-23T10:41:22.675+0000][4616][gc,marking  ] GC(459) Concurrent Scan Root Regions 194.865ms
[2024-02-23T10:41:22.675+0000][4616][gc,marking  ] GC(459) Concurrent Mark
[2024-02-23T10:41:22.675+0000][4616][gc,marking  ] GC(459) Concurrent Mark From Roots
[2024-02-23T10:41:22.675+0000][4616][gc,task     ] GC(459) Using 2 workers of 2 for marking
[2024-02-23T10:41:23.562+0000][4616][gc,marking  ] GC(459) Concurrent Mark From Roots 891.818ms
[2024-02-23T10:41:23.562+0000][4616][gc,marking  ] GC(459) Concurrent Preclean
[2024-02-23T10:41:23.562+0000][4616][gc,marking  ] GC(459) Concurrent Preclean 0.558ms
[2024-02-23T10:41:23.562+0000][4616][gc,start    ] GC(459) Pause Remark
[2024-02-23T10:41:23.615+0000][4616][gc          ] GC(459) Pause Remark 1151M->1143M(4040M) 52.963ms
[2024-02-23T10:41:23.615+0000][4616][gc,cpu      ] GC(459) User=0.08s Sys=0.03s Real=0.05s
[2024-02-23T10:41:23.615+0000][4616][safepoint   ] Safepoint "G1Concurrent", Time since last: 1087719600 ns, Reaching safepoint: 100800 ns, At safepoint: 53166900 ns, Total: 53267700 ns
[2024-02-23T10:41:23.615+0000][4616][gc,marking  ] GC(459) Concurrent Mark 945.852ms
[2024-02-23T10:41:23.615+0000][4616][gc,marking  ] GC(459) Concurrent Rebuild Remembered Sets
[2024-02-23T10:41:23.746+0000][4616][gc,marking  ] GC(459) Concurrent Rebuild Remembered Sets 129.538ms
[2024-02-23T10:41:23.746+0000][4616][gc,start    ] GC(459) Pause Cleanup
[2024-02-23T10:41:23.746+0000][4616][gc          ] GC(459) Pause Cleanup 1153M->1153M(4040M) 0.840ms
[2024-02-23T10:41:23.746+0000][4616][gc,cpu      ] GC(459) User=0.00s Sys=0.00s Real=0.00s
[2024-02-23T10:41:23.746+0000][4616][safepoint   ] Safepoint "G1Concurrent", Time since last: 129729600 ns, Reaching safepoint: 89000 ns, At safepoint: 915200 ns, Total: 1004200 ns
[2024-02-23T10:41:23.746+0000][4616][gc,marking  ] GC(459) Concurrent Cleanup for Next Mark
[2024-02-23T10:41:23.979+0000][4616][gc,marking  ] GC(459) Concurrent Cleanup for Next Mark 234.862ms
[2024-02-23T10:41:23.979+0000][4616][gc          ] GC(459) Concurrent Mark Cycle 1506.881ms
[2024-02-23T10:41:29.191+0000][4616][gc,start    ] GC(460) Pause Young (Prepare Mixed) (G1 Evacuation Pause)
[2024-02-23T10:41:29.191+0000][4616][gc,task     ] GC(460) Using 8 workers of 8 for evacuation
[2024-02-23T10:41:29.191+0000][4616][gc,age      ] GC(460) Desired survivor size 56623104 bytes, new threshold 2 (max threshold 15)
[2024-02-23T10:41:29.270+0000][4616][gc,phases   ] GC(460)   Pre Evacuate Collection Set: 0.2ms
[2024-02-23T10:41:29.270+0000][4616][gc,phases   ] GC(460)   Merge Heap Roots: 0.3ms
[2024-02-23T10:41:29.270+0000][4616][gc,phases   ] GC(460)   Evacuate Collection Set: 77.5ms
[2024-02-23T10:41:29.270+0000][4616][gc,phases   ] GC(460)   Post Evacuate Collection Set: 1.4ms
[2024-02-23T10:41:29.270+0000][4616][gc,phases   ] GC(460)   Other: 0.2ms
[2024-02-23T10:41:29.270+0000][4616][gc,age      ] GC(460) Age table with threshold 2 (max threshold 15)
[2024-02-23T10:41:29.270+0000][4616][gc,age      ] GC(460) - age   1:   27860248 bytes,   27860248 total
[2024-02-23T10:41:29.270+0000][4616][gc,age      ] GC(460) - age   2:   43995160 bytes,   71855408 total
[2024-02-23T10:41:29.270+0000][4616][gc,heap     ] GC(460) Eden regions: 188->0(31)
[2024-02-23T10:41:29.270+0000][4616][gc,heap     ] GC(460) Survivor regions: 21->19(27)
[2024-02-23T10:41:29.270+0000][4616][gc,heap     ] GC(460) Old regions: 219->227
[2024-02-23T10:41:29.270+0000][4616][gc,heap     ] GC(460) Archive regions: 0->0
[2024-02-23T10:41:29.270+0000][4616][gc,heap     ] GC(460) Humongous regions: 3->3
[2024-02-23T10:41:29.271+0000][4616][gc,metaspace] GC(460) Metaspace: 131962K(137088K)->131962K(137088K) NonClass: 114973K(117824K)->114973K(117824K) Class: 16989K(19264K)->16989K(19264K)
[2024-02-23T10:41:29.271+0000][4616][gc          ] GC(460) Pause Young (Prepare Mixed) (G1 Evacuation Pause) 1719M->991M(4040M) 79.932ms
[2024-02-23T10:41:29.271+0000][4616][gc,cpu      ] GC(460) User=0.11s Sys=0.08s Real=0.08s
[2024-02-23T10:41:29.272+0000][4616][safepoint   ] Safepoint "G1CollectForAllocation", Time since last: 5439484500 ns, Reaching safepoint: 96600 ns, At safepoint: 80207800 ns, Total: 80304400 ns
[2024-02-23T10:41:31.082+0000][4616][gc,start    ] GC(461) Pause Young (Mixed) (G1 Evacuation Pause)
[2024-02-23T10:41:31.082+0000][4616][gc,task     ] GC(461) Using 8 workers of 8 for evacuation
[2024-02-23T10:41:31.082+0000][4616][gc,age      ] GC(461) Desired survivor size 14680064 bytes, new threshold 1 (max threshold 15)
[2024-02-23T10:41:31.541+0000][4616][gc,mmu      ] GC(461) MMU target violated: 201.0ms (200.0ms/201.0ms)
[2024-02-23T10:41:31.541+0000][4616][gc,phases   ] GC(461)   Pre Evacuate Collection Set: 0.2ms
[2024-02-23T10:41:31.541+0000][4616][gc,phases   ] GC(461)   Merge Heap Roots: 0.4ms
[2024-02-23T10:41:31.541+0000][4616][gc,phases   ] GC(461)   Evacuate Collection Set: 448.5ms
[2024-02-23T10:41:31.541+0000][4616][gc,phases   ] GC(461)   Post Evacuate Collection Set: 8.3ms
[2024-02-23T10:41:31.541+0000][4616][gc,phases   ] GC(461)   Other: 1.5ms
[2024-02-23T10:41:31.541+0000][4616][gc,age      ] GC(461) Age table with threshold 1 (max threshold 15)
[2024-02-23T10:41:31.541+0000][4616][gc,age      ] GC(461) - age   1:    4917632 bytes,    4917632 total
[2024-02-23T10:41:31.541+0000][4616][gc,heap     ] GC(461) Eden regions: 31->0(47)
[2024-02-23T10:41:31.541+0000][4616][gc,heap     ] GC(461) Survivor regions: 19->3(7)
[2024-02-23T10:41:31.541+0000][4616][gc,heap     ] GC(461) Old regions: 227->195
[2024-02-23T10:41:31.541+0000][4616][gc,heap     ] GC(461) Archive regions: 0->0
[2024-02-23T10:41:31.541+0000][4616][gc,heap     ] GC(461) Humongous regions: 3->3
[2024-02-23T10:41:31.541+0000][4616][gc,metaspace] GC(461) Metaspace: 131962K(137088K)->131962K(137088K) NonClass: 114973K(117824K)->114973K(117824K) Class: 16989K(19264K)->16989K(19264K)
[2024-02-23T10:41:31.541+0000][4616][gc          ] GC(461) Pause Young (Mixed) (G1 Evacuation Pause) 1115M->801M(4040M) 459.470ms
[2024-02-23T10:41:31.541+0000][4616][gc,cpu      ] GC(461) User=0.20s Sys=0.97s Real=0.46s
[2024-02-23T10:41:31.541+0000][4616][safepoint   ] Safepoint "G1CollectForAllocation", Time since last: 1809821700 ns, Reaching safepoint: 118400 ns, At safepoint: 460006200 ns, Total: 460124600 ns
[2024-02-23T10:41:33.114+0000][4616][gc,start    ] GC(462) Pause Young (Mixed) (G1 Evacuation Pause)
[2024-02-23T10:41:33.115+0000][4616][gc,task     ] GC(462) Using 8 workers of 8 for evacuation
[2024-02-23T10:41:33.115+0000][4616][gc,age      ] GC(462) Desired survivor size 14680064 bytes, new threshold 15 (max threshold 15)
[2024-02-23T10:41:33.215+0000][4616][gc,phases   ] GC(462)   Pre Evacuate Collection Set: 0.2ms
[2024-02-23T10:41:33.216+0000][4616][gc,phases   ] GC(462)   Merge Heap Roots: 0.2ms
[2024-02-23T10:41:33.216+0000][4616][gc,phases   ] GC(462)   Evacuate Collection Set: 99.6ms
[2024-02-23T10:41:33.216+0000][4616][gc,phases   ] GC(462)   Post Evacuate Collection Set: 0.9ms
[2024-02-23T10:41:33.216+0000][4616][gc,phases   ] GC(462)   Other: 0.2ms
[2024-02-23T10:41:33.216+0000][4616][gc,age      ] GC(462) Age table with threshold 15 (max threshold 15)
[2024-02-23T10:41:33.216+0000][4616][gc,age      ] GC(462) - age   1:    9069192 bytes,    9069192 total
[2024-02-23T10:41:33.216+0000][4616][gc,age      ] GC(462) - age   2:    4349712 bytes,   13418904 total
[2024-02-23T10:41:33.216+0000][4616][gc,heap     ] GC(462) Eden regions: 47->0(239)
[2024-02-23T10:41:33.216+0000][4616][gc,heap     ] GC(462) Survivor regions: 3->4(7)
[2024-02-23T10:41:33.216+0000][4616][gc,heap     ] GC(462) Old regions: 195->196
[2024-02-23T10:41:33.216+0000][4616][gc,heap     ] GC(462) Archive regions: 0->0
[2024-02-23T10:41:33.216+0000][4616][gc,heap     ] GC(462) Humongous regions: 3->3
[2024-02-23T10:41:33.216+0000][4616][gc,metaspace] GC(462) Metaspace: 131962K(137088K)->131962K(137088K) NonClass: 114973K(117824K)->114973K(117824K) Class: 16989K(19264K)->16989K(19264K)
[2024-02-23T10:41:33.216+0000][4616][gc          ] GC(462) Pause Young (Mixed) (G1 Evacuation Pause) 989M->811M(4040M) 101.574ms
[2024-02-23T10:41:33.216+0000][4616][gc,cpu      ] GC(462) User=0.14s Sys=0.02s Real=0.10s
[2024-02-23T10:41:33.216+0000][4616][safepoint   ] Safepoint "G1CollectForAllocation", Time since last: 1573253600 ns, Reaching safepoint: 98100 ns, At safepoint: 102030500 ns, Total: 102128600 ns
[2024-02-23T10:41:36.244+0000][4616][safepoint   ] Safepoint "Cleanup", Time since last: 3026815800 ns, Reaching safepoint: 179200 ns, At safepoint: 24900 ns, Total: 204100 ns
[2024-02-23T10:41:53.348+0000][4616][safepoint   ] Safepoint "Cleanup", Time since last: 17103628500 ns, Reaching safepoint: 161400 ns, At safepoint: 29800 ns, Total: 191200 ns
[2024-02-23T10:41:54.281+0000][4616][gc,start    ] GC(463) Pause Young (Normal) (G1 Evacuation Pause)
[2024-02-23T10:41:54.281+0000][4616][gc,task     ] GC(463) Using 8 workers of 8 for evacuation
[2024-02-23T10:41:54.281+0000][4616][gc,age      ] GC(463) Desired survivor size 65011712 bytes, new threshold 15 (max threshold 15)
[2024-02-23T10:41:54.294+0000][4616][gc,phases   ] GC(463)   Pre Evacuate Collection Set: 0.3ms
[2024-02-23T10:41:54.294+0000][4616][gc,phases   ] GC(463)   Merge Heap Roots: 0.2ms
[2024-02-23T10:41:54.294+0000][4616][gc,phases   ] GC(463)   Evacuate Collection Set: 10.8ms
[2024-02-23T10:41:54.294+0000][4616][gc,phases   ] GC(463)   Post Evacuate Collection Set: 1.3ms
[2024-02-23T10:41:54.294+0000][4616][gc,phases   ] GC(463)   Other: 0.4ms
[2024-02-23T10:41:54.294+0000][4616][gc,age      ] GC(463) Age table with threshold 15 (max threshold 15)
[2024-02-23T10:41:54.294+0000][4616][gc,age      ] GC(463) - age   1:   31786536 bytes,   31786536 total
[2024-02-23T10:41:54.294+0000][4616][gc,age      ] GC(463) - age   2:    8012488 bytes,   39799024 total
[2024-02-23T10:41:54.294+0000][4616][gc,age      ] GC(463) - age   3:    3721072 bytes,   43520096 total
[2024-02-23T10:41:54.294+0000][4616][gc,heap     ] GC(463) Eden regions: 239->0(219)
[2024-02-23T10:41:54.294+0000][4616][gc,heap     ] GC(463) Survivor regions: 4->11(31)
[2024-02-23T10:41:54.294+0000][4616][gc,heap     ] GC(463) Old regions: 196->196
[2024-02-23T10:41:54.294+0000][4616][gc,heap     ] GC(463) Archive regions: 0->0
[2024-02-23T10:41:54.294+0000][4616][gc,heap     ] GC(463) Humongous regions: 3->3
[2024-02-23T10:41:54.294+0000][4616][gc,metaspace] GC(463) Metaspace: 131963K(137088K)->131963K(137088K) NonClass: 114973K(117824K)->114973K(117824K) Class: 16989K(19264K)->16989K(19264K)
[2024-02-23T10:41:54.294+0000][4616][gc          ] GC(463) Pause Young (Normal) (G1 Evacuation Pause) 1767M->839M(4040M) 13.510ms
[2024-02-23T10:41:54.294+0000][4616][gc,cpu      ] GC(463) User=0.12s Sys=0.00s Real=0.01s
[2024-02-23T10:41:54.294+0000][4616][safepoint   ] Safepoint "G1CollectForAllocation", Time since last: 932670800 ns, Reaching safepoint: 357100 ns, At safepoint: 13701000 ns, Total: 14058100 ns
[2024-02-23T10:42:08.412+0000][4616][safepoint   ] Safepoint "Cleanup", Time since last: 14117708500 ns, Reaching safepoint: 108700 ns, At safepoint: 55700 ns, Total: 164400 ns
[2024-02-23T10:42:10.413+0000][4616][safepoint   ] Safepoint "Cleanup", Time since last: 2000624300 ns, Reaching safepoint: 205600 ns, At safepoint: 30200 ns, Total: 235800 ns
[2024-02-23T10:42:23.159+0000][4616][gc,start    ] GC(464) Pause Young (Normal) (G1 Evacuation Pause)
[2024-02-23T10:42:23.159+0000][4616][gc,task     ] GC(464) Using 8 workers of 8 for evacuation
[2024-02-23T10:42:23.159+0000][4616][gc,age      ] GC(464) Desired survivor size 60817408 bytes, new threshold 15 (max threshold 15)
[2024-02-23T10:42:23.190+0000][4616][gc,phases   ] GC(464)   Pre Evacuate Collection Set: 0.5ms
[2024-02-23T10:42:23.191+0000][4616][gc,phases   ] GC(464)   Merge Heap Roots: 0.4ms
[2024-02-23T10:42:23.191+0000][4616][gc,phases   ] GC(464)   Evacuate Collection Set: 26.5ms
[2024-02-23T10:42:23.191+0000][4616][gc,phases   ] GC(464)   Post Evacuate Collection Set: 3.1ms
[2024-02-23T10:42:23.191+0000][4616][gc,phases   ] GC(464)   Other: 0.7ms
[2024-02-23T10:42:23.191+0000][4616][gc,age      ] GC(464) Age table with threshold 15 (max threshold 15)
[2024-02-23T10:42:23.191+0000][4616][gc,age      ] GC(464) - age   1:   33496896 bytes,   33496896 total
[2024-02-23T10:42:23.191+0000][4616][gc,age      ] GC(464) - age   2:   26788336 bytes,   60285232 total
[2024-02-23T10:42:23.191+0000][4616][gc,age      ] GC(464) - age   3:    7714672 bytes,   67999904 total
[2024-02-23T10:42:23.191+0000][4616][gc,age      ] GC(464) - age   4:    3666000 bytes,   71665904 total
[2024-02-23T10:42:23.191+0000][4616][gc,heap     ] GC(464) Eden regions: 219->0(204)
[2024-02-23T10:42:23.192+0000][4616][gc,heap     ] GC(464) Survivor regions: 11->18(29)
[2024-02-23T10:42:23.192+0000][4616][gc,heap     ] GC(464) Old regions: 196->196
[2024-02-23T10:42:23.192+0000][4616][gc,heap     ] GC(464) Archive regions: 0->0
[2024-02-23T10:42:23.192+0000][4616][gc,heap     ] GC(464) Humongous regions: 3->3
[2024-02-23T10:42:23.192+0000][4616][gc,metaspace] GC(464) Metaspace: 131963K(137088K)->131963K(137088K) NonClass: 114973K(117824K)->114973K(117824K) Class: 16989K(19264K)->16989K(19264K)
[2024-02-23T10:42:23.192+0000][4616][gc          ] GC(464) Pause Young (Normal) (G1 Evacuation Pause) 1715M->866M(4040M) 32.754ms
[2024-02-23T10:42:23.192+0000][4616][gc,cpu      ] GC(464) User=0.19s Sys=0.00s Real=0.03s
[2024-02-23T10:42:23.192+0000][4616][safepoint   ] Safepoint "G1CollectForAllocation", Time since last: 12385555800 ns, Reaching safepoint: 360417000 ns, At safepoint: 33463300 ns, Total: 393880300 ns
[2024-02-23T10:42:30.932+0000][4616][gc,start    ] GC(465) Pause Young (Normal) (G1 Evacuation Pause)
[2024-02-23T10:42:30.932+0000][4616][gc,task     ] GC(465) Using 8 workers of 8 for evacuation
[2024-02-23T10:42:30.932+0000][4616][gc,age      ] GC(465) Desired survivor size 58720256 bytes, new threshold 2 (max threshold 15)
[2024-02-23T10:42:31.048+0000][4616][gc,phases   ] GC(465)   Pre Evacuate Collection Set: 0.2ms
[2024-02-23T10:42:31.048+0000][4616][gc,phases   ] GC(465)   Merge Heap Roots: 0.3ms
[2024-02-23T10:42:31.048+0000][4616][gc,phases   ] GC(465)   Evacuate Collection Set: 111.5ms
[2024-02-23T10:42:31.048+0000][4616][gc,phases   ] GC(465)   Post Evacuate Collection Set: 1.2ms
[2024-02-23T10:42:31.048+0000][4616][gc,phases   ] GC(465)   Other: 1.1ms
[2024-02-23T10:42:31.048+0000][4616][gc,age      ] GC(465) Age table with threshold 2 (max threshold 15)
[2024-02-23T10:42:31.048+0000][4616][gc,age      ] GC(465) - age   1:   36127440 bytes,   36127440 total
[2024-02-23T10:42:31.048+0000][4616][gc,age      ] GC(465) - age   2:   30340104 bytes,   66467544 total
[2024-02-23T10:42:31.048+0000][4616][gc,heap     ] GC(465) Eden regions: 204->0(243)
[2024-02-23T10:42:31.048+0000][4616][gc,heap     ] GC(465) Survivor regions: 18->17(28)
[2024-02-23T10:42:31.048+0000][4616][gc,heap     ] GC(465) Old regions: 196->205
[2024-02-23T10:42:31.048+0000][4616][gc,heap     ] GC(465) Archive regions: 0->0
[2024-02-23T10:42:31.048+0000][4616][gc,heap     ] GC(465) Humongous regions: 4->4
[2024-02-23T10:42:31.048+0000][4616][gc,metaspace] GC(465) Metaspace: 131963K(137088K)->131963K(137088K) NonClass: 114973K(117824K)->114973K(117824K) Class: 16989K(19264K)->16989K(19264K)
[2024-02-23T10:42:31.048+0000][4616][gc          ] GC(465) Pause Young (Normal) (G1 Evacuation Pause) 1686M->900M(4040M) 114.835ms
[2024-02-23T10:42:31.048+0000][4616][gc,cpu      ] GC(465) User=0.06s Sys=0.12s Real=0.12s
[2024-02-23T10:42:31.048+0000][4616][safepoint   ] Safepoint "G1CollectForAllocation", Time since last: 7743632400 ns, Reaching safepoint: 106000 ns, At safepoint: 115109200 ns, Total: 115215200 ns
[2024-02-23T10:42:57.531+0000][4616][gc,start    ] GC(466) Pause Young (Normal) (G1 Evacuation Pause)
[2024-02-23T10:42:57.531+0000][4616][gc,task     ] GC(466) Using 8 workers of 8 for evacuation
[2024-02-23T10:42:57.531+0000][4616][gc,age      ] GC(466) Desired survivor size 69206016 bytes, new threshold 15 (max threshold 15)
[2024-02-23T10:42:57.555+0000][4616][gc,phases   ] GC(466)   Pre Evacuate Collection Set: 0.2ms
[2024-02-23T10:42:57.555+0000][4616][gc,phases   ] GC(466)   Merge Heap Roots: 0.2ms
[2024-02-23T10:42:57.555+0000][4616][gc,phases   ] GC(466)   Evacuate Collection Set: 19.3ms
[2024-02-23T10:42:57.555+0000][4616][gc,phases   ] GC(466)   Post Evacuate Collection Set: 0.9ms
[2024-02-23T10:42:57.555+0000][4616][gc,phases   ] GC(466)   Other: 0.2ms
[2024-02-23T10:42:57.555+0000][4616][gc,age      ] GC(466) Age table with threshold 15 (max threshold 15)
[2024-02-23T10:42:57.555+0000][4616][gc,age      ] GC(466) - age   1:   32208704 bytes,   32208704 total
[2024-02-23T10:42:57.555+0000][4616][gc,age      ] GC(466) - age   2:   32919856 bytes,   65128560 total
[2024-02-23T10:42:57.555+0000][4616][gc,age      ] GC(466) - age   3:   27879552 bytes,   93008112 total
[2024-02-23T10:42:57.556+0000][4616][gc,heap     ] GC(466) Eden regions: 243->0(303)
[2024-02-23T10:42:57.556+0000][4616][gc,heap     ] GC(466) Survivor regions: 17->24(33)
[2024-02-23T10:42:57.556+0000][4616][gc,heap     ] GC(466) Old regions: 205->205
[2024-02-23T10:42:57.556+0000][4616][gc,heap     ] GC(466) Archive regions: 0->0
[2024-02-23T10:42:57.556+0000][4616][gc,heap     ] GC(466) Humongous regions: 4->4
[2024-02-23T10:42:57.556+0000][4616][gc,metaspace] GC(466) Metaspace: 131963K(137088K)->131963K(137088K) NonClass: 114973K(117824K)->114973K(117824K) Class: 16989K(19264K)->16989K(19264K)
[2024-02-23T10:42:57.556+0000][4616][gc          ] GC(466) Pause Young (Normal) (G1 Evacuation Pause) 1872M->927M(4040M) 22.291ms
[2024-02-23T10:42:57.556+0000][4616][gc,cpu      ] GC(466) User=0.16s Sys=0.03s Real=0.03s
[2024-02-23T10:42:57.556+0000][4616][safepoint   ] Safepoint "G1CollectForAllocation", Time since last: 26482605600 ns, Reaching safepoint: 256000 ns, At safepoint: 22489300 ns, Total: 22745300 ns
[2024-02-23T10:43:03.408+0000][4616][gc,start    ] GC(467) Pause Young (Concurrent Start) (G1 Humongous Allocation)
[2024-02-23T10:43:03.408+0000][4616][gc,task     ] GC(467) Using 8 workers of 8 for evacuation
[2024-02-23T10:43:03.408+0000][4616][gc,age      ] GC(467) Desired survivor size 85983232 bytes, new threshold 3 (max threshold 15)
[2024-02-23T10:43:03.557+0000][4616][gc,phases   ] GC(467)   Pre Evacuate Collection Set: 2.5ms
[2024-02-23T10:43:03.557+0000][4616][gc,phases   ] GC(467)   Merge Heap Roots: 0.3ms
[2024-02-23T10:43:03.557+0000][4616][gc,phases   ] GC(467)   Evacuate Collection Set: 118.3ms
[2024-02-23T10:43:03.557+0000][4616][gc,phases   ] GC(467)   Post Evacuate Collection Set: 1.7ms
[2024-02-23T10:43:03.557+0000][4616][gc,phases   ] GC(467)   Other: 36.2ms
[2024-02-23T10:43:03.557+0000][4616][gc,age      ] GC(467) Age table with threshold 3 (max threshold 15)
[2024-02-23T10:43:03.557+0000][4616][gc,age      ] GC(467) - age   1:   23409664 bytes,   23409664 total
[2024-02-23T10:43:03.557+0000][4616][gc,age      ] GC(467) - age   2:   28528832 bytes,   51938496 total
[2024-02-23T10:43:03.557+0000][4616][gc,age      ] GC(467) - age   3:   29870344 bytes,   81808840 total
[2024-02-23T10:43:03.557+0000][4616][gc,heap     ] GC(467) Eden regions: 170->0(259)
[2024-02-23T10:43:03.557+0000][4616][gc,heap     ] GC(467) Survivor regions: 24->21(41)
[2024-02-23T10:43:03.557+0000][4616][gc,heap     ] GC(467) Old regions: 205->211
[2024-02-23T10:43:03.557+0000][4616][gc,heap     ] GC(467) Archive regions: 0->0
[2024-02-23T10:43:03.557+0000][4616][gc,heap     ] GC(467) Humongous regions: 4->4
[2024-02-23T10:43:03.557+0000][4616][gc,metaspace] GC(467) Metaspace: 131963K(137088K)->131963K(137088K) NonClass: 114973K(117824K)->114973K(117824K) Class: 16989K(19264K)->16989K(19264K)
[2024-02-23T10:43:03.557+0000][4616][gc          ] GC(467) Pause Young (Concurrent Start) (G1 Humongous Allocation) 1607M->943M(4040M) 160.240ms
[2024-02-23T10:43:03.557+0000][4616][gc,cpu      ] GC(467) User=0.11s Sys=0.38s Real=0.15s
[2024-02-23T10:43:03.557+0000][4616][gc          ] GC(468) Concurrent Mark Cycle
[2024-02-23T10:43:03.557+0000][4616][gc,marking  ] GC(468) Concurrent Clear Claimed Marks
[2024-02-23T10:43:03.557+0000][4616][safepoint   ] Safepoint "G1TryInitiateConcMark", Time since last: 5836837500 ns, Reaching safepoint: 14675900 ns, At safepoint: 160786100 ns, Total: 175462000 ns
[2024-02-23T10:43:03.557+0000][4616][gc,marking  ] GC(468) Concurrent Clear Claimed Marks 0.255ms
[2024-02-23T10:43:03.557+0000][4616][gc,marking  ] GC(468) Concurrent Scan Root Regions
[2024-02-23T10:43:03.901+0000][4616][gc,marking  ] GC(468) Concurrent Scan Root Regions 334.408ms
[2024-02-23T10:43:03.901+0000][4616][gc,marking  ] GC(468) Concurrent Mark
[2024-02-23T10:43:03.901+0000][4616][gc,marking  ] GC(468) Concurrent Mark From Roots
[2024-02-23T10:43:03.901+0000][4616][gc,task     ] GC(468) Using 2 workers of 2 for marking
[2024-02-23T10:43:05.105+0000][4616][gc,marking  ] GC(468) Concurrent Mark From Roots 1201.282ms
[2024-02-23T10:43:05.105+0000][4616][gc,marking  ] GC(468) Concurrent Preclean
[2024-02-23T10:43:05.105+0000][4616][gc,marking  ] GC(468) Concurrent Preclean 0.780ms
[2024-02-23T10:43:05.106+0000][4616][gc,start    ] GC(468) Pause Remark
[2024-02-23T10:43:06.188+0000][4616][gc,mmu      ] GC(468) MMU target violated: 201.0ms (200.0ms/201.0ms)
[2024-02-23T10:43:06.188+0000][4616][gc          ] GC(468) Pause Remark 1146M->1134M(4040M) 1081.820ms
[2024-02-23T10:43:06.188+0000][4616][gc,cpu      ] GC(468) User=0.30s Sys=0.62s Real=1.08s
[2024-02-23T10:43:06.188+0000][4616][safepoint   ] Safepoint "G1Concurrent", Time since last: 1537008500 ns, Reaching safepoint: 59800 ns, At safepoint: 1082768800 ns, Total: 1082828600 ns
[2024-02-23T10:43:06.188+0000][4616][gc,marking  ] GC(468) Concurrent Mark 2285.218ms
[2024-02-23T10:43:06.188+0000][4616][gc,marking  ] GC(468) Concurrent Rebuild Remembered Sets
[2024-02-23T10:43:07.279+0000][4616][gc,marking  ] GC(468) Concurrent Rebuild Remembered Sets 1090.261ms
[2024-02-23T10:43:07.279+0000][4616][gc,start    ] GC(468) Pause Cleanup
[2024-02-23T10:43:07.280+0000][4616][gc          ] GC(468) Pause Cleanup 1270M->1270M(4040M) 1.019ms
[2024-02-23T10:43:07.280+0000][4616][gc,cpu      ] GC(468) User=0.00s Sys=0.00s Real=0.00s
[2024-02-23T10:43:07.280+0000][4616][safepoint   ] Safepoint "G1Concurrent", Time since last: 1090631500 ns, Reaching safepoint: 39200 ns, At safepoint: 1113100 ns, Total: 1152300 ns
[2024-02-23T10:43:07.280+0000][4616][gc,marking  ] GC(468) Concurrent Cleanup for Next Mark
[2024-02-23T10:43:07.318+0000][4616][gc,marking  ] GC(468) Concurrent Cleanup for Next Mark 37.354ms
[2024-02-23T10:43:07.318+0000][4616][gc          ] GC(468) Concurrent Mark Cycle 3749.213ms
[2024-02-23T10:43:11.300+0000][4616][safepoint   ] Safepoint "Cleanup", Time since last: 4019021000 ns, Reaching safepoint: 77900 ns, At safepoint: 13100 ns, Total: 91000 ns
[2024-02-23T10:43:15.782+0000][4616][gc,start    ] GC(469) Pause Young (Prepare Mixed) (G1 Evacuation Pause)
[2024-02-23T10:43:15.782+0000][4616][gc,task     ] GC(469) Using 8 workers of 8 for evacuation
[2024-02-23T10:43:15.782+0000][4616][gc,age      ] GC(469) Desired survivor size 102760448 bytes, new threshold 15 (max threshold 15)
[2024-02-23T10:43:15.816+0000][4616][gc,phases   ] GC(469)   Pre Evacuate Collection Set: 1.2ms
[2024-02-23T10:43:15.816+0000][4616][gc,phases   ] GC(469)   Merge Heap Roots: 0.3ms
[2024-02-23T10:43:15.816+0000][4616][gc,phases   ] GC(469)   Evacuate Collection Set: 26.2ms
[2024-02-23T10:43:15.816+0000][4616][gc,phases   ] GC(469)   Post Evacuate Collection Set: 1.7ms
[2024-02-23T10:43:15.816+0000][4616][gc,phases   ] GC(469)   Other: 0.3ms
[2024-02-23T10:43:15.816+0000][4616][gc,age      ] GC(469) Age table with threshold 15 (max threshold 15)
[2024-02-23T10:43:15.816+0000][4616][gc,age      ] GC(469) - age   1:   65189952 bytes,   65189952 total
[2024-02-23T10:43:15.817+0000][4616][gc,age      ] GC(469) - age   2:   18961016 bytes,   84150968 total
[2024-02-23T10:43:15.817+0000][4616][gc,age      ] GC(469) - age   3:   24346560 bytes,  108497528 total
[2024-02-23T10:43:15.817+0000][4616][gc,age      ] GC(469) - age   4:   22556936 bytes,  131054464 total
[2024-02-23T10:43:15.817+0000][4616][gc,heap     ] GC(469) Eden regions: 365->0(17)
[2024-02-23T10:43:15.817+0000][4616][gc,heap     ] GC(469) Survivor regions: 21->33(49)
[2024-02-23T10:43:15.817+0000][4616][gc,heap     ] GC(469) Old regions: 210->210
[2024-02-23T10:43:15.817+0000][4616][gc,heap     ] GC(469) Archive regions: 0->0
[2024-02-23T10:43:15.817+0000][4616][gc,heap     ] GC(469) Humongous regions: 4->4
[2024-02-23T10:43:15.817+0000][4616][gc,metaspace] GC(469) Metaspace: 131951K(137088K)->131951K(137088K) NonClass: 114964K(117824K)->114964K(117824K) Class: 16986K(19264K)->16986K(19264K)
[2024-02-23T10:43:15.817+0000][4616][gc          ] GC(469) Pause Young (Prepare Mixed) (G1 Evacuation Pause) 2399M->985M(4040M) 30.238ms
[2024-02-23T10:43:15.817+0000][4616][gc,cpu      ] GC(469) User=0.25s Sys=0.00s Real=0.03s
[2024-02-23T10:43:15.817+0000][4616][safepoint   ] Safepoint "G1CollectForAllocation", Time since last: 4486682200 ns, Reaching safepoint: 131100 ns, At safepoint: 30364600 ns, Total: 30495700 ns
[2024-02-23T10:43:16.102+0000][4616][gc,start    ] GC(470) Pause Young (Mixed) (G1 Evacuation Pause)
[2024-02-23T10:43:16.102+0000][4616][gc,task     ] GC(470) Using 8 workers of 8 for evacuation
[2024-02-23T10:43:16.102+0000][4616][gc,age      ] GC(470) Desired survivor size 14680064 bytes, new threshold 1 (max threshold 15)
[2024-02-23T10:43:16.822+0000][4616][gc,mmu      ] GC(470) MMU target violated: 201.0ms (200.0ms/201.0ms)
[2024-02-23T10:43:16.822+0000][4616][gc,phases   ] GC(470)   Pre Evacuate Collection Set: 0.2ms
[2024-02-23T10:43:16.822+0000][4616][gc,phases   ] GC(470)   Merge Heap Roots: 0.3ms
[2024-02-23T10:43:16.822+0000][4616][gc,phases   ] GC(470)   Evacuate Collection Set: 731.6ms
[2024-02-23T10:43:16.822+0000][4616][gc,phases   ] GC(470)   Post Evacuate Collection Set: 1.0ms
[2024-02-23T10:43:16.822+0000][4616][gc,phases   ] GC(470)   Other: 0.3ms
[2024-02-23T10:43:16.822+0000][4616][gc,age      ] GC(470) Age table with threshold 1 (max threshold 15)
[2024-02-23T10:43:16.822+0000][4616][gc,age      ] GC(470) - age   1:    1988424 bytes,    1988424 total
[2024-02-23T10:43:16.822+0000][4616][gc,heap     ] GC(470) Eden regions: 17->0(305)
[2024-02-23T10:43:16.822+0000][4616][gc,heap     ] GC(470) Survivor regions: 33->4(7)
[2024-02-23T10:43:16.822+0000][4616][gc,heap     ] GC(470) Old regions: 210->199
[2024-02-23T10:43:16.822+0000][4616][gc,heap     ] GC(470) Archive regions: 0->0
[2024-02-23T10:43:16.822+0000][4616][gc,heap     ] GC(470) Humongous regions: 4->4
[2024-02-23T10:43:16.822+0000][4616][gc,metaspace] GC(470) Metaspace: 131951K(137088K)->131951K(137088K) NonClass: 114964K(117824K)->114964K(117824K) Class: 16986K(19264K)->16986K(19264K)
[2024-02-23T10:43:16.822+0000][4616][gc          ] GC(470) Pause Young (Mixed) (G1 Evacuation Pause) 1053M->826M(4040M) 733.784ms
[2024-02-23T10:43:16.822+0000][4616][gc,cpu      ] GC(470) User=0.19s Sys=0.94s Real=0.72s
[2024-02-23T10:43:16.840+0000][4616][safepoint   ] Safepoint "G1CollectForAllocation", Time since last: 285036300 ns, Reaching safepoint: 183800 ns, At safepoint: 738522400 ns, Total: 738706200 ns
[2024-02-23T10:43:21.877+0000][4616][safepoint   ] Safepoint "Cleanup", Time since last: 5036103500 ns, Reaching safepoint: 84000 ns, At safepoint: 59800 ns, Total: 143800 ns
[2024-02-23T10:43:45.810+0000][4616][gc,start    ] GC(471) Pause Young (Normal) (G1 Evacuation Pause)
[2024-02-23T10:43:45.810+0000][4616][gc,task     ] GC(471) Using 8 workers of 8 for evacuation
[2024-02-23T10:43:45.810+0000][4616][gc,age      ] GC(471) Desired survivor size 81788928 bytes, new threshold 15 (max threshold 15)
[2024-02-23T10:43:45.825+0000][4616][gc,phases   ] GC(471)   Pre Evacuate Collection Set: 0.2ms
[2024-02-23T10:43:45.825+0000][4616][gc,phases   ] GC(471)   Merge Heap Roots: 0.2ms
[2024-02-23T10:43:45.825+0000][4616][gc,phases   ] GC(471)   Evacuate Collection Set: 13.2ms
[2024-02-23T10:43:45.825+0000][4616][gc,phases   ] GC(471)   Post Evacuate Collection Set: 0.9ms
[2024-02-23T10:43:45.825+0000][4616][gc,phases   ] GC(471)   Other: 0.8ms
[2024-02-23T10:43:45.825+0000][4616][gc,age      ] GC(471) Age table with threshold 15 (max threshold 15)
[2024-02-23T10:43:45.825+0000][4616][gc,age      ] GC(471) - age   1:   48143224 bytes,   48143224 total
[2024-02-23T10:43:45.825+0000][4616][gc,age      ] GC(471) - age   2:     812384 bytes,   48955608 total
[2024-02-23T10:43:45.825+0000][4616][gc,heap     ] GC(471) Eden regions: 305->0(242)
[2024-02-23T10:43:45.825+0000][4616][gc,heap     ] GC(471) Survivor regions: 4->13(39)
[2024-02-23T10:43:45.825+0000][4616][gc,heap     ] GC(471) Old regions: 199->199
[2024-02-23T10:43:45.825+0000][4616][gc,heap     ] GC(471) Archive regions: 0->0
[2024-02-23T10:43:45.825+0000][4616][gc,heap     ] GC(471) Humongous regions: 4->4
[2024-02-23T10:43:45.825+0000][4616][gc,metaspace] GC(471) Metaspace: 131966K(137088K)->131966K(137088K) NonClass: 114979K(117824K)->114979K(117824K) Class: 16986K(19264K)->16986K(19264K)
[2024-02-23T10:43:45.825+0000][4616][gc          ] GC(471) Pause Young (Normal) (G1 Evacuation Pause) 2046M->861M(4040M) 15.703ms
[2024-02-23T10:43:45.825+0000][4616][gc,cpu      ] GC(471) User=0.03s Sys=0.00s Real=0.02s
[2024-02-23T10:43:45.825+0000][4616][safepoint   ] Safepoint "G1CollectForAllocation", Time since last: 23933086700 ns, Reaching safepoint: 88000 ns, At safepoint: 15858900 ns, Total: 15946900 ns
[2024-02-23T10:43:50.863+0000][4616][safepoint   ] Safepoint "Cleanup", Time since last: 5037378700 ns, Reaching safepoint: 382200 ns, At safepoint: 61900 ns, Total: 444100 ns
[2024-02-23T10:43:52.436+0000][4616][gc,start    ] GC(472) Pause Young (Normal) (G1 Evacuation Pause)
[2024-02-23T10:43:52.436+0000][4616][gc,task     ] GC(472) Using 8 workers of 8 for evacuation
[2024-02-23T10:43:52.436+0000][4616][gc,age      ] GC(472) Desired survivor size 67108864 bytes, new threshold 15 (max threshold 15)
[2024-02-23T10:43:52.459+0000][4616][gc,phases   ] GC(472)   Pre Evacuate Collection Set: 0.2ms
[2024-02-23T10:43:52.459+0000][4616][gc,phases   ] GC(472)   Merge Heap Roots: 0.2ms
[2024-02-23T10:43:52.459+0000][4616][gc,phases   ] GC(472)   Evacuate Collection Set: 17.7ms
[2024-02-23T10:43:52.459+0000][4616][gc,phases   ] GC(472)   Post Evacuate Collection Set: 1.3ms
[2024-02-23T10:43:52.459+0000][4616][gc,phases   ] GC(472)   Other: 0.4ms
[2024-02-23T10:43:52.459+0000][4616][gc,age      ] GC(472) Age table with threshold 15 (max threshold 15)
[2024-02-23T10:43:52.459+0000][4616][gc,age      ] GC(472) - age   1:   27495680 bytes,   27495680 total
[2024-02-23T10:43:52.459+0000][4616][gc,age      ] GC(472) - age   2:   43000496 bytes,   70496176 total
[2024-02-23T10:43:52.459+0000][4616][gc,age      ] GC(472) - age   3:     334480 bytes,   70830656 total
[2024-02-23T10:43:52.459+0000][4616][gc,heap     ] GC(472) Eden regions: 242->0(308)
[2024-02-23T10:43:52.459+0000][4616][gc,heap     ] GC(472) Survivor regions: 13->19(32)
[2024-02-23T10:43:52.459+0000][4616][gc,heap     ] GC(472) Old regions: 199->199
[2024-02-23T10:43:52.459+0000][4616][gc,heap     ] GC(472) Archive regions: 0->0
[2024-02-23T10:43:52.459+0000][4616][gc,heap     ] GC(472) Humongous regions: 5->5
[2024-02-23T10:43:52.459+0000][4616][gc,metaspace] GC(472) Metaspace: 131966K(137088K)->131966K(137088K) NonClass: 114979K(117824K)->114979K(117824K) Class: 16986K(19264K)->16986K(19264K)
[2024-02-23T10:43:52.459+0000][4616][gc          ] GC(472) Pause Young (Normal) (G1 Evacuation Pause) 1833M->887M(4040M) 20.325ms
[2024-02-23T10:43:52.459+0000][4616][gc,cpu      ] GC(472) User=0.09s Sys=0.02s Real=0.02s
[2024-02-23T10:43:52.459+0000][4616][safepoint   ] Safepoint "G1CollectForAllocation", Time since last: 1576122000 ns, Reaching safepoint: 95800 ns, At safepoint: 20497400 ns, Total: 20593200 ns
[2024-02-23T10:43:54.504+0000][4616][safepoint   ] Safepoint "Cleanup", Time since last: 2008327000 ns, Reaching safepoint: 35172000 ns, At safepoint: 103600 ns, Total: 35275600 ns
[2024-02-23T10:43:59.283+0000][4616][gc,start    ] GC(473) Pause Young (Concurrent Start) (G1 Humongous Allocation)
[2024-02-23T10:43:59.283+0000][4616][gc,task     ] GC(473) Using 8 workers of 8 for evacuation
[2024-02-23T10:43:59.283+0000][4616][gc,age      ] GC(473) Desired survivor size 85983232 bytes, new threshold 15 (max threshold 15)
[2024-02-23T10:43:59.311+0000][4616][gc,phases   ] GC(473)   Pre Evacuate Collection Set: 0.4ms
[2024-02-23T10:43:59.311+0000][4616][gc,phases   ] GC(473)   Merge Heap Roots: 0.1ms
[2024-02-23T10:43:59.311+0000][4616][gc,phases   ] GC(473)   Evacuate Collection Set: 24.7ms
[2024-02-23T10:43:59.311+0000][4616][gc,phases   ] GC(473)   Post Evacuate Collection Set: 1.0ms
[2024-02-23T10:43:59.311+0000][4616][gc,phases   ] GC(473)   Other: 0.8ms
[2024-02-23T10:43:59.311+0000][4616][gc,age      ] GC(473) Age table with threshold 15 (max threshold 15)
[2024-02-23T10:43:59.311+0000][4616][gc,age      ] GC(473) - age   1:   42796864 bytes,   42796864 total
[2024-02-23T10:43:59.311+0000][4616][gc,age      ] GC(473) - age   2:   24338448 bytes,   67135312 total
[2024-02-23T10:43:59.311+0000][4616][gc,age      ] GC(473) - age   3:   38438640 bytes,  105573952 total
[2024-02-23T10:43:59.311+0000][4616][gc,age      ] GC(473) - age   4:     279424 bytes,  105853376 total
[2024-02-23T10:43:59.311+0000][4616][gc,heap     ] GC(473) Eden regions: 196->0(203)
[2024-02-23T10:43:59.311+0000][4616][gc,heap     ] GC(473) Survivor regions: 19->27(41)
[2024-02-23T10:43:59.311+0000][4616][gc,heap     ] GC(473) Old regions: 199->199
[2024-02-23T10:43:59.311+0000][4616][gc,heap     ] GC(473) Archive regions: 0->0
[2024-02-23T10:43:59.311+0000][4616][gc,heap     ] GC(473) Humongous regions: 5->5
[2024-02-23T10:43:59.311+0000][4616][gc,metaspace] GC(473) Metaspace: 131966K(137088K)->131966K(137088K) NonClass: 114980K(117824K)->114980K(117824K) Class: 16986K(19264K)->16986K(19264K)
[2024-02-23T10:43:59.311+0000][4616][gc          ] GC(473) Pause Young (Concurrent Start) (G1 Humongous Allocation) 1669M->920M(4040M) 27.770ms
[2024-02-23T10:43:59.312+0000][4616][gc,cpu      ] GC(473) User=0.16s Sys=0.03s Real=0.03s
[2024-02-23T10:43:59.312+0000][4616][gc          ] GC(474) Concurrent Mark Cycle
[2024-02-23T10:43:59.312+0000][4616][gc,marking  ] GC(474) Concurrent Clear Claimed Marks
[2024-02-23T10:43:59.312+0000][4616][safepoint   ] Safepoint "G1TryInitiateConcMark", Time since last: 4779583200 ns, Reaching safepoint: 88700 ns, At safepoint: 27998900 ns, Total: 28087600 ns
[2024-02-23T10:43:59.312+0000][4616][gc,marking  ] GC(474) Concurrent Clear Claimed Marks 0.174ms
[2024-02-23T10:43:59.312+0000][4616][gc,marking  ] GC(474) Concurrent Scan Root Regions
[2024-02-23T10:43:59.320+0000][4616][gc,marking  ] GC(474) Concurrent Scan Root Regions 8.701ms
[2024-02-23T10:43:59.320+0000][4616][gc,marking  ] GC(474) Concurrent Mark
[2024-02-23T10:43:59.320+0000][4616][gc,marking  ] GC(474) Concurrent Mark From Roots
[2024-02-23T10:43:59.320+0000][4616][gc,task     ] GC(474) Using 2 workers of 2 for marking
[2024-02-23T10:43:59.566+0000][4616][gc,marking  ] GC(474) Concurrent Mark From Roots 245.383ms
[2024-02-23T10:43:59.566+0000][4616][gc,marking  ] GC(474) Concurrent Preclean
[2024-02-23T10:43:59.568+0000][4616][gc,marking  ] GC(474) Concurrent Preclean 1.261ms
[2024-02-23T10:43:59.568+0000][4616][gc,start    ] GC(474) Pause Remark
[2024-02-23T10:43:59.580+0000][4616][gc          ] GC(474) Pause Remark 979M->971M(4040M) 17.216ms
[2024-02-23T10:43:59.580+0000][4616][gc,cpu      ] GC(474) User=0.11s Sys=0.00s Real=0.01s
[2024-02-23T10:43:59.580+0000][4616][safepoint   ] Safepoint "G1Concurrent", Time since last: 255841100 ns, Reaching safepoint: 98300 ns, At safepoint: 17479800 ns, Total: 17578100 ns
[2024-02-23T10:43:59.580+0000][4616][gc,marking  ] GC(474) Concurrent Mark 264.555ms
[2024-02-23T10:43:59.580+0000][4616][gc,marking  ] GC(474) Concurrent Rebuild Remembered Sets
[2024-02-23T10:43:59.754+0000][4616][gc,marking  ] GC(474) Concurrent Rebuild Remembered Sets 169.669ms
[2024-02-23T10:43:59.754+0000][4616][gc,start    ] GC(474) Pause Cleanup
[2024-02-23T10:43:59.756+0000][4616][gc          ] GC(474) Pause Cleanup 994M->994M(4040M) 0.438ms
[2024-02-23T10:43:59.756+0000][4616][gc,cpu      ] GC(474) User=0.00s Sys=0.00s Real=0.00s
[2024-02-23T10:43:59.756+0000][4616][safepoint   ] Safepoint "G1Concurrent", Time since last: 170117800 ns, Reaching safepoint: 93300 ns, At safepoint: 590500 ns, Total: 683800 ns
[2024-02-23T10:43:59.756+0000][4616][gc,marking  ] GC(474) Concurrent Cleanup for Next Mark
[2024-02-23T10:43:59.765+0000][4616][gc,marking  ] GC(474) Concurrent Cleanup for Next Mark 10.807ms
[2024-02-23T10:43:59.765+0000][4616][gc          ] GC(474) Concurrent Mark Cycle 455.312ms
[2024-02-23T10:44:23.944+0000][4616][safepoint   ] Safepoint "Cleanup", Time since last: 24187825900 ns, Reaching safepoint: 200700 ns, At safepoint: 46100 ns, Total: 246800 ns
[2024-02-23T10:44:27.964+0000][4616][safepoint   ] Safepoint "Cleanup", Time since last: 4019495200 ns, Reaching safepoint: 88900 ns, At safepoint: 18300 ns, Total: 107200 ns
[2024-02-23T10:44:29.982+0000][4616][safepoint   ] Safepoint "Cleanup", Time since last: 2018249600 ns, Reaching safepoint: 175100 ns, At safepoint: 35800 ns, Total: 210900 ns
[2024-02-23T10:44:34.795+0000][4616][gc,start    ] GC(475) Pause Young (Prepare Mixed) (G1 Evacuation Pause)
[2024-02-23T10:44:34.795+0000][4616][gc,task     ] GC(475) Using 8 workers of 8 for evacuation
[2024-02-23T10:44:34.795+0000][4616][gc,age      ] GC(475) Desired survivor size 88080384 bytes, new threshold 3 (max threshold 15)
[2024-02-23T10:44:34.903+0000][4616][gc,phases   ] GC(475)   Pre Evacuate Collection Set: 0.4ms
[2024-02-23T10:44:34.903+0000][4616][gc,phases   ] GC(475)   Merge Heap Roots: 0.3ms
[2024-02-23T10:44:34.903+0000][4616][gc,phases   ] GC(475)   Evacuate Collection Set: 104.1ms
[2024-02-23T10:44:34.903+0000][4616][gc,phases   ] GC(475)   Post Evacuate Collection Set: 3.0ms
[2024-02-23T10:44:34.903+0000][4616][gc,phases   ] GC(475)   Other: 2.2ms
[2024-02-23T10:44:34.903+0000][4616][gc,age      ] GC(475) Age table with threshold 3 (max threshold 15)
[2024-02-23T10:44:34.903+0000][4616][gc,age      ] GC(475) - age   1:   40937696 bytes,   40937696 total
[2024-02-23T10:44:34.903+0000][4616][gc,age      ] GC(475) - age   2:   38512632 bytes,   79450328 total
[2024-02-23T10:44:34.903+0000][4616][gc,age      ] GC(475) - age   3:   20394104 bytes,   99844432 total
[2024-02-23T10:44:34.903+0000][4616][gc,heap     ] GC(475) Eden regions: 302->0(24)
[2024-02-23T10:44:34.903+0000][4616][gc,heap     ] GC(475) Survivor regions: 27->26(42)
[2024-02-23T10:44:34.903+0000][4616][gc,heap     ] GC(475) Old regions: 199->207
[2024-02-23T10:44:34.903+0000][4616][gc,heap     ] GC(475) Archive regions: 0->0
[2024-02-23T10:44:34.903+0000][4616][gc,heap     ] GC(475) Humongous regions: 4->4
[2024-02-23T10:44:34.903+0000][4616][gc,metaspace] GC(475) Metaspace: 131969K(137088K)->131969K(137088K) NonClass: 114983K(117824K)->114983K(117824K) Class: 16986K(19264K)->16986K(19264K)
[2024-02-23T10:44:34.903+0000][4616][gc          ] GC(475) Pause Young (Prepare Mixed) (G1 Evacuation Pause) 2124M->945M(4040M) 110.769ms
[2024-02-23T10:44:34.903+0000][4616][gc,cpu      ] GC(475) User=0.16s Sys=0.14s Real=0.11s
[2024-02-23T10:44:34.903+0000][4616][safepoint   ] Safepoint "G1CollectForAllocation", Time since last: 4812550100 ns, Reaching safepoint: 211500 ns, At safepoint: 111151200 ns, Total: 111362700 ns
[2024-02-23T10:44:35.508+0000][4616][gc,start    ] GC(476) Pause Young (Mixed) (G1 Evacuation Pause)
[2024-02-23T10:44:35.508+0000][4616][gc,task     ] GC(476) Using 8 workers of 8 for evacuation
[2024-02-23T10:44:35.508+0000][4616][gc,age      ] GC(476) Desired survivor size 14680064 bytes, new threshold 1 (max threshold 15)
[2024-02-23T10:44:36.445+0000][4616][gc,mmu      ] GC(476) MMU target violated: 201.0ms (200.0ms/201.0ms)
[2024-02-23T10:44:36.445+0000][4616][gc,phases   ] GC(476)   Pre Evacuate Collection Set: 1.9ms
[2024-02-23T10:44:36.445+0000][4616][gc,phases   ] GC(476)   Merge Heap Roots: 0.6ms
[2024-02-23T10:44:36.445+0000][4616][gc,phases   ] GC(476)   Evacuate Collection Set: 922.0ms
[2024-02-23T10:44:36.445+0000][4616][gc,phases   ] GC(476)   Post Evacuate Collection Set: 1.1ms
[2024-02-23T10:44:36.445+0000][4616][gc,phases   ] GC(476)   Other: 2.6ms
[2024-02-23T10:44:36.445+0000][4616][gc,age      ] GC(476) Age table with threshold 1 (max threshold 15)
[2024-02-23T10:44:36.445+0000][4616][gc,age      ] GC(476) - age   1:    6951448 bytes,    6951448 total
[2024-02-23T10:44:36.445+0000][4616][gc,heap     ] GC(476) Eden regions: 24->0(196)
[2024-02-23T10:44:36.445+0000][4616][gc,heap     ] GC(476) Survivor regions: 26->4(7)
[2024-02-23T10:44:36.445+0000][4616][gc,heap     ] GC(476) Old regions: 207->193
[2024-02-23T10:44:36.445+0000][4616][gc,heap     ] GC(476) Archive regions: 0->0
[2024-02-23T10:44:36.445+0000][4616][gc,heap     ] GC(476) Humongous regions: 4->4
[2024-02-23T10:44:36.445+0000][4616][gc,metaspace] GC(476) Metaspace: 131969K(137088K)->131969K(137088K) NonClass: 114983K(117824K)->114983K(117824K) Class: 16986K(19264K)->16986K(19264K)
[2024-02-23T10:44:36.445+0000][4616][gc          ] GC(476) Pause Young (Mixed) (G1 Evacuation Pause) 1041M->798M(4040M) 928.564ms
[2024-02-23T10:44:36.445+0000][4616][gc,cpu      ] GC(476) User=0.23s Sys=1.84s Real=0.94s
[2024-02-23T10:44:36.450+0000][4616][safepoint   ] Safepoint "G1CollectForAllocation", Time since last: 610204600 ns, Reaching safepoint: 161600 ns, At safepoint: 934345300 ns, Total: 934506900 ns
[2024-02-23T10:44:52.512+0000][4616][gc,start    ] GC(477) Pause Young (Normal) (G1 Evacuation Pause)
[2024-02-23T10:44:52.512+0000][4616][gc,task     ] GC(477) Using 8 workers of 8 for evacuation
[2024-02-23T10:44:52.512+0000][4616][gc,age      ] GC(477) Desired survivor size 52428800 bytes, new threshold 15 (max threshold 15)
[2024-02-23T10:44:52.533+0000][4616][gc,phases   ] GC(477)   Pre Evacuate Collection Set: 2.9ms
[2024-02-23T10:44:52.533+0000][4616][gc,phases   ] GC(477)   Merge Heap Roots: 0.3ms
[2024-02-23T10:44:52.533+0000][4616][gc,phases   ] GC(477)   Evacuate Collection Set: 11.5ms
[2024-02-23T10:44:52.533+0000][4616][gc,phases   ] GC(477)   Post Evacuate Collection Set: 1.8ms
[2024-02-23T10:44:52.533+0000][4616][gc,phases   ] GC(477)   Other: 0.3ms
[2024-02-23T10:44:52.533+0000][4616][gc,age      ] GC(477) Age table with threshold 15 (max threshold 15)
[2024-02-23T10:44:52.533+0000][4616][gc,age      ] GC(477) - age   1:   26622488 bytes,   26622488 total
[2024-02-23T10:44:52.533+0000][4616][gc,age      ] GC(477) - age   2:    6233720 bytes,   32856208 total
[2024-02-23T10:44:52.533+0000][4616][gc,heap     ] GC(477) Eden regions: 196->0(197)
[2024-02-23T10:44:52.533+0000][4616][gc,heap     ] GC(477) Survivor regions: 4->9(25)
[2024-02-23T10:44:52.533+0000][4616][gc,heap     ] GC(477) Old regions: 193->193
[2024-02-23T10:44:52.533+0000][4616][gc,heap     ] GC(477) Archive regions: 0->0
[2024-02-23T10:44:52.533+0000][4616][gc,heap     ] GC(477) Humongous regions: 4->4
[2024-02-23T10:44:52.533+0000][4616][gc,metaspace] GC(477) Metaspace: 131969K(137088K)->131969K(137088K) NonClass: 114983K(117824K)->114983K(117824K) Class: 16986K(19264K)->16986K(19264K)
[2024-02-23T10:44:52.533+0000][4616][gc          ] GC(477) Pause Young (Normal) (G1 Evacuation Pause) 1582M->819M(4040M) 17.650ms
[2024-02-23T10:44:52.533+0000][4616][gc,cpu      ] GC(477) User=0.12s Sys=0.00s Real=0.02s
[2024-02-23T10:44:52.533+0000][4616][safepoint   ] Safepoint "G1CollectForAllocation", Time since last: 16065195200 ns, Reaching safepoint: 126000 ns, At safepoint: 18025700 ns, Total: 18151700 ns
[2024-02-23T10:44:59.217+0000][4616][gc,start    ] GC(478) Pause Young (Normal) (G1 Evacuation Pause)
[2024-02-23T10:44:59.217+0000][4616][gc,task     ] GC(478) Using 8 workers of 8 for evacuation
[2024-02-23T10:44:59.217+0000][4616][gc,age      ] GC(478) Desired survivor size 54525952 bytes, new threshold 15 (max threshold 15)
[2024-02-23T10:44:59.234+0000][4616][gc,phases   ] GC(478)   Pre Evacuate Collection Set: 0.3ms
[2024-02-23T10:44:59.234+0000][4616][gc,phases   ] GC(478)   Merge Heap Roots: 0.2ms
[2024-02-23T10:44:59.234+0000][4616][gc,phases   ] GC(478)   Evacuate Collection Set: 14.2ms
[2024-02-23T10:44:59.234+0000][4616][gc,phases   ] GC(478)   Post Evacuate Collection Set: 1.0ms
[2024-02-23T10:44:59.234+0000][4616][gc,phases   ] GC(478)   Other: 1.4ms
[2024-02-23T10:44:59.234+0000][4616][gc,age      ] GC(478) Age table with threshold 15 (max threshold 15)
[2024-02-23T10:44:59.234+0000][4616][gc,age      ] GC(478) - age   1:   32954864 bytes,   32954864 total
[2024-02-23T10:44:59.234+0000][4616][gc,age      ] GC(478) - age   2:   24080320 bytes,   57035184 total
[2024-02-23T10:44:59.234+0000][4616][gc,age      ] GC(478) - age   3:    6233720 bytes,   63268904 total
[2024-02-23T10:44:59.234+0000][4616][gc,heap     ] GC(478) Eden regions: 197->0(165)
[2024-02-23T10:44:59.234+0000][4616][gc,heap     ] GC(478) Survivor regions: 9->16(26)
[2024-02-23T10:44:59.234+0000][4616][gc,heap     ] GC(478) Old regions: 193->193
[2024-02-23T10:44:59.234+0000][4616][gc,heap     ] GC(478) Archive regions: 0->0
[2024-02-23T10:44:59.234+0000][4616][gc,heap     ] GC(478) Humongous regions: 5->5
[2024-02-23T10:44:59.234+0000][4616][gc,metaspace] GC(478) Metaspace: 131969K(137088K)->131969K(137088K) NonClass: 114983K(117824K)->114983K(117824K) Class: 16986K(19264K)->16986K(19264K)
[2024-02-23T10:44:59.234+0000][4616][gc          ] GC(478) Pause Young (Normal) (G1 Evacuation Pause) 1611M->852M(4040M) 17.638ms
[2024-02-23T10:44:59.234+0000][4616][gc,cpu      ] GC(478) User=0.00s Sys=0.02s Real=0.02s
[2024-02-23T10:44:59.234+0000][4616][safepoint   ] Safepoint "G1CollectForAllocation", Time since last: 6683142100 ns, Reaching safepoint: 87600 ns, At safepoint: 17793200 ns, Total: 17880800 ns
[2024-02-23T10:45:18.940+0000][4616][gc,start    ] GC(479) Pause Young (Normal) (G1 Evacuation Pause)
[2024-02-23T10:45:18.940+0000][4616][gc,task     ] GC(479) Using 8 workers of 8 for evacuation
[2024-02-23T10:45:18.940+0000][4616][gc,age      ] GC(479) Desired survivor size 48234496 bytes, new threshold 2 (max threshold 15)
[2024-02-23T10:45:18.979+0000][4616][gc,phases   ] GC(479)   Pre Evacuate Collection Set: 0.7ms
[2024-02-23T10:45:18.979+0000][4616][gc,phases   ] GC(479)   Merge Heap Roots: 0.2ms
[2024-02-23T10:45:18.979+0000][4616][gc,phases   ] GC(479)   Evacuate Collection Set: 34.0ms
[2024-02-23T10:45:18.979+0000][4616][gc,phases   ] GC(479)   Post Evacuate Collection Set: 2.4ms
[2024-02-23T10:45:18.979+0000][4616][gc,phases   ] GC(479)   Other: 1.1ms
[2024-02-23T10:45:18.979+0000][4616][gc,age      ] GC(479) Age table with threshold 2 (max threshold 15)
[2024-02-23T10:45:18.979+0000][4616][gc,age      ] GC(479) - age   1:   26095968 bytes,   26095968 total
[2024-02-23T10:45:18.979+0000][4616][gc,age      ] GC(479) - age   2:   29702320 bytes,   55798288 total
[2024-02-23T10:45:18.979+0000][4616][gc,heap     ] GC(479) Eden regions: 165->0(342)
[2024-02-23T10:45:18.979+0000][4616][gc,heap     ] GC(479) Survivor regions: 16->15(23)
[2024-02-23T10:45:18.979+0000][4616][gc,heap     ] GC(479) Old regions: 193->199
[2024-02-23T10:45:18.979+0000][4616][gc,heap     ] GC(479) Archive regions: 0->0
[2024-02-23T10:45:18.979+0000][4616][gc,heap     ] GC(479) Humongous regions: 5->5
[2024-02-23T10:45:18.979+0000][4616][gc,metaspace] GC(479) Metaspace: 131969K(137088K)->131969K(137088K) NonClass: 114983K(117824K)->114983K(117824K) Class: 16986K(19264K)->16986K(19264K)
[2024-02-23T10:45:18.979+0000][4616][gc          ] GC(479) Pause Young (Normal) (G1 Evacuation Pause) 1512M->872M(4040M) 38.931ms
[2024-02-23T10:45:18.979+0000][4616][gc,cpu      ] GC(479) User=0.11s Sys=0.03s Real=0.04s
[2024-02-23T10:45:18.979+0000][4616][safepoint   ] Safepoint "G1CollectForAllocation", Time since last: 19704996500 ns, Reaching safepoint: 113400 ns, At safepoint: 39201500 ns, Total: 39314900 ns
[2024-02-23T10:45:25.947+0000][4616][gc,start    ] GC(480) Pause Young (Concurrent Start) (G1 Humongous Allocation)
[2024-02-23T10:45:25.948+0000][4616][gc,task     ] GC(480) Using 8 workers of 8 for evacuation
[2024-02-23T10:45:25.948+0000][4616][gc,age      ] GC(480) Desired survivor size 94371840 bytes, new threshold 15 (max threshold 15)
[2024-02-23T10:45:25.971+0000][4616][gc,phases   ] GC(480)   Pre Evacuate Collection Set: 0.5ms
[2024-02-23T10:45:25.971+0000][4616][gc,phases   ] GC(480)   Merge Heap Roots: 0.2ms
[2024-02-23T10:45:25.971+0000][4616][gc,phases   ] GC(480)   Evacuate Collection Set: 21.1ms
[2024-02-23T10:45:25.971+0000][4616][gc,phases   ] GC(480)   Post Evacuate Collection Set: 0.8ms
[2024-02-23T10:45:25.971+0000][4616][gc,phases   ] GC(480)   Other: 0.9ms
[2024-02-23T10:45:25.971+0000][4616][gc,age      ] GC(480) Age table with threshold 15 (max threshold 15)
[2024-02-23T10:45:25.971+0000][4616][gc,age      ] GC(480) - age   1:   23869896 bytes,   23869896 total
[2024-02-23T10:45:25.971+0000][4616][gc,age      ] GC(480) - age   2:   23766312 bytes,   47636208 total
[2024-02-23T10:45:25.971+0000][4616][gc,age      ] GC(480) - age   3:   28839352 bytes,   76475560 total
[2024-02-23T10:45:25.971+0000][4616][gc,heap     ] GC(480) Eden regions: 115->0(232)
[2024-02-23T10:45:25.971+0000][4616][gc,heap     ] GC(480) Survivor regions: 15->20(45)
[2024-02-23T10:45:25.971+0000][4616][gc,heap     ] GC(480) Old regions: 199->199
[2024-02-23T10:45:25.971+0000][4616][gc,heap     ] GC(480) Archive regions: 0->0
[2024-02-23T10:45:25.971+0000][4616][gc,heap     ] GC(480) Humongous regions: 5->5
[2024-02-23T10:45:25.971+0000][4616][gc,metaspace] GC(480) Metaspace: 131969K(137088K)->131969K(137088K) NonClass: 114983K(117824K)->114983K(117824K) Class: 16986K(19264K)->16986K(19264K)
[2024-02-23T10:45:25.971+0000][4616][gc          ] GC(480) Pause Young (Concurrent Start) (G1 Humongous Allocation) 1332M->894M(4040M) 23.984ms
[2024-02-23T10:45:25.972+0000][4616][gc          ] GC(481) Concurrent Mark Cycle
[2024-02-23T10:45:25.972+0000][4616][gc,cpu      ] GC(480) User=0.11s Sys=0.00s Real=0.02s
[2024-02-23T10:45:25.972+0000][4616][gc,marking  ] GC(481) Concurrent Clear Claimed Marks
[2024-02-23T10:45:25.972+0000][4616][safepoint   ] Safepoint "G1TryInitiateConcMark", Time since last: 6967763000 ns, Reaching safepoint: 107700 ns, At safepoint: 24432800 ns, Total: 24540500 ns
[2024-02-23T10:45:25.972+0000][4616][gc,marking  ] GC(481) Concurrent Clear Claimed Marks 0.732ms
[2024-02-23T10:45:25.972+0000][4616][gc,marking  ] GC(481) Concurrent Scan Root Regions
[2024-02-23T10:45:25.978+0000][4616][gc,marking  ] GC(481) Concurrent Scan Root Regions 9.607ms
[2024-02-23T10:45:25.978+0000][4616][gc,marking  ] GC(481) Concurrent Mark
[2024-02-23T10:45:25.978+0000][4616][gc,marking  ] GC(481) Concurrent Mark From Roots
[2024-02-23T10:45:25.978+0000][4616][gc,task     ] GC(481) Using 2 workers of 2 for marking
[2024-02-23T10:45:26.220+0000][4616][gc,marking  ] GC(481) Concurrent Mark From Roots 244.989ms
[2024-02-23T10:45:26.220+0000][4616][gc,marking  ] GC(481) Concurrent Preclean
[2024-02-23T10:45:26.220+0000][4616][gc,marking  ] GC(481) Concurrent Preclean 1.262ms
[2024-02-23T10:45:26.220+0000][4616][gc,start    ] GC(481) Pause Remark
[2024-02-23T10:45:26.237+0000][4616][gc          ] GC(481) Pause Remark 953M->949M(4040M) 17.274ms
[2024-02-23T10:45:26.237+0000][4616][gc,cpu      ] GC(481) User=0.12s Sys=0.00s Real=0.02s
[2024-02-23T10:45:26.237+0000][4616][safepoint   ] Safepoint "G1Concurrent", Time since last: 256692000 ns, Reaching safepoint: 104000 ns, At safepoint: 17487600 ns, Total: 17591600 ns
[2024-02-23T10:45:26.237+0000][4616][gc,marking  ] GC(481) Concurrent Mark 264.112ms
[2024-02-23T10:45:26.237+0000][4616][gc,marking  ] GC(481) Concurrent Rebuild Remembered Sets
[2024-02-23T10:45:26.411+0000][4616][gc,marking  ] GC(481) Concurrent Rebuild Remembered Sets 168.665ms
[2024-02-23T10:45:26.411+0000][4616][gc,start    ] GC(481) Pause Cleanup
[2024-02-23T10:45:26.411+0000][4616][gc          ] GC(481) Pause Cleanup 1004M->1004M(4040M) 1.211ms
[2024-02-23T10:45:26.411+0000][4616][gc,cpu      ] GC(481) User=0.00s Sys=0.00s Real=0.00s
[2024-02-23T10:45:26.411+0000][4616][safepoint   ] Safepoint "G1Concurrent", Time since last: 168909300 ns, Reaching safepoint: 120200 ns, At safepoint: 1455600 ns, Total: 1575800 ns
[2024-02-23T10:45:26.411+0000][4616][gc,marking  ] GC(481) Concurrent Cleanup for Next Mark
[2024-02-23T10:45:26.422+0000][4616][gc,marking  ] GC(481) Concurrent Cleanup for Next Mark 8.917ms
[2024-02-23T10:45:26.422+0000][4616][gc          ] GC(481) Concurrent Mark Cycle 454.278ms
[2024-02-23T10:45:36.302+0000][4616][gc,start    ] GC(482) Pause Young (Prepare Mixed) (G1 Evacuation Pause)
[2024-02-23T10:45:36.302+0000][4616][gc,task     ] GC(482) Using 8 workers of 8 for evacuation
[2024-02-23T10:45:36.302+0000][4616][gc,age      ] GC(482) Desired survivor size 85983232 bytes, new threshold 15 (max threshold 15)
[2024-02-23T10:45:36.326+0000][4616][gc,phases   ] GC(482)   Pre Evacuate Collection Set: 0.2ms
[2024-02-23T10:45:36.326+0000][4616][gc,phases   ] GC(482)   Merge Heap Roots: 0.3ms
[2024-02-23T10:45:36.326+0000][4616][gc,phases   ] GC(482)   Evacuate Collection Set: 22.2ms
[2024-02-23T10:45:36.326+0000][4616][gc,phases   ] GC(482)   Post Evacuate Collection Set: 1.5ms
[2024-02-23T10:45:36.326+0000][4616][gc,phases   ] GC(482)   Other: 0.2ms
[2024-02-23T10:45:36.326+0000][4616][gc,age      ] GC(482) Age table with threshold 15 (max threshold 15)
[2024-02-23T10:45:36.326+0000][4616][gc,age      ] GC(482) - age   1:   44663856 bytes,   44663856 total
[2024-02-23T10:45:36.326+0000][4616][gc,age      ] GC(482) - age   2:   20098848 bytes,   64762704 total
[2024-02-23T10:45:36.326+0000][4616][gc,age      ] GC(482) - age   3:   19388160 bytes,   84150864 total
[2024-02-23T10:45:36.326+0000][4616][gc,age      ] GC(482) - age   4:   24971608 bytes,  109122472 total
[2024-02-23T10:45:36.327+0000][4616][gc,heap     ] GC(482) Eden regions: 301->0(22)
[2024-02-23T10:45:36.327+0000][4616][gc,heap     ] GC(482) Survivor regions: 20->28(41)
[2024-02-23T10:45:36.327+0000][4616][gc,heap     ] GC(482) Old regions: 199->199
[2024-02-23T10:45:36.327+0000][4616][gc,heap     ] GC(482) Archive regions: 0->0
[2024-02-23T10:45:36.327+0000][4616][gc,heap     ] GC(482) Humongous regions: 5->5
[2024-02-23T10:45:36.327+0000][4616][gc,metaspace] GC(482) Metaspace: 131969K(137088K)->131969K(137088K) NonClass: 114983K(117824K)->114983K(117824K) Class: 16986K(19264K)->16986K(19264K)
[2024-02-23T10:45:36.327+0000][4616][gc          ] GC(482) Pause Young (Prepare Mixed) (G1 Evacuation Pause) 2098M->926M(4040M) 24.933ms
[2024-02-23T10:45:36.327+0000][4616][gc,cpu      ] GC(482) User=0.14s Sys=0.06s Real=0.02s
[2024-02-23T10:45:36.327+0000][4616][safepoint   ] Safepoint "G1CollectForAllocation", Time since last: 9885817300 ns, Reaching safepoint: 145900 ns, At safepoint: 25088500 ns, Total: 25234400 ns
[2024-02-23T10:45:36.862+0000][4616][gc,start    ] GC(483) Pause Young (Mixed) (G1 Evacuation Pause)
[2024-02-23T10:45:36.862+0000][4616][gc,task     ] GC(483) Using 8 workers of 8 for evacuation
[2024-02-23T10:45:36.862+0000][4616][gc,age      ] GC(483) Desired survivor size 14680064 bytes, new threshold 1 (max threshold 15)
[2024-02-23T10:45:37.271+0000][4616][gc,mmu      ] GC(483) MMU target violated: 201.0ms (200.0ms/201.0ms)
[2024-02-23T10:45:37.271+0000][4616][gc,phases   ] GC(483)   Pre Evacuate Collection Set: 0.3ms
[2024-02-23T10:45:37.271+0000][4616][gc,phases   ] GC(483)   Merge Heap Roots: 0.4ms
[2024-02-23T10:45:37.271+0000][4616][gc,phases   ] GC(483)   Evacuate Collection Set: 405.4ms
[2024-02-23T10:45:37.271+0000][4616][gc,phases   ] GC(483)   Post Evacuate Collection Set: 1.5ms
[2024-02-23T10:45:37.271+0000][4616][gc,phases   ] GC(483)   Other: 0.4ms
[2024-02-23T10:45:37.271+0000][4616][gc,age      ] GC(483) Age table with threshold 1 (max threshold 15)
[2024-02-23T10:45:37.271+0000][4616][gc,age      ] GC(483) - age   1:    4001168 bytes,    4001168 total
[2024-02-23T10:45:37.271+0000][4616][gc,heap     ] GC(483) Eden regions: 22->0(511)
[2024-02-23T10:45:37.271+0000][4616][gc,heap     ] GC(483) Survivor regions: 28->3(7)
[2024-02-23T10:45:37.271+0000][4616][gc,heap     ] GC(483) Old regions: 199->195
[2024-02-23T10:45:37.271+0000][4616][gc,heap     ] GC(483) Archive regions: 0->0
[2024-02-23T10:45:37.271+0000][4616][gc,heap     ] GC(483) Humongous regions: 5->5
[2024-02-23T10:45:37.271+0000][4616][gc,metaspace] GC(483) Metaspace: 131969K(137088K)->131969K(137088K) NonClass: 114983K(117824K)->114983K(117824K) Class: 16986K(19264K)->16986K(19264K)
[2024-02-23T10:45:37.271+0000][4616][gc          ] GC(483) Pause Young (Mixed) (G1 Evacuation Pause) 1014M->809M(4040M) 408.666ms
[2024-02-23T10:45:37.271+0000][4616][gc,cpu      ] GC(483) User=0.45s Sys=0.72s Real=0.41s
[2024-02-23T10:45:37.271+0000][4616][safepoint   ] Safepoint "G1CollectForAllocation", Time since last: 537465800 ns, Reaching safepoint: 194200 ns, At safepoint: 409449400 ns, Total: 409643600 ns
[2024-02-23T10:45:53.020+0000][4616][gc,start    ] GC(484) Pause Young (Normal) (G1 Evacuation Pause)
[2024-02-23T10:45:53.020+0000][4616][gc,task     ] GC(484) Using 8 workers of 8 for evacuation
[2024-02-23T10:45:53.020+0000][4616][gc,age      ] GC(484) Desired survivor size 136314880 bytes, new threshold 15 (max threshold 15)
[2024-02-23T10:45:53.157+0000][4616][gc,phases   ] GC(484)   Pre Evacuate Collection Set: 0.9ms
[2024-02-23T10:45:53.157+0000][4616][gc,phases   ] GC(484)   Merge Heap Roots: 0.2ms
[2024-02-23T10:45:53.157+0000][4616][gc,phases   ] GC(484)   Evacuate Collection Set: 145.6ms
[2024-02-23T10:45:53.157+0000][4616][gc,phases   ] GC(484)   Post Evacuate Collection Set: 1.3ms
[2024-02-23T10:45:53.157+0000][4616][gc,phases   ] GC(484)   Other: 1.0ms
[2024-02-23T10:45:53.157+0000][4616][gc,age      ] GC(484) Age table with threshold 15 (max threshold 15)
[2024-02-23T10:45:53.157+0000][4616][gc,age      ] GC(484) - age   1:   71297800 bytes,   71297800 total
[2024-02-23T10:45:53.157+0000][4616][gc,age      ] GC(484) - age   2:    3304584 bytes,   74602384 total
[2024-02-23T10:45:53.157+0000][4616][gc,heap     ] GC(484) Eden regions: 511->0(171)
[2024-02-23T10:45:53.157+0000][4616][gc,heap     ] GC(484) Survivor regions: 3->19(65)
[2024-02-23T10:45:53.157+0000][4616][gc,heap     ] GC(484) Old regions: 195->195
[2024-02-23T10:45:53.157+0000][4616][gc,heap     ] GC(484) Archive regions: 0->0
[2024-02-23T10:45:53.170+0000][4616][gc,heap     ] GC(484) Humongous regions: 6->6
[2024-02-23T10:45:53.170+0000][4616][gc,metaspace] GC(484) Metaspace: 131969K(137088K)->131969K(137088K) NonClass: 114983K(117824K)->114983K(117824K) Class: 16986K(19264K)->16986K(19264K)
[2024-02-23T10:45:53.170+0000][4616][gc          ] GC(484) Pause Young (Normal) (G1 Evacuation Pause) 2857M->877M(4040M) 149.593ms
[2024-02-23T10:45:53.170+0000][4616][gc,cpu      ] GC(484) User=0.02s Sys=0.28s Real=0.15s
[2024-02-23T10:45:53.170+0000][4616][safepoint   ] Safepoint "G1CollectForAllocation", Time since last: 15745610900 ns, Reaching safepoint: 104400 ns, At safepoint: 149889800 ns, Total: 149994200 ns
[2024-02-23T10:46:02.902+0000][4616][gc,start    ] GC(485) Pause Young (Normal) (G1 Evacuation Pause)
[2024-02-23T10:46:02.902+0000][4616][gc,task     ] GC(485) Using 8 workers of 8 for evacuation
[2024-02-23T10:46:02.902+0000][4616][gc,age      ] GC(485) Desired survivor size 50331648 bytes, new threshold 1 (max threshold 15)
[2024-02-23T10:46:02.963+0000][4616][gc,phases   ] GC(485)   Pre Evacuate Collection Set: 3.1ms
[2024-02-23T10:46:02.963+0000][4616][gc,phases   ] GC(485)   Merge Heap Roots: 0.5ms
[2024-02-23T10:46:02.963+0000][4616][gc,phases   ] GC(485)   Evacuate Collection Set: 65.3ms
[2024-02-23T10:46:02.963+0000][4616][gc,phases   ] GC(485)   Post Evacuate Collection Set: 2.4ms
[2024-02-23T10:46:02.963+0000][4616][gc,phases   ] GC(485)   Other: 0.4ms
[2024-02-23T10:46:02.963+0000][4616][gc,age      ] GC(485) Age table with threshold 1 (max threshold 15)
[2024-02-23T10:46:02.963+0000][4616][gc,age      ] GC(485) - age   1:   27440480 bytes,   27440480 total
[2024-02-23T10:46:02.963+0000][4616][gc,heap     ] GC(485) Eden regions: 171->0(400)
[2024-02-23T10:46:02.963+0000][4616][gc,heap     ] GC(485) Survivor regions: 19->8(24)
[2024-02-23T10:46:02.963+0000][4616][gc,heap     ] GC(485) Old regions: 195->212
[2024-02-23T10:46:02.963+0000][4616][gc,heap     ] GC(485) Archive regions: 0->0
[2024-02-23T10:46:02.963+0000][4616][gc,heap     ] GC(485) Humongous regions: 7->7
[2024-02-23T10:46:02.963+0000][4616][gc,metaspace] GC(485) Metaspace: 131969K(137088K)->131969K(137088K) NonClass: 114983K(117824K)->114983K(117824K) Class: 16986K(19264K)->16986K(19264K)
[2024-02-23T10:46:02.963+0000][4616][gc          ] GC(485) Pause Young (Normal) (G1 Evacuation Pause) 1565M->903M(4040M) 72.523ms
[2024-02-23T10:46:02.963+0000][4616][gc,cpu      ] GC(485) User=0.03s Sys=0.28s Real=0.06s
[2024-02-23T10:46:02.963+0000][4616][safepoint   ] Safepoint "G1CollectForAllocation", Time since last: 9735040300 ns, Reaching safepoint: 313800 ns, At safepoint: 73113700 ns, Total: 73427500 ns
[2024-02-23T10:46:19.952+0000][4616][gc,start    ] GC(486) Pause Young (Concurrent Start) (G1 Humongous Allocation)
[2024-02-23T10:46:19.952+0000][4616][gc,task     ] GC(486) Using 8 workers of 8 for evacuation
[2024-02-23T10:46:19.952+0000][4616][gc,age      ] GC(486) Desired survivor size 106954752 bytes, new threshold 15 (max threshold 15)
[2024-02-23T10:46:19.979+0000][4616][gc,phases   ] GC(486)   Pre Evacuate Collection Set: 0.8ms
[2024-02-23T10:46:19.979+0000][4616][gc,phases   ] GC(486)   Merge Heap Roots: 0.3ms
[2024-02-23T10:46:19.979+0000][4616][gc,phases   ] GC(486)   Evacuate Collection Set: 21.2ms
[2024-02-23T10:46:19.979+0000][4616][gc,phases   ] GC(486)   Post Evacuate Collection Set: 1.8ms
[2024-02-23T10:46:19.979+0000][4616][gc,phases   ] GC(486)   Other: 2.8ms
[2024-02-23T10:46:19.979+0000][4616][gc,age      ] GC(486) Age table with threshold 15 (max threshold 15)
[2024-02-23T10:46:19.979+0000][4616][gc,age      ] GC(486) - age   1:   65305440 bytes,   65305440 total
[2024-02-23T10:46:19.979+0000][4616][gc,age      ] GC(486) - age   2:   21307912 bytes,   86613352 total
[2024-02-23T10:46:19.979+0000][4616][gc,heap     ] GC(486) Eden regions: 386->0(246)
[2024-02-23T10:46:19.979+0000][4616][gc,heap     ] GC(486) Survivor regions: 8->22(51)
[2024-02-23T10:46:19.979+0000][4616][gc,heap     ] GC(486) Old regions: 212->212
[2024-02-23T10:46:19.979+0000][4616][gc,heap     ] GC(486) Archive regions: 0->0
[2024-02-23T10:46:19.979+0000][4616][gc,heap     ] GC(486) Humongous regions: 7->7
[2024-02-23T10:46:19.979+0000][4616][gc,metaspace] GC(486) Metaspace: 131969K(137088K)->131969K(137088K) NonClass: 114983K(117824K)->114983K(117824K) Class: 16986K(19264K)->16986K(19264K)
[2024-02-23T10:46:19.979+0000][4616][gc          ] GC(486) Pause Young (Concurrent Start) (G1 Humongous Allocation) 2447M->958M(4040M) 27.933ms
[2024-02-23T10:46:19.979+0000][4616][gc,cpu      ] GC(486) User=0.11s Sys=0.03s Real=0.03s
[2024-02-23T10:46:19.979+0000][4616][gc          ] GC(487) Concurrent Mark Cycle
[2024-02-23T10:46:19.980+0000][4616][gc,marking  ] GC(487) Concurrent Clear Claimed Marks
[2024-02-23T10:46:19.980+0000][4616][safepoint   ] Safepoint "G1TryInitiateConcMark", Time since last: 16973132600 ns, Reaching safepoint: 203500 ns, At safepoint: 28301400 ns, Total: 28504900 ns
[2024-02-23T10:46:19.980+0000][4616][gc,marking  ] GC(487) Concurrent Clear Claimed Marks 0.206ms
[2024-02-23T10:46:19.980+0000][4616][gc,marking  ] GC(487) Concurrent Scan Root Regions
[2024-02-23T10:46:19.995+0000][4616][gc,marking  ] GC(487) Concurrent Scan Root Regions 15.116ms
[2024-02-23T10:46:19.995+0000][4616][gc,marking  ] GC(487) Concurrent Mark
[2024-02-23T10:46:19.995+0000][4616][gc,marking  ] GC(487) Concurrent Mark From Roots
[2024-02-23T10:46:19.996+0000][4616][gc,task     ] GC(487) Using 2 workers of 2 for marking
[2024-02-23T10:46:20.250+0000][4616][gc,marking  ] GC(487) Concurrent Mark From Roots 259.540ms
[2024-02-23T10:46:20.250+0000][4616][gc,marking  ] GC(487) Concurrent Preclean
[2024-02-23T10:46:20.250+0000][4616][gc,marking  ] GC(487) Concurrent Preclean 0.944ms
[2024-02-23T10:46:20.250+0000][4616][gc,start    ] GC(487) Pause Remark
[2024-02-23T10:46:20.273+0000][4616][gc          ] GC(487) Pause Remark 1014M->1002M(4040M) 20.050ms
[2024-02-23T10:46:20.273+0000][4616][gc,cpu      ] GC(487) User=0.16s Sys=0.00s Real=0.02s
[2024-02-23T10:46:20.273+0000][4616][safepoint   ] Safepoint "G1Concurrent", Time since last: 276158300 ns, Reaching safepoint: 129300 ns, At safepoint: 20257700 ns, Total: 20387000 ns
[2024-02-23T10:46:20.273+0000][4616][gc,marking  ] GC(487) Concurrent Mark 281.136ms
[2024-02-23T10:46:20.273+0000][4616][gc,marking  ] GC(487) Concurrent Rebuild Remembered Sets
[2024-02-23T10:46:20.451+0000][4616][gc,marking  ] GC(487) Concurrent Rebuild Remembered Sets 178.966ms
[2024-02-23T10:46:20.451+0000][4616][gc,start    ] GC(487) Pause Cleanup
[2024-02-23T10:46:20.457+0000][4616][gc          ] GC(487) Pause Cleanup 1034M->1034M(4040M) 0.554ms
[2024-02-23T10:46:20.457+0000][4616][gc,cpu      ] GC(487) User=0.00s Sys=0.00s Real=0.01s
[2024-02-23T10:46:20.457+0000][4616][safepoint   ] Safepoint "G1Concurrent", Time since last: 179199500 ns, Reaching safepoint: 100000 ns, At safepoint: 707200 ns, Total: 807200 ns
[2024-02-23T10:46:20.457+0000][4616][gc,marking  ] GC(487) Concurrent Cleanup for Next Mark
[2024-02-23T10:46:20.458+0000][4616][gc,marking  ] GC(487) Concurrent Cleanup for Next Mark 9.745ms
[2024-02-23T10:46:20.458+0000][4616][gc          ] GC(487) Concurrent Mark Cycle 486.615ms
[2024-02-23T10:46:29.546+0000][4616][safepoint   ] Safepoint "Cleanup", Time since last: 9088957000 ns, Reaching safepoint: 244000 ns, At safepoint: 79300 ns, Total: 323300 ns
[2024-02-23T10:46:40.681+0000][4616][safepoint   ] Safepoint "Cleanup", Time since last: 11134313000 ns, Reaching safepoint: 327500 ns, At safepoint: 46500 ns, Total: 374000 ns
[2024-02-23T10:46:43.720+0000][4616][safepoint   ] Safepoint "Cleanup", Time since last: 3038723900 ns, Reaching safepoint: 157900 ns, At safepoint: 28200 ns, Total: 186100 ns
[2024-02-23T10:46:46.248+0000][4616][gc,start    ] GC(488) Pause Young (Prepare Mixed) (G1 Evacuation Pause)
[2024-02-23T10:46:46.248+0000][4616][gc,task     ] GC(488) Using 8 workers of 8 for evacuation
[2024-02-23T10:46:46.248+0000][4616][gc,age      ] GC(488) Desired survivor size 85983232 bytes, new threshold 2 (max threshold 15)
[2024-02-23T10:46:46.300+0000][4616][gc,phases   ] GC(488)   Pre Evacuate Collection Set: 0.4ms
[2024-02-23T10:46:46.300+0000][4616][gc,phases   ] GC(488)   Merge Heap Roots: 0.6ms
[2024-02-23T10:46:46.300+0000][4616][gc,phases   ] GC(488)   Evacuate Collection Set: 47.2ms
[2024-02-23T10:46:46.300+0000][4616][gc,phases   ] GC(488)   Post Evacuate Collection Set: 2.3ms
[2024-02-23T10:46:46.300+0000][4616][gc,phases   ] GC(488)   Other: 1.2ms
[2024-02-23T10:46:46.300+0000][4616][gc,age      ] GC(488) Age table with threshold 2 (max threshold 15)
[2024-02-23T10:46:46.300+0000][4616][gc,age      ] GC(488) - age   1:   41932056 bytes,   41932056 total
[2024-02-23T10:46:46.300+0000][4616][gc,age      ] GC(488) - age   2:   56514200 bytes,   98446256 total
[2024-02-23T10:46:46.300+0000][4616][gc,heap     ] GC(488) Eden regions: 303->0(25)
[2024-02-23T10:46:46.300+0000][4616][gc,heap     ] GC(488) Survivor regions: 22->25(41)
[2024-02-23T10:46:46.300+0000][4616][gc,heap     ] GC(488) Old regions: 212->217
[2024-02-23T10:46:46.300+0000][4616][gc,heap     ] GC(488) Archive regions: 0->0
[2024-02-23T10:46:46.300+0000][4616][gc,heap     ] GC(488) Humongous regions: 5->5
[2024-02-23T10:46:46.300+0000][4616][gc,metaspace] GC(488) Metaspace: 131978K(137088K)->131978K(137088K) NonClass: 114991K(117824K)->114991K(117824K) Class: 16986K(19264K)->16986K(19264K)
[2024-02-23T10:46:46.300+0000][4616][gc          ] GC(488) Pause Young (Prepare Mixed) (G1 Evacuation Pause) 2162M->982M(4040M) 52.711ms
[2024-02-23T10:46:46.300+0000][4616][gc,cpu      ] GC(488) User=0.23s Sys=0.02s Real=0.05s
[2024-02-23T10:46:46.300+0000][4616][safepoint   ] Safepoint "G1CollectForAllocation", Time since last: 2528525100 ns, Reaching safepoint: 165600 ns, At safepoint: 52995100 ns, Total: 53160700 ns
[2024-02-23T10:46:47.337+0000][4616][gc,start    ] GC(489) Pause Young (Mixed) (G1 Evacuation Pause)
[2024-02-23T10:46:47.337+0000][4616][gc,task     ] GC(489) Using 8 workers of 8 for evacuation
[2024-02-23T10:46:47.337+0000][4616][gc,age      ] GC(489) Desired survivor size 14680064 bytes, new threshold 1 (max threshold 15)
[2024-02-23T10:46:47.631+0000][4616][gc,mmu      ] GC(489) MMU target violated: 201.0ms (200.0ms/201.0ms)
[2024-02-23T10:46:47.631+0000][4616][gc,phases   ] GC(489)   Pre Evacuate Collection Set: 0.3ms
[2024-02-23T10:46:47.631+0000][4616][gc,phases   ] GC(489)   Merge Heap Roots: 0.5ms
[2024-02-23T10:46:47.631+0000][4616][gc,phases   ] GC(489)   Evacuate Collection Set: 275.1ms
[2024-02-23T10:46:47.631+0000][4616][gc,phases   ] GC(489)   Post Evacuate Collection Set: 5.9ms
[2024-02-23T10:46:47.631+0000][4616][gc,phases   ] GC(489)   Other: 0.3ms
[2024-02-23T10:46:47.631+0000][4616][gc,age      ] GC(489) Age table with threshold 1 (max threshold 15)
[2024-02-23T10:46:47.631+0000][4616][gc,age      ] GC(489) - age   1:    3152320 bytes,    3152320 total
[2024-02-23T10:46:47.631+0000][4616][gc,heap     ] GC(489) Eden regions: 25->0(591)
[2024-02-23T10:46:47.631+0000][4616][gc,heap     ] GC(489) Survivor regions: 25->3(7)
[2024-02-23T10:46:47.631+0000][4616][gc,heap     ] GC(489) Old regions: 217->193
[2024-02-23T10:46:47.631+0000][4616][gc,heap     ] GC(489) Archive regions: 0->0
[2024-02-23T10:46:47.631+0000][4616][gc,heap     ] GC(489) Humongous regions: 5->5
[2024-02-23T10:46:47.632+0000][4616][gc,metaspace] GC(489) Metaspace: 131978K(137088K)->131978K(137088K) NonClass: 114991K(117824K)->114991K(117824K) Class: 16986K(19264K)->16986K(19264K)
[2024-02-23T10:46:47.632+0000][4616][gc          ] GC(489) Pause Young (Mixed) (G1 Evacuation Pause) 1082M->801M(4040M) 282.677ms
[2024-02-23T10:46:47.632+0000][4616][gc,cpu      ] GC(489) User=0.34s Sys=0.97s Real=0.30s
[2024-02-23T10:46:47.632+0000][4616][safepoint   ] Safepoint "G1CollectForAllocation", Time since last: 1047440900 ns, Reaching safepoint: 265100 ns, At safepoint: 283111200 ns, Total: 283376300 ns
[2024-02-23T10:46:48.661+0000][4616][safepoint   ] Safepoint "Cleanup", Time since last: 1005085200 ns, Reaching safepoint: 23876700 ns, At safepoint: 381700 ns, Total: 24258400 ns
[2024-02-23T10:46:59.751+0000][4616][safepoint   ] Safepoint "Cleanup", Time since last: 11089254200 ns, Reaching safepoint: 209900 ns, At safepoint: 28300 ns, Total: 238200 ns
[2024-02-23T10:47:12.893+0000][4616][safepoint   ] Safepoint "Cleanup", Time since last: 13141448100 ns, Reaching safepoint: 178400 ns, At safepoint: 43500 ns, Total: 221900 ns
[2024-02-23T10:47:21.997+0000][4616][safepoint   ] Safepoint "Cleanup", Time since last: 9073713900 ns, Reaching safepoint: 30572200 ns, At safepoint: 220600 ns, Total: 30792800 ns
[2024-02-23T10:47:23.010+0000][4616][safepoint   ] Safepoint "Cleanup", Time since last: 1012955800 ns, Reaching safepoint: 91200 ns, At safepoint: 59500 ns, Total: 150700 ns
[2024-02-23T10:47:37.108+0000][4616][safepoint   ] Safepoint "Cleanup", Time since last: 14097663300 ns, Reaching safepoint: 512200 ns, At safepoint: 38000 ns, Total: 550200 ns
[2024-02-23T10:47:38.125+0000][4616][safepoint   ] Safepoint "Cleanup", Time since last: 1015974600 ns, Reaching safepoint: 192800 ns, At safepoint: 37300 ns, Total: 230100 ns
[2024-02-23T10:47:41.625+0000][4616][gc,start    ] GC(490) Pause Young (Normal) (G1 Evacuation Pause)
[2024-02-23T10:47:41.625+0000][4616][gc,task     ] GC(490) Using 8 workers of 8 for evacuation
[2024-02-23T10:47:41.625+0000][4616][gc,age      ] GC(490) Desired survivor size 157286400 bytes, new threshold 15 (max threshold 15)
[2024-02-23T10:47:41.797+0000][4616][gc,phases   ] GC(490)   Pre Evacuate Collection Set: 0.6ms
[2024-02-23T10:47:41.797+0000][4616][gc,phases   ] GC(490)   Merge Heap Roots: 0.3ms
[2024-02-23T10:47:41.797+0000][4616][gc,phases   ] GC(490)   Evacuate Collection Set: 168.9ms
[2024-02-23T10:47:41.797+0000][4616][gc,phases   ] GC(490)   Post Evacuate Collection Set: 1.1ms
[2024-02-23T10:47:41.797+0000][4616][gc,phases   ] GC(490)   Other: 0.8ms
[2024-02-23T10:47:41.797+0000][4616][gc,age      ] GC(490) Age table with threshold 15 (max threshold 15)
[2024-02-23T10:47:41.797+0000][4616][gc,age      ] GC(490) - age   1:   51253232 bytes,   51253232 total
[2024-02-23T10:47:41.797+0000][4616][gc,age      ] GC(490) - age   2:    2489424 bytes,   53742656 total
[2024-02-23T10:47:41.797+0000][4616][gc,heap     ] GC(490) Eden regions: 591->0(226)
[2024-02-23T10:47:41.797+0000][4616][gc,heap     ] GC(490) Survivor regions: 3->14(75)
[2024-02-23T10:47:41.797+0000][4616][gc,heap     ] GC(490) Old regions: 193->193
[2024-02-23T10:47:41.797+0000][4616][gc,heap     ] GC(490) Archive regions: 0->0
[2024-02-23T10:47:41.797+0000][4616][gc,heap     ] GC(490) Humongous regions: 6->6
[2024-02-23T10:47:41.797+0000][4616][gc,metaspace] GC(490) Metaspace: 132002K(137088K)->132002K(137088K) NonClass: 115016K(117824K)->115016K(117824K) Class: 16986K(19264K)->16986K(19264K)
[2024-02-23T10:47:41.797+0000][4616][gc          ] GC(490) Pause Young (Normal) (G1 Evacuation Pause) 3169M->848M(4040M) 172.339ms
[2024-02-23T10:47:41.797+0000][4616][gc,cpu      ] GC(490) User=0.11s Sys=0.69s Real=0.17s
[2024-02-23T10:47:41.797+0000][4616][safepoint   ] Safepoint "G1CollectForAllocation", Time since last: 3500102100 ns, Reaching safepoint: 121200 ns, At safepoint: 172675600 ns, Total: 172796800 ns
[2024-02-23T10:47:42.846+0000][4616][safepoint   ] Safepoint "Cleanup", Time since last: 1011108200 ns, Reaching safepoint: 36952500 ns, At safepoint: 276600 ns, Total: 37229100 ns
[2024-02-23T10:47:43.906+0000][4616][safepoint   ] Safepoint "Cleanup", Time since last: 1001876400 ns, Reaching safepoint: 57150100 ns, At safepoint: 808600 ns, Total: 57958700 ns
[2024-02-23T10:47:45.472+0000][4616][safepoint   ] Safepoint "Cleanup", Time since last: 1000886400 ns, Reaching safepoint: 564166600 ns, At safepoint: 852100 ns, Total: 565018700 ns
[2024-02-23T10:47:51.496+0000][4616][safepoint   ] Safepoint "Cleanup", Time since last: 6023869600 ns, Reaching safepoint: 134000 ns, At safepoint: 81500 ns, Total: 215500 ns
[2024-02-23T10:47:53.522+0000][4616][safepoint   ] Safepoint "Cleanup", Time since last: 2022768600 ns, Reaching safepoint: 281800 ns, At safepoint: 2565900 ns, Total: 2847700 ns
[2024-02-23T10:47:53.657+0000][4616][gc,start    ] GC(491) Pause Young (Normal) (G1 Evacuation Pause)
[2024-02-23T10:47:53.657+0000][4616][gc,task     ] GC(491) Using 8 workers of 8 for evacuation
[2024-02-23T10:47:53.657+0000][4616][gc,age      ] GC(491) Desired survivor size 62914560 bytes, new threshold 15 (max threshold 15)
[2024-02-23T10:47:53.687+0000][4616][gc,phases   ] GC(491)   Pre Evacuate Collection Set: 0.5ms
[2024-02-23T10:47:53.687+0000][4616][gc,phases   ] GC(491)   Merge Heap Roots: 0.4ms
[2024-02-23T10:47:53.687+0000][4616][gc,phases   ] GC(491)   Evacuate Collection Set: 25.0ms
[2024-02-23T10:47:53.687+0000][4616][gc,phases   ] GC(491)   Post Evacuate Collection Set: 1.3ms
[2024-02-23T10:47:53.687+0000][4616][gc,phases   ] GC(491)   Other: 2.9ms
[2024-02-23T10:47:53.687+0000][4616][gc,age      ] GC(491) Age table with threshold 15 (max threshold 15)
[2024-02-23T10:47:53.687+0000][4616][gc,age      ] GC(491) - age   1:   29579080 bytes,   29579080 total
[2024-02-23T10:47:53.687+0000][4616][gc,age      ] GC(491) - age   2:   43086968 bytes,   72666048 total
[2024-02-23T10:47:53.687+0000][4616][gc,age      ] GC(491) - age   3:    2489344 bytes,   75155392 total
[2024-02-23T10:47:53.687+0000][4616][gc,heap     ] GC(491) Eden regions: 226->0(239)
[2024-02-23T10:47:53.687+0000][4616][gc,heap     ] GC(491) Survivor regions: 14->19(30)
[2024-02-23T10:47:53.687+0000][4616][gc,heap     ] GC(491) Old regions: 193->193
[2024-02-23T10:47:53.687+0000][4616][gc,heap     ] GC(491) Archive regions: 0->0
[2024-02-23T10:47:53.687+0000][4616][gc,heap     ] GC(491) Humongous regions: 6->6
[2024-02-23T10:47:53.687+0000][4616][gc,metaspace] GC(491) Metaspace: 132002K(137088K)->132002K(137088K) NonClass: 115016K(117824K)->115016K(117824K) Class: 16986K(19264K)->16986K(19264K)
[2024-02-23T10:47:53.687+0000][4616][gc          ] GC(491) Pause Young (Normal) (G1 Evacuation Pause) 1752M->870M(4040M) 30.697ms
[2024-02-23T10:47:53.687+0000][4616][gc,cpu      ] GC(491) User=0.22s Sys=0.00s Real=0.03s
[2024-02-23T10:47:53.687+0000][4616][safepoint   ] Safepoint "G1CollectForAllocation", Time since last: 135043100 ns, Reaching safepoint: 166600 ns, At safepoint: 30888300 ns, Total: 31054900 ns
[2024-02-23T10:47:54.699+0000][4616][safepoint   ] Safepoint "Cleanup", Time since last: 1011491500 ns, Reaching safepoint: 113200 ns, At safepoint: 19200 ns, Total: 132400 ns
[2024-02-23T10:48:01.561+0000][4616][gc,start    ] GC(492) Pause Young (Normal) (G1 Evacuation Pause)
[2024-02-23T10:48:01.561+0000][4616][gc,task     ] GC(492) Using 8 workers of 8 for evacuation
[2024-02-23T10:48:01.561+0000][4616][gc,age      ] GC(492) Desired survivor size 69206016 bytes, new threshold 2 (max threshold 15)
[2024-02-23T10:48:01.679+0000][4616][gc,phases   ] GC(492)   Pre Evacuate Collection Set: 0.3ms
[2024-02-23T10:48:01.679+0000][4616][gc,phases   ] GC(492)   Merge Heap Roots: 0.4ms
[2024-02-23T10:48:01.679+0000][4616][gc,phases   ] GC(492)   Evacuate Collection Set: 113.0ms
[2024-02-23T10:48:01.679+0000][4616][gc,phases   ] GC(492)   Post Evacuate Collection Set: 2.0ms
[2024-02-23T10:48:01.679+0000][4616][gc,phases   ] GC(492)   Other: 0.3ms
[2024-02-23T10:48:01.679+0000][4616][gc,age      ] GC(492) Age table with threshold 2 (max threshold 15)
[2024-02-23T10:48:01.679+0000][4616][gc,age      ] GC(492) - age   1:   28860328 bytes,   28860328 total
[2024-02-23T10:48:01.679+0000][4616][gc,age      ] GC(492) - age   2:   20218688 bytes,   49079016 total
[2024-02-23T10:48:01.679+0000][4616][gc,heap     ] GC(492) Eden regions: 239->0(379)
[2024-02-23T10:48:01.680+0000][4616][gc,heap     ] GC(492) Survivor regions: 19->14(33)
[2024-02-23T10:48:01.680+0000][4616][gc,heap     ] GC(492) Old regions: 193->204
[2024-02-23T10:48:01.680+0000][4616][gc,heap     ] GC(492) Archive regions: 0->0
[2024-02-23T10:48:01.680+0000][4616][gc,heap     ] GC(492) Humongous regions: 7->7
[2024-02-23T10:48:01.680+0000][4616][gc,metaspace] GC(492) Metaspace: 132004K(137088K)->132004K(137088K) NonClass: 115017K(117824K)->115017K(117824K) Class: 16986K(19264K)->16986K(19264K)
[2024-02-23T10:48:01.680+0000][4616][gc          ] GC(492) Pause Young (Normal) (G1 Evacuation Pause) 1830M->894M(4040M) 116.725ms
[2024-02-23T10:48:01.680+0000][4616][gc,cpu      ] GC(492) User=0.23s Sys=0.33s Real=0.12s
[2024-02-23T10:48:01.680+0000][4616][safepoint   ] Safepoint "G1CollectForAllocation", Time since last: 6863947000 ns, Reaching safepoint: 205700 ns, At safepoint: 117147200 ns, Total: 117352900 ns
[2024-02-23T10:48:04.721+0000][4616][safepoint   ] Safepoint "Cleanup", Time since last: 3024315800 ns, Reaching safepoint: 16291600 ns, At safepoint: 101000 ns, Total: 16392600 ns
[2024-02-23T10:48:11.772+0000][4616][safepoint   ] Safepoint "Cleanup", Time since last: 7050256500 ns, Reaching safepoint: 535800 ns, At safepoint: 149100 ns, Total: 684900 ns
[2024-02-23T10:48:19.742+0000][4616][gc,start    ] GC(493) Pause Young (Normal) (G1 Evacuation Pause)
[2024-02-23T10:48:19.742+0000][4616][gc,task     ] GC(493) Using 8 workers of 8 for evacuation
[2024-02-23T10:48:19.742+0000][4616][gc,age      ] GC(493) Desired survivor size 104857600 bytes, new threshold 15 (max threshold 15)
[2024-02-23T10:48:19.768+0000][4616][gc,phases   ] GC(493)   Pre Evacuate Collection Set: 0.3ms
[2024-02-23T10:48:19.768+0000][4616][gc,phases   ] GC(493)   Merge Heap Roots: 0.3ms
[2024-02-23T10:48:19.768+0000][4616][gc,phases   ] GC(493)   Evacuate Collection Set: 21.4ms
[2024-02-23T10:48:19.768+0000][4616][gc,phases   ] GC(493)   Post Evacuate Collection Set: 2.3ms
[2024-02-23T10:48:19.768+0000][4616][gc,phases   ] GC(493)   Other: 0.5ms
[2024-02-23T10:48:19.768+0000][4616][gc,age      ] GC(493) Age table with threshold 15 (max threshold 15)
[2024-02-23T10:48:19.768+0000][4616][gc,age      ] GC(493) - age   1:   47176416 bytes,   47176416 total
[2024-02-23T10:48:19.768+0000][4616][gc,age      ] GC(493) - age   2:   16455912 bytes,   63632328 total
[2024-02-23T10:48:19.768+0000][4616][gc,age      ] GC(493) - age   3:   17073816 bytes,   80706144 total
[2024-02-23T10:48:19.768+0000][4616][gc,heap     ] GC(493) Eden regions: 379->0(427)
[2024-02-23T10:48:19.768+0000][4616][gc,heap     ] GC(493) Survivor regions: 14->21(50)
[2024-02-23T10:48:19.768+0000][4616][gc,heap     ] GC(493) Old regions: 204->204
[2024-02-23T10:48:19.768+0000][4616][gc,heap     ] GC(493) Archive regions: 0->0
[2024-02-23T10:48:19.768+0000][4616][gc,heap     ] GC(493) Humongous regions: 7->7
[2024-02-23T10:48:19.768+0000][4616][gc,metaspace] GC(493) Metaspace: 132004K(137088K)->132004K(137088K) NonClass: 115017K(117824K)->115017K(117824K) Class: 16986K(19264K)->16986K(19264K)
[2024-02-23T10:48:19.768+0000][4616][gc          ] GC(493) Pause Young (Normal) (G1 Evacuation Pause) 2410M->924M(4040M) 25.868ms
[2024-02-23T10:48:19.768+0000][4616][gc,cpu      ] GC(493) User=0.09s Sys=0.00s Real=0.03s
[2024-02-23T10:48:19.769+0000][4616][safepoint   ] Safepoint "G1CollectForAllocation", Time since last: 7970572300 ns, Reaching safepoint: 186200 ns, At safepoint: 26221500 ns, Total: 26407700 ns
[2024-02-23T10:48:52.036+0000][4616][safepoint   ] Safepoint "Cleanup", Time since last: 32266438300 ns, Reaching safepoint: 204100 ns, At safepoint: 43800 ns, Total: 247900 ns
[2024-02-23T10:48:55.469+0000][4616][gc,start    ] GC(494) Pause Young (Normal) (G1 Evacuation Pause)
[2024-02-23T10:48:55.469+0000][4616][gc,task     ] GC(494) Using 8 workers of 8 for evacuation
[2024-02-23T10:48:55.469+0000][4616][gc,age      ] GC(494) Desired survivor size 117440512 bytes, new threshold 15 (max threshold 15)
[2024-02-23T10:48:55.495+0000][4616][gc,phases   ] GC(494)   Pre Evacuate Collection Set: 0.2ms
[2024-02-23T10:48:55.495+0000][4616][gc,phases   ] GC(494)   Merge Heap Roots: 0.2ms
[2024-02-23T10:48:55.495+0000][4616][gc,phases   ] GC(494)   Evacuate Collection Set: 23.8ms
[2024-02-23T10:48:55.495+0000][4616][gc,phases   ] GC(494)   Post Evacuate Collection Set: 1.5ms
[2024-02-23T10:48:55.495+0000][4616][gc,phases   ] GC(494)   Other: 0.2ms
[2024-02-23T10:48:55.495+0000][4616][gc,age      ] GC(494) Age table with threshold 15 (max threshold 15)
[2024-02-23T10:48:55.495+0000][4616][gc,age      ] GC(494) - age   1:   46012256 bytes,   46012256 total
[2024-02-23T10:48:55.495+0000][4616][gc,age      ] GC(494) - age   2:   30299672 bytes,   76311928 total
[2024-02-23T10:48:55.495+0000][4616][gc,age      ] GC(494) - age   3:   12414328 bytes,   88726256 total
[2024-02-23T10:48:55.495+0000][4616][gc,age      ] GC(494) - age   4:   14422888 bytes,  103149144 total
[2024-02-23T10:48:55.495+0000][4616][gc,heap     ] GC(494) Eden regions: 427->0(570)
[2024-02-23T10:48:55.495+0000][4616][gc,heap     ] GC(494) Survivor regions: 21->27(56)
[2024-02-23T10:48:55.495+0000][4616][gc,heap     ] GC(494) Old regions: 204->204
[2024-02-23T10:48:55.495+0000][4616][gc,heap     ] GC(494) Archive regions: 0->0
[2024-02-23T10:48:55.495+0000][4616][gc,heap     ] GC(494) Humongous regions: 7->7
[2024-02-23T10:48:55.495+0000][4616][gc,metaspace] GC(494) Metaspace: 132009K(137088K)->132009K(137088K) NonClass: 115022K(117824K)->115022K(117824K) Class: 16986K(19264K)->16986K(19264K)
[2024-02-23T10:48:55.495+0000][4616][gc          ] GC(494) Pause Young (Normal) (G1 Evacuation Pause) 2632M->947M(4040M) 26.324ms
[2024-02-23T10:48:55.495+0000][4616][gc,cpu      ] GC(494) User=0.23s Sys=0.00s Real=0.03s
[2024-02-23T10:48:55.495+0000][4616][safepoint   ] Safepoint "G1CollectForAllocation", Time since last: 3433174600 ns, Reaching safepoint: 99100 ns, At safepoint: 26493900 ns, Total: 26593000 ns
[2024-02-23T10:49:19.698+0000][4616][safepoint   ] Safepoint "Cleanup", Time since last: 24201797200 ns, Reaching safepoint: 689500 ns, At safepoint: 31100 ns, Total: 720600 ns
[2024-02-23T10:49:22.721+0000][4616][safepoint   ] Safepoint "Cleanup", Time since last: 3022748700 ns, Reaching safepoint: 119600 ns, At safepoint: 18500 ns, Total: 138100 ns
[2024-02-23T10:49:25.731+0000][4616][safepoint   ] Safepoint "Cleanup", Time since last: 3009181900 ns, Reaching safepoint: 287100 ns, At safepoint: 37600 ns, Total: 324700 ns
[2024-02-23T10:49:29.780+0000][4616][safepoint   ] Safepoint "Cleanup", Time since last: 4049354500 ns, Reaching safepoint: 106300 ns, At safepoint: 30400 ns, Total: 136700 ns
[2024-02-23T10:49:34.837+0000][4616][safepoint   ] Safepoint "Cleanup", Time since last: 5021186000 ns, Reaching safepoint: 35331200 ns, At safepoint: 755700 ns, Total: 36086900 ns
[2024-02-23T10:49:42.979+0000][4616][safepoint   ] Safepoint "Cleanup", Time since last: 8086158100 ns, Reaching safepoint: 55009800 ns, At safepoint: 719800 ns, Total: 55729600 ns
[2024-02-23T10:49:44.013+0000][4616][safepoint   ] Safepoint "Cleanup", Time since last: 1008273700 ns, Reaching safepoint: 24328700 ns, At safepoint: 1724700 ns, Total: 26053400 ns
[2024-02-23T10:49:47.174+0000][4616][gc,start    ] GC(495) Pause Young (Concurrent Start) (G1 Evacuation Pause)
[2024-02-23T10:49:47.174+0000][4616][gc,task     ] GC(495) Using 8 workers of 8 for evacuation
[2024-02-23T10:49:47.174+0000][4616][gc,age      ] GC(495) Desired survivor size 157286400 bytes, new threshold 15 (max threshold 15)
[2024-02-23T10:49:47.433+0000][4616][gc,mmu      ] GC(495) MMU target violated: 201.0ms (200.0ms/201.0ms)
[2024-02-23T10:49:47.433+0000][4616][gc,phases   ] GC(495)   Pre Evacuate Collection Set: 0.5ms
[2024-02-23T10:49:47.433+0000][4616][gc,phases   ] GC(495)   Merge Heap Roots: 0.2ms
[2024-02-23T10:49:47.433+0000][4616][gc,phases   ] GC(495)   Evacuate Collection Set: 256.3ms
[2024-02-23T10:49:47.434+0000][4616][gc,phases   ] GC(495)   Post Evacuate Collection Set: 1.4ms
[2024-02-23T10:49:47.434+0000][4616][gc,phases   ] GC(495)   Other: 0.7ms
[2024-02-23T10:49:47.434+0000][4616][gc,age      ] GC(495) Age table with threshold 15 (max threshold 15)
[2024-02-23T10:49:47.434+0000][4616][gc,age      ] GC(495) - age   1:   36141264 bytes,   36141264 total
[2024-02-23T10:49:47.434+0000][4616][gc,age      ] GC(495) - age   2:   31859632 bytes,   68000896 total
[2024-02-23T10:49:47.434+0000][4616][gc,age      ] GC(495) - age   3:   28198248 bytes,   96199144 total
[2024-02-23T10:49:47.434+0000][4616][gc,age      ] GC(495) - age   4:   11558264 bytes,  107757408 total
[2024-02-23T10:49:47.434+0000][4616][gc,age      ] GC(495) - age   5:   10841040 bytes,  118598448 total
[2024-02-23T10:49:47.434+0000][4616][gc,heap     ] GC(495) Eden regions: 570->0(42)
[2024-02-23T10:49:47.434+0000][4616][gc,heap     ] GC(495) Survivor regions: 27->31(75)
[2024-02-23T10:49:47.434+0000][4616][gc,heap     ] GC(495) Old regions: 204->204
[2024-02-23T10:49:47.434+0000][4616][gc,heap     ] GC(495) Archive regions: 0->0
[2024-02-23T10:49:47.434+0000][4616][gc,heap     ] GC(495) Humongous regions: 7->7
[2024-02-23T10:49:47.434+0000][4616][gc,metaspace] GC(495) Metaspace: 132015K(137088K)->132015K(137088K) NonClass: 115028K(117824K)->115028K(117824K) Class: 16986K(19264K)->16986K(19264K)
[2024-02-23T10:49:47.434+0000][4616][gc          ] GC(495) Pause Young (Concurrent Start) (G1 Evacuation Pause) 3227M->963M(4040M) 259.661ms
[2024-02-23T10:49:47.434+0000][4616][gc          ] GC(496) Concurrent Mark Cycle
[2024-02-23T10:49:47.434+0000][4616][gc,cpu      ] GC(495) User=0.14s Sys=1.14s Real=0.26s
[2024-02-23T10:49:47.434+0000][4616][gc,marking  ] GC(496) Concurrent Clear Claimed Marks
[2024-02-23T10:49:47.434+0000][4616][gc,marking  ] GC(496) Concurrent Clear Claimed Marks 0.282ms
[2024-02-23T10:49:47.434+0000][4616][gc,marking  ] GC(496) Concurrent Scan Root Regions
[2024-02-23T10:49:47.434+0000][4616][safepoint   ] Safepoint "G1CollectForAllocation", Time since last: 3137474300 ns, Reaching safepoint: 23084300 ns, At safepoint: 260209200 ns, Total: 283293500 ns
[2024-02-23T10:49:47.673+0000][4616][gc,marking  ] GC(496) Concurrent Scan Root Regions 239.793ms
[2024-02-23T10:49:47.673+0000][4616][gc,marking  ] GC(496) Concurrent Mark
[2024-02-23T10:49:47.674+0000][4616][gc,marking  ] GC(496) Concurrent Mark From Roots
[2024-02-23T10:49:47.674+0000][4616][gc,task     ] GC(496) Using 2 workers of 2 for marking
[2024-02-23T10:49:49.212+0000][4616][gc,start    ] GC(497) Pause Young (Normal) (G1 Evacuation Pause)
[2024-02-23T10:49:49.212+0000][4616][gc,task     ] GC(497) Using 8 workers of 8 for evacuation
[2024-02-23T10:49:49.212+0000][4616][gc,age      ] GC(497) Desired survivor size 20971520 bytes, new threshold 1 (max threshold 15)
[2024-02-23T10:49:49.459+0000][4616][gc,mmu      ] GC(497) MMU target violated: 201.0ms (200.0ms/201.0ms)
[2024-02-23T10:49:49.459+0000][4616][gc,phases   ] GC(497)   Pre Evacuate Collection Set: 0.4ms
[2024-02-23T10:49:49.459+0000][4616][gc,phases   ] GC(497)   Merge Heap Roots: 0.1ms
[2024-02-23T10:49:49.459+0000][4616][gc,phases   ] GC(497)   Evacuate Collection Set: 247.0ms
[2024-02-23T10:49:49.459+0000][4616][gc,phases   ] GC(497)   Post Evacuate Collection Set: 0.9ms
[2024-02-23T10:49:49.459+0000][4616][gc,phases   ] GC(497)   Other: 0.9ms
[2024-02-23T10:49:49.459+0000][4616][gc,age      ] GC(497) Age table with threshold 1 (max threshold 15)
[2024-02-23T10:49:49.459+0000][4616][gc,age      ] GC(497) - age   1:   13640880 bytes,   13640880 total
[2024-02-23T10:49:49.459+0000][4616][gc,heap     ] GC(497) Eden regions: 42->0(567)
[2024-02-23T10:49:49.459+0000][4616][gc,heap     ] GC(497) Survivor regions: 31->6(10)
[2024-02-23T10:49:49.459+0000][4616][gc,heap     ] GC(497) Old regions: 204->231
[2024-02-23T10:49:49.459+0000][4616][gc,heap     ] GC(497) Archive regions: 0->0
[2024-02-23T10:49:49.459+0000][4616][gc,heap     ] GC(497) Humongous regions: 7->7
[2024-02-23T10:49:49.459+0000][4616][gc,metaspace] GC(497) Metaspace: 132015K(137088K)->132015K(137088K) NonClass: 115028K(117824K)->115028K(117824K) Class: 16986K(19264K)->16986K(19264K)
[2024-02-23T10:49:49.459+0000][4616][gc          ] GC(497) Pause Young (Normal) (G1 Evacuation Pause) 1131M->971M(4040M) 250.096ms
[2024-02-23T10:49:49.459+0000][4616][gc,cpu      ] GC(497) User=0.17s Sys=0.33s Real=0.25s
[2024-02-23T10:49:49.459+0000][4616][safepoint   ] Safepoint "G1CollectForAllocation", Time since last: 1746877500 ns, Reaching safepoint: 31039300 ns, At safepoint: 250630400 ns, Total: 281669700 ns
[2024-02-23T10:49:49.798+0000][4616][gc,marking  ] GC(496) Concurrent Mark From Roots 2123.430ms
[2024-02-23T10:49:49.798+0000][4616][gc,marking  ] GC(496) Concurrent Preclean
[2024-02-23T10:49:49.799+0000][4616][gc,marking  ] GC(496) Concurrent Preclean 1.223ms
[2024-02-23T10:49:49.854+0000][4616][gc,start    ] GC(496) Pause Remark
[2024-02-23T10:49:50.132+0000][4616][gc,mmu      ] GC(496) MMU target violated: 201.0ms (200.0ms/201.0ms)
[2024-02-23T10:49:50.132+0000][4616][gc          ] GC(496) Pause Remark 1026M->1006M(4040M) 277.450ms
[2024-02-23T10:49:50.132+0000][4616][gc,cpu      ] GC(496) User=0.19s Sys=0.11s Real=0.28s
[2024-02-23T10:49:50.134+0000][4616][safepoint   ] Safepoint "G1Concurrent", Time since last: 336125000 ns, Reaching safepoint: 55143700 ns, At safepoint: 279804600 ns, Total: 334948300 ns
[2024-02-23T10:49:50.134+0000][4616][gc,marking  ] GC(496) Concurrent Mark 2459.889ms
[2024-02-23T10:49:50.134+0000][4616][gc,marking  ] GC(496) Concurrent Rebuild Remembered Sets
[2024-02-23T10:49:50.431+0000][4616][gc,marking  ] GC(496) Concurrent Rebuild Remembered Sets 297.546ms
[2024-02-23T10:49:50.466+0000][4616][gc,start    ] GC(496) Pause Cleanup
[2024-02-23T10:49:50.485+0000][4616][gc          ] GC(496) Pause Cleanup 1025M->1025M(4040M) 19.456ms
[2024-02-23T10:49:50.485+0000][4616][gc,cpu      ] GC(496) User=0.00s Sys=0.00s Real=0.02s
[2024-02-23T10:49:50.485+0000][4616][safepoint   ] Safepoint "G1Concurrent", Time since last: 297827600 ns, Reaching safepoint: 33921500 ns, At safepoint: 19723800 ns, Total: 53645300 ns
[2024-02-23T10:49:50.485+0000][4616][gc,marking  ] GC(496) Concurrent Cleanup for Next Mark
[2024-02-23T10:49:50.518+0000][4616][gc,marking  ] GC(496) Concurrent Cleanup for Next Mark 33.202ms
[2024-02-23T10:49:50.518+0000][4616][gc          ] GC(496) Concurrent Mark Cycle 3084.876ms
[2024-02-23T10:49:52.530+0000][4616][safepoint   ] Safepoint "Cleanup", Time since last: 2008656800 ns, Reaching safepoint: 33525700 ns, At safepoint: 2104600 ns, Total: 35630300 ns
[2024-02-23T10:49:55.627+0000][4616][safepoint   ] Safepoint "Cleanup", Time since last: 3016019300 ns, Reaching safepoint: 81137200 ns, At safepoint: 642400 ns, Total: 81779600 ns
[2024-02-23T10:50:06.846+0000][4616][safepoint   ] Safepoint "Cleanup", Time since last: 11089923800 ns, Reaching safepoint: 127347000 ns, At safepoint: 1626400 ns, Total: 128973400 ns
[2024-02-23T10:50:10.029+0000][4616][safepoint   ] Safepoint "Cleanup", Time since last: 3005988700 ns, Reaching safepoint: 175498200 ns, At safepoint: 843600 ns, Total: 176341800 ns
[2024-02-23T10:50:19.501+0000][4616][gc,start    ] GC(498) Pause Young (Prepare Mixed) (G1 Evacuation Pause)
[2024-02-23T10:50:19.501+0000][4616][gc,task     ] GC(498) Using 8 workers of 8 for evacuation
[2024-02-23T10:50:19.501+0000][4616][gc,age      ] GC(498) Desired survivor size 150994944 bytes, new threshold 15 (max threshold 15)
[2024-02-23T10:50:19.529+0000][4616][gc,phases   ] GC(498)   Pre Evacuate Collection Set: 0.2ms
[2024-02-23T10:50:19.529+0000][4616][gc,phases   ] GC(498)   Merge Heap Roots: 0.3ms
[2024-02-23T10:50:19.529+0000][4616][gc,phases   ] GC(498)   Evacuate Collection Set: 24.9ms
[2024-02-23T10:50:19.529+0000][4616][gc,phases   ] GC(498)   Post Evacuate Collection Set: 2.2ms
[2024-02-23T10:50:19.529+0000][4616][gc,phases   ] GC(498)   Other: 0.5ms
[2024-02-23T10:50:19.529+0000][4616][gc,age      ] GC(498) Age table with threshold 15 (max threshold 15)
[2024-02-23T10:50:19.529+0000][4616][gc,age      ] GC(498) - age   1:   26533208 bytes,   26533208 total
[2024-02-23T10:50:19.529+0000][4616][gc,age      ] GC(498) - age   2:    2175360 bytes,   28708568 total
[2024-02-23T10:50:19.529+0000][4616][gc,heap     ] GC(498) Eden regions: 567->0(42)
[2024-02-23T10:50:19.529+0000][4616][gc,heap     ] GC(498) Survivor regions: 6->8(72)
[2024-02-23T10:50:19.529+0000][4616][gc,heap     ] GC(498) Old regions: 231->231
[2024-02-23T10:50:19.529+0000][4616][gc,heap     ] GC(498) Archive regions: 0->0
[2024-02-23T10:50:19.529+0000][4616][gc,heap     ] GC(498) Humongous regions: 2->2
[2024-02-23T10:50:19.529+0000][4616][gc,metaspace] GC(498) Metaspace: 132020K(137088K)->132020K(137088K) NonClass: 115033K(117824K)->115033K(117824K) Class: 16986K(19264K)->16986K(19264K)
[2024-02-23T10:50:19.529+0000][4616][gc          ] GC(498) Pause Young (Prepare Mixed) (G1 Evacuation Pause) 3219M->960M(4040M) 28.789ms
[2024-02-23T10:50:19.530+0000][4616][gc,cpu      ] GC(498) User=0.22s Sys=0.00s Real=0.03s
[2024-02-23T10:50:19.530+0000][4616][safepoint   ] Safepoint "G1CollectForAllocation", Time since last: 9448691700 ns, Reaching safepoint: 23944400 ns, At safepoint: 29049500 ns, Total: 52993900 ns
[2024-02-23T10:50:20.212+0000][4616][gc,start    ] GC(499) Pause Young (Mixed) (G1 Evacuation Pause)
[2024-02-23T10:50:20.212+0000][4616][gc,task     ] GC(499) Using 8 workers of 8 for evacuation
[2024-02-23T10:50:20.212+0000][4616][gc,age      ] GC(499) Desired survivor size 14680064 bytes, new threshold 1 (max threshold 15)
[2024-02-23T10:50:20.297+0000][4616][gc,phases   ] GC(499)   Pre Evacuate Collection Set: 0.2ms
[2024-02-23T10:50:20.297+0000][4616][gc,phases   ] GC(499)   Merge Heap Roots: 0.2ms
[2024-02-23T10:50:20.297+0000][4616][gc,phases   ] GC(499)   Evacuate Collection Set: 81.9ms
[2024-02-23T10:50:20.297+0000][4616][gc,phases   ] GC(499)   Post Evacuate Collection Set: 1.4ms
[2024-02-23T10:50:20.297+0000][4616][gc,phases   ] GC(499)   Other: 1.4ms
[2024-02-23T10:50:20.297+0000][4616][gc,age      ] GC(499) Age table with threshold 1 (max threshold 15)
[2024-02-23T10:50:20.297+0000][4616][gc,age      ] GC(499) - age   1:    8655376 bytes,    8655376 total
[2024-02-23T10:50:20.297+0000][4616][gc,heap     ] GC(499) Eden regions: 42->0(47)
[2024-02-23T10:50:20.297+0000][4616][gc,heap     ] GC(499) Survivor regions: 8->3(7)
[2024-02-23T10:50:20.297+0000][4616][gc,heap     ] GC(499) Old regions: 231->141
[2024-02-23T10:50:20.297+0000][4616][gc,heap     ] GC(499) Archive regions: 0->0
[2024-02-23T10:50:20.297+0000][4616][gc,heap     ] GC(499) Humongous regions: 2->2
[2024-02-23T10:50:20.297+0000][4616][gc,metaspace] GC(499) Metaspace: 132025K(137088K)->132025K(137088K) NonClass: 115038K(117824K)->115038K(117824K) Class: 16986K(19264K)->16986K(19264K)
[2024-02-23T10:50:20.297+0000][4616][gc          ] GC(499) Pause Young (Mixed) (G1 Evacuation Pause) 1128M->581M(4040M) 85.662ms
[2024-02-23T10:50:20.298+0000][4616][gc,cpu      ] GC(499) User=0.22s Sys=0.27s Real=0.09s
[2024-02-23T10:50:20.299+0000][4616][safepoint   ] Safepoint "G1CollectForAllocation", Time since last: 663617500 ns, Reaching safepoint: 18237000 ns, At safepoint: 87059700 ns, Total: 105296700 ns
[2024-02-23T10:50:21.682+0000][4616][gc,start    ] GC(500) Pause Young (Mixed) (G1 Evacuation Pause)
[2024-02-23T10:50:21.682+0000][4616][gc,task     ] GC(500) Using 8 workers of 8 for evacuation
[2024-02-23T10:50:21.682+0000][4616][gc,age      ] GC(500) Desired survivor size 14680064 bytes, new threshold 15 (max threshold 15)
[2024-02-23T10:50:21.702+0000][4616][gc,phases   ] GC(500)   Pre Evacuate Collection Set: 0.8ms
[2024-02-23T10:50:21.702+0000][4616][gc,phases   ] GC(500)   Merge Heap Roots: 0.1ms
[2024-02-23T10:50:21.702+0000][4616][gc,phases   ] GC(500)   Evacuate Collection Set: 18.0ms
[2024-02-23T10:50:21.702+0000][4616][gc,phases   ] GC(500)   Post Evacuate Collection Set: 0.9ms
[2024-02-23T10:50:21.702+0000][4616][gc,phases   ] GC(500)   Other: 0.7ms
[2024-02-23T10:50:21.702+0000][4616][gc,age      ] GC(500) Age table with threshold 15 (max threshold 15)
[2024-02-23T10:50:21.702+0000][4616][gc,age      ] GC(500) - age   1:   10712584 bytes,   10712584 total
[2024-02-23T10:50:21.702+0000][4616][gc,age      ] GC(500) - age   2:    4056456 bytes,   14769040 total
[2024-02-23T10:50:21.702+0000][4616][gc,heap     ] GC(500) Eden regions: 47->0(602)
[2024-02-23T10:50:21.702+0000][4616][gc,heap     ] GC(500) Survivor regions: 3->4(7)
[2024-02-23T10:50:21.702+0000][4616][gc,heap     ] GC(500) Old regions: 141->132
[2024-02-23T10:50:21.703+0000][4616][gc,heap     ] GC(500) Archive regions: 0->0
[2024-02-23T10:50:21.703+0000][4616][gc,heap     ] GC(500) Humongous regions: 2->2
[2024-02-23T10:50:21.703+0000][4616][gc,metaspace] GC(500) Metaspace: 132025K(137088K)->132025K(137088K) NonClass: 115038K(117824K)->115038K(117824K) Class: 16986K(19264K)->16986K(19264K)
[2024-02-23T10:50:21.703+0000][4616][gc          ] GC(500) Pause Young (Mixed) (G1 Evacuation Pause) 769M->551M(4040M) 20.949ms
[2024-02-23T10:50:21.703+0000][4616][gc,cpu      ] GC(500) User=0.11s Sys=0.00s Real=0.02s
[2024-02-23T10:50:21.704+0000][4616][safepoint   ] Safepoint "G1CollectForAllocation", Time since last: 1371771100 ns, Reaching safepoint: 10644000 ns, At safepoint: 21638400 ns, Total: 32282400 ns
[2024-02-23T10:50:24.723+0000][4616][safepoint   ] Safepoint "Cleanup", Time since last: 3019697100 ns, Reaching safepoint: 110400 ns, At safepoint: 37400 ns, Total: 147800 ns
[2024-02-23T10:50:39.849+0000][4616][gc,start    ] GC(501) Pause Young (Normal) (G1 Evacuation Pause)
[2024-02-23T10:50:39.849+0000][4616][gc,task     ] GC(501) Using 8 workers of 8 for evacuation
[2024-02-23T10:50:39.849+0000][4616][gc,age      ] GC(501) Desired survivor size 159383552 bytes, new threshold 15 (max threshold 15)
[2024-02-23T10:50:39.872+0000][4616][gc,phases   ] GC(501)   Pre Evacuate Collection Set: 0.2ms
[2024-02-23T10:50:39.872+0000][4616][gc,phases   ] GC(501)   Merge Heap Roots: 0.2ms
[2024-02-23T10:50:39.872+0000][4616][gc,phases   ] GC(501)   Evacuate Collection Set: 19.0ms
[2024-02-23T10:50:39.872+0000][4616][gc,phases   ] GC(501)   Post Evacuate Collection Set: 1.5ms
[2024-02-23T10:50:39.872+0000][4616][gc,phases   ] GC(501)   Other: 0.2ms
[2024-02-23T10:50:39.872+0000][4616][gc,age      ] GC(501) Age table with threshold 15 (max threshold 15)
[2024-02-23T10:50:39.872+0000][4616][gc,age      ] GC(501) - age   1:   51456752 bytes,   51456752 total
[2024-02-23T10:50:39.872+0000][4616][gc,age      ] GC(501) - age   2:    2714976 bytes,   54171728 total
[2024-02-23T10:50:39.872+0000][4616][gc,age      ] GC(501) - age   3:    1047816 bytes,   55219544 total
[2024-02-23T10:50:39.872+0000][4616][gc,heap     ] GC(501) Eden regions: 602->0(592)
[2024-02-23T10:50:39.872+0000][4616][gc,heap     ] GC(501) Survivor regions: 4->14(76)
[2024-02-23T10:50:39.872+0000][4616][gc,heap     ] GC(501) Old regions: 132->132
[2024-02-23T10:50:39.872+0000][4616][gc,heap     ] GC(501) Archive regions: 0->0
[2024-02-23T10:50:39.872+0000][4616][gc,heap     ] GC(501) Humongous regions: 2->2
[2024-02-23T10:50:39.872+0000][4616][gc,metaspace] GC(501) Metaspace: 132025K(137088K)->132025K(137088K) NonClass: 115039K(117824K)->115039K(117824K) Class: 16986K(19264K)->16986K(19264K)
[2024-02-23T10:50:39.872+0000][4616][gc          ] GC(501) Pause Young (Normal) (G1 Evacuation Pause) 2959M->590M(4040M) 21.603ms
[2024-02-23T10:50:39.872+0000][4616][gc,cpu      ] GC(501) User=0.19s Sys=0.02s Real=0.02s
[2024-02-23T10:50:39.872+0000][4616][safepoint   ] Safepoint "G1CollectForAllocation", Time since last: 15129799400 ns, Reaching safepoint: 196600 ns, At safepoint: 21834400 ns, Total: 22031000 ns
[2024-02-23T10:50:50.976+0000][4616][safepoint   ] Safepoint "Cleanup", Time since last: 11100996800 ns, Reaching safepoint: 106000 ns, At safepoint: 23900 ns, Total: 129900 ns
[2024-02-23T10:51:36.169+0000][4616][gc,start    ] GC(502) Pause Young (Normal) (G1 Evacuation Pause)
[2024-02-23T10:51:36.169+0000][4616][gc,task     ] GC(502) Using 8 workers of 8 for evacuation
[2024-02-23T10:51:36.169+0000][4616][gc,age      ] GC(502) Desired survivor size 159383552 bytes, new threshold 15 (max threshold 15)
[2024-02-23T10:51:36.204+0000][4616][gc,phases   ] GC(502)   Pre Evacuate Collection Set: 0.3ms
[2024-02-23T10:51:36.204+0000][4616][gc,phases   ] GC(502)   Merge Heap Roots: 0.2ms
[2024-02-23T10:51:36.204+0000][4616][gc,phases   ] GC(502)   Evacuate Collection Set: 33.6ms
[2024-02-23T10:51:36.204+0000][4616][gc,phases   ] GC(502)   Post Evacuate Collection Set: 1.4ms
[2024-02-23T10:51:36.204+0000][4616][gc,phases   ] GC(502)   Other: 0.3ms
[2024-02-23T10:51:36.204+0000][4616][gc,age      ] GC(502) Age table with threshold 15 (max threshold 15)
[2024-02-23T10:51:36.204+0000][4616][gc,age      ] GC(502) - age   1:   44388072 bytes,   44388072 total
[2024-02-23T10:51:36.204+0000][4616][gc,age      ] GC(502) - age   2:   38977832 bytes,   83365904 total
[2024-02-23T10:51:36.204+0000][4616][gc,age      ] GC(502) - age   3:    2689080 bytes,   86054984 total
[2024-02-23T10:51:36.204+0000][4616][gc,age      ] GC(502) - age   4:    1028632 bytes,   87083616 total
[2024-02-23T10:51:36.204+0000][4616][gc,heap     ] GC(502) Eden regions: 592->0(584)
[2024-02-23T10:51:36.204+0000][4616][gc,heap     ] GC(502) Survivor regions: 14->22(76)
[2024-02-23T10:51:36.204+0000][4616][gc,heap     ] GC(502) Old regions: 132->132
[2024-02-23T10:51:36.204+0000][4616][gc,heap     ] GC(502) Archive regions: 0->0
[2024-02-23T10:51:36.204+0000][4616][gc,heap     ] GC(502) Humongous regions: 2->2
[2024-02-23T10:51:36.204+0000][4616][gc,metaspace] GC(502) Metaspace: 132026K(137088K)->132026K(137088K) NonClass: 115039K(117824K)->115039K(117824K) Class: 16986K(19264K)->16986K(19264K)
[2024-02-23T10:51:36.204+0000][4616][gc          ] GC(502) Pause Young (Normal) (G1 Evacuation Pause) 2958M->623M(4040M) 36.202ms
[2024-02-23T10:51:36.204+0000][4616][gc,cpu      ] GC(502) User=0.17s Sys=0.02s Real=0.04s
[2024-02-23T10:51:36.204+0000][4616][safepoint   ] Safepoint "G1CollectForAllocation", Time since last: 45196058400 ns, Reaching safepoint: 116000 ns, At safepoint: 36444900 ns, Total: 36560900 ns
[2024-02-23T10:52:13.072+0000][4616][safepoint   ] Safepoint "Cleanup", Time since last: 36288069000 ns, Reaching safepoint: 574112800 ns, At safepoint: 1207400 ns, Total: 575320200 ns
[2024-02-23T10:52:17.097+0000][4616][safepoint   ] Safepoint "Cleanup", Time since last: 4024205500 ns, Reaching safepoint: 88200 ns, At safepoint: 126600 ns, Total: 214800 ns
[2024-02-23T10:52:21.835+0000][4616][safepoint   ] Safepoint "Cleanup", Time since last: 4023187700 ns, Reaching safepoint: 712879500 ns, At safepoint: 3225500 ns, Total: 716105000 ns
[2024-02-23T10:52:23.115+0000][4616][safepoint   ] Safepoint "Cleanup", Time since last: 1009244300 ns, Reaching safepoint: 268180700 ns, At safepoint: 1590200 ns, Total: 269770900 ns
[2024-02-23T10:52:32.565+0000][4616][safepoint   ] Safepoint "Cleanup", Time since last: 9065734200 ns, Reaching safepoint: 383636200 ns, At safepoint: 925500 ns, Total: 384561700 ns
[2024-02-23T10:52:44.709+0000][4616][safepoint   ] Safepoint "Cleanup", Time since last: 12143650600 ns, Reaching safepoint: 139000 ns, At safepoint: 32900 ns, Total: 171900 ns
[2024-02-23T10:52:50.393+0000][4616][gc,start    ] GC(503) Pause Young (Concurrent Start) (G1 Evacuation Pause)
[2024-02-23T10:52:50.393+0000][4616][gc,task     ] GC(503) Using 8 workers of 8 for evacuation
[2024-02-23T10:52:50.393+0000][4616][gc,age      ] GC(503) Desired survivor size 159383552 bytes, new threshold 15 (max threshold 15)
[2024-02-23T10:52:50.421+0000][4616][gc,phases   ] GC(503)   Pre Evacuate Collection Set: 0.7ms
[2024-02-23T10:52:50.421+0000][4616][gc,phases   ] GC(503)   Merge Heap Roots: 0.3ms
[2024-02-23T10:52:50.421+0000][4616][gc,phases   ] GC(503)   Evacuate Collection Set: 23.4ms
[2024-02-23T10:52:50.421+0000][4616][gc,phases   ] GC(503)   Post Evacuate Collection Set: 2.4ms
[2024-02-23T10:52:50.421+0000][4616][gc,phases   ] GC(503)   Other: 0.5ms
[2024-02-23T10:52:50.421+0000][4616][gc,age      ] GC(503) Age table with threshold 15 (max threshold 15)
[2024-02-23T10:52:50.421+0000][4616][gc,age      ] GC(503) - age   1:   36792952 bytes,   36792952 total
[2024-02-23T10:52:50.421+0000][4616][gc,age      ] GC(503) - age   2:     395224 bytes,   37188176 total
[2024-02-23T10:52:50.421+0000][4616][gc,age      ] GC(503) - age   3:    3145208 bytes,   40333384 total
[2024-02-23T10:52:50.421+0000][4616][gc,age      ] GC(503) - age   4:    2197240 bytes,   42530624 total
[2024-02-23T10:52:50.421+0000][4616][gc,age      ] GC(503) - age   5:     823664 bytes,   43354288 total
[2024-02-23T10:52:50.422+0000][4616][gc,heap     ] GC(503) Eden regions: 584->0(594)
[2024-02-23T10:52:50.422+0000][4616][gc,heap     ] GC(503) Survivor regions: 22->12(76)
[2024-02-23T10:52:50.422+0000][4616][gc,heap     ] GC(503) Old regions: 132->132
[2024-02-23T10:52:50.422+0000][4616][gc,heap     ] GC(503) Archive regions: 0->0
[2024-02-23T10:52:50.422+0000][4616][gc,heap     ] GC(503) Humongous regions: 2->2
[2024-02-23T10:52:50.422+0000][4616][gc,metaspace] GC(503) Metaspace: 132036K(137088K)->132036K(137088K) NonClass: 115050K(117824K)->115050K(117824K) Class: 16986K(19264K)->16986K(19264K)
[2024-02-23T10:52:50.422+0000][4616][gc          ] GC(503) Pause Young (Concurrent Start) (G1 Evacuation Pause) 2959M->583M(4040M) 28.468ms
[2024-02-23T10:52:50.422+0000][4616][gc,cpu      ] GC(503) User=0.25s Sys=0.00s Real=0.03s
[2024-02-23T10:52:50.422+0000][4616][gc          ] GC(504) Concurrent Mark Cycle
[2024-02-23T10:52:50.422+0000][4616][gc,marking  ] GC(504) Concurrent Clear Claimed Marks
[2024-02-23T10:52:50.422+0000][4616][safepoint   ] Safepoint "G1CollectForAllocation", Time since last: 5684340300 ns, Reaching safepoint: 118000 ns, At safepoint: 28832900 ns, Total: 28950900 ns
[2024-02-23T10:52:50.423+0000][4616][gc,marking  ] GC(504) Concurrent Clear Claimed Marks 0.249ms
[2024-02-23T10:52:50.423+0000][4616][gc,marking  ] GC(504) Concurrent Scan Root Regions
[2024-02-23T10:52:50.436+0000][4616][gc,marking  ] GC(504) Concurrent Scan Root Regions 21.515ms
[2024-02-23T10:52:50.436+0000][4616][gc,marking  ] GC(504) Concurrent Mark
[2024-02-23T10:52:50.436+0000][4616][gc,marking  ] GC(504) Concurrent Mark From Roots
[2024-02-23T10:52:50.436+0000][4616][gc,task     ] GC(504) Using 2 workers of 2 for marking
[2024-02-23T10:52:50.667+0000][4616][gc,marking  ] GC(504) Concurrent Mark From Roots 223.168ms
[2024-02-23T10:52:50.667+0000][4616][gc,marking  ] GC(504) Concurrent Preclean
[2024-02-23T10:52:50.668+0000][4616][gc,marking  ] GC(504) Concurrent Preclean 0.873ms
[2024-02-23T10:52:50.668+0000][4616][gc,start    ] GC(504) Pause Remark
[2024-02-23T10:52:50.683+0000][4616][gc          ] GC(504) Pause Remark 633M->633M(4040M) 15.217ms
[2024-02-23T10:52:50.683+0000][4616][gc,cpu      ] GC(504) User=0.12s Sys=0.00s Real=0.02s
[2024-02-23T10:52:50.683+0000][4616][safepoint   ] Safepoint "G1Concurrent", Time since last: 246071900 ns, Reaching safepoint: 101200 ns, At safepoint: 15469500 ns, Total: 15570700 ns
[2024-02-23T10:52:50.684+0000][4616][gc,marking  ] GC(504) Concurrent Mark 239.875ms
[2024-02-23T10:52:50.684+0000][4616][gc,marking  ] GC(504) Concurrent Rebuild Remembered Sets
[2024-02-23T10:52:50.827+0000][4616][gc,marking  ] GC(504) Concurrent Rebuild Remembered Sets 143.507ms
[2024-02-23T10:52:50.827+0000][4616][gc,start    ] GC(504) Pause Cleanup
[2024-02-23T10:52:50.827+0000][4616][gc          ] GC(504) Pause Cleanup 657M->657M(4040M) 0.372ms
[2024-02-23T10:52:50.827+0000][4616][gc,cpu      ] GC(504) User=0.00s Sys=0.00s Real=0.00s
[2024-02-23T10:52:50.827+0000][4616][safepoint   ] Safepoint "G1Concurrent", Time since last: 143805900 ns, Reaching safepoint: 60900 ns, At safepoint: 514200 ns, Total: 575100 ns
[2024-02-23T10:52:50.827+0000][4616][gc,marking  ] GC(504) Concurrent Cleanup for Next Mark
[2024-02-23T10:52:50.843+0000][4616][gc,marking  ] GC(504) Concurrent Cleanup for Next Mark 15.016ms
[2024-02-23T10:52:50.843+0000][4616][gc          ] GC(504) Concurrent Mark Cycle 421.370ms
[2024-02-23T10:53:06.753+0000][4616][gc,start    ] GC(505) Pause Young (Prepare Mixed) (G1 Evacuation Pause)
[2024-02-23T10:53:06.753+0000][4616][gc,task     ] GC(505) Using 8 workers of 8 for evacuation
[2024-02-23T10:53:06.753+0000][4616][gc,age      ] GC(505) Desired survivor size 159383552 bytes, new threshold 15 (max threshold 15)
[2024-02-23T10:53:06.777+0000][4616][gc,phases   ] GC(505)   Pre Evacuate Collection Set: 0.2ms
[2024-02-23T10:53:06.777+0000][4616][gc,phases   ] GC(505)   Merge Heap Roots: 0.3ms
[2024-02-23T10:53:06.777+0000][4616][gc,phases   ] GC(505)   Evacuate Collection Set: 21.3ms
[2024-02-23T10:53:06.777+0000][4616][gc,phases   ] GC(505)   Post Evacuate Collection Set: 2.0ms
[2024-02-23T10:53:06.777+0000][4616][gc,phases   ] GC(505)   Other: 0.2ms
[2024-02-23T10:53:06.777+0000][4616][gc,age      ] GC(505) Age table with threshold 15 (max threshold 15)
[2024-02-23T10:53:06.777+0000][4616][gc,age      ] GC(505) - age   1:   32384864 bytes,   32384864 total
[2024-02-23T10:53:06.777+0000][4616][gc,age      ] GC(505) - age   2:   16649896 bytes,   49034760 total
[2024-02-23T10:53:06.777+0000][4616][gc,age      ] GC(505) - age   3:     372520 bytes,   49407280 total
[2024-02-23T10:53:06.777+0000][4616][gc,age      ] GC(505) - age   4:    2892536 bytes,   52299816 total
[2024-02-23T10:53:06.777+0000][4616][gc,age      ] GC(505) - age   5:    1735528 bytes,   54035344 total
[2024-02-23T10:53:06.777+0000][4616][gc,age      ] GC(505) - age   6:     600112 bytes,   54635456 total
[2024-02-23T10:53:06.777+0000][4616][gc,heap     ] GC(505) Eden regions: 594->0(36)
[2024-02-23T10:53:06.777+0000][4616][gc,heap     ] GC(505) Survivor regions: 12->14(76)
[2024-02-23T10:53:06.777+0000][4616][gc,heap     ] GC(505) Old regions: 132->132
[2024-02-23T10:53:06.777+0000][4616][gc,heap     ] GC(505) Archive regions: 0->0
[2024-02-23T10:53:06.777+0000][4616][gc,heap     ] GC(505) Humongous regions: 2->2
[2024-02-23T10:53:06.777+0000][4616][gc,metaspace] GC(505) Metaspace: 132041K(137088K)->132041K(137088K) NonClass: 115054K(117824K)->115054K(117824K) Class: 16986K(19264K)->16986K(19264K)
[2024-02-23T10:53:06.777+0000][4616][gc          ] GC(505) Pause Young (Prepare Mixed) (G1 Evacuation Pause) 2959M->591M(4040M) 24.688ms
[2024-02-23T10:53:06.777+0000][4616][gc,cpu      ] GC(505) User=0.16s Sys=0.03s Real=0.02s
[2024-02-23T10:53:06.777+0000][4616][safepoint   ] Safepoint "G1CollectForAllocation", Time since last: 15897606500 ns, Reaching safepoint: 27021200 ns, At safepoint: 24984300 ns, Total: 52005500 ns
[2024-02-23T10:53:07.378+0000][4616][gc,start    ] GC(506) Pause Young (Mixed) (G1 Evacuation Pause)
[2024-02-23T10:53:07.378+0000][4616][gc,task     ] GC(506) Using 8 workers of 8 for evacuation
[2024-02-23T10:53:07.378+0000][4616][gc,age      ] GC(506) Desired survivor size 14680064 bytes, new threshold 1 (max threshold 15)
[2024-02-23T10:53:07.752+0000][4616][gc,mmu      ] GC(506) MMU target violated: 201.0ms (200.0ms/201.0ms)
[2024-02-23T10:53:07.752+0000][4616][gc,phases   ] GC(506)   Pre Evacuate Collection Set: 1.5ms
[2024-02-23T10:53:07.752+0000][4616][gc,phases   ] GC(506)   Merge Heap Roots: 0.4ms
[2024-02-23T10:53:07.752+0000][4616][gc,phases   ] GC(506)   Evacuate Collection Set: 367.1ms
[2024-02-23T10:53:07.752+0000][4616][gc,phases   ] GC(506)   Post Evacuate Collection Set: 1.3ms
[2024-02-23T10:53:07.752+0000][4616][gc,phases   ] GC(506)   Other: 3.2ms
[2024-02-23T10:53:07.752+0000][4616][gc,age      ] GC(506) Age table with threshold 1 (max threshold 15)
[2024-02-23T10:53:07.752+0000][4616][gc,age      ] GC(506) - age   1:    4222096 bytes,    4222096 total
[2024-02-23T10:53:07.752+0000][4616][gc,heap     ] GC(506) Eden regions: 36->0(297)
[2024-02-23T10:53:07.752+0000][4616][gc,heap     ] GC(506) Survivor regions: 14->3(7)
[2024-02-23T10:53:07.752+0000][4616][gc,heap     ] GC(506) Old regions: 132->97
[2024-02-23T10:53:07.752+0000][4616][gc,heap     ] GC(506) Archive regions: 0->0
[2024-02-23T10:53:07.753+0000][4616][gc,heap     ] GC(506) Humongous regions: 2->2
[2024-02-23T10:53:07.753+0000][4616][gc,metaspace] GC(506) Metaspace: 132041K(137088K)->132041K(137088K) NonClass: 115054K(117824K)->115054K(117824K) Class: 16986K(19264K)->16986K(19264K)
[2024-02-23T10:53:07.753+0000][4616][gc          ] GC(506) Pause Young (Mixed) (G1 Evacuation Pause) 735M->403M(4040M) 374.530ms
[2024-02-23T10:53:07.753+0000][4616][gc,cpu      ] GC(506) User=0.58s Sys=0.36s Real=0.38s
[2024-02-23T10:53:07.757+0000][4616][safepoint   ] Safepoint "G1CollectForAllocation", Time since last: 453042500 ns, Reaching safepoint: 147096100 ns, At safepoint: 379355400 ns, Total: 526451500 ns
[2024-02-23T10:53:10.856+0000][4616][safepoint   ] Safepoint "Cleanup", Time since last: 3011680800 ns, Reaching safepoint: 87016300 ns, At safepoint: 430700 ns, Total: 87447000 ns
[2024-02-23T10:53:16.341+0000][4616][gc,start    ] GC(507) Pause Young (Normal) (G1 Evacuation Pause)
[2024-02-23T10:53:16.341+0000][4616][gc,task     ] GC(507) Using 8 workers of 8 for evacuation
[2024-02-23T10:53:16.341+0000][4616][gc,age      ] GC(507) Desired survivor size 79691776 bytes, new threshold 15 (max threshold 15)
[2024-02-23T10:53:16.372+0000][4616][gc,phases   ] GC(507)   Pre Evacuate Collection Set: 2.8ms
[2024-02-23T10:53:16.372+0000][4616][gc,phases   ] GC(507)   Merge Heap Roots: 0.4ms
[2024-02-23T10:53:16.372+0000][4616][gc,phases   ] GC(507)   Evacuate Collection Set: 23.9ms
[2024-02-23T10:53:16.372+0000][4616][gc,phases   ] GC(507)   Post Evacuate Collection Set: 2.8ms
[2024-02-23T10:53:16.372+0000][4616][gc,phases   ] GC(507)   Other: 0.9ms
[2024-02-23T10:53:16.372+0000][4616][gc,age      ] GC(507) Age table with threshold 15 (max threshold 15)
[2024-02-23T10:53:16.372+0000][4616][gc,age      ] GC(507) - age   1:   21115608 bytes,   21115608 total
[2024-02-23T10:53:16.372+0000][4616][gc,age      ] GC(507) - age   2:    1495408 bytes,   22611016 total
[2024-02-23T10:53:16.372+0000][4616][gc,heap     ] GC(507) Eden regions: 297->0(323)
[2024-02-23T10:53:16.372+0000][4616][gc,heap     ] GC(507) Survivor regions: 3->6(38)
[2024-02-23T10:53:16.372+0000][4616][gc,heap     ] GC(507) Old regions: 97->97
[2024-02-23T10:53:16.372+0000][4616][gc,heap     ] GC(507) Archive regions: 0->0
[2024-02-23T10:53:16.372+0000][4616][gc,heap     ] GC(507) Humongous regions: 2->2
[2024-02-23T10:53:16.372+0000][4616][gc,metaspace] GC(507) Metaspace: 132041K(137088K)->132041K(137088K) NonClass: 115054K(117824K)->115054K(117824K) Class: 16986K(19264K)->16986K(19264K)
[2024-02-23T10:53:16.372+0000][4616][gc          ] GC(507) Pause Young (Normal) (G1 Evacuation Pause) 1591M->416M(4040M) 31.872ms
[2024-02-23T10:53:16.373+0000][4616][gc,cpu      ] GC(507) User=0.09s Sys=0.03s Real=0.03s
[2024-02-23T10:53:16.376+0000][4616][safepoint   ] Safepoint "G1CollectForAllocation", Time since last: 5314247200 ns, Reaching safepoint: 170273400 ns, At safepoint: 35196400 ns, Total: 205469800 ns
[2024-02-23T10:53:20.451+0000][4616][safepoint   ] Safepoint "Cleanup", Time since last: 4011035400 ns, Reaching safepoint: 64002500 ns, At safepoint: 411800 ns, Total: 64414300 ns
[2024-02-23T10:53:29.114+0000][4616][gc,start    ] GC(508) Pause Young (Normal) (G1 Evacuation Pause)
[2024-02-23T10:53:29.114+0000][4616][gc,task     ] GC(508) Using 8 workers of 8 for evacuation
[2024-02-23T10:53:29.115+0000][4616][gc,age      ] GC(508) Desired survivor size 88080384 bytes, new threshold 15 (max threshold 15)
[2024-02-23T10:53:29.149+0000][4616][gc,phases   ] GC(508)   Pre Evacuate Collection Set: 0.3ms
[2024-02-23T10:53:29.149+0000][4616][gc,phases   ] GC(508)   Merge Heap Roots: 0.3ms
[2024-02-23T10:53:29.149+0000][4616][gc,phases   ] GC(508)   Evacuate Collection Set: 30.9ms
[2024-02-23T10:53:29.149+0000][4616][gc,phases   ] GC(508)   Post Evacuate Collection Set: 2.4ms
[2024-02-23T10:53:29.149+0000][4616][gc,phases   ] GC(508)   Other: 1.4ms
[2024-02-23T10:53:29.149+0000][4616][gc,age      ] GC(508) Age table with threshold 15 (max threshold 15)
[2024-02-23T10:53:29.149+0000][4616][gc,age      ] GC(508) - age   1:   22142544 bytes,   22142544 total
[2024-02-23T10:53:29.149+0000][4616][gc,age      ] GC(508) - age   2:    9370384 bytes,   31512928 total
[2024-02-23T10:53:29.149+0000][4616][gc,age      ] GC(508) - age   3:    1350152 bytes,   32863080 total
[2024-02-23T10:53:29.149+0000][4616][gc,heap     ] GC(508) Eden regions: 323->0(364)
[2024-02-23T10:53:29.149+0000][4616][gc,heap     ] GC(508) Survivor regions: 6->9(42)
[2024-02-23T10:53:29.149+0000][4616][gc,heap     ] GC(508) Old regions: 97->97
[2024-02-23T10:53:29.149+0000][4616][gc,heap     ] GC(508) Archive regions: 0->0
[2024-02-23T10:53:29.149+0000][4616][gc,heap     ] GC(508) Humongous regions: 2->2
[2024-02-23T10:53:29.149+0000][4616][gc,metaspace] GC(508) Metaspace: 132043K(137088K)->132043K(137088K) NonClass: 115057K(117824K)->115057K(117824K) Class: 16986K(19264K)->16986K(19264K)
[2024-02-23T10:53:29.149+0000][4616][gc          ] GC(508) Pause Young (Normal) (G1 Evacuation Pause) 1708M->426M(4040M) 36.120ms
[2024-02-23T10:53:29.149+0000][4616][gc,cpu      ] GC(508) User=0.28s Sys=0.02s Real=0.03s
[2024-02-23T10:53:29.151+0000][4616][safepoint   ] Safepoint "G1CollectForAllocation", Time since last: 8594074100 ns, Reaching safepoint: 68021100 ns, At safepoint: 37033000 ns, Total: 105054100 ns
[2024-02-23T10:53:38.275+0000][4616][safepoint   ] Safepoint "Cleanup", Time since last: 9053480900 ns, Reaching safepoint: 71088700 ns, At safepoint: 451100 ns, Total: 71539800 ns
[2024-02-23T10:53:39.529+0000][4616][gc,start    ] GC(509) Pause Young (Normal) (G1 Evacuation Pause)
[2024-02-23T10:53:39.529+0000][4616][gc,task     ] GC(509) Using 8 workers of 8 for evacuation
[2024-02-23T10:53:39.529+0000][4616][gc,age      ] GC(509) Desired survivor size 98566144 bytes, new threshold 15 (max threshold 15)
[2024-02-23T10:53:39.571+0000][4616][gc,phases   ] GC(509)   Pre Evacuate Collection Set: 0.3ms
[2024-02-23T10:53:39.572+0000][4616][gc,phases   ] GC(509)   Merge Heap Roots: 0.4ms
[2024-02-23T10:53:39.572+0000][4616][gc,phases   ] GC(509)   Evacuate Collection Set: 34.3ms
[2024-02-23T10:53:39.572+0000][4616][gc,phases   ] GC(509)   Post Evacuate Collection Set: 6.2ms
[2024-02-23T10:53:39.572+0000][4616][gc,phases   ] GC(509)   Other: 0.4ms
[2024-02-23T10:53:39.572+0000][4616][gc,age      ] GC(509) Age table with threshold 15 (max threshold 15)
[2024-02-23T10:53:39.572+0000][4616][gc,age      ] GC(509) - age   1:   19975488 bytes,   19975488 total
[2024-02-23T10:53:39.572+0000][4616][gc,age      ] GC(509) - age   2:    7401768 bytes,   27377256 total
[2024-02-23T10:53:39.572+0000][4616][gc,age      ] GC(509) - age   3:    7042808 bytes,   34420064 total
[2024-02-23T10:53:39.572+0000][4616][gc,age      ] GC(509) - age   4:    1350152 bytes,   35770216 total
[2024-02-23T10:53:39.572+0000][4616][gc,heap     ] GC(509) Eden regions: 364->0(456)
[2024-02-23T10:53:39.572+0000][4616][gc,heap     ] GC(509) Survivor regions: 9->10(47)
[2024-02-23T10:53:39.572+0000][4616][gc,heap     ] GC(509) Old regions: 97->97
[2024-02-23T10:53:39.572+0000][4616][gc,heap     ] GC(509) Archive regions: 0->0
[2024-02-23T10:53:39.572+0000][4616][gc,heap     ] GC(509) Humongous regions: 2->2
[2024-02-23T10:53:39.572+0000][4616][gc,metaspace] GC(509) Metaspace: 132045K(137088K)->132045K(137088K) NonClass: 115058K(117824K)->115058K(117824K) Class: 16986K(19264K)->16986K(19264K)
[2024-02-23T10:53:39.572+0000][4616][gc          ] GC(509) Pause Young (Normal) (G1 Evacuation Pause) 1882M->429M(4040M) 42.468ms
[2024-02-23T10:53:39.572+0000][4616][gc,cpu      ] GC(509) User=0.23s Sys=0.00s Real=0.04s
[2024-02-23T10:53:39.572+0000][4616][safepoint   ] Safepoint "G1CollectForAllocation", Time since last: 1253578300 ns, Reaching safepoint: 181300 ns, At safepoint: 42883400 ns, Total: 43064700 ns
[2024-02-23T10:53:52.936+0000][4616][gc,start    ] GC(510) Pause Young (Normal) (G1 Evacuation Pause)
[2024-02-23T10:53:52.936+0000][4616][gc,task     ] GC(510) Using 8 workers of 8 for evacuation
[2024-02-23T10:53:52.936+0000][4616][gc,age      ] GC(510) Desired survivor size 123731968 bytes, new threshold 15 (max threshold 15)
[2024-02-23T10:53:52.960+0000][4616][gc,phases   ] GC(510)   Pre Evacuate Collection Set: 0.2ms
[2024-02-23T10:53:52.960+0000][4616][gc,phases   ] GC(510)   Merge Heap Roots: 0.1ms
[2024-02-23T10:53:52.960+0000][4616][gc,phases   ] GC(510)   Evacuate Collection Set: 21.2ms
[2024-02-23T10:53:52.960+0000][4616][gc,phases   ] GC(510)   Post Evacuate Collection Set: 2.2ms
[2024-02-23T10:53:52.960+0000][4616][gc,phases   ] GC(510)   Other: 0.2ms
[2024-02-23T10:53:52.960+0000][4616][gc,age      ] GC(510) Age table with threshold 15 (max threshold 15)
[2024-02-23T10:53:52.960+0000][4616][gc,age      ] GC(510) - age   1:   41171384 bytes,   41171384 total
[2024-02-23T10:53:52.960+0000][4616][gc,age      ] GC(510) - age   2:    4620896 bytes,   45792280 total
[2024-02-23T10:53:52.960+0000][4616][gc,age      ] GC(510) - age   3:    3907128 bytes,   49699408 total
[2024-02-23T10:53:52.960+0000][4616][gc,age      ] GC(510) - age   4:    4469280 bytes,   54168688 total
[2024-02-23T10:53:52.960+0000][4616][gc,age      ] GC(510) - age   5:    1349120 bytes,   55517808 total
[2024-02-23T10:53:52.960+0000][4616][gc,heap     ] GC(510) Eden regions: 456->0(536)
[2024-02-23T10:53:52.960+0000][4616][gc,heap     ] GC(510) Survivor regions: 10->15(59)
[2024-02-23T10:53:52.960+0000][4616][gc,heap     ] GC(510) Old regions: 97->97
[2024-02-23T10:53:52.960+0000][4616][gc,heap     ] GC(510) Archive regions: 0->0
[2024-02-23T10:53:52.960+0000][4616][gc,heap     ] GC(510) Humongous regions: 2->2
[2024-02-23T10:53:52.960+0000][4616][gc,metaspace] GC(510) Metaspace: 132045K(137088K)->132045K(137088K) NonClass: 115059K(117824K)->115059K(117824K) Class: 16986K(19264K)->16986K(19264K)
[2024-02-23T10:53:52.960+0000][4616][gc          ] GC(510) Pause Young (Normal) (G1 Evacuation Pause) 2253M->450M(4040M) 24.472ms
[2024-02-23T10:53:52.960+0000][4616][gc,cpu      ] GC(510) User=0.12s Sys=0.00s Real=0.02s
[2024-02-23T10:53:52.960+0000][4616][safepoint   ] Safepoint "G1CollectForAllocation", Time since last: 13363486100 ns, Reaching safepoint: 71400 ns, At safepoint: 24673000 ns, Total: 24744400 ns
[2024-02-23T10:54:34.162+0000][4616][gc,start    ] GC(511) Pause Young (Normal) (G1 Evacuation Pause)
[2024-02-23T10:54:34.162+0000][4616][gc,task     ] GC(511) Using 8 workers of 8 for evacuation
[2024-02-23T10:54:34.162+0000][4616][gc,age      ] GC(511) Desired survivor size 144703488 bytes, new threshold 15 (max threshold 15)
[2024-02-23T10:54:34.209+0000][4616][gc,phases   ] GC(511)   Pre Evacuate Collection Set: 0.3ms
[2024-02-23T10:54:34.209+0000][4616][gc,phases   ] GC(511)   Merge Heap Roots: 0.4ms
[2024-02-23T10:54:34.209+0000][4616][gc,phases   ] GC(511)   Evacuate Collection Set: 43.7ms
[2024-02-23T10:54:34.209+0000][4616][gc,phases   ] GC(511)   Post Evacuate Collection Set: 2.6ms
[2024-02-23T10:54:34.209+0000][4616][gc,phases   ] GC(511)   Other: 0.4ms
[2024-02-23T10:54:34.209+0000][4616][gc,age      ] GC(511) Age table with threshold 15 (max threshold 15)
[2024-02-23T10:54:34.209+0000][4616][gc,age      ] GC(511) - age   1:   43117344 bytes,   43117344 total
[2024-02-23T10:54:34.209+0000][4616][gc,age      ] GC(511) - age   2:   30477320 bytes,   73594664 total
[2024-02-23T10:54:34.209+0000][4616][gc,age      ] GC(511) - age   3:    4179520 bytes,   77774184 total
[2024-02-23T10:54:34.209+0000][4616][gc,age      ] GC(511) - age   4:    3891248 bytes,   81665432 total
[2024-02-23T10:54:34.210+0000][4616][gc,age      ] GC(511) - age   5:    4468944 bytes,   86134376 total
[2024-02-23T10:54:34.210+0000][4616][gc,age      ] GC(511) - age   6:    1349120 bytes,   87483496 total
[2024-02-23T10:54:34.210+0000][4616][gc,heap     ] GC(511) Eden regions: 536->0(519)
[2024-02-23T10:54:34.210+0000][4616][gc,heap     ] GC(511) Survivor regions: 15->22(69)
[2024-02-23T10:54:34.210+0000][4616][gc,heap     ] GC(511) Old regions: 97->97
[2024-02-23T10:54:34.210+0000][4616][gc,heap     ] GC(511) Archive regions: 0->0
[2024-02-23T10:54:34.210+0000][4616][gc,heap     ] GC(511) Humongous regions: 2->2
[2024-02-23T10:54:34.210+0000][4616][gc,metaspace] GC(511) Metaspace: 132071K(137088K)->132071K(137088K) NonClass: 115084K(117824K)->115084K(117824K) Class: 16986K(19264K)->16986K(19264K)
[2024-02-23T10:54:34.210+0000][4616][gc          ] GC(511) Pause Young (Normal) (G1 Evacuation Pause) 2594M->481M(4040M) 48.449ms
[2024-02-23T10:54:34.210+0000][4616][gc,cpu      ] GC(511) User=0.38s Sys=0.00s Real=0.05s
[2024-02-23T10:54:34.210+0000][4616][safepoint   ] Safepoint "G1CollectForAllocation", Time since last: 41200671600 ns, Reaching safepoint: 203100 ns, At safepoint: 48685000 ns, Total: 48888100 ns
[2024-02-23T10:54:38.241+0000][4616][safepoint   ] Safepoint "Cleanup", Time since last: 4030369800 ns, Reaching safepoint: 212600 ns, At safepoint: 60900 ns, Total: 273500 ns
[2024-02-23T10:54:46.283+0000][4616][safepoint   ] Safepoint "Cleanup", Time since last: 8041934400 ns, Reaching safepoint: 66700 ns, At safepoint: 66300 ns, Total: 133000 ns
[2024-02-23T10:54:53.343+0000][4616][safepoint   ] Safepoint "Cleanup", Time since last: 7059623200 ns, Reaching safepoint: 130100 ns, At safepoint: 13600 ns, Total: 143700 ns
[2024-02-23T10:54:58.376+0000][4616][safepoint   ] Safepoint "Cleanup", Time since last: 5033131500 ns, Reaching safepoint: 403000 ns, At safepoint: 67500 ns, Total: 470500 ns
[2024-02-23T10:55:04.338+0000][4616][gc,start    ] GC(512) Pause Young (Normal) (G1 Evacuation Pause)
[2024-02-23T10:55:04.338+0000][4616][gc,task     ] GC(512) Using 8 workers of 8 for evacuation
[2024-02-23T10:55:04.338+0000][4616][gc,age      ] GC(512) Desired survivor size 142606336 bytes, new threshold 15 (max threshold 15)
[2024-02-23T10:55:04.372+0000][4616][gc,phases   ] GC(512)   Pre Evacuate Collection Set: 0.2ms
[2024-02-23T10:55:04.372+0000][4616][gc,phases   ] GC(512)   Merge Heap Roots: 0.3ms
[2024-02-23T10:55:04.372+0000][4616][gc,phases   ] GC(512)   Evacuate Collection Set: 31.0ms
[2024-02-23T10:55:04.372+0000][4616][gc,phases   ] GC(512)   Post Evacuate Collection Set: 1.7ms
[2024-02-23T10:55:04.372+0000][4616][gc,phases   ] GC(512)   Other: 0.8ms
[2024-02-23T10:55:04.372+0000][4616][gc,age      ] GC(512) Age table with threshold 15 (max threshold 15)
[2024-02-23T10:55:04.372+0000][4616][gc,age      ] GC(512) - age   1:   45889248 bytes,   45889248 total
[2024-02-23T10:55:04.372+0000][4616][gc,age      ] GC(512) - age   2:   22705784 bytes,   68595032 total
[2024-02-23T10:55:04.372+0000][4616][gc,age      ] GC(512) - age   3:   30457816 bytes,   99052848 total
[2024-02-23T10:55:04.372+0000][4616][gc,age      ] GC(512) - age   4:    4090592 bytes,  103143440 total
[2024-02-23T10:55:04.372+0000][4616][gc,age      ] GC(512) - age   5:    3890816 bytes,  107034256 total
[2024-02-23T10:55:04.372+0000][4616][gc,age      ] GC(512) - age   6:    4468944 bytes,  111503200 total
[2024-02-23T10:55:04.372+0000][4616][gc,age      ] GC(512) - age   7:    1349120 bytes,  112852320 total
[2024-02-23T10:55:04.372+0000][4616][gc,heap     ] GC(512) Eden regions: 519->0(516)
[2024-02-23T10:55:04.372+0000][4616][gc,heap     ] GC(512) Survivor regions: 22->29(68)
[2024-02-23T10:55:04.372+0000][4616][gc,heap     ] GC(512) Old regions: 97->97
[2024-02-23T10:55:04.372+0000][4616][gc,heap     ] GC(512) Archive regions: 0->0
[2024-02-23T10:55:04.372+0000][4616][gc,heap     ] GC(512) Humongous regions: 2->2
[2024-02-23T10:55:04.372+0000][4616][gc,metaspace] GC(512) Metaspace: 132075K(137088K)->132075K(137088K) NonClass: 115088K(117824K)->115088K(117824K) Class: 16986K(19264K)->16986K(19264K)
[2024-02-23T10:55:04.372+0000][4616][gc          ] GC(512) Pause Young (Normal) (G1 Evacuation Pause) 2557M->508M(4040M) 34.618ms
[2024-02-23T10:55:04.372+0000][4616][gc,cpu      ] GC(512) User=0.25s Sys=0.00s Real=0.03s
[2024-02-23T10:55:04.372+0000][4616][safepoint   ] Safepoint "G1CollectForAllocation", Time since last: 5961584700 ns, Reaching safepoint: 127000 ns, At safepoint: 34834100 ns, Total: 34961100 ns
[2024-02-23T10:55:48.444+0000][4616][gc,start    ] GC(513) Pause Young (Normal) (G1 Evacuation Pause)
[2024-02-23T10:55:48.444+0000][4616][gc,task     ] GC(513) Using 8 workers of 8 for evacuation
[2024-02-23T10:55:48.444+0000][4616][gc,age      ] GC(513) Desired survivor size 144703488 bytes, new threshold 15 (max threshold 15)
[2024-02-23T10:55:48.480+0000][4616][gc,phases   ] GC(513)   Pre Evacuate Collection Set: 0.2ms
[2024-02-23T10:55:48.480+0000][4616][gc,phases   ] GC(513)   Merge Heap Roots: 0.2ms
[2024-02-23T10:55:48.481+0000][4616][gc,phases   ] GC(513)   Evacuate Collection Set: 34.0ms
[2024-02-23T10:55:48.481+0000][4616][gc,phases   ] GC(513)   Post Evacuate Collection Set: 1.7ms
[2024-02-23T10:55:48.481+0000][4616][gc,phases   ] GC(513)   Other: 0.2ms
[2024-02-23T10:55:48.481+0000][4616][gc,age      ] GC(513) Age table with threshold 15 (max threshold 15)
[2024-02-23T10:55:48.481+0000][4616][gc,age      ] GC(513) - age   1:   52082616 bytes,   52082616 total
[2024-02-23T10:55:48.481+0000][4616][gc,age      ] GC(513) - age   2:   18191072 bytes,   70273688 total
[2024-02-23T10:55:48.481+0000][4616][gc,age      ] GC(513) - age   3:   22325672 bytes,   92599360 total
[2024-02-23T10:55:48.481+0000][4616][gc,age      ] GC(513) - age   4:   30339688 bytes,  122939048 total
[2024-02-23T10:55:48.481+0000][4616][gc,age      ] GC(513) - age   5:    4090464 bytes,  127029512 total
[2024-02-23T10:55:48.481+0000][4616][gc,age      ] GC(513) - age   6:    3890560 bytes,  130920072 total
[2024-02-23T10:55:48.481+0000][4616][gc,age      ] GC(513) - age   7:    4468816 bytes,  135388888 total
[2024-02-23T10:55:48.481+0000][4616][gc,age      ] GC(513) - age   8:    1349120 bytes,  136738008 total
[2024-02-23T10:55:48.481+0000][4616][gc,heap     ] GC(513) Eden regions: 516->0(571)
[2024-02-23T10:55:48.481+0000][4616][gc,heap     ] GC(513) Survivor regions: 29->35(69)
[2024-02-23T10:55:48.481+0000][4616][gc,heap     ] GC(513) Old regions: 97->97
[2024-02-23T10:55:48.481+0000][4616][gc,heap     ] GC(513) Archive regions: 0->0
[2024-02-23T10:55:48.481+0000][4616][gc,heap     ] GC(513) Humongous regions: 2->2
[2024-02-23T10:55:48.481+0000][4616][gc,metaspace] GC(513) Metaspace: 132075K(137088K)->132075K(137088K) NonClass: 115089K(117824K)->115089K(117824K) Class: 16986K(19264K)->16986K(19264K)
[2024-02-23T10:55:48.482+0000][4616][gc          ] GC(513) Pause Young (Normal) (G1 Evacuation Pause) 2572M->531M(4040M) 37.207ms
[2024-02-23T10:55:48.482+0000][4616][gc,cpu      ] GC(513) User=0.27s Sys=0.00s Real=0.04s
[2024-02-23T10:55:48.482+0000][4616][safepoint   ] Safepoint "G1CollectForAllocation", Time since last: 44071054200 ns, Reaching safepoint: 134100 ns, At safepoint: 37471700 ns, Total: 37605800 ns
[2024-02-23T10:56:53.703+0000][4616][gc,start    ] GC(514) Pause Young (Normal) (G1 Evacuation Pause)
[2024-02-23T10:56:53.703+0000][4616][gc,task     ] GC(514) Using 8 workers of 8 for evacuation
[2024-02-23T10:56:53.703+0000][4616][gc,age      ] GC(514) Desired survivor size 159383552 bytes, new threshold 15 (max threshold 15)
[2024-02-23T10:56:53.918+0000][4616][gc,mmu      ] GC(514) MMU target violated: 201.0ms (200.0ms/201.0ms)
[2024-02-23T10:56:53.918+0000][4616][gc,phases   ] GC(514)   Pre Evacuate Collection Set: 0.3ms
[2024-02-23T10:56:53.918+0000][4616][gc,phases   ] GC(514)   Merge Heap Roots: 0.5ms
[2024-02-23T10:56:53.918+0000][4616][gc,phases   ] GC(514)   Evacuate Collection Set: 207.3ms
[2024-02-23T10:56:53.918+0000][4616][gc,phases   ] GC(514)   Post Evacuate Collection Set: 1.3ms
[2024-02-23T10:56:53.918+0000][4616][gc,phases   ] GC(514)   Other: 0.4ms
[2024-02-23T10:56:53.918+0000][4616][gc,age      ] GC(514) Age table with threshold 15 (max threshold 15)
[2024-02-23T10:56:53.918+0000][4616][gc,age      ] GC(514) - age   1:   67743608 bytes,   67743608 total
[2024-02-23T10:56:53.918+0000][4616][gc,age      ] GC(514) - age   2:   18288728 bytes,   86032336 total
[2024-02-23T10:56:53.918+0000][4616][gc,age      ] GC(514) - age   3:   14365312 bytes,  100397648 total
[2024-02-23T10:56:53.918+0000][4616][gc,age      ] GC(514) - age   4:   21462176 bytes,  121859824 total
[2024-02-23T10:56:53.918+0000][4616][gc,age      ] GC(514) - age   5:   30322616 bytes,  152182440 total
[2024-02-23T10:56:53.918+0000][4616][gc,age      ] GC(514) - age   6:    4090256 bytes,  156272696 total
[2024-02-23T10:56:53.918+0000][4616][gc,age      ] GC(514) - age   7:    3890456 bytes,  160163152 total
[2024-02-23T10:56:53.918+0000][4616][gc,age      ] GC(514) - age   8:    4468816 bytes,  164631968 total
[2024-02-23T10:56:53.918+0000][4616][gc,age      ] GC(514) - age   9:    1349120 bytes,  165981088 total
[2024-02-23T10:56:53.918+0000][4616][gc,heap     ] GC(514) Eden regions: 571->0(116)
[2024-02-23T10:56:53.918+0000][4616][gc,heap     ] GC(514) Survivor regions: 35->42(76)
[2024-02-23T10:56:53.918+0000][4616][gc,heap     ] GC(514) Old regions: 97->97
[2024-02-23T10:56:53.918+0000][4616][gc,heap     ] GC(514) Archive regions: 0->0
[2024-02-23T10:56:53.918+0000][4616][gc,heap     ] GC(514) Humongous regions: 2->2
[2024-02-23T10:56:53.918+0000][4616][gc,metaspace] GC(514) Metaspace: 132077K(137088K)->132077K(137088K) NonClass: 115091K(117824K)->115091K(117824K) Class: 16986K(19264K)->16986K(19264K)
[2024-02-23T10:56:53.918+0000][4616][gc          ] GC(514) Pause Young (Normal) (G1 Evacuation Pause) 2815M->559M(4040M) 210.455ms
[2024-02-23T10:56:53.918+0000][4616][gc,cpu      ] GC(514) User=0.36s Sys=0.62s Real=0.21s
[2024-02-23T10:56:53.918+0000][4616][safepoint   ] Safepoint "G1CollectForAllocation", Time since last: 65229500800 ns, Reaching safepoint: 138600 ns, At safepoint: 210726600 ns, Total: 210865200 ns
[2024-02-23T10:56:58.798+0000][4616][gc,start    ] GC(515) Pause Young (Concurrent Start) (G1 Evacuation Pause)
[2024-02-23T10:56:58.798+0000][4616][gc,task     ] GC(515) Using 8 workers of 8 for evacuation
[2024-02-23T10:56:58.798+0000][4616][gc,age      ] GC(515) Desired survivor size 41943040 bytes, new threshold 1 (max threshold 15)
[2024-02-23T10:56:59.618+0000][4616][gc,mmu      ] GC(515) MMU target violated: 201.0ms (200.0ms/201.0ms)
[2024-02-23T10:56:59.618+0000][4616][gc,phases   ] GC(515)   Pre Evacuate Collection Set: 2.9ms
[2024-02-23T10:56:59.618+0000][4616][gc,phases   ] GC(515)   Merge Heap Roots: 0.3ms
[2024-02-23T10:56:59.618+0000][4616][gc,phases   ] GC(515)   Evacuate Collection Set: 813.9ms
[2024-02-23T10:56:59.618+0000][4616][gc,phases   ] GC(515)   Post Evacuate Collection Set: 2.5ms
[2024-02-23T10:56:59.618+0000][4616][gc,phases   ] GC(515)   Other: 0.6ms
[2024-02-23T10:56:59.618+0000][4616][gc,age      ] GC(515) Age table with threshold 1 (max threshold 15)
[2024-02-23T10:56:59.618+0000][4616][gc,age      ] GC(515) - age   1:   21109648 bytes,   21109648 total
[2024-02-23T10:56:59.618+0000][4616][gc,heap     ] GC(515) Eden regions: 116->0(201)
[2024-02-23T10:56:59.618+0000][4616][gc,heap     ] GC(515) Survivor regions: 42->7(20)
[2024-02-23T10:56:59.618+0000][4616][gc,heap     ] GC(515) Old regions: 97->133
[2024-02-23T10:56:59.618+0000][4616][gc,heap     ] GC(515) Archive regions: 0->0
[2024-02-23T10:56:59.618+0000][4616][gc,heap     ] GC(515) Humongous regions: 2->2
[2024-02-23T10:56:59.618+0000][4616][gc,metaspace] GC(515) Metaspace: 132077K(137088K)->132077K(137088K) NonClass: 115091K(117824K)->115091K(117824K) Class: 16986K(19264K)->16986K(19264K)
[2024-02-23T10:56:59.618+0000][4616][gc          ] GC(515) Pause Young (Concurrent Start) (G1 Evacuation Pause) 1023M->565M(4040M) 820.981ms
[2024-02-23T10:56:59.618+0000][4616][gc          ] GC(516) Concurrent Mark Cycle
[2024-02-23T10:56:59.618+0000][4616][gc,cpu      ] GC(515) User=0.61s Sys=1.58s Real=0.82s
[2024-02-23T10:56:59.618+0000][4616][gc,marking  ] GC(516) Concurrent Clear Claimed Marks
[2024-02-23T10:56:59.618+0000][4616][gc,marking  ] GC(516) Concurrent Clear Claimed Marks 0.347ms
[2024-02-23T10:56:59.618+0000][4616][gc,marking  ] GC(516) Concurrent Scan Root Regions
[2024-02-23T10:56:59.618+0000][4616][safepoint   ] Safepoint "G1CollectForAllocation", Time since last: 4880246300 ns, Reaching safepoint: 132700 ns, At safepoint: 822387800 ns, Total: 822520500 ns
[2024-02-23T10:56:59.652+0000][4616][gc,marking  ] GC(516) Concurrent Scan Root Regions 27.769ms
[2024-02-23T10:56:59.652+0000][4616][gc,marking  ] GC(516) Concurrent Mark
[2024-02-23T10:56:59.652+0000][4616][gc,marking  ] GC(516) Concurrent Mark From Roots
[2024-02-23T10:56:59.652+0000][4616][gc,task     ] GC(516) Using 2 workers of 2 for marking
[2024-02-23T10:56:59.840+0000][4616][gc,marking  ] GC(516) Concurrent Mark From Roots 187.599ms
[2024-02-23T10:56:59.840+0000][4616][gc,marking  ] GC(516) Concurrent Preclean
[2024-02-23T10:56:59.840+0000][4616][gc,marking  ] GC(516) Concurrent Preclean 0.803ms
[2024-02-23T10:56:59.841+0000][4616][gc,start    ] GC(516) Pause Remark
[2024-02-23T10:56:59.857+0000][4616][gc          ] GC(516) Pause Remark 602M->602M(4040M) 16.063ms
[2024-02-23T10:56:59.857+0000][4616][gc,cpu      ] GC(516) User=0.12s Sys=0.00s Real=0.02s
[2024-02-23T10:56:59.857+0000][4616][safepoint   ] Safepoint "G1Concurrent", Time since last: 215631700 ns, Reaching safepoint: 90300 ns, At safepoint: 16244000 ns, Total: 16334300 ns
[2024-02-23T10:56:59.857+0000][4616][gc,marking  ] GC(516) Concurrent Mark 204.905ms
[2024-02-23T10:56:59.857+0000][4616][gc,marking  ] GC(516) Concurrent Rebuild Remembered Sets
[2024-02-23T10:57:00.010+0000][4616][gc,marking  ] GC(516) Concurrent Rebuild Remembered Sets 153.737ms
[2024-02-23T10:57:00.011+0000][4616][gc,start    ] GC(516) Pause Cleanup
[2024-02-23T10:57:00.011+0000][4616][gc          ] GC(516) Pause Cleanup 611M->611M(4040M) 0.420ms
[2024-02-23T10:57:00.011+0000][4616][gc,cpu      ] GC(516) User=0.00s Sys=0.00s Real=0.00s
[2024-02-23T10:57:00.011+0000][4616][safepoint   ] Safepoint "G1Concurrent", Time since last: 153960500 ns, Reaching safepoint: 91000 ns, At safepoint: 531700 ns, Total: 622700 ns
[2024-02-23T10:57:00.011+0000][4616][gc,marking  ] GC(516) Concurrent Cleanup for Next Mark
[2024-02-23T10:57:00.021+0000][4616][gc,marking  ] GC(516) Concurrent Cleanup for Next Mark 11.502ms
[2024-02-23T10:57:00.021+0000][4616][gc          ] GC(516) Concurrent Mark Cycle 399.487ms
[2024-02-23T10:57:07.309+0000][4616][gc,start    ] GC(517) Pause Young (Prepare Mixed) (G1 Evacuation Pause)
[2024-02-23T10:57:07.309+0000][4616][gc,task     ] GC(517) Using 8 workers of 8 for evacuation
[2024-02-23T10:57:07.309+0000][4616][gc,age      ] GC(517) Desired survivor size 62914560 bytes, new threshold 15 (max threshold 15)
[2024-02-23T10:57:07.322+0000][4616][gc,phases   ] GC(517)   Pre Evacuate Collection Set: 0.3ms
[2024-02-23T10:57:07.322+0000][4616][gc,phases   ] GC(517)   Merge Heap Roots: 0.4ms
[2024-02-23T10:57:07.322+0000][4616][gc,phases   ] GC(517)   Evacuate Collection Set: 15.6ms
[2024-02-23T10:57:07.337+0000][4616][gc,phases   ] GC(517)   Post Evacuate Collection Set: 4.1ms
[2024-02-23T10:57:07.337+0000][4616][gc,phases   ] GC(517)   Other: 0.3ms
[2024-02-23T10:57:07.337+0000][4616][gc,age      ] GC(517) Age table with threshold 15 (max threshold 15)
[2024-02-23T10:57:07.337+0000][4616][gc,age      ] GC(517) - age   1:   37252240 bytes,   37252240 total
[2024-02-23T10:57:07.337+0000][4616][gc,age      ] GC(517) - age   2:   18093040 bytes,   55345280 total
[2024-02-23T10:57:07.337+0000][4616][gc,heap     ] GC(517) Eden regions: 233->0(35)
[2024-02-23T10:57:07.337+0000][4616][gc,heap     ] GC(517) Survivor regions: 7->15(30)
[2024-02-23T10:57:07.337+0000][4616][gc,heap     ] GC(517) Old regions: 133->133
[2024-02-23T10:57:07.337+0000][4616][gc,heap     ] GC(517) Archive regions: 0->0
[2024-02-23T10:57:07.337+0000][4616][gc,heap     ] GC(517) Humongous regions: 2->2
[2024-02-23T10:57:07.337+0000][4616][gc,metaspace] GC(517) Metaspace: 132077K(137088K)->132077K(137088K) NonClass: 115091K(117824K)->115091K(117824K) Class: 16986K(19264K)->16986K(19264K)
[2024-02-23T10:57:07.337+0000][4616][gc          ] GC(517) Pause Young (Prepare Mixed) (G1 Evacuation Pause) 1497M->597M(4040M) 21.816ms
[2024-02-23T10:57:07.337+0000][4616][gc,cpu      ] GC(517) User=0.16s Sys=0.00s Real=0.03s
[2024-02-23T10:57:07.338+0000][4616][safepoint   ] Safepoint "G1CollectForAllocation", Time since last: 7303929700 ns, Reaching safepoint: 196800 ns, At safepoint: 22238500 ns, Total: 22435300 ns
[2024-02-23T10:57:08.513+0000][4616][gc,start    ] GC(518) Pause Young (Mixed) (G1 Evacuation Pause)
[2024-02-23T10:57:08.513+0000][4616][gc,task     ] GC(518) Using 8 workers of 8 for evacuation
[2024-02-23T10:57:08.513+0000][4616][gc,age      ] GC(518) Desired survivor size 14680064 bytes, new threshold 1 (max threshold 15)
[2024-02-23T10:57:08.621+0000][4616][gc,phases   ] GC(518)   Pre Evacuate Collection Set: 0.3ms
[2024-02-23T10:57:08.621+0000][4616][gc,phases   ] GC(518)   Merge Heap Roots: 0.3ms
[2024-02-23T10:57:08.621+0000][4616][gc,phases   ] GC(518)   Evacuate Collection Set: 101.2ms
[2024-02-23T10:57:08.621+0000][4616][gc,phases   ] GC(518)   Post Evacuate Collection Set: 1.2ms
[2024-02-23T10:57:08.621+0000][4616][gc,phases   ] GC(518)   Other: 0.4ms
[2024-02-23T10:57:08.621+0000][4616][gc,age      ] GC(518) Age table with threshold 1 (max threshold 15)
[2024-02-23T10:57:08.621+0000][4616][gc,age      ] GC(518) - age   1:    9142024 bytes,    9142024 total
[2024-02-23T10:57:08.621+0000][4616][gc,heap     ] GC(518) Eden regions: 35->0(482)
[2024-02-23T10:57:08.621+0000][4616][gc,heap     ] GC(518) Survivor regions: 15->3(7)
[2024-02-23T10:57:08.621+0000][4616][gc,heap     ] GC(518) Old regions: 133->134
[2024-02-23T10:57:08.621+0000][4616][gc,heap     ] GC(518) Archive regions: 0->0
[2024-02-23T10:57:08.621+0000][4616][gc,heap     ] GC(518) Humongous regions: 2->2
[2024-02-23T10:57:08.621+0000][4616][gc,metaspace] GC(518) Metaspace: 132077K(137088K)->132077K(137088K) NonClass: 115091K(117824K)->115091K(117824K) Class: 16986K(19264K)->16986K(19264K)
[2024-02-23T10:57:08.621+0000][4616][gc          ] GC(518) Pause Young (Mixed) (G1 Evacuation Pause) 737M->554M(4040M) 104.183ms
[2024-02-23T10:57:08.621+0000][4616][gc,cpu      ] GC(518) User=0.16s Sys=0.22s Real=0.11s
[2024-02-23T10:57:08.621+0000][4616][safepoint   ] Safepoint "G1CollectForAllocation", Time since last: 1180652200 ns, Reaching safepoint: 208800 ns, At safepoint: 104639500 ns, Total: 104848300 ns
[2024-02-23T10:57:18.673+0000][4616][safepoint   ] Safepoint "Cleanup", Time since last: 10049825400 ns, Reaching safepoint: 294100 ns, At safepoint: 243800 ns, Total: 537900 ns
[2024-02-23T10:57:26.374+0000][4616][gc,start    ] GC(519) Pause Young (Normal) (G1 Evacuation Pause)
[2024-02-23T10:57:26.374+0000][4616][gc,task     ] GC(519) Using 8 workers of 8 for evacuation
[2024-02-23T10:57:26.374+0000][4616][gc,age      ] GC(519) Desired survivor size 127926272 bytes, new threshold 15 (max threshold 15)
[2024-02-23T10:57:26.403+0000][4616][gc,phases   ] GC(519)   Pre Evacuate Collection Set: 0.8ms
[2024-02-23T10:57:26.403+0000][4616][gc,phases   ] GC(519)   Merge Heap Roots: 0.5ms
[2024-02-23T10:57:26.403+0000][4616][gc,phases   ] GC(519)   Evacuate Collection Set: 18.8ms
[2024-02-23T10:57:26.403+0000][4616][gc,phases   ] GC(519)   Post Evacuate Collection Set: 2.0ms
[2024-02-23T10:57:26.403+0000][4616][gc,phases   ] GC(519)   Other: 2.8ms
[2024-02-23T10:57:26.403+0000][4616][gc,age      ] GC(519) Age table with threshold 15 (max threshold 15)
[2024-02-23T10:57:26.403+0000][4616][gc,age      ] GC(519) - age   1:   65639848 bytes,   65639848 total
[2024-02-23T10:57:26.403+0000][4616][gc,age      ] GC(519) - age   2:    1865256 bytes,   67505104 total
[2024-02-23T10:57:26.403+0000][4616][gc,heap     ] GC(519) Eden regions: 482->0(267)
[2024-02-23T10:57:26.403+0000][4616][gc,heap     ] GC(519) Survivor regions: 3->17(61)
[2024-02-23T10:57:26.403+0000][4616][gc,heap     ] GC(519) Old regions: 134->134
[2024-02-23T10:57:26.403+0000][4616][gc,heap     ] GC(519) Archive regions: 0->0
[2024-02-23T10:57:26.403+0000][4616][gc,heap     ] GC(519) Humongous regions: 2->2
[2024-02-23T10:57:26.403+0000][4616][gc,metaspace] GC(519) Metaspace: 132077K(137088K)->132077K(137088K) NonClass: 115091K(117824K)->115091K(117824K) Class: 16986K(19264K)->16986K(19264K)
[2024-02-23T10:57:26.403+0000][4616][gc          ] GC(519) Pause Young (Normal) (G1 Evacuation Pause) 2482M->608M(4040M) 25.932ms
[2024-02-23T10:57:26.403+0000][4616][gc,cpu      ] GC(519) User=0.12s Sys=0.00s Real=0.03s
[2024-02-23T10:57:26.403+0000][4616][safepoint   ] Safepoint "G1CollectForAllocation", Time since last: 7705545700 ns, Reaching safepoint: 245900 ns, At safepoint: 26304300 ns, Total: 26550200 ns
[2024-02-23T10:57:57.647+0000][4616][safepoint   ] Safepoint "Cleanup", Time since last: 31240787400 ns, Reaching safepoint: 92200 ns, At safepoint: 33300 ns, Total: 125500 ns
[2024-02-23T10:58:08.860+0000][4616][gc,start    ] GC(520) Pause Young (Normal) (G1 Evacuation Pause)
[2024-02-23T10:58:08.860+0000][4616][gc,task     ] GC(520) Using 8 workers of 8 for evacuation
[2024-02-23T10:58:08.860+0000][4616][gc,age      ] GC(520) Desired survivor size 75497472 bytes, new threshold 15 (max threshold 15)
[2024-02-23T10:58:08.888+0000][4616][gc,phases   ] GC(520)   Pre Evacuate Collection Set: 0.4ms
[2024-02-23T10:58:08.888+0000][4616][gc,phases   ] GC(520)   Merge Heap Roots: 0.4ms
[2024-02-23T10:58:08.888+0000][4616][gc,phases   ] GC(520)   Evacuate Collection Set: 26.9ms
[2024-02-23T10:58:08.888+0000][4616][gc,phases   ] GC(520)   Post Evacuate Collection Set: 3.9ms
[2024-02-23T10:58:08.888+0000][4616][gc,phases   ] GC(520)   Other: 0.7ms
[2024-02-23T10:58:08.888+0000][4616][gc,age      ] GC(520) Age table with threshold 15 (max threshold 15)
[2024-02-23T10:58:08.888+0000][4616][gc,age      ] GC(520) - age   1:   39359968 bytes,   39359968 total
[2024-02-23T10:58:08.888+0000][4616][gc,age      ] GC(520) - age   2:   41961456 bytes,   81321424 total
[2024-02-23T10:58:08.888+0000][4616][gc,age      ] GC(520) - age   3:    1862616 bytes,   83184040 total
[2024-02-23T10:58:08.888+0000][4616][gc,heap     ] GC(520) Eden regions: 267->0(303)
[2024-02-23T10:58:08.888+0000][4616][gc,heap     ] GC(520) Survivor regions: 17->21(36)
[2024-02-23T10:58:08.888+0000][4616][gc,heap     ] GC(520) Old regions: 134->134
[2024-02-23T10:58:08.888+0000][4616][gc,heap     ] GC(520) Archive regions: 0->0
[2024-02-23T10:58:08.888+0000][4616][gc,heap     ] GC(520) Humongous regions: 2->2
[2024-02-23T10:58:08.888+0000][4616][gc,metaspace] GC(520) Metaspace: 132078K(137088K)->132078K(137088K) NonClass: 115091K(117824K)->115091K(117824K) Class: 16986K(19264K)->16986K(19264K)
[2024-02-23T10:58:08.888+0000][4616][gc          ] GC(520) Pause Young (Normal) (G1 Evacuation Pause) 1676M->625M(4040M) 34.147ms
[2024-02-23T10:58:08.888+0000][4616][gc,cpu      ] GC(520) User=0.25s Sys=0.00s Real=0.03s
[2024-02-23T10:58:08.888+0000][4616][safepoint   ] Safepoint "G1CollectForAllocation", Time since last: 11166598800 ns, Reaching safepoint: 46756600 ns, At safepoint: 34732900 ns, Total: 81489500 ns
[2024-02-23T10:58:17.133+0000][4616][gc,start    ] GC(521) Pause Young (Normal) (G1 Evacuation Pause)
[2024-02-23T10:58:17.133+0000][4616][gc,task     ] GC(521) Using 8 workers of 8 for evacuation
[2024-02-23T10:58:17.133+0000][4616][gc,age      ] GC(521) Desired survivor size 85983232 bytes, new threshold 15 (max threshold 15)
[2024-02-23T10:58:17.157+0000][4616][gc,phases   ] GC(521)   Pre Evacuate Collection Set: 0.2ms
[2024-02-23T10:58:17.157+0000][4616][gc,phases   ] GC(521)   Merge Heap Roots: 0.2ms
[2024-02-23T10:58:17.157+0000][4616][gc,phases   ] GC(521)   Evacuate Collection Set: 23.6ms
[2024-02-23T10:58:17.157+0000][4616][gc,phases   ] GC(521)   Post Evacuate Collection Set: 1.1ms
[2024-02-23T10:58:17.157+0000][4616][gc,phases   ] GC(521)   Other: 0.2ms
[2024-02-23T10:58:17.157+0000][4616][gc,age      ] GC(521) Age table with threshold 15 (max threshold 15)
[2024-02-23T10:58:17.157+0000][4616][gc,age      ] GC(521) - age   1:   81419648 bytes,   81419648 total
[2024-02-23T10:58:17.157+0000][4616][gc,age      ] GC(521) - age   2:   19805512 bytes,  101225160 total
[2024-02-23T10:58:17.157+0000][4616][gc,age      ] GC(521) - age   3:   14918400 bytes,  116143560 total
[2024-02-23T10:58:17.157+0000][4616][gc,age      ] GC(521) - age   4:    1221856 bytes,  117365416 total
[2024-02-23T10:58:17.157+0000][4616][gc,heap     ] GC(521) Eden regions: 303->0(298)
[2024-02-23T10:58:17.157+0000][4616][gc,heap     ] GC(521) Survivor regions: 21->30(41)
[2024-02-23T10:58:17.157+0000][4616][gc,heap     ] GC(521) Old regions: 134->134
[2024-02-23T10:58:17.157+0000][4616][gc,heap     ] GC(521) Archive regions: 0->0
[2024-02-23T10:58:17.157+0000][4616][gc,heap     ] GC(521) Humongous regions: 2->2
[2024-02-23T10:58:17.157+0000][4616][gc,metaspace] GC(521) Metaspace: 132078K(137088K)->132078K(137088K) NonClass: 115091K(117824K)->115091K(117824K) Class: 16986K(19264K)->16986K(19264K)
[2024-02-23T10:58:17.157+0000][4616][gc          ] GC(521) Pause Young (Normal) (G1 Evacuation Pause) 1837M->662M(4040M) 25.989ms
[2024-02-23T10:58:17.157+0000][4616][gc,cpu      ] GC(521) User=0.12s Sys=0.00s Real=0.02s
[2024-02-23T10:58:17.157+0000][4616][safepoint   ] Safepoint "G1CollectForAllocation", Time since last: 8239280800 ns, Reaching safepoint: 74800 ns, At safepoint: 26133700 ns, Total: 26208500 ns
[2024-02-23T10:58:26.508+0000][4616][gc,start    ] GC(522) Pause Young (Normal) (G1 Evacuation Pause)
[2024-02-23T10:58:26.508+0000][4616][gc,task     ] GC(522) Using 8 workers of 8 for evacuation
[2024-02-23T10:58:26.508+0000][4616][gc,age      ] GC(522) Desired survivor size 85983232 bytes, new threshold 2 (max threshold 15)
[2024-02-23T10:58:26.570+0000][4616][gc,phases   ] GC(522)   Pre Evacuate Collection Set: 0.3ms
[2024-02-23T10:58:26.570+0000][4616][gc,phases   ] GC(522)   Merge Heap Roots: 0.3ms
[2024-02-23T10:58:26.570+0000][4616][gc,phases   ] GC(522)   Evacuate Collection Set: 62.5ms
[2024-02-23T10:58:26.570+0000][4616][gc,phases   ] GC(522)   Post Evacuate Collection Set: 1.6ms
[2024-02-23T10:58:26.570+0000][4616][gc,phases   ] GC(522)   Other: 0.3ms
[2024-02-23T10:58:26.570+0000][4616][gc,age      ] GC(522) Age table with threshold 2 (max threshold 15)
[2024-02-23T10:58:26.570+0000][4616][gc,age      ] GC(522) - age   1:   55053184 bytes,   55053184 total
[2024-02-23T10:58:26.570+0000][4616][gc,age      ] GC(522) - age   2:   50665320 bytes,  105718504 total
[2024-02-23T10:58:26.570+0000][4616][gc,heap     ] GC(522) Eden regions: 298->0(379)
[2024-02-23T10:58:26.570+0000][4616][gc,heap     ] GC(522) Survivor regions: 30->28(41)
[2024-02-23T10:58:26.570+0000][4616][gc,heap     ] GC(522) Old regions: 134->140
[2024-02-23T10:58:26.570+0000][4616][gc,heap     ] GC(522) Archive regions: 0->0
[2024-02-23T10:58:26.570+0000][4616][gc,heap     ] GC(522) Humongous regions: 2->2
[2024-02-23T10:58:26.570+0000][4616][gc,metaspace] GC(522) Metaspace: 132078K(137088K)->132078K(137088K) NonClass: 115091K(117824K)->115091K(117824K) Class: 16986K(19264K)->16986K(19264K)
[2024-02-23T10:58:26.570+0000][4616][gc          ] GC(522) Pause Young (Normal) (G1 Evacuation Pause) 1854M->677M(4040M) 65.770ms
[2024-02-23T10:58:26.570+0000][4616][gc,cpu      ] GC(522) User=0.09s Sys=0.09s Real=0.06s
[2024-02-23T10:58:26.570+0000][4616][safepoint   ] Safepoint "G1CollectForAllocation", Time since last: 9356315700 ns, Reaching safepoint: 192600 ns, At safepoint: 66103600 ns, Total: 66296200 ns
[2024-02-23T10:58:40.217+0000][4616][gc,start    ] GC(523) Pause Young (Normal) (G1 Evacuation Pause)
[2024-02-23T10:58:40.217+0000][4616][gc,task     ] GC(523) Using 8 workers of 8 for evacuation
[2024-02-23T10:58:40.217+0000][4616][gc,age      ] GC(523) Desired survivor size 106954752 bytes, new threshold 15 (max threshold 15)
[2024-02-23T10:58:40.247+0000][4616][gc,phases   ] GC(523)   Pre Evacuate Collection Set: 0.2ms
[2024-02-23T10:58:40.247+0000][4616][gc,phases   ] GC(523)   Merge Heap Roots: 0.2ms
[2024-02-23T10:58:40.247+0000][4616][gc,phases   ] GC(523)   Evacuate Collection Set: 26.4ms
[2024-02-23T10:58:40.247+0000][4616][gc,phases   ] GC(523)   Post Evacuate Collection Set: 2.2ms
[2024-02-23T10:58:40.247+0000][4616][gc,phases   ] GC(523)   Other: 0.3ms
[2024-02-23T10:58:40.247+0000][4616][gc,age      ] GC(523) Age table with threshold 15 (max threshold 15)
[2024-02-23T10:58:40.247+0000][4616][gc,age      ] GC(523) - age   1:   67034376 bytes,   67034376 total
[2024-02-23T10:58:40.247+0000][4616][gc,age      ] GC(523) - age   2:   29508080 bytes,   96542456 total
[2024-02-23T10:58:40.247+0000][4616][gc,age      ] GC(523) - age   3:   31547192 bytes,  128089648 total
[2024-02-23T10:58:40.247+0000][4616][gc,heap     ] GC(523) Eden regions: 379->0(480)
[2024-02-23T10:58:40.247+0000][4616][gc,heap     ] GC(523) Survivor regions: 28->33(51)
[2024-02-23T10:58:40.247+0000][4616][gc,heap     ] GC(523) Old regions: 140->140
[2024-02-23T10:58:40.247+0000][4616][gc,heap     ] GC(523) Archive regions: 0->0
[2024-02-23T10:58:40.247+0000][4616][gc,heap     ] GC(523) Humongous regions: 2->2
[2024-02-23T10:58:40.247+0000][4616][gc,metaspace] GC(523) Metaspace: 132078K(137088K)->132078K(137088K) NonClass: 115091K(117824K)->115091K(117824K) Class: 16986K(19264K)->16986K(19264K)
[2024-02-23T10:58:40.247+0000][4616][gc          ] GC(523) Pause Young (Normal) (G1 Evacuation Pause) 2193M->697M(4040M) 29.919ms
[2024-02-23T10:58:40.247+0000][4616][gc,cpu      ] GC(523) User=0.25s Sys=0.00s Real=0.03s
[2024-02-23T10:58:40.247+0000][4616][safepoint   ] Safepoint "G1CollectForAllocation", Time since last: 13634468800 ns, Reaching safepoint: 159200 ns, At safepoint: 30167900 ns, Total: 30327100 ns
[2024-02-23T10:58:53.374+0000][4616][safepoint   ] Safepoint "Cleanup", Time since last: 13126201300 ns, Reaching safepoint: 165300 ns, At safepoint: 33000 ns, Total: 198300 ns
[2024-02-23T10:58:53.860+0000][4616][gc,start    ] GC(524) Pause Young (Normal) (G1 Evacuation Pause)
[2024-02-23T10:58:53.860+0000][4616][gc,task     ] GC(524) Using 8 workers of 8 for evacuation
[2024-02-23T10:58:53.860+0000][4616][gc,age      ] GC(524) Desired survivor size 136314880 bytes, new threshold 15 (max threshold 15)
[2024-02-23T10:58:53.896+0000][4616][gc,phases   ] GC(524)   Pre Evacuate Collection Set: 0.4ms
[2024-02-23T10:58:53.896+0000][4616][gc,phases   ] GC(524)   Merge Heap Roots: 0.3ms
[2024-02-23T10:58:53.896+0000][4616][gc,phases   ] GC(524)   Evacuate Collection Set: 31.3ms
[2024-02-23T10:58:53.896+0000][4616][gc,phases   ] GC(524)   Post Evacuate Collection Set: 1.6ms
[2024-02-23T10:58:53.896+0000][4616][gc,phases   ] GC(524)   Other: 0.5ms
[2024-02-23T10:58:53.896+0000][4616][gc,age      ] GC(524) Age table with threshold 15 (max threshold 15)
[2024-02-23T10:58:53.896+0000][4616][gc,age      ] GC(524) - age   1:   64301824 bytes,   64301824 total
[2024-02-23T10:58:53.896+0000][4616][gc,age      ] GC(524) - age   2:   44092904 bytes,  108394728 total
[2024-02-23T10:58:53.896+0000][4616][gc,age      ] GC(524) - age   3:   10821344 bytes,  119216072 total
[2024-02-23T10:58:53.896+0000][4616][gc,age      ] GC(524) - age   4:   29385976 bytes,  148602048 total
[2024-02-23T10:58:53.896+0000][4616][gc,heap     ] GC(524) Eden regions: 480->0(568)
[2024-02-23T10:58:53.896+0000][4616][gc,heap     ] GC(524) Survivor regions: 33->38(65)
[2024-02-23T10:58:53.896+0000][4616][gc,heap     ] GC(524) Old regions: 140->140
[2024-02-23T10:58:53.896+0000][4616][gc,heap     ] GC(524) Archive regions: 0->0
[2024-02-23T10:58:53.896+0000][4616][gc,heap     ] GC(524) Humongous regions: 2->2
[2024-02-23T10:58:53.896+0000][4616][gc,metaspace] GC(524) Metaspace: 132078K(137088K)->132078K(137088K) NonClass: 115091K(117824K)->115091K(117824K) Class: 16986K(19264K)->16986K(19264K)
[2024-02-23T10:58:53.896+0000][4616][gc          ] GC(524) Pause Young (Normal) (G1 Evacuation Pause) 2617M->717M(4040M) 35.212ms
[2024-02-23T10:58:53.896+0000][4616][gc,cpu      ] GC(524) User=0.16s Sys=0.00s Real=0.04s
[2024-02-23T10:58:53.896+0000][4616][safepoint   ] Safepoint "G1CollectForAllocation", Time since last: 488158100 ns, Reaching safepoint: 94200 ns, At safepoint: 35659400 ns, Total: 35753600 ns
[2024-02-23T10:59:49.515+0000][4616][gc,start    ] GC(525) Pause Young (Normal) (G1 Evacuation Pause)
[2024-02-23T10:59:49.515+0000][4616][gc,task     ] GC(525) Using 8 workers of 8 for evacuation
[2024-02-23T10:59:49.515+0000][4616][gc,age      ] GC(525) Desired survivor size 159383552 bytes, new threshold 15 (max threshold 15)
[2024-02-23T10:59:49.566+0000][4616][gc,phases   ] GC(525)   Pre Evacuate Collection Set: 0.2ms
[2024-02-23T10:59:49.566+0000][4616][gc,phases   ] GC(525)   Merge Heap Roots: 0.3ms
[2024-02-23T10:59:49.566+0000][4616][gc,phases   ] GC(525)   Evacuate Collection Set: 50.7ms
[2024-02-23T10:59:49.566+0000][4616][gc,phases   ] GC(525)   Post Evacuate Collection Set: 4.8ms
[2024-02-23T10:59:49.566+0000][4616][gc,phases   ] GC(525)   Other: 0.3ms
[2024-02-23T10:59:49.566+0000][4616][gc,age      ] GC(525) Age table with threshold 15 (max threshold 15)
[2024-02-23T10:59:49.566+0000][4616][gc,age      ] GC(525) - age   1:   91175128 bytes,   91175128 total
[2024-02-23T10:59:49.566+0000][4616][gc,age      ] GC(525) - age   2:   20316792 bytes,  111491920 total
[2024-02-23T10:59:49.566+0000][4616][gc,age      ] GC(525) - age   3:   27721064 bytes,  139212984 total
[2024-02-23T10:59:49.566+0000][4616][gc,age      ] GC(525) - age   4:    9823064 bytes,  149036048 total
[2024-02-23T10:59:49.566+0000][4616][gc,age      ] GC(525) - age   5:   24535328 bytes,  173571376 total
[2024-02-23T10:59:49.566+0000][4616][gc,heap     ] GC(525) Eden regions: 568->0(561)
[2024-02-23T10:59:49.566+0000][4616][gc,heap     ] GC(525) Survivor regions: 38->45(76)
[2024-02-23T10:59:49.566+0000][4616][gc,heap     ] GC(525) Old regions: 140->140
[2024-02-23T10:59:49.566+0000][4616][gc,heap     ] GC(525) Archive regions: 0->0
[2024-02-23T10:59:49.566+0000][4616][gc,heap     ] GC(525) Humongous regions: 2->2
[2024-02-23T10:59:49.566+0000][4616][gc,metaspace] GC(525) Metaspace: 132078K(137088K)->132078K(137088K) NonClass: 115091K(117824K)->115091K(117824K) Class: 16986K(19264K)->16986K(19264K)
[2024-02-23T10:59:49.566+0000][4616][gc          ] GC(525) Pause Young (Normal) (G1 Evacuation Pause) 2989M->745M(4040M) 56.738ms
[2024-02-23T10:59:49.566+0000][4616][gc,cpu      ] GC(525) User=0.25s Sys=0.00s Real=0.05s
[2024-02-23T10:59:49.566+0000][4616][safepoint   ] Safepoint "G1CollectForAllocation", Time since last: 55617402500 ns, Reaching safepoint: 79900 ns, At safepoint: 56993000 ns, Total: 57072900 ns
[2024-02-23T10:59:53.594+0000][4616][safepoint   ] Safepoint "Cleanup", Time since last: 4021310400 ns, Reaching safepoint: 178400 ns, At safepoint: 40100 ns, Total: 218500 ns
[2024-02-23T11:00:20.364+0000][4616][gc,start    ] GC(526) Pause Young (Concurrent Start) (G1 Evacuation Pause)
[2024-02-23T11:00:20.364+0000][4616][gc,task     ] GC(526) Using 8 workers of 8 for evacuation
[2024-02-23T11:00:20.364+0000][4616][gc,age      ] GC(526) Desired survivor size 159383552 bytes, new threshold 5 (max threshold 15)
[2024-02-23T11:00:20.485+0000][4616][gc,phases   ] GC(526)   Pre Evacuate Collection Set: 1.0ms
[2024-02-23T11:00:20.485+0000][4616][gc,phases   ] GC(526)   Merge Heap Roots: 0.6ms
[2024-02-23T11:00:20.485+0000][4616][gc,phases   ] GC(526)   Evacuate Collection Set: 124.8ms
[2024-02-23T11:00:20.485+0000][4616][gc,phases   ] GC(526)   Post Evacuate Collection Set: 3.1ms
[2024-02-23T11:00:20.485+0000][4616][gc,phases   ] GC(526)   Other: 0.2ms
[2024-02-23T11:00:20.485+0000][4616][gc,age      ] GC(526) Age table with threshold 5 (max threshold 15)
[2024-02-23T11:00:20.485+0000][4616][gc,age      ] GC(526) - age   1:   95422064 bytes,   95422064 total
[2024-02-23T11:00:20.485+0000][4616][gc,age      ] GC(526) - age   2:   27081040 bytes,  122503104 total
[2024-02-23T11:00:20.485+0000][4616][gc,age      ] GC(526) - age   3:   16600616 bytes,  139103720 total
[2024-02-23T11:00:20.485+0000][4616][gc,age      ] GC(526) - age   4:   26519624 bytes,  165623344 total
[2024-02-23T11:00:20.485+0000][4616][gc,age      ] GC(526) - age   5:    7790440 bytes,  173413784 total
[2024-02-23T11:00:20.485+0000][4616][gc,heap     ] GC(526) Eden regions: 561->0(562)
[2024-02-23T11:00:20.485+0000][4616][gc,heap     ] GC(526) Survivor regions: 45->44(76)
[2024-02-23T11:00:20.485+0000][4616][gc,heap     ] GC(526) Old regions: 140->146
[2024-02-23T11:00:20.485+0000][4616][gc,heap     ] GC(526) Archive regions: 0->0
[2024-02-23T11:00:20.485+0000][4616][gc,heap     ] GC(526) Humongous regions: 2->2
[2024-02-23T11:00:20.485+0000][4616][gc,metaspace] GC(526) Metaspace: 132078K(137088K)->132078K(137088K) NonClass: 115091K(117824K)->115091K(117824K) Class: 16986K(19264K)->16986K(19264K)
[2024-02-23T11:00:20.485+0000][4616][gc          ] GC(526) Pause Young (Concurrent Start) (G1 Evacuation Pause) 2989M->761M(4040M) 131.124ms
[2024-02-23T11:00:20.485+0000][4616][gc,cpu      ] GC(526) User=0.19s Sys=0.42s Real=0.12s
[2024-02-23T11:00:20.485+0000][4616][gc          ] GC(527) Concurrent Mark Cycle
[2024-02-23T11:00:20.485+0000][4616][gc,marking  ] GC(527) Concurrent Clear Claimed Marks
[2024-02-23T11:00:20.502+0000][4616][safepoint   ] Safepoint "G1CollectForAllocation", Time since last: 26775940600 ns, Reaching safepoint: 195700 ns, At safepoint: 131749700 ns, Total: 131945400 ns
[2024-02-23T11:00:20.502+0000][4616][gc,marking  ] GC(527) Concurrent Clear Claimed Marks 0.391ms
[2024-02-23T11:00:20.502+0000][4616][gc,marking  ] GC(527) Concurrent Scan Root Regions
[2024-02-23T11:00:20.522+0000][4616][gc,marking  ] GC(527) Concurrent Scan Root Regions 21.257ms
[2024-02-23T11:00:20.522+0000][4616][gc,marking  ] GC(527) Concurrent Mark
[2024-02-23T11:00:20.522+0000][4616][gc,marking  ] GC(527) Concurrent Mark From Roots
[2024-02-23T11:00:20.522+0000][4616][gc,task     ] GC(527) Using 2 workers of 2 for marking
[2024-02-23T11:00:20.774+0000][4616][gc,marking  ] GC(527) Concurrent Mark From Roots 250.240ms
[2024-02-23T11:00:20.774+0000][4616][gc,marking  ] GC(527) Concurrent Preclean
[2024-02-23T11:00:20.775+0000][4616][gc,marking  ] GC(527) Concurrent Preclean 1.054ms
[2024-02-23T11:00:20.775+0000][4616][gc,start    ] GC(527) Pause Remark
[2024-02-23T11:00:20.793+0000][4616][gc          ] GC(527) Pause Remark 801M->801M(4040M) 17.996ms
[2024-02-23T11:00:20.793+0000][4616][gc,cpu      ] GC(527) User=0.12s Sys=0.00s Real=0.02s
[2024-02-23T11:00:20.793+0000][4616][safepoint   ] Safepoint "G1Concurrent", Time since last: 273348500 ns, Reaching safepoint: 93300 ns, At safepoint: 18269900 ns, Total: 18363200 ns
[2024-02-23T11:00:20.794+0000][4616][gc,marking  ] GC(527) Concurrent Mark 269.982ms
[2024-02-23T11:00:20.794+0000][4616][gc,marking  ] GC(527) Concurrent Rebuild Remembered Sets
[2024-02-23T11:00:20.953+0000][4616][gc,marking  ] GC(527) Concurrent Rebuild Remembered Sets 159.786ms
[2024-02-23T11:00:20.953+0000][4616][gc,start    ] GC(527) Pause Cleanup
[2024-02-23T11:00:20.953+0000][4616][gc          ] GC(527) Pause Cleanup 813M->813M(4040M) 0.444ms
[2024-02-23T11:00:20.953+0000][4616][gc,cpu      ] GC(527) User=0.00s Sys=0.00s Real=0.00s
[2024-02-23T11:00:20.954+0000][4616][safepoint   ] Safepoint "G1Concurrent", Time since last: 160018800 ns, Reaching safepoint: 98000 ns, At safepoint: 602300 ns, Total: 700300 ns
[2024-02-23T11:00:20.954+0000][4616][gc,marking  ] GC(527) Concurrent Cleanup for Next Mark
[2024-02-23T11:00:20.985+0000][4616][gc,marking  ] GC(527) Concurrent Cleanup for Next Mark 31.344ms
[2024-02-23T11:00:20.985+0000][4616][gc          ] GC(527) Concurrent Mark Cycle 484.409ms
[2024-02-23T11:01:07.461+0000][4616][gc,start    ] GC(528) Pause Young (Prepare Mixed) (G1 Evacuation Pause)
[2024-02-23T11:01:07.461+0000][4616][gc,task     ] GC(528) Using 8 workers of 8 for evacuation
[2024-02-23T11:01:07.461+0000][4616][gc,age      ] GC(528) Desired survivor size 159383552 bytes, new threshold 4 (max threshold 15)
[2024-02-23T11:01:07.738+0000][4616][gc,mmu      ] GC(528) MMU target violated: 201.0ms (200.0ms/201.0ms)
[2024-02-23T11:01:07.738+0000][4616][gc,phases   ] GC(528)   Pre Evacuate Collection Set: 0.4ms
[2024-02-23T11:01:07.738+0000][4616][gc,phases   ] GC(528)   Merge Heap Roots: 0.6ms
[2024-02-23T11:01:07.738+0000][4616][gc,phases   ] GC(528)   Evacuate Collection Set: 273.3ms
[2024-02-23T11:01:07.738+0000][4616][gc,phases   ] GC(528)   Post Evacuate Collection Set: 1.8ms
[2024-02-23T11:01:07.738+0000][4616][gc,phases   ] GC(528)   Other: 0.6ms
[2024-02-23T11:01:07.738+0000][4616][gc,age      ] GC(528) Age table with threshold 4 (max threshold 15)
[2024-02-23T11:01:07.738+0000][4616][gc,age      ] GC(528) - age   1:  102633720 bytes,  102633720 total
[2024-02-23T11:01:07.738+0000][4616][gc,age      ] GC(528) - age   2:   28011504 bytes,  130645224 total
[2024-02-23T11:01:07.738+0000][4616][gc,age      ] GC(528) - age   3:   15421880 bytes,  146067104 total
[2024-02-23T11:01:07.738+0000][4616][gc,age      ] GC(528) - age   4:   16594536 bytes,  162661640 total
[2024-02-23T11:01:07.738+0000][4616][gc,heap     ] GC(528) Eden regions: 562->0(10)
[2024-02-23T11:01:07.738+0000][4616][gc,heap     ] GC(528) Survivor regions: 44->40(76)
[2024-02-23T11:01:07.738+0000][4616][gc,heap     ] GC(528) Old regions: 146->154
[2024-02-23T11:01:07.738+0000][4616][gc,heap     ] GC(528) Archive regions: 0->0
[2024-02-23T11:01:07.738+0000][4616][gc,heap     ] GC(528) Humongous regions: 2->2
[2024-02-23T11:01:07.738+0000][4616][gc,metaspace] GC(528) Metaspace: 132078K(137088K)->132078K(137088K) NonClass: 115091K(117824K)->115091K(117824K) Class: 16986K(19264K)->16986K(19264K)
[2024-02-23T11:01:07.738+0000][4616][gc          ] GC(528) Pause Young (Prepare Mixed) (G1 Evacuation Pause) 3009M->782M(4040M) 277.412ms
[2024-02-23T11:01:07.738+0000][4616][gc,cpu      ] GC(528) User=0.22s Sys=0.38s Real=0.28s
[2024-02-23T11:01:07.738+0000][4616][safepoint   ] Safepoint "G1CollectForAllocation", Time since last: 46512749100 ns, Reaching safepoint: 184400 ns, At safepoint: 277918100 ns, Total: 278102500 ns
[2024-02-23T11:01:07.950+0000][4616][gc,start    ] GC(529) Pause Young (Mixed) (G1 Evacuation Pause)
[2024-02-23T11:01:07.950+0000][4616][gc,task     ] GC(529) Using 8 workers of 8 for evacuation
[2024-02-23T11:01:07.950+0000][4616][gc,age      ] GC(529) Desired survivor size 14680064 bytes, new threshold 1 (max threshold 15)
[2024-02-23T11:01:08.569+0000][4616][gc,mmu      ] GC(529) MMU target violated: 201.0ms (200.0ms/201.0ms)
[2024-02-23T11:01:08.569+0000][4616][gc,phases   ] GC(529)   Pre Evacuate Collection Set: 0.2ms
[2024-02-23T11:01:08.569+0000][4616][gc,phases   ] GC(529)   Merge Heap Roots: 0.4ms
[2024-02-23T11:01:08.569+0000][4616][gc,phases   ] GC(529)   Evacuate Collection Set: 618.1ms
[2024-02-23T11:01:08.569+0000][4616][gc,phases   ] GC(529)   Post Evacuate Collection Set: 1.5ms
[2024-02-23T11:01:08.569+0000][4616][gc,phases   ] GC(529)   Other: 0.4ms
[2024-02-23T11:01:08.569+0000][4616][gc,age      ] GC(529) Age table with threshold 1 (max threshold 15)
[2024-02-23T11:01:08.569+0000][4616][gc,age      ] GC(529) - age   1:    4962016 bytes,    4962016 total
[2024-02-23T11:01:08.569+0000][4616][gc,heap     ] GC(529) Eden regions: 10->0(277)
[2024-02-23T11:01:08.569+0000][4616][gc,heap     ] GC(529) Survivor regions: 40->4(7)
[2024-02-23T11:01:08.569+0000][4616][gc,heap     ] GC(529) Old regions: 154->168
[2024-02-23T11:01:08.569+0000][4616][gc,heap     ] GC(529) Archive regions: 0->0
[2024-02-23T11:01:08.569+0000][4616][gc,heap     ] GC(529) Humongous regions: 2->2
[2024-02-23T11:01:08.569+0000][4616][gc,metaspace] GC(529) Metaspace: 132078K(137088K)->132078K(137088K) NonClass: 115091K(117824K)->115091K(117824K) Class: 16986K(19264K)->16986K(19264K)
[2024-02-23T11:01:08.569+0000][4616][gc          ] GC(529) Pause Young (Mixed) (G1 Evacuation Pause) 822M->695M(4040M) 621.112ms
[2024-02-23T11:01:08.569+0000][4616][gc,cpu      ] GC(529) User=0.39s Sys=1.67s Real=0.62s
[2024-02-23T11:01:08.569+0000][4616][safepoint   ] Safepoint "G1CollectForAllocation", Time since last: 209209800 ns, Reaching safepoint: 141800 ns, At safepoint: 621789400 ns, Total: 621931200 ns
[2024-02-23T11:01:13.572+0000][4616][safepoint   ] Safepoint "Cleanup", Time since last: 4995281200 ns, Reaching safepoint: 155400 ns, At safepoint: 82500 ns, Total: 237900 ns
[2024-02-23T11:01:36.385+0000][4616][gc,start    ] GC(530) Pause Young (Normal) (G1 Evacuation Pause)
[2024-02-23T11:01:36.385+0000][4616][gc,task     ] GC(530) Using 8 workers of 8 for evacuation
[2024-02-23T11:01:36.385+0000][4616][gc,age      ] GC(530) Desired survivor size 75497472 bytes, new threshold 15 (max threshold 15)
[2024-02-23T11:01:36.399+0000][4616][gc,phases   ] GC(530)   Pre Evacuate Collection Set: 0.2ms
[2024-02-23T11:01:36.400+0000][4616][gc,phases   ] GC(530)   Merge Heap Roots: 0.2ms
[2024-02-23T11:01:36.400+0000][4616][gc,phases   ] GC(530)   Evacuate Collection Set: 9.1ms
[2024-02-23T11:01:36.400+0000][4616][gc,phases   ] GC(530)   Post Evacuate Collection Set: 1.1ms
[2024-02-23T11:01:36.400+0000][4616][gc,phases   ] GC(530)   Other: 3.5ms
[2024-02-23T11:01:36.400+0000][4616][gc,age      ] GC(530) Age table with threshold 15 (max threshold 15)
[2024-02-23T11:01:36.400+0000][4616][gc,age      ] GC(530) - age   1:   26241240 bytes,   26241240 total
[2024-02-23T11:01:36.400+0000][4616][gc,age      ] GC(530) - age   2:    4480232 bytes,   30721472 total
[2024-02-23T11:01:36.400+0000][4616][gc,heap     ] GC(530) Eden regions: 277->0(320)
[2024-02-23T11:01:36.400+0000][4616][gc,heap     ] GC(530) Survivor regions: 4->9(36)
[2024-02-23T11:01:36.400+0000][4616][gc,heap     ] GC(530) Old regions: 168->168
[2024-02-23T11:01:36.400+0000][4616][gc,heap     ] GC(530) Archive regions: 0->0
[2024-02-23T11:01:36.400+0000][4616][gc,heap     ] GC(530) Humongous regions: 2->2
[2024-02-23T11:01:36.400+0000][4616][gc,metaspace] GC(530) Metaspace: 132084K(137088K)->132084K(137088K) NonClass: 115098K(117824K)->115098K(117824K) Class: 16986K(19264K)->16986K(19264K)
[2024-02-23T11:01:36.400+0000][4616][gc          ] GC(530) Pause Young (Normal) (G1 Evacuation Pause) 1803M->713M(4040M) 14.607ms
[2024-02-23T11:01:36.401+0000][4616][gc,cpu      ] GC(530) User=0.12s Sys=0.00s Real=0.02s
[2024-02-23T11:01:36.401+0000][4616][safepoint   ] Safepoint "G1CollectForAllocation", Time since last: 22814311800 ns, Reaching safepoint: 47600 ns, At safepoint: 14761500 ns, Total: 14809100 ns
[2024-02-23T11:01:45.540+0000][4616][safepoint   ] Safepoint "Cleanup", Time since last: 9109486400 ns, Reaching safepoint: 30261600 ns, At safepoint: 528400 ns, Total: 30790000 ns
[2024-02-23T11:01:45.731+0000][4616][gc,start    ] GC(531) Pause Young (Normal) (G1 Evacuation Pause)
[2024-02-23T11:01:45.731+0000][4616][gc,task     ] GC(531) Using 8 workers of 8 for evacuation
[2024-02-23T11:01:45.731+0000][4616][gc,age      ] GC(531) Desired survivor size 88080384 bytes, new threshold 15 (max threshold 15)
[2024-02-23T11:01:45.757+0000][4616][gc,phases   ] GC(531)   Pre Evacuate Collection Set: 0.5ms
[2024-02-23T11:01:45.757+0000][4616][gc,phases   ] GC(531)   Merge Heap Roots: 0.6ms
[2024-02-23T11:01:45.757+0000][4616][gc,phases   ] GC(531)   Evacuate Collection Set: 23.3ms
[2024-02-23T11:01:45.757+0000][4616][gc,phases   ] GC(531)   Post Evacuate Collection Set: 1.4ms
[2024-02-23T11:01:45.757+0000][4616][gc,phases   ] GC(531)   Other: 0.4ms
[2024-02-23T11:01:45.757+0000][4616][gc,age      ] GC(531) Age table with threshold 15 (max threshold 15)
[2024-02-23T11:01:45.757+0000][4616][gc,age      ] GC(531) - age   1:   19095560 bytes,   19095560 total
[2024-02-23T11:01:45.757+0000][4616][gc,age      ] GC(531) - age   2:   25205728 bytes,   44301288 total
[2024-02-23T11:01:45.758+0000][4616][gc,age      ] GC(531) - age   3:    4480232 bytes,   48781520 total
[2024-02-23T11:01:45.758+0000][4616][gc,heap     ] GC(531) Eden regions: 320->0(421)
[2024-02-23T11:01:45.758+0000][4616][gc,heap     ] GC(531) Survivor regions: 9->13(42)
[2024-02-23T11:01:45.758+0000][4616][gc,heap     ] GC(531) Old regions: 168->168
[2024-02-23T11:01:45.758+0000][4616][gc,heap     ] GC(531) Archive regions: 0->0
[2024-02-23T11:01:45.758+0000][4616][gc,heap     ] GC(531) Humongous regions: 2->2
[2024-02-23T11:01:45.758+0000][4616][gc,metaspace] GC(531) Metaspace: 132084K(137088K)->132084K(137088K) NonClass: 115098K(117824K)->115098K(117824K) Class: 16986K(19264K)->16986K(19264K)
[2024-02-23T11:01:45.758+0000][4616][gc          ] GC(531) Pause Young (Normal) (G1 Evacuation Pause) 1993M->728M(4040M) 26.869ms
[2024-02-23T11:01:45.758+0000][4616][gc,cpu      ] GC(531) User=0.12s Sys=0.02s Real=0.03s
[2024-02-23T11:01:45.759+0000][4616][safepoint   ] Safepoint "G1CollectForAllocation", Time since last: 82353000 ns, Reaching safepoint: 107747200 ns, At safepoint: 27353000 ns, Total: 135100200 ns
[2024-02-23T11:02:31.654+0000][4616][gc,start    ] GC(532) Pause Young (Normal) (G1 Evacuation Pause)
[2024-02-23T11:02:31.654+0000][4616][gc,task     ] GC(532) Using 8 workers of 8 for evacuation
[2024-02-23T11:02:31.654+0000][4616][gc,age      ] GC(532) Desired survivor size 115343360 bytes, new threshold 15 (max threshold 15)
[2024-02-23T11:02:31.681+0000][4616][gc,phases   ] GC(532)   Pre Evacuate Collection Set: 0.2ms
[2024-02-23T11:02:31.681+0000][4616][gc,phases   ] GC(532)   Merge Heap Roots: 0.2ms
[2024-02-23T11:02:31.681+0000][4616][gc,phases   ] GC(532)   Evacuate Collection Set: 18.6ms
[2024-02-23T11:02:31.681+0000][4616][gc,phases   ] GC(532)   Post Evacuate Collection Set: 1.4ms
[2024-02-23T11:02:31.681+0000][4616][gc,phases   ] GC(532)   Other: 3.0ms
[2024-02-23T11:02:31.681+0000][4616][gc,age      ] GC(532) Age table with threshold 15 (max threshold 15)
[2024-02-23T11:02:31.681+0000][4616][gc,age      ] GC(532) - age   1:   29937664 bytes,   29937664 total
[2024-02-23T11:02:31.681+0000][4616][gc,age      ] GC(532) - age   2:   16303816 bytes,   46241480 total
[2024-02-23T11:02:31.681+0000][4616][gc,age      ] GC(532) - age   3:   24341480 bytes,   70582960 total
[2024-02-23T11:02:31.681+0000][4616][gc,age      ] GC(532) - age   4:    4480232 bytes,   75063192 total
[2024-02-23T11:02:31.681+0000][4616][gc,heap     ] GC(532) Eden regions: 421->0(507)
[2024-02-23T11:02:31.681+0000][4616][gc,heap     ] GC(532) Survivor regions: 13->19(55)
[2024-02-23T11:02:31.681+0000][4616][gc,heap     ] GC(532) Old regions: 168->168
[2024-02-23T11:02:31.681+0000][4616][gc,heap     ] GC(532) Archive regions: 0->0
[2024-02-23T11:02:31.681+0000][4616][gc,heap     ] GC(532) Humongous regions: 2->2
[2024-02-23T11:02:31.681+0000][4616][gc,metaspace] GC(532) Metaspace: 132089K(137152K)->132089K(137152K) NonClass: 115103K(117888K)->115103K(117888K) Class: 16986K(19264K)->16986K(19264K)
[2024-02-23T11:02:31.681+0000][4616][gc          ] GC(532) Pause Young (Normal) (G1 Evacuation Pause) 2412M->755M(4040M) 24.285ms
[2024-02-23T11:02:31.681+0000][4616][gc,cpu      ] GC(532) User=0.25s Sys=0.00s Real=0.03s
[2024-02-23T11:02:31.681+0000][4616][safepoint   ] Safepoint "G1CollectForAllocation", Time since last: 45901521300 ns, Reaching safepoint: 140900 ns, At safepoint: 24517600 ns, Total: 24658500 ns
[2024-02-23T11:02:33.685+0000][4616][safepoint   ] Safepoint "Cleanup", Time since last: 2000541200 ns, Reaching safepoint: 101900 ns, At safepoint: 12300 ns, Total: 114200 ns
[2024-02-23T11:03:14.638+0000][4616][gc,start    ] GC(533) Pause Young (Normal) (G1 Evacuation Pause)
[2024-02-23T11:03:14.638+0000][4616][gc,task     ] GC(533) Using 8 workers of 8 for evacuation
[2024-02-23T11:03:14.638+0000][4616][gc,age      ] GC(533) Desired survivor size 138412032 bytes, new threshold 15 (max threshold 15)
[2024-02-23T11:03:14.670+0000][4616][gc,phases   ] GC(533)   Pre Evacuate Collection Set: 0.2ms
[2024-02-23T11:03:14.670+0000][4616][gc,phases   ] GC(533)   Merge Heap Roots: 0.2ms
[2024-02-23T11:03:14.670+0000][4616][gc,phases   ] GC(533)   Evacuate Collection Set: 25.8ms
[2024-02-23T11:03:14.670+0000][4616][gc,phases   ] GC(533)   Post Evacuate Collection Set: 1.5ms
[2024-02-23T11:03:14.670+0000][4616][gc,phases   ] GC(533)   Other: 0.2ms
[2024-02-23T11:03:14.670+0000][4616][gc,age      ] GC(533) Age table with threshold 15 (max threshold 15)
[2024-02-23T11:03:14.670+0000][4616][gc,age      ] GC(533) - age   1:   54040312 bytes,   54040312 total
[2024-02-23T11:03:14.670+0000][4616][gc,age      ] GC(533) - age   2:   21148680 bytes,   75188992 total
[2024-02-23T11:03:14.670+0000][4616][gc,age      ] GC(533) - age   3:   16084400 bytes,   91273392 total
[2024-02-23T11:03:14.670+0000][4616][gc,age      ] GC(533) - age   4:   22905520 bytes,  114178912 total
[2024-02-23T11:03:14.670+0000][4616][gc,age      ] GC(533) - age   5:    3068984 bytes,  117247896 total
[2024-02-23T11:03:14.670+0000][4616][gc,heap     ] GC(533) Eden regions: 507->0(488)
[2024-02-23T11:03:14.670+0000][4616][gc,heap     ] GC(533) Survivor regions: 19->30(66)
[2024-02-23T11:03:14.670+0000][4616][gc,heap     ] GC(533) Old regions: 168->168
[2024-02-23T11:03:14.670+0000][4616][gc,heap     ] GC(533) Archive regions: 0->0
[2024-02-23T11:03:14.670+0000][4616][gc,heap     ] GC(533) Humongous regions: 2->2
[2024-02-23T11:03:14.670+0000][4616][gc,metaspace] GC(533) Metaspace: 132089K(137152K)->132089K(137152K) NonClass: 115103K(117888K)->115103K(117888K) Class: 16986K(19264K)->16986K(19264K)
[2024-02-23T11:03:14.670+0000][4616][gc          ] GC(533) Pause Young (Normal) (G1 Evacuation Pause) 2783M->798M(4040M) 28.575ms
[2024-02-23T11:03:14.670+0000][4616][gc,cpu      ] GC(533) User=0.25s Sys=0.00s Real=0.03s
[2024-02-23T11:03:14.670+0000][4616][safepoint   ] Safepoint "G1CollectForAllocation", Time since last: 40956995200 ns, Reaching safepoint: 119200 ns, At safepoint: 28771600 ns, Total: 28890800 ns
[2024-02-23T11:03:51.948+0000][4616][safepoint   ] Safepoint "Cleanup", Time since last: 37276882300 ns, Reaching safepoint: 138100 ns, At safepoint: 19400 ns, Total: 157500 ns
[2024-02-23T11:03:55.863+0000][4616][gc,start    ] GC(534) Pause Young (Normal) (G1 Evacuation Pause)
[2024-02-23T11:03:55.863+0000][4616][gc,task     ] GC(534) Using 8 workers of 8 for evacuation
[2024-02-23T11:03:55.863+0000][4616][gc,age      ] GC(534) Desired survivor size 136314880 bytes, new threshold 15 (max threshold 15)
[2024-02-23T11:03:55.908+0000][4616][gc,phases   ] GC(534)   Pre Evacuate Collection Set: 0.4ms
[2024-02-23T11:03:55.908+0000][4616][gc,phases   ] GC(534)   Merge Heap Roots: 0.4ms
[2024-02-23T11:03:55.908+0000][4616][gc,phases   ] GC(534)   Evacuate Collection Set: 34.4ms
[2024-02-23T11:03:55.908+0000][4616][gc,phases   ] GC(534)   Post Evacuate Collection Set: 2.1ms
[2024-02-23T11:03:55.909+0000][4616][gc,phases   ] GC(534)   Other: 2.3ms
[2024-02-23T11:03:55.909+0000][4616][gc,age      ] GC(534) Age table with threshold 15 (max threshold 15)
[2024-02-23T11:03:55.909+0000][4616][gc,age      ] GC(534) - age   1:   45939896 bytes,   45939896 total
[2024-02-23T11:03:55.909+0000][4616][gc,age      ] GC(534) - age   2:   39386672 bytes,   85326568 total
[2024-02-23T11:03:55.909+0000][4616][gc,age      ] GC(534) - age   3:   14954720 bytes,  100281288 total
[2024-02-23T11:03:55.909+0000][4616][gc,age      ] GC(534) - age   4:   15802848 bytes,  116084136 total
[2024-02-23T11:03:55.909+0000][4616][gc,age      ] GC(534) - age   5:   20787368 bytes,  136871504 total
[2024-02-23T11:03:55.909+0000][4616][gc,age      ] GC(534) - age   6:    3068376 bytes,  139939880 total
[2024-02-23T11:03:55.909+0000][4616][gc,heap     ] GC(534) Eden regions: 488->0(570)
[2024-02-23T11:03:55.909+0000][4616][gc,heap     ] GC(534) Survivor regions: 30->36(65)
[2024-02-23T11:03:55.909+0000][4616][gc,heap     ] GC(534) Old regions: 168->168
[2024-02-23T11:03:55.909+0000][4616][gc,heap     ] GC(534) Archive regions: 0->0
[2024-02-23T11:03:55.909+0000][4616][gc,heap     ] GC(534) Humongous regions: 2->2
[2024-02-23T11:03:55.909+0000][4616][gc,metaspace] GC(534) Metaspace: 132090K(137152K)->132090K(137152K) NonClass: 115104K(117888K)->115104K(117888K) Class: 16986K(19264K)->16986K(19264K)
[2024-02-23T11:03:55.909+0000][4616][gc          ] GC(534) Pause Young (Normal) (G1 Evacuation Pause) 2750M->821M(4040M) 40.897ms
[2024-02-23T11:03:55.909+0000][4616][gc,cpu      ] GC(534) User=0.17s Sys=0.03s Real=0.05s
[2024-02-23T11:03:55.909+0000][4616][safepoint   ] Safepoint "G1CollectForAllocation", Time since last: 3920266000 ns, Reaching safepoint: 175100 ns, At safepoint: 41254100 ns, Total: 41429200 ns
[2024-02-23T11:04:14.245+0000][4616][gc,start    ] GC(535) Pause Young (Normal) (G1 Evacuation Pause)
[2024-02-23T11:04:14.245+0000][4616][gc,task     ] GC(535) Using 8 workers of 8 for evacuation
[2024-02-23T11:04:14.245+0000][4616][gc,age      ] GC(535) Desired survivor size 159383552 bytes, new threshold 15 (max threshold 15)
[2024-02-23T11:04:14.293+0000][4616][gc,phases   ] GC(535)   Pre Evacuate Collection Set: 0.3ms
[2024-02-23T11:04:14.293+0000][4616][gc,phases   ] GC(535)   Merge Heap Roots: 0.4ms
[2024-02-23T11:04:14.293+0000][4616][gc,phases   ] GC(535)   Evacuate Collection Set: 44.9ms
[2024-02-23T11:04:14.293+0000][4616][gc,phases   ] GC(535)   Post Evacuate Collection Set: 2.8ms
[2024-02-23T11:04:14.293+0000][4616][gc,phases   ] GC(535)   Other: 0.4ms
[2024-02-23T11:04:14.293+0000][4616][gc,age      ] GC(535) Age table with threshold 15 (max threshold 15)
[2024-02-23T11:04:14.293+0000][4616][gc,age      ] GC(535) - age   1:   67034096 bytes,   67034096 total
[2024-02-23T11:04:14.293+0000][4616][gc,age      ] GC(535) - age   2:   24531304 bytes,   91565400 total
[2024-02-23T11:04:14.293+0000][4616][gc,age      ] GC(535) - age   3:   25210168 bytes,  116775568 total
[2024-02-23T11:04:14.293+0000][4616][gc,age      ] GC(535) - age   4:   13785680 bytes,  130561248 total
[2024-02-23T11:04:14.293+0000][4616][gc,age      ] GC(535) - age   5:   14879880 bytes,  145441128 total
[2024-02-23T11:04:14.293+0000][4616][gc,age      ] GC(535) - age   6:   20729776 bytes,  166170904 total
[2024-02-23T11:04:14.293+0000][4616][gc,age      ] GC(535) - age   7:    3068376 bytes,  169239280 total
[2024-02-23T11:04:14.293+0000][4616][gc,heap     ] GC(535) Eden regions: 570->0(563)
[2024-02-23T11:04:14.293+0000][4616][gc,heap     ] GC(535) Survivor regions: 36->43(76)
[2024-02-23T11:04:14.293+0000][4616][gc,heap     ] GC(535) Old regions: 168->168
[2024-02-23T11:04:14.293+0000][4616][gc,heap     ] GC(535) Archive regions: 0->0
[2024-02-23T11:04:14.293+0000][4616][gc,heap     ] GC(535) Humongous regions: 2->2
[2024-02-23T11:04:14.293+0000][4616][gc,metaspace] GC(535) Metaspace: 132090K(137152K)->132090K(137152K) NonClass: 115104K(117888K)->115104K(117888K) Class: 16986K(19264K)->16986K(19264K)
[2024-02-23T11:04:14.293+0000][4616][gc          ] GC(535) Pause Young (Normal) (G1 Evacuation Pause) 3101M->851M(4040M) 50.569ms
[2024-02-23T11:04:14.293+0000][4616][gc,cpu      ] GC(535) User=0.19s Sys=0.05s Real=0.05s
[2024-02-23T11:04:14.293+0000][4616][safepoint   ] Safepoint "G1CollectForAllocation", Time since last: 18334727600 ns, Reaching safepoint: 183100 ns, At safepoint: 51089500 ns, Total: 51272600 ns
[2024-02-23T11:04:34.021+0000][4616][gc,start    ] GC(536) Pause Young (Concurrent Start) (G1 Evacuation Pause)
[2024-02-23T11:04:34.021+0000][4616][gc,task     ] GC(536) Using 8 workers of 8 for evacuation
[2024-02-23T11:04:34.021+0000][4616][gc,age      ] GC(536) Desired survivor size 159383552 bytes, new threshold 6 (max threshold 15)
[2024-02-23T11:04:34.103+0000][4616][gc,phases   ] GC(536)   Pre Evacuate Collection Set: 0.4ms
[2024-02-23T11:04:34.103+0000][4616][gc,phases   ] GC(536)   Merge Heap Roots: 0.2ms
[2024-02-23T11:04:34.103+0000][4616][gc,phases   ] GC(536)   Evacuate Collection Set: 75.5ms
[2024-02-23T11:04:34.103+0000][4616][gc,phases   ] GC(536)   Post Evacuate Collection Set: 1.7ms
[2024-02-23T11:04:34.103+0000][4616][gc,phases   ] GC(536)   Other: 0.2ms
[2024-02-23T11:04:34.103+0000][4616][gc,age      ] GC(536) Age table with threshold 6 (max threshold 15)
[2024-02-23T11:04:34.103+0000][4616][gc,age      ] GC(536) - age   1:   68995728 bytes,   68995728 total
[2024-02-23T11:04:34.103+0000][4616][gc,age      ] GC(536) - age   2:   36625560 bytes,  105621288 total
[2024-02-23T11:04:34.103+0000][4616][gc,age      ] GC(536) - age   3:   14085816 bytes,  119707104 total
[2024-02-23T11:04:34.103+0000][4616][gc,age      ] GC(536) - age   4:   23987280 bytes,  143694384 total
[2024-02-23T11:04:34.103+0000][4616][gc,age      ] GC(536) - age   5:   13493776 bytes,  157188160 total
[2024-02-23T11:04:34.103+0000][4616][gc,age      ] GC(536) - age   6:   14877144 bytes,  172065304 total
[2024-02-23T11:04:34.103+0000][4616][gc,heap     ] GC(536) Eden regions: 563->0(563)
[2024-02-23T11:04:34.103+0000][4616][gc,heap     ] GC(536) Survivor regions: 43->43(76)
[2024-02-23T11:04:34.103+0000][4616][gc,heap     ] GC(536) Old regions: 168->174
[2024-02-23T11:04:34.103+0000][4616][gc,heap     ] GC(536) Archive regions: 0->0
[2024-02-23T11:04:34.103+0000][4616][gc,heap     ] GC(536) Humongous regions: 2->2
[2024-02-23T11:04:34.103+0000][4616][gc,metaspace] GC(536) Metaspace: 132090K(137152K)->132090K(137152K) NonClass: 115104K(117888K)->115104K(117888K) Class: 16986K(19264K)->16986K(19264K)
[2024-02-23T11:04:34.103+0000][4616][gc          ] GC(536) Pause Young (Concurrent Start) (G1 Evacuation Pause) 3103M->870M(4040M) 78.673ms
[2024-02-23T11:04:34.103+0000][4616][gc          ] GC(537) Concurrent Mark Cycle
[2024-02-23T11:04:34.103+0000][4616][gc,cpu      ] GC(536) User=0.28s Sys=0.03s Real=0.08s
[2024-02-23T11:04:34.103+0000][4616][gc,marking  ] GC(537) Concurrent Clear Claimed Marks
[2024-02-23T11:04:34.104+0000][4616][safepoint   ] Safepoint "G1CollectForAllocation", Time since last: 19728627500 ns, Reaching safepoint: 149800 ns, At safepoint: 78977700 ns, Total: 79127500 ns
[2024-02-23T11:04:34.104+0000][4616][gc,marking  ] GC(537) Concurrent Clear Claimed Marks 0.299ms
[2024-02-23T11:04:34.104+0000][4616][gc,marking  ] GC(537) Concurrent Scan Root Regions
[2024-02-23T11:04:34.115+0000][4616][gc,marking  ] GC(537) Concurrent Scan Root Regions 16.651ms
[2024-02-23T11:04:34.115+0000][4616][gc,marking  ] GC(537) Concurrent Mark
[2024-02-23T11:04:34.115+0000][4616][gc,marking  ] GC(537) Concurrent Mark From Roots
[2024-02-23T11:04:34.115+0000][4616][gc,task     ] GC(537) Using 2 workers of 2 for marking
[2024-02-23T11:04:34.362+0000][4616][gc,marking  ] GC(537) Concurrent Mark From Roots 241.156ms
[2024-02-23T11:04:34.362+0000][4616][gc,marking  ] GC(537) Concurrent Preclean
[2024-02-23T11:04:34.363+0000][4616][gc,marking  ] GC(537) Concurrent Preclean 1.191ms
[2024-02-23T11:04:34.363+0000][4616][gc,start    ] GC(537) Pause Remark
[2024-02-23T11:04:34.383+0000][4616][gc          ] GC(537) Pause Remark 926M->926M(4040M) 20.087ms
[2024-02-23T11:04:34.383+0000][4616][gc,cpu      ] GC(537) User=0.17s Sys=0.02s Real=0.02s
[2024-02-23T11:04:34.384+0000][4616][safepoint   ] Safepoint "G1Concurrent", Time since last: 259511700 ns, Reaching safepoint: 126800 ns, At safepoint: 20280500 ns, Total: 20407300 ns
[2024-02-23T11:04:34.384+0000][4616][gc,marking  ] GC(537) Concurrent Mark 263.081ms
[2024-02-23T11:04:34.384+0000][4616][gc,marking  ] GC(537) Concurrent Rebuild Remembered Sets
[2024-02-23T11:04:34.538+0000][4616][gc,marking  ] GC(537) Concurrent Rebuild Remembered Sets 154.512ms
[2024-02-23T11:04:34.538+0000][4616][gc,start    ] GC(537) Pause Cleanup
[2024-02-23T11:04:34.539+0000][4616][gc          ] GC(537) Pause Cleanup 955M->955M(4040M) 0.468ms
[2024-02-23T11:04:34.539+0000][4616][gc,cpu      ] GC(537) User=0.02s Sys=0.03s Real=0.00s
[2024-02-23T11:04:34.539+0000][4616][safepoint   ] Safepoint "G1Concurrent", Time since last: 154759400 ns, Reaching safepoint: 129900 ns, At safepoint: 637500 ns, Total: 767400 ns
[2024-02-23T11:04:34.539+0000][4616][gc,marking  ] GC(537) Concurrent Cleanup for Next Mark
[2024-02-23T11:04:34.569+0000][4616][gc,marking  ] GC(537) Concurrent Cleanup for Next Mark 30.699ms
[2024-02-23T11:04:34.569+0000][4616][gc          ] GC(537) Concurrent Mark Cycle 466.520ms
[2024-02-23T11:04:53.765+0000][4616][safepoint   ] Safepoint "Cleanup", Time since last: 19145943300 ns, Reaching safepoint: 74316400 ns, At safepoint: 5332500 ns, Total: 79648900 ns
[2024-02-23T11:04:57.862+0000][4616][safepoint   ] Safepoint "Cleanup", Time since last: 4028153300 ns, Reaching safepoint: 69323300 ns, At safepoint: 154200 ns, Total: 69477500 ns
[2024-02-23T11:05:03.225+0000][4616][gc,start    ] GC(538) Pause Young (Prepare Mixed) (G1 Evacuation Pause)
[2024-02-23T11:05:03.225+0000][4616][gc,task     ] GC(538) Using 8 workers of 8 for evacuation
[2024-02-23T11:05:03.225+0000][4616][gc,age      ] GC(538) Desired survivor size 159383552 bytes, new threshold 6 (max threshold 15)
[2024-02-23T11:05:03.282+0000][4616][gc,phases   ] GC(538)   Pre Evacuate Collection Set: 0.6ms
[2024-02-23T11:05:03.282+0000][4616][gc,phases   ] GC(538)   Merge Heap Roots: 0.7ms
[2024-02-23T11:05:03.282+0000][4616][gc,phases   ] GC(538)   Evacuate Collection Set: 51.9ms
[2024-02-23T11:05:03.282+0000][4616][gc,phases   ] GC(538)   Post Evacuate Collection Set: 2.5ms
[2024-02-23T11:05:03.282+0000][4616][gc,phases   ] GC(538)   Other: 0.7ms
[2024-02-23T11:05:03.282+0000][4616][gc,age      ] GC(538) Age table with threshold 6 (max threshold 15)
[2024-02-23T11:05:03.282+0000][4616][gc,age      ] GC(538) - age   1:   48091360 bytes,   48091360 total
[2024-02-23T11:05:03.282+0000][4616][gc,age      ] GC(538) - age   2:   27750856 bytes,   75842216 total
[2024-02-23T11:05:03.282+0000][4616][gc,age      ] GC(538) - age   3:   14061616 bytes,   89903832 total
[2024-02-23T11:05:03.282+0000][4616][gc,age      ] GC(538) - age   4:    8229568 bytes,   98133400 total
[2024-02-23T11:05:03.282+0000][4616][gc,age      ] GC(538) - age   5:   16830128 bytes,  114963528 total
[2024-02-23T11:05:03.282+0000][4616][gc,age      ] GC(538) - age   6:    7476256 bytes,  122439784 total
[2024-02-23T11:05:03.282+0000][4616][gc,heap     ] GC(538) Eden regions: 563->0(18)
[2024-02-23T11:05:03.282+0000][4616][gc,heap     ] GC(538) Survivor regions: 43->32(76)
[2024-02-23T11:05:03.282+0000][4616][gc,heap     ] GC(538) Old regions: 174->175
[2024-02-23T11:05:03.282+0000][4616][gc,heap     ] GC(538) Archive regions: 0->0
[2024-02-23T11:05:03.282+0000][4616][gc,heap     ] GC(538) Humongous regions: 2->2
[2024-02-23T11:05:03.282+0000][4616][gc,metaspace] GC(538) Metaspace: 132097K(137152K)->132097K(137152K) NonClass: 115110K(117888K)->115110K(117888K) Class: 16986K(19264K)->16986K(19264K)
[2024-02-23T11:05:03.282+0000][4616][gc          ] GC(538) Pause Young (Prepare Mixed) (G1 Evacuation Pause) 3122M->835M(4040M) 57.244ms
[2024-02-23T11:05:03.282+0000][4616][gc,cpu      ] GC(538) User=0.17s Sys=0.06s Real=0.06s
[2024-02-23T11:05:03.282+0000][4616][safepoint   ] Safepoint "G1CollectForAllocation", Time since last: 4454674500 ns, Reaching safepoint: 908053400 ns, At safepoint: 57650100 ns, Total: 965703500 ns
[2024-02-23T11:05:04.608+0000][4616][gc,start    ] GC(539) Pause Young (Mixed) (G1 Evacuation Pause)
[2024-02-23T11:05:04.609+0000][4616][gc,task     ] GC(539) Using 8 workers of 8 for evacuation
[2024-02-23T11:05:04.609+0000][4616][gc,age      ] GC(539) Desired survivor size 14680064 bytes, new threshold 1 (max threshold 15)
[2024-02-23T11:05:05.409+0000][4616][gc,mmu      ] GC(539) MMU target violated: 201.0ms (200.0ms/201.0ms)
[2024-02-23T11:05:05.410+0000][4616][gc,phases   ] GC(539)   Pre Evacuate Collection Set: 0.7ms
[2024-02-23T11:05:05.410+0000][4616][gc,phases   ] GC(539)   Merge Heap Roots: 0.7ms
[2024-02-23T11:05:05.410+0000][4616][gc,phases   ] GC(539)   Evacuate Collection Set: 797.4ms
[2024-02-23T11:05:05.410+0000][4616][gc,phases   ] GC(539)   Post Evacuate Collection Set: 1.7ms
[2024-02-23T11:05:05.410+0000][4616][gc,phases   ] GC(539)   Other: 0.8ms
[2024-02-23T11:05:05.410+0000][4616][gc,age      ] GC(539) Age table with threshold 1 (max threshold 15)
[2024-02-23T11:05:05.410+0000][4616][gc,age      ] GC(539) - age   1:     514688 bytes,     514688 total
[2024-02-23T11:05:05.410+0000][4616][gc,heap     ] GC(539) Eden regions: 18->0(378)
[2024-02-23T11:05:05.410+0000][4616][gc,heap     ] GC(539) Survivor regions: 32->4(7)
[2024-02-23T11:05:05.410+0000][4616][gc,heap     ] GC(539) Old regions: 175->137
[2024-02-23T11:05:05.410+0000][4616][gc,heap     ] GC(539) Archive regions: 0->0
[2024-02-23T11:05:05.410+0000][4616][gc,heap     ] GC(539) Humongous regions: 2->2
[2024-02-23T11:05:05.410+0000][4616][gc,metaspace] GC(539) Metaspace: 132097K(137152K)->132097K(137152K) NonClass: 115110K(117888K)->115110K(117888K) Class: 16986K(19264K)->16986K(19264K)
[2024-02-23T11:05:05.410+0000][4616][gc          ] GC(539) Pause Young (Mixed) (G1 Evacuation Pause) 907M->570M(4040M) 802.046ms
[2024-02-23T11:05:05.410+0000][4616][gc,cpu      ] GC(539) User=0.38s Sys=2.80s Real=0.80s
[2024-02-23T11:05:05.412+0000][4616][safepoint   ] Safepoint "G1CollectForAllocation", Time since last: 325032400 ns, Reaching safepoint: 1000551400 ns, At safepoint: 803542600 ns, Total: 1804094000 ns
[2024-02-23T11:05:19.759+0000][4616][safepoint   ] Safepoint "Cleanup", Time since last: 14124778300 ns, Reaching safepoint: 220233400 ns, At safepoint: 1969700 ns, Total: 222203100 ns
[2024-02-23T11:05:24.891+0000][4616][safepoint   ] Safepoint "Cleanup", Time since last: 5073578000 ns, Reaching safepoint: 58064700 ns, At safepoint: 395600 ns, Total: 58460300 ns
[2024-02-23T11:05:26.044+0000][4616][safepoint   ] Safepoint "Cleanup", Time since last: 1009049600 ns, Reaching safepoint: 142358900 ns, At safepoint: 2097900 ns, Total: 144456800 ns
[2024-02-23T11:05:27.121+0000][4616][safepoint   ] Safepoint "Cleanup", Time since last: 1000337600 ns, Reaching safepoint: 76540600 ns, At safepoint: 127500 ns, Total: 76668100 ns
[2024-02-23T11:05:31.167+0000][4616][safepoint   ] Safepoint "Cleanup", Time since last: 4014578900 ns, Reaching safepoint: 30905800 ns, At safepoint: 63900 ns, Total: 30969700 ns
[2024-02-23T11:05:32.272+0000][4616][gc,start    ] GC(540) Pause Young (Normal) (G1 Evacuation Pause)
[2024-02-23T11:05:32.272+0000][4616][gc,task     ] GC(540) Using 8 workers of 8 for evacuation
[2024-02-23T11:05:32.272+0000][4616][gc,age      ] GC(540) Desired survivor size 100663296 bytes, new threshold 15 (max threshold 15)
[2024-02-23T11:05:32.291+0000][4616][gc,phases   ] GC(540)   Pre Evacuate Collection Set: 0.3ms
[2024-02-23T11:05:32.291+0000][4616][gc,phases   ] GC(540)   Merge Heap Roots: 0.2ms
[2024-02-23T11:05:32.291+0000][4616][gc,phases   ] GC(540)   Evacuate Collection Set: 17.2ms
[2024-02-23T11:05:32.291+0000][4616][gc,phases   ] GC(540)   Post Evacuate Collection Set: 1.4ms
[2024-02-23T11:05:32.291+0000][4616][gc,phases   ] GC(540)   Other: 0.2ms
[2024-02-23T11:05:32.291+0000][4616][gc,age      ] GC(540) Age table with threshold 15 (max threshold 15)
[2024-02-23T11:05:32.291+0000][4616][gc,age      ] GC(540) - age   1:   32239288 bytes,   32239288 total
[2024-02-23T11:05:32.291+0000][4616][gc,age      ] GC(540) - age   2:     319072 bytes,   32558360 total
[2024-02-23T11:05:32.291+0000][4616][gc,heap     ] GC(540) Eden regions: 378->0(425)
[2024-02-23T11:05:32.291+0000][4616][gc,heap     ] GC(540) Survivor regions: 4->9(48)
[2024-02-23T11:05:32.291+0000][4616][gc,heap     ] GC(540) Old regions: 137->137
[2024-02-23T11:05:32.291+0000][4616][gc,heap     ] GC(540) Archive regions: 0->0
[2024-02-23T11:05:32.291+0000][4616][gc,heap     ] GC(540) Humongous regions: 2->2
[2024-02-23T11:05:32.291+0000][4616][gc,metaspace] GC(540) Metaspace: 132100K(137152K)->132100K(137152K) NonClass: 115113K(117888K)->115113K(117888K) Class: 16986K(19264K)->16986K(19264K)
[2024-02-23T11:05:32.292+0000][4616][gc          ] GC(540) Pause Young (Normal) (G1 Evacuation Pause) 2082M->588M(4040M) 19.844ms
[2024-02-23T11:05:32.292+0000][4616][gc,cpu      ] GC(540) User=0.12s Sys=0.12s Real=0.02s
[2024-02-23T11:05:32.292+0000][4616][safepoint   ] Safepoint "G1CollectForAllocation", Time since last: 1093185000 ns, Reaching safepoint: 11868400 ns, At safepoint: 20044800 ns, Total: 31913200 ns
[2024-02-23T11:05:54.450+0000][4616][gc,start    ] GC(541) Pause Young (Normal) (G1 Evacuation Pause)
[2024-02-23T11:05:54.450+0000][4616][gc,task     ] GC(541) Using 8 workers of 8 for evacuation
[2024-02-23T11:05:54.450+0000][4616][gc,age      ] GC(541) Desired survivor size 115343360 bytes, new threshold 15 (max threshold 15)
[2024-02-23T11:05:54.487+0000][4616][gc,phases   ] GC(541)   Pre Evacuate Collection Set: 0.4ms
[2024-02-23T11:05:54.487+0000][4616][gc,phases   ] GC(541)   Merge Heap Roots: 0.4ms
[2024-02-23T11:05:54.487+0000][4616][gc,phases   ] GC(541)   Evacuate Collection Set: 32.0ms
[2024-02-23T11:05:54.487+0000][4616][gc,phases   ] GC(541)   Post Evacuate Collection Set: 2.4ms
[2024-02-23T11:05:54.487+0000][4616][gc,phases   ] GC(541)   Other: 0.4ms
[2024-02-23T11:05:54.487+0000][4616][gc,age      ] GC(541) Age table with threshold 15 (max threshold 15)
[2024-02-23T11:05:54.487+0000][4616][gc,age      ] GC(541) - age   1:   33938192 bytes,   33938192 total
[2024-02-23T11:05:54.487+0000][4616][gc,age      ] GC(541) - age   2:   26630384 bytes,   60568576 total
[2024-02-23T11:05:54.487+0000][4616][gc,age      ] GC(541) - age   3:     319072 bytes,   60887648 total
[2024-02-23T11:05:54.487+0000][4616][gc,heap     ] GC(541) Eden regions: 425->0(421)
[2024-02-23T11:05:54.487+0000][4616][gc,heap     ] GC(541) Survivor regions: 9->16(55)
[2024-02-23T11:05:54.487+0000][4616][gc,heap     ] GC(541) Old regions: 137->137
[2024-02-23T11:05:54.487+0000][4616][gc,heap     ] GC(541) Archive regions: 0->0
[2024-02-23T11:05:54.487+0000][4616][gc,heap     ] GC(541) Humongous regions: 2->2
[2024-02-23T11:05:54.487+0000][4616][gc,metaspace] GC(541) Metaspace: 132100K(137152K)->132100K(137152K) NonClass: 115113K(117888K)->115113K(117888K) Class: 16986K(19264K)->16986K(19264K)
[2024-02-23T11:05:54.487+0000][4616][gc          ] GC(541) Pause Young (Normal) (G1 Evacuation Pause) 2288M->616M(4040M) 36.423ms
[2024-02-23T11:05:54.487+0000][4616][gc,cpu      ] GC(541) User=0.12s Sys=0.00s Real=0.04s
[2024-02-23T11:05:54.487+0000][4616][safepoint   ] Safepoint "G1CollectForAllocation", Time since last: 22159942100 ns, Reaching safepoint: 200900 ns, At safepoint: 36703100 ns, Total: 36904000 ns
[2024-02-23T11:06:18.480+0000][4616][gc,start    ] GC(542) Pause Young (Normal) (G1 Evacuation Pause)
[2024-02-23T11:06:18.480+0000][4616][gc,task     ] GC(542) Using 8 workers of 8 for evacuation
[2024-02-23T11:06:18.480+0000][4616][gc,age      ] GC(542) Desired survivor size 115343360 bytes, new threshold 15 (max threshold 15)
[2024-02-23T11:06:18.516+0000][4616][gc,phases   ] GC(542)   Pre Evacuate Collection Set: 0.3ms
[2024-02-23T11:06:18.516+0000][4616][gc,phases   ] GC(542)   Merge Heap Roots: 0.4ms
[2024-02-23T11:06:18.516+0000][4616][gc,phases   ] GC(542)   Evacuate Collection Set: 31.8ms
[2024-02-23T11:06:18.516+0000][4616][gc,phases   ] GC(542)   Post Evacuate Collection Set: 2.5ms
[2024-02-23T11:06:18.516+0000][4616][gc,phases   ] GC(542)   Other: 0.4ms
[2024-02-23T11:06:18.516+0000][4616][gc,age      ] GC(542) Age table with threshold 15 (max threshold 15)
[2024-02-23T11:06:18.516+0000][4616][gc,age      ] GC(542) - age   1:   36156136 bytes,   36156136 total
[2024-02-23T11:06:18.516+0000][4616][gc,age      ] GC(542) - age   2:   22088600 bytes,   58244736 total
[2024-02-23T11:06:18.516+0000][4616][gc,age      ] GC(542) - age   3:   26582824 bytes,   84827560 total
[2024-02-23T11:06:18.516+0000][4616][gc,age      ] GC(542) - age   4:     319072 bytes,   85146632 total
[2024-02-23T11:06:18.516+0000][4616][gc,heap     ] GC(542) Eden regions: 421->0(445)
[2024-02-23T11:06:18.516+0000][4616][gc,heap     ] GC(542) Survivor regions: 16->22(55)
[2024-02-23T11:06:18.516+0000][4616][gc,heap     ] GC(542) Old regions: 137->137
[2024-02-23T11:06:18.516+0000][4616][gc,heap     ] GC(542) Archive regions: 0->0
[2024-02-23T11:06:18.516+0000][4616][gc,heap     ] GC(542) Humongous regions: 2->2
[2024-02-23T11:06:18.516+0000][4616][gc,metaspace] GC(542) Metaspace: 132100K(137152K)->132100K(137152K) NonClass: 115113K(117888K)->115113K(117888K) Class: 16986K(19264K)->16986K(19264K)
[2024-02-23T11:06:18.516+0000][4616][gc          ] GC(542) Pause Young (Normal) (G1 Evacuation Pause) 2300M->640M(4040M) 36.361ms
[2024-02-23T11:06:18.516+0000][4616][gc,cpu      ] GC(542) User=0.16s Sys=0.03s Real=0.04s
[2024-02-23T11:06:18.516+0000][4616][safepoint   ] Safepoint "G1CollectForAllocation", Time since last: 23992859000 ns, Reaching safepoint: 183600 ns, At safepoint: 36806000 ns, Total: 36989600 ns
[2024-02-23T11:06:31.902+0000][4616][gc,start    ] GC(543) Pause Young (Normal) (G1 Evacuation Pause)
[2024-02-23T11:06:31.902+0000][4616][gc,task     ] GC(543) Using 8 workers of 8 for evacuation
[2024-02-23T11:06:31.902+0000][4616][gc,age      ] GC(543) Desired survivor size 123731968 bytes, new threshold 15 (max threshold 15)
[2024-02-23T11:06:31.938+0000][4616][gc,phases   ] GC(543)   Pre Evacuate Collection Set: 0.3ms
[2024-02-23T11:06:31.938+0000][4616][gc,phases   ] GC(543)   Merge Heap Roots: 0.2ms
[2024-02-23T11:06:31.938+0000][4616][gc,phases   ] GC(543)   Evacuate Collection Set: 27.1ms
[2024-02-23T11:06:31.938+0000][4616][gc,phases   ] GC(543)   Post Evacuate Collection Set: 1.4ms
[2024-02-23T11:06:31.938+0000][4616][gc,phases   ] GC(543)   Other: 0.3ms
[2024-02-23T11:06:31.938+0000][4616][gc,age      ] GC(543) Age table with threshold 15 (max threshold 15)
[2024-02-23T11:06:31.938+0000][4616][gc,age      ] GC(543) - age   1:   45058280 bytes,   45058280 total
[2024-02-23T11:06:31.938+0000][4616][gc,age      ] GC(543) - age   2:   15105168 bytes,   60163448 total
[2024-02-23T11:06:31.938+0000][4616][gc,age      ] GC(543) - age   3:   20767720 bytes,   80931168 total
[2024-02-23T11:06:31.938+0000][4616][gc,age      ] GC(543) - age   4:   26470968 bytes,  107402136 total
[2024-02-23T11:06:31.938+0000][4616][gc,age      ] GC(543) - age   5:     319072 bytes,  107721208 total
[2024-02-23T11:06:31.938+0000][4616][gc,heap     ] GC(543) Eden regions: 445->0(497)
[2024-02-23T11:06:31.938+0000][4616][gc,heap     ] GC(543) Survivor regions: 22->28(59)
[2024-02-23T11:06:31.938+0000][4616][gc,heap     ] GC(543) Old regions: 137->137
[2024-02-23T11:06:31.938+0000][4616][gc,heap     ] GC(543) Archive regions: 0->0
[2024-02-23T11:06:31.938+0000][4616][gc,heap     ] GC(543) Humongous regions: 2->2
[2024-02-23T11:06:31.938+0000][4616][gc,metaspace] GC(543) Metaspace: 132100K(137152K)->132100K(137152K) NonClass: 115113K(117888K)->115113K(117888K) Class: 16986K(19264K)->16986K(19264K)
[2024-02-23T11:06:31.939+0000][4616][gc          ] GC(543) Pause Young (Normal) (G1 Evacuation Pause) 2420M->666M(4040M) 29.937ms
[2024-02-23T11:06:31.939+0000][4616][gc,cpu      ] GC(543) User=0.22s Sys=0.00s Real=0.04s
[2024-02-23T11:06:31.939+0000][4616][safepoint   ] Safepoint "G1CollectForAllocation", Time since last: 13389594500 ns, Reaching safepoint: 115200 ns, At safepoint: 30215300 ns, Total: 30330500 ns
[2024-02-23T11:06:47.499+0000][4616][gc,start    ] GC(544) Pause Young (Normal) (G1 Evacuation Pause)
[2024-02-23T11:06:47.511+0000][4616][gc,task     ] GC(544) Using 8 workers of 8 for evacuation
[2024-02-23T11:06:47.511+0000][4616][gc,age      ] GC(544) Desired survivor size 138412032 bytes, new threshold 15 (max threshold 15)
[2024-02-23T11:06:47.558+0000][4616][gc,phases   ] GC(544)   Pre Evacuate Collection Set: 0.4ms
[2024-02-23T11:06:47.559+0000][4616][gc,phases   ] GC(544)   Merge Heap Roots: 0.4ms
[2024-02-23T11:06:47.559+0000][4616][gc,phases   ] GC(544)   Evacuate Collection Set: 41.9ms
[2024-02-23T11:06:47.559+0000][4616][gc,phases   ] GC(544)   Post Evacuate Collection Set: 2.4ms
[2024-02-23T11:06:47.559+0000][4616][gc,phases   ] GC(544)   Other: 3.1ms
[2024-02-23T11:06:47.559+0000][4616][gc,age      ] GC(544) Age table with threshold 15 (max threshold 15)
[2024-02-23T11:06:47.559+0000][4616][gc,age      ] GC(544) - age   1:   51712336 bytes,   51712336 total
[2024-02-23T11:06:47.559+0000][4616][gc,age      ] GC(544) - age   2:   20300464 bytes,   72012800 total
[2024-02-23T11:06:47.559+0000][4616][gc,age      ] GC(544) - age   3:   13576104 bytes,   85588904 total
[2024-02-23T11:06:47.559+0000][4616][gc,age      ] GC(544) - age   4:   20176832 bytes,  105765736 total
[2024-02-23T11:06:47.559+0000][4616][gc,age      ] GC(544) - age   5:   26453144 bytes,  132218880 total
[2024-02-23T11:06:47.559+0000][4616][gc,age      ] GC(544) - age   6:     319072 bytes,  132537952 total
[2024-02-23T11:06:47.559+0000][4616][gc,heap     ] GC(544) Eden regions: 497->0(572)
[2024-02-23T11:06:47.559+0000][4616][gc,heap     ] GC(544) Survivor regions: 28->34(66)
[2024-02-23T11:06:47.559+0000][4616][gc,heap     ] GC(544) Old regions: 137->137
[2024-02-23T11:06:47.559+0000][4616][gc,heap     ] GC(544) Archive regions: 0->0
[2024-02-23T11:06:47.559+0000][4616][gc,heap     ] GC(544) Humongous regions: 2->2
[2024-02-23T11:06:47.559+0000][4616][gc,metaspace] GC(544) Metaspace: 132100K(137152K)->132100K(137152K) NonClass: 115113K(117888K)->115113K(117888K) Class: 16986K(19264K)->16986K(19264K)
[2024-02-23T11:06:47.559+0000][4616][gc          ] GC(544) Pause Young (Normal) (G1 Evacuation Pause) 2654M->688M(4040M) 49.779ms
[2024-02-23T11:06:47.560+0000][4616][gc,cpu      ] GC(544) User=0.38s Sys=0.02s Real=0.06s
[2024-02-23T11:06:47.561+0000][4616][safepoint   ] Safepoint "G1CollectForAllocation", Time since last: 15571463800 ns, Reaching safepoint: 232500 ns, At safepoint: 50342100 ns, Total: 50574600 ns
[2024-02-23T11:07:12.581+0000][4616][gc,start    ] GC(545) Pause Young (Normal) (G1 Evacuation Pause)
[2024-02-23T11:07:12.604+0000][4616][gc,task     ] GC(545) Using 8 workers of 8 for evacuation
[2024-02-23T11:07:12.604+0000][4616][gc,age      ] GC(545) Desired survivor size 159383552 bytes, new threshold 15 (max threshold 15)
[2024-02-23T11:07:12.661+0000][4616][gc,phases   ] GC(545)   Pre Evacuate Collection Set: 0.4ms
[2024-02-23T11:07:12.661+0000][4616][gc,phases   ] GC(545)   Merge Heap Roots: 0.5ms
[2024-02-23T11:07:12.661+0000][4616][gc,phases   ] GC(545)   Evacuate Collection Set: 53.5ms
[2024-02-23T11:07:12.661+0000][4616][gc,phases   ] GC(545)   Post Evacuate Collection Set: 3.0ms
[2024-02-23T11:07:12.661+0000][4616][gc,phases   ] GC(545)   Other: 3.0ms
[2024-02-23T11:07:12.661+0000][4616][gc,age      ] GC(545) Age table with threshold 15 (max threshold 15)
[2024-02-23T11:07:12.661+0000][4616][gc,age      ] GC(545) - age   1:   72630216 bytes,   72630216 total
[2024-02-23T11:07:12.661+0000][4616][gc,age      ] GC(545) - age   2:   18249192 bytes,   90879408 total
[2024-02-23T11:07:12.661+0000][4616][gc,age      ] GC(545) - age   3:   14722448 bytes,  105601856 total
[2024-02-23T11:07:12.661+0000][4616][gc,age      ] GC(545) - age   4:   13220504 bytes,  118822360 total
[2024-02-23T11:07:12.661+0000][4616][gc,age      ] GC(545) - age   5:   20174088 bytes,  138996448 total
[2024-02-23T11:07:12.661+0000][4616][gc,age      ] GC(545) - age   6:   26125736 bytes,  165122184 total
[2024-02-23T11:07:12.661+0000][4616][gc,age      ] GC(545) - age   7:     319072 bytes,  165441256 total
[2024-02-23T11:07:12.661+0000][4616][gc,heap     ] GC(545) Eden regions: 572->0(521)
[2024-02-23T11:07:12.661+0000][4616][gc,heap     ] GC(545) Survivor regions: 34->42(76)
[2024-02-23T11:07:12.661+0000][4616][gc,heap     ] GC(545) Old regions: 137->137
[2024-02-23T11:07:12.661+0000][4616][gc,heap     ] GC(545) Archive regions: 0->0
[2024-02-23T11:07:12.661+0000][4616][gc,heap     ] GC(545) Humongous regions: 2->2
[2024-02-23T11:07:12.661+0000][4616][gc,metaspace] GC(545) Metaspace: 132100K(137152K)->132100K(137152K) NonClass: 115113K(117888K)->115113K(117888K) Class: 16986K(19264K)->16986K(19264K)
[2024-02-23T11:07:12.661+0000][4616][gc          ] GC(545) Pause Young (Normal) (G1 Evacuation Pause) 2976M->720M(4040M) 83.440ms
[2024-02-23T11:07:12.661+0000][4616][gc,cpu      ] GC(545) User=0.34s Sys=0.02s Real=0.08s
[2024-02-23T11:07:12.661+0000][4616][safepoint   ] Safepoint "G1CollectForAllocation", Time since last: 25021124200 ns, Reaching safepoint: 382400 ns, At safepoint: 83915500 ns, Total: 84297900 ns
[2024-02-23T11:07:33.362+0000][4616][gc,start    ] GC(546) Pause Young (Normal) (G1 Evacuation Pause)
[2024-02-23T11:07:33.362+0000][4616][gc,task     ] GC(546) Using 8 workers of 8 for evacuation
[2024-02-23T11:07:33.362+0000][4616][gc,age      ] GC(546) Desired survivor size 148897792 bytes, new threshold 6 (max threshold 15)
[2024-02-23T11:07:33.446+0000][4616][gc,phases   ] GC(546)   Pre Evacuate Collection Set: 1.2ms
[2024-02-23T11:07:33.446+0000][4616][gc,phases   ] GC(546)   Merge Heap Roots: 0.2ms
[2024-02-23T11:07:33.446+0000][4616][gc,phases   ] GC(546)   Evacuate Collection Set: 80.1ms
[2024-02-23T11:07:33.446+0000][4616][gc,phases   ] GC(546)   Post Evacuate Collection Set: 1.7ms
[2024-02-23T11:07:33.446+0000][4616][gc,phases   ] GC(546)   Other: 0.8ms
[2024-02-23T11:07:33.446+0000][4616][gc,age      ] GC(546) Age table with threshold 6 (max threshold 15)
[2024-02-23T11:07:33.446+0000][4616][gc,age      ] GC(546) - age   1:   15377464 bytes,   15377464 total
[2024-02-23T11:07:33.446+0000][4616][gc,age      ] GC(546) - age   2:     801088 bytes,   16178552 total
[2024-02-23T11:07:33.446+0000][4616][gc,age      ] GC(546) - age   3:        632 bytes,   16179184 total
[2024-02-23T11:07:33.446+0000][4616][gc,age      ] GC(546) - age   4:      18480 bytes,   16197664 total
[2024-02-23T11:07:33.446+0000][4616][gc,age      ] GC(546) - age   5:       1448 bytes,   16199112 total
[2024-02-23T11:07:33.446+0000][4616][gc,age      ] GC(546) - age   6:     758032 bytes,   16957144 total
[2024-02-23T11:07:33.446+0000][4616][gc,heap     ] GC(546) Eden regions: 521->0(600)
[2024-02-23T11:07:33.446+0000][4616][gc,heap     ] GC(546) Survivor regions: 42->6(71)
[2024-02-23T11:07:33.446+0000][4616][gc,heap     ] GC(546) Old regions: 137->140
[2024-02-23T11:07:33.446+0000][4616][gc,heap     ] GC(546) Archive regions: 0->0
[2024-02-23T11:07:33.446+0000][4616][gc,heap     ] GC(546) Humongous regions: 2->2
[2024-02-23T11:07:33.446+0000][4616][gc,metaspace] GC(546) Metaspace: 132100K(137152K)->132100K(137152K) NonClass: 115113K(117888K)->115113K(117888K) Class: 16986K(19264K)->16986K(19264K)
[2024-02-23T11:07:33.446+0000][4616][gc          ] GC(546) Pause Young (Normal) (G1 Evacuation Pause) 2804M->587M(4040M) 84.751ms
[2024-02-23T11:07:33.446+0000][4616][gc,cpu      ] GC(546) User=0.12s Sys=0.06s Real=0.08s
[2024-02-23T11:07:33.447+0000][4616][safepoint   ] Safepoint "G1CollectForAllocation", Time since last: 20661490600 ns, Reaching safepoint: 33836900 ns, At safepoint: 85250000 ns, Total: 119086900 ns
[2024-02-23T11:08:23.014+0000][4616][safepoint   ] Safepoint "Cleanup", Time since last: 49397669200 ns, Reaching safepoint: 157635800 ns, At safepoint: 11751200 ns, Total: 169387000 ns
[2024-02-23T11:08:43.509+0000][4616][safepoint   ] Safepoint "Cleanup", Time since last: 20219197600 ns, Reaching safepoint: 274072800 ns, At safepoint: 2129900 ns, Total: 276202700 ns
[2024-02-23T11:08:44.755+0000][4616][safepoint   ] Safepoint "Cleanup", Time since last: 1005813800 ns, Reaching safepoint: 238199300 ns, At safepoint: 2008700 ns, Total: 240208000 ns
[2024-02-23T11:08:46.040+0000][4616][safepoint   ] Safepoint "Cleanup", Time since last: 1014015700 ns, Reaching safepoint: 266990500 ns, At safepoint: 4229800 ns, Total: 271220300 ns
[2024-02-23T11:08:50.223+0000][4616][safepoint   ] Safepoint "Cleanup", Time since last: 4010367400 ns, Reaching safepoint: 168450600 ns, At safepoint: 4562500 ns, Total: 173013100 ns
[2024-02-23T11:08:51.200+0000][4616][gc,start    ] GC(547) Pause Young (Normal) (G1 Evacuation Pause)
[2024-02-23T11:08:51.200+0000][4616][gc,task     ] GC(547) Using 8 workers of 8 for evacuation
[2024-02-23T11:08:51.200+0000][4616][gc,age      ] GC(547) Desired survivor size 159383552 bytes, new threshold 15 (max threshold 15)
[2024-02-23T11:08:51.259+0000][4616][gc,phases   ] GC(547)   Pre Evacuate Collection Set: 0.4ms
[2024-02-23T11:08:51.259+0000][4616][gc,phases   ] GC(547)   Merge Heap Roots: 3.3ms
[2024-02-23T11:08:51.259+0000][4616][gc,phases   ] GC(547)   Evacuate Collection Set: 51.5ms
[2024-02-23T11:08:51.259+0000][4616][gc,phases   ] GC(547)   Post Evacuate Collection Set: 3.5ms
[2024-02-23T11:08:51.259+0000][4616][gc,phases   ] GC(547)   Other: 0.7ms
[2024-02-23T11:08:51.259+0000][4616][gc,age      ] GC(547) Age table with threshold 15 (max threshold 15)
[2024-02-23T11:08:51.259+0000][4616][gc,age      ] GC(547) - age   1:   22961768 bytes,   22961768 total
[2024-02-23T11:08:51.259+0000][4616][gc,age      ] GC(547) - age   2:    7773136 bytes,   30734904 total
[2024-02-23T11:08:51.259+0000][4616][gc,age      ] GC(547) - age   3:      45184 bytes,   30780088 total
[2024-02-23T11:08:51.259+0000][4616][gc,age      ] GC(547) - age   4:        440 bytes,   30780528 total
[2024-02-23T11:08:51.259+0000][4616][gc,age      ] GC(547) - age   5:       2056 bytes,   30782584 total
[2024-02-23T11:08:51.259+0000][4616][gc,age      ] GC(547) - age   6:        840 bytes,   30783424 total
[2024-02-23T11:08:51.259+0000][4616][gc,age      ] GC(547) - age   7:     166288 bytes,   30949712 total
[2024-02-23T11:08:51.259+0000][4616][gc,heap     ] GC(547) Eden regions: 600->0(597)
[2024-02-23T11:08:51.259+0000][4616][gc,heap     ] GC(547) Survivor regions: 6->9(76)
[2024-02-23T11:08:51.259+0000][4616][gc,heap     ] GC(547) Old regions: 140->140
[2024-02-23T11:08:51.259+0000][4616][gc,heap     ] GC(547) Archive regions: 0->0
[2024-02-23T11:08:51.259+0000][4616][gc,heap     ] GC(547) Humongous regions: 2->2
[2024-02-23T11:08:51.259+0000][4616][gc,metaspace] GC(547) Metaspace: 132102K(137152K)->132102K(137152K) NonClass: 115115K(117888K)->115115K(117888K) Class: 16986K(19264K)->16986K(19264K)
[2024-02-23T11:08:51.260+0000][4616][gc          ] GC(547) Pause Young (Normal) (G1 Evacuation Pause) 2987M->598M(4040M) 60.559ms
[2024-02-23T11:08:51.260+0000][4616][gc,cpu      ] GC(547) User=0.44s Sys=0.00s Real=0.06s
[2024-02-23T11:08:51.261+0000][4616][safepoint   ] Safepoint "G1CollectForAllocation", Time since last: 660103900 ns, Reaching safepoint: 315743600 ns, At safepoint: 62541500 ns, Total: 378285100 ns
[2024-02-23T11:09:18.619+0000][4616][safepoint   ] Safepoint "Cleanup", Time since last: 27194888300 ns, Reaching safepoint: 156701900 ns, At safepoint: 5894200 ns, Total: 162596100 ns
[2024-02-23T11:09:19.822+0000][4616][safepoint   ] Safepoint "Cleanup", Time since last: 1006831300 ns, Reaching safepoint: 189540700 ns, At safepoint: 6273600 ns, Total: 195814300 ns
[2024-02-23T11:09:22.151+0000][4616][safepoint   ] Safepoint "Cleanup", Time since last: 1999986800 ns, Reaching safepoint: 324366700 ns, At safepoint: 5582900 ns, Total: 329949600 ns
[2024-02-23T11:09:28.760+0000][4616][safepoint   ] Safepoint "Cleanup", Time since last: 6045999800 ns, Reaching safepoint: 558006700 ns, At safepoint: 4389800 ns, Total: 562396500 ns
[2024-02-23T11:09:36.964+0000][4616][safepoint   ] Safepoint "Cleanup", Time since last: 8021743000 ns, Reaching safepoint: 161533300 ns, At safepoint: 19914400 ns, Total: 181447700 ns
[2024-02-23T11:09:50.189+0000][4616][safepoint   ] Safepoint "Cleanup", Time since last: 13092568000 ns, Reaching safepoint: 122077100 ns, At safepoint: 11269500 ns, Total: 133346600 ns
[2024-02-23T11:09:51.029+0000][4616][gc,start    ] GC(548) Pause Young (Normal) (G1 Evacuation Pause)
[2024-02-23T11:09:51.029+0000][4616][gc,task     ] GC(548) Using 8 workers of 8 for evacuation
[2024-02-23T11:09:51.029+0000][4616][gc,age      ] GC(548) Desired survivor size 159383552 bytes, new threshold 15 (max threshold 15)
[2024-02-23T11:09:51.089+0000][4616][gc,phases   ] GC(548)   Pre Evacuate Collection Set: 0.5ms
[2024-02-23T11:09:51.089+0000][4616][gc,phases   ] GC(548)   Merge Heap Roots: 0.4ms
[2024-02-23T11:09:51.090+0000][4616][gc,phases   ] GC(548)   Evacuate Collection Set: 53.5ms
[2024-02-23T11:09:51.090+0000][4616][gc,phases   ] GC(548)   Post Evacuate Collection Set: 3.6ms
[2024-02-23T11:09:51.090+0000][4616][gc,phases   ] GC(548)   Other: 1.9ms
[2024-02-23T11:09:51.090+0000][4616][gc,age      ] GC(548) Age table with threshold 15 (max threshold 15)
[2024-02-23T11:09:51.090+0000][4616][gc,age      ] GC(548) - age   1:   18064872 bytes,   18064872 total
[2024-02-23T11:09:51.090+0000][4616][gc,age      ] GC(548) - age   2:    9760096 bytes,   27824968 total
[2024-02-23T11:09:51.090+0000][4616][gc,age      ] GC(548) - age   3:    3998136 bytes,   31823104 total
[2024-02-23T11:09:51.090+0000][4616][gc,age      ] GC(548) - age   4:      16384 bytes,   31839488 total
[2024-02-23T11:09:51.090+0000][4616][gc,age      ] GC(548) - age   5:        288 bytes,   31839776 total
[2024-02-23T11:09:51.090+0000][4616][gc,age      ] GC(548) - age   6:       1672 bytes,   31841448 total
[2024-02-23T11:09:51.090+0000][4616][gc,age      ] GC(548) - age   7:        648 bytes,   31842096 total
[2024-02-23T11:09:51.090+0000][4616][gc,age      ] GC(548) - age   8:     123296 bytes,   31965392 total
[2024-02-23T11:09:51.090+0000][4616][gc,heap     ] GC(548) Eden regions: 597->0(597)
[2024-02-23T11:09:51.090+0000][4616][gc,heap     ] GC(548) Survivor regions: 9->9(76)
[2024-02-23T11:09:51.090+0000][4616][gc,heap     ] GC(548) Old regions: 140->140
[2024-02-23T11:09:51.090+0000][4616][gc,heap     ] GC(548) Archive regions: 0->0
[2024-02-23T11:09:51.090+0000][4616][gc,heap     ] GC(548) Humongous regions: 2->2
[2024-02-23T11:09:51.090+0000][4616][gc,metaspace] GC(548) Metaspace: 132110K(137152K)->132110K(137152K) NonClass: 115123K(117888K)->115123K(117888K) Class: 16986K(19264K)->16986K(19264K)
[2024-02-23T11:09:51.090+0000][4616][gc          ] GC(548) Pause Young (Normal) (G1 Evacuation Pause) 2986M->598M(4040M) 61.405ms
[2024-02-23T11:09:51.090+0000][4616][gc,cpu      ] GC(548) User=0.33s Sys=0.00s Real=0.06s
[2024-02-23T11:09:51.091+0000][4616][safepoint   ] Safepoint "G1CollectForAllocation", Time since last: 740092100 ns, Reaching safepoint: 99069600 ns, At safepoint: 63001100 ns, Total: 162070700 ns
[2024-02-23T11:09:54.367+0000][4616][safepoint   ] Safepoint "Cleanup", Time since last: 3020422500 ns, Reaching safepoint: 250676100 ns, At safepoint: 4146000 ns, Total: 254822100 ns
[2024-02-23T11:09:55.554+0000][4616][safepoint   ] Safepoint "Cleanup", Time since last: 1012589200 ns, Reaching safepoint: 144248700 ns, At safepoint: 30835600 ns, Total: 175084300 ns
[2024-02-23T11:09:58.620+0000][4616][safepoint   ] Safepoint "Cleanup", Time since last: 3000869000 ns, Reaching safepoint: 64310900 ns, At safepoint: 572800 ns, Total: 64883700 ns
[2024-02-23T11:10:10.812+0000][4616][safepoint   ] Safepoint "Cleanup", Time since last: 12090283100 ns, Reaching safepoint: 99994800 ns, At safepoint: 1032300 ns, Total: 101027100 ns
[2024-02-23T11:10:11.895+0000][4616][safepoint   ] Safepoint "Cleanup", Time since last: 1008773200 ns, Reaching safepoint: 73847800 ns, At safepoint: 786900 ns, Total: 74634700 ns
[2024-02-23T11:10:50.781+0000][4616][gc,start    ] GC(549) Pause Young (Normal) (G1 Evacuation Pause)
[2024-02-23T11:10:50.781+0000][4616][gc,task     ] GC(549) Using 8 workers of 8 for evacuation
[2024-02-23T11:10:50.781+0000][4616][gc,age      ] GC(549) Desired survivor size 159383552 bytes, new threshold 15 (max threshold 15)
[2024-02-23T11:10:50.842+0000][4616][gc,phases   ] GC(549)   Pre Evacuate Collection Set: 0.5ms
[2024-02-23T11:10:50.842+0000][4616][gc,phases   ] GC(549)   Merge Heap Roots: 0.5ms
[2024-02-23T11:10:50.842+0000][4616][gc,phases   ] GC(549)   Evacuate Collection Set: 52.6ms
[2024-02-23T11:10:50.842+0000][4616][gc,phases   ] GC(549)   Post Evacuate Collection Set: 3.7ms
[2024-02-23T11:10:50.842+0000][4616][gc,phases   ] GC(549)   Other: 2.6ms
[2024-02-23T11:10:50.842+0000][4616][gc,age      ] GC(549) Age table with threshold 15 (max threshold 15)
[2024-02-23T11:10:50.842+0000][4616][gc,age      ] GC(549) - age   1:   36361496 bytes,   36361496 total
[2024-02-23T11:10:50.842+0000][4616][gc,age      ] GC(549) - age   2:    8677432 bytes,   45038928 total
[2024-02-23T11:10:50.842+0000][4616][gc,age      ] GC(549) - age   3:    5512768 bytes,   50551696 total
[2024-02-23T11:10:50.842+0000][4616][gc,age      ] GC(549) - age   4:    2931312 bytes,   53483008 total
[2024-02-23T11:10:50.842+0000][4616][gc,age      ] GC(549) - age   5:      16064 bytes,   53499072 total
[2024-02-23T11:10:50.842+0000][4616][gc,age      ] GC(549) - age   6:        128 bytes,   53499200 total
[2024-02-23T11:10:50.842+0000][4616][gc,age      ] GC(549) - age   7:       1672 bytes,   53500872 total
[2024-02-23T11:10:50.842+0000][4616][gc,age      ] GC(549) - age   8:        392 bytes,   53501264 total
[2024-02-23T11:10:50.842+0000][4616][gc,age      ] GC(549) - age   9:     123168 bytes,   53624432 total
[2024-02-23T11:10:50.842+0000][4616][gc,heap     ] GC(549) Eden regions: 597->0(592)
[2024-02-23T11:10:50.842+0000][4616][gc,heap     ] GC(549) Survivor regions: 9->14(76)
[2024-02-23T11:10:50.842+0000][4616][gc,heap     ] GC(549) Old regions: 140->140
[2024-02-23T11:10:50.842+0000][4616][gc,heap     ] GC(549) Archive regions: 0->0
[2024-02-23T11:10:50.842+0000][4616][gc,heap     ] GC(549) Humongous regions: 2->2
[2024-02-23T11:10:50.843+0000][4616][gc,metaspace] GC(549) Metaspace: 132111K(137152K)->132111K(137152K) NonClass: 115124K(117888K)->115124K(117888K) Class: 16986K(19264K)->16986K(19264K)
[2024-02-23T11:10:50.843+0000][4616][gc          ] GC(549) Pause Young (Normal) (G1 Evacuation Pause) 2986M->619M(4040M) 61.722ms
[2024-02-23T11:10:50.843+0000][4616][gc,cpu      ] GC(549) User=0.45s Sys=0.02s Real=0.06s
[2024-02-23T11:10:50.844+0000][4616][safepoint   ] Safepoint "G1CollectForAllocation", Time since last: 38811117600 ns, Reaching safepoint: 75136000 ns, At safepoint: 63515900 ns, Total: 138651900 ns
[2024-02-23T11:10:52.942+0000][4616][safepoint   ] Safepoint "Cleanup", Time since last: 2000682000 ns, Reaching safepoint: 95704200 ns, At safepoint: 394500 ns, Total: 96098700 ns
[2024-02-23T11:11:30.412+0000][4616][gc,start    ] GC(550) Pause Young (Normal) (G1 Evacuation Pause)
[2024-02-23T11:11:30.412+0000][4616][gc,task     ] GC(550) Using 8 workers of 8 for evacuation
[2024-02-23T11:11:30.412+0000][4616][gc,age      ] GC(550) Desired survivor size 159383552 bytes, new threshold 15 (max threshold 15)
[2024-02-23T11:11:30.454+0000][4616][gc,phases   ] GC(550)   Pre Evacuate Collection Set: 0.6ms
[2024-02-23T11:11:30.455+0000][4616][gc,phases   ] GC(550)   Merge Heap Roots: 0.3ms
[2024-02-23T11:11:30.455+0000][4616][gc,phases   ] GC(550)   Evacuate Collection Set: 37.8ms
[2024-02-23T11:11:30.455+0000][4616][gc,phases   ] GC(550)   Post Evacuate Collection Set: 1.8ms
[2024-02-23T11:11:30.455+0000][4616][gc,phases   ] GC(550)   Other: 0.9ms
[2024-02-23T11:11:30.455+0000][4616][gc,age      ] GC(550) Age table with threshold 15 (max threshold 15)
[2024-02-23T11:11:30.455+0000][4616][gc,age      ] GC(550) - age   1:   37843688 bytes,   37843688 total
[2024-02-23T11:11:30.455+0000][4616][gc,age      ] GC(550) - age   2:   26445624 bytes,   64289312 total
[2024-02-23T11:11:30.455+0000][4616][gc,age      ] GC(550) - age   3:    7970064 bytes,   72259376 total
[2024-02-23T11:11:30.455+0000][4616][gc,age      ] GC(550) - age   4:    5408424 bytes,   77667800 total
[2024-02-23T11:11:30.455+0000][4616][gc,age      ] GC(550) - age   5:    2929920 bytes,   80597720 total
[2024-02-23T11:11:30.455+0000][4616][gc,age      ] GC(550) - age   6:      15424 bytes,   80613144 total
[2024-02-23T11:11:30.455+0000][4616][gc,age      ] GC(550) - age   7:        128 bytes,   80613272 total
[2024-02-23T11:11:30.455+0000][4616][gc,age      ] GC(550) - age   8:       1264 bytes,   80614536 total
[2024-02-23T11:11:30.455+0000][4616][gc,age      ] GC(550) - age   9:        224 bytes,   80614760 total
[2024-02-23T11:11:30.455+0000][4616][gc,age      ] GC(550) - age  10:     123104 bytes,   80737864 total
[2024-02-23T11:11:30.455+0000][4616][gc,heap     ] GC(550) Eden regions: 592->0(585)
[2024-02-23T11:11:30.455+0000][4616][gc,heap     ] GC(550) Survivor regions: 14->21(76)
[2024-02-23T11:11:30.455+0000][4616][gc,heap     ] GC(550) Old regions: 140->140
[2024-02-23T11:11:30.455+0000][4616][gc,heap     ] GC(550) Archive regions: 0->0
[2024-02-23T11:11:30.455+0000][4616][gc,heap     ] GC(550) Humongous regions: 2->2
[2024-02-23T11:11:30.455+0000][4616][gc,metaspace] GC(550) Metaspace: 132111K(137152K)->132111K(137152K) NonClass: 115124K(117888K)->115124K(117888K) Class: 16986K(19264K)->16986K(19264K)
[2024-02-23T11:11:30.455+0000][4616][gc          ] GC(550) Pause Young (Normal) (G1 Evacuation Pause) 2987M->647M(4040M) 42.444ms
[2024-02-23T11:11:30.455+0000][4616][gc,cpu      ] GC(550) User=0.22s Sys=0.02s Real=0.04s
[2024-02-23T11:11:30.456+0000][4616][safepoint   ] Safepoint "G1CollectForAllocation", Time since last: 37470816700 ns, Reaching safepoint: 140900 ns, At safepoint: 42770000 ns, Total: 42910900 ns
[2024-02-23T11:11:53.633+0000][4616][safepoint   ] Safepoint "Cleanup", Time since last: 23176765700 ns, Reaching safepoint: 233400 ns, At safepoint: 20800 ns, Total: 254200 ns
[2024-02-23T11:11:53.871+0000][4616][gc,start    ] GC(551) Pause Young (Normal) (G1 Evacuation Pause)
[2024-02-23T11:11:53.871+0000][4616][gc,task     ] GC(551) Using 8 workers of 8 for evacuation
[2024-02-23T11:11:53.871+0000][4616][gc,age      ] GC(551) Desired survivor size 159383552 bytes, new threshold 15 (max threshold 15)
[2024-02-23T11:11:53.908+0000][4616][gc,phases   ] GC(551)   Pre Evacuate Collection Set: 0.2ms
[2024-02-23T11:11:53.908+0000][4616][gc,phases   ] GC(551)   Merge Heap Roots: 0.2ms
[2024-02-23T11:11:53.908+0000][4616][gc,phases   ] GC(551)   Evacuate Collection Set: 30.8ms
[2024-02-23T11:11:53.908+0000][4616][gc,phases   ] GC(551)   Post Evacuate Collection Set: 1.9ms
[2024-02-23T11:11:53.908+0000][4616][gc,phases   ] GC(551)   Other: 0.3ms
[2024-02-23T11:11:53.908+0000][4616][gc,age      ] GC(551) Age table with threshold 15 (max threshold 15)
[2024-02-23T11:11:53.909+0000][4616][gc,age      ] GC(551) - age   1:   46082008 bytes,   46082008 total
[2024-02-23T11:11:53.909+0000][4616][gc,age      ] GC(551) - age   2:   21633000 bytes,   67715008 total
[2024-02-23T11:11:53.909+0000][4616][gc,age      ] GC(551) - age   3:   26367360 bytes,   94082368 total
[2024-02-23T11:11:53.909+0000][4616][gc,age      ] GC(551) - age   4:    7969008 bytes,  102051376 total
[2024-02-23T11:11:53.909+0000][4616][gc,age      ] GC(551) - age   5:    5408024 bytes,  107459400 total
[2024-02-23T11:11:53.909+0000][4616][gc,age      ] GC(551) - age   6:    2929792 bytes,  110389192 total
[2024-02-23T11:11:53.909+0000][4616][gc,age      ] GC(551) - age   7:      15232 bytes,  110404424 total
[2024-02-23T11:11:53.909+0000][4616][gc,age      ] GC(551) - age   8:        128 bytes,  110404552 total
[2024-02-23T11:11:53.909+0000][4616][gc,age      ] GC(551) - age   9:       1264 bytes,  110405816 total
[2024-02-23T11:11:53.909+0000][4616][gc,age      ] GC(551) - age  10:        184 bytes,  110406000 total
[2024-02-23T11:11:53.909+0000][4616][gc,age      ] GC(551) - age  11:     123040 bytes,  110529040 total
[2024-02-23T11:11:53.909+0000][4616][gc,heap     ] GC(551) Eden regions: 585->0(578)
[2024-02-23T11:11:53.909+0000][4616][gc,heap     ] GC(551) Survivor regions: 21->28(76)
[2024-02-23T11:11:53.909+0000][4616][gc,heap     ] GC(551) Old regions: 140->140
[2024-02-23T11:11:53.909+0000][4616][gc,heap     ] GC(551) Archive regions: 0->0
[2024-02-23T11:11:53.909+0000][4616][gc,heap     ] GC(551) Humongous regions: 2->2
[2024-02-23T11:11:53.909+0000][4616][gc,metaspace] GC(551) Metaspace: 132111K(137152K)->132111K(137152K) NonClass: 115124K(117888K)->115124K(117888K) Class: 16986K(19264K)->16986K(19264K)
[2024-02-23T11:11:53.909+0000][4616][gc          ] GC(551) Pause Young (Normal) (G1 Evacuation Pause) 2987M->677M(4040M) 34.310ms
[2024-02-23T11:11:53.909+0000][4616][gc,cpu      ] GC(551) User=0.14s Sys=0.05s Real=0.04s
[2024-02-23T11:11:53.909+0000][4616][safepoint   ] Safepoint "G1CollectForAllocation", Time since last: 242398600 ns, Reaching safepoint: 133300 ns, At safepoint: 34539400 ns, Total: 34672700 ns
[2024-02-23T11:12:11.061+0000][4616][safepoint   ] Safepoint "Cleanup", Time since last: 17151366100 ns, Reaching safepoint: 100100 ns, At safepoint: 15300 ns, Total: 115400 ns
[2024-02-23T11:12:24.606+0000][4616][gc,start    ] GC(552) Pause Young (Normal) (G1 Evacuation Pause)
[2024-02-23T11:12:24.607+0000][4616][gc,task     ] GC(552) Using 8 workers of 8 for evacuation
[2024-02-23T11:12:24.607+0000][4616][gc,age      ] GC(552) Desired survivor size 159383552 bytes, new threshold 15 (max threshold 15)
[2024-02-23T11:12:24.652+0000][4616][gc,phases   ] GC(552)   Pre Evacuate Collection Set: 0.3ms
[2024-02-23T11:12:24.652+0000][4616][gc,phases   ] GC(552)   Merge Heap Roots: 0.3ms
[2024-02-23T11:12:24.652+0000][4616][gc,phases   ] GC(552)   Evacuate Collection Set: 40.1ms
[2024-02-23T11:12:24.652+0000][4616][gc,phases   ] GC(552)   Post Evacuate Collection Set: 1.7ms
[2024-02-23T11:12:24.652+0000][4616][gc,phases   ] GC(552)   Other: 3.3ms
[2024-02-23T11:12:24.652+0000][4616][gc,age      ] GC(552) Age table with threshold 15 (max threshold 15)
[2024-02-23T11:12:24.652+0000][4616][gc,age      ] GC(552) - age   1:   48235544 bytes,   48235544 total
[2024-02-23T11:12:24.652+0000][4616][gc,age      ] GC(552) - age   2:   23724664 bytes,   71960208 total
[2024-02-23T11:12:24.652+0000][4616][gc,age      ] GC(552) - age   3:   20749936 bytes,   92710144 total
[2024-02-23T11:12:24.652+0000][4616][gc,age      ] GC(552) - age   4:   26349728 bytes,  119059872 total
[2024-02-23T11:12:24.652+0000][4616][gc,age      ] GC(552) - age   5:    7968496 bytes,  127028368 total
[2024-02-23T11:12:24.652+0000][4616][gc,age      ] GC(552) - age   6:    5407448 bytes,  132435816 total
[2024-02-23T11:12:24.652+0000][4616][gc,age      ] GC(552) - age   7:    2929792 bytes,  135365608 total
[2024-02-23T11:12:24.652+0000][4616][gc,age      ] GC(552) - age   8:      15168 bytes,  135380776 total
[2024-02-23T11:12:24.652+0000][4616][gc,age      ] GC(552) - age   9:        128 bytes,  135380904 total
[2024-02-23T11:12:24.652+0000][4616][gc,age      ] GC(552) - age  10:       1200 bytes,  135382104 total
[2024-02-23T11:12:24.652+0000][4616][gc,age      ] GC(552) - age  11:        184 bytes,  135382288 total
[2024-02-23T11:12:24.652+0000][4616][gc,age      ] GC(552) - age  12:     123040 bytes,  135505328 total
[2024-02-23T11:12:24.652+0000][4616][gc,heap     ] GC(552) Eden regions: 578->0(572)
[2024-02-23T11:12:24.652+0000][4616][gc,heap     ] GC(552) Survivor regions: 28->34(76)
[2024-02-23T11:12:24.652+0000][4616][gc,heap     ] GC(552) Old regions: 140->140
[2024-02-23T11:12:24.652+0000][4616][gc,heap     ] GC(552) Archive regions: 0->0
[2024-02-23T11:12:24.653+0000][4616][gc,heap     ] GC(552) Humongous regions: 2->2
[2024-02-23T11:12:24.653+0000][4616][gc,metaspace] GC(552) Metaspace: 132111K(137152K)->132111K(137152K) NonClass: 115124K(117888K)->115124K(117888K) Class: 16986K(19264K)->16986K(19264K)
[2024-02-23T11:12:24.653+0000][4616][gc          ] GC(552) Pause Young (Normal) (G1 Evacuation Pause) 2989M->701M(4040M) 46.574ms
[2024-02-23T11:12:24.653+0000][4616][gc,cpu      ] GC(552) User=0.23s Sys=0.03s Real=0.05s
[2024-02-23T11:12:24.653+0000][4616][safepoint   ] Safepoint "G1CollectForAllocation", Time since last: 13545278000 ns, Reaching safepoint: 182900 ns, At safepoint: 46768500 ns, Total: 46951400 ns
[2024-02-23T11:13:26.977+0000][4616][gc,start    ] GC(553) Pause Young (Normal) (G1 Evacuation Pause)
[2024-02-23T11:13:26.977+0000][4616][gc,task     ] GC(553) Using 8 workers of 8 for evacuation
[2024-02-23T11:13:26.977+0000][4616][gc,age      ] GC(553) Desired survivor size 159383552 bytes, new threshold 15 (max threshold 15)
[2024-02-23T11:13:27.036+0000][4616][gc,phases   ] GC(553)   Pre Evacuate Collection Set: 0.4ms
[2024-02-23T11:13:27.036+0000][4616][gc,phases   ] GC(553)   Merge Heap Roots: 0.5ms
[2024-02-23T11:13:27.036+0000][4616][gc,phases   ] GC(553)   Evacuate Collection Set: 52.7ms
[2024-02-23T11:13:27.036+0000][4616][gc,phases   ] GC(553)   Post Evacuate Collection Set: 1.6ms
[2024-02-23T11:13:27.036+0000][4616][gc,phases   ] GC(553)   Other: 0.3ms
[2024-02-23T11:13:27.036+0000][4616][gc,age      ] GC(553) Age table with threshold 15 (max threshold 15)
[2024-02-23T11:13:27.036+0000][4616][gc,age      ] GC(553) - age   1:   66928688 bytes,   66928688 total
[2024-02-23T11:13:27.036+0000][4616][gc,age      ] GC(553) - age   2:   18099736 bytes,   85028424 total
[2024-02-23T11:13:27.036+0000][4616][gc,age      ] GC(553) - age   3:   18514672 bytes,  103543096 total
[2024-02-23T11:13:27.036+0000][4616][gc,age      ] GC(553) - age   4:   18952920 bytes,  122496016 total
[2024-02-23T11:13:27.036+0000][4616][gc,age      ] GC(553) - age   5:   26180048 bytes,  148676064 total
[2024-02-23T11:13:27.036+0000][4616][gc,age      ] GC(553) - age   6:    7967952 bytes,  156644016 total
[2024-02-23T11:13:27.036+0000][4616][gc,age      ] GC(553) - age   7:    5406744 bytes,  162050760 total
[2024-02-23T11:13:27.036+0000][4616][gc,age      ] GC(553) - age   8:    2929600 bytes,  164980360 total
[2024-02-23T11:13:27.036+0000][4616][gc,age      ] GC(553) - age   9:      14848 bytes,  164995208 total
[2024-02-23T11:13:27.036+0000][4616][gc,age      ] GC(553) - age  10:         64 bytes,  164995272 total
[2024-02-23T11:13:27.036+0000][4616][gc,age      ] GC(553) - age  11:       1200 bytes,  164996472 total
[2024-02-23T11:13:27.036+0000][4616][gc,age      ] GC(553) - age  12:        144 bytes,  164996616 total
[2024-02-23T11:13:27.036+0000][4616][gc,age      ] GC(553) - age  13:     122768 bytes,  165119384 total
[2024-02-23T11:13:27.036+0000][4616][gc,heap     ] GC(553) Eden regions: 572->0(564)
[2024-02-23T11:13:27.036+0000][4616][gc,heap     ] GC(553) Survivor regions: 34->42(76)
[2024-02-23T11:13:27.036+0000][4616][gc,heap     ] GC(553) Old regions: 140->140
[2024-02-23T11:13:27.036+0000][4616][gc,heap     ] GC(553) Archive regions: 0->0
[2024-02-23T11:13:27.036+0000][4616][gc,heap     ] GC(553) Humongous regions: 2->2
[2024-02-23T11:13:27.036+0000][4616][gc,metaspace] GC(553) Metaspace: 132112K(137152K)->132112K(137152K) NonClass: 115125K(117888K)->115125K(117888K) Class: 16986K(19264K)->16986K(19264K)
[2024-02-23T11:13:27.036+0000][4616][gc          ] GC(553) Pause Young (Normal) (G1 Evacuation Pause) 2989M->731M(4040M) 56.213ms
[2024-02-23T11:13:27.036+0000][4616][gc,cpu      ] GC(553) User=0.31s Sys=0.00s Real=0.06s
[2024-02-23T11:13:27.036+0000][4616][safepoint   ] Safepoint "G1CollectForAllocation", Time since last: 62326011200 ns, Reaching safepoint: 189400 ns, At safepoint: 56355300 ns, Total: 56544700 ns
[2024-02-23T11:13:52.037+0000][4616][gc,start    ] GC(554) Pause Young (Normal) (G1 Evacuation Pause)
[2024-02-23T11:13:52.037+0000][4616][gc,task     ] GC(554) Using 8 workers of 8 for evacuation
[2024-02-23T11:13:52.037+0000][4616][gc,age      ] GC(554) Desired survivor size 159383552 bytes, new threshold 7 (max threshold 15)
[2024-02-23T11:13:52.156+0000][4616][gc,phases   ] GC(554)   Pre Evacuate Collection Set: 0.2ms
[2024-02-23T11:13:52.156+0000][4616][gc,phases   ] GC(554)   Merge Heap Roots: 0.2ms
[2024-02-23T11:13:52.156+0000][4616][gc,phases   ] GC(554)   Evacuate Collection Set: 113.9ms
[2024-02-23T11:13:52.156+0000][4616][gc,phases   ] GC(554)   Post Evacuate Collection Set: 1.9ms
[2024-02-23T11:13:52.156+0000][4616][gc,phases   ] GC(554)   Other: 2.9ms
[2024-02-23T11:13:52.156+0000][4616][gc,age      ] GC(554) Age table with threshold 7 (max threshold 15)
[2024-02-23T11:13:52.156+0000][4616][gc,age      ] GC(554) - age   1:   66944808 bytes,   66944808 total
[2024-02-23T11:13:52.156+0000][4616][gc,age      ] GC(554) - age   2:   28597296 bytes,   95542104 total
[2024-02-23T11:13:52.156+0000][4616][gc,age      ] GC(554) - age   3:   15997328 bytes,  111539432 total
[2024-02-23T11:13:52.156+0000][4616][gc,age      ] GC(554) - age   4:   17159520 bytes,  128698952 total
[2024-02-23T11:13:52.156+0000][4616][gc,age      ] GC(554) - age   5:   18949424 bytes,  147648376 total
[2024-02-23T11:13:52.156+0000][4616][gc,age      ] GC(554) - age   6:   26167056 bytes,  173815432 total
[2024-02-23T11:13:52.156+0000][4616][gc,age      ] GC(554) - age   7:    7967832 bytes,  181783264 total
[2024-02-23T11:13:52.156+0000][4616][gc,heap     ] GC(554) Eden regions: 564->0(559)
[2024-02-23T11:13:52.156+0000][4616][gc,heap     ] GC(554) Survivor regions: 42->47(76)
[2024-02-23T11:13:52.157+0000][4616][gc,heap     ] GC(554) Old regions: 140->142
[2024-02-23T11:13:52.157+0000][4616][gc,heap     ] GC(554) Archive regions: 0->0
[2024-02-23T11:13:52.157+0000][4616][gc,heap     ] GC(554) Humongous regions: 2->2
[2024-02-23T11:13:52.157+0000][4616][gc,metaspace] GC(554) Metaspace: 132113K(137152K)->132113K(137152K) NonClass: 115126K(117888K)->115126K(117888K) Class: 16986K(19264K)->16986K(19264K)
[2024-02-23T11:13:52.157+0000][4616][gc          ] GC(554) Pause Young (Normal) (G1 Evacuation Pause) 2987M->759M(4040M) 119.985ms
[2024-02-23T11:13:52.157+0000][4616][gc,cpu      ] GC(554) User=0.34s Sys=0.22s Real=0.12s
[2024-02-23T11:13:52.157+0000][4616][safepoint   ] Safepoint "G1CollectForAllocation", Time since last: 25001288600 ns, Reaching safepoint: 135100 ns, At safepoint: 120393700 ns, Total: 120528800 ns
[2024-02-23T11:14:10.422+0000][4616][gc,start    ] GC(555) Pause Young (Normal) (G1 Evacuation Pause)
[2024-02-23T11:14:10.422+0000][4616][gc,task     ] GC(555) Using 8 workers of 8 for evacuation
[2024-02-23T11:14:10.422+0000][4616][gc,age      ] GC(555) Desired survivor size 159383552 bytes, new threshold 6 (max threshold 15)
[2024-02-23T11:14:10.532+0000][4616][gc,phases   ] GC(555)   Pre Evacuate Collection Set: 0.3ms
[2024-02-23T11:14:10.532+0000][4616][gc,phases   ] GC(555)   Merge Heap Roots: 0.9ms
[2024-02-23T11:14:10.532+0000][4616][gc,phases   ] GC(555)   Evacuate Collection Set: 104.4ms
[2024-02-23T11:14:10.532+0000][4616][gc,phases   ] GC(555)   Post Evacuate Collection Set: 3.0ms
[2024-02-23T11:14:10.532+0000][4616][gc,phases   ] GC(555)   Other: 2.5ms
[2024-02-23T11:14:10.532+0000][4616][gc,age      ] GC(555) Age table with threshold 6 (max threshold 15)
[2024-02-23T11:14:10.532+0000][4616][gc,age      ] GC(555) - age   1:   75522472 bytes,   75522472 total
[2024-02-23T11:14:10.532+0000][4616][gc,age      ] GC(555) - age   2:   18682328 bytes,   94204800 total
[2024-02-23T11:14:10.532+0000][4616][gc,age      ] GC(555) - age   3:   26309032 bytes,  120513832 total
[2024-02-23T11:14:10.532+0000][4616][gc,age      ] GC(555) - age   4:   15824000 bytes,  136337832 total
[2024-02-23T11:14:10.532+0000][4616][gc,age      ] GC(555) - age   5:   17154160 bytes,  153491992 total
[2024-02-23T11:14:10.532+0000][4616][gc,age      ] GC(555) - age   6:   18948248 bytes,  172440240 total
[2024-02-23T11:14:10.532+0000][4616][gc,heap     ] GC(555) Eden regions: 559->0(563)
[2024-02-23T11:14:10.532+0000][4616][gc,heap     ] GC(555) Survivor regions: 47->43(76)
[2024-02-23T11:14:10.532+0000][4616][gc,heap     ] GC(555) Old regions: 142->150
[2024-02-23T11:14:10.532+0000][4616][gc,heap     ] GC(555) Archive regions: 0->0
[2024-02-23T11:14:10.532+0000][4616][gc,heap     ] GC(555) Humongous regions: 2->2
[2024-02-23T11:14:10.532+0000][4616][gc,metaspace] GC(555) Metaspace: 132114K(137152K)->132114K(137152K) NonClass: 115127K(117888K)->115127K(117888K) Class: 16986K(19264K)->16986K(19264K)
[2024-02-23T11:14:10.532+0000][4616][gc          ] GC(555) Pause Young (Normal) (G1 Evacuation Pause) 2995M->779M(4040M) 111.630ms
[2024-02-23T11:14:10.532+0000][4616][gc,cpu      ] GC(555) User=0.28s Sys=0.16s Real=0.11s
[2024-02-23T11:14:10.532+0000][4616][safepoint   ] Safepoint "G1CollectForAllocation", Time since last: 18264429200 ns, Reaching safepoint: 70100 ns, At safepoint: 111866700 ns, Total: 111936800 ns
[2024-02-23T11:14:18.580+0000][4616][safepoint   ] Safepoint "Cleanup", Time since last: 8046165300 ns, Reaching safepoint: 190200 ns, At safepoint: 25300 ns, Total: 215500 ns
[2024-02-23T11:14:34.911+0000][4616][gc,start    ] GC(556) Pause Young (Normal) (G1 Evacuation Pause)
[2024-02-23T11:14:34.911+0000][4616][gc,task     ] GC(556) Using 8 workers of 8 for evacuation
[2024-02-23T11:14:34.911+0000][4616][gc,age      ] GC(556) Desired survivor size 159383552 bytes, new threshold 6 (max threshold 15)
[2024-02-23T11:14:35.020+0000][4616][gc,phases   ] GC(556)   Pre Evacuate Collection Set: 0.4ms
[2024-02-23T11:14:35.020+0000][4616][gc,phases   ] GC(556)   Merge Heap Roots: 2.8ms
[2024-02-23T11:14:35.020+0000][4616][gc,phases   ] GC(556)   Evacuate Collection Set: 99.0ms
[2024-02-23T11:14:35.020+0000][4616][gc,phases   ] GC(556)   Post Evacuate Collection Set: 4.6ms
[2024-02-23T11:14:35.020+0000][4616][gc,phases   ] GC(556)   Other: 1.2ms
[2024-02-23T11:14:35.020+0000][4616][gc,age      ] GC(556) Age table with threshold 6 (max threshold 15)
[2024-02-23T11:14:35.020+0000][4616][gc,age      ] GC(556) - age   1:   91974624 bytes,   91974624 total
[2024-02-23T11:14:35.020+0000][4616][gc,age      ] GC(556) - age   2:   22738728 bytes,  114713352 total
[2024-02-23T11:14:35.020+0000][4616][gc,age      ] GC(556) - age   3:   16552984 bytes,  131266336 total
[2024-02-23T11:14:35.020+0000][4616][gc,age      ] GC(556) - age   4:   19116360 bytes,  150382696 total
[2024-02-23T11:14:35.020+0000][4616][gc,age      ] GC(556) - age   5:   15823872 bytes,  166206568 total
[2024-02-23T11:14:35.020+0000][4616][gc,age      ] GC(556) - age   6:   17149504 bytes,  183356072 total
[2024-02-23T11:14:35.020+0000][4616][gc,heap     ] GC(556) Eden regions: 563->0(560)
[2024-02-23T11:14:35.020+0000][4616][gc,heap     ] GC(556) Survivor regions: 43->46(76)
[2024-02-23T11:14:35.020+0000][4616][gc,heap     ] GC(556) Old regions: 150->156
[2024-02-23T11:14:35.020+0000][4616][gc,heap     ] GC(556) Archive regions: 0->0
[2024-02-23T11:14:35.020+0000][4616][gc,heap     ] GC(556) Humongous regions: 2->2
[2024-02-23T11:14:35.020+0000][4616][gc,metaspace] GC(556) Metaspace: 132114K(137152K)->132114K(137152K) NonClass: 115127K(117888K)->115127K(117888K) Class: 16986K(19264K)->16986K(19264K)
[2024-02-23T11:14:35.020+0000][4616][gc          ] GC(556) Pause Young (Normal) (G1 Evacuation Pause) 3031M->812M(4040M) 108.923ms
[2024-02-23T11:14:35.020+0000][4616][gc,cpu      ] GC(556) User=0.11s Sys=0.34s Real=0.11s
[2024-02-23T11:14:35.020+0000][4616][safepoint   ] Safepoint "G1CollectForAllocation", Time since last: 16330876300 ns, Reaching safepoint: 167400 ns, At safepoint: 109297300 ns, Total: 109464700 ns
[2024-02-23T11:14:50.993+0000][4616][gc,start    ] GC(557) Pause Young (Concurrent Start) (G1 Evacuation Pause)
[2024-02-23T11:14:50.993+0000][4616][gc,task     ] GC(557) Using 8 workers of 8 for evacuation
[2024-02-23T11:14:50.993+0000][4616][gc,age      ] GC(557) Desired survivor size 159383552 bytes, new threshold 5 (max threshold 15)
[2024-02-23T11:14:51.279+0000][4616][gc,mmu      ] GC(557) MMU target violated: 201.0ms (200.0ms/201.0ms)
[2024-02-23T11:14:51.279+0000][4616][gc,phases   ] GC(557)   Pre Evacuate Collection Set: 40.5ms
[2024-02-23T11:14:51.279+0000][4616][gc,phases   ] GC(557)   Merge Heap Roots: 0.6ms
[2024-02-23T11:14:51.279+0000][4616][gc,phases   ] GC(557)   Evacuate Collection Set: 153.6ms
[2024-02-23T11:14:51.279+0000][4616][gc,phases   ] GC(557)   Post Evacuate Collection Set: 1.4ms
[2024-02-23T11:14:51.279+0000][4616][gc,phases   ] GC(557)   Other: 80.9ms
[2024-02-23T11:14:51.279+0000][4616][gc,age      ] GC(557) Age table with threshold 5 (max threshold 15)
[2024-02-23T11:14:51.279+0000][4616][gc,age      ] GC(557) - age   1:   91131144 bytes,   91131144 total
[2024-02-23T11:14:51.279+0000][4616][gc,age      ] GC(557) - age   2:   36395120 bytes,  127526264 total
[2024-02-23T11:14:51.279+0000][4616][gc,age      ] GC(557) - age   3:   18635600 bytes,  146161864 total
[2024-02-23T11:14:51.279+0000][4616][gc,age      ] GC(557) - age   4:   16076576 bytes,  162238440 total
[2024-02-23T11:14:51.279+0000][4616][gc,age      ] GC(557) - age   5:   17787896 bytes,  180026336 total
[2024-02-23T11:14:51.279+0000][4616][gc,heap     ] GC(557) Eden regions: 560->0(155)
[2024-02-23T11:14:51.279+0000][4616][gc,heap     ] GC(557) Survivor regions: 46->46(76)
[2024-02-23T11:14:51.279+0000][4616][gc,heap     ] GC(557) Old regions: 156->164
[2024-02-23T11:14:51.279+0000][4616][gc,heap     ] GC(557) Archive regions: 0->0
[2024-02-23T11:14:51.279+0000][4616][gc,heap     ] GC(557) Humongous regions: 2->2
[2024-02-23T11:14:51.279+0000][4616][gc,metaspace] GC(557) Metaspace: 132114K(137152K)->132114K(137152K) NonClass: 115127K(117888K)->115127K(117888K) Class: 16986K(19264K)->16986K(19264K)
[2024-02-23T11:14:51.279+0000][4616][gc          ] GC(557) Pause Young (Concurrent Start) (G1 Evacuation Pause) 3052M->844M(4040M) 277.575ms
[2024-02-23T11:14:51.279+0000][4616][gc,cpu      ] GC(557) User=0.30s Sys=0.56s Real=0.29s
[2024-02-23T11:14:51.279+0000][4616][safepoint   ] Safepoint "G1CollectForAllocation", Time since last: 15985340800 ns, Reaching safepoint: 150600 ns, At safepoint: 278464000 ns, Total: 278614600 ns
[2024-02-23T11:14:51.285+0000][4616][gc          ] GC(558) Concurrent Mark Cycle
[2024-02-23T11:14:51.285+0000][4616][gc,marking  ] GC(558) Concurrent Clear Claimed Marks
[2024-02-23T11:14:51.285+0000][4616][gc,marking  ] GC(558) Concurrent Clear Claimed Marks 0.159ms
[2024-02-23T11:14:51.285+0000][4616][gc,marking  ] GC(558) Concurrent Scan Root Regions
[2024-02-23T11:14:51.434+0000][4616][gc,marking  ] GC(558) Concurrent Scan Root Regions 150.947ms
[2024-02-23T11:14:51.434+0000][4616][gc,marking  ] GC(558) Concurrent Mark
[2024-02-23T11:14:51.434+0000][4616][gc,marking  ] GC(558) Concurrent Mark From Roots
[2024-02-23T11:14:51.434+0000][4616][gc,task     ] GC(558) Using 2 workers of 2 for marking
[2024-02-23T11:14:52.346+0000][4616][gc,marking  ] GC(558) Concurrent Mark From Roots 911.128ms
[2024-02-23T11:14:52.346+0000][4616][gc,marking  ] GC(558) Concurrent Preclean
[2024-02-23T11:14:52.348+0000][4616][gc,marking  ] GC(558) Concurrent Preclean 1.228ms
[2024-02-23T11:14:52.349+0000][4616][gc,start    ] GC(558) Pause Remark
[2024-02-23T11:14:52.736+0000][4616][gc,mmu      ] GC(558) MMU target violated: 201.0ms (200.0ms/201.0ms)
[2024-02-23T11:14:52.736+0000][4616][gc          ] GC(558) Pause Remark 1038M->950M(4040M) 386.696ms
[2024-02-23T11:14:52.736+0000][4616][gc,cpu      ] GC(558) User=0.14s Sys=0.62s Real=0.39s
[2024-02-23T11:14:52.737+0000][4616][safepoint   ] Safepoint "G1Concurrent", Time since last: 1064107200 ns, Reaching safepoint: 314300 ns, At safepoint: 387369000 ns, Total: 387683300 ns
[2024-02-23T11:14:52.737+0000][4616][gc,marking  ] GC(558) Concurrent Mark 1300.331ms
[2024-02-23T11:14:52.737+0000][4616][gc,marking  ] GC(558) Concurrent Rebuild Remembered Sets
[2024-02-23T11:14:52.988+0000][4616][gc,marking  ] GC(558) Concurrent Rebuild Remembered Sets 253.604ms
[2024-02-23T11:14:52.988+0000][4616][gc,start    ] GC(558) Pause Cleanup
[2024-02-23T11:14:52.988+0000][4616][gc          ] GC(558) Pause Cleanup 988M->988M(4040M) 0.360ms
[2024-02-23T11:14:52.988+0000][4616][gc,cpu      ] GC(558) User=0.00s Sys=0.00s Real=0.00s
[2024-02-23T11:14:52.988+0000][4616][safepoint   ] Safepoint "G1Concurrent", Time since last: 253771000 ns, Reaching safepoint: 64600 ns, At safepoint: 475500 ns, Total: 540100 ns
[2024-02-23T11:14:52.988+0000][4616][gc,marking  ] GC(558) Concurrent Cleanup for Next Mark
[2024-02-23T11:14:53.054+0000][4616][gc,marking  ] GC(558) Concurrent Cleanup for Next Mark 63.106ms
[2024-02-23T11:14:53.054+0000][4616][gc          ] GC(558) Concurrent Mark Cycle 1769.087ms
[2024-02-23T11:14:57.795+0000][4616][gc,start    ] GC(559) Pause Young (Prepare Mixed) (G1 Evacuation Pause)
[2024-02-23T11:14:57.795+0000][4616][gc,task     ] GC(559) Using 8 workers of 8 for evacuation
[2024-02-23T11:14:57.795+0000][4616][gc,age      ] GC(559) Desired survivor size 71303168 bytes, new threshold 1 (max threshold 15)
[2024-02-23T11:14:58.163+0000][4616][gc,mmu      ] GC(559) MMU target violated: 201.0ms (200.0ms/201.0ms)
[2024-02-23T11:14:58.163+0000][4616][gc,phases   ] GC(559)   Pre Evacuate Collection Set: 0.3ms
[2024-02-23T11:14:58.163+0000][4616][gc,phases   ] GC(559)   Merge Heap Roots: 0.4ms
[2024-02-23T11:14:58.163+0000][4616][gc,phases   ] GC(559)   Evacuate Collection Set: 361.9ms
[2024-02-23T11:14:58.163+0000][4616][gc,phases   ] GC(559)   Post Evacuate Collection Set: 3.0ms
[2024-02-23T11:14:58.163+0000][4616][gc,phases   ] GC(559)   Other: 1.5ms
[2024-02-23T11:14:58.163+0000][4616][gc,age      ] GC(559) Age table with threshold 1 (max threshold 15)
[2024-02-23T11:14:58.163+0000][4616][gc,age      ] GC(559) - age   1:   41370384 bytes,   41370384 total
[2024-02-23T11:14:58.163+0000][4616][gc,heap     ] GC(559) Eden regions: 222->0(38)
[2024-02-23T11:14:58.163+0000][4616][gc,heap     ] GC(559) Survivor regions: 46->12(34)
[2024-02-23T11:14:58.163+0000][4616][gc,heap     ] GC(559) Old regions: 142->179
[2024-02-23T11:14:58.163+0000][4616][gc,heap     ] GC(559) Archive regions: 0->0
[2024-02-23T11:14:58.163+0000][4616][gc,heap     ] GC(559) Humongous regions: 2->2
[2024-02-23T11:14:58.163+0000][4616][gc,metaspace] GC(559) Metaspace: 132114K(137152K)->132114K(137152K) NonClass: 115127K(117888K)->115127K(117888K) Class: 16986K(19264K)->16986K(19264K)
[2024-02-23T11:14:58.163+0000][4616][gc          ] GC(559) Pause Young (Prepare Mixed) (G1 Evacuation Pause) 1644M->771M(4040M) 367.653ms
[2024-02-23T11:14:58.163+0000][4616][gc,cpu      ] GC(559) User=0.05s Sys=0.78s Real=0.37s
[2024-02-23T11:14:58.163+0000][4616][safepoint   ] Safepoint "G1CollectForAllocation", Time since last: 4804408600 ns, Reaching safepoint: 232700 ns, At safepoint: 367919400 ns, Total: 368152100 ns
[2024-02-23T11:15:00.397+0000][4616][gc,start    ] GC(560) Pause Young (Mixed) (G1 Evacuation Pause)
[2024-02-23T11:15:00.397+0000][4616][gc,task     ] GC(560) Using 8 workers of 8 for evacuation
[2024-02-23T11:15:00.397+0000][4616][gc,age      ] GC(560) Desired survivor size 14680064 bytes, new threshold 1 (max threshold 15)
[2024-02-23T11:15:00.475+0000][4616][gc,phases   ] GC(560)   Pre Evacuate Collection Set: 0.2ms
[2024-02-23T11:15:00.475+0000][4616][gc,phases   ] GC(560)   Merge Heap Roots: 0.5ms
[2024-02-23T11:15:00.475+0000][4616][gc,phases   ] GC(560)   Evacuate Collection Set: 76.6ms
[2024-02-23T11:15:00.475+0000][4616][gc,phases   ] GC(560)   Post Evacuate Collection Set: 4.5ms
[2024-02-23T11:15:00.475+0000][4616][gc,phases   ] GC(560)   Other: 0.6ms
[2024-02-23T11:15:00.475+0000][4616][gc,age      ] GC(560) Age table with threshold 1 (max threshold 15)
[2024-02-23T11:15:00.475+0000][4616][gc,age      ] GC(560) - age   1:    6014264 bytes,    6014264 total
[2024-02-23T11:15:00.475+0000][4616][gc,heap     ] GC(560) Eden regions: 38->0(495)
[2024-02-23T11:15:00.475+0000][4616][gc,heap     ] GC(560) Survivor regions: 12->4(7)
[2024-02-23T11:15:00.475+0000][4616][gc,heap     ] GC(560) Old regions: 179->154
[2024-02-23T11:15:00.475+0000][4616][gc,heap     ] GC(560) Archive regions: 0->0
[2024-02-23T11:15:00.475+0000][4616][gc,heap     ] GC(560) Humongous regions: 2->2
[2024-02-23T11:15:00.475+0000][4616][gc,metaspace] GC(560) Metaspace: 132114K(137152K)->132114K(137152K) NonClass: 115127K(117888K)->115127K(117888K) Class: 16986K(19264K)->16986K(19264K)
[2024-02-23T11:15:00.475+0000][4616][gc          ] GC(560) Pause Young (Mixed) (G1 Evacuation Pause) 923M->639M(4040M) 82.901ms
[2024-02-23T11:15:00.475+0000][4616][gc,cpu      ] GC(560) User=0.05s Sys=0.16s Real=0.08s
[2024-02-23T11:15:00.475+0000][4616][safepoint   ] Safepoint "G1CollectForAllocation", Time since last: 2233674400 ns, Reaching safepoint: 128800 ns, At safepoint: 83418900 ns, Total: 83547700 ns
[2024-02-23T11:15:16.927+0000][4616][gc,start    ] GC(561) Pause Young (Normal) (G1 Evacuation Pause)
[2024-02-23T11:15:16.927+0000][4616][gc,task     ] GC(561) Using 8 workers of 8 for evacuation
[2024-02-23T11:15:16.927+0000][4616][gc,age      ] GC(561) Desired survivor size 132120576 bytes, new threshold 15 (max threshold 15)
[2024-02-23T11:15:16.960+0000][4616][gc,phases   ] GC(561)   Pre Evacuate Collection Set: 0.3ms
[2024-02-23T11:15:16.960+0000][4616][gc,phases   ] GC(561)   Merge Heap Roots: 0.4ms
[2024-02-23T11:15:16.960+0000][4616][gc,phases   ] GC(561)   Evacuate Collection Set: 23.3ms
[2024-02-23T11:15:16.960+0000][4616][gc,phases   ] GC(561)   Post Evacuate Collection Set: 1.6ms
[2024-02-23T11:15:16.960+0000][4616][gc,phases   ] GC(561)   Other: 0.3ms
[2024-02-23T11:15:16.960+0000][4616][gc,age      ] GC(561) Age table with threshold 15 (max threshold 15)
[2024-02-23T11:15:16.960+0000][4616][gc,age      ] GC(561) - age   1:   89375392 bytes,   89375392 total
[2024-02-23T11:15:16.960+0000][4616][gc,age      ] GC(561) - age   2:    4232776 bytes,   93608168 total
[2024-02-23T11:15:16.960+0000][4616][gc,heap     ] GC(561) Eden regions: 495->0(301)
[2024-02-23T11:15:16.960+0000][4616][gc,heap     ] GC(561) Survivor regions: 4->24(63)
[2024-02-23T11:15:16.960+0000][4616][gc,heap     ] GC(561) Old regions: 154->154
[2024-02-23T11:15:16.960+0000][4616][gc,heap     ] GC(561) Archive regions: 0->0
[2024-02-23T11:15:16.960+0000][4616][gc,heap     ] GC(561) Humongous regions: 2->2
[2024-02-23T11:15:16.960+0000][4616][gc,metaspace] GC(561) Metaspace: 132114K(137152K)->132114K(137152K) NonClass: 115127K(117888K)->115127K(117888K) Class: 16986K(19264K)->16986K(19264K)
[2024-02-23T11:15:16.960+0000][4616][gc          ] GC(561) Pause Young (Normal) (G1 Evacuation Pause) 2619M->716M(4040M) 26.670ms
[2024-02-23T11:15:16.960+0000][4616][gc,cpu      ] GC(561) User=0.27s Sys=0.00s Real=0.03s
[2024-02-23T11:15:16.960+0000][4616][safepoint   ] Safepoint "G1CollectForAllocation", Time since last: 16461213200 ns, Reaching safepoint: 189100 ns, At safepoint: 26922100 ns, Total: 27111200 ns
[2024-02-23T11:15:24.017+0000][4616][safepoint   ] Safepoint "Cleanup", Time since last: 7047572500 ns, Reaching safepoint: 95800 ns, At safepoint: 8500 ns, Total: 104300 ns
[2024-02-23T11:15:26.264+0000][4616][gc,start    ] GC(562) Pause Young (Normal) (G1 Evacuation Pause)
[2024-02-23T11:15:26.264+0000][4616][gc,task     ] GC(562) Using 8 workers of 8 for evacuation
[2024-02-23T11:15:26.264+0000][4616][gc,age      ] GC(562) Desired survivor size 85983232 bytes, new threshold 1 (max threshold 15)
[2024-02-23T11:15:26.456+0000][4616][gc,phases   ] GC(562)   Pre Evacuate Collection Set: 2.5ms
[2024-02-23T11:15:26.456+0000][4616][gc,phases   ] GC(562)   Merge Heap Roots: 0.3ms
[2024-02-23T11:15:26.456+0000][4616][gc,phases   ] GC(562)   Evacuate Collection Set: 188.1ms
[2024-02-23T11:15:26.456+0000][4616][gc,phases   ] GC(562)   Post Evacuate Collection Set: 1.0ms
[2024-02-23T11:15:26.456+0000][4616][gc,phases   ] GC(562)   Other: 0.5ms
[2024-02-23T11:15:26.456+0000][4616][gc,age      ] GC(562) Age table with threshold 1 (max threshold 15)
[2024-02-23T11:15:26.456+0000][4616][gc,age      ] GC(562) - age   1:   41009592 bytes,   41009592 total
[2024-02-23T11:15:26.456+0000][4616][gc,heap     ] GC(562) Eden regions: 301->0(398)
[2024-02-23T11:15:26.456+0000][4616][gc,heap     ] GC(562) Survivor regions: 24->12(41)
[2024-02-23T11:15:26.456+0000][4616][gc,heap     ] GC(562) Old regions: 154->172
[2024-02-23T11:15:26.456+0000][4616][gc,heap     ] GC(562) Archive regions: 0->0
[2024-02-23T11:15:26.456+0000][4616][gc,heap     ] GC(562) Humongous regions: 2->2
[2024-02-23T11:15:26.456+0000][4616][gc,metaspace] GC(562) Metaspace: 132114K(137152K)->132114K(137152K) NonClass: 115127K(117888K)->115127K(117888K) Class: 16986K(19264K)->16986K(19264K)
[2024-02-23T11:15:26.456+0000][4616][gc          ] GC(562) Pause Young (Normal) (G1 Evacuation Pause) 1920M->738M(4040M) 192.929ms
[2024-02-23T11:15:26.456+0000][4616][gc,cpu      ] GC(562) User=0.09s Sys=0.52s Real=0.19s
[2024-02-23T11:15:26.456+0000][4616][safepoint   ] Safepoint "G1CollectForAllocation", Time since last: 2247940800 ns, Reaching safepoint: 251300 ns, At safepoint: 193194500 ns, Total: 193445800 ns
[2024-02-23T11:15:38.231+0000][4616][gc,start    ] GC(563) Pause Young (Normal) (G1 Evacuation Pause)
[2024-02-23T11:15:38.231+0000][4616][gc,task     ] GC(563) Using 8 workers of 8 for evacuation
[2024-02-23T11:15:38.231+0000][4616][gc,age      ] GC(563) Desired survivor size 109051904 bytes, new threshold 15 (max threshold 15)
[2024-02-23T11:15:38.261+0000][4616][gc,phases   ] GC(563)   Pre Evacuate Collection Set: 0.2ms
[2024-02-23T11:15:38.261+0000][4616][gc,phases   ] GC(563)   Merge Heap Roots: 0.2ms
[2024-02-23T11:15:38.261+0000][4616][gc,phases   ] GC(563)   Evacuate Collection Set: 20.9ms
[2024-02-23T11:15:38.261+0000][4616][gc,phases   ] GC(563)   Post Evacuate Collection Set: 1.6ms
[2024-02-23T11:15:38.261+0000][4616][gc,phases   ] GC(563)   Other: 2.3ms
[2024-02-23T11:15:38.261+0000][4616][gc,age      ] GC(563) Age table with threshold 15 (max threshold 15)
[2024-02-23T11:15:38.261+0000][4616][gc,age      ] GC(563) - age   1:   65008968 bytes,   65008968 total
[2024-02-23T11:15:38.261+0000][4616][gc,age      ] GC(563) - age   2:   34725896 bytes,   99734864 total
[2024-02-23T11:15:38.261+0000][4616][gc,heap     ] GC(563) Eden regions: 398->0(280)
[2024-02-23T11:15:38.261+0000][4616][gc,heap     ] GC(563) Survivor regions: 12->26(52)
[2024-02-23T11:15:38.261+0000][4616][gc,heap     ] GC(563) Old regions: 172->172
[2024-02-23T11:15:38.262+0000][4616][gc,heap     ] GC(563) Archive regions: 0->0
[2024-02-23T11:15:38.262+0000][4616][gc,heap     ] GC(563) Humongous regions: 2->2
[2024-02-23T11:15:38.262+0000][4616][gc,metaspace] GC(563) Metaspace: 132114K(137152K)->132114K(137152K) NonClass: 115127K(117888K)->115127K(117888K) Class: 16986K(19264K)->16986K(19264K)
[2024-02-23T11:15:38.262+0000][4616][gc          ] GC(563) Pause Young (Normal) (G1 Evacuation Pause) 2330M->794M(4040M) 25.872ms
[2024-02-23T11:15:38.262+0000][4616][gc,cpu      ] GC(563) User=0.23s Sys=0.00s Real=0.03s
[2024-02-23T11:15:38.262+0000][4616][safepoint   ] Safepoint "G1CollectForAllocation", Time since last: 11777925400 ns, Reaching safepoint: 122200 ns, At safepoint: 26056900 ns, Total: 26179100 ns
[2024-02-23T11:15:47.052+0000][4616][gc,start    ] GC(564) Pause Young (Normal) (G1 Evacuation Pause)
[2024-02-23T11:15:47.052+0000][4616][gc,task     ] GC(564) Using 8 workers of 8 for evacuation
[2024-02-23T11:15:47.052+0000][4616][gc,age      ] GC(564) Desired survivor size 81788928 bytes, new threshold 2 (max threshold 15)
[2024-02-23T11:15:47.143+0000][4616][gc,phases   ] GC(564)   Pre Evacuate Collection Set: 0.3ms
[2024-02-23T11:15:47.143+0000][4616][gc,phases   ] GC(564)   Merge Heap Roots: 0.3ms
[2024-02-23T11:15:47.143+0000][4616][gc,phases   ] GC(564)   Evacuate Collection Set: 89.7ms
[2024-02-23T11:15:47.143+0000][4616][gc,phases   ] GC(564)   Post Evacuate Collection Set: 2.4ms
[2024-02-23T11:15:47.143+0000][4616][gc,phases   ] GC(564)   Other: 3.6ms
[2024-02-23T11:15:47.143+0000][4616][gc,age      ] GC(564) Age table with threshold 2 (max threshold 15)
[2024-02-23T11:15:47.143+0000][4616][gc,age      ] GC(564) - age   1:   27141984 bytes,   27141984 total
[2024-02-23T11:15:47.143+0000][4616][gc,age      ] GC(564) - age   2:   54974624 bytes,   82116608 total
[2024-02-23T11:15:47.143+0000][4616][gc,heap     ] GC(564) Eden regions: 280->0(506)
[2024-02-23T11:15:47.143+0000][4616][gc,heap     ] GC(564) Survivor regions: 26->21(39)
[2024-02-23T11:15:47.143+0000][4616][gc,heap     ] GC(564) Old regions: 172->178
[2024-02-23T11:15:47.143+0000][4616][gc,heap     ] GC(564) Archive regions: 0->0
[2024-02-23T11:15:47.143+0000][4616][gc,heap     ] GC(564) Humongous regions: 2->2
[2024-02-23T11:15:47.143+0000][4616][gc,metaspace] GC(564) Metaspace: 132114K(137152K)->132114K(137152K) NonClass: 115127K(117888K)->115127K(117888K) Class: 16986K(19264K)->16986K(19264K)
[2024-02-23T11:15:47.143+0000][4616][gc          ] GC(564) Pause Young (Normal) (G1 Evacuation Pause) 1914M->802M(4040M) 97.263ms
[2024-02-23T11:15:47.143+0000][4616][gc,cpu      ] GC(564) User=0.08s Sys=0.30s Real=0.09s
[2024-02-23T11:15:47.143+0000][4616][safepoint   ] Safepoint "G1CollectForAllocation", Time since last: 8789769800 ns, Reaching safepoint: 234200 ns, At safepoint: 97546900 ns, Total: 97781100 ns
[2024-02-23T11:15:57.202+0000][4616][safepoint   ] Safepoint "Cleanup", Time since last: 10052611200 ns, Reaching safepoint: 108200 ns, At safepoint: 60500 ns, Total: 168700 ns
[2024-02-23T11:16:03.233+0000][4616][safepoint   ] Safepoint "Cleanup", Time since last: 6030801100 ns, Reaching safepoint: 238300 ns, At safepoint: 72800 ns, Total: 311100 ns
[2024-02-23T11:16:03.795+0000][4616][gc,start    ] GC(565) Pause Young (Normal) (G1 Evacuation Pause)
[2024-02-23T11:16:03.795+0000][4616][gc,task     ] GC(565) Using 8 workers of 8 for evacuation
[2024-02-23T11:16:03.795+0000][4616][gc,age      ] GC(565) Desired survivor size 138412032 bytes, new threshold 15 (max threshold 15)
[2024-02-23T11:16:03.832+0000][4616][gc,phases   ] GC(565)   Pre Evacuate Collection Set: 0.3ms
[2024-02-23T11:16:03.832+0000][4616][gc,phases   ] GC(565)   Merge Heap Roots: 0.4ms
[2024-02-23T11:16:03.832+0000][4616][gc,phases   ] GC(565)   Evacuate Collection Set: 30.7ms
[2024-02-23T11:16:03.832+0000][4616][gc,phases   ] GC(565)   Post Evacuate Collection Set: 2.0ms
[2024-02-23T11:16:03.832+0000][4616][gc,phases   ] GC(565)   Other: 2.7ms
[2024-02-23T11:16:03.832+0000][4616][gc,age      ] GC(565) Age table with threshold 15 (max threshold 15)
[2024-02-23T11:16:03.832+0000][4616][gc,age      ] GC(565) - age   1:   89295656 bytes,   89295656 total
[2024-02-23T11:16:03.832+0000][4616][gc,age      ] GC(565) - age   2:   17820336 bytes,  107115992 total
[2024-02-23T11:16:03.832+0000][4616][gc,age      ] GC(565) - age   3:   11960712 bytes,  119076704 total
[2024-02-23T11:16:03.832+0000][4616][gc,heap     ] GC(565) Eden regions: 506->0(526)
[2024-02-23T11:16:03.832+0000][4616][gc,heap     ] GC(565) Survivor regions: 21->30(66)
[2024-02-23T11:16:03.832+0000][4616][gc,heap     ] GC(565) Old regions: 178->178
[2024-02-23T11:16:03.832+0000][4616][gc,heap     ] GC(565) Archive regions: 0->0
[2024-02-23T11:16:03.832+0000][4616][gc,heap     ] GC(565) Humongous regions: 2->2
[2024-02-23T11:16:03.832+0000][4616][gc,metaspace] GC(565) Metaspace: 132116K(137152K)->132116K(137152K) NonClass: 115128K(117888K)->115128K(117888K) Class: 16987K(19264K)->16987K(19264K)
[2024-02-23T11:16:03.832+0000][4616][gc          ] GC(565) Pause Young (Normal) (G1 Evacuation Pause) 2826M->837M(4040M) 37.045ms
[2024-02-23T11:16:03.832+0000][4616][gc,cpu      ] GC(565) User=0.25s Sys=0.00s Real=0.04s
[2024-02-23T11:16:03.832+0000][4616][safepoint   ] Safepoint "G1CollectForAllocation", Time since last: 561884400 ns, Reaching safepoint: 162000 ns, At safepoint: 37376700 ns, Total: 37538700 ns
[2024-02-23T11:16:21.319+0000][4616][gc,start    ] GC(566) Pause Young (Normal) (G1 Evacuation Pause)
[2024-02-23T11:16:21.319+0000][4616][gc,task     ] GC(566) Using 8 workers of 8 for evacuation
[2024-02-23T11:16:21.319+0000][4616][gc,age      ] GC(566) Desired survivor size 146800640 bytes, new threshold 15 (max threshold 15)
[2024-02-23T11:16:21.355+0000][4616][gc,phases   ] GC(566)   Pre Evacuate Collection Set: 0.2ms
[2024-02-23T11:16:21.355+0000][4616][gc,phases   ] GC(566)   Merge Heap Roots: 0.2ms
[2024-02-23T11:16:21.355+0000][4616][gc,phases   ] GC(566)   Evacuate Collection Set: 30.7ms
[2024-02-23T11:16:21.355+0000][4616][gc,phases   ] GC(566)   Post Evacuate Collection Set: 1.4ms
[2024-02-23T11:16:21.355+0000][4616][gc,phases   ] GC(566)   Other: 0.2ms
[2024-02-23T11:16:21.355+0000][4616][gc,age      ] GC(566) Age table with threshold 15 (max threshold 15)
[2024-02-23T11:16:21.355+0000][4616][gc,age      ] GC(566) - age   1:   80262456 bytes,   80262456 total
[2024-02-23T11:16:21.355+0000][4616][gc,age      ] GC(566) - age   2:   60540344 bytes,  140802800 total
[2024-02-23T11:16:21.355+0000][4616][gc,age      ] GC(566) - age   3:    6135352 bytes,  146938152 total
[2024-02-23T11:16:21.355+0000][4616][gc,age      ] GC(566) - age   4:   10862448 bytes,  157800600 total
[2024-02-23T11:16:21.355+0000][4616][gc,heap     ] GC(566) Eden regions: 526->0(566)
[2024-02-23T11:16:21.355+0000][4616][gc,heap     ] GC(566) Survivor regions: 30->40(70)
[2024-02-23T11:16:21.355+0000][4616][gc,heap     ] GC(566) Old regions: 178->178
[2024-02-23T11:16:21.355+0000][4616][gc,heap     ] GC(566) Archive regions: 0->0
[2024-02-23T11:16:21.355+0000][4616][gc,heap     ] GC(566) Humongous regions: 2->2
[2024-02-23T11:16:21.355+0000][4616][gc,metaspace] GC(566) Metaspace: 132116K(137152K)->132116K(137152K) NonClass: 115128K(117888K)->115128K(117888K) Class: 16987K(19264K)->16987K(19264K)
[2024-02-23T11:16:21.355+0000][4616][gc          ] GC(566) Pause Young (Normal) (G1 Evacuation Pause) 2941M->875M(4040M) 33.355ms
[2024-02-23T11:16:21.355+0000][4616][gc,cpu      ] GC(566) User=0.25s Sys=0.03s Real=0.04s
[2024-02-23T11:16:21.355+0000][4616][safepoint   ] Safepoint "G1CollectForAllocation", Time since last: 17489022000 ns, Reaching safepoint: 132900 ns, At safepoint: 33557100 ns, Total: 33690000 ns
[2024-02-23T11:16:40.887+0000][4616][gc,start    ] GC(567) Pause Young (Normal) (G1 Evacuation Pause)
[2024-02-23T11:16:40.887+0000][4616][gc,task     ] GC(567) Using 8 workers of 8 for evacuation
[2024-02-23T11:16:40.888+0000][4616][gc,age      ] GC(567) Desired survivor size 159383552 bytes, new threshold 15 (max threshold 15)
[2024-02-23T11:16:41.002+0000][4616][gc,phases   ] GC(567)   Pre Evacuate Collection Set: 0.4ms
[2024-02-23T11:16:41.002+0000][4616][gc,phases   ] GC(567)   Merge Heap Roots: 0.5ms
[2024-02-23T11:16:41.002+0000][4616][gc,phases   ] GC(567)   Evacuate Collection Set: 112.1ms
[2024-02-23T11:16:41.002+0000][4616][gc,phases   ] GC(567)   Post Evacuate Collection Set: 1.4ms
[2024-02-23T11:16:41.002+0000][4616][gc,phases   ] GC(567)   Other: 0.4ms
[2024-02-23T11:16:41.002+0000][4616][gc,age      ] GC(567) Age table with threshold 15 (max threshold 15)
[2024-02-23T11:16:41.002+0000][4616][gc,age      ] GC(567) - age   1:  107213656 bytes,  107213656 total
[2024-02-23T11:16:41.002+0000][4616][gc,age      ] GC(567) - age   2:   68514648 bytes,  175728304 total
[2024-02-23T11:16:41.002+0000][4616][gc,age      ] GC(567) - age   3:   14274024 bytes,  190002328 total
[2024-02-23T11:16:41.002+0000][4616][gc,age      ] GC(567) - age   4:    5755536 bytes,  195757864 total
[2024-02-23T11:16:41.002+0000][4616][gc,age      ] GC(567) - age   5:   10862016 bytes,  206619880 total
[2024-02-23T11:16:41.002+0000][4616][gc,heap     ] GC(567) Eden regions: 566->0(497)
[2024-02-23T11:16:41.002+0000][4616][gc,heap     ] GC(567) Survivor regions: 40->51(76)
[2024-02-23T11:16:41.002+0000][4616][gc,heap     ] GC(567) Old regions: 178->178
[2024-02-23T11:16:41.002+0000][4616][gc,heap     ] GC(567) Archive regions: 0->0
[2024-02-23T11:16:41.002+0000][4616][gc,heap     ] GC(567) Humongous regions: 2->2
[2024-02-23T11:16:41.002+0000][4616][gc,metaspace] GC(567) Metaspace: 132116K(137152K)->132116K(137152K) NonClass: 115128K(117888K)->115128K(117888K) Class: 16987K(19264K)->16987K(19264K)
[2024-02-23T11:16:41.002+0000][4616][gc          ] GC(567) Pause Young (Normal) (G1 Evacuation Pause) 3139M->922M(4040M) 115.536ms
[2024-02-23T11:16:41.002+0000][4616][gc,cpu      ] GC(567) User=0.39s Sys=0.14s Real=0.12s
[2024-02-23T11:16:41.003+0000][4616][safepoint   ] Safepoint "G1CollectForAllocation", Time since last: 19531197600 ns, Reaching safepoint: 211700 ns, At safepoint: 115831900 ns, Total: 116043600 ns
[2024-02-23T11:17:10.239+0000][4616][gc,start    ] GC(568) Pause Young (Concurrent Start) (G1 Evacuation Pause)
[2024-02-23T11:17:10.239+0000][4616][gc,task     ] GC(568) Using 8 workers of 8 for evacuation
[2024-02-23T11:17:10.239+0000][4616][gc,age      ] GC(568) Desired survivor size 144703488 bytes, new threshold 2 (max threshold 15)
[2024-02-23T11:17:10.951+0000][4616][gc,mmu      ] GC(568) MMU target violated: 201.0ms (200.0ms/201.0ms)
[2024-02-23T11:17:10.951+0000][4616][gc,phases   ] GC(568)   Pre Evacuate Collection Set: 0.7ms
[2024-02-23T11:17:10.951+0000][4616][gc,phases   ] GC(568)   Merge Heap Roots: 0.4ms
[2024-02-23T11:17:10.951+0000][4616][gc,phases   ] GC(568)   Evacuate Collection Set: 712.3ms
[2024-02-23T11:17:10.951+0000][4616][gc,phases   ] GC(568)   Post Evacuate Collection Set: 1.8ms
[2024-02-23T11:17:10.951+0000][4616][gc,phases   ] GC(568)   Other: 0.3ms
[2024-02-23T11:17:10.951+0000][4616][gc,age      ] GC(568) Age table with threshold 2 (max threshold 15)
[2024-02-23T11:17:10.951+0000][4616][gc,age      ] GC(568) - age   1:   72574192 bytes,   72574192 total
[2024-02-23T11:17:10.951+0000][4616][gc,age      ] GC(568) - age   2:   87262136 bytes,  159836328 total
[2024-02-23T11:17:10.951+0000][4616][gc,heap     ] GC(568) Eden regions: 497->0(9)
[2024-02-23T11:17:10.951+0000][4616][gc,heap     ] GC(568) Survivor regions: 51->41(69)
[2024-02-23T11:17:10.951+0000][4616][gc,heap     ] GC(568) Old regions: 178->194
[2024-02-23T11:17:10.951+0000][4616][gc,heap     ] GC(568) Archive regions: 0->0
[2024-02-23T11:17:10.951+0000][4616][gc,heap     ] GC(568) Humongous regions: 2->2
[2024-02-23T11:17:10.951+0000][4616][gc,metaspace] GC(568) Metaspace: 132117K(137152K)->132117K(137152K) NonClass: 115130K(117888K)->115130K(117888K) Class: 16987K(19264K)->16987K(19264K)
[2024-02-23T11:17:10.951+0000][4616][gc          ] GC(568) Pause Young (Concurrent Start) (G1 Evacuation Pause) 2910M->946M(4040M) 715.830ms
[2024-02-23T11:17:10.951+0000][4616][gc          ] GC(569) Concurrent Mark Cycle
[2024-02-23T11:17:10.951+0000][4616][gc,cpu      ] GC(568) User=0.14s Sys=0.94s Real=0.71s
[2024-02-23T11:17:10.951+0000][4616][gc,marking  ] GC(569) Concurrent Clear Claimed Marks
[2024-02-23T11:17:10.951+0000][4616][safepoint   ] Safepoint "G1CollectForAllocation", Time since last: 29245875700 ns, Reaching safepoint: 182800 ns, At safepoint: 716119100 ns, Total: 716301900 ns
[2024-02-23T11:17:10.951+0000][4616][gc,marking  ] GC(569) Concurrent Clear Claimed Marks 0.240ms
[2024-02-23T11:17:10.951+0000][4616][gc,marking  ] GC(569) Concurrent Scan Root Regions
[2024-02-23T11:17:10.976+0000][4616][gc,marking  ] GC(569) Concurrent Scan Root Regions 11.851ms
[2024-02-23T11:17:10.976+0000][4616][gc,marking  ] GC(569) Concurrent Mark
[2024-02-23T11:17:10.976+0000][4616][gc,marking  ] GC(569) Concurrent Mark From Roots
[2024-02-23T11:17:10.976+0000][4616][gc,task     ] GC(569) Using 2 workers of 2 for marking
[2024-02-23T11:17:11.035+0000][4616][gc,start    ] GC(570) Pause Young (Normal) (G1 Evacuation Pause)
[2024-02-23T11:17:11.035+0000][4616][gc,task     ] GC(570) Using 8 workers of 8 for evacuation
[2024-02-23T11:17:11.035+0000][4616][gc,age      ] GC(570) Desired survivor size 14680064 bytes, new threshold 1 (max threshold 15)
[2024-02-23T11:17:11.375+0000][4616][gc,mmu      ] GC(570) MMU target violated: 201.0ms (200.0ms/201.0ms)
[2024-02-23T11:17:11.375+0000][4616][gc,phases   ] GC(570)   Pre Evacuate Collection Set: 0.1ms
[2024-02-23T11:17:11.375+0000][4616][gc,phases   ] GC(570)   Merge Heap Roots: 0.1ms
[2024-02-23T11:17:11.375+0000][4616][gc,phases   ] GC(570)   Evacuate Collection Set: 333.7ms
[2024-02-23T11:17:11.375+0000][4616][gc,phases   ] GC(570)   Post Evacuate Collection Set: 0.8ms
[2024-02-23T11:17:11.375+0000][4616][gc,phases   ] GC(570)   Other: 0.2ms
[2024-02-23T11:17:11.375+0000][4616][gc,age      ] GC(570) Age table with threshold 1 (max threshold 15)
[2024-02-23T11:17:11.375+0000][4616][gc,age      ] GC(570) - age   1:    7826480 bytes,    7826480 total
[2024-02-23T11:17:11.375+0000][4616][gc,heap     ] GC(570) Eden regions: 9->0(229)
[2024-02-23T11:17:11.375+0000][4616][gc,heap     ] GC(570) Survivor regions: 41->4(7)
[2024-02-23T11:17:11.375+0000][4616][gc,heap     ] GC(570) Old regions: 194->232
[2024-02-23T11:17:11.375+0000][4616][gc,heap     ] GC(570) Archive regions: 0->0
[2024-02-23T11:17:11.375+0000][4616][gc,heap     ] GC(570) Humongous regions: 2->2
[2024-02-23T11:17:11.375+0000][4616][gc,metaspace] GC(570) Metaspace: 132117K(137152K)->132117K(137152K) NonClass: 115130K(117888K)->115130K(117888K) Class: 16987K(19264K)->16987K(19264K)
[2024-02-23T11:17:11.375+0000][4616][gc          ] GC(570) Pause Young (Normal) (G1 Evacuation Pause) 982M->950M(4040M) 335.150ms
[2024-02-23T11:17:11.375+0000][4616][gc,cpu      ] GC(570) User=0.14s Sys=0.48s Real=0.34s
[2024-02-23T11:17:11.376+0000][4616][safepoint   ] Safepoint "G1CollectForAllocation", Time since last: 75379200 ns, Reaching safepoint: 163500 ns, At safepoint: 335529500 ns, Total: 335693000 ns
[2024-02-23T11:17:11.472+0000][4616][gc,marking  ] GC(569) Concurrent Mark From Roots 494.477ms
[2024-02-23T11:17:11.472+0000][4616][gc,marking  ] GC(569) Concurrent Preclean
[2024-02-23T11:17:11.472+0000][4616][gc,marking  ] GC(569) Concurrent Preclean 0.847ms
[2024-02-23T11:17:11.473+0000][4616][gc,start    ] GC(569) Pause Remark
[2024-02-23T11:17:11.488+0000][4616][gc          ] GC(569) Pause Remark 965M->965M(4040M) 15.988ms
[2024-02-23T11:17:11.488+0000][4616][gc,cpu      ] GC(569) User=0.12s Sys=0.00s Real=0.01s
[2024-02-23T11:17:11.488+0000][4616][safepoint   ] Safepoint "G1Concurrent", Time since last: 96439500 ns, Reaching safepoint: 77100 ns, At safepoint: 16163500 ns, Total: 16240600 ns
[2024-02-23T11:17:11.489+0000][4616][gc,marking  ] GC(569) Concurrent Mark 511.864ms
[2024-02-23T11:17:11.489+0000][4616][gc,marking  ] GC(569) Concurrent Rebuild Remembered Sets
[2024-02-23T11:17:11.721+0000][4616][gc,marking  ] GC(569) Concurrent Rebuild Remembered Sets 235.565ms
[2024-02-23T11:17:11.721+0000][4616][gc,start    ] GC(569) Pause Cleanup
[2024-02-23T11:17:11.721+0000][4616][gc          ] GC(569) Pause Cleanup 1009M->1009M(4040M) 1.156ms
[2024-02-23T11:17:11.721+0000][4616][gc,cpu      ] GC(569) User=0.00s Sys=0.00s Real=0.00s
[2024-02-23T11:17:11.721+0000][4616][safepoint   ] Safepoint "G1Concurrent", Time since last: 235833700 ns, Reaching safepoint: 133100 ns, At safepoint: 1396000 ns, Total: 1529100 ns
[2024-02-23T11:17:11.721+0000][4616][gc,marking  ] GC(569) Concurrent Cleanup for Next Mark
[2024-02-23T11:17:11.745+0000][4616][gc,marking  ] GC(569) Concurrent Cleanup for Next Mark 28.020ms
[2024-02-23T11:17:11.745+0000][4616][gc          ] GC(569) Concurrent Mark Cycle 789.481ms
[2024-02-23T11:17:26.516+0000][4616][gc,start    ] GC(571) Pause Young (Prepare Mixed) (G1 Evacuation Pause)
[2024-02-23T11:17:26.517+0000][4616][gc,task     ] GC(571) Using 8 workers of 8 for evacuation
[2024-02-23T11:17:26.517+0000][4616][gc,age      ] GC(571) Desired survivor size 109051904 bytes, new threshold 15 (max threshold 15)
[2024-02-23T11:17:26.546+0000][4616][gc,phases   ] GC(571)   Pre Evacuate Collection Set: 0.4ms
[2024-02-23T11:17:26.546+0000][4616][gc,phases   ] GC(571)   Merge Heap Roots: 0.5ms
[2024-02-23T11:17:26.546+0000][4616][gc,phases   ] GC(571)   Evacuate Collection Set: 23.1ms
[2024-02-23T11:17:26.546+0000][4616][gc,phases   ] GC(571)   Post Evacuate Collection Set: 2.1ms
[2024-02-23T11:17:26.546+0000][4616][gc,phases   ] GC(571)   Other: 3.5ms
[2024-02-23T11:17:26.546+0000][4616][gc,age      ] GC(571) Age table with threshold 15 (max threshold 15)
[2024-02-23T11:17:26.547+0000][4616][gc,age      ] GC(571) - age   1:   70956280 bytes,   70956280 total
[2024-02-23T11:17:26.547+0000][4616][gc,age      ] GC(571) - age   2:    7343288 bytes,   78299568 total
[2024-02-23T11:17:26.547+0000][4616][gc,heap     ] GC(571) Eden regions: 407->0(30)
[2024-02-23T11:17:26.547+0000][4616][gc,heap     ] GC(571) Survivor regions: 4->20(52)
[2024-02-23T11:17:26.547+0000][4616][gc,heap     ] GC(571) Old regions: 232->232
[2024-02-23T11:17:26.547+0000][4616][gc,heap     ] GC(571) Archive regions: 0->0
[2024-02-23T11:17:26.547+0000][4616][gc,heap     ] GC(571) Humongous regions: 2->2
[2024-02-23T11:17:26.547+0000][4616][gc,metaspace] GC(571) Metaspace: 132117K(137152K)->132117K(137152K) NonClass: 115130K(117888K)->115130K(117888K) Class: 16987K(19264K)->16987K(19264K)
[2024-02-23T11:17:26.547+0000][4616][gc          ] GC(571) Pause Young (Prepare Mixed) (G1 Evacuation Pause) 2578M->1013M(4040M) 31.026ms
[2024-02-23T11:17:26.547+0000][4616][gc,cpu      ] GC(571) User=0.25s Sys=0.00s Real=0.03s
[2024-02-23T11:17:26.547+0000][4616][safepoint   ] Safepoint "G1CollectForAllocation", Time since last: 14790139300 ns, Reaching safepoint: 140100 ns, At safepoint: 31396500 ns, Total: 31536600 ns
[2024-02-23T11:17:27.296+0000][4616][gc,start    ] GC(572) Pause Young (Mixed) (G1 Evacuation Pause)
[2024-02-23T11:17:27.296+0000][4616][gc,task     ] GC(572) Using 8 workers of 8 for evacuation
[2024-02-23T11:17:27.296+0000][4616][gc,age      ] GC(572) Desired survivor size 14680064 bytes, new threshold 1 (max threshold 15)
[2024-02-23T11:17:27.542+0000][4616][gc,mmu      ] GC(572) MMU target violated: 201.0ms (200.0ms/201.0ms)
[2024-02-23T11:17:27.542+0000][4616][gc,phases   ] GC(572)   Pre Evacuate Collection Set: 0.2ms
[2024-02-23T11:17:27.542+0000][4616][gc,phases   ] GC(572)   Merge Heap Roots: 0.3ms
[2024-02-23T11:17:27.542+0000][4616][gc,phases   ] GC(572)   Evacuate Collection Set: 238.0ms
[2024-02-23T11:17:27.542+0000][4616][gc,phases   ] GC(572)   Post Evacuate Collection Set: 1.0ms
[2024-02-23T11:17:27.542+0000][4616][gc,phases   ] GC(572)   Other: 1.0ms
[2024-02-23T11:17:27.542+0000][4616][gc,age      ] GC(572) Age table with threshold 1 (max threshold 15)
[2024-02-23T11:17:27.542+0000][4616][gc,age      ] GC(572) - age   1:    3140424 bytes,    3140424 total
[2024-02-23T11:17:27.542+0000][4616][gc,heap     ] GC(572) Eden regions: 30->0(402)
[2024-02-23T11:17:27.542+0000][4616][gc,heap     ] GC(572) Survivor regions: 20->2(7)
[2024-02-23T11:17:27.542+0000][4616][gc,heap     ] GC(572) Old regions: 232->208
[2024-02-23T11:17:27.542+0000][4616][gc,heap     ] GC(572) Archive regions: 0->0
[2024-02-23T11:17:27.542+0000][4616][gc,heap     ] GC(572) Humongous regions: 2->2
[2024-02-23T11:17:27.542+0000][4616][gc,metaspace] GC(572) Metaspace: 132117K(137152K)->132117K(137152K) NonClass: 115130K(117888K)->115130K(117888K) Class: 16987K(19264K)->16987K(19264K)
[2024-02-23T11:17:27.542+0000][4616][gc          ] GC(572) Pause Young (Mixed) (G1 Evacuation Pause) 1133M->845M(4040M) 240.761ms
[2024-02-23T11:17:27.542+0000][4616][gc,cpu      ] GC(572) User=0.19s Sys=0.47s Real=0.25s
[2024-02-23T11:17:27.543+0000][4616][safepoint   ] Safepoint "G1CollectForAllocation", Time since last: 753753100 ns, Reaching safepoint: 125600 ns, At safepoint: 240999800 ns, Total: 241125400 ns
[2024-02-23T11:17:47.002+0000][4616][gc,start    ] GC(573) Pause Young (Concurrent Start) (G1 Evacuation Pause)
[2024-02-23T11:17:47.002+0000][4616][gc,task     ] GC(573) Using 8 workers of 8 for evacuation
[2024-02-23T11:17:47.002+0000][4616][gc,age      ] GC(573) Desired survivor size 106954752 bytes, new threshold 15 (max threshold 15)
[2024-02-23T11:17:47.027+0000][4616][gc,phases   ] GC(573)   Pre Evacuate Collection Set: 0.6ms
[2024-02-23T11:17:47.027+0000][4616][gc,phases   ] GC(573)   Merge Heap Roots: 0.2ms
[2024-02-23T11:17:47.027+0000][4616][gc,phases   ] GC(573)   Evacuate Collection Set: 15.5ms
[2024-02-23T11:17:47.027+0000][4616][gc,phases   ] GC(573)   Post Evacuate Collection Set: 1.2ms
[2024-02-23T11:17:47.027+0000][4616][gc,phases   ] GC(573)   Other: 1.0ms
[2024-02-23T11:17:47.027+0000][4616][gc,age      ] GC(573) Age table with threshold 15 (max threshold 15)
[2024-02-23T11:17:47.027+0000][4616][gc,age      ] GC(573) - age   1:   63551120 bytes,   63551120 total
[2024-02-23T11:17:47.027+0000][4616][gc,age      ] GC(573) - age   2:    2525488 bytes,   66076608 total
[2024-02-23T11:17:47.027+0000][4616][gc,heap     ] GC(573) Eden regions: 402->0(68)
[2024-02-23T11:17:47.027+0000][4616][gc,heap     ] GC(573) Survivor regions: 2->17(51)
[2024-02-23T11:17:47.027+0000][4616][gc,heap     ] GC(573) Old regions: 208->208
[2024-02-23T11:17:47.027+0000][4616][gc,heap     ] GC(573) Archive regions: 0->0
[2024-02-23T11:17:47.027+0000][4616][gc,heap     ] GC(573) Humongous regions: 2->2
[2024-02-23T11:17:47.027+0000][4616][gc,metaspace] GC(573) Metaspace: 132117K(137152K)->132117K(137152K) NonClass: 115130K(117888K)->115130K(117888K) Class: 16987K(19264K)->16987K(19264K)
[2024-02-23T11:17:47.027+0000][4616][gc          ] GC(573) Pause Young (Concurrent Start) (G1 Evacuation Pause) 2453M->904M(4040M) 19.013ms
[2024-02-23T11:17:47.027+0000][4616][gc          ] GC(574) Concurrent Mark Cycle
[2024-02-23T11:17:47.027+0000][4616][gc,cpu      ] GC(573) User=0.11s Sys=0.06s Real=0.02s
[2024-02-23T11:17:47.027+0000][4616][gc,marking  ] GC(574) Concurrent Clear Claimed Marks
[2024-02-23T11:17:47.027+0000][4616][safepoint   ] Safepoint "G1CollectForAllocation", Time since last: 19466410200 ns, Reaching safepoint: 138600 ns, At safepoint: 19316800 ns, Total: 19455400 ns
[2024-02-23T11:17:47.027+0000][4616][gc,marking  ] GC(574) Concurrent Clear Claimed Marks 0.243ms
[2024-02-23T11:17:47.027+0000][4616][gc,marking  ] GC(574) Concurrent Scan Root Regions
[2024-02-23T11:17:47.037+0000][4616][gc,marking  ] GC(574) Concurrent Scan Root Regions 12.588ms
[2024-02-23T11:17:47.037+0000][4616][gc,marking  ] GC(574) Concurrent Mark
[2024-02-23T11:17:47.037+0000][4616][gc,marking  ] GC(574) Concurrent Mark From Roots
[2024-02-23T11:17:47.037+0000][4616][gc,task     ] GC(574) Using 2 workers of 2 for marking
[2024-02-23T11:17:47.353+0000][4616][gc,marking  ] GC(574) Concurrent Mark From Roots 311.206ms
[2024-02-23T11:17:47.353+0000][4616][gc,marking  ] GC(574) Concurrent Preclean
[2024-02-23T11:17:47.353+0000][4616][gc,marking  ] GC(574) Concurrent Preclean 0.912ms
[2024-02-23T11:17:47.353+0000][4616][gc,start    ] GC(574) Pause Remark
[2024-02-23T11:17:47.369+0000][4616][gc          ] GC(574) Pause Remark 972M->972M(4040M) 19.386ms
[2024-02-23T11:17:47.369+0000][4616][gc,cpu      ] GC(574) User=0.09s Sys=0.02s Real=0.02s
[2024-02-23T11:17:47.369+0000][4616][safepoint   ] Safepoint "G1Concurrent", Time since last: 325127500 ns, Reaching safepoint: 118300 ns, At safepoint: 19668900 ns, Total: 19787200 ns
[2024-02-23T11:17:47.369+0000][4616][gc,marking  ] GC(574) Concurrent Mark 332.184ms
[2024-02-23T11:17:47.369+0000][4616][gc,marking  ] GC(574) Concurrent Rebuild Remembered Sets
[2024-02-23T11:17:47.595+0000][4616][gc,marking  ] GC(574) Concurrent Rebuild Remembered Sets 223.982ms
[2024-02-23T11:17:47.595+0000][4616][gc,start    ] GC(574) Pause Cleanup
[2024-02-23T11:17:47.599+0000][4616][gc          ] GC(574) Pause Cleanup 997M->997M(4040M) 0.938ms
[2024-02-23T11:17:47.599+0000][4616][gc,cpu      ] GC(574) User=0.00s Sys=0.00s Real=0.00s
[2024-02-23T11:17:47.599+0000][4616][safepoint   ] Safepoint "G1Concurrent", Time since last: 224244800 ns, Reaching safepoint: 109600 ns, At safepoint: 1100200 ns, Total: 1209800 ns
[2024-02-23T11:17:47.599+0000][4616][gc,marking  ] GC(574) Concurrent Cleanup for Next Mark
[2024-02-23T11:17:47.600+0000][4616][gc,marking  ] GC(574) Concurrent Cleanup for Next Mark 9.425ms
[2024-02-23T11:17:47.600+0000][4616][gc          ] GC(574) Concurrent Mark Cycle 580.147ms
[2024-02-23T11:18:13.058+0000][4616][gc,start    ] GC(575) Pause Young (Prepare Mixed) (G1 Evacuation Pause)
[2024-02-23T11:18:13.058+0000][4616][gc,task     ] GC(575) Using 8 workers of 8 for evacuation
[2024-02-23T11:18:13.058+0000][4616][gc,age      ] GC(575) Desired survivor size 92274688 bytes, new threshold 15 (max threshold 15)
[2024-02-23T11:18:13.091+0000][4616][gc,phases   ] GC(575)   Pre Evacuate Collection Set: 0.3ms
[2024-02-23T11:18:13.091+0000][4616][gc,phases   ] GC(575)   Merge Heap Roots: 0.5ms
[2024-02-23T11:18:13.091+0000][4616][gc,phases   ] GC(575)   Evacuate Collection Set: 28.9ms
[2024-02-23T11:18:13.091+0000][4616][gc,phases   ] GC(575)   Post Evacuate Collection Set: 2.1ms
[2024-02-23T11:18:13.091+0000][4616][gc,phases   ] GC(575)   Other: 1.2ms
[2024-02-23T11:18:13.091+0000][4616][gc,age      ] GC(575) Age table with threshold 15 (max threshold 15)
[2024-02-23T11:18:13.091+0000][4616][gc,age      ] GC(575) - age   1:   58269648 bytes,   58269648 total
[2024-02-23T11:18:13.091+0000][4616][gc,age      ] GC(575) - age   2:   58724384 bytes,  116994032 total
[2024-02-23T11:18:13.091+0000][4616][gc,age      ] GC(575) - age   3:    2518656 bytes,  119512688 total
[2024-02-23T11:18:13.091+0000][4616][gc,heap     ] GC(575) Eden regions: 334->0(20)
[2024-02-23T11:18:13.091+0000][4616][gc,heap     ] GC(575) Survivor regions: 17->30(44)
[2024-02-23T11:18:13.091+0000][4616][gc,heap     ] GC(575) Old regions: 208->208
[2024-02-23T11:18:13.091+0000][4616][gc,heap     ] GC(575) Archive regions: 0->0
[2024-02-23T11:18:13.091+0000][4616][gc,heap     ] GC(575) Humongous regions: 2->2
[2024-02-23T11:18:13.091+0000][4616][gc,metaspace] GC(575) Metaspace: 132117K(137152K)->132117K(137152K) NonClass: 115130K(117888K)->115130K(117888K) Class: 16987K(19264K)->16987K(19264K)
[2024-02-23T11:18:13.091+0000][4616][gc          ] GC(575) Pause Young (Prepare Mixed) (G1 Evacuation Pause) 2240M->957M(4040M) 33.794ms
[2024-02-23T11:18:13.091+0000][4616][gc,cpu      ] GC(575) User=0.25s Sys=0.00s Real=0.03s
[2024-02-23T11:18:13.092+0000][4616][safepoint   ] Safepoint "G1CollectForAllocation", Time since last: 25458480300 ns, Reaching safepoint: 221700 ns, At safepoint: 34134400 ns, Total: 34356100 ns
[2024-02-23T11:18:13.669+0000][4616][gc,start    ] GC(576) Pause Young (Mixed) (G1 Evacuation Pause)
[2024-02-23T11:18:13.669+0000][4616][gc,task     ] GC(576) Using 8 workers of 8 for evacuation
[2024-02-23T11:18:13.669+0000][4616][gc,age      ] GC(576) Desired survivor size 14680064 bytes, new threshold 1 (max threshold 15)
[2024-02-23T11:18:14.047+0000][4616][gc,mmu      ] GC(576) MMU target violated: 201.0ms (200.0ms/201.0ms)
[2024-02-23T11:18:14.047+0000][4616][gc,phases   ] GC(576)   Pre Evacuate Collection Set: 0.3ms
[2024-02-23T11:18:14.047+0000][4616][gc,phases   ] GC(576)   Merge Heap Roots: 2.2ms
[2024-02-23T11:18:14.047+0000][4616][gc,phases   ] GC(576)   Evacuate Collection Set: 370.7ms
[2024-02-23T11:18:14.047+0000][4616][gc,phases   ] GC(576)   Post Evacuate Collection Set: 4.3ms
[2024-02-23T11:18:14.047+0000][4616][gc,phases   ] GC(576)   Other: 0.3ms
[2024-02-23T11:18:14.047+0000][4616][gc,age      ] GC(576) Age table with threshold 1 (max threshold 15)
[2024-02-23T11:18:14.047+0000][4616][gc,age      ] GC(576) - age   1:   11306096 bytes,   11306096 total
[2024-02-23T11:18:14.047+0000][4616][gc,heap     ] GC(576) Eden regions: 20->0(404)
[2024-02-23T11:18:14.047+0000][4616][gc,heap     ] GC(576) Survivor regions: 30->4(7)
[2024-02-23T11:18:14.047+0000][4616][gc,heap     ] GC(576) Old regions: 208->206
[2024-02-23T11:18:14.047+0000][4616][gc,heap     ] GC(576) Archive regions: 0->0
[2024-02-23T11:18:14.047+0000][4616][gc,heap     ] GC(576) Humongous regions: 2->2
[2024-02-23T11:18:14.047+0000][4616][gc,metaspace] GC(576) Metaspace: 132117K(137152K)->132117K(137152K) NonClass: 115130K(117888K)->115130K(117888K) Class: 16987K(19264K)->16987K(19264K)
[2024-02-23T11:18:14.047+0000][4616][gc          ] GC(576) Pause Young (Mixed) (G1 Evacuation Pause) 1037M->844M(4040M) 378.249ms
[2024-02-23T11:18:14.047+0000][4616][gc,cpu      ] GC(576) User=0.16s Sys=1.17s Real=0.38s
[2024-02-23T11:18:14.047+0000][4616][safepoint   ] Safepoint "G1CollectForAllocation", Time since last: 580172500 ns, Reaching safepoint: 153200 ns, At safepoint: 378745200 ns, Total: 378898400 ns
[2024-02-23T11:18:35.816+0000][4616][gc,start    ] GC(577) Pause Young (Concurrent Start) (G1 Evacuation Pause)
[2024-02-23T11:18:35.816+0000][4616][gc,task     ] GC(577) Using 8 workers of 8 for evacuation
[2024-02-23T11:18:35.816+0000][4616][gc,age      ] GC(577) Desired survivor size 106954752 bytes, new threshold 15 (max threshold 15)
[2024-02-23T11:18:35.839+0000][4616][gc,phases   ] GC(577)   Pre Evacuate Collection Set: 1.0ms
[2024-02-23T11:18:35.839+0000][4616][gc,phases   ] GC(577)   Merge Heap Roots: 0.4ms
[2024-02-23T11:18:35.839+0000][4616][gc,phases   ] GC(577)   Evacuate Collection Set: 17.7ms
[2024-02-23T11:18:35.839+0000][4616][gc,phases   ] GC(577)   Post Evacuate Collection Set: 1.9ms
[2024-02-23T11:18:35.839+0000][4616][gc,phases   ] GC(577)   Other: 2.3ms
[2024-02-23T11:18:35.839+0000][4616][gc,age      ] GC(577) Age table with threshold 15 (max threshold 15)
[2024-02-23T11:18:35.839+0000][4616][gc,age      ] GC(577) - age   1:   44870528 bytes,   44870528 total
[2024-02-23T11:18:35.839+0000][4616][gc,age      ] GC(577) - age   2:   10574272 bytes,   55444800 total
[2024-02-23T11:18:35.839+0000][4616][gc,heap     ] GC(577) Eden regions: 404->0(36)
[2024-02-23T11:18:35.839+0000][4616][gc,heap     ] GC(577) Survivor regions: 4->14(51)
[2024-02-23T11:18:35.839+0000][4616][gc,heap     ] GC(577) Old regions: 206->206
[2024-02-23T11:18:35.839+0000][4616][gc,heap     ] GC(577) Archive regions: 0->0
[2024-02-23T11:18:35.839+0000][4616][gc,heap     ] GC(577) Humongous regions: 2->2
[2024-02-23T11:18:35.839+0000][4616][gc,metaspace] GC(577) Metaspace: 132118K(137152K)->132118K(137152K) NonClass: 115131K(117888K)->115131K(117888K) Class: 16987K(19264K)->16987K(19264K)
[2024-02-23T11:18:35.839+0000][4616][gc          ] GC(577) Pause Young (Concurrent Start) (G1 Evacuation Pause) 2460M->884M(4040M) 24.212ms
[2024-02-23T11:18:35.839+0000][4616][gc          ] GC(578) Concurrent Mark Cycle
[2024-02-23T11:18:35.839+0000][4616][gc,cpu      ] GC(577) User=0.12s Sys=0.02s Real=0.02s
[2024-02-23T11:18:35.839+0000][4616][gc,marking  ] GC(578) Concurrent Clear Claimed Marks
[2024-02-23T11:18:35.839+0000][4616][gc,marking  ] GC(578) Concurrent Clear Claimed Marks 0.338ms
[2024-02-23T11:18:35.839+0000][4616][safepoint   ] Safepoint "G1CollectForAllocation", Time since last: 21764941000 ns, Reaching safepoint: 167600 ns, At safepoint: 24802400 ns, Total: 24970000 ns
[2024-02-23T11:18:35.839+0000][4616][gc,marking  ] GC(578) Concurrent Scan Root Regions
[2024-02-23T11:18:35.854+0000][4616][gc,marking  ] GC(578) Concurrent Scan Root Regions 17.017ms
[2024-02-23T11:18:35.854+0000][4616][gc,marking  ] GC(578) Concurrent Mark
[2024-02-23T11:18:35.854+0000][4616][gc,marking  ] GC(578) Concurrent Mark From Roots
[2024-02-23T11:18:35.854+0000][4616][gc,task     ] GC(578) Using 2 workers of 2 for marking
[2024-02-23T11:18:36.139+0000][4616][gc,marking  ] GC(578) Concurrent Mark From Roots 284.793ms
[2024-02-23T11:18:36.139+0000][4616][gc,marking  ] GC(578) Concurrent Preclean
[2024-02-23T11:18:36.144+0000][4616][gc,marking  ] GC(578) Concurrent Preclean 1.392ms
[2024-02-23T11:18:36.144+0000][4616][gc,start    ] GC(578) Pause Remark
[2024-02-23T11:18:36.156+0000][4616][gc          ] GC(578) Pause Remark 945M->945M(4040M) 11.550ms
[2024-02-23T11:18:36.156+0000][4616][gc,cpu      ] GC(578) User=0.11s Sys=0.00s Real=0.01s
[2024-02-23T11:18:36.156+0000][4616][safepoint   ] Safepoint "G1Concurrent", Time since last: 303657400 ns, Reaching safepoint: 76800 ns, At safepoint: 11747200 ns, Total: 11824000 ns
[2024-02-23T11:18:36.156+0000][4616][gc,marking  ] GC(578) Concurrent Mark 298.355ms
[2024-02-23T11:18:36.156+0000][4616][gc,marking  ] GC(578) Concurrent Rebuild Remembered Sets
[2024-02-23T11:18:36.368+0000][4616][gc,marking  ] GC(578) Concurrent Rebuild Remembered Sets 212.019ms
[2024-02-23T11:18:36.369+0000][4616][gc,start    ] GC(578) Pause Cleanup
[2024-02-23T11:18:36.369+0000][4616][gc          ] GC(578) Pause Cleanup 988M->988M(4040M) 0.412ms
[2024-02-23T11:18:36.369+0000][4616][gc,cpu      ] GC(578) User=0.00s Sys=0.00s Real=0.00s
[2024-02-23T11:18:36.369+0000][4616][safepoint   ] Safepoint "G1Concurrent", Time since last: 212205700 ns, Reaching safepoint: 45400 ns, At safepoint: 548100 ns, Total: 593500 ns
[2024-02-23T11:18:36.369+0000][4616][gc,marking  ] GC(578) Concurrent Cleanup for Next Mark
[2024-02-23T11:18:36.379+0000][4616][gc,marking  ] GC(578) Concurrent Cleanup for Next Mark 10.792ms
[2024-02-23T11:18:36.379+0000][4616][gc          ] GC(578) Concurrent Mark Cycle 539.616ms
[2024-02-23T11:18:47.375+0000][4616][gc,start    ] GC(579) Pause Young (Prepare Mixed) (G1 Evacuation Pause)
[2024-02-23T11:18:47.375+0000][4616][gc,task     ] GC(579) Using 8 workers of 8 for evacuation
[2024-02-23T11:18:47.375+0000][4616][gc,age      ] GC(579) Desired survivor size 106954752 bytes, new threshold 15 (max threshold 15)
[2024-02-23T11:18:47.403+0000][4616][gc,phases   ] GC(579)   Pre Evacuate Collection Set: 0.3ms
[2024-02-23T11:18:47.403+0000][4616][gc,phases   ] GC(579)   Merge Heap Roots: 0.4ms
[2024-02-23T11:18:47.403+0000][4616][gc,phases   ] GC(579)   Evacuate Collection Set: 26.2ms
[2024-02-23T11:18:47.403+0000][4616][gc,phases   ] GC(579)   Post Evacuate Collection Set: 1.7ms
[2024-02-23T11:18:47.403+0000][4616][gc,phases   ] GC(579)   Other: 0.3ms
[2024-02-23T11:18:47.403+0000][4616][gc,age      ] GC(579) Age table with threshold 15 (max threshold 15)
[2024-02-23T11:18:47.403+0000][4616][gc,age      ] GC(579) - age   1:   62452808 bytes,   62452808 total
[2024-02-23T11:18:47.403+0000][4616][gc,age      ] GC(579) - age   2:   40220704 bytes,  102673512 total
[2024-02-23T11:18:47.403+0000][4616][gc,age      ] GC(579) - age   3:   10545344 bytes,  113218856 total
[2024-02-23T11:18:47.403+0000][4616][gc,heap     ] GC(579) Eden regions: 393->0(22)
[2024-02-23T11:18:47.403+0000][4616][gc,heap     ] GC(579) Survivor regions: 14->28(51)
[2024-02-23T11:18:47.403+0000][4616][gc,heap     ] GC(579) Old regions: 206->206
[2024-02-23T11:18:47.403+0000][4616][gc,heap     ] GC(579) Archive regions: 0->0
[2024-02-23T11:18:47.403+0000][4616][gc,heap     ] GC(579) Humongous regions: 2->2
[2024-02-23T11:18:47.403+0000][4616][gc,metaspace] GC(579) Metaspace: 132118K(137152K)->132118K(137152K) NonClass: 115131K(117888K)->115131K(117888K) Class: 16987K(19264K)->16987K(19264K)
[2024-02-23T11:18:47.403+0000][4616][gc          ] GC(579) Pause Young (Prepare Mixed) (G1 Evacuation Pause) 2456M->940M(4040M) 29.981ms
[2024-02-23T11:18:47.403+0000][4616][gc,cpu      ] GC(579) User=0.17s Sys=0.03s Real=0.03s
[2024-02-23T11:18:47.403+0000][4616][safepoint   ] Safepoint "G1CollectForAllocation", Time since last: 11015104900 ns, Reaching safepoint: 229400 ns, At safepoint: 30312800 ns, Total: 30542200 ns
[2024-02-23T11:18:47.991+0000][4616][gc,start    ] GC(580) Pause Young (Mixed) (G1 Evacuation Pause)
[2024-02-23T11:18:47.991+0000][4616][gc,task     ] GC(580) Using 8 workers of 8 for evacuation
[2024-02-23T11:18:47.991+0000][4616][gc,age      ] GC(580) Desired survivor size 14680064 bytes, new threshold 1 (max threshold 15)
[2024-02-23T11:18:48.173+0000][4616][gc,phases   ] GC(580)   Pre Evacuate Collection Set: 0.3ms
[2024-02-23T11:18:48.173+0000][4616][gc,phases   ] GC(580)   Merge Heap Roots: 0.4ms
[2024-02-23T11:18:48.173+0000][4616][gc,phases   ] GC(580)   Evacuate Collection Set: 179.1ms
[2024-02-23T11:18:48.173+0000][4616][gc,phases   ] GC(580)   Post Evacuate Collection Set: 1.6ms
[2024-02-23T11:18:48.173+0000][4616][gc,phases   ] GC(580)   Other: 0.3ms
[2024-02-23T11:18:48.173+0000][4616][gc,age      ] GC(580) Age table with threshold 1 (max threshold 15)
[2024-02-23T11:18:48.174+0000][4616][gc,age      ] GC(580) - age   1:    2905600 bytes,    2905600 total
[2024-02-23T11:18:48.174+0000][4616][gc,heap     ] GC(580) Eden regions: 22->0(581)
[2024-02-23T11:18:48.174+0000][4616][gc,heap     ] GC(580) Survivor regions: 28->3(7)
[2024-02-23T11:18:48.174+0000][4616][gc,heap     ] GC(580) Old regions: 206->207
[2024-02-23T11:18:48.174+0000][4616][gc,heap     ] GC(580) Archive regions: 0->0
[2024-02-23T11:18:48.174+0000][4616][gc,heap     ] GC(580) Humongous regions: 2->2
[2024-02-23T11:18:48.174+0000][4616][gc,metaspace] GC(580) Metaspace: 132118K(137152K)->132118K(137152K) NonClass: 115131K(117888K)->115131K(117888K) Class: 16987K(19264K)->16987K(19264K)
[2024-02-23T11:18:48.174+0000][4616][gc          ] GC(580) Pause Young (Mixed) (G1 Evacuation Pause) 1028M->844M(4040M) 182.610ms
[2024-02-23T11:18:48.174+0000][4616][gc,cpu      ] GC(580) User=0.08s Sys=0.72s Real=0.18s
[2024-02-23T11:18:48.176+0000][4616][safepoint   ] Safepoint "G1CollectForAllocation", Time since last: 576309900 ns, Reaching safepoint: 116700 ns, At safepoint: 187362300 ns, Total: 187479000 ns
[2024-02-23T11:19:21.872+0000][4616][gc,start    ] GC(581) Pause Young (Concurrent Start) (G1 Evacuation Pause)
[2024-02-23T11:19:21.872+0000][4616][gc,task     ] GC(581) Using 8 workers of 8 for evacuation
[2024-02-23T11:19:21.872+0000][4616][gc,age      ] GC(581) Desired survivor size 153092096 bytes, new threshold 15 (max threshold 15)
[2024-02-23T11:19:21.896+0000][4616][gc,phases   ] GC(581)   Pre Evacuate Collection Set: 0.4ms
[2024-02-23T11:19:21.896+0000][4616][gc,phases   ] GC(581)   Merge Heap Roots: 0.3ms
[2024-02-23T11:19:21.896+0000][4616][gc,phases   ] GC(581)   Evacuate Collection Set: 19.7ms
[2024-02-23T11:19:21.896+0000][4616][gc,phases   ] GC(581)   Post Evacuate Collection Set: 1.3ms
[2024-02-23T11:19:21.896+0000][4616][gc,phases   ] GC(581)   Other: 0.3ms
[2024-02-23T11:19:21.896+0000][4616][gc,age      ] GC(581) Age table with threshold 15 (max threshold 15)
[2024-02-23T11:19:21.896+0000][4616][gc,age      ] GC(581) - age   1:   92797496 bytes,   92797496 total
[2024-02-23T11:19:21.896+0000][4616][gc,age      ] GC(581) - age   2:    1777568 bytes,   94575064 total
[2024-02-23T11:19:21.896+0000][4616][gc,heap     ] GC(581) Eden regions: 581->0(26)
[2024-02-23T11:19:21.896+0000][4616][gc,heap     ] GC(581) Survivor regions: 3->24(73)
[2024-02-23T11:19:21.896+0000][4616][gc,heap     ] GC(581) Old regions: 207->207
[2024-02-23T11:19:21.896+0000][4616][gc,heap     ] GC(581) Archive regions: 0->0
[2024-02-23T11:19:21.896+0000][4616][gc,heap     ] GC(581) Humongous regions: 2->2
[2024-02-23T11:19:21.896+0000][4616][gc,metaspace] GC(581) Metaspace: 132118K(137152K)->132118K(137152K) NonClass: 115131K(117888K)->115131K(117888K) Class: 16987K(19264K)->16987K(19264K)
[2024-02-23T11:19:21.896+0000][4616][gc          ] GC(581) Pause Young (Concurrent Start) (G1 Evacuation Pause) 3168M->927M(4040M) 22.658ms
[2024-02-23T11:19:21.896+0000][4616][gc          ] GC(582) Concurrent Mark Cycle
[2024-02-23T11:19:21.896+0000][4616][gc,cpu      ] GC(581) User=0.12s Sys=0.00s Real=0.02s
[2024-02-23T11:19:21.896+0000][4616][gc,marking  ] GC(582) Concurrent Clear Claimed Marks
[2024-02-23T11:19:21.896+0000][4616][safepoint   ] Safepoint "G1CollectForAllocation", Time since last: 33696140800 ns, Reaching safepoint: 116200 ns, At safepoint: 23042100 ns, Total: 23158300 ns
[2024-02-23T11:19:21.896+0000][4616][gc,marking  ] GC(582) Concurrent Clear Claimed Marks 0.457ms
[2024-02-23T11:19:21.896+0000][4616][gc,marking  ] GC(582) Concurrent Scan Root Regions
[2024-02-23T11:19:21.907+0000][4616][gc,marking  ] GC(582) Concurrent Scan Root Regions 9.126ms
[2024-02-23T11:19:21.907+0000][4616][gc,marking  ] GC(582) Concurrent Mark
[2024-02-23T11:19:21.907+0000][4616][gc,marking  ] GC(582) Concurrent Mark From Roots
[2024-02-23T11:19:21.907+0000][4616][gc,task     ] GC(582) Using 2 workers of 2 for marking
[2024-02-23T11:19:22.160+0000][4616][gc,marking  ] GC(582) Concurrent Mark From Roots 259.553ms
[2024-02-23T11:19:22.160+0000][4616][gc,marking  ] GC(582) Concurrent Preclean
[2024-02-23T11:19:22.168+0000][4616][gc,marking  ] GC(582) Concurrent Preclean 1.214ms
[2024-02-23T11:19:22.168+0000][4616][gc,start    ] GC(582) Pause Remark
[2024-02-23T11:19:22.178+0000][4616][gc          ] GC(582) Pause Remark 991M->991M(4040M) 17.115ms
[2024-02-23T11:19:22.178+0000][4616][gc,cpu      ] GC(582) User=0.00s Sys=0.00s Real=0.01s
[2024-02-23T11:19:22.178+0000][4616][safepoint   ] Safepoint "G1Concurrent", Time since last: 270507500 ns, Reaching safepoint: 96400 ns, At safepoint: 17347600 ns, Total: 17444000 ns
[2024-02-23T11:19:22.178+0000][4616][gc,marking  ] GC(582) Concurrent Mark 278.495ms
[2024-02-23T11:19:22.178+0000][4616][gc,marking  ] GC(582) Concurrent Rebuild Remembered Sets
[2024-02-23T11:19:22.365+0000][4616][gc,marking  ] GC(582) Concurrent Rebuild Remembered Sets 190.452ms
[2024-02-23T11:19:22.365+0000][4616][gc,start    ] GC(582) Pause Cleanup
[2024-02-23T11:19:22.365+0000][4616][gc          ] GC(582) Pause Cleanup 1015M->1015M(4040M) 0.542ms
[2024-02-23T11:19:22.365+0000][4616][gc,cpu      ] GC(582) User=0.00s Sys=0.00s Real=0.00s
[2024-02-23T11:19:22.365+0000][4616][safepoint   ] Safepoint "G1Concurrent", Time since last: 190648500 ns, Reaching safepoint: 101400 ns, At safepoint: 681700 ns, Total: 783100 ns
[2024-02-23T11:19:22.365+0000][4616][gc,marking  ] GC(582) Concurrent Cleanup for Next Mark
[2024-02-23T11:19:22.378+0000][4616][gc,marking  ] GC(582) Concurrent Cleanup for Next Mark 8.324ms
[2024-02-23T11:19:22.378+0000][4616][gc          ] GC(582) Concurrent Mark Cycle 488.114ms
[2024-02-23T11:19:43.511+0000][4616][safepoint   ] Safepoint "Cleanup", Time since last: 21133058400 ns, Reaching safepoint: 208800 ns, At safepoint: 24800 ns, Total: 233600 ns
[2024-02-23T11:19:45.024+0000][4616][gc,start    ] GC(583) Pause Young (Prepare Mixed) (G1 Evacuation Pause)
[2024-02-23T11:19:45.024+0000][4616][gc,task     ] GC(583) Using 8 workers of 8 for evacuation
[2024-02-23T11:19:45.024+0000][4616][gc,age      ] GC(583) Desired survivor size 134217728 bytes, new threshold 15 (max threshold 15)
[2024-02-23T11:19:45.063+0000][4616][gc,phases   ] GC(583)   Pre Evacuate Collection Set: 0.8ms
[2024-02-23T11:19:45.063+0000][4616][gc,phases   ] GC(583)   Merge Heap Roots: 0.5ms
[2024-02-23T11:19:45.063+0000][4616][gc,phases   ] GC(583)   Evacuate Collection Set: 31.4ms
[2024-02-23T11:19:45.063+0000][4616][gc,phases   ] GC(583)   Post Evacuate Collection Set: 2.4ms
[2024-02-23T11:19:45.063+0000][4616][gc,phases   ] GC(583)   Other: 1.0ms
[2024-02-23T11:19:45.063+0000][4616][gc,age      ] GC(583) Age table with threshold 15 (max threshold 15)
[2024-02-23T11:19:45.063+0000][4616][gc,age      ] GC(583) - age   1:   46730312 bytes,   46730312 total
[2024-02-23T11:19:45.063+0000][4616][gc,age      ] GC(583) - age   2:   84739120 bytes,  131469432 total
[2024-02-23T11:19:45.063+0000][4616][gc,age      ] GC(583) - age   3:    1727872 bytes,  133197304 total
[2024-02-23T11:19:45.063+0000][4616][gc,heap     ] GC(583) Eden regions: 486->0(16)
[2024-02-23T11:19:45.063+0000][4616][gc,heap     ] GC(583) Survivor regions: 24->34(64)
[2024-02-23T11:19:45.064+0000][4616][gc,heap     ] GC(583) Old regions: 207->207
[2024-02-23T11:19:45.064+0000][4616][gc,heap     ] GC(583) Archive regions: 0->0
[2024-02-23T11:19:45.064+0000][4616][gc,heap     ] GC(583) Humongous regions: 2->2
[2024-02-23T11:19:45.064+0000][4616][gc,metaspace] GC(583) Metaspace: 132119K(137152K)->132119K(137152K) NonClass: 115132K(117888K)->115132K(117888K) Class: 16987K(19264K)->16987K(19264K)
[2024-02-23T11:19:45.064+0000][4616][gc          ] GC(583) Pause Young (Prepare Mixed) (G1 Evacuation Pause) 2871M->968M(4040M) 37.422ms
[2024-02-23T11:19:45.064+0000][4616][gc,cpu      ] GC(583) User=0.25s Sys=0.00s Real=0.04s
[2024-02-23T11:19:45.064+0000][4616][safepoint   ] Safepoint "G1CollectForAllocation", Time since last: 1516236800 ns, Reaching safepoint: 127700 ns, At safepoint: 38050100 ns, Total: 38177800 ns
[2024-02-23T11:19:45.359+0000][4616][gc,start    ] GC(584) Pause Young (Mixed) (G1 Evacuation Pause)
[2024-02-23T11:19:45.359+0000][4616][gc,task     ] GC(584) Using 8 workers of 8 for evacuation
[2024-02-23T11:19:45.359+0000][4616][gc,age      ] GC(584) Desired survivor size 14680064 bytes, new threshold 1 (max threshold 15)
[2024-02-23T11:19:45.473+0000][4616][gc,phases   ] GC(584)   Pre Evacuate Collection Set: 0.2ms
[2024-02-23T11:19:45.473+0000][4616][gc,phases   ] GC(584)   Merge Heap Roots: 0.2ms
[2024-02-23T11:19:45.473+0000][4616][gc,phases   ] GC(584)   Evacuate Collection Set: 111.7ms
[2024-02-23T11:19:45.473+0000][4616][gc,phases   ] GC(584)   Post Evacuate Collection Set: 1.9ms
[2024-02-23T11:19:45.473+0000][4616][gc,phases   ] GC(584)   Other: 0.2ms
[2024-02-23T11:19:45.473+0000][4616][gc,age      ] GC(584) Age table with threshold 1 (max threshold 15)
[2024-02-23T11:19:45.473+0000][4616][gc,age      ] GC(584) - age   1:    2484216 bytes,    2484216 total
[2024-02-23T11:19:45.473+0000][4616][gc,heap     ] GC(584) Eden regions: 16->0(588)
[2024-02-23T11:19:45.473+0000][4616][gc,heap     ] GC(584) Survivor regions: 34->4(7)
[2024-02-23T11:19:45.473+0000][4616][gc,heap     ] GC(584) Old regions: 207->201
[2024-02-23T11:19:45.473+0000][4616][gc,heap     ] GC(584) Archive regions: 0->0
[2024-02-23T11:19:45.473+0000][4616][gc,heap     ] GC(584) Humongous regions: 2->2
[2024-02-23T11:19:45.473+0000][4616][gc,metaspace] GC(584) Metaspace: 132119K(137152K)->132119K(137152K) NonClass: 115132K(117888K)->115132K(117888K) Class: 16987K(19264K)->16987K(19264K)
[2024-02-23T11:19:45.473+0000][4616][gc          ] GC(584) Pause Young (Mixed) (G1 Evacuation Pause) 1032M->825M(4040M) 114.567ms
[2024-02-23T11:19:45.473+0000][4616][gc,cpu      ] GC(584) User=0.11s Sys=0.23s Real=0.11s
[2024-02-23T11:19:45.473+0000][4616][safepoint   ] Safepoint "G1CollectForAllocation", Time since last: 295718100 ns, Reaching safepoint: 156100 ns, At safepoint: 114936500 ns, Total: 115092600 ns
[2024-02-23T11:20:23.891+0000][4616][gc,start    ] GC(585) Pause Young (Concurrent Start) (G1 Evacuation Pause)
[2024-02-23T11:20:23.891+0000][4616][gc,task     ] GC(585) Using 8 workers of 8 for evacuation
[2024-02-23T11:20:23.891+0000][4616][gc,age      ] GC(585) Desired survivor size 155189248 bytes, new threshold 15 (max threshold 15)
[2024-02-23T11:20:23.918+0000][4616][gc,phases   ] GC(585)   Pre Evacuate Collection Set: 0.7ms
[2024-02-23T11:20:23.918+0000][4616][gc,phases   ] GC(585)   Merge Heap Roots: 0.5ms
[2024-02-23T11:20:23.918+0000][4616][gc,phases   ] GC(585)   Evacuate Collection Set: 21.0ms
[2024-02-23T11:20:23.918+0000][4616][gc,phases   ] GC(585)   Post Evacuate Collection Set: 2.0ms
[2024-02-23T11:20:23.918+0000][4616][gc,phases   ] GC(585)   Other: 2.4ms
[2024-02-23T11:20:23.918+0000][4616][gc,age      ] GC(585) Age table with threshold 15 (max threshold 15)
[2024-02-23T11:20:23.918+0000][4616][gc,age      ] GC(585) - age   1:   77434144 bytes,   77434144 total
[2024-02-23T11:20:23.918+0000][4616][gc,age      ] GC(585) - age   2:    1073480 bytes,   78507624 total
[2024-02-23T11:20:23.918+0000][4616][gc,heap     ] GC(585) Eden regions: 588->0(30)
[2024-02-23T11:20:23.918+0000][4616][gc,heap     ] GC(585) Survivor regions: 4->20(74)
[2024-02-23T11:20:23.918+0000][4616][gc,heap     ] GC(585) Old regions: 201->201
[2024-02-23T11:20:23.918+0000][4616][gc,heap     ] GC(585) Archive regions: 0->0
[2024-02-23T11:20:23.918+0000][4616][gc,heap     ] GC(585) Humongous regions: 2->2
[2024-02-23T11:20:23.919+0000][4616][gc,metaspace] GC(585) Metaspace: 132119K(137152K)->132119K(137152K) NonClass: 115132K(117888K)->115132K(117888K) Class: 16987K(19264K)->16987K(19264K)
[2024-02-23T11:20:23.919+0000][4616][gc          ] GC(585) Pause Young (Concurrent Start) (G1 Evacuation Pause) 3177M->889M(4040M) 27.501ms
[2024-02-23T11:20:23.919+0000][4616][gc          ] GC(586) Concurrent Mark Cycle
[2024-02-23T11:20:23.919+0000][4616][gc,cpu      ] GC(585) User=0.23s Sys=0.00s Real=0.03s
[2024-02-23T11:20:23.919+0000][4616][gc,marking  ] GC(586) Concurrent Clear Claimed Marks
[2024-02-23T11:20:23.919+0000][4616][safepoint   ] Safepoint "G1CollectForAllocation", Time since last: 38414975300 ns, Reaching safepoint: 108100 ns, At safepoint: 27999700 ns, Total: 28107800 ns
[2024-02-23T11:20:23.919+0000][4616][gc,marking  ] GC(586) Concurrent Clear Claimed Marks 0.394ms
[2024-02-23T11:20:23.919+0000][4616][gc,marking  ] GC(586) Concurrent Scan Root Regions
[2024-02-23T11:20:23.932+0000][4616][gc,marking  ] GC(586) Concurrent Scan Root Regions 13.292ms
[2024-02-23T11:20:23.932+0000][4616][gc,marking  ] GC(586) Concurrent Mark
[2024-02-23T11:20:23.932+0000][4616][gc,marking  ] GC(586) Concurrent Mark From Roots
[2024-02-23T11:20:23.932+0000][4616][gc,task     ] GC(586) Using 2 workers of 2 for marking
[2024-02-23T11:20:24.184+0000][4616][gc,marking  ] GC(586) Concurrent Mark From Roots 256.968ms
[2024-02-23T11:20:24.184+0000][4616][gc,marking  ] GC(586) Concurrent Preclean
[2024-02-23T11:20:24.184+0000][4616][gc,marking  ] GC(586) Concurrent Preclean 0.932ms
[2024-02-23T11:20:24.184+0000][4616][gc,start    ] GC(586) Pause Remark
[2024-02-23T11:20:24.207+0000][4616][gc          ] GC(586) Pause Remark 918M->918M(4040M) 17.343ms
[2024-02-23T11:20:24.207+0000][4616][gc,cpu      ] GC(586) User=0.02s Sys=0.00s Real=0.02s
[2024-02-23T11:20:24.209+0000][4616][safepoint   ] Safepoint "G1Concurrent", Time since last: 271751700 ns, Reaching safepoint: 85400 ns, At safepoint: 18408100 ns, Total: 18493500 ns
[2024-02-23T11:20:24.209+0000][4616][gc,marking  ] GC(586) Concurrent Mark 276.693ms
[2024-02-23T11:20:24.209+0000][4616][gc,marking  ] GC(586) Concurrent Rebuild Remembered Sets
[2024-02-23T11:20:24.414+0000][4616][gc,marking  ] GC(586) Concurrent Rebuild Remembered Sets 204.258ms
[2024-02-23T11:20:24.414+0000][4616][gc,start    ] GC(586) Pause Cleanup
[2024-02-23T11:20:24.414+0000][4616][gc          ] GC(586) Pause Cleanup 948M->948M(4040M) 0.679ms
[2024-02-23T11:20:24.414+0000][4616][gc,cpu      ] GC(586) User=0.00s Sys=0.00s Real=0.00s
[2024-02-23T11:20:24.415+0000][4616][safepoint   ] Safepoint "G1Concurrent", Time since last: 204555500 ns, Reaching safepoint: 65400 ns, At safepoint: 1955500 ns, Total: 2020900 ns
[2024-02-23T11:20:24.415+0000][4616][gc,marking  ] GC(586) Concurrent Cleanup for Next Mark
[2024-02-23T11:20:24.415+0000][4616][gc,marking  ] GC(586) Concurrent Cleanup for Next Mark 9.084ms
[2024-02-23T11:20:24.415+0000][4616][gc          ] GC(586) Concurrent Mark Cycle 506.504ms
[2024-02-23T11:21:19.831+0000][4616][gc,start    ] GC(587) Pause Young (Prepare Mixed) (G1 Evacuation Pause)
[2024-02-23T11:21:19.831+0000][4616][gc,task     ] GC(587) Using 8 workers of 8 for evacuation
[2024-02-23T11:21:19.831+0000][4616][gc,age      ] GC(587) Desired survivor size 155189248 bytes, new threshold 15 (max threshold 15)
[2024-02-23T11:21:19.878+0000][4616][gc,phases   ] GC(587)   Pre Evacuate Collection Set: 0.3ms
[2024-02-23T11:21:19.878+0000][4616][gc,phases   ] GC(587)   Merge Heap Roots: 0.5ms
[2024-02-23T11:21:19.878+0000][4616][gc,phases   ] GC(587)   Evacuate Collection Set: 39.7ms
[2024-02-23T11:21:19.878+0000][4616][gc,phases   ] GC(587)   Post Evacuate Collection Set: 2.1ms
[2024-02-23T11:21:19.878+0000][4616][gc,phases   ] GC(587)   Other: 2.6ms
[2024-02-23T11:21:19.878+0000][4616][gc,age      ] GC(587) Age table with threshold 15 (max threshold 15)
[2024-02-23T11:21:19.878+0000][4616][gc,age      ] GC(587) - age   1:   93531880 bytes,   93531880 total
[2024-02-23T11:21:19.878+0000][4616][gc,age      ] GC(587) - age   2:   64426544 bytes,  157958424 total
[2024-02-23T11:21:19.878+0000][4616][gc,age      ] GC(587) - age   3:    1036440 bytes,  158994864 total
[2024-02-23T11:21:19.878+0000][4616][gc,heap     ] GC(587) Eden regions: 572->0(10)
[2024-02-23T11:21:19.878+0000][4616][gc,heap     ] GC(587) Survivor regions: 20->40(74)
[2024-02-23T11:21:19.878+0000][4616][gc,heap     ] GC(587) Old regions: 201->201
[2024-02-23T11:21:19.878+0000][4616][gc,heap     ] GC(587) Archive regions: 0->0
[2024-02-23T11:21:19.878+0000][4616][gc,heap     ] GC(587) Humongous regions: 2->2
[2024-02-23T11:21:19.878+0000][4616][gc,metaspace] GC(587) Metaspace: 132120K(137152K)->132120K(137152K) NonClass: 115132K(117888K)->115132K(117888K) Class: 16987K(19264K)->16987K(19264K)
[2024-02-23T11:21:19.878+0000][4616][gc          ] GC(587) Pause Young (Prepare Mixed) (G1 Evacuation Pause) 3177M->969M(4040M) 46.033ms
[2024-02-23T11:21:19.878+0000][4616][gc,cpu      ] GC(587) User=0.34s Sys=0.02s Real=0.05s
[2024-02-23T11:21:19.878+0000][4616][safepoint   ] Safepoint "G1CollectForAllocation", Time since last: 55418534100 ns, Reaching safepoint: 179400 ns, At safepoint: 46332500 ns, Total: 46511900 ns
[2024-02-23T11:21:20.056+0000][4616][gc,start    ] GC(588) Pause Young (Mixed) (G1 Evacuation Pause)
[2024-02-23T11:21:20.056+0000][4616][gc,task     ] GC(588) Using 8 workers of 8 for evacuation
[2024-02-23T11:21:20.056+0000][4616][gc,age      ] GC(588) Desired survivor size 14680064 bytes, new threshold 1 (max threshold 15)
[2024-02-23T11:21:20.134+0000][4616][gc,phases   ] GC(588)   Pre Evacuate Collection Set: 0.2ms
[2024-02-23T11:21:20.134+0000][4616][gc,phases   ] GC(588)   Merge Heap Roots: 0.2ms
[2024-02-23T11:21:20.134+0000][4616][gc,phases   ] GC(588)   Evacuate Collection Set: 65.9ms
[2024-02-23T11:21:20.134+0000][4616][gc,phases   ] GC(588)   Post Evacuate Collection Set: 1.1ms
[2024-02-23T11:21:20.134+0000][4616][gc,phases   ] GC(588)   Other: 0.3ms
[2024-02-23T11:21:20.134+0000][4616][gc,age      ] GC(588) Age table with threshold 1 (max threshold 15)
[2024-02-23T11:21:20.134+0000][4616][gc,age      ] GC(588) - age   1:    1117160 bytes,    1117160 total
[2024-02-23T11:21:20.134+0000][4616][gc,heap     ] GC(588) Eden regions: 10->0(571)
[2024-02-23T11:21:20.134+0000][4616][gc,heap     ] GC(588) Survivor regions: 40->4(7)
[2024-02-23T11:21:20.134+0000][4616][gc,heap     ] GC(588) Old regions: 201->213
[2024-02-23T11:21:20.134+0000][4616][gc,heap     ] GC(588) Archive regions: 0->0
[2024-02-23T11:21:20.134+0000][4616][gc,heap     ] GC(588) Humongous regions: 2->2
[2024-02-23T11:21:20.134+0000][4616][gc,metaspace] GC(588) Metaspace: 132120K(137152K)->132120K(137152K) NonClass: 115132K(117888K)->115132K(117888K) Class: 16987K(19264K)->16987K(19264K)
[2024-02-23T11:21:20.134+0000][4616][gc          ] GC(588) Pause Young (Mixed) (G1 Evacuation Pause) 1009M->875M(4040M) 68.352ms
[2024-02-23T11:21:20.134+0000][4616][gc,cpu      ] GC(588) User=0.14s Sys=0.11s Real=0.08s
[2024-02-23T11:21:20.134+0000][4616][safepoint   ] Safepoint "G1CollectForAllocation", Time since last: 185284700 ns, Reaching safepoint: 142000 ns, At safepoint: 68842100 ns, Total: 68984100 ns
[2024-02-23T11:21:57.304+0000][4616][gc,start    ] GC(589) Pause Young (Concurrent Start) (G1 Evacuation Pause)
[2024-02-23T11:21:57.304+0000][4616][gc,task     ] GC(589) Using 8 workers of 8 for evacuation
[2024-02-23T11:21:57.304+0000][4616][gc,age      ] GC(589) Desired survivor size 150994944 bytes, new threshold 15 (max threshold 15)
[2024-02-23T11:21:57.340+0000][4616][gc,phases   ] GC(589)   Pre Evacuate Collection Set: 1.0ms
[2024-02-23T11:21:57.340+0000][4616][gc,phases   ] GC(589)   Merge Heap Roots: 0.5ms
[2024-02-23T11:21:57.340+0000][4616][gc,phases   ] GC(589)   Evacuate Collection Set: 25.7ms
[2024-02-23T11:21:57.340+0000][4616][gc,phases   ] GC(589)   Post Evacuate Collection Set: 2.4ms
[2024-02-23T11:21:57.340+0000][4616][gc,phases   ] GC(589)   Other: 0.6ms
[2024-02-23T11:21:57.340+0000][4616][gc,age      ] GC(589) Age table with threshold 15 (max threshold 15)
[2024-02-23T11:21:57.340+0000][4616][gc,age      ] GC(589) - age   1:   84781416 bytes,   84781416 total
[2024-02-23T11:21:57.340+0000][4616][gc,age      ] GC(589) - age   2:     696608 bytes,   85478024 total
[2024-02-23T11:21:57.340+0000][4616][gc,heap     ] GC(589) Eden regions: 571->0(28)
[2024-02-23T11:21:57.340+0000][4616][gc,heap     ] GC(589) Survivor regions: 4->22(72)
[2024-02-23T11:21:57.340+0000][4616][gc,heap     ] GC(589) Old regions: 213->213
[2024-02-23T11:21:57.340+0000][4616][gc,heap     ] GC(589) Archive regions: 0->0
[2024-02-23T11:21:57.340+0000][4616][gc,heap     ] GC(589) Humongous regions: 2->2
[2024-02-23T11:21:57.340+0000][4616][gc,metaspace] GC(589) Metaspace: 132120K(137152K)->132120K(137152K) NonClass: 115132K(117888K)->115132K(117888K) Class: 16987K(19264K)->16987K(19264K)
[2024-02-23T11:21:57.340+0000][4616][gc          ] GC(589) Pause Young (Concurrent Start) (G1 Evacuation Pause) 3159M->943M(4040M) 30.993ms
[2024-02-23T11:21:57.340+0000][4616][gc          ] GC(590) Concurrent Mark Cycle
[2024-02-23T11:21:57.340+0000][4616][gc,cpu      ] GC(589) User=0.19s Sys=0.05s Real=0.04s
[2024-02-23T11:21:57.340+0000][4616][gc,marking  ] GC(590) Concurrent Clear Claimed Marks
[2024-02-23T11:21:57.340+0000][4616][safepoint   ] Safepoint "G1CollectForAllocation", Time since last: 37175607900 ns, Reaching safepoint: 286300 ns, At safepoint: 31509700 ns, Total: 31796000 ns
[2024-02-23T11:21:57.340+0000][4616][gc,marking  ] GC(590) Concurrent Clear Claimed Marks 0.398ms
[2024-02-23T11:21:57.340+0000][4616][gc,marking  ] GC(590) Concurrent Scan Root Regions
[2024-02-23T11:21:57.345+0000][4616][gc,marking  ] GC(590) Concurrent Scan Root Regions 13.978ms
[2024-02-23T11:21:57.345+0000][4616][gc,marking  ] GC(590) Concurrent Mark
[2024-02-23T11:21:57.345+0000][4616][gc,marking  ] GC(590) Concurrent Mark From Roots
[2024-02-23T11:21:57.345+0000][4616][gc,task     ] GC(590) Using 2 workers of 2 for marking
[2024-02-23T11:21:57.626+0000][4616][gc,marking  ] GC(590) Concurrent Mark From Roots 278.791ms
[2024-02-23T11:21:57.626+0000][4616][gc,marking  ] GC(590) Concurrent Preclean
[2024-02-23T11:21:57.626+0000][4616][gc,marking  ] GC(590) Concurrent Preclean 1.335ms
[2024-02-23T11:21:57.626+0000][4616][gc,start    ] GC(590) Pause Remark
[2024-02-23T11:21:57.646+0000][4616][gc          ] GC(590) Pause Remark 984M->984M(4040M) 20.454ms
[2024-02-23T11:21:57.646+0000][4616][gc,cpu      ] GC(590) User=0.12s Sys=0.00s Real=0.02s
[2024-02-23T11:21:57.646+0000][4616][safepoint   ] Safepoint "G1Concurrent", Time since last: 294705600 ns, Reaching safepoint: 101700 ns, At safepoint: 20671600 ns, Total: 20773300 ns
[2024-02-23T11:21:57.646+0000][4616][gc,marking  ] GC(590) Concurrent Mark 301.229ms
[2024-02-23T11:21:57.646+0000][4616][gc,marking  ] GC(590) Concurrent Rebuild Remembered Sets
[2024-02-23T11:21:57.896+0000][4616][gc,marking  ] GC(590) Concurrent Rebuild Remembered Sets 237.987ms
[2024-02-23T11:21:57.896+0000][4616][gc,start    ] GC(590) Pause Cleanup
[2024-02-23T11:21:57.897+0000][4616][gc          ] GC(590) Pause Cleanup 1021M->1021M(4040M) 0.599ms
[2024-02-23T11:21:57.897+0000][4616][gc,cpu      ] GC(590) User=0.00s Sys=0.00s Real=0.00s
[2024-02-23T11:21:57.897+0000][4616][safepoint   ] Safepoint "G1Concurrent", Time since last: 238220700 ns, Reaching safepoint: 104800 ns, At safepoint: 749500 ns, Total: 854300 ns
[2024-02-23T11:21:57.897+0000][4616][gc,marking  ] GC(590) Concurrent Cleanup for Next Mark
[2024-02-23T11:21:57.905+0000][4616][gc,marking  ] GC(590) Concurrent Cleanup for Next Mark 9.754ms
[2024-02-23T11:21:57.905+0000][4616][gc          ] GC(590) Concurrent Mark Cycle 564.806ms
[2024-02-23T11:22:39.392+0000][4616][gc,start    ] GC(591) Pause Young (Prepare Mixed) (G1 Evacuation Pause)
[2024-02-23T11:22:39.392+0000][4616][gc,task     ] GC(591) Using 8 workers of 8 for evacuation
[2024-02-23T11:22:39.392+0000][4616][gc,age      ] GC(591) Desired survivor size 150994944 bytes, new threshold 15 (max threshold 15)
[2024-02-23T11:22:39.432+0000][4616][gc,phases   ] GC(591)   Pre Evacuate Collection Set: 0.4ms
[2024-02-23T11:22:39.432+0000][4616][gc,phases   ] GC(591)   Merge Heap Roots: 0.6ms
[2024-02-23T11:22:39.432+0000][4616][gc,phases   ] GC(591)   Evacuate Collection Set: 37.1ms
[2024-02-23T11:22:39.432+0000][4616][gc,phases   ] GC(591)   Post Evacuate Collection Set: 2.1ms
[2024-02-23T11:22:39.432+0000][4616][gc,phases   ] GC(591)   Other: 0.4ms
[2024-02-23T11:22:39.432+0000][4616][gc,age      ] GC(591) Age table with threshold 15 (max threshold 15)
[2024-02-23T11:22:39.432+0000][4616][gc,age      ] GC(591) - age   1:   82719840 bytes,   82719840 total
[2024-02-23T11:22:39.432+0000][4616][gc,age      ] GC(591) - age   2:   66139016 bytes,  148858856 total
[2024-02-23T11:22:39.432+0000][4616][gc,age      ] GC(591) - age   3:     602208 bytes,  149461064 total
[2024-02-23T11:22:39.432+0000][4616][gc,heap     ] GC(591) Eden regions: 553->0(12)
[2024-02-23T11:22:39.432+0000][4616][gc,heap     ] GC(591) Survivor regions: 22->38(72)
[2024-02-23T11:22:39.432+0000][4616][gc,heap     ] GC(591) Old regions: 213->213
[2024-02-23T11:22:39.432+0000][4616][gc,heap     ] GC(591) Archive regions: 0->0
[2024-02-23T11:22:39.432+0000][4616][gc,heap     ] GC(591) Humongous regions: 2->2
[2024-02-23T11:22:39.432+0000][4616][gc,metaspace] GC(591) Metaspace: 132120K(137152K)->132120K(137152K) NonClass: 115132K(117888K)->115132K(117888K) Class: 16987K(19264K)->16987K(19264K)
[2024-02-23T11:22:39.432+0000][4616][gc          ] GC(591) Pause Young (Prepare Mixed) (G1 Evacuation Pause) 3155M->1008M(4040M) 41.443ms
[2024-02-23T11:22:39.432+0000][4616][gc,cpu      ] GC(591) User=0.33s Sys=0.00s Real=0.04s
[2024-02-23T11:22:39.432+0000][4616][safepoint   ] Safepoint "G1CollectForAllocation", Time since last: 41494851000 ns, Reaching safepoint: 183000 ns, At safepoint: 41907000 ns, Total: 42090000 ns
[2024-02-23T11:22:39.714+0000][4616][gc,start    ] GC(592) Pause Young (Mixed) (G1 Evacuation Pause)
[2024-02-23T11:22:39.714+0000][4616][gc,task     ] GC(592) Using 8 workers of 8 for evacuation
[2024-02-23T11:22:39.714+0000][4616][gc,age      ] GC(592) Desired survivor size 14680064 bytes, new threshold 1 (max threshold 15)
[2024-02-23T11:22:39.897+0000][4616][gc,phases   ] GC(592)   Pre Evacuate Collection Set: 0.2ms
[2024-02-23T11:22:39.897+0000][4616][gc,phases   ] GC(592)   Merge Heap Roots: 0.3ms
[2024-02-23T11:22:39.897+0000][4616][gc,phases   ] GC(592)   Evacuate Collection Set: 181.8ms
[2024-02-23T11:22:39.897+0000][4616][gc,phases   ] GC(592)   Post Evacuate Collection Set: 2.9ms
[2024-02-23T11:22:39.897+0000][4616][gc,phases   ] GC(592)   Other: 0.4ms
[2024-02-23T11:22:39.897+0000][4616][gc,age      ] GC(592) Age table with threshold 1 (max threshold 15)
[2024-02-23T11:22:39.897+0000][4616][gc,age      ] GC(592) - age   1:    1798440 bytes,    1798440 total
[2024-02-23T11:22:39.897+0000][4616][gc,heap     ] GC(592) Eden regions: 12->0(575)
[2024-02-23T11:22:39.897+0000][4616][gc,heap     ] GC(592) Survivor regions: 38->4(7)
[2024-02-23T11:22:39.897+0000][4616][gc,heap     ] GC(592) Old regions: 213->207
[2024-02-23T11:22:39.897+0000][4616][gc,heap     ] GC(592) Archive regions: 0->0
[2024-02-23T11:22:39.897+0000][4616][gc,heap     ] GC(592) Humongous regions: 2->2
[2024-02-23T11:22:39.897+0000][4616][gc,metaspace] GC(592) Metaspace: 132120K(137152K)->132120K(137152K) NonClass: 115132K(117888K)->115132K(117888K) Class: 16987K(19264K)->16987K(19264K)
[2024-02-23T11:22:39.897+0000][4616][gc          ] GC(592) Pause Young (Mixed) (G1 Evacuation Pause) 1056M->849M(4040M) 185.812ms
[2024-02-23T11:22:39.897+0000][4616][gc,cpu      ] GC(592) User=0.16s Sys=0.19s Real=0.18s
[2024-02-23T11:22:39.897+0000][4616][safepoint   ] Safepoint "G1CollectForAllocation", Time since last: 279639600 ns, Reaching safepoint: 87000 ns, At safepoint: 186213400 ns, Total: 186300400 ns
[2024-02-23T11:23:09.029+0000][4616][gc,start    ] GC(593) Pause Young (Concurrent Start) (G1 Evacuation Pause)
[2024-02-23T11:23:09.029+0000][4616][gc,task     ] GC(593) Using 8 workers of 8 for evacuation
[2024-02-23T11:23:09.029+0000][4616][gc,age      ] GC(593) Desired survivor size 153092096 bytes, new threshold 15 (max threshold 15)
[2024-02-23T11:23:09.054+0000][4616][gc,phases   ] GC(593)   Pre Evacuate Collection Set: 1.0ms
[2024-02-23T11:23:09.054+0000][4616][gc,phases   ] GC(593)   Merge Heap Roots: 0.6ms
[2024-02-23T11:23:09.054+0000][4616][gc,phases   ] GC(593)   Evacuate Collection Set: 21.5ms
[2024-02-23T11:23:09.054+0000][4616][gc,phases   ] GC(593)   Post Evacuate Collection Set: 2.4ms
[2024-02-23T11:23:09.054+0000][4616][gc,phases   ] GC(593)   Other: 0.4ms
[2024-02-23T11:23:09.054+0000][4616][gc,age      ] GC(593) Age table with threshold 15 (max threshold 15)
[2024-02-23T11:23:09.054+0000][4616][gc,age      ] GC(593) - age   1:   66031448 bytes,   66031448 total
[2024-02-23T11:23:09.054+0000][4616][gc,age      ] GC(593) - age   2:     326944 bytes,   66358392 total
[2024-02-23T11:23:09.054+0000][4616][gc,heap     ] GC(593) Eden regions: 575->0(35)
[2024-02-23T11:23:09.054+0000][4616][gc,heap     ] GC(593) Survivor regions: 4->17(73)
[2024-02-23T11:23:09.054+0000][4616][gc,heap     ] GC(593) Old regions: 207->207
[2024-02-23T11:23:09.054+0000][4616][gc,heap     ] GC(593) Archive regions: 0->0
[2024-02-23T11:23:09.054+0000][4616][gc,heap     ] GC(593) Humongous regions: 2->2
[2024-02-23T11:23:09.054+0000][4616][gc,metaspace] GC(593) Metaspace: 132120K(137152K)->132120K(137152K) NonClass: 115132K(117888K)->115132K(117888K) Class: 16987K(19264K)->16987K(19264K)
[2024-02-23T11:23:09.054+0000][4616][gc          ] GC(593) Pause Young (Concurrent Start) (G1 Evacuation Pause) 3149M->900M(4040M) 26.695ms
[2024-02-23T11:23:09.054+0000][4616][gc          ] GC(594) Concurrent Mark Cycle
[2024-02-23T11:23:09.055+0000][4616][gc,cpu      ] GC(593) User=0.25s Sys=0.00s Real=0.02s
[2024-02-23T11:23:09.055+0000][4616][gc,marking  ] GC(594) Concurrent Clear Claimed Marks
[2024-02-23T11:23:09.055+0000][4616][safepoint   ] Safepoint "G1CollectForAllocation", Time since last: 29116287400 ns, Reaching safepoint: 12185300 ns, At safepoint: 27280100 ns, Total: 39465400 ns
[2024-02-23T11:23:09.055+0000][4616][gc,marking  ] GC(594) Concurrent Clear Claimed Marks 0.384ms
[2024-02-23T11:23:09.055+0000][4616][gc,marking  ] GC(594) Concurrent Scan Root Regions
[2024-02-23T11:23:09.076+0000][4616][gc,marking  ] GC(594) Concurrent Scan Root Regions 23.023ms
[2024-02-23T11:23:09.076+0000][4616][gc,marking  ] GC(594) Concurrent Mark
[2024-02-23T11:23:09.076+0000][4616][gc,marking  ] GC(594) Concurrent Mark From Roots
[2024-02-23T11:23:09.076+0000][4616][gc,task     ] GC(594) Using 2 workers of 2 for marking
[2024-02-23T11:23:09.344+0000][4616][gc,marking  ] GC(594) Concurrent Mark From Roots 265.293ms
[2024-02-23T11:23:09.344+0000][4616][gc,marking  ] GC(594) Concurrent Preclean
[2024-02-23T11:23:09.345+0000][4616][gc,marking  ] GC(594) Concurrent Preclean 0.954ms
[2024-02-23T11:23:09.345+0000][4616][gc,start    ] GC(594) Pause Remark
[2024-02-23T11:23:09.364+0000][4616][gc          ] GC(594) Pause Remark 962M->962M(4040M) 18.567ms
[2024-02-23T11:23:09.364+0000][4616][gc,cpu      ] GC(594) User=0.05s Sys=0.00s Real=0.02s
[2024-02-23T11:23:09.364+0000][4616][safepoint   ] Safepoint "G1Concurrent", Time since last: 289724400 ns, Reaching safepoint: 94600 ns, At safepoint: 18824900 ns, Total: 18919500 ns
[2024-02-23T11:23:09.365+0000][4616][gc,marking  ] GC(594) Concurrent Mark 285.410ms
[2024-02-23T11:23:09.365+0000][4616][gc,marking  ] GC(594) Concurrent Rebuild Remembered Sets
[2024-02-23T11:23:09.586+0000][4616][gc,marking  ] GC(594) Concurrent Rebuild Remembered Sets 223.786ms
[2024-02-23T11:23:09.586+0000][4616][gc,start    ] GC(594) Pause Cleanup
[2024-02-23T11:23:09.586+0000][4616][gc          ] GC(594) Pause Cleanup 994M->994M(4040M) 0.860ms
[2024-02-23T11:23:09.586+0000][4616][gc,cpu      ] GC(594) User=0.00s Sys=0.00s Real=0.00s
[2024-02-23T11:23:09.586+0000][4616][safepoint   ] Safepoint "G1Concurrent", Time since last: 224023400 ns, Reaching safepoint: 106300 ns, At safepoint: 998100 ns, Total: 1104400 ns
[2024-02-23T11:23:09.586+0000][4616][gc,marking  ] GC(594) Concurrent Cleanup for Next Mark
[2024-02-23T11:23:09.586+0000][4616][gc,marking  ] GC(594) Concurrent Cleanup for Next Mark 9.362ms
[2024-02-23T11:23:09.586+0000][4616][gc          ] GC(594) Concurrent Mark Cycle 543.647ms
[2024-02-23T11:23:57.621+0000][4616][gc,start    ] GC(595) Pause Young (Prepare Mixed) (G1 Evacuation Pause)
[2024-02-23T11:23:57.621+0000][4616][gc,task     ] GC(595) Using 8 workers of 8 for evacuation
[2024-02-23T11:23:57.621+0000][4616][gc,age      ] GC(595) Desired survivor size 153092096 bytes, new threshold 15 (max threshold 15)
[2024-02-23T11:23:57.651+0000][4616][gc,phases   ] GC(595)   Pre Evacuate Collection Set: 0.2ms
[2024-02-23T11:23:57.651+0000][4616][gc,phases   ] GC(595)   Merge Heap Roots: 0.3ms
[2024-02-23T11:23:57.651+0000][4616][gc,phases   ] GC(595)   Evacuate Collection Set: 27.4ms
[2024-02-23T11:23:57.651+0000][4616][gc,phases   ] GC(595)   Post Evacuate Collection Set: 1.4ms
[2024-02-23T11:23:57.651+0000][4616][gc,phases   ] GC(595)   Other: 0.2ms
[2024-02-23T11:23:57.651+0000][4616][gc,age      ] GC(595) Age table with threshold 15 (max threshold 15)
[2024-02-23T11:23:57.651+0000][4616][gc,age      ] GC(595) - age   1:   90135536 bytes,   90135536 total
[2024-02-23T11:23:57.651+0000][4616][gc,age      ] GC(595) - age   2:   45520432 bytes,  135655968 total
[2024-02-23T11:23:57.651+0000][4616][gc,age      ] GC(595) - age   3:     205016 bytes,  135860984 total
[2024-02-23T11:23:57.651+0000][4616][gc,heap     ] GC(595) Eden regions: 566->0(16)
[2024-02-23T11:23:57.651+0000][4616][gc,heap     ] GC(595) Survivor regions: 17->34(73)
[2024-02-23T11:23:57.651+0000][4616][gc,heap     ] GC(595) Old regions: 207->207
[2024-02-23T11:23:57.651+0000][4616][gc,heap     ] GC(595) Archive regions: 0->0
[2024-02-23T11:23:57.651+0000][4616][gc,heap     ] GC(595) Humongous regions: 2->2
[2024-02-23T11:23:57.651+0000][4616][gc,metaspace] GC(595) Metaspace: 132127K(137152K)->132127K(137152K) NonClass: 115140K(117888K)->115140K(117888K) Class: 16987K(19264K)->16987K(19264K)
[2024-02-23T11:23:57.651+0000][4616][gc          ] GC(595) Pause Young (Prepare Mixed) (G1 Evacuation Pause) 3164M->967M(4040M) 30.239ms
[2024-02-23T11:23:57.651+0000][4616][gc,cpu      ] GC(595) User=0.25s Sys=0.00s Real=0.03s
[2024-02-23T11:23:57.652+0000][4616][safepoint   ] Safepoint "G1CollectForAllocation", Time since last: 48032077800 ns, Reaching safepoint: 90500 ns, At safepoint: 30420600 ns, Total: 30511100 ns
[2024-02-23T11:23:57.994+0000][4616][gc,start    ] GC(596) Pause Young (Mixed) (G1 Evacuation Pause)
[2024-02-23T11:23:57.994+0000][4616][gc,task     ] GC(596) Using 8 workers of 8 for evacuation
[2024-02-23T11:23:57.994+0000][4616][gc,age      ] GC(596) Desired survivor size 14680064 bytes, new threshold 1 (max threshold 15)
[2024-02-23T11:23:58.096+0000][4616][gc,phases   ] GC(596)   Pre Evacuate Collection Set: 0.2ms
[2024-02-23T11:23:58.096+0000][4616][gc,phases   ] GC(596)   Merge Heap Roots: 0.2ms
[2024-02-23T11:23:58.096+0000][4616][gc,phases   ] GC(596)   Evacuate Collection Set: 86.9ms
[2024-02-23T11:23:58.096+0000][4616][gc,phases   ] GC(596)   Post Evacuate Collection Set: 1.0ms
[2024-02-23T11:23:58.096+0000][4616][gc,phases   ] GC(596)   Other: 0.2ms
[2024-02-23T11:23:58.096+0000][4616][gc,age      ] GC(596) Age table with threshold 1 (max threshold 15)
[2024-02-23T11:23:58.096+0000][4616][gc,age      ] GC(596) - age   1:    1918368 bytes,    1918368 total
[2024-02-23T11:23:58.096+0000][4616][gc,heap     ] GC(596) Eden regions: 16->0(576)
[2024-02-23T11:23:58.096+0000][4616][gc,heap     ] GC(596) Survivor regions: 34->4(7)
[2024-02-23T11:23:58.096+0000][4616][gc,heap     ] GC(596) Old regions: 207->207
[2024-02-23T11:23:58.096+0000][4616][gc,heap     ] GC(596) Archive regions: 0->0
[2024-02-23T11:23:58.096+0000][4616][gc,heap     ] GC(596) Humongous regions: 2->2
[2024-02-23T11:23:58.096+0000][4616][gc,metaspace] GC(596) Metaspace: 132127K(137152K)->132127K(137152K) NonClass: 115140K(117888K)->115140K(117888K) Class: 16987K(19264K)->16987K(19264K)
[2024-02-23T11:23:58.096+0000][4616][gc          ] GC(596) Pause Young (Mixed) (G1 Evacuation Pause) 1031M->850M(4040M) 88.962ms
[2024-02-23T11:23:58.096+0000][4616][gc,cpu      ] GC(596) User=0.25s Sys=0.23s Real=0.10s
[2024-02-23T11:23:58.097+0000][4616][safepoint   ] Safepoint "G1CollectForAllocation", Time since last: 355142600 ns, Reaching safepoint: 78800 ns, At safepoint: 89941600 ns, Total: 90020400 ns
[2024-02-23T11:24:01.622+0000][4616][gc,start    ] GC(597) Pause Young (Concurrent Start) (G1 Humongous Allocation)
[2024-02-23T11:24:01.622+0000][4616][gc,task     ] GC(597) Using 8 workers of 8 for evacuation
[2024-02-23T11:24:01.622+0000][4616][gc,age      ] GC(597) Desired survivor size 153092096 bytes, new threshold 15 (max threshold 15)
[2024-02-23T11:24:01.630+0000][4616][gc,phases   ] GC(597)   Pre Evacuate Collection Set: 0.4ms
[2024-02-23T11:24:01.630+0000][4616][gc,phases   ] GC(597)   Merge Heap Roots: 0.2ms
[2024-02-23T11:24:01.630+0000][4616][gc,phases   ] GC(597)   Evacuate Collection Set: 5.2ms
[2024-02-23T11:24:01.630+0000][4616][gc,phases   ] GC(597)   Post Evacuate Collection Set: 1.0ms
[2024-02-23T11:24:01.630+0000][4616][gc,phases   ] GC(597)   Other: 0.2ms
[2024-02-23T11:24:01.630+0000][4616][gc,age      ] GC(597) Age table with threshold 15 (max threshold 15)
[2024-02-23T11:24:01.630+0000][4616][gc,age      ] GC(597) - age   1:   15699312 bytes,   15699312 total
[2024-02-23T11:24:01.630+0000][4616][gc,age      ] GC(597) - age   2:     948432 bytes,   16647744 total
[2024-02-23T11:24:01.630+0000][4616][gc,heap     ] GC(597) Eden regions: 122->0(194)
[2024-02-23T11:24:01.630+0000][4616][gc,heap     ] GC(597) Survivor regions: 4->5(73)
[2024-02-23T11:24:01.630+0000][4616][gc,heap     ] GC(597) Old regions: 207->207
[2024-02-23T11:24:01.630+0000][4616][gc,heap     ] GC(597) Archive regions: 0->0
[2024-02-23T11:24:01.630+0000][4616][gc,heap     ] GC(597) Humongous regions: 2->2
[2024-02-23T11:24:01.630+0000][4616][gc,metaspace] GC(597) Metaspace: 132127K(137152K)->132127K(137152K) NonClass: 115140K(117888K)->115140K(117888K) Class: 16987K(19264K)->16987K(19264K)
[2024-02-23T11:24:01.630+0000][4616][gc          ] GC(597) Pause Young (Concurrent Start) (G1 Humongous Allocation) 1337M->852M(4040M) 7.416ms
[2024-02-23T11:24:01.630+0000][4616][gc          ] GC(598) Concurrent Mark Cycle
[2024-02-23T11:24:01.630+0000][4616][gc,cpu      ] GC(597) User=0.00s Sys=0.00s Real=0.01s
[2024-02-23T11:24:01.630+0000][4616][gc,marking  ] GC(598) Concurrent Clear Claimed Marks
[2024-02-23T11:24:01.632+0000][4616][safepoint   ] Safepoint "G1TryInitiateConcMark", Time since last: 3526557600 ns, Reaching safepoint: 73700 ns, At safepoint: 7625600 ns, Total: 7699300 ns
[2024-02-23T11:24:01.632+0000][4616][gc,marking  ] GC(598) Concurrent Clear Claimed Marks 0.264ms
[2024-02-23T11:24:01.632+0000][4616][gc,marking  ] GC(598) Concurrent Scan Root Regions
[2024-02-23T11:24:01.632+0000][4616][gc,marking  ] GC(598) Concurrent Scan Root Regions 4.449ms
[2024-02-23T11:24:01.632+0000][4616][gc,marking  ] GC(598) Concurrent Mark
[2024-02-23T11:24:01.632+0000][4616][gc,marking  ] GC(598) Concurrent Mark From Roots
[2024-02-23T11:24:01.632+0000][4616][gc,task     ] GC(598) Using 2 workers of 2 for marking
[2024-02-23T11:24:01.892+0000][4616][gc,marking  ] GC(598) Concurrent Mark From Roots 255.786ms
[2024-02-23T11:24:01.892+0000][4616][gc,marking  ] GC(598) Concurrent Preclean
[2024-02-23T11:24:01.892+0000][4616][gc,marking  ] GC(598) Concurrent Preclean 1.015ms
[2024-02-23T11:24:01.892+0000][4616][gc,start    ] GC(598) Pause Remark
[2024-02-23T11:24:01.902+0000][4616][gc          ] GC(598) Pause Remark 924M->924M(4040M) 16.556ms
[2024-02-23T11:24:01.902+0000][4616][gc,cpu      ] GC(598) User=0.05s Sys=0.00s Real=0.01s
[2024-02-23T11:24:01.902+0000][4616][safepoint   ] Safepoint "G1Concurrent", Time since last: 261736800 ns, Reaching safepoint: 133200 ns, At safepoint: 16737400 ns, Total: 16870600 ns
[2024-02-23T11:24:01.902+0000][4616][gc,marking  ] GC(598) Concurrent Mark 273.912ms
[2024-02-23T11:24:01.902+0000][4616][gc,marking  ] GC(598) Concurrent Rebuild Remembered Sets
[2024-02-23T11:24:02.112+0000][4616][gc,marking  ] GC(598) Concurrent Rebuild Remembered Sets 202.421ms
[2024-02-23T11:24:02.112+0000][4616][gc,start    ] GC(598) Pause Cleanup
[2024-02-23T11:24:02.114+0000][4616][gc          ] GC(598) Pause Cleanup 954M->954M(4040M) 1.435ms
[2024-02-23T11:24:02.114+0000][4616][gc,cpu      ] GC(598) User=0.00s Sys=0.00s Real=0.00s
[2024-02-23T11:24:02.115+0000][4616][safepoint   ] Safepoint "G1Concurrent", Time since last: 202684300 ns, Reaching safepoint: 102600 ns, At safepoint: 1617200 ns, Total: 1719800 ns
[2024-02-23T11:24:02.115+0000][4616][gc,marking  ] GC(598) Concurrent Cleanup for Next Mark
[2024-02-23T11:24:02.115+0000][4616][gc,marking  ] GC(598) Concurrent Cleanup for Next Mark 9.113ms
[2024-02-23T11:24:02.115+0000][4616][gc          ] GC(598) Concurrent Mark Cycle 492.427ms
[2024-02-23T11:24:15.740+0000][4616][gc,start    ] GC(599) Pause Young (Prepare Mixed) (G1 Evacuation Pause)
[2024-02-23T11:24:15.740+0000][4616][gc,task     ] GC(599) Using 8 workers of 8 for evacuation
[2024-02-23T11:24:15.740+0000][4616][gc,age      ] GC(599) Desired survivor size 52428800 bytes, new threshold 15 (max threshold 15)
[2024-02-23T11:24:15.762+0000][4616][gc,phases   ] GC(599)   Pre Evacuate Collection Set: 0.3ms
[2024-02-23T11:24:15.762+0000][4616][gc,phases   ] GC(599)   Merge Heap Roots: 0.5ms
[2024-02-23T11:24:15.762+0000][4616][gc,phases   ] GC(599)   Evacuate Collection Set: 15.7ms
[2024-02-23T11:24:15.762+0000][4616][gc,phases   ] GC(599)   Post Evacuate Collection Set: 2.0ms
[2024-02-23T11:24:15.762+0000][4616][gc,phases   ] GC(599)   Other: 3.2ms
[2024-02-23T11:24:15.762+0000][4616][gc,age      ] GC(599) Age table with threshold 15 (max threshold 15)
[2024-02-23T11:24:15.762+0000][4616][gc,age      ] GC(599) - age   1:   21994416 bytes,   21994416 total
[2024-02-23T11:24:15.762+0000][4616][gc,age      ] GC(599) - age   2:   12929424 bytes,   34923840 total
[2024-02-23T11:24:15.762+0000][4616][gc,age      ] GC(599) - age   3:     727720 bytes,   35651560 total
[2024-02-23T11:24:15.762+0000][4616][gc,heap     ] GC(599) Eden regions: 194->0(40)
[2024-02-23T11:24:15.762+0000][4616][gc,heap     ] GC(599) Survivor regions: 5->10(25)
[2024-02-23T11:24:15.762+0000][4616][gc,heap     ] GC(599) Old regions: 207->207
[2024-02-23T11:24:15.762+0000][4616][gc,heap     ] GC(599) Archive regions: 0->0
[2024-02-23T11:24:15.763+0000][4616][gc,heap     ] GC(599) Humongous regions: 15->15
[2024-02-23T11:24:15.763+0000][4616][gc,metaspace] GC(599) Metaspace: 132127K(137152K)->132127K(137152K) NonClass: 115140K(117888K)->115140K(117888K) Class: 16987K(19264K)->16987K(19264K)
[2024-02-23T11:24:15.763+0000][4616][gc          ] GC(599) Pause Young (Prepare Mixed) (G1 Evacuation Pause) 1680M->922M(4040M) 23.041ms
[2024-02-23T11:24:15.763+0000][4616][gc,cpu      ] GC(599) User=0.14s Sys=0.00s Real=0.02s
[2024-02-23T11:24:15.763+0000][4616][safepoint   ] Safepoint "G1CollectForAllocation", Time since last: 13586319200 ns, Reaching safepoint: 39562300 ns, At safepoint: 23392400 ns, Total: 62954700 ns
[2024-02-23T11:24:17.035+0000][4616][gc,start    ] GC(600) Pause Young (Mixed) (G1 Evacuation Pause)
[2024-02-23T11:24:17.035+0000][4616][gc,task     ] GC(600) Using 8 workers of 8 for evacuation
[2024-02-23T11:24:17.035+0000][4616][gc,age      ] GC(600) Desired survivor size 14680064 bytes, new threshold 1 (max threshold 15)
[2024-02-23T11:24:17.080+0000][4616][gc,phases   ] GC(600)   Pre Evacuate Collection Set: 0.2ms
[2024-02-23T11:24:17.080+0000][4616][gc,phases   ] GC(600)   Merge Heap Roots: 0.3ms
[2024-02-23T11:24:17.080+0000][4616][gc,phases   ] GC(600)   Evacuate Collection Set: 41.1ms
[2024-02-23T11:24:17.080+0000][4616][gc,phases   ] GC(600)   Post Evacuate Collection Set: 1.9ms
[2024-02-23T11:24:17.080+0000][4616][gc,phases   ] GC(600)   Other: 0.3ms
[2024-02-23T11:24:17.080+0000][4616][gc,age      ] GC(600) Age table with threshold 1 (max threshold 15)
[2024-02-23T11:24:17.080+0000][4616][gc,age      ] GC(600) - age   1:    6968856 bytes,    6968856 total
[2024-02-23T11:24:17.080+0000][4616][gc,heap     ] GC(600) Eden regions: 40->0(591)
[2024-02-23T11:24:17.080+0000][4616][gc,heap     ] GC(600) Survivor regions: 10->3(7)
[2024-02-23T11:24:17.080+0000][4616][gc,heap     ] GC(600) Old regions: 207->197
[2024-02-23T11:24:17.080+0000][4616][gc,heap     ] GC(600) Archive regions: 0->0
[2024-02-23T11:24:17.080+0000][4616][gc,heap     ] GC(600) Humongous regions: 15->15
[2024-02-23T11:24:17.080+0000][4616][gc,metaspace] GC(600) Metaspace: 132127K(137152K)->132127K(137152K) NonClass: 115140K(117888K)->115140K(117888K) Class: 16987K(19264K)->16987K(19264K)
[2024-02-23T11:24:17.080+0000][4616][gc          ] GC(600) Pause Young (Mixed) (G1 Evacuation Pause) 1082M->853M(4040M) 44.537ms
[2024-02-23T11:24:17.080+0000][4616][gc,cpu      ] GC(600) User=0.08s Sys=0.12s Real=0.04s
[2024-02-23T11:24:17.080+0000][4616][safepoint   ] Safepoint "G1CollectForAllocation", Time since last: 1272820900 ns, Reaching safepoint: 224700 ns, At safepoint: 45215600 ns, Total: 45440300 ns
[2024-02-23T11:24:26.163+0000][4616][safepoint   ] Safepoint "Cleanup", Time since last: 9080607300 ns, Reaching safepoint: 262900 ns, At safepoint: 28000 ns, Total: 290900 ns
[2024-02-23T11:26:51.155+0000][4616][safepoint   ] Safepoint "Cleanup", Time since last: 144862559900 ns, Reaching safepoint: 103889800 ns, At safepoint: 34879200 ns, Total: 138769000 ns
[2024-02-23T11:26:56.195+0000][4616][safepoint   ] Safepoint "Cleanup", Time since last: 5039865600 ns, Reaching safepoint: 63500 ns, At safepoint: 9200 ns, Total: 72700 ns
[2024-02-23T11:26:57.112+0000][4616][gc,start    ] GC(601) Pause Young (Concurrent Start) (G1 Evacuation Pause)
[2024-02-23T11:26:57.112+0000][4616][gc,task     ] GC(601) Using 8 workers of 8 for evacuation
[2024-02-23T11:26:57.112+0000][4616][gc,age      ] GC(601) Desired survivor size 157286400 bytes, new threshold 15 (max threshold 15)
[2024-02-23T11:26:57.140+0000][4616][gc,phases   ] GC(601)   Pre Evacuate Collection Set: 0.5ms
[2024-02-23T11:26:57.140+0000][4616][gc,phases   ] GC(601)   Merge Heap Roots: 0.2ms
[2024-02-23T11:26:57.140+0000][4616][gc,phases   ] GC(601)   Evacuate Collection Set: 20.8ms
[2024-02-23T11:26:57.140+0000][4616][gc,phases   ] GC(601)   Post Evacuate Collection Set: 1.2ms
[2024-02-23T11:26:57.140+0000][4616][gc,phases   ] GC(601)   Other: 0.2ms
[2024-02-23T11:26:57.140+0000][4616][gc,age      ] GC(601) Age table with threshold 15 (max threshold 15)
[2024-02-23T11:26:57.140+0000][4616][gc,age      ] GC(601) - age   1:   92631080 bytes,   92631080 total
[2024-02-23T11:26:57.140+0000][4616][gc,age      ] GC(601) - age   2:    4998920 bytes,   97630000 total
[2024-02-23T11:26:57.140+0000][4616][gc,heap     ] GC(601) Eden regions: 591->0(25)
[2024-02-23T11:26:57.140+0000][4616][gc,heap     ] GC(601) Survivor regions: 3->25(75)
[2024-02-23T11:26:57.140+0000][4616][gc,heap     ] GC(601) Old regions: 197->197
[2024-02-23T11:26:57.140+0000][4616][gc,heap     ] GC(601) Archive regions: 0->0
[2024-02-23T11:26:57.140+0000][4616][gc,heap     ] GC(601) Humongous regions: 15->15
[2024-02-23T11:26:57.140+0000][4616][gc,metaspace] GC(601) Metaspace: 132136K(137152K)->132136K(137152K) NonClass: 115148K(117888K)->115148K(117888K) Class: 16987K(19264K)->16987K(19264K)
[2024-02-23T11:26:57.140+0000][4616][gc          ] GC(601) Pause Young (Concurrent Start) (G1 Evacuation Pause) 3217M->942M(4040M) 23.409ms
[2024-02-23T11:26:57.140+0000][4616][gc,cpu      ] GC(601) User=0.14s Sys=0.00s Real=0.03s
[2024-02-23T11:26:57.140+0000][4616][gc          ] GC(602) Concurrent Mark Cycle
[2024-02-23T11:26:57.140+0000][4616][gc,marking  ] GC(602) Concurrent Clear Claimed Marks
[2024-02-23T11:26:57.140+0000][4616][safepoint   ] Safepoint "G1CollectForAllocation", Time since last: 922258200 ns, Reaching safepoint: 99100 ns, At safepoint: 23848900 ns, Total: 23948000 ns
[2024-02-23T11:26:57.140+0000][4616][gc,marking  ] GC(602) Concurrent Clear Claimed Marks 0.245ms
[2024-02-23T11:26:57.140+0000][4616][gc,marking  ] GC(602) Concurrent Scan Root Regions
[2024-02-23T11:26:57.140+0000][4616][gc,marking  ] GC(602) Concurrent Scan Root Regions 6.985ms
[2024-02-23T11:26:57.140+0000][4616][gc,marking  ] GC(602) Concurrent Mark
[2024-02-23T11:26:57.140+0000][4616][gc,marking  ] GC(602) Concurrent Mark From Roots
[2024-02-23T11:26:57.140+0000][4616][gc,task     ] GC(602) Using 2 workers of 2 for marking
[2024-02-23T11:26:57.272+0000][4616][gc,marking  ] GC(602) Concurrent Mark From Roots 129.597ms
[2024-02-23T11:26:57.272+0000][4616][gc,marking  ] GC(602) Concurrent Preclean
[2024-02-23T11:26:57.272+0000][4616][gc,marking  ] GC(602) Concurrent Preclean 0.602ms
[2024-02-23T11:26:57.272+0000][4616][gc,start    ] GC(602) Pause Remark
[2024-02-23T11:26:57.970+0000][4616][gc,mmu      ] GC(602) MMU target violated: 201.0ms (200.0ms/201.0ms)
[2024-02-23T11:26:57.970+0000][4616][gc          ] GC(602) Pause Remark 980M->972M(4040M) 696.453ms
[2024-02-23T11:26:57.970+0000][4616][gc,cpu      ] GC(602) User=0.17s Sys=0.17s Real=0.70s
[2024-02-23T11:26:57.970+0000][4616][safepoint   ] Safepoint "G1Concurrent", Time since last: 137467800 ns, Reaching safepoint: 111200 ns, At safepoint: 697028900 ns, Total: 697140100 ns
[2024-02-23T11:26:57.970+0000][4616][gc,marking  ] GC(602) Concurrent Mark 827.508ms
[2024-02-23T11:26:57.970+0000][4616][gc,marking  ] GC(602) Concurrent Rebuild Remembered Sets
[2024-02-23T11:26:58.629+0000][4616][gc,start    ] GC(603) Pause Young (Normal) (G1 Evacuation Pause)
[2024-02-23T11:26:58.629+0000][4616][gc,task     ] GC(603) Using 8 workers of 8 for evacuation
[2024-02-23T11:26:58.629+0000][4616][gc,age      ] GC(603) Desired survivor size 14680064 bytes, new threshold 1 (max threshold 15)
[2024-02-23T11:26:58.645+0000][4616][gc,phases   ] GC(603)   Pre Evacuate Collection Set: 0.2ms
[2024-02-23T11:26:58.645+0000][4616][gc,phases   ] GC(603)   Merge Heap Roots: 0.1ms
[2024-02-23T11:26:58.645+0000][4616][gc,phases   ] GC(603)   Evacuate Collection Set: 25.1ms
[2024-02-23T11:26:58.645+0000][4616][gc,phases   ] GC(603)   Post Evacuate Collection Set: 0.6ms
[2024-02-23T11:26:58.645+0000][4616][gc,phases   ] GC(603)   Other: 0.2ms
[2024-02-23T11:26:58.645+0000][4616][gc,age      ] GC(603) Age table with threshold 1 (max threshold 15)
[2024-02-23T11:26:58.645+0000][4616][gc,age      ] GC(603) - age   1:    7136152 bytes,    7136152 total
[2024-02-23T11:26:58.645+0000][4616][gc,heap     ] GC(603) Eden regions: 25->0(454)
[2024-02-23T11:26:58.645+0000][4616][gc,heap     ] GC(603) Survivor regions: 25->3(7)
[2024-02-23T11:26:58.645+0000][4616][gc,heap     ] GC(603) Old regions: 197->219
[2024-02-23T11:26:58.645+0000][4616][gc,heap     ] GC(603) Archive regions: 0->0
[2024-02-23T11:26:58.645+0000][4616][gc,heap     ] GC(603) Humongous regions: 13->13
[2024-02-23T11:26:58.645+0000][4616][gc,metaspace] GC(603) Metaspace: 132124K(137152K)->132124K(137152K) NonClass: 115139K(117888K)->115139K(117888K) Class: 16985K(19264K)->16985K(19264K)
[2024-02-23T11:26:58.645+0000][4616][gc          ] GC(603) Pause Young (Normal) (G1 Evacuation Pause) 1034M->936M(4040M) 26.550ms
[2024-02-23T11:26:58.645+0000][4616][gc,cpu      ] GC(603) User=0.03s Sys=0.06s Real=0.02s
[2024-02-23T11:26:58.645+0000][4616][safepoint   ] Safepoint "G1CollectForAllocation", Time since last: 275035700 ns, Reaching safepoint: 378218500 ns, At safepoint: 26714300 ns, Total: 404932800 ns
[2024-02-23T11:26:58.845+0000][4616][gc,marking  ] GC(602) Concurrent Rebuild Remembered Sets 871.073ms
[2024-02-23T11:26:58.845+0000][4616][gc,start    ] GC(602) Pause Cleanup
[2024-02-23T11:26:58.845+0000][4616][gc          ] GC(602) Pause Cleanup 968M->968M(4040M) 0.806ms
[2024-02-23T11:26:58.845+0000][4616][gc,cpu      ] GC(602) User=0.00s Sys=0.00s Real=0.00s
[2024-02-23T11:26:58.845+0000][4616][safepoint   ] Safepoint "G1Concurrent", Time since last: 191298100 ns, Reaching safepoint: 110200 ns, At safepoint: 874500 ns, Total: 984700 ns
[2024-02-23T11:26:58.845+0000][4616][gc,marking  ] GC(602) Concurrent Cleanup for Next Mark
[2024-02-23T11:26:58.845+0000][4616][gc,marking  ] GC(602) Concurrent Cleanup for Next Mark 5.164ms
[2024-02-23T11:26:58.845+0000][4616][gc          ] GC(602) Concurrent Mark Cycle 1712.416ms
[2024-02-23T11:27:10.008+0000][4616][gc,start    ] GC(604) Pause Young (Prepare Mixed) (G1 Evacuation Pause)
[2024-02-23T11:27:10.008+0000][4616][gc,task     ] GC(604) Using 8 workers of 8 for evacuation
[2024-02-23T11:27:10.008+0000][4616][gc,age      ] GC(604) Desired survivor size 121634816 bytes, new threshold 15 (max threshold 15)
[2024-02-23T11:27:10.024+0000][4616][gc,phases   ] GC(604)   Pre Evacuate Collection Set: 0.2ms
[2024-02-23T11:27:10.024+0000][4616][gc,phases   ] GC(604)   Merge Heap Roots: 0.2ms
[2024-02-23T11:27:10.024+0000][4616][gc,phases   ] GC(604)   Evacuate Collection Set: 15.3ms
[2024-02-23T11:27:10.024+0000][4616][gc,phases   ] GC(604)   Post Evacuate Collection Set: 1.1ms
[2024-02-23T11:27:10.024+0000][4616][gc,phases   ] GC(604)   Other: 0.1ms
[2024-02-23T11:27:10.024+0000][4616][gc,age      ] GC(604) Age table with threshold 15 (max threshold 15)
[2024-02-23T11:27:10.024+0000][4616][gc,age      ] GC(604) - age   1:   66070384 bytes,   66070384 total
[2024-02-23T11:27:10.024+0000][4616][gc,age      ] GC(604) - age   2:    4469920 bytes,   70540304 total
[2024-02-23T11:27:10.024+0000][4616][gc,heap     ] GC(604) Eden regions: 454->0(32)
[2024-02-23T11:27:10.024+0000][4616][gc,heap     ] GC(604) Survivor regions: 3->18(58)
[2024-02-23T11:27:10.024+0000][4616][gc,heap     ] GC(604) Old regions: 219->219
[2024-02-23T11:27:10.024+0000][4616][gc,heap     ] GC(604) Archive regions: 0->0
[2024-02-23T11:27:10.024+0000][4616][gc,heap     ] GC(604) Humongous regions: 13->13
[2024-02-23T11:27:10.024+0000][4616][gc,metaspace] GC(604) Metaspace: 132124K(137152K)->132124K(137152K) NonClass: 115139K(117888K)->115139K(117888K) Class: 16985K(19264K)->16985K(19264K)
[2024-02-23T11:27:10.024+0000][4616][gc          ] GC(604) Pause Young (Prepare Mixed) (G1 Evacuation Pause) 2752M->997M(4040M) 17.118ms
[2024-02-23T11:27:10.024+0000][4616][gc,cpu      ] GC(604) User=0.12s Sys=0.00s Real=0.02s
[2024-02-23T11:27:10.024+0000][4616][safepoint   ] Safepoint "G1CollectForAllocation", Time since last: 11166023300 ns, Reaching safepoint: 144500 ns, At safepoint: 17287100 ns, Total: 17431600 ns
[2024-02-23T11:27:10.565+0000][4616][gc,start    ] GC(605) Pause Young (Mixed) (G1 Evacuation Pause)
[2024-02-23T11:27:10.565+0000][4616][gc,task     ] GC(605) Using 8 workers of 8 for evacuation
[2024-02-23T11:27:10.565+0000][4616][gc,age      ] GC(605) Desired survivor size 14680064 bytes, new threshold 1 (max threshold 15)
[2024-02-23T11:27:10.665+0000][4616][gc,phases   ] GC(605)   Pre Evacuate Collection Set: 0.1ms
[2024-02-23T11:27:10.665+0000][4616][gc,phases   ] GC(605)   Merge Heap Roots: 0.5ms
[2024-02-23T11:27:10.665+0000][4616][gc,phases   ] GC(605)   Evacuate Collection Set: 86.3ms
[2024-02-23T11:27:10.665+0000][4616][gc,phases   ] GC(605)   Post Evacuate Collection Set: 1.5ms
[2024-02-23T11:27:10.665+0000][4616][gc,phases   ] GC(605)   Other: 0.1ms
[2024-02-23T11:27:10.665+0000][4616][gc,age      ] GC(605) Age table with threshold 1 (max threshold 15)
[2024-02-23T11:27:10.665+0000][4616][gc,age      ] GC(605) - age   1:    7365912 bytes,    7365912 total
[2024-02-23T11:27:10.665+0000][4616][gc,heap     ] GC(605) Eden regions: 32->0(582)
[2024-02-23T11:27:10.665+0000][4616][gc,heap     ] GC(605) Survivor regions: 18->3(7)
[2024-02-23T11:27:10.665+0000][4616][gc,heap     ] GC(605) Old regions: 219->200
[2024-02-23T11:27:10.665+0000][4616][gc,heap     ] GC(605) Archive regions: 0->0
[2024-02-23T11:27:10.665+0000][4616][gc,heap     ] GC(605) Humongous regions: 13->13
[2024-02-23T11:27:10.665+0000][4616][gc,metaspace] GC(605) Metaspace: 132124K(137152K)->132124K(137152K) NonClass: 115139K(117888K)->115139K(117888K) Class: 16985K(19264K)->16985K(19264K)
[2024-02-23T11:27:10.665+0000][4616][gc          ] GC(605) Pause Young (Mixed) (G1 Evacuation Pause) 1125M->861M(4040M) 88.750ms
[2024-02-23T11:27:10.665+0000][4616][gc,cpu      ] GC(605) User=0.28s Sys=0.28s Real=0.10s
[2024-02-23T11:27:10.665+0000][4616][safepoint   ] Safepoint "G1CollectForAllocation", Time since last: 549039200 ns, Reaching safepoint: 102400 ns, At safepoint: 88930500 ns, Total: 89032900 ns
[2024-02-23T11:30:42.624+0000][4616][safepoint   ] Safepoint "Cleanup", Time since last: 218403152200 ns, Reaching safepoint: 83900 ns, At safepoint: 41900 ns, Total: 125800 ns
[2024-02-23T11:30:50.439+0000][4616][gc,start    ] GC(606) Pause Young (Concurrent Start) (G1 Evacuation Pause)
[2024-02-23T11:30:50.439+0000][4616][gc,task     ] GC(606) Using 8 workers of 8 for evacuation
[2024-02-23T11:30:50.439+0000][4616][gc,age      ] GC(606) Desired survivor size 155189248 bytes, new threshold 15 (max threshold 15)
[2024-02-23T11:30:50.523+0000][4616][gc,phases   ] GC(606)   Pre Evacuate Collection Set: 0.9ms
[2024-02-23T11:30:50.523+0000][4616][gc,phases   ] GC(606)   Merge Heap Roots: 0.2ms
[2024-02-23T11:30:50.523+0000][4616][gc,phases   ] GC(606)   Evacuate Collection Set: 19.2ms
[2024-02-23T11:30:50.523+0000][4616][gc,phases   ] GC(606)   Post Evacuate Collection Set: 1.3ms
[2024-02-23T11:30:50.523+0000][4616][gc,phases   ] GC(606)   Other: 57.8ms
[2024-02-23T11:30:50.523+0000][4616][gc,age      ] GC(606) Age table with threshold 15 (max threshold 15)
[2024-02-23T11:30:50.523+0000][4616][gc,age      ] GC(606) - age   1:   84839208 bytes,   84839208 total
[2024-02-23T11:30:50.523+0000][4616][gc,age      ] GC(606) - age   2:    4937200 bytes,   89776408 total
[2024-02-23T11:30:50.523+0000][4616][gc,heap     ] GC(606) Eden regions: 582->0(62)
[2024-02-23T11:30:50.523+0000][4616][gc,heap     ] GC(606) Survivor regions: 3->23(74)
[2024-02-23T11:30:50.523+0000][4616][gc,heap     ] GC(606) Old regions: 200->200
[2024-02-23T11:30:50.523+0000][4616][gc,heap     ] GC(606) Archive regions: 0->0
[2024-02-23T11:30:50.523+0000][4616][gc,heap     ] GC(606) Humongous regions: 13->13
[2024-02-23T11:30:50.523+0000][4616][gc,metaspace] GC(606) Metaspace: 132132K(137152K)->132132K(137152K) NonClass: 115147K(117888K)->115147K(117888K) Class: 16985K(19264K)->16985K(19264K)
[2024-02-23T11:30:50.523+0000][4616][gc          ] GC(606) Pause Young (Concurrent Start) (G1 Evacuation Pause) 3189M->940M(4040M) 79.660ms
[2024-02-23T11:30:50.523+0000][4616][gc          ] GC(607) Concurrent Mark Cycle
[2024-02-23T11:30:50.523+0000][4616][gc,cpu      ] GC(606) User=0.17s Sys=0.08s Real=0.08s
[2024-02-23T11:30:50.523+0000][4616][gc,marking  ] GC(607) Concurrent Clear Claimed Marks
[2024-02-23T11:30:50.523+0000][4616][safepoint   ] Safepoint "G1CollectForAllocation", Time since last: 7825642600 ns, Reaching safepoint: 71100 ns, At safepoint: 79954900 ns, Total: 80026000 ns
[2024-02-23T11:30:50.523+0000][4616][gc,marking  ] GC(607) Concurrent Clear Claimed Marks 0.445ms
[2024-02-23T11:30:50.523+0000][4616][gc,marking  ] GC(607) Concurrent Scan Root Regions
[2024-02-23T11:30:50.531+0000][4616][gc,marking  ] GC(607) Concurrent Scan Root Regions 7.864ms
[2024-02-23T11:30:50.531+0000][4616][gc,marking  ] GC(607) Concurrent Mark
[2024-02-23T11:30:50.531+0000][4616][gc,marking  ] GC(607) Concurrent Mark From Roots
[2024-02-23T11:30:50.531+0000][4616][gc,task     ] GC(607) Using 2 workers of 2 for marking
[2024-02-23T11:30:50.643+0000][4616][gc,marking  ] GC(607) Concurrent Mark From Roots 109.531ms
[2024-02-23T11:30:50.643+0000][4616][gc,marking  ] GC(607) Concurrent Preclean
[2024-02-23T11:30:50.643+0000][4616][gc,marking  ] GC(607) Concurrent Preclean 0.496ms
[2024-02-23T11:30:50.643+0000][4616][gc,start    ] GC(607) Pause Remark
[2024-02-23T11:30:50.739+0000][4616][gc          ] GC(607) Pause Remark 976M->968M(4040M) 94.659ms
[2024-02-23T11:30:50.739+0000][4616][gc,cpu      ] GC(607) User=0.00s Sys=0.00s Real=0.10s
[2024-02-23T11:30:50.739+0000][4616][safepoint   ] Safepoint "G1Concurrent", Time since last: 118376400 ns, Reaching safepoint: 110400 ns, At safepoint: 94942400 ns, Total: 95052800 ns
[2024-02-23T11:30:50.739+0000][4616][gc,marking  ] GC(607) Concurrent Mark 205.263ms
[2024-02-23T11:30:50.739+0000][4616][gc,marking  ] GC(607) Concurrent Rebuild Remembered Sets
[2024-02-23T11:30:50.808+0000][4616][gc,marking  ] GC(607) Concurrent Rebuild Remembered Sets 73.178ms
[2024-02-23T11:30:50.808+0000][4616][gc,start    ] GC(607) Pause Cleanup
[2024-02-23T11:30:50.808+0000][4616][gc          ] GC(607) Pause Cleanup 986M->986M(4040M) 0.278ms
[2024-02-23T11:30:50.808+0000][4616][gc,cpu      ] GC(607) User=0.00s Sys=0.00s Real=0.00s
[2024-02-23T11:30:50.808+0000][4616][safepoint   ] Safepoint "G1Concurrent", Time since last: 73403300 ns, Reaching safepoint: 141000 ns, At safepoint: 374200 ns, Total: 515200 ns
[2024-02-23T11:30:50.808+0000][4616][gc,marking  ] GC(607) Concurrent Cleanup for Next Mark
[2024-02-23T11:30:50.823+0000][4616][gc,marking  ] GC(607) Concurrent Cleanup for Next Mark 10.119ms
[2024-02-23T11:30:50.823+0000][4616][gc          ] GC(607) Concurrent Mark Cycle 297.758ms
[2024-02-23T11:31:05.746+0000][4616][gc,start    ] GC(608) Pause Young (Prepare Mixed) (G1 Evacuation Pause)
[2024-02-23T11:31:05.746+0000][4616][gc,task     ] GC(608) Using 8 workers of 8 for evacuation
[2024-02-23T11:31:05.746+0000][4616][gc,age      ] GC(608) Desired survivor size 153092096 bytes, new threshold 15 (max threshold 15)
[2024-02-23T11:31:05.777+0000][4616][gc,phases   ] GC(608)   Pre Evacuate Collection Set: 0.2ms
[2024-02-23T11:31:05.777+0000][4616][gc,phases   ] GC(608)   Merge Heap Roots: 0.2ms
[2024-02-23T11:31:05.777+0000][4616][gc,phases   ] GC(608)   Evacuate Collection Set: 33.7ms
[2024-02-23T11:31:05.777+0000][4616][gc,phases   ] GC(608)   Post Evacuate Collection Set: 1.3ms
[2024-02-23T11:31:05.777+0000][4616][gc,phases   ] GC(608)   Other: 0.2ms
[2024-02-23T11:31:05.777+0000][4616][gc,age      ] GC(608) Age table with threshold 15 (max threshold 15)
[2024-02-23T11:31:05.777+0000][4616][gc,age      ] GC(608) - age   1:  100599872 bytes,  100599872 total
[2024-02-23T11:31:05.777+0000][4616][gc,age      ] GC(608) - age   2:   54000000 bytes,  154599872 total
[2024-02-23T11:31:05.777+0000][4616][gc,age      ] GC(608) - age   3:    2738480 bytes,  157338352 total
[2024-02-23T11:31:05.777+0000][4616][gc,heap     ] GC(608) Eden regions: 559->0(10)
[2024-02-23T11:31:05.777+0000][4616][gc,heap     ] GC(608) Survivor regions: 23->40(73)
[2024-02-23T11:31:05.777+0000][4616][gc,heap     ] GC(608) Old regions: 200->200
[2024-02-23T11:31:05.777+0000][4616][gc,heap     ] GC(608) Archive regions: 0->0
[2024-02-23T11:31:05.777+0000][4616][gc,heap     ] GC(608) Humongous regions: 11->11
[2024-02-23T11:31:05.777+0000][4616][gc,metaspace] GC(608) Metaspace: 132132K(137152K)->132132K(137152K) NonClass: 115147K(117888K)->115147K(117888K) Class: 16985K(19264K)->16985K(19264K)
[2024-02-23T11:31:05.777+0000][4616][gc          ] GC(608) Pause Young (Prepare Mixed) (G1 Evacuation Pause) 3168M->1002M(4040M) 35.776ms
[2024-02-23T11:31:05.777+0000][4616][gc,cpu      ] GC(608) User=0.22s Sys=0.02s Real=0.03s
[2024-02-23T11:31:05.777+0000][4616][safepoint   ] Safepoint "G1CollectForAllocation", Time since last: 14932993000 ns, Reaching safepoint: 125400 ns, At safepoint: 35885300 ns, Total: 36010700 ns
[2024-02-23T11:31:06.663+0000][4616][gc,start    ] GC(609) Pause Young (Mixed) (G1 Evacuation Pause)
[2024-02-23T11:31:06.663+0000][4616][gc,task     ] GC(609) Using 8 workers of 8 for evacuation
[2024-02-23T11:31:06.663+0000][4616][gc,age      ] GC(609) Desired survivor size 14680064 bytes, new threshold 1 (max threshold 15)
[2024-02-23T11:31:06.748+0000][4616][gc,phases   ] GC(609)   Pre Evacuate Collection Set: 0.1ms
[2024-02-23T11:31:06.748+0000][4616][gc,phases   ] GC(609)   Merge Heap Roots: 0.2ms
[2024-02-23T11:31:06.748+0000][4616][gc,phases   ] GC(609)   Evacuate Collection Set: 89.3ms
[2024-02-23T11:31:06.748+0000][4616][gc,phases   ] GC(609)   Post Evacuate Collection Set: 1.4ms
[2024-02-23T11:31:06.748+0000][4616][gc,phases   ] GC(609)   Other: 0.1ms
[2024-02-23T11:31:06.748+0000][4616][gc,age      ] GC(609) Age table with threshold 1 (max threshold 15)
[2024-02-23T11:31:06.748+0000][4616][gc,age      ] GC(609) - age   1:    1033208 bytes,    1033208 total
[2024-02-23T11:31:06.748+0000][4616][gc,heap     ] GC(609) Eden regions: 10->0(573)
[2024-02-23T11:31:06.748+0000][4616][gc,heap     ] GC(609) Survivor regions: 40->3(7)
[2024-02-23T11:31:06.748+0000][4616][gc,heap     ] GC(609) Old regions: 200->201
[2024-02-23T11:31:06.748+0000][4616][gc,heap     ] GC(609) Archive regions: 0->0
[2024-02-23T11:31:06.748+0000][4616][gc,heap     ] GC(609) Humongous regions: 11->11
[2024-02-23T11:31:06.748+0000][4616][gc,metaspace] GC(609) Metaspace: 132132K(137152K)->132132K(137152K) NonClass: 115147K(117888K)->115147K(117888K) Class: 16985K(19264K)->16985K(19264K)
[2024-02-23T11:31:06.748+0000][4616][gc          ] GC(609) Pause Young (Mixed) (G1 Evacuation Pause) 1042M->856M(4040M) 91.275ms
[2024-02-23T11:31:06.748+0000][4616][gc,cpu      ] GC(609) User=0.33s Sys=0.25s Real=0.08s
[2024-02-23T11:31:06.748+0000][4616][safepoint   ] Safepoint "G1CollectForAllocation", Time since last: 884671000 ns, Reaching safepoint: 122400 ns, At safepoint: 91438700 ns, Total: 91561100 ns
[2024-02-23T11:31:40.354+0000][4616][gc,start    ] GC(610) Pause Young (Concurrent Start) (G1 Evacuation Pause)
[2024-02-23T11:31:40.354+0000][4616][gc,task     ] GC(610) Using 8 workers of 8 for evacuation
[2024-02-23T11:31:40.354+0000][4616][gc,age      ] GC(610) Desired survivor size 150994944 bytes, new threshold 15 (max threshold 15)
[2024-02-23T11:31:40.386+0000][4616][gc,phases   ] GC(610)   Pre Evacuate Collection Set: 0.4ms
[2024-02-23T11:31:40.386+0000][4616][gc,phases   ] GC(610)   Merge Heap Roots: 0.1ms
[2024-02-23T11:31:40.386+0000][4616][gc,phases   ] GC(610)   Evacuate Collection Set: 21.2ms
[2024-02-23T11:31:40.386+0000][4616][gc,phases   ] GC(610)   Post Evacuate Collection Set: 2.0ms
[2024-02-23T11:31:40.386+0000][4616][gc,phases   ] GC(610)   Other: 2.1ms
[2024-02-23T11:31:40.386+0000][4616][gc,age      ] GC(610) Age table with threshold 15 (max threshold 15)
[2024-02-23T11:31:40.386+0000][4616][gc,age      ] GC(610) - age   1:   73069648 bytes,   73069648 total
[2024-02-23T11:31:40.386+0000][4616][gc,age      ] GC(610) - age   2:     301600 bytes,   73371248 total
[2024-02-23T11:31:40.386+0000][4616][gc,heap     ] GC(610) Eden regions: 573->0(163)
[2024-02-23T11:31:40.386+0000][4616][gc,heap     ] GC(610) Survivor regions: 3->19(72)
[2024-02-23T11:31:40.386+0000][4616][gc,heap     ] GC(610) Old regions: 201->201
[2024-02-23T11:31:40.386+0000][4616][gc,heap     ] GC(610) Archive regions: 0->0
[2024-02-23T11:31:40.386+0000][4616][gc,heap     ] GC(610) Humongous regions: 11->11
[2024-02-23T11:31:40.386+0000][4616][gc,metaspace] GC(610) Metaspace: 132132K(137152K)->132132K(137152K) NonClass: 115147K(117888K)->115147K(117888K) Class: 16985K(19264K)->16985K(19264K)
[2024-02-23T11:31:40.386+0000][4616][gc          ] GC(610) Pause Young (Concurrent Start) (G1 Evacuation Pause) 3148M->917M(4040M) 26.255ms
[2024-02-23T11:31:40.386+0000][4616][gc          ] GC(611) Concurrent Mark Cycle
[2024-02-23T11:31:40.386+0000][4616][gc,cpu      ] GC(610) User=0.25s Sys=0.00s Real=0.03s
[2024-02-23T11:31:40.386+0000][4616][gc,marking  ] GC(611) Concurrent Clear Claimed Marks
[2024-02-23T11:31:40.386+0000][4616][safepoint   ] Safepoint "G1CollectForAllocation", Time since last: 33599872400 ns, Reaching safepoint: 269700 ns, At safepoint: 26547000 ns, Total: 26816700 ns
[2024-02-23T11:31:40.386+0000][4616][gc,marking  ] GC(611) Concurrent Clear Claimed Marks 0.506ms
[2024-02-23T11:31:40.386+0000][4616][gc,marking  ] GC(611) Concurrent Scan Root Regions
[2024-02-23T11:31:40.386+0000][4616][gc,marking  ] GC(611) Concurrent Scan Root Regions 7.914ms
[2024-02-23T11:31:40.386+0000][4616][gc,marking  ] GC(611) Concurrent Mark
[2024-02-23T11:31:40.386+0000][4616][gc,marking  ] GC(611) Concurrent Mark From Roots
[2024-02-23T11:31:40.386+0000][4616][gc,task     ] GC(611) Using 2 workers of 2 for marking
[2024-02-23T11:31:40.476+0000][4616][gc,marking  ] GC(611) Concurrent Mark From Roots 90.675ms
[2024-02-23T11:31:40.476+0000][4616][gc,marking  ] GC(611) Concurrent Preclean
[2024-02-23T11:31:40.476+0000][4616][gc,marking  ] GC(611) Concurrent Preclean 0.566ms
[2024-02-23T11:31:40.476+0000][4616][gc,start    ] GC(611) Pause Remark
[2024-02-23T11:31:40.492+0000][4616][gc          ] GC(611) Pause Remark 939M->935M(4040M) 8.574ms
[2024-02-23T11:31:40.492+0000][4616][gc,cpu      ] GC(611) User=0.02s Sys=0.00s Real=0.02s
[2024-02-23T11:31:40.492+0000][4616][safepoint   ] Safepoint "G1Concurrent", Time since last: 99735400 ns, Reaching safepoint: 110400 ns, At safepoint: 8676600 ns, Total: 8787000 ns
[2024-02-23T11:31:40.492+0000][4616][gc,marking  ] GC(611) Concurrent Mark 100.258ms
[2024-02-23T11:31:40.492+0000][4616][gc,marking  ] GC(611) Concurrent Rebuild Remembered Sets
[2024-02-23T11:31:40.561+0000][4616][gc,marking  ] GC(611) Concurrent Rebuild Remembered Sets 65.463ms
[2024-02-23T11:31:40.561+0000][4616][gc,start    ] GC(611) Pause Cleanup
[2024-02-23T11:31:40.561+0000][4616][gc          ] GC(611) Pause Cleanup 936M->936M(4040M) 0.210ms
[2024-02-23T11:31:40.561+0000][4616][gc,cpu      ] GC(611) User=0.00s Sys=0.00s Real=0.00s
[2024-02-23T11:31:40.561+0000][4616][safepoint   ] Safepoint "G1Concurrent", Time since last: 65661100 ns, Reaching safepoint: 84300 ns, At safepoint: 259400 ns, Total: 343700 ns
[2024-02-23T11:31:40.561+0000][4616][gc,marking  ] GC(611) Concurrent Cleanup for Next Mark
[2024-02-23T11:31:40.561+0000][4616][gc,marking  ] GC(611) Concurrent Cleanup for Next Mark 4.163ms
[2024-02-23T11:31:40.561+0000][4616][gc          ] GC(611) Concurrent Mark Cycle 178.955ms
[2024-02-23T11:32:18.269+0000][4616][gc,start    ] GC(612) Pause Young (Prepare Mixed) (G1 Evacuation Pause)
[2024-02-23T11:32:18.269+0000][4616][gc,task     ] GC(612) Using 8 workers of 8 for evacuation
[2024-02-23T11:32:18.269+0000][4616][gc,age      ] GC(612) Desired survivor size 153092096 bytes, new threshold 15 (max threshold 15)
[2024-02-23T11:32:18.306+0000][4616][gc,phases   ] GC(612)   Pre Evacuate Collection Set: 0.2ms
[2024-02-23T11:32:18.306+0000][4616][gc,phases   ] GC(612)   Merge Heap Roots: 0.2ms
[2024-02-23T11:32:18.306+0000][4616][gc,phases   ] GC(612)   Evacuate Collection Set: 33.1ms
[2024-02-23T11:32:18.306+0000][4616][gc,phases   ] GC(612)   Post Evacuate Collection Set: 2.2ms
[2024-02-23T11:32:18.306+0000][4616][gc,phases   ] GC(612)   Other: 0.7ms
[2024-02-23T11:32:18.306+0000][4616][gc,age      ] GC(612) Age table with threshold 15 (max threshold 15)
[2024-02-23T11:32:18.306+0000][4616][gc,age      ] GC(612) - age   1:   79189328 bytes,   79189328 total
[2024-02-23T11:32:18.306+0000][4616][gc,age      ] GC(612) - age   2:   45648016 bytes,  124837344 total
[2024-02-23T11:32:18.306+0000][4616][gc,age      ] GC(612) - age   3:     172184 bytes,  125009528 total
[2024-02-23T11:32:18.306+0000][4616][gc,heap     ] GC(612) Eden regions: 559->0(19)
[2024-02-23T11:32:18.306+0000][4616][gc,heap     ] GC(612) Survivor regions: 19->31(73)
[2024-02-23T11:32:18.306+0000][4616][gc,heap     ] GC(612) Old regions: 201->201
[2024-02-23T11:32:18.306+0000][4616][gc,heap     ] GC(612) Archive regions: 0->0
[2024-02-23T11:32:18.306+0000][4616][gc,heap     ] GC(612) Humongous regions: 10->10
[2024-02-23T11:32:18.306+0000][4616][gc,metaspace] GC(612) Metaspace: 132132K(137152K)->132132K(137152K) NonClass: 115147K(117888K)->115147K(117888K) Class: 16985K(19264K)->16985K(19264K)
[2024-02-23T11:32:18.306+0000][4616][gc          ] GC(612) Pause Young (Prepare Mixed) (G1 Evacuation Pause) 3149M->964M(4040M) 36.906ms
[2024-02-23T11:32:18.306+0000][4616][gc,cpu      ] GC(612) User=0.25s Sys=0.00s Real=0.04s
[2024-02-23T11:32:18.306+0000][4616][safepoint   ] Safepoint "G1CollectForAllocation", Time since last: 37705690600 ns, Reaching safepoint: 128800 ns, At safepoint: 37156100 ns, Total: 37284900 ns
[2024-02-23T11:32:18.642+0000][4616][gc,start    ] GC(613) Pause Young (Mixed) (G1 Evacuation Pause)
[2024-02-23T11:32:18.642+0000][4616][gc,task     ] GC(613) Using 8 workers of 8 for evacuation
[2024-02-23T11:32:18.642+0000][4616][gc,age      ] GC(613) Desired survivor size 14680064 bytes, new threshold 1 (max threshold 15)
[2024-02-23T11:32:18.785+0000][4616][gc,phases   ] GC(613)   Pre Evacuate Collection Set: 0.1ms
[2024-02-23T11:32:18.785+0000][4616][gc,phases   ] GC(613)   Merge Heap Roots: 0.2ms
[2024-02-23T11:32:18.785+0000][4616][gc,phases   ] GC(613)   Evacuate Collection Set: 141.6ms
[2024-02-23T11:32:18.785+0000][4616][gc,phases   ] GC(613)   Post Evacuate Collection Set: 1.2ms
[2024-02-23T11:32:18.785+0000][4616][gc,phases   ] GC(613)   Other: 0.1ms
[2024-02-23T11:32:18.785+0000][4616][gc,age      ] GC(613) Age table with threshold 1 (max threshold 15)
[2024-02-23T11:32:18.785+0000][4616][gc,age      ] GC(613) - age   1:    9174968 bytes,    9174968 total
[2024-02-23T11:32:18.785+0000][4616][gc,heap     ] GC(613) Eden regions: 19->0(574)
[2024-02-23T11:32:18.785+0000][4616][gc,heap     ] GC(613) Survivor regions: 31->5(7)
[2024-02-23T11:32:18.785+0000][4616][gc,heap     ] GC(613) Old regions: 201->199
[2024-02-23T11:32:18.785+0000][4616][gc,heap     ] GC(613) Archive regions: 0->0
[2024-02-23T11:32:18.785+0000][4616][gc,heap     ] GC(613) Humongous regions: 10->10
[2024-02-23T11:32:18.785+0000][4616][gc,metaspace] GC(613) Metaspace: 132132K(137152K)->132132K(137152K) NonClass: 115147K(117888K)->115147K(117888K) Class: 16985K(19264K)->16985K(19264K)
[2024-02-23T11:32:18.785+0000][4616][gc          ] GC(613) Pause Young (Mixed) (G1 Evacuation Pause) 1040M->853M(4040M) 143.500ms
[2024-02-23T11:32:18.785+0000][4616][gc,cpu      ] GC(613) User=0.16s Sys=0.16s Real=0.14s
[2024-02-23T11:32:18.785+0000][4616][safepoint   ] Safepoint "G1CollectForAllocation", Time since last: 335120400 ns, Reaching safepoint: 122100 ns, At safepoint: 143745400 ns, Total: 143867500 ns
[2024-02-23T11:32:37.592+0000][4616][gc,start    ] GC(614) Pause Young (Normal) (G1 Evacuation Pause)
[2024-02-23T11:32:37.592+0000][4616][gc,task     ] GC(614) Using 8 workers of 8 for evacuation
[2024-02-23T11:32:37.592+0000][4616][gc,age      ] GC(614) Desired survivor size 153092096 bytes, new threshold 15 (max threshold 15)
[2024-02-23T11:32:37.615+0000][4616][gc,phases   ] GC(614)   Pre Evacuate Collection Set: 0.7ms
[2024-02-23T11:32:37.615+0000][4616][gc,phases   ] GC(614)   Merge Heap Roots: 0.2ms
[2024-02-23T11:32:37.615+0000][4616][gc,phases   ] GC(614)   Evacuate Collection Set: 19.2ms
[2024-02-23T11:32:37.615+0000][4616][gc,phases   ] GC(614)   Post Evacuate Collection Set: 1.9ms
[2024-02-23T11:32:37.615+0000][4616][gc,phases   ] GC(614)   Other: 1.6ms
[2024-02-23T11:32:37.615+0000][4616][gc,age      ] GC(614) Age table with threshold 15 (max threshold 15)
[2024-02-23T11:32:37.615+0000][4616][gc,age      ] GC(614) - age   1:   82447320 bytes,   82447320 total
[2024-02-23T11:32:37.615+0000][4616][gc,age      ] GC(614) - age   2:    7733736 bytes,   90181056 total
[2024-02-23T11:32:37.615+0000][4616][gc,heap     ] GC(614) Eden regions: 574->0(557)
[2024-02-23T11:32:37.615+0000][4616][gc,heap     ] GC(614) Survivor regions: 5->23(73)
[2024-02-23T11:32:37.615+0000][4616][gc,heap     ] GC(614) Old regions: 199->199
[2024-02-23T11:32:37.615+0000][4616][gc,heap     ] GC(614) Archive regions: 0->0
[2024-02-23T11:32:37.616+0000][4616][gc,heap     ] GC(614) Humongous regions: 10->10
[2024-02-23T11:32:37.616+0000][4616][gc,metaspace] GC(614) Metaspace: 132132K(137152K)->132132K(137152K) NonClass: 115147K(117888K)->115147K(117888K) Class: 16985K(19264K)->16985K(19264K)
[2024-02-23T11:32:37.616+0000][4616][gc          ] GC(614) Pause Young (Normal) (G1 Evacuation Pause) 3149M->926M(4040M) 24.159ms
[2024-02-23T11:32:37.616+0000][4616][gc,cpu      ] GC(614) User=0.12s Sys=0.00s Real=0.02s
[2024-02-23T11:32:37.616+0000][4616][safepoint   ] Safepoint "G1CollectForAllocation", Time since last: 18805960700 ns, Reaching safepoint: 212800 ns, At safepoint: 24359400 ns, Total: 24572200 ns
[2024-02-23T11:33:28.709+0000][4616][gc,start    ] GC(615) Pause Young (Normal) (G1 Evacuation Pause)
[2024-02-23T11:33:28.709+0000][4616][gc,task     ] GC(615) Using 8 workers of 8 for evacuation
[2024-02-23T11:33:28.709+0000][4616][gc,age      ] GC(615) Desired survivor size 153092096 bytes, new threshold 15 (max threshold 15)
[2024-02-23T11:33:28.746+0000][4616][gc,phases   ] GC(615)   Pre Evacuate Collection Set: 0.1ms
[2024-02-23T11:33:28.746+0000][4616][gc,phases   ] GC(615)   Merge Heap Roots: 0.1ms
[2024-02-23T11:33:28.746+0000][4616][gc,phases   ] GC(615)   Evacuate Collection Set: 36.0ms
[2024-02-23T11:33:28.746+0000][4616][gc,phases   ] GC(615)   Post Evacuate Collection Set: 1.1ms
[2024-02-23T11:33:28.746+0000][4616][gc,phases   ] GC(615)   Other: 0.1ms
[2024-02-23T11:33:28.746+0000][4616][gc,age      ] GC(615) Age table with threshold 15 (max threshold 15)
[2024-02-23T11:33:28.746+0000][4616][gc,age      ] GC(615) - age   1:   95216056 bytes,   95216056 total
[2024-02-23T11:33:28.746+0000][4616][gc,age      ] GC(615) - age   2:   56458736 bytes,  151674792 total
[2024-02-23T11:33:28.746+0000][4616][gc,age      ] GC(615) - age   3:    7371504 bytes,  159046296 total
[2024-02-23T11:33:28.746+0000][4616][gc,heap     ] GC(615) Eden regions: 557->0(537)
[2024-02-23T11:33:28.746+0000][4616][gc,heap     ] GC(615) Survivor regions: 23->41(73)
[2024-02-23T11:33:28.746+0000][4616][gc,heap     ] GC(615) Old regions: 199->199
[2024-02-23T11:33:28.746+0000][4616][gc,heap     ] GC(615) Archive regions: 0->0
[2024-02-23T11:33:28.747+0000][4616][gc,heap     ] GC(615) Humongous regions: 10->10
[2024-02-23T11:33:28.747+0000][4616][gc,metaspace] GC(615) Metaspace: 132132K(137152K)->132132K(137152K) NonClass: 115147K(117888K)->115147K(117888K) Class: 16985K(19264K)->16985K(19264K)
[2024-02-23T11:33:28.747+0000][4616][gc          ] GC(615) Pause Young (Normal) (G1 Evacuation Pause) 3154M->996M(4040M) 37.977ms
[2024-02-23T11:33:28.747+0000][4616][gc,cpu      ] GC(615) User=0.27s Sys=0.03s Real=0.04s
[2024-02-23T11:33:28.747+0000][4616][safepoint   ] Safepoint "G1CollectForAllocation", Time since last: 51092162900 ns, Reaching safepoint: 118000 ns, At safepoint: 38177900 ns, Total: 38295900 ns
[2024-02-23T11:34:05.706+0000][4616][gc,start    ] GC(616) Pause Young (Concurrent Start) (G1 Evacuation Pause)
[2024-02-23T11:34:05.706+0000][4616][gc,task     ] GC(616) Using 8 workers of 8 for evacuation
[2024-02-23T11:34:05.706+0000][4616][gc,age      ] GC(616) Desired survivor size 153092096 bytes, new threshold 3 (max threshold 15)
[2024-02-23T11:34:05.755+0000][4616][gc,phases   ] GC(616)   Pre Evacuate Collection Set: 0.3ms
[2024-02-23T11:34:05.755+0000][4616][gc,phases   ] GC(616)   Merge Heap Roots: 0.2ms
[2024-02-23T11:34:05.755+0000][4616][gc,phases   ] GC(616)   Evacuate Collection Set: 47.1ms
[2024-02-23T11:34:05.755+0000][4616][gc,phases   ] GC(616)   Post Evacuate Collection Set: 1.1ms
[2024-02-23T11:34:05.755+0000][4616][gc,phases   ] GC(616)   Other: 0.3ms
[2024-02-23T11:34:05.755+0000][4616][gc,age      ] GC(616) Age table with threshold 3 (max threshold 15)
[2024-02-23T11:34:05.755+0000][4616][gc,age      ] GC(616) - age   1:   65262416 bytes,   65262416 total
[2024-02-23T11:34:05.755+0000][4616][gc,age      ] GC(616) - age   2:   75418344 bytes,  140680760 total
[2024-02-23T11:34:05.755+0000][4616][gc,age      ] GC(616) - age   3:   37900912 bytes,  178581672 total
[2024-02-23T11:34:05.755+0000][4616][gc,heap     ] GC(616) Eden regions: 537->0(5)
[2024-02-23T11:34:05.755+0000][4616][gc,heap     ] GC(616) Survivor regions: 41->45(73)
[2024-02-23T11:34:05.755+0000][4616][gc,heap     ] GC(616) Old regions: 199->201
[2024-02-23T11:34:05.755+0000][4616][gc,heap     ] GC(616) Archive regions: 0->0
[2024-02-23T11:34:05.755+0000][4616][gc,heap     ] GC(616) Humongous regions: 10->10
[2024-02-23T11:34:05.755+0000][4616][gc,metaspace] GC(616) Metaspace: 132132K(137152K)->132132K(137152K) NonClass: 115147K(117888K)->115147K(117888K) Class: 16985K(19264K)->16985K(19264K)
[2024-02-23T11:34:05.755+0000][4616][gc          ] GC(616) Pause Young (Concurrent Start) (G1 Evacuation Pause) 3144M->1022M(4040M) 49.420ms
[2024-02-23T11:34:05.755+0000][4616][gc          ] GC(617) Concurrent Mark Cycle
[2024-02-23T11:34:05.755+0000][4616][gc,cpu      ] GC(616) User=0.25s Sys=0.03s Real=0.05s
[2024-02-23T11:34:05.755+0000][4616][gc,marking  ] GC(617) Concurrent Clear Claimed Marks
[2024-02-23T11:34:05.755+0000][4616][safepoint   ] Safepoint "G1CollectForAllocation", Time since last: 36959308500 ns, Reaching safepoint: 232000 ns, At safepoint: 49715000 ns, Total: 49947000 ns
[2024-02-23T11:34:05.756+0000][4616][gc,marking  ] GC(617) Concurrent Clear Claimed Marks 0.296ms
[2024-02-23T11:34:05.756+0000][4616][gc,marking  ] GC(617) Concurrent Scan Root Regions
[2024-02-23T11:34:05.785+0000][4616][gc,start    ] GC(618) Pause Young (Normal) (G1 Evacuation Pause)
[2024-02-23T11:34:05.785+0000][4616][gc,task     ] GC(618) Using 8 workers of 8 for evacuation
[2024-02-23T11:34:05.796+0000][4616][gc,marking  ] GC(617) Concurrent Scan Root Regions 40.173ms
[2024-02-23T11:34:05.796+0000][4616][gc,age      ] GC(618) Desired survivor size 14680064 bytes, new threshold 1 (max threshold 15)
[2024-02-23T11:34:05.796+0000][4616][gc,marking  ] GC(617) Concurrent Mark
[2024-02-23T11:34:05.796+0000][4616][gc,marking  ] GC(617) Concurrent Mark From Roots
[2024-02-23T11:34:05.796+0000][4616][gc,task     ] GC(617) Using 2 workers of 2 for marking
[2024-02-23T11:34:05.906+0000][4616][gc,phases   ] GC(618)   Pre Evacuate Collection Set: 11.6ms
[2024-02-23T11:34:05.907+0000][4616][gc,phases   ] GC(618)   Merge Heap Roots: 0.1ms
[2024-02-23T11:34:05.907+0000][4616][gc,phases   ] GC(618)   Evacuate Collection Set: 109.1ms
[2024-02-23T11:34:05.907+0000][4616][gc,phases   ] GC(618)   Post Evacuate Collection Set: 0.6ms
[2024-02-23T11:34:05.907+0000][4616][gc,phases   ] GC(618)   Other: 0.8ms
[2024-02-23T11:34:05.907+0000][4616][gc,age      ] GC(618) Age table with threshold 1 (max threshold 15)
[2024-02-23T11:34:05.907+0000][4616][gc,age      ] GC(618) - age   1:    1410376 bytes,    1410376 total
[2024-02-23T11:34:05.907+0000][4616][gc,heap     ] GC(618) Eden regions: 5->0(433)
[2024-02-23T11:34:05.907+0000][4616][gc,heap     ] GC(618) Survivor regions: 45->4(7)
[2024-02-23T11:34:05.907+0000][4616][gc,heap     ] GC(618) Old regions: 201->246
[2024-02-23T11:34:05.907+0000][4616][gc,heap     ] GC(618) Archive regions: 0->0
[2024-02-23T11:34:05.907+0000][4616][gc,heap     ] GC(618) Humongous regions: 10->10
[2024-02-23T11:34:05.907+0000][4616][gc,metaspace] GC(618) Metaspace: 132132K(137152K)->132132K(137152K) NonClass: 115147K(117888K)->115147K(117888K) Class: 16985K(19264K)->16985K(19264K)
[2024-02-23T11:34:05.907+0000][4616][gc          ] GC(618) Pause Young (Normal) (G1 Evacuation Pause) 1042M->1036M(4040M) 122.590ms
[2024-02-23T11:34:05.907+0000][4616][gc,cpu      ] GC(618) User=0.08s Sys=0.19s Real=0.12s
[2024-02-23T11:34:05.908+0000][4616][safepoint   ] Safepoint "G1CollectForAllocation", Time since last: 28342500 ns, Reaching safepoint: 382500 ns, At safepoint: 123060100 ns, Total: 123442600 ns
[2024-02-23T11:34:06.375+0000][4616][gc,marking  ] GC(617) Concurrent Mark From Roots 579.168ms
[2024-02-23T11:34:06.375+0000][4616][gc,marking  ] GC(617) Concurrent Preclean
[2024-02-23T11:34:06.376+0000][4616][gc,marking  ] GC(617) Concurrent Preclean 0.943ms
[2024-02-23T11:34:06.376+0000][4616][gc,start    ] GC(617) Pause Remark
[2024-02-23T11:34:06.760+0000][4616][gc,mmu      ] GC(617) MMU target violated: 201.0ms (200.0ms/201.0ms)
[2024-02-23T11:34:06.760+0000][4616][gc          ] GC(617) Pause Remark 1072M->1056M(4040M) 383.537ms
[2024-02-23T11:34:06.760+0000][4616][gc,cpu      ] GC(617) User=0.11s Sys=0.34s Real=0.38s
[2024-02-23T11:34:06.760+0000][4616][safepoint   ] Safepoint "G1Concurrent", Time since last: 468842300 ns, Reaching safepoint: 33100 ns, At safepoint: 384022600 ns, Total: 384055700 ns
[2024-02-23T11:34:06.760+0000][4616][gc,marking  ] GC(617) Concurrent Mark 964.338ms
[2024-02-23T11:34:06.760+0000][4616][gc,marking  ] GC(617) Concurrent Rebuild Remembered Sets
[2024-02-23T11:34:07.292+0000][4616][gc,marking  ] GC(617) Concurrent Rebuild Remembered Sets 531.042ms
[2024-02-23T11:34:07.292+0000][4616][gc,start    ] GC(617) Pause Cleanup
[2024-02-23T11:34:07.293+0000][4616][gc          ] GC(617) Pause Cleanup 1149M->1149M(4040M) 0.828ms
[2024-02-23T11:34:07.293+0000][4616][gc,cpu      ] GC(617) User=0.00s Sys=0.00s Real=0.00s
[2024-02-23T11:34:07.293+0000][4616][safepoint   ] Safepoint "G1Concurrent", Time since last: 531203900 ns, Reaching safepoint: 37800 ns, At safepoint: 1010800 ns, Total: 1048600 ns
[2024-02-23T11:34:07.293+0000][4616][gc,marking  ] GC(617) Concurrent Cleanup for Next Mark
[2024-02-23T11:34:07.355+0000][4616][gc,marking  ] GC(617) Concurrent Cleanup for Next Mark 62.175ms
[2024-02-23T11:34:07.355+0000][4616][gc          ] GC(617) Concurrent Mark Cycle 1599.426ms
[2024-02-23T11:34:18.392+0000][4616][gc,start    ] GC(619) Pause Young (Prepare Mixed) (G1 Evacuation Pause)
[2024-02-23T11:34:18.445+0000][4616][gc,task     ] GC(619) Using 8 workers of 8 for evacuation
[2024-02-23T11:34:18.445+0000][4616][gc,age      ] GC(619) Desired survivor size 115343360 bytes, new threshold 15 (max threshold 15)
[2024-02-23T11:34:18.520+0000][4616][gc,phases   ] GC(619)   Pre Evacuate Collection Set: 0.5ms
[2024-02-23T11:34:18.520+0000][4616][gc,phases   ] GC(619)   Merge Heap Roots: 1.4ms
[2024-02-23T11:34:18.520+0000][4616][gc,phases   ] GC(619)   Evacuate Collection Set: 49.0ms
[2024-02-23T11:34:18.520+0000][4616][gc,phases   ] GC(619)   Post Evacuate Collection Set: 2.1ms
[2024-02-23T11:34:18.520+0000][4616][gc,phases   ] GC(619)   Other: 75.8ms
[2024-02-23T11:34:18.520+0000][4616][gc,age      ] GC(619) Age table with threshold 15 (max threshold 15)
[2024-02-23T11:34:18.521+0000][4616][gc,age      ] GC(619) - age   1:   67117608 bytes,   67117608 total
[2024-02-23T11:34:18.521+0000][4616][gc,age      ] GC(619) - age   2:     393760 bytes,   67511368 total
[2024-02-23T11:34:18.521+0000][4616][gc,heap     ] GC(619) Eden regions: 433->0(33)
[2024-02-23T11:34:18.521+0000][4616][gc,heap     ] GC(619) Survivor regions: 4->17(55)
[2024-02-23T11:34:18.521+0000][4616][gc,heap     ] GC(619) Old regions: 246->246
[2024-02-23T11:34:18.521+0000][4616][gc,heap     ] GC(619) Archive regions: 0->0
[2024-02-23T11:34:18.521+0000][4616][gc,heap     ] GC(619) Humongous regions: 6->6
[2024-02-23T11:34:18.521+0000][4616][gc,metaspace] GC(619) Metaspace: 132115K(137152K)->132115K(137152K) NonClass: 115135K(117888K)->115135K(117888K) Class: 16980K(19264K)->16980K(19264K)
[2024-02-23T11:34:18.521+0000][4616][gc          ] GC(619) Pause Young (Prepare Mixed) (G1 Evacuation Pause) 2752M->1071M(4040M) 130.001ms
[2024-02-23T11:34:18.521+0000][4616][gc,cpu      ] GC(619) User=0.12s Sys=0.11s Real=0.17s
[2024-02-23T11:34:18.521+0000][4616][safepoint   ] Safepoint "G1CollectForAllocation", Time since last: 11061921500 ns, Reaching safepoint: 185800 ns, At safepoint: 167096100 ns, Total: 167281900 ns
[2024-02-23T11:34:22.696+0000][4616][gc,start    ] GC(620) Pause Young (Mixed) (G1 Evacuation Pause)
[2024-02-23T11:34:22.696+0000][4616][gc,task     ] GC(620) Using 8 workers of 8 for evacuation
[2024-02-23T11:34:22.696+0000][4616][gc,age      ] GC(620) Desired survivor size 14680064 bytes, new threshold 1 (max threshold 15)
[2024-02-23T11:34:22.994+0000][4616][gc,mmu      ] GC(620) MMU target violated: 201.0ms (200.0ms/201.0ms)
[2024-02-23T11:34:22.994+0000][4616][gc,phases   ] GC(620)   Pre Evacuate Collection Set: 1.1ms
[2024-02-23T11:34:22.994+0000][4616][gc,phases   ] GC(620)   Merge Heap Roots: 0.6ms
[2024-02-23T11:34:22.994+0000][4616][gc,phases   ] GC(620)   Evacuate Collection Set: 297.0ms
[2024-02-23T11:34:22.994+0000][4616][gc,phases   ] GC(620)   Post Evacuate Collection Set: 1.4ms
[2024-02-23T11:34:22.994+0000][4616][gc,phases   ] GC(620)   Other: 2.3ms
[2024-02-23T11:34:22.994+0000][4616][gc,age      ] GC(620) Age table with threshold 1 (max threshold 15)
[2024-02-23T11:34:22.994+0000][4616][gc,age      ] GC(620) - age   1:    6276176 bytes,    6276176 total
[2024-02-23T11:34:22.994+0000][4616][gc,heap     ] GC(620) Eden regions: 33->0(571)
[2024-02-23T11:34:22.994+0000][4616][gc,heap     ] GC(620) Survivor regions: 17->3(7)
[2024-02-23T11:34:22.994+0000][4616][gc,heap     ] GC(620) Old regions: 246->210
[2024-02-23T11:34:22.994+0000][4616][gc,heap     ] GC(620) Archive regions: 0->0
[2024-02-23T11:34:22.994+0000][4616][gc,heap     ] GC(620) Humongous regions: 6->6
[2024-02-23T11:34:22.994+0000][4616][gc,metaspace] GC(620) Metaspace: 132115K(137152K)->132115K(137152K) NonClass: 115135K(117888K)->115135K(117888K) Class: 16980K(19264K)->16980K(19264K)
[2024-02-23T11:34:22.994+0000][4616][gc          ] GC(620) Pause Young (Mixed) (G1 Evacuation Pause) 1203M->873M(4040M) 302.592ms
[2024-02-23T11:34:22.994+0000][4616][gc,cpu      ] GC(620) User=0.11s Sys=0.50s Real=0.30s
[2024-02-23T11:34:22.994+0000][4616][safepoint   ] Safepoint "G1CollectForAllocation", Time since last: 4174876200 ns, Reaching safepoint: 141700 ns, At safepoint: 302931700 ns, Total: 303073400 ns
[2024-02-23T11:34:43.192+0000][4616][gc,start    ] GC(621) Pause Young (Concurrent Start) (G1 Evacuation Pause)
[2024-02-23T11:34:43.192+0000][4616][gc,task     ] GC(621) Using 8 workers of 8 for evacuation
[2024-02-23T11:34:43.192+0000][4616][gc,age      ] GC(621) Desired survivor size 150994944 bytes, new threshold 15 (max threshold 15)
[2024-02-23T11:34:43.265+0000][4616][gc,phases   ] GC(621)   Pre Evacuate Collection Set: 26.1ms
[2024-02-23T11:34:43.265+0000][4616][gc,phases   ] GC(621)   Merge Heap Roots: 0.2ms
[2024-02-23T11:34:43.265+0000][4616][gc,phases   ] GC(621)   Evacuate Collection Set: 60.0ms
[2024-02-23T11:34:43.265+0000][4616][gc,phases   ] GC(621)   Post Evacuate Collection Set: 1.8ms
[2024-02-23T11:34:43.265+0000][4616][gc,phases   ] GC(621)   Other: -15.0ms
[2024-02-23T11:34:43.265+0000][4616][gc,age      ] GC(621) Age table with threshold 15 (max threshold 15)
[2024-02-23T11:34:43.265+0000][4616][gc,age      ] GC(621) - age   1:   85538736 bytes,   85538736 total
[2024-02-23T11:34:43.265+0000][4616][gc,age      ] GC(621) - age   2:    4088504 bytes,   89627240 total
[2024-02-23T11:34:43.265+0000][4616][gc,heap     ] GC(621) Eden regions: 571->0(177)
[2024-02-23T11:34:43.265+0000][4616][gc,heap     ] GC(621) Survivor regions: 3->23(72)
[2024-02-23T11:34:43.265+0000][4616][gc,heap     ] GC(621) Old regions: 210->210
[2024-02-23T11:34:43.266+0000][4616][gc,heap     ] GC(621) Archive regions: 0->0
[2024-02-23T11:34:43.266+0000][4616][gc,heap     ] GC(621) Humongous regions: 6->6
[2024-02-23T11:34:43.266+0000][4616][gc,metaspace] GC(621) Metaspace: 132117K(137152K)->132117K(137152K) NonClass: 115137K(117888K)->115137K(117888K) Class: 16980K(19264K)->16980K(19264K)
[2024-02-23T11:34:43.266+0000][4616][gc          ] GC(621) Pause Young (Concurrent Start) (G1 Evacuation Pause) 3157M->951M(4040M) 73.567ms
[2024-02-23T11:34:43.266+0000][4616][gc          ] GC(622) Concurrent Mark Cycle
[2024-02-23T11:34:43.266+0000][4616][gc,cpu      ] GC(621) User=0.06s Sys=0.34s Real=0.07s
[2024-02-23T11:34:43.266+0000][4616][gc,marking  ] GC(622) Concurrent Clear Claimed Marks
[2024-02-23T11:34:43.266+0000][4616][gc,marking  ] GC(622) Concurrent Clear Claimed Marks 0.297ms
[2024-02-23T11:34:43.266+0000][4616][gc,marking  ] GC(622) Concurrent Scan Root Regions
[2024-02-23T11:34:43.266+0000][4616][safepoint   ] Safepoint "G1CollectForAllocation", Time since last: 20191546400 ns, Reaching safepoint: 330300 ns, At safepoint: 73996700 ns, Total: 74327000 ns
[2024-02-23T11:34:43.273+0000][4616][gc,marking  ] GC(622) Concurrent Scan Root Regions 7.452ms
[2024-02-23T11:34:43.274+0000][4616][gc,marking  ] GC(622) Concurrent Mark
[2024-02-23T11:34:43.274+0000][4616][gc,marking  ] GC(622) Concurrent Mark From Roots
[2024-02-23T11:34:43.274+0000][4616][gc,task     ] GC(622) Using 2 workers of 2 for marking
[2024-02-23T11:34:43.445+0000][4616][gc,marking  ] GC(622) Concurrent Mark From Roots 171.541ms
[2024-02-23T11:34:43.445+0000][4616][gc,marking  ] GC(622) Concurrent Preclean
[2024-02-23T11:34:43.445+0000][4616][gc,marking  ] GC(622) Concurrent Preclean 0.613ms
[2024-02-23T11:34:43.445+0000][4616][gc,start    ] GC(622) Pause Remark
[2024-02-23T11:34:43.506+0000][4616][gc          ] GC(622) Pause Remark 994M->990M(4040M) 60.079ms
[2024-02-23T11:34:43.506+0000][4616][gc,cpu      ] GC(622) User=0.02s Sys=0.06s Real=0.06s
[2024-02-23T11:34:43.508+0000][4616][safepoint   ] Safepoint "G1Concurrent", Time since last: 179880700 ns, Reaching safepoint: 52600 ns, At safepoint: 61759300 ns, Total: 61811900 ns
[2024-02-23T11:34:43.508+0000][4616][gc,marking  ] GC(622) Concurrent Mark 234.190ms
[2024-02-23T11:34:43.508+0000][4616][gc,marking  ] GC(622) Concurrent Rebuild Remembered Sets
[2024-02-23T11:34:43.644+0000][4616][gc,marking  ] GC(622) Concurrent Rebuild Remembered Sets 144.875ms
[2024-02-23T11:34:43.644+0000][4616][gc,start    ] GC(622) Pause Cleanup
[2024-02-23T11:34:43.644+0000][4616][gc          ] GC(622) Pause Cleanup 1026M->1026M(4040M) 0.407ms
[2024-02-23T11:34:43.644+0000][4616][gc,cpu      ] GC(622) User=0.00s Sys=0.00s Real=0.00s
[2024-02-23T11:34:43.644+0000][4616][safepoint   ] Safepoint "G1Concurrent", Time since last: 145075900 ns, Reaching safepoint: 71500 ns, At safepoint: 516300 ns, Total: 587800 ns
[2024-02-23T11:34:43.644+0000][4616][gc,marking  ] GC(622) Concurrent Cleanup for Next Mark
[2024-02-23T11:34:43.672+0000][4616][gc,marking  ] GC(622) Concurrent Cleanup for Next Mark 19.138ms
[2024-02-23T11:34:43.672+0000][4616][gc          ] GC(622) Concurrent Mark Cycle 407.021ms
[2024-02-23T11:35:02.822+0000][4616][gc,start    ] GC(623) Pause Young (Prepare Mixed) (G1 Evacuation Pause)
[2024-02-23T11:35:02.822+0000][4616][gc,task     ] GC(623) Using 8 workers of 8 for evacuation
[2024-02-23T11:35:02.822+0000][4616][gc,age      ] GC(623) Desired survivor size 136314880 bytes, new threshold 15 (max threshold 15)
[2024-02-23T11:35:02.862+0000][4616][gc,phases   ] GC(623)   Pre Evacuate Collection Set: 0.3ms
[2024-02-23T11:35:02.862+0000][4616][gc,phases   ] GC(623)   Merge Heap Roots: 0.6ms
[2024-02-23T11:35:02.862+0000][4616][gc,phases   ] GC(623)   Evacuate Collection Set: 35.9ms
[2024-02-23T11:35:02.862+0000][4616][gc,phases   ] GC(623)   Post Evacuate Collection Set: 2.6ms
[2024-02-23T11:35:02.863+0000][4616][gc,phases   ] GC(623)   Other: 0.6ms
[2024-02-23T11:35:02.863+0000][4616][gc,age      ] GC(623) Age table with threshold 15 (max threshold 15)
[2024-02-23T11:35:02.863+0000][4616][gc,age      ] GC(623) - age   1:   64247704 bytes,   64247704 total
[2024-02-23T11:35:02.863+0000][4616][gc,age      ] GC(623) - age   2:   65650432 bytes,  129898136 total
[2024-02-23T11:35:02.863+0000][4616][gc,age      ] GC(623) - age   3:    3596968 bytes,  133495104 total
[2024-02-23T11:35:02.863+0000][4616][gc,heap     ] GC(623) Eden regions: 495->0(16)
[2024-02-23T11:35:02.863+0000][4616][gc,heap     ] GC(623) Survivor regions: 23->34(65)
[2024-02-23T11:35:02.863+0000][4616][gc,heap     ] GC(623) Old regions: 210->210
[2024-02-23T11:35:02.863+0000][4616][gc,heap     ] GC(623) Archive regions: 0->0
[2024-02-23T11:35:02.863+0000][4616][gc,heap     ] GC(623) Humongous regions: 5->5
[2024-02-23T11:35:02.863+0000][4616][gc,metaspace] GC(623) Metaspace: 132117K(137152K)->132117K(137152K) NonClass: 115137K(117888K)->115137K(117888K) Class: 16980K(19264K)->16980K(19264K)
[2024-02-23T11:35:02.863+0000][4616][gc          ] GC(623) Pause Young (Prepare Mixed) (G1 Evacuation Pause) 2927M->993M(4040M) 41.295ms
[2024-02-23T11:35:02.863+0000][4616][gc,cpu      ] GC(623) User=0.25s Sys=0.00s Real=0.04s
[2024-02-23T11:35:02.863+0000][4616][safepoint   ] Safepoint "G1CollectForAllocation", Time since last: 19168692900 ns, Reaching safepoint: 345600 ns, At safepoint: 41642200 ns, Total: 41987800 ns
[2024-02-23T11:35:04.773+0000][4616][gc,start    ] GC(624) Pause Young (Mixed) (G1 Evacuation Pause)
[2024-02-23T11:35:04.773+0000][4616][gc,task     ] GC(624) Using 8 workers of 8 for evacuation
[2024-02-23T11:35:04.773+0000][4616][gc,age      ] GC(624) Desired survivor size 14680064 bytes, new threshold 1 (max threshold 15)
[2024-02-23T11:35:04.976+0000][4616][gc,phases   ] GC(624)   Pre Evacuate Collection Set: 0.4ms
[2024-02-23T11:35:04.976+0000][4616][gc,phases   ] GC(624)   Merge Heap Roots: 0.4ms
[2024-02-23T11:35:04.976+0000][4616][gc,phases   ] GC(624)   Evacuate Collection Set: 192.4ms
[2024-02-23T11:35:04.976+0000][4616][gc,phases   ] GC(624)   Post Evacuate Collection Set: 0.9ms
[2024-02-23T11:35:04.976+0000][4616][gc,phases   ] GC(624)   Other: 0.3ms
[2024-02-23T11:35:04.976+0000][4616][gc,age      ] GC(624) Age table with threshold 1 (max threshold 15)
[2024-02-23T11:35:04.976+0000][4616][gc,age      ] GC(624) - age   1:    3438208 bytes,    3438208 total
[2024-02-23T11:35:04.976+0000][4616][gc,heap     ] GC(624) Eden regions: 16->0(582)
[2024-02-23T11:35:04.976+0000][4616][gc,heap     ] GC(624) Survivor regions: 34->4(7)
[2024-02-23T11:35:04.976+0000][4616][gc,heap     ] GC(624) Old regions: 210->200
[2024-02-23T11:35:04.976+0000][4616][gc,heap     ] GC(624) Archive regions: 0->0
[2024-02-23T11:35:04.976+0000][4616][gc,heap     ] GC(624) Humongous regions: 5->5
[2024-02-23T11:35:04.976+0000][4616][gc,metaspace] GC(624) Metaspace: 132117K(137152K)->132117K(137152K) NonClass: 115137K(117888K)->115137K(117888K) Class: 16980K(19264K)->16980K(19264K)
[2024-02-23T11:35:04.976+0000][4616][gc          ] GC(624) Pause Young (Mixed) (G1 Evacuation Pause) 1057M->833M(4040M) 194.927ms
[2024-02-23T11:35:04.976+0000][4616][gc,cpu      ] GC(624) User=0.22s Sys=0.56s Real=0.20s
[2024-02-23T11:35:04.976+0000][4616][safepoint   ] Safepoint "G1CollectForAllocation", Time since last: 1922468000 ns, Reaching safepoint: 209400 ns, At safepoint: 195104500 ns, Total: 195313900 ns
[2024-02-23T11:35:30.201+0000][4616][gc,start    ] GC(625) Pause Young (Concurrent Start) (G1 Evacuation Pause)
[2024-02-23T11:35:30.201+0000][4616][gc,task     ] GC(625) Using 8 workers of 8 for evacuation
[2024-02-23T11:35:30.201+0000][4616][gc,age      ] GC(625) Desired survivor size 155189248 bytes, new threshold 15 (max threshold 15)
[2024-02-23T11:35:30.306+0000][4616][gc,phases   ] GC(625)   Pre Evacuate Collection Set: 0.5ms
[2024-02-23T11:35:30.306+0000][4616][gc,phases   ] GC(625)   Merge Heap Roots: 0.3ms
[2024-02-23T11:35:30.306+0000][4616][gc,phases   ] GC(625)   Evacuate Collection Set: 102.9ms
[2024-02-23T11:35:30.306+0000][4616][gc,phases   ] GC(625)   Post Evacuate Collection Set: 1.1ms
[2024-02-23T11:35:30.306+0000][4616][gc,phases   ] GC(625)   Other: 0.2ms
[2024-02-23T11:35:30.306+0000][4616][gc,age      ] GC(625) Age table with threshold 15 (max threshold 15)
[2024-02-23T11:35:30.306+0000][4616][gc,age      ] GC(625) - age   1:   96790984 bytes,   96790984 total
[2024-02-23T11:35:30.306+0000][4616][gc,age      ] GC(625) - age   2:    1257944 bytes,   98048928 total
[2024-02-23T11:35:30.306+0000][4616][gc,heap     ] GC(625) Eden regions: 582->0(175)
[2024-02-23T11:35:30.306+0000][4616][gc,heap     ] GC(625) Survivor regions: 4->26(74)
[2024-02-23T11:35:30.306+0000][4616][gc,heap     ] GC(625) Old regions: 200->200
[2024-02-23T11:35:30.306+0000][4616][gc,heap     ] GC(625) Archive regions: 0->0
[2024-02-23T11:35:30.306+0000][4616][gc,heap     ] GC(625) Humongous regions: 5->5
[2024-02-23T11:35:30.306+0000][4616][gc,metaspace] GC(625) Metaspace: 132117K(137152K)->132117K(137152K) NonClass: 115137K(117888K)->115137K(117888K) Class: 16980K(19264K)->16980K(19264K)
[2024-02-23T11:35:30.306+0000][4616][gc          ] GC(625) Pause Young (Concurrent Start) (G1 Evacuation Pause) 3161M->918M(4040M) 105.528ms
[2024-02-23T11:35:30.306+0000][4616][gc          ] GC(626) Concurrent Mark Cycle
[2024-02-23T11:35:30.306+0000][4616][gc,cpu      ] GC(625) User=0.17s Sys=0.22s Real=0.11s
[2024-02-23T11:35:30.306+0000][4616][gc,marking  ] GC(626) Concurrent Clear Claimed Marks
[2024-02-23T11:35:30.306+0000][4616][safepoint   ] Safepoint "G1CollectForAllocation", Time since last: 25219642500 ns, Reaching safepoint: 79900 ns, At safepoint: 105743900 ns, Total: 105823800 ns
[2024-02-23T11:35:30.307+0000][4616][gc,marking  ] GC(626) Concurrent Clear Claimed Marks 0.337ms
[2024-02-23T11:35:30.307+0000][4616][gc,marking  ] GC(626) Concurrent Scan Root Regions
[2024-02-23T11:35:30.315+0000][4616][gc,marking  ] GC(626) Concurrent Scan Root Regions 8.342ms
[2024-02-23T11:35:30.315+0000][4616][gc,marking  ] GC(626) Concurrent Mark
[2024-02-23T11:35:30.315+0000][4616][gc,marking  ] GC(626) Concurrent Mark From Roots
[2024-02-23T11:35:30.315+0000][4616][gc,task     ] GC(626) Using 2 workers of 2 for marking
[2024-02-23T11:35:30.471+0000][4616][gc,marking  ] GC(626) Concurrent Mark From Roots 155.403ms
[2024-02-23T11:35:30.471+0000][4616][gc,marking  ] GC(626) Concurrent Preclean
[2024-02-23T11:35:30.472+0000][4616][gc,marking  ] GC(626) Concurrent Preclean 0.872ms
[2024-02-23T11:35:30.472+0000][4616][gc,start    ] GC(626) Pause Remark
[2024-02-23T11:35:30.483+0000][4616][gc          ] GC(626) Pause Remark 977M->973M(4040M) 10.896ms
[2024-02-23T11:35:30.483+0000][4616][gc,cpu      ] GC(626) User=0.09s Sys=0.00s Real=0.01s
[2024-02-23T11:35:30.483+0000][4616][safepoint   ] Safepoint "G1Concurrent", Time since last: 165087800 ns, Reaching safepoint: 66500 ns, At safepoint: 11053400 ns, Total: 11119900 ns
[2024-02-23T11:35:30.483+0000][4616][gc,marking  ] GC(626) Concurrent Mark 167.566ms
[2024-02-23T11:35:30.483+0000][4616][gc,marking  ] GC(626) Concurrent Rebuild Remembered Sets
[2024-02-23T11:35:30.588+0000][4616][gc,marking  ] GC(626) Concurrent Rebuild Remembered Sets 104.965ms
[2024-02-23T11:35:30.588+0000][4616][gc,start    ] GC(626) Pause Cleanup
[2024-02-23T11:35:30.590+0000][4616][gc          ] GC(626) Pause Cleanup 1008M->1008M(4040M) 1.238ms
[2024-02-23T11:35:30.590+0000][4616][gc,cpu      ] GC(626) User=0.00s Sys=0.00s Real=0.00s
[2024-02-23T11:35:30.591+0000][4616][safepoint   ] Safepoint "G1Concurrent", Time since last: 105125100 ns, Reaching safepoint: 44800 ns, At safepoint: 2119000 ns, Total: 2163800 ns
[2024-02-23T11:35:30.591+0000][4616][gc,marking  ] GC(626) Concurrent Cleanup for Next Mark
[2024-02-23T11:35:30.603+0000][4616][gc,marking  ] GC(626) Concurrent Cleanup for Next Mark 12.053ms
[2024-02-23T11:35:30.603+0000][4616][gc          ] GC(626) Concurrent Mark Cycle 295.910ms
[2024-02-23T11:35:43.800+0000][4616][safepoint   ] Safepoint "Cleanup", Time since last: 13109849100 ns, Reaching safepoint: 99636900 ns, At safepoint: 144000 ns, Total: 99780900 ns
[2024-02-23T11:36:14.738+0000][4616][gc,start    ] GC(627) Pause Young (Prepare Mixed) (G1 Evacuation Pause)
[2024-02-23T11:36:14.739+0000][4616][gc,task     ] GC(627) Using 8 workers of 8 for evacuation
[2024-02-23T11:36:14.739+0000][4616][gc,age      ] GC(627) Desired survivor size 146800640 bytes, new threshold 15 (max threshold 15)
[2024-02-23T11:36:14.770+0000][4616][gc,phases   ] GC(627)   Pre Evacuate Collection Set: 0.2ms
[2024-02-23T11:36:14.770+0000][4616][gc,phases   ] GC(627)   Merge Heap Roots: 0.3ms
[2024-02-23T11:36:14.770+0000][4616][gc,phases   ] GC(627)   Evacuate Collection Set: 29.2ms
[2024-02-23T11:36:14.770+0000][4616][gc,phases   ] GC(627)   Post Evacuate Collection Set: 1.4ms
[2024-02-23T11:36:14.770+0000][4616][gc,phases   ] GC(627)   Other: 0.5ms
[2024-02-23T11:36:14.770+0000][4616][gc,age      ] GC(627) Age table with threshold 15 (max threshold 15)
[2024-02-23T11:36:14.770+0000][4616][gc,age      ] GC(627) - age   1:   69006264 bytes,   69006264 total
[2024-02-23T11:36:14.770+0000][4616][gc,age      ] GC(627) - age   2:   75909424 bytes,  144915688 total
[2024-02-23T11:36:14.770+0000][4616][gc,age      ] GC(627) - age   3:     574096 bytes,  145489784 total
[2024-02-23T11:36:14.770+0000][4616][gc,heap     ] GC(627) Eden regions: 527->0(14)
[2024-02-23T11:36:14.770+0000][4616][gc,heap     ] GC(627) Survivor regions: 26->36(70)
[2024-02-23T11:36:14.771+0000][4616][gc,heap     ] GC(627) Old regions: 200->200
[2024-02-23T11:36:14.771+0000][4616][gc,heap     ] GC(627) Archive regions: 0->0
[2024-02-23T11:36:14.771+0000][4616][gc,heap     ] GC(627) Humongous regions: 4->4
[2024-02-23T11:36:14.771+0000][4616][gc,metaspace] GC(627) Metaspace: 132119K(137152K)->132119K(137152K) NonClass: 115138K(117888K)->115138K(117888K) Class: 16980K(19264K)->16980K(19264K)
[2024-02-23T11:36:14.771+0000][4616][gc          ] GC(627) Pause Young (Prepare Mixed) (G1 Evacuation Pause) 3022M->956M(4040M) 32.145ms
[2024-02-23T11:36:14.771+0000][4616][gc,cpu      ] GC(627) User=0.23s Sys=0.00s Real=0.03s
[2024-02-23T11:36:14.771+0000][4616][safepoint   ] Safepoint "G1CollectForAllocation", Time since last: 30938273300 ns, Reaching safepoint: 106800 ns, At safepoint: 32285700 ns, Total: 32392500 ns
[2024-02-23T11:36:15.498+0000][4616][gc,start    ] GC(628) Pause Young (Mixed) (G1 Evacuation Pause)
[2024-02-23T11:36:15.498+0000][4616][gc,task     ] GC(628) Using 8 workers of 8 for evacuation
[2024-02-23T11:36:15.498+0000][4616][gc,age      ] GC(628) Desired survivor size 14680064 bytes, new threshold 1 (max threshold 15)
[2024-02-23T11:36:15.763+0000][4616][gc,mmu      ] GC(628) MMU target violated: 201.0ms (200.0ms/201.0ms)
[2024-02-23T11:36:15.763+0000][4616][gc,phases   ] GC(628)   Pre Evacuate Collection Set: 0.2ms
[2024-02-23T11:36:15.763+0000][4616][gc,phases   ] GC(628)   Merge Heap Roots: 0.2ms
[2024-02-23T11:36:15.763+0000][4616][gc,phases   ] GC(628)   Evacuate Collection Set: 262.5ms
[2024-02-23T11:36:15.763+0000][4616][gc,phases   ] GC(628)   Post Evacuate Collection Set: 0.6ms
[2024-02-23T11:36:15.763+0000][4616][gc,phases   ] GC(628)   Other: 0.2ms
[2024-02-23T11:36:15.763+0000][4616][gc,age      ] GC(628) Age table with threshold 1 (max threshold 15)
[2024-02-23T11:36:15.763+0000][4616][gc,age      ] GC(628) - age   1:    2778072 bytes,    2778072 total
[2024-02-23T11:36:15.763+0000][4616][gc,heap     ] GC(628) Eden regions: 14->0(581)
[2024-02-23T11:36:15.763+0000][4616][gc,heap     ] GC(628) Survivor regions: 36->4(7)
[2024-02-23T11:36:15.763+0000][4616][gc,heap     ] GC(628) Old regions: 200->200
[2024-02-23T11:36:15.763+0000][4616][gc,heap     ] GC(628) Archive regions: 0->0
[2024-02-23T11:36:15.763+0000][4616][gc,heap     ] GC(628) Humongous regions: 4->4
[2024-02-23T11:36:15.763+0000][4616][gc,metaspace] GC(628) Metaspace: 132119K(137152K)->132119K(137152K) NonClass: 115138K(117888K)->115138K(117888K) Class: 16980K(19264K)->16980K(19264K)
[2024-02-23T11:36:15.763+0000][4616][gc          ] GC(628) Pause Young (Mixed) (G1 Evacuation Pause) 1012M->831M(4040M) 263.927ms
[2024-02-23T11:36:15.763+0000][4616][gc,cpu      ] GC(628) User=0.20s Sys=0.66s Real=0.27s
[2024-02-23T11:36:15.763+0000][4616][safepoint   ] Safepoint "G1CollectForAllocation", Time since last: 727825600 ns, Reaching safepoint: 102900 ns, At safepoint: 264250000 ns, Total: 264352900 ns
[2024-02-23T11:36:38.599+0000][4616][gc,start    ] GC(629) Pause Young (Concurrent Start) (G1 Evacuation Pause)
[2024-02-23T11:36:38.599+0000][4616][gc,task     ] GC(629) Using 8 workers of 8 for evacuation
[2024-02-23T11:36:38.599+0000][4616][gc,age      ] GC(629) Desired survivor size 155189248 bytes, new threshold 15 (max threshold 15)
[2024-02-23T11:36:38.620+0000][4616][gc,phases   ] GC(629)   Pre Evacuate Collection Set: 0.6ms
[2024-02-23T11:36:38.620+0000][4616][gc,phases   ] GC(629)   Merge Heap Roots: 0.2ms
[2024-02-23T11:36:38.620+0000][4616][gc,phases   ] GC(629)   Evacuate Collection Set: 20.6ms
[2024-02-23T11:36:38.620+0000][4616][gc,phases   ] GC(629)   Post Evacuate Collection Set: 1.4ms
[2024-02-23T11:36:38.620+0000][4616][gc,phases   ] GC(629)   Other: 0.4ms
[2024-02-23T11:36:38.620+0000][4616][gc,age      ] GC(629) Age table with threshold 15 (max threshold 15)
[2024-02-23T11:36:38.620+0000][4616][gc,age      ] GC(629) - age   1:   87526672 bytes,   87526672 total
[2024-02-23T11:36:38.620+0000][4616][gc,age      ] GC(629) - age   2:    1568800 bytes,   89095472 total
[2024-02-23T11:36:38.620+0000][4616][gc,heap     ] GC(629) Eden regions: 581->0(216)
[2024-02-23T11:36:38.620+0000][4616][gc,heap     ] GC(629) Survivor regions: 4->23(74)
[2024-02-23T11:36:38.620+0000][4616][gc,heap     ] GC(629) Old regions: 200->200
[2024-02-23T11:36:38.620+0000][4616][gc,heap     ] GC(629) Archive regions: 0->0
[2024-02-23T11:36:38.620+0000][4616][gc,heap     ] GC(629) Humongous regions: 4->4
[2024-02-23T11:36:38.620+0000][4616][gc,metaspace] GC(629) Metaspace: 132119K(137152K)->132119K(137152K) NonClass: 115138K(117888K)->115138K(117888K) Class: 16980K(19264K)->16980K(19264K)
[2024-02-23T11:36:38.620+0000][4616][gc          ] GC(629) Pause Young (Concurrent Start) (G1 Evacuation Pause) 3155M->903M(4040M) 23.542ms
[2024-02-23T11:36:38.620+0000][4616][gc          ] GC(630) Concurrent Mark Cycle
[2024-02-23T11:36:38.620+0000][4616][gc,cpu      ] GC(629) User=0.20s Sys=0.03s Real=0.02s
[2024-02-23T11:36:38.620+0000][4616][gc,marking  ] GC(630) Concurrent Clear Claimed Marks
[2024-02-23T11:36:38.620+0000][4616][safepoint   ] Safepoint "G1CollectForAllocation", Time since last: 22835391700 ns, Reaching safepoint: 529400 ns, At safepoint: 23798400 ns, Total: 24327800 ns
[2024-02-23T11:36:38.620+0000][4616][gc,marking  ] GC(630) Concurrent Clear Claimed Marks 0.221ms
[2024-02-23T11:36:38.620+0000][4616][gc,marking  ] GC(630) Concurrent Scan Root Regions
[2024-02-23T11:36:38.631+0000][4616][gc,marking  ] GC(630) Concurrent Scan Root Regions 8.590ms
[2024-02-23T11:36:38.631+0000][4616][gc,marking  ] GC(630) Concurrent Mark
[2024-02-23T11:36:38.631+0000][4616][gc,marking  ] GC(630) Concurrent Mark From Roots
[2024-02-23T11:36:38.631+0000][4616][gc,task     ] GC(630) Using 2 workers of 2 for marking
[2024-02-23T11:36:38.811+0000][4616][gc,marking  ] GC(630) Concurrent Mark From Roots 182.798ms
[2024-02-23T11:36:38.811+0000][4616][gc,marking  ] GC(630) Concurrent Preclean
[2024-02-23T11:36:38.811+0000][4616][gc,marking  ] GC(630) Concurrent Preclean 0.990ms
[2024-02-23T11:36:38.811+0000][4616][gc,start    ] GC(630) Pause Remark
[2024-02-23T11:36:38.830+0000][4616][gc          ] GC(630) Pause Remark 949M->941M(4040M) 14.417ms
[2024-02-23T11:36:38.830+0000][4616][gc,cpu      ] GC(630) User=0.11s Sys=0.02s Real=0.02s
[2024-02-23T11:36:38.830+0000][4616][safepoint   ] Safepoint "G1Concurrent", Time since last: 192681200 ns, Reaching safepoint: 129400 ns, At safepoint: 14582300 ns, Total: 14711700 ns
[2024-02-23T11:36:38.830+0000][4616][gc,marking  ] GC(630) Concurrent Mark 198.686ms
[2024-02-23T11:36:38.830+0000][4616][gc,marking  ] GC(630) Concurrent Rebuild Remembered Sets
[2024-02-23T11:36:38.957+0000][4616][gc,marking  ] GC(630) Concurrent Rebuild Remembered Sets 127.625ms
[2024-02-23T11:36:38.957+0000][4616][gc,start    ] GC(630) Pause Cleanup
[2024-02-23T11:36:38.957+0000][4616][gc          ] GC(630) Pause Cleanup 961M->961M(4040M) 1.078ms
[2024-02-23T11:36:38.957+0000][4616][gc,cpu      ] GC(630) User=0.00s Sys=0.00s Real=0.00s
[2024-02-23T11:36:38.959+0000][4616][safepoint   ] Safepoint "G1Concurrent", Time since last: 127791200 ns, Reaching safepoint: 83000 ns, At safepoint: 1212100 ns, Total: 1295100 ns
[2024-02-23T11:36:38.959+0000][4616][gc,marking  ] GC(630) Concurrent Cleanup for Next Mark
[2024-02-23T11:36:38.970+0000][4616][gc,marking  ] GC(630) Concurrent Cleanup for Next Mark 11.373ms
[2024-02-23T11:36:38.970+0000][4616][gc          ] GC(630) Concurrent Mark Cycle 348.205ms
[2024-02-23T11:36:45.991+0000][4616][safepoint   ] Safepoint "Cleanup", Time since last: 7031055200 ns, Reaching safepoint: 198000 ns, At safepoint: 52700 ns, Total: 250700 ns
[2024-02-23T11:37:16.283+0000][4616][gc,start    ] GC(631) Pause Young (Prepare Mixed) (G1 Evacuation Pause)
[2024-02-23T11:37:16.284+0000][4616][gc,task     ] GC(631) Using 8 workers of 8 for evacuation
[2024-02-23T11:37:16.284+0000][4616][gc,age      ] GC(631) Desired survivor size 153092096 bytes, new threshold 15 (max threshold 15)
[2024-02-23T11:37:16.380+0000][4616][gc,phases   ] GC(631)   Pre Evacuate Collection Set: 2.2ms
[2024-02-23T11:37:16.380+0000][4616][gc,phases   ] GC(631)   Merge Heap Roots: 0.4ms
[2024-02-23T11:37:16.380+0000][4616][gc,phases   ] GC(631)   Evacuate Collection Set: 92.1ms
[2024-02-23T11:37:16.380+0000][4616][gc,phases   ] GC(631)   Post Evacuate Collection Set: 1.1ms
[2024-02-23T11:37:16.380+0000][4616][gc,phases   ] GC(631)   Other: 0.2ms
[2024-02-23T11:37:16.380+0000][4616][gc,age      ] GC(631) Age table with threshold 15 (max threshold 15)
[2024-02-23T11:37:16.380+0000][4616][gc,age      ] GC(631) - age   1:   83307416 bytes,   83307416 total
[2024-02-23T11:37:16.380+0000][4616][gc,age      ] GC(631) - age   2:   64995592 bytes,  148303008 total
[2024-02-23T11:37:16.380+0000][4616][gc,age      ] GC(631) - age   3:    1431144 bytes,  149734152 total
[2024-02-23T11:37:16.380+0000][4616][gc,heap     ] GC(631) Eden regions: 561->0(12)
[2024-02-23T11:37:16.380+0000][4616][gc,heap     ] GC(631) Survivor regions: 23->38(73)
[2024-02-23T11:37:16.380+0000][4616][gc,heap     ] GC(631) Old regions: 200->200
[2024-02-23T11:37:16.380+0000][4616][gc,heap     ] GC(631) Archive regions: 0->0
[2024-02-23T11:37:16.380+0000][4616][gc,heap     ] GC(631) Humongous regions: 3->3
[2024-02-23T11:37:16.380+0000][4616][gc,metaspace] GC(631) Metaspace: 132119K(137152K)->132119K(137152K) NonClass: 115138K(117888K)->115138K(117888K) Class: 16980K(19264K)->16980K(19264K)
[2024-02-23T11:37:16.380+0000][4616][gc          ] GC(631) Pause Young (Prepare Mixed) (G1 Evacuation Pause) 3143M->959M(4040M) 96.282ms
[2024-02-23T11:37:16.380+0000][4616][gc,cpu      ] GC(631) User=0.27s Sys=0.23s Real=0.10s
[2024-02-23T11:37:16.380+0000][4616][safepoint   ] Safepoint "G1CollectForAllocation", Time since last: 30293112400 ns, Reaching safepoint: 114700 ns, At safepoint: 96426300 ns, Total: 96541000 ns
[2024-02-23T11:37:19.731+0000][4616][gc,start    ] GC(632) Pause Young (Mixed) (G1 Evacuation Pause)
[2024-02-23T11:37:19.731+0000][4616][gc,task     ] GC(632) Using 8 workers of 8 for evacuation
[2024-02-23T11:37:19.731+0000][4616][gc,age      ] GC(632) Desired survivor size 14680064 bytes, new threshold 1 (max threshold 15)
[2024-02-23T11:37:20.670+0000][4616][gc,mmu      ] GC(632) MMU target violated: 201.0ms (200.0ms/201.0ms)
[2024-02-23T11:37:20.670+0000][4616][gc,phases   ] GC(632)   Pre Evacuate Collection Set: 0.2ms
[2024-02-23T11:37:20.670+0000][4616][gc,phases   ] GC(632)   Merge Heap Roots: 0.2ms
[2024-02-23T11:37:20.670+0000][4616][gc,phases   ] GC(632)   Evacuate Collection Set: 933.0ms
[2024-02-23T11:37:20.670+0000][4616][gc,phases   ] GC(632)   Post Evacuate Collection Set: 0.8ms
[2024-02-23T11:37:20.670+0000][4616][gc,phases   ] GC(632)   Other: 0.3ms
[2024-02-23T11:37:20.670+0000][4616][gc,age      ] GC(632) Age table with threshold 1 (max threshold 15)
[2024-02-23T11:37:20.670+0000][4616][gc,age      ] GC(632) - age   1:    3693312 bytes,    3693312 total
[2024-02-23T11:37:20.670+0000][4616][gc,heap     ] GC(632) Eden regions: 12->0(261)
[2024-02-23T11:37:20.670+0000][4616][gc,heap     ] GC(632) Survivor regions: 38->4(7)
[2024-02-23T11:37:20.670+0000][4616][gc,heap     ] GC(632) Old regions: 200->203
[2024-02-23T11:37:20.670+0000][4616][gc,heap     ] GC(632) Archive regions: 0->0
[2024-02-23T11:37:20.670+0000][4616][gc,heap     ] GC(632) Humongous regions: 3->3
[2024-02-23T11:37:20.670+0000][4616][gc,metaspace] GC(632) Metaspace: 132119K(137152K)->132119K(137152K) NonClass: 115138K(117888K)->115138K(117888K) Class: 16980K(19264K)->16980K(19264K)
[2024-02-23T11:37:20.670+0000][4616][gc          ] GC(632) Pause Young (Mixed) (G1 Evacuation Pause) 1007M->837M(4040M) 934.673ms
[2024-02-23T11:37:20.670+0000][4616][gc,cpu      ] GC(632) User=0.14s Sys=5.98s Real=0.94s
[2024-02-23T11:37:20.672+0000][4616][safepoint   ] Safepoint "G1CollectForAllocation", Time since last: 3354634600 ns, Reaching safepoint: 73400 ns, At safepoint: 937088500 ns, Total: 937161900 ns
[2024-02-23T11:37:42.840+0000][4616][safepoint   ] Safepoint "Cleanup", Time since last: 22168324700 ns, Reaching safepoint: 163200 ns, At safepoint: 95400 ns, Total: 258600 ns
[2024-02-23T11:37:46.404+0000][4616][gc,start    ] GC(633) Pause Young (Concurrent Start) (G1 Evacuation Pause)
[2024-02-23T11:37:46.404+0000][4616][gc,task     ] GC(633) Using 8 workers of 8 for evacuation
[2024-02-23T11:37:46.404+0000][4616][gc,age      ] GC(633) Desired survivor size 71303168 bytes, new threshold 15 (max threshold 15)
[2024-02-23T11:37:46.420+0000][4616][gc,phases   ] GC(633)   Pre Evacuate Collection Set: 2.5ms
[2024-02-23T11:37:46.420+0000][4616][gc,phases   ] GC(633)   Merge Heap Roots: 0.2ms
[2024-02-23T11:37:46.420+0000][4616][gc,phases   ] GC(633)   Evacuate Collection Set: 10.5ms
[2024-02-23T11:37:46.420+0000][4616][gc,phases   ] GC(633)   Post Evacuate Collection Set: 1.3ms
[2024-02-23T11:37:46.420+0000][4616][gc,phases   ] GC(633)   Other: 0.7ms
[2024-02-23T11:37:46.420+0000][4616][gc,age      ] GC(633) Age table with threshold 15 (max threshold 15)
[2024-02-23T11:37:46.420+0000][4616][gc,age      ] GC(633) - age   1:   34864680 bytes,   34864680 total
[2024-02-23T11:37:46.420+0000][4616][gc,age      ] GC(633) - age   2:    2974776 bytes,   37839456 total
[2024-02-23T11:37:46.420+0000][4616][gc,heap     ] GC(633) Eden regions: 261->0(387)
[2024-02-23T11:37:46.420+0000][4616][gc,heap     ] GC(633) Survivor regions: 4->10(34)
[2024-02-23T11:37:46.420+0000][4616][gc,heap     ] GC(633) Old regions: 203->203
[2024-02-23T11:37:46.420+0000][4616][gc,heap     ] GC(633) Archive regions: 0->0
[2024-02-23T11:37:46.420+0000][4616][gc,heap     ] GC(633) Humongous regions: 3->3
[2024-02-23T11:37:46.420+0000][4616][gc,metaspace] GC(633) Metaspace: 132123K(137152K)->132123K(137152K) NonClass: 115142K(117888K)->115142K(117888K) Class: 16980K(19264K)->16980K(19264K)
[2024-02-23T11:37:46.420+0000][4616][gc          ] GC(633) Pause Young (Concurrent Start) (G1 Evacuation Pause) 1881M->861M(4040M) 15.824ms
[2024-02-23T11:37:46.420+0000][4616][gc          ] GC(634) Concurrent Mark Cycle
[2024-02-23T11:37:46.420+0000][4616][gc,cpu      ] GC(633) User=0.02s Sys=0.00s Real=0.02s
[2024-02-23T11:37:46.420+0000][4616][gc,marking  ] GC(634) Concurrent Clear Claimed Marks
[2024-02-23T11:37:46.420+0000][4616][safepoint   ] Safepoint "G1CollectForAllocation", Time since last: 3563412600 ns, Reaching safepoint: 128900 ns, At safepoint: 16169600 ns, Total: 16298500 ns
[2024-02-23T11:37:46.420+0000][4616][gc,marking  ] GC(634) Concurrent Clear Claimed Marks 0.271ms
[2024-02-23T11:37:46.420+0000][4616][gc,marking  ] GC(634) Concurrent Scan Root Regions
[2024-02-23T11:37:46.422+0000][4616][gc,marking  ] GC(634) Concurrent Scan Root Regions 5.863ms
[2024-02-23T11:37:46.422+0000][4616][gc,marking  ] GC(634) Concurrent Mark
[2024-02-23T11:37:46.422+0000][4616][gc,marking  ] GC(634) Concurrent Mark From Roots
[2024-02-23T11:37:46.422+0000][4616][gc,task     ] GC(634) Using 2 workers of 2 for marking
[2024-02-23T11:37:46.615+0000][4616][gc,marking  ] GC(634) Concurrent Mark From Roots 199.831ms
[2024-02-23T11:37:46.615+0000][4616][gc,marking  ] GC(634) Concurrent Preclean
[2024-02-23T11:37:46.615+0000][4616][gc,marking  ] GC(634) Concurrent Preclean 0.639ms
[2024-02-23T11:37:46.615+0000][4616][gc,start    ] GC(634) Pause Remark
[2024-02-23T11:37:46.630+0000][4616][gc          ] GC(634) Pause Remark 899M->895M(4040M) 12.508ms
[2024-02-23T11:37:46.630+0000][4616][gc,cpu      ] GC(634) User=0.12s Sys=0.00s Real=0.02s
[2024-02-23T11:37:46.630+0000][4616][safepoint   ] Safepoint "G1Concurrent", Time since last: 206669400 ns, Reaching safepoint: 88400 ns, At safepoint: 12624700 ns, Total: 12713100 ns
[2024-02-23T11:37:46.630+0000][4616][gc,marking  ] GC(634) Concurrent Mark 213.337ms
[2024-02-23T11:37:46.630+0000][4616][gc,marking  ] GC(634) Concurrent Rebuild Remembered Sets
[2024-02-23T11:37:46.763+0000][4616][gc,marking  ] GC(634) Concurrent Rebuild Remembered Sets 123.488ms
[2024-02-23T11:37:46.764+0000][4616][gc,start    ] GC(634) Pause Cleanup
[2024-02-23T11:37:46.764+0000][4616][gc          ] GC(634) Pause Cleanup 909M->909M(4040M) 0.621ms
[2024-02-23T11:37:46.764+0000][4616][gc,cpu      ] GC(634) User=0.00s Sys=0.00s Real=0.00s
[2024-02-23T11:37:46.764+0000][4616][safepoint   ] Safepoint "G1Concurrent", Time since last: 123613200 ns, Reaching safepoint: 78500 ns, At safepoint: 702600 ns, Total: 781100 ns
[2024-02-23T11:37:46.764+0000][4616][gc,marking  ] GC(634) Concurrent Cleanup for Next Mark
[2024-02-23T11:37:46.775+0000][4616][gc,marking  ] GC(634) Concurrent Cleanup for Next Mark 11.537ms
[2024-02-23T11:37:46.775+0000][4616][gc          ] GC(634) Concurrent Mark Cycle 355.646ms
[2024-02-23T11:37:54.358+0000][4616][gc,start    ] GC(635) Pause Young (Prepare Mixed) (G1 Evacuation Pause)
[2024-02-23T11:37:54.358+0000][4616][gc,task     ] GC(635) Using 8 workers of 8 for evacuation
[2024-02-23T11:37:54.358+0000][4616][gc,age      ] GC(635) Desired survivor size 79691776 bytes, new threshold 15 (max threshold 15)
[2024-02-23T11:37:54.374+0000][4616][gc,phases   ] GC(635)   Pre Evacuate Collection Set: 0.3ms
[2024-02-23T11:37:54.374+0000][4616][gc,phases   ] GC(635)   Merge Heap Roots: 0.4ms
[2024-02-23T11:37:54.374+0000][4616][gc,phases   ] GC(635)   Evacuate Collection Set: 23.0ms
[2024-02-23T11:37:54.374+0000][4616][gc,phases   ] GC(635)   Post Evacuate Collection Set: 2.9ms
[2024-02-23T11:37:54.374+0000][4616][gc,phases   ] GC(635)   Other: 0.3ms
[2024-02-23T11:37:54.374+0000][4616][gc,age      ] GC(635) Age table with threshold 15 (max threshold 15)
[2024-02-23T11:37:54.374+0000][4616][gc,age      ] GC(635) - age   1:   43254928 bytes,   43254928 total
[2024-02-23T11:37:54.374+0000][4616][gc,age      ] GC(635) - age   2:   30911400 bytes,   74166328 total
[2024-02-23T11:37:54.374+0000][4616][gc,age      ] GC(635) - age   3:    2669632 bytes,   76835960 total
[2024-02-23T11:37:54.374+0000][4616][gc,heap     ] GC(635) Eden regions: 288->0(30)
[2024-02-23T11:37:54.374+0000][4616][gc,heap     ] GC(635) Survivor regions: 10->20(38)
[2024-02-23T11:37:54.374+0000][4616][gc,heap     ] GC(635) Old regions: 203->203
[2024-02-23T11:37:54.374+0000][4616][gc,heap     ] GC(635) Archive regions: 0->0
[2024-02-23T11:37:54.374+0000][4616][gc,heap     ] GC(635) Humongous regions: 3->3
[2024-02-23T11:37:54.374+0000][4616][gc,metaspace] GC(635) Metaspace: 132123K(137152K)->132123K(137152K) NonClass: 115142K(117888K)->115142K(117888K) Class: 16980K(19264K)->16980K(19264K)
[2024-02-23T11:37:54.386+0000][4616][gc          ] GC(635) Pause Young (Prepare Mixed) (G1 Evacuation Pause) 2013M->898M(4040M) 28.208ms
[2024-02-23T11:37:54.386+0000][4616][gc,cpu      ] GC(635) User=0.14s Sys=0.02s Real=0.03s
[2024-02-23T11:37:54.386+0000][4616][safepoint   ] Safepoint "G1CollectForAllocation", Time since last: 7584785800 ns, Reaching safepoint: 9203900 ns, At safepoint: 28824100 ns, Total: 38028000 ns
[2024-02-23T11:37:55.017+0000][4616][gc,start    ] GC(636) Pause Young (Mixed) (G1 Evacuation Pause)
[2024-02-23T11:37:55.017+0000][4616][gc,task     ] GC(636) Using 8 workers of 8 for evacuation
[2024-02-23T11:37:55.017+0000][4616][gc,age      ] GC(636) Desired survivor size 14680064 bytes, new threshold 1 (max threshold 15)
[2024-02-23T11:37:55.081+0000][4616][gc,phases   ] GC(636)   Pre Evacuate Collection Set: 0.2ms
[2024-02-23T11:37:55.081+0000][4616][gc,phases   ] GC(636)   Merge Heap Roots: 0.2ms
[2024-02-23T11:37:55.081+0000][4616][gc,phases   ] GC(636)   Evacuate Collection Set: 62.2ms
[2024-02-23T11:37:55.081+0000][4616][gc,phases   ] GC(636)   Post Evacuate Collection Set: 0.5ms
[2024-02-23T11:37:55.081+0000][4616][gc,phases   ] GC(636)   Other: 0.2ms
[2024-02-23T11:37:55.081+0000][4616][gc,age      ] GC(636) Age table with threshold 1 (max threshold 15)
[2024-02-23T11:37:55.081+0000][4616][gc,age      ] GC(636) - age   1:    4278296 bytes,    4278296 total
[2024-02-23T11:37:55.081+0000][4616][gc,heap     ] GC(636) Eden regions: 30->0(587)
[2024-02-23T11:37:55.081+0000][4616][gc,heap     ] GC(636) Survivor regions: 20->2(7)
[2024-02-23T11:37:55.081+0000][4616][gc,heap     ] GC(636) Old regions: 203->200
[2024-02-23T11:37:55.081+0000][4616][gc,heap     ] GC(636) Archive regions: 0->0
[2024-02-23T11:37:55.081+0000][4616][gc,heap     ] GC(636) Humongous regions: 3->3
[2024-02-23T11:37:55.081+0000][4616][gc,metaspace] GC(636) Metaspace: 132123K(137152K)->132123K(137152K) NonClass: 115142K(117888K)->115142K(117888K) Class: 16980K(19264K)->16980K(19264K)
[2024-02-23T11:37:55.081+0000][4616][gc          ] GC(636) Pause Young (Mixed) (G1 Evacuation Pause) 1018M->818M(4040M) 63.591ms
[2024-02-23T11:37:55.081+0000][4616][gc,cpu      ] GC(636) User=0.02s Sys=0.20s Real=0.06s
[2024-02-23T11:37:55.082+0000][4616][safepoint   ] Safepoint "G1CollectForAllocation", Time since last: 630396100 ns, Reaching safepoint: 125100 ns, At safepoint: 63945000 ns, Total: 64070100 ns
[2024-02-23T11:37:57.764+0000][4616][gc,start    ] GC(637) Pause Young (Concurrent Start) (G1 Humongous Allocation)
[2024-02-23T11:37:57.764+0000][4616][gc,task     ] GC(637) Using 8 workers of 8 for evacuation
[2024-02-23T11:37:57.764+0000][4616][gc,age      ] GC(637) Desired survivor size 155189248 bytes, new threshold 15 (max threshold 15)
[2024-02-23T11:37:57.782+0000][4616][gc,phases   ] GC(637)   Pre Evacuate Collection Set: 0.4ms
[2024-02-23T11:37:57.782+0000][4616][gc,phases   ] GC(637)   Merge Heap Roots: 0.1ms
[2024-02-23T11:37:57.782+0000][4616][gc,phases   ] GC(637)   Evacuate Collection Set: 6.1ms
[2024-02-23T11:37:57.782+0000][4616][gc,phases   ] GC(637)   Post Evacuate Collection Set: 0.7ms
[2024-02-23T11:37:57.782+0000][4616][gc,phases   ] GC(637)   Other: 0.1ms
[2024-02-23T11:37:57.782+0000][4616][gc,age      ] GC(637) Age table with threshold 15 (max threshold 15)
[2024-02-23T11:37:57.782+0000][4616][gc,age      ] GC(637) - age   1:   13606056 bytes,   13606056 total
[2024-02-23T11:37:57.782+0000][4616][gc,age      ] GC(637) - age   2:    3710688 bytes,   17316744 total
[2024-02-23T11:37:57.782+0000][4616][gc,heap     ] GC(637) Eden regions: 88->0(595)
[2024-02-23T11:37:57.782+0000][4616][gc,heap     ] GC(637) Survivor regions: 2->5(74)
[2024-02-23T11:37:57.782+0000][4616][gc,heap     ] GC(637) Old regions: 200->200
[2024-02-23T11:37:57.782+0000][4616][gc,heap     ] GC(637) Archive regions: 0->0
[2024-02-23T11:37:57.782+0000][4616][gc,heap     ] GC(637) Humongous regions: 3->3
[2024-02-23T11:37:57.782+0000][4616][gc,metaspace] GC(637) Metaspace: 132125K(137152K)->132125K(137152K) NonClass: 115145K(117888K)->115145K(117888K) Class: 16980K(19264K)->16980K(19264K)
[2024-02-23T11:37:57.782+0000][4616][gc          ] GC(637) Pause Young (Concurrent Start) (G1 Humongous Allocation) 1167M->828M(4040M) 7.781ms
[2024-02-23T11:37:57.782+0000][4616][gc          ] GC(638) Concurrent Mark Cycle
[2024-02-23T11:37:57.782+0000][4616][gc,cpu      ] GC(637) User=0.03s Sys=0.03s Real=0.02s
[2024-02-23T11:37:57.782+0000][4616][gc,marking  ] GC(638) Concurrent Clear Claimed Marks
[2024-02-23T11:37:57.782+0000][4616][safepoint   ] Safepoint "G1TryInitiateConcMark", Time since last: 2696133900 ns, Reaching safepoint: 77100 ns, At safepoint: 7994300 ns, Total: 8071400 ns
[2024-02-23T11:37:57.782+0000][4616][gc,marking  ] GC(638) Concurrent Clear Claimed Marks 0.179ms
[2024-02-23T11:37:57.782+0000][4616][gc,marking  ] GC(638) Concurrent Scan Root Regions
[2024-02-23T11:37:57.782+0000][4616][gc,marking  ] GC(638) Concurrent Scan Root Regions 2.434ms
[2024-02-23T11:37:57.782+0000][4616][gc,marking  ] GC(638) Concurrent Mark
[2024-02-23T11:37:57.782+0000][4616][gc,marking  ] GC(638) Concurrent Mark From Roots
[2024-02-23T11:37:57.782+0000][4616][gc,task     ] GC(638) Using 2 workers of 2 for marking
[2024-02-23T11:37:57.954+0000][4616][gc,marking  ] GC(638) Concurrent Mark From Roots 173.460ms
[2024-02-23T11:37:57.954+0000][4616][gc,marking  ] GC(638) Concurrent Preclean
[2024-02-23T11:37:57.954+0000][4616][gc,marking  ] GC(638) Concurrent Preclean 0.646ms
[2024-02-23T11:37:57.954+0000][4616][gc,start    ] GC(638) Pause Remark
[2024-02-23T11:37:57.970+0000][4616][gc          ] GC(638) Pause Remark 846M->846M(4040M) 12.666ms
[2024-02-23T11:37:57.970+0000][4616][gc,cpu      ] GC(638) User=0.05s Sys=0.00s Real=0.02s
[2024-02-23T11:37:57.970+0000][4616][safepoint   ] Safepoint "G1Concurrent", Time since last: 176804900 ns, Reaching safepoint: 87600 ns, At safepoint: 12782500 ns, Total: 12870100 ns
[2024-02-23T11:37:57.970+0000][4616][gc,marking  ] GC(638) Concurrent Mark 187.119ms
[2024-02-23T11:37:57.970+0000][4616][gc,marking  ] GC(638) Concurrent Rebuild Remembered Sets
[2024-02-23T11:37:58.108+0000][4616][gc,marking  ] GC(638) Concurrent Rebuild Remembered Sets 135.391ms
[2024-02-23T11:37:58.108+0000][4616][gc,start    ] GC(638) Pause Cleanup
[2024-02-23T11:37:58.108+0000][4616][gc          ] GC(638) Pause Cleanup 862M->862M(4040M) 2.900ms
[2024-02-23T11:37:58.108+0000][4616][gc,cpu      ] GC(638) User=0.00s Sys=0.00s Real=0.00s
[2024-02-23T11:37:58.108+0000][4616][safepoint   ] Safepoint "G1Concurrent", Time since last: 135525400 ns, Reaching safepoint: 83000 ns, At safepoint: 3011700 ns, Total: 3094700 ns
[2024-02-23T11:37:58.108+0000][4616][gc,marking  ] GC(638) Concurrent Cleanup for Next Mark
[2024-02-23T11:37:58.119+0000][4616][gc,marking  ] GC(638) Concurrent Cleanup for Next Mark 5.408ms
[2024-02-23T11:37:58.119+0000][4616][gc          ] GC(638) Concurrent Mark Cycle 334.113ms
[2024-02-23T11:38:38.706+0000][4616][gc,start    ] GC(639) Pause Young (Prepare Mixed) (G1 Evacuation Pause)
[2024-02-23T11:38:38.706+0000][4616][gc,task     ] GC(639) Using 8 workers of 8 for evacuation
[2024-02-23T11:38:38.706+0000][4616][gc,age      ] GC(639) Desired survivor size 157286400 bytes, new threshold 15 (max threshold 15)
[2024-02-23T11:38:38.765+0000][4616][gc,phases   ] GC(639)   Pre Evacuate Collection Set: 0.2ms
[2024-02-23T11:38:38.765+0000][4616][gc,phases   ] GC(639)   Merge Heap Roots: 0.2ms
[2024-02-23T11:38:38.765+0000][4616][gc,phases   ] GC(639)   Evacuate Collection Set: 65.1ms
[2024-02-23T11:38:38.765+0000][4616][gc,phases   ] GC(639)   Post Evacuate Collection Set: 1.0ms
[2024-02-23T11:38:38.765+0000][4616][gc,phases   ] GC(639)   Other: 0.3ms
[2024-02-23T11:38:38.765+0000][4616][gc,age      ] GC(639) Age table with threshold 15 (max threshold 15)
[2024-02-23T11:38:38.765+0000][4616][gc,age      ] GC(639) - age   1:   90397624 bytes,   90397624 total
[2024-02-23T11:38:38.765+0000][4616][gc,age      ] GC(639) - age   2:   10096072 bytes,  100493696 total
[2024-02-23T11:38:38.765+0000][4616][gc,age      ] GC(639) - age   3:    3068352 bytes,  103562048 total
[2024-02-23T11:38:38.765+0000][4616][gc,heap     ] GC(639) Eden regions: 595->0(24)
[2024-02-23T11:38:38.765+0000][4616][gc,heap     ] GC(639) Survivor regions: 5->26(75)
[2024-02-23T11:38:38.765+0000][4616][gc,heap     ] GC(639) Old regions: 200->200
[2024-02-23T11:38:38.765+0000][4616][gc,heap     ] GC(639) Archive regions: 0->0
[2024-02-23T11:38:38.765+0000][4616][gc,heap     ] GC(639) Humongous regions: 5->5
[2024-02-23T11:38:38.765+0000][4616][gc,metaspace] GC(639) Metaspace: 132129K(137152K)->132129K(137152K) NonClass: 115148K(117888K)->115148K(117888K) Class: 16980K(19264K)->16980K(19264K)
[2024-02-23T11:38:38.765+0000][4616][gc          ] GC(639) Pause Young (Prepare Mixed) (G1 Evacuation Pause) 3216M->920M(4040M) 67.259ms
[2024-02-23T11:38:38.765+0000][4616][gc,cpu      ] GC(639) User=0.14s Sys=0.17s Real=0.06s
[2024-02-23T11:38:38.765+0000][4616][safepoint   ] Safepoint "G1CollectForAllocation", Time since last: 40592961000 ns, Reaching safepoint: 100300 ns, At safepoint: 67462600 ns, Total: 67562900 ns
[2024-02-23T11:38:39.507+0000][4616][gc,start    ] GC(640) Pause Young (Mixed) (G1 Evacuation Pause)
[2024-02-23T11:38:39.507+0000][4616][gc,task     ] GC(640) Using 8 workers of 8 for evacuation
[2024-02-23T11:38:39.507+0000][4616][gc,age      ] GC(640) Desired survivor size 14680064 bytes, new threshold 1 (max threshold 15)
[2024-02-23T11:38:39.551+0000][4616][gc,phases   ] GC(640)   Pre Evacuate Collection Set: 0.1ms
[2024-02-23T11:38:39.551+0000][4616][gc,phases   ] GC(640)   Merge Heap Roots: 0.1ms
[2024-02-23T11:38:39.551+0000][4616][gc,phases   ] GC(640)   Evacuate Collection Set: 41.2ms
[2024-02-23T11:38:39.551+0000][4616][gc,phases   ] GC(640)   Post Evacuate Collection Set: 0.7ms
[2024-02-23T11:38:39.551+0000][4616][gc,phases   ] GC(640)   Other: 1.8ms
[2024-02-23T11:38:39.551+0000][4616][gc,age      ] GC(640) Age table with threshold 1 (max threshold 15)
[2024-02-23T11:38:39.551+0000][4616][gc,age      ] GC(640) - age   1:    2736456 bytes,    2736456 total
[2024-02-23T11:38:39.551+0000][4616][gc,heap     ] GC(640) Eden regions: 24->0(577)
[2024-02-23T11:38:39.551+0000][4616][gc,heap     ] GC(640) Survivor regions: 26->2(7)
[2024-02-23T11:38:39.551+0000][4616][gc,heap     ] GC(640) Old regions: 200->214
[2024-02-23T11:38:39.551+0000][4616][gc,heap     ] GC(640) Archive regions: 0->0
[2024-02-23T11:38:39.551+0000][4616][gc,heap     ] GC(640) Humongous regions: 5->5
[2024-02-23T11:38:39.551+0000][4616][gc,metaspace] GC(640) Metaspace: 132129K(137152K)->132129K(137152K) NonClass: 115148K(117888K)->115148K(117888K) Class: 16980K(19264K)->16980K(19264K)
[2024-02-23T11:38:39.551+0000][4616][gc          ] GC(640) Pause Young (Mixed) (G1 Evacuation Pause) 1016M->883M(4040M) 44.267ms
[2024-02-23T11:38:39.551+0000][4616][gc,cpu      ] GC(640) User=0.12s Sys=0.09s Real=0.04s
[2024-02-23T11:38:39.552+0000][4616][safepoint   ] Safepoint "G1CollectForAllocation", Time since last: 733137400 ns, Reaching safepoint: 44400 ns, At safepoint: 44384100 ns, Total: 44428500 ns
[2024-02-23T11:38:42.571+0000][4616][safepoint   ] Safepoint "Cleanup", Time since last: 3018933100 ns, Reaching safepoint: 142700 ns, At safepoint: 42300 ns, Total: 185000 ns
[2024-02-23T11:38:49.933+0000][4616][gc,start    ] GC(641) Pause Young (Concurrent Start) (G1 Humongous Allocation)
[2024-02-23T11:38:49.933+0000][4616][gc,task     ] GC(641) Using 8 workers of 8 for evacuation
[2024-02-23T11:38:49.933+0000][4616][gc,age      ] GC(641) Desired survivor size 153092096 bytes, new threshold 15 (max threshold 15)
[2024-02-23T11:38:49.947+0000][4616][gc,phases   ] GC(641)   Pre Evacuate Collection Set: 0.7ms
[2024-02-23T11:38:49.947+0000][4616][gc,phases   ] GC(641)   Merge Heap Roots: 0.1ms
[2024-02-23T11:38:49.947+0000][4616][gc,phases   ] GC(641)   Evacuate Collection Set: 9.8ms
[2024-02-23T11:38:49.947+0000][4616][gc,phases   ] GC(641)   Post Evacuate Collection Set: 2.3ms
[2024-02-23T11:38:49.947+0000][4616][gc,phases   ] GC(641)   Other: 0.4ms
[2024-02-23T11:38:49.947+0000][4616][gc,age      ] GC(641) Age table with threshold 15 (max threshold 15)
[2024-02-23T11:38:49.947+0000][4616][gc,age      ] GC(641) - age   1:   39537536 bytes,   39537536 total
[2024-02-23T11:38:49.947+0000][4616][gc,age      ] GC(641) - age   2:    1232056 bytes,   40769592 total
[2024-02-23T11:38:49.947+0000][4616][gc,heap     ] GC(641) Eden regions: 229->0(470)
[2024-02-23T11:38:49.947+0000][4616][gc,heap     ] GC(641) Survivor regions: 2->11(73)
[2024-02-23T11:38:49.947+0000][4616][gc,heap     ] GC(641) Old regions: 214->214
[2024-02-23T11:38:49.947+0000][4616][gc,heap     ] GC(641) Archive regions: 0->0
[2024-02-23T11:38:49.947+0000][4616][gc,heap     ] GC(641) Humongous regions: 5->5
[2024-02-23T11:38:49.947+0000][4616][gc,metaspace] GC(641) Metaspace: 132129K(137152K)->132129K(137152K) NonClass: 115148K(117888K)->115148K(117888K) Class: 16980K(19264K)->16980K(19264K)
[2024-02-23T11:38:49.947+0000][4616][gc          ] GC(641) Pause Young (Concurrent Start) (G1 Humongous Allocation) 1796M->917M(4040M) 13.613ms
[2024-02-23T11:38:49.947+0000][4616][gc          ] GC(642) Concurrent Mark Cycle
[2024-02-23T11:38:49.947+0000][4616][gc,cpu      ] GC(641) User=0.00s Sys=0.00s Real=0.01s
[2024-02-23T11:38:49.947+0000][4616][gc,marking  ] GC(642) Concurrent Clear Claimed Marks
[2024-02-23T11:38:49.947+0000][4616][safepoint   ] Safepoint "G1TryInitiateConcMark", Time since last: 7362397200 ns, Reaching safepoint: 94700 ns, At safepoint: 13770600 ns, Total: 13865300 ns
[2024-02-23T11:38:49.947+0000][4616][gc,marking  ] GC(642) Concurrent Clear Claimed Marks 0.132ms
[2024-02-23T11:38:49.947+0000][4616][gc,marking  ] GC(642) Concurrent Scan Root Regions
[2024-02-23T11:38:49.952+0000][4616][gc,marking  ] GC(642) Concurrent Scan Root Regions 4.277ms
[2024-02-23T11:38:49.952+0000][4616][gc,marking  ] GC(642) Concurrent Mark
[2024-02-23T11:38:49.952+0000][4616][gc,marking  ] GC(642) Concurrent Mark From Roots
[2024-02-23T11:38:49.952+0000][4616][gc,task     ] GC(642) Using 2 workers of 2 for marking
[2024-02-23T11:38:50.095+0000][4616][gc,marking  ] GC(642) Concurrent Mark From Roots 143.397ms
[2024-02-23T11:38:50.095+0000][4616][gc,marking  ] GC(642) Concurrent Preclean
[2024-02-23T11:38:50.096+0000][4616][gc,marking  ] GC(642) Concurrent Preclean 0.563ms
[2024-02-23T11:38:50.096+0000][4616][gc,start    ] GC(642) Pause Remark
[2024-02-23T11:38:50.104+0000][4616][gc          ] GC(642) Pause Remark 947M->939M(4040M) 8.915ms
[2024-02-23T11:38:50.104+0000][4616][gc,cpu      ] GC(642) User=0.11s Sys=0.00s Real=0.01s
[2024-02-23T11:38:50.105+0000][4616][safepoint   ] Safepoint "G1Concurrent", Time since last: 148453100 ns, Reaching safepoint: 33600 ns, At safepoint: 9047000 ns, Total: 9080600 ns
[2024-02-23T11:38:50.105+0000][4616][gc,marking  ] GC(642) Concurrent Mark 153.151ms
[2024-02-23T11:38:50.105+0000][4616][gc,marking  ] GC(642) Concurrent Rebuild Remembered Sets
[2024-02-23T11:38:50.219+0000][4616][gc,marking  ] GC(642) Concurrent Rebuild Remembered Sets 114.306ms
[2024-02-23T11:38:50.219+0000][4616][gc,start    ] GC(642) Pause Cleanup
[2024-02-23T11:38:50.220+0000][4616][gc          ] GC(642) Pause Cleanup 963M->963M(4040M) 1.330ms
[2024-02-23T11:38:50.220+0000][4616][gc,cpu      ] GC(642) User=0.00s Sys=0.00s Real=0.00s
[2024-02-23T11:38:50.220+0000][4616][safepoint   ] Safepoint "G1Concurrent", Time since last: 114420400 ns, Reaching safepoint: 60300 ns, At safepoint: 1436100 ns, Total: 1496400 ns
[2024-02-23T11:38:50.221+0000][4616][gc,marking  ] GC(642) Concurrent Cleanup for Next Mark
[2024-02-23T11:38:50.227+0000][4616][gc,marking  ] GC(642) Concurrent Cleanup for Next Mark 6.836ms
[2024-02-23T11:38:50.227+0000][4616][gc          ] GC(642) Concurrent Mark Cycle 280.483ms
[2024-02-23T11:39:15.815+0000][4616][gc,start    ] GC(643) Pause Young (Prepare Mixed) (G1 Evacuation Pause)
[2024-02-23T11:39:15.815+0000][4616][gc,task     ] GC(643) Using 8 workers of 8 for evacuation
[2024-02-23T11:39:15.815+0000][4616][gc,age      ] GC(643) Desired survivor size 153092096 bytes, new threshold 15 (max threshold 15)
[2024-02-23T11:39:15.847+0000][4616][gc,phases   ] GC(643)   Pre Evacuate Collection Set: 0.2ms
[2024-02-23T11:39:15.847+0000][4616][gc,phases   ] GC(643)   Merge Heap Roots: 0.3ms
[2024-02-23T11:39:15.847+0000][4616][gc,phases   ] GC(643)   Evacuate Collection Set: 26.7ms
[2024-02-23T11:39:15.847+0000][4616][gc,phases   ] GC(643)   Post Evacuate Collection Set: 1.6ms
[2024-02-23T11:39:15.847+0000][4616][gc,phases   ] GC(643)   Other: 2.5ms
[2024-02-23T11:39:15.847+0000][4616][gc,age      ] GC(643) Age table with threshold 15 (max threshold 15)
[2024-02-23T11:39:15.847+0000][4616][gc,age      ] GC(643) - age   1:   83738192 bytes,   83738192 total
[2024-02-23T11:39:15.847+0000][4616][gc,age      ] GC(643) - age   2:   31584560 bytes,  115322752 total
[2024-02-23T11:39:15.847+0000][4616][gc,age      ] GC(643) - age   3:     599968 bytes,  115922720 total
[2024-02-23T11:39:15.847+0000][4616][gc,heap     ] GC(643) Eden regions: 573->0(21)
[2024-02-23T11:39:15.847+0000][4616][gc,heap     ] GC(643) Survivor regions: 11->29(73)
[2024-02-23T11:39:15.847+0000][4616][gc,heap     ] GC(643) Old regions: 214->214
[2024-02-23T11:39:15.847+0000][4616][gc,heap     ] GC(643) Archive regions: 0->0
[2024-02-23T11:39:15.847+0000][4616][gc,heap     ] GC(643) Humongous regions: 5->5
[2024-02-23T11:39:15.847+0000][4616][gc,metaspace] GC(643) Metaspace: 132129K(137152K)->132129K(137152K) NonClass: 115148K(117888K)->115148K(117888K) Class: 16980K(19264K)->16980K(19264K)
[2024-02-23T11:39:15.847+0000][4616][gc          ] GC(643) Pause Young (Prepare Mixed) (G1 Evacuation Pause) 3209M->989M(4040M) 31.764ms
[2024-02-23T11:39:15.847+0000][4616][gc,cpu      ] GC(643) User=0.20s Sys=0.02s Real=0.03s
[2024-02-23T11:39:15.847+0000][4616][safepoint   ] Safepoint "G1CollectForAllocation", Time since last: 25594421300 ns, Reaching safepoint: 131400 ns, At safepoint: 31920000 ns, Total: 32051400 ns
[2024-02-23T11:39:17.256+0000][4616][gc,start    ] GC(644) Pause Young (Mixed) (G1 Evacuation Pause)
[2024-02-23T11:39:17.257+0000][4616][gc,task     ] GC(644) Using 8 workers of 8 for evacuation
[2024-02-23T11:39:17.257+0000][4616][gc,age      ] GC(644) Desired survivor size 14680064 bytes, new threshold 1 (max threshold 15)
[2024-02-23T11:39:17.646+0000][4616][gc,mmu      ] GC(644) MMU target violated: 201.0ms (200.0ms/201.0ms)
[2024-02-23T11:39:17.646+0000][4616][gc,phases   ] GC(644)   Pre Evacuate Collection Set: 0.2ms
[2024-02-23T11:39:17.646+0000][4616][gc,phases   ] GC(644)   Merge Heap Roots: 0.2ms
[2024-02-23T11:39:17.646+0000][4616][gc,phases   ] GC(644)   Evacuate Collection Set: 385.4ms
[2024-02-23T11:39:17.646+0000][4616][gc,phases   ] GC(644)   Post Evacuate Collection Set: 1.7ms
[2024-02-23T11:39:17.646+0000][4616][gc,phases   ] GC(644)   Other: 2.1ms
[2024-02-23T11:39:17.646+0000][4616][gc,age      ] GC(644) Age table with threshold 1 (max threshold 15)
[2024-02-23T11:39:17.646+0000][4616][gc,age      ] GC(644) - age   1:    2976320 bytes,    2976320 total
[2024-02-23T11:39:17.646+0000][4616][gc,heap     ] GC(644) Eden regions: 21->0(583)
[2024-02-23T11:39:17.646+0000][4616][gc,heap     ] GC(644) Survivor regions: 29->3(7)
[2024-02-23T11:39:17.646+0000][4616][gc,heap     ] GC(644) Old regions: 214->207
[2024-02-23T11:39:17.646+0000][4616][gc,heap     ] GC(644) Archive regions: 0->0
[2024-02-23T11:39:17.646+0000][4616][gc,heap     ] GC(644) Humongous regions: 5->5
[2024-02-23T11:39:17.646+0000][4616][gc,metaspace] GC(644) Metaspace: 132129K(137152K)->132129K(137152K) NonClass: 115148K(117888K)->115148K(117888K) Class: 16980K(19264K)->16980K(19264K)
[2024-02-23T11:39:17.646+0000][4616][gc          ] GC(644) Pause Young (Mixed) (G1 Evacuation Pause) 1073M->858M(4040M) 389.905ms
[2024-02-23T11:39:17.646+0000][4616][gc,cpu      ] GC(644) User=0.09s Sys=0.95s Real=0.39s
[2024-02-23T11:39:17.650+0000][4616][safepoint   ] Safepoint "G1CollectForAllocation", Time since last: 1409253900 ns, Reaching safepoint: 76300 ns, At safepoint: 393444500 ns, Total: 393520800 ns
[2024-02-23T11:39:24.653+0000][4616][gc,start    ] GC(645) Pause Young (Concurrent Start) (G1 Humongous Allocation)
[2024-02-23T11:39:24.653+0000][4616][gc,task     ] GC(645) Using 8 workers of 8 for evacuation
[2024-02-23T11:39:24.653+0000][4616][gc,age      ] GC(645) Desired survivor size 155189248 bytes, new threshold 15 (max threshold 15)
[2024-02-23T11:39:24.672+0000][4616][gc,phases   ] GC(645)   Pre Evacuate Collection Set: 1.0ms
[2024-02-23T11:39:24.672+0000][4616][gc,phases   ] GC(645)   Merge Heap Roots: 0.4ms
[2024-02-23T11:39:24.673+0000][4616][gc,phases   ] GC(645)   Evacuate Collection Set: 14.2ms
[2024-02-23T11:39:24.673+0000][4616][gc,phases   ] GC(645)   Post Evacuate Collection Set: 1.9ms
[2024-02-23T11:39:24.673+0000][4616][gc,phases   ] GC(645)   Other: 2.4ms
[2024-02-23T11:39:24.673+0000][4616][gc,age      ] GC(645) Age table with threshold 15 (max threshold 15)
[2024-02-23T11:39:24.673+0000][4616][gc,age      ] GC(645) - age   1:   33317168 bytes,   33317168 total
[2024-02-23T11:39:24.673+0000][4616][gc,age      ] GC(645) - age   2:    1991632 bytes,   35308800 total
[2024-02-23T11:39:24.673+0000][4616][gc,heap     ] GC(645) Eden regions: 205->0(486)
[2024-02-23T11:39:24.673+0000][4616][gc,heap     ] GC(645) Survivor regions: 3->9(74)
[2024-02-23T11:39:24.673+0000][4616][gc,heap     ] GC(645) Old regions: 207->207
[2024-02-23T11:39:24.673+0000][4616][gc,heap     ] GC(645) Archive regions: 0->0
[2024-02-23T11:39:24.673+0000][4616][gc,heap     ] GC(645) Humongous regions: 5->5
[2024-02-23T11:39:24.673+0000][4616][gc,metaspace] GC(645) Metaspace: 132129K(137152K)->132129K(137152K) NonClass: 115149K(117888K)->115149K(117888K) Class: 16980K(19264K)->16980K(19264K)
[2024-02-23T11:39:24.673+0000][4616][gc          ] GC(645) Pause Young (Concurrent Start) (G1 Humongous Allocation) 1677M->883M(4040M) 21.399ms
[2024-02-23T11:39:24.674+0000][4616][gc          ] GC(646) Concurrent Mark Cycle
[2024-02-23T11:39:24.674+0000][4616][gc,cpu      ] GC(645) User=0.08s Sys=0.03s Real=0.02s
[2024-02-23T11:39:24.674+0000][4616][gc,marking  ] GC(646) Concurrent Clear Claimed Marks
[2024-02-23T11:39:24.674+0000][4616][safepoint   ] Safepoint "G1TryInitiateConcMark", Time since last: 7002391400 ns, Reaching safepoint: 350200 ns, At safepoint: 22097200 ns, Total: 22447400 ns
[2024-02-23T11:39:24.674+0000][4616][gc,marking  ] GC(646) Concurrent Clear Claimed Marks 0.453ms
[2024-02-23T11:39:24.674+0000][4616][gc,marking  ] GC(646) Concurrent Scan Root Regions
[2024-02-23T11:39:24.679+0000][4616][gc,marking  ] GC(646) Concurrent Scan Root Regions 9.368ms
[2024-02-23T11:39:24.679+0000][4616][gc,marking  ] GC(646) Concurrent Mark
[2024-02-23T11:39:24.679+0000][4616][gc,marking  ] GC(646) Concurrent Mark From Roots
[2024-02-23T11:39:24.679+0000][4616][gc,task     ] GC(646) Using 2 workers of 2 for marking
[2024-02-23T11:39:24.969+0000][4616][gc,marking  ] GC(646) Concurrent Mark From Roots 284.380ms
[2024-02-23T11:39:24.969+0000][4616][gc,marking  ] GC(646) Concurrent Preclean
[2024-02-23T11:39:24.970+0000][4616][gc,marking  ] GC(646) Concurrent Preclean 0.648ms
[2024-02-23T11:39:24.970+0000][4616][gc,start    ] GC(646) Pause Remark
[2024-02-23T11:39:24.978+0000][4616][gc          ] GC(646) Pause Remark 941M->937M(4040M) 12.826ms
[2024-02-23T11:39:24.978+0000][4616][gc,cpu      ] GC(646) User=0.12s Sys=0.00s Real=0.01s
[2024-02-23T11:39:24.978+0000][4616][safepoint   ] Safepoint "G1Concurrent", Time since last: 294930300 ns, Reaching safepoint: 75700 ns, At safepoint: 12991400 ns, Total: 13067100 ns
[2024-02-23T11:39:24.978+0000][4616][gc,marking  ] GC(646) Concurrent Mark 298.289ms
[2024-02-23T11:39:24.978+0000][4616][gc,marking  ] GC(646) Concurrent Rebuild Remembered Sets
[2024-02-23T11:39:25.117+0000][4616][gc,marking  ] GC(646) Concurrent Rebuild Remembered Sets 138.347ms
[2024-02-23T11:39:25.117+0000][4616][gc,start    ] GC(646) Pause Cleanup
[2024-02-23T11:39:25.117+0000][4616][gc          ] GC(646) Pause Cleanup 969M->969M(4040M) 0.310ms
[2024-02-23T11:39:25.117+0000][4616][gc,cpu      ] GC(646) User=0.00s Sys=0.00s Real=0.00s
[2024-02-23T11:39:25.117+0000][4616][safepoint   ] Safepoint "G1Concurrent", Time since last: 138514800 ns, Reaching safepoint: 137900 ns, At safepoint: 452400 ns, Total: 590300 ns
[2024-02-23T11:39:25.117+0000][4616][gc,marking  ] GC(646) Concurrent Cleanup for Next Mark
[2024-02-23T11:39:25.137+0000][4616][gc,marking  ] GC(646) Concurrent Cleanup for Next Mark 15.234ms
[2024-02-23T11:39:25.137+0000][4616][gc          ] GC(646) Concurrent Mark Cycle 462.910ms
[2024-02-23T11:39:41.520+0000][4616][gc,start    ] GC(647) Pause Young (Prepare Mixed) (G1 Evacuation Pause)
[2024-02-23T11:39:41.520+0000][4616][gc,task     ] GC(647) Using 8 workers of 8 for evacuation
[2024-02-23T11:39:41.520+0000][4616][gc,age      ] GC(647) Desired survivor size 155189248 bytes, new threshold 15 (max threshold 15)
[2024-02-23T11:39:41.561+0000][4616][gc,phases   ] GC(647)   Pre Evacuate Collection Set: 0.2ms
[2024-02-23T11:39:41.561+0000][4616][gc,phases   ] GC(647)   Merge Heap Roots: 0.4ms
[2024-02-23T11:39:41.561+0000][4616][gc,phases   ] GC(647)   Evacuate Collection Set: 22.9ms
[2024-02-23T11:39:41.561+0000][4616][gc,phases   ] GC(647)   Post Evacuate Collection Set: 1.6ms
[2024-02-23T11:39:41.561+0000][4616][gc,phases   ] GC(647)   Other: 2.7ms
[2024-02-23T11:39:41.561+0000][4616][gc,age      ] GC(647) Age table with threshold 15 (max threshold 15)
[2024-02-23T11:39:41.561+0000][4616][gc,age      ] GC(647) - age   1:   80844112 bytes,   80844112 total
[2024-02-23T11:39:41.561+0000][4616][gc,age      ] GC(647) - age   2:   26780688 bytes,  107624800 total
[2024-02-23T11:39:41.561+0000][4616][gc,age      ] GC(647) - age   3:    1414544 bytes,  109039344 total
[2024-02-23T11:39:41.561+0000][4616][gc,heap     ] GC(647) Eden regions: 581->0(22)
[2024-02-23T11:39:41.561+0000][4616][gc,heap     ] GC(647) Survivor regions: 9->28(74)
[2024-02-23T11:39:41.561+0000][4616][gc,heap     ] GC(647) Old regions: 207->207
[2024-02-23T11:39:41.561+0000][4616][gc,heap     ] GC(647) Archive regions: 0->0
[2024-02-23T11:39:41.561+0000][4616][gc,heap     ] GC(647) Humongous regions: 6->6
[2024-02-23T11:39:41.561+0000][4616][gc,metaspace] GC(647) Metaspace: 132129K(137152K)->132129K(137152K) NonClass: 115149K(117888K)->115149K(117888K) Class: 16980K(19264K)->16980K(19264K)
[2024-02-23T11:39:41.561+0000][4616][gc          ] GC(647) Pause Young (Prepare Mixed) (G1 Evacuation Pause) 3211M->960M(4040M) 28.528ms
[2024-02-23T11:39:41.561+0000][4616][gc,cpu      ] GC(647) User=0.20s Sys=0.00s Real=0.04s
[2024-02-23T11:39:41.561+0000][4616][safepoint   ] Safepoint "G1CollectForAllocation", Time since last: 16410618500 ns, Reaching safepoint: 280200 ns, At safepoint: 28681800 ns, Total: 28962000 ns
[2024-02-23T11:39:42.576+0000][4616][safepoint   ] Safepoint "Cleanup", Time since last: 1014254100 ns, Reaching safepoint: 171900 ns, At safepoint: 24400 ns, Total: 196300 ns
[2024-02-23T11:39:42.705+0000][4616][gc,start    ] GC(648) Pause Young (Mixed) (G1 Evacuation Pause)
[2024-02-23T11:39:42.705+0000][4616][gc,task     ] GC(648) Using 8 workers of 8 for evacuation
[2024-02-23T11:39:42.705+0000][4616][gc,age      ] GC(648) Desired survivor size 14680064 bytes, new threshold 1 (max threshold 15)
[2024-02-23T11:39:42.842+0000][4616][gc,phases   ] GC(648)   Pre Evacuate Collection Set: 0.2ms
[2024-02-23T11:39:42.842+0000][4616][gc,phases   ] GC(648)   Merge Heap Roots: 0.2ms
[2024-02-23T11:39:42.842+0000][4616][gc,phases   ] GC(648)   Evacuate Collection Set: 134.6ms
[2024-02-23T11:39:42.842+0000][4616][gc,phases   ] GC(648)   Post Evacuate Collection Set: 1.0ms
[2024-02-23T11:39:42.842+0000][4616][gc,phases   ] GC(648)   Other: 0.3ms
[2024-02-23T11:39:42.842+0000][4616][gc,age      ] GC(648) Age table with threshold 1 (max threshold 15)
[2024-02-23T11:39:42.842+0000][4616][gc,age      ] GC(648) - age   1:    2557168 bytes,    2557168 total
[2024-02-23T11:39:42.842+0000][4616][gc,heap     ] GC(648) Eden regions: 22->0(580)
[2024-02-23T11:39:42.842+0000][4616][gc,heap     ] GC(648) Survivor regions: 28->3(7)
[2024-02-23T11:39:42.842+0000][4616][gc,heap     ] GC(648) Old regions: 207->209
[2024-02-23T11:39:42.842+0000][4616][gc,heap     ] GC(648) Archive regions: 0->0
[2024-02-23T11:39:42.842+0000][4616][gc,heap     ] GC(648) Humongous regions: 6->6
[2024-02-23T11:39:42.842+0000][4616][gc,metaspace] GC(648) Metaspace: 132134K(137152K)->132134K(137152K) NonClass: 115153K(117888K)->115153K(117888K) Class: 16980K(19264K)->16980K(19264K)
[2024-02-23T11:39:42.842+0000][4616][gc          ] GC(648) Pause Young (Mixed) (G1 Evacuation Pause) 1048M->868M(4040M) 136.688ms
[2024-02-23T11:39:42.842+0000][4616][gc,cpu      ] GC(648) User=0.09s Sys=0.34s Real=0.14s
[2024-02-23T11:39:42.842+0000][4616][safepoint   ] Safepoint "G1CollectForAllocation", Time since last: 129086600 ns, Reaching safepoint: 151900 ns, At safepoint: 137092200 ns, Total: 137244100 ns
[2024-02-23T11:39:56.386+0000][4616][gc,start    ] GC(649) Pause Young (Concurrent Start) (G1 Humongous Allocation)
[2024-02-23T11:39:56.386+0000][4616][gc,task     ] GC(649) Using 8 workers of 8 for evacuation
[2024-02-23T11:39:56.386+0000][4616][gc,age      ] GC(649) Desired survivor size 153092096 bytes, new threshold 15 (max threshold 15)
[2024-02-23T11:39:56.416+0000][4616][gc,phases   ] GC(649)   Pre Evacuate Collection Set: 0.7ms
[2024-02-23T11:39:56.416+0000][4616][gc,phases   ] GC(649)   Merge Heap Roots: 0.5ms
[2024-02-23T11:39:56.416+0000][4616][gc,phases   ] GC(649)   Evacuate Collection Set: 22.6ms
[2024-02-23T11:39:56.416+0000][4616][gc,phases   ] GC(649)   Post Evacuate Collection Set: 4.2ms
[2024-02-23T11:39:56.416+0000][4616][gc,phases   ] GC(649)   Other: 1.2ms
[2024-02-23T11:39:56.416+0000][4616][gc,age      ] GC(649) Age table with threshold 15 (max threshold 15)
[2024-02-23T11:39:56.416+0000][4616][gc,age      ] GC(649) - age   1:   59261392 bytes,   59261392 total
[2024-02-23T11:39:56.417+0000][4616][gc,age      ] GC(649) - age   2:    1107936 bytes,   60369328 total
[2024-02-23T11:39:56.417+0000][4616][gc,heap     ] GC(649) Eden regions: 413->0(327)
[2024-02-23T11:39:56.417+0000][4616][gc,heap     ] GC(649) Survivor regions: 3->16(73)
[2024-02-23T11:39:56.417+0000][4616][gc,heap     ] GC(649) Old regions: 209->209
[2024-02-23T11:39:56.417+0000][4616][gc,heap     ] GC(649) Archive regions: 0->0
[2024-02-23T11:39:56.417+0000][4616][gc,heap     ] GC(649) Humongous regions: 6->6
[2024-02-23T11:39:56.417+0000][4616][gc,metaspace] GC(649) Metaspace: 132134K(137152K)->132134K(137152K) NonClass: 115153K(117888K)->115153K(117888K) Class: 16980K(19264K)->16980K(19264K)
[2024-02-23T11:39:56.417+0000][4616][gc          ] GC(649) Pause Young (Concurrent Start) (G1 Humongous Allocation) 2519M->919M(4040M) 31.163ms
[2024-02-23T11:39:56.418+0000][4616][gc          ] GC(650) Concurrent Mark Cycle
[2024-02-23T11:39:56.418+0000][4616][gc,cpu      ] GC(649) User=0.12s Sys=0.00s Real=0.03s
[2024-02-23T11:39:56.418+0000][4616][gc,marking  ] GC(650) Concurrent Clear Claimed Marks
[2024-02-23T11:39:56.418+0000][4616][safepoint   ] Safepoint "G1TryInitiateConcMark", Time since last: 13484308600 ns, Reaching safepoint: 59359200 ns, At safepoint: 31959600 ns, Total: 91318800 ns
[2024-02-23T11:39:56.419+0000][4616][gc,marking  ] GC(650) Concurrent Clear Claimed Marks 0.675ms
[2024-02-23T11:39:56.419+0000][4616][gc,marking  ] GC(650) Concurrent Scan Root Regions
[2024-02-23T11:39:56.433+0000][4616][gc,marking  ] GC(650) Concurrent Scan Root Regions 14.776ms
[2024-02-23T11:39:56.434+0000][4616][gc,marking  ] GC(650) Concurrent Mark
[2024-02-23T11:39:56.434+0000][4616][gc,marking  ] GC(650) Concurrent Mark From Roots
[2024-02-23T11:39:56.434+0000][4616][gc,task     ] GC(650) Using 2 workers of 2 for marking
[2024-02-23T11:39:56.692+0000][4616][gc,marking  ] GC(650) Concurrent Mark From Roots 259.246ms
[2024-02-23T11:39:56.692+0000][4616][gc,marking  ] GC(650) Concurrent Preclean
[2024-02-23T11:39:56.693+0000][4616][gc,marking  ] GC(650) Concurrent Preclean 0.753ms
[2024-02-23T11:39:56.693+0000][4616][gc,start    ] GC(650) Pause Remark
[2024-02-23T11:39:56.706+0000][4616][gc          ] GC(650) Pause Remark 967M->959M(4040M) 12.706ms
[2024-02-23T11:39:56.706+0000][4616][gc,cpu      ] GC(650) User=0.12s Sys=0.00s Real=0.01s
[2024-02-23T11:39:56.706+0000][4616][safepoint   ] Safepoint "G1Concurrent", Time since last: 275696800 ns, Reaching safepoint: 78400 ns, At safepoint: 12874500 ns, Total: 12952900 ns
[2024-02-23T11:39:56.707+0000][4616][gc,marking  ] GC(650) Concurrent Mark 273.215ms
[2024-02-23T11:39:56.707+0000][4616][gc,marking  ] GC(650) Concurrent Rebuild Remembered Sets
[2024-02-23T11:39:56.862+0000][4616][gc,marking  ] GC(650) Concurrent Rebuild Remembered Sets 163.803ms
[2024-02-23T11:39:56.862+0000][4616][gc,start    ] GC(650) Pause Cleanup
[2024-02-23T11:39:56.862+0000][4616][gc          ] GC(650) Pause Cleanup 991M->991M(4040M) 0.678ms
[2024-02-23T11:39:56.862+0000][4616][gc,cpu      ] GC(650) User=0.00s Sys=0.00s Real=0.00s
[2024-02-23T11:39:56.862+0000][4616][safepoint   ] Safepoint "G1Concurrent", Time since last: 163994600 ns, Reaching safepoint: 73700 ns, At safepoint: 780900 ns, Total: 854600 ns
[2024-02-23T11:39:56.862+0000][4616][gc,marking  ] GC(650) Concurrent Cleanup for Next Mark
[2024-02-23T11:39:56.878+0000][4616][gc,marking  ] GC(650) Concurrent Cleanup for Next Mark 10.586ms
[2024-02-23T11:39:56.878+0000][4616][gc          ] GC(650) Concurrent Mark Cycle 464.762ms
[2024-02-23T11:40:36.897+0000][4616][gc,start    ] GC(651) Pause Young (Prepare Mixed) (G1 Evacuation Pause)
[2024-02-23T11:40:36.897+0000][4616][gc,task     ] GC(651) Using 8 workers of 8 for evacuation
[2024-02-23T11:40:36.897+0000][4616][gc,age      ] GC(651) Desired survivor size 153092096 bytes, new threshold 15 (max threshold 15)
[2024-02-23T11:40:36.930+0000][4616][gc,phases   ] GC(651)   Pre Evacuate Collection Set: 0.3ms
[2024-02-23T11:40:36.930+0000][4616][gc,phases   ] GC(651)   Merge Heap Roots: 0.3ms
[2024-02-23T11:40:36.930+0000][4616][gc,phases   ] GC(651)   Evacuate Collection Set: 30.1ms
[2024-02-23T11:40:36.930+0000][4616][gc,phases   ] GC(651)   Post Evacuate Collection Set: 1.3ms
[2024-02-23T11:40:36.930+0000][4616][gc,phases   ] GC(651)   Other: 0.4ms
[2024-02-23T11:40:36.930+0000][4616][gc,age      ] GC(651) Age table with threshold 15 (max threshold 15)
[2024-02-23T11:40:36.930+0000][4616][gc,age      ] GC(651) - age   1:   84866544 bytes,   84866544 total
[2024-02-23T11:40:36.930+0000][4616][gc,age      ] GC(651) - age   2:   43280304 bytes,  128146848 total
[2024-02-23T11:40:36.930+0000][4616][gc,age      ] GC(651) - age   3:     899064 bytes,  129045912 total
[2024-02-23T11:40:36.930+0000][4616][gc,heap     ] GC(651) Eden regions: 568->0(18)
[2024-02-23T11:40:36.930+0000][4616][gc,heap     ] GC(651) Survivor regions: 16->32(73)
[2024-02-23T11:40:36.930+0000][4616][gc,heap     ] GC(651) Old regions: 209->209
[2024-02-23T11:40:36.930+0000][4616][gc,heap     ] GC(651) Archive regions: 0->0
[2024-02-23T11:40:36.930+0000][4616][gc,heap     ] GC(651) Humongous regions: 6->6
[2024-02-23T11:40:36.930+0000][4616][gc,metaspace] GC(651) Metaspace: 132134K(137152K)->132134K(137152K) NonClass: 115153K(117888K)->115153K(117888K) Class: 16980K(19264K)->16980K(19264K)
[2024-02-23T11:40:36.930+0000][4616][gc          ] GC(651) Pause Young (Prepare Mixed) (G1 Evacuation Pause) 3191M->986M(4040M) 33.105ms
[2024-02-23T11:40:36.930+0000][4616][gc,cpu      ] GC(651) User=0.25s Sys=0.02s Real=0.03s
[2024-02-23T11:40:36.930+0000][4616][safepoint   ] Safepoint "G1CollectForAllocation", Time since last: 40025946900 ns, Reaching safepoint: 176400 ns, At safepoint: 33361700 ns, Total: 33538100 ns
[2024-02-23T11:40:37.304+0000][4616][gc,start    ] GC(652) Pause Young (Mixed) (G1 Evacuation Pause)
[2024-02-23T11:40:37.304+0000][4616][gc,task     ] GC(652) Using 8 workers of 8 for evacuation
[2024-02-23T11:40:37.304+0000][4616][gc,age      ] GC(652) Desired survivor size 14680064 bytes, new threshold 1 (max threshold 15)
[2024-02-23T11:40:37.450+0000][4616][gc,phases   ] GC(652)   Pre Evacuate Collection Set: 0.3ms
[2024-02-23T11:40:37.450+0000][4616][gc,phases   ] GC(652)   Merge Heap Roots: 0.6ms
[2024-02-23T11:40:37.450+0000][4616][gc,phases   ] GC(652)   Evacuate Collection Set: 142.6ms
[2024-02-23T11:40:37.450+0000][4616][gc,phases   ] GC(652)   Post Evacuate Collection Set: 0.7ms
[2024-02-23T11:40:37.450+0000][4616][gc,phases   ] GC(652)   Other: 0.4ms
[2024-02-23T11:40:37.450+0000][4616][gc,age      ] GC(652) Age table with threshold 1 (max threshold 15)
[2024-02-23T11:40:37.450+0000][4616][gc,age      ] GC(652) - age   1:    3213408 bytes,    3213408 total
[2024-02-23T11:40:37.450+0000][4616][gc,heap     ] GC(652) Eden regions: 18->0(581)
[2024-02-23T11:40:37.450+0000][4616][gc,heap     ] GC(652) Survivor regions: 32->3(7)
[2024-02-23T11:40:37.450+0000][4616][gc,heap     ] GC(652) Old regions: 209->205
[2024-02-23T11:40:37.450+0000][4616][gc,heap     ] GC(652) Archive regions: 0->0
[2024-02-23T11:40:37.450+0000][4616][gc,heap     ] GC(652) Humongous regions: 6->6
[2024-02-23T11:40:37.450+0000][4616][gc,metaspace] GC(652) Metaspace: 132134K(137152K)->132134K(137152K) NonClass: 115153K(117888K)->115153K(117888K) Class: 16980K(19264K)->16980K(19264K)
[2024-02-23T11:40:37.450+0000][4616][gc          ] GC(652) Pause Young (Mixed) (G1 Evacuation Pause) 1058M->854M(4040M) 144.949ms
[2024-02-23T11:40:37.450+0000][4616][gc,cpu      ] GC(652) User=0.25s Sys=0.34s Real=0.15s
[2024-02-23T11:40:37.451+0000][4616][safepoint   ] Safepoint "G1CollectForAllocation", Time since last: 374377900 ns, Reaching safepoint: 187500 ns, At safepoint: 145802000 ns, Total: 145989500 ns
[2024-02-23T11:40:46.843+0000][4616][gc,start    ] GC(653) Pause Young (Concurrent Start) (G1 Humongous Allocation)
[2024-02-23T11:40:46.843+0000][4616][gc,task     ] GC(653) Using 8 workers of 8 for evacuation
[2024-02-23T11:40:46.843+0000][4616][gc,age      ] GC(653) Desired survivor size 153092096 bytes, new threshold 15 (max threshold 15)
[2024-02-23T11:40:46.861+0000][4616][gc,phases   ] GC(653)   Pre Evacuate Collection Set: 0.6ms
[2024-02-23T11:40:46.861+0000][4616][gc,phases   ] GC(653)   Merge Heap Roots: 0.3ms
[2024-02-23T11:40:46.861+0000][4616][gc,phases   ] GC(653)   Evacuate Collection Set: 13.7ms
[2024-02-23T11:40:46.861+0000][4616][gc,phases   ] GC(653)   Post Evacuate Collection Set: 1.2ms
[2024-02-23T11:40:46.861+0000][4616][gc,phases   ] GC(653)   Other: 2.2ms
[2024-02-23T11:40:46.861+0000][4616][gc,age      ] GC(653) Age table with threshold 15 (max threshold 15)
[2024-02-23T11:40:46.861+0000][4616][gc,age      ] GC(653) - age   1:   50265496 bytes,   50265496 total
[2024-02-23T11:40:46.861+0000][4616][gc,age      ] GC(653) - age   2:    2460976 bytes,   52726472 total
[2024-02-23T11:40:46.861+0000][4616][gc,heap     ] GC(653) Eden regions: 332->0(338)
[2024-02-23T11:40:46.861+0000][4616][gc,heap     ] GC(653) Survivor regions: 3->14(73)
[2024-02-23T11:40:46.861+0000][4616][gc,heap     ] GC(653) Old regions: 205->205
[2024-02-23T11:40:46.861+0000][4616][gc,heap     ] GC(653) Archive regions: 0->0
[2024-02-23T11:40:46.861+0000][4616][gc,heap     ] GC(653) Humongous regions: 6->6
[2024-02-23T11:40:46.861+0000][4616][gc,metaspace] GC(653) Metaspace: 132135K(137152K)->132135K(137152K) NonClass: 115154K(117888K)->115154K(117888K) Class: 16980K(19264K)->16980K(19264K)
[2024-02-23T11:40:46.861+0000][4616][gc          ] GC(653) Pause Young (Concurrent Start) (G1 Humongous Allocation) 2180M->896M(4040M) 18.390ms
[2024-02-23T11:40:46.861+0000][4616][gc          ] GC(654) Concurrent Mark Cycle
[2024-02-23T11:40:46.861+0000][4616][gc,cpu      ] GC(653) User=0.12s Sys=0.00s Real=0.02s
[2024-02-23T11:40:46.861+0000][4616][gc,marking  ] GC(654) Concurrent Clear Claimed Marks
[2024-02-23T11:40:46.862+0000][4616][safepoint   ] Safepoint "G1TryInitiateConcMark", Time since last: 9391342200 ns, Reaching safepoint: 224800 ns, At safepoint: 18696200 ns, Total: 18921000 ns
[2024-02-23T11:40:46.862+0000][4616][gc,marking  ] GC(654) Concurrent Clear Claimed Marks 0.287ms
[2024-02-23T11:40:46.862+0000][4616][gc,marking  ] GC(654) Concurrent Scan Root Regions
[2024-02-23T11:40:46.870+0000][4616][gc,marking  ] GC(654) Concurrent Scan Root Regions 7.786ms
[2024-02-23T11:40:46.870+0000][4616][gc,marking  ] GC(654) Concurrent Mark
[2024-02-23T11:40:46.870+0000][4616][gc,marking  ] GC(654) Concurrent Mark From Roots
[2024-02-23T11:40:46.870+0000][4616][gc,task     ] GC(654) Using 2 workers of 2 for marking
[2024-02-23T11:40:47.060+0000][4616][gc,marking  ] GC(654) Concurrent Mark From Roots 198.448ms
[2024-02-23T11:40:47.060+0000][4616][gc,marking  ] GC(654) Concurrent Preclean
[2024-02-23T11:40:47.060+0000][4616][gc,marking  ] GC(654) Concurrent Preclean 0.700ms
[2024-02-23T11:40:47.060+0000][4616][gc,start    ] GC(654) Pause Remark
[2024-02-23T11:40:47.079+0000][4616][gc          ] GC(654) Pause Remark 940M->936M(4040M) 13.728ms
[2024-02-23T11:40:47.079+0000][4616][gc,cpu      ] GC(654) User=0.06s Sys=0.00s Real=0.02s
[2024-02-23T11:40:47.079+0000][4616][safepoint   ] Safepoint "G1Concurrent", Time since last: 207304900 ns, Reaching safepoint: 81700 ns, At safepoint: 13859300 ns, Total: 13941000 ns
[2024-02-23T11:40:47.079+0000][4616][gc,marking  ] GC(654) Concurrent Mark 213.257ms
[2024-02-23T11:40:47.079+0000][4616][gc,marking  ] GC(654) Concurrent Rebuild Remembered Sets
[2024-02-23T11:40:47.222+0000][4616][gc,marking  ] GC(654) Concurrent Rebuild Remembered Sets 138.861ms
[2024-02-23T11:40:47.222+0000][4616][gc,start    ] GC(654) Pause Cleanup
[2024-02-23T11:40:47.223+0000][4616][gc          ] GC(654) Pause Cleanup 954M->954M(4040M) 1.385ms
[2024-02-23T11:40:47.223+0000][4616][gc,cpu      ] GC(654) User=0.00s Sys=0.00s Real=0.00s
[2024-02-23T11:40:47.224+0000][4616][safepoint   ] Safepoint "G1Concurrent", Time since last: 139023100 ns, Reaching safepoint: 41600 ns, At safepoint: 1546200 ns, Total: 1587800 ns
[2024-02-23T11:40:47.224+0000][4616][gc,marking  ] GC(654) Concurrent Cleanup for Next Mark
[2024-02-23T11:40:47.230+0000][4616][gc,marking  ] GC(654) Concurrent Cleanup for Next Mark 7.613ms
[2024-02-23T11:40:47.230+0000][4616][gc          ] GC(654) Concurrent Mark Cycle 369.888ms
[2024-02-23T11:41:04.904+0000][4616][gc,start    ] GC(655) Pause Young (Prepare Mixed) (G1 Evacuation Pause)
[2024-02-23T11:41:04.904+0000][4616][gc,task     ] GC(655) Using 8 workers of 8 for evacuation
[2024-02-23T11:41:04.904+0000][4616][gc,age      ] GC(655) Desired survivor size 153092096 bytes, new threshold 15 (max threshold 15)
[2024-02-23T11:41:04.936+0000][4616][gc,phases   ] GC(655)   Pre Evacuate Collection Set: 0.9ms
[2024-02-23T11:41:04.936+0000][4616][gc,phases   ] GC(655)   Merge Heap Roots: 0.3ms
[2024-02-23T11:41:04.936+0000][4616][gc,phases   ] GC(655)   Evacuate Collection Set: 25.4ms
[2024-02-23T11:41:04.936+0000][4616][gc,phases   ] GC(655)   Post Evacuate Collection Set: 1.8ms
[2024-02-23T11:41:04.936+0000][4616][gc,phases   ] GC(655)   Other: 1.9ms
[2024-02-23T11:41:04.936+0000][4616][gc,age      ] GC(655) Age table with threshold 15 (max threshold 15)
[2024-02-23T11:41:04.936+0000][4616][gc,age      ] GC(655) - age   1:   82204080 bytes,   82204080 total
[2024-02-23T11:41:04.936+0000][4616][gc,age      ] GC(655) - age   2:   38566024 bytes,  120770104 total
[2024-02-23T11:41:04.936+0000][4616][gc,age      ] GC(655) - age   3:    1807160 bytes,  122577264 total
[2024-02-23T11:41:04.936+0000][4616][gc,heap     ] GC(655) Eden regions: 570->0(19)
[2024-02-23T11:41:04.936+0000][4616][gc,heap     ] GC(655) Survivor regions: 14->31(73)
[2024-02-23T11:41:04.936+0000][4616][gc,heap     ] GC(655) Old regions: 205->205
[2024-02-23T11:41:04.936+0000][4616][gc,heap     ] GC(655) Archive regions: 0->0
[2024-02-23T11:41:04.936+0000][4616][gc,heap     ] GC(655) Humongous regions: 6->6
[2024-02-23T11:41:04.936+0000][4616][gc,metaspace] GC(655) Metaspace: 132135K(137152K)->132135K(137152K) NonClass: 115154K(117888K)->115154K(117888K) Class: 16980K(19264K)->16980K(19264K)
[2024-02-23T11:41:04.936+0000][4616][gc          ] GC(655) Pause Young (Prepare Mixed) (G1 Evacuation Pause) 3176M->963M(4040M) 30.992ms
[2024-02-23T11:41:04.936+0000][4616][gc,cpu      ] GC(655) User=0.16s Sys=0.02s Real=0.03s
[2024-02-23T11:41:04.936+0000][4616][safepoint   ] Safepoint "G1CollectForAllocation", Time since last: 17681583800 ns, Reaching safepoint: 139500 ns, At safepoint: 31195800 ns, Total: 31335300 ns
[2024-02-23T11:41:05.355+0000][4616][gc,start    ] GC(656) Pause Young (Mixed) (G1 Evacuation Pause)
[2024-02-23T11:41:05.355+0000][4616][gc,task     ] GC(656) Using 8 workers of 8 for evacuation
[2024-02-23T11:41:05.355+0000][4616][gc,age      ] GC(656) Desired survivor size 14680064 bytes, new threshold 1 (max threshold 15)
[2024-02-23T11:41:05.464+0000][4616][gc,phases   ] GC(656)   Pre Evacuate Collection Set: 0.1ms
[2024-02-23T11:41:05.464+0000][4616][gc,phases   ] GC(656)   Merge Heap Roots: 0.2ms
[2024-02-23T11:41:05.464+0000][4616][gc,phases   ] GC(656)   Evacuate Collection Set: 107.5ms
[2024-02-23T11:41:05.464+0000][4616][gc,phases   ] GC(656)   Post Evacuate Collection Set: 0.5ms
[2024-02-23T11:41:05.464+0000][4616][gc,phases   ] GC(656)   Other: 0.1ms
[2024-02-23T11:41:05.464+0000][4616][gc,age      ] GC(656) Age table with threshold 1 (max threshold 15)
[2024-02-23T11:41:05.464+0000][4616][gc,age      ] GC(656) - age   1:    2752912 bytes,    2752912 total
[2024-02-23T11:41:05.464+0000][4616][gc,heap     ] GC(656) Eden regions: 19->0(574)
[2024-02-23T11:41:05.464+0000][4616][gc,heap     ] GC(656) Survivor regions: 31->3(7)
[2024-02-23T11:41:05.464+0000][4616][gc,heap     ] GC(656) Old regions: 205->210
[2024-02-23T11:41:05.464+0000][4616][gc,heap     ] GC(656) Archive regions: 0->0
[2024-02-23T11:41:05.464+0000][4616][gc,heap     ] GC(656) Humongous regions: 6->6
[2024-02-23T11:41:05.464+0000][4616][gc,metaspace] GC(656) Metaspace: 132135K(137152K)->132135K(137152K) NonClass: 115154K(117888K)->115154K(117888K) Class: 16980K(19264K)->16980K(19264K)
[2024-02-23T11:41:05.464+0000][4616][gc          ] GC(656) Pause Young (Mixed) (G1 Evacuation Pause) 1039M->871M(4040M) 108.740ms
[2024-02-23T11:41:05.464+0000][4616][gc,cpu      ] GC(656) User=0.12s Sys=0.14s Real=0.11s
[2024-02-23T11:41:05.468+0000][4616][safepoint   ] Safepoint "G1CollectForAllocation", Time since last: 422098500 ns, Reaching safepoint: 103900 ns, At safepoint: 109595800 ns, Total: 109699700 ns
[2024-02-23T11:41:05.803+0000][4616][gc,start    ] GC(657) Pause Young (Concurrent Start) (G1 Humongous Allocation)
[2024-02-23T11:41:05.803+0000][4616][gc,task     ] GC(657) Using 8 workers of 8 for evacuation
[2024-02-23T11:41:05.803+0000][4616][gc,age      ] GC(657) Desired survivor size 153092096 bytes, new threshold 15 (max threshold 15)
[2024-02-23T11:41:05.803+0000][4616][gc,phases   ] GC(657)   Pre Evacuate Collection Set: 0.4ms
[2024-02-23T11:41:05.803+0000][4616][gc,phases   ] GC(657)   Merge Heap Roots: 0.2ms
[2024-02-23T11:41:05.803+0000][4616][gc,phases   ] GC(657)   Evacuate Collection Set: 3.0ms
[2024-02-23T11:41:05.803+0000][4616][gc,phases   ] GC(657)   Post Evacuate Collection Set: 0.7ms
[2024-02-23T11:41:05.803+0000][4616][gc,phases   ] GC(657)   Other: 0.2ms
[2024-02-23T11:41:05.803+0000][4616][gc,age      ] GC(657) Age table with threshold 15 (max threshold 15)
[2024-02-23T11:41:05.803+0000][4616][gc,age      ] GC(657) - age   1:    3142544 bytes,    3142544 total
[2024-02-23T11:41:05.803+0000][4616][gc,age      ] GC(657) - age   2:    2256768 bytes,    5399312 total
[2024-02-23T11:41:05.803+0000][4616][gc,heap     ] GC(657) Eden regions: 14->0(584)
[2024-02-23T11:41:05.803+0000][4616][gc,heap     ] GC(657) Survivor regions: 3->2(73)
[2024-02-23T11:41:05.803+0000][4616][gc,heap     ] GC(657) Old regions: 210->210
[2024-02-23T11:41:05.803+0000][4616][gc,heap     ] GC(657) Archive regions: 0->0
[2024-02-23T11:41:05.803+0000][4616][gc,heap     ] GC(657) Humongous regions: 6->6
[2024-02-23T11:41:05.803+0000][4616][gc,metaspace] GC(657) Metaspace: 132135K(137152K)->132135K(137152K) NonClass: 115154K(117888K)->115154K(117888K) Class: 16980K(19264K)->16980K(19264K)
[2024-02-23T11:41:05.803+0000][4616][gc          ] GC(657) Pause Young (Concurrent Start) (G1 Humongous Allocation) 924M->868M(4040M) 5.009ms
[2024-02-23T11:41:05.803+0000][4616][gc          ] GC(658) Concurrent Mark Cycle
[2024-02-23T11:41:05.803+0000][4616][gc,cpu      ] GC(657) User=0.00s Sys=0.00s Real=0.00s
[2024-02-23T11:41:05.803+0000][4616][gc,marking  ] GC(658) Concurrent Clear Claimed Marks
[2024-02-23T11:41:05.803+0000][4616][safepoint   ] Safepoint "G1TryInitiateConcMark", Time since last: 336522500 ns, Reaching safepoint: 136500 ns, At safepoint: 5264200 ns, Total: 5400700 ns
[2024-02-23T11:41:05.803+0000][4616][gc,marking  ] GC(658) Concurrent Clear Claimed Marks 0.218ms
[2024-02-23T11:41:05.803+0000][4616][gc,marking  ] GC(658) Concurrent Scan Root Regions
[2024-02-23T11:41:05.803+0000][4616][gc,marking  ] GC(658) Concurrent Scan Root Regions 3.493ms
[2024-02-23T11:41:05.803+0000][4616][gc,marking  ] GC(658) Concurrent Mark
[2024-02-23T11:41:05.803+0000][4616][gc,marking  ] GC(658) Concurrent Mark From Roots
[2024-02-23T11:41:05.803+0000][4616][gc,task     ] GC(658) Using 2 workers of 2 for marking
[2024-02-23T11:41:06.003+0000][4616][gc,marking  ] GC(658) Concurrent Mark From Roots 189.018ms
[2024-02-23T11:41:06.003+0000][4616][gc,marking  ] GC(658) Concurrent Preclean
[2024-02-23T11:41:06.003+0000][4616][gc,marking  ] GC(658) Concurrent Preclean 0.629ms
[2024-02-23T11:41:06.003+0000][4616][gc,start    ] GC(658) Pause Remark
[2024-02-23T11:41:06.007+0000][4616][gc          ] GC(658) Pause Remark 912M->908M(4040M) 11.013ms
[2024-02-23T11:41:06.007+0000][4616][gc,cpu      ] GC(658) User=0.12s Sys=0.00s Real=0.00s
[2024-02-23T11:41:06.007+0000][4616][safepoint   ] Safepoint "G1Concurrent", Time since last: 193553600 ns, Reaching safepoint: 66200 ns, At safepoint: 11172400 ns, Total: 11238600 ns
[2024-02-23T11:41:06.007+0000][4616][gc,marking  ] GC(658) Concurrent Mark 201.051ms
[2024-02-23T11:41:06.007+0000][4616][gc,marking  ] GC(658) Concurrent Rebuild Remembered Sets
[2024-02-23T11:41:06.138+0000][4616][gc,marking  ] GC(658) Concurrent Rebuild Remembered Sets 128.158ms
[2024-02-23T11:41:06.138+0000][4616][gc,start    ] GC(658) Pause Cleanup
[2024-02-23T11:41:06.138+0000][4616][gc          ] GC(658) Pause Cleanup 931M->931M(4040M) 0.349ms
[2024-02-23T11:41:06.138+0000][4616][gc,cpu      ] GC(658) User=0.00s Sys=0.00s Real=0.00s
[2024-02-23T11:41:06.138+0000][4616][safepoint   ] Safepoint "G1Concurrent", Time since last: 128350200 ns, Reaching safepoint: 63000 ns, At safepoint: 437200 ns, Total: 500200 ns
[2024-02-23T11:41:06.138+0000][4616][gc,marking  ] GC(658) Concurrent Cleanup for Next Mark
[2024-02-23T11:41:06.151+0000][4616][gc,marking  ] GC(658) Concurrent Cleanup for Next Mark 6.911ms
[2024-02-23T11:41:06.151+0000][4616][gc          ] GC(658) Concurrent Mark Cycle 340.843ms
[2024-02-23T11:41:25.138+0000][4616][gc,start    ] GC(659) Pause Young (Prepare Mixed) (G1 Evacuation Pause)
[2024-02-23T11:41:25.138+0000][4616][gc,task     ] GC(659) Using 8 workers of 8 for evacuation
[2024-02-23T11:41:25.138+0000][4616][gc,age      ] GC(659) Desired survivor size 155189248 bytes, new threshold 15 (max threshold 15)
[2024-02-23T11:41:25.176+0000][4616][gc,phases   ] GC(659)   Pre Evacuate Collection Set: 0.4ms
[2024-02-23T11:41:25.176+0000][4616][gc,phases   ] GC(659)   Merge Heap Roots: 0.6ms
[2024-02-23T11:41:25.176+0000][4616][gc,phases   ] GC(659)   Evacuate Collection Set: 30.1ms
[2024-02-23T11:41:25.176+0000][4616][gc,phases   ] GC(659)   Post Evacuate Collection Set: 3.6ms
[2024-02-23T11:41:25.176+0000][4616][gc,phases   ] GC(659)   Other: 1.6ms
[2024-02-23T11:41:25.176+0000][4616][gc,age      ] GC(659) Age table with threshold 15 (max threshold 15)
[2024-02-23T11:41:25.176+0000][4616][gc,age      ] GC(659) - age   1:   92561528 bytes,   92561528 total
[2024-02-23T11:41:25.176+0000][4616][gc,age      ] GC(659) - age   2:    1598440 bytes,   94159968 total
[2024-02-23T11:41:25.176+0000][4616][gc,age      ] GC(659) - age   3:    1844576 bytes,   96004544 total
[2024-02-23T11:41:25.176+0000][4616][gc,heap     ] GC(659) Eden regions: 584->0(26)
[2024-02-23T11:41:25.176+0000][4616][gc,heap     ] GC(659) Survivor regions: 2->24(74)
[2024-02-23T11:41:25.176+0000][4616][gc,heap     ] GC(659) Old regions: 210->210
[2024-02-23T11:41:25.176+0000][4616][gc,heap     ] GC(659) Archive regions: 0->0
[2024-02-23T11:41:25.176+0000][4616][gc,heap     ] GC(659) Humongous regions: 7->7
[2024-02-23T11:41:25.176+0000][4616][gc,metaspace] GC(659) Metaspace: 132135K(137152K)->132135K(137152K) NonClass: 115154K(117888K)->115154K(117888K) Class: 16980K(19264K)->16980K(19264K)
[2024-02-23T11:41:25.176+0000][4616][gc          ] GC(659) Pause Young (Prepare Mixed) (G1 Evacuation Pause) 3208M->959M(4040M) 37.746ms
[2024-02-23T11:41:25.176+0000][4616][gc,cpu      ] GC(659) User=0.22s Sys=0.00s Real=0.04s
[2024-02-23T11:41:25.176+0000][4616][safepoint   ] Safepoint "G1CollectForAllocation", Time since last: 18997629500 ns, Reaching safepoint: 259000 ns, At safepoint: 38185900 ns, Total: 38444900 ns
[2024-02-23T11:41:26.113+0000][4616][gc,start    ] GC(660) Pause Young (Mixed) (G1 Evacuation Pause)
[2024-02-23T11:41:26.113+0000][4616][gc,task     ] GC(660) Using 8 workers of 8 for evacuation
[2024-02-23T11:41:26.113+0000][4616][gc,age      ] GC(660) Desired survivor size 14680064 bytes, new threshold 1 (max threshold 15)
[2024-02-23T11:41:26.202+0000][4616][gc,phases   ] GC(660)   Pre Evacuate Collection Set: 0.3ms
[2024-02-23T11:41:26.202+0000][4616][gc,phases   ] GC(660)   Merge Heap Roots: 0.4ms
[2024-02-23T11:41:26.202+0000][4616][gc,phases   ] GC(660)   Evacuate Collection Set: 90.1ms
[2024-02-23T11:41:26.202+0000][4616][gc,phases   ] GC(660)   Post Evacuate Collection Set: 1.3ms
[2024-02-23T11:41:26.202+0000][4616][gc,phases   ] GC(660)   Other: 0.3ms
[2024-02-23T11:41:26.202+0000][4616][gc,age      ] GC(660) Age table with threshold 1 (max threshold 15)
[2024-02-23T11:41:26.202+0000][4616][gc,age      ] GC(660) - age   1:    4229712 bytes,    4229712 total
[2024-02-23T11:41:26.202+0000][4616][gc,heap     ] GC(660) Eden regions: 26->0(573)
[2024-02-23T11:41:26.202+0000][4616][gc,heap     ] GC(660) Survivor regions: 24->2(7)
[2024-02-23T11:41:26.202+0000][4616][gc,heap     ] GC(660) Old regions: 210->214
[2024-02-23T11:41:26.202+0000][4616][gc,heap     ] GC(660) Archive regions: 0->0
[2024-02-23T11:41:26.202+0000][4616][gc,heap     ] GC(660) Humongous regions: 7->7
[2024-02-23T11:41:26.202+0000][4616][gc,metaspace] GC(660) Metaspace: 132135K(137152K)->132135K(137152K) NonClass: 115154K(117888K)->115154K(117888K) Class: 16980K(19264K)->16980K(19264K)
[2024-02-23T11:41:26.202+0000][4616][gc          ] GC(660) Pause Young (Mixed) (G1 Evacuation Pause) 1063M->890M(4040M) 93.284ms
[2024-02-23T11:41:26.202+0000][4616][gc,cpu      ] GC(660) User=0.22s Sys=0.38s Real=0.09s
[2024-02-23T11:41:26.202+0000][4616][safepoint   ] Safepoint "G1CollectForAllocation", Time since last: 942344600 ns, Reaching safepoint: 153800 ns, At safepoint: 94599000 ns, Total: 94752800 ns
[2024-02-23T11:41:43.497+0000][4616][safepoint   ] Safepoint "Cleanup", Time since last: 17124202600 ns, Reaching safepoint: 155488500 ns, At safepoint: 76000 ns, Total: 155564500 ns
[2024-02-23T11:41:47.516+0000][4616][gc,start    ] GC(661) Pause Young (Concurrent Start) (G1 Evacuation Pause)
[2024-02-23T11:41:47.516+0000][4616][gc,task     ] GC(661) Using 8 workers of 8 for evacuation
[2024-02-23T11:41:47.516+0000][4616][gc,age      ] GC(661) Desired survivor size 150994944 bytes, new threshold 15 (max threshold 15)
[2024-02-23T11:41:47.547+0000][4616][gc,phases   ] GC(661)   Pre Evacuate Collection Set: 0.9ms
[2024-02-23T11:41:47.548+0000][4616][gc,phases   ] GC(661)   Merge Heap Roots: 0.5ms
[2024-02-23T11:41:47.548+0000][4616][gc,phases   ] GC(661)   Evacuate Collection Set: 26.1ms
[2024-02-23T11:41:47.548+0000][4616][gc,phases   ] GC(661)   Post Evacuate Collection Set: 2.6ms
[2024-02-23T11:41:47.548+0000][4616][gc,phases   ] GC(661)   Other: 0.3ms
[2024-02-23T11:41:47.548+0000][4616][gc,age      ] GC(661) Age table with threshold 15 (max threshold 15)
[2024-02-23T11:41:47.548+0000][4616][gc,age      ] GC(661) - age   1:   79607712 bytes,   79607712 total
[2024-02-23T11:41:47.548+0000][4616][gc,age      ] GC(661) - age   2:    3123872 bytes,   82731584 total
[2024-02-23T11:41:47.548+0000][4616][gc,heap     ] GC(661) Eden regions: 573->0(224)
[2024-02-23T11:41:47.548+0000][4616][gc,heap     ] GC(661) Survivor regions: 2->21(72)
[2024-02-23T11:41:47.548+0000][4616][gc,heap     ] GC(661) Old regions: 214->214
[2024-02-23T11:41:47.548+0000][4616][gc,heap     ] GC(661) Archive regions: 0->0
[2024-02-23T11:41:47.548+0000][4616][gc,heap     ] GC(661) Humongous regions: 8->8
[2024-02-23T11:41:47.548+0000][4616][gc,metaspace] GC(661) Metaspace: 132135K(137152K)->132135K(137152K) NonClass: 115154K(117888K)->115154K(117888K) Class: 16980K(19264K)->16980K(19264K)
[2024-02-23T11:41:47.548+0000][4616][gc          ] GC(661) Pause Young (Concurrent Start) (G1 Evacuation Pause) 3186M->969M(4040M) 31.334ms
[2024-02-23T11:41:47.548+0000][4616][gc,cpu      ] GC(661) User=0.25s Sys=0.00s Real=0.03s
[2024-02-23T11:41:47.548+0000][4616][gc          ] GC(662) Concurrent Mark Cycle
[2024-02-23T11:41:47.548+0000][4616][safepoint   ] Safepoint "G1CollectForAllocation", Time since last: 4020507400 ns, Reaching safepoint: 215200 ns, At safepoint: 31580300 ns, Total: 31795500 ns
[2024-02-23T11:41:47.548+0000][4616][gc,marking  ] GC(662) Concurrent Clear Claimed Marks
[2024-02-23T11:41:47.549+0000][4616][gc,marking  ] GC(662) Concurrent Clear Claimed Marks 0.348ms
[2024-02-23T11:41:47.549+0000][4616][gc,marking  ] GC(662) Concurrent Scan Root Regions
[2024-02-23T11:41:47.561+0000][4616][gc,marking  ] GC(662) Concurrent Scan Root Regions 13.287ms
[2024-02-23T11:41:47.561+0000][4616][gc,marking  ] GC(662) Concurrent Mark
[2024-02-23T11:41:47.561+0000][4616][gc,marking  ] GC(662) Concurrent Mark From Roots
[2024-02-23T11:41:47.561+0000][4616][gc,task     ] GC(662) Using 2 workers of 2 for marking
[2024-02-23T11:41:47.764+0000][4616][gc,marking  ] GC(662) Concurrent Mark From Roots 203.083ms
[2024-02-23T11:41:47.764+0000][4616][gc,marking  ] GC(662) Concurrent Preclean
[2024-02-23T11:41:47.764+0000][4616][gc,marking  ] GC(662) Concurrent Preclean 0.643ms
[2024-02-23T11:41:47.764+0000][4616][gc,start    ] GC(662) Pause Remark
[2024-02-23T11:41:47.773+0000][4616][gc          ] GC(662) Pause Remark 995M->987M(4040M) 11.829ms
[2024-02-23T11:41:47.773+0000][4616][gc,cpu      ] GC(662) User=0.05s Sys=0.00s Real=0.01s
[2024-02-23T11:41:47.773+0000][4616][safepoint   ] Safepoint "G1Concurrent", Time since last: 217706400 ns, Reaching safepoint: 76500 ns, At safepoint: 11956900 ns, Total: 12033400 ns
[2024-02-23T11:41:47.773+0000][4616][gc,marking  ] GC(662) Concurrent Mark 215.920ms
[2024-02-23T11:41:47.773+0000][4616][gc,marking  ] GC(662) Concurrent Rebuild Remembered Sets
[2024-02-23T11:41:47.922+0000][4616][gc,marking  ] GC(662) Concurrent Rebuild Remembered Sets 143.666ms
[2024-02-23T11:41:47.923+0000][4616][gc,start    ] GC(662) Pause Cleanup
[2024-02-23T11:41:47.924+0000][4616][gc          ] GC(662) Pause Cleanup 1013M->1013M(4040M) 1.359ms
[2024-02-23T11:41:47.924+0000][4616][gc,cpu      ] GC(662) User=0.00s Sys=0.00s Real=0.00s
[2024-02-23T11:41:47.924+0000][4616][safepoint   ] Safepoint "G1Concurrent", Time since last: 143825900 ns, Reaching safepoint: 62800 ns, At safepoint: 1441000 ns, Total: 1503800 ns
[2024-02-23T11:41:47.924+0000][4616][gc,marking  ] GC(662) Concurrent Cleanup for Next Mark
[2024-02-23T11:41:47.924+0000][4616][gc,marking  ] GC(662) Concurrent Cleanup for Next Mark 5.191ms
[2024-02-23T11:41:47.924+0000][4616][gc          ] GC(662) Concurrent Mark Cycle 380.404ms
[2024-02-23T11:42:36.251+0000][4616][gc,start    ] GC(663) Pause Young (Prepare Mixed) (G1 Evacuation Pause)
[2024-02-23T11:42:36.251+0000][4616][gc,task     ] GC(663) Using 8 workers of 8 for evacuation
[2024-02-23T11:42:36.251+0000][4616][gc,age      ] GC(663) Desired survivor size 150994944 bytes, new threshold 15 (max threshold 15)
[2024-02-23T11:42:36.303+0000][4616][gc,phases   ] GC(663)   Pre Evacuate Collection Set: 1.6ms
[2024-02-23T11:42:36.303+0000][4616][gc,phases   ] GC(663)   Merge Heap Roots: 0.6ms
[2024-02-23T11:42:36.303+0000][4616][gc,phases   ] GC(663)   Evacuate Collection Set: 45.3ms
[2024-02-23T11:42:36.303+0000][4616][gc,phases   ] GC(663)   Post Evacuate Collection Set: 3.4ms
[2024-02-23T11:42:36.303+0000][4616][gc,phases   ] GC(663)   Other: 0.5ms
[2024-02-23T11:42:36.303+0000][4616][gc,age      ] GC(663) Age table with threshold 15 (max threshold 15)
[2024-02-23T11:42:36.303+0000][4616][gc,age      ] GC(663) - age   1:   85210584 bytes,   85210584 total
[2024-02-23T11:42:36.303+0000][4616][gc,age      ] GC(663) - age   2:   59736856 bytes,  144947440 total
[2024-02-23T11:42:36.303+0000][4616][gc,age      ] GC(663) - age   3:    1346568 bytes,  146294008 total
[2024-02-23T11:42:36.303+0000][4616][gc,heap     ] GC(663) Eden regions: 553->0(14)
[2024-02-23T11:42:36.303+0000][4616][gc,heap     ] GC(663) Survivor regions: 21->36(72)
[2024-02-23T11:42:36.303+0000][4616][gc,heap     ] GC(663) Old regions: 214->214
[2024-02-23T11:42:36.303+0000][4616][gc,heap     ] GC(663) Archive regions: 0->0
[2024-02-23T11:42:36.303+0000][4616][gc,heap     ] GC(663) Humongous regions: 7->7
[2024-02-23T11:42:36.303+0000][4616][gc,metaspace] GC(663) Metaspace: 132136K(137152K)->132136K(137152K) NonClass: 115156K(117888K)->115156K(117888K) Class: 16980K(19264K)->16980K(19264K)
[2024-02-23T11:42:36.303+0000][4616][gc          ] GC(663) Pause Young (Prepare Mixed) (G1 Evacuation Pause) 3177M->1026M(4040M) 53.488ms
[2024-02-23T11:42:36.303+0000][4616][gc,cpu      ] GC(663) User=0.34s Sys=0.02s Real=0.05s
[2024-02-23T11:42:36.303+0000][4616][safepoint   ] Safepoint "G1CollectForAllocation", Time since last: 48337739600 ns, Reaching safepoint: 210800 ns, At safepoint: 54005700 ns, Total: 54216500 ns
[2024-02-23T11:42:36.666+0000][4616][gc,start    ] GC(664) Pause Young (Mixed) (G1 Evacuation Pause)
[2024-02-23T11:42:36.666+0000][4616][gc,task     ] GC(664) Using 8 workers of 8 for evacuation
[2024-02-23T11:42:36.666+0000][4616][gc,age      ] GC(664) Desired survivor size 14680064 bytes, new threshold 1 (max threshold 15)
[2024-02-23T11:42:36.868+0000][4616][gc,mmu      ] GC(664) MMU target violated: 201.0ms (200.0ms/201.0ms)
[2024-02-23T11:42:36.868+0000][4616][gc,phases   ] GC(664)   Pre Evacuate Collection Set: 0.2ms
[2024-02-23T11:42:36.868+0000][4616][gc,phases   ] GC(664)   Merge Heap Roots: 0.3ms
[2024-02-23T11:42:36.868+0000][4616][gc,phases   ] GC(664)   Evacuate Collection Set: 202.8ms
[2024-02-23T11:42:36.868+0000][4616][gc,phases   ] GC(664)   Post Evacuate Collection Set: 0.7ms
[2024-02-23T11:42:36.868+0000][4616][gc,phases   ] GC(664)   Other: 0.2ms
[2024-02-23T11:42:36.868+0000][4616][gc,age      ] GC(664) Age table with threshold 1 (max threshold 15)
[2024-02-23T11:42:36.868+0000][4616][gc,age      ] GC(664) - age   1:    5247192 bytes,    5247192 total
[2024-02-23T11:42:36.868+0000][4616][gc,heap     ] GC(664) Eden regions: 14->0(574)
[2024-02-23T11:42:36.868+0000][4616][gc,heap     ] GC(664) Survivor regions: 36->5(7)
[2024-02-23T11:42:36.868+0000][4616][gc,heap     ] GC(664) Old regions: 214->206
[2024-02-23T11:42:36.868+0000][4616][gc,heap     ] GC(664) Archive regions: 0->0
[2024-02-23T11:42:36.868+0000][4616][gc,heap     ] GC(664) Humongous regions: 7->7
[2024-02-23T11:42:36.868+0000][4616][gc,metaspace] GC(664) Metaspace: 132136K(137152K)->132136K(137152K) NonClass: 115156K(117888K)->115156K(117888K) Class: 16980K(19264K)->16980K(19264K)
[2024-02-23T11:42:36.868+0000][4616][gc          ] GC(664) Pause Young (Mixed) (G1 Evacuation Pause) 1082M->866M(4040M) 204.536ms
[2024-02-23T11:42:36.868+0000][4616][gc,cpu      ] GC(664) User=0.39s Sys=0.28s Real=0.20s
[2024-02-23T11:42:36.879+0000][4616][safepoint   ] Safepoint "G1CollectForAllocation", Time since last: 357284500 ns, Reaching safepoint: 138200 ns, At safepoint: 205478000 ns, Total: 205616200 ns
[2024-02-23T11:42:52.427+0000][4616][safepoint   ] Safepoint "Cleanup", Time since last: 15144818100 ns, Reaching safepoint: 403801200 ns, At safepoint: 146100 ns, Total: 403947300 ns
[2024-02-23T11:43:09.768+0000][4616][gc,start    ] GC(665) Pause Young (Normal) (G1 Evacuation Pause)
[2024-02-23T11:43:09.768+0000][4616][gc,task     ] GC(665) Using 8 workers of 8 for evacuation
[2024-02-23T11:43:09.768+0000][4616][gc,age      ] GC(665) Desired survivor size 153092096 bytes, new threshold 15 (max threshold 15)
[2024-02-23T11:43:09.789+0000][4616][gc,phases   ] GC(665)   Pre Evacuate Collection Set: 0.2ms
[2024-02-23T11:43:09.789+0000][4616][gc,phases   ] GC(665)   Merge Heap Roots: 0.2ms
[2024-02-23T11:43:09.789+0000][4616][gc,phases   ] GC(665)   Evacuate Collection Set: 18.9ms
[2024-02-23T11:43:09.789+0000][4616][gc,phases   ] GC(665)   Post Evacuate Collection Set: 1.5ms
[2024-02-23T11:43:09.790+0000][4616][gc,phases   ] GC(665)   Other: 0.3ms
[2024-02-23T11:43:09.790+0000][4616][gc,age      ] GC(665) Age table with threshold 15 (max threshold 15)
[2024-02-23T11:43:09.790+0000][4616][gc,age      ] GC(665) - age   1:   81745992 bytes,   81745992 total
[2024-02-23T11:43:09.790+0000][4616][gc,age      ] GC(665) - age   2:    4027616 bytes,   85773608 total
[2024-02-23T11:43:09.790+0000][4616][gc,heap     ] GC(665) Eden regions: 574->0(556)
[2024-02-23T11:43:09.790+0000][4616][gc,heap     ] GC(665) Survivor regions: 5->22(73)
[2024-02-23T11:43:09.790+0000][4616][gc,heap     ] GC(665) Old regions: 206->206
[2024-02-23T11:43:09.790+0000][4616][gc,heap     ] GC(665) Archive regions: 0->0
[2024-02-23T11:43:09.790+0000][4616][gc,heap     ] GC(665) Humongous regions: 8->8
[2024-02-23T11:43:09.790+0000][4616][gc,metaspace] GC(665) Metaspace: 132138K(137152K)->132138K(137152K) NonClass: 115157K(117888K)->115157K(117888K) Class: 16980K(19264K)->16980K(19264K)
[2024-02-23T11:43:09.790+0000][4616][gc          ] GC(665) Pause Young (Normal) (G1 Evacuation Pause) 3166M->938M(4040M) 21.571ms
[2024-02-23T11:43:09.790+0000][4616][gc,cpu      ] GC(665) User=0.22s Sys=0.00s Real=0.02s
[2024-02-23T11:43:09.790+0000][4616][safepoint   ] Safepoint "G1CollectForAllocation", Time since last: 17340576200 ns, Reaching safepoint: 124700 ns, At safepoint: 21726200 ns, Total: 21850900 ns
[2024-02-23T11:43:11.801+0000][4616][safepoint   ] Safepoint "Cleanup", Time since last: 2010403300 ns, Reaching safepoint: 804000 ns, At safepoint: 92700 ns, Total: 896700 ns
[2024-02-23T11:43:16.607+0000][4616][gc,start    ] GC(666) Pause Young (Concurrent Start) (G1 Humongous Allocation)
[2024-02-23T11:43:16.607+0000][4616][gc,task     ] GC(666) Using 8 workers of 8 for evacuation
[2024-02-23T11:43:16.607+0000][4616][gc,age      ] GC(666) Desired survivor size 153092096 bytes, new threshold 15 (max threshold 15)
[2024-02-23T11:43:16.636+0000][4616][gc,phases   ] GC(666)   Pre Evacuate Collection Set: 0.8ms
[2024-02-23T11:43:16.636+0000][4616][gc,phases   ] GC(666)   Merge Heap Roots: 0.3ms
[2024-02-23T11:43:16.636+0000][4616][gc,phases   ] GC(666)   Evacuate Collection Set: 24.8ms
[2024-02-23T11:43:16.636+0000][4616][gc,phases   ] GC(666)   Post Evacuate Collection Set: 1.6ms
[2024-02-23T11:43:16.636+0000][4616][gc,phases   ] GC(666)   Other: 0.3ms
[2024-02-23T11:43:16.636+0000][4616][gc,age      ] GC(666) Age table with threshold 15 (max threshold 15)
[2024-02-23T11:43:16.636+0000][4616][gc,age      ] GC(666) - age   1:   32273160 bytes,   32273160 total
[2024-02-23T11:43:16.636+0000][4616][gc,age      ] GC(666) - age   2:   72077640 bytes,  104350800 total
[2024-02-23T11:43:16.636+0000][4616][gc,age      ] GC(666) - age   3:    3311464 bytes,  107662264 total
[2024-02-23T11:43:16.636+0000][4616][gc,heap     ] GC(666) Eden regions: 201->0(97)
[2024-02-23T11:43:16.636+0000][4616][gc,heap     ] GC(666) Survivor regions: 22->28(73)
[2024-02-23T11:43:16.636+0000][4616][gc,heap     ] GC(666) Old regions: 206->206
[2024-02-23T11:43:16.636+0000][4616][gc,heap     ] GC(666) Archive regions: 0->0
[2024-02-23T11:43:16.636+0000][4616][gc,heap     ] GC(666) Humongous regions: 8->8
[2024-02-23T11:43:16.636+0000][4616][gc,metaspace] GC(666) Metaspace: 132138K(137152K)->132138K(137152K) NonClass: 115157K(117888K)->115157K(117888K) Class: 16980K(19264K)->16980K(19264K)
[2024-02-23T11:43:16.636+0000][4616][gc          ] GC(666) Pause Young (Concurrent Start) (G1 Humongous Allocation) 1740M->963M(4040M) 28.585ms
[2024-02-23T11:43:16.636+0000][4616][gc          ] GC(667) Concurrent Mark Cycle
[2024-02-23T11:43:16.636+0000][4616][gc,cpu      ] GC(666) User=0.14s Sys=0.00s Real=0.03s
[2024-02-23T11:43:16.636+0000][4616][gc,marking  ] GC(667) Concurrent Clear Claimed Marks
[2024-02-23T11:43:16.636+0000][4616][safepoint   ] Safepoint "G1TryInitiateConcMark", Time since last: 4806858200 ns, Reaching safepoint: 239600 ns, At safepoint: 29037600 ns, Total: 29277200 ns
[2024-02-23T11:43:16.636+0000][4616][gc,marking  ] GC(667) Concurrent Clear Claimed Marks 0.415ms
[2024-02-23T11:43:16.636+0000][4616][gc,marking  ] GC(667) Concurrent Scan Root Regions
[2024-02-23T11:43:16.657+0000][4616][gc,marking  ] GC(667) Concurrent Scan Root Regions 18.851ms
[2024-02-23T11:43:16.657+0000][4616][gc,marking  ] GC(667) Concurrent Mark
[2024-02-23T11:43:16.657+0000][4616][gc,marking  ] GC(667) Concurrent Mark From Roots
[2024-02-23T11:43:16.657+0000][4616][gc,task     ] GC(667) Using 2 workers of 2 for marking
[2024-02-23T11:43:16.892+0000][4616][gc,marking  ] GC(667) Concurrent Mark From Roots 235.884ms
[2024-02-23T11:43:16.892+0000][4616][gc,marking  ] GC(667) Concurrent Preclean
[2024-02-23T11:43:16.893+0000][4616][gc,marking  ] GC(667) Concurrent Preclean 0.642ms
[2024-02-23T11:43:16.893+0000][4616][gc,start    ] GC(667) Pause Remark
[2024-02-23T11:43:16.904+0000][4616][gc          ] GC(667) Pause Remark 1013M->1005M(4040M) 11.069ms
[2024-02-23T11:43:16.905+0000][4616][gc,cpu      ] GC(667) User=0.00s Sys=0.00s Real=0.01s
[2024-02-23T11:43:16.905+0000][4616][safepoint   ] Safepoint "G1Concurrent", Time since last: 255825100 ns, Reaching safepoint: 75100 ns, At safepoint: 11185300 ns, Total: 11260400 ns
[2024-02-23T11:43:16.905+0000][4616][gc,marking  ] GC(667) Concurrent Mark 247.960ms
[2024-02-23T11:43:16.905+0000][4616][gc,marking  ] GC(667) Concurrent Rebuild Remembered Sets
[2024-02-23T11:43:17.032+0000][4616][gc,marking  ] GC(667) Concurrent Rebuild Remembered Sets 127.230ms
[2024-02-23T11:43:17.032+0000][4616][gc,start    ] GC(667) Pause Cleanup
[2024-02-23T11:43:17.033+0000][4616][gc          ] GC(667) Pause Cleanup 1023M->1023M(4040M) 0.998ms
[2024-02-23T11:43:17.033+0000][4616][gc,cpu      ] GC(667) User=0.00s Sys=0.00s Real=0.00s
[2024-02-23T11:43:17.033+0000][4616][safepoint   ] Safepoint "G1Concurrent", Time since last: 127431000 ns, Reaching safepoint: 88900 ns, At safepoint: 1087000 ns, Total: 1175900 ns
[2024-02-23T11:43:17.033+0000][4616][gc,marking  ] GC(667) Concurrent Cleanup for Next Mark
[2024-02-23T11:43:17.040+0000][4616][gc,marking  ] GC(667) Concurrent Cleanup for Next Mark 7.122ms
[2024-02-23T11:43:17.040+0000][4616][gc          ] GC(667) Concurrent Mark Cycle 403.229ms
[2024-02-23T11:44:06.827+0000][4616][gc,start    ] GC(668) Pause Young (Prepare Mixed) (G1 Evacuation Pause)
[2024-02-23T11:44:06.827+0000][4616][gc,task     ] GC(668) Using 8 workers of 8 for evacuation
[2024-02-23T11:44:06.827+0000][4616][gc,age      ] GC(668) Desired survivor size 148897792 bytes, new threshold 15 (max threshold 15)
[2024-02-23T11:44:06.860+0000][4616][gc,phases   ] GC(668)   Pre Evacuate Collection Set: 0.1ms
[2024-02-23T11:44:06.860+0000][4616][gc,phases   ] GC(668)   Merge Heap Roots: 0.2ms
[2024-02-23T11:44:06.860+0000][4616][gc,phases   ] GC(668)   Evacuate Collection Set: 31.3ms
[2024-02-23T11:44:06.860+0000][4616][gc,phases   ] GC(668)   Post Evacuate Collection Set: 1.3ms
[2024-02-23T11:44:06.860+0000][4616][gc,phases   ] GC(668)   Other: 0.2ms
[2024-02-23T11:44:06.860+0000][4616][gc,age      ] GC(668) Age table with threshold 15 (max threshold 15)
[2024-02-23T11:44:06.860+0000][4616][gc,age      ] GC(668) - age   1:   74536952 bytes,   74536952 total
[2024-02-23T11:44:06.860+0000][4616][gc,age      ] GC(668) - age   2:   25730200 bytes,  100267152 total
[2024-02-23T11:44:06.860+0000][4616][gc,age      ] GC(668) - age   3:   53946736 bytes,  154213888 total
[2024-02-23T11:44:06.860+0000][4616][gc,age      ] GC(668) - age   4:    3273552 bytes,  157487440 total
[2024-02-23T11:44:06.860+0000][4616][gc,heap     ] GC(668) Eden regions: 539->0(10)
[2024-02-23T11:44:06.860+0000][4616][gc,heap     ] GC(668) Survivor regions: 28->40(71)
[2024-02-23T11:44:06.860+0000][4616][gc,heap     ] GC(668) Old regions: 206->206
[2024-02-23T11:44:06.860+0000][4616][gc,heap     ] GC(668) Archive regions: 0->0
[2024-02-23T11:44:06.860+0000][4616][gc,heap     ] GC(668) Humongous regions: 7->7
[2024-02-23T11:44:06.861+0000][4616][gc,metaspace] GC(668) Metaspace: 132138K(137152K)->132138K(137152K) NonClass: 115157K(117888K)->115157K(117888K) Class: 16980K(19264K)->16980K(19264K)
[2024-02-23T11:44:06.861+0000][4616][gc          ] GC(668) Pause Young (Prepare Mixed) (G1 Evacuation Pause) 3115M->1009M(4040M) 33.747ms
[2024-02-23T11:44:06.861+0000][4616][gc,cpu      ] GC(668) User=0.17s Sys=0.00s Real=0.03s
[2024-02-23T11:44:06.861+0000][4616][safepoint   ] Safepoint "G1CollectForAllocation", Time since last: 49794106000 ns, Reaching safepoint: 102900 ns, At safepoint: 34004200 ns, Total: 34107100 ns
[2024-02-23T11:44:06.965+0000][4616][gc,start    ] GC(669) Pause Young (Mixed) (G1 Evacuation Pause)
[2024-02-23T11:44:06.965+0000][4616][gc,task     ] GC(669) Using 8 workers of 8 for evacuation
[2024-02-23T11:44:06.965+0000][4616][gc,age      ] GC(669) Desired survivor size 14680064 bytes, new threshold 1 (max threshold 15)
[2024-02-23T11:44:07.093+0000][4616][gc,phases   ] GC(669)   Pre Evacuate Collection Set: 0.1ms
[2024-02-23T11:44:07.093+0000][4616][gc,phases   ] GC(669)   Merge Heap Roots: 0.2ms
[2024-02-23T11:44:07.093+0000][4616][gc,phases   ] GC(669)   Evacuate Collection Set: 120.7ms
[2024-02-23T11:44:07.093+0000][4616][gc,phases   ] GC(669)   Post Evacuate Collection Set: 1.2ms
[2024-02-23T11:44:07.093+0000][4616][gc,phases   ] GC(669)   Other: 0.1ms
[2024-02-23T11:44:07.093+0000][4616][gc,age      ] GC(669) Age table with threshold 1 (max threshold 15)
[2024-02-23T11:44:07.093+0000][4616][gc,age      ] GC(669) - age   1:    1800320 bytes,    1800320 total
[2024-02-23T11:44:07.093+0000][4616][gc,heap     ] GC(669) Eden regions: 10->0(568)
[2024-02-23T11:44:07.093+0000][4616][gc,heap     ] GC(669) Survivor regions: 40->4(7)
[2024-02-23T11:44:07.093+0000][4616][gc,heap     ] GC(669) Old regions: 206->203
[2024-02-23T11:44:07.093+0000][4616][gc,heap     ] GC(669) Archive regions: 0->0
[2024-02-23T11:44:07.093+0000][4616][gc,heap     ] GC(669) Humongous regions: 7->7
[2024-02-23T11:44:07.093+0000][4616][gc,metaspace] GC(669) Metaspace: 132138K(137152K)->132138K(137152K) NonClass: 115157K(117888K)->115157K(117888K) Class: 16980K(19264K)->16980K(19264K)
[2024-02-23T11:44:07.093+0000][4616][gc          ] GC(669) Pause Young (Mixed) (G1 Evacuation Pause) 1049M->853M(4040M) 122.660ms
[2024-02-23T11:44:07.093+0000][4616][gc,cpu      ] GC(669) User=0.25s Sys=0.30s Real=0.13s
[2024-02-23T11:44:07.093+0000][4616][safepoint   ] Safepoint "G1CollectForAllocation", Time since last: 113783200 ns, Reaching safepoint: 277300 ns, At safepoint: 123000000 ns, Total: 123277300 ns
[2024-02-23T11:44:42.375+0000][4616][gc,start    ] GC(670) Pause Young (Normal) (G1 Evacuation Pause)
[2024-02-23T11:44:42.375+0000][4616][gc,task     ] GC(670) Using 8 workers of 8 for evacuation
[2024-02-23T11:44:42.375+0000][4616][gc,age      ] GC(670) Desired survivor size 150994944 bytes, new threshold 15 (max threshold 15)
[2024-02-23T11:44:42.411+0000][4616][gc,phases   ] GC(670)   Pre Evacuate Collection Set: 0.4ms
[2024-02-23T11:44:42.411+0000][4616][gc,phases   ] GC(670)   Merge Heap Roots: 0.5ms
[2024-02-23T11:44:42.411+0000][4616][gc,phases   ] GC(670)   Evacuate Collection Set: 33.1ms
[2024-02-23T11:44:42.411+0000][4616][gc,phases   ] GC(670)   Post Evacuate Collection Set: 2.1ms
[2024-02-23T11:44:42.411+0000][4616][gc,phases   ] GC(670)   Other: 0.4ms
[2024-02-23T11:44:42.411+0000][4616][gc,age      ] GC(670) Age table with threshold 15 (max threshold 15)
[2024-02-23T11:44:42.411+0000][4616][gc,age      ] GC(670) - age   1:   85105560 bytes,   85105560 total
[2024-02-23T11:44:42.411+0000][4616][gc,age      ] GC(670) - age   2:    1237784 bytes,   86343344 total
[2024-02-23T11:44:42.411+0000][4616][gc,heap     ] GC(670) Eden regions: 568->0(551)
[2024-02-23T11:44:42.411+0000][4616][gc,heap     ] GC(670) Survivor regions: 4->22(72)
[2024-02-23T11:44:42.411+0000][4616][gc,heap     ] GC(670) Old regions: 203->203
[2024-02-23T11:44:42.411+0000][4616][gc,heap     ] GC(670) Archive regions: 0->0
[2024-02-23T11:44:42.411+0000][4616][gc,heap     ] GC(670) Humongous regions: 8->8
[2024-02-23T11:44:42.411+0000][4616][gc,metaspace] GC(670) Metaspace: 132139K(137152K)->132139K(137152K) NonClass: 115158K(117888K)->115158K(117888K) Class: 16980K(19264K)->16980K(19264K)
[2024-02-23T11:44:42.411+0000][4616][gc          ] GC(670) Pause Young (Normal) (G1 Evacuation Pause) 3129M->927M(4040M) 37.629ms
[2024-02-23T11:44:42.411+0000][4616][gc,cpu      ] GC(670) User=0.25s Sys=0.00s Real=0.04s
[2024-02-23T11:44:42.411+0000][4616][safepoint   ] Safepoint "G1CollectForAllocation", Time since last: 35219768100 ns, Reaching safepoint: 56923500 ns, At safepoint: 37978000 ns, Total: 94901500 ns
[2024-02-23T11:44:44.183+0000][4616][safepoint   ] Safepoint "Cleanup", Time since last: 1769713900 ns, Reaching safepoint: 210000 ns, At safepoint: 26000 ns, Total: 236000 ns
[2024-02-23T11:44:47.201+0000][4616][safepoint   ] Safepoint "Cleanup", Time since last: 3018081000 ns, Reaching safepoint: 75000 ns, At safepoint: 10500 ns, Total: 85500 ns
[2024-02-23T11:44:52.245+0000][4616][safepoint   ] Safepoint "Cleanup", Time since last: 5043781200 ns, Reaching safepoint: 115700 ns, At safepoint: 23000 ns, Total: 138700 ns
[2024-02-23T11:44:53.258+0000][4616][safepoint   ] Safepoint "Cleanup", Time since last: 1012245500 ns, Reaching safepoint: 155100 ns, At safepoint: 8900 ns, Total: 164000 ns
[2024-02-23T11:44:54.255+0000][4616][gc,start    ] GC(671) Pause Young (Concurrent Start) (G1 Humongous Allocation)
[2024-02-23T11:44:54.256+0000][4616][gc,task     ] GC(671) Using 8 workers of 8 for evacuation
[2024-02-23T11:44:54.256+0000][4616][gc,age      ] GC(671) Desired survivor size 150994944 bytes, new threshold 15 (max threshold 15)
[2024-02-23T11:44:54.289+0000][4616][gc,phases   ] GC(671)   Pre Evacuate Collection Set: 0.7ms
[2024-02-23T11:44:54.289+0000][4616][gc,phases   ] GC(671)   Merge Heap Roots: 0.3ms
[2024-02-23T11:44:54.289+0000][4616][gc,phases   ] GC(671)   Evacuate Collection Set: 28.9ms
[2024-02-23T11:44:54.289+0000][4616][gc,phases   ] GC(671)   Post Evacuate Collection Set: 1.0ms
[2024-02-23T11:44:54.289+0000][4616][gc,phases   ] GC(671)   Other: 2.3ms
[2024-02-23T11:44:54.289+0000][4616][gc,age      ] GC(671) Age table with threshold 15 (max threshold 15)
[2024-02-23T11:44:54.289+0000][4616][gc,age      ] GC(671) - age   1:   50572848 bytes,   50572848 total
[2024-02-23T11:44:54.289+0000][4616][gc,age      ] GC(671) - age   2:   73385176 bytes,  123958024 total
[2024-02-23T11:44:54.289+0000][4616][gc,age      ] GC(671) - age   3:     167200 bytes,  124125224 total
[2024-02-23T11:44:54.289+0000][4616][gc,heap     ] GC(671) Eden regions: 340->0(63)
[2024-02-23T11:44:54.289+0000][4616][gc,heap     ] GC(671) Survivor regions: 22->31(72)
[2024-02-23T11:44:54.289+0000][4616][gc,heap     ] GC(671) Old regions: 203->203
[2024-02-23T11:44:54.289+0000][4616][gc,heap     ] GC(671) Archive regions: 0->0
[2024-02-23T11:44:54.289+0000][4616][gc,heap     ] GC(671) Humongous regions: 8->8
[2024-02-23T11:44:54.289+0000][4616][gc,metaspace] GC(671) Metaspace: 132139K(137152K)->132139K(137152K) NonClass: 115158K(117888K)->115158K(117888K) Class: 16980K(19264K)->16980K(19264K)
[2024-02-23T11:44:54.289+0000][4616][gc          ] GC(671) Pause Young (Concurrent Start) (G1 Humongous Allocation) 2287M->965M(4040M) 33.830ms
[2024-02-23T11:44:54.289+0000][4616][gc          ] GC(672) Concurrent Mark Cycle
[2024-02-23T11:44:54.289+0000][4616][gc,cpu      ] GC(671) User=0.23s Sys=0.00s Real=0.03s
[2024-02-23T11:44:54.289+0000][4616][gc,marking  ] GC(672) Concurrent Clear Claimed Marks
[2024-02-23T11:44:54.289+0000][4616][safepoint   ] Safepoint "G1TryInitiateConcMark", Time since last: 997637600 ns, Reaching safepoint: 162400 ns, At safepoint: 34090000 ns, Total: 34252400 ns
[2024-02-23T11:44:54.290+0000][4616][gc,marking  ] GC(672) Concurrent Clear Claimed Marks 0.195ms
[2024-02-23T11:44:54.290+0000][4616][gc,marking  ] GC(672) Concurrent Scan Root Regions
[2024-02-23T11:44:54.302+0000][4616][gc,marking  ] GC(672) Concurrent Scan Root Regions 12.166ms
[2024-02-23T11:44:54.302+0000][4616][gc,marking  ] GC(672) Concurrent Mark
[2024-02-23T11:44:54.302+0000][4616][gc,marking  ] GC(672) Concurrent Mark From Roots
[2024-02-23T11:44:54.302+0000][4616][gc,task     ] GC(672) Using 2 workers of 2 for marking
[2024-02-23T11:44:54.478+0000][4616][gc,marking  ] GC(672) Concurrent Mark From Roots 177.445ms
[2024-02-23T11:44:54.480+0000][4616][gc,marking  ] GC(672) Concurrent Preclean
[2024-02-23T11:44:54.480+0000][4616][gc,marking  ] GC(672) Concurrent Preclean 0.769ms
[2024-02-23T11:44:54.480+0000][4616][gc,start    ] GC(672) Pause Remark
[2024-02-23T11:44:54.490+0000][4616][gc          ] GC(672) Pause Remark 1014M->1002M(4040M) 10.616ms
[2024-02-23T11:44:54.490+0000][4616][gc,cpu      ] GC(672) User=0.00s Sys=0.00s Real=0.01s
[2024-02-23T11:44:54.490+0000][4616][safepoint   ] Safepoint "G1Concurrent", Time since last: 190722500 ns, Reaching safepoint: 50000 ns, At safepoint: 10786700 ns, Total: 10836700 ns
[2024-02-23T11:44:54.491+0000][4616][gc,marking  ] GC(672) Concurrent Mark 189.233ms
[2024-02-23T11:44:54.491+0000][4616][gc,marking  ] GC(672) Concurrent Rebuild Remembered Sets
[2024-02-23T11:44:54.647+0000][4616][gc,marking  ] GC(672) Concurrent Rebuild Remembered Sets 156.314ms
[2024-02-23T11:44:54.648+0000][4616][gc,start    ] GC(672) Pause Cleanup
[2024-02-23T11:44:54.648+0000][4616][gc          ] GC(672) Pause Cleanup 1021M->1021M(4040M) 0.316ms
[2024-02-23T11:44:54.648+0000][4616][gc,cpu      ] GC(672) User=0.00s Sys=0.00s Real=0.00s
[2024-02-23T11:44:54.648+0000][4616][safepoint   ] Safepoint "G1Concurrent", Time since last: 156473600 ns, Reaching safepoint: 109800 ns, At safepoint: 386500 ns, Total: 496300 ns
[2024-02-23T11:44:54.648+0000][4616][gc,marking  ] GC(672) Concurrent Cleanup for Next Mark
[2024-02-23T11:44:54.654+0000][4616][gc,marking  ] GC(672) Concurrent Cleanup for Next Mark 5.598ms
[2024-02-23T11:44:54.654+0000][4616][gc          ] GC(672) Concurrent Mark Cycle 364.379ms
[2024-02-23T11:45:10.759+0000][4616][gc,start    ] GC(673) Pause Young (Prepare Mixed) (G1 Evacuation Pause)
[2024-02-23T11:45:10.759+0000][4616][gc,task     ] GC(673) Using 8 workers of 8 for evacuation
[2024-02-23T11:45:10.759+0000][4616][gc,age      ] GC(673) Desired survivor size 153092096 bytes, new threshold 15 (max threshold 15)
[2024-02-23T11:45:11.202+0000][4616][gc,mmu      ] GC(673) MMU target violated: 201.0ms (200.0ms/201.0ms)
[2024-02-23T11:45:11.202+0000][4616][gc,phases   ] GC(673)   Pre Evacuate Collection Set: 0.2ms
[2024-02-23T11:45:11.202+0000][4616][gc,phases   ] GC(673)   Merge Heap Roots: 0.3ms
[2024-02-23T11:45:11.202+0000][4616][gc,phases   ] GC(673)   Evacuate Collection Set: 433.7ms
[2024-02-23T11:45:11.202+0000][4616][gc,phases   ] GC(673)   Post Evacuate Collection Set: 1.4ms
[2024-02-23T11:45:11.202+0000][4616][gc,phases   ] GC(673)   Other: 0.4ms
[2024-02-23T11:45:11.202+0000][4616][gc,age      ] GC(673) Age table with threshold 15 (max threshold 15)
[2024-02-23T11:45:11.202+0000][4616][gc,age      ] GC(673) - age   1:   86007488 bytes,   86007488 total
[2024-02-23T11:45:11.202+0000][4616][gc,age      ] GC(673) - age   2:   33144424 bytes,  119151912 total
[2024-02-23T11:45:11.202+0000][4616][gc,age      ] GC(673) - age   3:   49747840 bytes,  168899752 total
[2024-02-23T11:45:11.202+0000][4616][gc,age      ] GC(673) - age   4:     135256 bytes,  169035008 total
[2024-02-23T11:45:11.202+0000][4616][gc,heap     ] GC(673) Eden regions: 548->0(7)
[2024-02-23T11:45:11.202+0000][4616][gc,heap     ] GC(673) Survivor regions: 31->43(73)
[2024-02-23T11:45:11.202+0000][4616][gc,heap     ] GC(673) Old regions: 203->203
[2024-02-23T11:45:11.202+0000][4616][gc,heap     ] GC(673) Archive regions: 0->0
[2024-02-23T11:45:11.202+0000][4616][gc,heap     ] GC(673) Humongous regions: 6->6
[2024-02-23T11:45:11.202+0000][4616][gc,metaspace] GC(673) Metaspace: 132139K(137152K)->132139K(137152K) NonClass: 115158K(117888K)->115158K(117888K) Class: 16980K(19264K)->16980K(19264K)
[2024-02-23T11:45:11.202+0000][4616][gc          ] GC(673) Pause Young (Prepare Mixed) (G1 Evacuation Pause) 3149M->1002M(4040M) 436.566ms
[2024-02-23T11:45:11.202+0000][4616][gc,cpu      ] GC(673) User=0.27s Sys=0.14s Real=0.44s
[2024-02-23T11:45:11.202+0000][4616][safepoint   ] Safepoint "G1CollectForAllocation", Time since last: 16117771300 ns, Reaching safepoint: 110300 ns, At safepoint: 436830700 ns, Total: 436941000 ns
[2024-02-23T11:45:11.327+0000][4616][gc,start    ] GC(674) Pause Young (Mixed) (G1 Evacuation Pause)
[2024-02-23T11:45:11.327+0000][4616][gc,task     ] GC(674) Using 8 workers of 8 for evacuation
[2024-02-23T11:45:11.327+0000][4616][gc,age      ] GC(674) Desired survivor size 14680064 bytes, new threshold 1 (max threshold 15)
[2024-02-23T11:45:12.989+0000][4616][gc,mmu      ] GC(674) MMU target violated: 201.0ms (200.0ms/201.0ms)
[2024-02-23T11:45:12.989+0000][4616][gc,phases   ] GC(674)   Pre Evacuate Collection Set: 0.2ms
[2024-02-23T11:45:12.989+0000][4616][gc,phases   ] GC(674)   Merge Heap Roots: 0.2ms
[2024-02-23T11:45:12.989+0000][4616][gc,phases   ] GC(674)   Evacuate Collection Set: 1657.8ms
[2024-02-23T11:45:12.989+0000][4616][gc,phases   ] GC(674)   Post Evacuate Collection Set: 1.2ms
[2024-02-23T11:45:12.989+0000][4616][gc,phases   ] GC(674)   Other: 0.3ms
[2024-02-23T11:45:12.989+0000][4616][gc,age      ] GC(674) Age table with threshold 1 (max threshold 15)
[2024-02-23T11:45:12.989+0000][4616][gc,age      ] GC(674) - age   1:    3912336 bytes,    3912336 total
[2024-02-23T11:45:12.989+0000][4616][gc,heap     ] GC(674) Eden regions: 7->0(138)
[2024-02-23T11:45:12.989+0000][4616][gc,heap     ] GC(674) Survivor regions: 43->4(7)
[2024-02-23T11:45:12.989+0000][4616][gc,heap     ] GC(674) Old regions: 203->199
[2024-02-23T11:45:12.989+0000][4616][gc,heap     ] GC(674) Archive regions: 0->0
[2024-02-23T11:45:12.989+0000][4616][gc,heap     ] GC(674) Humongous regions: 6->6
[2024-02-23T11:45:12.989+0000][4616][gc,metaspace] GC(674) Metaspace: 132139K(137152K)->132139K(137152K) NonClass: 115158K(117888K)->115158K(117888K) Class: 16980K(19264K)->16980K(19264K)
[2024-02-23T11:45:12.989+0000][4616][gc          ] GC(674) Pause Young (Mixed) (G1 Evacuation Pause) 1030M->835M(4040M) 1660.276ms
[2024-02-23T11:45:12.989+0000][4616][gc,cpu      ] GC(674) User=0.45s Sys=1.44s Real=1.66s
[2024-02-23T11:45:12.995+0000][4616][safepoint   ] Safepoint "G1CollectForAllocation", Time since last: 127852100 ns, Reaching safepoint: 211200 ns, At safepoint: 1664530800 ns, Total: 1664742000 ns
[2024-02-23T11:45:18.567+0000][4616][gc,start    ] GC(675) Pause Young (Normal) (G1 Evacuation Pause)
[2024-02-23T11:45:18.568+0000][4616][gc,task     ] GC(675) Using 8 workers of 8 for evacuation
[2024-02-23T11:45:18.568+0000][4616][gc,age      ] GC(675) Desired survivor size 37748736 bytes, new threshold 15 (max threshold 15)
[2024-02-23T11:45:18.569+0000][4616][gc,phases   ] GC(675)   Pre Evacuate Collection Set: 0.5ms
[2024-02-23T11:45:18.569+0000][4616][gc,phases   ] GC(675)   Merge Heap Roots: 0.3ms
[2024-02-23T11:45:18.569+0000][4616][gc,phases   ] GC(675)   Evacuate Collection Set: 11.4ms
[2024-02-23T11:45:18.569+0000][4616][gc,phases   ] GC(675)   Post Evacuate Collection Set: 1.8ms
[2024-02-23T11:45:18.569+0000][4616][gc,phases   ] GC(675)   Other: 0.4ms
[2024-02-23T11:45:18.569+0000][4616][gc,age      ] GC(675) Age table with threshold 15 (max threshold 15)
[2024-02-23T11:45:18.569+0000][4616][gc,age      ] GC(675) - age   1:   19175216 bytes,   19175216 total
[2024-02-23T11:45:18.569+0000][4616][gc,age      ] GC(675) - age   2:    3442472 bytes,   22617688 total
[2024-02-23T11:45:18.569+0000][4616][gc,heap     ] GC(675) Eden regions: 138->0(159)
[2024-02-23T11:45:18.569+0000][4616][gc,heap     ] GC(675) Survivor regions: 4->6(18)
[2024-02-23T11:45:18.569+0000][4616][gc,heap     ] GC(675) Old regions: 199->199
[2024-02-23T11:45:18.569+0000][4616][gc,heap     ] GC(675) Archive regions: 0->0
[2024-02-23T11:45:18.569+0000][4616][gc,heap     ] GC(675) Humongous regions: 7->7
[2024-02-23T11:45:18.569+0000][4616][gc,metaspace] GC(675) Metaspace: 132139K(137152K)->132139K(137152K) NonClass: 115158K(117888K)->115158K(117888K) Class: 16980K(19264K)->16980K(19264K)
[2024-02-23T11:45:18.569+0000][4616][gc          ] GC(675) Pause Young (Normal) (G1 Evacuation Pause) 1391M->847M(4040M) 15.693ms
[2024-02-23T11:45:18.569+0000][4616][gc,cpu      ] GC(675) User=0.00s Sys=0.00s Real=0.00s
[2024-02-23T11:45:18.569+0000][4616][safepoint   ] Safepoint "G1CollectForAllocation", Time since last: 5572612900 ns, Reaching safepoint: 173700 ns, At safepoint: 16072800 ns, Total: 16246500 ns
[2024-02-23T11:45:23.874+0000][4616][gc,start    ] GC(676) Pause Young (Normal) (G1 Evacuation Pause)
[2024-02-23T11:45:23.874+0000][4616][gc,task     ] GC(676) Using 8 workers of 8 for evacuation
[2024-02-23T11:45:23.874+0000][4616][gc,age      ] GC(676) Desired survivor size 44040192 bytes, new threshold 15 (max threshold 15)
[2024-02-23T11:45:23.889+0000][4616][gc,phases   ] GC(676)   Pre Evacuate Collection Set: 0.3ms
[2024-02-23T11:45:23.889+0000][4616][gc,phases   ] GC(676)   Merge Heap Roots: 0.4ms
[2024-02-23T11:45:23.889+0000][4616][gc,phases   ] GC(676)   Evacuate Collection Set: 13.4ms
[2024-02-23T11:45:23.889+0000][4616][gc,phases   ] GC(676)   Post Evacuate Collection Set: 1.7ms
[2024-02-23T11:45:23.889+0000][4616][gc,phases   ] GC(676)   Other: 0.3ms
[2024-02-23T11:45:23.889+0000][4616][gc,age      ] GC(676) Age table with threshold 15 (max threshold 15)
[2024-02-23T11:45:23.889+0000][4616][gc,age      ] GC(676) - age   1:   23934304 bytes,   23934304 total
[2024-02-23T11:45:23.889+0000][4616][gc,age      ] GC(676) - age   2:   16254328 bytes,   40188632 total
[2024-02-23T11:45:23.889+0000][4616][gc,age      ] GC(676) - age   3:    3419560 bytes,   43608192 total
[2024-02-23T11:45:23.889+0000][4616][gc,heap     ] GC(676) Eden regions: 159->0(158)
[2024-02-23T11:45:23.889+0000][4616][gc,heap     ] GC(676) Survivor regions: 6->11(21)
[2024-02-23T11:45:23.889+0000][4616][gc,heap     ] GC(676) Old regions: 199->199
[2024-02-23T11:45:23.889+0000][4616][gc,heap     ] GC(676) Archive regions: 0->0
[2024-02-23T11:45:23.889+0000][4616][gc,heap     ] GC(676) Humongous regions: 7->7
[2024-02-23T11:45:23.889+0000][4616][gc,metaspace] GC(676) Metaspace: 132139K(137152K)->132139K(137152K) NonClass: 115158K(117888K)->115158K(117888K) Class: 16980K(19264K)->16980K(19264K)
[2024-02-23T11:45:23.889+0000][4616][gc          ] GC(676) Pause Young (Normal) (G1 Evacuation Pause) 1483M->866M(4040M) 17.249ms
[2024-02-23T11:45:23.889+0000][4616][gc,cpu      ] GC(676) User=0.12s Sys=0.00s Real=0.01s
[2024-02-23T11:45:23.889+0000][4616][safepoint   ] Safepoint "G1CollectForAllocation", Time since last: 5296296800 ns, Reaching safepoint: 164800 ns, At safepoint: 17547900 ns, Total: 17712700 ns
[2024-02-23T11:45:28.986+0000][4616][gc,start    ] GC(677) Pause Young (Concurrent Start) (G1 Evacuation Pause)
[2024-02-23T11:45:28.986+0000][4616][gc,task     ] GC(677) Using 8 workers of 8 for evacuation
[2024-02-23T11:45:28.986+0000][4616][gc,age      ] GC(677) Desired survivor size 46137344 bytes, new threshold 15 (max threshold 15)
[2024-02-23T11:45:29.018+0000][4616][gc,phases   ] GC(677)   Pre Evacuate Collection Set: 0.9ms
[2024-02-23T11:45:29.018+0000][4616][gc,phases   ] GC(677)   Merge Heap Roots: 0.3ms
[2024-02-23T11:45:29.018+0000][4616][gc,phases   ] GC(677)   Evacuate Collection Set: 20.7ms
[2024-02-23T11:45:29.018+0000][4616][gc,phases   ] GC(677)   Post Evacuate Collection Set: 2.9ms
[2024-02-23T11:45:29.018+0000][4616][gc,phases   ] GC(677)   Other: 0.6ms
[2024-02-23T11:45:29.018+0000][4616][gc,age      ] GC(677) Age table with threshold 15 (max threshold 15)
[2024-02-23T11:45:29.018+0000][4616][gc,age      ] GC(677) - age   1:   29022296 bytes,   29022296 total
[2024-02-23T11:45:29.018+0000][4616][gc,age      ] GC(677) - age   2:   21771936 bytes,   50794232 total
[2024-02-23T11:45:29.018+0000][4616][gc,age      ] GC(677) - age   3:   15242992 bytes,   66037224 total
[2024-02-23T11:45:29.018+0000][4616][gc,age      ] GC(677) - age   4:    3036536 bytes,   69073760 total
[2024-02-23T11:45:29.018+0000][4616][gc,heap     ] GC(677) Eden regions: 158->0(191)
[2024-02-23T11:45:29.018+0000][4616][gc,heap     ] GC(677) Survivor regions: 11->18(22)
[2024-02-23T11:45:29.018+0000][4616][gc,heap     ] GC(677) Old regions: 199->199
[2024-02-23T11:45:29.018+0000][4616][gc,heap     ] GC(677) Archive regions: 0->0
[2024-02-23T11:45:29.018+0000][4616][gc,heap     ] GC(677) Humongous regions: 7->7
[2024-02-23T11:45:29.018+0000][4616][gc,metaspace] GC(677) Metaspace: 132139K(137152K)->132139K(137152K) NonClass: 115158K(117888K)->115158K(117888K) Class: 16980K(19264K)->16980K(19264K)
[2024-02-23T11:45:29.018+0000][4616][gc          ] GC(677) Pause Young (Concurrent Start) (G1 Evacuation Pause) 1498M->893M(4040M) 26.476ms
[2024-02-23T11:45:29.018+0000][4616][gc          ] GC(678) Concurrent Mark Cycle
[2024-02-23T11:45:29.018+0000][4616][gc,cpu      ] GC(677) User=0.16s Sys=0.05s Real=0.03s
[2024-02-23T11:45:29.018+0000][4616][gc,marking  ] GC(678) Concurrent Clear Claimed Marks
[2024-02-23T11:45:29.018+0000][4616][safepoint   ] Safepoint "G1CollectForAllocation", Time since last: 5093793000 ns, Reaching safepoint: 201600 ns, At safepoint: 27043900 ns, Total: 27245500 ns
[2024-02-23T11:45:29.018+0000][4616][gc,marking  ] GC(678) Concurrent Clear Claimed Marks 0.442ms
[2024-02-23T11:45:29.018+0000][4616][gc,marking  ] GC(678) Concurrent Scan Root Regions
[2024-02-23T11:45:29.021+0000][4616][gc,marking  ] GC(678) Concurrent Scan Root Regions 15.046ms
[2024-02-23T11:45:29.021+0000][4616][gc,marking  ] GC(678) Concurrent Mark
[2024-02-23T11:45:29.021+0000][4616][gc,marking  ] GC(678) Concurrent Mark From Roots
[2024-02-23T11:45:29.021+0000][4616][gc,task     ] GC(678) Using 2 workers of 2 for marking
[2024-02-23T11:45:29.305+0000][4616][gc,marking  ] GC(678) Concurrent Mark From Roots 276.013ms
[2024-02-23T11:45:29.305+0000][4616][gc,marking  ] GC(678) Concurrent Preclean
[2024-02-23T11:45:29.305+0000][4616][gc,marking  ] GC(678) Concurrent Preclean 1.136ms
[2024-02-23T11:45:29.305+0000][4616][gc,start    ] GC(678) Pause Remark
[2024-02-23T11:45:29.321+0000][4616][gc          ] GC(678) Pause Remark 941M->937M(4040M) 12.266ms
[2024-02-23T11:45:29.321+0000][4616][gc,cpu      ] GC(678) User=0.12s Sys=0.00s Real=0.02s
[2024-02-23T11:45:29.326+0000][4616][safepoint   ] Safepoint "G1Concurrent", Time since last: 292874400 ns, Reaching safepoint: 138700 ns, At safepoint: 13590000 ns, Total: 13728700 ns
[2024-02-23T11:45:29.326+0000][4616][gc,marking  ] GC(678) Concurrent Mark 291.204ms
[2024-02-23T11:45:29.326+0000][4616][gc,marking  ] GC(678) Concurrent Rebuild Remembered Sets
[2024-02-23T11:45:29.506+0000][4616][gc,marking  ] GC(678) Concurrent Rebuild Remembered Sets 179.699ms
[2024-02-23T11:45:29.506+0000][4616][gc,start    ] GC(678) Pause Cleanup
[2024-02-23T11:45:29.506+0000][4616][gc          ] GC(678) Pause Cleanup 965M->965M(4040M) 0.338ms
[2024-02-23T11:45:29.506+0000][4616][gc,cpu      ] GC(678) User=0.00s Sys=0.00s Real=0.00s
[2024-02-23T11:45:29.506+0000][4616][safepoint   ] Safepoint "G1Concurrent", Time since last: 179916700 ns, Reaching safepoint: 96700 ns, At safepoint: 471100 ns, Total: 567800 ns
[2024-02-23T11:45:29.506+0000][4616][gc,marking  ] GC(678) Concurrent Cleanup for Next Mark
[2024-02-23T11:45:29.507+0000][4616][gc,marking  ] GC(678) Concurrent Cleanup for Next Mark 9.939ms
[2024-02-23T11:45:29.517+0000][4616][gc          ] GC(678) Concurrent Mark Cycle 497.642ms
[2024-02-23T11:45:37.488+0000][4616][gc,start    ] GC(679) Pause Young (Prepare Mixed) (G1 Evacuation Pause)
[2024-02-23T11:45:37.488+0000][4616][gc,task     ] GC(679) Using 8 workers of 8 for evacuation
[2024-02-23T11:45:37.488+0000][4616][gc,age      ] GC(679) Desired survivor size 41943040 bytes, new threshold 2 (max threshold 15)
[2024-02-23T11:45:37.542+0000][4616][gc,phases   ] GC(679)   Pre Evacuate Collection Set: 0.2ms
[2024-02-23T11:45:37.542+0000][4616][gc,phases   ] GC(679)   Merge Heap Roots: 0.2ms
[2024-02-23T11:45:37.542+0000][4616][gc,phases   ] GC(679)   Evacuate Collection Set: 44.8ms
[2024-02-23T11:45:37.542+0000][4616][gc,phases   ] GC(679)   Post Evacuate Collection Set: 0.6ms
[2024-02-23T11:45:37.542+0000][4616][gc,phases   ] GC(679)   Other: 0.3ms
[2024-02-23T11:45:37.542+0000][4616][gc,age      ] GC(679) Age table with threshold 2 (max threshold 15)
[2024-02-23T11:45:37.542+0000][4616][gc,age      ] GC(679) - age   1:   18901664 bytes,   18901664 total
[2024-02-23T11:45:37.542+0000][4616][gc,age      ] GC(679) - age   2:   27162600 bytes,   46064264 total
[2024-02-23T11:45:37.542+0000][4616][gc,heap     ] GC(679) Eden regions: 135->0(37)
[2024-02-23T11:45:37.542+0000][4616][gc,heap     ] GC(679) Survivor regions: 18->13(20)
[2024-02-23T11:45:37.542+0000][4616][gc,heap     ] GC(679) Old regions: 199->208
[2024-02-23T11:45:37.542+0000][4616][gc,heap     ] GC(679) Archive regions: 0->0
[2024-02-23T11:45:37.542+0000][4616][gc,heap     ] GC(679) Humongous regions: 6->6
[2024-02-23T11:45:37.542+0000][4616][gc,metaspace] GC(679) Metaspace: 132139K(137152K)->132139K(137152K) NonClass: 115158K(117888K)->115158K(117888K) Class: 16980K(19264K)->16980K(19264K)
[2024-02-23T11:45:37.542+0000][4616][gc          ] GC(679) Pause Young (Prepare Mixed) (G1 Evacuation Pause) 1429M->904M(4040M) 46.465ms
[2024-02-23T11:45:37.542+0000][4616][gc,cpu      ] GC(679) User=0.06s Sys=0.19s Real=0.05s
[2024-02-23T11:45:37.542+0000][4616][safepoint   ] Safepoint "G1CollectForAllocation", Time since last: 7989599800 ns, Reaching safepoint: 96100 ns, At safepoint: 46975200 ns, Total: 47071300 ns
[2024-02-23T11:45:38.114+0000][4616][gc,start    ] GC(680) Pause Young (Mixed) (G1 Evacuation Pause)
[2024-02-23T11:45:38.114+0000][4616][gc,task     ] GC(680) Using 8 workers of 8 for evacuation
[2024-02-23T11:45:38.114+0000][4616][gc,age      ] GC(680) Desired survivor size 14680064 bytes, new threshold 1 (max threshold 15)
[2024-02-23T11:45:38.165+0000][4616][gc,phases   ] GC(680)   Pre Evacuate Collection Set: 0.2ms
[2024-02-23T11:45:38.165+0000][4616][gc,phases   ] GC(680)   Merge Heap Roots: 0.2ms
[2024-02-23T11:45:38.165+0000][4616][gc,phases   ] GC(680)   Evacuate Collection Set: 50.7ms
[2024-02-23T11:45:38.165+0000][4616][gc,phases   ] GC(680)   Post Evacuate Collection Set: 0.7ms
[2024-02-23T11:45:38.165+0000][4616][gc,phases   ] GC(680)   Other: 0.3ms
[2024-02-23T11:45:38.165+0000][4616][gc,age      ] GC(680) Age table with threshold 1 (max threshold 15)
[2024-02-23T11:45:38.165+0000][4616][gc,age      ] GC(680) - age   1:    7284040 bytes,    7284040 total
[2024-02-23T11:45:38.165+0000][4616][gc,heap     ] GC(680) Eden regions: 37->0(418)
[2024-02-23T11:45:38.165+0000][4616][gc,heap     ] GC(680) Survivor regions: 13->3(7)
[2024-02-23T11:45:38.165+0000][4616][gc,heap     ] GC(680) Old regions: 208->195
[2024-02-23T11:45:38.165+0000][4616][gc,heap     ] GC(680) Archive regions: 0->0
[2024-02-23T11:45:38.165+0000][4616][gc,heap     ] GC(680) Humongous regions: 6->6
[2024-02-23T11:45:38.165+0000][4616][gc,metaspace] GC(680) Metaspace: 132139K(137152K)->132139K(137152K) NonClass: 115158K(117888K)->115158K(117888K) Class: 16980K(19264K)->16980K(19264K)
[2024-02-23T11:45:38.165+0000][4616][gc          ] GC(680) Pause Young (Mixed) (G1 Evacuation Pause) 1052M->811M(4040M) 52.443ms
[2024-02-23T11:45:38.165+0000][4616][gc,cpu      ] GC(680) User=0.06s Sys=0.25s Real=0.05s
[2024-02-23T11:45:38.165+0000][4616][safepoint   ] Safepoint "G1CollectForAllocation", Time since last: 571224500 ns, Reaching safepoint: 100900 ns, At safepoint: 52699500 ns, Total: 52800400 ns
[2024-02-23T11:45:59.214+0000][4616][gc,start    ] GC(681) Pause Young (Normal) (G1 Evacuation Pause)
[2024-02-23T11:45:59.214+0000][4616][gc,task     ] GC(681) Using 8 workers of 8 for evacuation
[2024-02-23T11:45:59.214+0000][4616][gc,age      ] GC(681) Desired survivor size 111149056 bytes, new threshold 15 (max threshold 15)
[2024-02-23T11:45:59.241+0000][4616][gc,phases   ] GC(681)   Pre Evacuate Collection Set: 0.5ms
[2024-02-23T11:45:59.241+0000][4616][gc,phases   ] GC(681)   Merge Heap Roots: 0.4ms
[2024-02-23T11:45:59.241+0000][4616][gc,phases   ] GC(681)   Evacuate Collection Set: 18.6ms
[2024-02-23T11:45:59.241+0000][4616][gc,phases   ] GC(681)   Post Evacuate Collection Set: 2.8ms
[2024-02-23T11:45:59.241+0000][4616][gc,phases   ] GC(681)   Other: 0.8ms
[2024-02-23T11:45:59.241+0000][4616][gc,age      ] GC(681) Age table with threshold 15 (max threshold 15)
[2024-02-23T11:45:59.241+0000][4616][gc,age      ] GC(681) - age   1:   60416488 bytes,   60416488 total
[2024-02-23T11:45:59.241+0000][4616][gc,age      ] GC(681) - age   2:    5299296 bytes,   65715784 total
[2024-02-23T11:45:59.241+0000][4616][gc,heap     ] GC(681) Eden regions: 418->0(389)
[2024-02-23T11:45:59.241+0000][4616][gc,heap     ] GC(681) Survivor regions: 3->17(53)
[2024-02-23T11:45:59.241+0000][4616][gc,heap     ] GC(681) Old regions: 195->195
[2024-02-23T11:45:59.241+0000][4616][gc,heap     ] GC(681) Archive regions: 0->0
[2024-02-23T11:45:59.241+0000][4616][gc,heap     ] GC(681) Humongous regions: 7->7
[2024-02-23T11:45:59.241+0000][4616][gc,metaspace] GC(681) Metaspace: 132140K(137152K)->132140K(137152K) NonClass: 115159K(117888K)->115159K(117888K) Class: 16980K(19264K)->16980K(19264K)
[2024-02-23T11:45:59.241+0000][4616][gc          ] GC(681) Pause Young (Normal) (G1 Evacuation Pause) 2487M->869M(4040M) 24.010ms
[2024-02-23T11:45:59.241+0000][4616][gc,cpu      ] GC(681) User=0.00s Sys=0.00s Real=0.03s
[2024-02-23T11:45:59.241+0000][4616][safepoint   ] Safepoint "G1CollectForAllocation", Time since last: 21051770900 ns, Reaching safepoint: 253200 ns, At safepoint: 24304400 ns, Total: 24557600 ns
[2024-02-23T11:46:04.283+0000][4616][safepoint   ] Safepoint "Cleanup", Time since last: 5039736000 ns, Reaching safepoint: 139700 ns, At safepoint: 19500 ns, Total: 159200 ns
[2024-02-23T11:46:11.044+0000][4616][gc,start    ] GC(682) Pause Young (Concurrent Start) (G1 Humongous Allocation)
[2024-02-23T11:46:11.044+0000][4616][gc,task     ] GC(682) Using 8 workers of 8 for evacuation
[2024-02-23T11:46:11.044+0000][4616][gc,age      ] GC(682) Desired survivor size 106954752 bytes, new threshold 15 (max threshold 15)
[2024-02-23T11:46:11.085+0000][4616][gc,phases   ] GC(682)   Pre Evacuate Collection Set: 0.6ms
[2024-02-23T11:46:11.085+0000][4616][gc,phases   ] GC(682)   Merge Heap Roots: 0.3ms
[2024-02-23T11:46:11.085+0000][4616][gc,phases   ] GC(682)   Evacuate Collection Set: 30.9ms
[2024-02-23T11:46:11.085+0000][4616][gc,phases   ] GC(682)   Post Evacuate Collection Set: 3.0ms
[2024-02-23T11:46:11.085+0000][4616][gc,phases   ] GC(682)   Other: 0.7ms
[2024-02-23T11:46:11.085+0000][4616][gc,age      ] GC(682) Age table with threshold 15 (max threshold 15)
[2024-02-23T11:46:11.085+0000][4616][gc,age      ] GC(682) - age   1:   57674552 bytes,   57674552 total
[2024-02-23T11:46:11.085+0000][4616][gc,age      ] GC(682) - age   2:   51106600 bytes,  108781152 total
[2024-02-23T11:46:11.085+0000][4616][gc,age      ] GC(682) - age   3:    5219840 bytes,  114000992 total
[2024-02-23T11:46:11.085+0000][4616][gc,heap     ] GC(682) Eden regions: 353->0(93)
[2024-02-23T11:46:11.085+0000][4616][gc,heap     ] GC(682) Survivor regions: 17->29(51)
[2024-02-23T11:46:11.085+0000][4616][gc,heap     ] GC(682) Old regions: 195->195
[2024-02-23T11:46:11.085+0000][4616][gc,heap     ] GC(682) Archive regions: 0->0
[2024-02-23T11:46:11.085+0000][4616][gc,heap     ] GC(682) Humongous regions: 7->7
[2024-02-23T11:46:11.085+0000][4616][gc,metaspace] GC(682) Metaspace: 132140K(137152K)->132140K(137152K) NonClass: 115159K(117888K)->115159K(117888K) Class: 16980K(19264K)->16980K(19264K)
[2024-02-23T11:46:11.085+0000][4616][gc          ] GC(682) Pause Young (Concurrent Start) (G1 Humongous Allocation) 2279M->917M(4040M) 36.845ms
[2024-02-23T11:46:11.085+0000][4616][gc          ] GC(683) Concurrent Mark Cycle
[2024-02-23T11:46:11.085+0000][4616][gc,cpu      ] GC(682) User=0.25s Sys=0.00s Real=0.04s
[2024-02-23T11:46:11.085+0000][4616][gc,marking  ] GC(683) Concurrent Clear Claimed Marks
[2024-02-23T11:46:11.085+0000][4616][safepoint   ] Safepoint "G1TryInitiateConcMark", Time since last: 6768143900 ns, Reaching safepoint: 114100 ns, At safepoint: 37520100 ns, Total: 37634200 ns
[2024-02-23T11:46:11.085+0000][4616][gc,marking  ] GC(683) Concurrent Clear Claimed Marks 0.520ms
[2024-02-23T11:46:11.085+0000][4616][gc,marking  ] GC(683) Concurrent Scan Root Regions
[2024-02-23T11:46:11.104+0000][4616][gc,marking  ] GC(683) Concurrent Scan Root Regions 22.511ms
[2024-02-23T11:46:11.104+0000][4616][gc,marking  ] GC(683) Concurrent Mark
[2024-02-23T11:46:11.104+0000][4616][gc,marking  ] GC(683) Concurrent Mark From Roots
[2024-02-23T11:46:11.104+0000][4616][gc,task     ] GC(683) Using 2 workers of 2 for marking
[2024-02-23T11:46:11.356+0000][4616][gc,marking  ] GC(683) Concurrent Mark From Roots 244.539ms
[2024-02-23T11:46:11.356+0000][4616][gc,marking  ] GC(683) Concurrent Preclean
[2024-02-23T11:46:11.356+0000][4616][gc,marking  ] GC(683) Concurrent Preclean 1.109ms
[2024-02-23T11:46:11.356+0000][4616][gc,start    ] GC(683) Pause Remark
[2024-02-23T11:46:11.367+0000][4616][gc          ] GC(683) Pause Remark 961M->953M(4040M) 14.202ms
[2024-02-23T11:46:11.367+0000][4616][gc,cpu      ] GC(683) User=0.02s Sys=0.00s Real=0.01s
[2024-02-23T11:46:11.367+0000][4616][safepoint   ] Safepoint "G1Concurrent", Time since last: 268881300 ns, Reaching safepoint: 57900 ns, At safepoint: 14493100 ns, Total: 14551000 ns
[2024-02-23T11:46:11.367+0000][4616][gc,marking  ] GC(683) Concurrent Mark 260.499ms
[2024-02-23T11:46:11.367+0000][4616][gc,marking  ] GC(683) Concurrent Rebuild Remembered Sets
[2024-02-23T11:46:11.514+0000][4616][gc,marking  ] GC(683) Concurrent Rebuild Remembered Sets 154.942ms
[2024-02-23T11:46:11.514+0000][4616][gc,start    ] GC(683) Pause Cleanup
[2024-02-23T11:46:11.514+0000][4616][gc          ] GC(683) Pause Cleanup 983M->983M(4040M) 0.292ms
[2024-02-23T11:46:11.514+0000][4616][gc,cpu      ] GC(683) User=0.00s Sys=0.00s Real=0.00s
[2024-02-23T11:46:11.514+0000][4616][safepoint   ] Safepoint "G1Concurrent", Time since last: 155106100 ns, Reaching safepoint: 99400 ns, At safepoint: 374300 ns, Total: 473700 ns
[2024-02-23T11:46:11.514+0000][4616][gc,marking  ] GC(683) Concurrent Cleanup for Next Mark
[2024-02-23T11:46:11.530+0000][4616][gc,marking  ] GC(683) Concurrent Cleanup for Next Mark 5.126ms
[2024-02-23T11:46:11.530+0000][4616][gc          ] GC(683) Concurrent Mark Cycle 444.719ms
[2024-02-23T11:46:49.274+0000][4616][gc,start    ] GC(684) Pause Young (Prepare Mixed) (G1 Evacuation Pause)
[2024-02-23T11:46:49.274+0000][4616][gc,task     ] GC(684) Using 8 workers of 8 for evacuation
[2024-02-23T11:46:49.274+0000][4616][gc,age      ] GC(684) Desired survivor size 109051904 bytes, new threshold 3 (max threshold 15)
[2024-02-23T11:46:49.317+0000][4616][gc,phases   ] GC(684)   Pre Evacuate Collection Set: 0.3ms
[2024-02-23T11:46:49.317+0000][4616][gc,phases   ] GC(684)   Merge Heap Roots: 0.5ms
[2024-02-23T11:46:49.317+0000][4616][gc,phases   ] GC(684)   Evacuate Collection Set: 39.1ms
[2024-02-23T11:46:49.317+0000][4616][gc,phases   ] GC(684)   Post Evacuate Collection Set: 2.0ms
[2024-02-23T11:46:49.317+0000][4616][gc,phases   ] GC(684)   Other: 0.4ms
[2024-02-23T11:46:49.317+0000][4616][gc,age      ] GC(684) Age table with threshold 3 (max threshold 15)
[2024-02-23T11:46:49.317+0000][4616][gc,age      ] GC(684) - age   1:   67328672 bytes,   67328672 total
[2024-02-23T11:46:49.317+0000][4616][gc,age      ] GC(684) - age   2:   45803376 bytes,  113132048 total
[2024-02-23T11:46:49.317+0000][4616][gc,age      ] GC(684) - age   3:   37390376 bytes,  150522424 total
[2024-02-23T11:46:49.317+0000][4616][gc,heap     ] GC(684) Eden regions: 382->0(11)
[2024-02-23T11:46:49.317+0000][4616][gc,heap     ] GC(684) Survivor regions: 29->39(52)
[2024-02-23T11:46:49.317+0000][4616][gc,heap     ] GC(684) Old regions: 195->195
[2024-02-23T11:46:49.317+0000][4616][gc,heap     ] GC(684) Archive regions: 0->0
[2024-02-23T11:46:49.318+0000][4616][gc,heap     ] GC(684) Humongous regions: 6->6
[2024-02-23T11:46:49.318+0000][4616][gc,metaspace] GC(684) Metaspace: 132141K(137152K)->132141K(137152K) NonClass: 115160K(117888K)->115160K(117888K) Class: 16980K(19264K)->16980K(19264K)
[2024-02-23T11:46:49.318+0000][4616][gc          ] GC(684) Pause Young (Prepare Mixed) (G1 Evacuation Pause) 2441M->955M(4040M) 43.254ms
[2024-02-23T11:46:49.318+0000][4616][gc,cpu      ] GC(684) User=0.25s Sys=0.00s Real=0.04s
[2024-02-23T11:46:49.318+0000][4616][safepoint   ] Safepoint "G1CollectForAllocation", Time since last: 37746518700 ns, Reaching safepoint: 176400 ns, At safepoint: 43504300 ns, Total: 43680700 ns
[2024-02-23T11:46:49.651+0000][4616][gc,start    ] GC(685) Pause Young (Mixed) (G1 Evacuation Pause)
[2024-02-23T11:46:49.651+0000][4616][gc,task     ] GC(685) Using 8 workers of 8 for evacuation
[2024-02-23T11:46:49.651+0000][4616][gc,age      ] GC(685) Desired survivor size 14680064 bytes, new threshold 1 (max threshold 15)
[2024-02-23T11:46:49.834+0000][4616][gc,phases   ] GC(685)   Pre Evacuate Collection Set: 0.1ms
[2024-02-23T11:46:49.834+0000][4616][gc,phases   ] GC(685)   Merge Heap Roots: 0.2ms
[2024-02-23T11:46:49.834+0000][4616][gc,phases   ] GC(685)   Evacuate Collection Set: 173.3ms
[2024-02-23T11:46:49.834+0000][4616][gc,phases   ] GC(685)   Post Evacuate Collection Set: 0.6ms
[2024-02-23T11:46:49.834+0000][4616][gc,phases   ] GC(685)   Other: 0.1ms
[2024-02-23T11:46:49.834+0000][4616][gc,age      ] GC(685) Age table with threshold 1 (max threshold 15)
[2024-02-23T11:46:49.834+0000][4616][gc,age      ] GC(685) - age   1:    1255944 bytes,    1255944 total
[2024-02-23T11:46:49.834+0000][4616][gc,heap     ] GC(685) Eden regions: 11->0(576)
[2024-02-23T11:46:49.834+0000][4616][gc,heap     ] GC(685) Survivor regions: 39->4(7)
[2024-02-23T11:46:49.834+0000][4616][gc,heap     ] GC(685) Old regions: 195->197
[2024-02-23T11:46:49.834+0000][4616][gc,heap     ] GC(685) Archive regions: 0->0
[2024-02-23T11:46:49.834+0000][4616][gc,heap     ] GC(685) Humongous regions: 6->6
[2024-02-23T11:46:49.834+0000][4616][gc,metaspace] GC(685) Metaspace: 132141K(137152K)->132141K(137152K) NonClass: 115160K(117888K)->115160K(117888K) Class: 16980K(19264K)->16980K(19264K)
[2024-02-23T11:46:49.834+0000][4616][gc          ] GC(685) Pause Young (Mixed) (G1 Evacuation Pause) 999M->824M(4040M) 174.761ms
[2024-02-23T11:46:49.834+0000][4616][gc,cpu      ] GC(685) User=0.23s Sys=0.30s Real=0.18s
[2024-02-23T11:46:49.834+0000][4616][safepoint   ] Safepoint "G1CollectForAllocation", Time since last: 341993500 ns, Reaching safepoint: 108300 ns, At safepoint: 175119900 ns, Total: 175228200 ns
[2024-02-23T11:47:45.009+0000][4616][gc,start    ] GC(686) Pause Young (Normal) (G1 Evacuation Pause)
[2024-02-23T11:47:45.009+0000][4616][gc,task     ] GC(686) Using 8 workers of 8 for evacuation
[2024-02-23T11:47:45.009+0000][4616][gc,age      ] GC(686) Desired survivor size 153092096 bytes, new threshold 15 (max threshold 15)
[2024-02-23T11:47:45.043+0000][4616][gc,phases   ] GC(686)   Pre Evacuate Collection Set: 0.4ms
[2024-02-23T11:47:45.043+0000][4616][gc,phases   ] GC(686)   Merge Heap Roots: 0.5ms
[2024-02-23T11:47:45.043+0000][4616][gc,phases   ] GC(686)   Evacuate Collection Set: 26.0ms
[2024-02-23T11:47:45.043+0000][4616][gc,phases   ] GC(686)   Post Evacuate Collection Set: 2.7ms
[2024-02-23T11:47:45.043+0000][4616][gc,phases   ] GC(686)   Other: 0.7ms
[2024-02-23T11:47:45.043+0000][4616][gc,age      ] GC(686) Age table with threshold 15 (max threshold 15)
[2024-02-23T11:47:45.043+0000][4616][gc,age      ] GC(686) - age   1:   75856488 bytes,   75856488 total
[2024-02-23T11:47:45.043+0000][4616][gc,age      ] GC(686) - age   2:     636288 bytes,   76492776 total
[2024-02-23T11:47:45.043+0000][4616][gc,heap     ] GC(686) Eden regions: 576->0(563)
[2024-02-23T11:47:45.043+0000][4616][gc,heap     ] GC(686) Survivor regions: 4->20(73)
[2024-02-23T11:47:45.043+0000][4616][gc,heap     ] GC(686) Old regions: 197->197
[2024-02-23T11:47:45.043+0000][4616][gc,heap     ] GC(686) Archive regions: 0->0
[2024-02-23T11:47:45.043+0000][4616][gc,heap     ] GC(686) Humongous regions: 7->7
[2024-02-23T11:47:45.043+0000][4616][gc,metaspace] GC(686) Metaspace: 132141K(137152K)->132141K(137152K) NonClass: 115160K(117888K)->115160K(117888K) Class: 16980K(19264K)->16980K(19264K)
[2024-02-23T11:47:45.043+0000][4616][gc          ] GC(686) Pause Young (Normal) (G1 Evacuation Pause) 3132M->889M(4040M) 32.147ms
[2024-02-23T11:47:45.043+0000][4616][gc,cpu      ] GC(686) User=0.19s Sys=0.03s Real=0.03s
[2024-02-23T11:47:45.043+0000][4616][safepoint   ] Safepoint "G1CollectForAllocation", Time since last: 55177183200 ns, Reaching safepoint: 142000 ns, At safepoint: 32698500 ns, Total: 32840500 ns
[2024-02-23T11:48:01.817+0000][4616][gc,start    ] GC(687) Pause Young (Concurrent Start) (G1 Humongous Allocation)
[2024-02-23T11:48:01.817+0000][4616][gc,task     ] GC(687) Using 8 workers of 8 for evacuation
[2024-02-23T11:48:01.817+0000][4616][gc,age      ] GC(687) Desired survivor size 153092096 bytes, new threshold 15 (max threshold 15)
[2024-02-23T11:48:01.856+0000][4616][gc,phases   ] GC(687)   Pre Evacuate Collection Set: 0.4ms
[2024-02-23T11:48:01.856+0000][4616][gc,phases   ] GC(687)   Merge Heap Roots: 0.2ms
[2024-02-23T11:48:01.856+0000][4616][gc,phases   ] GC(687)   Evacuate Collection Set: 28.4ms
[2024-02-23T11:48:01.856+0000][4616][gc,phases   ] GC(687)   Post Evacuate Collection Set: 2.0ms
[2024-02-23T11:48:01.856+0000][4616][gc,phases   ] GC(687)   Other: 1.9ms
[2024-02-23T11:48:01.856+0000][4616][gc,age      ] GC(687) Age table with threshold 15 (max threshold 15)
[2024-02-23T11:48:01.856+0000][4616][gc,age      ] GC(687) - age   1:   77281352 bytes,   77281352 total
[2024-02-23T11:48:01.856+0000][4616][gc,age      ] GC(687) - age   2:   58428464 bytes,  135709816 total
[2024-02-23T11:48:01.856+0000][4616][gc,age      ] GC(687) - age   3:     373032 bytes,  136082848 total
[2024-02-23T11:48:01.856+0000][4616][gc,heap     ] GC(687) Eden regions: 538->0(31)
[2024-02-23T11:48:01.856+0000][4616][gc,heap     ] GC(687) Survivor regions: 20->34(73)
[2024-02-23T11:48:01.856+0000][4616][gc,heap     ] GC(687) Old regions: 197->197
[2024-02-23T11:48:01.856+0000][4616][gc,heap     ] GC(687) Archive regions: 0->0
[2024-02-23T11:48:01.856+0000][4616][gc,heap     ] GC(687) Humongous regions: 7->7
[2024-02-23T11:48:01.856+0000][4616][gc,metaspace] GC(687) Metaspace: 132141K(137152K)->132141K(137152K) NonClass: 115160K(117888K)->115160K(117888K) Class: 16980K(19264K)->16980K(19264K)
[2024-02-23T11:48:01.856+0000][4616][gc          ] GC(687) Pause Young (Concurrent Start) (G1 Humongous Allocation) 3041M->947M(4040M) 33.323ms
[2024-02-23T11:48:01.856+0000][4616][gc          ] GC(688) Concurrent Mark Cycle
[2024-02-23T11:48:01.856+0000][4616][gc,cpu      ] GC(687) User=0.25s Sys=0.05s Real=0.04s
[2024-02-23T11:48:01.856+0000][4616][gc,marking  ] GC(688) Concurrent Clear Claimed Marks
[2024-02-23T11:48:01.856+0000][4616][safepoint   ] Safepoint "G1TryInitiateConcMark", Time since last: 16778841400 ns, Reaching safepoint: 98100 ns, At safepoint: 33572000 ns, Total: 33670100 ns
[2024-02-23T11:48:01.856+0000][4616][gc,marking  ] GC(688) Concurrent Clear Claimed Marks 0.229ms
[2024-02-23T11:48:01.856+0000][4616][gc,marking  ] GC(688) Concurrent Scan Root Regions
[2024-02-23T11:48:01.856+0000][4616][gc,marking  ] GC(688) Concurrent Scan Root Regions 13.365ms
[2024-02-23T11:48:01.856+0000][4616][gc,marking  ] GC(688) Concurrent Mark
[2024-02-23T11:48:01.856+0000][4616][gc,marking  ] GC(688) Concurrent Mark From Roots
[2024-02-23T11:48:01.856+0000][4616][gc,task     ] GC(688) Using 2 workers of 2 for marking
[2024-02-23T11:48:02.042+0000][4616][gc,marking  ] GC(688) Concurrent Mark From Roots 170.523ms
[2024-02-23T11:48:02.042+0000][4616][gc,marking  ] GC(688) Concurrent Preclean
[2024-02-23T11:48:02.043+0000][4616][gc,marking  ] GC(688) Concurrent Preclean 0.938ms
[2024-02-23T11:48:02.043+0000][4616][gc,start    ] GC(688) Pause Remark
[2024-02-23T11:48:02.051+0000][4616][gc          ] GC(688) Pause Remark 985M->977M(4040M) 13.442ms
[2024-02-23T11:48:02.051+0000][4616][gc,cpu      ] GC(688) User=0.00s Sys=0.00s Real=0.01s
[2024-02-23T11:48:02.051+0000][4616][safepoint   ] Safepoint "G1Concurrent", Time since last: 185168500 ns, Reaching safepoint: 78000 ns, At safepoint: 13626000 ns, Total: 13704000 ns
[2024-02-23T11:48:02.051+0000][4616][gc,marking  ] GC(688) Concurrent Mark 185.350ms
[2024-02-23T11:48:02.051+0000][4616][gc,marking  ] GC(688) Concurrent Rebuild Remembered Sets
[2024-02-23T11:48:02.216+0000][4616][gc,marking  ] GC(688) Concurrent Rebuild Remembered Sets 162.860ms
[2024-02-23T11:48:02.216+0000][4616][gc,start    ] GC(688) Pause Cleanup
[2024-02-23T11:48:02.220+0000][4616][gc          ] GC(688) Pause Cleanup 1007M->1007M(4040M) 0.400ms
[2024-02-23T11:48:02.220+0000][4616][gc,cpu      ] GC(688) User=0.00s Sys=0.00s Real=0.00s
[2024-02-23T11:48:02.220+0000][4616][safepoint   ] Safepoint "G1Concurrent", Time since last: 163041900 ns, Reaching safepoint: 70400 ns, At safepoint: 514200 ns, Total: 584600 ns
[2024-02-23T11:48:02.220+0000][4616][gc,marking  ] GC(688) Concurrent Cleanup for Next Mark
[2024-02-23T11:48:02.229+0000][4616][gc,marking  ] GC(688) Concurrent Cleanup for Next Mark 9.295ms
[2024-02-23T11:48:02.229+0000][4616][gc          ] GC(688) Concurrent Mark Cycle 372.173ms
[2024-02-23T11:48:32.648+0000][4616][gc,start    ] GC(689) Pause Young (Prepare Mixed) (G1 Evacuation Pause)
[2024-02-23T11:48:32.648+0000][4616][gc,task     ] GC(689) Using 8 workers of 8 for evacuation
[2024-02-23T11:48:32.649+0000][4616][gc,age      ] GC(689) Desired survivor size 153092096 bytes, new threshold 15 (max threshold 15)
[2024-02-23T11:48:32.755+0000][4616][gc,phases   ] GC(689)   Pre Evacuate Collection Set: 0.3ms
[2024-02-23T11:48:32.755+0000][4616][gc,phases   ] GC(689)   Merge Heap Roots: 0.4ms
[2024-02-23T11:48:32.755+0000][4616][gc,phases   ] GC(689)   Evacuate Collection Set: 104.3ms
[2024-02-23T11:48:32.755+0000][4616][gc,phases   ] GC(689)   Post Evacuate Collection Set: 1.3ms
[2024-02-23T11:48:32.755+0000][4616][gc,phases   ] GC(689)   Other: 0.3ms
[2024-02-23T11:48:32.755+0000][4616][gc,age      ] GC(689) Age table with threshold 15 (max threshold 15)
[2024-02-23T11:48:32.755+0000][4616][gc,age      ] GC(689) - age   1:   86794480 bytes,   86794480 total
[2024-02-23T11:48:32.755+0000][4616][gc,age      ] GC(689) - age   2:   53434816 bytes,  140229296 total
[2024-02-23T11:48:32.755+0000][4616][gc,age      ] GC(689) - age   3:   39069168 bytes,  179298464 total
[2024-02-23T11:48:32.755+0000][4616][gc,age      ] GC(689) - age   4:     175320 bytes,  179473784 total
[2024-02-23T11:48:32.755+0000][4616][gc,heap     ] GC(689) Eden regions: 550->0(5)
[2024-02-23T11:48:32.755+0000][4616][gc,heap     ] GC(689) Survivor regions: 34->45(73)
[2024-02-23T11:48:32.755+0000][4616][gc,heap     ] GC(689) Old regions: 197->197
[2024-02-23T11:48:32.755+0000][4616][gc,heap     ] GC(689) Archive regions: 0->0
[2024-02-23T11:48:32.755+0000][4616][gc,heap     ] GC(689) Humongous regions: 6->6
[2024-02-23T11:48:32.755+0000][4616][gc,metaspace] GC(689) Metaspace: 132141K(137152K)->132141K(137152K) NonClass: 115160K(117888K)->115160K(117888K) Class: 16980K(19264K)->16980K(19264K)
[2024-02-23T11:48:32.755+0000][4616][gc          ] GC(689) Pause Young (Prepare Mixed) (G1 Evacuation Pause) 3143M->987M(4040M) 107.029ms
[2024-02-23T11:48:32.755+0000][4616][gc,cpu      ] GC(689) User=0.22s Sys=0.16s Real=0.11s
[2024-02-23T11:48:32.755+0000][4616][safepoint   ] Safepoint "G1CollectForAllocation", Time since last: 30427600100 ns, Reaching safepoint: 136000 ns, At safepoint: 107219100 ns, Total: 107355100 ns
[2024-02-23T11:48:32.763+0000][4616][gc,start    ] GC(690) Pause Young (Mixed) (G1 Evacuation Pause)
[2024-02-23T11:48:32.763+0000][4616][gc,task     ] GC(690) Using 8 workers of 8 for evacuation
[2024-02-23T11:48:32.763+0000][4616][gc,age      ] GC(690) Desired survivor size 14680064 bytes, new threshold 1 (max threshold 15)
[2024-02-23T11:48:32.962+0000][4616][gc,phases   ] GC(690)   Pre Evacuate Collection Set: 0.1ms
[2024-02-23T11:48:32.962+0000][4616][gc,phases   ] GC(690)   Merge Heap Roots: 0.2ms
[2024-02-23T11:48:32.962+0000][4616][gc,phases   ] GC(690)   Evacuate Collection Set: 199.1ms
[2024-02-23T11:48:32.962+0000][4616][gc,phases   ] GC(690)   Post Evacuate Collection Set: 0.4ms
[2024-02-23T11:48:32.962+0000][4616][gc,phases   ] GC(690)   Other: 0.2ms
[2024-02-23T11:48:32.962+0000][4616][gc,age      ] GC(690) Age table with threshold 1 (max threshold 15)
[2024-02-23T11:48:32.962+0000][4616][gc,age      ] GC(690) - age   1:     381392 bytes,     381392 total
[2024-02-23T11:48:32.962+0000][4616][gc,heap     ] GC(690) Eden regions: 5->0(572)
[2024-02-23T11:48:32.962+0000][4616][gc,heap     ] GC(690) Survivor regions: 45->4(7)
[2024-02-23T11:48:32.962+0000][4616][gc,heap     ] GC(690) Old regions: 197->201
[2024-02-23T11:48:32.962+0000][4616][gc,heap     ] GC(690) Archive regions: 0->0
[2024-02-23T11:48:32.962+0000][4616][gc,heap     ] GC(690) Humongous regions: 6->6
[2024-02-23T11:48:32.962+0000][4616][gc,metaspace] GC(690) Metaspace: 132141K(137152K)->132141K(137152K) NonClass: 115160K(117888K)->115160K(117888K) Class: 16980K(19264K)->16980K(19264K)
[2024-02-23T11:48:32.962+0000][4616][gc          ] GC(690) Pause Young (Mixed) (G1 Evacuation Pause) 1007M->840M(4040M) 200.289ms
[2024-02-23T11:48:32.962+0000][4616][gc,cpu      ] GC(690) User=0.52s Sys=0.17s Real=0.20s
[2024-02-23T11:48:32.964+0000][4616][safepoint   ] Safepoint "G1CollectForAllocation", Time since last: 6934000 ns, Reaching safepoint: 129500 ns, At safepoint: 201231700 ns, Total: 201361200 ns
[2024-02-23T11:48:50.124+0000][4616][gc,start    ] GC(691) Pause Young (Normal) (G1 Evacuation Pause)
[2024-02-23T11:48:50.124+0000][4616][gc,task     ] GC(691) Using 8 workers of 8 for evacuation
[2024-02-23T11:48:50.124+0000][4616][gc,age      ] GC(691) Desired survivor size 150994944 bytes, new threshold 15 (max threshold 15)
[2024-02-23T11:48:50.150+0000][4616][gc,phases   ] GC(691)   Pre Evacuate Collection Set: 0.5ms
[2024-02-23T11:48:50.150+0000][4616][gc,phases   ] GC(691)   Merge Heap Roots: 0.4ms
[2024-02-23T11:48:50.150+0000][4616][gc,phases   ] GC(691)   Evacuate Collection Set: 22.3ms
[2024-02-23T11:48:50.150+0000][4616][gc,phases   ] GC(691)   Post Evacuate Collection Set: 2.1ms
[2024-02-23T11:48:50.150+0000][4616][gc,phases   ] GC(691)   Other: 0.7ms
[2024-02-23T11:48:50.150+0000][4616][gc,age      ] GC(691) Age table with threshold 15 (max threshold 15)
[2024-02-23T11:48:50.150+0000][4616][gc,age      ] GC(691) - age   1:   86707168 bytes,   86707168 total
[2024-02-23T11:48:50.150+0000][4616][gc,age      ] GC(691) - age   2:      63944 bytes,   86771112 total
[2024-02-23T11:48:50.150+0000][4616][gc,heap     ] GC(691) Eden regions: 572->0(555)
[2024-02-23T11:48:50.150+0000][4616][gc,heap     ] GC(691) Survivor regions: 4->23(72)
[2024-02-23T11:48:50.150+0000][4616][gc,heap     ] GC(691) Old regions: 201->201
[2024-02-23T11:48:50.150+0000][4616][gc,heap     ] GC(691) Archive regions: 0->0
[2024-02-23T11:48:50.150+0000][4616][gc,heap     ] GC(691) Humongous regions: 7->7
[2024-02-23T11:48:50.150+0000][4616][gc,metaspace] GC(691) Metaspace: 132141K(137152K)->132141K(137152K) NonClass: 115160K(117888K)->115160K(117888K) Class: 16980K(19264K)->16980K(19264K)
[2024-02-23T11:48:50.151+0000][4616][gc          ] GC(691) Pause Young (Normal) (G1 Evacuation Pause) 3132M->916M(4040M) 27.042ms
[2024-02-23T11:48:50.151+0000][4616][gc,cpu      ] GC(691) User=0.14s Sys=0.05s Real=0.03s
[2024-02-23T11:48:50.151+0000][4616][safepoint   ] Safepoint "G1CollectForAllocation", Time since last: 17159589900 ns, Reaching safepoint: 228700 ns, At safepoint: 27376400 ns, Total: 27605100 ns
[2024-02-23T11:48:58.077+0000][4616][gc,start    ] GC(692) Pause Young (Concurrent Start) (G1 Humongous Allocation)
[2024-02-23T11:48:58.077+0000][4616][gc,task     ] GC(692) Using 8 workers of 8 for evacuation
[2024-02-23T11:48:58.088+0000][4616][gc,age      ] GC(692) Desired survivor size 153092096 bytes, new threshold 15 (max threshold 15)
[2024-02-23T11:48:58.130+0000][4616][gc,phases   ] GC(692)   Pre Evacuate Collection Set: 1.0ms
[2024-02-23T11:48:58.130+0000][4616][gc,phases   ] GC(692)   Merge Heap Roots: 0.4ms
[2024-02-23T11:48:58.130+0000][4616][gc,phases   ] GC(692)   Evacuate Collection Set: 36.8ms
[2024-02-23T11:48:58.130+0000][4616][gc,phases   ] GC(692)   Post Evacuate Collection Set: 3.9ms
[2024-02-23T11:48:58.130+0000][4616][gc,phases   ] GC(692)   Other: 0.7ms
[2024-02-23T11:48:58.130+0000][4616][gc,age      ] GC(692) Age table with threshold 15 (max threshold 15)
[2024-02-23T11:48:58.131+0000][4616][gc,age      ] GC(692) - age   1:   35957256 bytes,   35957256 total
[2024-02-23T11:48:58.131+0000][4616][gc,age      ] GC(692) - age   2:   75387704 bytes,  111344960 total
[2024-02-23T11:48:58.131+0000][4616][gc,age      ] GC(692) - age   3:      63944 bytes,  111408904 total
[2024-02-23T11:48:58.131+0000][4616][gc,heap     ] GC(692) Eden regions: 263->0(97)
[2024-02-23T11:48:58.131+0000][4616][gc,heap     ] GC(692) Survivor regions: 23->29(73)
[2024-02-23T11:48:58.131+0000][4616][gc,heap     ] GC(692) Old regions: 201->201
[2024-02-23T11:48:58.131+0000][4616][gc,heap     ] GC(692) Archive regions: 0->0
[2024-02-23T11:48:58.131+0000][4616][gc,heap     ] GC(692) Humongous regions: 7->7
[2024-02-23T11:48:58.131+0000][4616][gc,metaspace] GC(692) Metaspace: 132141K(137152K)->132141K(137152K) NonClass: 115160K(117888K)->115160K(117888K) Class: 16980K(19264K)->16980K(19264K)
[2024-02-23T11:48:58.131+0000][4616][gc          ] GC(692) Pause Young (Concurrent Start) (G1 Humongous Allocation) 1968M->940M(4040M) 44.362ms
[2024-02-23T11:48:58.131+0000][4616][gc          ] GC(693) Concurrent Mark Cycle
[2024-02-23T11:48:58.131+0000][4616][gc,cpu      ] GC(692) User=0.23s Sys=0.02s Real=0.05s
[2024-02-23T11:48:58.131+0000][4616][gc,marking  ] GC(693) Concurrent Clear Claimed Marks
[2024-02-23T11:48:58.132+0000][4616][safepoint   ] Safepoint "G1TryInitiateConcMark", Time since last: 7935808500 ns, Reaching safepoint: 168200 ns, At safepoint: 45098200 ns, Total: 45266400 ns
[2024-02-23T11:48:58.132+0000][4616][gc,marking  ] GC(693) Concurrent Clear Claimed Marks 0.953ms
[2024-02-23T11:48:58.132+0000][4616][gc,marking  ] GC(693) Concurrent Scan Root Regions
[2024-02-23T11:48:58.148+0000][4616][gc,marking  ] GC(693) Concurrent Scan Root Regions 16.028ms
[2024-02-23T11:48:58.148+0000][4616][gc,marking  ] GC(693) Concurrent Mark
[2024-02-23T11:48:58.148+0000][4616][gc,marking  ] GC(693) Concurrent Mark From Roots
[2024-02-23T11:48:58.148+0000][4616][gc,task     ] GC(693) Using 2 workers of 2 for marking
[2024-02-23T11:48:58.392+0000][4616][gc,marking  ] GC(693) Concurrent Mark From Roots 243.679ms
[2024-02-23T11:48:58.392+0000][4616][gc,marking  ] GC(693) Concurrent Preclean
[2024-02-23T11:48:58.393+0000][4616][gc,marking  ] GC(693) Concurrent Preclean 0.732ms
[2024-02-23T11:48:58.393+0000][4616][gc,start    ] GC(693) Pause Remark
[2024-02-23T11:48:58.404+0000][4616][gc          ] GC(693) Pause Remark 984M->976M(4040M) 11.453ms
[2024-02-23T11:48:58.404+0000][4616][gc,cpu      ] GC(693) User=0.02s Sys=0.00s Real=0.01s
[2024-02-23T11:48:58.404+0000][4616][safepoint   ] Safepoint "G1Concurrent", Time since last: 261363700 ns, Reaching safepoint: 114400 ns, At safepoint: 11558400 ns, Total: 11672800 ns
[2024-02-23T11:48:58.405+0000][4616][gc,marking  ] GC(693) Concurrent Mark 256.214ms
[2024-02-23T11:48:58.405+0000][4616][gc,marking  ] GC(693) Concurrent Rebuild Remembered Sets
[2024-02-23T11:48:58.515+0000][4616][gc,marking  ] GC(693) Concurrent Rebuild Remembered Sets 110.977ms
[2024-02-23T11:48:58.515+0000][4616][gc,start    ] GC(693) Pause Cleanup
[2024-02-23T11:48:58.516+0000][4616][gc          ] GC(693) Pause Cleanup 992M->992M(4040M) 0.365ms
[2024-02-23T11:48:58.516+0000][4616][gc,cpu      ] GC(693) User=0.00s Sys=0.00s Real=0.00s
[2024-02-23T11:48:58.516+0000][4616][safepoint   ] Safepoint "G1Concurrent", Time since last: 111065100 ns, Reaching safepoint: 24800 ns, At safepoint: 462400 ns, Total: 487200 ns
[2024-02-23T11:48:58.516+0000][4616][gc,marking  ] GC(693) Concurrent Cleanup for Next Mark
[2024-02-23T11:48:58.523+0000][4616][gc,marking  ] GC(693) Concurrent Cleanup for Next Mark 6.550ms
[2024-02-23T11:48:58.523+0000][4616][gc          ] GC(693) Concurrent Mark Cycle 391.779ms
[2024-02-23T11:49:36.724+0000][4616][safepoint   ] Safepoint "Cleanup", Time since last: 38207612800 ns, Reaching safepoint: 102600 ns, At safepoint: 15600 ns, Total: 118200 ns
[2024-02-23T11:49:37.254+0000][4616][gc,start    ] GC(694) Pause Young (Prepare Mixed) (G1 Evacuation Pause)
[2024-02-23T11:49:37.254+0000][4616][gc,task     ] GC(694) Using 8 workers of 8 for evacuation
[2024-02-23T11:49:37.254+0000][4616][gc,age      ] GC(694) Desired survivor size 155189248 bytes, new threshold 15 (max threshold 15)
[2024-02-23T11:49:37.291+0000][4616][gc,phases   ] GC(694)   Pre Evacuate Collection Set: 0.3ms
[2024-02-23T11:49:37.292+0000][4616][gc,phases   ] GC(694)   Merge Heap Roots: 0.3ms
[2024-02-23T11:49:37.292+0000][4616][gc,phases   ] GC(694)   Evacuate Collection Set: 33.4ms
[2024-02-23T11:49:37.292+0000][4616][gc,phases   ] GC(694)   Post Evacuate Collection Set: 2.0ms
[2024-02-23T11:49:37.292+0000][4616][gc,phases   ] GC(694)   Other: 0.2ms
[2024-02-23T11:49:37.292+0000][4616][gc,age      ] GC(694) Age table with threshold 15 (max threshold 15)
[2024-02-23T11:49:37.292+0000][4616][gc,age      ] GC(694) - age   1:   58139008 bytes,   58139008 total
[2024-02-23T11:49:37.292+0000][4616][gc,age      ] GC(694) - age   2:   30173440 bytes,   88312448 total
[2024-02-23T11:49:37.292+0000][4616][gc,age      ] GC(694) - age   3:   62950888 bytes,  151263336 total
[2024-02-23T11:49:37.292+0000][4616][gc,age      ] GC(694) - age   4:      48960 bytes,  151312296 total
[2024-02-23T11:49:37.292+0000][4616][gc,heap     ] GC(694) Eden regions: 557->0(11)
[2024-02-23T11:49:37.292+0000][4616][gc,heap     ] GC(694) Survivor regions: 29->39(74)
[2024-02-23T11:49:37.292+0000][4616][gc,heap     ] GC(694) Old regions: 201->201
[2024-02-23T11:49:37.292+0000][4616][gc,heap     ] GC(694) Archive regions: 0->0
[2024-02-23T11:49:37.292+0000][4616][gc,heap     ] GC(694) Humongous regions: 6->6
[2024-02-23T11:49:37.292+0000][4616][gc,metaspace] GC(694) Metaspace: 132144K(137152K)->132144K(137152K) NonClass: 115163K(117888K)->115163K(117888K) Class: 16980K(19264K)->16980K(19264K)
[2024-02-23T11:49:37.292+0000][4616][gc          ] GC(694) Pause Young (Prepare Mixed) (G1 Evacuation Pause) 3164M->979M(4040M) 36.841ms
[2024-02-23T11:49:37.292+0000][4616][gc,cpu      ] GC(694) User=0.14s Sys=0.02s Real=0.04s
[2024-02-23T11:49:37.292+0000][4616][safepoint   ] Safepoint "G1CollectForAllocation", Time since last: 530787600 ns, Reaching safepoint: 105800 ns, At safepoint: 37018500 ns, Total: 37124300 ns
[2024-02-23T11:49:39.823+0000][4616][gc,start    ] GC(695) Pause Young (Mixed) (G1 Evacuation Pause)
[2024-02-23T11:49:39.823+0000][4616][gc,task     ] GC(695) Using 8 workers of 8 for evacuation
[2024-02-23T11:49:39.823+0000][4616][gc,age      ] GC(695) Desired survivor size 14680064 bytes, new threshold 1 (max threshold 15)
[2024-02-23T11:49:40.239+0000][4616][gc,mmu      ] GC(695) MMU target violated: 201.0ms (200.0ms/201.0ms)
[2024-02-23T11:49:40.239+0000][4616][gc,phases   ] GC(695)   Pre Evacuate Collection Set: 0.1ms
[2024-02-23T11:49:40.239+0000][4616][gc,phases   ] GC(695)   Merge Heap Roots: 0.2ms
[2024-02-23T11:49:40.239+0000][4616][gc,phases   ] GC(695)   Evacuate Collection Set: 413.9ms
[2024-02-23T11:49:40.239+0000][4616][gc,phases   ] GC(695)   Post Evacuate Collection Set: 0.8ms
[2024-02-23T11:49:40.239+0000][4616][gc,phases   ] GC(695)   Other: 0.2ms
[2024-02-23T11:49:40.239+0000][4616][gc,age      ] GC(695) Age table with threshold 1 (max threshold 15)
[2024-02-23T11:49:40.239+0000][4616][gc,age      ] GC(695) - age   1:     511712 bytes,     511712 total
[2024-02-23T11:49:40.239+0000][4616][gc,heap     ] GC(695) Eden regions: 11->0(592)
[2024-02-23T11:49:40.239+0000][4616][gc,heap     ] GC(695) Survivor regions: 39->4(7)
[2024-02-23T11:49:40.239+0000][4616][gc,heap     ] GC(695) Old regions: 201->192
[2024-02-23T11:49:40.239+0000][4616][gc,heap     ] GC(695) Archive regions: 0->0
[2024-02-23T11:49:40.239+0000][4616][gc,heap     ] GC(695) Humongous regions: 6->6
[2024-02-23T11:49:40.239+0000][4616][gc,metaspace] GC(695) Metaspace: 132144K(137152K)->132144K(137152K) NonClass: 115164K(117888K)->115164K(117888K) Class: 16980K(19264K)->16980K(19264K)
[2024-02-23T11:49:40.239+0000][4616][gc          ] GC(695) Pause Young (Mixed) (G1 Evacuation Pause) 1023M->807M(4040M) 415.468ms
[2024-02-23T11:49:40.239+0000][4616][gc,cpu      ] GC(695) User=0.03s Sys=0.58s Real=0.42s
[2024-02-23T11:49:40.239+0000][4616][safepoint   ] Safepoint "G1CollectForAllocation", Time since last: 2530946000 ns, Reaching safepoint: 86700 ns, At safepoint: 415594400 ns, Total: 415681100 ns
[2024-02-23T11:50:13.989+0000][4616][gc,start    ] GC(696) Pause Young (Normal) (G1 Evacuation Pause)
[2024-02-23T11:50:13.989+0000][4616][gc,task     ] GC(696) Using 8 workers of 8 for evacuation
[2024-02-23T11:50:13.989+0000][4616][gc,age      ] GC(696) Desired survivor size 157286400 bytes, new threshold 15 (max threshold 15)
[2024-02-23T11:50:14.051+0000][4616][gc,phases   ] GC(696)   Pre Evacuate Collection Set: 0.4ms
[2024-02-23T11:50:14.051+0000][4616][gc,phases   ] GC(696)   Merge Heap Roots: 0.5ms
[2024-02-23T11:50:14.051+0000][4616][gc,phases   ] GC(696)   Evacuate Collection Set: 54.2ms
[2024-02-23T11:50:14.051+0000][4616][gc,phases   ] GC(696)   Post Evacuate Collection Set: 1.2ms
[2024-02-23T11:50:14.051+0000][4616][gc,phases   ] GC(696)   Other: 0.3ms
[2024-02-23T11:50:14.051+0000][4616][gc,age      ] GC(696) Age table with threshold 15 (max threshold 15)
[2024-02-23T11:50:14.051+0000][4616][gc,age      ] GC(696) - age   1:   65438536 bytes,   65438536 total
[2024-02-23T11:50:14.051+0000][4616][gc,age      ] GC(696) - age   2:     260240 bytes,   65698776 total
[2024-02-23T11:50:14.051+0000][4616][gc,heap     ] GC(696) Eden regions: 592->0(583)
[2024-02-23T11:50:14.051+0000][4616][gc,heap     ] GC(696) Survivor regions: 4->17(75)
[2024-02-23T11:50:14.051+0000][4616][gc,heap     ] GC(696) Old regions: 192->192
[2024-02-23T11:50:14.051+0000][4616][gc,heap     ] GC(696) Archive regions: 0->0
[2024-02-23T11:50:14.051+0000][4616][gc,heap     ] GC(696) Humongous regions: 6->6
[2024-02-23T11:50:14.051+0000][4616][gc,metaspace] GC(696) Metaspace: 132144K(137152K)->132144K(137152K) NonClass: 115164K(117888K)->115164K(117888K) Class: 16980K(19264K)->16980K(19264K)
[2024-02-23T11:50:14.051+0000][4616][gc          ] GC(696) Pause Young (Normal) (G1 Evacuation Pause) 3175M->857M(4040M) 57.180ms
[2024-02-23T11:50:14.051+0000][4616][gc,cpu      ] GC(696) User=0.11s Sys=0.02s Real=0.06s
[2024-02-23T11:50:14.051+0000][4616][safepoint   ] Safepoint "G1CollectForAllocation", Time since last: 33755111800 ns, Reaching safepoint: 166100 ns, At safepoint: 57391900 ns, Total: 57558000 ns
[2024-02-23T11:50:42.449+0000][4616][safepoint   ] Safepoint "Cleanup", Time since last: 28228835700 ns, Reaching safepoint: 168394600 ns, At safepoint: 150800 ns, Total: 168545400 ns
[2024-02-23T11:50:44.398+0000][4616][safepoint   ] Safepoint "Cleanup", Time since last: 1000421400 ns, Reaching safepoint: 948705600 ns, At safepoint: 640300 ns, Total: 949345900 ns
[2024-02-23T11:51:10.427+0000][4616][gc,start    ] GC(697) Pause Young (Normal) (G1 Evacuation Pause)
[2024-02-23T11:51:10.427+0000][4616][gc,task     ] GC(697) Using 8 workers of 8 for evacuation
[2024-02-23T11:51:10.427+0000][4616][gc,age      ] GC(697) Desired survivor size 157286400 bytes, new threshold 15 (max threshold 15)
[2024-02-23T11:51:10.480+0000][4616][gc,phases   ] GC(697)   Pre Evacuate Collection Set: 0.4ms
[2024-02-23T11:51:10.480+0000][4616][gc,phases   ] GC(697)   Merge Heap Roots: 0.5ms
[2024-02-23T11:51:10.480+0000][4616][gc,phases   ] GC(697)   Evacuate Collection Set: 39.6ms
[2024-02-23T11:51:10.480+0000][4616][gc,phases   ] GC(697)   Post Evacuate Collection Set: 3.2ms
[2024-02-23T11:51:10.480+0000][4616][gc,phases   ] GC(697)   Other: 0.5ms
[2024-02-23T11:51:10.480+0000][4616][gc,age      ] GC(697) Age table with threshold 15 (max threshold 15)
[2024-02-23T11:51:10.480+0000][4616][gc,age      ] GC(697) - age   1:   60790496 bytes,   60790496 total
[2024-02-23T11:51:10.480+0000][4616][gc,age      ] GC(697) - age   2:   42042648 bytes,  102833144 total
[2024-02-23T11:51:10.480+0000][4616][gc,age      ] GC(697) - age   3:     259312 bytes,  103092456 total
[2024-02-23T11:51:10.480+0000][4616][gc,heap     ] GC(697) Eden regions: 583->0(576)
[2024-02-23T11:51:10.480+0000][4616][gc,heap     ] GC(697) Survivor regions: 17->26(75)
[2024-02-23T11:51:10.480+0000][4616][gc,heap     ] GC(697) Old regions: 192->192
[2024-02-23T11:51:10.480+0000][4616][gc,heap     ] GC(697) Archive regions: 0->0
[2024-02-23T11:51:10.480+0000][4616][gc,heap     ] GC(697) Humongous regions: 6->6
[2024-02-23T11:51:10.480+0000][4616][gc,metaspace] GC(697) Metaspace: 132148K(137152K)->132148K(137152K) NonClass: 115167K(117888K)->115167K(117888K) Class: 16980K(19264K)->16980K(19264K)
[2024-02-23T11:51:10.484+0000][4616][gc          ] GC(697) Pause Young (Normal) (G1 Evacuation Pause) 3189M->894M(4040M) 45.414ms
[2024-02-23T11:51:10.484+0000][4616][gc,cpu      ] GC(697) User=0.41s Sys=0.05s Real=0.06s
[2024-02-23T11:51:10.484+0000][4616][safepoint   ] Safepoint "G1CollectForAllocation", Time since last: 26039793600 ns, Reaching safepoint: 345700 ns, At safepoint: 46014000 ns, Total: 46359700 ns
[2024-02-23T11:51:36.919+0000][4616][gc,start    ] GC(698) Pause Young (Concurrent Start) (G1 Evacuation Pause)
[2024-02-23T11:51:36.919+0000][4616][gc,task     ] GC(698) Using 8 workers of 8 for evacuation
[2024-02-23T11:51:36.919+0000][4616][gc,age      ] GC(698) Desired survivor size 159383552 bytes, new threshold 15 (max threshold 15)
[2024-02-23T11:51:37.023+0000][4616][gc,phases   ] GC(698)   Pre Evacuate Collection Set: 0.9ms
[2024-02-23T11:51:37.023+0000][4616][gc,phases   ] GC(698)   Merge Heap Roots: 0.6ms
[2024-02-23T11:51:37.023+0000][4616][gc,phases   ] GC(698)   Evacuate Collection Set: 100.8ms
[2024-02-23T11:51:37.023+0000][4616][gc,phases   ] GC(698)   Post Evacuate Collection Set: 0.9ms
[2024-02-23T11:51:37.023+0000][4616][gc,phases   ] GC(698)   Other: 2.3ms
[2024-02-23T11:51:37.023+0000][4616][gc,age      ] GC(698) Age table with threshold 15 (max threshold 15)
[2024-02-23T11:51:37.023+0000][4616][gc,age      ] GC(698) - age   1:   69525200 bytes,   69525200 total
[2024-02-23T11:51:37.023+0000][4616][gc,age      ] GC(698) - age   2:   32026368 bytes,  101551568 total
[2024-02-23T11:51:37.023+0000][4616][gc,age      ] GC(698) - age   3:   30458344 bytes,  132009912 total
[2024-02-23T11:51:37.023+0000][4616][gc,age      ] GC(698) - age   4:     259312 bytes,  132269224 total
[2024-02-23T11:51:37.023+0000][4616][gc,heap     ] GC(698) Eden regions: 576->0(63)
[2024-02-23T11:51:37.023+0000][4616][gc,heap     ] GC(698) Survivor regions: 26->34(76)
[2024-02-23T11:51:37.023+0000][4616][gc,heap     ] GC(698) Old regions: 192->192
[2024-02-23T11:51:37.023+0000][4616][gc,heap     ] GC(698) Archive regions: 0->0
[2024-02-23T11:51:37.023+0000][4616][gc,heap     ] GC(698) Humongous regions: 6->6
[2024-02-23T11:51:37.023+0000][4616][gc,metaspace] GC(698) Metaspace: 132148K(137152K)->132148K(137152K) NonClass: 115167K(117888K)->115167K(117888K) Class: 16980K(19264K)->16980K(19264K)
[2024-02-23T11:51:37.023+0000][4616][gc          ] GC(698) Pause Young (Concurrent Start) (G1 Evacuation Pause) 3198M->927M(4040M) 105.911ms
[2024-02-23T11:51:37.023+0000][4616][gc          ] GC(699) Concurrent Mark Cycle
[2024-02-23T11:51:37.023+0000][4616][gc,cpu      ] GC(698) User=0.25s Sys=0.14s Real=0.10s
[2024-02-23T11:51:37.023+0000][4616][gc,marking  ] GC(699) Concurrent Clear Claimed Marks
[2024-02-23T11:51:37.023+0000][4616][safepoint   ] Safepoint "G1CollectForAllocation", Time since last: 26433234600 ns, Reaching safepoint: 390000 ns, At safepoint: 106166500 ns, Total: 106556500 ns
[2024-02-23T11:51:37.023+0000][4616][gc,marking  ] GC(699) Concurrent Clear Claimed Marks 0.286ms
[2024-02-23T11:51:37.023+0000][4616][gc,marking  ] GC(699) Concurrent Scan Root Regions
[2024-02-23T11:51:37.023+0000][4616][gc,marking  ] GC(699) Concurrent Scan Root Regions 10.107ms
[2024-02-23T11:51:37.023+0000][4616][gc,marking  ] GC(699) Concurrent Mark
[2024-02-23T11:51:37.023+0000][4616][gc,marking  ] GC(699) Concurrent Mark From Roots
[2024-02-23T11:51:37.023+0000][4616][gc,task     ] GC(699) Using 2 workers of 2 for marking
[2024-02-23T11:51:37.198+0000][4616][gc,marking  ] GC(699) Concurrent Mark From Roots 163.568ms
[2024-02-23T11:51:37.198+0000][4616][gc,marking  ] GC(699) Concurrent Preclean
[2024-02-23T11:51:37.199+0000][4616][gc,marking  ] GC(699) Concurrent Preclean 0.607ms
[2024-02-23T11:51:37.199+0000][4616][gc,start    ] GC(699) Pause Remark
[2024-02-23T11:51:37.204+0000][4616][gc          ] GC(699) Pause Remark 969M->957M(4040M) 8.605ms
[2024-02-23T11:51:37.204+0000][4616][gc,cpu      ] GC(699) User=0.00s Sys=0.00s Real=0.01s
[2024-02-23T11:51:37.204+0000][4616][safepoint   ] Safepoint "G1Concurrent", Time since last: 174613400 ns, Reaching safepoint: 68900 ns, At safepoint: 8718500 ns, Total: 8787400 ns
[2024-02-23T11:51:37.204+0000][4616][gc,marking  ] GC(699) Concurrent Mark 173.101ms
[2024-02-23T11:51:37.204+0000][4616][gc,marking  ] GC(699) Concurrent Rebuild Remembered Sets
[2024-02-23T11:51:37.321+0000][4616][gc,marking  ] GC(699) Concurrent Rebuild Remembered Sets 124.895ms
[2024-02-23T11:51:37.321+0000][4616][gc,start    ] GC(699) Pause Cleanup
[2024-02-23T11:51:37.321+0000][4616][gc          ] GC(699) Pause Cleanup 975M->975M(4040M) 0.397ms
[2024-02-23T11:51:37.321+0000][4616][gc,cpu      ] GC(699) User=0.00s Sys=0.00s Real=0.00s
[2024-02-23T11:51:37.321+0000][4616][safepoint   ] Safepoint "G1Concurrent", Time since last: 125093900 ns, Reaching safepoint: 60000 ns, At safepoint: 478500 ns, Total: 538500 ns
[2024-02-23T11:51:37.321+0000][4616][gc,marking  ] GC(699) Concurrent Cleanup for Next Mark
[2024-02-23T11:51:37.351+0000][4616][gc,marking  ] GC(699) Concurrent Cleanup for Next Mark 17.251ms
[2024-02-23T11:51:37.351+0000][4616][gc          ] GC(699) Concurrent Mark Cycle 326.529ms
[2024-02-23T11:51:42.356+0000][4616][safepoint   ] Safepoint "Cleanup", Time since last: 5022136200 ns, Reaching safepoint: 153400 ns, At safepoint: 25000 ns, Total: 178400 ns
[2024-02-23T11:52:21.337+0000][4616][safepoint   ] Safepoint "Cleanup", Time since last: 38296921900 ns, Reaching safepoint: 682262600 ns, At safepoint: 1902800 ns, Total: 684165400 ns
[2024-02-23T11:52:28.146+0000][4616][gc,start    ] GC(700) Pause Young (Prepare Mixed) (G1 Evacuation Pause)
[2024-02-23T11:52:28.146+0000][4616][gc,task     ] GC(700) Using 8 workers of 8 for evacuation
[2024-02-23T11:52:28.146+0000][4616][gc,age      ] GC(700) Desired survivor size 159383552 bytes, new threshold 15 (max threshold 15)
[2024-02-23T11:52:28.232+0000][4616][gc,phases   ] GC(700)   Pre Evacuate Collection Set: 2.1ms
[2024-02-23T11:52:28.232+0000][4616][gc,phases   ] GC(700)   Merge Heap Roots: 0.5ms
[2024-02-23T11:52:28.232+0000][4616][gc,phases   ] GC(700)   Evacuate Collection Set: 85.9ms
[2024-02-23T11:52:28.232+0000][4616][gc,phases   ] GC(700)   Post Evacuate Collection Set: 1.4ms
[2024-02-23T11:52:28.232+0000][4616][gc,phases   ] GC(700)   Other: 0.2ms
[2024-02-23T11:52:28.232+0000][4616][gc,age      ] GC(700) Age table with threshold 15 (max threshold 15)
[2024-02-23T11:52:28.232+0000][4616][gc,age      ] GC(700) - age   1:   68794448 bytes,   68794448 total
[2024-02-23T11:52:28.232+0000][4616][gc,age      ] GC(700) - age   2:   43439928 bytes,  112234376 total
[2024-02-23T11:52:28.232+0000][4616][gc,age      ] GC(700) - age   3:   23061104 bytes,  135295480 total
[2024-02-23T11:52:28.232+0000][4616][gc,age      ] GC(700) - age   4:   24675080 bytes,  159970560 total
[2024-02-23T11:52:28.232+0000][4616][gc,age      ] GC(700) - age   5:     171064 bytes,  160141624 total
[2024-02-23T11:52:28.232+0000][4616][gc,heap     ] GC(700) Eden regions: 569->0(9)
[2024-02-23T11:52:28.232+0000][4616][gc,heap     ] GC(700) Survivor regions: 34->41(76)
[2024-02-23T11:52:28.232+0000][4616][gc,heap     ] GC(700) Old regions: 192->192
[2024-02-23T11:52:28.232+0000][4616][gc,heap     ] GC(700) Archive regions: 0->0
[2024-02-23T11:52:28.232+0000][4616][gc,heap     ] GC(700) Humongous regions: 3->3
[2024-02-23T11:52:28.232+0000][4616][gc,metaspace] GC(700) Metaspace: 132148K(137152K)->132148K(137152K) NonClass: 115167K(117888K)->115167K(117888K) Class: 16980K(19264K)->16980K(19264K)
[2024-02-23T11:52:28.232+0000][4616][gc          ] GC(700) Pause Young (Prepare Mixed) (G1 Evacuation Pause) 3191M->942M(4040M) 90.518ms
[2024-02-23T11:52:28.232+0000][4616][gc,cpu      ] GC(700) User=0.27s Sys=0.16s Real=0.09s
[2024-02-23T11:52:28.232+0000][4616][safepoint   ] Safepoint "G1CollectForAllocation", Time since last: 6809353400 ns, Reaching safepoint: 98400 ns, At safepoint: 90631900 ns, Total: 90730300 ns
[2024-02-23T11:52:28.453+0000][4616][gc,start    ] GC(701) Pause Young (Mixed) (G1 Evacuation Pause)
[2024-02-23T11:52:28.453+0000][4616][gc,task     ] GC(701) Using 8 workers of 8 for evacuation
[2024-02-23T11:52:28.453+0000][4616][gc,age      ] GC(701) Desired survivor size 14680064 bytes, new threshold 1 (max threshold 15)
[2024-02-23T11:52:28.986+0000][4616][gc,mmu      ] GC(701) MMU target violated: 201.0ms (200.0ms/201.0ms)
[2024-02-23T11:52:28.986+0000][4616][gc,phases   ] GC(701)   Pre Evacuate Collection Set: 2.3ms
[2024-02-23T11:52:28.986+0000][4616][gc,phases   ] GC(701)   Merge Heap Roots: 0.3ms
[2024-02-23T11:52:28.986+0000][4616][gc,phases   ] GC(701)   Evacuate Collection Set: 534.6ms
[2024-02-23T11:52:28.986+0000][4616][gc,phases   ] GC(701)   Post Evacuate Collection Set: 1.1ms
[2024-02-23T11:52:28.986+0000][4616][gc,phases   ] GC(701)   Other: 0.2ms
[2024-02-23T11:52:28.986+0000][4616][gc,age      ] GC(701) Age table with threshold 1 (max threshold 15)
[2024-02-23T11:52:28.986+0000][4616][gc,age      ] GC(701) - age   1:     210184 bytes,     210184 total
[2024-02-23T11:52:28.986+0000][4616][gc,heap     ] GC(701) Eden regions: 9->0(602)
[2024-02-23T11:52:28.986+0000][4616][gc,heap     ] GC(701) Survivor regions: 41->4(7)
[2024-02-23T11:52:28.986+0000][4616][gc,heap     ] GC(701) Old regions: 192->154
[2024-02-23T11:52:28.986+0000][4616][gc,heap     ] GC(701) Archive regions: 0->0
[2024-02-23T11:52:28.986+0000][4616][gc,heap     ] GC(701) Humongous regions: 3->3
[2024-02-23T11:52:28.986+0000][4616][gc,metaspace] GC(701) Metaspace: 132148K(137152K)->132148K(137152K) NonClass: 115167K(117888K)->115167K(117888K) Class: 16980K(19264K)->16980K(19264K)
[2024-02-23T11:52:28.986+0000][4616][gc          ] GC(701) Pause Young (Mixed) (G1 Evacuation Pause) 978M->640M(4040M) 538.745ms
[2024-02-23T11:52:28.986+0000][4616][gc,cpu      ] GC(701) User=0.34s Sys=0.73s Real=0.53s
[2024-02-23T11:52:28.986+0000][4616][safepoint   ] Safepoint "G1CollectForAllocation", Time since last: 224088800 ns, Reaching safepoint: 81600 ns, At safepoint: 538917600 ns, Total: 538999200 ns
[2024-02-23T11:52:53.124+0000][4616][safepoint   ] Safepoint "Cleanup", Time since last: 24123711900 ns, Reaching safepoint: 111800 ns, At safepoint: 16700 ns, Total: 128500 ns
[2024-02-23T11:53:13.514+0000][4616][gc,start    ] GC(702) Pause Young (Normal) (G1 Evacuation Pause)
[2024-02-23T11:53:13.514+0000][4616][gc,task     ] GC(702) Using 8 workers of 8 for evacuation
[2024-02-23T11:53:13.514+0000][4616][gc,age      ] GC(702) Desired survivor size 159383552 bytes, new threshold 15 (max threshold 15)
[2024-02-23T11:53:13.549+0000][4616][gc,phases   ] GC(702)   Pre Evacuate Collection Set: 0.5ms
[2024-02-23T11:53:13.549+0000][4616][gc,phases   ] GC(702)   Merge Heap Roots: 0.5ms
[2024-02-23T11:53:13.549+0000][4616][gc,phases   ] GC(702)   Evacuate Collection Set: 30.6ms
[2024-02-23T11:53:13.549+0000][4616][gc,phases   ] GC(702)   Post Evacuate Collection Set: 3.0ms
[2024-02-23T11:53:13.550+0000][4616][gc,phases   ] GC(702)   Other: 0.7ms
[2024-02-23T11:53:13.550+0000][4616][gc,age      ] GC(702) Age table with threshold 15 (max threshold 15)
[2024-02-23T11:53:13.550+0000][4616][gc,age      ] GC(702) - age   1:   65268936 bytes,   65268936 total
[2024-02-23T11:53:13.550+0000][4616][gc,age      ] GC(702) - age   2:      60480 bytes,   65329416 total
[2024-02-23T11:53:13.550+0000][4616][gc,heap     ] GC(702) Eden regions: 602->0(543)
[2024-02-23T11:53:13.550+0000][4616][gc,heap     ] GC(702) Survivor regions: 4->17(76)
[2024-02-23T11:53:13.550+0000][4616][gc,heap     ] GC(702) Old regions: 154->154
[2024-02-23T11:53:13.550+0000][4616][gc,heap     ] GC(702) Archive regions: 0->0
[2024-02-23T11:53:13.550+0000][4616][gc,heap     ] GC(702) Humongous regions: 3->3
[2024-02-23T11:53:13.550+0000][4616][gc,metaspace] GC(702) Metaspace: 132148K(137152K)->132148K(137152K) NonClass: 115168K(117888K)->115168K(117888K) Class: 16980K(19264K)->16980K(19264K)
[2024-02-23T11:53:13.550+0000][4616][gc          ] GC(702) Pause Young (Normal) (G1 Evacuation Pause) 3048M->693M(4040M) 36.198ms
[2024-02-23T11:53:13.550+0000][4616][gc,cpu      ] GC(702) User=0.23s Sys=0.00s Real=0.04s
[2024-02-23T11:53:13.550+0000][4616][safepoint   ] Safepoint "G1CollectForAllocation", Time since last: 20268996100 ns, Reaching safepoint: 121138900 ns, At safepoint: 36676500 ns, Total: 157815400 ns
[2024-02-23T11:53:21.652+0000][4616][safepoint   ] Safepoint "Cleanup", Time since last: 8054478100 ns, Reaching safepoint: 47174600 ns, At safepoint: 120700 ns, Total: 47295300 ns
[2024-02-23T11:53:35.374+0000][4616][gc,start    ] GC(703) Pause Young (Concurrent Start) (G1 Humongous Allocation)
[2024-02-23T11:53:35.374+0000][4616][gc,task     ] GC(703) Using 8 workers of 8 for evacuation
[2024-02-23T11:53:35.374+0000][4616][gc,age      ] GC(703) Desired survivor size 146800640 bytes, new threshold 15 (max threshold 15)
[2024-02-23T11:53:35.401+0000][4616][gc,phases   ] GC(703)   Pre Evacuate Collection Set: 0.4ms
[2024-02-23T11:53:35.401+0000][4616][gc,phases   ] GC(703)   Merge Heap Roots: 0.2ms
[2024-02-23T11:53:35.401+0000][4616][gc,phases   ] GC(703)   Evacuate Collection Set: 22.2ms
[2024-02-23T11:53:35.401+0000][4616][gc,phases   ] GC(703)   Post Evacuate Collection Set: 1.4ms
[2024-02-23T11:53:35.401+0000][4616][gc,phases   ] GC(703)   Other: 2.9ms
[2024-02-23T11:53:35.401+0000][4616][gc,age      ] GC(703) Age table with threshold 15 (max threshold 15)
[2024-02-23T11:53:35.401+0000][4616][gc,age      ] GC(703) - age   1:   62001440 bytes,   62001440 total
[2024-02-23T11:53:35.401+0000][4616][gc,age      ] GC(703) - age   2:   39169664 bytes,  101171104 total
[2024-02-23T11:53:35.401+0000][4616][gc,age      ] GC(703) - age   3:      60480 bytes,  101231584 total
[2024-02-23T11:53:35.401+0000][4616][gc,heap     ] GC(703) Eden regions: 465->0(244)
[2024-02-23T11:53:35.401+0000][4616][gc,heap     ] GC(703) Survivor regions: 17->26(70)
[2024-02-23T11:53:35.401+0000][4616][gc,heap     ] GC(703) Old regions: 154->154
[2024-02-23T11:53:35.401+0000][4616][gc,heap     ] GC(703) Archive regions: 0->0
[2024-02-23T11:53:35.401+0000][4616][gc,heap     ] GC(703) Humongous regions: 3->3
[2024-02-23T11:53:35.401+0000][4616][gc,metaspace] GC(703) Metaspace: 132148K(137152K)->132148K(137152K) NonClass: 115168K(117888K)->115168K(117888K) Class: 16980K(19264K)->16980K(19264K)
[2024-02-23T11:53:35.401+0000][4616][gc          ] GC(703) Pause Young (Concurrent Start) (G1 Humongous Allocation) 2553M->730M(4040M) 27.733ms
[2024-02-23T11:53:35.401+0000][4616][gc,cpu      ] GC(703) User=0.25s Sys=0.00s Real=0.03s
[2024-02-23T11:53:35.401+0000][4616][gc          ] GC(704) Concurrent Mark Cycle
[2024-02-23T11:53:35.401+0000][4616][gc,marking  ] GC(704) Concurrent Clear Claimed Marks
[2024-02-23T11:53:35.401+0000][4616][safepoint   ] Safepoint "G1TryInitiateConcMark", Time since last: 13721297700 ns, Reaching safepoint: 203000 ns, At safepoint: 27941600 ns, Total: 28144600 ns
[2024-02-23T11:53:35.401+0000][4616][gc,marking  ] GC(704) Concurrent Clear Claimed Marks 0.178ms
[2024-02-23T11:53:35.401+0000][4616][gc,marking  ] GC(704) Concurrent Scan Root Regions
[2024-02-23T11:53:35.403+0000][4616][gc,marking  ] GC(704) Concurrent Scan Root Regions 10.217ms
[2024-02-23T11:53:35.403+0000][4616][gc,marking  ] GC(704) Concurrent Mark
[2024-02-23T11:53:35.403+0000][4616][gc,marking  ] GC(704) Concurrent Mark From Roots
[2024-02-23T11:53:35.403+0000][4616][gc,task     ] GC(704) Using 2 workers of 2 for marking
[2024-02-23T11:53:35.587+0000][4616][gc,marking  ] GC(704) Concurrent Mark From Roots 182.006ms
[2024-02-23T11:53:35.587+0000][4616][gc,marking  ] GC(704) Concurrent Preclean
[2024-02-23T11:53:35.596+0000][4616][gc,marking  ] GC(704) Concurrent Preclean 0.989ms
[2024-02-23T11:53:35.596+0000][4616][gc,start    ] GC(704) Pause Remark
[2024-02-23T11:53:35.610+0000][4616][gc          ] GC(704) Pause Remark 766M->766M(4040M) 15.047ms
[2024-02-23T11:53:35.610+0000][4616][gc,cpu      ] GC(704) User=0.06s Sys=0.02s Real=0.01s
[2024-02-23T11:53:35.610+0000][4616][safepoint   ] Safepoint "G1Concurrent", Time since last: 193605300 ns, Reaching safepoint: 107000 ns, At safepoint: 15211900 ns, Total: 15318900 ns
[2024-02-23T11:53:35.610+0000][4616][gc,marking  ] GC(704) Concurrent Mark 198.500ms
[2024-02-23T11:53:35.610+0000][4616][gc,marking  ] GC(704) Concurrent Rebuild Remembered Sets
[2024-02-23T11:53:35.782+0000][4616][gc,marking  ] GC(704) Concurrent Rebuild Remembered Sets 171.399ms
[2024-02-23T11:53:35.782+0000][4616][gc,start    ] GC(704) Pause Cleanup
[2024-02-23T11:53:35.784+0000][4616][gc          ] GC(704) Pause Cleanup 796M->796M(4040M) 0.954ms
[2024-02-23T11:53:35.784+0000][4616][gc,cpu      ] GC(704) User=0.00s Sys=0.00s Real=0.00s
[2024-02-23T11:53:35.784+0000][4616][safepoint   ] Safepoint "G1Concurrent", Time since last: 171643400 ns, Reaching safepoint: 90700 ns, At safepoint: 1067200 ns, Total: 1157900 ns
[2024-02-23T11:53:35.784+0000][4616][gc,marking  ] GC(704) Concurrent Cleanup for Next Mark
[2024-02-23T11:53:35.784+0000][4616][gc,marking  ] GC(704) Concurrent Cleanup for Next Mark 7.062ms
[2024-02-23T11:53:35.784+0000][4616][gc          ] GC(704) Concurrent Mark Cycle 389.002ms
[2024-02-23T11:53:55.558+0000][4616][gc,start    ] GC(705) Pause Young (Prepare Mixed) (G1 Evacuation Pause)
[2024-02-23T11:53:55.558+0000][4616][gc,task     ] GC(705) Using 8 workers of 8 for evacuation
[2024-02-23T11:53:55.558+0000][4616][gc,age      ] GC(705) Desired survivor size 159383552 bytes, new threshold 15 (max threshold 15)
[2024-02-23T11:53:55.612+0000][4616][gc,phases   ] GC(705)   Pre Evacuate Collection Set: 0.4ms
[2024-02-23T11:53:55.612+0000][4616][gc,phases   ] GC(705)   Merge Heap Roots: 0.3ms
[2024-02-23T11:53:55.612+0000][4616][gc,phases   ] GC(705)   Evacuate Collection Set: 51.8ms
[2024-02-23T11:53:55.612+0000][4616][gc,phases   ] GC(705)   Post Evacuate Collection Set: 1.1ms
[2024-02-23T11:53:55.612+0000][4616][gc,phases   ] GC(705)   Other: 0.2ms
[2024-02-23T11:53:55.612+0000][4616][gc,age      ] GC(705) Age table with threshold 15 (max threshold 15)
[2024-02-23T11:53:55.612+0000][4616][gc,age      ] GC(705) - age   1:   79601184 bytes,   79601184 total
[2024-02-23T11:53:55.612+0000][4616][gc,age      ] GC(705) - age   2:   31340464 bytes,  110941648 total
[2024-02-23T11:53:55.612+0000][4616][gc,age      ] GC(705) - age   3:   31000928 bytes,  141942576 total
[2024-02-23T11:53:55.612+0000][4616][gc,age      ] GC(705) - age   4:       1968 bytes,  141944544 total
[2024-02-23T11:53:55.612+0000][4616][gc,heap     ] GC(705) Eden regions: 580->0(14)
[2024-02-23T11:53:55.612+0000][4616][gc,heap     ] GC(705) Survivor regions: 26->36(76)
[2024-02-23T11:53:55.612+0000][4616][gc,heap     ] GC(705) Old regions: 154->154
[2024-02-23T11:53:55.612+0000][4616][gc,heap     ] GC(705) Archive regions: 0->0
[2024-02-23T11:53:55.612+0000][4616][gc,heap     ] GC(705) Humongous regions: 4->4
[2024-02-23T11:53:55.612+0000][4616][gc,metaspace] GC(705) Metaspace: 132149K(137152K)->132149K(137152K) NonClass: 115168K(117888K)->115168K(117888K) Class: 16980K(19264K)->16980K(19264K)
[2024-02-23T11:53:55.612+0000][4616][gc          ] GC(705) Pause Young (Prepare Mixed) (G1 Evacuation Pause) 3054M->774M(4040M) 54.403ms
[2024-02-23T11:53:55.612+0000][4616][gc,cpu      ] GC(705) User=0.17s Sys=0.11s Real=0.05s
[2024-02-23T11:53:55.612+0000][4616][safepoint   ] Safepoint "G1CollectForAllocation", Time since last: 19771047600 ns, Reaching safepoint: 2800700 ns, At safepoint: 54638400 ns, Total: 57439100 ns
[2024-02-23T11:53:55.878+0000][4616][gc,start    ] GC(706) Pause Young (Mixed) (G1 Evacuation Pause)
[2024-02-23T11:53:55.878+0000][4616][gc,task     ] GC(706) Using 8 workers of 8 for evacuation
[2024-02-23T11:53:55.878+0000][4616][gc,age      ] GC(706) Desired survivor size 14680064 bytes, new threshold 1 (max threshold 15)
[2024-02-23T11:53:56.083+0000][4616][gc,mmu      ] GC(706) MMU target violated: 201.0ms (200.0ms/201.0ms)
[2024-02-23T11:53:56.083+0000][4616][gc,phases   ] GC(706)   Pre Evacuate Collection Set: 0.1ms
[2024-02-23T11:53:56.083+0000][4616][gc,phases   ] GC(706)   Merge Heap Roots: 2.2ms
[2024-02-23T11:53:56.083+0000][4616][gc,phases   ] GC(706)   Evacuate Collection Set: 201.5ms
[2024-02-23T11:53:56.083+0000][4616][gc,phases   ] GC(706)   Post Evacuate Collection Set: 1.1ms
[2024-02-23T11:53:56.083+0000][4616][gc,phases   ] GC(706)   Other: 0.2ms
[2024-02-23T11:53:56.083+0000][4616][gc,age      ] GC(706) Age table with threshold 1 (max threshold 15)
[2024-02-23T11:53:56.083+0000][4616][gc,age      ] GC(706) - age   1:    2614208 bytes,    2614208 total
[2024-02-23T11:53:56.083+0000][4616][gc,heap     ] GC(706) Eden regions: 14->0(602)
[2024-02-23T11:53:56.083+0000][4616][gc,heap     ] GC(706) Survivor regions: 36->4(7)
[2024-02-23T11:53:56.083+0000][4616][gc,heap     ] GC(706) Old regions: 154->162
[2024-02-23T11:53:56.083+0000][4616][gc,heap     ] GC(706) Archive regions: 0->0
[2024-02-23T11:53:56.083+0000][4616][gc,heap     ] GC(706) Humongous regions: 4->4
[2024-02-23T11:53:56.083+0000][4616][gc,metaspace] GC(706) Metaspace: 132149K(137152K)->132149K(137152K) NonClass: 115168K(117888K)->115168K(117888K) Class: 16980K(19264K)->16980K(19264K)
[2024-02-23T11:53:56.083+0000][4616][gc          ] GC(706) Pause Young (Mixed) (G1 Evacuation Pause) 830M->679M(4040M) 205.513ms
[2024-02-23T11:53:56.083+0000][4616][gc,cpu      ] GC(706) User=0.50s Sys=0.16s Real=0.20s
[2024-02-23T11:53:56.085+0000][4616][safepoint   ] Safepoint "G1CollectForAllocation", Time since last: 265862800 ns, Reaching safepoint: 57400 ns, At safepoint: 206551200 ns, Total: 206608600 ns
[2024-02-23T11:54:16.333+0000][4616][gc,start    ] GC(707) Pause Young (Normal) (G1 Evacuation Pause)
[2024-02-23T11:54:16.333+0000][4616][gc,task     ] GC(707) Using 8 workers of 8 for evacuation
[2024-02-23T11:54:16.333+0000][4616][gc,age      ] GC(707) Desired survivor size 159383552 bytes, new threshold 15 (max threshold 15)
[2024-02-23T11:54:16.363+0000][4616][gc,phases   ] GC(707)   Pre Evacuate Collection Set: 0.3ms
[2024-02-23T11:54:16.363+0000][4616][gc,phases   ] GC(707)   Merge Heap Roots: 0.4ms
[2024-02-23T11:54:16.363+0000][4616][gc,phases   ] GC(707)   Evacuate Collection Set: 27.0ms
[2024-02-23T11:54:16.363+0000][4616][gc,phases   ] GC(707)   Post Evacuate Collection Set: 2.9ms
[2024-02-23T11:54:16.363+0000][4616][gc,phases   ] GC(707)   Other: 0.4ms
[2024-02-23T11:54:16.363+0000][4616][gc,age      ] GC(707) Age table with threshold 15 (max threshold 15)
[2024-02-23T11:54:16.363+0000][4616][gc,age      ] GC(707) - age   1:   51156480 bytes,   51156480 total
[2024-02-23T11:54:16.363+0000][4616][gc,age      ] GC(707) - age   2:    1574176 bytes,   52730656 total
[2024-02-23T11:54:16.363+0000][4616][gc,heap     ] GC(707) Eden regions: 602->0(592)
[2024-02-23T11:54:16.363+0000][4616][gc,heap     ] GC(707) Survivor regions: 4->14(76)
[2024-02-23T11:54:16.363+0000][4616][gc,heap     ] GC(707) Old regions: 162->162
[2024-02-23T11:54:16.363+0000][4616][gc,heap     ] GC(707) Archive regions: 0->0
[2024-02-23T11:54:16.363+0000][4616][gc,heap     ] GC(707) Humongous regions: 4->4
[2024-02-23T11:54:16.363+0000][4616][gc,metaspace] GC(707) Metaspace: 132154K(137152K)->132154K(137152K) NonClass: 115173K(117888K)->115173K(117888K) Class: 16980K(19264K)->16980K(19264K)
[2024-02-23T11:54:16.363+0000][4616][gc          ] GC(707) Pause Young (Normal) (G1 Evacuation Pause) 3087M->717M(4040M) 32.473ms
[2024-02-23T11:54:16.363+0000][4616][gc,cpu      ] GC(707) User=0.14s Sys=0.00s Real=0.03s
[2024-02-23T11:54:16.363+0000][4616][safepoint   ] Safepoint "G1CollectForAllocation", Time since last: 20198407800 ns, Reaching safepoint: 50161100 ns, At safepoint: 32971400 ns, Total: 83132500 ns
[2024-02-23T11:54:31.598+0000][4616][safepoint   ] Safepoint "Cleanup", Time since last: 15048744600 ns, Reaching safepoint: 180815000 ns, At safepoint: 1550900 ns, Total: 182365900 ns
[2024-02-23T11:54:44.797+0000][4616][safepoint   ] Safepoint "Cleanup", Time since last: 13066947700 ns, Reaching safepoint: 131419100 ns, At safepoint: 715500 ns, Total: 132134600 ns
[2024-02-23T11:54:48.940+0000][4616][safepoint   ] Safepoint "Cleanup", Time since last: 4022320000 ns, Reaching safepoint: 119995300 ns, At safepoint: 1133000 ns, Total: 121128300 ns
[2024-02-23T11:54:49.769+0000][4616][gc,start    ] GC(708) Pause Young (Normal) (G1 Evacuation Pause)
[2024-02-23T11:54:49.769+0000][4616][gc,task     ] GC(708) Using 8 workers of 8 for evacuation
[2024-02-23T11:54:49.770+0000][4616][gc,age      ] GC(708) Desired survivor size 159383552 bytes, new threshold 15 (max threshold 15)
[2024-02-23T11:54:49.822+0000][4616][gc,phases   ] GC(708)   Pre Evacuate Collection Set: 0.5ms
[2024-02-23T11:54:49.822+0000][4616][gc,phases   ] GC(708)   Merge Heap Roots: 0.7ms
[2024-02-23T11:54:49.822+0000][4616][gc,phases   ] GC(708)   Evacuate Collection Set: 46.7ms
[2024-02-23T11:54:49.822+0000][4616][gc,phases   ] GC(708)   Post Evacuate Collection Set: 3.9ms
[2024-02-23T11:54:49.822+0000][4616][gc,phases   ] GC(708)   Other: 0.8ms
[2024-02-23T11:54:49.822+0000][4616][gc,age      ] GC(708) Age table with threshold 15 (max threshold 15)
[2024-02-23T11:54:49.822+0000][4616][gc,age      ] GC(708) - age   1:   22363680 bytes,   22363680 total
[2024-02-23T11:54:49.822+0000][4616][gc,age      ] GC(708) - age   2:   34123352 bytes,   56487032 total
[2024-02-23T11:54:49.822+0000][4616][gc,age      ] GC(708) - age   3:    1573256 bytes,   58060288 total
[2024-02-23T11:54:49.822+0000][4616][gc,heap     ] GC(708) Eden regions: 592->0(591)
[2024-02-23T11:54:49.822+0000][4616][gc,heap     ] GC(708) Survivor regions: 14->15(76)
[2024-02-23T11:54:49.822+0000][4616][gc,heap     ] GC(708) Old regions: 162->162
[2024-02-23T11:54:49.822+0000][4616][gc,heap     ] GC(708) Archive regions: 0->0
[2024-02-23T11:54:49.822+0000][4616][gc,heap     ] GC(708) Humongous regions: 4->4
[2024-02-23T11:54:49.822+0000][4616][gc,metaspace] GC(708) Metaspace: 132155K(137152K)->132155K(137152K) NonClass: 115174K(117888K)->115174K(117888K) Class: 16980K(19264K)->16980K(19264K)
[2024-02-23T11:54:49.823+0000][4616][gc          ] GC(708) Pause Young (Normal) (G1 Evacuation Pause) 3085M->723M(4040M) 53.533ms
[2024-02-23T11:54:49.823+0000][4616][gc,cpu      ] GC(708) User=0.36s Sys=0.03s Real=0.05s
[2024-02-23T11:54:49.824+0000][4616][safepoint   ] Safepoint "G1CollectForAllocation", Time since last: 635487200 ns, Reaching safepoint: 193554600 ns, At safepoint: 54430500 ns, Total: 247985100 ns
[2024-02-23T11:55:40.978+0000][4616][gc,start    ] GC(709) Pause Young (Concurrent Start) (G1 Evacuation Pause)
[2024-02-23T11:55:40.979+0000][4616][gc,task     ] GC(709) Using 8 workers of 8 for evacuation
[2024-02-23T11:55:40.979+0000][4616][gc,age      ] GC(709) Desired survivor size 159383552 bytes, new threshold 15 (max threshold 15)
[2024-02-23T11:55:41.011+0000][4616][gc,phases   ] GC(709)   Pre Evacuate Collection Set: 0.9ms
[2024-02-23T11:55:41.011+0000][4616][gc,phases   ] GC(709)   Merge Heap Roots: 0.5ms
[2024-02-23T11:55:41.011+0000][4616][gc,phases   ] GC(709)   Evacuate Collection Set: 29.1ms
[2024-02-23T11:55:41.011+0000][4616][gc,phases   ] GC(709)   Post Evacuate Collection Set: 2.0ms
[2024-02-23T11:55:41.011+0000][4616][gc,phases   ] GC(709)   Other: 0.6ms
[2024-02-23T11:55:41.011+0000][4616][gc,age      ] GC(709) Age table with threshold 15 (max threshold 15)
[2024-02-23T11:55:41.012+0000][4616][gc,age      ] GC(709) - age   1:   37800392 bytes,   37800392 total
[2024-02-23T11:55:41.012+0000][4616][gc,age      ] GC(709) - age   2:   10521536 bytes,   48321928 total
[2024-02-23T11:55:41.012+0000][4616][gc,age      ] GC(709) - age   3:   34105168 bytes,   82427096 total
[2024-02-23T11:55:41.012+0000][4616][gc,age      ] GC(709) - age   4:    1573256 bytes,   84000352 total
[2024-02-23T11:55:41.012+0000][4616][gc,heap     ] GC(709) Eden regions: 591->0(353)
[2024-02-23T11:55:41.012+0000][4616][gc,heap     ] GC(709) Survivor regions: 15->22(76)
[2024-02-23T11:55:41.012+0000][4616][gc,heap     ] GC(709) Old regions: 162->162
[2024-02-23T11:55:41.012+0000][4616][gc,heap     ] GC(709) Archive regions: 0->0
[2024-02-23T11:55:41.012+0000][4616][gc,heap     ] GC(709) Humongous regions: 4->4
[2024-02-23T11:55:41.012+0000][4616][gc,metaspace] GC(709) Metaspace: 132157K(137152K)->132157K(137152K) NonClass: 115177K(117888K)->115177K(117888K) Class: 16980K(19264K)->16980K(19264K)
[2024-02-23T11:55:41.012+0000][4616][gc          ] GC(709) Pause Young (Concurrent Start) (G1 Evacuation Pause) 3087M->749M(4040M) 33.930ms
[2024-02-23T11:55:41.012+0000][4616][gc          ] GC(710) Concurrent Mark Cycle
[2024-02-23T11:55:41.012+0000][4616][gc,cpu      ] GC(709) User=0.19s Sys=0.02s Real=0.03s
[2024-02-23T11:55:41.012+0000][4616][gc,marking  ] GC(710) Concurrent Clear Claimed Marks
[2024-02-23T11:55:41.012+0000][4616][gc,marking  ] GC(710) Concurrent Clear Claimed Marks 0.279ms
[2024-02-23T11:55:41.012+0000][4616][gc,marking  ] GC(710) Concurrent Scan Root Regions
[2024-02-23T11:55:41.012+0000][4616][safepoint   ] Safepoint "G1CollectForAllocation", Time since last: 51033245200 ns, Reaching safepoint: 121379000 ns, At safepoint: 34556000 ns, Total: 155935000 ns
[2024-02-23T11:55:41.038+0000][4616][gc,marking  ] GC(710) Concurrent Scan Root Regions 25.218ms
[2024-02-23T11:55:41.038+0000][4616][gc,marking  ] GC(710) Concurrent Mark
[2024-02-23T11:55:41.038+0000][4616][gc,marking  ] GC(710) Concurrent Mark From Roots
[2024-02-23T11:55:41.038+0000][4616][gc,task     ] GC(710) Using 2 workers of 2 for marking
[2024-02-23T11:55:41.205+0000][4616][gc,marking  ] GC(710) Concurrent Mark From Roots 166.972ms
[2024-02-23T11:55:41.205+0000][4616][gc,marking  ] GC(710) Concurrent Preclean
[2024-02-23T11:55:41.205+0000][4616][gc,marking  ] GC(710) Concurrent Preclean 0.735ms
[2024-02-23T11:55:41.320+0000][4616][gc,start    ] GC(710) Pause Remark
[2024-02-23T11:55:41.354+0000][4616][gc          ] GC(710) Pause Remark 801M->793M(4040M) 34.712ms
[2024-02-23T11:55:41.354+0000][4616][gc,cpu      ] GC(710) User=0.16s Sys=0.00s Real=0.03s
[2024-02-23T11:55:41.355+0000][4616][safepoint   ] Safepoint "G1Concurrent", Time since last: 192953600 ns, Reaching safepoint: 114278000 ns, At safepoint: 35905300 ns, Total: 150183300 ns
[2024-02-23T11:55:41.356+0000][4616][gc,marking  ] GC(710) Concurrent Mark 318.195ms
[2024-02-23T11:55:41.356+0000][4616][gc,marking  ] GC(710) Concurrent Rebuild Remembered Sets
[2024-02-23T11:55:41.508+0000][4616][gc,marking  ] GC(710) Concurrent Rebuild Remembered Sets 151.637ms
[2024-02-23T11:55:41.701+0000][4616][gc,start    ] GC(710) Pause Cleanup
[2024-02-23T11:55:41.701+0000][4616][gc          ] GC(710) Pause Cleanup 810M->810M(4040M) 0.307ms
[2024-02-23T11:55:41.701+0000][4616][gc,cpu      ] GC(710) User=0.00s Sys=0.00s Real=0.00s
[2024-02-23T11:55:41.702+0000][4616][safepoint   ] Safepoint "G1Concurrent", Time since last: 152018200 ns, Reaching safepoint: 193169200 ns, At safepoint: 1103900 ns, Total: 194273100 ns
[2024-02-23T11:55:41.702+0000][4616][gc,marking  ] GC(710) Concurrent Cleanup for Next Mark
[2024-02-23T11:55:41.722+0000][4616][gc,marking  ] GC(710) Concurrent Cleanup for Next Mark 19.628ms
[2024-02-23T11:55:41.722+0000][4616][gc          ] GC(710) Concurrent Mark Cycle 709.726ms
[2024-02-23T11:56:14.833+0000][4616][gc,start    ] GC(711) Pause Young (Prepare Mixed) (G1 Evacuation Pause)
[2024-02-23T11:56:14.833+0000][4616][gc,task     ] GC(711) Using 8 workers of 8 for evacuation
[2024-02-23T11:56:14.833+0000][4616][gc,age      ] GC(711) Desired survivor size 159383552 bytes, new threshold 15 (max threshold 15)
[2024-02-23T11:56:14.886+0000][4616][gc,phases   ] GC(711)   Pre Evacuate Collection Set: 0.4ms
[2024-02-23T11:56:14.886+0000][4616][gc,phases   ] GC(711)   Merge Heap Roots: 0.7ms
[2024-02-23T11:56:14.886+0000][4616][gc,phases   ] GC(711)   Evacuate Collection Set: 48.3ms
[2024-02-23T11:56:14.886+0000][4616][gc,phases   ] GC(711)   Post Evacuate Collection Set: 2.7ms
[2024-02-23T11:56:14.886+0000][4616][gc,phases   ] GC(711)   Other: 0.5ms
[2024-02-23T11:56:14.886+0000][4616][gc,age      ] GC(711) Age table with threshold 15 (max threshold 15)
[2024-02-23T11:56:14.886+0000][4616][gc,age      ] GC(711) - age   1:   17554448 bytes,   17554448 total
[2024-02-23T11:56:14.886+0000][4616][gc,age      ] GC(711) - age   2:    6902144 bytes,   24456592 total
[2024-02-23T11:56:14.886+0000][4616][gc,age      ] GC(711) - age   3:    7093968 bytes,   31550560 total
[2024-02-23T11:56:14.886+0000][4616][gc,age      ] GC(711) - age   4:    2910088 bytes,   34460648 total
[2024-02-23T11:56:14.886+0000][4616][gc,age      ] GC(711) - age   5:        496 bytes,   34461144 total
[2024-02-23T11:56:14.886+0000][4616][gc,heap     ] GC(711) Eden regions: 584->0(40)
[2024-02-23T11:56:14.886+0000][4616][gc,heap     ] GC(711) Survivor regions: 22->10(76)
[2024-02-23T11:56:14.887+0000][4616][gc,heap     ] GC(711) Old regions: 162->162
[2024-02-23T11:56:14.887+0000][4616][gc,heap     ] GC(711) Archive regions: 0->0
[2024-02-23T11:56:14.887+0000][4616][gc,heap     ] GC(711) Humongous regions: 2->2
[2024-02-23T11:56:14.887+0000][4616][gc,metaspace] GC(711) Metaspace: 132164K(137152K)->132164K(137152K) NonClass: 115184K(117888K)->115184K(117888K) Class: 16980K(19264K)->16980K(19264K)
[2024-02-23T11:56:14.887+0000][4616][gc          ] GC(711) Pause Young (Prepare Mixed) (G1 Evacuation Pause) 3077M->694M(4040M) 53.800ms
[2024-02-23T11:56:14.887+0000][4616][gc,cpu      ] GC(711) User=0.50s Sys=0.00s Real=0.05s
[2024-02-23T11:56:14.888+0000][4616][safepoint   ] Safepoint "G1CollectForAllocation", Time since last: 32955347500 ns, Reaching safepoint: 176081100 ns, At safepoint: 54660800 ns, Total: 230741900 ns
[2024-02-23T11:56:15.675+0000][4616][gc,start    ] GC(712) Pause Young (Mixed) (G1 Evacuation Pause)
[2024-02-23T11:56:15.675+0000][4616][gc,task     ] GC(712) Using 8 workers of 8 for evacuation
[2024-02-23T11:56:15.675+0000][4616][gc,age      ] GC(712) Desired survivor size 14680064 bytes, new threshold 1 (max threshold 15)
[2024-02-23T11:56:15.978+0000][4616][gc,mmu      ] GC(712) MMU target violated: 201.0ms (200.0ms/201.0ms)
[2024-02-23T11:56:15.978+0000][4616][gc,phases   ] GC(712)   Pre Evacuate Collection Set: 0.3ms
[2024-02-23T11:56:15.978+0000][4616][gc,phases   ] GC(712)   Merge Heap Roots: 0.4ms
[2024-02-23T11:56:15.978+0000][4616][gc,phases   ] GC(712)   Evacuate Collection Set: 299.6ms
[2024-02-23T11:56:15.979+0000][4616][gc,phases   ] GC(712)   Post Evacuate Collection Set: 2.7ms
[2024-02-23T11:56:15.979+0000][4616][gc,phases   ] GC(712)   Other: 0.5ms
[2024-02-23T11:56:15.979+0000][4616][gc,age      ] GC(712) Age table with threshold 1 (max threshold 15)
[2024-02-23T11:56:15.979+0000][4616][gc,age      ] GC(712) - age   1:    2713728 bytes,    2713728 total
[2024-02-23T11:56:15.979+0000][4616][gc,heap     ] GC(712) Eden regions: 40->0(334)
[2024-02-23T11:56:15.979+0000][4616][gc,heap     ] GC(712) Survivor regions: 10->2(7)
[2024-02-23T11:56:15.979+0000][4616][gc,heap     ] GC(712) Old regions: 162->101
[2024-02-23T11:56:15.979+0000][4616][gc,heap     ] GC(712) Archive regions: 0->0
[2024-02-23T11:56:15.979+0000][4616][gc,heap     ] GC(712) Humongous regions: 2->2
[2024-02-23T11:56:15.979+0000][4616][gc,metaspace] GC(712) Metaspace: 132164K(137152K)->132164K(137152K) NonClass: 115184K(117888K)->115184K(117888K) Class: 16980K(19264K)->16980K(19264K)
[2024-02-23T11:56:15.979+0000][4616][gc          ] GC(712) Pause Young (Mixed) (G1 Evacuation Pause) 854M->417M(4040M) 304.617ms
[2024-02-23T11:56:15.979+0000][4616][gc,cpu      ] GC(712) User=0.33s Sys=0.28s Real=0.30s
[2024-02-23T11:56:16.006+0000][4616][safepoint   ] Safepoint "G1CollectForAllocation", Time since last: 687021100 ns, Reaching safepoint: 100044700 ns, At safepoint: 331108200 ns, Total: 431152900 ns
[2024-02-23T11:56:25.477+0000][4616][safepoint   ] Safepoint "Cleanup", Time since last: 9052922000 ns, Reaching safepoint: 416081100 ns, At safepoint: 1911200 ns, Total: 417992300 ns
[2024-02-23T11:56:27.129+0000][4616][safepoint   ] Safepoint "Cleanup", Time since last: 1011497500 ns, Reaching safepoint: 637472300 ns, At safepoint: 2813800 ns, Total: 640286100 ns
[2024-02-23T11:56:28.306+0000][4616][safepoint   ] Safepoint "Cleanup", Time since last: 1005591400 ns, Reaching safepoint: 159471300 ns, At safepoint: 14035200 ns, Total: 173506500 ns
[2024-02-23T11:56:29.481+0000][4616][safepoint   ] Safepoint "Cleanup", Time since last: 1000995500 ns, Reaching safepoint: 167038600 ns, At safepoint: 4751500 ns, Total: 171790100 ns
[2024-02-23T11:56:30.546+0000][4616][safepoint   ] Safepoint "Cleanup", Time since last: 1000506100 ns, Reaching safepoint: 62416400 ns, At safepoint: 1917800 ns, Total: 64334200 ns
[2024-02-23T11:56:31.659+0000][4616][safepoint   ] Safepoint "Cleanup", Time since last: 1000184200 ns, Reaching safepoint: 112694200 ns, At safepoint: 416100 ns, Total: 113110300 ns
[2024-02-23T11:56:32.719+0000][4616][safepoint   ] Safepoint "Cleanup", Time since last: 1000228700 ns, Reaching safepoint: 59282000 ns, At safepoint: 375700 ns, Total: 59657700 ns
[2024-02-23T11:56:40.124+0000][4616][gc,start    ] GC(713) Pause Young (Normal) (G1 Evacuation Pause)
[2024-02-23T11:56:40.124+0000][4616][gc,task     ] GC(713) Using 8 workers of 8 for evacuation
[2024-02-23T11:56:40.124+0000][4616][gc,age      ] GC(713) Desired survivor size 88080384 bytes, new threshold 15 (max threshold 15)
[2024-02-23T11:56:40.155+0000][4616][gc,phases   ] GC(713)   Pre Evacuate Collection Set: 0.4ms
[2024-02-23T11:56:40.155+0000][4616][gc,phases   ] GC(713)   Merge Heap Roots: 0.5ms
[2024-02-23T11:56:40.155+0000][4616][gc,phases   ] GC(713)   Evacuate Collection Set: 29.2ms
[2024-02-23T11:56:40.155+0000][4616][gc,phases   ] GC(713)   Post Evacuate Collection Set: 2.8ms
[2024-02-23T11:56:40.155+0000][4616][gc,phases   ] GC(713)   Other: 0.4ms
[2024-02-23T11:56:40.155+0000][4616][gc,age      ] GC(713) Age table with threshold 15 (max threshold 15)
[2024-02-23T11:56:40.155+0000][4616][gc,age      ] GC(713) - age   1:   32235560 bytes,   32235560 total
[2024-02-23T11:56:40.155+0000][4616][gc,age      ] GC(713) - age   2:     921984 bytes,   33157544 total
[2024-02-23T11:56:40.155+0000][4616][gc,heap     ] GC(713) Eden regions: 334->0(261)
[2024-02-23T11:56:40.155+0000][4616][gc,heap     ] GC(713) Survivor regions: 2->9(42)
[2024-02-23T11:56:40.155+0000][4616][gc,heap     ] GC(713) Old regions: 101->101
[2024-02-23T11:56:40.155+0000][4616][gc,heap     ] GC(713) Archive regions: 0->0
[2024-02-23T11:56:40.155+0000][4616][gc,heap     ] GC(713) Humongous regions: 2->2
[2024-02-23T11:56:40.155+0000][4616][gc,metaspace] GC(713) Metaspace: 132164K(137152K)->132164K(137152K) NonClass: 115184K(117888K)->115184K(117888K) Class: 16980K(19264K)->16980K(19264K)
[2024-02-23T11:56:40.155+0000][4616][gc          ] GC(713) Pause Young (Normal) (G1 Evacuation Pause) 1753M->441M(4040M) 34.242ms
[2024-02-23T11:56:40.155+0000][4616][gc,cpu      ] GC(713) User=0.23s Sys=0.00s Real=0.03s
[2024-02-23T11:56:40.155+0000][4616][safepoint   ] Safepoint "G1CollectForAllocation", Time since last: 7345039100 ns, Reaching safepoint: 59960000 ns, At safepoint: 34576600 ns, Total: 94536600 ns
[2024-02-23T11:56:51.470+0000][4616][gc,start    ] GC(714) Pause Young (Normal) (G1 Evacuation Pause)
[2024-02-23T11:56:51.470+0000][4616][gc,task     ] GC(714) Using 8 workers of 8 for evacuation
[2024-02-23T11:56:51.470+0000][4616][gc,age      ] GC(714) Desired survivor size 71303168 bytes, new threshold 15 (max threshold 15)
[2024-02-23T11:56:51.500+0000][4616][gc,phases   ] GC(714)   Pre Evacuate Collection Set: 0.4ms
[2024-02-23T11:56:51.500+0000][4616][gc,phases   ] GC(714)   Merge Heap Roots: 0.3ms
[2024-02-23T11:56:51.500+0000][4616][gc,phases   ] GC(714)   Evacuate Collection Set: 25.9ms
[2024-02-23T11:56:51.500+0000][4616][gc,phases   ] GC(714)   Post Evacuate Collection Set: 3.1ms
[2024-02-23T11:56:51.500+0000][4616][gc,phases   ] GC(714)   Other: 2.7ms
[2024-02-23T11:56:51.500+0000][4616][gc,age      ] GC(714) Age table with threshold 15 (max threshold 15)
[2024-02-23T11:56:51.500+0000][4616][gc,age      ] GC(714) - age   1:   20008712 bytes,   20008712 total
[2024-02-23T11:56:51.500+0000][4616][gc,age      ] GC(714) - age   2:   27764208 bytes,   47772920 total
[2024-02-23T11:56:51.500+0000][4616][gc,age      ] GC(714) - age   3:     921984 bytes,   48694904 total
[2024-02-23T11:56:51.500+0000][4616][gc,heap     ] GC(714) Eden regions: 261->0(257)
[2024-02-23T11:56:51.500+0000][4616][gc,heap     ] GC(714) Survivor regions: 9->13(34)
[2024-02-23T11:56:51.500+0000][4616][gc,heap     ] GC(714) Old regions: 101->101
[2024-02-23T11:56:51.500+0000][4616][gc,heap     ] GC(714) Archive regions: 0->0
[2024-02-23T11:56:51.500+0000][4616][gc,heap     ] GC(714) Humongous regions: 2->2
[2024-02-23T11:56:51.500+0000][4616][gc,metaspace] GC(714) Metaspace: 132164K(137152K)->132164K(137152K) NonClass: 115184K(117888K)->115184K(117888K) Class: 16980K(19264K)->16980K(19264K)
[2024-02-23T11:56:51.500+0000][4616][gc          ] GC(714) Pause Young (Normal) (G1 Evacuation Pause) 1485M->458M(4040M) 33.600ms
[2024-02-23T11:56:51.500+0000][4616][gc,cpu      ] GC(714) User=0.22s Sys=0.00s Real=0.03s
[2024-02-23T11:56:51.500+0000][4616][safepoint   ] Safepoint "G1CollectForAllocation", Time since last: 11276787100 ns, Reaching safepoint: 34648700 ns, At safepoint: 34245200 ns, Total: 68893900 ns
[2024-02-23T11:56:59.906+0000][4616][gc,start    ] GC(715) Pause Young (Normal) (G1 Evacuation Pause)
[2024-02-23T11:56:59.906+0000][4616][gc,task     ] GC(715) Using 8 workers of 8 for evacuation
[2024-02-23T11:56:59.906+0000][4616][gc,age      ] GC(715) Desired survivor size 71303168 bytes, new threshold 15 (max threshold 15)
[2024-02-23T11:56:59.929+0000][4616][gc,phases   ] GC(715)   Pre Evacuate Collection Set: 1.3ms
[2024-02-23T11:56:59.929+0000][4616][gc,phases   ] GC(715)   Merge Heap Roots: 0.2ms
[2024-02-23T11:56:59.929+0000][4616][gc,phases   ] GC(715)   Evacuate Collection Set: 17.8ms
[2024-02-23T11:56:59.929+0000][4616][gc,phases   ] GC(715)   Post Evacuate Collection Set: 1.8ms
[2024-02-23T11:56:59.929+0000][4616][gc,phases   ] GC(715)   Other: 2.0ms
[2024-02-23T11:56:59.929+0000][4616][gc,age      ] GC(715) Age table with threshold 15 (max threshold 15)
[2024-02-23T11:56:59.929+0000][4616][gc,age      ] GC(715) - age   1:   16333184 bytes,   16333184 total
[2024-02-23T11:56:59.929+0000][4616][gc,age      ] GC(715) - age   2:     568168 bytes,   16901352 total
[2024-02-23T11:56:59.929+0000][4616][gc,age      ] GC(715) - age   3:    6379472 bytes,   23280824 total
[2024-02-23T11:56:59.929+0000][4616][gc,age      ] GC(715) - age   4:     816328 bytes,   24097152 total
[2024-02-23T11:56:59.929+0000][4616][gc,heap     ] GC(715) Eden regions: 257->0(599)
[2024-02-23T11:56:59.929+0000][4616][gc,heap     ] GC(715) Survivor regions: 13->7(34)
[2024-02-23T11:56:59.929+0000][4616][gc,heap     ] GC(715) Old regions: 101->101
[2024-02-23T11:56:59.929+0000][4616][gc,heap     ] GC(715) Archive regions: 0->0
[2024-02-23T11:56:59.929+0000][4616][gc,heap     ] GC(715) Humongous regions: 2->2
[2024-02-23T11:56:59.929+0000][4616][gc,metaspace] GC(715) Metaspace: 132168K(137152K)->132168K(137152K) NonClass: 115187K(117888K)->115187K(117888K) Class: 16980K(19264K)->16980K(19264K)
[2024-02-23T11:56:59.929+0000][4616][gc          ] GC(715) Pause Young (Normal) (G1 Evacuation Pause) 1486M->437M(4040M) 23.982ms
[2024-02-23T11:56:59.929+0000][4616][gc,cpu      ] GC(715) User=0.12s Sys=0.00s Real=0.02s
[2024-02-23T11:56:59.929+0000][4616][safepoint   ] Safepoint "G1CollectForAllocation", Time since last: 8337546100 ns, Reaching safepoint: 64278300 ns, At safepoint: 24428400 ns, Total: 88706700 ns
[2024-02-23T11:57:15.014+0000][4616][safepoint   ] Safepoint "Cleanup", Time since last: 15083076000 ns, Reaching safepoint: 79000 ns, At safepoint: 11500 ns, Total: 90500 ns
[2024-02-23T11:57:16.687+0000][4616][gc,start    ] GC(716) Pause Young (Normal) (G1 Evacuation Pause)
[2024-02-23T11:57:16.687+0000][4616][gc,task     ] GC(716) Using 8 workers of 8 for evacuation
[2024-02-23T11:57:16.687+0000][4616][gc,age      ] GC(716) Desired survivor size 159383552 bytes, new threshold 15 (max threshold 15)
[2024-02-23T11:57:16.704+0000][4616][gc,phases   ] GC(716)   Pre Evacuate Collection Set: 0.4ms
[2024-02-23T11:57:16.704+0000][4616][gc,phases   ] GC(716)   Merge Heap Roots: 0.1ms
[2024-02-23T11:57:16.704+0000][4616][gc,phases   ] GC(716)   Evacuate Collection Set: 14.9ms
[2024-02-23T11:57:16.704+0000][4616][gc,phases   ] GC(716)   Post Evacuate Collection Set: 1.4ms
[2024-02-23T11:57:16.704+0000][4616][gc,phases   ] GC(716)   Other: 0.2ms
[2024-02-23T11:57:16.704+0000][4616][gc,age      ] GC(716) Age table with threshold 15 (max threshold 15)
[2024-02-23T11:57:16.704+0000][4616][gc,age      ] GC(716) - age   1:   25342488 bytes,   25342488 total
[2024-02-23T11:57:16.704+0000][4616][gc,age      ] GC(716) - age   2:    5037936 bytes,   30380424 total
[2024-02-23T11:57:16.704+0000][4616][gc,age      ] GC(716) - age   3:     467680 bytes,   30848104 total
[2024-02-23T11:57:16.704+0000][4616][gc,age      ] GC(716) - age   4:    2775488 bytes,   33623592 total
[2024-02-23T11:57:16.704+0000][4616][gc,age      ] GC(716) - age   5:     448696 bytes,   34072288 total
[2024-02-23T11:57:16.704+0000][4616][gc,heap     ] GC(716) Eden regions: 599->0(597)
[2024-02-23T11:57:16.704+0000][4616][gc,heap     ] GC(716) Survivor regions: 7->9(76)
[2024-02-23T11:57:16.704+0000][4616][gc,heap     ] GC(716) Old regions: 101->101
[2024-02-23T11:57:16.704+0000][4616][gc,heap     ] GC(716) Archive regions: 0->0
[2024-02-23T11:57:16.704+0000][4616][gc,heap     ] GC(716) Humongous regions: 2->2
[2024-02-23T11:57:16.704+0000][4616][gc,metaspace] GC(716) Metaspace: 132169K(137152K)->132169K(137152K) NonClass: 115188K(117888K)->115188K(117888K) Class: 16980K(19264K)->16980K(19264K)
[2024-02-23T11:57:16.704+0000][4616][gc          ] GC(716) Pause Young (Normal) (G1 Evacuation Pause) 2833M->444M(4040M) 17.501ms
[2024-02-23T11:57:16.704+0000][4616][gc,cpu      ] GC(716) User=0.11s Sys=0.00s Real=0.02s
[2024-02-23T11:57:16.704+0000][4616][safepoint   ] Safepoint "G1CollectForAllocation", Time since last: 1673868500 ns, Reaching safepoint: 61600 ns, At safepoint: 17803900 ns, Total: 17865500 ns
[2024-02-23T11:57:38.064+0000][4616][gc,start    ] GC(717) Pause Young (Concurrent Start) (G1 Evacuation Pause)
[2024-02-23T11:57:38.064+0000][4616][gc,task     ] GC(717) Using 8 workers of 8 for evacuation
[2024-02-23T11:57:38.064+0000][4616][gc,age      ] GC(717) Desired survivor size 159383552 bytes, new threshold 15 (max threshold 15)
[2024-02-23T11:57:38.081+0000][4616][gc,phases   ] GC(717)   Pre Evacuate Collection Set: 0.5ms
[2024-02-23T11:57:38.081+0000][4616][gc,phases   ] GC(717)   Merge Heap Roots: 0.2ms
[2024-02-23T11:57:38.081+0000][4616][gc,phases   ] GC(717)   Evacuate Collection Set: 14.1ms
[2024-02-23T11:57:38.082+0000][4616][gc,phases   ] GC(717)   Post Evacuate Collection Set: 2.2ms
[2024-02-23T11:57:38.082+0000][4616][gc,phases   ] GC(717)   Other: 0.2ms
[2024-02-23T11:57:38.082+0000][4616][gc,age      ] GC(717) Age table with threshold 15 (max threshold 15)
[2024-02-23T11:57:38.082+0000][4616][gc,age      ] GC(717) - age   1:   15470176 bytes,   15470176 total
[2024-02-23T11:57:38.082+0000][4616][gc,age      ] GC(717) - age   2:    2613168 bytes,   18083344 total
[2024-02-23T11:57:38.082+0000][4616][gc,age      ] GC(717) - age   3:    2721080 bytes,   20804424 total
[2024-02-23T11:57:38.082+0000][4616][gc,age      ] GC(717) - age   4:     452664 bytes,   21257088 total
[2024-02-23T11:57:38.082+0000][4616][gc,age      ] GC(717) - age   5:    2522408 bytes,   23779496 total
[2024-02-23T11:57:38.082+0000][4616][gc,age      ] GC(717) - age   6:     348424 bytes,   24127920 total
[2024-02-23T11:57:38.082+0000][4616][gc,heap     ] GC(717) Eden regions: 597->0(599)
[2024-02-23T11:57:38.082+0000][4616][gc,heap     ] GC(717) Survivor regions: 9->7(76)
[2024-02-23T11:57:38.082+0000][4616][gc,heap     ] GC(717) Old regions: 101->101
[2024-02-23T11:57:38.082+0000][4616][gc,heap     ] GC(717) Archive regions: 0->0
[2024-02-23T11:57:38.082+0000][4616][gc,heap     ] GC(717) Humongous regions: 2->2
[2024-02-23T11:57:38.082+0000][4616][gc,metaspace] GC(717) Metaspace: 132169K(137152K)->132169K(137152K) NonClass: 115188K(117888K)->115188K(117888K) Class: 16980K(19264K)->16980K(19264K)
[2024-02-23T11:57:38.082+0000][4616][gc          ] GC(717) Pause Young (Concurrent Start) (G1 Evacuation Pause) 2832M->435M(4040M) 18.048ms
[2024-02-23T11:57:38.082+0000][4616][gc          ] GC(718) Concurrent Mark Cycle
[2024-02-23T11:57:38.082+0000][4616][gc,cpu      ] GC(717) User=0.12s Sys=0.00s Real=0.02s
[2024-02-23T11:57:38.082+0000][4616][gc,marking  ] GC(718) Concurrent Clear Claimed Marks
[2024-02-23T11:57:38.082+0000][4616][safepoint   ] Safepoint "G1CollectForAllocation", Time since last: 21358302600 ns, Reaching safepoint: 84300 ns, At safepoint: 18567200 ns, Total: 18651500 ns
[2024-02-23T11:57:38.082+0000][4616][gc,marking  ] GC(718) Concurrent Clear Claimed Marks 0.300ms
[2024-02-23T11:57:38.083+0000][4616][gc,marking  ] GC(718) Concurrent Scan Root Regions
[2024-02-23T11:57:38.100+0000][4616][gc,marking  ] GC(718) Concurrent Scan Root Regions 17.627ms
[2024-02-23T11:57:38.100+0000][4616][gc,marking  ] GC(718) Concurrent Mark
[2024-02-23T11:57:38.100+0000][4616][gc,marking  ] GC(718) Concurrent Mark From Roots
[2024-02-23T11:57:38.100+0000][4616][gc,task     ] GC(718) Using 2 workers of 2 for marking
[2024-02-23T11:57:38.258+0000][4616][gc,marking  ] GC(718) Concurrent Mark From Roots 158.358ms
[2024-02-23T11:57:38.258+0000][4616][gc,marking  ] GC(718) Concurrent Preclean
[2024-02-23T11:57:38.259+0000][4616][gc,marking  ] GC(718) Concurrent Preclean 0.838ms
[2024-02-23T11:57:38.259+0000][4616][gc,start    ] GC(718) Pause Remark
[2024-02-23T11:57:38.270+0000][4616][gc          ] GC(718) Pause Remark 481M->477M(4040M) 10.686ms
[2024-02-23T11:57:38.270+0000][4616][gc,cpu      ] GC(718) User=0.00s Sys=0.00s Real=0.01s
[2024-02-23T11:57:38.270+0000][4616][safepoint   ] Safepoint "G1Concurrent", Time since last: 177147100 ns, Reaching safepoint: 42200 ns, At safepoint: 10992400 ns, Total: 11034600 ns
[2024-02-23T11:57:38.270+0000][4616][gc,marking  ] GC(718) Concurrent Mark 170.403ms
[2024-02-23T11:57:38.271+0000][4616][gc,marking  ] GC(718) Concurrent Rebuild Remembered Sets
[2024-02-23T11:57:38.393+0000][4616][gc,marking  ] GC(718) Concurrent Rebuild Remembered Sets 123.595ms
[2024-02-23T11:57:38.394+0000][4616][gc,start    ] GC(718) Pause Cleanup
[2024-02-23T11:57:38.395+0000][4616][gc          ] GC(718) Pause Cleanup 497M->497M(4040M) 1.560ms
[2024-02-23T11:57:38.395+0000][4616][gc,cpu      ] GC(718) User=0.00s Sys=0.00s Real=0.00s
[2024-02-23T11:57:38.395+0000][4616][safepoint   ] Safepoint "G1Concurrent", Time since last: 123748600 ns, Reaching safepoint: 101000 ns, At safepoint: 1706000 ns, Total: 1807000 ns
[2024-02-23T11:57:38.395+0000][4616][gc,marking  ] GC(718) Concurrent Cleanup for Next Mark
[2024-02-23T11:57:38.408+0000][4616][gc,marking  ] GC(718) Concurrent Cleanup for Next Mark 12.450ms
[2024-02-23T11:57:38.408+0000][4616][gc          ] GC(718) Concurrent Mark Cycle 326.662ms
[2024-02-23T11:57:47.105+0000][4616][gc,start    ] GC(719) Pause Young (Prepare Mixed) (G1 Evacuation Pause)
[2024-02-23T11:57:47.105+0000][4616][gc,task     ] GC(719) Using 8 workers of 8 for evacuation
[2024-02-23T11:57:47.105+0000][4616][gc,age      ] GC(719) Desired survivor size 159383552 bytes, new threshold 15 (max threshold 15)
[2024-02-23T11:57:47.109+0000][4616][gc,phases   ] GC(719)   Pre Evacuate Collection Set: 0.1ms
[2024-02-23T11:57:47.109+0000][4616][gc,phases   ] GC(719)   Merge Heap Roots: 0.1ms
[2024-02-23T11:57:47.109+0000][4616][gc,phases   ] GC(719)   Evacuate Collection Set: 13.3ms
[2024-02-23T11:57:47.109+0000][4616][gc,phases   ] GC(719)   Post Evacuate Collection Set: 1.4ms
[2024-02-23T11:57:47.109+0000][4616][gc,phases   ] GC(719)   Other: 0.2ms
[2024-02-23T11:57:47.109+0000][4616][gc,age      ] GC(719) Age table with threshold 15 (max threshold 15)
[2024-02-23T11:57:47.109+0000][4616][gc,age      ] GC(719) - age   1:   19125952 bytes,   19125952 total
[2024-02-23T11:57:47.109+0000][4616][gc,age      ] GC(719) - age   2:    5383352 bytes,   24509304 total
[2024-02-23T11:57:47.109+0000][4616][gc,age      ] GC(719) - age   3:    1197592 bytes,   25706896 total
[2024-02-23T11:57:47.109+0000][4616][gc,age      ] GC(719) - age   4:    2540696 bytes,   28247592 total
[2024-02-23T11:57:47.109+0000][4616][gc,age      ] GC(719) - age   5:     345904 bytes,   28593496 total
[2024-02-23T11:57:47.109+0000][4616][gc,age      ] GC(719) - age   6:    1095728 bytes,   29689224 total
[2024-02-23T11:57:47.109+0000][4616][gc,age      ] GC(719) - age   7:     301056 bytes,   29990280 total
[2024-02-23T11:57:47.109+0000][4616][gc,heap     ] GC(719) Eden regions: 599->0(42)
[2024-02-23T11:57:47.109+0000][4616][gc,heap     ] GC(719) Survivor regions: 7->8(76)
[2024-02-23T11:57:47.109+0000][4616][gc,heap     ] GC(719) Old regions: 100->100
[2024-02-23T11:57:47.109+0000][4616][gc,heap     ] GC(719) Archive regions: 0->0
[2024-02-23T11:57:47.109+0000][4616][gc,heap     ] GC(719) Humongous regions: 2->2
[2024-02-23T11:57:47.109+0000][4616][gc,metaspace] GC(719) Metaspace: 132172K(137152K)->132172K(137152K) NonClass: 115191K(117888K)->115191K(117888K) Class: 16980K(19264K)->16980K(19264K)
[2024-02-23T11:57:47.109+0000][4616][gc          ] GC(719) Pause Young (Prepare Mixed) (G1 Evacuation Pause) 2827M->436M(4040M) 15.652ms
[2024-02-23T11:57:47.109+0000][4616][gc,cpu      ] GC(719) User=0.00s Sys=0.00s Real=0.00s
[2024-02-23T11:57:47.109+0000][4616][safepoint   ] Safepoint "G1CollectForAllocation", Time since last: 8626093700 ns, Reaching safepoint: 82159200 ns, At safepoint: 15924300 ns, Total: 98083500 ns
[2024-02-23T11:57:47.971+0000][4616][gc,start    ] GC(720) Pause Young (Mixed) (G1 Evacuation Pause)
[2024-02-23T11:57:47.971+0000][4616][gc,task     ] GC(720) Using 8 workers of 8 for evacuation
[2024-02-23T11:57:47.971+0000][4616][gc,age      ] GC(720) Desired survivor size 14680064 bytes, new threshold 1 (max threshold 15)
[2024-02-23T11:57:48.030+0000][4616][gc,phases   ] GC(720)   Pre Evacuate Collection Set: 0.1ms
[2024-02-23T11:57:48.030+0000][4616][gc,phases   ] GC(720)   Merge Heap Roots: 0.1ms
[2024-02-23T11:57:48.030+0000][4616][gc,phases   ] GC(720)   Evacuate Collection Set: 64.7ms
[2024-02-23T11:57:48.030+0000][4616][gc,phases   ] GC(720)   Post Evacuate Collection Set: 0.7ms
[2024-02-23T11:57:48.030+0000][4616][gc,phases   ] GC(720)   Other: 1.9ms
[2024-02-23T11:57:48.030+0000][4616][gc,age      ] GC(720) Age table with threshold 1 (max threshold 15)
[2024-02-23T11:57:48.030+0000][4616][gc,age      ] GC(720) - age   1:    8032728 bytes,    8032728 total
[2024-02-23T11:57:48.030+0000][4616][gc,heap     ] GC(720) Eden regions: 42->0(603)
[2024-02-23T11:57:48.030+0000][4616][gc,heap     ] GC(720) Survivor regions: 8->3(7)
[2024-02-23T11:57:48.030+0000][4616][gc,heap     ] GC(720) Old regions: 100->92
[2024-02-23T11:57:48.030+0000][4616][gc,heap     ] GC(720) Archive regions: 0->0
[2024-02-23T11:57:48.030+0000][4616][gc,heap     ] GC(720) Humongous regions: 2->2
[2024-02-23T11:57:48.030+0000][4616][gc,metaspace] GC(720) Metaspace: 132172K(137152K)->132172K(137152K) NonClass: 115191K(117888K)->115191K(117888K) Class: 16980K(19264K)->16980K(19264K)
[2024-02-23T11:57:48.030+0000][4616][gc          ] GC(720) Pause Young (Mixed) (G1 Evacuation Pause) 604M->382M(4040M) 67.935ms
[2024-02-23T11:57:48.030+0000][4616][gc,cpu      ] GC(720) User=0.03s Sys=0.08s Real=0.06s
[2024-02-23T11:57:48.040+0000][4616][safepoint   ] Safepoint "G1CollectForAllocation", Time since last: 826904200 ns, Reaching safepoint: 23967200 ns, At safepoint: 69587400 ns, Total: 93554600 ns
[2024-02-23T11:58:06.134+0000][4616][safepoint   ] Safepoint "Cleanup", Time since last: 18093435500 ns, Reaching safepoint: 75300 ns, At safepoint: 14400 ns, Total: 89700 ns
[2024-02-23T11:58:15.156+0000][4616][gc,start    ] GC(721) Pause Young (Normal) (G1 Evacuation Pause)
[2024-02-23T11:58:15.156+0000][4616][gc,task     ] GC(721) Using 8 workers of 8 for evacuation
[2024-02-23T11:58:15.156+0000][4616][gc,age      ] GC(721) Desired survivor size 159383552 bytes, new threshold 15 (max threshold 15)
[2024-02-23T11:58:15.168+0000][4616][gc,phases   ] GC(721)   Pre Evacuate Collection Set: 0.2ms
[2024-02-23T11:58:15.169+0000][4616][gc,phases   ] GC(721)   Merge Heap Roots: 0.1ms
[2024-02-23T11:58:15.169+0000][4616][gc,phases   ] GC(721)   Evacuate Collection Set: 10.7ms
[2024-02-23T11:58:15.169+0000][4616][gc,phases   ] GC(721)   Post Evacuate Collection Set: 1.9ms
[2024-02-23T11:58:15.169+0000][4616][gc,phases   ] GC(721)   Other: 0.3ms
[2024-02-23T11:58:15.169+0000][4616][gc,age      ] GC(721) Age table with threshold 15 (max threshold 15)
[2024-02-23T11:58:15.169+0000][4616][gc,age      ] GC(721) - age   1:   25836632 bytes,   25836632 total
[2024-02-23T11:58:15.169+0000][4616][gc,age      ] GC(721) - age   2:     994432 bytes,   26831064 total
[2024-02-23T11:58:15.169+0000][4616][gc,heap     ] GC(721) Eden regions: 603->0(599)
[2024-02-23T11:58:15.169+0000][4616][gc,heap     ] GC(721) Survivor regions: 3->7(76)
[2024-02-23T11:58:15.169+0000][4616][gc,heap     ] GC(721) Old regions: 92->92
[2024-02-23T11:58:15.169+0000][4616][gc,heap     ] GC(721) Archive regions: 0->0
[2024-02-23T11:58:15.169+0000][4616][gc,heap     ] GC(721) Humongous regions: 2->2
[2024-02-23T11:58:15.169+0000][4616][gc,metaspace] GC(721) Metaspace: 132173K(137152K)->132173K(137152K) NonClass: 115192K(117888K)->115192K(117888K) Class: 16980K(19264K)->16980K(19264K)
[2024-02-23T11:58:15.169+0000][4616][gc          ] GC(721) Pause Young (Normal) (G1 Evacuation Pause) 2794M->399M(4040M) 13.629ms
[2024-02-23T11:58:15.169+0000][4616][gc,cpu      ] GC(721) User=0.09s Sys=0.00s Real=0.01s
[2024-02-23T11:58:15.172+0000][4616][safepoint   ] Safepoint "G1CollectForAllocation", Time since last: 9021605700 ns, Reaching safepoint: 72900 ns, At safepoint: 16013100 ns, Total: 16086000 ns
[2024-02-23T11:58:25.243+0000][4616][safepoint   ] Safepoint "Cleanup", Time since last: 10071016800 ns, Reaching safepoint: 49700 ns, At safepoint: 8800 ns, Total: 58500 ns
[2024-02-23T11:58:25.469+0000][4616][gc,start    ] GC(722) Pause Young (Normal) (G1 Evacuation Pause)
[2024-02-23T11:58:25.469+0000][4616][gc,task     ] GC(722) Using 8 workers of 8 for evacuation
[2024-02-23T11:58:25.469+0000][4616][gc,age      ] GC(722) Desired survivor size 159383552 bytes, new threshold 15 (max threshold 15)
[2024-02-23T11:58:25.470+0000][4616][gc,phases   ] GC(722)   Pre Evacuate Collection Set: 0.1ms
[2024-02-23T11:58:25.470+0000][4616][gc,phases   ] GC(722)   Merge Heap Roots: 0.1ms
[2024-02-23T11:58:25.470+0000][4616][gc,phases   ] GC(722)   Evacuate Collection Set: 9.8ms
[2024-02-23T11:58:25.470+0000][4616][gc,phases   ] GC(722)   Post Evacuate Collection Set: 1.4ms
[2024-02-23T11:58:25.470+0000][4616][gc,phases   ] GC(722)   Other: 0.2ms
[2024-02-23T11:58:25.470+0000][4616][gc,age      ] GC(722) Age table with threshold 15 (max threshold 15)
[2024-02-23T11:58:25.470+0000][4616][gc,age      ] GC(722) - age   1:   18832168 bytes,   18832168 total
[2024-02-23T11:58:25.470+0000][4616][gc,age      ] GC(722) - age   2:    5386016 bytes,   24218184 total
[2024-02-23T11:58:25.470+0000][4616][gc,age      ] GC(722) - age   3:     409072 bytes,   24627256 total
[2024-02-23T11:58:25.470+0000][4616][gc,heap     ] GC(722) Eden regions: 599->0(599)
[2024-02-23T11:58:25.470+0000][4616][gc,heap     ] GC(722) Survivor regions: 7->7(76)
[2024-02-23T11:58:25.470+0000][4616][gc,heap     ] GC(722) Old regions: 92->92
[2024-02-23T11:58:25.470+0000][4616][gc,heap     ] GC(722) Archive regions: 0->0
[2024-02-23T11:58:25.470+0000][4616][gc,heap     ] GC(722) Humongous regions: 2->2
[2024-02-23T11:58:25.470+0000][4616][gc,metaspace] GC(722) Metaspace: 132174K(137152K)->132174K(137152K) NonClass: 115193K(117888K)->115193K(117888K) Class: 16980K(19264K)->16980K(19264K)
[2024-02-23T11:58:25.470+0000][4616][gc          ] GC(722) Pause Young (Normal) (G1 Evacuation Pause) 2795M->398M(4040M) 12.012ms
[2024-02-23T11:58:25.470+0000][4616][gc,cpu      ] GC(722) User=0.00s Sys=0.00s Real=0.00s
[2024-02-23T11:58:25.470+0000][4616][safepoint   ] Safepoint "G1CollectForAllocation", Time since last: 226326000 ns, Reaching safepoint: 49700 ns, At safepoint: 12131500 ns, Total: 12181200 ns
[2024-02-23T11:58:41.610+0000][4616][gc,start    ] GC(723) Pause Young (Concurrent Start) (G1 Evacuation Pause)
[2024-02-23T11:58:41.610+0000][4616][gc,task     ] GC(723) Using 8 workers of 8 for evacuation
[2024-02-23T11:58:41.610+0000][4616][gc,age      ] GC(723) Desired survivor size 159383552 bytes, new threshold 15 (max threshold 15)
[2024-02-23T11:58:41.625+0000][4616][gc,phases   ] GC(723)   Pre Evacuate Collection Set: 0.4ms
[2024-02-23T11:58:41.625+0000][4616][gc,phases   ] GC(723)   Merge Heap Roots: 0.1ms
[2024-02-23T11:58:41.625+0000][4616][gc,phases   ] GC(723)   Evacuate Collection Set: 13.7ms
[2024-02-23T11:58:41.625+0000][4616][gc,phases   ] GC(723)   Post Evacuate Collection Set: 1.2ms
[2024-02-23T11:58:41.625+0000][4616][gc,phases   ] GC(723)   Other: 0.2ms
[2024-02-23T11:58:41.625+0000][4616][gc,age      ] GC(723) Age table with threshold 15 (max threshold 15)
[2024-02-23T11:58:41.625+0000][4616][gc,age      ] GC(723) - age   1:   22045248 bytes,   22045248 total
[2024-02-23T11:58:41.625+0000][4616][gc,age      ] GC(723) - age   2:    3624616 bytes,   25669864 total
[2024-02-23T11:58:41.625+0000][4616][gc,age      ] GC(723) - age   3:    2035096 bytes,   27704960 total
[2024-02-23T11:58:41.625+0000][4616][gc,age      ] GC(723) - age   4:     409072 bytes,   28114032 total
[2024-02-23T11:58:41.625+0000][4616][gc,heap     ] GC(723) Eden regions: 599->0(598)
[2024-02-23T11:58:41.625+0000][4616][gc,heap     ] GC(723) Survivor regions: 7->8(76)
[2024-02-23T11:58:41.625+0000][4616][gc,heap     ] GC(723) Old regions: 92->92
[2024-02-23T11:58:41.625+0000][4616][gc,heap     ] GC(723) Archive regions: 0->0
[2024-02-23T11:58:41.625+0000][4616][gc,heap     ] GC(723) Humongous regions: 2->2
[2024-02-23T11:58:41.625+0000][4616][gc,metaspace] GC(723) Metaspace: 132174K(137152K)->132174K(137152K) NonClass: 115193K(117888K)->115193K(117888K) Class: 16980K(19264K)->16980K(19264K)
[2024-02-23T11:58:41.625+0000][4616][gc          ] GC(723) Pause Young (Concurrent Start) (G1 Evacuation Pause) 2794M->401M(4040M) 16.077ms
[2024-02-23T11:58:41.625+0000][4616][gc          ] GC(724) Concurrent Mark Cycle
[2024-02-23T11:58:41.625+0000][4616][gc,cpu      ] GC(723) User=0.11s Sys=0.00s Real=0.02s
[2024-02-23T11:58:41.625+0000][4616][gc,marking  ] GC(724) Concurrent Clear Claimed Marks
[2024-02-23T11:58:41.625+0000][4616][safepoint   ] Safepoint "G1CollectForAllocation", Time since last: 16128346200 ns, Reaching safepoint: 44700 ns, At safepoint: 16361900 ns, Total: 16406600 ns
[2024-02-23T11:58:41.625+0000][4616][gc,marking  ] GC(724) Concurrent Clear Claimed Marks 0.247ms
[2024-02-23T11:58:41.625+0000][4616][gc,marking  ] GC(724) Concurrent Scan Root Regions
[2024-02-23T11:58:41.638+0000][4616][gc,marking  ] GC(724) Concurrent Scan Root Regions 12.134ms
[2024-02-23T11:58:41.638+0000][4616][gc,marking  ] GC(724) Concurrent Mark
[2024-02-23T11:58:41.638+0000][4616][gc,marking  ] GC(724) Concurrent Mark From Roots
[2024-02-23T11:58:41.638+0000][4616][gc,task     ] GC(724) Using 2 workers of 2 for marking
[2024-02-23T11:58:41.821+0000][4616][gc,marking  ] GC(724) Concurrent Mark From Roots 182.867ms
[2024-02-23T11:58:41.821+0000][4616][gc,marking  ] GC(724) Concurrent Preclean
[2024-02-23T11:58:41.823+0000][4616][gc,marking  ] GC(724) Concurrent Preclean 1.368ms
[2024-02-23T11:58:41.823+0000][4616][gc,start    ] GC(724) Pause Remark
[2024-02-23T11:58:41.835+0000][4616][gc          ] GC(724) Pause Remark 441M->441M(4040M) 12.603ms
[2024-02-23T11:58:41.835+0000][4616][gc,cpu      ] GC(724) User=0.00s Sys=0.00s Real=0.01s
[2024-02-23T11:58:41.836+0000][4616][safepoint   ] Safepoint "G1Concurrent", Time since last: 196758000 ns, Reaching safepoint: 66400 ns, At safepoint: 13586100 ns, Total: 13652500 ns
[2024-02-23T11:58:41.836+0000][4616][gc,marking  ] GC(724) Concurrent Mark 198.128ms
[2024-02-23T11:58:41.836+0000][4616][gc,marking  ] GC(724) Concurrent Rebuild Remembered Sets
[2024-02-23T11:58:41.942+0000][4616][gc,marking  ] GC(724) Concurrent Rebuild Remembered Sets 105.504ms
[2024-02-23T11:58:41.942+0000][4616][gc,start    ] GC(724) Pause Cleanup
[2024-02-23T11:58:41.942+0000][4616][gc          ] GC(724) Pause Cleanup 477M->477M(4040M) 0.485ms
[2024-02-23T11:58:41.942+0000][4616][gc,cpu      ] GC(724) User=0.00s Sys=0.00s Real=0.00s
[2024-02-23T11:58:41.942+0000][4616][safepoint   ] Safepoint "G1Concurrent", Time since last: 105671000 ns, Reaching safepoint: 56800 ns, At safepoint: 560800 ns, Total: 617600 ns
[2024-02-23T11:58:41.943+0000][4616][gc,marking  ] GC(724) Concurrent Cleanup for Next Mark
[2024-02-23T11:58:41.955+0000][4616][gc,marking  ] GC(724) Concurrent Cleanup for Next Mark 12.082ms
[2024-02-23T11:58:41.955+0000][4616][gc          ] GC(724) Concurrent Mark Cycle 329.227ms
[2024-02-23T11:58:45.947+0000][4616][safepoint   ] Safepoint "Cleanup", Time since last: 4004174300 ns, Reaching safepoint: 109600 ns, At safepoint: 481300 ns, Total: 590900 ns
[2024-02-23T11:58:50.665+0000][4616][gc,start    ] GC(725) Pause Young (Prepare Mixed) (G1 Evacuation Pause)
[2024-02-23T11:58:50.665+0000][4616][gc,task     ] GC(725) Using 8 workers of 8 for evacuation
[2024-02-23T11:58:50.665+0000][4616][gc,age      ] GC(725) Desired survivor size 159383552 bytes, new threshold 15 (max threshold 15)
[2024-02-23T11:58:50.684+0000][4616][gc,phases   ] GC(725)   Pre Evacuate Collection Set: 0.2ms
[2024-02-23T11:58:50.684+0000][4616][gc,phases   ] GC(725)   Merge Heap Roots: 0.1ms
[2024-02-23T11:58:50.684+0000][4616][gc,phases   ] GC(725)   Evacuate Collection Set: 16.9ms
[2024-02-23T11:58:50.684+0000][4616][gc,phases   ] GC(725)   Post Evacuate Collection Set: 1.6ms
[2024-02-23T11:58:50.684+0000][4616][gc,phases   ] GC(725)   Other: 0.2ms
[2024-02-23T11:58:50.684+0000][4616][gc,age      ] GC(725) Age table with threshold 15 (max threshold 15)
[2024-02-23T11:58:50.684+0000][4616][gc,age      ] GC(725) - age   1:   23272128 bytes,   23272128 total
[2024-02-23T11:58:50.684+0000][4616][gc,age      ] GC(725) - age   2:    4442168 bytes,   27714296 total
[2024-02-23T11:58:50.684+0000][4616][gc,age      ] GC(725) - age   3:    1444152 bytes,   29158448 total
[2024-02-23T11:58:50.684+0000][4616][gc,age      ] GC(725) - age   4:    1290568 bytes,   30449016 total
[2024-02-23T11:58:50.684+0000][4616][gc,age      ] GC(725) - age   5:     322344 bytes,   30771360 total
[2024-02-23T11:58:50.684+0000][4616][gc,heap     ] GC(725) Eden regions: 598->0(42)
[2024-02-23T11:58:50.684+0000][4616][gc,heap     ] GC(725) Survivor regions: 8->8(76)
[2024-02-23T11:58:50.684+0000][4616][gc,heap     ] GC(725) Old regions: 92->92
[2024-02-23T11:58:50.684+0000][4616][gc,heap     ] GC(725) Archive regions: 0->0
[2024-02-23T11:58:50.684+0000][4616][gc,heap     ] GC(725) Humongous regions: 2->2
[2024-02-23T11:58:50.684+0000][4616][gc,metaspace] GC(725) Metaspace: 132186K(137152K)->132186K(137152K) NonClass: 115205K(117888K)->115205K(117888K) Class: 16980K(19264K)->16980K(19264K)
[2024-02-23T11:58:50.684+0000][4616][gc          ] GC(725) Pause Young (Prepare Mixed) (G1 Evacuation Pause) 2793M->404M(4040M) 19.406ms
[2024-02-23T11:58:50.684+0000][4616][gc,cpu      ] GC(725) User=0.11s Sys=0.00s Real=0.02s
[2024-02-23T11:58:50.684+0000][4616][safepoint   ] Safepoint "G1CollectForAllocation", Time since last: 4717308600 ns, Reaching safepoint: 68700 ns, At safepoint: 19908300 ns, Total: 19977000 ns
[2024-02-23T11:58:51.357+0000][4616][gc,start    ] GC(726) Pause Young (Mixed) (G1 Evacuation Pause)
[2024-02-23T11:58:51.357+0000][4616][gc,task     ] GC(726) Using 8 workers of 8 for evacuation
[2024-02-23T11:58:51.357+0000][4616][gc,age      ] GC(726) Desired survivor size 14680064 bytes, new threshold 1 (max threshold 15)
[2024-02-23T11:58:51.420+0000][4616][gc,phases   ] GC(726)   Pre Evacuate Collection Set: 0.1ms
[2024-02-23T11:58:51.420+0000][4616][gc,phases   ] GC(726)   Merge Heap Roots: 0.1ms
[2024-02-23T11:58:51.420+0000][4616][gc,phases   ] GC(726)   Evacuate Collection Set: 68.9ms
[2024-02-23T11:58:51.420+0000][4616][gc,phases   ] GC(726)   Post Evacuate Collection Set: 0.6ms
[2024-02-23T11:58:51.420+0000][4616][gc,phases   ] GC(726)   Other: 0.1ms
[2024-02-23T11:58:51.420+0000][4616][gc,age      ] GC(726) Age table with threshold 1 (max threshold 15)
[2024-02-23T11:58:51.420+0000][4616][gc,age      ] GC(726) - age   1:   10166408 bytes,   10166408 total
[2024-02-23T11:58:51.420+0000][4616][gc,heap     ] GC(726) Eden regions: 42->0(603)
[2024-02-23T11:58:51.420+0000][4616][gc,heap     ] GC(726) Survivor regions: 8->3(7)
[2024-02-23T11:58:51.420+0000][4616][gc,heap     ] GC(726) Old regions: 92->89
[2024-02-23T11:58:51.420+0000][4616][gc,heap     ] GC(726) Archive regions: 0->0
[2024-02-23T11:58:51.420+0000][4616][gc,heap     ] GC(726) Humongous regions: 2->2
[2024-02-23T11:58:51.420+0000][4616][gc,metaspace] GC(726) Metaspace: 132186K(137152K)->132186K(137152K) NonClass: 115205K(117888K)->115205K(117888K) Class: 16980K(19264K)->16980K(19264K)
[2024-02-23T11:58:51.420+0000][4616][gc          ] GC(726) Pause Young (Mixed) (G1 Evacuation Pause) 572M->373M(4040M) 70.276ms
[2024-02-23T11:58:51.420+0000][4616][gc,cpu      ] GC(726) User=0.12s Sys=0.09s Real=0.06s
[2024-02-23T11:58:51.428+0000][4616][safepoint   ] Safepoint "G1CollectForAllocation", Time since last: 672144100 ns, Reaching safepoint: 54200 ns, At safepoint: 71042800 ns, Total: 71097000 ns
[2024-02-23T11:59:10.552+0000][4616][gc,start    ] GC(727) Pause Young (Normal) (G1 Evacuation Pause)
[2024-02-23T11:59:10.552+0000][4616][gc,task     ] GC(727) Using 8 workers of 8 for evacuation
[2024-02-23T11:59:10.552+0000][4616][gc,age      ] GC(727) Desired survivor size 159383552 bytes, new threshold 15 (max threshold 15)
[2024-02-23T11:59:10.565+0000][4616][gc,phases   ] GC(727)   Pre Evacuate Collection Set: 0.4ms
[2024-02-23T11:59:10.565+0000][4616][gc,phases   ] GC(727)   Merge Heap Roots: 0.1ms
[2024-02-23T11:59:10.565+0000][4616][gc,phases   ] GC(727)   Evacuate Collection Set: 9.7ms
[2024-02-23T11:59:10.565+0000][4616][gc,phases   ] GC(727)   Post Evacuate Collection Set: 1.6ms
[2024-02-23T11:59:10.565+0000][4616][gc,phases   ] GC(727)   Other: 0.5ms
[2024-02-23T11:59:10.565+0000][4616][gc,age      ] GC(727) Age table with threshold 15 (max threshold 15)
[2024-02-23T11:59:10.565+0000][4616][gc,age      ] GC(727) - age   1:   23128104 bytes,   23128104 total
[2024-02-23T11:59:10.565+0000][4616][gc,age      ] GC(727) - age   2:    1975408 bytes,   25103512 total
[2024-02-23T11:59:10.565+0000][4616][gc,heap     ] GC(727) Eden regions: 603->0(599)
[2024-02-23T11:59:10.565+0000][4616][gc,heap     ] GC(727) Survivor regions: 3->7(76)
[2024-02-23T11:59:10.565+0000][4616][gc,heap     ] GC(727) Old regions: 89->89
[2024-02-23T11:59:10.565+0000][4616][gc,heap     ] GC(727) Archive regions: 0->0
[2024-02-23T11:59:10.565+0000][4616][gc,heap     ] GC(727) Humongous regions: 2->2
[2024-02-23T11:59:10.565+0000][4616][gc,metaspace] GC(727) Metaspace: 132186K(137152K)->132186K(137152K) NonClass: 115205K(117888K)->115205K(117888K) Class: 16980K(19264K)->16980K(19264K)
[2024-02-23T11:59:10.565+0000][4616][gc          ] GC(727) Pause Young (Normal) (G1 Evacuation Pause) 2785M->387M(4040M) 12.912ms
[2024-02-23T11:59:10.565+0000][4616][gc,cpu      ] GC(727) User=0.09s Sys=0.00s Real=0.01s
[2024-02-23T11:59:10.565+0000][4616][safepoint   ] Safepoint "G1CollectForAllocation", Time since last: 19123831200 ns, Reaching safepoint: 81200 ns, At safepoint: 13090500 ns, Total: 13171700 ns
[2024-02-23T11:59:42.729+0000][4616][gc,start    ] GC(728) Pause Young (Normal) (G1 Evacuation Pause)
[2024-02-23T11:59:42.729+0000][4616][gc,task     ] GC(728) Using 8 workers of 8 for evacuation
[2024-02-23T11:59:42.729+0000][4616][gc,age      ] GC(728) Desired survivor size 159383552 bytes, new threshold 15 (max threshold 15)
[2024-02-23T11:59:42.775+0000][4616][gc,phases   ] GC(728)   Pre Evacuate Collection Set: 0.4ms
[2024-02-23T11:59:42.776+0000][4616][gc,phases   ] GC(728)   Merge Heap Roots: 0.5ms
[2024-02-23T11:59:42.776+0000][4616][gc,phases   ] GC(728)   Evacuate Collection Set: 36.9ms
[2024-02-23T11:59:42.776+0000][4616][gc,phases   ] GC(728)   Post Evacuate Collection Set: 3.2ms
[2024-02-23T11:59:42.776+0000][4616][gc,phases   ] GC(728)   Other: 0.5ms
[2024-02-23T11:59:42.776+0000][4616][gc,age      ] GC(728) Age table with threshold 15 (max threshold 15)
[2024-02-23T11:59:42.776+0000][4616][gc,age      ] GC(728) - age   1:   43315960 bytes,   43315960 total
[2024-02-23T11:59:42.776+0000][4616][gc,age      ] GC(728) - age   2:    6690000 bytes,   50005960 total
[2024-02-23T11:59:42.776+0000][4616][gc,age      ] GC(728) - age   3:    1715208 bytes,   51721168 total
[2024-02-23T11:59:42.776+0000][4616][gc,heap     ] GC(728) Eden regions: 599->0(593)
[2024-02-23T11:59:42.776+0000][4616][gc,heap     ] GC(728) Survivor regions: 7->13(76)
[2024-02-23T11:59:42.776+0000][4616][gc,heap     ] GC(728) Old regions: 89->89
[2024-02-23T11:59:42.776+0000][4616][gc,heap     ] GC(728) Archive regions: 0->0
[2024-02-23T11:59:42.776+0000][4616][gc,heap     ] GC(728) Humongous regions: 2->2
[2024-02-23T11:59:42.776+0000][4616][gc,metaspace] GC(728) Metaspace: 132186K(137152K)->132186K(137152K) NonClass: 115205K(117888K)->115205K(117888K) Class: 16980K(19264K)->16980K(19264K)
[2024-02-23T11:59:42.776+0000][4616][gc          ] GC(728) Pause Young (Normal) (G1 Evacuation Pause) 2783M->412M(4040M) 42.485ms
[2024-02-23T11:59:42.776+0000][4616][gc,cpu      ] GC(728) User=0.27s Sys=0.03s Real=0.05s
[2024-02-23T11:59:42.776+0000][4616][safepoint   ] Safepoint "G1CollectForAllocation", Time since last: 32168669800 ns, Reaching safepoint: 122500 ns, At safepoint: 42796300 ns, Total: 42918800 ns
[2024-02-23T12:00:18.699+0000][4616][gc,start    ] GC(729) Pause Young (Concurrent Start) (G1 Evacuation Pause)
[2024-02-23T12:00:18.699+0000][4616][gc,task     ] GC(729) Using 8 workers of 8 for evacuation
[2024-02-23T12:00:18.699+0000][4616][gc,age      ] GC(729) Desired survivor size 159383552 bytes, new threshold 15 (max threshold 15)
[2024-02-23T12:00:18.740+0000][4616][gc,phases   ] GC(729)   Pre Evacuate Collection Set: 0.9ms
[2024-02-23T12:00:18.740+0000][4616][gc,phases   ] GC(729)   Merge Heap Roots: 0.4ms
[2024-02-23T12:00:18.740+0000][4616][gc,phases   ] GC(729)   Evacuate Collection Set: 37.1ms
[2024-02-23T12:00:18.740+0000][4616][gc,phases   ] GC(729)   Post Evacuate Collection Set: 2.8ms
[2024-02-23T12:00:18.740+0000][4616][gc,phases   ] GC(729)   Other: 0.3ms
[2024-02-23T12:00:18.740+0000][4616][gc,age      ] GC(729) Age table with threshold 15 (max threshold 15)
[2024-02-23T12:00:18.740+0000][4616][gc,age      ] GC(729) - age   1:   39016936 bytes,   39016936 total
[2024-02-23T12:00:18.740+0000][4616][gc,age      ] GC(729) - age   2:   35251192 bytes,   74268128 total
[2024-02-23T12:00:18.740+0000][4616][gc,age      ] GC(729) - age   3:    6567584 bytes,   80835712 total
[2024-02-23T12:00:18.740+0000][4616][gc,age      ] GC(729) - age   4:    1715144 bytes,   82550856 total
[2024-02-23T12:00:18.740+0000][4616][gc,heap     ] GC(729) Eden regions: 593->0(585)
[2024-02-23T12:00:18.740+0000][4616][gc,heap     ] GC(729) Survivor regions: 13->21(76)
[2024-02-23T12:00:18.740+0000][4616][gc,heap     ] GC(729) Old regions: 89->89
[2024-02-23T12:00:18.740+0000][4616][gc,heap     ] GC(729) Archive regions: 0->0
[2024-02-23T12:00:18.740+0000][4616][gc,heap     ] GC(729) Humongous regions: 2->2
[2024-02-23T12:00:18.740+0000][4616][gc,metaspace] GC(729) Metaspace: 132186K(137152K)->132186K(137152K) NonClass: 115205K(117888K)->115205K(117888K) Class: 16980K(19264K)->16980K(19264K)
[2024-02-23T12:00:18.740+0000][4616][gc          ] GC(729) Pause Young (Concurrent Start) (G1 Evacuation Pause) 2784M->445M(4040M) 42.341ms
[2024-02-23T12:00:18.740+0000][4616][gc          ] GC(730) Concurrent Mark Cycle
[2024-02-23T12:00:18.740+0000][4616][gc,cpu      ] GC(729) User=0.25s Sys=0.00s Real=0.04s
[2024-02-23T12:00:18.740+0000][4616][gc,marking  ] GC(730) Concurrent Clear Claimed Marks
[2024-02-23T12:00:18.740+0000][4616][safepoint   ] Safepoint "G1CollectForAllocation", Time since last: 35922743500 ns, Reaching safepoint: 281800 ns, At safepoint: 42969200 ns, Total: 43251000 ns
[2024-02-23T12:00:18.740+0000][4616][gc,marking  ] GC(730) Concurrent Clear Claimed Marks 0.394ms
[2024-02-23T12:00:18.740+0000][4616][gc,marking  ] GC(730) Concurrent Scan Root Regions
[2024-02-23T12:00:18.764+0000][4616][gc,marking  ] GC(730) Concurrent Scan Root Regions 36.064ms
[2024-02-23T12:00:18.764+0000][4616][gc,marking  ] GC(730) Concurrent Mark
[2024-02-23T12:00:18.764+0000][4616][gc,marking  ] GC(730) Concurrent Mark From Roots
[2024-02-23T12:00:18.764+0000][4616][gc,task     ] GC(730) Using 2 workers of 2 for marking
[2024-02-23T12:00:19.011+0000][4616][gc,marking  ] GC(730) Concurrent Mark From Roots 232.297ms
[2024-02-23T12:00:19.011+0000][4616][gc,marking  ] GC(730) Concurrent Preclean
[2024-02-23T12:00:19.013+0000][4616][gc,marking  ] GC(730) Concurrent Preclean 1.668ms
[2024-02-23T12:00:19.014+0000][4616][gc,start    ] GC(730) Pause Remark
[2024-02-23T12:00:19.039+0000][4616][gc          ] GC(730) Pause Remark 497M->497M(4040M) 24.985ms
[2024-02-23T12:00:19.039+0000][4616][gc,cpu      ] GC(730) User=0.11s Sys=0.02s Real=0.03s
[2024-02-23T12:00:19.040+0000][4616][safepoint   ] Safepoint "G1Concurrent", Time since last: 270715200 ns, Reaching safepoint: 569400 ns, At safepoint: 26485700 ns, Total: 27055100 ns
[2024-02-23T12:00:19.040+0000][4616][gc,marking  ] GC(730) Concurrent Mark 261.491ms
[2024-02-23T12:00:19.040+0000][4616][gc,marking  ] GC(730) Concurrent Rebuild Remembered Sets
[2024-02-23T12:00:19.144+0000][4616][gc,marking  ] GC(730) Concurrent Rebuild Remembered Sets 104.121ms
[2024-02-23T12:00:19.144+0000][4616][gc,start    ] GC(730) Pause Cleanup
[2024-02-23T12:00:19.144+0000][4616][gc          ] GC(730) Pause Cleanup 505M->505M(4040M) 0.308ms
[2024-02-23T12:00:19.144+0000][4616][gc,cpu      ] GC(730) User=0.00s Sys=0.00s Real=0.00s
[2024-02-23T12:00:19.144+0000][4616][safepoint   ] Safepoint "G1Concurrent", Time since last: 104390900 ns, Reaching safepoint: 52100 ns, At safepoint: 413100 ns, Total: 465200 ns
[2024-02-23T12:00:19.144+0000][4616][gc,marking  ] GC(730) Concurrent Cleanup for Next Mark
[2024-02-23T12:00:19.157+0000][4616][gc,marking  ] GC(730) Concurrent Cleanup for Next Mark 13.025ms
[2024-02-23T12:00:19.157+0000][4616][gc          ] GC(730) Concurrent Mark Cycle 416.307ms
[2024-02-23T12:00:32.735+0000][4616][gc,start    ] GC(731) Pause Young (Prepare Mixed) (G1 Evacuation Pause)
[2024-02-23T12:00:32.735+0000][4616][gc,task     ] GC(731) Using 8 workers of 8 for evacuation
[2024-02-23T12:00:32.735+0000][4616][gc,age      ] GC(731) Desired survivor size 159383552 bytes, new threshold 15 (max threshold 15)
[2024-02-23T12:00:32.752+0000][4616][gc,phases   ] GC(731)   Pre Evacuate Collection Set: 0.2ms
[2024-02-23T12:00:32.752+0000][4616][gc,phases   ] GC(731)   Merge Heap Roots: 0.1ms
[2024-02-23T12:00:32.752+0000][4616][gc,phases   ] GC(731)   Evacuate Collection Set: 15.3ms
[2024-02-23T12:00:32.752+0000][4616][gc,phases   ] GC(731)   Post Evacuate Collection Set: 1.6ms
[2024-02-23T12:00:32.753+0000][4616][gc,phases   ] GC(731)   Other: 0.8ms
[2024-02-23T12:00:32.753+0000][4616][gc,age      ] GC(731) Age table with threshold 15 (max threshold 15)
[2024-02-23T12:00:32.753+0000][4616][gc,age      ] GC(731) - age   1:   26781200 bytes,   26781200 total
[2024-02-23T12:00:32.753+0000][4616][gc,age      ] GC(731) - age   2:     815992 bytes,   27597192 total
[2024-02-23T12:00:32.753+0000][4616][gc,age      ] GC(731) - age   3:    5979888 bytes,   33577080 total
[2024-02-23T12:00:32.753+0000][4616][gc,age      ] GC(731) - age   4:    3599440 bytes,   37176520 total
[2024-02-23T12:00:32.753+0000][4616][gc,age      ] GC(731) - age   5:    1173232 bytes,   38349752 total
[2024-02-23T12:00:32.753+0000][4616][gc,heap     ] GC(731) Eden regions: 585->0(40)
[2024-02-23T12:00:32.753+0000][4616][gc,heap     ] GC(731) Survivor regions: 21->10(76)
[2024-02-23T12:00:32.753+0000][4616][gc,heap     ] GC(731) Old regions: 89->89
[2024-02-23T12:00:32.753+0000][4616][gc,heap     ] GC(731) Archive regions: 0->0
[2024-02-23T12:00:32.753+0000][4616][gc,heap     ] GC(731) Humongous regions: 2->2
[2024-02-23T12:00:32.753+0000][4616][gc,metaspace] GC(731) Metaspace: 132186K(137152K)->132186K(137152K) NonClass: 115205K(117888K)->115205K(117888K) Class: 16980K(19264K)->16980K(19264K)
[2024-02-23T12:00:32.753+0000][4616][gc          ] GC(731) Pause Young (Prepare Mixed) (G1 Evacuation Pause) 2785M->401M(4040M) 18.521ms
[2024-02-23T12:00:32.753+0000][4616][gc,cpu      ] GC(731) User=0.09s Sys=0.00s Real=0.02s
[2024-02-23T12:00:32.753+0000][4616][safepoint   ] Safepoint "G1CollectForAllocation", Time since last: 13588813500 ns, Reaching safepoint: 125100 ns, At safepoint: 18962300 ns, Total: 19087400 ns
[2024-02-23T12:00:33.098+0000][4616][gc,start    ] GC(732) Pause Young (Mixed) (G1 Evacuation Pause)
[2024-02-23T12:00:33.098+0000][4616][gc,task     ] GC(732) Using 8 workers of 8 for evacuation
[2024-02-23T12:00:33.098+0000][4616][gc,age      ] GC(732) Desired survivor size 14680064 bytes, new threshold 1 (max threshold 15)
[2024-02-23T12:00:33.220+0000][4616][gc,phases   ] GC(732)   Pre Evacuate Collection Set: 0.1ms
[2024-02-23T12:00:33.220+0000][4616][gc,phases   ] GC(732)   Merge Heap Roots: 0.1ms
[2024-02-23T12:00:33.220+0000][4616][gc,phases   ] GC(732)   Evacuate Collection Set: 120.7ms
[2024-02-23T12:00:33.220+0000][4616][gc,phases   ] GC(732)   Post Evacuate Collection Set: 1.1ms
[2024-02-23T12:00:33.220+0000][4616][gc,phases   ] GC(732)   Other: 0.1ms
[2024-02-23T12:00:33.220+0000][4616][gc,age      ] GC(732) Age table with threshold 1 (max threshold 15)
[2024-02-23T12:00:33.221+0000][4616][gc,age      ] GC(732) - age   1:    6092264 bytes,    6092264 total
[2024-02-23T12:00:33.221+0000][4616][gc,heap     ] GC(732) Eden regions: 40->0(603)
[2024-02-23T12:00:33.221+0000][4616][gc,heap     ] GC(732) Survivor regions: 10->3(7)
[2024-02-23T12:00:33.221+0000][4616][gc,heap     ] GC(732) Old regions: 89->88
[2024-02-23T12:00:33.221+0000][4616][gc,heap     ] GC(732) Archive regions: 0->0
[2024-02-23T12:00:33.221+0000][4616][gc,heap     ] GC(732) Humongous regions: 2->2
[2024-02-23T12:00:33.221+0000][4616][gc,metaspace] GC(732) Metaspace: 132186K(137152K)->132186K(137152K) NonClass: 115205K(117888K)->115205K(117888K) Class: 16980K(19264K)->16980K(19264K)
[2024-02-23T12:00:33.221+0000][4616][gc          ] GC(732) Pause Young (Mixed) (G1 Evacuation Pause) 561M->365M(4040M) 122.724ms
[2024-02-23T12:00:33.221+0000][4616][gc,cpu      ] GC(732) User=0.00s Sys=0.06s Real=0.12s
[2024-02-23T12:00:33.221+0000][4616][safepoint   ] Safepoint "G1CollectForAllocation", Time since last: 345219300 ns, Reaching safepoint: 48000 ns, At safepoint: 123072400 ns, Total: 123120400 ns
[2024-02-23T12:00:40.791+0000][4616][gc,start    ] GC(733) Pause Young (Normal) (G1 Evacuation Pause)
[2024-02-23T12:00:40.791+0000][4616][gc,task     ] GC(733) Using 8 workers of 8 for evacuation
[2024-02-23T12:00:40.791+0000][4616][gc,age      ] GC(733) Desired survivor size 159383552 bytes, new threshold 15 (max threshold 15)
[2024-02-23T12:00:40.807+0000][4616][gc,phases   ] GC(733)   Pre Evacuate Collection Set: 0.2ms
[2024-02-23T12:00:40.807+0000][4616][gc,phases   ] GC(733)   Merge Heap Roots: 0.1ms
[2024-02-23T12:00:40.807+0000][4616][gc,phases   ] GC(733)   Evacuate Collection Set: 14.1ms
[2024-02-23T12:00:40.807+0000][4616][gc,phases   ] GC(733)   Post Evacuate Collection Set: 1.5ms
[2024-02-23T12:00:40.807+0000][4616][gc,phases   ] GC(733)   Other: 0.2ms
[2024-02-23T12:00:40.807+0000][4616][gc,age      ] GC(733) Age table with threshold 15 (max threshold 15)
[2024-02-23T12:00:40.807+0000][4616][gc,age      ] GC(733) - age   1:   22863440 bytes,   22863440 total
[2024-02-23T12:00:40.807+0000][4616][gc,age      ] GC(733) - age   2:    1654592 bytes,   24518032 total
[2024-02-23T12:00:40.807+0000][4616][gc,heap     ] GC(733) Eden regions: 603->0(599)
[2024-02-23T12:00:40.807+0000][4616][gc,heap     ] GC(733) Survivor regions: 3->7(76)
[2024-02-23T12:00:40.807+0000][4616][gc,heap     ] GC(733) Old regions: 88->88
[2024-02-23T12:00:40.807+0000][4616][gc,heap     ] GC(733) Archive regions: 0->0
[2024-02-23T12:00:40.807+0000][4616][gc,heap     ] GC(733) Humongous regions: 2->2
[2024-02-23T12:00:40.807+0000][4616][gc,metaspace] GC(733) Metaspace: 132186K(137152K)->132186K(137152K) NonClass: 115205K(117888K)->115205K(117888K) Class: 16980K(19264K)->16980K(19264K)
[2024-02-23T12:00:40.807+0000][4616][gc          ] GC(733) Pause Young (Normal) (G1 Evacuation Pause) 2777M->382M(4040M) 16.598ms
[2024-02-23T12:00:40.807+0000][4616][gc,cpu      ] GC(733) User=0.08s Sys=0.00s Real=0.02s
[2024-02-23T12:00:40.808+0000][4616][safepoint   ] Safepoint "G1CollectForAllocation", Time since last: 7569550900 ns, Reaching safepoint: 62900 ns, At safepoint: 17020800 ns, Total: 17083700 ns
[2024-02-23T12:01:26.376+0000][4616][gc,start    ] GC(734) Pause Young (Normal) (G1 Evacuation Pause)
[2024-02-23T12:01:26.376+0000][4616][gc,task     ] GC(734) Using 8 workers of 8 for evacuation
[2024-02-23T12:01:26.376+0000][4616][gc,age      ] GC(734) Desired survivor size 159383552 bytes, new threshold 15 (max threshold 15)
[2024-02-23T12:01:26.398+0000][4616][gc,phases   ] GC(734)   Pre Evacuate Collection Set: 0.1ms
[2024-02-23T12:01:26.398+0000][4616][gc,phases   ] GC(734)   Merge Heap Roots: 0.2ms
[2024-02-23T12:01:26.398+0000][4616][gc,phases   ] GC(734)   Evacuate Collection Set: 20.4ms
[2024-02-23T12:01:26.398+0000][4616][gc,phases   ] GC(734)   Post Evacuate Collection Set: 1.6ms
[2024-02-23T12:01:26.398+0000][4616][gc,phases   ] GC(734)   Other: 0.3ms
[2024-02-23T12:01:26.398+0000][4616][gc,age      ] GC(734) Age table with threshold 15 (max threshold 15)
[2024-02-23T12:01:26.398+0000][4616][gc,age      ] GC(734) - age   1:   59054992 bytes,   59054992 total
[2024-02-23T12:01:26.398+0000][4616][gc,age      ] GC(734) - age   2:   10051136 bytes,   69106128 total
[2024-02-23T12:01:26.398+0000][4616][gc,age      ] GC(734) - age   3:    1537224 bytes,   70643352 total
[2024-02-23T12:01:26.398+0000][4616][gc,heap     ] GC(734) Eden regions: 599->0(588)
[2024-02-23T12:01:26.398+0000][4616][gc,heap     ] GC(734) Survivor regions: 7->18(76)
[2024-02-23T12:01:26.398+0000][4616][gc,heap     ] GC(734) Old regions: 88->88
[2024-02-23T12:01:26.398+0000][4616][gc,heap     ] GC(734) Archive regions: 0->0
[2024-02-23T12:01:26.398+0000][4616][gc,heap     ] GC(734) Humongous regions: 2->2
[2024-02-23T12:01:26.398+0000][4616][gc,metaspace] GC(734) Metaspace: 132187K(137152K)->132187K(137152K) NonClass: 115206K(117888K)->115206K(117888K) Class: 16980K(19264K)->16980K(19264K)
[2024-02-23T12:01:26.398+0000][4616][gc          ] GC(734) Pause Young (Normal) (G1 Evacuation Pause) 2778M->427M(4040M) 23.038ms
[2024-02-23T12:01:26.398+0000][4616][gc,cpu      ] GC(734) User=0.17s Sys=0.02s Real=0.02s
[2024-02-23T12:01:26.398+0000][4616][safepoint   ] Safepoint "G1CollectForAllocation", Time since last: 45567415900 ns, Reaching safepoint: 101300 ns, At safepoint: 23212300 ns, Total: 23313600 ns
[2024-02-23T12:01:42.495+0000][4616][safepoint   ] Safepoint "Cleanup", Time since last: 16096363800 ns, Reaching safepoint: 195500 ns, At safepoint: 26000 ns, Total: 221500 ns
[2024-02-23T12:01:59.628+0000][4616][safepoint   ] Safepoint "Cleanup", Time since last: 17132208000 ns, Reaching safepoint: 244700 ns, At safepoint: 40200 ns, Total: 284900 ns
[2024-02-23T12:02:01.622+0000][4616][gc,start    ] GC(735) Pause Young (Concurrent Start) (G1 Evacuation Pause)
[2024-02-23T12:02:01.622+0000][4616][gc,task     ] GC(735) Using 8 workers of 8 for evacuation
[2024-02-23T12:02:01.622+0000][4616][gc,age      ] GC(735) Desired survivor size 159383552 bytes, new threshold 15 (max threshold 15)
[2024-02-23T12:02:01.655+0000][4616][gc,phases   ] GC(735)   Pre Evacuate Collection Set: 0.5ms
[2024-02-23T12:02:01.655+0000][4616][gc,phases   ] GC(735)   Merge Heap Roots: 0.2ms
[2024-02-23T12:02:01.655+0000][4616][gc,phases   ] GC(735)   Evacuate Collection Set: 28.2ms
[2024-02-23T12:02:01.655+0000][4616][gc,phases   ] GC(735)   Post Evacuate Collection Set: 1.7ms
[2024-02-23T12:02:01.655+0000][4616][gc,phases   ] GC(735)   Other: 2.6ms
[2024-02-23T12:02:01.655+0000][4616][gc,age      ] GC(735) Age table with threshold 15 (max threshold 15)
[2024-02-23T12:02:01.655+0000][4616][gc,age      ] GC(735) - age   1:   39788088 bytes,   39788088 total
[2024-02-23T12:02:01.655+0000][4616][gc,age      ] GC(735) - age   2:   40152400 bytes,   79940488 total
[2024-02-23T12:02:01.655+0000][4616][gc,age      ] GC(735) - age   3:    9633000 bytes,   89573488 total
[2024-02-23T12:02:01.655+0000][4616][gc,age      ] GC(735) - age   4:    1537224 bytes,   91110712 total
[2024-02-23T12:02:01.655+0000][4616][gc,heap     ] GC(735) Eden regions: 588->0(583)
[2024-02-23T12:02:01.655+0000][4616][gc,heap     ] GC(735) Survivor regions: 18->23(76)
[2024-02-23T12:02:01.655+0000][4616][gc,heap     ] GC(735) Old regions: 88->88
[2024-02-23T12:02:01.655+0000][4616][gc,heap     ] GC(735) Archive regions: 0->0
[2024-02-23T12:02:01.655+0000][4616][gc,heap     ] GC(735) Humongous regions: 2->2
[2024-02-23T12:02:01.655+0000][4616][gc,metaspace] GC(735) Metaspace: 132189K(137152K)->132189K(137152K) NonClass: 115208K(117888K)->115208K(117888K) Class: 16980K(19264K)->16980K(19264K)
[2024-02-23T12:02:01.655+0000][4616][gc          ] GC(735) Pause Young (Concurrent Start) (G1 Evacuation Pause) 2779M->448M(4040M) 33.831ms
[2024-02-23T12:02:01.655+0000][4616][gc          ] GC(736) Concurrent Mark Cycle
[2024-02-23T12:02:01.655+0000][4616][gc,cpu      ] GC(735) User=0.16s Sys=0.09s Real=0.03s
[2024-02-23T12:02:01.655+0000][4616][gc,marking  ] GC(736) Concurrent Clear Claimed Marks
[2024-02-23T12:02:01.655+0000][4616][safepoint   ] Safepoint "G1CollectForAllocation", Time since last: 1993386200 ns, Reaching safepoint: 109300 ns, At safepoint: 34029300 ns, Total: 34138600 ns
[2024-02-23T12:02:01.655+0000][4616][gc,marking  ] GC(736) Concurrent Clear Claimed Marks 0.218ms
[2024-02-23T12:02:01.655+0000][4616][gc,marking  ] GC(736) Concurrent Scan Root Regions
[2024-02-23T12:02:01.671+0000][4616][gc,marking  ] GC(736) Concurrent Scan Root Regions 15.152ms
[2024-02-23T12:02:01.671+0000][4616][gc,marking  ] GC(736) Concurrent Mark
[2024-02-23T12:02:01.671+0000][4616][gc,marking  ] GC(736) Concurrent Mark From Roots
[2024-02-23T12:02:01.671+0000][4616][gc,task     ] GC(736) Using 2 workers of 2 for marking
[2024-02-23T12:02:01.862+0000][4616][gc,marking  ] GC(736) Concurrent Mark From Roots 191.042ms
[2024-02-23T12:02:01.862+0000][4616][gc,marking  ] GC(736) Concurrent Preclean
[2024-02-23T12:02:01.863+0000][4616][gc,marking  ] GC(736) Concurrent Preclean 0.760ms
[2024-02-23T12:02:01.863+0000][4616][gc,start    ] GC(736) Pause Remark
[2024-02-23T12:02:01.880+0000][4616][gc          ] GC(736) Pause Remark 461M->461M(4040M) 16.775ms
[2024-02-23T12:02:01.880+0000][4616][gc,cpu      ] GC(736) User=0.02s Sys=0.00s Real=0.02s
[2024-02-23T12:02:01.880+0000][4616][safepoint   ] Safepoint "G1Concurrent", Time since last: 207314900 ns, Reaching safepoint: 94200 ns, At safepoint: 16907600 ns, Total: 17001800 ns
[2024-02-23T12:02:01.880+0000][4616][gc,marking  ] GC(736) Concurrent Mark 208.959ms
[2024-02-23T12:02:01.880+0000][4616][gc,marking  ] GC(736) Concurrent Rebuild Remembered Sets
[2024-02-23T12:02:01.983+0000][4616][gc,marking  ] GC(736) Concurrent Rebuild Remembered Sets 108.654ms
[2024-02-23T12:02:01.983+0000][4616][gc,start    ] GC(736) Pause Cleanup
[2024-02-23T12:02:01.983+0000][4616][gc          ] GC(736) Pause Cleanup 461M->461M(4040M) 0.650ms
[2024-02-23T12:02:01.983+0000][4616][gc,cpu      ] GC(736) User=0.00s Sys=0.00s Real=0.00s
[2024-02-23T12:02:01.983+0000][4616][safepoint   ] Safepoint "G1Concurrent", Time since last: 108809400 ns, Reaching safepoint: 125000 ns, At safepoint: 747700 ns, Total: 872700 ns
[2024-02-23T12:02:01.983+0000][4616][gc,marking  ] GC(736) Concurrent Cleanup for Next Mark
[2024-02-23T12:02:01.997+0000][4616][gc,marking  ] GC(736) Concurrent Cleanup for Next Mark 8.590ms
[2024-02-23T12:02:01.997+0000][4616][gc          ] GC(736) Concurrent Mark Cycle 342.809ms
[2024-02-23T12:02:15.208+0000][4616][gc,start    ] GC(737) Pause Young (Prepare Mixed) (G1 Evacuation Pause)
[2024-02-23T12:02:15.208+0000][4616][gc,task     ] GC(737) Using 8 workers of 8 for evacuation
[2024-02-23T12:02:15.208+0000][4616][gc,age      ] GC(737) Desired survivor size 159383552 bytes, new threshold 15 (max threshold 15)
[2024-02-23T12:02:15.226+0000][4616][gc,phases   ] GC(737)   Pre Evacuate Collection Set: 0.2ms
[2024-02-23T12:02:15.226+0000][4616][gc,phases   ] GC(737)   Merge Heap Roots: 0.2ms
[2024-02-23T12:02:15.226+0000][4616][gc,phases   ] GC(737)   Evacuate Collection Set: 15.6ms
[2024-02-23T12:02:15.226+0000][4616][gc,phases   ] GC(737)   Post Evacuate Collection Set: 2.1ms
[2024-02-23T12:02:15.226+0000][4616][gc,phases   ] GC(737)   Other: 0.2ms
[2024-02-23T12:02:15.226+0000][4616][gc,age      ] GC(737) Age table with threshold 15 (max threshold 15)
[2024-02-23T12:02:15.226+0000][4616][gc,age      ] GC(737) - age   1:   17682280 bytes,   17682280 total
[2024-02-23T12:02:15.226+0000][4616][gc,age      ] GC(737) - age   2:     662360 bytes,   18344640 total
[2024-02-23T12:02:15.226+0000][4616][gc,age      ] GC(737) - age   3:    2195512 bytes,   20540152 total
[2024-02-23T12:02:15.226+0000][4616][gc,age      ] GC(737) - age   4:    4163304 bytes,   24703456 total
[2024-02-23T12:02:15.226+0000][4616][gc,age      ] GC(737) - age   5:     958896 bytes,   25662352 total
[2024-02-23T12:02:15.226+0000][4616][gc,heap     ] GC(737) Eden regions: 583->0(42)
[2024-02-23T12:02:15.227+0000][4616][gc,heap     ] GC(737) Survivor regions: 23->8(76)
[2024-02-23T12:02:15.227+0000][4616][gc,heap     ] GC(737) Old regions: 88->88
[2024-02-23T12:02:15.227+0000][4616][gc,heap     ] GC(737) Archive regions: 0->0
[2024-02-23T12:02:15.227+0000][4616][gc,heap     ] GC(737) Humongous regions: 2->2
[2024-02-23T12:02:15.227+0000][4616][gc,metaspace] GC(737) Metaspace: 132189K(137152K)->132189K(137152K) NonClass: 115208K(117888K)->115208K(117888K) Class: 16980K(19264K)->16980K(19264K)
[2024-02-23T12:02:15.227+0000][4616][gc          ] GC(737) Pause Young (Prepare Mixed) (G1 Evacuation Pause) 2780M->388M(4040M) 18.743ms
[2024-02-23T12:02:15.227+0000][4616][gc,cpu      ] GC(737) User=0.12s Sys=0.00s Real=0.02s
[2024-02-23T12:02:15.227+0000][4616][safepoint   ] Safepoint "G1CollectForAllocation", Time since last: 13212110100 ns, Reaching safepoint: 6000900 ns, At safepoint: 19121100 ns, Total: 25122000 ns
[2024-02-23T12:02:15.793+0000][4616][gc,start    ] GC(738) Pause Young (Mixed) (G1 Evacuation Pause)
[2024-02-23T12:02:15.793+0000][4616][gc,task     ] GC(738) Using 8 workers of 8 for evacuation
[2024-02-23T12:02:15.793+0000][4616][gc,age      ] GC(738) Desired survivor size 14680064 bytes, new threshold 1 (max threshold 15)
[2024-02-23T12:02:15.845+0000][4616][gc,phases   ] GC(738)   Pre Evacuate Collection Set: 0.1ms
[2024-02-23T12:02:15.845+0000][4616][gc,phases   ] GC(738)   Merge Heap Roots: 0.1ms
[2024-02-23T12:02:15.845+0000][4616][gc,phases   ] GC(738)   Evacuate Collection Set: 50.6ms
[2024-02-23T12:02:15.845+0000][4616][gc,phases   ] GC(738)   Post Evacuate Collection Set: 0.7ms
[2024-02-23T12:02:15.845+0000][4616][gc,phases   ] GC(738)   Other: 0.2ms
[2024-02-23T12:02:15.845+0000][4616][gc,age      ] GC(738) Age table with threshold 1 (max threshold 15)
[2024-02-23T12:02:15.845+0000][4616][gc,age      ] GC(738) - age   1:    9200208 bytes,    9200208 total
[2024-02-23T12:02:15.845+0000][4616][gc,heap     ] GC(738) Eden regions: 42->0(603)
[2024-02-23T12:02:15.845+0000][4616][gc,heap     ] GC(738) Survivor regions: 8->3(7)
[2024-02-23T12:02:15.845+0000][4616][gc,heap     ] GC(738) Old regions: 88->85
[2024-02-23T12:02:15.845+0000][4616][gc,heap     ] GC(738) Archive regions: 0->0
[2024-02-23T12:02:15.845+0000][4616][gc,heap     ] GC(738) Humongous regions: 2->2
[2024-02-23T12:02:15.845+0000][4616][gc,metaspace] GC(738) Metaspace: 132189K(137152K)->132189K(137152K) NonClass: 115208K(117888K)->115208K(117888K) Class: 16980K(19264K)->16980K(19264K)
[2024-02-23T12:02:15.845+0000][4616][gc          ] GC(738) Pause Young (Mixed) (G1 Evacuation Pause) 556M->359M(4040M) 52.168ms
[2024-02-23T12:02:15.845+0000][4616][gc,cpu      ] GC(738) User=0.02s Sys=0.05s Real=0.05s
[2024-02-23T12:02:15.845+0000][4616][safepoint   ] Safepoint "G1CollectForAllocation", Time since last: 565961700 ns, Reaching safepoint: 62500 ns, At safepoint: 52401800 ns, Total: 52464300 ns
[2024-02-23T12:02:43.739+0000][4616][safepoint   ] Safepoint "Cleanup", Time since last: 27125370000 ns, Reaching safepoint: 767325400 ns, At safepoint: 555000 ns, Total: 767880400 ns
[2024-02-23T12:02:47.812+0000][4616][safepoint   ] Safepoint "Cleanup", Time since last: 4007949800 ns, Reaching safepoint: 65720300 ns, At safepoint: 435300 ns, Total: 66155600 ns
[2024-02-23T12:02:49.578+0000][4616][gc,start    ] GC(739) Pause Young (Normal) (G1 Evacuation Pause)
[2024-02-23T12:02:49.578+0000][4616][gc,task     ] GC(739) Using 8 workers of 8 for evacuation
[2024-02-23T12:02:49.578+0000][4616][gc,age      ] GC(739) Desired survivor size 159383552 bytes, new threshold 15 (max threshold 15)
[2024-02-23T12:02:49.595+0000][4616][gc,phases   ] GC(739)   Pre Evacuate Collection Set: 0.2ms
[2024-02-23T12:02:49.595+0000][4616][gc,phases   ] GC(739)   Merge Heap Roots: 0.1ms
[2024-02-23T12:02:49.595+0000][4616][gc,phases   ] GC(739)   Evacuate Collection Set: 14.7ms
[2024-02-23T12:02:49.595+0000][4616][gc,phases   ] GC(739)   Post Evacuate Collection Set: 1.5ms
[2024-02-23T12:02:49.595+0000][4616][gc,phases   ] GC(739)   Other: 0.1ms
[2024-02-23T12:02:49.595+0000][4616][gc,age      ] GC(739) Age table with threshold 15 (max threshold 15)
[2024-02-23T12:02:49.595+0000][4616][gc,age      ] GC(739) - age   1:   38840336 bytes,   38840336 total
[2024-02-23T12:02:49.595+0000][4616][gc,age      ] GC(739) - age   2:     528192 bytes,   39368528 total
[2024-02-23T12:02:49.595+0000][4616][gc,heap     ] GC(739) Eden regions: 603->0(596)
[2024-02-23T12:02:49.595+0000][4616][gc,heap     ] GC(739) Survivor regions: 3->10(76)
[2024-02-23T12:02:49.595+0000][4616][gc,heap     ] GC(739) Old regions: 85->85
[2024-02-23T12:02:49.595+0000][4616][gc,heap     ] GC(739) Archive regions: 0->0
[2024-02-23T12:02:49.595+0000][4616][gc,heap     ] GC(739) Humongous regions: 2->2
[2024-02-23T12:02:49.595+0000][4616][gc,metaspace] GC(739) Metaspace: 132192K(137152K)->132192K(137152K) NonClass: 115211K(117888K)->115211K(117888K) Class: 16980K(19264K)->16980K(19264K)
[2024-02-23T12:02:49.595+0000][4616][gc          ] GC(739) Pause Young (Normal) (G1 Evacuation Pause) 2771M->386M(4040M) 16.869ms
[2024-02-23T12:02:49.595+0000][4616][gc,cpu      ] GC(739) User=0.12s Sys=0.00s Real=0.02s
[2024-02-23T12:02:49.595+0000][4616][safepoint   ] Safepoint "G1CollectForAllocation", Time since last: 1750287800 ns, Reaching safepoint: 15436400 ns, At safepoint: 17067600 ns, Total: 32504000 ns
[2024-02-23T12:02:54.740+0000][4616][safepoint   ] Safepoint "Cleanup", Time since last: 5058372900 ns, Reaching safepoint: 85829000 ns, At safepoint: 405900 ns, Total: 86234900 ns
[2024-02-23T12:03:08.960+0000][4616][safepoint   ] Safepoint "Cleanup", Time since last: 14101303900 ns, Reaching safepoint: 112941600 ns, At safepoint: 5655500 ns, Total: 118597100 ns
[2024-02-23T12:03:15.883+0000][4616][gc,start    ] GC(740) Pause Young (Normal) (G1 Evacuation Pause)
[2024-02-23T12:03:15.883+0000][4616][gc,task     ] GC(740) Using 8 workers of 8 for evacuation
[2024-02-23T12:03:15.883+0000][4616][gc,age      ] GC(740) Desired survivor size 159383552 bytes, new threshold 15 (max threshold 15)
[2024-02-23T12:03:15.901+0000][4616][gc,phases   ] GC(740)   Pre Evacuate Collection Set: 0.1ms
[2024-02-23T12:03:15.901+0000][4616][gc,phases   ] GC(740)   Merge Heap Roots: 0.1ms
[2024-02-23T12:03:15.901+0000][4616][gc,phases   ] GC(740)   Evacuate Collection Set: 15.2ms
[2024-02-23T12:03:15.901+0000][4616][gc,phases   ] GC(740)   Post Evacuate Collection Set: 2.0ms
[2024-02-23T12:03:15.901+0000][4616][gc,phases   ] GC(740)   Other: 0.2ms
[2024-02-23T12:03:15.901+0000][4616][gc,age      ] GC(740) Age table with threshold 15 (max threshold 15)
[2024-02-23T12:03:15.901+0000][4616][gc,age      ] GC(740) - age   1:   28144200 bytes,   28144200 total
[2024-02-23T12:03:15.901+0000][4616][gc,age      ] GC(740) - age   2:    5819680 bytes,   33963880 total
[2024-02-23T12:03:15.901+0000][4616][gc,age      ] GC(740) - age   3:     373360 bytes,   34337240 total
[2024-02-23T12:03:15.901+0000][4616][gc,heap     ] GC(740) Eden regions: 596->0(597)
[2024-02-23T12:03:15.901+0000][4616][gc,heap     ] GC(740) Survivor regions: 10->9(76)
[2024-02-23T12:03:15.901+0000][4616][gc,heap     ] GC(740) Old regions: 85->85
[2024-02-23T12:03:15.901+0000][4616][gc,heap     ] GC(740) Archive regions: 0->0
[2024-02-23T12:03:15.901+0000][4616][gc,heap     ] GC(740) Humongous regions: 2->2
[2024-02-23T12:03:15.901+0000][4616][gc,metaspace] GC(740) Metaspace: 132192K(137152K)->132192K(137152K) NonClass: 115211K(117888K)->115211K(117888K) Class: 16980K(19264K)->16980K(19264K)
[2024-02-23T12:03:15.901+0000][4616][gc          ] GC(740) Pause Young (Normal) (G1 Evacuation Pause) 2770M->383M(4040M) 18.140ms
[2024-02-23T12:03:15.901+0000][4616][gc,cpu      ] GC(740) User=0.02s Sys=0.08s Real=0.02s
[2024-02-23T12:03:15.901+0000][4616][safepoint   ] Safepoint "G1CollectForAllocation", Time since last: 6906493300 ns, Reaching safepoint: 16130100 ns, At safepoint: 18328100 ns, Total: 34458200 ns
[2024-02-23T12:03:16.927+0000][4616][safepoint   ] Safepoint "Cleanup", Time since last: 1012836100 ns, Reaching safepoint: 3008100 ns, At safepoint: 10156600 ns, Total: 13164700 ns
[2024-02-23T12:03:44.280+0000][4616][safepoint   ] Safepoint "Cleanup", Time since last: 27172569300 ns, Reaching safepoint: 179545800 ns, At safepoint: 700200 ns, Total: 180246000 ns
[2024-02-23T12:03:53.927+0000][4616][safepoint   ] Safepoint "Cleanup", Time since last: 9051952500 ns, Reaching safepoint: 594855000 ns, At safepoint: 793600 ns, Total: 595648600 ns
[2024-02-23T12:03:55.604+0000][4616][safepoint   ] Safepoint "Cleanup", Time since last: 1004388500 ns, Reaching safepoint: 666371100 ns, At safepoint: 6306800 ns, Total: 672677900 ns
[2024-02-23T12:04:27.005+0000][4616][safepoint   ] Safepoint "Cleanup", Time since last: 31182687900 ns, Reaching safepoint: 212242300 ns, At safepoint: 5894600 ns, Total: 218136900 ns
[2024-02-23T12:04:32.578+0000][4616][gc,start    ] GC(741) Pause Young (Normal) (G1 Evacuation Pause)
[2024-02-23T12:04:32.578+0000][4616][gc,task     ] GC(741) Using 8 workers of 8 for evacuation
[2024-02-23T12:04:32.578+0000][4616][gc,age      ] GC(741) Desired survivor size 159383552 bytes, new threshold 15 (max threshold 15)
[2024-02-23T12:04:32.591+0000][4616][gc,phases   ] GC(741)   Pre Evacuate Collection Set: 0.1ms
[2024-02-23T12:04:32.591+0000][4616][gc,phases   ] GC(741)   Merge Heap Roots: 0.1ms
[2024-02-23T12:04:32.592+0000][4616][gc,phases   ] GC(741)   Evacuate Collection Set: 12.3ms
[2024-02-23T12:04:32.592+0000][4616][gc,phases   ] GC(741)   Post Evacuate Collection Set: 1.2ms
[2024-02-23T12:04:32.592+0000][4616][gc,phases   ] GC(741)   Other: 0.2ms
[2024-02-23T12:04:32.592+0000][4616][gc,age      ] GC(741) Age table with threshold 15 (max threshold 15)
[2024-02-23T12:04:32.592+0000][4616][gc,age      ] GC(741) - age   1:   21477208 bytes,   21477208 total
[2024-02-23T12:04:32.592+0000][4616][gc,age      ] GC(741) - age   2:    7795592 bytes,   29272800 total
[2024-02-23T12:04:32.592+0000][4616][gc,age      ] GC(741) - age   3:    3596624 bytes,   32869424 total
[2024-02-23T12:04:32.592+0000][4616][gc,age      ] GC(741) - age   4:     299672 bytes,   33169096 total
[2024-02-23T12:04:32.592+0000][4616][gc,heap     ] GC(741) Eden regions: 597->0(597)
[2024-02-23T12:04:32.592+0000][4616][gc,heap     ] GC(741) Survivor regions: 9->9(76)
[2024-02-23T12:04:32.592+0000][4616][gc,heap     ] GC(741) Old regions: 85->85
[2024-02-23T12:04:32.592+0000][4616][gc,heap     ] GC(741) Archive regions: 0->0
[2024-02-23T12:04:32.592+0000][4616][gc,heap     ] GC(741) Humongous regions: 2->2
[2024-02-23T12:04:32.592+0000][4616][gc,metaspace] GC(741) Metaspace: 132207K(137152K)->132207K(137152K) NonClass: 115226K(117888K)->115226K(117888K) Class: 16980K(19264K)->16980K(19264K)
[2024-02-23T12:04:32.592+0000][4616][gc          ] GC(741) Pause Young (Normal) (G1 Evacuation Pause) 2771M->382M(4040M) 14.381ms
[2024-02-23T12:04:32.592+0000][4616][gc,cpu      ] GC(741) User=0.08s Sys=0.00s Real=0.01s
[2024-02-23T12:04:32.592+0000][4616][safepoint   ] Safepoint "G1CollectForAllocation", Time since last: 5560261500 ns, Reaching safepoint: 12106500 ns, At safepoint: 14551700 ns, Total: 26658200 ns
[2024-02-23T12:04:42.764+0000][4616][safepoint   ] Safepoint "Cleanup", Time since last: 10075434200 ns, Reaching safepoint: 96340700 ns, At safepoint: 726700 ns, Total: 97067400 ns
[2024-02-23T12:04:50.910+0000][4616][safepoint   ] Safepoint "Cleanup", Time since last: 7029218200 ns, Reaching safepoint: 1115542800 ns, At safepoint: 341200 ns, Total: 1115884000 ns
[2024-02-23T12:05:11.951+0000][4616][gc,start    ] GC(742) Pause Young (Normal) (G1 Evacuation Pause)
[2024-02-23T12:05:11.951+0000][4616][gc,task     ] GC(742) Using 8 workers of 8 for evacuation
[2024-02-23T12:05:11.951+0000][4616][gc,age      ] GC(742) Desired survivor size 159383552 bytes, new threshold 15 (max threshold 15)
[2024-02-23T12:05:11.971+0000][4616][gc,phases   ] GC(742)   Pre Evacuate Collection Set: 0.2ms
[2024-02-23T12:05:11.971+0000][4616][gc,phases   ] GC(742)   Merge Heap Roots: 0.1ms
[2024-02-23T12:05:11.971+0000][4616][gc,phases   ] GC(742)   Evacuate Collection Set: 16.5ms
[2024-02-23T12:05:11.971+0000][4616][gc,phases   ] GC(742)   Post Evacuate Collection Set: 1.7ms
[2024-02-23T12:05:11.971+0000][4616][gc,phases   ] GC(742)   Other: 0.2ms
[2024-02-23T12:05:11.971+0000][4616][gc,age      ] GC(742) Age table with threshold 15 (max threshold 15)
[2024-02-23T12:05:11.971+0000][4616][gc,age      ] GC(742) - age   1:   39523904 bytes,   39523904 total
[2024-02-23T12:05:11.971+0000][4616][gc,age      ] GC(742) - age   2:    2403168 bytes,   41927072 total
[2024-02-23T12:05:11.971+0000][4616][gc,age      ] GC(742) - age   3:    2535424 bytes,   44462496 total
[2024-02-23T12:05:11.971+0000][4616][gc,age      ] GC(742) - age   4:    2072096 bytes,   46534592 total
[2024-02-23T12:05:11.971+0000][4616][gc,age      ] GC(742) - age   5:     225840 bytes,   46760432 total
[2024-02-23T12:05:11.971+0000][4616][gc,heap     ] GC(742) Eden regions: 597->0(594)
[2024-02-23T12:05:11.971+0000][4616][gc,heap     ] GC(742) Survivor regions: 9->12(76)
[2024-02-23T12:05:11.971+0000][4616][gc,heap     ] GC(742) Old regions: 85->85
[2024-02-23T12:05:11.971+0000][4616][gc,heap     ] GC(742) Archive regions: 0->0
[2024-02-23T12:05:11.971+0000][4616][gc,heap     ] GC(742) Humongous regions: 2->2
[2024-02-23T12:05:11.971+0000][4616][gc,metaspace] GC(742) Metaspace: 132207K(137152K)->132207K(137152K) NonClass: 115226K(117888K)->115226K(117888K) Class: 16980K(19264K)->16980K(19264K)
[2024-02-23T12:05:11.971+0000][4616][gc          ] GC(742) Pause Young (Normal) (G1 Evacuation Pause) 2770M->395M(4040M) 19.227ms
[2024-02-23T12:05:11.971+0000][4616][gc,cpu      ] GC(742) User=0.05s Sys=0.00s Real=0.02s
[2024-02-23T12:05:11.971+0000][4616][safepoint   ] Safepoint "G1CollectForAllocation", Time since last: 21042631000 ns, Reaching safepoint: 102400 ns, At safepoint: 19368300 ns, Total: 19470700 ns
[2024-02-23T12:05:25.054+0000][4616][safepoint   ] Safepoint "Cleanup", Time since last: 13082421700 ns, Reaching safepoint: 175500 ns, At safepoint: 66000 ns, Total: 241500 ns
[2024-02-23T12:05:28.072+0000][4616][safepoint   ] Safepoint "Cleanup", Time since last: 3017682900 ns, Reaching safepoint: 193200 ns, At safepoint: 29300 ns, Total: 222500 ns
[2024-02-23T12:05:32.477+0000][4616][gc,start    ] GC(743) Pause Young (Normal) (G1 Evacuation Pause)
[2024-02-23T12:05:32.477+0000][4616][gc,task     ] GC(743) Using 8 workers of 8 for evacuation
[2024-02-23T12:05:32.477+0000][4616][gc,age      ] GC(743) Desired survivor size 159383552 bytes, new threshold 15 (max threshold 15)
[2024-02-23T12:05:32.504+0000][4616][gc,phases   ] GC(743)   Pre Evacuate Collection Set: 0.2ms
[2024-02-23T12:05:32.504+0000][4616][gc,phases   ] GC(743)   Merge Heap Roots: 0.2ms
[2024-02-23T12:05:32.504+0000][4616][gc,phases   ] GC(743)   Evacuate Collection Set: 23.3ms
[2024-02-23T12:05:32.504+0000][4616][gc,phases   ] GC(743)   Post Evacuate Collection Set: 1.8ms
[2024-02-23T12:05:32.504+0000][4616][gc,phases   ] GC(743)   Other: 0.2ms
[2024-02-23T12:05:32.504+0000][4616][gc,age      ] GC(743) Age table with threshold 15 (max threshold 15)
[2024-02-23T12:05:32.504+0000][4616][gc,age      ] GC(743) - age   1:   35527272 bytes,   35527272 total
[2024-02-23T12:05:32.504+0000][4616][gc,age      ] GC(743) - age   2:   31442352 bytes,   66969624 total
[2024-02-23T12:05:32.504+0000][4616][gc,age      ] GC(743) - age   3:    2267440 bytes,   69237064 total
[2024-02-23T12:05:32.504+0000][4616][gc,age      ] GC(743) - age   4:    2534864 bytes,   71771928 total
[2024-02-23T12:05:32.504+0000][4616][gc,age      ] GC(743) - age   5:    2071872 bytes,   73843800 total
[2024-02-23T12:05:32.504+0000][4616][gc,age      ] GC(743) - age   6:     225840 bytes,   74069640 total
[2024-02-23T12:05:32.504+0000][4616][gc,heap     ] GC(743) Eden regions: 594->0(587)
[2024-02-23T12:05:32.504+0000][4616][gc,heap     ] GC(743) Survivor regions: 12->19(76)
[2024-02-23T12:05:32.504+0000][4616][gc,heap     ] GC(743) Old regions: 85->85
[2024-02-23T12:05:32.504+0000][4616][gc,heap     ] GC(743) Archive regions: 0->0
[2024-02-23T12:05:32.504+0000][4616][gc,heap     ] GC(743) Humongous regions: 2->2
[2024-02-23T12:05:32.504+0000][4616][gc,metaspace] GC(743) Metaspace: 132215K(137152K)->132215K(137152K) NonClass: 115234K(117888K)->115234K(117888K) Class: 16980K(19264K)->16980K(19264K)
[2024-02-23T12:05:32.504+0000][4616][gc          ] GC(743) Pause Young (Normal) (G1 Evacuation Pause) 2771M->422M(4040M) 26.466ms
[2024-02-23T12:05:32.504+0000][4616][gc,cpu      ] GC(743) User=0.08s Sys=0.02s Real=0.03s
[2024-02-23T12:05:32.504+0000][4616][safepoint   ] Safepoint "G1CollectForAllocation", Time since last: 4405623200 ns, Reaching safepoint: 114500 ns, At safepoint: 26659500 ns, Total: 26774000 ns
[2024-02-23T12:05:49.205+0000][4616][gc,start    ] GC(744) Pause Young (Normal) (G1 Evacuation Pause)
[2024-02-23T12:05:49.205+0000][4616][gc,task     ] GC(744) Using 8 workers of 8 for evacuation
[2024-02-23T12:05:49.205+0000][4616][gc,age      ] GC(744) Desired survivor size 159383552 bytes, new threshold 15 (max threshold 15)
[2024-02-23T12:05:49.246+0000][4616][gc,phases   ] GC(744)   Pre Evacuate Collection Set: 0.7ms
[2024-02-23T12:05:49.246+0000][4616][gc,phases   ] GC(744)   Merge Heap Roots: 0.1ms
[2024-02-23T12:05:49.246+0000][4616][gc,phases   ] GC(744)   Evacuate Collection Set: 36.3ms
[2024-02-23T12:05:49.246+0000][4616][gc,phases   ] GC(744)   Post Evacuate Collection Set: 1.1ms
[2024-02-23T12:05:49.246+0000][4616][gc,phases   ] GC(744)   Other: 2.4ms
[2024-02-23T12:05:49.246+0000][4616][gc,age      ] GC(744) Age table with threshold 15 (max threshold 15)
[2024-02-23T12:05:49.246+0000][4616][gc,age      ] GC(744) - age   1:   41036432 bytes,   41036432 total
[2024-02-23T12:05:49.246+0000][4616][gc,age      ] GC(744) - age   2:   18985872 bytes,   60022304 total
[2024-02-23T12:05:49.246+0000][4616][gc,age      ] GC(744) - age   3:   29333160 bytes,   89355464 total
[2024-02-23T12:05:49.246+0000][4616][gc,age      ] GC(744) - age   4:    2266984 bytes,   91622448 total
[2024-02-23T12:05:49.246+0000][4616][gc,age      ] GC(744) - age   5:    2534512 bytes,   94156960 total
[2024-02-23T12:05:49.246+0000][4616][gc,age      ] GC(744) - age   6:    2071696 bytes,   96228656 total
[2024-02-23T12:05:49.246+0000][4616][gc,age      ] GC(744) - age   7:     225840 bytes,   96454496 total
[2024-02-23T12:05:49.246+0000][4616][gc,heap     ] GC(744) Eden regions: 587->0(581)
[2024-02-23T12:05:49.246+0000][4616][gc,heap     ] GC(744) Survivor regions: 19->25(76)
[2024-02-23T12:05:49.246+0000][4616][gc,heap     ] GC(744) Old regions: 85->85
[2024-02-23T12:05:49.246+0000][4616][gc,heap     ] GC(744) Archive regions: 0->0
[2024-02-23T12:05:49.246+0000][4616][gc,heap     ] GC(744) Humongous regions: 2->2
[2024-02-23T12:05:49.246+0000][4616][gc,metaspace] GC(744) Metaspace: 132216K(137152K)->132216K(137152K) NonClass: 115235K(117888K)->115235K(117888K) Class: 16980K(19264K)->16980K(19264K)
[2024-02-23T12:05:49.246+0000][4616][gc          ] GC(744) Pause Young (Normal) (G1 Evacuation Pause) 2770M->446M(4040M) 41.074ms
[2024-02-23T12:05:49.246+0000][4616][gc,cpu      ] GC(744) User=0.25s Sys=0.02s Real=0.04s
[2024-02-23T12:05:49.246+0000][4616][safepoint   ] Safepoint "G1CollectForAllocation", Time since last: 16699978600 ns, Reaching safepoint: 303900 ns, At safepoint: 41369800 ns, Total: 41673700 ns
[2024-02-23T12:05:59.022+0000][4616][gc,start    ] GC(745) Pause Young (Normal) (G1 Evacuation Pause)
[2024-02-23T12:05:59.022+0000][4616][gc,task     ] GC(745) Using 8 workers of 8 for evacuation
[2024-02-23T12:05:59.022+0000][4616][gc,age      ] GC(745) Desired survivor size 159383552 bytes, new threshold 15 (max threshold 15)
[2024-02-23T12:05:59.039+0000][4616][gc,phases   ] GC(745)   Pre Evacuate Collection Set: 0.2ms
[2024-02-23T12:05:59.039+0000][4616][gc,phases   ] GC(745)   Merge Heap Roots: 0.1ms
[2024-02-23T12:05:59.039+0000][4616][gc,phases   ] GC(745)   Evacuate Collection Set: 13.8ms
[2024-02-23T12:05:59.039+0000][4616][gc,phases   ] GC(745)   Post Evacuate Collection Set: 2.1ms
[2024-02-23T12:05:59.040+0000][4616][gc,phases   ] GC(745)   Other: 1.0ms
[2024-02-23T12:05:59.040+0000][4616][gc,age      ] GC(745) Age table with threshold 15 (max threshold 15)
[2024-02-23T12:05:59.040+0000][4616][gc,age      ] GC(745) - age   1:   19451312 bytes,   19451312 total
[2024-02-23T12:05:59.040+0000][4616][gc,age      ] GC(745) - age   2:     637784 bytes,   20089096 total
[2024-02-23T12:05:59.040+0000][4616][gc,age      ] GC(745) - age   3:    1164840 bytes,   21253936 total
[2024-02-23T12:05:59.040+0000][4616][gc,age      ] GC(745) - age   4:    5615824 bytes,   26869760 total
[2024-02-23T12:05:59.040+0000][4616][gc,age      ] GC(745) - age   5:     901632 bytes,   27771392 total
[2024-02-23T12:05:59.040+0000][4616][gc,age      ] GC(745) - age   6:    1928304 bytes,   29699696 total
[2024-02-23T12:05:59.040+0000][4616][gc,age      ] GC(745) - age   7:    1851568 bytes,   31551264 total
[2024-02-23T12:05:59.040+0000][4616][gc,age      ] GC(745) - age   8:     225840 bytes,   31777104 total
[2024-02-23T12:05:59.040+0000][4616][gc,heap     ] GC(745) Eden regions: 581->0(597)
[2024-02-23T12:05:59.040+0000][4616][gc,heap     ] GC(745) Survivor regions: 25->9(76)
[2024-02-23T12:05:59.040+0000][4616][gc,heap     ] GC(745) Old regions: 85->85
[2024-02-23T12:05:59.040+0000][4616][gc,heap     ] GC(745) Archive regions: 0->0
[2024-02-23T12:05:59.040+0000][4616][gc,heap     ] GC(745) Humongous regions: 2->2
[2024-02-23T12:05:59.040+0000][4616][gc,metaspace] GC(745) Metaspace: 132216K(137152K)->132216K(137152K) NonClass: 115235K(117888K)->115235K(117888K) Class: 16980K(19264K)->16980K(19264K)
[2024-02-23T12:05:59.040+0000][4616][gc          ] GC(745) Pause Young (Normal) (G1 Evacuation Pause) 2770M->383M(4040M) 17.747ms
[2024-02-23T12:05:59.040+0000][4616][gc,cpu      ] GC(745) User=0.08s Sys=0.00s Real=0.02s
[2024-02-23T12:05:59.040+0000][4616][safepoint   ] Safepoint "G1CollectForAllocation", Time since last: 9775780800 ns, Reaching safepoint: 35200 ns, At safepoint: 17998800 ns, Total: 18034000 ns
[2024-02-23T12:06:13.131+0000][4616][safepoint   ] Safepoint "Cleanup", Time since last: 14091028800 ns, Reaching safepoint: 64500 ns, At safepoint: 13100 ns, Total: 77600 ns
[2024-02-23T12:06:16.447+0000][4616][gc,start    ] GC(746) Pause Young (Normal) (G1 Evacuation Pause)
[2024-02-23T12:06:16.447+0000][4616][gc,task     ] GC(746) Using 8 workers of 8 for evacuation
[2024-02-23T12:06:16.447+0000][4616][gc,age      ] GC(746) Desired survivor size 159383552 bytes, new threshold 15 (max threshold 15)
[2024-02-23T12:06:16.466+0000][4616][gc,phases   ] GC(746)   Pre Evacuate Collection Set: 0.2ms
[2024-02-23T12:06:16.466+0000][4616][gc,phases   ] GC(746)   Merge Heap Roots: 0.1ms
[2024-02-23T12:06:16.466+0000][4616][gc,phases   ] GC(746)   Evacuate Collection Set: 16.0ms
[2024-02-23T12:06:16.466+0000][4616][gc,phases   ] GC(746)   Post Evacuate Collection Set: 1.7ms
[2024-02-23T12:06:16.466+0000][4616][gc,phases   ] GC(746)   Other: 0.2ms
[2024-02-23T12:06:16.466+0000][4616][gc,age      ] GC(746) Age table with threshold 15 (max threshold 15)
[2024-02-23T12:06:16.466+0000][4616][gc,age      ] GC(746) - age   1:   24868768 bytes,   24868768 total
[2024-02-23T12:06:16.466+0000][4616][gc,age      ] GC(746) - age   2:    3780048 bytes,   28648816 total
[2024-02-23T12:06:16.466+0000][4616][gc,age      ] GC(746) - age   3:      38808 bytes,   28687624 total
[2024-02-23T12:06:16.466+0000][4616][gc,age      ] GC(746) - age   4:     248136 bytes,   28935760 total
[2024-02-23T12:06:16.466+0000][4616][gc,age      ] GC(746) - age   5:    1600320 bytes,   30536080 total
[2024-02-23T12:06:16.466+0000][4616][gc,age      ] GC(746) - age   6:     713776 bytes,   31249856 total
[2024-02-23T12:06:16.466+0000][4616][gc,age      ] GC(746) - age   7:     994928 bytes,   32244784 total
[2024-02-23T12:06:16.466+0000][4616][gc,age      ] GC(746) - age   8:    1755288 bytes,   34000072 total
[2024-02-23T12:06:16.466+0000][4616][gc,age      ] GC(746) - age   9:     225760 bytes,   34225832 total
[2024-02-23T12:06:16.466+0000][4616][gc,heap     ] GC(746) Eden regions: 597->0(596)
[2024-02-23T12:06:16.466+0000][4616][gc,heap     ] GC(746) Survivor regions: 9->10(76)
[2024-02-23T12:06:16.466+0000][4616][gc,heap     ] GC(746) Old regions: 85->85
[2024-02-23T12:06:16.466+0000][4616][gc,heap     ] GC(746) Archive regions: 0->0
[2024-02-23T12:06:16.466+0000][4616][gc,heap     ] GC(746) Humongous regions: 2->2
[2024-02-23T12:06:16.466+0000][4616][gc,metaspace] GC(746) Metaspace: 132216K(137152K)->132216K(137152K) NonClass: 115235K(117888K)->115235K(117888K) Class: 16980K(19264K)->16980K(19264K)
[2024-02-23T12:06:16.466+0000][4616][gc          ] GC(746) Pause Young (Normal) (G1 Evacuation Pause) 2771M->384M(4040M) 18.567ms
[2024-02-23T12:06:16.466+0000][4616][gc,cpu      ] GC(746) User=0.02s Sys=0.00s Real=0.02s
[2024-02-23T12:06:16.466+0000][4616][safepoint   ] Safepoint "G1CollectForAllocation", Time since last: 3315948400 ns, Reaching safepoint: 55400 ns, At safepoint: 18719800 ns, Total: 18775200 ns
[2024-02-23T12:06:42.599+0000][4616][safepoint   ] Safepoint "Cleanup", Time since last: 26132506400 ns, Reaching safepoint: 215700 ns, At safepoint: 48100 ns, Total: 263800 ns
[2024-02-23T12:06:54.681+0000][4616][safepoint   ] Safepoint "Cleanup", Time since last: 12081812100 ns, Reaching safepoint: 106600 ns, At safepoint: 24300 ns, Total: 130900 ns
[2024-02-23T12:07:16.625+0000][4616][gc,start    ] GC(747) Pause Young (Normal) (G1 Evacuation Pause)
[2024-02-23T12:07:16.625+0000][4616][gc,task     ] GC(747) Using 8 workers of 8 for evacuation
[2024-02-23T12:07:16.625+0000][4616][gc,age      ] GC(747) Desired survivor size 159383552 bytes, new threshold 15 (max threshold 15)
[2024-02-23T12:07:16.647+0000][4616][gc,phases   ] GC(747)   Pre Evacuate Collection Set: 0.2ms
[2024-02-23T12:07:16.647+0000][4616][gc,phases   ] GC(747)   Merge Heap Roots: 0.2ms
[2024-02-23T12:07:16.647+0000][4616][gc,phases   ] GC(747)   Evacuate Collection Set: 21.6ms
[2024-02-23T12:07:16.647+0000][4616][gc,phases   ] GC(747)   Post Evacuate Collection Set: 1.8ms
[2024-02-23T12:07:16.647+0000][4616][gc,phases   ] GC(747)   Other: 0.2ms
[2024-02-23T12:07:16.647+0000][4616][gc,age      ] GC(747) Age table with threshold 15 (max threshold 15)
[2024-02-23T12:07:16.647+0000][4616][gc,age      ] GC(747) - age   1:   50865096 bytes,   50865096 total
[2024-02-23T12:07:16.647+0000][4616][gc,age      ] GC(747) - age   2:    8907360 bytes,   59772456 total
[2024-02-23T12:07:16.647+0000][4616][gc,age      ] GC(747) - age   3:    2865336 bytes,   62637792 total
[2024-02-23T12:07:16.647+0000][4616][gc,age      ] GC(747) - age   4:       1992 bytes,   62639784 total
[2024-02-23T12:07:16.647+0000][4616][gc,age      ] GC(747) - age   5:     145688 bytes,   62785472 total
[2024-02-23T12:07:16.647+0000][4616][gc,age      ] GC(747) - age   6:    1265736 bytes,   64051208 total
[2024-02-23T12:07:16.647+0000][4616][gc,age      ] GC(747) - age   7:     564760 bytes,   64615968 total
[2024-02-23T12:07:16.647+0000][4616][gc,age      ] GC(747) - age   8:     986104 bytes,   65602072 total
[2024-02-23T12:07:16.647+0000][4616][gc,age      ] GC(747) - age   9:    1754696 bytes,   67356768 total
[2024-02-23T12:07:16.647+0000][4616][gc,age      ] GC(747) - age  10:     225760 bytes,   67582528 total
[2024-02-23T12:07:16.647+0000][4616][gc,heap     ] GC(747) Eden regions: 596->0(589)
[2024-02-23T12:07:16.647+0000][4616][gc,heap     ] GC(747) Survivor regions: 10->17(76)
[2024-02-23T12:07:16.647+0000][4616][gc,heap     ] GC(747) Old regions: 85->85
[2024-02-23T12:07:16.647+0000][4616][gc,heap     ] GC(747) Archive regions: 0->0
[2024-02-23T12:07:16.647+0000][4616][gc,heap     ] GC(747) Humongous regions: 2->2
[2024-02-23T12:07:16.647+0000][4616][gc,metaspace] GC(747) Metaspace: 132216K(137152K)->132216K(137152K) NonClass: 115235K(117888K)->115235K(117888K) Class: 16980K(19264K)->16980K(19264K)
[2024-02-23T12:07:16.647+0000][4616][gc          ] GC(747) Pause Young (Normal) (G1 Evacuation Pause) 2768M->415M(4040M) 24.475ms
[2024-02-23T12:07:16.647+0000][4616][gc,cpu      ] GC(747) User=0.12s Sys=0.00s Real=0.02s
[2024-02-23T12:07:16.647+0000][4616][safepoint   ] Safepoint "G1CollectForAllocation", Time since last: 21944119900 ns, Reaching safepoint: 99200 ns, At safepoint: 24619900 ns, Total: 24719100 ns
[2024-02-23T12:07:34.663+0000][4616][gc,start    ] GC(748) Pause Young (Normal) (G1 Evacuation Pause)
[2024-02-23T12:07:34.664+0000][4616][gc,task     ] GC(748) Using 8 workers of 8 for evacuation
[2024-02-23T12:07:34.664+0000][4616][gc,age      ] GC(748) Desired survivor size 159383552 bytes, new threshold 15 (max threshold 15)
[2024-02-23T12:07:34.715+0000][4616][gc,phases   ] GC(748)   Pre Evacuate Collection Set: 0.4ms
[2024-02-23T12:07:34.715+0000][4616][gc,phases   ] GC(748)   Merge Heap Roots: 0.6ms
[2024-02-23T12:07:34.715+0000][4616][gc,phases   ] GC(748)   Evacuate Collection Set: 50.4ms
[2024-02-23T12:07:34.715+0000][4616][gc,phases   ] GC(748)   Post Evacuate Collection Set: 2.7ms
[2024-02-23T12:07:34.715+0000][4616][gc,phases   ] GC(748)   Other: 0.6ms
[2024-02-23T12:07:34.715+0000][4616][gc,age      ] GC(748) Age table with threshold 15 (max threshold 15)
[2024-02-23T12:07:34.715+0000][4616][gc,age      ] GC(748) - age   1:   40254264 bytes,   40254264 total
[2024-02-23T12:07:34.715+0000][4616][gc,age      ] GC(748) - age   2:   36589168 bytes,   76843432 total
[2024-02-23T12:07:34.715+0000][4616][gc,age      ] GC(748) - age   3:    8617888 bytes,   85461320 total
[2024-02-23T12:07:34.715+0000][4616][gc,age      ] GC(748) - age   4:    2865048 bytes,   88326368 total
[2024-02-23T12:07:34.715+0000][4616][gc,age      ] GC(748) - age   5:       1928 bytes,   88328296 total
[2024-02-23T12:07:34.715+0000][4616][gc,age      ] GC(748) - age   6:     145288 bytes,   88473584 total
[2024-02-23T12:07:34.715+0000][4616][gc,age      ] GC(748) - age   7:    1265160 bytes,   89738744 total
[2024-02-23T12:07:34.715+0000][4616][gc,age      ] GC(748) - age   8:     564344 bytes,   90303088 total
[2024-02-23T12:07:34.715+0000][4616][gc,age      ] GC(748) - age   9:     985944 bytes,   91289032 total
[2024-02-23T12:07:34.715+0000][4616][gc,age      ] GC(748) - age  10:    1754472 bytes,   93043504 total
[2024-02-23T12:07:34.715+0000][4616][gc,age      ] GC(748) - age  11:     225760 bytes,   93269264 total
[2024-02-23T12:07:34.715+0000][4616][gc,heap     ] GC(748) Eden regions: 589->0(582)
[2024-02-23T12:07:34.715+0000][4616][gc,heap     ] GC(748) Survivor regions: 17->24(76)
[2024-02-23T12:07:34.715+0000][4616][gc,heap     ] GC(748) Old regions: 85->85
[2024-02-23T12:07:34.715+0000][4616][gc,heap     ] GC(748) Archive regions: 0->0
[2024-02-23T12:07:34.715+0000][4616][gc,heap     ] GC(748) Humongous regions: 2->2
[2024-02-23T12:07:34.715+0000][4616][gc,metaspace] GC(748) Metaspace: 132216K(137152K)->132216K(137152K) NonClass: 115235K(117888K)->115235K(117888K) Class: 16980K(19264K)->16980K(19264K)
[2024-02-23T12:07:34.715+0000][4616][gc          ] GC(748) Pause Young (Normal) (G1 Evacuation Pause) 2771M->442M(4040M) 55.958ms
[2024-02-23T12:07:34.715+0000][4616][gc,cpu      ] GC(748) User=0.39s Sys=0.00s Real=0.05s
[2024-02-23T12:07:34.715+0000][4616][safepoint   ] Safepoint "G1CollectForAllocation", Time since last: 18014084000 ns, Reaching safepoint: 187300 ns, At safepoint: 56208800 ns, Total: 56396100 ns
[2024-02-23T12:07:42.785+0000][4616][safepoint   ] Safepoint "Cleanup", Time since last: 8064586500 ns, Reaching safepoint: 116800 ns, At safepoint: 273900 ns, Total: 390700 ns
[2024-02-23T12:08:30.713+0000][4616][gc,start    ] GC(749) Pause Young (Normal) (G1 Evacuation Pause)
[2024-02-23T12:08:30.713+0000][4616][gc,task     ] GC(749) Using 8 workers of 8 for evacuation
[2024-02-23T12:08:30.713+0000][4616][gc,age      ] GC(749) Desired survivor size 159383552 bytes, new threshold 15 (max threshold 15)
[2024-02-23T12:08:30.774+0000][4616][gc,phases   ] GC(749)   Pre Evacuate Collection Set: 0.1ms
[2024-02-23T12:08:30.774+0000][4616][gc,phases   ] GC(749)   Merge Heap Roots: 0.1ms
[2024-02-23T12:08:30.774+0000][4616][gc,phases   ] GC(749)   Evacuate Collection Set: 59.8ms
[2024-02-23T12:08:30.774+0000][4616][gc,phases   ] GC(749)   Post Evacuate Collection Set: 1.2ms
[2024-02-23T12:08:30.774+0000][4616][gc,phases   ] GC(749)   Other: 0.2ms
[2024-02-23T12:08:30.774+0000][4616][gc,age      ] GC(749) Age table with threshold 15 (max threshold 15)
[2024-02-23T12:08:30.774+0000][4616][gc,age      ] GC(749) - age   1:   45703400 bytes,   45703400 total
[2024-02-23T12:08:30.774+0000][4616][gc,age      ] GC(749) - age   2:   20931408 bytes,   66634808 total
[2024-02-23T12:08:30.774+0000][4616][gc,age      ] GC(749) - age   3:   36219608 bytes,  102854416 total
[2024-02-23T12:08:30.774+0000][4616][gc,age      ] GC(749) - age   4:    8617480 bytes,  111471896 total
[2024-02-23T12:08:30.774+0000][4616][gc,age      ] GC(749) - age   5:    2864576 bytes,  114336472 total
[2024-02-23T12:08:30.774+0000][4616][gc,age      ] GC(749) - age   6:       1736 bytes,  114338208 total
[2024-02-23T12:08:30.774+0000][4616][gc,age      ] GC(749) - age   7:     144704 bytes,  114482912 total
[2024-02-23T12:08:30.774+0000][4616][gc,age      ] GC(749) - age   8:    1264536 bytes,  115747448 total
[2024-02-23T12:08:30.774+0000][4616][gc,age      ] GC(749) - age   9:     563928 bytes,  116311376 total
[2024-02-23T12:08:30.774+0000][4616][gc,age      ] GC(749) - age  10:     985688 bytes,  117297064 total
[2024-02-23T12:08:30.774+0000][4616][gc,age      ] GC(749) - age  11:    1754344 bytes,  119051408 total
[2024-02-23T12:08:30.774+0000][4616][gc,age      ] GC(749) - age  12:     225760 bytes,  119277168 total
[2024-02-23T12:08:30.774+0000][4616][gc,heap     ] GC(749) Eden regions: 582->0(575)
[2024-02-23T12:08:30.774+0000][4616][gc,heap     ] GC(749) Survivor regions: 24->31(76)
[2024-02-23T12:08:30.774+0000][4616][gc,heap     ] GC(749) Old regions: 85->85
[2024-02-23T12:08:30.774+0000][4616][gc,heap     ] GC(749) Archive regions: 0->0
[2024-02-23T12:08:30.774+0000][4616][gc,heap     ] GC(749) Humongous regions: 2->2
[2024-02-23T12:08:30.774+0000][4616][gc,metaspace] GC(749) Metaspace: 132217K(137152K)->132217K(137152K) NonClass: 115237K(117888K)->115237K(117888K) Class: 16980K(19264K)->16980K(19264K)
[2024-02-23T12:08:30.774+0000][4616][gc          ] GC(749) Pause Young (Normal) (G1 Evacuation Pause) 2770M->471M(4040M) 61.820ms
[2024-02-23T12:08:30.774+0000][4616][gc,cpu      ] GC(749) User=0.16s Sys=0.12s Real=0.06s
[2024-02-23T12:08:30.774+0000][4616][safepoint   ] Safepoint "G1CollectForAllocation", Time since last: 47927192500 ns, Reaching safepoint: 143500 ns, At safepoint: 61987600 ns, Total: 62131100 ns
[2024-02-23T12:08:48.913+0000][4616][safepoint   ] Safepoint "Cleanup", Time since last: 18138161300 ns, Reaching safepoint: 86500 ns, At safepoint: 10700 ns, Total: 97200 ns
[2024-02-23T12:09:12.354+0000][4616][gc,start    ] GC(750) Pause Young (Normal) (G1 Evacuation Pause)
[2024-02-23T12:09:12.354+0000][4616][gc,task     ] GC(750) Using 8 workers of 8 for evacuation
[2024-02-23T12:09:12.354+0000][4616][gc,age      ] GC(750) Desired survivor size 159383552 bytes, new threshold 15 (max threshold 15)
[2024-02-23T12:09:12.422+0000][4616][gc,phases   ] GC(750)   Pre Evacuate Collection Set: 0.1ms
[2024-02-23T12:09:12.422+0000][4616][gc,phases   ] GC(750)   Merge Heap Roots: 0.1ms
[2024-02-23T12:09:12.422+0000][4616][gc,phases   ] GC(750)   Evacuate Collection Set: 66.8ms
[2024-02-23T12:09:12.422+0000][4616][gc,phases   ] GC(750)   Post Evacuate Collection Set: 1.1ms
[2024-02-23T12:09:12.422+0000][4616][gc,phases   ] GC(750)   Other: 0.2ms
[2024-02-23T12:09:12.422+0000][4616][gc,age      ] GC(750) Age table with threshold 15 (max threshold 15)
[2024-02-23T12:09:12.422+0000][4616][gc,age      ] GC(750) - age   1:   63130376 bytes,   63130376 total
[2024-02-23T12:09:12.422+0000][4616][gc,age      ] GC(750) - age   2:   16903136 bytes,   80033512 total
[2024-02-23T12:09:12.422+0000][4616][gc,age      ] GC(750) - age   3:   15962912 bytes,   95996424 total
[2024-02-23T12:09:12.422+0000][4616][gc,age      ] GC(750) - age   4:   36139408 bytes,  132135832 total
[2024-02-23T12:09:12.422+0000][4616][gc,age      ] GC(750) - age   5:    8419960 bytes,  140555792 total
[2024-02-23T12:09:12.422+0000][4616][gc,age      ] GC(750) - age   6:    2864528 bytes,  143420320 total
[2024-02-23T12:09:12.422+0000][4616][gc,age      ] GC(750) - age   7:       1672 bytes,  143421992 total
[2024-02-23T12:09:12.422+0000][4616][gc,age      ] GC(750) - age   8:     144160 bytes,  143566152 total
[2024-02-23T12:09:12.422+0000][4616][gc,age      ] GC(750) - age   9:    1264168 bytes,  144830320 total
[2024-02-23T12:09:12.422+0000][4616][gc,age      ] GC(750) - age  10:     563480 bytes,  145393800 total
[2024-02-23T12:09:12.422+0000][4616][gc,age      ] GC(750) - age  11:     985528 bytes,  146379328 total
[2024-02-23T12:09:12.422+0000][4616][gc,age      ] GC(750) - age  12:    1754280 bytes,  148133608 total
[2024-02-23T12:09:12.422+0000][4616][gc,age      ] GC(750) - age  13:     225760 bytes,  148359368 total
[2024-02-23T12:09:12.422+0000][4616][gc,heap     ] GC(750) Eden regions: 575->0(567)
[2024-02-23T12:09:12.422+0000][4616][gc,heap     ] GC(750) Survivor regions: 31->39(76)
[2024-02-23T12:09:12.422+0000][4616][gc,heap     ] GC(750) Old regions: 85->85
[2024-02-23T12:09:12.422+0000][4616][gc,heap     ] GC(750) Archive regions: 0->0
[2024-02-23T12:09:12.422+0000][4616][gc,heap     ] GC(750) Humongous regions: 2->2
[2024-02-23T12:09:12.422+0000][4616][gc,metaspace] GC(750) Metaspace: 132218K(137152K)->132218K(137152K) NonClass: 115237K(117888K)->115237K(117888K) Class: 16980K(19264K)->16980K(19264K)
[2024-02-23T12:09:12.422+0000][4616][gc          ] GC(750) Pause Young (Normal) (G1 Evacuation Pause) 2771M->501M(4040M) 68.901ms
[2024-02-23T12:09:12.422+0000][4616][gc,cpu      ] GC(750) User=0.20s Sys=0.12s Real=0.07s
[2024-02-23T12:09:12.422+0000][4616][safepoint   ] Safepoint "G1CollectForAllocation", Time since last: 23441162900 ns, Reaching safepoint: 147700 ns, At safepoint: 69014500 ns, Total: 69162200 ns
[2024-02-23T12:09:30.056+0000][4616][gc,start    ] GC(751) Pause Young (Normal) (G1 Evacuation Pause)
[2024-02-23T12:09:30.057+0000][4616][gc,task     ] GC(751) Using 8 workers of 8 for evacuation
[2024-02-23T12:09:30.057+0000][4616][gc,age      ] GC(751) Desired survivor size 159383552 bytes, new threshold 15 (max threshold 15)
[2024-02-23T12:09:30.169+0000][4616][gc,phases   ] GC(751)   Pre Evacuate Collection Set: 3.1ms
[2024-02-23T12:09:30.169+0000][4616][gc,phases   ] GC(751)   Merge Heap Roots: 0.7ms
[2024-02-23T12:09:30.169+0000][4616][gc,phases   ] GC(751)   Evacuate Collection Set: 107.9ms
[2024-02-23T12:09:30.169+0000][4616][gc,phases   ] GC(751)   Post Evacuate Collection Set: 0.9ms
[2024-02-23T12:09:30.169+0000][4616][gc,phases   ] GC(751)   Other: 0.4ms
[2024-02-23T12:09:30.169+0000][4616][gc,age      ] GC(751) Age table with threshold 15 (max threshold 15)
[2024-02-23T12:09:30.169+0000][4616][gc,age      ] GC(751) - age   1:   62964808 bytes,   62964808 total
[2024-02-23T12:09:30.169+0000][4616][gc,age      ] GC(751) - age   2:   28241304 bytes,   91206112 total
[2024-02-23T12:09:30.169+0000][4616][gc,age      ] GC(751) - age   3:   15985912 bytes,  107192024 total
[2024-02-23T12:09:30.169+0000][4616][gc,age      ] GC(751) - age   4:   15574752 bytes,  122766776 total
[2024-02-23T12:09:30.169+0000][4616][gc,age      ] GC(751) - age   5:   36091232 bytes,  158858008 total
[2024-02-23T12:09:30.169+0000][4616][gc,age      ] GC(751) - age   6:    8419960 bytes,  167277968 total
[2024-02-23T12:09:30.169+0000][4616][gc,age      ] GC(751) - age   7:    2864480 bytes,  170142448 total
[2024-02-23T12:09:30.169+0000][4616][gc,age      ] GC(751) - age   8:       1608 bytes,  170144056 total
[2024-02-23T12:09:30.169+0000][4616][gc,age      ] GC(751) - age   9:     143968 bytes,  170288024 total
[2024-02-23T12:09:30.169+0000][4616][gc,age      ] GC(751) - age  10:    1263992 bytes,  171552016 total
[2024-02-23T12:09:30.169+0000][4616][gc,age      ] GC(751) - age  11:     563288 bytes,  172115304 total
[2024-02-23T12:09:30.169+0000][4616][gc,age      ] GC(751) - age  12:     985528 bytes,  173100832 total
[2024-02-23T12:09:30.169+0000][4616][gc,age      ] GC(751) - age  13:    1754280 bytes,  174855112 total
[2024-02-23T12:09:30.169+0000][4616][gc,age      ] GC(751) - age  14:     225760 bytes,  175080872 total
[2024-02-23T12:09:30.169+0000][4616][gc,heap     ] GC(751) Eden regions: 567->0(562)
[2024-02-23T12:09:30.169+0000][4616][gc,heap     ] GC(751) Survivor regions: 39->44(76)
[2024-02-23T12:09:30.169+0000][4616][gc,heap     ] GC(751) Old regions: 85->85
[2024-02-23T12:09:30.169+0000][4616][gc,heap     ] GC(751) Archive regions: 0->0
[2024-02-23T12:09:30.169+0000][4616][gc,heap     ] GC(751) Humongous regions: 2->2
[2024-02-23T12:09:30.169+0000][4616][gc,metaspace] GC(751) Metaspace: 132218K(137152K)->132218K(137152K) NonClass: 115237K(117888K)->115237K(117888K) Class: 16980K(19264K)->16980K(19264K)
[2024-02-23T12:09:30.169+0000][4616][gc          ] GC(751) Pause Young (Normal) (G1 Evacuation Pause) 2769M->523M(4040M) 113.510ms
[2024-02-23T12:09:30.169+0000][4616][gc,cpu      ] GC(751) User=0.44s Sys=0.11s Real=0.11s
[2024-02-23T12:09:30.169+0000][4616][safepoint   ] Safepoint "G1CollectForAllocation", Time since last: 17633777100 ns, Reaching safepoint: 295300 ns, At safepoint: 113757300 ns, Total: 114052600 ns
[2024-02-23T12:10:15.823+0000][4616][gc,start    ] GC(752) Pause Young (Normal) (G1 Evacuation Pause)
[2024-02-23T12:10:15.823+0000][4616][gc,task     ] GC(752) Using 8 workers of 8 for evacuation
[2024-02-23T12:10:15.823+0000][4616][gc,age      ] GC(752) Desired survivor size 159383552 bytes, new threshold 6 (max threshold 15)
[2024-02-23T12:10:16.010+0000][4616][gc,phases   ] GC(752)   Pre Evacuate Collection Set: 0.2ms
[2024-02-23T12:10:16.010+0000][4616][gc,phases   ] GC(752)   Merge Heap Roots: 0.2ms
[2024-02-23T12:10:16.010+0000][4616][gc,phases   ] GC(752)   Evacuate Collection Set: 183.6ms
[2024-02-23T12:10:16.010+0000][4616][gc,phases   ] GC(752)   Post Evacuate Collection Set: 2.0ms
[2024-02-23T12:10:16.010+0000][4616][gc,phases   ] GC(752)   Other: 0.3ms
[2024-02-23T12:10:16.010+0000][4616][gc,age      ] GC(752) Age table with threshold 6 (max threshold 15)
[2024-02-23T12:10:16.010+0000][4616][gc,age      ] GC(752) - age   1:   68855688 bytes,   68855688 total
[2024-02-23T12:10:16.010+0000][4616][gc,age      ] GC(752) - age   2:   21688304 bytes,   90543992 total
[2024-02-23T12:10:16.010+0000][4616][gc,age      ] GC(752) - age   3:   23278968 bytes,  113822960 total
[2024-02-23T12:10:16.010+0000][4616][gc,age      ] GC(752) - age   4:   14963912 bytes,  128786872 total
