[2024-02-05T11:16:07.465+0000][1536][gc,init] CardTable entry size: 512
[2024-02-05T11:16:07.465+0000][1536][gc     ] Using G1
[2024-02-05T11:16:07.948+0000][1536][gc,init] Version: 18.0.2+9-61 (release)
[2024-02-05T11:16:07.948+0000][1536][gc,init] CPUs: 8 total, 8 available
[2024-02-05T11:16:07.948+0000][1536][gc,init] Memory: 8079M
[2024-02-05T11:16:07.948+0000][1536][gc,init] Large Page Support: Disabled
[2024-02-05T11:16:07.948+0000][1536][gc,init] NUMA Support: Disabled
[2024-02-05T11:16:07.948+0000][1536][gc,init] Compressed Oops: Enabled (Zero based)
[2024-02-05T11:16:07.948+0000][1536][gc,init] Heap Region Size: 4M
[2024-02-05T11:16:07.948+0000][1536][gc,init] Heap Min Capacity: 4040M
[2024-02-05T11:16:07.948+0000][1536][gc,init] Heap Initial Capacity: 4040M
[2024-02-05T11:16:07.949+0000][1536][gc,init] Heap Max Capacity: 4040M
[2024-02-05T11:16:07.949+0000][1536][gc,init] Pre-touch: Enabled
[2024-02-05T11:16:07.949+0000][1536][gc,init] Parallel Workers: 8
[2024-02-05T11:16:07.949+0000][1536][gc,init] Concurrent Workers: 2
[2024-02-05T11:16:07.949+0000][1536][gc,init] Concurrent Refinement Workers: 8
[2024-02-05T11:16:07.949+0000][1536][gc,init] Periodic GC: Disabled
[2024-02-05T11:16:07.949+0000][1536][gc,metaspace] CDS archive(s) mapped at: [0x0000000800000000-0x0000000800ba0000-0x0000000800ba0000), size 12189696, SharedBaseAddress: 0x0000000800000000, ArchiveRelocationMode: 0.
[2024-02-05T11:16:07.949+0000][1536][gc,metaspace] Compressed class space mapped at: 0x0000000800c00000-0x0000000840c00000, reserved size: 1073741824
[2024-02-05T11:16:07.949+0000][1536][gc,metaspace] Narrow klass base: 0x0000000800000000, Narrow klass shift: 0, Narrow klass range: 0x100000000
[2024-02-05T11:16:08.534+0000][1536][safepoint   ] Safepoint "ICBufferFull", Time since last: 580337400 ns, Reaching safepoint: 82700 ns, At safepoint: 23000 ns, Total: 105700 ns
[2024-02-05T11:16:09.173+0000][1536][safepoint   ] Safepoint "ICBufferFull", Time since last: 639428900 ns, Reaching safepoint: 93900 ns, At safepoint: 1900 ns, Total: 95800 ns
[2024-02-05T11:16:10.059+0000][1536][safepoint   ] Safepoint "ICBufferFull", Time since last: 885919700 ns, Reaching safepoint: 123000 ns, At safepoint: 2200 ns, Total: 125200 ns
[2024-02-05T11:16:11.237+0000][1536][safepoint   ] Safepoint "Cleanup", Time since last: 1176760700 ns, Reaching safepoint: 285800 ns, At safepoint: 26400 ns, Total: 312200 ns
[2024-02-05T11:16:12.905+0000][1536][safepoint   ] Safepoint "Cleanup", Time since last: 1668628100 ns, Reaching safepoint: 181700 ns, At safepoint: 9000 ns, Total: 190700 ns
[2024-02-05T11:16:14.488+0000][1536][safepoint   ] Safepoint "Cleanup", Time since last: 1582526100 ns, Reaching safepoint: 92600 ns, At safepoint: 2900 ns, Total: 95500 ns
[2024-02-05T11:16:15.500+0000][1536][safepoint   ] Safepoint "Cleanup", Time since last: 1012017300 ns, Reaching safepoint: 74700 ns, At safepoint: 2000 ns, Total: 76700 ns
[2024-02-05T11:16:17.081+0000][1536][safepoint   ] Safepoint "Cleanup", Time since last: 1581164600 ns, Reaching safepoint: 135600 ns, At safepoint: 7800 ns, Total: 143400 ns
[2024-02-05T11:16:17.226+0000][1536][gc,start    ] GC(0) Pause Young (Normal) (G1 Evacuation Pause)
[2024-02-05T11:16:17.254+0000][1536][gc,task     ] GC(0) Using 8 workers of 8 for evacuation
[2024-02-05T11:16:17.254+0000][1536][gc,age      ] GC(0) Desired survivor size 14680064 bytes, new threshold 15 (max threshold 15)
[2024-02-05T11:16:17.275+0000][1536][gc,phases   ] GC(0)   Pre Evacuate Collection Set: 0.2ms
[2024-02-05T11:16:17.275+0000][1536][gc,phases   ] GC(0)   Merge Heap Roots: 0.2ms
[2024-02-05T11:16:17.275+0000][1536][gc,phases   ] GC(0)   Evacuate Collection Set: 18.1ms
[2024-02-05T11:16:17.275+0000][1536][gc,phases   ] GC(0)   Post Evacuate Collection Set: 1.4ms
[2024-02-05T11:16:17.275+0000][1536][gc,phases   ] GC(0)   Other: 1.5ms
[2024-02-05T11:16:17.275+0000][1536][gc,age      ] GC(0) Age table with threshold 15 (max threshold 15)
[2024-02-05T11:16:17.275+0000][1536][gc,age      ] GC(0) - age   1:   12068752 bytes,   12068752 total
[2024-02-05T11:16:17.296+0000][1536][gc,heap     ] GC(0) Eden regions: 50->0(46)
[2024-02-05T11:16:17.296+0000][1536][gc,heap     ] GC(0) Survivor regions: 0->4(7)
[2024-02-05T11:16:17.296+0000][1536][gc,heap     ] GC(0) Old regions: 0->0
[2024-02-05T11:16:17.296+0000][1536][gc,heap     ] GC(0) Archive regions: 0->0
[2024-02-05T11:16:17.296+0000][1536][gc,heap     ] GC(0) Humongous regions: 0->0
[2024-02-05T11:16:17.296+0000][1536][gc,metaspace] GC(0) Metaspace: 17214K(17664K)->17214K(17664K) NonClass: 15239K(15488K)->15239K(15488K) Class: 1974K(2176K)->1974K(2176K)
[2024-02-05T11:16:17.296+0000][1536][gc          ] GC(0) Pause Young (Normal) (G1 Evacuation Pause) 200M->12M(4040M) 66.916ms
[2024-02-05T11:16:17.296+0000][1536][gc,cpu      ] GC(0) User=0.12s Sys=0.00s Real=0.07s
[2024-02-05T11:16:17.296+0000][1536][safepoint   ] Safepoint "G1CollectForAllocation", Time since last: 149290400 ns, Reaching safepoint: 86100 ns, At safepoint: 67029500 ns, Total: 67115600 ns
[2024-02-05T11:16:18.403+0000][1536][safepoint   ] Safepoint "Cleanup", Time since last: 1105450000 ns, Reaching safepoint: 118200 ns, At safepoint: 6600 ns, Total: 124800 ns
[2024-02-05T11:16:18.851+0000][1536][gc,start    ] GC(1) Pause Young (Concurrent Start) (Metadata GC Threshold)
[2024-02-05T11:16:18.851+0000][1536][gc,task     ] GC(1) Using 8 workers of 8 for evacuation
[2024-02-05T11:16:18.851+0000][1536][gc,age      ] GC(1) Desired survivor size 14680064 bytes, new threshold 15 (max threshold 15)
[2024-02-05T11:16:18.866+0000][1536][gc,phases   ] GC(1)   Pre Evacuate Collection Set: 0.5ms
[2024-02-05T11:16:18.866+0000][1536][gc,phases   ] GC(1)   Merge Heap Roots: 0.1ms
[2024-02-05T11:16:18.866+0000][1536][gc,phases   ] GC(1)   Evacuate Collection Set: 13.5ms
[2024-02-05T11:16:18.866+0000][1536][gc,phases   ] GC(1)   Post Evacuate Collection Set: 1.1ms
[2024-02-05T11:16:18.866+0000][1536][gc,phases   ] GC(1)   Other: 0.2ms
[2024-02-05T11:16:18.866+0000][1536][gc,age      ] GC(1) Age table with threshold 15 (max threshold 15)
[2024-02-05T11:16:18.866+0000][1536][gc,age      ] GC(1) - age   1:    1209800 bytes,    1209800 total
[2024-02-05T11:16:18.866+0000][1536][gc,age      ] GC(1) - age   2:   11880088 bytes,   13089888 total
[2024-02-05T11:16:18.866+0000][1536][gc,heap     ] GC(1) Eden regions: 17->0(46)
[2024-02-05T11:16:18.866+0000][1536][gc,heap     ] GC(1) Survivor regions: 4->4(7)
[2024-02-05T11:16:18.866+0000][1536][gc,heap     ] GC(1) Old regions: 0->0
[2024-02-05T11:16:18.866+0000][1536][gc,heap     ] GC(1) Archive regions: 0->0
[2024-02-05T11:16:18.866+0000][1536][gc,heap     ] GC(1) Humongous regions: 0->0
[2024-02-05T11:16:18.866+0000][1536][gc,metaspace] GC(1) Metaspace: 21050K(21504K)->21050K(21504K) NonClass: 18696K(18944K)->18696K(18944K) Class: 2354K(2560K)->2354K(2560K)
[2024-02-05T11:16:18.866+0000][1536][gc          ] GC(1) Pause Young (Concurrent Start) (Metadata GC Threshold) 78M->13M(4040M) 15.847ms
[2024-02-05T11:16:18.866+0000][1536][gc,cpu      ] GC(1) User=0.12s Sys=0.00s Real=0.01s
[2024-02-05T11:16:18.866+0000][1536][gc          ] GC(2) Concurrent Mark Cycle
[2024-02-05T11:16:18.866+0000][1536][safepoint   ] Safepoint "CollectForMetadataAllocation", Time since last: 447067000 ns, Reaching safepoint: 129400 ns, At safepoint: 15981000 ns, Total: 16110400 ns
[2024-02-05T11:16:18.866+0000][1536][gc,marking  ] GC(2) Concurrent Clear Claimed Marks
[2024-02-05T11:16:18.866+0000][1536][gc,marking  ] GC(2) Concurrent Clear Claimed Marks 0.110ms
[2024-02-05T11:16:18.866+0000][1536][gc,marking  ] GC(2) Concurrent Scan Root Regions
[2024-02-05T11:16:18.873+0000][1536][gc,marking  ] GC(2) Concurrent Scan Root Regions 6.147ms
[2024-02-05T11:16:18.873+0000][1536][gc,marking  ] GC(2) Concurrent Mark
[2024-02-05T11:16:18.873+0000][1536][gc,marking  ] GC(2) Concurrent Mark From Roots
[2024-02-05T11:16:18.873+0000][1536][gc,task     ] GC(2) Using 2 workers of 2 for marking
[2024-02-05T11:16:18.873+0000][1536][gc,marking  ] GC(2) Concurrent Mark From Roots 0.243ms
[2024-02-05T11:16:18.873+0000][1536][gc,marking  ] GC(2) Concurrent Preclean
[2024-02-05T11:16:18.896+0000][1536][gc,marking  ] GC(2) Concurrent Preclean 24.245ms
[2024-02-05T11:16:18.933+0000][1536][gc,start    ] GC(2) Pause Remark
[2024-02-05T11:16:18.936+0000][1536][gc          ] GC(2) Pause Remark 16M->16M(4040M) 3.117ms
[2024-02-05T11:16:18.936+0000][1536][gc,cpu      ] GC(2) User=0.00s Sys=0.00s Real=0.00s
[2024-02-05T11:16:18.936+0000][1536][safepoint   ] Safepoint "G1Concurrent", Time since last: 30937100 ns, Reaching safepoint: 35726500 ns, At safepoint: 3229700 ns, Total: 38956200 ns
[2024-02-05T11:16:18.936+0000][1536][gc,marking  ] GC(2) Concurrent Mark 63.598ms
[2024-02-05T11:16:18.936+0000][1536][gc,marking  ] GC(2) Concurrent Rebuild Remembered Sets
[2024-02-05T11:16:18.936+0000][1536][gc,marking  ] GC(2) Concurrent Rebuild Remembered Sets 0.030ms
[2024-02-05T11:16:18.973+0000][1536][gc,start    ] GC(2) Pause Cleanup
[2024-02-05T11:16:18.973+0000][1536][gc          ] GC(2) Pause Cleanup 16M->16M(4040M) 0.141ms
[2024-02-05T11:16:18.973+0000][1536][gc,cpu      ] GC(2) User=0.00s Sys=0.00s Real=0.00s
[2024-02-05T11:16:18.973+0000][1536][safepoint   ] Safepoint "G1Concurrent", Time since last: 181900 ns, Reaching safepoint: 36665500 ns, At safepoint: 303900 ns, Total: 36969400 ns
[2024-02-05T11:16:18.974+0000][1536][gc,marking  ] GC(2) Concurrent Cleanup for Next Mark
[2024-02-05T11:16:18.988+0000][1536][gc,marking  ] GC(2) Concurrent Cleanup for Next Mark 17.206ms
[2024-02-05T11:16:18.988+0000][1536][gc          ] GC(2) Concurrent Mark Cycle 124.631ms
[2024-02-05T11:16:20.458+0000][1536][safepoint   ] Safepoint "ICBufferFull", Time since last: 1485219600 ns, Reaching safepoint: 224700 ns, At safepoint: 5200 ns, Total: 229900 ns
[2024-02-05T11:16:20.950+0000][1536][gc,start    ] GC(3) Pause Young (Normal) (G1 Evacuation Pause)
[2024-02-05T11:16:20.950+0000][1536][gc,task     ] GC(3) Using 8 workers of 8 for evacuation
[2024-02-05T11:16:20.950+0000][1536][gc,age      ] GC(3) Desired survivor size 14680064 bytes, new threshold 15 (max threshold 15)
[2024-02-05T11:16:20.966+0000][1536][gc,phases   ] GC(3)   Pre Evacuate Collection Set: 0.2ms
[2024-02-05T11:16:20.966+0000][1536][gc,phases   ] GC(3)   Merge Heap Roots: 0.1ms
[2024-02-05T11:16:20.966+0000][1536][gc,phases   ] GC(3)   Evacuate Collection Set: 14.3ms
[2024-02-05T11:16:20.966+0000][1536][gc,phases   ] GC(3)   Post Evacuate Collection Set: 1.1ms
[2024-02-05T11:16:20.966+0000][1536][gc,phases   ] GC(3)   Other: 0.2ms
[2024-02-05T11:16:20.966+0000][1536][gc,age      ] GC(3) Age table with threshold 15 (max threshold 15)
[2024-02-05T11:16:20.966+0000][1536][gc,age      ] GC(3) - age   1:    4488904 bytes,    4488904 total
[2024-02-05T11:16:20.966+0000][1536][gc,age      ] GC(3) - age   2:    1151328 bytes,    5640232 total
[2024-02-05T11:16:20.966+0000][1536][gc,age      ] GC(3) - age   3:   11874800 bytes,   17515032 total
[2024-02-05T11:16:20.966+0000][1536][gc,heap     ] GC(3) Eden regions: 46->0(63)
[2024-02-05T11:16:20.966+0000][1536][gc,heap     ] GC(3) Survivor regions: 4->5(7)
[2024-02-05T11:16:20.966+0000][1536][gc,heap     ] GC(3) Old regions: 0->0
[2024-02-05T11:16:20.966+0000][1536][gc,heap     ] GC(3) Archive regions: 0->0
[2024-02-05T11:16:20.966+0000][1536][gc,heap     ] GC(3) Humongous regions: 0->0
[2024-02-05T11:16:20.966+0000][1536][gc,metaspace] GC(3) Metaspace: 24343K(24896K)->24343K(24896K) NonClass: 21505K(21824K)->21505K(21824K) Class: 2838K(3072K)->2838K(3072K)
[2024-02-05T11:16:20.966+0000][1536][gc          ] GC(3) Pause Young (Normal) (G1 Evacuation Pause) 197M->17M(4040M) 16.459ms
[2024-02-05T11:16:20.966+0000][1536][gc,cpu      ] GC(3) User=0.12s Sys=0.00s Real=0.02s
[2024-02-05T11:16:20.966+0000][1536][safepoint   ] Safepoint "G1CollectForAllocation", Time since last: 490678600 ns, Reaching safepoint: 156000 ns, At safepoint: 16531900 ns, Total: 16687900 ns
[2024-02-05T11:16:21.983+0000][1536][safepoint   ] Safepoint "Cleanup", Time since last: 1016735200 ns, Reaching safepoint: 116700 ns, At safepoint: 6800 ns, Total: 123500 ns
[2024-02-05T11:16:23.976+0000][1536][safepoint   ] Safepoint "Cleanup", Time since last: 1993418800 ns, Reaching safepoint: 75200 ns, At safepoint: 6500 ns, Total: 81700 ns
[2024-02-05T11:16:24.777+0000][1536][gc,start    ] GC(4) Pause Young (Normal) (G1 Evacuation Pause)
[2024-02-05T11:16:24.777+0000][1536][gc,task     ] GC(4) Using 8 workers of 8 for evacuation
[2024-02-05T11:16:24.777+0000][1536][gc,age      ] GC(4) Desired survivor size 18874368 bytes, new threshold 15 (max threshold 15)
[2024-02-05T11:16:24.785+0000][1536][gc,phases   ] GC(4)   Pre Evacuate Collection Set: 0.1ms
[2024-02-05T11:16:24.785+0000][1536][gc,phases   ] GC(4)   Merge Heap Roots: 0.1ms
[2024-02-05T11:16:24.785+0000][1536][gc,phases   ] GC(4)   Evacuate Collection Set: 7.5ms
[2024-02-05T11:16:24.785+0000][1536][gc,phases   ] GC(4)   Post Evacuate Collection Set: 0.9ms
[2024-02-05T11:16:24.785+0000][1536][gc,phases   ] GC(4)   Other: 0.1ms
[2024-02-05T11:16:24.785+0000][1536][gc,age      ] GC(4) Age table with threshold 15 (max threshold 15)
[2024-02-05T11:16:24.785+0000][1536][gc,age      ] GC(4) - age   1:    3064008 bytes,    3064008 total
[2024-02-05T11:16:24.785+0000][1536][gc,age      ] GC(4) - age   2:    4073448 bytes,    7137456 total
[2024-02-05T11:16:24.785+0000][1536][gc,age      ] GC(4) - age   3:    1151040 bytes,    8288496 total
[2024-02-05T11:16:24.785+0000][1536][gc,age      ] GC(4) - age   4:   11874800 bytes,   20163296 total
[2024-02-05T11:16:24.785+0000][1536][gc,heap     ] GC(4) Eden regions: 63->0(600)
[2024-02-05T11:16:24.785+0000][1536][gc,heap     ] GC(4) Survivor regions: 5->6(9)
[2024-02-05T11:16:24.785+0000][1536][gc,heap     ] GC(4) Old regions: 0->0
[2024-02-05T11:16:24.785+0000][1536][gc,heap     ] GC(4) Archive regions: 0->0
[2024-02-05T11:16:24.785+0000][1536][gc,heap     ] GC(4) Humongous regions: 0->0
[2024-02-05T11:16:24.785+0000][1536][gc,metaspace] GC(4) Metaspace: 24983K(25600K)->24983K(25600K) NonClass: 22065K(22400K)->22065K(22400K) Class: 2917K(3200K)->2917K(3200K)
[2024-02-05T11:16:24.785+0000][1536][gc          ] GC(4) Pause Young (Normal) (G1 Evacuation Pause) 269M->20M(4040M) 8.893ms
[2024-02-05T11:16:24.785+0000][1536][gc,cpu      ] GC(4) User=0.12s Sys=0.00s Real=0.01s
[2024-02-05T11:16:24.785+0000][1536][safepoint   ] Safepoint "G1CollectForAllocation", Time since last: 799847900 ns, Reaching safepoint: 105200 ns, At safepoint: 8947400 ns, Total: 9052600 ns
[2024-02-05T11:16:25.793+0000][1536][safepoint   ] Safepoint "Cleanup", Time since last: 1007527200 ns, Reaching safepoint: 111500 ns, At safepoint: 5400 ns, Total: 116900 ns
[2024-02-05T11:16:26.813+0000][1536][safepoint   ] Safepoint "Cleanup", Time since last: 1019666000 ns, Reaching safepoint: 102700 ns, At safepoint: 9000 ns, Total: 111700 ns
[2024-02-05T11:16:27.833+0000][1536][safepoint   ] Safepoint "Cleanup", Time since last: 1019927600 ns, Reaching safepoint: 118600 ns, At safepoint: 20900 ns, Total: 139500 ns
[2024-02-05T11:16:28.953+0000][1536][safepoint   ] Safepoint "Cleanup", Time since last: 1119990800 ns, Reaching safepoint: 360800 ns, At safepoint: 11400 ns, Total: 372200 ns
[2024-02-05T11:16:29.973+0000][1536][safepoint   ] Safepoint "Cleanup", Time since last: 1019406400 ns, Reaching safepoint: 74800 ns, At safepoint: 5800 ns, Total: 80600 ns
[2024-02-05T11:16:30.979+0000][1536][safepoint   ] Safepoint "Cleanup", Time since last: 1005867600 ns, Reaching safepoint: 78100 ns, At safepoint: 7600 ns, Total: 85700 ns
[2024-02-05T11:16:31.994+0000][1536][safepoint   ] Safepoint "Cleanup", Time since last: 1014110200 ns, Reaching safepoint: 751100 ns, At safepoint: 26500 ns, Total: 777600 ns
[2024-02-05T11:16:33.883+0000][1536][safepoint   ] Safepoint "Cleanup", Time since last: 1889229500 ns, Reaching safepoint: 64000 ns, At safepoint: 3200 ns, Total: 67200 ns
[2024-02-05T11:16:34.893+0000][1536][safepoint   ] Safepoint "Cleanup", Time since last: 1009816100 ns, Reaching safepoint: 110200 ns, At safepoint: 5700 ns, Total: 115900 ns
[2024-02-05T11:16:35.903+0000][1536][safepoint   ] Safepoint "Cleanup", Time since last: 1010093400 ns, Reaching safepoint: 84400 ns, At safepoint: 7100 ns, Total: 91500 ns
[2024-02-05T11:16:36.913+0000][1536][safepoint   ] Safepoint "Cleanup", Time since last: 1009561500 ns, Reaching safepoint: 131700 ns, At safepoint: 2600 ns, Total: 134300 ns
[2024-02-05T11:16:38.240+0000][1536][gc,start    ] GC(5) Pause Young (Concurrent Start) (Metadata GC Threshold)
[2024-02-05T11:16:38.240+0000][1536][gc,task     ] GC(5) Using 8 workers of 8 for evacuation
[2024-02-05T11:16:38.240+0000][1536][gc,age      ] GC(5) Desired survivor size 159383552 bytes, new threshold 15 (max threshold 15)
[2024-02-05T11:16:38.253+0000][1536][gc,phases   ] GC(5)   Pre Evacuate Collection Set: 0.1ms
[2024-02-05T11:16:38.253+0000][1536][gc,phases   ] GC(5)   Merge Heap Roots: 0.1ms
[2024-02-05T11:16:38.253+0000][1536][gc,phases   ] GC(5)   Evacuate Collection Set: 10.5ms
[2024-02-05T11:16:38.253+0000][1536][gc,phases   ] GC(5)   Post Evacuate Collection Set: 1.3ms
[2024-02-05T11:16:38.253+0000][1536][gc,phases   ] GC(5)   Other: 0.1ms
[2024-02-05T11:16:38.253+0000][1536][gc,age      ] GC(5) Age table with threshold 15 (max threshold 15)
[2024-02-05T11:16:38.253+0000][1536][gc,age      ] GC(5) - age   1:    8852088 bytes,    8852088 total
[2024-02-05T11:16:38.253+0000][1536][gc,age      ] GC(5) - age   2:    2514568 bytes,   11366656 total
[2024-02-05T11:16:38.253+0000][1536][gc,age      ] GC(5) - age   3:    4043752 bytes,   15410408 total
[2024-02-05T11:16:38.253+0000][1536][gc,age      ] GC(5) - age   4:    1134520 bytes,   16544928 total
[2024-02-05T11:16:38.253+0000][1536][gc,age      ] GC(5) - age   5:   11750168 bytes,   28295096 total
[2024-02-05T11:16:38.253+0000][1536][gc,heap     ] GC(5) Eden regions: 172->0(535)
[2024-02-05T11:16:38.253+0000][1536][gc,heap     ] GC(5) Survivor regions: 6->8(76)
[2024-02-05T11:16:38.253+0000][1536][gc,heap     ] GC(5) Old regions: 0->0
[2024-02-05T11:16:38.253+0000][1536][gc,heap     ] GC(5) Archive regions: 0->0
[2024-02-05T11:16:38.253+0000][1536][gc,heap     ] GC(5) Humongous regions: 0->0
[2024-02-05T11:16:38.253+0000][1536][gc,metaspace] GC(5) Metaspace: 35518K(36416K)->35518K(36416K) NonClass: 31303K(31808K)->31303K(31808K) Class: 4215K(4608K)->4215K(4608K)
[2024-02-05T11:16:38.253+0000][1536][gc          ] GC(5) Pause Young (Concurrent Start) (Metadata GC Threshold) 708M->28M(4040M) 12.440ms
[2024-02-05T11:16:38.253+0000][1536][gc          ] GC(6) Concurrent Mark Cycle
[2024-02-05T11:16:38.253+0000][1536][gc,cpu      ] GC(5) User=0.12s Sys=0.00s Real=0.01s
[2024-02-05T11:16:38.253+0000][1536][gc,marking  ] GC(6) Concurrent Clear Claimed Marks
[2024-02-05T11:16:38.253+0000][1536][gc,marking  ] GC(6) Concurrent Clear Claimed Marks 0.106ms
[2024-02-05T11:16:38.253+0000][1536][safepoint   ] Safepoint "CollectForMetadataAllocation", Time since last: 1327670600 ns, Reaching safepoint: 66400 ns, At safepoint: 12606400 ns, Total: 12672800 ns
[2024-02-05T11:16:38.253+0000][1536][gc,marking  ] GC(6) Concurrent Scan Root Regions
[2024-02-05T11:16:38.260+0000][1536][gc,marking  ] GC(6) Concurrent Scan Root Regions 6.377ms
[2024-02-05T11:16:38.260+0000][1536][gc,marking  ] GC(6) Concurrent Mark
[2024-02-05T11:16:38.260+0000][1536][gc,marking  ] GC(6) Concurrent Mark From Roots
[2024-02-05T11:16:38.260+0000][1536][gc,task     ] GC(6) Using 2 workers of 2 for marking
[2024-02-05T11:16:38.260+0000][1536][gc,marking  ] GC(6) Concurrent Mark From Roots 0.278ms
[2024-02-05T11:16:38.260+0000][1536][gc,marking  ] GC(6) Concurrent Preclean
[2024-02-05T11:16:38.260+0000][1536][gc,marking  ] GC(6) Concurrent Preclean 0.011ms
[2024-02-05T11:16:38.260+0000][1536][gc,start    ] GC(6) Pause Remark
[2024-02-05T11:16:38.262+0000][1536][gc          ] GC(6) Pause Remark 30M->30M(4040M) 1.564ms
[2024-02-05T11:16:38.262+0000][1536][gc,cpu      ] GC(6) User=0.00s Sys=0.00s Real=0.00s
[2024-02-05T11:16:38.262+0000][1536][safepoint   ] Safepoint "G1Concurrent", Time since last: 6830000 ns, Reaching safepoint: 267900 ns, At safepoint: 1668000 ns, Total: 1935900 ns
[2024-02-05T11:16:38.262+0000][1536][gc,marking  ] GC(6) Concurrent Mark 2.364ms
[2024-02-05T11:16:38.262+0000][1536][gc,marking  ] GC(6) Concurrent Rebuild Remembered Sets
[2024-02-05T11:16:38.262+0000][1536][gc,marking  ] GC(6) Concurrent Rebuild Remembered Sets 0.011ms
[2024-02-05T11:16:38.262+0000][1536][gc,start    ] GC(6) Pause Cleanup
[2024-02-05T11:16:38.262+0000][1536][gc          ] GC(6) Pause Cleanup 30M->30M(4040M) 0.021ms
[2024-02-05T11:16:38.262+0000][1536][gc,cpu      ] GC(6) User=0.00s Sys=0.00s Real=0.00s
[2024-02-05T11:16:38.262+0000][1536][safepoint   ] Safepoint "G1Concurrent", Time since last: 111100 ns, Reaching safepoint: 83600 ns, At safepoint: 78300 ns, Total: 161900 ns
[2024-02-05T11:16:38.262+0000][1536][gc,marking  ] GC(6) Concurrent Cleanup for Next Mark
[2024-02-05T11:16:38.271+0000][1536][gc,marking  ] GC(6) Concurrent Cleanup for Next Mark 9.849ms
[2024-02-05T11:16:38.272+0000][1536][gc          ] GC(6) Concurrent Mark Cycle 19.176ms
[2024-02-05T11:16:39.264+0000][1536][safepoint   ] Safepoint "Cleanup", Time since last: 1000672300 ns, Reaching safepoint: 732900 ns, At safepoint: 19600 ns, Total: 752500 ns
[2024-02-05T11:16:39.990+0000][1536][safepoint   ] Safepoint "ICBufferFull", Time since last: 726650200 ns, Reaching safepoint: 103700 ns, At safepoint: 6700 ns, Total: 110400 ns
[2024-02-05T11:16:40.993+0000][1536][safepoint   ] Safepoint "Cleanup", Time since last: 1002465100 ns, Reaching safepoint: 258000 ns, At safepoint: 21900 ns, Total: 279900 ns
[2024-02-05T11:16:42.005+0000][1536][safepoint   ] Safepoint "ICBufferFull", Time since last: 1012384600 ns, Reaching safepoint: 125600 ns, At safepoint: 20400 ns, Total: 146000 ns
[2024-02-05T11:16:43.019+0000][1536][safepoint   ] Safepoint "Cleanup", Time since last: 1012895900 ns, Reaching safepoint: 145800 ns, At safepoint: 5300 ns, Total: 151100 ns
[2024-02-05T11:16:44.025+0000][1536][safepoint   ] Safepoint "Cleanup", Time since last: 1005767000 ns, Reaching safepoint: 80700 ns, At safepoint: 10200 ns, Total: 90900 ns
[2024-02-05T11:16:45.037+0000][1536][safepoint   ] Safepoint "Cleanup", Time since last: 1012983500 ns, Reaching safepoint: 75400 ns, At safepoint: 40500 ns, Total: 115900 ns
[2024-02-05T11:16:46.716+0000][1536][safepoint   ] Safepoint "Cleanup", Time since last: 1678118300 ns, Reaching safepoint: 227700 ns, At safepoint: 8100 ns, Total: 235800 ns
[2024-02-05T11:16:47.936+0000][1536][safepoint   ] Safepoint "Cleanup", Time since last: 1220138900 ns, Reaching safepoint: 84300 ns, At safepoint: 10900 ns, Total: 95200 ns
[2024-02-05T11:16:49.276+0000][1536][gc,start    ] GC(7) Pause Young (Concurrent Start) (Metadata GC Threshold)
[2024-02-05T11:16:49.276+0000][1536][gc,task     ] GC(7) Using 8 workers of 8 for evacuation
[2024-02-05T11:16:49.276+0000][1536][gc,age      ] GC(7) Desired survivor size 142606336 bytes, new threshold 15 (max threshold 15)
[2024-02-05T11:16:49.308+0000][1536][gc,phases   ] GC(7)   Pre Evacuate Collection Set: 0.2ms
[2024-02-05T11:16:49.309+0000][1536][gc,phases   ] GC(7)   Merge Heap Roots: 0.1ms
[2024-02-05T11:16:49.309+0000][1536][gc,phases   ] GC(7)   Evacuate Collection Set: 29.5ms
[2024-02-05T11:16:49.309+0000][1536][gc,phases   ] GC(7)   Post Evacuate Collection Set: 2.7ms
[2024-02-05T11:16:49.309+0000][1536][gc,phases   ] GC(7)   Other: 0.1ms
[2024-02-05T11:16:49.309+0000][1536][gc,age      ] GC(7) Age table with threshold 15 (max threshold 15)
[2024-02-05T11:16:49.309+0000][1536][gc,age      ] GC(7) - age   1:   24315072 bytes,   24315072 total
[2024-02-05T11:16:49.309+0000][1536][gc,age      ] GC(7) - age   2:    8651408 bytes,   32966480 total
[2024-02-05T11:16:49.309+0000][1536][gc,age      ] GC(7) - age   3:    2509408 bytes,   35475888 total
[2024-02-05T11:16:49.309+0000][1536][gc,age      ] GC(7) - age   4:    4026632 bytes,   39502520 total
[2024-02-05T11:16:49.309+0000][1536][gc,age      ] GC(7) - age   5:    1128816 bytes,   40631336 total
[2024-02-05T11:16:49.309+0000][1536][gc,age      ] GC(7) - age   6:   11692592 bytes,   52323928 total
[2024-02-05T11:16:49.309+0000][1536][gc,heap     ] GC(7) Eden regions: 108->0(158)
[2024-02-05T11:16:49.309+0000][1536][gc,heap     ] GC(7) Survivor regions: 8->14(68)
[2024-02-05T11:16:49.309+0000][1536][gc,heap     ] GC(7) Old regions: 0->0
[2024-02-05T11:16:49.309+0000][1536][gc,heap     ] GC(7) Archive regions: 0->0
[2024-02-05T11:16:49.309+0000][1536][gc,heap     ] GC(7) Humongous regions: 0->0
[2024-02-05T11:16:49.309+0000][1536][gc,metaspace] GC(7) Metaspace: 59393K(60800K)->59393K(60800K) NonClass: 51791K(52608K)->51791K(52608K) Class: 7601K(8192K)->7601K(8192K)
[2024-02-05T11:16:49.309+0000][1536][gc          ] GC(7) Pause Young (Concurrent Start) (Metadata GC Threshold) 460M->52M(4040M) 33.073ms
[2024-02-05T11:16:49.309+0000][1536][gc          ] GC(8) Concurrent Mark Cycle
[2024-02-05T11:16:49.309+0000][1536][gc,cpu      ] GC(7) User=0.25s Sys=0.00s Real=0.03s
[2024-02-05T11:16:49.309+0000][1536][gc,marking  ] GC(8) Concurrent Clear Claimed Marks
[2024-02-05T11:16:49.309+0000][1536][gc,marking  ] GC(8) Concurrent Clear Claimed Marks 0.101ms
[2024-02-05T11:16:49.309+0000][1536][gc,marking  ] GC(8) Concurrent Scan Root Regions
[2024-02-05T11:16:49.309+0000][1536][safepoint   ] Safepoint "CollectForMetadataAllocation", Time since last: 1339425800 ns, Reaching safepoint: 53600 ns, At safepoint: 33289200 ns, Total: 33342800 ns
[2024-02-05T11:16:49.331+0000][1536][gc,marking  ] GC(8) Concurrent Scan Root Regions 24.866ms
[2024-02-05T11:16:49.331+0000][1536][gc,marking  ] GC(8) Concurrent Mark
[2024-02-05T11:16:49.331+0000][1536][gc,marking  ] GC(8) Concurrent Mark From Roots
[2024-02-05T11:16:49.331+0000][1536][gc,task     ] GC(8) Using 2 workers of 2 for marking
[2024-02-05T11:16:49.331+0000][1536][gc,marking  ] GC(8) Concurrent Mark From Roots 0.244ms
[2024-02-05T11:16:49.331+0000][1536][gc,marking  ] GC(8) Concurrent Preclean
[2024-02-05T11:16:49.331+0000][1536][gc,marking  ] GC(8) Concurrent Preclean 0.015ms
[2024-02-05T11:16:49.331+0000][1536][gc,start    ] GC(8) Pause Remark
[2024-02-05T11:16:49.337+0000][1536][gc          ] GC(8) Pause Remark 56M->56M(4040M) 2.984ms
[2024-02-05T11:16:49.337+0000][1536][gc,cpu      ] GC(8) User=0.00s Sys=0.00s Real=0.01s
[2024-02-05T11:16:49.337+0000][1536][safepoint   ] Safepoint "G1Concurrent", Time since last: 25270300 ns, Reaching safepoint: 66900 ns, At safepoint: 3101600 ns, Total: 3168500 ns
[2024-02-05T11:16:49.337+0000][1536][gc,marking  ] GC(8) Concurrent Mark 3.569ms
[2024-02-05T11:16:49.338+0000][1536][gc,marking  ] GC(8) Concurrent Rebuild Remembered Sets
[2024-02-05T11:16:49.338+0000][1536][gc,marking  ] GC(8) Concurrent Rebuild Remembered Sets 0.016ms
[2024-02-05T11:16:49.338+0000][1536][gc,start    ] GC(8) Pause Cleanup
[2024-02-05T11:16:49.338+0000][1536][gc          ] GC(8) Pause Cleanup 56M->56M(4040M) 0.029ms
[2024-02-05T11:16:49.338+0000][1536][gc,cpu      ] GC(8) User=0.00s Sys=0.00s Real=0.00s
[2024-02-05T11:16:49.338+0000][1536][safepoint   ] Safepoint "G1Concurrent", Time since last: 144300 ns, Reaching safepoint: 123800 ns, At safepoint: 64000 ns, Total: 187800 ns
[2024-02-05T11:16:49.338+0000][1536][gc,marking  ] GC(8) Concurrent Cleanup for Next Mark
[2024-02-05T11:16:49.346+0000][1536][gc,marking  ] GC(8) Concurrent Cleanup for Next Mark 8.703ms
[2024-02-05T11:16:49.347+0000][1536][gc          ] GC(8) Concurrent Mark Cycle 37.757ms
[2024-02-05T11:16:50.352+0000][1536][safepoint   ] Safepoint "Cleanup", Time since last: 1013834300 ns, Reaching safepoint: 153700 ns, At safepoint: 12100 ns, Total: 165800 ns
[2024-02-05T11:16:51.356+0000][1536][safepoint   ] Safepoint "Cleanup", Time since last: 1003614600 ns, Reaching safepoint: 61100 ns, At safepoint: 209700 ns, Total: 270800 ns
[2024-02-05T11:16:52.374+0000][1536][safepoint   ] Safepoint "Cleanup", Time since last: 1018225700 ns, Reaching safepoint: 74700 ns, At safepoint: 8100 ns, Total: 82800 ns
[2024-02-05T11:16:53.401+0000][1536][safepoint   ] Safepoint "Cleanup", Time since last: 1028241300 ns, Reaching safepoint: 72900 ns, At safepoint: 8100 ns, Total: 81000 ns
[2024-02-05T11:16:54.862+0000][1536][safepoint   ] Safepoint "Cleanup", Time since last: 1459631400 ns, Reaching safepoint: 193600 ns, At safepoint: 5700 ns, Total: 199300 ns
[2024-02-05T11:16:55.867+0000][1536][safepoint   ] Safepoint "Cleanup", Time since last: 1005241300 ns, Reaching safepoint: 555400 ns, At safepoint: 70700 ns, Total: 626100 ns
[2024-02-05T11:16:56.882+0000][1536][safepoint   ] Safepoint "Cleanup", Time since last: 1013752900 ns, Reaching safepoint: 353200 ns, At safepoint: 6200 ns, Total: 359400 ns
[2024-02-05T11:16:57.886+0000][1536][safepoint   ] Safepoint "Cleanup", Time since last: 1003411400 ns, Reaching safepoint: 101200 ns, At safepoint: 14500 ns, Total: 115700 ns
[2024-02-05T11:16:58.884+0000][1536][safepoint   ] Safepoint "ICBufferFull", Time since last: 997920200 ns, Reaching safepoint: 340900 ns, At safepoint: 16300 ns, Total: 357200 ns
[2024-02-05T11:16:59.923+0000][1536][gc,start    ] GC(9) Pause Young (Concurrent Start) (Metadata GC Threshold)
[2024-02-05T11:16:59.923+0000][1536][gc,task     ] GC(9) Using 8 workers of 8 for evacuation
[2024-02-05T11:16:59.923+0000][1536][gc,age      ] GC(9) Desired survivor size 46137344 bytes, new threshold 6 (max threshold 15)
[2024-02-05T11:16:59.983+0000][1536][gc,phases   ] GC(9)   Pre Evacuate Collection Set: 0.4ms
[2024-02-05T11:16:59.983+0000][1536][gc,phases   ] GC(9)   Merge Heap Roots: 0.1ms
[2024-02-05T11:16:59.983+0000][1536][gc,phases   ] GC(9)   Evacuate Collection Set: 56.6ms
[2024-02-05T11:16:59.983+0000][1536][gc,phases   ] GC(9)   Post Evacuate Collection Set: 2.9ms
[2024-02-05T11:16:59.983+0000][1536][gc,phases   ] GC(9)   Other: 0.0ms
[2024-02-05T11:16:59.983+0000][1536][gc,age      ] GC(9) Age table with threshold 6 (max threshold 15)
[2024-02-05T11:16:59.983+0000][1536][gc,age      ] GC(9) - age   1:   17165848 bytes,   17165848 total
[2024-02-05T11:16:59.983+0000][1536][gc,age      ] GC(9) - age   2:   23736976 bytes,   40902824 total
[2024-02-05T11:16:59.983+0000][1536][gc,age      ] GC(9) - age   3:    8594504 bytes,   49497328 total
[2024-02-05T11:16:59.983+0000][1536][gc,age      ] GC(9) - age   4:    2500000 bytes,   51997328 total
[2024-02-05T11:16:59.983+0000][1536][gc,age      ] GC(9) - age   5:    4013080 bytes,   56010408 total
[2024-02-05T11:16:59.983+0000][1536][gc,age      ] GC(9) - age   6:    1123752 bytes,   57134160 total
[2024-02-05T11:16:59.983+0000][1536][gc,heap     ] GC(9) Eden regions: 117->0(92)
[2024-02-05T11:16:59.983+0000][1536][gc,heap     ] GC(9) Survivor regions: 14->15(22)
[2024-02-05T11:16:59.983+0000][1536][gc,heap     ] GC(9) Old regions: 0->3
[2024-02-05T11:16:59.983+0000][1536][gc,heap     ] GC(9) Archive regions: 0->0
[2024-02-05T11:16:59.983+0000][1536][gc,heap     ] GC(9) Humongous regions: 0->0
[2024-02-05T11:16:59.983+0000][1536][gc,metaspace] GC(9) Metaspace: 98805K(101696K)->98805K(101696K) NonClass: 85448K(86912K)->85448K(86912K) Class: 13356K(14784K)->13356K(14784K)
[2024-02-05T11:16:59.983+0000][1536][gc          ] GC(9) Pause Young (Concurrent Start) (Metadata GC Threshold) 518M->69M(4040M) 60.349ms
[2024-02-05T11:16:59.983+0000][1536][gc          ] GC(10) Concurrent Mark Cycle
[2024-02-05T11:16:59.983+0000][1536][gc,cpu      ] GC(9) User=0.28s Sys=0.02s Real=0.06s
[2024-02-05T11:16:59.983+0000][1536][gc,marking  ] GC(10) Concurrent Clear Claimed Marks
[2024-02-05T11:16:59.983+0000][1536][safepoint   ] Safepoint "CollectForMetadataAllocation", Time since last: 1039003600 ns, Reaching safepoint: 120600 ns, At safepoint: 60522400 ns, Total: 60643000 ns
[2024-02-05T11:16:59.983+0000][1536][gc,marking  ] GC(10) Concurrent Clear Claimed Marks 0.264ms
[2024-02-05T11:16:59.983+0000][1536][gc,marking  ] GC(10) Concurrent Scan Root Regions
[2024-02-05T11:17:00.022+0000][1536][gc,marking  ] GC(10) Concurrent Scan Root Regions 38.740ms
[2024-02-05T11:17:00.022+0000][1536][gc,marking  ] GC(10) Concurrent Mark
[2024-02-05T11:17:00.022+0000][1536][gc,marking  ] GC(10) Concurrent Mark From Roots
[2024-02-05T11:17:00.022+0000][1536][gc,task     ] GC(10) Using 2 workers of 2 for marking
[2024-02-05T11:17:00.023+0000][1536][gc,marking  ] GC(10) Concurrent Mark From Roots 0.362ms
[2024-02-05T11:17:00.023+0000][1536][gc,marking  ] GC(10) Concurrent Preclean
[2024-02-05T11:17:00.023+0000][1536][gc,marking  ] GC(10) Concurrent Preclean 0.020ms
[2024-02-05T11:17:00.023+0000][1536][gc,start    ] GC(10) Pause Remark
[2024-02-05T11:17:00.028+0000][1536][gc          ] GC(10) Pause Remark 72M->72M(4040M) 4.734ms
[2024-02-05T11:17:00.028+0000][1536][gc,cpu      ] GC(10) User=0.00s Sys=0.00s Real=0.01s
[2024-02-05T11:17:00.028+0000][1536][safepoint   ] Safepoint "G1Concurrent", Time since last: 39487700 ns, Reaching safepoint: 126500 ns, At safepoint: 4815200 ns, Total: 4941700 ns
[2024-02-05T11:17:00.028+0000][1536][gc,marking  ] GC(10) Concurrent Mark 5.449ms
[2024-02-05T11:17:00.028+0000][1536][gc,marking  ] GC(10) Concurrent Rebuild Remembered Sets
[2024-02-05T11:17:00.034+0000][1536][gc,marking  ] GC(10) Concurrent Rebuild Remembered Sets 6.568ms
[2024-02-05T11:17:00.034+0000][1536][gc,start    ] GC(10) Pause Cleanup
[2024-02-05T11:17:00.034+0000][1536][gc          ] GC(10) Pause Cleanup 72M->72M(4040M) 0.144ms
[2024-02-05T11:17:00.034+0000][1536][gc,cpu      ] GC(10) User=0.00s Sys=0.00s Real=0.00s
[2024-02-05T11:17:00.034+0000][1536][safepoint   ] Safepoint "G1Concurrent", Time since last: 6704200 ns, Reaching safepoint: 39200 ns, At safepoint: 217900 ns, Total: 257100 ns
[2024-02-05T11:17:00.034+0000][1536][gc,marking  ] GC(10) Concurrent Cleanup for Next Mark
[2024-02-05T11:17:00.045+0000][1536][gc,marking  ] GC(10) Concurrent Cleanup for Next Mark 9.852ms
[2024-02-05T11:17:00.045+0000][1536][gc          ] GC(10) Concurrent Mark Cycle 61.569ms
[2024-02-05T11:17:00.851+0000][1536][safepoint   ] Safepoint "ICBufferFull", Time since last: 815577000 ns, Reaching safepoint: 309500 ns, At safepoint: 14400 ns, Total: 323900 ns
[2024-02-05T11:17:01.333+0000][1536][safepoint   ] Safepoint "ICBufferFull", Time since last: 482303500 ns, Reaching safepoint: 120000 ns, At safepoint: 7600 ns, Total: 127600 ns
[2024-02-05T11:17:02.237+0000][1536][safepoint   ] Safepoint "ICBufferFull", Time since last: 903837300 ns, Reaching safepoint: 163700 ns, At safepoint: 4600 ns, Total: 168300 ns
[2024-02-05T11:17:02.897+0000][1536][safepoint   ] Safepoint "ICBufferFull", Time since last: 660052700 ns, Reaching safepoint: 136300 ns, At safepoint: 8400 ns, Total: 144700 ns
[2024-02-05T11:17:04.537+0000][1536][safepoint   ] Safepoint "Cleanup", Time since last: 1639720000 ns, Reaching safepoint: 173600 ns, At safepoint: 7300 ns, Total: 180900 ns
[2024-02-05T11:17:05.776+0000][1536][safepoint   ] Safepoint "Cleanup", Time since last: 1238662200 ns, Reaching safepoint: 146600 ns, At safepoint: 10000 ns, Total: 156600 ns
[2024-02-05T11:17:06.886+0000][1536][safepoint   ] Safepoint "Cleanup", Time since last: 1109433900 ns, Reaching safepoint: 152900 ns, At safepoint: 16900 ns, Total: 169800 ns
[2024-02-05T11:17:07.887+0000][1536][safepoint   ] Safepoint "Cleanup", Time since last: 1001232000 ns, Reaching safepoint: 166900 ns, At safepoint: 38500 ns, Total: 205400 ns
[2024-02-05T11:17:08.987+0000][1536][safepoint   ] Safepoint "ICBufferFull", Time since last: 1099265700 ns, Reaching safepoint: 163000 ns, At safepoint: 39700 ns, Total: 202700 ns
[2024-02-05T11:17:09.187+0000][1536][safepoint   ] Safepoint "ICBufferFull", Time since last: 200260000 ns, Reaching safepoint: 161800 ns, At safepoint: 11600 ns, Total: 173400 ns
[2024-02-05T11:17:10.132+0000][1536][safepoint   ] Safepoint "ICBufferFull", Time since last: 944881900 ns, Reaching safepoint: 152000 ns, At safepoint: 10200 ns, Total: 162200 ns
[2024-02-05T11:17:10.493+0000][1536][safepoint   ] Safepoint "ICBufferFull", Time since last: 360357300 ns, Reaching safepoint: 199200 ns, At safepoint: 10400 ns, Total: 209600 ns
[2024-02-05T11:17:11.135+0000][1536][safepoint   ] Safepoint "ICBufferFull", Time since last: 642250700 ns, Reaching safepoint: 152400 ns, At safepoint: 33800 ns, Total: 186200 ns
[2024-02-05T11:17:11.627+0000][1536][gc,start    ] GC(11) Pause Young (Normal) (G1 Evacuation Pause)
[2024-02-05T11:17:11.627+0000][1536][gc,task     ] GC(11) Using 8 workers of 8 for evacuation
[2024-02-05T11:17:11.627+0000][1536][gc,age      ] GC(11) Desired survivor size 29360128 bytes, new threshold 2 (max threshold 15)
[2024-02-05T11:17:11.663+0000][1536][gc,phases   ] GC(11)   Pre Evacuate Collection Set: 0.1ms
[2024-02-05T11:17:11.722+0000][1536][gc,phases   ] GC(11)   Merge Heap Roots: 0.1ms
[2024-02-05T11:17:11.722+0000][1536][gc,phases   ] GC(11)   Evacuate Collection Set: 33.8ms
[2024-02-05T11:17:11.722+0000][1536][gc,phases   ] GC(11)   Post Evacuate Collection Set: 2.1ms
[2024-02-05T11:17:11.722+0000][1536][gc,phases   ] GC(11)   Other: 0.1ms
[2024-02-05T11:17:11.722+0000][1536][gc,age      ] GC(11) Age table with threshold 2 (max threshold 15)
[2024-02-05T11:17:11.722+0000][1536][gc,age      ] GC(11) - age   1:   12924944 bytes,   12924944 total
[2024-02-05T11:17:11.722+0000][1536][gc,age      ] GC(11) - age   2:   16580432 bytes,   29505376 total
[2024-02-05T11:17:11.722+0000][1536][gc,heap     ] GC(11) Eden regions: 97->0(447)
[2024-02-05T11:17:11.722+0000][1536][gc,heap     ] GC(11) Survivor regions: 15->8(14)
[2024-02-05T11:17:11.722+0000][1536][gc,heap     ] GC(11) Old regions: 3->13
[2024-02-05T11:17:11.722+0000][1536][gc,heap     ] GC(11) Archive regions: 0->0
[2024-02-05T11:17:11.722+0000][1536][gc,heap     ] GC(11) Humongous regions: 2->2
[2024-02-05T11:17:11.722+0000][1536][gc,metaspace] GC(11) Metaspace: 114319K(117504K)->114319K(117504K) NonClass: 98813K(100480K)->98813K(100480K) Class: 15506K(17024K)->15506K(17024K)
[2024-02-05T11:17:11.722+0000][1536][gc          ] GC(11) Pause Young (Normal) (G1 Evacuation Pause) 465M->89M(4040M) 95.478ms
[2024-02-05T11:17:11.722+0000][1536][gc,cpu      ] GC(11) User=0.19s Sys=0.03s Real=0.09s
[2024-02-05T11:17:11.723+0000][1536][safepoint   ] Safepoint "G1CollectForAllocation", Time since last: 491829800 ns, Reaching safepoint: 80500 ns, At safepoint: 95732800 ns, Total: 95813300 ns
[2024-02-05T11:17:13.186+0000][1536][safepoint   ] Safepoint "Cleanup", Time since last: 1463024400 ns, Reaching safepoint: 202300 ns, At safepoint: 18600 ns, Total: 220900 ns
[2024-02-05T11:17:14.200+0000][1536][safepoint   ] Safepoint "Cleanup", Time since last: 1013761100 ns, Reaching safepoint: 123600 ns, At safepoint: 16100 ns, Total: 139700 ns
[2024-02-05T11:17:15.201+0000][1536][safepoint   ] Safepoint "Cleanup", Time since last: 1000745700 ns, Reaching safepoint: 109100 ns, At safepoint: 46300 ns, Total: 155400 ns
[2024-02-05T11:17:15.936+0000][1536][safepoint   ] Safepoint "ICBufferFull", Time since last: 713492900 ns, Reaching safepoint: 21468800 ns, At safepoint: 275500 ns, Total: 21744300 ns
[2024-02-05T11:17:16.986+0000][1536][safepoint   ] Safepoint "Cleanup", Time since last: 1015466000 ns, Reaching safepoint: 34874200 ns, At safepoint: 384400 ns, Total: 35258600 ns
[2024-02-05T11:17:18.036+0000][1536][safepoint   ] Safepoint "Cleanup", Time since last: 1014438300 ns, Reaching safepoint: 34557000 ns, At safepoint: 75300 ns, Total: 34632300 ns
[2024-02-05T11:17:19.086+0000][1536][safepoint   ] Safepoint "Cleanup", Time since last: 1014917300 ns, Reaching safepoint: 34963200 ns, At safepoint: 345100 ns, Total: 35308300 ns
[2024-02-05T11:17:20.101+0000][1536][safepoint   ] Safepoint "Cleanup", Time since last: 1014725500 ns, Reaching safepoint: 190100 ns, At safepoint: 31200 ns, Total: 221300 ns
[2024-02-05T11:17:21.115+0000][1536][safepoint   ] Safepoint "Cleanup", Time since last: 1014133200 ns, Reaching safepoint: 93400 ns, At safepoint: 48700 ns, Total: 142100 ns
[2024-02-05T11:17:22.116+0000][1536][safepoint   ] Safepoint "Cleanup", Time since last: 1000749300 ns, Reaching safepoint: 133600 ns, At safepoint: 46100 ns, Total: 179700 ns
[2024-02-05T11:17:23.131+0000][1536][safepoint   ] Safepoint "Cleanup", Time since last: 1014452400 ns, Reaching safepoint: 115700 ns, At safepoint: 15300 ns, Total: 131000 ns
[2024-02-05T11:17:24.186+0000][1536][safepoint   ] Safepoint "Cleanup", Time since last: 1000569500 ns, Reaching safepoint: 54091300 ns, At safepoint: 365100 ns, Total: 54456400 ns
[2024-02-05T11:17:25.200+0000][1536][safepoint   ] Safepoint "Cleanup", Time since last: 1014188500 ns, Reaching safepoint: 109400 ns, At safepoint: 28200 ns, Total: 137600 ns
[2024-02-05T11:17:27.197+0000][1536][safepoint   ] Safepoint "Cleanup", Time since last: 1996765699 ns, Reaching safepoint: 179701 ns, At safepoint: 5300 ns, Total: 185001 ns
[2024-02-05T11:17:28.207+0000][1536][safepoint   ] Safepoint "Cleanup", Time since last: 1009703100 ns, Reaching safepoint: 122799 ns, At safepoint: 8801 ns, Total: 131600 ns
[2024-02-05T11:17:29.219+0000][1536][safepoint   ] Safepoint "Cleanup", Time since last: 1011837800 ns, Reaching safepoint: 140200 ns, At safepoint: 22799 ns, Total: 162999 ns
[2024-02-05T11:17:30.235+0000][1536][safepoint   ] Safepoint "Cleanup", Time since last: 1015988601 ns, Reaching safepoint: 125300 ns, At safepoint: 30399 ns, Total: 155699 ns
[2024-02-05T11:17:31.236+0000][1536][safepoint   ] Safepoint "Cleanup", Time since last: 1000384401 ns, Reaching safepoint: 104700 ns, At safepoint: 11800 ns, Total: 116500 ns
[2024-02-05T11:17:32.246+0000][1536][safepoint   ] Safepoint "Cleanup", Time since last: 1010119200 ns, Reaching safepoint: 104199 ns, At safepoint: 19201 ns, Total: 123400 ns
[2024-02-05T11:17:33.253+0000][1536][safepoint   ] Safepoint "Cleanup", Time since last: 1006634000 ns, Reaching safepoint: 177600 ns, At safepoint: 35699 ns, Total: 213299 ns
[2024-02-05T11:17:36.282+0000][1536][safepoint   ] Safepoint "Cleanup", Time since last: 3028510201 ns, Reaching safepoint: 108900 ns, At safepoint: 13200 ns, Total: 122100 ns
[2024-02-05T11:17:43.353+0000][1536][safepoint   ] Safepoint "Cleanup", Time since last: 7071246200 ns, Reaching safepoint: 101800 ns, At safepoint: 12299 ns, Total: 114099 ns
[2024-02-05T11:17:45.367+0000][1536][safepoint   ] Safepoint "Cleanup", Time since last: 2014172901 ns, Reaching safepoint: 114499 ns, At safepoint: 21901 ns, Total: 136400 ns
[2024-02-05T11:17:48.417+0000][1536][safepoint   ] Safepoint "Cleanup", Time since last: 3049662100 ns, Reaching safepoint: 96400 ns, At safepoint: 13200 ns, Total: 109600 ns
[2024-02-05T11:17:51.436+0000][1536][safepoint   ] Safepoint "Cleanup", Time since last: 3018571200 ns, Reaching safepoint: 97200 ns, At safepoint: 59300 ns, Total: 156500 ns
[2024-02-05T11:17:56.486+0000][1536][safepoint   ] Safepoint "Cleanup", Time since last: 5050294800 ns, Reaching safepoint: 139600 ns, At safepoint: 10600 ns, Total: 150200 ns
[2024-02-05T11:17:59.531+0000][1536][safepoint   ] Safepoint "Cleanup", Time since last: 3044917800 ns, Reaching safepoint: 102600 ns, At safepoint: 11800 ns, Total: 114400 ns
[2024-02-05T11:18:02.566+0000][1536][safepoint   ] Safepoint "Cleanup", Time since last: 3034702800 ns, Reaching safepoint: 85500 ns, At safepoint: 34800 ns, Total: 120300 ns
[2024-02-05T11:18:03.583+0000][1536][safepoint   ] Safepoint "Cleanup", Time since last: 1016869200 ns, Reaching safepoint: 114500 ns, At safepoint: 25300 ns, Total: 139800 ns
[2024-02-05T11:18:04.584+0000][1536][safepoint   ] Safepoint "Cleanup", Time since last: 1001264700 ns, Reaching safepoint: 118200 ns, At safepoint: 12700 ns, Total: 130900 ns
[2024-02-05T11:18:08.616+0000][1536][safepoint   ] Safepoint "Cleanup", Time since last: 4031507800 ns, Reaching safepoint: 82600 ns, At safepoint: 24100 ns, Total: 106700 ns
[2024-02-05T11:18:15.716+0000][1536][safepoint   ] Safepoint "Cleanup", Time since last: 7099716800 ns, Reaching safepoint: 137800 ns, At safepoint: 11100 ns, Total: 148900 ns
[2024-02-05T11:18:16.730+0000][1536][safepoint   ] Safepoint "Cleanup", Time since last: 1014482300 ns, Reaching safepoint: 74800 ns, At safepoint: 10800 ns, Total: 85600 ns
[2024-02-05T11:18:18.746+0000][1536][safepoint   ] Safepoint "Cleanup", Time since last: 2015357200 ns, Reaching safepoint: 652900 ns, At safepoint: 12000 ns, Total: 664900 ns
[2024-02-05T11:18:19.757+0000][1536][safepoint   ] Safepoint "Cleanup", Time since last: 1010720000 ns, Reaching safepoint: 117400 ns, At safepoint: 15100 ns, Total: 132500 ns
[2024-02-05T11:18:23.780+0000][1536][safepoint   ] Safepoint "Cleanup", Time since last: 4022716200 ns, Reaching safepoint: 80100 ns, At safepoint: 14600 ns, Total: 94700 ns
[2024-02-05T11:18:27.817+0000][1536][safepoint   ] Safepoint "Cleanup", Time since last: 4036869400 ns, Reaching safepoint: 74400 ns, At safepoint: 18900 ns, Total: 93300 ns
[2024-02-05T11:18:28.827+0000][1536][safepoint   ] Safepoint "Cleanup", Time since last: 1009514900 ns, Reaching safepoint: 64600 ns, At safepoint: 13300 ns, Total: 77900 ns
[2024-02-05T11:18:30.846+0000][1536][safepoint   ] Safepoint "Cleanup", Time since last: 2019053100 ns, Reaching safepoint: 96400 ns, At safepoint: 16800 ns, Total: 113200 ns
[2024-02-05T11:18:32.876+0000][1536][safepoint   ] Safepoint "Cleanup", Time since last: 2030128900 ns, Reaching safepoint: 62900 ns, At safepoint: 15600 ns, Total: 78500 ns
[2024-02-05T11:18:34.893+0000][1536][safepoint   ] Safepoint "Cleanup", Time since last: 2017253700 ns, Reaching safepoint: 111100 ns, At safepoint: 35600 ns, Total: 146700 ns
[2024-02-05T11:18:35.911+0000][1536][safepoint   ] Safepoint "Cleanup", Time since last: 1001233200 ns, Reaching safepoint: 15939900 ns, At safepoint: 28200 ns, Total: 15968100 ns
[2024-02-05T11:18:44.001+0000][1536][safepoint   ] Safepoint "Cleanup", Time since last: 8090456800 ns, Reaching safepoint: 61200 ns, At safepoint: 39800 ns, Total: 101000 ns
[2024-02-05T11:18:47.031+0000][1536][safepoint   ] Safepoint "Cleanup", Time since last: 3030037600 ns, Reaching safepoint: 68200 ns, At safepoint: 12200 ns, Total: 80400 ns
[2024-02-05T11:18:48.393+0000][1536][safepoint   ] Safepoint "Cleanup", Time since last: 1361279500 ns, Reaching safepoint: 257700 ns, At safepoint: 55300 ns, Total: 313000 ns
[2024-02-05T11:18:50.401+0000][1536][safepoint   ] Safepoint "Cleanup", Time since last: 2008166500 ns, Reaching safepoint: 703300 ns, At safepoint: 45900 ns, Total: 749200 ns
[2024-02-05T11:18:51.408+0000][1536][safepoint   ] Safepoint "Cleanup", Time since last: 1005939700 ns, Reaching safepoint: 63100 ns, At safepoint: 8200 ns, Total: 71300 ns
[2024-02-05T11:18:53.426+0000][1536][safepoint   ] Safepoint "Cleanup", Time since last: 2017958600 ns, Reaching safepoint: 61700 ns, At safepoint: 17100 ns, Total: 78800 ns
[2024-02-05T11:18:59.486+0000][1536][safepoint   ] Safepoint "Cleanup", Time since last: 6059967500 ns, Reaching safepoint: 81100 ns, At safepoint: 18400 ns, Total: 99500 ns
[2024-02-05T11:19:01.501+0000][1536][safepoint   ] Safepoint "Cleanup", Time since last: 2015281200 ns, Reaching safepoint: 108800 ns, At safepoint: 46800 ns, Total: 155600 ns
[2024-02-05T11:19:02.517+0000][1536][safepoint   ] Safepoint "Cleanup", Time since last: 1015871300 ns, Reaching safepoint: 68300 ns, At safepoint: 43300 ns, Total: 111600 ns
[2024-02-05T11:19:03.751+0000][1536][safepoint   ] Safepoint "Cleanup", Time since last: 1233604900 ns, Reaching safepoint: 122900 ns, At safepoint: 51300 ns, Total: 174200 ns
[2024-02-05T11:19:05.776+0000][1536][safepoint   ] Safepoint "Cleanup", Time since last: 2024516400 ns, Reaching safepoint: 82500 ns, At safepoint: 18700 ns, Total: 101200 ns
[2024-02-05T11:19:07.777+0000][1536][safepoint   ] Safepoint "Cleanup", Time since last: 2000813000 ns, Reaching safepoint: 125700 ns, At safepoint: 10800 ns, Total: 136500 ns
[2024-02-05T11:19:08.790+0000][1536][safepoint   ] Safepoint "Cleanup", Time since last: 1012937400 ns, Reaching safepoint: 65900 ns, At safepoint: 9500 ns, Total: 75400 ns
[2024-02-05T11:19:12.808+0000][1536][safepoint   ] Safepoint "Cleanup", Time since last: 4018524100 ns, Reaching safepoint: 164300 ns, At safepoint: 12100 ns, Total: 176400 ns
[2024-02-05T11:19:15.823+0000][1536][safepoint   ] Safepoint "Cleanup", Time since last: 3014833700 ns, Reaching safepoint: 106400 ns, At safepoint: 6500 ns, Total: 112900 ns
[2024-02-05T11:19:17.830+0000][1536][safepoint   ] Safepoint "Cleanup", Time since last: 2006191700 ns, Reaching safepoint: 109500 ns, At safepoint: 11500 ns, Total: 121000 ns
[2024-02-05T11:19:18.830+0000][1536][safepoint   ] Safepoint "Cleanup", Time since last: 1000704700 ns, Reaching safepoint: 67800 ns, At safepoint: 13300 ns, Total: 81100 ns
[2024-02-05T11:19:19.841+0000][1536][safepoint   ] Safepoint "Cleanup", Time since last: 1010813500 ns, Reaching safepoint: 94600 ns, At safepoint: 10100 ns, Total: 104700 ns
[2024-02-05T11:19:21.857+0000][1536][safepoint   ] Safepoint "Cleanup", Time since last: 2015628900 ns, Reaching safepoint: 50300 ns, At safepoint: 6300 ns, Total: 56600 ns
[2024-02-05T11:19:30.934+0000][1536][safepoint   ] Safepoint "Cleanup", Time since last: 9077015700 ns, Reaching safepoint: 178300 ns, At safepoint: 59800 ns, Total: 238100 ns
[2024-02-05T11:19:31.943+0000][1536][safepoint   ] Safepoint "Cleanup", Time since last: 1008760100 ns, Reaching safepoint: 67900 ns, At safepoint: 9200 ns, Total: 77100 ns
[2024-02-05T11:19:32.950+0000][1536][safepoint   ] Safepoint "Cleanup", Time since last: 1007012400 ns, Reaching safepoint: 73300 ns, At safepoint: 8100 ns, Total: 81400 ns
[2024-02-05T11:19:34.962+0000][1536][safepoint   ] Safepoint "Cleanup", Time since last: 2012054100 ns, Reaching safepoint: 71700 ns, At safepoint: 11400 ns, Total: 83100 ns
[2024-02-05T11:19:36.987+0000][1536][safepoint   ] Safepoint "Cleanup", Time since last: 2024964900 ns, Reaching safepoint: 137600 ns, At safepoint: 18200 ns, Total: 155800 ns
[2024-02-05T11:19:37.992+0000][1536][safepoint   ] Safepoint "Cleanup", Time since last: 1004912500 ns, Reaching safepoint: 81600 ns, At safepoint: 22200 ns, Total: 103800 ns
[2024-02-05T11:19:41.012+0000][1536][safepoint   ] Safepoint "Cleanup", Time since last: 3019650700 ns, Reaching safepoint: 167500 ns, At safepoint: 28500 ns, Total: 196000 ns
[2024-02-05T11:19:50.099+0000][1536][safepoint   ] Safepoint "Cleanup", Time since last: 9086422400 ns, Reaching safepoint: 114300 ns, At safepoint: 26300 ns, Total: 140600 ns
[2024-02-05T11:20:00.169+0000][1536][safepoint   ] Safepoint "Cleanup", Time since last: 10069683500 ns, Reaching safepoint: 83700 ns, At safepoint: 9400 ns, Total: 93100 ns
[2024-02-05T11:20:03.201+0000][1536][safepoint   ] Safepoint "Cleanup", Time since last: 3032460300 ns, Reaching safepoint: 63700 ns, At safepoint: 11700 ns, Total: 75400 ns
[2024-02-05T11:20:05.203+0000][1536][safepoint   ] Safepoint "Cleanup", Time since last: 2002212700 ns, Reaching safepoint: 89500 ns, At safepoint: 22100 ns, Total: 111600 ns
[2024-02-05T11:20:17.302+0000][1536][safepoint   ] Safepoint "Cleanup", Time since last: 12098660200 ns, Reaching safepoint: 77900 ns, At safepoint: 19100 ns, Total: 97000 ns
[2024-02-05T11:20:20.347+0000][1536][safepoint   ] Safepoint "Cleanup", Time since last: 3044609100 ns, Reaching safepoint: 64900 ns, At safepoint: 19400 ns, Total: 84300 ns
[2024-02-05T11:20:22.370+0000][1536][safepoint   ] Safepoint "Cleanup", Time since last: 2023425900 ns, Reaching safepoint: 81000 ns, At safepoint: 10500 ns, Total: 91500 ns
[2024-02-05T11:20:23.378+0000][1536][safepoint   ] Safepoint "Cleanup", Time since last: 1007282700 ns, Reaching safepoint: 105400 ns, At safepoint: 19000 ns, Total: 124400 ns
[2024-02-05T11:20:25.415+0000][1536][safepoint   ] Safepoint "Cleanup", Time since last: 2037266900 ns, Reaching safepoint: 112000 ns, At safepoint: 57700 ns, Total: 169700 ns
[2024-02-05T11:20:33.495+0000][1536][safepoint   ] Safepoint "Cleanup", Time since last: 8079742500 ns, Reaching safepoint: 71500 ns, At safepoint: 18000 ns, Total: 89500 ns
[2024-02-05T11:20:46.633+0000][1536][safepoint   ] Safepoint "Cleanup", Time since last: 13137885400 ns, Reaching safepoint: 90800 ns, At safepoint: 20000 ns, Total: 110800 ns
[2024-02-05T11:20:53.699+0000][1536][safepoint   ] Safepoint "Cleanup", Time since last: 7065472700 ns, Reaching safepoint: 76600 ns, At safepoint: 11200 ns, Total: 87800 ns
[2024-02-05T11:21:03.771+0000][1536][safepoint   ] Safepoint "Cleanup", Time since last: 10071795700 ns, Reaching safepoint: 63500 ns, At safepoint: 12900 ns, Total: 76400 ns
[2024-02-05T11:21:05.773+0000][1536][safepoint   ] Safepoint "Cleanup", Time since last: 2002646100 ns, Reaching safepoint: 118000 ns, At safepoint: 7600 ns, Total: 125600 ns
[2024-02-05T11:21:18.855+0000][1536][safepoint   ] Safepoint "Cleanup", Time since last: 13081414600 ns, Reaching safepoint: 80000 ns, At safepoint: 14800 ns, Total: 94800 ns
[2024-02-05T11:21:33.011+0000][1536][safepoint   ] Safepoint "Cleanup", Time since last: 14155918200 ns, Reaching safepoint: 67200 ns, At safepoint: 5300 ns, Total: 72500 ns
[2024-02-05T11:21:50.155+0000][1536][safepoint   ] Safepoint "Cleanup", Time since last: 17144408800 ns, Reaching safepoint: 99300 ns, At safepoint: 14299 ns, Total: 113599 ns
[2024-02-05T11:21:57.219+0000][1536][safepoint   ] Safepoint "Cleanup", Time since last: 7063091701 ns, Reaching safepoint: 100400 ns, At safepoint: 30300 ns, Total: 130700 ns
[2024-02-05T11:22:03.255+0000][1536][safepoint   ] Safepoint "Cleanup", Time since last: 6035840100 ns, Reaching safepoint: 66800 ns, At safepoint: 8000 ns, Total: 74800 ns
[2024-02-05T11:22:09.291+0000][1536][safepoint   ] Safepoint "Cleanup", Time since last: 6036227299 ns, Reaching safepoint: 69001 ns, At safepoint: 8200 ns, Total: 77201 ns
[2024-02-05T11:22:14.190+0000][1536][safepoint   ] Safepoint "Cleanup", Time since last: 4904029999 ns, Reaching safepoint: 46901 ns, At safepoint: 33300 ns, Total: 80201 ns
[2024-02-05T11:22:14.504+0000][1536][safepoint   ] Safepoint "ICBufferFull", Time since last: 309503900 ns, Reaching safepoint: 188799 ns, At safepoint: 5501 ns, Total: 194300 ns
[2024-02-05T11:22:15.017+0000][1536][safepoint   ] Safepoint "ICBufferFull", Time since last: 512268700 ns, Reaching safepoint: 182800 ns, At safepoint: 50699 ns, Total: 233499 ns
[2024-02-05T11:22:15.370+0000][1536][safepoint   ] Safepoint "ICBufferFull", Time since last: 353051101 ns, Reaching safepoint: 139100 ns, At safepoint: 13100 ns, Total: 152200 ns
[2024-02-05T11:22:15.619+0000][1536][safepoint   ] Safepoint "ICBufferFull", Time since last: 251309300 ns, Reaching safepoint: 172799 ns, At safepoint: 14900 ns, Total: 187699 ns
[2024-02-05T11:22:16.627+0000][1536][safepoint   ] Safepoint "Cleanup", Time since last: 1005366201 ns, Reaching safepoint: 99200 ns, At safepoint: 10000 ns, Total: 109200 ns
[2024-02-05T11:22:18.648+0000][1536][safepoint   ] Safepoint "Cleanup", Time since last: 2020344499 ns, Reaching safepoint: 102301 ns, At safepoint: 10499 ns, Total: 112800 ns
[2024-02-05T11:22:20.411+0000][1536][safepoint   ] Safepoint "Cleanup", Time since last: 1764026401 ns, Reaching safepoint: 162800 ns, At safepoint: 14299 ns, Total: 177099 ns
[2024-02-05T11:22:21.421+0000][1536][safepoint   ] Safepoint "Cleanup", Time since last: 1008532401 ns, Reaching safepoint: 170000 ns, At safepoint: 4500 ns, Total: 174500 ns
[2024-02-05T11:22:21.742+0000][1536][safepoint   ] Safepoint "ICBufferFull", Time since last: 287648500 ns, Reaching safepoint: 32140900 ns, At safepoint: 2782000 ns, Total: 34922900 ns
[2024-02-05T11:22:23.048+0000][1536][safepoint   ] Safepoint "Cleanup", Time since last: 1305140200 ns, Reaching safepoint: 189800 ns, At safepoint: 19400 ns, Total: 209200 ns
[2024-02-05T11:22:24.052+0000][1536][safepoint   ] Safepoint "Cleanup", Time since last: 1003206000 ns, Reaching safepoint: 95400 ns, At safepoint: 8000 ns, Total: 103400 ns
[2024-02-05T11:22:25.390+0000][1536][safepoint   ] Safepoint "ICBufferFull", Time since last: 1339974800 ns, Reaching safepoint: 112500 ns, At safepoint: 7700 ns, Total: 120200 ns
[2024-02-05T11:22:25.820+0000][1536][safepoint   ] Safepoint "ICBufferFull", Time since last: 427283600 ns, Reaching safepoint: 239700 ns, At safepoint: 16300 ns, Total: 256000 ns
[2024-02-05T11:22:27.504+0000][1536][safepoint   ] Safepoint "Cleanup", Time since last: 1684051900 ns, Reaching safepoint: 191700 ns, At safepoint: 12600 ns, Total: 204300 ns
[2024-02-05T11:22:28.520+0000][1536][safepoint   ] Safepoint "Cleanup", Time since last: 1016507100 ns, Reaching safepoint: 137600 ns, At safepoint: 12400 ns, Total: 150000 ns
[2024-02-05T11:22:29.525+0000][1536][safepoint   ] Safepoint "Cleanup", Time since last: 1004157500 ns, Reaching safepoint: 82800 ns, At safepoint: 8300 ns, Total: 91100 ns
[2024-02-05T11:22:31.543+0000][1536][safepoint   ] Safepoint "Cleanup", Time since last: 2018310200 ns, Reaching safepoint: 184500 ns, At safepoint: 25300 ns, Total: 209800 ns
[2024-02-05T11:22:32.545+0000][1536][safepoint   ] Safepoint "Cleanup", Time since last: 1001999700 ns, Reaching safepoint: 120200 ns, At safepoint: 11500 ns, Total: 131700 ns
[2024-02-05T11:22:33.550+0000][1536][safepoint   ] Safepoint "Cleanup", Time since last: 1004812000 ns, Reaching safepoint: 83300 ns, At safepoint: 11400 ns, Total: 94700 ns
[2024-02-05T11:22:34.565+0000][1536][safepoint   ] Safepoint "Cleanup", Time since last: 1015043400 ns, Reaching safepoint: 134400 ns, At safepoint: 30100 ns, Total: 164500 ns
[2024-02-05T11:22:35.567+0000][1536][safepoint   ] Safepoint "Cleanup", Time since last: 1001744500 ns, Reaching safepoint: 126400 ns, At safepoint: 14600 ns, Total: 141000 ns
[2024-02-05T11:22:36.568+0000][1536][safepoint   ] Safepoint "Cleanup", Time since last: 1000229600 ns, Reaching safepoint: 101700 ns, At safepoint: 18500 ns, Total: 120200 ns
[2024-02-05T11:22:37.575+0000][1536][safepoint   ] Safepoint "Cleanup", Time since last: 1007078700 ns, Reaching safepoint: 105100 ns, At safepoint: 9400 ns, Total: 114500 ns
[2024-02-05T11:22:38.590+0000][1536][safepoint   ] Safepoint "Cleanup", Time since last: 1014836800 ns, Reaching safepoint: 118900 ns, At safepoint: 19600 ns, Total: 138500 ns
[2024-02-05T11:22:39.605+0000][1536][safepoint   ] Safepoint "Cleanup", Time since last: 1014884000 ns, Reaching safepoint: 79500 ns, At safepoint: 9300 ns, Total: 88800 ns
[2024-02-05T11:22:41.615+0000][1536][safepoint   ] Safepoint "Cleanup", Time since last: 2009792000 ns, Reaching safepoint: 111500 ns, At safepoint: 14100 ns, Total: 125600 ns
[2024-02-05T11:22:42.625+0000][1536][safepoint   ] Safepoint "Cleanup", Time since last: 1010265000 ns, Reaching safepoint: 119400 ns, At safepoint: 11800 ns, Total: 131200 ns
[2024-02-05T11:22:43.634+0000][1536][safepoint   ] Safepoint "Cleanup", Time since last: 1008709900 ns, Reaching safepoint: 105400 ns, At safepoint: 16500 ns, Total: 121900 ns
[2024-02-05T11:22:44.635+0000][1536][safepoint   ] Safepoint "Cleanup", Time since last: 1000565100 ns, Reaching safepoint: 94900 ns, At safepoint: 10500 ns, Total: 105400 ns
[2024-02-05T11:22:45.662+0000][1536][safepoint   ] Safepoint "Cleanup", Time since last: 1026925500 ns, Reaching safepoint: 70400 ns, At safepoint: 18400 ns, Total: 88800 ns
[2024-02-05T11:22:46.666+0000][1536][safepoint   ] Safepoint "Cleanup", Time since last: 1004110200 ns, Reaching safepoint: 90000 ns, At safepoint: 15500 ns, Total: 105500 ns
[2024-02-05T11:22:48.611+0000][1536][safepoint   ] Safepoint "Cleanup", Time since last: 1957744700 ns, Reaching safepoint: 103000 ns, At safepoint: 16000 ns, Total: 119000 ns
[2024-02-05T11:22:49.974+0000][1536][safepoint   ] Safepoint "Cleanup", Time since last: 1350187700 ns, Reaching safepoint: 155200 ns, At safepoint: 13200 ns, Total: 168400 ns
[2024-02-05T11:22:50.991+0000][1536][safepoint   ] Safepoint "Cleanup", Time since last: 1016761300 ns, Reaching safepoint: 102400 ns, At safepoint: 11800 ns, Total: 114200 ns
[2024-02-05T11:22:52.001+0000][1536][safepoint   ] Safepoint "Cleanup", Time since last: 1010213900 ns, Reaching safepoint: 104200 ns, At safepoint: 11000 ns, Total: 115200 ns
[2024-02-05T11:22:55.017+0000][1536][safepoint   ] Safepoint "Cleanup", Time since last: 3015741600 ns, Reaching safepoint: 204600 ns, At safepoint: 14300 ns, Total: 218900 ns
[2024-02-05T11:22:56.021+0000][1536][safepoint   ] Safepoint "Cleanup", Time since last: 1003779700 ns, Reaching safepoint: 149500 ns, At safepoint: 19000 ns, Total: 168500 ns
[2024-02-05T11:22:57.036+0000][1536][safepoint   ] Safepoint "Cleanup", Time since last: 1014836900 ns, Reaching safepoint: 119200 ns, At safepoint: 73300 ns, Total: 192500 ns
[2024-02-05T11:22:58.048+0000][1536][safepoint   ] Safepoint "Cleanup", Time since last: 1011590800 ns, Reaching safepoint: 119600 ns, At safepoint: 70800 ns, Total: 190400 ns
[2024-02-05T11:23:01.078+0000][1536][safepoint   ] Safepoint "Cleanup", Time since last: 3030117100 ns, Reaching safepoint: 125900 ns, At safepoint: 62500 ns, Total: 188400 ns
[2024-02-05T11:23:02.093+0000][1536][safepoint   ] Safepoint "Cleanup", Time since last: 1014174200 ns, Reaching safepoint: 105600 ns, At safepoint: 19000 ns, Total: 124600 ns
[2024-02-05T11:23:03.094+0000][1536][safepoint   ] Safepoint "Cleanup", Time since last: 1002027300 ns, Reaching safepoint: 110700 ns, At safepoint: 11700 ns, Total: 122400 ns
[2024-02-05T11:23:04.101+0000][1536][safepoint   ] Safepoint "Cleanup", Time since last: 1005722400 ns, Reaching safepoint: 99500 ns, At safepoint: 48500 ns, Total: 148000 ns
[2024-02-05T11:23:05.115+0000][1536][safepoint   ] Safepoint "Cleanup", Time since last: 1014683200 ns, Reaching safepoint: 71900 ns, At safepoint: 12900 ns, Total: 84800 ns
[2024-02-05T11:23:07.146+0000][1536][safepoint   ] Safepoint "Cleanup", Time since last: 2030177300 ns, Reaching safepoint: 157400 ns, At safepoint: 20200 ns, Total: 177600 ns
[2024-02-05T11:23:08.161+0000][1536][safepoint   ] Safepoint "Cleanup", Time since last: 1014955700 ns, Reaching safepoint: 98100 ns, At safepoint: 19800 ns, Total: 117900 ns
[2024-02-05T11:23:09.174+0000][1536][safepoint   ] Safepoint "Cleanup", Time since last: 1012589500 ns, Reaching safepoint: 81600 ns, At safepoint: 15300 ns, Total: 96900 ns
[2024-02-05T11:23:10.177+0000][1536][safepoint   ] Safepoint "Cleanup", Time since last: 1003697300 ns, Reaching safepoint: 125400 ns, At safepoint: 61200 ns, Total: 186600 ns
[2024-02-05T11:23:12.192+0000][1536][safepoint   ] Safepoint "Cleanup", Time since last: 2014583500 ns, Reaching safepoint: 111300 ns, At safepoint: 69200 ns, Total: 180500 ns
[2024-02-05T11:23:13.218+0000][1536][safepoint   ] Safepoint "Cleanup", Time since last: 1025641100 ns, Reaching safepoint: 135200 ns, At safepoint: 18300 ns, Total: 153500 ns
[2024-02-05T11:23:14.224+0000][1536][safepoint   ] Safepoint "Cleanup", Time since last: 1006275200 ns, Reaching safepoint: 90400 ns, At safepoint: 15900 ns, Total: 106300 ns
[2024-02-05T11:23:15.238+0000][1536][safepoint   ] Safepoint "Cleanup", Time since last: 1013575000 ns, Reaching safepoint: 112200 ns, At safepoint: 55000 ns, Total: 167200 ns
[2024-02-05T11:23:16.240+0000][1536][safepoint   ] Safepoint "Cleanup", Time since last: 1002278000 ns, Reaching safepoint: 126400 ns, At safepoint: 32800 ns, Total: 159200 ns
[2024-02-05T11:23:17.255+0000][1536][safepoint   ] Safepoint "Cleanup", Time since last: 1014216900 ns, Reaching safepoint: 138200 ns, At safepoint: 17700 ns, Total: 155900 ns
[2024-02-05T11:23:19.265+0000][1536][safepoint   ] Safepoint "Cleanup", Time since last: 2010321100 ns, Reaching safepoint: 83100 ns, At safepoint: 56300 ns, Total: 139400 ns
[2024-02-05T11:23:20.271+0000][1536][safepoint   ] Safepoint "Cleanup", Time since last: 1005242100 ns, Reaching safepoint: 149100 ns, At safepoint: 35600 ns, Total: 184700 ns
[2024-02-05T11:23:21.284+0000][1536][safepoint   ] Safepoint "Cleanup", Time since last: 1013176200 ns, Reaching safepoint: 92000 ns, At safepoint: 31100 ns, Total: 123100 ns
[2024-02-05T11:23:22.284+0000][1536][safepoint   ] Safepoint "Cleanup", Time since last: 1000105700 ns, Reaching safepoint: 164500 ns, At safepoint: 25100 ns, Total: 189600 ns
[2024-02-05T11:23:24.302+0000][1536][safepoint   ] Safepoint "Cleanup", Time since last: 2017461200 ns, Reaching safepoint: 101200 ns, At safepoint: 32600 ns, Total: 133800 ns
[2024-02-05T11:23:25.319+0000][1536][safepoint   ] Safepoint "Cleanup", Time since last: 1016811800 ns, Reaching safepoint: 106400 ns, At safepoint: 62400 ns, Total: 168800 ns
[2024-02-05T11:23:26.344+0000][1536][safepoint   ] Safepoint "Cleanup", Time since last: 1025346500 ns, Reaching safepoint: 67900 ns, At safepoint: 28900 ns, Total: 96800 ns
[2024-02-05T11:23:27.357+0000][1536][safepoint   ] Safepoint "Cleanup", Time since last: 1012874400 ns, Reaching safepoint: 52300 ns, At safepoint: 10600 ns, Total: 62900 ns
[2024-02-05T11:23:28.365+0000][1536][safepoint   ] Safepoint "Cleanup", Time since last: 1007998000 ns, Reaching safepoint: 132400 ns, At safepoint: 22200 ns, Total: 154600 ns
[2024-02-05T11:23:29.377+0000][1536][safepoint   ] Safepoint "Cleanup", Time since last: 1011725800 ns, Reaching safepoint: 69500 ns, At safepoint: 16700 ns, Total: 86200 ns
[2024-02-05T11:23:31.396+0000][1536][safepoint   ] Safepoint "Cleanup", Time since last: 2018730000 ns, Reaching safepoint: 102500 ns, At safepoint: 15100 ns, Total: 117600 ns
[2024-02-05T11:23:32.411+0000][1536][safepoint   ] Safepoint "Cleanup", Time since last: 1014419500 ns, Reaching safepoint: 126700 ns, At safepoint: 25900 ns, Total: 152600 ns
[2024-02-05T11:23:33.423+0000][1536][safepoint   ] Safepoint "Cleanup", Time since last: 1012600900 ns, Reaching safepoint: 76200 ns, At safepoint: 23200 ns, Total: 99400 ns
[2024-02-05T11:23:34.424+0000][1536][safepoint   ] Safepoint "Cleanup", Time since last: 1000573900 ns, Reaching safepoint: 117500 ns, At safepoint: 39900 ns, Total: 157400 ns
[2024-02-05T11:23:36.444+0000][1536][safepoint   ] Safepoint "Cleanup", Time since last: 2019313600 ns, Reaching safepoint: 80600 ns, At safepoint: 14500 ns, Total: 95100 ns
[2024-02-05T11:23:37.456+0000][1536][safepoint   ] Safepoint "Cleanup", Time since last: 1012666800 ns, Reaching safepoint: 199400 ns, At safepoint: 25500 ns, Total: 224900 ns
[2024-02-05T11:23:38.471+0000][1536][safepoint   ] Safepoint "Cleanup", Time since last: 1014881500 ns, Reaching safepoint: 153500 ns, At safepoint: 46300 ns, Total: 199800 ns
[2024-02-05T11:23:39.489+0000][1536][safepoint   ] Safepoint "Cleanup", Time since last: 1017805400 ns, Reaching safepoint: 79100 ns, At safepoint: 15700 ns, Total: 94800 ns
[2024-02-05T11:23:40.505+0000][1536][safepoint   ] Safepoint "Cleanup", Time since last: 1015069100 ns, Reaching safepoint: 37700 ns, At safepoint: 9000 ns, Total: 46700 ns
[2024-02-05T11:23:42.523+0000][1536][safepoint   ] Safepoint "Cleanup", Time since last: 2018814800 ns, Reaching safepoint: 80600 ns, At safepoint: 20800 ns, Total: 101400 ns
[2024-02-05T11:23:43.525+0000][1536][safepoint   ] Safepoint "Cleanup", Time since last: 1001285600 ns, Reaching safepoint: 161800 ns, At safepoint: 21100 ns, Total: 182900 ns
[2024-02-05T11:23:44.532+0000][1536][safepoint   ] Safepoint "Cleanup", Time since last: 1007151200 ns, Reaching safepoint: 109000 ns, At safepoint: 11400 ns, Total: 120400 ns
[2024-02-05T11:23:46.555+0000][1536][safepoint   ] Safepoint "Cleanup", Time since last: 2022992800 ns, Reaching safepoint: 79300 ns, At safepoint: 9000 ns, Total: 88300 ns
[2024-02-05T11:23:47.568+0000][1536][safepoint   ] Safepoint "Cleanup", Time since last: 1012795100 ns, Reaching safepoint: 81600 ns, At safepoint: 11300 ns, Total: 92900 ns
[2024-02-05T11:23:49.229+0000][1536][safepoint   ] Safepoint "Cleanup", Time since last: 1661978700 ns, Reaching safepoint: 71500 ns, At safepoint: 36700 ns, Total: 108200 ns
[2024-02-05T11:23:50.234+0000][1536][safepoint   ] Safepoint "Cleanup", Time since last: 1004033800 ns, Reaching safepoint: 122800 ns, At safepoint: 9600 ns, Total: 132400 ns
[2024-02-05T11:23:52.242+0000][1536][safepoint   ] Safepoint "Cleanup", Time since last: 2007375500 ns, Reaching safepoint: 87000 ns, At safepoint: 13400 ns, Total: 100400 ns
[2024-02-05T11:23:54.269+0000][1536][safepoint   ] Safepoint "Cleanup", Time since last: 2026916000 ns, Reaching safepoint: 130800 ns, At safepoint: 10800 ns, Total: 141600 ns
[2024-02-05T11:23:55.274+0000][1536][safepoint   ] Safepoint "Cleanup", Time since last: 1004509800 ns, Reaching safepoint: 56300 ns, At safepoint: 8100 ns, Total: 64400 ns
[2024-02-05T11:23:56.277+0000][1536][safepoint   ] Safepoint "Cleanup", Time since last: 1003422900 ns, Reaching safepoint: 99500 ns, At safepoint: 11000 ns, Total: 110500 ns
[2024-02-05T11:23:58.281+0000][1536][safepoint   ] Safepoint "Cleanup", Time since last: 2003336400 ns, Reaching safepoint: 93100 ns, At safepoint: 13400 ns, Total: 106500 ns
[2024-02-05T11:23:59.287+0000][1536][safepoint   ] Safepoint "Cleanup", Time since last: 1005991800 ns, Reaching safepoint: 105300 ns, At safepoint: 10100 ns, Total: 115400 ns
[2024-02-05T11:24:01.306+0000][1536][safepoint   ] Safepoint "Cleanup", Time since last: 2019470400 ns, Reaching safepoint: 73100 ns, At safepoint: 4900 ns, Total: 78000 ns
[2024-02-05T11:24:02.309+0000][1536][safepoint   ] Safepoint "Cleanup", Time since last: 1002556600 ns, Reaching safepoint: 87700 ns, At safepoint: 9900 ns, Total: 97600 ns
[2024-02-05T11:24:03.312+0000][1536][safepoint   ] Safepoint "Cleanup", Time since last: 1002927300 ns, Reaching safepoint: 183600 ns, At safepoint: 12900 ns, Total: 196500 ns
[2024-02-05T11:24:04.313+0000][1536][safepoint   ] Safepoint "Cleanup", Time since last: 1000961700 ns, Reaching safepoint: 92200 ns, At safepoint: 8100 ns, Total: 100300 ns
[2024-02-05T11:24:07.330+0000][1536][safepoint   ] Safepoint "Cleanup", Time since last: 3017015900 ns, Reaching safepoint: 112000 ns, At safepoint: 10800 ns, Total: 122800 ns
[2024-02-05T11:24:08.333+0000][1536][safepoint   ] Safepoint "Cleanup", Time since last: 1002760800 ns, Reaching safepoint: 96600 ns, At safepoint: 12300 ns, Total: 108900 ns
[2024-02-05T11:24:10.336+0000][1536][safepoint   ] Safepoint "Cleanup", Time since last: 2003256200 ns, Reaching safepoint: 73400 ns, At safepoint: 9700 ns, Total: 83100 ns
[2024-02-05T11:24:14.386+0000][1536][safepoint   ] Safepoint "Cleanup", Time since last: 4049735500 ns, Reaching safepoint: 104900 ns, At safepoint: 5800 ns, Total: 110700 ns
[2024-02-05T11:24:15.402+0000][1536][safepoint   ] Safepoint "Cleanup", Time since last: 1015757600 ns, Reaching safepoint: 51400 ns, At safepoint: 4800 ns, Total: 56200 ns
[2024-02-05T11:24:16.406+0000][1536][safepoint   ] Safepoint "Cleanup", Time since last: 1003355700 ns, Reaching safepoint: 90900 ns, At safepoint: 10700 ns, Total: 101600 ns
[2024-02-05T11:24:17.419+0000][1536][safepoint   ] Safepoint "Cleanup", Time since last: 1013448200 ns, Reaching safepoint: 93200 ns, At safepoint: 20700 ns, Total: 113900 ns
[2024-02-05T11:24:19.433+0000][1536][safepoint   ] Safepoint "Cleanup", Time since last: 2013598400 ns, Reaching safepoint: 117300 ns, At safepoint: 6400 ns, Total: 123700 ns
[2024-02-05T11:24:20.444+0000][1536][safepoint   ] Safepoint "Cleanup", Time since last: 1011395000 ns, Reaching safepoint: 88600 ns, At safepoint: 9100 ns, Total: 97700 ns
[2024-02-05T11:24:22.458+0000][1536][safepoint   ] Safepoint "Cleanup", Time since last: 2013500300 ns, Reaching safepoint: 148600 ns, At safepoint: 12400 ns, Total: 161000 ns
[2024-02-05T11:24:25.489+0000][1536][safepoint   ] Safepoint "Cleanup", Time since last: 3031207000 ns, Reaching safepoint: 87000 ns, At safepoint: 6600 ns, Total: 93600 ns
[2024-02-05T11:24:26.507+0000][1536][safepoint   ] Safepoint "Cleanup", Time since last: 1017955000 ns, Reaching safepoint: 60600 ns, At safepoint: 13200 ns, Total: 73800 ns
[2024-02-05T11:24:27.516+0000][1536][safepoint   ] Safepoint "Cleanup", Time since last: 1008404100 ns, Reaching safepoint: 99900 ns, At safepoint: 8000 ns, Total: 107900 ns
[2024-02-05T11:24:28.527+0000][1536][safepoint   ] Safepoint "Cleanup", Time since last: 1011425900 ns, Reaching safepoint: 86000 ns, At safepoint: 13500 ns, Total: 99500 ns
[2024-02-05T11:24:29.536+0000][1536][safepoint   ] Safepoint "Cleanup", Time since last: 1009012600 ns, Reaching safepoint: 112500 ns, At safepoint: 10000 ns, Total: 122500 ns
[2024-02-05T11:24:31.566+0000][1536][safepoint   ] Safepoint "Cleanup", Time since last: 2029013400 ns, Reaching safepoint: 69200 ns, At safepoint: 6000 ns, Total: 75200 ns
[2024-02-05T11:24:32.577+0000][1536][safepoint   ] Safepoint "Cleanup", Time since last: 1011604400 ns, Reaching safepoint: 71100 ns, At safepoint: 5700 ns, Total: 76800 ns
[2024-02-05T11:24:33.596+0000][1536][safepoint   ] Safepoint "Cleanup", Time since last: 1018852000 ns, Reaching safepoint: 88900 ns, At safepoint: 12600 ns, Total: 101500 ns
[2024-02-05T11:24:34.599+0000][1536][safepoint   ] Safepoint "Cleanup", Time since last: 1002404700 ns, Reaching safepoint: 98700 ns, At safepoint: 5300 ns, Total: 104000 ns
[2024-02-05T11:24:37.619+0000][1536][safepoint   ] Safepoint "Cleanup", Time since last: 3019868000 ns, Reaching safepoint: 117600 ns, At safepoint: 11300 ns, Total: 128900 ns
[2024-02-05T11:24:38.631+0000][1536][safepoint   ] Safepoint "Cleanup", Time since last: 1011705200 ns, Reaching safepoint: 72800 ns, At safepoint: 12000 ns, Total: 84800 ns
[2024-02-05T11:24:39.644+0000][1536][safepoint   ] Safepoint "Cleanup", Time since last: 1013003300 ns, Reaching safepoint: 72300 ns, At safepoint: 13100 ns, Total: 85400 ns
[2024-02-05T11:24:40.653+0000][1536][safepoint   ] Safepoint "Cleanup", Time since last: 1009253700 ns, Reaching safepoint: 66200 ns, At safepoint: 9900 ns, Total: 76100 ns
[2024-02-05T11:24:42.663+0000][1536][safepoint   ] Safepoint "Cleanup", Time since last: 2010467300 ns, Reaching safepoint: 66500 ns, At safepoint: 7100 ns, Total: 73600 ns
[2024-02-05T11:24:43.694+0000][1536][safepoint   ] Safepoint "Cleanup", Time since last: 1030954000 ns, Reaching safepoint: 120200 ns, At safepoint: 9800 ns, Total: 130000 ns
[2024-02-05T11:24:44.704+0000][1536][safepoint   ] Safepoint "Cleanup", Time since last: 1009360900 ns, Reaching safepoint: 77700 ns, At safepoint: 8000 ns, Total: 85700 ns
[2024-02-05T11:24:45.705+0000][1536][safepoint   ] Safepoint "Cleanup", Time since last: 1000613400 ns, Reaching safepoint: 58200 ns, At safepoint: 7500 ns, Total: 65700 ns
[2024-02-05T11:24:46.705+0000][1536][safepoint   ] Safepoint "Cleanup", Time since last: 1000262300 ns, Reaching safepoint: 84300 ns, At safepoint: 10700 ns, Total: 95000 ns
[2024-02-05T11:24:49.729+0000][1536][safepoint   ] Safepoint "Cleanup", Time since last: 3023627000 ns, Reaching safepoint: 209000 ns, At safepoint: 9500 ns, Total: 218500 ns
[2024-02-05T11:24:52.749+0000][1536][safepoint   ] Safepoint "Cleanup", Time since last: 3020128400 ns, Reaching safepoint: 88200 ns, At safepoint: 10400 ns, Total: 98600 ns
[2024-02-05T11:24:54.762+0000][1536][safepoint   ] Safepoint "Cleanup", Time since last: 2012516300 ns, Reaching safepoint: 150500 ns, At safepoint: 19100 ns, Total: 169600 ns
[2024-02-05T11:24:55.777+0000][1536][safepoint   ] Safepoint "Cleanup", Time since last: 1014992900 ns, Reaching safepoint: 109700 ns, At safepoint: 3900 ns, Total: 113600 ns
[2024-02-05T11:24:56.782+0000][1536][safepoint   ] Safepoint "Cleanup", Time since last: 1004779800 ns, Reaching safepoint: 101700 ns, At safepoint: 4700 ns, Total: 106400 ns
[2024-02-05T11:24:58.799+0000][1536][safepoint   ] Safepoint "Cleanup", Time since last: 2017606100 ns, Reaching safepoint: 57000 ns, At safepoint: 41900 ns, Total: 98900 ns
[2024-02-05T11:25:01.834+0000][1536][safepoint   ] Safepoint "Cleanup", Time since last: 3034205300 ns, Reaching safepoint: 790600 ns, At safepoint: 13800 ns, Total: 804400 ns
[2024-02-05T11:25:02.839+0000][1536][safepoint   ] Safepoint "Cleanup", Time since last: 1004127400 ns, Reaching safepoint: 70600 ns, At safepoint: 6700 ns, Total: 77300 ns
[2024-02-05T11:25:03.858+0000][1536][safepoint   ] Safepoint "Cleanup", Time since last: 1019695500 ns, Reaching safepoint: 77300 ns, At safepoint: 4300 ns, Total: 81600 ns
[2024-02-05T11:25:04.875+0000][1536][safepoint   ] Safepoint "Cleanup", Time since last: 1016018000 ns, Reaching safepoint: 718500 ns, At safepoint: 10100 ns, Total: 728600 ns
[2024-02-05T11:25:06.881+0000][1536][safepoint   ] Safepoint "Cleanup", Time since last: 2005529800 ns, Reaching safepoint: 119100 ns, At safepoint: 5900 ns, Total: 125000 ns
[2024-02-05T11:25:07.889+0000][1536][safepoint   ] Safepoint "Cleanup", Time since last: 1008133800 ns, Reaching safepoint: 149700 ns, At safepoint: 5700 ns, Total: 155400 ns
[2024-02-05T11:25:08.901+0000][1536][safepoint   ] Safepoint "Cleanup", Time since last: 1011706700 ns, Reaching safepoint: 105500 ns, At safepoint: 5600 ns, Total: 111100 ns
[2024-02-05T11:25:13.928+0000][1536][safepoint   ] Safepoint "Cleanup", Time since last: 5026782800 ns, Reaching safepoint: 178400 ns, At safepoint: 5900 ns, Total: 184300 ns
[2024-02-05T11:25:19.972+0000][1536][safepoint   ] Safepoint "Cleanup", Time since last: 6044317200 ns, Reaching safepoint: 104700 ns, At safepoint: 6000 ns, Total: 110700 ns
[2024-02-05T11:25:20.988+0000][1536][safepoint   ] Safepoint "Cleanup", Time since last: 1016021000 ns, Reaching safepoint: 71900 ns, At safepoint: 6100 ns, Total: 78000 ns
[2024-02-05T11:25:21.995+0000][1536][safepoint   ] Safepoint "Cleanup", Time since last: 1006750800 ns, Reaching safepoint: 144400 ns, At safepoint: 10200 ns, Total: 154600 ns
[2024-02-05T11:25:26.012+0000][1536][safepoint   ] Safepoint "Cleanup", Time since last: 4016980700 ns, Reaching safepoint: 100800 ns, At safepoint: 5800 ns, Total: 106600 ns
[2024-02-05T11:25:27.027+0000][1536][safepoint   ] Safepoint "Cleanup", Time since last: 1014579500 ns, Reaching safepoint: 134100 ns, At safepoint: 4600 ns, Total: 138700 ns
[2024-02-05T11:25:29.050+0000][1536][safepoint   ] Safepoint "Cleanup", Time since last: 2022950700 ns, Reaching safepoint: 57600 ns, At safepoint: 5700 ns, Total: 63300 ns
[2024-02-05T11:25:30.055+0000][1536][safepoint   ] Safepoint "Cleanup", Time since last: 1005031200 ns, Reaching safepoint: 72300 ns, At safepoint: 12500 ns, Total: 84800 ns
[2024-02-05T11:25:32.084+0000][1536][safepoint   ] Safepoint "Cleanup", Time since last: 2028149200 ns, Reaching safepoint: 120900 ns, At safepoint: 11200 ns, Total: 132100 ns
[2024-02-05T11:25:35.130+0000][1536][safepoint   ] Safepoint "Cleanup", Time since last: 3046681900 ns, Reaching safepoint: 67300 ns, At safepoint: 4700 ns, Total: 72000 ns
[2024-02-05T11:25:38.151+0000][1536][safepoint   ] Safepoint "Cleanup", Time since last: 3020996300 ns, Reaching safepoint: 85400 ns, At safepoint: 6000 ns, Total: 91400 ns
[2024-02-05T11:25:40.167+0000][1536][safepoint   ] Safepoint "Cleanup", Time since last: 2015755500 ns, Reaching safepoint: 66100 ns, At safepoint: 7900 ns, Total: 74000 ns
[2024-02-05T11:25:44.193+0000][1536][safepoint   ] Safepoint "Cleanup", Time since last: 4025776000 ns, Reaching safepoint: 83200 ns, At safepoint: 6100 ns, Total: 89300 ns
[2024-02-05T11:25:46.218+0000][1536][safepoint   ] Safepoint "Cleanup", Time since last: 2024793200 ns, Reaching safepoint: 61900 ns, At safepoint: 10400 ns, Total: 72300 ns
[2024-02-05T11:25:47.227+0000][1536][safepoint   ] Safepoint "Cleanup", Time since last: 1008836400 ns, Reaching safepoint: 80500 ns, At safepoint: 7300 ns, Total: 87800 ns
[2024-02-05T11:25:50.251+0000][1536][safepoint   ] Safepoint "Cleanup", Time since last: 3024088400 ns, Reaching safepoint: 82100 ns, At safepoint: 7900 ns, Total: 90000 ns
[2024-02-05T11:25:51.255+0000][1536][safepoint   ] Safepoint "Cleanup", Time since last: 1004324900 ns, Reaching safepoint: 87800 ns, At safepoint: 22000 ns, Total: 109800 ns
[2024-02-05T11:25:53.261+0000][1536][safepoint   ] Safepoint "Cleanup", Time since last: 2004992100 ns, Reaching safepoint: 109200 ns, At safepoint: 7000 ns, Total: 116200 ns
[2024-02-05T11:25:55.278+0000][1536][safepoint   ] Safepoint "Cleanup", Time since last: 2017551500 ns, Reaching safepoint: 50800 ns, At safepoint: 6500 ns, Total: 57300 ns
[2024-02-05T11:25:56.285+0000][1536][safepoint   ] Safepoint "Cleanup", Time since last: 1006311200 ns, Reaching safepoint: 108500 ns, At safepoint: 7800 ns, Total: 116300 ns
[2024-02-05T11:26:01.341+0000][1536][safepoint   ] Safepoint "Cleanup", Time since last: 5055843300 ns, Reaching safepoint: 73800 ns, At safepoint: 9200 ns, Total: 83000 ns
[2024-02-05T11:26:02.345+0000][1536][safepoint   ] Safepoint "Cleanup", Time since last: 1004124300 ns, Reaching safepoint: 79800 ns, At safepoint: 7100 ns, Total: 86900 ns
[2024-02-05T11:26:06.371+0000][1536][safepoint   ] Safepoint "Cleanup", Time since last: 4026049300 ns, Reaching safepoint: 85800 ns, At safepoint: 8000 ns, Total: 93800 ns
[2024-02-05T11:26:07.372+0000][1536][safepoint   ] Safepoint "Cleanup", Time since last: 1000979000 ns, Reaching safepoint: 105300 ns, At safepoint: 6900 ns, Total: 112200 ns
[2024-02-05T11:26:08.463+0000][1536][safepoint   ] Safepoint "Cleanup", Time since last: 1091038500 ns, Reaching safepoint: 108400 ns, At safepoint: 7300 ns, Total: 115700 ns
[2024-02-05T11:26:10.483+0000][1536][safepoint   ] Safepoint "Cleanup", Time since last: 2019581200 ns, Reaching safepoint: 107200 ns, At safepoint: 6400 ns, Total: 113600 ns
[2024-02-05T11:26:13.520+0000][1536][safepoint   ] Safepoint "Cleanup", Time since last: 3037293400 ns, Reaching safepoint: 79600 ns, At safepoint: 10500 ns, Total: 90100 ns
[2024-02-05T11:26:14.532+0000][1536][safepoint   ] Safepoint "Cleanup", Time since last: 1012126400 ns, Reaching safepoint: 127300 ns, At safepoint: 9400 ns, Total: 136700 ns
[2024-02-05T11:26:15.533+0000][1536][safepoint   ] Safepoint "Cleanup", Time since last: 1000016000 ns, Reaching safepoint: 78300 ns, At safepoint: 5500 ns, Total: 83800 ns
[2024-02-05T11:26:16.539+0000][1536][safepoint   ] Safepoint "Cleanup", Time since last: 1006385000 ns, Reaching safepoint: 56700 ns, At safepoint: 12100 ns, Total: 68800 ns
[2024-02-05T11:26:19.281+0000][1536][safepoint   ] Safepoint "Cleanup", Time since last: 2742020200 ns, Reaching safepoint: 64600 ns, At safepoint: 11600 ns, Total: 76200 ns
[2024-02-05T11:26:20.282+0000][1536][safepoint   ] Safepoint "Cleanup", Time since last: 1001273100 ns, Reaching safepoint: 114400 ns, At safepoint: 17800 ns, Total: 132200 ns
[2024-02-05T11:26:21.291+0000][1536][safepoint   ] Safepoint "Cleanup", Time since last: 1007839900 ns, Reaching safepoint: 109100 ns, At safepoint: 1460900 ns, Total: 1570000 ns
[2024-02-05T11:26:22.299+0000][1536][safepoint   ] Safepoint "Cleanup", Time since last: 1006915900 ns, Reaching safepoint: 120300 ns, At safepoint: 10500 ns, Total: 130800 ns
[2024-02-05T11:26:23.316+0000][1536][safepoint   ] Safepoint "Cleanup", Time since last: 1016356700 ns, Reaching safepoint: 101600 ns, At safepoint: 6000 ns, Total: 107600 ns
[2024-02-05T11:26:25.316+0000][1536][safepoint   ] Safepoint "Cleanup", Time since last: 2000816800 ns, Reaching safepoint: 83700 ns, At safepoint: 4300 ns, Total: 88000 ns
[2024-02-05T11:26:26.332+0000][1536][safepoint   ] Safepoint "Cleanup", Time since last: 1015409800 ns, Reaching safepoint: 161000 ns, At safepoint: 11600 ns, Total: 172600 ns
[2024-02-05T11:26:27.334+0000][1536][safepoint   ] Safepoint "Cleanup", Time since last: 1002217200 ns, Reaching safepoint: 69800 ns, At safepoint: 40300 ns, Total: 110100 ns
[2024-02-05T11:26:28.347+0000][1536][safepoint   ] Safepoint "Cleanup", Time since last: 1012838400 ns, Reaching safepoint: 62900 ns, At safepoint: 6000 ns, Total: 68900 ns
[2024-02-05T11:26:29.348+0000][1536][safepoint   ] Safepoint "Cleanup", Time since last: 1000968900 ns, Reaching safepoint: 113200 ns, At safepoint: 7600 ns, Total: 120800 ns
[2024-02-05T11:26:31.363+0000][1536][safepoint   ] Safepoint "Cleanup", Time since last: 2014932600 ns, Reaching safepoint: 66900 ns, At safepoint: 10600 ns, Total: 77500 ns
[2024-02-05T11:26:32.365+0000][1536][safepoint   ] Safepoint "Cleanup", Time since last: 1001151900 ns, Reaching safepoint: 92800 ns, At safepoint: 11100 ns, Total: 103900 ns
[2024-02-05T11:26:34.398+0000][1536][safepoint   ] Safepoint "Cleanup", Time since last: 2033188600 ns, Reaching safepoint: 95100 ns, At safepoint: 8000 ns, Total: 103100 ns
[2024-02-05T11:26:35.401+0000][1536][safepoint   ] Safepoint "Cleanup", Time since last: 1002721100 ns, Reaching safepoint: 71300 ns, At safepoint: 9700 ns, Total: 81000 ns
[2024-02-05T11:26:37.414+0000][1536][safepoint   ] Safepoint "Cleanup", Time since last: 2013426600 ns, Reaching safepoint: 59000 ns, At safepoint: 5300 ns, Total: 64300 ns
[2024-02-05T11:26:38.680+0000][1536][safepoint   ] Safepoint "Cleanup", Time since last: 1266075400 ns, Reaching safepoint: 140700 ns, At safepoint: 17700 ns, Total: 158400 ns
[2024-02-05T11:26:43.730+0000][1536][safepoint   ] Safepoint "Cleanup", Time since last: 5049738200 ns, Reaching safepoint: 76100 ns, At safepoint: 6200 ns, Total: 82300 ns
[2024-02-05T11:26:44.731+0000][1536][safepoint   ] Safepoint "Cleanup", Time since last: 1000748500 ns, Reaching safepoint: 117300 ns, At safepoint: 5900 ns, Total: 123200 ns
[2024-02-05T11:26:48.762+0000][1536][safepoint   ] Safepoint "Cleanup", Time since last: 4030447500 ns, Reaching safepoint: 76500 ns, At safepoint: 4900 ns, Total: 81400 ns
[2024-02-05T11:26:49.765+0000][1536][safepoint   ] Safepoint "Cleanup", Time since last: 1003144500 ns, Reaching safepoint: 98700 ns, At safepoint: 8100 ns, Total: 106800 ns
[2024-02-05T11:26:52.795+0000][1536][safepoint   ] Safepoint "Cleanup", Time since last: 3029746900 ns, Reaching safepoint: 80800 ns, At safepoint: 7500 ns, Total: 88300 ns
[2024-02-05T11:26:55.813+0000][1536][safepoint   ] Safepoint "Cleanup", Time since last: 3017763500 ns, Reaching safepoint: 72300 ns, At safepoint: 9300 ns, Total: 81600 ns
[2024-02-05T11:26:58.845+0000][1536][safepoint   ] Safepoint "Cleanup", Time since last: 3031855100 ns, Reaching safepoint: 724900 ns, At safepoint: 11400 ns, Total: 736300 ns
[2024-02-05T11:26:59.845+0000][1536][safepoint   ] Safepoint "Cleanup", Time since last: 1000063700 ns, Reaching safepoint: 91200 ns, At safepoint: 8400 ns, Total: 99600 ns
[2024-02-05T11:27:00.846+0000][1536][safepoint   ] Safepoint "Cleanup", Time since last: 1000772800 ns, Reaching safepoint: 64800 ns, At safepoint: 11900 ns, Total: 76700 ns
[2024-02-05T11:27:01.855+0000][1536][safepoint   ] Safepoint "Cleanup", Time since last: 1008504700 ns, Reaching safepoint: 64900 ns, At safepoint: 18600 ns, Total: 83500 ns
[2024-02-05T11:27:02.860+0000][1536][safepoint   ] Safepoint "Cleanup", Time since last: 1005524400 ns, Reaching safepoint: 100600 ns, At safepoint: 33200 ns, Total: 133800 ns
[2024-02-05T11:27:03.861+0000][1536][safepoint   ] Safepoint "Cleanup", Time since last: 1000190000 ns, Reaching safepoint: 55500 ns, At safepoint: 10300 ns, Total: 65800 ns
[2024-02-05T11:27:04.865+0000][1536][safepoint   ] Safepoint "Cleanup", Time since last: 1004513400 ns, Reaching safepoint: 77400 ns, At safepoint: 10000 ns, Total: 87400 ns
[2024-02-05T11:27:07.894+0000][1536][safepoint   ] Safepoint "Cleanup", Time since last: 3028198000 ns, Reaching safepoint: 76200 ns, At safepoint: 11200 ns, Total: 87400 ns
[2024-02-05T11:27:08.909+0000][1536][safepoint   ] Safepoint "Cleanup", Time since last: 1015122600 ns, Reaching safepoint: 65500 ns, At safepoint: 4700 ns, Total: 70200 ns
[2024-02-05T11:27:09.912+0000][1536][safepoint   ] Safepoint "Cleanup", Time since last: 1003149100 ns, Reaching safepoint: 81100 ns, At safepoint: 10700 ns, Total: 91800 ns
[2024-02-05T11:27:10.912+0000][1536][safepoint   ] Safepoint "Cleanup", Time since last: 1000428900 ns, Reaching safepoint: 86800 ns, At safepoint: 6800 ns, Total: 93600 ns
[2024-02-05T11:27:12.022+0000][1536][safepoint   ] Safepoint "Cleanup", Time since last: 1110091500 ns, Reaching safepoint: 84900 ns, At safepoint: 6900 ns, Total: 91800 ns
[2024-02-05T11:27:13.026+0000][1536][safepoint   ] Safepoint "Cleanup", Time since last: 1002817100 ns, Reaching safepoint: 92300 ns, At safepoint: 52400 ns, Total: 144700 ns
[2024-02-05T11:27:14.027+0000][1536][safepoint   ] Safepoint "Cleanup", Time since last: 1001461100 ns, Reaching safepoint: 78800 ns, At safepoint: 8600 ns, Total: 87400 ns
[2024-02-05T11:27:15.028+0000][1536][safepoint   ] Safepoint "Cleanup", Time since last: 1000820500 ns, Reaching safepoint: 106100 ns, At safepoint: 8300 ns, Total: 114400 ns
[2024-02-05T11:27:17.044+0000][1536][safepoint   ] Safepoint "Cleanup", Time since last: 2015451100 ns, Reaching safepoint: 685200 ns, At safepoint: 6400 ns, Total: 691600 ns
[2024-02-05T11:27:18.060+0000][1536][safepoint   ] Safepoint "Cleanup", Time since last: 1015706100 ns, Reaching safepoint: 50500 ns, At safepoint: 7900 ns, Total: 58400 ns
[2024-02-05T11:27:19.076+0000][1536][safepoint   ] Safepoint "Cleanup", Time since last: 1015634800 ns, Reaching safepoint: 75800 ns, At safepoint: 6400 ns, Total: 82200 ns
[2024-02-05T11:27:20.077+0000][1536][safepoint   ] Safepoint "Cleanup", Time since last: 1000819500 ns, Reaching safepoint: 105400 ns, At safepoint: 19000 ns, Total: 124400 ns
[2024-02-05T11:27:21.093+0000][1536][safepoint   ] Safepoint "Cleanup", Time since last: 1016409900 ns, Reaching safepoint: 105300 ns, At safepoint: 6600 ns, Total: 111900 ns
[2024-02-05T11:27:22.110+0000][1536][safepoint   ] Safepoint "Cleanup", Time since last: 1016428400 ns, Reaching safepoint: 63900 ns, At safepoint: 11300 ns, Total: 75200 ns
[2024-02-05T11:27:26.143+0000][1536][safepoint   ] Safepoint "Cleanup", Time since last: 4033128200 ns, Reaching safepoint: 60200 ns, At safepoint: 12500 ns, Total: 72700 ns
[2024-02-05T11:27:27.159+0000][1536][safepoint   ] Safepoint "Cleanup", Time since last: 1016160700 ns, Reaching safepoint: 117200 ns, At safepoint: 31400 ns, Total: 148600 ns
[2024-02-05T11:27:29.175+0000][1536][safepoint   ] Safepoint "Cleanup", Time since last: 2015395900 ns, Reaching safepoint: 66700 ns, At safepoint: 8500 ns, Total: 75200 ns
[2024-02-05T11:27:30.176+0000][1536][safepoint   ] Safepoint "Cleanup", Time since last: 1000857600 ns, Reaching safepoint: 89800 ns, At safepoint: 9900 ns, Total: 99700 ns
[2024-02-05T11:27:32.192+0000][1536][safepoint   ] Safepoint "Cleanup", Time since last: 2016297500 ns, Reaching safepoint: 44200 ns, At safepoint: 6600 ns, Total: 50800 ns
[2024-02-05T11:27:33.209+0000][1536][safepoint   ] Safepoint "Cleanup", Time since last: 1016517600 ns, Reaching safepoint: 104200 ns, At safepoint: 4700 ns, Total: 108900 ns
[2024-02-05T11:27:35.225+0000][1536][safepoint   ] Safepoint "Cleanup", Time since last: 2016380200 ns, Reaching safepoint: 85500 ns, At safepoint: 12200 ns, Total: 97700 ns
[2024-02-05T11:27:37.477+0000][1536][gc,start    ] GC(12) Pause Young (Normal) (G1 Evacuation Pause)
[2024-02-05T11:27:37.477+0000][1536][gc,task     ] GC(12) Using 8 workers of 8 for evacuation
[2024-02-05T11:27:37.477+0000][1536][gc,age      ] GC(12) Desired survivor size 111149056 bytes, new threshold 15 (max threshold 15)
[2024-02-05T11:27:37.521+0000][1536][gc,phases   ] GC(12)   Pre Evacuate Collection Set: 0.2ms
[2024-02-05T11:27:37.521+0000][1536][gc,phases   ] GC(12)   Merge Heap Roots: 0.2ms
[2024-02-05T11:27:37.522+0000][1536][gc,phases   ] GC(12)   Evacuate Collection Set: 32.3ms
[2024-02-05T11:27:37.522+0000][1536][gc,phases   ] GC(12)   Post Evacuate Collection Set: 3.1ms
[2024-02-05T11:27:37.522+0000][1536][gc,phases   ] GC(12)   Other: 0.3ms
[2024-02-05T11:27:37.522+0000][1536][gc,age      ] GC(12) Age table with threshold 15 (max threshold 15)
[2024-02-05T11:27:37.522+0000][1536][gc,age      ] GC(12) - age   1:   41254240 bytes,   41254240 total
[2024-02-05T11:27:37.522+0000][1536][gc,age      ] GC(12) - age   2:    9718944 bytes,   50973184 total
[2024-02-05T11:27:37.522+0000][1536][gc,age      ] GC(12) - age   3:   16559920 bytes,   67533104 total
[2024-02-05T11:27:37.522+0000][1536][gc,heap     ] GC(12) Eden regions: 415->0(291)
[2024-02-05T11:27:37.522+0000][1536][gc,heap     ] GC(12) Survivor regions: 8->18(53)
[2024-02-05T11:27:37.522+0000][1536][gc,heap     ] GC(12) Old regions: 13->13
[2024-02-05T11:27:37.522+0000][1536][gc,heap     ] GC(12) Archive regions: 0->0
[2024-02-05T11:27:37.522+0000][1536][gc,heap     ] GC(12) Humongous regions: 2->2
[2024-02-05T11:27:37.522+0000][1536][gc,metaspace] GC(12) Metaspace: 126539K(129856K)->126539K(129856K) NonClass: 109691K(111424K)->109691K(111424K) Class: 16848K(18432K)->16848K(18432K)
[2024-02-05T11:27:37.522+0000][1536][gc          ] GC(12) Pause Young (Normal) (G1 Evacuation Pause) 1749M->128M(4040M) 36.476ms
[2024-02-05T11:27:37.522+0000][1536][gc,cpu      ] GC(12) User=0.25s Sys=0.03s Real=0.05s
[2024-02-05T11:27:37.522+0000][1536][safepoint   ] Safepoint "G1CollectForAllocation", Time since last: 2260456800 ns, Reaching safepoint: 96100 ns, At safepoint: 36618700 ns, Total: 36714800 ns
[2024-02-05T11:27:38.525+0000][1536][safepoint   ] Safepoint "Cleanup", Time since last: 1002655000 ns, Reaching safepoint: 79900 ns, At safepoint: 82400 ns, Total: 162300 ns
[2024-02-05T11:27:40.541+0000][1536][safepoint   ] Safepoint "Cleanup", Time since last: 2016030300 ns, Reaching safepoint: 78200 ns, At safepoint: 17000 ns, Total: 95200 ns
[2024-02-05T11:27:41.558+0000][1536][safepoint   ] Safepoint "Cleanup", Time since last: 1016459600 ns, Reaching safepoint: 95700 ns, At safepoint: 71200 ns, Total: 166900 ns
[2024-02-05T11:27:44.591+0000][1536][safepoint   ] Safepoint "Cleanup", Time since last: 3032902700 ns, Reaching safepoint: 121800 ns, At safepoint: 15500 ns, Total: 137300 ns
[2024-02-05T11:27:46.607+0000][1536][safepoint   ] Safepoint "Cleanup", Time since last: 2016389000 ns, Reaching safepoint: 70700 ns, At safepoint: 12100 ns, Total: 82800 ns
[2024-02-05T11:27:49.626+0000][1536][safepoint   ] Safepoint "Cleanup", Time since last: 3018216500 ns, Reaching safepoint: 119700 ns, At safepoint: 43800 ns, Total: 163500 ns
[2024-02-05T11:27:50.626+0000][1536][safepoint   ] Safepoint "Cleanup", Time since last: 1000040500 ns, Reaching safepoint: 111600 ns, At safepoint: 39600 ns, Total: 151200 ns
[2024-02-05T11:27:51.638+0000][1536][safepoint   ] Safepoint "Cleanup", Time since last: 1012408800 ns, Reaching safepoint: 60800 ns, At safepoint: 10400 ns, Total: 71200 ns
[2024-02-05T11:27:52.640+0000][1536][safepoint   ] Safepoint "Cleanup", Time since last: 1001479800 ns, Reaching safepoint: 92000 ns, At safepoint: 15600 ns, Total: 107600 ns
[2024-02-05T11:27:53.657+0000][1536][safepoint   ] Safepoint "Cleanup", Time since last: 1016481200 ns, Reaching safepoint: 655600 ns, At safepoint: 48700 ns, Total: 704300 ns
[2024-02-05T11:27:54.658+0000][1536][safepoint   ] Safepoint "Cleanup", Time since last: 1001055400 ns, Reaching safepoint: 129600 ns, At safepoint: 34200 ns, Total: 163800 ns
[2024-02-05T11:27:55.673+0000][1536][safepoint   ] Safepoint "Cleanup", Time since last: 1014595300 ns, Reaching safepoint: 105300 ns, At safepoint: 13500 ns, Total: 118800 ns
[2024-02-05T11:27:56.690+0000][1536][safepoint   ] Safepoint "Cleanup", Time since last: 1016435700 ns, Reaching safepoint: 746100 ns, At safepoint: 48300 ns, Total: 794400 ns
[2024-02-05T11:28:01.738+0000][1536][safepoint   ] Safepoint "Cleanup", Time since last: 5048065300 ns, Reaching safepoint: 46100 ns, At safepoint: 54800 ns, Total: 100900 ns
[2024-02-05T11:28:04.770+0000][1536][safepoint   ] Safepoint "Cleanup", Time since last: 3031841500 ns, Reaching safepoint: 79700 ns, At safepoint: 59800 ns, Total: 139500 ns
[2024-02-05T11:28:07.805+0000][1536][safepoint   ] Safepoint "Cleanup", Time since last: 3034659500 ns, Reaching safepoint: 70000 ns, At safepoint: 11900 ns, Total: 81900 ns
[2024-02-05T11:28:08.820+0000][1536][safepoint   ] Safepoint "Cleanup", Time since last: 1014375700 ns, Reaching safepoint: 62700 ns, At safepoint: 9100 ns, Total: 71800 ns
[2024-02-05T11:28:09.823+0000][1536][safepoint   ] Safepoint "Cleanup", Time since last: 1002837700 ns, Reaching safepoint: 96600 ns, At safepoint: 7900 ns, Total: 104500 ns
[2024-02-05T11:28:13.871+0000][1536][safepoint   ] Safepoint "Cleanup", Time since last: 4048532500 ns, Reaching safepoint: 101800 ns, At safepoint: 5300 ns, Total: 107100 ns
[2024-02-05T11:28:14.872+0000][1536][safepoint   ] Safepoint "Cleanup", Time since last: 1000806400 ns, Reaching safepoint: 104600 ns, At safepoint: 4400 ns, Total: 109000 ns
[2024-02-05T11:28:16.138+0000][1536][safepoint   ] Safepoint "Cleanup", Time since last: 1265391500 ns, Reaching safepoint: 76200 ns, At safepoint: 10800 ns, Total: 87000 ns
[2024-02-05T11:28:20.173+0000][1536][safepoint   ] Safepoint "Cleanup", Time since last: 4034969200 ns, Reaching safepoint: 112300 ns, At safepoint: 7500 ns, Total: 119800 ns
[2024-02-05T11:28:22.186+0000][1536][safepoint   ] Safepoint "Cleanup", Time since last: 2013512700 ns, Reaching safepoint: 63000 ns, At safepoint: 5400 ns, Total: 68400 ns
[2024-02-05T11:28:23.187+0000][1536][safepoint   ] Safepoint "Cleanup", Time since last: 1000443100 ns, Reaching safepoint: 116200 ns, At safepoint: 5600 ns, Total: 121800 ns
[2024-02-05T11:28:26.220+0000][1536][safepoint   ] Safepoint "Cleanup", Time since last: 3033034100 ns, Reaching safepoint: 56900 ns, At safepoint: 6600 ns, Total: 63500 ns
[2024-02-05T11:28:29.253+0000][1536][safepoint   ] Safepoint "Cleanup", Time since last: 3032945700 ns, Reaching safepoint: 49400 ns, At safepoint: 6800 ns, Total: 56200 ns
[2024-02-05T11:28:32.282+0000][1536][safepoint   ] Safepoint "Cleanup", Time since last: 3028830200 ns, Reaching safepoint: 98500 ns, At safepoint: 6100 ns, Total: 104600 ns
[2024-02-05T11:28:33.285+0000][1536][safepoint   ] Safepoint "Cleanup", Time since last: 1003402000 ns, Reaching safepoint: 80400 ns, At safepoint: 8000 ns, Total: 88400 ns
[2024-02-05T11:28:35.303+0000][1536][safepoint   ] Safepoint "Cleanup", Time since last: 2017373200 ns, Reaching safepoint: 120100 ns, At safepoint: 9800 ns, Total: 129900 ns
[2024-02-05T11:28:38.335+0000][1536][safepoint   ] Safepoint "Cleanup", Time since last: 3031940300 ns, Reaching safepoint: 95000 ns, At safepoint: 49600 ns, Total: 144600 ns
[2024-02-05T11:28:39.336+0000][1536][safepoint   ] Safepoint "Cleanup", Time since last: 1000478700 ns, Reaching safepoint: 43200 ns, At safepoint: 4400 ns, Total: 47600 ns
[2024-02-05T11:28:40.338+0000][1536][safepoint   ] Safepoint "Cleanup", Time since last: 1002050400 ns, Reaching safepoint: 102400 ns, At safepoint: 7500 ns, Total: 109900 ns
[2024-02-05T11:28:41.352+0000][1536][safepoint   ] Safepoint "Cleanup", Time since last: 1014059000 ns, Reaching safepoint: 97200 ns, At safepoint: 5900 ns, Total: 103100 ns
[2024-02-05T11:28:44.368+0000][1536][safepoint   ] Safepoint "Cleanup", Time since last: 3016346400 ns, Reaching safepoint: 109100 ns, At safepoint: 5800 ns, Total: 114900 ns
[2024-02-05T11:28:47.397+0000][1536][safepoint   ] Safepoint "Cleanup", Time since last: 3028139000 ns, Reaching safepoint: 56500 ns, At safepoint: 43000 ns, Total: 99500 ns
[2024-02-05T11:28:50.416+0000][1536][safepoint   ] Safepoint "Cleanup", Time since last: 3019293700 ns, Reaching safepoint: 90900 ns, At safepoint: 46100 ns, Total: 137000 ns
[2024-02-05T11:28:51.418+0000][1536][safepoint   ] Safepoint "Cleanup", Time since last: 1001467100 ns, Reaching safepoint: 93100 ns, At safepoint: 20200 ns, Total: 113300 ns
[2024-02-05T11:28:52.433+0000][1536][safepoint   ] Safepoint "Cleanup", Time since last: 1014846400 ns, Reaching safepoint: 42200 ns, At safepoint: 13800 ns, Total: 56000 ns
[2024-02-05T11:28:56.467+0000][1536][safepoint   ] Safepoint "Cleanup", Time since last: 4034374400 ns, Reaching safepoint: 73400 ns, At safepoint: 45200 ns, Total: 118600 ns
[2024-02-05T11:29:02.546+0000][1536][safepoint   ] Safepoint "Cleanup", Time since last: 6078993700 ns, Reaching safepoint: 79100 ns, At safepoint: 41800 ns, Total: 120900 ns
[2024-02-05T11:29:05.583+0000][1536][safepoint   ] Safepoint "Cleanup", Time since last: 3036598800 ns, Reaching safepoint: 105200 ns, At safepoint: 60800 ns, Total: 166000 ns
[2024-02-05T11:29:08.616+0000][1536][safepoint   ] Safepoint "Cleanup", Time since last: 3032908600 ns, Reaching safepoint: 86100 ns, At safepoint: 48100 ns, Total: 134200 ns
[2024-02-05T11:29:10.630+0000][1536][safepoint   ] Safepoint "Cleanup", Time since last: 2014208800 ns, Reaching safepoint: 90800 ns, At safepoint: 52800 ns, Total: 143600 ns
[2024-02-05T11:29:13.662+0000][1536][safepoint   ] Safepoint "Cleanup", Time since last: 3032162600 ns, Reaching safepoint: 99400 ns, At safepoint: 43900 ns, Total: 143300 ns
[2024-02-05T11:29:14.665+0000][1536][safepoint   ] Safepoint "Cleanup", Time since last: 1002558700 ns, Reaching safepoint: 154000 ns, At safepoint: 46800 ns, Total: 200800 ns
[2024-02-05T11:29:15.679+0000][1536][safepoint   ] Safepoint "Cleanup", Time since last: 1013976100 ns, Reaching safepoint: 52600 ns, At safepoint: 7000 ns, Total: 59600 ns
[2024-02-05T11:29:16.682+0000][1536][safepoint   ] Safepoint "Cleanup", Time since last: 1002296700 ns, Reaching safepoint: 60400 ns, At safepoint: 14500 ns, Total: 74900 ns
[2024-02-05T11:29:20.700+0000][1536][safepoint   ] Safepoint "Cleanup", Time since last: 4017896300 ns, Reaching safepoint: 120000 ns, At safepoint: 46500 ns, Total: 166500 ns
[2024-02-05T11:29:21.714+0000][1536][safepoint   ] Safepoint "Cleanup", Time since last: 1014586900 ns, Reaching safepoint: 62900 ns, At safepoint: 19300 ns, Total: 82200 ns
[2024-02-05T11:29:22.731+0000][1536][safepoint   ] Safepoint "Cleanup", Time since last: 1016567200 ns, Reaching safepoint: 63700 ns, At safepoint: 18100 ns, Total: 81800 ns
[2024-02-05T11:29:26.781+0000][1536][safepoint   ] Safepoint "Cleanup", Time since last: 4049466100 ns, Reaching safepoint: 71000 ns, At safepoint: 25700 ns, Total: 96700 ns
[2024-02-05T11:29:27.797+0000][1536][safepoint   ] Safepoint "Cleanup", Time since last: 1016559100 ns, Reaching safepoint: 78800 ns, At safepoint: 17700 ns, Total: 96500 ns
[2024-02-05T11:29:28.798+0000][1536][safepoint   ] Safepoint "Cleanup", Time since last: 1000752400 ns, Reaching safepoint: 97100 ns, At safepoint: 7000 ns, Total: 104100 ns
[2024-02-05T11:29:31.814+0000][1536][safepoint   ] Safepoint "Cleanup", Time since last: 3015248700 ns, Reaching safepoint: 118500 ns, At safepoint: 17800 ns, Total: 136300 ns
[2024-02-05T11:29:32.830+0000][1536][safepoint   ] Safepoint "Cleanup", Time since last: 1016552900 ns, Reaching safepoint: 70500 ns, At safepoint: 18900 ns, Total: 89400 ns
[2024-02-05T11:29:33.847+0000][1536][safepoint   ] Safepoint "Cleanup", Time since last: 1016383300 ns, Reaching safepoint: 53300 ns, At safepoint: 18600 ns, Total: 71900 ns
[2024-02-05T11:29:34.847+0000][1536][safepoint   ] Safepoint "Cleanup", Time since last: 1000795500 ns, Reaching safepoint: 107100 ns, At safepoint: 15800 ns, Total: 122900 ns
[2024-02-05T11:29:35.848+0000][1536][safepoint   ] Safepoint "Cleanup", Time since last: 1000465500 ns, Reaching safepoint: 141300 ns, At safepoint: 44700 ns, Total: 186000 ns
[2024-02-05T11:29:37.878+0000][1536][safepoint   ] Safepoint "Cleanup", Time since last: 2030137200 ns, Reaching safepoint: 58200 ns, At safepoint: 14800 ns, Total: 73000 ns
[2024-02-05T11:29:40.898+0000][1536][safepoint   ] Safepoint "Cleanup", Time since last: 3019044100 ns, Reaching safepoint: 82300 ns, At safepoint: 57700 ns, Total: 140000 ns
[2024-02-05T11:29:44.931+0000][1536][safepoint   ] Safepoint "Cleanup", Time since last: 4033548600 ns, Reaching safepoint: 111100 ns, At safepoint: 46200 ns, Total: 157300 ns
[2024-02-05T11:29:46.962+0000][1536][safepoint   ] Safepoint "Cleanup", Time since last: 2030567000 ns, Reaching safepoint: 56800 ns, At safepoint: 23800 ns, Total: 80600 ns
[2024-02-05T11:29:50.994+0000][1536][safepoint   ] Safepoint "Cleanup", Time since last: 4032218300 ns, Reaching safepoint: 97200 ns, At safepoint: 14300 ns, Total: 111500 ns
[2024-02-05T11:29:51.995+0000][1536][safepoint   ] Safepoint "Cleanup", Time since last: 1000876400 ns, Reaching safepoint: 112000 ns, At safepoint: 17300 ns, Total: 129300 ns
[2024-02-05T11:29:53.011+0000][1536][safepoint   ] Safepoint "Cleanup", Time since last: 1015945500 ns, Reaching safepoint: 64100 ns, At safepoint: 39400 ns, Total: 103500 ns
[2024-02-05T11:29:56.028+0000][1536][safepoint   ] Safepoint "Cleanup", Time since last: 3016484200 ns, Reaching safepoint: 73200 ns, At safepoint: 6400 ns, Total: 79600 ns
[2024-02-05T11:30:02.094+0000][1536][safepoint   ] Safepoint "Cleanup", Time since last: 6066059000 ns, Reaching safepoint: 93500 ns, At safepoint: 18100 ns, Total: 111600 ns
[2024-02-05T11:30:03.110+0000][1536][safepoint   ] Safepoint "Cleanup", Time since last: 1016168400 ns, Reaching safepoint: 82700 ns, At safepoint: 17300 ns, Total: 100000 ns
[2024-02-05T11:30:06.133+0000][1536][safepoint   ] Safepoint "Cleanup", Time since last: 3022464300 ns, Reaching safepoint: 52200 ns, At safepoint: 15500 ns, Total: 67700 ns
[2024-02-05T11:30:08.158+0000][1536][safepoint   ] Safepoint "Cleanup", Time since last: 2025103900 ns, Reaching safepoint: 71200 ns, At safepoint: 15900 ns, Total: 87100 ns
[2024-02-05T11:30:10.188+0000][1536][safepoint   ] Safepoint "Cleanup", Time since last: 2030079900 ns, Reaching safepoint: 111700 ns, At safepoint: 58000 ns, Total: 169700 ns
[2024-02-05T11:30:11.197+0000][1536][safepoint   ] Safepoint "Cleanup", Time since last: 1008375700 ns, Reaching safepoint: 109800 ns, At safepoint: 59400 ns, Total: 169200 ns
[2024-02-05T11:30:14.240+0000][1536][safepoint   ] Safepoint "Cleanup", Time since last: 3043299500 ns, Reaching safepoint: 82500 ns, At safepoint: 51400 ns, Total: 133900 ns
[2024-02-05T11:30:15.245+0000][1536][safepoint   ] Safepoint "Cleanup", Time since last: 1004678500 ns, Reaching safepoint: 70500 ns, At safepoint: 62999 ns, Total: 133499 ns
[2024-02-05T11:30:20.286+0000][1536][safepoint   ] Safepoint "Cleanup", Time since last: 5040896701 ns, Reaching safepoint: 84900 ns, At safepoint: 58299 ns, Total: 143199 ns
[2024-02-05T11:30:21.288+0000][1536][safepoint   ] Safepoint "Cleanup", Time since last: 1001273801 ns, Reaching safepoint: 46700 ns, At safepoint: 14100 ns, Total: 60800 ns
[2024-02-05T11:30:22.303+0000][1536][safepoint   ] Safepoint "Cleanup", Time since last: 1015504100 ns, Reaching safepoint: 78000 ns, At safepoint: 36600 ns, Total: 114600 ns
[2024-02-05T11:30:26.328+0000][1536][safepoint   ] Safepoint "Cleanup", Time since last: 4024522299 ns, Reaching safepoint: 65900 ns, At safepoint: 29500 ns, Total: 95400 ns
[2024-02-05T11:30:27.333+0000][1536][safepoint   ] Safepoint "Cleanup", Time since last: 1004990901 ns, Reaching safepoint: 84500 ns, At safepoint: 63000 ns, Total: 147500 ns
[2024-02-05T11:30:28.346+0000][1536][safepoint   ] Safepoint "Cleanup", Time since last: 1012792499 ns, Reaching safepoint: 65701 ns, At safepoint: 47799 ns, Total: 113500 ns
[2024-02-05T11:30:29.352+0000][1536][safepoint   ] Safepoint "Cleanup", Time since last: 1005770501 ns, Reaching safepoint: 46400 ns, At safepoint: 50500 ns, Total: 96900 ns
[2024-02-05T11:30:32.376+0000][1536][safepoint   ] Safepoint "Cleanup", Time since last: 3024178300 ns, Reaching safepoint: 75400 ns, At safepoint: 35600 ns, Total: 111000 ns
[2024-02-05T11:30:33.393+0000][1536][safepoint   ] Safepoint "Cleanup", Time since last: 1016619200 ns, Reaching safepoint: 103800 ns, At safepoint: 14000 ns, Total: 117800 ns
[2024-02-05T11:30:38.435+0000][1536][safepoint   ] Safepoint "Cleanup", Time since last: 5042791800 ns, Reaching safepoint: 75600 ns, At safepoint: 4700 ns, Total: 80300 ns
[2024-02-05T11:30:39.443+0000][1536][safepoint   ] Safepoint "Cleanup", Time since last: 1007114500 ns, Reaching safepoint: 46800 ns, At safepoint: 14000 ns, Total: 60800 ns
[2024-02-05T11:30:41.466+0000][1536][safepoint   ] Safepoint "Cleanup", Time since last: 2022920899 ns, Reaching safepoint: 97101 ns, At safepoint: 47500 ns, Total: 144601 ns
[2024-02-05T11:30:42.483+0000][1536][safepoint   ] Safepoint "Cleanup", Time since last: 1016871600 ns, Reaching safepoint: 40100 ns, At safepoint: 13900 ns, Total: 54000 ns
[2024-02-05T11:30:44.507+0000][1536][safepoint   ] Safepoint "Cleanup", Time since last: 2024106999 ns, Reaching safepoint: 96900 ns, At safepoint: 48001 ns, Total: 144901 ns
[2024-02-05T11:30:45.523+0000][1536][safepoint   ] Safepoint "Cleanup", Time since last: 1015645499 ns, Reaching safepoint: 70101 ns, At safepoint: 15400 ns, Total: 85501 ns
[2024-02-05T11:30:47.535+0000][1536][safepoint   ] Safepoint "Cleanup", Time since last: 2012172700 ns, Reaching safepoint: 76200 ns, At safepoint: 38700 ns, Total: 114900 ns
[2024-02-05T11:30:48.541+0000][1536][safepoint   ] Safepoint "Cleanup", Time since last: 1005332000 ns, Reaching safepoint: 123900 ns, At safepoint: 44500 ns, Total: 168400 ns
[2024-02-05T11:30:50.548+0000][1536][safepoint   ] Safepoint "Cleanup", Time since last: 2007799000 ns, Reaching safepoint: 88700 ns, At safepoint: 64399 ns, Total: 153099 ns
[2024-02-05T11:30:51.553+0000][1536][safepoint   ] Safepoint "Cleanup", Time since last: 1004426401 ns, Reaching safepoint: 88100 ns, At safepoint: 13899 ns, Total: 101999 ns
[2024-02-05T11:30:52.554+0000][1536][safepoint   ] Safepoint "Cleanup", Time since last: 1000814801 ns, Reaching safepoint: 128199 ns, At safepoint: 65001 ns, Total: 193200 ns
[2024-02-05T11:30:53.555+0000][1536][safepoint   ] Safepoint "Cleanup", Time since last: 1001146200 ns, Reaching safepoint: 84100 ns, At safepoint: 59200 ns, Total: 143300 ns
[2024-02-05T11:30:55.599+0000][1536][safepoint   ] Safepoint "Cleanup", Time since last: 2043469800 ns, Reaching safepoint: 50300 ns, At safepoint: 14000 ns, Total: 64300 ns
[2024-02-05T11:30:56.612+0000][1536][safepoint   ] Safepoint "Cleanup", Time since last: 1013421799 ns, Reaching safepoint: 63900 ns, At safepoint: 12101 ns, Total: 76001 ns
[2024-02-05T11:30:57.622+0000][1536][safepoint   ] Safepoint "Cleanup", Time since last: 1010062800 ns, Reaching safepoint: 79100 ns, At safepoint: 5099 ns, Total: 84199 ns
[2024-02-05T11:31:02.661+0000][1536][safepoint   ] Safepoint "Cleanup", Time since last: 5038345501 ns, Reaching safepoint: 49300 ns, At safepoint: 12300 ns, Total: 61600 ns
[2024-02-05T11:31:14.802+0000][1536][safepoint   ] Safepoint "Cleanup", Time since last: 12141575300 ns, Reaching safepoint: 55600 ns, At safepoint: 12000 ns, Total: 67600 ns
[2024-02-05T11:31:15.815+0000][1536][safepoint   ] Safepoint "Cleanup", Time since last: 1011922000 ns, Reaching safepoint: 49700 ns, At safepoint: 18000 ns, Total: 67700 ns
[2024-02-05T11:31:20.854+0000][1536][safepoint   ] Safepoint "Cleanup", Time since last: 5039240800 ns, Reaching safepoint: 69199 ns, At safepoint: 47701 ns, Total: 116900 ns
[2024-02-05T11:31:21.856+0000][1536][safepoint   ] Safepoint "Cleanup", Time since last: 1002412000 ns, Reaching safepoint: 80800 ns, At safepoint: 54100 ns, Total: 134900 ns
[2024-02-05T11:31:22.871+0000][1536][safepoint   ] Safepoint "Cleanup", Time since last: 1014229000 ns, Reaching safepoint: 61999 ns, At safepoint: 59501 ns, Total: 121500 ns
[2024-02-05T11:31:26.920+0000][1536][safepoint   ] Safepoint "Cleanup", Time since last: 4049445200 ns, Reaching safepoint: 45700 ns, At safepoint: 38700 ns, Total: 84400 ns
[2024-02-05T11:31:27.934+0000][1536][safepoint   ] Safepoint "Cleanup", Time since last: 1013402200 ns, Reaching safepoint: 50000 ns, At safepoint: 62400 ns, Total: 112400 ns
[2024-02-05T11:31:29.940+0000][1536][safepoint   ] Safepoint "Cleanup", Time since last: 2005954000 ns, Reaching safepoint: 46900 ns, At safepoint: 40900 ns, Total: 87800 ns
[2024-02-05T11:31:32.961+0000][1536][safepoint   ] Safepoint "Cleanup", Time since last: 3021206700 ns, Reaching safepoint: 55000 ns, At safepoint: 34500 ns, Total: 89500 ns
[2024-02-05T11:31:33.963+0000][1536][safepoint   ] Safepoint "Cleanup", Time since last: 1001182400 ns, Reaching safepoint: 686700 ns, At safepoint: 5600 ns, Total: 692300 ns
[2024-02-05T11:31:38.998+0000][1536][safepoint   ] Safepoint "Cleanup", Time since last: 5034529500 ns, Reaching safepoint: 73300 ns, At safepoint: 52900 ns, Total: 126200 ns
[2024-02-05T11:31:45.030+0000][1536][safepoint   ] Safepoint "Cleanup", Time since last: 6032132300 ns, Reaching safepoint: 47600 ns, At safepoint: 47500 ns, Total: 95100 ns
[2024-02-05T11:31:50.093+0000][1536][safepoint   ] Safepoint "Cleanup", Time since last: 5063418800 ns, Reaching safepoint: 156200 ns, At safepoint: 45000 ns, Total: 201200 ns
[2024-02-05T11:31:51.104+0000][1536][safepoint   ] Safepoint "Cleanup", Time since last: 1010011500 ns, Reaching safepoint: 85000 ns, At safepoint: 61700 ns, Total: 146700 ns
[2024-02-05T11:31:56.173+0000][1536][safepoint   ] Safepoint "Cleanup", Time since last: 5069545600 ns, Reaching safepoint: 68600 ns, At safepoint: 12600 ns, Total: 81200 ns
[2024-02-05T11:31:57.187+0000][1536][safepoint   ] Safepoint "Cleanup", Time since last: 1013697100 ns, Reaching safepoint: 83500 ns, At safepoint: 69400 ns, Total: 152900 ns
[2024-02-05T11:31:58.200+0000][1536][safepoint   ] Safepoint "Cleanup", Time since last: 1012903000 ns, Reaching safepoint: 55100 ns, At safepoint: 16100 ns, Total: 71200 ns
[2024-02-05T11:31:59.213+0000][1536][safepoint   ] Safepoint "Cleanup", Time since last: 1013014300 ns, Reaching safepoint: 80400 ns, At safepoint: 42300 ns, Total: 122700 ns
[2024-02-05T11:32:03.261+0000][1536][safepoint   ] Safepoint "Cleanup", Time since last: 4048114600 ns, Reaching safepoint: 49800 ns, At safepoint: 45600 ns, Total: 95400 ns
[2024-02-05T11:32:05.280+0000][1536][safepoint   ] Safepoint "Cleanup", Time since last: 2018658400 ns, Reaching safepoint: 45200 ns, At safepoint: 55300 ns, Total: 100500 ns
[2024-02-05T11:32:06.283+0000][1536][safepoint   ] Safepoint "Cleanup", Time since last: 1002928200 ns, Reaching safepoint: 52900 ns, At safepoint: 15300 ns, Total: 68200 ns
[2024-02-05T11:32:08.302+0000][1536][safepoint   ] Safepoint "Cleanup", Time since last: 2018425400 ns, Reaching safepoint: 67400 ns, At safepoint: 48100 ns, Total: 115500 ns
[2024-02-05T11:32:09.313+0000][1536][safepoint   ] Safepoint "Cleanup", Time since last: 1011026300 ns, Reaching safepoint: 39500 ns, At safepoint: 12400 ns, Total: 51900 ns
[2024-02-05T11:32:14.371+0000][1536][safepoint   ] Safepoint "Cleanup", Time since last: 5057762400 ns, Reaching safepoint: 691900 ns, At safepoint: 48200 ns, Total: 740100 ns
[2024-02-05T11:32:15.381+0000][1536][safepoint   ] Safepoint "Cleanup", Time since last: 1009474700 ns, Reaching safepoint: 86100 ns, At safepoint: 11700 ns, Total: 97800 ns
[2024-02-05T11:32:18.410+0000][1536][safepoint   ] Safepoint "Cleanup", Time since last: 3028593400 ns, Reaching safepoint: 61100 ns, At safepoint: 21900 ns, Total: 83000 ns
[2024-02-05T11:32:21.429+0000][1536][safepoint   ] Safepoint "Cleanup", Time since last: 3019215000 ns, Reaching safepoint: 84800 ns, At safepoint: 11900 ns, Total: 96700 ns
[2024-02-05T11:32:22.437+0000][1536][safepoint   ] Safepoint "Cleanup", Time since last: 1007571000 ns, Reaching safepoint: 94800 ns, At safepoint: 42600 ns, Total: 137400 ns
[2024-02-05T11:32:23.444+0000][1536][safepoint   ] Safepoint "Cleanup", Time since last: 1007014900 ns, Reaching safepoint: 53500 ns, At safepoint: 41100 ns, Total: 94600 ns
[2024-02-05T11:32:26.474+0000][1536][safepoint   ] Safepoint "Cleanup", Time since last: 3029776500 ns, Reaching safepoint: 68300 ns, At safepoint: 51200 ns, Total: 119500 ns
[2024-02-05T11:32:27.476+0000][1536][safepoint   ] Safepoint "Cleanup", Time since last: 1002118900 ns, Reaching safepoint: 131300 ns, At safepoint: 66300 ns, Total: 197600 ns
[2024-02-05T11:32:32.519+0000][1536][safepoint   ] Safepoint "Cleanup", Time since last: 5042965000 ns, Reaching safepoint: 101500 ns, At safepoint: 60400 ns, Total: 161900 ns
[2024-02-05T11:32:33.532+0000][1536][safepoint   ] Safepoint "Cleanup", Time since last: 1013346200 ns, Reaching safepoint: 80500 ns, At safepoint: 62100 ns, Total: 142600 ns
[2024-02-05T11:32:37.579+0000][1536][safepoint   ] Safepoint "Cleanup", Time since last: 4046038200 ns, Reaching safepoint: 71100 ns, At safepoint: 14700 ns, Total: 85800 ns
[2024-02-05T11:32:50.707+0000][1536][safepoint   ] Safepoint "Cleanup", Time since last: 13127730600 ns, Reaching safepoint: 110300 ns, At safepoint: 57700 ns, Total: 168000 ns
[2024-02-05T11:32:51.711+0000][1536][safepoint   ] Safepoint "Cleanup", Time since last: 1004567100 ns, Reaching safepoint: 64500 ns, At safepoint: 23400 ns, Total: 87900 ns
[2024-02-05T11:32:53.730+0000][1536][safepoint   ] Safepoint "Cleanup", Time since last: 2019153500 ns, Reaching safepoint: 59200 ns, At safepoint: 51500 ns, Total: 110700 ns
[2024-02-05T11:32:56.779+0000][1536][safepoint   ] Safepoint "Cleanup", Time since last: 3048553800 ns, Reaching safepoint: 98800 ns, At safepoint: 48700 ns, Total: 147500 ns
[2024-02-05T11:32:58.799+0000][1536][safepoint   ] Safepoint "Cleanup", Time since last: 2019495100 ns, Reaching safepoint: 45800 ns, At safepoint: 66700 ns, Total: 112500 ns
[2024-02-05T11:32:59.804+0000][1536][safepoint   ] Safepoint "Cleanup", Time since last: 1004817200 ns, Reaching safepoint: 48300 ns, At safepoint: 5000 ns, Total: 53300 ns
[2024-02-05T11:33:02.835+0000][1536][safepoint   ] Safepoint "Cleanup", Time since last: 3031243300 ns, Reaching safepoint: 73900 ns, At safepoint: 48600 ns, Total: 122500 ns
[2024-02-05T11:33:08.898+0000][1536][safepoint   ] Safepoint "Cleanup", Time since last: 6062835600 ns, Reaching safepoint: 83500 ns, At safepoint: 33500 ns, Total: 117000 ns
[2024-02-05T11:33:11.928+0000][1536][safepoint   ] Safepoint "Cleanup", Time since last: 3029653100 ns, Reaching safepoint: 56100 ns, At safepoint: 46500 ns, Total: 102600 ns
[2024-02-05T11:33:14.956+0000][1536][safepoint   ] Safepoint "Cleanup", Time since last: 3028469200 ns, Reaching safepoint: 74200 ns, At safepoint: 17900 ns, Total: 92100 ns
[2024-02-05T11:33:15.967+0000][1536][safepoint   ] Safepoint "Cleanup", Time since last: 1010511500 ns, Reaching safepoint: 89700 ns, At safepoint: 60500 ns, Total: 150200 ns
[2024-02-05T11:33:21.031+0000][1536][safepoint   ] Safepoint "Cleanup", Time since last: 5063929500 ns, Reaching safepoint: 47900 ns, At safepoint: 11100 ns, Total: 59000 ns
[2024-02-05T11:33:22.037+0000][1536][safepoint   ] Safepoint "Cleanup", Time since last: 1005697300 ns, Reaching safepoint: 65500 ns, At safepoint: 22400 ns, Total: 87900 ns
[2024-02-05T11:33:27.095+0000][1536][safepoint   ] Safepoint "Cleanup", Time since last: 5057713400 ns, Reaching safepoint: 51200 ns, At safepoint: 13200 ns, Total: 64400 ns
[2024-02-05T11:33:33.152+0000][1536][safepoint   ] Safepoint "Cleanup", Time since last: 6057266100 ns, Reaching safepoint: 94500 ns, At safepoint: 28000 ns, Total: 122500 ns
[2024-02-05T11:33:34.159+0000][1536][safepoint   ] Safepoint "Cleanup", Time since last: 1007388900 ns, Reaching safepoint: 67200 ns, At safepoint: 12000 ns, Total: 79200 ns
[2024-02-05T11:33:36.166+0000][1536][safepoint   ] Safepoint "Cleanup", Time since last: 2006373300 ns, Reaching safepoint: 82600 ns, At safepoint: 38500 ns, Total: 121100 ns
[2024-02-05T11:33:39.194+0000][1536][safepoint   ] Safepoint "Cleanup", Time since last: 3027985700 ns, Reaching safepoint: 54500 ns, At safepoint: 48300 ns, Total: 102800 ns
[2024-02-05T11:33:44.427+0000][1536][gc,start    ] GC(13) Pause Young (Normal) (G1 Evacuation Pause)
[2024-02-05T11:33:44.427+0000][1536][gc,task     ] GC(13) Using 8 workers of 8 for evacuation
[2024-02-05T11:33:44.427+0000][1536][gc,age      ] GC(13) Desired survivor size 81788928 bytes, new threshold 15 (max threshold 15)
[2024-02-05T11:33:44.446+0000][1536][gc,phases   ] GC(13)   Pre Evacuate Collection Set: 0.1ms
[2024-02-05T11:33:44.446+0000][1536][gc,phases   ] GC(13)   Merge Heap Roots: 0.1ms
[2024-02-05T11:33:44.446+0000][1536][gc,phases   ] GC(13)   Evacuate Collection Set: 26.5ms
[2024-02-05T11:33:44.446+0000][1536][gc,phases   ] GC(13)   Post Evacuate Collection Set: 3.4ms
[2024-02-05T11:33:44.446+0000][1536][gc,phases   ] GC(13)   Other: 0.1ms
[2024-02-05T11:33:44.446+0000][1536][gc,age      ] GC(13) Age table with threshold 15 (max threshold 15)
[2024-02-05T11:33:44.446+0000][1536][gc,age      ] GC(13) - age   1:    1877008 bytes,    1877008 total
[2024-02-05T11:33:44.446+0000][1536][gc,age      ] GC(13) - age   2:   39453768 bytes,   41330776 total
[2024-02-05T11:33:44.446+0000][1536][gc,age      ] GC(13) - age   3:    9718672 bytes,   51049448 total
[2024-02-05T11:33:44.446+0000][1536][gc,age      ] GC(13) - age   4:   16559432 bytes,   67608880 total
[2024-02-05T11:33:44.446+0000][1536][gc,heap     ] GC(13) Eden regions: 289->0(366)
[2024-02-05T11:33:44.446+0000][1536][gc,heap     ] GC(13) Survivor regions: 18->19(39)
[2024-02-05T11:33:44.446+0000][1536][gc,heap     ] GC(13) Old regions: 13->13
[2024-02-05T11:33:44.446+0000][1536][gc,heap     ] GC(13) Archive regions: 0->0
[2024-02-05T11:33:44.446+0000][1536][gc,heap     ] GC(13) Humongous regions: 2->2
[2024-02-05T11:33:44.446+0000][1536][gc,metaspace] GC(13) Metaspace: 127384K(130688K)->127384K(130688K) NonClass: 110530K(112256K)->110530K(112256K) Class: 16853K(18432K)->16853K(18432K)
[2024-02-05T11:33:44.446+0000][1536][gc          ] GC(13) Pause Young (Normal) (G1 Evacuation Pause) 1284M->131M(4040M) 30.873ms
[2024-02-05T11:33:44.446+0000][1536][gc,cpu      ] GC(13) User=0.12s Sys=0.00s Real=0.02s
[2024-02-05T11:33:44.446+0000][1536][safepoint   ] Safepoint "G1CollectForAllocation", Time since last: 5233956000 ns, Reaching safepoint: 92200 ns, At safepoint: 31041500 ns, Total: 31133700 ns
[2024-02-05T11:33:47.472+0000][1536][safepoint   ] Safepoint "Cleanup", Time since last: 3013016200 ns, Reaching safepoint: 64500 ns, At safepoint: 6800 ns, Total: 71300 ns
[2024-02-05T11:33:49.495+0000][1536][safepoint   ] Safepoint "Cleanup", Time since last: 2023099400 ns, Reaching safepoint: 87700 ns, At safepoint: 10400 ns, Total: 98100 ns
[2024-02-05T11:33:50.512+0000][1536][safepoint   ] Safepoint "Cleanup", Time since last: 1016349200 ns, Reaching safepoint: 78100 ns, At safepoint: 19000 ns, Total: 97100 ns
[2024-02-05T11:33:51.521+0000][1536][safepoint   ] Safepoint "Cleanup", Time since last: 1009265200 ns, Reaching safepoint: 59100 ns, At safepoint: 37900 ns, Total: 97000 ns
[2024-02-05T11:33:52.522+0000][1536][safepoint   ] Safepoint "Cleanup", Time since last: 1001228900 ns, Reaching safepoint: 82900 ns, At safepoint: 9100 ns, Total: 92000 ns
[2024-02-05T11:33:54.541+0000][1536][safepoint   ] Safepoint "Cleanup", Time since last: 2018938400 ns, Reaching safepoint: 78900 ns, At safepoint: 14800 ns, Total: 93700 ns
[2024-02-05T11:33:56.580+0000][1536][safepoint   ] Safepoint "Cleanup", Time since last: 2037885400 ns, Reaching safepoint: 652500 ns, At safepoint: 39200 ns, Total: 691700 ns
[2024-02-05T11:33:57.583+0000][1536][safepoint   ] Safepoint "Cleanup", Time since last: 1003117300 ns, Reaching safepoint: 90400 ns, At safepoint: 12600 ns, Total: 103000 ns
[2024-02-05T11:33:59.607+0000][1536][safepoint   ] Safepoint "Cleanup", Time since last: 2023221100 ns, Reaching safepoint: 82600 ns, At safepoint: 35900 ns, Total: 118500 ns
[2024-02-05T11:34:02.632+0000][1536][safepoint   ] Safepoint "Cleanup", Time since last: 3024841700 ns, Reaching safepoint: 59200 ns, At safepoint: 45700 ns, Total: 104900 ns
[2024-02-05T11:34:08.679+0000][1536][safepoint   ] Safepoint "Cleanup", Time since last: 6047609300 ns, Reaching safepoint: 79400 ns, At safepoint: 50900 ns, Total: 130300 ns
[2024-02-05T11:34:14.748+0000][1536][safepoint   ] Safepoint "Cleanup", Time since last: 6068637400 ns, Reaching safepoint: 66400 ns, At safepoint: 14500 ns, Total: 80900 ns
[2024-02-05T11:34:15.947+0000][1536][safepoint   ] Safepoint "Cleanup", Time since last: 1199402500 ns, Reaching safepoint: 81400 ns, At safepoint: 8100 ns, Total: 89500 ns
[2024-02-05T11:34:21.028+0000][1536][safepoint   ] Safepoint "Cleanup", Time since last: 5080375800 ns, Reaching safepoint: 54700 ns, At safepoint: 5300 ns, Total: 60000 ns
[2024-02-05T11:34:22.039+0000][1536][safepoint   ] Safepoint "Cleanup", Time since last: 1011087200 ns, Reaching safepoint: 89900 ns, At safepoint: 6800 ns, Total: 96700 ns
[2024-02-05T11:34:31.130+0000][1536][safepoint   ] Safepoint "Cleanup", Time since last: 9091271100 ns, Reaching safepoint: 83100 ns, At safepoint: 6600 ns, Total: 89700 ns
[2024-02-05T11:34:33.158+0000][1536][safepoint   ] Safepoint "Cleanup", Time since last: 2027174000 ns, Reaching safepoint: 84300 ns, At safepoint: 7000 ns, Total: 91300 ns
[2024-02-05T11:34:42.238+0000][1536][safepoint   ] Safepoint "Cleanup", Time since last: 9080260500 ns, Reaching safepoint: 91800 ns, At safepoint: 10800 ns, Total: 102600 ns
[2024-02-05T11:34:45.250+0000][1536][safepoint   ] Safepoint "Cleanup", Time since last: 3011988500 ns, Reaching safepoint: 76300 ns, At safepoint: 10900 ns, Total: 87200 ns
[2024-02-05T11:34:52.318+0000][1536][safepoint   ] Safepoint "Cleanup", Time since last: 7067639500 ns, Reaching safepoint: 96000 ns, At safepoint: 7600 ns, Total: 103600 ns
[2024-02-05T11:34:57.378+0000][1536][safepoint   ] Safepoint "Cleanup", Time since last: 5059622800 ns, Reaching safepoint: 57900 ns, At safepoint: 9100 ns, Total: 67000 ns
[2024-02-05T11:34:58.400+0000][1536][safepoint   ] Safepoint "Cleanup", Time since last: 1022487000 ns, Reaching safepoint: 103800 ns, At safepoint: 10000 ns, Total: 113800 ns
[2024-02-05T11:35:00.402+0000][1536][safepoint   ] Safepoint "Cleanup", Time since last: 2001397300 ns, Reaching safepoint: 101100 ns, At safepoint: 6200 ns, Total: 107300 ns
[2024-02-05T11:35:01.403+0000][1536][safepoint   ] Safepoint "Cleanup", Time since last: 1001174200 ns, Reaching safepoint: 131400 ns, At safepoint: 10600 ns, Total: 142000 ns
[2024-02-05T11:35:03.422+0000][1536][safepoint   ] Safepoint "Cleanup", Time since last: 2018557800 ns, Reaching safepoint: 80500 ns, At safepoint: 9600 ns, Total: 90100 ns
[2024-02-05T11:35:04.427+0000][1536][safepoint   ] Safepoint "Cleanup", Time since last: 1005103200 ns, Reaching safepoint: 104900 ns, At safepoint: 12100 ns, Total: 117000 ns
[2024-02-05T11:35:06.441+0000][1536][safepoint   ] Safepoint "Cleanup", Time since last: 2014267200 ns, Reaching safepoint: 60600 ns, At safepoint: 10400 ns, Total: 71000 ns
[2024-02-05T11:35:09.474+0000][1536][safepoint   ] Safepoint "Cleanup", Time since last: 3032263800 ns, Reaching safepoint: 92800 ns, At safepoint: 12700 ns, Total: 105500 ns
[2024-02-05T11:35:12.489+0000][1536][safepoint   ] Safepoint "Cleanup", Time since last: 3015211000 ns, Reaching safepoint: 118000 ns, At safepoint: 23100 ns, Total: 141100 ns
[2024-02-05T11:35:15.518+0000][1536][safepoint   ] Safepoint "Cleanup", Time since last: 3029360300 ns, Reaching safepoint: 75700 ns, At safepoint: 4700 ns, Total: 80400 ns
[2024-02-05T11:35:21.583+0000][1536][safepoint   ] Safepoint "Cleanup", Time since last: 6065081500 ns, Reaching safepoint: 112100 ns, At safepoint: 64200 ns, Total: 176300 ns
[2024-02-05T11:35:22.599+0000][1536][safepoint   ] Safepoint "Cleanup", Time since last: 1015023500 ns, Reaching safepoint: 93900 ns, At safepoint: 9900 ns, Total: 103800 ns
[2024-02-05T11:35:24.615+0000][1536][safepoint   ] Safepoint "Cleanup", Time since last: 2015815200 ns, Reaching safepoint: 123900 ns, At safepoint: 12900 ns, Total: 136800 ns
[2024-02-05T11:35:27.630+0000][1536][safepoint   ] Safepoint "Cleanup", Time since last: 3015573500 ns, Reaching safepoint: 116200 ns, At safepoint: 12500 ns, Total: 128700 ns
[2024-02-05T11:35:28.644+0000][1536][safepoint   ] Safepoint "Cleanup", Time since last: 1013313800 ns, Reaching safepoint: 156100 ns, At safepoint: 12200 ns, Total: 168300 ns
[2024-02-05T11:35:31.673+0000][1536][safepoint   ] Safepoint "Cleanup", Time since last: 3028808900 ns, Reaching safepoint: 702200 ns, At safepoint: 25200 ns, Total: 727400 ns
[2024-02-05T11:35:32.690+0000][1536][safepoint   ] Safepoint "Cleanup", Time since last: 1016076200 ns, Reaching safepoint: 99700 ns, At safepoint: 9900 ns, Total: 109600 ns
[2024-02-05T11:35:35.709+0000][1536][safepoint   ] Safepoint "Cleanup", Time since last: 3019719500 ns, Reaching safepoint: 95400 ns, At safepoint: 11500 ns, Total: 106900 ns
[2024-02-05T11:35:39.740+0000][1536][safepoint   ] Safepoint "Cleanup", Time since last: 4030322200 ns, Reaching safepoint: 80600 ns, At safepoint: 13400 ns, Total: 94000 ns
[2024-02-05T11:35:44.797+0000][1536][safepoint   ] Safepoint "Cleanup", Time since last: 5057282900 ns, Reaching safepoint: 69400 ns, At safepoint: 24200 ns, Total: 93600 ns
[2024-02-05T11:35:51.844+0000][1536][safepoint   ] Safepoint "Cleanup", Time since last: 7046215500 ns, Reaching safepoint: 76600 ns, At safepoint: 8300 ns, Total: 84900 ns
[2024-02-05T11:35:55.867+0000][1536][safepoint   ] Safepoint "Cleanup", Time since last: 4023461400 ns, Reaching safepoint: 717300 ns, At safepoint: 12200 ns, Total: 729500 ns
[2024-02-05T11:35:57.885+0000][1536][safepoint   ] Safepoint "Cleanup", Time since last: 2017501200 ns, Reaching safepoint: 103200 ns, At safepoint: 9400 ns, Total: 112600 ns
[2024-02-05T11:35:59.901+0000][1536][safepoint   ] Safepoint "Cleanup", Time since last: 2015202500 ns, Reaching safepoint: 97200 ns, At safepoint: 10400 ns, Total: 107600 ns
[2024-02-05T11:36:01.911+0000][1536][safepoint   ] Safepoint "Cleanup", Time since last: 2010218100 ns, Reaching safepoint: 105200 ns, At safepoint: 12700 ns, Total: 117900 ns
[2024-02-05T11:36:02.927+0000][1536][safepoint   ] Safepoint "Cleanup", Time since last: 1015803700 ns, Reaching safepoint: 58600 ns, At safepoint: 8300 ns, Total: 66900 ns
[2024-02-05T11:36:03.949+0000][1536][safepoint   ] Safepoint "Cleanup", Time since last: 1021880400 ns, Reaching safepoint: 108300 ns, At safepoint: 23300 ns, Total: 131600 ns
[2024-02-05T11:36:05.979+0000][1536][safepoint   ] Safepoint "Cleanup", Time since last: 2030166800 ns, Reaching safepoint: 91500 ns, At safepoint: 36600 ns, Total: 128100 ns
[2024-02-05T11:36:06.990+0000][1536][safepoint   ] Safepoint "Cleanup", Time since last: 1010421700 ns, Reaching safepoint: 139300 ns, At safepoint: 16500 ns, Total: 155800 ns
[2024-02-05T11:36:10.022+0000][1536][safepoint   ] Safepoint "Cleanup", Time since last: 3032539500 ns, Reaching safepoint: 102100 ns, At safepoint: 8600 ns, Total: 110700 ns
[2024-02-05T11:36:15.068+0000][1536][safepoint   ] Safepoint "Cleanup", Time since last: 5045602200 ns, Reaching safepoint: 86200 ns, At safepoint: 6000 ns, Total: 92200 ns
[2024-02-05T11:36:20.103+0000][1536][safepoint   ] Safepoint "Cleanup", Time since last: 5034966500 ns, Reaching safepoint: 160200 ns, At safepoint: 44100 ns, Total: 204300 ns
[2024-02-05T11:36:21.105+0000][1536][safepoint   ] Safepoint "Cleanup", Time since last: 1001546600 ns, Reaching safepoint: 97300 ns, At safepoint: 26800 ns, Total: 124100 ns
[2024-02-05T11:36:22.107+0000][1536][safepoint   ] Safepoint "Cleanup", Time since last: 1001822600 ns, Reaching safepoint: 131700 ns, At safepoint: 15500 ns, Total: 147200 ns
[2024-02-05T11:36:24.111+0000][1536][safepoint   ] Safepoint "Cleanup", Time since last: 2004241800 ns, Reaching safepoint: 91500 ns, At safepoint: 10300 ns, Total: 101800 ns
[2024-02-05T11:36:34.211+0000][1536][safepoint   ] Safepoint "Cleanup", Time since last: 10100046600 ns, Reaching safepoint: 74800 ns, At safepoint: 11900 ns, Total: 86700 ns
[2024-02-05T11:36:35.229+0000][1536][safepoint   ] Safepoint "Cleanup", Time since last: 1017504500 ns, Reaching safepoint: 132300 ns, At safepoint: 58600 ns, Total: 190900 ns
[2024-02-05T11:36:36.231+0000][1536][safepoint   ] Safepoint "Cleanup", Time since last: 1002080600 ns, Reaching safepoint: 98700 ns, At safepoint: 17000 ns, Total: 115700 ns
[2024-02-05T11:36:39.255+0000][1536][safepoint   ] Safepoint "Cleanup", Time since last: 3023972600 ns, Reaching safepoint: 130600 ns, At safepoint: 67200 ns, Total: 197800 ns
[2024-02-05T11:36:40.268+0000][1536][safepoint   ] Safepoint "Cleanup", Time since last: 1012545100 ns, Reaching safepoint: 623000 ns, At safepoint: 15600 ns, Total: 638600 ns
[2024-02-05T11:36:45.302+0000][1536][safepoint   ] Safepoint "Cleanup", Time since last: 5032866900 ns, Reaching safepoint: 122200 ns, At safepoint: 18000 ns, Total: 140200 ns
[2024-02-05T11:36:51.333+0000][1536][safepoint   ] Safepoint "Cleanup", Time since last: 6031314000 ns, Reaching safepoint: 95100 ns, At safepoint: 53800 ns, Total: 148900 ns
[2024-02-05T11:36:52.333+0000][1536][safepoint   ] Safepoint "Cleanup", Time since last: 1000193400 ns, Reaching safepoint: 98000 ns, At safepoint: 58900 ns, Total: 156900 ns
[2024-02-05T11:36:57.383+0000][1536][safepoint   ] Safepoint "Cleanup", Time since last: 5049871700 ns, Reaching safepoint: 106800 ns, At safepoint: 67400 ns, Total: 174200 ns
[2024-02-05T11:36:58.385+0000][1536][safepoint   ] Safepoint "Cleanup", Time since last: 1001183500 ns, Reaching safepoint: 123000 ns, At safepoint: 59600 ns, Total: 182600 ns
[2024-02-05T11:37:03.395+0000][1536][safepoint   ] Safepoint "Cleanup", Time since last: 5011219800 ns, Reaching safepoint: 121400 ns, At safepoint: 19000 ns, Total: 140400 ns
[2024-02-05T11:37:10.455+0000][1536][safepoint   ] Safepoint "Cleanup", Time since last: 7058617600 ns, Reaching safepoint: 100200 ns, At safepoint: 20700 ns, Total: 120900 ns
[2024-02-05T11:37:15.501+0000][1536][safepoint   ] Safepoint "Cleanup", Time since last: 5046134900 ns, Reaching safepoint: 107500 ns, At safepoint: 20400 ns, Total: 127900 ns
[2024-02-05T11:37:20.539+0000][1536][safepoint   ] Safepoint "Cleanup", Time since last: 5038039500 ns, Reaching safepoint: 69600 ns, At safepoint: 10600 ns, Total: 80200 ns
[2024-02-05T11:37:22.393+0000][1536][safepoint   ] Safepoint "Cleanup", Time since last: 1853119100 ns, Reaching safepoint: 184800 ns, At safepoint: 12400 ns, Total: 197200 ns
[2024-02-05T11:37:45.524+0000][1536][safepoint   ] Safepoint "Cleanup", Time since last: 23131174800 ns, Reaching safepoint: 136500 ns, At safepoint: 12600 ns, Total: 149100 ns
[2024-02-05T11:37:47.083+0000][1536][safepoint   ] Safepoint "Cleanup", Time since last: 1560102000 ns, Reaching safepoint: 111000 ns, At safepoint: 13200 ns, Total: 124200 ns
[2024-02-05T11:37:48.098+0000][1536][safepoint   ] Safepoint "Cleanup", Time since last: 1013474800 ns, Reaching safepoint: 114600 ns, At safepoint: 23700 ns, Total: 138300 ns
[2024-02-05T11:37:57.148+0000][1536][safepoint   ] Safepoint "Cleanup", Time since last: 9050471000 ns, Reaching safepoint: 129400 ns, At safepoint: 15700 ns, Total: 145100 ns
[2024-02-05T11:38:09.232+0000][1536][safepoint   ] Safepoint "Cleanup", Time since last: 12083840500 ns, Reaching safepoint: 66800 ns, At safepoint: 5300 ns, Total: 72100 ns
[2024-02-05T11:38:12.253+0000][1536][safepoint   ] Safepoint "Cleanup", Time since last: 3020838000 ns, Reaching safepoint: 109700 ns, At safepoint: 9600 ns, Total: 119300 ns
[2024-02-05T11:38:15.285+0000][1536][safepoint   ] Safepoint "Cleanup", Time since last: 3031196300 ns, Reaching safepoint: 99000 ns, At safepoint: 9700 ns, Total: 108700 ns
[2024-02-05T11:38:21.312+0000][1536][safepoint   ] Safepoint "Cleanup", Time since last: 6026832000 ns, Reaching safepoint: 84600 ns, At safepoint: 8900 ns, Total: 93500 ns
[2024-02-05T11:38:22.313+0000][1536][safepoint   ] Safepoint "Cleanup", Time since last: 1001058500 ns, Reaching safepoint: 84200 ns, At safepoint: 10000 ns, Total: 94200 ns
[2024-02-05T11:38:24.316+0000][1536][safepoint   ] Safepoint "Cleanup", Time since last: 2003233600 ns, Reaching safepoint: 96700 ns, At safepoint: 12900 ns, Total: 109600 ns
[2024-02-05T11:38:30.360+0000][1536][safepoint   ] Safepoint "Cleanup", Time since last: 6043802600 ns, Reaching safepoint: 112700 ns, At safepoint: 60500 ns, Total: 173200 ns
[2024-02-05T11:38:33.403+0000][1536][safepoint   ] Safepoint "Cleanup", Time since last: 3043180100 ns, Reaching safepoint: 91500 ns, At safepoint: 20300 ns, Total: 111800 ns
[2024-02-05T11:38:39.445+0000][1536][safepoint   ] Safepoint "Cleanup", Time since last: 6041223600 ns, Reaching safepoint: 66300 ns, At safepoint: 17800 ns, Total: 84100 ns
[2024-02-05T11:38:40.445+0000][1536][safepoint   ] Safepoint "Cleanup", Time since last: 1000127600 ns, Reaching safepoint: 119700 ns, At safepoint: 13300 ns, Total: 133000 ns
[2024-02-05T11:38:52.527+0000][1536][safepoint   ] Safepoint "Cleanup", Time since last: 12082215000 ns, Reaching safepoint: 86700 ns, At safepoint: 8900 ns, Total: 95600 ns
[2024-02-05T11:39:03.639+0000][1536][safepoint   ] Safepoint "Cleanup", Time since last: 11111309500 ns, Reaching safepoint: 61300 ns, At safepoint: 9200 ns, Total: 70500 ns
[2024-02-05T11:39:05.649+0000][1536][safepoint   ] Safepoint "Cleanup", Time since last: 2010069500 ns, Reaching safepoint: 156800 ns, At safepoint: 23600 ns, Total: 180400 ns
[2024-02-05T11:39:09.708+0000][1536][safepoint   ] Safepoint "Cleanup", Time since last: 4059565000 ns, Reaching safepoint: 107800 ns, At safepoint: 22600 ns, Total: 130400 ns
[2024-02-05T11:39:12.724+0000][1536][safepoint   ] Safepoint "Cleanup", Time since last: 3015682100 ns, Reaching safepoint: 123200 ns, At safepoint: 20700 ns, Total: 143900 ns
[2024-02-05T11:39:14.737+0000][1536][safepoint   ] Safepoint "Cleanup", Time since last: 2012591500 ns, Reaching safepoint: 125600 ns, At safepoint: 11800 ns, Total: 137400 ns
[2024-02-05T11:39:15.739+0000][1536][safepoint   ] Safepoint "Cleanup", Time since last: 1001695200 ns, Reaching safepoint: 101100 ns, At safepoint: 19000 ns, Total: 120100 ns
[2024-02-05T11:39:21.787+0000][1536][safepoint   ] Safepoint "Cleanup", Time since last: 6048091200 ns, Reaching safepoint: 103000 ns, At safepoint: 19500 ns, Total: 122500 ns
[2024-02-05T11:39:22.814+0000][1536][safepoint   ] Safepoint "Cleanup", Time since last: 1027070400 ns, Reaching safepoint: 69500 ns, At safepoint: 44900 ns, Total: 114400 ns
[2024-02-05T11:39:25.819+0000][1536][safepoint   ] Safepoint "Cleanup", Time since last: 3004944300 ns, Reaching safepoint: 116700 ns, At safepoint: 72600 ns, Total: 189300 ns
[2024-02-05T11:39:33.852+0000][1536][safepoint   ] Safepoint "Cleanup", Time since last: 8032242000 ns, Reaching safepoint: 120700 ns, At safepoint: 79100 ns, Total: 199800 ns
[2024-02-05T11:39:35.873+0000][1536][safepoint   ] Safepoint "Cleanup", Time since last: 2020616100 ns, Reaching safepoint: 81000 ns, At safepoint: 33200 ns, Total: 114200 ns
[2024-02-05T11:39:44.947+0000][1536][safepoint   ] Safepoint "Cleanup", Time since last: 9074128400 ns, Reaching safepoint: 97500 ns, At safepoint: 29900 ns, Total: 127400 ns
[2024-02-05T11:39:45.958+0000][1536][safepoint   ] Safepoint "Cleanup", Time since last: 1010620400 ns, Reaching safepoint: 105600 ns, At safepoint: 23300 ns, Total: 128900 ns
[2024-02-05T11:39:52.032+0000][1536][safepoint   ] Safepoint "Cleanup", Time since last: 6074606000 ns, Reaching safepoint: 120500 ns, At safepoint: 79100 ns, Total: 199600 ns
[2024-02-05T11:39:58.059+0000][1536][safepoint   ] Safepoint "Cleanup", Time since last: 6026538100 ns, Reaching safepoint: 78100 ns, At safepoint: 62000 ns, Total: 140100 ns
[2024-02-05T11:40:04.097+0000][1536][safepoint   ] Safepoint "Cleanup", Time since last: 6037556000 ns, Reaching safepoint: 142500 ns, At safepoint: 29500 ns, Total: 172000 ns
[2024-02-05T11:40:10.144+0000][1536][safepoint   ] Safepoint "Cleanup", Time since last: 6046961800 ns, Reaching safepoint: 85500 ns, At safepoint: 15200 ns, Total: 100700 ns
[2024-02-05T11:40:13.176+0000][1536][safepoint   ] Safepoint "Cleanup", Time since last: 3032436200 ns, Reaching safepoint: 80200 ns, At safepoint: 58900 ns, Total: 139100 ns
[2024-02-05T11:40:22.269+0000][1536][safepoint   ] Safepoint "Cleanup", Time since last: 9092575700 ns, Reaching safepoint: 139300 ns, At safepoint: 63200 ns, Total: 202500 ns
[2024-02-05T11:40:24.297+0000][1536][safepoint   ] Safepoint "Cleanup", Time since last: 2028191400 ns, Reaching safepoint: 68700 ns, At safepoint: 68400 ns, Total: 137100 ns
[2024-02-05T11:40:28.341+0000][1536][safepoint   ] Safepoint "Cleanup", Time since last: 4043117400 ns, Reaching safepoint: 62200 ns, At safepoint: 18900 ns, Total: 81100 ns
[2024-02-05T11:40:30.348+0000][1536][safepoint   ] Safepoint "Cleanup", Time since last: 2007624800 ns, Reaching safepoint: 106100 ns, At safepoint: 68700 ns, Total: 174800 ns
[2024-02-05T11:40:39.423+0000][1536][safepoint   ] Safepoint "Cleanup", Time since last: 9074706400 ns, Reaching safepoint: 61000 ns, At safepoint: 20100 ns, Total: 81100 ns
[2024-02-05T11:40:41.434+0000][1536][safepoint   ] Safepoint "Cleanup", Time since last: 2010230800 ns, Reaching safepoint: 134500 ns, At safepoint: 66000 ns, Total: 200500 ns
[2024-02-05T11:40:46.474+0000][1536][safepoint   ] Safepoint "Cleanup", Time since last: 5039867900 ns, Reaching safepoint: 80900 ns, At safepoint: 24300 ns, Total: 105200 ns
[2024-02-05T11:40:48.484+0000][1536][safepoint   ] Safepoint "Cleanup", Time since last: 2009741300 ns, Reaching safepoint: 114200 ns, At safepoint: 12900 ns, Total: 127100 ns
[2024-02-05T11:40:51.596+0000][1536][gc,start    ] GC(14) Pause Young (Normal) (G1 Evacuation Pause)
[2024-02-05T11:40:51.596+0000][1536][gc,task     ] GC(14) Using 8 workers of 8 for evacuation
[2024-02-05T11:40:51.596+0000][1536][gc,age      ] GC(14) Desired survivor size 92274688 bytes, new threshold 15 (max threshold 15)
[2024-02-05T11:40:51.634+0000][1536][gc,phases   ] GC(14)   Pre Evacuate Collection Set: 0.2ms
[2024-02-05T11:40:51.634+0000][1536][gc,phases   ] GC(14)   Merge Heap Roots: 0.1ms
[2024-02-05T11:40:51.634+0000][1536][gc,phases   ] GC(14)   Evacuate Collection Set: 34.9ms
[2024-02-05T11:40:51.634+0000][1536][gc,phases   ] GC(14)   Post Evacuate Collection Set: 2.4ms
[2024-02-05T11:40:51.634+0000][1536][gc,phases   ] GC(14)   Other: 0.2ms
[2024-02-05T11:40:51.634+0000][1536][gc,age      ] GC(14) Age table with threshold 15 (max threshold 15)
[2024-02-05T11:40:51.634+0000][1536][gc,age      ] GC(14) - age   1:    1123224 bytes,    1123224 total
[2024-02-05T11:40:51.634+0000][1536][gc,age      ] GC(14) - age   2:     702856 bytes,    1826080 total
[2024-02-05T11:40:51.634+0000][1536][gc,age      ] GC(14) - age   3:   39307568 bytes,   41133648 total
[2024-02-05T11:40:51.634+0000][1536][gc,age      ] GC(14) - age   4:    9697320 bytes,   50830968 total
[2024-02-05T11:40:51.634+0000][1536][gc,age      ] GC(14) - age   5:   16559432 bytes,   67390400 total
[2024-02-05T11:40:51.634+0000][1536][gc,heap     ] GC(14) Eden regions: 331->0(588)
[2024-02-05T11:40:51.634+0000][1536][gc,heap     ] GC(14) Survivor regions: 19->18(44)
[2024-02-05T11:40:51.634+0000][1536][gc,heap     ] GC(14) Old regions: 13->13
[2024-02-05T11:40:51.634+0000][1536][gc,heap     ] GC(14) Archive regions: 0->0
[2024-02-05T11:40:51.634+0000][1536][gc,heap     ] GC(14) Humongous regions: 2->2
[2024-02-05T11:40:51.634+0000][1536][gc,metaspace] GC(14) Metaspace: 127627K(130944K)->127627K(130944K) NonClass: 110772K(112512K)->110772K(112512K) Class: 16855K(18432K)->16855K(18432K)
[2024-02-05T11:40:51.634+0000][1536][gc          ] GC(14) Pause Young (Normal) (G1 Evacuation Pause) 1455M->128M(4040M) 38.143ms
[2024-02-05T11:40:51.634+0000][1536][gc,cpu      ] GC(14) User=0.19s Sys=0.00s Real=0.04s
[2024-02-05T11:40:51.634+0000][1536][safepoint   ] Safepoint "G1CollectForAllocation", Time since last: 3114336800 ns, Reaching safepoint: 79400 ns, At safepoint: 38239600 ns, Total: 38319000 ns
[2024-02-05T11:40:57.666+0000][1536][safepoint   ] Safepoint "Cleanup", Time since last: 6029669100 ns, Reaching safepoint: 88300 ns, At safepoint: 9400 ns, Total: 97700 ns
[2024-02-05T11:41:09.765+0000][1536][safepoint   ] Safepoint "Cleanup", Time since last: 12098936500 ns, Reaching safepoint: 116100 ns, At safepoint: 21300 ns, Total: 137400 ns
[2024-02-05T11:41:19.422+0000][1536][safepoint   ] Safepoint "Cleanup", Time since last: 9657239100 ns, Reaching safepoint: 81300 ns, At safepoint: 8100 ns, Total: 89400 ns
[2024-02-05T11:41:20.427+0000][1536][safepoint   ] Safepoint "Cleanup", Time since last: 1004082400 ns, Reaching safepoint: 100300 ns, At safepoint: 11400 ns, Total: 111700 ns
[2024-02-05T11:41:22.457+0000][1536][safepoint   ] Safepoint "Cleanup", Time since last: 2030672700 ns, Reaching safepoint: 120300 ns, At safepoint: 34400 ns, Total: 154700 ns
[2024-02-05T11:41:29.538+0000][1536][safepoint   ] Safepoint "Cleanup", Time since last: 7080345800 ns, Reaching safepoint: 91200 ns, At safepoint: 71900 ns, Total: 163100 ns
[2024-02-05T11:41:30.552+0000][1536][safepoint   ] Safepoint "Cleanup", Time since last: 1013514700 ns, Reaching safepoint: 92300 ns, At safepoint: 66500 ns, Total: 158800 ns
[2024-02-05T11:41:33.565+0000][1536][safepoint   ] Safepoint "Cleanup", Time since last: 3012707300 ns, Reaching safepoint: 121500 ns, At safepoint: 51800 ns, Total: 173300 ns
[2024-02-05T11:41:46.672+0000][1536][safepoint   ] Safepoint "Cleanup", Time since last: 13107200000 ns, Reaching safepoint: 114300 ns, At safepoint: 26800 ns, Total: 141100 ns
[2024-02-05T11:41:51.704+0000][1536][safepoint   ] Safepoint "Cleanup", Time since last: 5031905400 ns, Reaching safepoint: 714100 ns, At safepoint: 52100 ns, Total: 766200 ns
[2024-02-05T11:41:53.724+0000][1536][safepoint   ] Safepoint "Cleanup", Time since last: 2019237500 ns, Reaching safepoint: 123800 ns, At safepoint: 82900 ns, Total: 206700 ns
[2024-02-05T11:41:57.777+0000][1536][safepoint   ] Safepoint "Cleanup", Time since last: 4052085100 ns, Reaching safepoint: 685000 ns, At safepoint: 54800 ns, Total: 739800 ns
[2024-02-05T11:42:00.818+0000][1536][safepoint   ] Safepoint "Cleanup", Time since last: 3040568300 ns, Reaching safepoint: 84200 ns, At safepoint: 25400 ns, Total: 109600 ns
[2024-02-05T11:42:15.912+0000][1536][safepoint   ] Safepoint "Cleanup", Time since last: 15094526500 ns, Reaching safepoint: 72000 ns, At safepoint: 69100 ns, Total: 141100 ns
[2024-02-05T11:42:16.921+0000][1536][safepoint   ] Safepoint "Cleanup", Time since last: 1009165700 ns, Reaching safepoint: 81800 ns, At safepoint: 64200 ns, Total: 146000 ns
[2024-02-05T11:42:21.948+0000][1536][safepoint   ] Safepoint "Cleanup", Time since last: 5025861100 ns, Reaching safepoint: 96000 ns, At safepoint: 17200 ns, Total: 113200 ns
[2024-02-05T11:42:25.962+0000][1536][safepoint   ] Safepoint "Cleanup", Time since last: 4014819900 ns, Reaching safepoint: 115700 ns, At safepoint: 41700 ns, Total: 157400 ns
[2024-02-05T11:42:29.003+0000][1536][safepoint   ] Safepoint "Cleanup", Time since last: 3040113700 ns, Reaching safepoint: 142300 ns, At safepoint: 37200 ns, Total: 179500 ns
[2024-02-05T11:42:37.063+0000][1536][safepoint   ] Safepoint "Cleanup", Time since last: 8060039700 ns, Reaching safepoint: 99900 ns, At safepoint: 39700 ns, Total: 139600 ns
[2024-02-05T11:42:40.074+0000][1536][safepoint   ] Safepoint "Cleanup", Time since last: 3010721100 ns, Reaching safepoint: 83900 ns, At safepoint: 76200 ns, Total: 160100 ns
[2024-02-05T11:42:47.119+0000][1536][safepoint   ] Safepoint "Cleanup", Time since last: 7044842200 ns, Reaching safepoint: 142900 ns, At safepoint: 66700 ns, Total: 209600 ns
[2024-02-05T11:42:58.193+0000][1536][safepoint   ] Safepoint "Cleanup", Time since last: 11074048400 ns, Reaching safepoint: 117300 ns, At safepoint: 17000 ns, Total: 134300 ns
[2024-02-05T11:43:04.231+0000][1536][safepoint   ] Safepoint "Cleanup", Time since last: 6037517300 ns, Reaching safepoint: 65700 ns, At safepoint: 11600 ns, Total: 77300 ns
[2024-02-05T11:43:10.259+0000][1536][safepoint   ] Safepoint "Cleanup", Time since last: 6027786300 ns, Reaching safepoint: 137700 ns, At safepoint: 62600 ns, Total: 200300 ns
[2024-02-05T11:43:17.318+0000][1536][safepoint   ] Safepoint "Cleanup", Time since last: 7058998700 ns, Reaching safepoint: 105800 ns, At safepoint: 85900 ns, Total: 191700 ns
[2024-02-05T11:43:22.364+0000][1536][safepoint   ] Safepoint "Cleanup", Time since last: 5046095200 ns, Reaching safepoint: 124200 ns, At safepoint: 54300 ns, Total: 178500 ns
[2024-02-05T11:43:28.403+0000][1536][safepoint   ] Safepoint "Cleanup", Time since last: 6038738500 ns, Reaching safepoint: 88900 ns, At safepoint: 39700 ns, Total: 128600 ns
[2024-02-05T11:43:34.458+0000][1536][safepoint   ] Safepoint "Cleanup", Time since last: 6054539800 ns, Reaching safepoint: 58600 ns, At safepoint: 12800 ns, Total: 71400 ns
[2024-02-05T11:43:43.534+0000][1536][safepoint   ] Safepoint "Cleanup", Time since last: 9076039500 ns, Reaching safepoint: 147300 ns, At safepoint: 61500 ns, Total: 208800 ns
[2024-02-05T11:43:46.552+0000][1536][safepoint   ] Safepoint "Cleanup", Time since last: 3018067600 ns, Reaching safepoint: 77200 ns, At safepoint: 70300 ns, Total: 147500 ns
[2024-02-05T11:43:49.567+0000][1536][safepoint   ] Safepoint "Cleanup", Time since last: 3015331700 ns, Reaching safepoint: 668000 ns, At safepoint: 58000 ns, Total: 726000 ns
[2024-02-05T11:43:52.595+0000][1536][safepoint   ] Safepoint "Cleanup", Time since last: 3026507800 ns, Reaching safepoint: 62400 ns, At safepoint: 42700 ns, Total: 105100 ns
[2024-02-05T11:43:58.653+0000][1536][safepoint   ] Safepoint "Cleanup", Time since last: 6058397400 ns, Reaching safepoint: 99000 ns, At safepoint: 71300 ns, Total: 170300 ns
[2024-02-05T11:44:04.693+0000][1536][safepoint   ] Safepoint "Cleanup", Time since last: 6039437000 ns, Reaching safepoint: 134200 ns, At safepoint: 36500 ns, Total: 170700 ns
[2024-02-05T11:44:17.759+0000][1536][safepoint   ] Safepoint "Cleanup", Time since last: 13065969100 ns, Reaching safepoint: 53500 ns, At safepoint: 30500 ns, Total: 84000 ns
[2024-02-05T11:44:21.787+0000][1536][safepoint   ] Safepoint "Cleanup", Time since last: 4027676100 ns, Reaching safepoint: 203600 ns, At safepoint: 29700 ns, Total: 233300 ns
[2024-02-05T11:44:22.800+0000][1536][safepoint   ] Safepoint "Cleanup", Time since last: 1012921400 ns, Reaching safepoint: 210800 ns, At safepoint: 30900 ns, Total: 241700 ns
[2024-02-05T11:44:28.843+0000][1536][safepoint   ] Safepoint "Cleanup", Time since last: 6043187000 ns, Reaching safepoint: 100800 ns, At safepoint: 21600 ns, Total: 122400 ns
[2024-02-05T11:44:38.933+0000][1536][safepoint   ] Safepoint "Cleanup", Time since last: 10089495000 ns, Reaching safepoint: 70600 ns, At safepoint: 52400 ns, Total: 123000 ns
[2024-02-05T11:44:46.983+0000][1536][safepoint   ] Safepoint "Cleanup", Time since last: 8050366000 ns, Reaching safepoint: 82600 ns, At safepoint: 24700 ns, Total: 107300 ns
[2024-02-05T11:44:58.056+0000][1536][safepoint   ] Safepoint "Cleanup", Time since last: 11072579900 ns, Reaching safepoint: 63200 ns, At safepoint: 18000 ns, Total: 81200 ns
[2024-02-05T11:44:59.067+0000][1536][safepoint   ] Safepoint "Cleanup", Time since last: 1011015900 ns, Reaching safepoint: 117100 ns, At safepoint: 67900 ns, Total: 185000 ns
[2024-02-05T11:45:01.099+0000][1536][safepoint   ] Safepoint "Cleanup", Time since last: 2031309400 ns, Reaching safepoint: 90200 ns, At safepoint: 54000 ns, Total: 144200 ns
[2024-02-05T11:45:04.120+0000][1536][safepoint   ] Safepoint "Cleanup", Time since last: 3021483700 ns, Reaching safepoint: 102800 ns, At safepoint: 60800 ns, Total: 163600 ns
[2024-02-05T11:45:10.175+0000][1536][safepoint   ] Safepoint "Cleanup", Time since last: 6054775800 ns, Reaching safepoint: 95100 ns, At safepoint: 51000 ns, Total: 146100 ns
[2024-02-05T11:45:11.176+0000][1536][safepoint   ] Safepoint "Cleanup", Time since last: 1000920600 ns, Reaching safepoint: 101200 ns, At safepoint: 9100 ns, Total: 110300 ns
[2024-02-05T11:45:28.274+0000][1536][safepoint   ] Safepoint "Cleanup", Time since last: 17097954500 ns, Reaching safepoint: 125900 ns, At safepoint: 47600 ns, Total: 173500 ns
[2024-02-05T11:45:29.281+0000][1536][safepoint   ] Safepoint "Cleanup", Time since last: 1006636500 ns, Reaching safepoint: 79400 ns, At safepoint: 16000 ns, Total: 95400 ns
[2024-02-05T11:45:31.284+0000][1536][safepoint   ] Safepoint "Cleanup", Time since last: 2002845300 ns, Reaching safepoint: 69100 ns, At safepoint: 43700 ns, Total: 112800 ns
[2024-02-05T11:45:34.295+0000][1536][safepoint   ] Safepoint "Cleanup", Time since last: 3010756400 ns, Reaching safepoint: 77500 ns, At safepoint: 48200 ns, Total: 125700 ns
[2024-02-05T11:45:41.365+0000][1536][safepoint   ] Safepoint "Cleanup", Time since last: 7069537800 ns, Reaching safepoint: 107600 ns, At safepoint: 52500 ns, Total: 160100 ns
[2024-02-05T11:45:46.399+0000][1536][safepoint   ] Safepoint "Cleanup", Time since last: 5033724300 ns, Reaching safepoint: 70700 ns, At safepoint: 54900 ns, Total: 125600 ns
[2024-02-05T11:45:47.399+0000][1536][safepoint   ] Safepoint "Cleanup", Time since last: 1000044600 ns, Reaching safepoint: 88100 ns, At safepoint: 26800 ns, Total: 114900 ns
[2024-02-05T11:45:58.472+0000][1536][safepoint   ] Safepoint "Cleanup", Time since last: 11072809300 ns, Reaching safepoint: 81900 ns, At safepoint: 23400 ns, Total: 105300 ns
[2024-02-05T11:46:04.497+0000][1536][safepoint   ] Safepoint "Cleanup", Time since last: 6025112500 ns, Reaching safepoint: 70700 ns, At safepoint: 18500 ns, Total: 89200 ns
[2024-02-05T11:46:08.519+0000][1536][safepoint   ] Safepoint "Cleanup", Time since last: 4022622800 ns, Reaching safepoint: 97900 ns, At safepoint: 31800 ns, Total: 129700 ns
[2024-02-05T11:46:10.526+0000][1536][safepoint   ] Safepoint "Cleanup", Time since last: 2006775700 ns, Reaching safepoint: 110000 ns, At safepoint: 22700 ns, Total: 132700 ns
[2024-02-05T11:46:11.541+0000][1536][safepoint   ] Safepoint "Cleanup", Time since last: 1014560500 ns, Reaching safepoint: 131400 ns, At safepoint: 71400 ns, Total: 202800 ns
[2024-02-05T11:46:16.551+0000][1536][safepoint   ] Safepoint "Cleanup", Time since last: 5009724800 ns, Reaching safepoint: 71100 ns, At safepoint: 52900 ns, Total: 124000 ns
[2024-02-05T11:46:22.568+0000][1536][safepoint   ] Safepoint "Cleanup", Time since last: 6016120800 ns, Reaching safepoint: 724900 ns, At safepoint: 59000 ns, Total: 783900 ns
[2024-02-05T11:46:28.591+0000][1536][safepoint   ] Safepoint "Cleanup", Time since last: 6023147200 ns, Reaching safepoint: 83700 ns, At safepoint: 51200 ns, Total: 134900 ns
[2024-02-05T11:46:40.702+0000][1536][safepoint   ] Safepoint "Cleanup", Time since last: 12111196300 ns, Reaching safepoint: 94000 ns, At safepoint: 44100 ns, Total: 138100 ns
[2024-02-05T11:46:52.740+0000][1536][safepoint   ] Safepoint "Cleanup", Time since last: 12037441700 ns, Reaching safepoint: 114800 ns, At safepoint: 31100 ns, Total: 145900 ns
[2024-02-05T11:47:02.794+0000][1536][safepoint   ] Safepoint "Cleanup", Time since last: 10053856700 ns, Reaching safepoint: 86300 ns, At safepoint: 19900 ns, Total: 106200 ns
[2024-02-05T11:47:03.802+0000][1536][safepoint   ] Safepoint "Cleanup", Time since last: 1007930300 ns, Reaching safepoint: 120500 ns, At safepoint: 23500 ns, Total: 144000 ns
[2024-02-05T11:47:05.818+0000][1536][safepoint   ] Safepoint "Cleanup", Time since last: 2015380900 ns, Reaching safepoint: 89300 ns, At safepoint: 61800 ns, Total: 151100 ns
[2024-02-05T11:47:10.847+0000][1536][safepoint   ] Safepoint "Cleanup", Time since last: 5029257600 ns, Reaching safepoint: 130200 ns, At safepoint: 56800 ns, Total: 187000 ns
[2024-02-05T11:47:21.979+0000][1536][safepoint   ] Safepoint "Cleanup", Time since last: 11132140399 ns, Reaching safepoint: 98101 ns, At safepoint: 71100 ns, Total: 169201 ns
[2024-02-05T11:47:22.981+0000][1536][safepoint   ] Safepoint "Cleanup", Time since last: 1001407400 ns, Reaching safepoint: 91200 ns, At safepoint: 78000 ns, Total: 169200 ns
[2024-02-05T11:47:29.027+0000][1536][safepoint   ] Safepoint "Cleanup", Time since last: 6045706200 ns, Reaching safepoint: 93000 ns, At safepoint: 14400 ns, Total: 107400 ns
[2024-02-05T11:47:41.129+0000][1536][safepoint   ] Safepoint "Cleanup", Time since last: 12101762399 ns, Reaching safepoint: 146701 ns, At safepoint: 21500 ns, Total: 168201 ns
[2024-02-05T11:47:47.140+0000][1536][safepoint   ] Safepoint "Cleanup", Time since last: 6011291400 ns, Reaching safepoint: 82500 ns, At safepoint: 19699 ns, Total: 102199 ns
[2024-02-05T11:47:49.162+0000][1536][safepoint   ] Safepoint "Cleanup", Time since last: 2021253801 ns, Reaching safepoint: 150899 ns, At safepoint: 21800 ns, Total: 172699 ns
[2024-02-05T11:48:05.298+0000][1536][safepoint   ] Safepoint "Cleanup", Time since last: 16136295201 ns, Reaching safepoint: 153900 ns, At safepoint: 27899 ns, Total: 181799 ns
[2024-02-05T11:48:22.427+0000][1536][safepoint   ] Safepoint "Cleanup", Time since last: 17128376901 ns, Reaching safepoint: 115100 ns, At safepoint: 71600 ns, Total: 186700 ns
[2024-02-05T11:48:24.446+0000][1536][safepoint   ] Safepoint "Cleanup", Time since last: 2018703400 ns, Reaching safepoint: 80300 ns, At safepoint: 24100 ns, Total: 104400 ns
[2024-02-05T11:48:29.505+0000][1536][safepoint   ] Safepoint "Cleanup", Time since last: 5059337599 ns, Reaching safepoint: 83801 ns, At safepoint: 36500 ns, Total: 120301 ns
[2024-02-05T11:49:04.802+0000][1536][safepoint   ] Safepoint "Cleanup", Time since last: 35296734000 ns, Reaching safepoint: 74100 ns, At safepoint: 46300 ns, Total: 120400 ns
[2024-02-05T11:49:21.930+0000][1536][safepoint   ] Safepoint "Cleanup", Time since last: 17127595699 ns, Reaching safepoint: 98401 ns, At safepoint: 57000 ns, Total: 155401 ns
[2024-02-05T11:49:28.976+0000][1536][safepoint   ] Safepoint "Cleanup", Time since last: 7046687600 ns, Reaching safepoint: 106000 ns, At safepoint: 18400 ns, Total: 124400 ns
[2024-02-05T11:49:35.022+0000][1536][safepoint   ] Safepoint "Cleanup", Time since last: 6045006500 ns, Reaching safepoint: 62399 ns, At safepoint: 12000 ns, Total: 74399 ns
[2024-02-05T11:49:41.078+0000][1536][safepoint   ] Safepoint "Cleanup", Time since last: 6056393301 ns, Reaching safepoint: 74200 ns, At safepoint: 24599 ns, Total: 98799 ns
[2024-02-05T11:49:44.114+0000][1536][safepoint   ] Safepoint "Cleanup", Time since last: 3035516701 ns, Reaching safepoint: 132899 ns, At safepoint: 17001 ns, Total: 149900 ns
[2024-02-05T11:49:47.137+0000][1536][safepoint   ] Safepoint "Cleanup", Time since last: 3023036199 ns, Reaching safepoint: 51600 ns, At safepoint: 53001 ns, Total: 104601 ns
[2024-02-05T11:49:54.193+0000][1536][safepoint   ] Safepoint "Cleanup", Time since last: 7055709000 ns, Reaching safepoint: 112200 ns, At safepoint: 53600 ns, Total: 165800 ns
[2024-02-05T11:50:05.275+0000][1536][safepoint   ] Safepoint "Cleanup", Time since last: 11082084100 ns, Reaching safepoint: 82600 ns, At safepoint: 15900 ns, Total: 98500 ns
[2024-02-05T11:50:07.317+0000][1536][safepoint   ] Safepoint "Cleanup", Time since last: 2042457500 ns, Reaching safepoint: 81700 ns, At safepoint: 25300 ns, Total: 107000 ns
[2024-02-05T11:50:17.393+0000][1536][safepoint   ] Safepoint "Cleanup", Time since last: 10075709500 ns, Reaching safepoint: 94300 ns, At safepoint: 35000 ns, Total: 129300 ns
[2024-02-05T12:07:56.472+0000][1536][safepoint   ] Safepoint "Cleanup", Time since last: 1059087650000 ns, Reaching safepoint: 215900 ns, At safepoint: 11400 ns, Total: 227300 ns
[2024-02-05T12:07:58.474+0000][1536][safepoint   ] Safepoint "Cleanup", Time since last: 2002045600 ns, Reaching safepoint: 120600 ns, At safepoint: 9600 ns, Total: 130200 ns
[2024-02-05T12:08:00.238+0000][1536][safepoint   ] Safepoint "Cleanup", Time since last: 1763808800 ns, Reaching safepoint: 288700 ns, At safepoint: 53100 ns, Total: 341800 ns
[2024-02-05T12:08:01.240+0000][1536][safepoint   ] Safepoint "Cleanup", Time since last: 1001143500 ns, Reaching safepoint: 131300 ns, At safepoint: 11100 ns, Total: 142400 ns
[2024-02-05T12:08:02.241+0000][1536][safepoint   ] Safepoint "Cleanup", Time since last: 1000813300 ns, Reaching safepoint: 147800 ns, At safepoint: 19600 ns, Total: 167400 ns
[2024-02-05T12:08:03.242+0000][1536][safepoint   ] Safepoint "Cleanup", Time since last: 1001034000 ns, Reaching safepoint: 154100 ns, At safepoint: 20400 ns, Total: 174500 ns
[2024-02-05T12:08:08.245+0000][1536][safepoint   ] Safepoint "Cleanup", Time since last: 5003448400 ns, Reaching safepoint: 139700 ns, At safepoint: 20000 ns, Total: 159700 ns
[2024-02-05T12:08:11.249+0000][1536][safepoint   ] Safepoint "Cleanup", Time since last: 3003496300 ns, Reaching safepoint: 149300 ns, At safepoint: 7000 ns, Total: 156300 ns
[2024-02-05T12:08:14.267+0000][1536][safepoint   ] Safepoint "Cleanup", Time since last: 3017967900 ns, Reaching safepoint: 134500 ns, At safepoint: 4200 ns, Total: 138700 ns
[2024-02-05T12:08:20.273+0000][1536][safepoint   ] Safepoint "Cleanup", Time since last: 6005398100 ns, Reaching safepoint: 140200 ns, At safepoint: 17400 ns, Total: 157600 ns
[2024-02-05T12:08:21.274+0000][1536][safepoint   ] Safepoint "Cleanup", Time since last: 1001089800 ns, Reaching safepoint: 175700 ns, At safepoint: 4400 ns, Total: 180100 ns
[2024-02-05T12:08:23.292+0000][1536][safepoint   ] Safepoint "Cleanup", Time since last: 2018344900 ns, Reaching safepoint: 183700 ns, At safepoint: 6000 ns, Total: 189700 ns
[2024-02-05T12:08:26.295+0000][1536][safepoint   ] Safepoint "Cleanup", Time since last: 3002720400 ns, Reaching safepoint: 89200 ns, At safepoint: 76000 ns, Total: 165200 ns
[2024-02-05T12:08:32.317+0000][1536][safepoint   ] Safepoint "Cleanup", Time since last: 6021576800 ns, Reaching safepoint: 164000 ns, At safepoint: 5100 ns, Total: 169100 ns
[2024-02-05T12:08:35.322+0000][1536][safepoint   ] Safepoint "Cleanup", Time since last: 3004351400 ns, Reaching safepoint: 1959000 ns, At safepoint: 137800 ns, Total: 2096800 ns
[2024-02-05T12:08:38.350+0000][1536][safepoint   ] Safepoint "Cleanup", Time since last: 3025744600 ns, Reaching safepoint: 101200 ns, At safepoint: 7600 ns, Total: 108800 ns
[2024-02-05T12:08:44.382+0000][1536][safepoint   ] Safepoint "Cleanup", Time since last: 6032732100 ns, Reaching safepoint: 180600 ns, At safepoint: 5900 ns, Total: 186500 ns
[2024-02-05T12:08:50.416+0000][1536][safepoint   ] Safepoint "Cleanup", Time since last: 6033066500 ns, Reaching safepoint: 95400 ns, At safepoint: 57800 ns, Total: 153200 ns
[2024-02-05T12:08:51.416+0000][1536][safepoint   ] Safepoint "Cleanup", Time since last: 1000014400 ns, Reaching safepoint: 214400 ns, At safepoint: 6600 ns, Total: 221000 ns
[2024-02-05T12:08:56.464+0000][1536][safepoint   ] Safepoint "Cleanup", Time since last: 5048311700 ns, Reaching safepoint: 167200 ns, At safepoint: 4900 ns, Total: 172100 ns
[2024-02-05T12:08:59.467+0000][1536][safepoint   ] Safepoint "Cleanup", Time since last: 3002342100 ns, Reaching safepoint: 84800 ns, At safepoint: 5700 ns, Total: 90500 ns
[2024-02-05T12:09:00.467+0000][1536][safepoint   ] Safepoint "Cleanup", Time since last: 1000397800 ns, Reaching safepoint: 81700 ns, At safepoint: 4100 ns, Total: 85800 ns
[2024-02-05T12:09:02.481+0000][1536][safepoint   ] Safepoint "Cleanup", Time since last: 2013945400 ns, Reaching safepoint: 137400 ns, At safepoint: 6300 ns, Total: 143700 ns
[2024-02-05T12:09:03.497+0000][1536][safepoint   ] Safepoint "Cleanup", Time since last: 1015567900 ns, Reaching safepoint: 198200 ns, At safepoint: 5900 ns, Total: 204100 ns
[2024-02-05T12:09:08.530+0000][1536][safepoint   ] Safepoint "Cleanup", Time since last: 5032368700 ns, Reaching safepoint: 113900 ns, At safepoint: 20500 ns, Total: 134400 ns
[2024-02-05T12:09:11.546+0000][1536][safepoint   ] Safepoint "Cleanup", Time since last: 3016243900 ns, Reaching safepoint: 133200 ns, At safepoint: 19200 ns, Total: 152400 ns
[2024-02-05T12:09:14.548+0000][1536][safepoint   ] Safepoint "Cleanup", Time since last: 3001468400 ns, Reaching safepoint: 187200 ns, At safepoint: 4500 ns, Total: 191700 ns
[2024-02-05T12:09:18.568+0000][1536][safepoint   ] Safepoint "Cleanup", Time since last: 4020087800 ns, Reaching safepoint: 304600 ns, At safepoint: 13900 ns, Total: 318500 ns
[2024-02-05T12:09:19.575+0000][1536][safepoint   ] Safepoint "Cleanup", Time since last: 1006794000 ns, Reaching safepoint: 153000 ns, At safepoint: 21700 ns, Total: 174700 ns
[2024-02-05T12:09:20.577+0000][1536][safepoint   ] Safepoint "Cleanup", Time since last: 1001735100 ns, Reaching safepoint: 209600 ns, At safepoint: 9300 ns, Total: 218900 ns
[2024-02-05T12:09:22.595+0000][1536][safepoint   ] Safepoint "Cleanup", Time since last: 2017899500 ns, Reaching safepoint: 361300 ns, At safepoint: 18300 ns, Total: 379600 ns
[2024-02-05T12:09:24.596+0000][1536][safepoint   ] Safepoint "Cleanup", Time since last: 2000343600 ns, Reaching safepoint: 91500 ns, At safepoint: 68300 ns, Total: 159800 ns
[2024-02-05T12:09:26.597+0000][1536][safepoint   ] Safepoint "Cleanup", Time since last: 2001243400 ns, Reaching safepoint: 61400 ns, At safepoint: 4100 ns, Total: 65500 ns
[2024-02-05T12:09:32.628+0000][1536][safepoint   ] Safepoint "Cleanup", Time since last: 6030989200 ns, Reaching safepoint: 245400 ns, At safepoint: 31000 ns, Total: 276400 ns
[2024-02-05T12:09:33.645+0000][1536][safepoint   ] Safepoint "Cleanup", Time since last: 1016404200 ns, Reaching safepoint: 171800 ns, At safepoint: 26600 ns, Total: 198400 ns
[2024-02-05T12:09:35.663+0000][1536][safepoint   ] Safepoint "Cleanup", Time since last: 2017562600 ns, Reaching safepoint: 92900 ns, At safepoint: 6100 ns, Total: 99000 ns
[2024-02-05T12:09:38.694+0000][1536][safepoint   ] Safepoint "Cleanup", Time since last: 3031468500 ns, Reaching safepoint: 120300 ns, At safepoint: 26000 ns, Total: 146300 ns
[2024-02-05T12:09:55.829+0000][1536][safepoint   ] Safepoint "Cleanup", Time since last: 17134735000 ns, Reaching safepoint: 196200 ns, At safepoint: 14700 ns, Total: 210900 ns
[2024-02-05T12:09:59.876+0000][1536][safepoint   ] Safepoint "Cleanup", Time since last: 4046139600 ns, Reaching safepoint: 144100 ns, At safepoint: 20400 ns, Total: 164500 ns
[2024-02-05T12:10:00.877+0000][1536][safepoint   ] Safepoint "Cleanup", Time since last: 1001116400 ns, Reaching safepoint: 85700 ns, At safepoint: 9200 ns, Total: 94900 ns
[2024-02-05T12:10:01.892+0000][1536][safepoint   ] Safepoint "Cleanup", Time since last: 1015093900 ns, Reaching safepoint: 168600 ns, At safepoint: 18000 ns, Total: 186600 ns
[2024-02-05T12:10:02.909+0000][1536][safepoint   ] Safepoint "Cleanup", Time since last: 1016404500 ns, Reaching safepoint: 185600 ns, At safepoint: 24500 ns, Total: 210100 ns
[2024-02-05T12:10:07.958+0000][1536][safepoint   ] Safepoint "Cleanup", Time since last: 5048993100 ns, Reaching safepoint: 83300 ns, At safepoint: 6200 ns, Total: 89500 ns
[2024-02-05T12:10:11.991+0000][1536][safepoint   ] Safepoint "Cleanup", Time since last: 4033179000 ns, Reaching safepoint: 168800 ns, At safepoint: 18500 ns, Total: 187300 ns
[2024-02-05T12:10:14.024+0000][1536][safepoint   ] Safepoint "Cleanup", Time since last: 2032579200 ns, Reaching safepoint: 63000 ns, At safepoint: 5500 ns, Total: 68500 ns
[2024-02-05T12:10:15.024+0000][1536][safepoint   ] Safepoint "Cleanup", Time since last: 1000131300 ns, Reaching safepoint: 142200 ns, At safepoint: 21600 ns, Total: 163800 ns
[2024-02-05T12:10:23.101+0000][1536][safepoint   ] Safepoint "Cleanup", Time since last: 8076864700 ns, Reaching safepoint: 50500 ns, At safepoint: 14100 ns, Total: 64600 ns
[2024-02-05T12:10:26.123+0000][1536][safepoint   ] Safepoint "Cleanup", Time since last: 3021465200 ns, Reaching safepoint: 84300 ns, At safepoint: 19500 ns, Total: 103800 ns
[2024-02-05T12:10:27.123+0000][1536][safepoint   ] Safepoint "Cleanup", Time since last: 1000260500 ns, Reaching safepoint: 214400 ns, At safepoint: 24200 ns, Total: 238600 ns
[2024-02-05T12:10:29.140+0000][1536][safepoint   ] Safepoint "Cleanup", Time since last: 2016935900 ns, Reaching safepoint: 120700 ns, At safepoint: 16200 ns, Total: 136900 ns
[2024-02-05T12:10:36.204+0000][1536][safepoint   ] Safepoint "Cleanup", Time since last: 7063886900 ns, Reaching safepoint: 129800 ns, At safepoint: 6500 ns, Total: 136300 ns
[2024-02-05T12:10:38.218+0000][1536][safepoint   ] Safepoint "Cleanup", Time since last: 2013605000 ns, Reaching safepoint: 155300 ns, At safepoint: 91600 ns, Total: 246900 ns
[2024-02-05T12:10:43.915+0000][1536][gc,start    ] GC(15) Pause Young (Normal) (G1 Evacuation Pause)
[2024-02-05T12:10:43.915+0000][1536][gc,task     ] GC(15) Using 8 workers of 8 for evacuation
[2024-02-05T12:10:43.915+0000][1536][gc,age      ] GC(15) Desired survivor size 159383552 bytes, new threshold 15 (max threshold 15)
[2024-02-05T12:10:43.962+0000][1536][gc,phases   ] GC(15)   Pre Evacuate Collection Set: 0.2ms
[2024-02-05T12:10:43.962+0000][1536][gc,phases   ] GC(15)   Merge Heap Roots: 0.3ms
[2024-02-05T12:10:43.962+0000][1536][gc,phases   ] GC(15)   Evacuate Collection Set: 42.2ms
[2024-02-05T12:10:43.963+0000][1536][gc,phases   ] GC(15)   Post Evacuate Collection Set: 4.0ms
[2024-02-05T12:10:43.963+0000][1536][gc,phases   ] GC(15)   Other: 0.2ms
[2024-02-05T12:10:43.963+0000][1536][gc,age      ] GC(15) Age table with threshold 15 (max threshold 15)
[2024-02-05T12:10:43.963+0000][1536][gc,age      ] GC(15) - age   1:    1889704 bytes,    1889704 total
[2024-02-05T12:10:43.963+0000][1536][gc,age      ] GC(15) - age   2:      66584 bytes,    1956288 total
[2024-02-05T12:10:43.963+0000][1536][gc,age      ] GC(15) - age   3:     204840 bytes,    2161128 total
[2024-02-05T12:10:43.963+0000][1536][gc,age      ] GC(15) - age   4:   39196408 bytes,   41357536 total
[2024-02-05T12:10:43.963+0000][1536][gc,age      ] GC(15) - age   5:    9687200 bytes,   51044736 total
[2024-02-05T12:10:43.963+0000][1536][gc,age      ] GC(15) - age   6:   16559432 bytes,   67604168 total
[2024-02-05T12:10:43.963+0000][1536][gc,heap     ] GC(15) Eden regions: 588->0(588)
[2024-02-05T12:10:43.963+0000][1536][gc,heap     ] GC(15) Survivor regions: 18->18(76)
[2024-02-05T12:10:43.963+0000][1536][gc,heap     ] GC(15) Old regions: 13->13
[2024-02-05T12:10:43.963+0000][1536][gc,heap     ] GC(15) Archive regions: 0->0
[2024-02-05T12:10:43.963+0000][1536][gc,heap     ] GC(15) Humongous regions: 2->2
[2024-02-05T12:10:43.963+0000][1536][gc,metaspace] GC(15) Metaspace: 127832K(131136K)->127832K(131136K) NonClass: 110974K(112704K)->110974K(112704K) Class: 16858K(18432K)->16858K(18432K)
[2024-02-05T12:10:43.963+0000][1536][gc          ] GC(15) Pause Young (Normal) (G1 Evacuation Pause) 2480M->129M(4040M) 47.209ms
[2024-02-05T12:10:43.963+0000][1536][gc,cpu      ] GC(15) User=0.14s Sys=0.08s Real=0.05s
[2024-02-05T12:10:43.963+0000][1536][safepoint   ] Safepoint "G1CollectForAllocation", Time since last: 5697410300 ns, Reaching safepoint: 34600 ns, At safepoint: 47301200 ns, Total: 47335800 ns
[2024-02-05T12:10:56.036+0000][1536][safepoint   ] Safepoint "Cleanup", Time since last: 12073386600 ns, Reaching safepoint: 119800 ns, At safepoint: 9400 ns, Total: 129200 ns
[2024-02-05T12:11:05.142+0000][1536][safepoint   ] Safepoint "Cleanup", Time since last: 9105353500 ns, Reaching safepoint: 101400 ns, At safepoint: 7500 ns, Total: 108900 ns
[2024-02-05T12:11:06.142+0000][1536][safepoint   ] Safepoint "Cleanup", Time since last: 1000485700 ns, Reaching safepoint: 69200 ns, At safepoint: 49500 ns, Total: 118700 ns
[2024-02-05T12:11:09.169+0000][1536][safepoint   ] Safepoint "Cleanup", Time since last: 3026396100 ns, Reaching safepoint: 181100 ns, At safepoint: 13700 ns, Total: 194800 ns
[2024-02-05T12:11:15.243+0000][1536][safepoint   ] Safepoint "Cleanup", Time since last: 6073771800 ns, Reaching safepoint: 110800 ns, At safepoint: 10200 ns, Total: 121000 ns
[2024-02-05T12:11:16.252+0000][1536][safepoint   ] Safepoint "Cleanup", Time since last: 1009165700 ns, Reaching safepoint: 166300 ns, At safepoint: 16400 ns, Total: 182700 ns
[2024-02-05T12:11:21.308+0000][1536][safepoint   ] Safepoint "Cleanup", Time since last: 5055293300 ns, Reaching safepoint: 147300 ns, At safepoint: 8300 ns, Total: 155600 ns
[2024-02-05T12:11:25.991+0000][1536][safepoint   ] Safepoint "Cleanup", Time since last: 4683367600 ns, Reaching safepoint: 85100 ns, At safepoint: 58600 ns, Total: 143700 ns
[2024-02-05T12:11:26.994+0000][1536][safepoint   ] Safepoint "Cleanup", Time since last: 1002760300 ns, Reaching safepoint: 109500 ns, At safepoint: 22400 ns, Total: 131900 ns
[2024-02-05T12:11:28.997+0000][1536][safepoint   ] Safepoint "Cleanup", Time since last: 2002801900 ns, Reaching safepoint: 145200 ns, At safepoint: 11200 ns, Total: 156400 ns
[2024-02-05T12:11:33.036+0000][1536][safepoint   ] Safepoint "Cleanup", Time since last: 4038525200 ns, Reaching safepoint: 113300 ns, At safepoint: 12800 ns, Total: 126100 ns
[2024-02-05T12:11:39.114+0000][1536][safepoint   ] Safepoint "Cleanup", Time since last: 6077665000 ns, Reaching safepoint: 132700 ns, At safepoint: 9900 ns, Total: 142600 ns
[2024-02-05T12:11:51.189+0000][1536][safepoint   ] Safepoint "Cleanup", Time since last: 12074979000 ns, Reaching safepoint: 120300 ns, At safepoint: 10100 ns, Total: 130400 ns
[2024-02-05T12:11:56.198+0000][1536][safepoint   ] Safepoint "Cleanup", Time since last: 5009109000 ns, Reaching safepoint: 82200 ns, At safepoint: 9800 ns, Total: 92000 ns
[2024-02-05T12:11:57.214+0000][1536][safepoint   ] Safepoint "Cleanup", Time since last: 1016114500 ns, Reaching safepoint: 118200 ns, At safepoint: 8700 ns, Total: 126900 ns
[2024-02-05T12:12:13.333+0000][1536][safepoint   ] Safepoint "Cleanup", Time since last: 16118832800 ns, Reaching safepoint: 148200 ns, At safepoint: 24600 ns, Total: 172800 ns
[2024-02-05T12:12:23.407+0000][1536][safepoint   ] Safepoint "Cleanup", Time since last: 10073672200 ns, Reaching safepoint: 49500 ns, At safepoint: 9600 ns, Total: 59100 ns
[2024-02-05T12:12:26.430+0000][1536][safepoint   ] Safepoint "Cleanup", Time since last: 3022661500 ns, Reaching safepoint: 76300 ns, At safepoint: 10300 ns, Total: 86600 ns
[2024-02-05T12:12:27.437+0000][1536][safepoint   ] Safepoint "Cleanup", Time since last: 1007016100 ns, Reaching safepoint: 46900 ns, At safepoint: 4200 ns, Total: 51100 ns
[2024-02-05T12:12:32.461+0000][1536][safepoint   ] Safepoint "Cleanup", Time since last: 5024676500 ns, Reaching safepoint: 74500 ns, At safepoint: 11500 ns, Total: 86000 ns
[2024-02-05T12:12:35.504+0000][1536][safepoint   ] Safepoint "Cleanup", Time since last: 3042535500 ns, Reaching safepoint: 57000 ns, At safepoint: 6200 ns, Total: 63200 ns
[2024-02-05T12:12:44.522+0000][1536][safepoint   ] Safepoint "Cleanup", Time since last: 9017606000 ns, Reaching safepoint: 111100 ns, At safepoint: 13600 ns, Total: 124700 ns
[2024-02-05T12:12:47.545+0000][1536][safepoint   ] Safepoint "Cleanup", Time since last: 3023607100 ns, Reaching safepoint: 96200 ns, At safepoint: 12100 ns, Total: 108300 ns
[2024-02-05T12:12:50.571+0000][1536][safepoint   ] Safepoint "Cleanup", Time since last: 3024971900 ns, Reaching safepoint: 81500 ns, At safepoint: 12300 ns, Total: 93800 ns
[2024-02-05T12:12:55.588+0000][1536][safepoint   ] Safepoint "Cleanup", Time since last: 5017384000 ns, Reaching safepoint: 59000 ns, At safepoint: 5000 ns, Total: 64000 ns
[2024-02-05T12:12:59.611+0000][1536][safepoint   ] Safepoint "Cleanup", Time since last: 4023142400 ns, Reaching safepoint: 76100 ns, At safepoint: 15000 ns, Total: 91100 ns
[2024-02-05T12:13:00.620+0000][1536][safepoint   ] Safepoint "Cleanup", Time since last: 1009169200 ns, Reaching safepoint: 171000 ns, At safepoint: 23600 ns, Total: 194600 ns
[2024-02-05T12:13:01.631+0000][1536][safepoint   ] Safepoint "Cleanup", Time since last: 1009954100 ns, Reaching safepoint: 81700 ns, At safepoint: 70700 ns, Total: 152400 ns
[2024-02-05T12:13:02.641+0000][1536][safepoint   ] Safepoint "Cleanup", Time since last: 1009968500 ns, Reaching safepoint: 114900 ns, At safepoint: 77800 ns, Total: 192700 ns
[2024-02-05T12:13:03.655+0000][1536][safepoint   ] Safepoint "Cleanup", Time since last: 1013865000 ns, Reaching safepoint: 127800 ns, At safepoint: 79900 ns, Total: 207700 ns
[2024-02-05T12:13:08.681+0000][1536][safepoint   ] Safepoint "Cleanup", Time since last: 5026232700 ns, Reaching safepoint: 134900 ns, At safepoint: 67800 ns, Total: 202700 ns
[2024-02-05T12:13:11.704+0000][1536][safepoint   ] Safepoint "Cleanup", Time since last: 3022142700 ns, Reaching safepoint: 72700 ns, At safepoint: 56700 ns, Total: 129400 ns
[2024-02-05T12:13:12.707+0000][1536][safepoint   ] Safepoint "Cleanup", Time since last: 1002952200 ns, Reaching safepoint: 182100 ns, At safepoint: 84800 ns, Total: 266900 ns
[2024-02-05T12:13:14.730+0000][1536][safepoint   ] Safepoint "Cleanup", Time since last: 2023520200 ns, Reaching safepoint: 109800 ns, At safepoint: 79900 ns, Total: 189700 ns
[2024-02-05T12:13:25.834+0000][1536][safepoint   ] Safepoint "Cleanup", Time since last: 11103045500 ns, Reaching safepoint: 100800 ns, At safepoint: 63900 ns, Total: 164700 ns
[2024-02-05T12:13:26.847+0000][1536][safepoint   ] Safepoint "Cleanup", Time since last: 1013462900 ns, Reaching safepoint: 156700 ns, At safepoint: 10600 ns, Total: 167300 ns
[2024-02-05T12:13:29.872+0000][1536][safepoint   ] Safepoint "Cleanup", Time since last: 3024673900 ns, Reaching safepoint: 160200 ns, At safepoint: 15000 ns, Total: 175200 ns
[2024-02-05T12:13:32.894+0000][1536][safepoint   ] Safepoint "Cleanup", Time since last: 3022063400 ns, Reaching safepoint: 149900 ns, At safepoint: 10900 ns, Total: 160800 ns
[2024-02-05T12:13:35.901+0000][1536][safepoint   ] Safepoint "Cleanup", Time since last: 3005883600 ns, Reaching safepoint: 642000 ns, At safepoint: 27800 ns, Total: 669800 ns
[2024-02-05T12:13:36.923+0000][1536][safepoint   ] Safepoint "Cleanup", Time since last: 1021559400 ns, Reaching safepoint: 139200 ns, At safepoint: 11700 ns, Total: 150900 ns
[2024-02-05T12:13:51.023+0000][1536][safepoint   ] Safepoint "Cleanup", Time since last: 14100500300 ns, Reaching safepoint: 111100 ns, At safepoint: 11500 ns, Total: 122600 ns
[2024-02-05T12:13:54.030+0000][1536][safepoint   ] Safepoint "Cleanup", Time since last: 3006753200 ns, Reaching safepoint: 158400 ns, At safepoint: 12800 ns, Total: 171200 ns
[2024-02-05T12:13:56.033+0000][1536][safepoint   ] Safepoint "Cleanup", Time since last: 2002618100 ns, Reaching safepoint: 92800 ns, At safepoint: 16500 ns, Total: 109300 ns
[2024-02-05T12:14:00.056+0000][1536][safepoint   ] Safepoint "Cleanup", Time since last: 4022791900 ns, Reaching safepoint: 88100 ns, At safepoint: 34700 ns, Total: 122800 ns
[2024-02-05T12:14:04.081+0000][1536][safepoint   ] Safepoint "Cleanup", Time since last: 4025022200 ns, Reaching safepoint: 114500 ns, At safepoint: 35000 ns, Total: 149500 ns
[2024-02-05T12:14:10.106+0000][1536][safepoint   ] Safepoint "Cleanup", Time since last: 6024437200 ns, Reaching safepoint: 170100 ns, At safepoint: 64900 ns, Total: 235000 ns
[2024-02-05T12:14:21.214+0000][1536][safepoint   ] Safepoint "Cleanup", Time since last: 11108478100 ns, Reaching safepoint: 71000 ns, At safepoint: 24600 ns, Total: 95600 ns
[2024-02-05T12:14:24.230+0000][1536][safepoint   ] Safepoint "Cleanup", Time since last: 3015912000 ns, Reaching safepoint: 167000 ns, At safepoint: 63300 ns, Total: 230300 ns
[2024-02-05T12:14:26.237+0000][1536][safepoint   ] Safepoint "Cleanup", Time since last: 2006335800 ns, Reaching safepoint: 98500 ns, At safepoint: 69500 ns, Total: 168000 ns
[2024-02-05T12:14:27.238+0000][1536][safepoint   ] Safepoint "Cleanup", Time since last: 1000447700 ns, Reaching safepoint: 137400 ns, At safepoint: 73500 ns, Total: 210900 ns
[2024-02-05T12:14:36.654+0000][1536][safepoint   ] Safepoint "Cleanup", Time since last: 9416621700 ns, Reaching safepoint: 112500 ns, At safepoint: 11200 ns, Total: 123700 ns
[2024-02-05T12:14:39.660+0000][1536][safepoint   ] Safepoint "Cleanup", Time since last: 3005465800 ns, Reaching safepoint: 167400 ns, At safepoint: 10000 ns, Total: 177400 ns
[2024-02-05T12:14:40.662+0000][1536][safepoint   ] Safepoint "Cleanup", Time since last: 1001516400 ns, Reaching safepoint: 160400 ns, At safepoint: 11700 ns, Total: 172100 ns
[2024-02-05T12:14:45.678+0000][1536][safepoint   ] Safepoint "Cleanup", Time since last: 5016357400 ns, Reaching safepoint: 60700 ns, At safepoint: 6700 ns, Total: 67400 ns
[2024-02-05T12:14:53.769+0000][1536][safepoint   ] Safepoint "Cleanup", Time since last: 8091086000 ns, Reaching safepoint: 118100 ns, At safepoint: 9500 ns, Total: 127600 ns
[2024-02-05T12:14:55.796+0000][1536][safepoint   ] Safepoint "Cleanup", Time since last: 2026434200 ns, Reaching safepoint: 137800 ns, At safepoint: 10400 ns, Total: 148200 ns
[2024-02-05T12:14:56.813+0000][1536][safepoint   ] Safepoint "Cleanup", Time since last: 1016573900 ns, Reaching safepoint: 156700 ns, At safepoint: 13900 ns, Total: 170600 ns
[2024-02-05T12:14:59.822+0000][1536][safepoint   ] Safepoint "Cleanup", Time since last: 3008924500 ns, Reaching safepoint: 59400 ns, At safepoint: 6400 ns, Total: 65800 ns
[2024-02-05T12:15:00.826+0000][1536][safepoint   ] Safepoint "Cleanup", Time since last: 1004241300 ns, Reaching safepoint: 48900 ns, At safepoint: 10700 ns, Total: 59600 ns
[2024-02-05T12:15:15.923+0000][1536][safepoint   ] Safepoint "Cleanup", Time since last: 15097186100 ns, Reaching safepoint: 119200 ns, At safepoint: 50300 ns, Total: 169500 ns
[2024-02-05T12:15:28.009+0000][1536][safepoint   ] Safepoint "Cleanup", Time since last: 12085211400 ns, Reaching safepoint: 111900 ns, At safepoint: 8700 ns, Total: 120600 ns
[2024-02-05T12:15:33.029+0000][1536][safepoint   ] Safepoint "Cleanup", Time since last: 5020103700 ns, Reaching safepoint: 676000 ns, At safepoint: 9700 ns, Total: 685700 ns
[2024-02-05T12:15:40.113+0000][1536][safepoint   ] Safepoint "Cleanup", Time since last: 7083235900 ns, Reaching safepoint: 113500 ns, At safepoint: 9400 ns, Total: 122900 ns
[2024-02-05T12:15:51.200+0000][1536][safepoint   ] Safepoint "Cleanup", Time since last: 11087525400 ns, Reaching safepoint: 98900 ns, At safepoint: 10200 ns, Total: 109100 ns
[2024-02-05T12:15:52.208+0000][1536][safepoint   ] Safepoint "Cleanup", Time since last: 1007314000 ns, Reaching safepoint: 115200 ns, At safepoint: 13100 ns, Total: 128300 ns
[2024-02-05T12:15:56.240+0000][1536][safepoint   ] Safepoint "Cleanup", Time since last: 4031883500 ns, Reaching safepoint: 82400 ns, At safepoint: 10100 ns, Total: 92500 ns
[2024-02-05T12:15:59.264+0000][1536][safepoint   ] Safepoint "Cleanup", Time since last: 3023917200 ns, Reaching safepoint: 124400 ns, At safepoint: 12600 ns, Total: 137000 ns
[2024-02-05T12:16:00.267+0000][1536][safepoint   ] Safepoint "Cleanup", Time since last: 1002967200 ns, Reaching safepoint: 94000 ns, At safepoint: 8900 ns, Total: 102900 ns
[2024-02-05T12:16:09.333+0000][1536][safepoint   ] Safepoint "Cleanup", Time since last: 9066370200 ns, Reaching safepoint: 68400 ns, At safepoint: 21400 ns, Total: 89800 ns
[2024-02-05T12:16:12.338+0000][1536][safepoint   ] Safepoint "Cleanup", Time since last: 3004357500 ns, Reaching safepoint: 177000 ns, At safepoint: 15000 ns, Total: 192000 ns
[2024-02-05T12:16:16.359+0000][1536][safepoint   ] Safepoint "Cleanup", Time since last: 4020541000 ns, Reaching safepoint: 130600 ns, At safepoint: 9900 ns, Total: 140500 ns
[2024-02-05T12:16:28.459+0000][1536][safepoint   ] Safepoint "Cleanup", Time since last: 12100705100 ns, Reaching safepoint: 112400 ns, At safepoint: 73800 ns, Total: 186200 ns
[2024-02-05T12:16:49.579+0000][1536][safepoint   ] Safepoint "Cleanup", Time since last: 21119787800 ns, Reaching safepoint: 135600 ns, At safepoint: 11600 ns, Total: 147200 ns
[2024-02-05T12:17:03.663+0000][1536][safepoint   ] Safepoint "Cleanup", Time since last: 14083343000 ns, Reaching safepoint: 155200 ns, At safepoint: 15000 ns, Total: 170200 ns
[2024-02-05T12:17:08.670+0000][1536][safepoint   ] Safepoint "Cleanup", Time since last: 5006961600 ns, Reaching safepoint: 125900 ns, At safepoint: 19500 ns, Total: 145400 ns
[2024-02-05T12:17:26.791+0000][1536][safepoint   ] Safepoint "Cleanup", Time since last: 18120591700 ns, Reaching safepoint: 69300 ns, At safepoint: 13700 ns, Total: 83000 ns
[2024-02-05T12:17:28.814+0000][1536][safepoint   ] Safepoint "Cleanup", Time since last: 2023025300 ns, Reaching safepoint: 119100 ns, At safepoint: 13000 ns, Total: 132100 ns
[2024-02-05T12:17:36.876+0000][1536][safepoint   ] Safepoint "Cleanup", Time since last: 8061655600 ns, Reaching safepoint: 134400 ns, At safepoint: 12700 ns, Total: 147100 ns
[2024-02-05T12:17:47.933+0000][1536][safepoint   ] Safepoint "Cleanup", Time since last: 11057189600 ns, Reaching safepoint: 78700 ns, At safepoint: 56100 ns, Total: 134800 ns
[2024-02-05T12:17:55.995+0000][1536][safepoint   ] Safepoint "Cleanup", Time since last: 8061653400 ns, Reaching safepoint: 156700 ns, At safepoint: 11800 ns, Total: 168500 ns
[2024-02-05T12:18:01.028+0000][1536][safepoint   ] Safepoint "Cleanup", Time since last: 5033291100 ns, Reaching safepoint: 91800 ns, At safepoint: 16700 ns, Total: 108500 ns
[2024-02-05T12:18:02.038+0000][1536][safepoint   ] Safepoint "Cleanup", Time since last: 1009064700 ns, Reaching safepoint: 160000 ns, At safepoint: 14200 ns, Total: 174200 ns
[2024-02-05T12:18:03.061+0000][1536][safepoint   ] Safepoint "Cleanup", Time since last: 1023292000 ns, Reaching safepoint: 92700 ns, At safepoint: 15000 ns, Total: 107700 ns
[2024-02-05T12:18:11.105+0000][1536][safepoint   ] Safepoint "Cleanup", Time since last: 8044034800 ns, Reaching safepoint: 82400 ns, At safepoint: 12900 ns, Total: 95300 ns
[2024-02-05T12:18:13.126+0000][1536][safepoint   ] Safepoint "Cleanup", Time since last: 2020793600 ns, Reaching safepoint: 124400 ns, At safepoint: 13000 ns, Total: 137400 ns
[2024-02-05T12:18:15.148+0000][1536][safepoint   ] Safepoint "Cleanup", Time since last: 2021695800 ns, Reaching safepoint: 83300 ns, At safepoint: 16800 ns, Total: 100100 ns
[2024-02-05T12:18:41.303+0000][1536][safepoint   ] Safepoint "Cleanup", Time since last: 26155216100 ns, Reaching safepoint: 86500 ns, At safepoint: 10700 ns, Total: 97200 ns
[2024-02-05T12:18:51.390+0000][1536][safepoint   ] Safepoint "Cleanup", Time since last: 10086427500 ns, Reaching safepoint: 61200 ns, At safepoint: 44000 ns, Total: 105200 ns
[2024-02-05T12:18:52.399+0000][1536][safepoint   ] Safepoint "Cleanup", Time since last: 1009089600 ns, Reaching safepoint: 80600 ns, At safepoint: 9800 ns, Total: 90400 ns
[2024-02-05T12:18:56.454+0000][1536][safepoint   ] Safepoint "Cleanup", Time since last: 4055040400 ns, Reaching safepoint: 73300 ns, At safepoint: 17800 ns, Total: 91100 ns
[2024-02-05T12:19:15.625+0000][1536][safepoint   ] Safepoint "Cleanup", Time since last: 19171139700 ns, Reaching safepoint: 77600 ns, At safepoint: 5500 ns, Total: 83100 ns
[2024-02-05T12:19:16.643+0000][1536][safepoint   ] Safepoint "Cleanup", Time since last: 1017436700 ns, Reaching safepoint: 142100 ns, At safepoint: 10900 ns, Total: 153000 ns
[2024-02-05T12:19:24.719+0000][1536][safepoint   ] Safepoint "Cleanup", Time since last: 8075949600 ns, Reaching safepoint: 100500 ns, At safepoint: 21200 ns, Total: 121700 ns
[2024-02-05T12:19:30.776+0000][1536][safepoint   ] Safepoint "Cleanup", Time since last: 6057593100 ns, Reaching safepoint: 113100 ns, At safepoint: 6900 ns, Total: 120000 ns
[2024-02-05T12:19:42.892+0000][1536][safepoint   ] Safepoint "Cleanup", Time since last: 12115204500 ns, Reaching safepoint: 87700 ns, At safepoint: 19200 ns, Total: 106900 ns
[2024-02-05T12:19:45.938+0000][1536][safepoint   ] Safepoint "Cleanup", Time since last: 3046641100 ns, Reaching safepoint: 75800 ns, At safepoint: 10700 ns, Total: 86500 ns
[2024-02-05T12:19:48.956+0000][1536][safepoint   ] Safepoint "Cleanup", Time since last: 3017085700 ns, Reaching safepoint: 85600 ns, At safepoint: 22200 ns, Total: 107800 ns
[2024-02-05T12:19:56.036+0000][1536][safepoint   ] Safepoint "Cleanup", Time since last: 7080390700 ns, Reaching safepoint: 102100 ns, At safepoint: 10400 ns, Total: 112500 ns
[2024-02-05T12:19:58.037+0000][1536][safepoint   ] Safepoint "Cleanup", Time since last: 2000914100 ns, Reaching safepoint: 84400 ns, At safepoint: 12400 ns, Total: 96800 ns
[2024-02-05T12:20:01.046+0000][1536][safepoint   ] Safepoint "Cleanup", Time since last: 3009053400 ns, Reaching safepoint: 70700 ns, At safepoint: 7400 ns, Total: 78100 ns
[2024-02-05T12:20:03.068+0000][1536][safepoint   ] Safepoint "Cleanup", Time since last: 2021620800 ns, Reaching safepoint: 104400 ns, At safepoint: 25700 ns, Total: 130100 ns
[2024-02-05T12:20:34.379+0000][1536][safepoint   ] Safepoint "Cleanup", Time since last: 31310783200 ns, Reaching safepoint: 83500 ns, At safepoint: 8200 ns, Total: 91700 ns
[2024-02-05T12:20:37.405+0000][1536][safepoint   ] Safepoint "Cleanup", Time since last: 3026350900 ns, Reaching safepoint: 61700 ns, At safepoint: 8000 ns, Total: 69700 ns
[2024-02-05T12:20:46.484+0000][1536][safepoint   ] Safepoint "Cleanup", Time since last: 9078668900 ns, Reaching safepoint: 93300 ns, At safepoint: 14500 ns, Total: 107800 ns
[2024-02-05T12:20:53.556+0000][1536][safepoint   ] Safepoint "Cleanup", Time since last: 7071814700 ns, Reaching safepoint: 91400 ns, At safepoint: 14100 ns, Total: 105500 ns
[2024-02-05T12:20:56.573+0000][1536][safepoint   ] Safepoint "Cleanup", Time since last: 3017036200 ns, Reaching safepoint: 124300 ns, At safepoint: 7400 ns, Total: 131700 ns
[2024-02-05T12:21:21.266+0000][1536][gc,start    ] GC(16) Pause Young (Normal) (G1 Evacuation Pause)
[2024-02-05T12:21:21.266+0000][1536][gc,task     ] GC(16) Using 8 workers of 8 for evacuation
[2024-02-05T12:21:21.266+0000][1536][gc,age      ] GC(16) Desired survivor size 159383552 bytes, new threshold 15 (max threshold 15)
[2024-02-05T12:21:21.294+0000][1536][gc,phases   ] GC(16)   Pre Evacuate Collection Set: 0.3ms
[2024-02-05T12:21:21.294+0000][1536][gc,phases   ] GC(16)   Merge Heap Roots: 0.3ms
[2024-02-05T12:21:21.294+0000][1536][gc,phases   ] GC(16)   Evacuate Collection Set: 24.6ms
[2024-02-05T12:21:21.294+0000][1536][gc,phases   ] GC(16)   Post Evacuate Collection Set: 2.4ms
[2024-02-05T12:21:21.294+0000][1536][gc,phases   ] GC(16)   Other: 0.3ms
[2024-02-05T12:21:21.294+0000][1536][gc,age      ] GC(16) Age table with threshold 15 (max threshold 15)
[2024-02-05T12:21:21.294+0000][1536][gc,age      ] GC(16) - age   1:    1617008 bytes,    1617008 total
[2024-02-05T12:21:21.294+0000][1536][gc,age      ] GC(16) - age   2:     651344 bytes,    2268352 total
[2024-02-05T12:21:21.294+0000][1536][gc,age      ] GC(16) - age   3:      32136 bytes,    2300488 total
[2024-02-05T12:21:21.294+0000][1536][gc,age      ] GC(16) - age   4:     197000 bytes,    2497488 total
[2024-02-05T12:21:21.294+0000][1536][gc,age      ] GC(16) - age   5:   39192392 bytes,   41689880 total
[2024-02-05T12:21:21.295+0000][1536][gc,age      ] GC(16) - age   6:    9686992 bytes,   51376872 total
[2024-02-05T12:21:21.295+0000][1536][gc,age      ] GC(16) - age   7:   16559248 bytes,   67936120 total
[2024-02-05T12:21:21.295+0000][1536][gc,heap     ] GC(16) Eden regions: 588->0(588)
[2024-02-05T12:21:21.295+0000][1536][gc,heap     ] GC(16) Survivor regions: 18->18(76)
[2024-02-05T12:21:21.295+0000][1536][gc,heap     ] GC(16) Old regions: 13->13
[2024-02-05T12:21:21.295+0000][1536][gc,heap     ] GC(16) Archive regions: 0->0
[2024-02-05T12:21:21.295+0000][1536][gc,heap     ] GC(16) Humongous regions: 2->2
[2024-02-05T12:21:21.295+0000][1536][gc,metaspace] GC(16) Metaspace: 128009K(131264K)->128009K(131264K) NonClass: 111147K(112832K)->111147K(112832K) Class: 16862K(18432K)->16862K(18432K)
[2024-02-05T12:21:21.295+0000][1536][gc          ] GC(16) Pause Young (Normal) (G1 Evacuation Pause) 2481M->130M(4040M) 28.350ms
[2024-02-05T12:21:21.295+0000][1536][gc,cpu      ] GC(16) User=0.12s Sys=0.00s Real=0.03s
[2024-02-05T12:21:21.295+0000][1536][safepoint   ] Safepoint "G1CollectForAllocation", Time since last: 24692810500 ns, Reaching safepoint: 198300 ns, At safepoint: 28441200 ns, Total: 28639500 ns
[2024-02-05T12:21:56.545+0000][1536][safepoint   ] Safepoint "Cleanup", Time since last: 35250535600 ns, Reaching safepoint: 130600 ns, At safepoint: 11200 ns, Total: 141800 ns
[2024-02-05T12:21:58.571+0000][1536][safepoint   ] Safepoint "Cleanup", Time since last: 2025336099 ns, Reaching safepoint: 60001 ns, At safepoint: 10900 ns, Total: 70901 ns
[2024-02-05T12:22:00.603+0000][1536][safepoint   ] Safepoint "Cleanup", Time since last: 2031744400 ns, Reaching safepoint: 55000 ns, At safepoint: 10800 ns, Total: 65800 ns
[2024-02-05T12:22:04.632+0000][1536][safepoint   ] Safepoint "Cleanup", Time since last: 4029413200 ns, Reaching safepoint: 102000 ns, At safepoint: 22200 ns, Total: 124200 ns
[2024-02-05T12:22:24.746+0000][1536][safepoint   ] Safepoint "Cleanup", Time since last: 20113500700 ns, Reaching safepoint: 62300 ns, At safepoint: 12600 ns, Total: 74900 ns
[2024-02-05T12:22:25.747+0000][1536][safepoint   ] Safepoint "Cleanup", Time since last: 1001185100 ns, Reaching safepoint: 112799 ns, At safepoint: 7701 ns, Total: 120500 ns
[2024-02-05T12:22:27.757+0000][1536][safepoint   ] Safepoint "Cleanup", Time since last: 2009754500 ns, Reaching safepoint: 47100 ns, At safepoint: 8000 ns, Total: 55100 ns
[2024-02-05T12:22:28.768+0000][1536][safepoint   ] Safepoint "Cleanup", Time since last: 1010524200 ns, Reaching safepoint: 162300 ns, At safepoint: 40100 ns, Total: 202400 ns
[2024-02-05T12:22:29.770+0000][1536][safepoint   ] Safepoint "Cleanup", Time since last: 1002155600 ns, Reaching safepoint: 172700 ns, At safepoint: 11000 ns, Total: 183700 ns
[2024-02-05T12:22:36.811+0000][1536][safepoint   ] Safepoint "Cleanup", Time since last: 7040901700 ns, Reaching safepoint: 177000 ns, At safepoint: 78600 ns, Total: 255600 ns
[2024-02-05T12:22:48.887+0000][1536][safepoint   ] Safepoint "Cleanup", Time since last: 12075564300 ns, Reaching safepoint: 64800 ns, At safepoint: 9900 ns, Total: 74700 ns
[2024-02-05T12:22:55.917+0000][1536][safepoint   ] Safepoint "Cleanup", Time since last: 7030097200 ns, Reaching safepoint: 138500 ns, At safepoint: 12100 ns, Total: 150600 ns
[2024-02-05T12:23:00.971+0000][1536][safepoint   ] Safepoint "Cleanup", Time since last: 5053540500 ns, Reaching safepoint: 121000 ns, At safepoint: 11499 ns, Total: 132499 ns
[2024-02-05T12:23:02.975+0000][1536][safepoint   ] Safepoint "Cleanup", Time since last: 2004548801 ns, Reaching safepoint: 72600 ns, At safepoint: 10599 ns, Total: 83199 ns
[2024-02-05T12:23:03.978+0000][1536][safepoint   ] Safepoint "Cleanup", Time since last: 1002932401 ns, Reaching safepoint: 93000 ns, At safepoint: 23300 ns, Total: 116300 ns
[2024-02-05T12:23:06.999+0000][1536][safepoint   ] Safepoint "Cleanup", Time since last: 3020407600 ns, Reaching safepoint: 128099 ns, At safepoint: 8101 ns, Total: 136200 ns
[2024-02-05T12:23:18.053+0000][1536][safepoint   ] Safepoint "Cleanup", Time since last: 11054429600 ns, Reaching safepoint: 124700 ns, At safepoint: 21100 ns, Total: 145800 ns
[2024-02-05T12:23:24.090+0000][1536][safepoint   ] Safepoint "Cleanup", Time since last: 6036061700 ns, Reaching safepoint: 154600 ns, At safepoint: 10900 ns, Total: 165500 ns
[2024-02-05T12:23:29.116+0000][1536][safepoint   ] Safepoint "Cleanup", Time since last: 5026549200 ns, Reaching safepoint: 131599 ns, At safepoint: 8801 ns, Total: 140400 ns
[2024-02-05T12:23:40.154+0000][1536][safepoint   ] Safepoint "Cleanup", Time since last: 11037402900 ns, Reaching safepoint: 123599 ns, At safepoint: 11601 ns, Total: 135200 ns
[2024-02-05T12:23:56.216+0000][1536][safepoint   ] Safepoint "Cleanup", Time since last: 16062396299 ns, Reaching safepoint: 151401 ns, At safepoint: 73700 ns, Total: 225101 ns
[2024-02-05T12:24:04.275+0000][1536][safepoint   ] Safepoint "Cleanup", Time since last: 8058509599 ns, Reaching safepoint: 101601 ns, At safepoint: 8399 ns, Total: 110000 ns
[2024-02-05T12:24:07.298+0000][1536][safepoint   ] Safepoint "Cleanup", Time since last: 3022907001 ns, Reaching safepoint: 170700 ns, At safepoint: 69100 ns, Total: 239800 ns
[2024-02-05T12:24:10.321+0000][1536][safepoint   ] Safepoint "Cleanup", Time since last: 3022988200 ns, Reaching safepoint: 61300 ns, At safepoint: 9300 ns, Total: 70600 ns
[2024-02-05T12:24:16.362+0000][1536][safepoint   ] Safepoint "Cleanup", Time since last: 6040230900 ns, Reaching safepoint: 116400 ns, At safepoint: 15600 ns, Total: 132000 ns
[2024-02-05T12:24:17.363+0000][1536][safepoint   ] Safepoint "Cleanup", Time since last: 1000667800 ns, Reaching safepoint: 116599 ns, At safepoint: 12601 ns, Total: 129200 ns
[2024-02-05T12:24:23.402+0000][1536][safepoint   ] Safepoint "Cleanup", Time since last: 6039113400 ns, Reaching safepoint: 125400 ns, At safepoint: 12200 ns, Total: 137600 ns
[2024-02-05T12:24:29.448+0000][1536][safepoint   ] Safepoint "Cleanup", Time since last: 6046447000 ns, Reaching safepoint: 743200 ns, At safepoint: 11100 ns, Total: 754300 ns
[2024-02-05T12:24:34.458+0000][1536][safepoint   ] Safepoint "Cleanup", Time since last: 5009123500 ns, Reaching safepoint: 159100 ns, At safepoint: 15800 ns, Total: 174900 ns
[2024-02-05T12:24:37.464+0000][1536][safepoint   ] Safepoint "Cleanup", Time since last: 3005459700 ns, Reaching safepoint: 155400 ns, At safepoint: 70999 ns, Total: 226399 ns
[2024-02-05T12:24:52.521+0000][1536][safepoint   ] Safepoint "Cleanup", Time since last: 15056914201 ns, Reaching safepoint: 78500 ns, At safepoint: 59500 ns, Total: 138000 ns
[2024-02-05T12:24:56.548+0000][1536][safepoint   ] Safepoint "Cleanup", Time since last: 4026747499 ns, Reaching safepoint: 78000 ns, At safepoint: 53400 ns, Total: 131400 ns
[2024-02-05T12:24:58.553+0000][1536][safepoint   ] Safepoint "Cleanup", Time since last: 2005353300 ns, Reaching safepoint: 106801 ns, At safepoint: 5900 ns, Total: 112701 ns
[2024-02-05T12:25:01.593+0000][1536][safepoint   ] Safepoint "Cleanup", Time since last: 3039089700 ns, Reaching safepoint: 774899 ns, At safepoint: 60401 ns, Total: 835300 ns
[2024-02-05T12:25:04.608+0000][1536][safepoint   ] Safepoint "Cleanup", Time since last: 3015112300 ns, Reaching safepoint: 95999 ns, At safepoint: 58501 ns, Total: 154500 ns
[2024-02-05T12:25:13.650+0000][1536][safepoint   ] Safepoint "Cleanup", Time since last: 9041364500 ns, Reaching safepoint: 73700 ns, At safepoint: 56400 ns, Total: 130100 ns
[2024-02-05T12:25:55.983+0000][1536][safepoint   ] Safepoint "Cleanup", Time since last: 42332763300 ns, Reaching safepoint: 95599 ns, At safepoint: 9501 ns, Total: 105100 ns
[2024-02-05T12:26:05.064+0000][1536][safepoint   ] Safepoint "Cleanup", Time since last: 9080544500 ns, Reaching safepoint: 137300 ns, At safepoint: 10200 ns, Total: 147500 ns
[2024-02-05T12:26:23.188+0000][1536][safepoint   ] Safepoint "Cleanup", Time since last: 18124023200 ns, Reaching safepoint: 157500 ns, At safepoint: 9600 ns, Total: 167100 ns
[2024-02-05T12:26:37.310+0000][1536][safepoint   ] Safepoint "Cleanup", Time since last: 14122316700 ns, Reaching safepoint: 97600 ns, At safepoint: 78700 ns, Total: 176300 ns
[2024-02-05T12:26:40.316+0000][1536][safepoint   ] Safepoint "Cleanup", Time since last: 3005320700 ns, Reaching safepoint: 186600 ns, At safepoint: 70800 ns, Total: 257400 ns
[2024-02-05T12:26:49.370+0000][1536][safepoint   ] Safepoint "Cleanup", Time since last: 9053773600 ns, Reaching safepoint: 163700 ns, At safepoint: 47500 ns, Total: 211200 ns
[2024-02-05T12:26:59.430+0000][1536][safepoint   ] Safepoint "Cleanup", Time since last: 10059886600 ns, Reaching safepoint: 138000 ns, At safepoint: 83000 ns, Total: 221000 ns
[2024-02-05T12:27:03.453+0000][1536][safepoint   ] Safepoint "Cleanup", Time since last: 4023130000 ns, Reaching safepoint: 158700 ns, At safepoint: 81900 ns, Total: 240600 ns
[2024-02-05T12:27:04.455+0000][1536][safepoint   ] Safepoint "Cleanup", Time since last: 1001171000 ns, Reaching safepoint: 142800 ns, At safepoint: 80700 ns, Total: 223500 ns
[2024-02-05T12:27:37.666+0000][1536][safepoint   ] Safepoint "Cleanup", Time since last: 33210940600 ns, Reaching safepoint: 102200 ns, At safepoint: 24900 ns, Total: 127100 ns
[2024-02-05T12:27:40.670+0000][1536][safepoint   ] Safepoint "Cleanup", Time since last: 3004427700 ns, Reaching safepoint: 76600 ns, At safepoint: 59300 ns, Total: 135900 ns
[2024-02-05T12:27:48.725+0000][1536][safepoint   ] Safepoint "Cleanup", Time since last: 8054890900 ns, Reaching safepoint: 226500 ns, At safepoint: 86500 ns, Total: 313000 ns
[2024-02-05T12:27:54.756+0000][1536][safepoint   ] Safepoint "Cleanup", Time since last: 6029914500 ns, Reaching safepoint: 192600 ns, At safepoint: 60100 ns, Total: 252700 ns
[2024-02-05T12:27:55.758+0000][1536][safepoint   ] Safepoint "Cleanup", Time since last: 1001819000 ns, Reaching safepoint: 85400 ns, At safepoint: 56800 ns, Total: 142200 ns
[2024-02-05T12:27:58.778+0000][1536][safepoint   ] Safepoint "Cleanup", Time since last: 3020347200 ns, Reaching safepoint: 148900 ns, At safepoint: 49900 ns, Total: 198800 ns
[2024-02-05T12:28:05.811+0000][1536][safepoint   ] Safepoint "Cleanup", Time since last: 7032402900 ns, Reaching safepoint: 166200 ns, At safepoint: 72700 ns, Total: 238900 ns
[2024-02-05T12:28:18.833+0000][1536][safepoint   ] Safepoint "Cleanup", Time since last: 13022184200 ns, Reaching safepoint: 114800 ns, At safepoint: 33000 ns, Total: 147800 ns
[2024-02-05T12:28:23.858+0000][1536][safepoint   ] Safepoint "Cleanup", Time since last: 5024554000 ns, Reaching safepoint: 88200 ns, At safepoint: 24800 ns, Total: 113000 ns
[2024-02-05T12:28:25.113+0000][1536][safepoint   ] Safepoint "Cleanup", Time since last: 1255495800 ns, Reaching safepoint: 115200 ns, At safepoint: 10300 ns, Total: 125500 ns
[2024-02-05T12:28:29.140+0000][1536][safepoint   ] Safepoint "Cleanup", Time since last: 4026083600 ns, Reaching safepoint: 71600 ns, At safepoint: 69000 ns, Total: 140600 ns
[2024-02-05T12:28:35.183+0000][1536][safepoint   ] Safepoint "Cleanup", Time since last: 6043495400 ns, Reaching safepoint: 215100 ns, At safepoint: 45100 ns, Total: 260200 ns
[2024-02-05T12:28:38.200+0000][1536][safepoint   ] Safepoint "Cleanup", Time since last: 3016756700 ns, Reaching safepoint: 138100 ns, At safepoint: 60400 ns, Total: 198500 ns
[2024-02-05T12:28:56.355+0000][1536][safepoint   ] Safepoint "Cleanup", Time since last: 18154741600 ns, Reaching safepoint: 99600 ns, At safepoint: 11000 ns, Total: 110600 ns
[2024-02-05T12:28:58.365+0000][1536][safepoint   ] Safepoint "Cleanup", Time since last: 2009213600 ns, Reaching safepoint: 111600 ns, At safepoint: 7700 ns, Total: 119300 ns
[2024-02-05T12:28:59.380+0000][1536][safepoint   ] Safepoint "Cleanup", Time since last: 1015427400 ns, Reaching safepoint: 184600 ns, At safepoint: 10800 ns, Total: 195400 ns
[2024-02-05T12:29:27.583+0000][1536][safepoint   ] Safepoint "Cleanup", Time since last: 28202878600 ns, Reaching safepoint: 174000 ns, At safepoint: 12100 ns, Total: 186100 ns
[2024-02-05T12:29:37.634+0000][1536][safepoint   ] Safepoint "Cleanup", Time since last: 10050389100 ns, Reaching safepoint: 85400 ns, At safepoint: 55000 ns, Total: 140400 ns
[2024-02-05T12:29:40.643+0000][1536][safepoint   ] Safepoint "Cleanup", Time since last: 3008548600 ns, Reaching safepoint: 120400 ns, At safepoint: 8100 ns, Total: 128500 ns
[2024-02-05T12:29:48.698+0000][1536][safepoint   ] Safepoint "Cleanup", Time since last: 8055554900 ns, Reaching safepoint: 140000 ns, At safepoint: 9500 ns, Total: 149500 ns
[2024-02-05T12:29:55.762+0000][1536][safepoint   ] Safepoint "Cleanup", Time since last: 7063582400 ns, Reaching safepoint: 133600 ns, At safepoint: 11400 ns, Total: 145000 ns
[2024-02-05T12:29:56.769+0000][1536][safepoint   ] Safepoint "Cleanup", Time since last: 1007163500 ns, Reaching safepoint: 91300 ns, At safepoint: 13100 ns, Total: 104400 ns
[2024-02-05T12:29:58.779+0000][1536][safepoint   ] Safepoint "Cleanup", Time since last: 2009463200 ns, Reaching safepoint: 88800 ns, At safepoint: 10100 ns, Total: 98900 ns
[2024-02-05T12:30:10.890+0000][1536][safepoint   ] Safepoint "Cleanup", Time since last: 12110626500 ns, Reaching safepoint: 87800 ns, At safepoint: 10300 ns, Total: 98100 ns
[2024-02-05T12:30:37.069+0000][1536][safepoint   ] Safepoint "Cleanup", Time since last: 26178960400 ns, Reaching safepoint: 139200 ns, At safepoint: 27700 ns, Total: 166900 ns
[2024-02-05T12:30:47.152+0000][1536][safepoint   ] Safepoint "Cleanup", Time since last: 10083342900 ns, Reaching safepoint: 212400 ns, At safepoint: 10100 ns, Total: 222500 ns
[2024-02-05T12:30:56.184+0000][1536][safepoint   ] Safepoint "Cleanup", Time since last: 9031715400 ns, Reaching safepoint: 755300 ns, At safepoint: 19500 ns, Total: 774800 ns
[2024-02-05T12:31:12.295+0000][1536][safepoint   ] Safepoint "Cleanup", Time since last: 16110143300 ns, Reaching safepoint: 86200 ns, At safepoint: 17800 ns, Total: 104000 ns
[2024-02-05T12:31:17.335+0000][1536][safepoint   ] Safepoint "Cleanup", Time since last: 5039545300 ns, Reaching safepoint: 151200 ns, At safepoint: 65700 ns, Total: 216900 ns
[2024-02-05T12:31:29.354+0000][1536][safepoint   ] Safepoint "Cleanup", Time since last: 12019450000 ns, Reaching safepoint: 157400 ns, At safepoint: 10700 ns, Total: 168100 ns
[2024-02-05T12:31:47.663+0000][1536][gc,start    ] GC(17) Pause Young (Normal) (G1 Evacuation Pause)
[2024-02-05T12:31:47.663+0000][1536][gc,task     ] GC(17) Using 8 workers of 8 for evacuation
[2024-02-05T12:31:47.663+0000][1536][gc,age      ] GC(17) Desired survivor size 159383552 bytes, new threshold 15 (max threshold 15)
[2024-02-05T12:31:47.707+0000][1536][gc,phases   ] GC(17)   Pre Evacuate Collection Set: 0.2ms
[2024-02-05T12:31:47.707+0000][1536][gc,phases   ] GC(17)   Merge Heap Roots: 0.3ms
[2024-02-05T12:31:47.707+0000][1536][gc,phases   ] GC(17)   Evacuate Collection Set: 38.2ms
[2024-02-05T12:31:47.707+0000][1536][gc,phases   ] GC(17)   Post Evacuate Collection Set: 3.7ms
[2024-02-05T12:31:47.707+0000][1536][gc,phases   ] GC(17)   Other: 0.2ms
[2024-02-05T12:31:47.707+0000][1536][gc,age      ] GC(17) Age table with threshold 15 (max threshold 15)
[2024-02-05T12:31:47.707+0000][1536][gc,age      ] GC(17) - age   1:    2291752 bytes,    2291752 total
[2024-02-05T12:31:47.707+0000][1536][gc,age      ] GC(17) - age   2:     223680 bytes,    2515432 total
[2024-02-05T12:31:47.707+0000][1536][gc,age      ] GC(17) - age   3:     591696 bytes,    3107128 total
[2024-02-05T12:31:47.707+0000][1536][gc,age      ] GC(17) - age   4:      31992 bytes,    3139120 total
[2024-02-05T12:31:47.707+0000][1536][gc,age      ] GC(17) - age   5:     197000 bytes,    3336120 total
[2024-02-05T12:31:47.707+0000][1536][gc,age      ] GC(17) - age   6:   39060576 bytes,   42396696 total
[2024-02-05T12:31:47.707+0000][1536][gc,age      ] GC(17) - age   7:    9686992 bytes,   52083688 total
[2024-02-05T12:31:47.707+0000][1536][gc,age      ] GC(17) - age   8:   16559064 bytes,   68642752 total
[2024-02-05T12:31:47.707+0000][1536][gc,heap     ] GC(17) Eden regions: 588->0(587)
[2024-02-05T12:31:47.707+0000][1536][gc,heap     ] GC(17) Survivor regions: 18->19(76)
[2024-02-05T12:31:47.707+0000][1536][gc,heap     ] GC(17) Old regions: 13->13
[2024-02-05T12:31:47.707+0000][1536][gc,heap     ] GC(17) Archive regions: 0->0
[2024-02-05T12:31:47.707+0000][1536][gc,heap     ] GC(17) Humongous regions: 2->2
[2024-02-05T12:31:47.707+0000][1536][gc,metaspace] GC(17) Metaspace: 128180K(131520K)->128180K(131520K) NonClass: 111302K(113024K)->111302K(113024K) Class: 16877K(18496K)->16877K(18496K)
[2024-02-05T12:31:47.707+0000][1536][gc          ] GC(17) Pause Young (Normal) (G1 Evacuation Pause) 2482M->132M(4040M) 42.924ms
[2024-02-05T12:31:47.707+0000][1536][gc,cpu      ] GC(17) User=0.34s Sys=0.02s Real=0.04s
[2024-02-05T12:31:47.707+0000][1536][safepoint   ] Safepoint "G1CollectForAllocation", Time since last: 18309393100 ns, Reaching safepoint: 150100 ns, At safepoint: 43042400 ns, Total: 43192500 ns
[2024-02-05T12:31:55.800+0000][1536][safepoint   ] Safepoint "Cleanup", Time since last: 8092827000 ns, Reaching safepoint: 142500 ns, At safepoint: 21900 ns, Total: 164400 ns
[2024-02-05T12:32:11.015+0000][1536][safepoint   ] Safepoint "Cleanup", Time since last: 15214827500 ns, Reaching safepoint: 90000 ns, At safepoint: 16600 ns, Total: 106600 ns
[2024-02-05T12:33:02.660+0000][1536][safepoint   ] Safepoint "Cleanup", Time since last: 51645111200 ns, Reaching safepoint: 130400 ns, At safepoint: 20400 ns, Total: 150800 ns
[2024-02-05T12:33:29.040+0000][1536][safepoint   ] Safepoint "Cleanup", Time since last: 26379480800 ns, Reaching safepoint: 75600 ns, At safepoint: 12900 ns, Total: 88500 ns
[2024-02-05T12:33:43.223+0000][1536][safepoint   ] Safepoint "Cleanup", Time since last: 14182772700 ns, Reaching safepoint: 132800 ns, At safepoint: 62900 ns, Total: 195700 ns
[2024-02-05T12:33:53.355+0000][1536][safepoint   ] Safepoint "Cleanup", Time since last: 10131893500 ns, Reaching safepoint: 71900 ns, At safepoint: 12400 ns, Total: 84300 ns
[2024-02-05T12:33:59.454+0000][1536][safepoint   ] Safepoint "Cleanup", Time since last: 6099527200 ns, Reaching safepoint: 125100 ns, At safepoint: 15700 ns, Total: 140800 ns
[2024-02-05T12:34:02.504+0000][1536][safepoint   ] Safepoint "Cleanup", Time since last: 3049295600 ns, Reaching safepoint: 114000 ns, At safepoint: 22500 ns, Total: 136500 ns
[2024-02-05T12:34:56.265+0000][1536][safepoint   ] Safepoint "Cleanup", Time since last: 53761469700 ns, Reaching safepoint: 116200 ns, At safepoint: 24700 ns, Total: 140900 ns
[2024-02-05T12:35:03.381+0000][1536][safepoint   ] Safepoint "Cleanup", Time since last: 7116000000 ns, Reaching safepoint: 109600 ns, At safepoint: 19400 ns, Total: 129000 ns
[2024-02-05T12:35:29.729+0000][1536][safepoint   ] Safepoint "Cleanup", Time since last: 26347235600 ns, Reaching safepoint: 143100 ns, At safepoint: 13200 ns, Total: 156300 ns
[2024-02-05T12:35:38.828+0000][1536][safepoint   ] Safepoint "Cleanup", Time since last: 9098766700 ns, Reaching safepoint: 164600 ns, At safepoint: 67600 ns, Total: 232200 ns
[2024-02-05T12:35:39.844+0000][1536][safepoint   ] Safepoint "Cleanup", Time since last: 1016274200 ns, Reaching safepoint: 101600 ns, At safepoint: 15900 ns, Total: 117500 ns
[2024-02-05T12:35:44.910+0000][1536][safepoint   ] Safepoint "Cleanup", Time since last: 5066061600 ns, Reaching safepoint: 151500 ns, At safepoint: 17500 ns, Total: 169000 ns
[2024-02-05T12:35:47.944+0000][1536][safepoint   ] Safepoint "Cleanup", Time since last: 3032919400 ns, Reaching safepoint: 109300 ns, At safepoint: 17500 ns, Total: 126800 ns
[2024-02-05T12:35:59.109+0000][1536][safepoint   ] Safepoint "Cleanup", Time since last: 11165369700 ns, Reaching safepoint: 107400 ns, At safepoint: 14600 ns, Total: 122000 ns
[2024-02-05T12:36:07.975+0000][1536][safepoint   ] Safepoint "Cleanup", Time since last: 8865807600 ns, Reaching safepoint: 177100 ns, At safepoint: 14800 ns, Total: 191900 ns
[2024-02-05T12:36:16.574+0000][1536][safepoint   ] Safepoint "Cleanup", Time since last: 8598837700 ns, Reaching safepoint: 133300 ns, At safepoint: 21000 ns, Total: 154300 ns
[2024-02-05T12:36:20.640+0000][1536][safepoint   ] Safepoint "Cleanup", Time since last: 4065912700 ns, Reaching safepoint: 96400 ns, At safepoint: 17100 ns, Total: 113500 ns
[2024-02-05T12:36:22.657+0000][1536][safepoint   ] Safepoint "Cleanup", Time since last: 2016529300 ns, Reaching safepoint: 89000 ns, At safepoint: 19900 ns, Total: 108900 ns
[2024-02-05T12:36:53.984+0000][1536][safepoint   ] Safepoint "Cleanup", Time since last: 31327564300 ns, Reaching safepoint: 111400 ns, At safepoint: 20300 ns, Total: 131700 ns
[2024-02-05T12:36:56.017+0000][1536][safepoint   ] Safepoint "Cleanup", Time since last: 2032792000 ns, Reaching safepoint: 116600 ns, At safepoint: 28000 ns, Total: 144600 ns
[2024-02-05T12:37:24.414+0000][1536][safepoint   ] Safepoint "Cleanup", Time since last: 28397020000 ns, Reaching safepoint: 88500 ns, At safepoint: 58600 ns, Total: 147100 ns
[2024-02-05T12:37:58.828+0000][1536][safepoint   ] Safepoint "Cleanup", Time since last: 34413139400 ns, Reaching safepoint: 114700 ns, At safepoint: 13600 ns, Total: 128300 ns
[2024-02-05T12:38:05.927+0000][1536][safepoint   ] Safepoint "Cleanup", Time since last: 7099146000 ns, Reaching safepoint: 159500 ns, At safepoint: 31300 ns, Total: 190800 ns
[2024-02-05T12:38:26.191+0000][1536][safepoint   ] Safepoint "Cleanup", Time since last: 20264377900 ns, Reaching safepoint: 120800 ns, At safepoint: 14900 ns, Total: 135700 ns
[2024-02-05T12:38:29.225+0000][1536][safepoint   ] Safepoint "Cleanup", Time since last: 3033127000 ns, Reaching safepoint: 100700 ns, At safepoint: 19300 ns, Total: 120000 ns
[2024-02-05T12:38:45.423+0000][1536][safepoint   ] Safepoint "Cleanup", Time since last: 16198101000 ns, Reaching safepoint: 119300 ns, At safepoint: 23600 ns, Total: 142900 ns
[2024-02-05T12:38:46.440+0000][1536][safepoint   ] Safepoint "Cleanup", Time since last: 1016437200 ns, Reaching safepoint: 102300 ns, At safepoint: 20000 ns, Total: 122300 ns
[2024-02-05T12:38:48.456+0000][1536][safepoint   ] Safepoint "Cleanup", Time since last: 2016378100 ns, Reaching safepoint: 89200 ns, At safepoint: 14500 ns, Total: 103700 ns
[2024-02-05T12:38:56.572+0000][1536][safepoint   ] Safepoint "Cleanup", Time since last: 8115704400 ns, Reaching safepoint: 102200 ns, At safepoint: 20200 ns, Total: 122400 ns
[2024-02-05T12:39:00.638+0000][1536][safepoint   ] Safepoint "Cleanup", Time since last: 4066145700 ns, Reaching safepoint: 96200 ns, At safepoint: 18000 ns, Total: 114200 ns
[2024-02-05T12:39:03.674+0000][1536][safepoint   ] Safepoint "Cleanup", Time since last: 3035742300 ns, Reaching safepoint: 119200 ns, At safepoint: 54500 ns, Total: 173700 ns
[2024-02-05T12:39:37.051+0000][1536][safepoint   ] Safepoint "Cleanup", Time since last: 33377117400 ns, Reaching safepoint: 135200 ns, At safepoint: 27100 ns, Total: 162300 ns
[2024-02-05T12:39:56.254+0000][1536][safepoint   ] Safepoint "Cleanup", Time since last: 19202173800 ns, Reaching safepoint: 104200 ns, At safepoint: 14500 ns, Total: 118700 ns
[2024-02-05T12:40:00.291+0000][1536][safepoint   ] Safepoint "Cleanup", Time since last: 4037425900 ns, Reaching safepoint: 83300 ns, At safepoint: 12200 ns, Total: 95500 ns
[2024-02-05T12:40:39.591+0000][1536][safepoint   ] Safepoint "Cleanup", Time since last: 39300009900 ns, Reaching safepoint: 77300 ns, At safepoint: 9800 ns, Total: 87100 ns
[2024-02-05T12:41:26.936+0000][1536][safepoint   ] Safepoint "Cleanup", Time since last: 47344448100 ns, Reaching safepoint: 145300 ns, At safepoint: 15400 ns, Total: 160700 ns
[2024-02-05T12:42:01.232+0000][1536][safepoint   ] Safepoint "Cleanup", Time since last: 34296338200 ns, Reaching safepoint: 75200 ns, At safepoint: 12900 ns, Total: 88100 ns
[2024-02-05T12:42:11.252+0000][1536][safepoint   ] Safepoint "Cleanup", Time since last: 10019888700 ns, Reaching safepoint: 118100 ns, At safepoint: 73700 ns, Total: 191800 ns
[2024-02-05T12:42:15.549+0000][1536][gc,start    ] GC(18) Pause Young (Normal) (G1 Evacuation Pause)
[2024-02-05T12:42:15.549+0000][1536][gc,task     ] GC(18) Using 8 workers of 8 for evacuation
[2024-02-05T12:42:15.549+0000][1536][gc,age      ] GC(18) Desired survivor size 159383552 bytes, new threshold 15 (max threshold 15)
[2024-02-05T12:42:15.578+0000][1536][gc,phases   ] GC(18)   Pre Evacuate Collection Set: 0.1ms
[2024-02-05T12:42:15.578+0000][1536][gc,phases   ] GC(18)   Merge Heap Roots: 0.1ms
[2024-02-05T12:42:15.578+0000][1536][gc,phases   ] GC(18)   Evacuate Collection Set: 26.7ms
[2024-02-05T12:42:15.578+0000][1536][gc,phases   ] GC(18)   Post Evacuate Collection Set: 2.9ms
[2024-02-05T12:42:15.578+0000][1536][gc,phases   ] GC(18)   Other: 0.2ms
[2024-02-05T12:42:15.579+0000][1536][gc,age      ] GC(18) Age table with threshold 15 (max threshold 15)
[2024-02-05T12:42:15.579+0000][1536][gc,age      ] GC(18) - age   1:    2175136 bytes,    2175136 total
[2024-02-05T12:42:15.579+0000][1536][gc,age      ] GC(18) - age   2:     266864 bytes,    2442000 total
[2024-02-05T12:42:15.579+0000][1536][gc,age      ] GC(18) - age   3:      54496 bytes,    2496496 total
[2024-02-05T12:42:15.579+0000][1536][gc,age      ] GC(18) - age   4:     426136 bytes,    2922632 total
[2024-02-05T12:42:15.579+0000][1536][gc,age      ] GC(18) - age   5:      31992 bytes,    2954624 total
[2024-02-05T12:42:15.579+0000][1536][gc,age      ] GC(18) - age   6:     197000 bytes,    3151624 total
[2024-02-05T12:42:15.579+0000][1536][gc,age      ] GC(18) - age   7:   38920656 bytes,   42072280 total
[2024-02-05T12:42:15.579+0000][1536][gc,age      ] GC(18) - age   8:    9434256 bytes,   51506536 total
[2024-02-05T12:42:15.579+0000][1536][gc,age      ] GC(18) - age   9:   15899688 bytes,   67406224 total
[2024-02-05T12:42:15.579+0000][1536][gc,heap     ] GC(18) Eden regions: 587->0(588)
[2024-02-05T12:42:15.579+0000][1536][gc,heap     ] GC(18) Survivor regions: 19->18(76)
[2024-02-05T12:42:15.579+0000][1536][gc,heap     ] GC(18) Old regions: 13->13
[2024-02-05T12:42:15.579+0000][1536][gc,heap     ] GC(18) Archive regions: 0->0
[2024-02-05T12:42:15.579+0000][1536][gc,heap     ] GC(18) Humongous regions: 2->2
[2024-02-05T12:42:15.579+0000][1536][gc,metaspace] GC(18) Metaspace: 128257K(131584K)->128257K(131584K) NonClass: 111376K(113088K)->111376K(113088K) Class: 16880K(18496K)->16880K(18496K)
[2024-02-05T12:42:15.579+0000][1536][gc          ] GC(18) Pause Young (Normal) (G1 Evacuation Pause) 2480M->130M(4040M) 30.478ms
[2024-02-05T12:42:15.579+0000][1536][gc,cpu      ] GC(18) User=0.14s Sys=0.00s Real=0.03s
[2024-02-05T12:42:15.579+0000][1536][safepoint   ] Safepoint "G1CollectForAllocation", Time since last: 4296041400 ns, Reaching safepoint: 61900 ns, At safepoint: 30604900 ns, Total: 30666800 ns
[2024-02-05T12:42:56.774+0000][1536][safepoint   ] Safepoint "Cleanup", Time since last: 41194888100 ns, Reaching safepoint: 88900 ns, At safepoint: 12900 ns, Total: 101800 ns
[2024-02-05T12:43:00.808+0000][1536][safepoint   ] Safepoint "Cleanup", Time since last: 4033571500 ns, Reaching safepoint: 72800 ns, At safepoint: 21400 ns, Total: 94200 ns
[2024-02-05T12:43:03.837+0000][1536][safepoint   ] Safepoint "Cleanup", Time since last: 3029062300 ns, Reaching safepoint: 150300 ns, At safepoint: 15600 ns, Total: 165900 ns
[2024-02-05T12:43:52.113+0000][1536][safepoint   ] Safepoint "Cleanup", Time since last: 48275426100 ns, Reaching safepoint: 119300 ns, At safepoint: 17400 ns, Total: 136700 ns
[2024-02-05T12:44:01.190+0000][1536][safepoint   ] Safepoint "Cleanup", Time since last: 9077386400 ns, Reaching safepoint: 96300 ns, At safepoint: 20800 ns, Total: 117100 ns
[2024-02-05T12:44:04.212+0000][1536][safepoint   ] Safepoint "Cleanup", Time since last: 3022047300 ns, Reaching safepoint: 170000 ns, At safepoint: 68900 ns, Total: 238900 ns
[2024-02-05T12:44:07.417+0000][1536][safepoint   ] Safepoint "Cleanup", Time since last: 3203988600 ns, Reaching safepoint: 148200 ns, At safepoint: 15000 ns, Total: 163200 ns
[2024-02-05T12:44:16.473+0000][1536][safepoint   ] Safepoint "Cleanup", Time since last: 9056245100 ns, Reaching safepoint: 126500 ns, At safepoint: 15100 ns, Total: 141600 ns
[2024-02-05T12:44:18.503+0000][1536][safepoint   ] Safepoint "Cleanup", Time since last: 2029723100 ns, Reaching safepoint: 124600 ns, At safepoint: 9300 ns, Total: 133900 ns
[2024-02-05T12:44:39.687+0000][1536][safepoint   ] Safepoint "Cleanup", Time since last: 21184316100 ns, Reaching safepoint: 94200 ns, At safepoint: 11100 ns, Total: 105300 ns
[2024-02-05T12:44:40.703+0000][1536][safepoint   ] Safepoint "Cleanup", Time since last: 1015390100 ns, Reaching safepoint: 67600 ns, At safepoint: 13400 ns, Total: 81000 ns
[2024-02-05T12:44:44.738+0000][1536][safepoint   ] Safepoint "Cleanup", Time since last: 4034752600 ns, Reaching safepoint: 839200 ns, At safepoint: 28400 ns, Total: 867600 ns
[2024-02-05T12:44:45.753+0000][1536][safepoint   ] Safepoint "Cleanup", Time since last: 1014736800 ns, Reaching safepoint: 125200 ns, At safepoint: 10800 ns, Total: 136000 ns
[2024-02-05T12:44:46.754+0000][1536][safepoint   ] Safepoint "Cleanup", Time since last: 1000522600 ns, Reaching safepoint: 130500 ns, At safepoint: 52100 ns, Total: 182600 ns
[2024-02-05T12:44:48.777+0000][1536][safepoint   ] Safepoint "Cleanup", Time since last: 2023479900 ns, Reaching safepoint: 158300 ns, At safepoint: 10700 ns, Total: 169000 ns
[2024-02-05T12:44:49.786+0000][1536][safepoint   ] Safepoint "Cleanup", Time since last: 1008985100 ns, Reaching safepoint: 91300 ns, At safepoint: 14800 ns, Total: 106100 ns
[2024-02-05T12:44:56.847+0000][1536][safepoint   ] Safepoint "Cleanup", Time since last: 7059962300 ns, Reaching safepoint: 152900 ns, At safepoint: 15200 ns, Total: 168100 ns
[2024-02-05T12:45:01.919+0000][1536][safepoint   ] Safepoint "Cleanup", Time since last: 5072143100 ns, Reaching safepoint: 130600 ns, At safepoint: 9100 ns, Total: 139700 ns
[2024-02-05T12:45:16.084+0000][1536][safepoint   ] Safepoint "Cleanup", Time since last: 14164914400 ns, Reaching safepoint: 109300 ns, At safepoint: 17700 ns, Total: 127000 ns
[2024-02-05T12:45:37.299+0000][1536][safepoint   ] Safepoint "Cleanup", Time since last: 21214509600 ns, Reaching safepoint: 107800 ns, At safepoint: 16700 ns, Total: 124500 ns
[2024-02-05T12:45:40.345+0000][1536][safepoint   ] Safepoint "Cleanup", Time since last: 3045965600 ns, Reaching safepoint: 109300 ns, At safepoint: 4700 ns, Total: 114000 ns
[2024-02-05T12:45:55.493+0000][1536][safepoint   ] Safepoint "Cleanup", Time since last: 15147961400 ns, Reaching safepoint: 97300 ns, At safepoint: 48500 ns, Total: 145800 ns
[2024-02-05T12:45:56.498+0000][1536][safepoint   ] Safepoint "Cleanup", Time since last: 1005131700 ns, Reaching safepoint: 82600 ns, At safepoint: 27800 ns, Total: 110400 ns
[2024-02-05T12:45:57.512+0000][1536][safepoint   ] Safepoint "Cleanup", Time since last: 1013900100 ns, Reaching safepoint: 282900 ns, At safepoint: 82400 ns, Total: 365300 ns
[2024-02-05T12:46:13.695+0000][1536][safepoint   ] Safepoint "Cleanup", Time since last: 16182468900 ns, Reaching safepoint: 82600 ns, At safepoint: 18700 ns, Total: 101300 ns
[2024-02-05T12:46:16.741+0000][1536][safepoint   ] Safepoint "Cleanup", Time since last: 3045761300 ns, Reaching safepoint: 197000 ns, At safepoint: 15100 ns, Total: 212100 ns
[2024-02-05T12:46:56.068+0000][1536][safepoint   ] Safepoint "Cleanup", Time since last: 39326712400 ns, Reaching safepoint: 136100 ns, At safepoint: 11400 ns, Total: 147500 ns
[2024-02-05T12:47:04.100+0000][1536][safepoint   ] Safepoint "Cleanup", Time since last: 8032525200 ns, Reaching safepoint: 68800 ns, At safepoint: 9000 ns, Total: 77800 ns
[2024-02-05T12:47:05.115+0000][1536][safepoint   ] Safepoint "Cleanup", Time since last: 1014113100 ns, Reaching safepoint: 153300 ns, At safepoint: 10400 ns, Total: 163700 ns
[2024-02-05T12:47:14.178+0000][1536][safepoint   ] Safepoint "Cleanup", Time since last: 9062847500 ns, Reaching safepoint: 130300 ns, At safepoint: 9100 ns, Total: 139400 ns
[2024-02-05T12:47:19.226+0000][1536][safepoint   ] Safepoint "Cleanup", Time since last: 5048433400 ns, Reaching safepoint: 145600 ns, At safepoint: 47700 ns, Total: 193300 ns
[2024-02-05T12:47:20.227+0000][1536][safepoint   ] Safepoint "Cleanup", Time since last: 1000748800 ns, Reaching safepoint: 138700 ns, At safepoint: 11000 ns, Total: 149700 ns
[2024-02-05T12:47:28.278+0000][1536][safepoint   ] Safepoint "Cleanup", Time since last: 8051074100 ns, Reaching safepoint: 156700 ns, At safepoint: 55100 ns, Total: 211800 ns
[2024-02-05T12:47:29.302+0000][1536][safepoint   ] Safepoint "Cleanup", Time since last: 1023505800 ns, Reaching safepoint: 142900 ns, At safepoint: 63700 ns, Total: 206600 ns
[2024-02-05T12:47:43.375+0000][1536][safepoint   ] Safepoint "Cleanup", Time since last: 14072831900 ns, Reaching safepoint: 74400 ns, At safepoint: 32700 ns, Total: 107100 ns
[2024-02-05T12:48:28.621+0000][1536][safepoint   ] Safepoint "Cleanup", Time since last: 45245798400 ns, Reaching safepoint: 82100 ns, At safepoint: 11900 ns, Total: 94000 ns
[2024-02-05T12:48:31.642+0000][1536][safepoint   ] Safepoint "Cleanup", Time since last: 3020956000 ns, Reaching safepoint: 209900 ns, At safepoint: 21100 ns, Total: 231000 ns
[2024-02-05T12:48:40.660+0000][1536][safepoint   ] Safepoint "Cleanup", Time since last: 9017553300 ns, Reaching safepoint: 68200 ns, At safepoint: 50700 ns, Total: 118900 ns
[2024-02-05T12:48:56.747+0000][1536][safepoint   ] Safepoint "Cleanup", Time since last: 16086977100 ns, Reaching safepoint: 135900 ns, At safepoint: 8900 ns, Total: 144800 ns
[2024-02-05T12:48:58.765+0000][1536][safepoint   ] Safepoint "Cleanup", Time since last: 2018095300 ns, Reaching safepoint: 160800 ns, At safepoint: 14700 ns, Total: 175500 ns
[2024-02-05T12:49:19.858+0000][1536][safepoint   ] Safepoint "Cleanup", Time since last: 21093063300 ns, Reaching safepoint: 216600 ns, At safepoint: 64600 ns, Total: 281200 ns
[2024-02-05T12:50:05.337+0000][1536][safepoint   ] Safepoint "Cleanup", Time since last: 45478908200 ns, Reaching safepoint: 145800 ns, At safepoint: 76100 ns, Total: 221900 ns
[2024-02-05T12:50:11.374+0000][1536][safepoint   ] Safepoint "Cleanup", Time since last: 6036202200 ns, Reaching safepoint: 130900 ns, At safepoint: 33200 ns, Total: 164100 ns
[2024-02-05T12:50:12.385+0000][1536][safepoint   ] Safepoint "Cleanup", Time since last: 1011044200 ns, Reaching safepoint: 180400 ns, At safepoint: 17200 ns, Total: 197600 ns
[2024-02-05T12:50:29.556+0000][1536][safepoint   ] Safepoint "Cleanup", Time since last: 17170200600 ns, Reaching safepoint: 188100 ns, At safepoint: 14900 ns, Total: 203000 ns
[2024-02-05T12:50:31.573+0000][1536][safepoint   ] Safepoint "Cleanup", Time since last: 2017044800 ns, Reaching safepoint: 746000 ns, At safepoint: 43200 ns, Total: 789200 ns
[2024-02-05T12:50:42.718+0000][1536][safepoint   ] Safepoint "Cleanup", Time since last: 11144872500 ns, Reaching safepoint: 142200 ns, At safepoint: 33800 ns, Total: 176000 ns
[2024-02-05T12:50:44.755+0000][1536][safepoint   ] Safepoint "Cleanup", Time since last: 2036288400 ns, Reaching safepoint: 161000 ns, At safepoint: 13200 ns, Total: 174200 ns
[2024-02-05T12:50:48.785+0000][1536][safepoint   ] Safepoint "Cleanup", Time since last: 4029475600 ns, Reaching safepoint: 158500 ns, At safepoint: 58900 ns, Total: 217400 ns
[2024-02-05T12:50:55.860+0000][1536][safepoint   ] Safepoint "Cleanup", Time since last: 7074942800 ns, Reaching safepoint: 136900 ns, At safepoint: 21600 ns, Total: 158500 ns
[2024-02-05T12:51:19.048+0000][1536][safepoint   ] Safepoint "Cleanup", Time since last: 23188054200 ns, Reaching safepoint: 94000 ns, At safepoint: 8100 ns, Total: 102100 ns
[2024-02-05T12:51:20.063+0000][1536][safepoint   ] Safepoint "Cleanup", Time since last: 1015161900 ns, Reaching safepoint: 176900 ns, At safepoint: 16900 ns, Total: 193800 ns
[2024-02-05T12:51:21.064+0000][1536][safepoint   ] Safepoint "Cleanup", Time since last: 1001032300 ns, Reaching safepoint: 530200 ns, At safepoint: 32400 ns, Total: 562600 ns
[2024-02-05T12:51:23.065+0000][1536][safepoint   ] Safepoint "Cleanup", Time since last: 2000511900 ns, Reaching safepoint: 177900 ns, At safepoint: 44300 ns, Total: 222200 ns
[2024-02-05T12:51:27.098+0000][1536][safepoint   ] Safepoint "Cleanup", Time since last: 4031732700 ns, Reaching safepoint: 171500 ns, At safepoint: 31700 ns, Total: 203200 ns
[2024-02-05T12:51:29.131+0000][1536][safepoint   ] Safepoint "Cleanup", Time since last: 2032911300 ns, Reaching safepoint: 176600 ns, At safepoint: 34500 ns, Total: 211100 ns
[2024-02-05T12:51:30.143+0000][1536][safepoint   ] Safepoint "Cleanup", Time since last: 1012078000 ns, Reaching safepoint: 64100 ns, At safepoint: 13400 ns, Total: 77500 ns
[2024-02-05T12:51:32.164+0000][1536][safepoint   ] Safepoint "Cleanup", Time since last: 2021252200 ns, Reaching safepoint: 157100 ns, At safepoint: 97900 ns, Total: 255000 ns
[2024-02-05T12:51:33.168+0000][1536][safepoint   ] Safepoint "Cleanup", Time since last: 1003737700 ns, Reaching safepoint: 217200 ns, At safepoint: 10500 ns, Total: 227700 ns
[2024-02-05T12:51:34.179+0000][1536][safepoint   ] Safepoint "Cleanup", Time since last: 1010209200 ns, Reaching safepoint: 103200 ns, At safepoint: 14800 ns, Total: 118000 ns
[2024-02-05T12:51:44.262+0000][1536][safepoint   ] Safepoint "Cleanup", Time since last: 10083310500 ns, Reaching safepoint: 97000 ns, At safepoint: 19400 ns, Total: 116400 ns
[2024-02-05T12:51:45.270+0000][1536][safepoint   ] Safepoint "Cleanup", Time since last: 1007923000 ns, Reaching safepoint: 163600 ns, At safepoint: 19200 ns, Total: 182800 ns
[2024-02-05T12:51:49.310+0000][1536][safepoint   ] Safepoint "Cleanup", Time since last: 4039814200 ns, Reaching safepoint: 224100 ns, At safepoint: 20000 ns, Total: 244100 ns
[2024-02-05T12:51:56.360+0000][1536][safepoint   ] Safepoint "Cleanup", Time since last: 7049794400 ns, Reaching safepoint: 124300 ns, At safepoint: 11900 ns, Total: 136200 ns
[2024-02-05T12:52:00.398+0000][1536][safepoint   ] Safepoint "Cleanup", Time since last: 4037383400 ns, Reaching safepoint: 673900 ns, At safepoint: 12400 ns, Total: 686300 ns
[2024-02-05T12:52:08.483+0000][1536][safepoint   ] Safepoint "Cleanup", Time since last: 8084737800 ns, Reaching safepoint: 179100 ns, At safepoint: 12600 ns, Total: 191700 ns
[2024-02-05T12:52:13.493+0000][1536][safepoint   ] Safepoint "Cleanup", Time since last: 5010032500 ns, Reaching safepoint: 157600 ns, At safepoint: 14900 ns, Total: 172500 ns
[2024-02-05T12:52:17.519+0000][1536][safepoint   ] Safepoint "Cleanup", Time since last: 4024965600 ns, Reaching safepoint: 148000 ns, At safepoint: 11900 ns, Total: 159900 ns
[2024-02-05T12:52:19.522+0000][1536][safepoint   ] Safepoint "Cleanup", Time since last: 2003219500 ns, Reaching safepoint: 123200 ns, At safepoint: 15000 ns, Total: 138200 ns
[2024-02-05T12:52:20.538+0000][1536][safepoint   ] Safepoint "Cleanup", Time since last: 1015628800 ns, Reaching safepoint: 87300 ns, At safepoint: 8400 ns, Total: 95700 ns
[2024-02-05T12:52:26.579+0000][1536][safepoint   ] Safepoint "Cleanup", Time since last: 6041372100 ns, Reaching safepoint: 151700 ns, At safepoint: 11200 ns, Total: 162900 ns
[2024-02-05T12:52:28.919+0000][1536][gc,start    ] GC(19) Pause Young (Normal) (G1 Evacuation Pause)
[2024-02-05T12:52:28.919+0000][1536][gc,task     ] GC(19) Using 8 workers of 8 for evacuation
[2024-02-05T12:52:28.919+0000][1536][gc,age      ] GC(19) Desired survivor size 159383552 bytes, new threshold 15 (max threshold 15)
[2024-02-05T12:52:28.951+0000][1536][gc,phases   ] GC(19)   Pre Evacuate Collection Set: 0.2ms
[2024-02-05T12:52:28.951+0000][1536][gc,phases   ] GC(19)   Merge Heap Roots: 0.2ms
[2024-02-05T12:52:28.951+0000][1536][gc,phases   ] GC(19)   Evacuate Collection Set: 29.4ms
[2024-02-05T12:52:28.951+0000][1536][gc,phases   ] GC(19)   Post Evacuate Collection Set: 2.5ms
[2024-02-05T12:52:28.951+0000][1536][gc,phases   ] GC(19)   Other: 0.2ms
[2024-02-05T12:52:28.951+0000][1536][gc,age      ] GC(19) Age table with threshold 15 (max threshold 15)
[2024-02-05T12:52:28.951+0000][1536][gc,age      ] GC(19) - age   1:    1927952 bytes,    1927952 total
[2024-02-05T12:52:28.951+0000][1536][gc,age      ] GC(19) - age   2:      15824 bytes,    1943776 total
[2024-02-05T12:52:28.951+0000][1536][gc,age      ] GC(19) - age   3:     180640 bytes,    2124416 total
[2024-02-05T12:52:28.951+0000][1536][gc,age      ] GC(19) - age   4:      51320 bytes,    2175736 total
[2024-02-05T12:52:28.951+0000][1536][gc,age      ] GC(19) - age   5:     349384 bytes,    2525120 total
[2024-02-05T12:52:28.951+0000][1536][gc,age      ] GC(19) - age   6:      31912 bytes,    2557032 total
[2024-02-05T12:52:28.951+0000][1536][gc,age      ] GC(19) - age   7:     196392 bytes,    2753424 total
[2024-02-05T12:52:28.951+0000][1536][gc,age      ] GC(19) - age   8:   38719976 bytes,   41473400 total
[2024-02-05T12:52:28.951+0000][1536][gc,age      ] GC(19) - age   9:    9433536 bytes,   50906936 total
[2024-02-05T12:52:28.951+0000][1536][gc,age      ] GC(19) - age  10:   15895728 bytes,   66802664 total
[2024-02-05T12:52:28.951+0000][1536][gc,heap     ] GC(19) Eden regions: 588->0(588)
[2024-02-05T12:52:28.951+0000][1536][gc,heap     ] GC(19) Survivor regions: 18->18(76)
[2024-02-05T12:52:28.951+0000][1536][gc,heap     ] GC(19) Old regions: 13->13
[2024-02-05T12:52:28.951+0000][1536][gc,heap     ] GC(19) Archive regions: 0->0
[2024-02-05T12:52:28.951+0000][1536][gc,heap     ] GC(19) Humongous regions: 2->2
[2024-02-05T12:52:28.951+0000][1536][gc,metaspace] GC(19) Metaspace: 128422K(131712K)->128422K(131712K) NonClass: 111527K(113216K)->111527K(113216K) Class: 16895K(18496K)->16895K(18496K)
[2024-02-05T12:52:28.951+0000][1536][gc          ] GC(19) Pause Young (Normal) (G1 Evacuation Pause) 2482M->129M(4040M) 32.789ms
[2024-02-05T12:52:28.951+0000][1536][gc,cpu      ] GC(19) User=0.12s Sys=0.02s Real=0.03s
[2024-02-05T12:52:28.951+0000][1536][safepoint   ] Safepoint "G1CollectForAllocation", Time since last: 2339505300 ns, Reaching safepoint: 113100 ns, At safepoint: 32860700 ns, Total: 32973800 ns
[2024-02-05T12:52:29.958+0000][1536][safepoint   ] Safepoint "Cleanup", Time since last: 1005843200 ns, Reaching safepoint: 233900 ns, At safepoint: 19300 ns, Total: 253200 ns
[2024-02-05T12:52:45.087+0000][1536][safepoint   ] Safepoint "Cleanup", Time since last: 15129444000 ns, Reaching safepoint: 98000 ns, At safepoint: 13800 ns, Total: 111800 ns
[2024-02-05T12:52:47.104+0000][1536][safepoint   ] Safepoint "Cleanup", Time since last: 2016513000 ns, Reaching safepoint: 120700 ns, At safepoint: 8300 ns, Total: 129000 ns
[2024-02-05T12:52:56.160+0000][1536][safepoint   ] Safepoint "Cleanup", Time since last: 9055702900 ns, Reaching safepoint: 136800 ns, At safepoint: 11800 ns, Total: 148600 ns
[2024-02-05T12:52:58.191+0000][1536][safepoint   ] Safepoint "Cleanup", Time since last: 2030625000 ns, Reaching safepoint: 156600 ns, At safepoint: 10000 ns, Total: 166600 ns
[2024-02-05T12:53:14.337+0000][1536][safepoint   ] Safepoint "Cleanup", Time since last: 16145995900 ns, Reaching safepoint: 127700 ns, At safepoint: 24600 ns, Total: 152300 ns
[2024-02-05T12:53:17.360+0000][1536][safepoint   ] Safepoint "Cleanup", Time since last: 3023402000 ns, Reaching safepoint: 123100 ns, At safepoint: 9700 ns, Total: 132800 ns
[2024-02-05T12:53:19.370+0000][1536][safepoint   ] Safepoint "Cleanup", Time since last: 2009096100 ns, Reaching safepoint: 119300 ns, At safepoint: 61500 ns, Total: 180800 ns
[2024-02-05T12:53:35.501+0000][1536][safepoint   ] Safepoint "Cleanup", Time since last: 16131560800 ns, Reaching safepoint: 121600 ns, At safepoint: 26300 ns, Total: 147900 ns
[2024-02-05T12:53:44.600+0000][1536][safepoint   ] Safepoint "Cleanup", Time since last: 9098805600 ns, Reaching safepoint: 85100 ns, At safepoint: 28300 ns, Total: 113400 ns
[2024-02-05T12:53:52.639+0000][1536][safepoint   ] Safepoint "Cleanup", Time since last: 8038990000 ns, Reaching safepoint: 257800 ns, At safepoint: 76400 ns, Total: 334200 ns
[2024-02-05T12:53:57.667+0000][1536][safepoint   ] Safepoint "Cleanup", Time since last: 5027119600 ns, Reaching safepoint: 335700 ns, At safepoint: 24900 ns, Total: 360600 ns
[2024-02-05T12:53:59.689+0000][1536][safepoint   ] Safepoint "Cleanup", Time since last: 2022273100 ns, Reaching safepoint: 181300 ns, At safepoint: 16000 ns, Total: 197300 ns
[2024-02-05T12:54:05.715+0000][1536][safepoint   ] Safepoint "Cleanup", Time since last: 6025225900 ns, Reaching safepoint: 146300 ns, At safepoint: 18600 ns, Total: 164900 ns
[2024-02-05T12:54:09.748+0000][1536][safepoint   ] Safepoint "Cleanup", Time since last: 4032975700 ns, Reaching safepoint: 169000 ns, At safepoint: 25300 ns, Total: 194300 ns
[2024-02-05T12:54:14.831+0000][1536][safepoint   ] Safepoint "Cleanup", Time since last: 5082515400 ns, Reaching safepoint: 88100 ns, At safepoint: 26100 ns, Total: 114200 ns
[2024-02-05T12:54:34.029+0000][1536][safepoint   ] Safepoint "Cleanup", Time since last: 19198029100 ns, Reaching safepoint: 122200 ns, At safepoint: 26400 ns, Total: 148600 ns
[2024-02-05T12:54:41.089+0000][1536][safepoint   ] Safepoint "Cleanup", Time since last: 7060339100 ns, Reaching safepoint: 80400 ns, At safepoint: 16000 ns, Total: 96400 ns
[2024-02-05T12:54:51.160+0000][1536][safepoint   ] Safepoint "Cleanup", Time since last: 10070997700 ns, Reaching safepoint: 141800 ns, At safepoint: 43800 ns, Total: 185600 ns
[2024-02-05T12:54:54.193+0000][1536][safepoint   ] Safepoint "Cleanup", Time since last: 3032743600 ns, Reaching safepoint: 230000 ns, At safepoint: 51300 ns, Total: 281300 ns
[2024-02-05T12:54:56.210+0000][1536][safepoint   ] Safepoint "Cleanup", Time since last: 2016324500 ns, Reaching safepoint: 133100 ns, At safepoint: 21200 ns, Total: 154300 ns
[2024-02-05T12:55:03.021+0000][1536][safepoint   ] Safepoint "Cleanup", Time since last: 6811269900 ns, Reaching safepoint: 320700 ns, At safepoint: 76700 ns, Total: 397400 ns
[2024-02-05T12:55:04.024+0000][1536][safepoint   ] Safepoint "Cleanup", Time since last: 1002638200 ns, Reaching safepoint: 369500 ns, At safepoint: 19200 ns, Total: 388700 ns
[2024-02-05T12:55:05.031+0000][1536][safepoint   ] Safepoint "Cleanup", Time since last: 1006504200 ns, Reaching safepoint: 197800 ns, At safepoint: 97900 ns, Total: 295700 ns
[2024-02-05T12:55:06.039+0000][1536][safepoint   ] Safepoint "Cleanup", Time since last: 1007357900 ns, Reaching safepoint: 119100 ns, At safepoint: 28700 ns, Total: 147800 ns
[2024-02-05T12:55:07.044+0000][1536][safepoint   ] Safepoint "Cleanup", Time since last: 1005323300 ns, Reaching safepoint: 80700 ns, At safepoint: 11100 ns, Total: 91800 ns
[2024-02-05T12:55:08.055+0000][1536][safepoint   ] Safepoint "Cleanup", Time since last: 1010232300 ns, Reaching safepoint: 156100 ns, At safepoint: 62100 ns, Total: 218200 ns
[2024-02-05T12:55:14.106+0000][1536][safepoint   ] Safepoint "Cleanup", Time since last: 6051517200 ns, Reaching safepoint: 225400 ns, At safepoint: 18600 ns, Total: 244000 ns
[2024-02-05T12:55:16.108+0000][1536][safepoint   ] Safepoint "Cleanup", Time since last: 2001811100 ns, Reaching safepoint: 177800 ns, At safepoint: 36200 ns, Total: 214000 ns
[2024-02-05T12:55:19.137+0000][1536][safepoint   ] Safepoint "Cleanup", Time since last: 3028114300 ns, Reaching safepoint: 165000 ns, At safepoint: 11300 ns, Total: 176300 ns
[2024-02-05T12:55:23.174+0000][1536][safepoint   ] Safepoint "Cleanup", Time since last: 4036748400 ns, Reaching safepoint: 82200 ns, At safepoint: 11500 ns, Total: 93700 ns
[2024-02-05T12:55:27.223+0000][1536][safepoint   ] Safepoint "Cleanup", Time since last: 4049486000 ns, Reaching safepoint: 212700 ns, At safepoint: 25800 ns, Total: 238500 ns
[2024-02-05T12:55:28.240+0000][1536][safepoint   ] Safepoint "Cleanup", Time since last: 1016411900 ns, Reaching safepoint: 111800 ns, At safepoint: 19400 ns, Total: 131200 ns
[2024-02-05T12:55:29.248+0000][1536][safepoint   ] Safepoint "Cleanup", Time since last: 1008329200 ns, Reaching safepoint: 109800 ns, At safepoint: 8400 ns, Total: 118200 ns
[2024-02-05T12:55:30.258+0000][1536][safepoint   ] Safepoint "Cleanup", Time since last: 1009476500 ns, Reaching safepoint: 143500 ns, At safepoint: 16900 ns, Total: 160400 ns
[2024-02-05T12:55:31.274+0000][1536][safepoint   ] Safepoint "Cleanup", Time since last: 1015385800 ns, Reaching safepoint: 143000 ns, At safepoint: 28800 ns, Total: 171800 ns
[2024-02-05T12:55:40.071+0000][1536][safepoint   ] Safepoint "Cleanup", Time since last: 8797688300 ns, Reaching safepoint: 77900 ns, At safepoint: 24800 ns, Total: 102700 ns
[2024-02-05T12:55:41.137+0000][1536][safepoint   ] Safepoint "Cleanup", Time since last: 1065189700 ns, Reaching safepoint: 287200 ns, At safepoint: 19500 ns, Total: 306700 ns
[2024-02-05T12:55:42.155+0000][1536][safepoint   ] Safepoint "Cleanup", Time since last: 1018279900 ns, Reaching safepoint: 127100 ns, At safepoint: 23800 ns, Total: 150900 ns
[2024-02-05T12:55:43.156+0000][1536][safepoint   ] Safepoint "Cleanup", Time since last: 1000848500 ns, Reaching safepoint: 107800 ns, At safepoint: 19200 ns, Total: 127000 ns
[2024-02-05T12:55:44.171+0000][1536][safepoint   ] Safepoint "Cleanup", Time since last: 1014386200 ns, Reaching safepoint: 102000 ns, At safepoint: 19900 ns, Total: 121900 ns
[2024-02-05T12:55:46.179+0000][1536][safepoint   ] Safepoint "Cleanup", Time since last: 2007887900 ns, Reaching safepoint: 110300 ns, At safepoint: 20000 ns, Total: 130300 ns
[2024-02-05T12:55:49.206+0000][1536][safepoint   ] Safepoint "Cleanup", Time since last: 3025675500 ns, Reaching safepoint: 965600 ns, At safepoint: 25500 ns, Total: 991100 ns
[2024-02-05T12:55:53.253+0000][1536][safepoint   ] Safepoint "Cleanup", Time since last: 4047105600 ns, Reaching safepoint: 94400 ns, At safepoint: 11700 ns, Total: 106100 ns
[2024-02-05T12:55:55.255+0000][1536][safepoint   ] Safepoint "Cleanup", Time since last: 2002238200 ns, Reaching safepoint: 82000 ns, At safepoint: 11400 ns, Total: 93400 ns
[2024-02-05T12:55:56.263+0000][1536][safepoint   ] Safepoint "Cleanup", Time since last: 1007764900 ns, Reaching safepoint: 114600 ns, At safepoint: 5500 ns, Total: 120100 ns
[2024-02-05T12:56:00.318+0000][1536][safepoint   ] Safepoint "Cleanup", Time since last: 4054826800 ns, Reaching safepoint: 133300 ns, At safepoint: 20200 ns, Total: 153500 ns
[2024-02-05T12:56:03.351+0000][1536][safepoint   ] Safepoint "Cleanup", Time since last: 3032845600 ns, Reaching safepoint: 106200 ns, At safepoint: 18300 ns, Total: 124500 ns
[2024-02-05T12:56:06.359+0000][1536][safepoint   ] Safepoint "Cleanup", Time since last: 3007660500 ns, Reaching safepoint: 78600 ns, At safepoint: 12300 ns, Total: 90900 ns
[2024-02-05T12:56:09.393+0000][1536][safepoint   ] Safepoint "Cleanup", Time since last: 3033960500 ns, Reaching safepoint: 100000 ns, At safepoint: 16100 ns, Total: 116100 ns
[2024-02-05T12:56:10.395+0000][1536][safepoint   ] Safepoint "Cleanup", Time since last: 1002150400 ns, Reaching safepoint: 772700 ns, At safepoint: 53600 ns, Total: 826300 ns
[2024-02-05T12:56:21.463+0000][1536][safepoint   ] Safepoint "Cleanup", Time since last: 11067603900 ns, Reaching safepoint: 230600 ns, At safepoint: 16800 ns, Total: 247400 ns
[2024-02-05T12:56:22.465+0000][1536][safepoint   ] Safepoint "Cleanup", Time since last: 1001085300 ns, Reaching safepoint: 115900 ns, At safepoint: 14700 ns, Total: 130600 ns
[2024-02-05T12:56:36.541+0000][1536][safepoint   ] Safepoint "Cleanup", Time since last: 14076281700 ns, Reaching safepoint: 125500 ns, At safepoint: 25700 ns, Total: 151200 ns
[2024-02-05T12:56:37.547+0000][1536][safepoint   ] Safepoint "Cleanup", Time since last: 1005610600 ns, Reaching safepoint: 106900 ns, At safepoint: 64700 ns, Total: 171600 ns
[2024-02-05T12:56:39.566+0000][1536][safepoint   ] Safepoint "Cleanup", Time since last: 2019355300 ns, Reaching safepoint: 165600 ns, At safepoint: 12300 ns, Total: 177900 ns
[2024-02-05T12:56:50.649+0000][1536][safepoint   ] Safepoint "Cleanup", Time since last: 11082374200 ns, Reaching safepoint: 146100 ns, At safepoint: 17000 ns, Total: 163100 ns
[2024-02-05T12:56:53.667+0000][1536][safepoint   ] Safepoint "Cleanup", Time since last: 3017971000 ns, Reaching safepoint: 119800 ns, At safepoint: 5100 ns, Total: 124900 ns
[2024-02-05T12:56:55.677+0000][1536][safepoint   ] Safepoint "Cleanup", Time since last: 2009325600 ns, Reaching safepoint: 202800 ns, At safepoint: 14500 ns, Total: 217300 ns
[2024-02-05T12:56:56.681+0000][1536][safepoint   ] Safepoint "Cleanup", Time since last: 1004638900 ns, Reaching safepoint: 74300 ns, At safepoint: 53800 ns, Total: 128100 ns
[2024-02-05T12:56:57.682+0000][1536][safepoint   ] Safepoint "Cleanup", Time since last: 1000112800 ns, Reaching safepoint: 135400 ns, At safepoint: 10200 ns, Total: 145600 ns
[2024-02-05T12:57:02.731+0000][1536][safepoint   ] Safepoint "Cleanup", Time since last: 5049311400 ns, Reaching safepoint: 198700 ns, At safepoint: 21600 ns, Total: 220300 ns
[2024-02-05T12:57:03.747+0000][1536][safepoint   ] Safepoint "Cleanup", Time since last: 1015221900 ns, Reaching safepoint: 132000 ns, At safepoint: 31000 ns, Total: 163000 ns
[2024-02-05T12:57:05.764+0000][1536][safepoint   ] Safepoint "Cleanup", Time since last: 2017569000 ns, Reaching safepoint: 147600 ns, At safepoint: 20600 ns, Total: 168200 ns
[2024-02-05T12:57:07.779+0000][1536][safepoint   ] Safepoint "Cleanup", Time since last: 2014427700 ns, Reaching safepoint: 717800 ns, At safepoint: 38600 ns, Total: 756400 ns
[2024-02-05T12:57:17.895+0000][1536][safepoint   ] Safepoint "Cleanup", Time since last: 10115495900 ns, Reaching safepoint: 145300 ns, At safepoint: 25600 ns, Total: 170900 ns
[2024-02-05T12:57:24.954+0000][1536][safepoint   ] Safepoint "Cleanup", Time since last: 7058517900 ns, Reaching safepoint: 79000 ns, At safepoint: 27500 ns, Total: 106500 ns
[2024-02-05T12:57:26.974+0000][1536][safepoint   ] Safepoint "Cleanup", Time since last: 2019666000 ns, Reaching safepoint: 79100 ns, At safepoint: 12300 ns, Total: 91400 ns
[2024-02-05T12:57:30.006+0000][1536][safepoint   ] Safepoint "Cleanup", Time since last: 3032811100 ns, Reaching safepoint: 91500 ns, At safepoint: 11100 ns, Total: 102600 ns
[2024-02-05T12:57:56.200+0000][1536][safepoint   ] Safepoint "Cleanup", Time since last: 26193433500 ns, Reaching safepoint: 139900 ns, At safepoint: 8700 ns, Total: 148600 ns
[2024-02-05T12:58:19.376+0000][1536][safepoint   ] Safepoint "Cleanup", Time since last: 23175392700 ns, Reaching safepoint: 129500 ns, At safepoint: 68800 ns, Total: 198300 ns
[2024-02-05T12:58:30.472+0000][1536][safepoint   ] Safepoint "Cleanup", Time since last: 11096674200 ns, Reaching safepoint: 164100 ns, At safepoint: 10700 ns, Total: 174800 ns
[2024-02-05T12:58:37.506+0000][1536][safepoint   ] Safepoint "Cleanup", Time since last: 7032935000 ns, Reaching safepoint: 111700 ns, At safepoint: 13600 ns, Total: 125300 ns
[2024-02-05T12:58:51.603+0000][1536][safepoint   ] Safepoint "Cleanup", Time since last: 14097386100 ns, Reaching safepoint: 113400 ns, At safepoint: 8700 ns, Total: 122100 ns
[2024-02-05T12:58:53.606+0000][1536][safepoint   ] Safepoint "Cleanup", Time since last: 2002480300 ns, Reaching safepoint: 127100 ns, At safepoint: 40300 ns, Total: 167400 ns
[2024-02-05T12:59:11.718+0000][1536][safepoint   ] Safepoint "Cleanup", Time since last: 18112582500 ns, Reaching safepoint: 167700 ns, At safepoint: 18900 ns, Total: 186600 ns
[2024-02-05T13:00:01.150+0000][1536][safepoint   ] Safepoint "Cleanup", Time since last: 49431011000 ns, Reaching safepoint: 78600 ns, At safepoint: 15100 ns, Total: 93700 ns
[2024-02-05T13:00:18.335+0000][1536][safepoint   ] Safepoint "Cleanup", Time since last: 17184816900 ns, Reaching safepoint: 83700 ns, At safepoint: 22500 ns, Total: 106200 ns
[2024-02-05T13:00:19.340+0000][1536][safepoint   ] Safepoint "Cleanup", Time since last: 1004849700 ns, Reaching safepoint: 82000 ns, At safepoint: 49600 ns, Total: 131600 ns
[2024-02-05T13:00:31.493+0000][1536][safepoint   ] Safepoint "Cleanup", Time since last: 12153744600 ns, Reaching safepoint: 71800 ns, At safepoint: 50300 ns, Total: 122100 ns
[2024-02-05T13:00:33.511+0000][1536][safepoint   ] Safepoint "Cleanup", Time since last: 2017949900 ns, Reaching safepoint: 44800 ns, At safepoint: 8100 ns, Total: 52900 ns
[2024-02-05T13:00:42.596+0000][1536][safepoint   ] Safepoint "Cleanup", Time since last: 9084188200 ns, Reaching safepoint: 74600 ns, At safepoint: 19200 ns, Total: 93800 ns
[2024-02-05T13:00:43.598+0000][1536][safepoint   ] Safepoint "Cleanup", Time since last: 1002149300 ns, Reaching safepoint: 116700 ns, At safepoint: 42600 ns, Total: 159300 ns
[2024-02-05T13:00:45.292+0000][1536][safepoint   ] Safepoint "Cleanup", Time since last: 1695826100 ns, Reaching safepoint: 351200 ns, At safepoint: 37700 ns, Total: 388900 ns
[2024-02-05T13:00:46.304+0000][1536][safepoint   ] Safepoint "Cleanup", Time since last: 1009508100 ns, Reaching safepoint: 132500 ns, At safepoint: 16700 ns, Total: 149200 ns
[2024-02-05T13:00:47.311+0000][1536][safepoint   ] Safepoint "Cleanup", Time since last: 1006838700 ns, Reaching safepoint: 108800 ns, At safepoint: 16800 ns, Total: 125600 ns
[2024-02-05T13:00:50.341+0000][1536][safepoint   ] Safepoint "Cleanup", Time since last: 3030082100 ns, Reaching safepoint: 96000 ns, At safepoint: 10400 ns, Total: 106400 ns
[2024-02-05T13:00:51.348+0000][1536][safepoint   ] Safepoint "Cleanup", Time since last: 1006486500 ns, Reaching safepoint: 114500 ns, At safepoint: 15700 ns, Total: 130200 ns
[2024-02-05T13:00:56.400+0000][1536][safepoint   ] Safepoint "Cleanup", Time since last: 5052148700 ns, Reaching safepoint: 158500 ns, At safepoint: 11600 ns, Total: 170100 ns
[2024-02-05T13:01:07.473+0000][1536][safepoint   ] Safepoint "Cleanup", Time since last: 11073137200 ns, Reaching safepoint: 104100 ns, At safepoint: 8700 ns, Total: 112800 ns
[2024-02-05T13:01:09.509+0000][1536][safepoint   ] Safepoint "Cleanup", Time since last: 2035284600 ns, Reaching safepoint: 111700 ns, At safepoint: 8800 ns, Total: 120500 ns
[2024-02-05T13:01:11.534+0000][1536][safepoint   ] Safepoint "Cleanup", Time since last: 2025266800 ns, Reaching safepoint: 170300 ns, At safepoint: 10900 ns, Total: 181200 ns
[2024-02-05T13:01:12.536+0000][1536][safepoint   ] Safepoint "Cleanup", Time since last: 1001700200 ns, Reaching safepoint: 144800 ns, At safepoint: 10700 ns, Total: 155500 ns
[2024-02-05T13:01:18.548+0000][1536][safepoint   ] Safepoint "Cleanup", Time since last: 6011531000 ns, Reaching safepoint: 181300 ns, At safepoint: 11200 ns, Total: 192500 ns
[2024-02-05T13:01:33.675+0000][1536][safepoint   ] Safepoint "Cleanup", Time since last: 15127138100 ns, Reaching safepoint: 133300 ns, At safepoint: 9200 ns, Total: 142500 ns
[2024-02-05T13:01:39.704+0000][1536][safepoint   ] Safepoint "Cleanup", Time since last: 6028487400 ns, Reaching safepoint: 131500 ns, At safepoint: 10000 ns, Total: 141500 ns
[2024-02-05T13:01:42.711+0000][1536][safepoint   ] Safepoint "Cleanup", Time since last: 3007196600 ns, Reaching safepoint: 132000 ns, At safepoint: 9500 ns, Total: 141500 ns
[2024-02-05T13:01:56.792+0000][1536][safepoint   ] Safepoint "Cleanup", Time since last: 14080966800 ns, Reaching safepoint: 196800 ns, At safepoint: 9800 ns, Total: 206600 ns
[2024-02-05T13:02:12.053+0000][1536][gc,start    ] GC(20) Pause Young (Normal) (G1 Evacuation Pause)
[2024-02-05T13:02:12.053+0000][1536][gc,task     ] GC(20) Using 8 workers of 8 for evacuation
[2024-02-05T13:02:12.053+0000][1536][gc,age      ] GC(20) Desired survivor size 159383552 bytes, new threshold 15 (max threshold 15)
[2024-02-05T13:02:12.080+0000][1536][gc,phases   ] GC(20)   Pre Evacuate Collection Set: 0.2ms
[2024-02-05T13:02:12.080+0000][1536][gc,phases   ] GC(20)   Merge Heap Roots: 0.3ms
[2024-02-05T13:02:12.080+0000][1536][gc,phases   ] GC(20)   Evacuate Collection Set: 24.5ms
[2024-02-05T13:02:12.080+0000][1536][gc,phases   ] GC(20)   Post Evacuate Collection Set: 2.4ms
[2024-02-05T13:02:12.080+0000][1536][gc,phases   ] GC(20)   Other: 0.2ms
[2024-02-05T13:02:12.080+0000][1536][gc,age      ] GC(20) Age table with threshold 15 (max threshold 15)
[2024-02-05T13:02:12.080+0000][1536][gc,age      ] GC(20) - age   1:    1735488 bytes,    1735488 total
[2024-02-05T13:02:12.080+0000][1536][gc,age      ] GC(20) - age   2:     328928 bytes,    2064416 total
[2024-02-05T13:02:12.080+0000][1536][gc,age      ] GC(20) - age   3:      13248 bytes,    2077664 total
[2024-02-05T13:02:12.080+0000][1536][gc,age      ] GC(20) - age   4:     172272 bytes,    2249936 total
[2024-02-05T13:02:12.080+0000][1536][gc,age      ] GC(20) - age   5:      51320 bytes,    2301256 total
[2024-02-05T13:02:12.080+0000][1536][gc,age      ] GC(20) - age   6:     348896 bytes,    2650152 total
[2024-02-05T13:02:12.080+0000][1536][gc,age      ] GC(20) - age   7:      31912 bytes,    2682064 total
[2024-02-05T13:02:12.080+0000][1536][gc,age      ] GC(20) - age   8:     178336 bytes,    2860400 total
[2024-02-05T13:02:12.080+0000][1536][gc,age      ] GC(20) - age   9:   28777296 bytes,   31637696 total
[2024-02-05T13:02:12.080+0000][1536][gc,age      ] GC(20) - age  10:    9386176 bytes,   41023872 total
[2024-02-05T13:02:12.080+0000][1536][gc,age      ] GC(20) - age  11:   15895664 bytes,   56919536 total
[2024-02-05T13:02:12.080+0000][1536][gc,heap     ] GC(20) Eden regions: 588->0(590)
[2024-02-05T13:02:12.080+0000][1536][gc,heap     ] GC(20) Survivor regions: 18->16(76)
[2024-02-05T13:02:12.080+0000][1536][gc,heap     ] GC(20) Old regions: 13->13
[2024-02-05T13:02:12.080+0000][1536][gc,heap     ] GC(20) Archive regions: 0->0
[2024-02-05T13:02:12.080+0000][1536][gc,heap     ] GC(20) Humongous regions: 2->2
[2024-02-05T13:02:12.080+0000][1536][gc,metaspace] GC(20) Metaspace: 128724K(132032K)->128724K(132032K) NonClass: 111821K(113536K)->111821K(113536K) Class: 16903K(18496K)->16903K(18496K)
[2024-02-05T13:02:12.081+0000][1536][gc          ] GC(20) Pause Young (Normal) (G1 Evacuation Pause) 2481M->120M(4040M) 28.104ms
[2024-02-05T13:02:12.081+0000][1536][gc,cpu      ] GC(20) User=0.25s Sys=0.00s Real=0.03s
[2024-02-05T13:02:12.081+0000][1536][safepoint   ] Safepoint "G1CollectForAllocation", Time since last: 15260604800 ns, Reaching safepoint: 140200 ns, At safepoint: 28235700 ns, Total: 28375900 ns
[2024-02-05T13:02:28.211+0000][1536][safepoint   ] Safepoint "Cleanup", Time since last: 16129981900 ns, Reaching safepoint: 106100 ns, At safepoint: 78100 ns, Total: 184200 ns
[2024-02-05T13:02:43.344+0000][1536][safepoint   ] Safepoint "Cleanup", Time since last: 15132140800 ns, Reaching safepoint: 158100 ns, At safepoint: 24100 ns, Total: 182200 ns
[2024-02-05T13:03:42.805+0000][1536][safepoint   ] Safepoint "Cleanup", Time since last: 59461005400 ns, Reaching safepoint: 149600 ns, At safepoint: 69500 ns, Total: 219100 ns
[2024-02-05T13:03:45.828+0000][1536][safepoint   ] Safepoint "Cleanup", Time since last: 3022652900 ns, Reaching safepoint: 137600 ns, At safepoint: 63000 ns, Total: 200600 ns
[2024-02-05T13:04:11.987+0000][1536][safepoint   ] Safepoint "Cleanup", Time since last: 26158789000 ns, Reaching safepoint: 204200 ns, At safepoint: 82900 ns, Total: 287100 ns
[2024-02-05T13:04:24.006+0000][1536][safepoint   ] Safepoint "Cleanup", Time since last: 12018796700 ns, Reaching safepoint: 116300 ns, At safepoint: 61100 ns, Total: 177400 ns
[2024-02-05T13:04:56.215+0000][1536][safepoint   ] Safepoint "Cleanup", Time since last: 32209636800 ns, Reaching safepoint: 172400 ns, At safepoint: 86300 ns, Total: 258700 ns
[2024-02-05T13:05:30.432+0000][1536][safepoint   ] Safepoint "Cleanup", Time since last: 34215802600 ns, Reaching safepoint: 147400 ns, At safepoint: 81900 ns, Total: 229300 ns
[2024-02-05T13:05:47.569+0000][1536][safepoint   ] Safepoint "Cleanup", Time since last: 17137802300 ns, Reaching safepoint: 83400 ns, At safepoint: 23700 ns, Total: 107100 ns
[2024-02-05T13:05:56.631+0000][1536][safepoint   ] Safepoint "Cleanup", Time since last: 9060430100 ns, Reaching safepoint: 708100 ns, At safepoint: 51600 ns, Total: 759700 ns
[2024-02-05T13:06:30.804+0000][1536][safepoint   ] Safepoint "Cleanup", Time since last: 34173278800 ns, Reaching safepoint: 165200 ns, At safepoint: 85200 ns, Total: 250400 ns
[2024-02-05T13:06:56.967+0000][1536][safepoint   ] Safepoint "Cleanup", Time since last: 26162542500 ns, Reaching safepoint: 206800 ns, At safepoint: 91600 ns, Total: 298400 ns
[2024-02-05T13:07:04.021+0000][1536][safepoint   ] Safepoint "Cleanup", Time since last: 7053853300 ns, Reaching safepoint: 68500 ns, At safepoint: 48300 ns, Total: 116800 ns
[2024-02-05T13:07:11.100+0000][1536][safepoint   ] Safepoint "Cleanup", Time since last: 7078974700 ns, Reaching safepoint: 92100 ns, At safepoint: 47400 ns, Total: 139500 ns
[2024-02-05T13:07:56.431+0000][1536][safepoint   ] Safepoint "Cleanup", Time since last: 45330479100 ns, Reaching safepoint: 99400 ns, At safepoint: 87300 ns, Total: 186700 ns
[2024-02-05T13:08:10.542+0000][1536][safepoint   ] Safepoint "Cleanup", Time since last: 14110489800 ns, Reaching safepoint: 164300 ns, At safepoint: 63500 ns, Total: 227800 ns
[2024-02-05T13:08:56.829+0000][1536][safepoint   ] Safepoint "Cleanup", Time since last: 46286802400 ns, Reaching safepoint: 168800 ns, At safepoint: 64300 ns, Total: 233100 ns
[2024-02-05T13:09:11.912+0000][1536][safepoint   ] Safepoint "Cleanup", Time since last: 15082911900 ns, Reaching safepoint: 157400 ns, At safepoint: 59200 ns, Total: 216600 ns
[2024-02-05T13:09:12.913+0000][1536][safepoint   ] Safepoint "Cleanup", Time since last: 1001125200 ns, Reaching safepoint: 191200 ns, At safepoint: 63300 ns, Total: 254500 ns
[2024-02-05T13:09:15.927+0000][1536][safepoint   ] Safepoint "Cleanup", Time since last: 3014051100 ns, Reaching safepoint: 74100 ns, At safepoint: 50400 ns, Total: 124500 ns
[2024-02-05T13:09:16.928+0000][1536][safepoint   ] Safepoint "Cleanup", Time since last: 1000633600 ns, Reaching safepoint: 170600 ns, At safepoint: 75300 ns, Total: 245900 ns
[2024-02-05T13:09:54.213+0000][1536][safepoint   ] Safepoint "Cleanup", Time since last: 37284836700 ns, Reaching safepoint: 136600 ns, At safepoint: 56200 ns, Total: 192800 ns
[2024-02-05T13:09:56.235+0000][1536][safepoint   ] Safepoint "Cleanup", Time since last: 2022028900 ns, Reaching safepoint: 117100 ns, At safepoint: 34900 ns, Total: 152000 ns
[2024-02-05T13:10:57.697+0000][1536][safepoint   ] Safepoint "Cleanup", Time since last: 61461457600 ns, Reaching safepoint: 159100 ns, At safepoint: 71400 ns, Total: 230500 ns
[2024-02-05T13:11:07.752+0000][1536][safepoint   ] Safepoint "Cleanup", Time since last: 10054517800 ns, Reaching safepoint: 170100 ns, At safepoint: 78600 ns, Total: 248700 ns
[2024-02-05T13:11:57.031+0000][1536][safepoint   ] Safepoint "Cleanup", Time since last: 49279190800 ns, Reaching safepoint: 107800 ns, At safepoint: 101000 ns, Total: 208800 ns
[2024-02-05T13:12:00.051+0000][1536][safepoint   ] Safepoint "Cleanup", Time since last: 3020081300 ns, Reaching safepoint: 83300 ns, At safepoint: 72400 ns, Total: 155700 ns
[2024-02-05T13:12:36.278+0000][1536][safepoint   ] Safepoint "Cleanup", Time since last: 36226402400 ns, Reaching safepoint: 50400 ns, At safepoint: 41000 ns, Total: 91400 ns
[2024-02-05T13:12:43.310+0000][1536][safepoint   ] Safepoint "Cleanup", Time since last: 7031985200 ns, Reaching safepoint: 83700 ns, At safepoint: 52100 ns, Total: 135800 ns
[2024-02-05T13:12:53.803+0000][1536][gc,start    ] GC(21) Pause Young (Normal) (G1 Evacuation Pause)
[2024-02-05T13:12:53.803+0000][1536][gc,task     ] GC(21) Using 8 workers of 8 for evacuation
[2024-02-05T13:12:53.803+0000][1536][gc,age      ] GC(21) Desired survivor size 159383552 bytes, new threshold 15 (max threshold 15)
[2024-02-05T13:12:53.834+0000][1536][gc,phases   ] GC(21)   Pre Evacuate Collection Set: 0.2ms
[2024-02-05T13:12:53.834+0000][1536][gc,phases   ] GC(21)   Merge Heap Roots: 0.3ms
[2024-02-05T13:12:53.834+0000][1536][gc,phases   ] GC(21)   Evacuate Collection Set: 26.7ms
[2024-02-05T13:12:53.834+0000][1536][gc,phases   ] GC(21)   Post Evacuate Collection Set: 2.7ms
[2024-02-05T13:12:53.834+0000][1536][gc,phases   ] GC(21)   Other: 0.2ms
[2024-02-05T13:12:53.834+0000][1536][gc,age      ] GC(21) Age table with threshold 15 (max threshold 15)
[2024-02-05T13:12:53.834+0000][1536][gc,age      ] GC(21) - age   1:    1373920 bytes,    1373920 total
[2024-02-05T13:12:53.834+0000][1536][gc,age      ] GC(21) - age   2:     811088 bytes,    2185008 total
[2024-02-05T13:12:53.834+0000][1536][gc,age      ] GC(21) - age   3:     308456 bytes,    2493464 total
[2024-02-05T13:12:53.834+0000][1536][gc,age      ] GC(21) - age   4:      10272 bytes,    2503736 total
[2024-02-05T13:12:53.834+0000][1536][gc,age      ] GC(21) - age   5:     171840 bytes,    2675576 total
[2024-02-05T13:12:53.834+0000][1536][gc,age      ] GC(21) - age   6:      51320 bytes,    2726896 total
[2024-02-05T13:12:53.834+0000][1536][gc,age      ] GC(21) - age   7:     347648 bytes,    3074544 total
[2024-02-05T13:12:53.834+0000][1536][gc,age      ] GC(21) - age   8:      31912 bytes,    3106456 total
[2024-02-05T13:12:53.834+0000][1536][gc,age      ] GC(21) - age   9:     178336 bytes,    3284792 total
[2024-02-05T13:12:53.834+0000][1536][gc,age      ] GC(21) - age  10:   28777128 bytes,   32061920 total
[2024-02-05T13:12:53.834+0000][1536][gc,age      ] GC(21) - age  11:    9386176 bytes,   41448096 total
[2024-02-05T13:12:53.834+0000][1536][gc,age      ] GC(21) - age  12:   15895664 bytes,   57343760 total
[2024-02-05T13:12:53.834+0000][1536][gc,heap     ] GC(21) Eden regions: 590->0(590)
[2024-02-05T13:12:53.834+0000][1536][gc,heap     ] GC(21) Survivor regions: 16->16(76)
[2024-02-05T13:12:53.834+0000][1536][gc,heap     ] GC(21) Old regions: 13->13
[2024-02-05T13:12:53.834+0000][1536][gc,heap     ] GC(21) Archive regions: 0->0
[2024-02-05T13:12:53.834+0000][1536][gc,heap     ] GC(21) Humongous regions: 2->2
[2024-02-05T13:12:53.834+0000][1536][gc,metaspace] GC(21) Metaspace: 128782K(132096K)->128782K(132096K) NonClass: 111878K(113600K)->111878K(113600K) Class: 16903K(18496K)->16903K(18496K)
[2024-02-05T13:12:53.834+0000][1536][gc          ] GC(21) Pause Young (Normal) (G1 Evacuation Pause) 2480M->122M(4040M) 30.635ms
[2024-02-05T13:12:53.834+0000][1536][gc,cpu      ] GC(21) User=0.16s Sys=0.02s Real=0.03s
[2024-02-05T13:12:53.834+0000][1536][safepoint   ] Safepoint "G1CollectForAllocation", Time since last: 10493112200 ns, Reaching safepoint: 145000 ns, At safepoint: 30762000 ns, Total: 30907000 ns
[2024-02-05T13:12:56.864+0000][1536][safepoint   ] Safepoint "Cleanup", Time since last: 3029549300 ns, Reaching safepoint: 140200 ns, At safepoint: 8700 ns, Total: 148900 ns
[2024-02-05T13:13:33.104+0000][1536][safepoint   ] Safepoint "Cleanup", Time since last: 36240408500 ns, Reaching safepoint: 109500 ns, At safepoint: 59700 ns, Total: 169200 ns
[2024-02-05T13:13:53.206+0000][1536][safepoint   ] Safepoint "Cleanup", Time since last: 20101793100 ns, Reaching safepoint: 127900 ns, At safepoint: 10600 ns, Total: 138500 ns
[2024-02-05T13:13:56.211+0000][1536][safepoint   ] Safepoint "Cleanup", Time since last: 3004437000 ns, Reaching safepoint: 166900 ns, At safepoint: 8900 ns, Total: 175800 ns
[2024-02-05T13:14:00.233+0000][1536][safepoint   ] Safepoint "Cleanup", Time since last: 4022316500 ns, Reaching safepoint: 153000 ns, At safepoint: 18600 ns, Total: 171600 ns
[2024-02-05T13:14:02.236+0000][1536][safepoint   ] Safepoint "Cleanup", Time since last: 2002611800 ns, Reaching safepoint: 182800 ns, At safepoint: 22300 ns, Total: 205100 ns
[2024-02-05T13:14:21.390+0000][1536][safepoint   ] Safepoint "Cleanup", Time since last: 19153670800 ns, Reaching safepoint: 105400 ns, At safepoint: 7600 ns, Total: 113000 ns
[2024-02-05T16:16:22.894+0000][1536][safepoint   ] Safepoint "Cleanup", Time since last: 10921513422400 ns, Reaching safepoint: 165900 ns, At safepoint: 8300 ns, Total: 174200 ns
[2024-02-05T16:16:23.912+0000][1536][safepoint   ] Safepoint "Cleanup", Time since last: 1017283200 ns, Reaching safepoint: 233800 ns, At safepoint: 25900 ns, Total: 259700 ns
[2024-02-05T16:16:25.919+0000][1536][safepoint   ] Safepoint "Cleanup", Time since last: 2007508000 ns, Reaching safepoint: 241100 ns, At safepoint: 50200 ns, Total: 291300 ns
[2024-02-05T16:16:26.921+0000][1536][safepoint   ] Safepoint "Cleanup", Time since last: 1001085700 ns, Reaching safepoint: 405500 ns, At safepoint: 52200 ns, Total: 457700 ns
[2024-02-05T16:16:27.928+0000][1536][safepoint   ] Safepoint "Cleanup", Time since last: 1006822000 ns, Reaching safepoint: 493600 ns, At safepoint: 77500 ns, Total: 571100 ns
[2024-02-05T16:16:29.943+0000][1536][safepoint   ] Safepoint "Cleanup", Time since last: 2014716900 ns, Reaching safepoint: 108300 ns, At safepoint: 93200 ns, Total: 201500 ns
[2024-02-05T16:16:30.956+0000][1536][safepoint   ] Safepoint "Cleanup", Time since last: 1012046300 ns, Reaching safepoint: 107700 ns, At safepoint: 11900 ns, Total: 119600 ns
[2024-02-05T16:16:32.966+0000][1536][safepoint   ] Safepoint "Cleanup", Time since last: 2009663800 ns, Reaching safepoint: 691500 ns, At safepoint: 12900 ns, Total: 704400 ns
[2024-02-06T08:09:49.917+0000][1536][safepoint   ] Safepoint "Cleanup", Time since last: 57201187970100 ns, Reaching safepoint: 250343700 ns, At safepoint: 1081300 ns, Total: 251425000 ns
[2024-02-06T08:09:50.927+0000][1536][safepoint   ] Safepoint "Cleanup", Time since last: 1009761700 ns, Reaching safepoint: 76800 ns, At safepoint: 5900 ns, Total: 82700 ns
[2024-02-06T08:09:51.986+0000][1536][safepoint   ] Safepoint "Cleanup", Time since last: 1011332200 ns, Reaching safepoint: 46866500 ns, At safepoint: 404200 ns, Total: 47270700 ns
[2024-02-06T08:09:52.995+0000][1536][safepoint   ] Safepoint "Cleanup", Time since last: 1008752500 ns, Reaching safepoint: 533300 ns, At safepoint: 18400 ns, Total: 551700 ns
[2024-02-06T08:09:55.002+0000][1536][safepoint   ] Safepoint "Cleanup", Time since last: 1823535600 ns, Reaching safepoint: 182526700 ns, At safepoint: 27400 ns, Total: 182554100 ns
[2024-02-06T08:09:56.011+0000][1536][safepoint   ] Safepoint "Cleanup", Time since last: 1009622100 ns, Reaching safepoint: 60000 ns, At safepoint: 6400 ns, Total: 66400 ns
[2024-02-06T08:09:57.080+0000][1536][safepoint   ] Safepoint "Cleanup", Time since last: 1066604600 ns, Reaching safepoint: 205200 ns, At safepoint: 1920100 ns, Total: 2125300 ns
[2024-02-06T08:09:57.564+0000][1536][safepoint   ] Safepoint "ICBufferFull", Time since last: 483224400 ns, Reaching safepoint: 218300 ns, At safepoint: 15500 ns, Total: 233800 ns
[2024-02-06T08:09:57.564+0000][1536][safepoint   ] Safepoint "ICBufferFull", Time since last: 72700 ns, Reaching safepoint: 37500 ns, At safepoint: 11300 ns, Total: 48800 ns
[2024-02-06T08:09:57.564+0000][1536][safepoint   ] Safepoint "ICBufferFull", Time since last: 46100 ns, Reaching safepoint: 38300 ns, At safepoint: 10500 ns, Total: 48800 ns
[2024-02-06T08:09:58.709+0000][1536][safepoint   ] Safepoint "Cleanup", Time since last: 1144987800 ns, Reaching safepoint: 197300 ns, At safepoint: 19700 ns, Total: 217000 ns
[2024-02-06T08:09:59.778+0000][1536][safepoint   ] Safepoint "Cleanup", Time since last: 1068713700 ns, Reaching safepoint: 117800 ns, At safepoint: 13100 ns, Total: 130900 ns
[2024-02-06T08:10:00.822+0000][1536][safepoint   ] Safepoint "Cleanup", Time since last: 1044118200 ns, Reaching safepoint: 80000 ns, At safepoint: 7800 ns, Total: 87800 ns
[2024-02-06T08:10:01.843+0000][1536][safepoint   ] Safepoint "Cleanup", Time since last: 1020885400 ns, Reaching safepoint: 144300 ns, At safepoint: 27500 ns, Total: 171800 ns
[2024-02-06T08:10:02.846+0000][1536][safepoint   ] Safepoint "Cleanup", Time since last: 1002244400 ns, Reaching safepoint: 148000 ns, At safepoint: 7800 ns, Total: 155800 ns
[2024-02-06T08:10:04.848+0000][1536][safepoint   ] Safepoint "Cleanup", Time since last: 2001958500 ns, Reaching safepoint: 86700 ns, At safepoint: 6800 ns, Total: 93500 ns
[2024-02-06T08:10:05.850+0000][1536][safepoint   ] Safepoint "Cleanup", Time since last: 1002662900 ns, Reaching safepoint: 66900 ns, At safepoint: 5000 ns, Total: 71900 ns
[2024-02-06T08:10:08.856+0000][1536][safepoint   ] Safepoint "Cleanup", Time since last: 3006023300 ns, Reaching safepoint: 133500 ns, At safepoint: 25900 ns, Total: 159400 ns
[2024-02-06T08:10:11.860+0000][1536][safepoint   ] Safepoint "Cleanup", Time since last: 3003581400 ns, Reaching safepoint: 152900 ns, At safepoint: 14000 ns, Total: 166900 ns
[2024-02-06T08:10:12.862+0000][1536][safepoint   ] Safepoint "Cleanup", Time since last: 1001311800 ns, Reaching safepoint: 95400 ns, At safepoint: 5800 ns, Total: 101200 ns
[2024-02-06T08:10:14.864+0000][1536][safepoint   ] Safepoint "Cleanup", Time since last: 2002204100 ns, Reaching safepoint: 47800 ns, At safepoint: 7100 ns, Total: 54900 ns
[2024-02-06T08:10:17.876+0000][1536][safepoint   ] Safepoint "Cleanup", Time since last: 3011713300 ns, Reaching safepoint: 109200 ns, At safepoint: 4600 ns, Total: 113800 ns
[2024-02-06T08:10:20.880+0000][1536][safepoint   ] Safepoint "Cleanup", Time since last: 3003726700 ns, Reaching safepoint: 49300 ns, At safepoint: 8800 ns, Total: 58100 ns
[2024-02-06T08:10:26.887+0000][1536][safepoint   ] Safepoint "Cleanup", Time since last: 6007138900 ns, Reaching safepoint: 73700 ns, At safepoint: 5500 ns, Total: 79200 ns
[2024-02-06T08:10:29.891+0000][1536][safepoint   ] Safepoint "Cleanup", Time since last: 3003773100 ns, Reaching safepoint: 104200 ns, At safepoint: 4400 ns, Total: 108600 ns
[2024-02-06T08:10:30.892+0000][1536][safepoint   ] Safepoint "Cleanup", Time since last: 1001257500 ns, Reaching safepoint: 119100 ns, At safepoint: 21100 ns, Total: 140200 ns
[2024-02-06T08:10:41.902+0000][1536][safepoint   ] Safepoint "Cleanup", Time since last: 11009369200 ns, Reaching safepoint: 140300 ns, At safepoint: 19800 ns, Total: 160100 ns
[2024-02-06T08:10:49.912+0000][1536][safepoint   ] Safepoint "Cleanup", Time since last: 8009830900 ns, Reaching safepoint: 177300 ns, At safepoint: 11900 ns, Total: 189200 ns
[2024-02-06T08:10:50.913+0000][1536][safepoint   ] Safepoint "Cleanup", Time since last: 1001775200 ns, Reaching safepoint: 89500 ns, At safepoint: 20500 ns, Total: 110000 ns
[2024-02-06T08:10:53.919+0000][1536][safepoint   ] Safepoint "Cleanup", Time since last: 3005841500 ns, Reaching safepoint: 121300 ns, At safepoint: 19000 ns, Total: 140300 ns
[2024-02-06T08:10:56.937+0000][1536][safepoint   ] Safepoint "Cleanup", Time since last: 3017186300 ns, Reaching safepoint: 118900 ns, At safepoint: 11200 ns, Total: 130100 ns
[2024-02-06T08:10:59.940+0000][1536][safepoint   ] Safepoint "Cleanup", Time since last: 3002916000 ns, Reaching safepoint: 145500 ns, At safepoint: 25100 ns, Total: 170600 ns
[2024-02-06T08:11:05.947+0000][1536][safepoint   ] Safepoint "Cleanup", Time since last: 6006545600 ns, Reaching safepoint: 63300 ns, At safepoint: 5300 ns, Total: 68600 ns
[2024-02-06T08:11:06.948+0000][1536][safepoint   ] Safepoint "Cleanup", Time since last: 1001367200 ns, Reaching safepoint: 92600 ns, At safepoint: 19700 ns, Total: 112300 ns
[2024-02-06T08:11:11.964+0000][1536][safepoint   ] Safepoint "Cleanup", Time since last: 5016225300 ns, Reaching safepoint: 124400 ns, At safepoint: 5800 ns, Total: 130200 ns
[2024-02-06T08:11:18.002+0000][1536][safepoint   ] Safepoint "Cleanup", Time since last: 6038011000 ns, Reaching safepoint: 107800 ns, At safepoint: 23600 ns, Total: 131400 ns
[2024-02-06T08:11:42.236+0000][1536][safepoint   ] Safepoint "Cleanup", Time since last: 24233768300 ns, Reaching safepoint: 683600 ns, At safepoint: 15200 ns, Total: 698800 ns
[2024-02-06T08:11:47.277+0000][1536][safepoint   ] Safepoint "Cleanup", Time since last: 5040006300 ns, Reaching safepoint: 128400 ns, At safepoint: 13500 ns, Total: 141900 ns
[2024-02-06T08:11:49.296+0000][1536][safepoint   ] Safepoint "Cleanup", Time since last: 2018185200 ns, Reaching safepoint: 135000 ns, At safepoint: 18300 ns, Total: 153300 ns
[2024-02-06T08:11:50.298+0000][1536][safepoint   ] Safepoint "Cleanup", Time since last: 1002732400 ns, Reaching safepoint: 102200 ns, At safepoint: 13100 ns, Total: 115300 ns
[2024-02-06T08:11:54.326+0000][1536][safepoint   ] Safepoint "Cleanup", Time since last: 4027890200 ns, Reaching safepoint: 173200 ns, At safepoint: 23500 ns, Total: 196700 ns
[2024-02-06T08:12:12.440+0000][1536][safepoint   ] Safepoint "Cleanup", Time since last: 18112907800 ns, Reaching safepoint: 87000 ns, At safepoint: 12200 ns, Total: 99200 ns
[2024-02-06T08:12:17.475+0000][1536][safepoint   ] Safepoint "Cleanup", Time since last: 5035525500 ns, Reaching safepoint: 152200 ns, At safepoint: 76900 ns, Total: 229100 ns
[2024-02-06T08:12:37.623+0000][1536][safepoint   ] Safepoint "Cleanup", Time since last: 20147156100 ns, Reaching safepoint: 144300 ns, At safepoint: 12600 ns, Total: 156900 ns
[2024-02-06T08:12:47.691+0000][1536][safepoint   ] Safepoint "Cleanup", Time since last: 10068823700 ns, Reaching safepoint: 149800 ns, At safepoint: 42000 ns, Total: 191800 ns
[2024-02-06T08:12:50.716+0000][1536][safepoint   ] Safepoint "Cleanup", Time since last: 3024766600 ns, Reaching safepoint: 71000 ns, At safepoint: 11900 ns, Total: 82900 ns
[2024-02-06T08:12:54.750+0000][1536][safepoint   ] Safepoint "Cleanup", Time since last: 4033797100 ns, Reaching safepoint: 74700 ns, At safepoint: 12200 ns, Total: 86900 ns
[2024-02-06T08:13:36.065+0000][1536][safepoint   ] Safepoint "Cleanup", Time since last: 41314461100 ns, Reaching safepoint: 143500 ns, At safepoint: 24200 ns, Total: 167700 ns
[2024-02-06T08:13:42.128+0000][1536][safepoint   ] Safepoint "Cleanup", Time since last: 6062462700 ns, Reaching safepoint: 190100 ns, At safepoint: 29300 ns, Total: 219400 ns
[2024-02-06T08:14:06.310+0000][1536][safepoint   ] Safepoint "Cleanup", Time since last: 24182604000 ns, Reaching safepoint: 141100 ns, At safepoint: 25100 ns, Total: 166200 ns
[2024-02-06T08:14:12.368+0000][1536][safepoint   ] Safepoint "Cleanup", Time since last: 6057642200 ns, Reaching safepoint: 188600 ns, At safepoint: 69400 ns, Total: 258000 ns
[2024-02-06T08:14:49.682+0000][1536][safepoint   ] Safepoint "Cleanup", Time since last: 37313473100 ns, Reaching safepoint: 73100 ns, At safepoint: 12400 ns, Total: 85500 ns
[2024-02-06T08:14:54.729+0000][1536][safepoint   ] Safepoint "Cleanup", Time since last: 5046781100 ns, Reaching safepoint: 65300 ns, At safepoint: 7200 ns, Total: 72500 ns
[2024-02-06T08:15:20.967+0000][1536][safepoint   ] Safepoint "Cleanup", Time since last: 26238554300 ns, Reaching safepoint: 126600 ns, At safepoint: 74100 ns, Total: 200700 ns
[2024-02-06T08:15:50.188+0000][1536][safepoint   ] Safepoint "Cleanup", Time since last: 29220280000 ns, Reaching safepoint: 115000 ns, At safepoint: 69400 ns, Total: 184400 ns
[2024-02-06T08:15:52.206+0000][1536][safepoint   ] Safepoint "Cleanup", Time since last: 2018040400 ns, Reaching safepoint: 158500 ns, At safepoint: 21700 ns, Total: 180200 ns
[2024-02-06T08:15:54.221+0000][1536][safepoint   ] Safepoint "Cleanup", Time since last: 2015104200 ns, Reaching safepoint: 132000 ns, At safepoint: 10200 ns, Total: 142200 ns
[2024-02-06T08:16:06.338+0000][1536][safepoint   ] Safepoint "Cleanup", Time since last: 12116492100 ns, Reaching safepoint: 106900 ns, At safepoint: 13400 ns, Total: 120300 ns
[2024-02-06T08:16:49.713+0000][1536][safepoint   ] Safepoint "Cleanup", Time since last: 43374929600 ns, Reaching safepoint: 88800 ns, At safepoint: 13900 ns, Total: 102700 ns
[2024-02-06T08:16:51.729+0000][1536][safepoint   ] Safepoint "Cleanup", Time since last: 2016269400 ns, Reaching safepoint: 86200 ns, At safepoint: 11500 ns, Total: 97700 ns
[2024-02-06T08:16:54.746+0000][1536][safepoint   ] Safepoint "Cleanup", Time since last: 3016618300 ns, Reaching safepoint: 81200 ns, At safepoint: 55700 ns, Total: 136900 ns
[2024-02-06T08:16:56.779+0000][1536][safepoint   ] Safepoint "Cleanup", Time since last: 2016128600 ns, Reaching safepoint: 16655000 ns, At safepoint: 38800 ns, Total: 16693800 ns
[2024-02-06T08:16:58.229+0000][1536][safepoint   ] Safepoint "Cleanup", Time since last: 1449844200 ns, Reaching safepoint: 242600 ns, At safepoint: 210600 ns, Total: 453200 ns
[2024-02-06T08:17:00.255+0000][1536][safepoint   ] Safepoint "Cleanup", Time since last: 2025816800 ns, Reaching safepoint: 126300 ns, At safepoint: 8800 ns, Total: 135100 ns
[2024-02-06T08:17:01.257+0000][1536][safepoint   ] Safepoint "Cleanup", Time since last: 1001618500 ns, Reaching safepoint: 89100 ns, At safepoint: 12500 ns, Total: 101600 ns
[2024-02-06T08:17:06.292+0000][1536][safepoint   ] Safepoint "Cleanup", Time since last: 5034976600 ns, Reaching safepoint: 112700 ns, At safepoint: 14000 ns, Total: 126700 ns
[2024-02-06T08:17:09.323+0000][1536][safepoint   ] Safepoint "Cleanup", Time since last: 3031220800 ns, Reaching safepoint: 66800 ns, At safepoint: 5500 ns, Total: 72300 ns
[2024-02-06T08:17:12.342+0000][1536][safepoint   ] Safepoint "Cleanup", Time since last: 3018563800 ns, Reaching safepoint: 66700 ns, At safepoint: 9700 ns, Total: 76400 ns
[2024-02-06T08:17:16.362+0000][1536][safepoint   ] Safepoint "Cleanup", Time since last: 4020454600 ns, Reaching safepoint: 162600 ns, At safepoint: 67500 ns, Total: 230100 ns
[2024-02-06T08:17:18.383+0000][1536][safepoint   ] Safepoint "Cleanup", Time since last: 2020442800 ns, Reaching safepoint: 127200 ns, At safepoint: 9300 ns, Total: 136500 ns
[2024-02-06T08:17:19.398+0000][1536][safepoint   ] Safepoint "Cleanup", Time since last: 1014748100 ns, Reaching safepoint: 101100 ns, At safepoint: 49400 ns, Total: 150500 ns
[2024-02-06T08:17:31.491+0000][1536][safepoint   ] Safepoint "Cleanup", Time since last: 12092800000 ns, Reaching safepoint: 87200 ns, At safepoint: 7400 ns, Total: 94600 ns
[2024-02-06T08:17:36.519+0000][1536][safepoint   ] Safepoint "Cleanup", Time since last: 5027870400 ns, Reaching safepoint: 136500 ns, At safepoint: 8900 ns, Total: 145400 ns
[2024-02-06T08:17:40.552+0000][1536][safepoint   ] Safepoint "Cleanup", Time since last: 4032443200 ns, Reaching safepoint: 161500 ns, At safepoint: 11500 ns, Total: 173000 ns
[2024-02-06T08:17:50.643+0000][1536][safepoint   ] Safepoint "Cleanup", Time since last: 10091317300 ns, Reaching safepoint: 103300 ns, At safepoint: 9400 ns, Total: 112700 ns
[2024-02-06T08:17:54.682+0000][1536][safepoint   ] Safepoint "Cleanup", Time since last: 4038944200 ns, Reaching safepoint: 127000 ns, At safepoint: 12400 ns, Total: 139400 ns
[2024-02-06T08:17:55.690+0000][1536][safepoint   ] Safepoint "Cleanup", Time since last: 1007448900 ns, Reaching safepoint: 144000 ns, At safepoint: 27800 ns, Total: 171800 ns
[2024-02-06T08:18:18.860+0000][1536][safepoint   ] Safepoint "Cleanup", Time since last: 23170238100 ns, Reaching safepoint: 101800 ns, At safepoint: 13200 ns, Total: 115000 ns
[2024-02-06T08:18:19.871+0000][1536][safepoint   ] Safepoint "Cleanup", Time since last: 1011005600 ns, Reaching safepoint: 168800 ns, At safepoint: 10400 ns, Total: 179200 ns
[2024-02-06T08:18:43.015+0000][1536][safepoint   ] Safepoint "Cleanup", Time since last: 23143929300 ns, Reaching safepoint: 93700 ns, At safepoint: 7900 ns, Total: 101600 ns
[2024-02-06T08:18:49.028+0000][1536][safepoint   ] Safepoint "Cleanup", Time since last: 6012941500 ns, Reaching safepoint: 94700 ns, At safepoint: 74400 ns, Total: 169100 ns
[2024-02-06T08:18:50.044+0000][1536][safepoint   ] Safepoint "Cleanup", Time since last: 1015423300 ns, Reaching safepoint: 179300 ns, At safepoint: 62800 ns, Total: 242100 ns
[2024-02-06T08:18:58.080+0000][1536][safepoint   ] Safepoint "Cleanup", Time since last: 8035883600 ns, Reaching safepoint: 165400 ns, At safepoint: 20300 ns, Total: 185700 ns
[2024-02-06T08:19:19.151+0000][1536][safepoint   ] Safepoint "Cleanup", Time since last: 21070435300 ns, Reaching safepoint: 139800 ns, At safepoint: 51800 ns, Total: 191600 ns
[2024-02-06T08:19:37.239+0000][1536][safepoint   ] Safepoint "Cleanup", Time since last: 18088104700 ns, Reaching safepoint: 147600 ns, At safepoint: 72800 ns, Total: 220400 ns
[2024-02-06T08:19:39.588+0000][1536][gc,start    ] GC(22) Pause Young (Normal) (G1 Evacuation Pause)
[2024-02-06T08:19:39.588+0000][1536][gc,task     ] GC(22) Using 8 workers of 8 for evacuation
[2024-02-06T08:19:39.588+0000][1536][gc,age      ] GC(22) Desired survivor size 159383552 bytes, new threshold 15 (max threshold 15)
[2024-02-06T08:19:39.629+0000][1536][gc,phases   ] GC(22)   Pre Evacuate Collection Set: 0.2ms
[2024-02-06T08:19:39.629+0000][1536][gc,phases   ] GC(22)   Merge Heap Roots: 0.3ms
[2024-02-06T08:19:39.629+0000][1536][gc,phases   ] GC(22)   Evacuate Collection Set: 36.9ms
[2024-02-06T08:19:39.629+0000][1536][gc,phases   ] GC(22)   Post Evacuate Collection Set: 3.7ms
[2024-02-06T08:19:39.629+0000][1536][gc,phases   ] GC(22)   Other: 0.2ms
[2024-02-06T08:19:39.629+0000][1536][gc,age      ] GC(22) Age table with threshold 15 (max threshold 15)
[2024-02-06T08:19:39.629+0000][1536][gc,age      ] GC(22) - age   1:    4540376 bytes,    4540376 total
[2024-02-06T08:19:39.629+0000][1536][gc,age      ] GC(22) - age   2:       5744 bytes,    4546120 total
[2024-02-06T08:19:39.629+0000][1536][gc,age      ] GC(22) - age   3:     412008 bytes,    4958128 total
[2024-02-06T08:19:39.629+0000][1536][gc,age      ] GC(22) - age   4:     109840 bytes,    5067968 total
[2024-02-06T08:19:39.629+0000][1536][gc,age      ] GC(22) - age   5:      10192 bytes,    5078160 total
[2024-02-06T08:19:39.629+0000][1536][gc,age      ] GC(22) - age   6:      40448 bytes,    5118608 total
[2024-02-06T08:19:39.629+0000][1536][gc,age      ] GC(22) - age   7:      50512 bytes,    5169120 total
[2024-02-06T08:19:39.629+0000][1536][gc,age      ] GC(22) - age   8:     315808 bytes,    5484928 total
[2024-02-06T08:19:39.629+0000][1536][gc,age      ] GC(22) - age   9:      31912 bytes,    5516840 total
[2024-02-06T08:19:39.629+0000][1536][gc,age      ] GC(22) - age  10:     178336 bytes,    5695176 total
[2024-02-06T08:19:39.629+0000][1536][gc,age      ] GC(22) - age  11:   28718272 bytes,   34413448 total
[2024-02-06T08:19:39.629+0000][1536][gc,age      ] GC(22) - age  12:    9372472 bytes,   43785920 total
[2024-02-06T08:19:39.629+0000][1536][gc,age      ] GC(22) - age  13:   15894976 bytes,   59680896 total
[2024-02-06T08:19:39.629+0000][1536][gc,heap     ] GC(22) Eden regions: 590->0(590)
[2024-02-06T08:19:39.629+0000][1536][gc,heap     ] GC(22) Survivor regions: 16->16(76)
[2024-02-06T08:19:39.629+0000][1536][gc,heap     ] GC(22) Old regions: 13->13
[2024-02-06T08:19:39.629+0000][1536][gc,heap     ] GC(22) Archive regions: 0->0
[2024-02-06T08:19:39.629+0000][1536][gc,heap     ] GC(22) Humongous regions: 2->2
[2024-02-06T08:19:39.629+0000][1536][gc,metaspace] GC(22) Metaspace: 130874K(134400K)->130874K(134400K) NonClass: 113629K(115456K)->113629K(115456K) Class: 17244K(18944K)->17244K(18944K)
[2024-02-06T08:19:39.629+0000][1536][gc          ] GC(22) Pause Young (Normal) (G1 Evacuation Pause) 2482M->120M(4040M) 41.640ms
[2024-02-06T08:19:39.629+0000][1536][gc,cpu      ] GC(22) User=0.20s Sys=0.06s Real=0.04s
[2024-02-06T08:19:39.629+0000][1536][safepoint   ] Safepoint "G1CollectForAllocation", Time since last: 2348860800 ns, Reaching safepoint: 150300 ns, At safepoint: 41717700 ns, Total: 41868000 ns
[2024-02-06T08:19:49.679+0000][1536][safepoint   ] Safepoint "Cleanup", Time since last: 10048895100 ns, Reaching safepoint: 80700 ns, At safepoint: 6800 ns, Total: 87500 ns
[2024-02-06T08:19:50.679+0000][1536][safepoint   ] Safepoint "Cleanup", Time since last: 1000197500 ns, Reaching safepoint: 74200 ns, At safepoint: 13200 ns, Total: 87400 ns
[2024-02-06T08:19:55.714+0000][1536][safepoint   ] Safepoint "Cleanup", Time since last: 5034821600 ns, Reaching safepoint: 181900 ns, At safepoint: 14700 ns, Total: 196600 ns
[2024-02-06T08:20:13.795+0000][1536][safepoint   ] Safepoint "Cleanup", Time since last: 18081047100 ns, Reaching safepoint: 217300 ns, At safepoint: 73700 ns, Total: 291000 ns
[2024-02-06T08:20:25.893+0000][1536][safepoint   ] Safepoint "Cleanup", Time since last: 12097891600 ns, Reaching safepoint: 114400 ns, At safepoint: 45500 ns, Total: 159900 ns
[2024-02-06T08:20:42.983+0000][1536][safepoint   ] Safepoint "Cleanup", Time since last: 17089485600 ns, Reaching safepoint: 123500 ns, At safepoint: 11200 ns, Total: 134700 ns
[2024-02-06T08:20:50.012+0000][1536][safepoint   ] Safepoint "Cleanup", Time since last: 7028959600 ns, Reaching safepoint: 104400 ns, At safepoint: 12100 ns, Total: 116500 ns
[2024-02-06T08:21:27.243+0000][1536][safepoint   ] Safepoint "Cleanup", Time since last: 37230292100 ns, Reaching safepoint: 130700 ns, At safepoint: 57400 ns, Total: 188100 ns
[2024-02-06T08:21:50.325+0000][1536][safepoint   ] Safepoint "Cleanup", Time since last: 23082525700 ns, Reaching safepoint: 82800 ns, At safepoint: 12400 ns, Total: 95200 ns
[2024-02-06T08:22:00.407+0000][1536][safepoint   ] Safepoint "Cleanup", Time since last: 10081176900 ns, Reaching safepoint: 144100 ns, At safepoint: 13500 ns, Total: 157600 ns
[2024-02-06T08:22:01.410+0000][1536][safepoint   ] Safepoint "Cleanup", Time since last: 1003148300 ns, Reaching safepoint: 86200 ns, At safepoint: 27100 ns, Total: 113300 ns
[2024-02-06T08:22:31.600+0000][1536][safepoint   ] Safepoint "Cleanup", Time since last: 30190164400 ns, Reaching safepoint: 120900 ns, At safepoint: 78800 ns, Total: 199700 ns
[2024-02-06T08:22:32.601+0000][1536][safepoint   ] Safepoint "Cleanup", Time since last: 1000894600 ns, Reaching safepoint: 147800 ns, At safepoint: 59300 ns, Total: 207100 ns
[2024-02-06T08:22:34.633+0000][1536][safepoint   ] Safepoint "Cleanup", Time since last: 2031700400 ns, Reaching safepoint: 150100 ns, At safepoint: 60200 ns, Total: 210300 ns
[2024-02-06T08:22:37.663+0000][1536][safepoint   ] Safepoint "Cleanup", Time since last: 3030081300 ns, Reaching safepoint: 165900 ns, At safepoint: 11000 ns, Total: 176900 ns
[2024-02-06T08:22:48.728+0000][1536][safepoint   ] Safepoint "Cleanup", Time since last: 11063943100 ns, Reaching safepoint: 169200 ns, At safepoint: 68000 ns, Total: 237200 ns
[2024-02-06T08:23:35.010+0000][1536][safepoint   ] Safepoint "Cleanup", Time since last: 46281801500 ns, Reaching safepoint: 134000 ns, At safepoint: 30500 ns, Total: 164500 ns
[2024-02-06T08:23:49.032+0000][1536][safepoint   ] Safepoint "Cleanup", Time since last: 14022296800 ns, Reaching safepoint: 93500 ns, At safepoint: 17900 ns, Total: 111400 ns
[2024-02-06T08:23:50.050+0000][1536][safepoint   ] Safepoint "Cleanup", Time since last: 1018171100 ns, Reaching safepoint: 80200 ns, At safepoint: 48500 ns, Total: 128700 ns
[2024-02-06T08:23:51.051+0000][1536][safepoint   ] Safepoint "Cleanup", Time since last: 1000087200 ns, Reaching safepoint: 112700 ns, At safepoint: 34200 ns, Total: 146900 ns
[2024-02-06T08:24:19.702+0000][1536][safepoint   ] Safepoint "Cleanup", Time since last: 28651575900 ns, Reaching safepoint: 130300 ns, At safepoint: 48200 ns, Total: 178500 ns
[2024-02-06T08:24:59.234+0000][1536][safepoint   ] Safepoint "Cleanup", Time since last: 39531834100 ns, Reaching safepoint: 133800 ns, At safepoint: 18200 ns, Total: 152000 ns
[2024-02-06T08:25:37.490+0000][1536][safepoint   ] Safepoint "Cleanup", Time since last: 38255189100 ns, Reaching safepoint: 65600 ns, At safepoint: 7500 ns, Total: 73100 ns
[2024-02-06T08:25:40.494+0000][1536][safepoint   ] Safepoint "Cleanup", Time since last: 3004117500 ns, Reaching safepoint: 92800 ns, At safepoint: 15800 ns, Total: 108600 ns
[2024-02-06T08:25:50.609+0000][1536][safepoint   ] Safepoint "Cleanup", Time since last: 10115423300 ns, Reaching safepoint: 97700 ns, At safepoint: 13100 ns, Total: 110800 ns
[2024-02-06T08:26:14.769+0000][1536][safepoint   ] Safepoint "Cleanup", Time since last: 24160610000 ns, Reaching safepoint: 108300 ns, At safepoint: 9800 ns, Total: 118100 ns
[2024-02-06T08:26:19.791+0000][1536][safepoint   ] Safepoint "Cleanup", Time since last: 5020687300 ns, Reaching safepoint: 61000 ns, At safepoint: 12700 ns, Total: 73700 ns
[2024-02-06T08:26:25.826+0000][1536][safepoint   ] Safepoint "Cleanup", Time since last: 6035174100 ns, Reaching safepoint: 82000 ns, At safepoint: 11700 ns, Total: 93700 ns
[2024-02-06T08:26:49.968+0000][1536][safepoint   ] Safepoint "Cleanup", Time since last: 24141979200 ns, Reaching safepoint: 127200 ns, At safepoint: 17400 ns, Total: 144600 ns
[2024-02-06T08:26:50.971+0000][1536][safepoint   ] Safepoint "Cleanup", Time since last: 1003083900 ns, Reaching safepoint: 82700 ns, At safepoint: 17500 ns, Total: 100200 ns
[2024-02-06T08:27:02.024+0000][1536][safepoint   ] Safepoint "Cleanup", Time since last: 11052656400 ns, Reaching safepoint: 712800 ns, At safepoint: 18800 ns, Total: 731600 ns
[2024-02-06T08:27:04.028+0000][1536][safepoint   ] Safepoint "Cleanup", Time since last: 2002909100 ns, Reaching safepoint: 116000 ns, At safepoint: 17700 ns, Total: 133700 ns
[2024-02-06T08:27:21.088+0000][1536][safepoint   ] Safepoint "Cleanup", Time since last: 17059892300 ns, Reaching safepoint: 118600 ns, At safepoint: 16000 ns, Total: 134600 ns
[2024-02-06T08:27:38.190+0000][1536][safepoint   ] Safepoint "Cleanup", Time since last: 17101630400 ns, Reaching safepoint: 95600 ns, At safepoint: 19800 ns, Total: 115400 ns
[2024-02-06T08:27:44.199+0000][1536][safepoint   ] Safepoint "Cleanup", Time since last: 6009623700 ns, Reaching safepoint: 128800 ns, At safepoint: 13700 ns, Total: 142500 ns
[2024-02-06T08:27:50.225+0000][1536][safepoint   ] Safepoint "Cleanup", Time since last: 6025960300 ns, Reaching safepoint: 100000 ns, At safepoint: 16000 ns, Total: 116000 ns
[2024-02-06T08:28:26.423+0000][1536][safepoint   ] Safepoint "Cleanup", Time since last: 36197296800 ns, Reaching safepoint: 98400 ns, At safepoint: 13800 ns, Total: 112200 ns
[2024-02-06T08:28:50.508+0000][1536][safepoint   ] Safepoint "Cleanup", Time since last: 24085374200 ns, Reaching safepoint: 93400 ns, At safepoint: 11500 ns, Total: 104900 ns
[2024-02-06T08:28:52.510+0000][1536][safepoint   ] Safepoint "Cleanup", Time since last: 2001773300 ns, Reaching safepoint: 120800 ns, At safepoint: 17800 ns, Total: 138600 ns
[2024-02-06T08:29:49.762+0000][1536][safepoint   ] Safepoint "Cleanup", Time since last: 57251294800 ns, Reaching safepoint: 162700 ns, At safepoint: 21300 ns, Total: 184000 ns
[2024-02-06T08:29:56.841+0000][1536][safepoint   ] Safepoint "Cleanup", Time since last: 7079145200 ns, Reaching safepoint: 115500 ns, At safepoint: 17400 ns, Total: 132900 ns
[2024-02-06T08:29:57.849+0000][1536][safepoint   ] Safepoint "Cleanup", Time since last: 1008252400 ns, Reaching safepoint: 111300 ns, At safepoint: 12800 ns, Total: 124100 ns
[2024-02-06T08:30:50.307+0000][1536][safepoint   ] Safepoint "Cleanup", Time since last: 52457234500 ns, Reaching safepoint: 103700 ns, At safepoint: 16600 ns, Total: 120300 ns
[2024-02-06T08:31:56.769+0000][1536][safepoint   ] Safepoint "Cleanup", Time since last: 66462113300 ns, Reaching safepoint: 159100 ns, At safepoint: 14800 ns, Total: 173900 ns
[2024-02-06T08:32:00.775+0000][1536][safepoint   ] Safepoint "Cleanup", Time since last: 4006343200 ns, Reaching safepoint: 92700 ns, At safepoint: 30200 ns, Total: 122900 ns
[2024-02-06T08:32:02.795+0000][1536][safepoint   ] Safepoint "Cleanup", Time since last: 2019580000 ns, Reaching safepoint: 95600 ns, At safepoint: 14700 ns, Total: 110300 ns
[2024-02-06T08:33:00.183+0000][1536][safepoint   ] Safepoint "Cleanup", Time since last: 57387868500 ns, Reaching safepoint: 109900 ns, At safepoint: 25700 ns, Total: 135600 ns
[2024-02-06T08:33:00.805+0000][1536][safepoint   ] Safepoint "ICBufferFull", Time since last: 621783600 ns, Reaching safepoint: 278500 ns, At safepoint: 36300 ns, Total: 314800 ns
[2024-02-06T08:33:01.809+0000][1536][safepoint   ] Safepoint "Cleanup", Time since last: 1003891400 ns, Reaching safepoint: 187100 ns, At safepoint: 26900 ns, Total: 214000 ns
[2024-02-06T08:33:02.157+0000][1536][gc,start    ] GC(23) Pause Young (Normal) (G1 Evacuation Pause)
[2024-02-06T08:33:02.157+0000][1536][gc,task     ] GC(23) Using 8 workers of 8 for evacuation
[2024-02-06T08:33:02.157+0000][1536][gc,age      ] GC(23) Desired survivor size 159383552 bytes, new threshold 15 (max threshold 15)
[2024-02-06T08:33:02.218+0000][1536][gc,phases   ] GC(23)   Pre Evacuate Collection Set: 0.2ms
[2024-02-06T08:33:02.218+0000][1536][gc,phases   ] GC(23)   Merge Heap Roots: 0.7ms
[2024-02-06T08:33:02.218+0000][1536][gc,phases   ] GC(23)   Evacuate Collection Set: 54.0ms
[2024-02-06T08:33:02.218+0000][1536][gc,phases   ] GC(23)   Post Evacuate Collection Set: 6.5ms
[2024-02-06T08:33:02.218+0000][1536][gc,phases   ] GC(23)   Other: 0.2ms
[2024-02-06T08:33:02.218+0000][1536][gc,age      ] GC(23) Age table with threshold 15 (max threshold 15)
[2024-02-06T08:33:02.218+0000][1536][gc,age      ] GC(23) - age   1:    3693592 bytes,    3693592 total
[2024-02-06T08:33:02.218+0000][1536][gc,age      ] GC(23) - age   2:    2028312 bytes,    5721904 total
[2024-02-06T08:33:02.218+0000][1536][gc,age      ] GC(23) - age   3:       4912 bytes,    5726816 total
[2024-02-06T08:33:02.218+0000][1536][gc,age      ] GC(23) - age   4:     343200 bytes,    6070016 total
[2024-02-06T08:33:02.218+0000][1536][gc,age      ] GC(23) - age   5:     108336 bytes,    6178352 total
[2024-02-06T08:33:02.218+0000][1536][gc,age      ] GC(23) - age   6:      10112 bytes,    6188464 total
[2024-02-06T08:33:02.218+0000][1536][gc,age      ] GC(23) - age   7:      40384 bytes,    6228848 total
[2024-02-06T08:33:02.218+0000][1536][gc,age      ] GC(23) - age   8:      50432 bytes,    6279280 total
[2024-02-06T08:33:02.218+0000][1536][gc,age      ] GC(23) - age   9:     314936 bytes,    6594216 total
[2024-02-06T08:33:02.218+0000][1536][gc,age      ] GC(23) - age  10:      31912 bytes,    6626128 total
[2024-02-06T08:33:02.218+0000][1536][gc,age      ] GC(23) - age  11:     178336 bytes,    6804464 total
[2024-02-06T08:33:02.218+0000][1536][gc,age      ] GC(23) - age  12:   28666824 bytes,   35471288 total
[2024-02-06T08:33:02.218+0000][1536][gc,age      ] GC(23) - age  13:    9372272 bytes,   44843560 total
[2024-02-06T08:33:02.218+0000][1536][gc,age      ] GC(23) - age  14:   15892680 bytes,   60736240 total
[2024-02-06T08:33:02.218+0000][1536][gc,heap     ] GC(23) Eden regions: 590->0(589)
[2024-02-06T08:33:02.218+0000][1536][gc,heap     ] GC(23) Survivor regions: 16->17(76)
[2024-02-06T08:33:02.218+0000][1536][gc,heap     ] GC(23) Old regions: 13->13
[2024-02-06T08:33:02.218+0000][1536][gc,heap     ] GC(23) Archive regions: 0->0
[2024-02-06T08:33:02.218+0000][1536][gc,heap     ] GC(23) Humongous regions: 2->2
[2024-02-06T08:33:02.218+0000][1536][gc,metaspace] GC(23) Metaspace: 131975K(135488K)->131975K(135488K) NonClass: 114523K(116352K)->114523K(116352K) Class: 17452K(19136K)->17452K(19136K)
[2024-02-06T08:33:02.218+0000][1536][gc          ] GC(23) Pause Young (Normal) (G1 Evacuation Pause) 2480M->123M(4040M) 62.441ms
[2024-02-06T08:33:02.218+0000][1536][gc,cpu      ] GC(23) User=0.31s Sys=0.03s Real=0.06s
[2024-02-06T08:33:02.218+0000][1536][safepoint   ] Safepoint "G1CollectForAllocation", Time since last: 346982400 ns, Reaching safepoint: 91400 ns, At safepoint: 62628300 ns, Total: 62719700 ns
[2024-02-06T08:33:03.233+0000][1536][safepoint   ] Safepoint "Cleanup", Time since last: 1013732000 ns, Reaching safepoint: 244300 ns, At safepoint: 38600 ns, Total: 282900 ns
[2024-02-06T08:33:05.241+0000][1536][safepoint   ] Safepoint "Cleanup", Time since last: 2007725800 ns, Reaching safepoint: 237000 ns, At safepoint: 28100 ns, Total: 265100 ns
[2024-02-06T08:33:07.257+0000][1536][safepoint   ] Safepoint "Cleanup", Time since last: 2015136300 ns, Reaching safepoint: 173500 ns, At safepoint: 23700 ns, Total: 197200 ns
[2024-02-06T08:33:08.265+0000][1536][safepoint   ] Safepoint "Cleanup", Time since last: 1008745900 ns, Reaching safepoint: 229900 ns, At safepoint: 19500 ns, Total: 249400 ns
[2024-02-06T08:33:09.266+0000][1536][safepoint   ] Safepoint "Cleanup", Time since last: 1000400400 ns, Reaching safepoint: 166300 ns, At safepoint: 33000 ns, Total: 199300 ns
[2024-02-06T08:33:10.269+0000][1536][safepoint   ] Safepoint "Cleanup", Time since last: 1002910200 ns, Reaching safepoint: 135900 ns, At safepoint: 93800 ns, Total: 229700 ns
[2024-02-06T08:33:13.282+0000][1536][safepoint   ] Safepoint "Cleanup", Time since last: 3012910000 ns, Reaching safepoint: 133100 ns, At safepoint: 29000 ns, Total: 162100 ns
[2024-02-06T08:33:14.299+0000][1536][safepoint   ] Safepoint "Cleanup", Time since last: 1016126600 ns, Reaching safepoint: 102000 ns, At safepoint: 15900 ns, Total: 117900 ns
[2024-02-06T08:33:20.364+0000][1536][safepoint   ] Safepoint "Cleanup", Time since last: 6065888100 ns, Reaching safepoint: 97100 ns, At safepoint: 14000 ns, Total: 111100 ns
[2024-02-06T08:33:21.384+0000][1536][safepoint   ] Safepoint "Cleanup", Time since last: 1019783200 ns, Reaching safepoint: 143000 ns, At safepoint: 30200 ns, Total: 173200 ns
[2024-02-06T08:33:32.490+0000][1536][safepoint   ] Safepoint "Cleanup", Time since last: 11104823700 ns, Reaching safepoint: 108400 ns, At safepoint: 62900 ns, Total: 171300 ns
[2024-02-06T08:33:50.613+0000][1536][safepoint   ] Safepoint "Cleanup", Time since last: 18123400400 ns, Reaching safepoint: 113300 ns, At safepoint: 26500 ns, Total: 139800 ns
[2024-02-06T08:34:05.722+0000][1536][safepoint   ] Safepoint "Cleanup", Time since last: 15109100500 ns, Reaching safepoint: 146300 ns, At safepoint: 23600 ns, Total: 169900 ns
[2024-02-06T08:34:06.724+0000][1536][safepoint   ] Safepoint "Cleanup", Time since last: 1001565800 ns, Reaching safepoint: 171200 ns, At safepoint: 114300 ns, Total: 285500 ns
[2024-02-06T08:34:09.755+0000][1536][safepoint   ] Safepoint "Cleanup", Time since last: 3030639300 ns, Reaching safepoint: 153300 ns, At safepoint: 103200 ns, Total: 256500 ns
[2024-02-06T08:34:19.791+0000][1536][safepoint   ] Safepoint "Cleanup", Time since last: 10036068500 ns, Reaching safepoint: 239900 ns, At safepoint: 20400 ns, Total: 260300 ns
[2024-02-06T08:34:38.902+0000][1536][safepoint   ] Safepoint "Cleanup", Time since last: 19110429200 ns, Reaching safepoint: 138600 ns, At safepoint: 10600 ns, Total: 149200 ns
[2024-02-06T08:34:42.928+0000][1536][safepoint   ] Safepoint "Cleanup", Time since last: 4025999000 ns, Reaching safepoint: 176000 ns, At safepoint: 105000 ns, Total: 281000 ns
[2024-02-06T08:34:49.954+0000][1536][safepoint   ] Safepoint "Cleanup", Time since last: 7025906200 ns, Reaching safepoint: 230600 ns, At safepoint: 43600 ns, Total: 274200 ns
[2024-02-06T08:34:51.977+0000][1536][safepoint   ] Safepoint "Cleanup", Time since last: 2022394000 ns, Reaching safepoint: 169300 ns, At safepoint: 16300 ns, Total: 185600 ns
[2024-02-06T08:35:03.043+0000][1536][safepoint   ] Safepoint "Cleanup", Time since last: 11066070200 ns, Reaching safepoint: 151700 ns, At safepoint: 19600 ns, Total: 171300 ns
[2024-02-06T08:35:04.048+0000][1536][safepoint   ] Safepoint "Cleanup", Time since last: 1004781500 ns, Reaching safepoint: 542300 ns, At safepoint: 103000 ns, Total: 645300 ns
[2024-02-06T08:35:07.077+0000][1536][safepoint   ] Safepoint "Cleanup", Time since last: 3028036300 ns, Reaching safepoint: 232100 ns, At safepoint: 28700 ns, Total: 260800 ns
[2024-02-06T08:35:21.125+0000][1536][safepoint   ] Safepoint "Cleanup", Time since last: 14047567200 ns, Reaching safepoint: 117500 ns, At safepoint: 16700 ns, Total: 134200 ns
[2024-02-06T08:35:50.363+0000][1536][safepoint   ] Safepoint "Cleanup", Time since last: 29238196600 ns, Reaching safepoint: 187400 ns, At safepoint: 32900 ns, Total: 220300 ns
[2024-02-06T08:36:13.526+0000][1536][safepoint   ] Safepoint "Cleanup", Time since last: 23162929100 ns, Reaching safepoint: 188600 ns, At safepoint: 12700 ns, Total: 201300 ns
[2024-02-06T08:36:14.541+0000][1536][safepoint   ] Safepoint "Cleanup", Time since last: 1015116000 ns, Reaching safepoint: 130200 ns, At safepoint: 16200 ns, Total: 146400 ns
[2024-02-06T08:36:15.543+0000][1536][safepoint   ] Safepoint "Cleanup", Time since last: 1000955700 ns, Reaching safepoint: 83600 ns, At safepoint: 15200 ns, Total: 98800 ns
[2024-02-06T08:36:33.635+0000][1536][safepoint   ] Safepoint "Cleanup", Time since last: 18092689200 ns, Reaching safepoint: 80500 ns, At safepoint: 14400 ns, Total: 94900 ns
[2024-02-06T08:36:39.684+0000][1536][safepoint   ] Safepoint "Cleanup", Time since last: 6048341000 ns, Reaching safepoint: 139000 ns, At safepoint: 24600 ns, Total: 163600 ns
[2024-02-06T08:36:50.754+0000][1536][safepoint   ] Safepoint "Cleanup", Time since last: 11070149800 ns, Reaching safepoint: 88400 ns, At safepoint: 14700 ns, Total: 103100 ns
[2024-02-06T08:36:51.758+0000][1536][safepoint   ] Safepoint "Cleanup", Time since last: 1003992800 ns, Reaching safepoint: 212000 ns, At safepoint: 38100 ns, Total: 250100 ns
[2024-02-06T08:37:03.829+0000][1536][safepoint   ] Safepoint "Cleanup", Time since last: 12070196600 ns, Reaching safepoint: 223500 ns, At safepoint: 22500 ns, Total: 246000 ns
[2024-02-06T08:37:14.918+0000][1536][safepoint   ] Safepoint "Cleanup", Time since last: 11089117700 ns, Reaching safepoint: 88300 ns, At safepoint: 22100 ns, Total: 110400 ns
[2024-02-06T08:37:20.964+0000][1536][safepoint   ] Safepoint "Cleanup", Time since last: 6046277300 ns, Reaching safepoint: 118900 ns, At safepoint: 11500 ns, Total: 130400 ns
[2024-02-06T08:37:28.008+0000][1536][safepoint   ] Safepoint "Cleanup", Time since last: 7043324900 ns, Reaching safepoint: 130600 ns, At safepoint: 32000 ns, Total: 162600 ns
[2024-02-06T08:37:50.170+0000][1536][safepoint   ] Safepoint "Cleanup", Time since last: 22161634700 ns, Reaching safepoint: 184800 ns, At safepoint: 28700 ns, Total: 213500 ns
[2024-02-06T08:38:02.248+0000][1536][safepoint   ] Safepoint "Cleanup", Time since last: 12077759200 ns, Reaching safepoint: 153000 ns, At safepoint: 83900 ns, Total: 236900 ns
[2024-02-06T08:38:50.659+0000][1536][safepoint   ] Safepoint "Cleanup", Time since last: 48410881500 ns, Reaching safepoint: 150500 ns, At safepoint: 30800 ns, Total: 181300 ns
[2024-02-06T08:39:31.958+0000][1536][safepoint   ] Safepoint "Cleanup", Time since last: 41299168600 ns, Reaching safepoint: 174600 ns, At safepoint: 31800 ns, Total: 206400 ns
[2024-02-06T08:39:33.969+0000][1536][safepoint   ] Safepoint "Cleanup", Time since last: 2010741600 ns, Reaching safepoint: 234900 ns, At safepoint: 27800 ns, Total: 262700 ns
[2024-02-06T08:39:40.015+0000][1536][safepoint   ] Safepoint "Cleanup", Time since last: 6045774600 ns, Reaching safepoint: 99200 ns, At safepoint: 16200 ns, Total: 115400 ns
[2024-02-06T08:39:50.123+0000][1536][safepoint   ] Safepoint "Cleanup", Time since last: 10107416700 ns, Reaching safepoint: 81100 ns, At safepoint: 33400 ns, Total: 114500 ns
[2024-02-06T08:40:50.576+0000][1536][safepoint   ] Safepoint "Cleanup", Time since last: 60453104200 ns, Reaching safepoint: 173500 ns, At safepoint: 27400 ns, Total: 200900 ns
[2024-02-06T08:41:10.725+0000][1536][safepoint   ] Safepoint "Cleanup", Time since last: 20147991500 ns, Reaching safepoint: 782700 ns, At safepoint: 29500 ns, Total: 812200 ns
[2024-02-06T08:41:20.796+0000][1536][safepoint   ] Safepoint "Cleanup", Time since last: 10071131000 ns, Reaching safepoint: 213100 ns, At safepoint: 38300 ns, Total: 251400 ns
[2024-02-06T08:41:21.811+0000][1536][safepoint   ] Safepoint "Cleanup", Time since last: 1014551500 ns, Reaching safepoint: 150500 ns, At safepoint: 23700 ns, Total: 174200 ns
[2024-02-06T08:41:31.879+0000][1536][safepoint   ] Safepoint "Cleanup", Time since last: 10068688900 ns, Reaching safepoint: 215800 ns, At safepoint: 36100 ns, Total: 251900 ns
[2024-02-06T08:41:49.993+0000][1536][safepoint   ] Safepoint "Cleanup", Time since last: 18113670700 ns, Reaching safepoint: 161300 ns, At safepoint: 19900 ns, Total: 181200 ns
[2024-02-06T08:42:40.377+0000][1536][safepoint   ] Safepoint "Cleanup", Time since last: 50383110300 ns, Reaching safepoint: 90100 ns, At safepoint: 27300 ns, Total: 117400 ns
[2024-02-06T08:43:47.971+0000][1536][safepoint   ] Safepoint "Cleanup", Time since last: 67594225700 ns, Reaching safepoint: 129600 ns, At safepoint: 29100 ns, Total: 158700 ns
[2024-02-06T08:43:49.975+0000][1536][safepoint   ] Safepoint "Cleanup", Time since last: 2003951300 ns, Reaching safepoint: 97100 ns, At safepoint: 51000 ns, Total: 148100 ns
[2024-02-06T08:43:55.013+0000][1536][safepoint   ] Safepoint "Cleanup", Time since last: 5037875900 ns, Reaching safepoint: 120100 ns, At safepoint: 39200 ns, Total: 159300 ns
[2024-02-06T08:44:37.295+0000][1536][safepoint   ] Safepoint "Cleanup", Time since last: 42281762100 ns, Reaching safepoint: 91000 ns, At safepoint: 22700 ns, Total: 113700 ns
[2024-02-06T08:44:50.391+0000][1536][safepoint   ] Safepoint "Cleanup", Time since last: 13096261300 ns, Reaching safepoint: 137200 ns, At safepoint: 37200 ns, Total: 174400 ns
[2024-02-06T08:45:04.547+0000][1536][safepoint   ] Safepoint "Cleanup", Time since last: 14154853700 ns, Reaching safepoint: 260800 ns, At safepoint: 42100 ns, Total: 302900 ns
[2024-02-06T08:45:10.602+0000][1536][safepoint   ] Safepoint "Cleanup", Time since last: 6055255000 ns, Reaching safepoint: 73900 ns, At safepoint: 20100 ns, Total: 94000 ns
[2024-02-06T08:45:50.853+0000][1536][safepoint   ] Safepoint "Cleanup", Time since last: 40250724800 ns, Reaching safepoint: 147700 ns, At safepoint: 99500 ns, Total: 247200 ns
[2024-02-06T08:46:23.149+0000][1536][safepoint   ] Safepoint "Cleanup", Time since last: 32295349900 ns, Reaching safepoint: 120600 ns, At safepoint: 40900 ns, Total: 161500 ns
[2024-02-06T08:46:29.857+0000][1536][gc,start    ] GC(24) Pause Young (Normal) (G1 Evacuation Pause)
[2024-02-06T08:46:29.857+0000][1536][gc,task     ] GC(24) Using 8 workers of 8 for evacuation
[2024-02-06T08:46:29.857+0000][1536][gc,age      ] GC(24) Desired survivor size 159383552 bytes, new threshold 15 (max threshold 15)
[2024-02-06T08:46:29.907+0000][1536][gc,phases   ] GC(24)   Pre Evacuate Collection Set: 0.3ms
[2024-02-06T08:46:29.907+0000][1536][gc,phases   ] GC(24)   Merge Heap Roots: 0.3ms
[2024-02-06T08:46:29.907+0000][1536][gc,phases   ] GC(24)   Evacuate Collection Set: 44.7ms
[2024-02-06T08:46:29.907+0000][1536][gc,phases   ] GC(24)   Post Evacuate Collection Set: 6.8ms
[2024-02-06T08:46:29.907+0000][1536][gc,phases   ] GC(24)   Other: 0.2ms
[2024-02-06T08:46:29.907+0000][1536][gc,age      ] GC(24) Age table with threshold 15 (max threshold 15)
[2024-02-06T08:46:29.907+0000][1536][gc,age      ] GC(24) - age   1:    2444104 bytes,    2444104 total
[2024-02-06T08:46:29.907+0000][1536][gc,age      ] GC(24) - age   2:    1367632 bytes,    3811736 total
[2024-02-06T08:46:29.907+0000][1536][gc,age      ] GC(24) - age   3:    1963792 bytes,    5775528 total
[2024-02-06T08:46:29.907+0000][1536][gc,age      ] GC(24) - age   4:       4872 bytes,    5780400 total
[2024-02-06T08:46:29.907+0000][1536][gc,age      ] GC(24) - age   5:     333208 bytes,    6113608 total
[2024-02-06T08:46:29.907+0000][1536][gc,age      ] GC(24) - age   6:     108256 bytes,    6221864 total
[2024-02-06T08:46:29.907+0000][1536][gc,age      ] GC(24) - age   7:      10032 bytes,    6231896 total
[2024-02-06T08:46:29.907+0000][1536][gc,age      ] GC(24) - age   8:      40384 bytes,    6272280 total
[2024-02-06T08:46:29.907+0000][1536][gc,age      ] GC(24) - age   9:      50432 bytes,    6322712 total
[2024-02-06T08:46:29.907+0000][1536][gc,age      ] GC(24) - age  10:     314936 bytes,    6637648 total
[2024-02-06T08:46:29.907+0000][1536][gc,age      ] GC(24) - age  11:      31912 bytes,    6669560 total
[2024-02-06T08:46:29.907+0000][1536][gc,age      ] GC(24) - age  12:     178336 bytes,    6847896 total
[2024-02-06T08:46:29.907+0000][1536][gc,age      ] GC(24) - age  13:   28666152 bytes,   35514048 total
[2024-02-06T08:46:29.907+0000][1536][gc,age      ] GC(24) - age  14:    9372272 bytes,   44886320 total
[2024-02-06T08:46:29.907+0000][1536][gc,age      ] GC(24) - age  15:   15892680 bytes,   60779000 total
[2024-02-06T08:46:29.907+0000][1536][gc,heap     ] GC(24) Eden regions: 589->0(589)
[2024-02-06T08:46:29.907+0000][1536][gc,heap     ] GC(24) Survivor regions: 17->17(76)
[2024-02-06T08:46:29.907+0000][1536][gc,heap     ] GC(24) Old regions: 13->13
[2024-02-06T08:46:29.907+0000][1536][gc,heap     ] GC(24) Archive regions: 0->0
[2024-02-06T08:46:29.907+0000][1536][gc,heap     ] GC(24) Humongous regions: 2->2
[2024-02-06T08:46:29.907+0000][1536][gc,metaspace] GC(24) Metaspace: 132086K(135616K)->132086K(135616K) NonClass: 114634K(116480K)->114634K(116480K) Class: 17452K(19136K)->17452K(19136K)
[2024-02-06T08:46:29.907+0000][1536][gc          ] GC(24) Pause Young (Normal) (G1 Evacuation Pause) 2479M->124M(4040M) 53.134ms
[2024-02-06T08:46:29.907+0000][1536][gc,cpu      ] GC(24) User=0.39s Sys=0.03s Real=0.05s
[2024-02-06T08:46:29.907+0000][1536][safepoint   ] Safepoint "G1CollectForAllocation", Time since last: 6714403200 ns, Reaching safepoint: 112900 ns, At safepoint: 53311200 ns, Total: 53424100 ns
[2024-02-06T08:46:49.987+0000][1536][safepoint   ] Safepoint "Cleanup", Time since last: 20070004200 ns, Reaching safepoint: 111700 ns, At safepoint: 72500 ns, Total: 184200 ns
[2024-02-06T08:47:42.531+0000][1536][safepoint   ] Safepoint "Cleanup", Time since last: 52544413400 ns, Reaching safepoint: 170200 ns, At safepoint: 13600 ns, Total: 183800 ns
[2024-02-06T08:47:50.630+0000][1536][safepoint   ] Safepoint "Cleanup", Time since last: 8098731100 ns, Reaching safepoint: 639200 ns, At safepoint: 18100 ns, Total: 657300 ns
[2024-02-06T08:48:16.977+0000][1536][safepoint   ] Safepoint "Cleanup", Time since last: 26346565400 ns, Reaching safepoint: 81700 ns, At safepoint: 18100 ns, Total: 99800 ns
[2024-02-06T08:48:18.994+0000][1536][safepoint   ] Safepoint "Cleanup", Time since last: 2016492200 ns, Reaching safepoint: 126300 ns, At safepoint: 13600 ns, Total: 139900 ns
[2024-02-06T08:48:59.440+0000][1536][safepoint   ] Safepoint "Cleanup", Time since last: 40445950800 ns, Reaching safepoint: 118600 ns, At safepoint: 17800 ns, Total: 136400 ns
[2024-02-06T08:50:50.662+0000][1536][safepoint   ] Safepoint "Cleanup", Time since last: 111222281900 ns, Reaching safepoint: 197700 ns, At safepoint: 14200 ns, Total: 211900 ns
[2024-02-06T08:51:41.175+0000][1536][safepoint   ] Safepoint "Cleanup", Time since last: 50512103000 ns, Reaching safepoint: 87500 ns, At safepoint: 49000 ns, Total: 136500 ns
[2024-02-06T08:52:50.695+0000][1536][safepoint   ] Safepoint "Cleanup", Time since last: 69520383100 ns, Reaching safepoint: 124900 ns, At safepoint: 29400 ns, Total: 154300 ns
[2024-02-06T08:53:52.168+0000][1536][safepoint   ] Safepoint "Cleanup", Time since last: 61472963500 ns, Reaching safepoint: 158300 ns, At safepoint: 25000 ns, Total: 183300 ns
[2024-02-06T08:54:19.358+0000][1536][safepoint   ] Safepoint "Cleanup", Time since last: 27189787300 ns, Reaching safepoint: 181600 ns, At safepoint: 21600 ns, Total: 203200 ns
[2024-02-06T08:54:22.364+0000][1536][safepoint   ] Safepoint "Cleanup", Time since last: 3005299100 ns, Reaching safepoint: 134800 ns, At safepoint: 13600 ns, Total: 148400 ns
[2024-02-06T08:54:41.550+0000][1536][safepoint   ] Safepoint "Cleanup", Time since last: 19185520200 ns, Reaching safepoint: 132400 ns, At safepoint: 14900 ns, Total: 147300 ns
[2024-02-06T08:54:51.657+0000][1536][safepoint   ] Safepoint "Cleanup", Time since last: 10107047600 ns, Reaching safepoint: 144800 ns, At safepoint: 16300 ns, Total: 161100 ns
[2024-02-06T08:55:09.755+0000][1536][safepoint   ] Safepoint "Cleanup", Time since last: 18097710800 ns, Reaching safepoint: 111200 ns, At safepoint: 12200 ns, Total: 123400 ns
[2024-02-06T08:55:43.056+0000][1536][safepoint   ] Safepoint "Cleanup", Time since last: 33300875600 ns, Reaching safepoint: 105700 ns, At safepoint: 11400 ns, Total: 117100 ns
[2024-02-06T08:55:50.108+0000][1536][safepoint   ] Safepoint "Cleanup", Time since last: 7051990900 ns, Reaching safepoint: 683700 ns, At safepoint: 15100 ns, Total: 698800 ns
[2024-02-06T08:56:13.867+0000][1536][safepoint   ] Safepoint "Cleanup", Time since last: 23758282500 ns, Reaching safepoint: 188200 ns, At safepoint: 24400 ns, Total: 212600 ns
[2024-02-06T08:57:03.276+0000][1536][safepoint   ] Safepoint "Cleanup", Time since last: 49409167900 ns, Reaching safepoint: 111600 ns, At safepoint: 18700 ns, Total: 130300 ns
[2024-02-06T08:57:42.568+0000][1536][safepoint   ] Safepoint "Cleanup", Time since last: 39291436900 ns, Reaching safepoint: 111400 ns, At safepoint: 14800 ns, Total: 126200 ns
[2024-02-06T08:57:52.652+0000][1536][safepoint   ] Safepoint "Cleanup", Time since last: 10083974900 ns, Reaching safepoint: 142900 ns, At safepoint: 16700 ns, Total: 159600 ns
[2024-02-06T09:00:01.664+0000][1536][safepoint   ] Safepoint "Cleanup", Time since last: 129011665700 ns, Reaching safepoint: 256700 ns, At safepoint: 14500 ns, Total: 271200 ns
[2024-02-06T09:00:03.534+0000][1536][gc,start    ] GC(25) Pause Young (Normal) (G1 Evacuation Pause)
[2024-02-06T09:00:03.534+0000][1536][gc,task     ] GC(25) Using 8 workers of 8 for evacuation
[2024-02-06T09:00:03.534+0000][1536][gc,age      ] GC(25) Desired survivor size 159383552 bytes, new threshold 15 (max threshold 15)
[2024-02-06T09:00:03.585+0000][1536][gc,phases   ] GC(25)   Pre Evacuate Collection Set: 0.2ms
[2024-02-06T09:00:03.585+0000][1536][gc,phases   ] GC(25)   Merge Heap Roots: 2.3ms
[2024-02-06T09:00:03.585+0000][1536][gc,phases   ] GC(25)   Evacuate Collection Set: 47.4ms
[2024-02-06T09:00:03.585+0000][1536][gc,phases   ] GC(25)   Post Evacuate Collection Set: 3.4ms
[2024-02-06T09:00:03.585+0000][1536][gc,phases   ] GC(25)   Other: 0.3ms
[2024-02-06T09:00:03.585+0000][1536][gc,age      ] GC(25) Age table with threshold 15 (max threshold 15)
[2024-02-06T09:00:03.585+0000][1536][gc,age      ] GC(25) - age   1:    1401072 bytes,    1401072 total
[2024-02-06T09:00:03.585+0000][1536][gc,age      ] GC(25) - age   2:     890288 bytes,    2291360 total
[2024-02-06T09:00:03.585+0000][1536][gc,age      ] GC(25) - age   3:    1365288 bytes,    3656648 total
[2024-02-06T09:00:03.585+0000][1536][gc,age      ] GC(25) - age   4:    1963632 bytes,    5620280 total
[2024-02-06T09:00:03.585+0000][1536][gc,age      ] GC(25) - age   5:       4792 bytes,    5625072 total
[2024-02-06T09:00:03.585+0000][1536][gc,age      ] GC(25) - age   6:     333208 bytes,    5958280 total
[2024-02-06T09:00:03.585+0000][1536][gc,age      ] GC(25) - age   7:     108256 bytes,    6066536 total
[2024-02-06T09:00:03.585+0000][1536][gc,age      ] GC(25) - age   8:      10032 bytes,    6076568 total
[2024-02-06T09:00:03.585+0000][1536][gc,age      ] GC(25) - age   9:      40384 bytes,    6116952 total
[2024-02-06T09:00:03.585+0000][1536][gc,age      ] GC(25) - age  10:      50432 bytes,    6167384 total
[2024-02-06T09:00:03.585+0000][1536][gc,age      ] GC(25) - age  11:     314936 bytes,    6482320 total
[2024-02-06T09:00:03.585+0000][1536][gc,age      ] GC(25) - age  12:      31912 bytes,    6514232 total
[2024-02-06T09:00:03.585+0000][1536][gc,age      ] GC(25) - age  13:     178336 bytes,    6692568 total
[2024-02-06T09:00:03.585+0000][1536][gc,age      ] GC(25) - age  14:   28666152 bytes,   35358720 total
[2024-02-06T09:00:03.585+0000][1536][gc,age      ] GC(25) - age  15:    9372272 bytes,   44730992 total
[2024-02-06T09:00:03.585+0000][1536][gc,heap     ] GC(25) Eden regions: 589->0(593)
[2024-02-06T09:00:03.585+0000][1536][gc,heap     ] GC(25) Survivor regions: 17->13(76)
[2024-02-06T09:00:03.585+0000][1536][gc,heap     ] GC(25) Old regions: 13->17
[2024-02-06T09:00:03.585+0000][1536][gc,heap     ] GC(25) Archive regions: 0->0
[2024-02-06T09:00:03.585+0000][1536][gc,heap     ] GC(25) Humongous regions: 2->2
[2024-02-06T09:00:03.585+0000][1536][gc,metaspace] GC(25) Metaspace: 132104K(135616K)->132104K(135616K) NonClass: 114652K(116480K)->114652K(116480K) Class: 17452K(19136K)->17452K(19136K)
[2024-02-06T09:00:03.585+0000][1536][gc          ] GC(25) Pause Young (Normal) (G1 Evacuation Pause) 2480M->122M(4040M) 54.711ms
[2024-02-06T09:00:03.585+0000][1536][gc,cpu      ] GC(25) User=0.34s Sys=0.02s Real=0.05s
[2024-02-06T09:00:03.585+0000][1536][safepoint   ] Safepoint "G1CollectForAllocation", Time since last: 1871270700 ns, Reaching safepoint: 103100 ns, At safepoint: 54878400 ns, Total: 54981500 ns
[2024-02-06T09:00:04.599+0000][1536][safepoint   ] Safepoint "Cleanup", Time since last: 1008350500 ns, Reaching safepoint: 87600 ns, At safepoint: 12300 ns, Total: 99900 ns
[2024-02-06T09:00:20.724+0000][1536][safepoint   ] Safepoint "Cleanup", Time since last: 16125440200 ns, Reaching safepoint: 147800 ns, At safepoint: 12000 ns, Total: 159800 ns
[2024-02-06T09:01:07.027+0000][1536][safepoint   ] Safepoint "Cleanup", Time since last: 46302754700 ns, Reaching safepoint: 152500 ns, At safepoint: 24400 ns, Total: 176900 ns
[2024-02-06T09:01:50.363+0000][1536][safepoint   ] Safepoint "Cleanup", Time since last: 43335808100 ns, Reaching safepoint: 131900 ns, At safepoint: 12300 ns, Total: 144200 ns
[2024-02-06T09:02:13.503+0000][1536][safepoint   ] Safepoint "Cleanup", Time since last: 23139972600 ns, Reaching safepoint: 126800 ns, At safepoint: 9700 ns, Total: 136500 ns
[2024-02-06T09:02:50.746+0000][1536][safepoint   ] Safepoint "Cleanup", Time since last: 37242485900 ns, Reaching safepoint: 193900 ns, At safepoint: 17300 ns, Total: 211200 ns
[2024-02-06T09:04:43.660+0000][1536][safepoint   ] Safepoint "Cleanup", Time since last: 112913863900 ns, Reaching safepoint: 177300 ns, At safepoint: 14800 ns, Total: 192100 ns
[2024-02-06T09:05:04.843+0000][1536][safepoint   ] Safepoint "Cleanup", Time since last: 21183433400 ns, Reaching safepoint: 101600 ns, At safepoint: 20500 ns, Total: 122100 ns
[2024-02-06T09:05:26.823+0000][1536][safepoint   ] Safepoint "Cleanup", Time since last: 21979114800 ns, Reaching safepoint: 166200 ns, At safepoint: 20700 ns, Total: 186900 ns
[2024-02-06T09:05:37.775+0000][1536][safepoint   ] Safepoint "Cleanup", Time since last: 10953491000 ns, Reaching safepoint: 100200 ns, At safepoint: 81800 ns, Total: 182000 ns
[2024-02-06T09:05:55.903+0000][1536][safepoint   ] Safepoint "Cleanup", Time since last: 18126534600 ns, Reaching safepoint: 133100 ns, At safepoint: 22100 ns, Total: 155200 ns
[2024-02-06T09:07:50.861+0000][1536][safepoint   ] Safepoint "Cleanup", Time since last: 114957804500 ns, Reaching safepoint: 119900 ns, At safepoint: 69400 ns, Total: 189300 ns
[2024-02-06T09:08:50.393+0000][1536][safepoint   ] Safepoint "Cleanup", Time since last: 59532049700 ns, Reaching safepoint: 90000 ns, At safepoint: 17400 ns, Total: 107400 ns
[2024-02-06T09:09:07.537+0000][1536][safepoint   ] Safepoint "Cleanup", Time since last: 17144111700 ns, Reaching safepoint: 132100 ns, At safepoint: 14400 ns, Total: 146500 ns
[2024-02-06T09:09:49.771+0000][1536][safepoint   ] Safepoint "Cleanup", Time since last: 42233181600 ns, Reaching safepoint: 95400 ns, At safepoint: 10900 ns, Total: 106300 ns
[2024-02-06T09:09:50.781+0000][1536][safepoint   ] Safepoint "Cleanup", Time since last: 1010719200 ns, Reaching safepoint: 67600 ns, At safepoint: 5200 ns, Total: 72800 ns
[2024-02-06T09:09:53.809+0000][1536][safepoint   ] Safepoint "Cleanup", Time since last: 3026989200 ns, Reaching safepoint: 84000 ns, At safepoint: 12800 ns, Total: 96800 ns
[2024-02-06T09:09:54.824+0000][1536][safepoint   ] Safepoint "Cleanup", Time since last: 1015592700 ns, Reaching safepoint: 94900 ns, At safepoint: 12100 ns, Total: 107000 ns
[2024-02-06T09:09:59.867+0000][1536][safepoint   ] Safepoint "Cleanup", Time since last: 5042152000 ns, Reaching safepoint: 78300 ns, At safepoint: 13300 ns, Total: 91600 ns
[2024-02-06T09:10:27.151+0000][1536][safepoint   ] Safepoint "Cleanup", Time since last: 27284441400 ns, Reaching safepoint: 112300 ns, At safepoint: 14100 ns, Total: 126400 ns
[2024-02-06T09:10:37.208+0000][1536][safepoint   ] Safepoint "Cleanup", Time since last: 10057400900 ns, Reaching safepoint: 116100 ns, At safepoint: 17100 ns, Total: 133200 ns
[2024-02-06T09:10:38.221+0000][1536][safepoint   ] Safepoint "Cleanup", Time since last: 1012101100 ns, Reaching safepoint: 133200 ns, At safepoint: 13100 ns, Total: 146300 ns
[2024-02-06T09:10:50.311+0000][1536][safepoint   ] Safepoint "Cleanup", Time since last: 12089645900 ns, Reaching safepoint: 97400 ns, At safepoint: 10100 ns, Total: 107500 ns
[2024-02-06T09:12:20.259+0000][1536][safepoint   ] Safepoint "Cleanup", Time since last: 95369382600 ns, Reaching safepoint: 115096100 ns, At safepoint: 9032100 ns, Total: 124128200 ns
[2024-02-06T09:12:22.261+0000][1536][safepoint   ] Safepoint "Cleanup", Time since last: 1997865000 ns, Reaching safepoint: 1087000 ns, At safepoint: 24200 ns, Total: 1111200 ns
[2024-02-06T09:12:25.297+0000][1536][safepoint   ] Safepoint "Cleanup", Time since last: 3034630800 ns, Reaching safepoint: 65200 ns, At safepoint: 9000 ns, Total: 74200 ns
[2024-02-06T09:12:38.452+0000][1536][safepoint   ] Safepoint "Cleanup", Time since last: 13155092600 ns, Reaching safepoint: 163100 ns, At safepoint: 21500 ns, Total: 184600 ns
[2024-02-06T09:13:02.770+0000][1536][safepoint   ] Safepoint "Cleanup", Time since last: 24318039400 ns, Reaching safepoint: 120400 ns, At safepoint: 5600 ns, Total: 126000 ns
[2024-02-06T09:13:03.772+0000][1536][safepoint   ] Safepoint "Cleanup", Time since last: 1001551500 ns, Reaching safepoint: 84800 ns, At safepoint: 11200 ns, Total: 96000 ns
[2024-02-06T09:13:23.836+0000][1536][safepoint   ] Safepoint "Cleanup", Time since last: 20064028800 ns, Reaching safepoint: 67400 ns, At safepoint: 5600 ns, Total: 73000 ns
[2024-02-06T09:13:56.236+0000][1536][safepoint   ] Safepoint "Cleanup", Time since last: 32400110000 ns, Reaching safepoint: 84800 ns, At safepoint: 19500 ns, Total: 104300 ns
[2024-02-06T09:14:20.342+0000][1536][gc,start    ] GC(26) Pause Young (Normal) (G1 Evacuation Pause)
[2024-02-06T09:14:20.343+0000][1536][gc,task     ] GC(26) Using 8 workers of 8 for evacuation
[2024-02-06T09:14:20.343+0000][1536][gc,age      ] GC(26) Desired survivor size 159383552 bytes, new threshold 15 (max threshold 15)
[2024-02-06T09:14:20.394+0000][1536][gc,phases   ] GC(26)   Pre Evacuate Collection Set: 0.3ms
[2024-02-06T09:14:20.395+0000][1536][gc,phases   ] GC(26)   Merge Heap Roots: 1.5ms
[2024-02-06T09:14:20.395+0000][1536][gc,phases   ] GC(26)   Evacuate Collection Set: 44.6ms
[2024-02-06T09:14:20.395+0000][1536][gc,phases   ] GC(26)   Post Evacuate Collection Set: 2.6ms
[2024-02-06T09:14:20.395+0000][1536][gc,phases   ] GC(26)   Other: 1.5ms
[2024-02-06T09:14:20.395+0000][1536][gc,age      ] GC(26) Age table with threshold 15 (max threshold 15)
[2024-02-06T09:14:20.395+0000][1536][gc,age      ] GC(26) - age   1:    1907184 bytes,    1907184 total
[2024-02-06T09:14:20.395+0000][1536][gc,age      ] GC(26) - age   2:       2000 bytes,    1909184 total
[2024-02-06T09:14:20.395+0000][1536][gc,age      ] GC(26) - age   3:     223984 bytes,    2133168 total
[2024-02-06T09:14:20.395+0000][1536][gc,age      ] GC(26) - age   4:    1324360 bytes,    3457528 total
[2024-02-06T09:14:20.395+0000][1536][gc,age      ] GC(26) - age   5:    1962912 bytes,    5420440 total
[2024-02-06T09:14:20.395+0000][1536][gc,age      ] GC(26) - age   6:       4712 bytes,    5425152 total
[2024-02-06T09:14:20.395+0000][1536][gc,age      ] GC(26) - age   7:     331480 bytes,    5756632 total
[2024-02-06T09:14:20.395+0000][1536][gc,age      ] GC(26) - age   8:     108192 bytes,    5864824 total
[2024-02-06T09:14:20.395+0000][1536][gc,age      ] GC(26) - age   9:      10032 bytes,    5874856 total
[2024-02-06T09:14:20.395+0000][1536][gc,age      ] GC(26) - age  10:      40208 bytes,    5915064 total
[2024-02-06T09:14:20.395+0000][1536][gc,age      ] GC(26) - age  11:      50432 bytes,    5965496 total
[2024-02-06T09:14:20.395+0000][1536][gc,age      ] GC(26) - age  12:     314936 bytes,    6280432 total
[2024-02-06T09:14:20.395+0000][1536][gc,age      ] GC(26) - age  13:      31912 bytes,    6312344 total
[2024-02-06T09:14:20.395+0000][1536][gc,age      ] GC(26) - age  14:     178336 bytes,    6490680 total
[2024-02-06T09:14:20.395+0000][1536][gc,age      ] GC(26) - age  15:   28665264 bytes,   35155944 total
[2024-02-06T09:14:20.395+0000][1536][gc,heap     ] GC(26) Eden regions: 593->0(594)
[2024-02-06T09:14:20.395+0000][1536][gc,heap     ] GC(26) Survivor regions: 13->12(76)
[2024-02-06T09:14:20.395+0000][1536][gc,heap     ] GC(26) Old regions: 17->19
[2024-02-06T09:14:20.395+0000][1536][gc,heap     ] GC(26) Archive regions: 0->0
[2024-02-06T09:14:20.395+0000][1536][gc,heap     ] GC(26) Humongous regions: 2->2
[2024-02-06T09:14:20.395+0000][1536][gc,metaspace] GC(26) Metaspace: 132158K(135680K)->132158K(135680K) NonClass: 114703K(116544K)->114703K(116544K) Class: 17455K(19136K)->17455K(19136K)
[2024-02-06T09:14:20.395+0000][1536][gc          ] GC(26) Pause Young (Normal) (G1 Evacuation Pause) 2494M->129M(4040M) 52.661ms
[2024-02-06T09:14:20.395+0000][1536][gc,cpu      ] GC(26) User=0.14s Sys=0.11s Real=0.05s
[2024-02-06T09:14:20.395+0000][1536][safepoint   ] Safepoint "G1CollectForAllocation", Time since last: 24106110800 ns, Reaching safepoint: 121400 ns, At safepoint: 53403900 ns, Total: 53525300 ns
[2024-02-06T09:15:18.920+0000][1536][safepoint   ] Safepoint "Cleanup", Time since last: 58523745800 ns, Reaching safepoint: 70200 ns, At safepoint: 7100 ns, Total: 77300 ns
[2024-02-06T09:15:46.158+0000][1536][safepoint   ] Safepoint "Cleanup", Time since last: 27237883200 ns, Reaching safepoint: 76100 ns, At safepoint: 13100 ns, Total: 89200 ns
[2024-02-06T09:16:01.284+0000][1536][safepoint   ] Safepoint "Cleanup", Time since last: 15125867400 ns, Reaching safepoint: 79700 ns, At safepoint: 9600 ns, Total: 89300 ns
[2024-02-06T09:16:10.377+0000][1536][safepoint   ] Safepoint "Cleanup", Time since last: 9093009100 ns, Reaching safepoint: 121400 ns, At safepoint: 26600 ns, Total: 148000 ns
[2024-02-06T09:16:39.603+0000][1536][safepoint   ] Safepoint "Cleanup", Time since last: 29225743800 ns, Reaching safepoint: 115100 ns, At safepoint: 21000 ns, Total: 136100 ns
[2024-02-06T09:19:33.299+0000][1536][safepoint   ] Safepoint "Cleanup", Time since last: 173695882400 ns, Reaching safepoint: 101400 ns, At safepoint: 19300 ns, Total: 120700 ns
[2024-02-06T09:19:51.477+0000][1536][safepoint   ] Safepoint "Cleanup", Time since last: 18178276700 ns, Reaching safepoint: 131800 ns, At safepoint: 11700 ns, Total: 143500 ns
[2024-02-06T09:22:03.702+0000][1536][safepoint   ] Safepoint "Cleanup", Time since last: 132224392300 ns, Reaching safepoint: 98700 ns, At safepoint: 26400 ns, Total: 125100 ns
[2024-02-06T09:22:25.904+0000][1536][safepoint   ] Safepoint "Cleanup", Time since last: 22201802900 ns, Reaching safepoint: 161300 ns, At safepoint: 20100 ns, Total: 181400 ns
[2024-02-06T09:22:29.931+0000][1536][safepoint   ] Safepoint "Cleanup", Time since last: 4027355000 ns, Reaching safepoint: 120500 ns, At safepoint: 30900 ns, Total: 151400 ns
[2024-02-06T09:22:49.041+0000][1536][safepoint   ] Safepoint "Cleanup", Time since last: 19109792900 ns, Reaching safepoint: 132500 ns, At safepoint: 21300 ns, Total: 153800 ns
[2024-02-06T09:23:28.300+0000][1536][safepoint   ] Safepoint "Cleanup", Time since last: 39258152100 ns, Reaching safepoint: 92300 ns, At safepoint: 7600 ns, Total: 99900 ns
[2024-02-06T09:24:01.539+0000][1536][safepoint   ] Safepoint "Cleanup", Time since last: 33239105900 ns, Reaching safepoint: 228000 ns, At safepoint: 73600 ns, Total: 301600 ns
[2024-02-06T09:24:22.650+0000][1536][safepoint   ] Safepoint "Cleanup", Time since last: 21110572500 ns, Reaching safepoint: 338800 ns, At safepoint: 140500 ns, Total: 479300 ns
[2024-02-06T09:24:40.784+0000][1536][safepoint   ] Safepoint "Cleanup", Time since last: 18132929400 ns, Reaching safepoint: 526200 ns, At safepoint: 196000 ns, Total: 722200 ns
[2024-02-06T09:24:43.814+0000][1536][safepoint   ] Safepoint "Cleanup", Time since last: 3030071800 ns, Reaching safepoint: 284900 ns, At safepoint: 19100 ns, Total: 304000 ns
[2024-02-06T09:26:37.234+0000][1536][gc,start    ] GC(27) Pause Young (Normal) (G1 Evacuation Pause)
[2024-02-06T09:26:37.279+0000][1536][gc,task     ] GC(27) Using 8 workers of 8 for evacuation
[2024-02-06T09:26:37.279+0000][1536][gc,age      ] GC(27) Desired survivor size 159383552 bytes, new threshold 15 (max threshold 15)
[2024-02-06T09:26:37.403+0000][1536][gc,phases   ] GC(27)   Pre Evacuate Collection Set: 17.5ms
[2024-02-06T09:26:37.403+0000][1536][gc,phases   ] GC(27)   Merge Heap Roots: 2.0ms
[2024-02-06T09:26:37.403+0000][1536][gc,phases   ] GC(27)   Evacuate Collection Set: 66.1ms
[2024-02-06T09:26:37.403+0000][1536][gc,phases   ] GC(27)   Post Evacuate Collection Set: 31.8ms
[2024-02-06T09:26:37.403+0000][1536][gc,phases   ] GC(27)   Other: 25.4ms
[2024-02-06T09:26:37.403+0000][1536][gc,age      ] GC(27) Age table with threshold 15 (max threshold 15)
[2024-02-06T09:26:37.403+0000][1536][gc,age      ] GC(27) - age   1:    1314504 bytes,    1314504 total
[2024-02-06T09:26:37.403+0000][1536][gc,age      ] GC(27) - age   2:     568664 bytes,    1883168 total
[2024-02-06T09:26:37.403+0000][1536][gc,age      ] GC(27) - age   3:        712 bytes,    1883880 total
[2024-02-06T09:26:37.403+0000][1536][gc,age      ] GC(27) - age   4:     176928 bytes,    2060808 total
[2024-02-06T09:26:37.403+0000][1536][gc,age      ] GC(27) - age   5:    1321496 bytes,    3382304 total
[2024-02-06T09:26:37.403+0000][1536][gc,age      ] GC(27) - age   6:    1962696 bytes,    5345000 total
[2024-02-06T09:26:37.403+0000][1536][gc,age      ] GC(27) - age   7:       4712 bytes,    5349712 total
[2024-02-06T09:26:37.403+0000][1536][gc,age      ] GC(27) - age   8:     331312 bytes,    5681024 total
[2024-02-06T09:26:37.403+0000][1536][gc,age      ] GC(27) - age   9:     108136 bytes,    5789160 total
[2024-02-06T09:26:37.403+0000][1536][gc,age      ] GC(27) - age  10:      10032 bytes,    5799192 total
[2024-02-06T09:26:37.403+0000][1536][gc,age      ] GC(27) - age  11:      40208 bytes,    5839400 total
[2024-02-06T09:26:37.403+0000][1536][gc,age      ] GC(27) - age  12:      50432 bytes,    5889832 total
[2024-02-06T09:26:37.403+0000][1536][gc,age      ] GC(27) - age  13:     314936 bytes,    6204768 total
[2024-02-06T09:26:37.403+0000][1536][gc,age      ] GC(27) - age  14:      31912 bytes,    6236680 total
[2024-02-06T09:26:37.403+0000][1536][gc,age      ] GC(27) - age  15:     178336 bytes,    6415016 total
[2024-02-06T09:26:37.403+0000][1536][gc,heap     ] GC(27) Eden regions: 594->0(604)
[2024-02-06T09:26:37.403+0000][1536][gc,heap     ] GC(27) Survivor regions: 12->2(76)
[2024-02-06T09:26:37.403+0000][1536][gc,heap     ] GC(27) Old regions: 19->27
[2024-02-06T09:26:37.403+0000][1536][gc,heap     ] GC(27) Archive regions: 0->0
[2024-02-06T09:26:37.403+0000][1536][gc,heap     ] GC(27) Humongous regions: 2->2
[2024-02-06T09:26:37.412+0000][1536][gc,metaspace] GC(27) Metaspace: 132174K(135680K)->132174K(135680K) NonClass: 114718K(116544K)->114718K(116544K) Class: 17456K(19136K)->17456K(19136K)
[2024-02-06T09:26:37.412+0000][1536][gc          ] GC(27) Pause Young (Normal) (G1 Evacuation Pause) 2505M->120M(4040M) 163.050ms
[2024-02-06T09:26:37.413+0000][1536][gc,cpu      ] GC(27) User=0.05s Sys=0.31s Real=0.18s
[2024-02-06T09:26:37.413+0000][1536][safepoint   ] Safepoint "G1CollectForAllocation", Time since last: 113434412000 ns, Reaching safepoint: 119100 ns, At safepoint: 164240200 ns, Total: 164359300 ns
[2024-02-06T09:27:11.675+0000][1536][safepoint   ] Safepoint "Cleanup", Time since last: 34262546400 ns, Reaching safepoint: 99900 ns, At safepoint: 64000 ns, Total: 163900 ns
[2024-02-06T09:27:22.767+0000][1536][safepoint   ] Safepoint "Cleanup", Time since last: 11091182700 ns, Reaching safepoint: 190400 ns, At safepoint: 79100 ns, Total: 269500 ns
[2024-02-06T09:27:36.914+0000][1536][safepoint   ] Safepoint "Cleanup", Time since last: 14147270600 ns, Reaching safepoint: 164500 ns, At safepoint: 38600 ns, Total: 203100 ns
[2024-02-06T09:27:38.935+0000][1536][safepoint   ] Safepoint "Cleanup", Time since last: 2021043400 ns, Reaching safepoint: 99400 ns, At safepoint: 16500 ns, Total: 115900 ns
[2024-02-06T09:27:39.945+0000][1536][safepoint   ] Safepoint "Cleanup", Time since last: 1009648100 ns, Reaching safepoint: 934900 ns, At safepoint: 40300 ns, Total: 975200 ns
[2024-02-06T09:27:53.047+0000][1536][safepoint   ] Safepoint "Cleanup", Time since last: 13101036300 ns, Reaching safepoint: 224900 ns, At safepoint: 44300 ns, Total: 269200 ns
[2024-02-06T09:28:20.253+0000][1536][safepoint   ] Safepoint "Cleanup", Time since last: 27205942400 ns, Reaching safepoint: 83500 ns, At safepoint: 16200 ns, Total: 99700 ns
[2024-02-06T09:28:26.289+0000][1536][safepoint   ] Safepoint "Cleanup", Time since last: 6035650300 ns, Reaching safepoint: 81200 ns, At safepoint: 11400 ns, Total: 92600 ns
[2024-02-06T09:28:40.412+0000][1536][safepoint   ] Safepoint "Cleanup", Time since last: 14123028700 ns, Reaching safepoint: 73800 ns, At safepoint: 17300 ns, Total: 91100 ns
[2024-02-06T09:28:41.421+0000][1536][safepoint   ] Safepoint "Cleanup", Time since last: 1008747700 ns, Reaching safepoint: 86500 ns, At safepoint: 14800 ns, Total: 101300 ns
[2024-02-06T09:28:42.428+0000][1536][safepoint   ] Safepoint "Cleanup", Time since last: 1006665400 ns, Reaching safepoint: 108800 ns, At safepoint: 9100 ns, Total: 117900 ns
[2024-02-06T09:28:47.491+0000][1536][safepoint   ] Safepoint "Cleanup", Time since last: 5063230700 ns, Reaching safepoint: 90300 ns, At safepoint: 41100 ns, Total: 131400 ns
[2024-02-06T09:29:16.692+0000][1536][safepoint   ] Safepoint "Cleanup", Time since last: 29200729900 ns, Reaching safepoint: 108800 ns, At safepoint: 38700 ns, Total: 147500 ns
[2024-02-06T09:29:34.822+0000][1536][safepoint   ] Safepoint "Cleanup", Time since last: 18129697000 ns, Reaching safepoint: 87300 ns, At safepoint: 25700 ns, Total: 113000 ns
[2024-02-06T09:30:20.325+0000][1536][safepoint   ] Safepoint "Cleanup", Time since last: 45502555000 ns, Reaching safepoint: 108900 ns, At safepoint: 20500 ns, Total: 129400 ns
[2024-02-06T09:30:50.603+0000][1536][safepoint   ] Safepoint "Cleanup", Time since last: 30278373000 ns, Reaching safepoint: 118200 ns, At safepoint: 18500 ns, Total: 136700 ns
[2024-02-06T09:31:06.714+0000][1536][safepoint   ] Safepoint "Cleanup", Time since last: 16110822700 ns, Reaching safepoint: 110900 ns, At safepoint: 36200 ns, Total: 147100 ns
[2024-02-06T09:32:42.411+0000][1536][safepoint   ] Safepoint "Cleanup", Time since last: 96806555000 ns, Reaching safepoint: 233200 ns, At safepoint: 22200 ns, Total: 255400 ns
[2024-02-06T09:33:01.552+0000][1536][safepoint   ] Safepoint "Cleanup", Time since last: 19140270100 ns, Reaching safepoint: 80500 ns, At safepoint: 10800 ns, Total: 91300 ns
[2024-02-06T09:33:13.654+0000][1536][safepoint   ] Safepoint "Cleanup", Time since last: 12102291100 ns, Reaching safepoint: 121500 ns, At safepoint: 19000 ns, Total: 140500 ns
[2024-02-06T09:33:14.670+0000][1536][safepoint   ] Safepoint "Cleanup", Time since last: 1016142500 ns, Reaching safepoint: 200300 ns, At safepoint: 15800 ns, Total: 216100 ns
[2024-02-06T09:33:16.700+0000][1536][safepoint   ] Safepoint "Cleanup", Time since last: 2030011100 ns, Reaching safepoint: 92700 ns, At safepoint: 9500 ns, Total: 102200 ns
[2024-02-06T09:33:19.718+0000][1536][safepoint   ] Safepoint "Cleanup", Time since last: 3017205000 ns, Reaching safepoint: 193100 ns, At safepoint: 24200 ns, Total: 217300 ns
[2024-02-06T09:34:23.298+0000][1536][safepoint   ] Safepoint "Cleanup", Time since last: 63579686000 ns, Reaching safepoint: 131400 ns, At safepoint: 28000 ns, Total: 159400 ns
[2024-02-06T09:34:53.565+0000][1536][safepoint   ] Safepoint "Cleanup", Time since last: 30267057200 ns, Reaching safepoint: 66100 ns, At safepoint: 16200 ns, Total: 82300 ns
[2024-02-06T09:35:35.978+0000][1536][safepoint   ] Safepoint "Cleanup", Time since last: 42412616600 ns, Reaching safepoint: 96700 ns, At safepoint: 20500 ns, Total: 117200 ns
[2024-02-06T09:35:36.989+0000][1536][safepoint   ] Safepoint "Cleanup", Time since last: 1011494200 ns, Reaching safepoint: 105300 ns, At safepoint: 15000 ns, Total: 120300 ns
[2024-02-06T09:35:38.001+0000][1536][safepoint   ] Safepoint "Cleanup", Time since last: 1012213000 ns, Reaching safepoint: 72000 ns, At safepoint: 54000 ns, Total: 126000 ns
[2024-02-06T09:36:02.256+0000][1536][safepoint   ] Safepoint "Cleanup", Time since last: 24254544400 ns, Reaching safepoint: 143500 ns, At safepoint: 45200 ns, Total: 188700 ns
[2024-02-06T09:36:43.514+0000][1536][gc,start    ] GC(28) Pause Young (Normal) (G1 Evacuation Pause)
[2024-02-06T09:36:43.514+0000][1536][gc,task     ] GC(28) Using 8 workers of 8 for evacuation
[2024-02-06T09:36:43.514+0000][1536][gc,age      ] GC(28) Desired survivor size 159383552 bytes, new threshold 15 (max threshold 15)
[2024-02-06T09:36:43.548+0000][1536][gc,phases   ] GC(28)   Pre Evacuate Collection Set: 0.9ms
[2024-02-06T09:36:43.548+0000][1536][gc,phases   ] GC(28)   Merge Heap Roots: 0.5ms
[2024-02-06T09:36:43.548+0000][1536][gc,phases   ] GC(28)   Evacuate Collection Set: 21.6ms
[2024-02-06T09:36:43.548+0000][1536][gc,phases   ] GC(28)   Post Evacuate Collection Set: 5.8ms
[2024-02-06T09:36:43.548+0000][1536][gc,phases   ] GC(28)   Other: 0.7ms
[2024-02-06T09:36:43.548+0000][1536][gc,age      ] GC(28) Age table with threshold 15 (max threshold 15)
[2024-02-06T09:36:43.548+0000][1536][gc,age      ] GC(28) - age   1:    1901856 bytes,    1901856 total
[2024-02-06T09:36:43.548+0000][1536][gc,age      ] GC(28) - age   2:     101288 bytes,    2003144 total
[2024-02-06T09:36:43.548+0000][1536][gc,age      ] GC(28) - age   3:     463496 bytes,    2466640 total
[2024-02-06T09:36:43.548+0000][1536][gc,age      ] GC(28) - age   4:        712 bytes,    2467352 total
[2024-02-06T09:36:43.548+0000][1536][gc,age      ] GC(28) - age   5:     176896 bytes,    2644248 total
[2024-02-06T09:36:43.548+0000][1536][gc,age      ] GC(28) - age   6:    1320744 bytes,    3964992 total
[2024-02-06T09:36:43.548+0000][1536][gc,age      ] GC(28) - age   7:    1962664 bytes,    5927656 total
[2024-02-06T09:36:43.548+0000][1536][gc,age      ] GC(28) - age   8:       4712 bytes,    5932368 total
[2024-02-06T09:36:43.548+0000][1536][gc,age      ] GC(28) - age   9:     331232 bytes,    6263600 total
[2024-02-06T09:36:43.548+0000][1536][gc,age      ] GC(28) - age  10:     108136 bytes,    6371736 total
[2024-02-06T09:36:43.548+0000][1536][gc,age      ] GC(28) - age  11:      10032 bytes,    6381768 total
[2024-02-06T09:36:43.548+0000][1536][gc,age      ] GC(28) - age  12:      40128 bytes,    6421896 total
[2024-02-06T09:36:43.548+0000][1536][gc,age      ] GC(28) - age  13:      50432 bytes,    6472328 total
[2024-02-06T09:36:43.548+0000][1536][gc,age      ] GC(28) - age  14:     314936 bytes,    6787264 total
[2024-02-06T09:36:43.548+0000][1536][gc,age      ] GC(28) - age  15:      31912 bytes,    6819176 total
[2024-02-06T09:36:43.548+0000][1536][gc,heap     ] GC(28) Eden regions: 604->0(604)
[2024-02-06T09:36:43.548+0000][1536][gc,heap     ] GC(28) Survivor regions: 2->2(76)
[2024-02-06T09:36:43.548+0000][1536][gc,heap     ] GC(28) Old regions: 27->27
[2024-02-06T09:36:43.548+0000][1536][gc,heap     ] GC(28) Archive regions: 0->0
[2024-02-06T09:36:43.548+0000][1536][gc,heap     ] GC(28) Humongous regions: 2->2
[2024-02-06T09:36:43.548+0000][1536][gc,metaspace] GC(28) Metaspace: 132223K(135744K)->132223K(135744K) NonClass: 114766K(116608K)->114766K(116608K) Class: 17457K(19136K)->17457K(19136K)
[2024-02-06T09:36:43.548+0000][1536][gc          ] GC(28) Pause Young (Normal) (G1 Evacuation Pause) 2536M->123M(4040M) 31.326ms
[2024-02-06T09:36:43.548+0000][1536][gc,cpu      ] GC(28) User=0.16s Sys=0.09s Real=0.03s
[2024-02-06T09:36:43.548+0000][1536][safepoint   ] Safepoint "G1CollectForAllocation", Time since last: 41260941600 ns, Reaching safepoint: 248700 ns, At safepoint: 31652900 ns, Total: 31901600 ns
[2024-02-06T09:38:19.215+0000][1536][safepoint   ] Safepoint "Cleanup", Time since last: 95666252700 ns, Reaching safepoint: 98100 ns, At safepoint: 23900 ns, Total: 122000 ns
[2024-02-06T09:39:47.919+0000][1536][safepoint   ] Safepoint "Cleanup", Time since last: 88703187100 ns, Reaching safepoint: 221700 ns, At safepoint: 26900 ns, Total: 248600 ns
[2024-02-06T09:40:18.195+0000][1536][safepoint   ] Safepoint "Cleanup", Time since last: 30275990700 ns, Reaching safepoint: 188500 ns, At safepoint: 46600 ns, Total: 235100 ns
[2024-02-06T09:40:36.372+0000][1536][safepoint   ] Safepoint "Cleanup", Time since last: 18177016500 ns, Reaching safepoint: 113800 ns, At safepoint: 49200 ns, Total: 163000 ns
[2024-02-06T09:43:03.613+0000][1536][safepoint   ] Safepoint "Cleanup", Time since last: 147240670300 ns, Reaching safepoint: 287100 ns, At safepoint: 20400 ns, Total: 307500 ns
[2024-02-06T09:43:11.697+0000][1536][safepoint   ] Safepoint "Cleanup", Time since last: 8068043200 ns, Reaching safepoint: 15632800 ns, At safepoint: 56700 ns, Total: 15689500 ns
[2024-02-06T09:43:19.772+0000][1536][safepoint   ] Safepoint "Cleanup", Time since last: 8074920400 ns, Reaching safepoint: 104300 ns, At safepoint: 19300 ns, Total: 123600 ns
[2024-02-06T09:43:26.837+0000][1536][safepoint   ] Safepoint "Cleanup", Time since last: 7064689900 ns, Reaching safepoint: 230500 ns, At safepoint: 25000 ns, Total: 255500 ns
[2024-02-06T09:44:19.221+0000][1536][safepoint   ] Safepoint "Cleanup", Time since last: 52383901300 ns, Reaching safepoint: 171000 ns, At safepoint: 79500 ns, Total: 250500 ns
[2024-02-06T09:45:19.688+0000][1536][safepoint   ] Safepoint "Cleanup", Time since last: 60467107300 ns, Reaching safepoint: 78200 ns, At safepoint: 22500 ns, Total: 100700 ns
[2024-02-06T09:46:00.974+0000][1536][safepoint   ] Safepoint "Cleanup", Time since last: 41284930300 ns, Reaching safepoint: 168600 ns, At safepoint: 22500 ns, Total: 191100 ns
[2024-02-06T09:46:19.106+0000][1536][safepoint   ] Safepoint "Cleanup", Time since last: 18132123800 ns, Reaching safepoint: 157500 ns, At safepoint: 51100 ns, Total: 208600 ns
[2024-02-06T09:46:29.201+0000][1536][safepoint   ] Safepoint "Cleanup", Time since last: 10094917300 ns, Reaching safepoint: 111200 ns, At safepoint: 82900 ns, Total: 194100 ns
[2024-02-06T09:46:30.204+0000][1536][safepoint   ] Safepoint "Cleanup", Time since last: 1003215800 ns, Reaching safepoint: 95200 ns, At safepoint: 75400 ns, Total: 170600 ns
[2024-02-06T09:46:48.381+0000][1536][safepoint   ] Safepoint "Cleanup", Time since last: 18176254100 ns, Reaching safepoint: 114400 ns, At safepoint: 66700 ns, Total: 181100 ns
[2024-02-06T09:47:00.407+0000][1536][gc,start    ] GC(29) Pause Young (Normal) (G1 Evacuation Pause)
[2024-02-06T09:47:00.407+0000][1536][gc,task     ] GC(29) Using 8 workers of 8 for evacuation
[2024-02-06T09:47:00.407+0000][1536][gc,age      ] GC(29) Desired survivor size 159383552 bytes, new threshold 15 (max threshold 15)
[2024-02-06T09:47:00.420+0000][1536][gc,phases   ] GC(29)   Pre Evacuate Collection Set: 0.6ms
[2024-02-06T09:47:00.420+0000][1536][gc,phases   ] GC(29)   Merge Heap Roots: 0.1ms
[2024-02-06T09:47:00.420+0000][1536][gc,phases   ] GC(29)   Evacuate Collection Set: 9.9ms
[2024-02-06T09:47:00.420+0000][1536][gc,phases   ] GC(29)   Post Evacuate Collection Set: 1.5ms
[2024-02-06T09:47:00.420+0000][1536][gc,phases   ] GC(29)   Other: 0.2ms
[2024-02-06T09:47:00.420+0000][1536][gc,age      ] GC(29) Age table with threshold 15 (max threshold 15)
[2024-02-06T09:47:00.420+0000][1536][gc,age      ] GC(29) - age   1:    1987088 bytes,    1987088 total
[2024-02-06T09:47:00.420+0000][1536][gc,age      ] GC(29) - age   2:     301792 bytes,    2288880 total
[2024-02-06T09:47:00.420+0000][1536][gc,age      ] GC(29) - age   3:      99640 bytes,    2388520 total
[2024-02-06T09:47:00.420+0000][1536][gc,age      ] GC(29) - age   4:     463296 bytes,    2851816 total
[2024-02-06T09:47:00.420+0000][1536][gc,age      ] GC(29) - age   5:        552 bytes,    2852368 total
[2024-02-06T09:47:00.420+0000][1536][gc,age      ] GC(29) - age   6:     176896 bytes,    3029264 total
[2024-02-06T09:47:00.420+0000][1536][gc,age      ] GC(29) - age   7:    1320648 bytes,    4349912 total
[2024-02-06T09:47:00.420+0000][1536][gc,age      ] GC(29) - age   8:    1962512 bytes,    6312424 total
[2024-02-06T09:47:00.420+0000][1536][gc,age      ] GC(29) - age   9:       4712 bytes,    6317136 total
[2024-02-06T09:47:00.420+0000][1536][gc,age      ] GC(29) - age  10:     331176 bytes,    6648312 total
[2024-02-06T09:47:00.420+0000][1536][gc,age      ] GC(29) - age  11:     108136 bytes,    6756448 total
[2024-02-06T09:47:00.420+0000][1536][gc,age      ] GC(29) - age  12:      10032 bytes,    6766480 total
[2024-02-06T09:47:00.420+0000][1536][gc,age      ] GC(29) - age  13:      40128 bytes,    6806608 total
[2024-02-06T09:47:00.420+0000][1536][gc,age      ] GC(29) - age  14:      50432 bytes,    6857040 total
[2024-02-06T09:47:00.420+0000][1536][gc,age      ] GC(29) - age  15:     314936 bytes,    7171976 total
[2024-02-06T09:47:00.420+0000][1536][gc,heap     ] GC(29) Eden regions: 604->0(604)
[2024-02-06T09:47:00.420+0000][1536][gc,heap     ] GC(29) Survivor regions: 2->2(76)
[2024-02-06T09:47:00.420+0000][1536][gc,heap     ] GC(29) Old regions: 27->27
[2024-02-06T09:47:00.420+0000][1536][gc,heap     ] GC(29) Archive regions: 0->0
[2024-02-06T09:47:00.420+0000][1536][gc,heap     ] GC(29) Humongous regions: 2->2
[2024-02-06T09:47:00.420+0000][1536][gc,metaspace] GC(29) Metaspace: 132254K(135744K)->132254K(135744K) NonClass: 114797K(116608K)->114797K(116608K) Class: 17457K(19136K)->17457K(19136K)
[2024-02-06T09:47:00.421+0000][1536][gc          ] GC(29) Pause Young (Normal) (G1 Evacuation Pause) 2539M->123M(4040M) 12.940ms
[2024-02-06T09:47:00.421+0000][1536][gc,cpu      ] GC(29) User=0.00s Sys=0.00s Real=0.01s
[2024-02-06T09:47:00.421+0000][1536][safepoint   ] Safepoint "G1CollectForAllocation", Time since last: 12026532900 ns, Reaching safepoint: 98600 ns, At safepoint: 13621900 ns, Total: 13720500 ns
[2024-02-06T09:47:03.480+0000][1536][safepoint   ] Safepoint "Cleanup", Time since last: 3042527200 ns, Reaching safepoint: 16670400 ns, At safepoint: 131600 ns, Total: 16802000 ns
[2024-02-06T09:47:19.670+0000][1536][safepoint   ] Safepoint "Cleanup", Time since last: 16189860600 ns, Reaching safepoint: 70800 ns, At safepoint: 17000 ns, Total: 87800 ns
[2024-02-06T09:47:27.743+0000][1536][safepoint   ] Safepoint "Cleanup", Time since last: 8072595000 ns, Reaching safepoint: 301600 ns, At safepoint: 20200 ns, Total: 321800 ns
[2024-02-06T09:47:28.756+0000][1536][safepoint   ] Safepoint "Cleanup", Time since last: 1013125900 ns, Reaching safepoint: 192000 ns, At safepoint: 19000 ns, Total: 211000 ns
[2024-02-06T09:47:54.953+0000][1536][safepoint   ] Safepoint "Cleanup", Time since last: 26195920400 ns, Reaching safepoint: 186800 ns, At safepoint: 19400 ns, Total: 206200 ns
[2024-02-06T09:48:03.041+0000][1536][safepoint   ] Safepoint "Cleanup", Time since last: 8051824500 ns, Reaching safepoint: 35883800 ns, At safepoint: 1127900 ns, Total: 37011700 ns
[2024-02-06T09:48:04.056+0000][1536][safepoint   ] Safepoint "Cleanup", Time since last: 1013801200 ns, Reaching safepoint: 955800 ns, At safepoint: 18000 ns, Total: 973800 ns
[2024-02-06T09:48:05.740+0000][1536][safepoint   ] Safepoint "Cleanup", Time since last: 1649767800 ns, Reaching safepoint: 33733500 ns, At safepoint: 59300 ns, Total: 33792800 ns
[2024-02-06T09:48:06.743+0000][1536][safepoint   ] Safepoint "Cleanup", Time since last: 1003102500 ns, Reaching safepoint: 135000 ns, At safepoint: 66400 ns, Total: 201400 ns
[2024-02-06T09:48:08.061+0000][1536][safepoint   ] Safepoint "Cleanup", Time since last: 1318161500 ns, Reaching safepoint: 300800 ns, At safepoint: 26100 ns, Total: 326900 ns
[2024-02-06T09:48:09.077+0000][1536][safepoint   ] Safepoint "Cleanup", Time since last: 1015706200 ns, Reaching safepoint: 840100 ns, At safepoint: 40000 ns, Total: 880100 ns
[2024-02-06T09:48:10.081+0000][1536][safepoint   ] Safepoint "Cleanup", Time since last: 1002370100 ns, Reaching safepoint: 287500 ns, At safepoint: 19100 ns, Total: 306600 ns
[2024-02-06T09:48:11.119+0000][1536][safepoint   ] Safepoint "Cleanup", Time since last: 1003243000 ns, Reaching safepoint: 34440700 ns, At safepoint: 47400 ns, Total: 34488100 ns
[2024-02-06T09:48:12.122+0000][1536][safepoint   ] Safepoint "Cleanup", Time since last: 1003178300 ns, Reaching safepoint: 231200 ns, At safepoint: 28000 ns, Total: 259200 ns
[2024-02-06T09:48:13.264+0000][1536][safepoint   ] Safepoint "Cleanup", Time since last: 1141540500 ns, Reaching safepoint: 120300 ns, At safepoint: 11900 ns, Total: 132200 ns
[2024-02-06T09:48:15.272+0000][1536][safepoint   ] Safepoint "Cleanup", Time since last: 2008499700 ns, Reaching safepoint: 144300 ns, At safepoint: 31000 ns, Total: 175300 ns
[2024-02-06T09:48:16.279+0000][1536][safepoint   ] Safepoint "Cleanup", Time since last: 1006663500 ns, Reaching safepoint: 102300 ns, At safepoint: 12200 ns, Total: 114500 ns
[2024-02-06T09:48:17.280+0000][1536][safepoint   ] Safepoint "Cleanup", Time since last: 1001257900 ns, Reaching safepoint: 278800 ns, At safepoint: 50300 ns, Total: 329100 ns
[2024-02-06T09:48:18.289+0000][1536][safepoint   ] Safepoint "Cleanup", Time since last: 1007701000 ns, Reaching safepoint: 86500 ns, At safepoint: 16100 ns, Total: 102600 ns
[2024-02-06T09:48:19.291+0000][1536][safepoint   ] Safepoint "Cleanup", Time since last: 1002730600 ns, Reaching safepoint: 87200 ns, At safepoint: 66900 ns, Total: 154100 ns
[2024-02-06T09:48:20.301+0000][1536][safepoint   ] Safepoint "Cleanup", Time since last: 1008053700 ns, Reaching safepoint: 1036400 ns, At safepoint: 58300 ns, Total: 1094700 ns
[2024-02-06T09:48:21.313+0000][1536][safepoint   ] Safepoint "Cleanup", Time since last: 1012540500 ns, Reaching safepoint: 162900 ns, At safepoint: 36500 ns, Total: 199400 ns
[2024-02-06T09:48:22.327+0000][1536][safepoint   ] Safepoint "Cleanup", Time since last: 1013726000 ns, Reaching safepoint: 134200 ns, At safepoint: 19000 ns, Total: 153200 ns
[2024-02-06T09:48:23.336+0000][1536][safepoint   ] Safepoint "Cleanup", Time since last: 1008323000 ns, Reaching safepoint: 135700 ns, At safepoint: 50100 ns, Total: 185800 ns
[2024-02-06T09:48:24.342+0000][1536][safepoint   ] Safepoint "Cleanup", Time since last: 1006096100 ns, Reaching safepoint: 348500 ns, At safepoint: 38900 ns, Total: 387400 ns
[2024-02-06T09:48:25.358+0000][1536][safepoint   ] Safepoint "Cleanup", Time since last: 1015842600 ns, Reaching safepoint: 110600 ns, At safepoint: 25800 ns, Total: 136400 ns
[2024-02-06T09:48:26.363+0000][1536][safepoint   ] Safepoint "Cleanup", Time since last: 1004595600 ns, Reaching safepoint: 87400 ns, At safepoint: 12300 ns, Total: 99700 ns
[2024-02-06T09:48:27.367+0000][1536][safepoint   ] Safepoint "Cleanup", Time since last: 1003528000 ns, Reaching safepoint: 741600 ns, At safepoint: 65600 ns, Total: 807200 ns
[2024-02-06T09:48:28.381+0000][1536][safepoint   ] Safepoint "Cleanup", Time since last: 1013975300 ns, Reaching safepoint: 125000 ns, At safepoint: 25600 ns, Total: 150600 ns
[2024-02-06T09:48:29.391+0000][1536][safepoint   ] Safepoint "Cleanup", Time since last: 1010009400 ns, Reaching safepoint: 103900 ns, At safepoint: 14700 ns, Total: 118600 ns
[2024-02-06T09:48:30.397+0000][1536][safepoint   ] Safepoint "Cleanup", Time since last: 1005173100 ns, Reaching safepoint: 91200 ns, At safepoint: 121100 ns, Total: 212300 ns
[2024-02-06T09:48:31.405+0000][1536][safepoint   ] Safepoint "Cleanup", Time since last: 1008390900 ns, Reaching safepoint: 89200 ns, At safepoint: 27900 ns, Total: 117100 ns
[2024-02-06T09:48:32.412+0000][1536][safepoint   ] Safepoint "Cleanup", Time since last: 1006167700 ns, Reaching safepoint: 236900 ns, At safepoint: 36100 ns, Total: 273000 ns
[2024-02-06T09:48:33.412+0000][1536][safepoint   ] Safepoint "Cleanup", Time since last: 1000340200 ns, Reaching safepoint: 101100 ns, At safepoint: 207300 ns, Total: 308400 ns
[2024-02-06T09:48:34.461+0000][1536][safepoint   ] Safepoint "Cleanup", Time since last: 1048534700 ns, Reaching safepoint: 176900 ns, At safepoint: 26700 ns, Total: 203600 ns
[2024-02-06T09:48:35.476+0000][1536][safepoint   ] Safepoint "Cleanup", Time since last: 1014445300 ns, Reaching safepoint: 104800 ns, At safepoint: 25000 ns, Total: 129800 ns
[2024-02-06T09:48:36.490+0000][1536][safepoint   ] Safepoint "Cleanup", Time since last: 1014159200 ns, Reaching safepoint: 136700 ns, At safepoint: 17900 ns, Total: 154600 ns
[2024-02-06T09:48:38.514+0000][1536][safepoint   ] Safepoint "Cleanup", Time since last: 2024028100 ns, Reaching safepoint: 90200 ns, At safepoint: 15000 ns, Total: 105200 ns
[2024-02-06T09:48:39.543+0000][1536][safepoint   ] Safepoint "Cleanup", Time since last: 1012122500 ns, Reaching safepoint: 16730700 ns, At safepoint: 57600 ns, Total: 16788300 ns
[2024-02-06T09:48:40.555+0000][1536][safepoint   ] Safepoint "Cleanup", Time since last: 1011869400 ns, Reaching safepoint: 106900 ns, At safepoint: 23000 ns, Total: 129900 ns
[2024-02-06T09:48:41.572+0000][1536][safepoint   ] Safepoint "Cleanup", Time since last: 1000938700 ns, Reaching safepoint: 15858900 ns, At safepoint: 190500 ns, Total: 16049400 ns
[2024-02-06T09:48:42.581+0000][1536][safepoint   ] Safepoint "Cleanup", Time since last: 1008361700 ns, Reaching safepoint: 139100 ns, At safepoint: 74000 ns, Total: 213100 ns
[2024-02-06T09:48:43.594+0000][1536][safepoint   ] Safepoint "Cleanup", Time since last: 1013255200 ns, Reaching safepoint: 127900 ns, At safepoint: 63700 ns, Total: 191600 ns
[2024-02-06T09:48:44.606+0000][1536][safepoint   ] Safepoint "Cleanup", Time since last: 1011610500 ns, Reaching safepoint: 101900 ns, At safepoint: 22700 ns, Total: 124600 ns
[2024-02-06T09:48:45.615+0000][1536][safepoint   ] Safepoint "Cleanup", Time since last: 1009001100 ns, Reaching safepoint: 80200 ns, At safepoint: 24800 ns, Total: 105000 ns
[2024-02-06T09:48:47.634+0000][1536][safepoint   ] Safepoint "Cleanup", Time since last: 2018867100 ns, Reaching safepoint: 248900 ns, At safepoint: 37400 ns, Total: 286300 ns
[2024-02-06T09:48:48.644+0000][1536][safepoint   ] Safepoint "Cleanup", Time since last: 1009421300 ns, Reaching safepoint: 119500 ns, At safepoint: 14500 ns, Total: 134000 ns
[2024-02-06T09:48:49.652+0000][1536][safepoint   ] Safepoint "Cleanup", Time since last: 1007721900 ns, Reaching safepoint: 146100 ns, At safepoint: 53600 ns, Total: 199700 ns
[2024-02-06T09:48:50.665+0000][1536][safepoint   ] Safepoint "Cleanup", Time since last: 1013286600 ns, Reaching safepoint: 136300 ns, At safepoint: 29000 ns, Total: 165300 ns
[2024-02-06T09:48:51.669+0000][1536][safepoint   ] Safepoint "Cleanup", Time since last: 1003828100 ns, Reaching safepoint: 159600 ns, At safepoint: 91500 ns, Total: 251100 ns
[2024-02-06T09:48:52.681+0000][1536][safepoint   ] Safepoint "Cleanup", Time since last: 1011218800 ns, Reaching safepoint: 181200 ns, At safepoint: 35300 ns, Total: 216500 ns
[2024-02-06T09:48:54.703+0000][1536][safepoint   ] Safepoint "Cleanup", Time since last: 2022041800 ns, Reaching safepoint: 106600 ns, At safepoint: 60200 ns, Total: 166800 ns
[2024-02-06T09:48:55.714+0000][1536][safepoint   ] Safepoint "Cleanup", Time since last: 1010697400 ns, Reaching safepoint: 123400 ns, At safepoint: 25500 ns, Total: 148900 ns
[2024-02-06T09:48:56.726+0000][1536][safepoint   ] Safepoint "Cleanup", Time since last: 1012399200 ns, Reaching safepoint: 126600 ns, At safepoint: 52200 ns, Total: 178800 ns
[2024-02-06T09:48:57.737+0000][1536][safepoint   ] Safepoint "Cleanup", Time since last: 1010675500 ns, Reaching safepoint: 160400 ns, At safepoint: 89100 ns, Total: 249500 ns
[2024-02-06T09:48:58.754+0000][1536][safepoint   ] Safepoint "Cleanup", Time since last: 1016924200 ns, Reaching safepoint: 115700 ns, At safepoint: 21600 ns, Total: 137300 ns
[2024-02-06T09:48:59.759+0000][1536][safepoint   ] Safepoint "Cleanup", Time since last: 1004903000 ns, Reaching safepoint: 162100 ns, At safepoint: 78900 ns, Total: 241000 ns
[2024-02-06T09:49:00.768+0000][1536][safepoint   ] Safepoint "Cleanup", Time since last: 1008736600 ns, Reaching safepoint: 89800 ns, At safepoint: 17100 ns, Total: 106900 ns
[2024-02-06T09:49:01.776+0000][1536][safepoint   ] Safepoint "Cleanup", Time since last: 1008175800 ns, Reaching safepoint: 103000 ns, At safepoint: 11300 ns, Total: 114300 ns
[2024-02-06T09:49:02.788+0000][1536][safepoint   ] Safepoint "Cleanup", Time since last: 1011691800 ns, Reaching safepoint: 111100 ns, At safepoint: 11100 ns, Total: 122200 ns
[2024-02-06T09:49:03.790+0000][1536][safepoint   ] Safepoint "Cleanup", Time since last: 1001369100 ns, Reaching safepoint: 105300 ns, At safepoint: 83600 ns, Total: 188900 ns
[2024-02-06T09:49:04.802+0000][1536][safepoint   ] Safepoint "Cleanup", Time since last: 1011999000 ns, Reaching safepoint: 94200 ns, At safepoint: 18300 ns, Total: 112500 ns
[2024-02-06T09:49:08.431+0000][1536][safepoint   ] Safepoint "Cleanup", Time since last: 3629410200 ns, Reaching safepoint: 171000 ns, At safepoint: 25500 ns, Total: 196500 ns
[2024-02-06T09:49:09.443+0000][1536][safepoint   ] Safepoint "Cleanup", Time since last: 1011069000 ns, Reaching safepoint: 168000 ns, At safepoint: 64900 ns, Total: 232900 ns
[2024-02-06T09:49:10.071+0000][1536][gc,start    ] GC(30) Pause Young (Normal) (G1 Evacuation Pause)
[2024-02-06T09:49:10.072+0000][1536][gc,task     ] GC(30) Using 8 workers of 8 for evacuation
[2024-02-06T09:49:10.072+0000][1536][gc,age      ] GC(30) Desired survivor size 159383552 bytes, new threshold 15 (max threshold 15)
[2024-02-06T09:49:10.127+0000][1536][gc,phases   ] GC(30)   Pre Evacuate Collection Set: 1.0ms
[2024-02-06T09:49:10.127+0000][1536][gc,phases   ] GC(30)   Merge Heap Roots: 1.7ms
[2024-02-06T09:49:10.127+0000][1536][gc,phases   ] GC(30)   Evacuate Collection Set: 50.9ms
[2024-02-06T09:49:10.127+0000][1536][gc,phases   ] GC(30)   Post Evacuate Collection Set: 1.6ms
[2024-02-06T09:49:10.127+0000][1536][gc,phases   ] GC(30)   Other: 0.6ms
[2024-02-06T09:49:10.127+0000][1536][gc,age      ] GC(30) Age table with threshold 15 (max threshold 15)
[2024-02-06T09:49:10.127+0000][1536][gc,age      ] GC(30) - age   1:   25929872 bytes,   25929872 total
[2024-02-06T09:49:10.127+0000][1536][gc,age      ] GC(30) - age   2:      13816 bytes,   25943688 total
[2024-02-06T09:49:10.127+0000][1536][gc,age      ] GC(30) - age   3:     297936 bytes,   26241624 total
[2024-02-06T09:49:10.127+0000][1536][gc,age      ] GC(30) - age   4:      99400 bytes,   26341024 total
[2024-02-06T09:49:10.127+0000][1536][gc,age      ] GC(30) - age   5:     457976 bytes,   26799000 total
[2024-02-06T09:49:10.127+0000][1536][gc,age      ] GC(30) - age   6:        416 bytes,   26799416 total
[2024-02-06T09:49:10.127+0000][1536][gc,age      ] GC(30) - age   7:     176680 bytes,   26976096 total
[2024-02-06T09:49:10.127+0000][1536][gc,age      ] GC(30) - age   8:    1079296 bytes,   28055392 total
[2024-02-06T09:49:10.127+0000][1536][gc,age      ] GC(30) - age   9:    1958160 bytes,   30013552 total
[2024-02-06T09:49:10.127+0000][1536][gc,age      ] GC(30) - age  10:       4632 bytes,   30018184 total
[2024-02-06T09:49:10.127+0000][1536][gc,age      ] GC(30) - age  11:     298184 bytes,   30316368 total
[2024-02-06T09:49:10.127+0000][1536][gc,age      ] GC(30) - age  12:     107808 bytes,   30424176 total
[2024-02-06T09:49:10.127+0000][1536][gc,age      ] GC(30) - age  13:       9816 bytes,   30433992 total
[2024-02-06T09:49:10.127+0000][1536][gc,age      ] GC(30) - age  14:      40128 bytes,   30474120 total
[2024-02-06T09:49:10.127+0000][1536][gc,age      ] GC(30) - age  15:      50296 bytes,   30524416 total
[2024-02-06T09:49:10.127+0000][1536][gc,heap     ] GC(30) Eden regions: 604->0(598)
[2024-02-06T09:49:10.127+0000][1536][gc,heap     ] GC(30) Survivor regions: 2->8(76)
[2024-02-06T09:49:10.127+0000][1536][gc,heap     ] GC(30) Old regions: 27->28
[2024-02-06T09:49:10.127+0000][1536][gc,heap     ] GC(30) Archive regions: 0->0
[2024-02-06T09:49:10.127+0000][1536][gc,heap     ] GC(30) Humongous regions: 2->2
[2024-02-06T09:49:10.127+0000][1536][gc,metaspace] GC(30) Metaspace: 133693K(137152K)->133693K(137152K) NonClass: 116151K(117952K)->116151K(117952K) Class: 17541K(19200K)->17541K(19200K)
[2024-02-06T09:49:10.127+0000][1536][gc          ] GC(30) Pause Young (Normal) (G1 Evacuation Pause) 2539M->147M(4040M) 56.469ms
[2024-02-06T09:49:10.127+0000][1536][gc,cpu      ] GC(30) User=0.12s Sys=0.17s Real=0.06s
[2024-02-06T09:49:10.127+0000][1536][safepoint   ] Safepoint "G1CollectForAllocation", Time since last: 611852600 ns, Reaching safepoint: 16300500 ns, At safepoint: 56632600 ns, Total: 72933100 ns
[2024-02-06T09:49:11.130+0000][1536][safepoint   ] Safepoint "Cleanup", Time since last: 1001856900 ns, Reaching safepoint: 112900 ns, At safepoint: 23700 ns, Total: 136600 ns
[2024-02-06T09:49:13.164+0000][1536][safepoint   ] Safepoint "Cleanup", Time since last: 2034111800 ns, Reaching safepoint: 131400 ns, At safepoint: 20100 ns, Total: 151500 ns
[2024-02-06T09:49:14.767+0000][1536][safepoint   ] Safepoint "Cleanup", Time since last: 1603264200 ns, Reaching safepoint: 169200 ns, At safepoint: 21500 ns, Total: 190700 ns
[2024-02-06T09:49:15.782+0000][1536][safepoint   ] Safepoint "Cleanup", Time since last: 1014722400 ns, Reaching safepoint: 104500 ns, At safepoint: 60900 ns, Total: 165400 ns
[2024-02-06T09:49:16.794+0000][1536][safepoint   ] Safepoint "Cleanup", Time since last: 1011740700 ns, Reaching safepoint: 140800 ns, At safepoint: 53400 ns, Total: 194200 ns
[2024-02-06T09:49:17.795+0000][1536][safepoint   ] Safepoint "Cleanup", Time since last: 1000727000 ns, Reaching safepoint: 75300 ns, At safepoint: 15700 ns, Total: 91000 ns
[2024-02-06T09:49:18.805+0000][1536][safepoint   ] Safepoint "Cleanup", Time since last: 1009822600 ns, Reaching safepoint: 118400 ns, At safepoint: 115900 ns, Total: 234300 ns
[2024-02-06T09:49:20.833+0000][1536][safepoint   ] Safepoint "Cleanup", Time since last: 2027601500 ns, Reaching safepoint: 93300 ns, At safepoint: 20500 ns, Total: 113800 ns
[2024-02-06T09:49:22.852+0000][1536][safepoint   ] Safepoint "Cleanup", Time since last: 2019468000 ns, Reaching safepoint: 161700 ns, At safepoint: 27600 ns, Total: 189300 ns
[2024-02-06T09:49:23.868+0000][1536][safepoint   ] Safepoint "Cleanup", Time since last: 1015371200 ns, Reaching safepoint: 106900 ns, At safepoint: 95800 ns, Total: 202700 ns
[2024-02-06T09:49:24.871+0000][1536][safepoint   ] Safepoint "Cleanup", Time since last: 1003169300 ns, Reaching safepoint: 164000 ns, At safepoint: 16800 ns, Total: 180800 ns
[2024-02-06T09:49:25.878+0000][1536][safepoint   ] Safepoint "Cleanup", Time since last: 1006587600 ns, Reaching safepoint: 701600 ns, At safepoint: 19000 ns, Total: 720600 ns
[2024-02-06T09:49:26.885+0000][1536][safepoint   ] Safepoint "Cleanup", Time since last: 1006333200 ns, Reaching safepoint: 162600 ns, At safepoint: 91400 ns, Total: 254000 ns
[2024-02-06T09:49:27.891+0000][1536][safepoint   ] Safepoint "Cleanup", Time since last: 1005581900 ns, Reaching safepoint: 210400 ns, At safepoint: 89900 ns, Total: 300300 ns
[2024-02-06T09:49:28.896+0000][1536][safepoint   ] Safepoint "Cleanup", Time since last: 1004298500 ns, Reaching safepoint: 115500 ns, At safepoint: 14500 ns, Total: 130000 ns
[2024-02-06T09:49:29.897+0000][1536][safepoint   ] Safepoint "Cleanup", Time since last: 1001010700 ns, Reaching safepoint: 118900 ns, At safepoint: 71000 ns, Total: 189900 ns
[2024-02-06T09:49:30.931+0000][1536][safepoint   ] Safepoint "Cleanup", Time since last: 1017359800 ns, Reaching safepoint: 16873600 ns, At safepoint: 82500 ns, Total: 16956100 ns
[2024-02-06T09:49:33.179+0000][1536][safepoint   ] Safepoint "Cleanup", Time since last: 2251919300 ns, Reaching safepoint: 82800 ns, At safepoint: 18100 ns, Total: 100900 ns
[2024-02-06T09:49:34.184+0000][1536][safepoint   ] Safepoint "Cleanup", Time since last: 1001164200 ns, Reaching safepoint: 100600 ns, At safepoint: 26600 ns, Total: 127200 ns
[2024-02-06T09:49:35.203+0000][1536][safepoint   ] Safepoint "Cleanup", Time since last: 1018908500 ns, Reaching safepoint: 152700 ns, At safepoint: 87100 ns, Total: 239800 ns
[2024-02-06T09:49:36.216+0000][1536][safepoint   ] Safepoint "Cleanup", Time since last: 1012415300 ns, Reaching safepoint: 212300 ns, At safepoint: 33300 ns, Total: 245600 ns
[2024-02-06T09:49:37.226+0000][1536][safepoint   ] Safepoint "Cleanup", Time since last: 1009301100 ns, Reaching safepoint: 114500 ns, At safepoint: 12100 ns, Total: 126600 ns
[2024-02-06T09:49:41.275+0000][1536][safepoint   ] Safepoint "Cleanup", Time since last: 4049322600 ns, Reaching safepoint: 108400 ns, At safepoint: 36200 ns, Total: 144600 ns
[2024-02-06T09:49:42.298+0000][1536][safepoint   ] Safepoint "Cleanup", Time since last: 1022479700 ns, Reaching safepoint: 132700 ns, At safepoint: 21700 ns, Total: 154400 ns
[2024-02-06T09:49:43.313+0000][1536][safepoint   ] Safepoint "Cleanup", Time since last: 1014880800 ns, Reaching safepoint: 104900 ns, At safepoint: 22400 ns, Total: 127300 ns
[2024-02-06T09:49:44.327+0000][1536][safepoint   ] Safepoint "Cleanup", Time since last: 1014379200 ns, Reaching safepoint: 94700 ns, At safepoint: 24900 ns, Total: 119600 ns
[2024-02-06T09:49:45.332+0000][1536][safepoint   ] Safepoint "Cleanup", Time since last: 1004291100 ns, Reaching safepoint: 92900 ns, At safepoint: 14300 ns, Total: 107200 ns
[2024-02-06T09:49:46.342+0000][1536][safepoint   ] Safepoint "Cleanup", Time since last: 1010007100 ns, Reaching safepoint: 85100 ns, At safepoint: 17300 ns, Total: 102400 ns
[2024-02-06T09:49:49.368+0000][1536][safepoint   ] Safepoint "Cleanup", Time since last: 3026350800 ns, Reaching safepoint: 163400 ns, At safepoint: 85200 ns, Total: 248600 ns
[2024-02-06T09:49:49.679+0000][1536][gc,start    ] GC(31) Pause Young (Normal) (G1 Evacuation Pause)
[2024-02-06T09:49:49.679+0000][1536][gc,task     ] GC(31) Using 8 workers of 8 for evacuation
[2024-02-06T09:49:49.679+0000][1536][gc,age      ] GC(31) Desired survivor size 159383552 bytes, new threshold 15 (max threshold 15)
[2024-02-06T09:49:49.791+0000][1536][gc,phases   ] GC(31)   Pre Evacuate Collection Set: 0.4ms
[2024-02-06T09:49:49.791+0000][1536][gc,phases   ] GC(31)   Merge Heap Roots: 0.2ms
[2024-02-06T09:49:49.791+0000][1536][gc,phases   ] GC(31)   Evacuate Collection Set: 97.7ms
[2024-02-06T09:49:49.791+0000][1536][gc,phases   ] GC(31)   Post Evacuate Collection Set: 1.5ms
[2024-02-06T09:49:49.791+0000][1536][gc,phases   ] GC(31)   Other: 0.3ms
[2024-02-06T09:49:49.791+0000][1536][gc,age      ] GC(31) Age table with threshold 15 (max threshold 15)
[2024-02-06T09:49:49.791+0000][1536][gc,age      ] GC(31) - age   1:   52245072 bytes,   52245072 total
[2024-02-06T09:49:49.791+0000][1536][gc,age      ] GC(31) - age   2:   21098344 bytes,   73343416 total
[2024-02-06T09:49:49.791+0000][1536][gc,age      ] GC(31) - age   3:       8776 bytes,   73352192 total
[2024-02-06T09:49:49.791+0000][1536][gc,age      ] GC(31) - age   4:      56312 bytes,   73408504 total
[2024-02-06T09:49:49.791+0000][1536][gc,age      ] GC(31) - age   5:       6848 bytes,   73415352 total
[2024-02-06T09:49:49.791+0000][1536][gc,age      ] GC(31) - age   6:     163144 bytes,   73578496 total
[2024-02-06T09:49:49.791+0000][1536][gc,age      ] GC(31) - age   7:        416 bytes,   73578912 total
[2024-02-06T09:49:49.791+0000][1536][gc,age      ] GC(31) - age   8:      81312 bytes,   73660224 total
[2024-02-06T09:49:49.791+0000][1536][gc,age      ] GC(31) - age   9:     893752 bytes,   74553976 total
[2024-02-06T09:49:49.791+0000][1536][gc,age      ] GC(31) - age  10:    1957792 bytes,   76511768 total
[2024-02-06T09:49:49.791+0000][1536][gc,age      ] GC(31) - age  11:       4632 bytes,   76516400 total
[2024-02-06T09:49:49.791+0000][1536][gc,age      ] GC(31) - age  12:     298184 bytes,   76814584 total
[2024-02-06T09:49:49.791+0000][1536][gc,age      ] GC(31) - age  13:     107808 bytes,   76922392 total
[2024-02-06T09:49:49.791+0000][1536][gc,age      ] GC(31) - age  14:       9816 bytes,   76932208 total
[2024-02-06T09:49:49.791+0000][1536][gc,age      ] GC(31) - age  15:      40128 bytes,   76972336 total
[2024-02-06T09:49:49.791+0000][1536][gc,heap     ] GC(31) Eden regions: 598->0(586)
[2024-02-06T09:49:49.791+0000][1536][gc,heap     ] GC(31) Survivor regions: 8->20(76)
[2024-02-06T09:49:49.791+0000][1536][gc,heap     ] GC(31) Old regions: 28->28
[2024-02-06T09:49:49.791+0000][1536][gc,heap     ] GC(31) Archive regions: 0->0
[2024-02-06T09:49:49.791+0000][1536][gc,heap     ] GC(31) Humongous regions: 2->2
[2024-02-06T09:49:49.791+0000][1536][gc,metaspace] GC(31) Metaspace: 133801K(137344K)->133801K(137344K) NonClass: 116256K(118144K)->116256K(118144K) Class: 17544K(19200K)->17544K(19200K)
[2024-02-06T09:49:49.791+0000][1536][gc          ] GC(31) Pause Young (Normal) (G1 Evacuation Pause) 2539M->195M(4040M) 100.883ms
[2024-02-06T09:49:49.791+0000][1536][gc,cpu      ] GC(31) User=0.39s Sys=0.28s Real=0.11s
[2024-02-06T09:49:49.791+0000][1536][safepoint   ] Safepoint "G1CollectForAllocation", Time since last: 324650800 ns, Reaching safepoint: 110700 ns, At safepoint: 101135000 ns, Total: 101245700 ns
[2024-02-06T09:49:50.805+0000][1536][safepoint   ] Safepoint "Cleanup", Time since last: 1010790500 ns, Reaching safepoint: 101100 ns, At safepoint: 13600 ns, Total: 114700 ns
[2024-02-06T09:49:51.806+0000][1536][safepoint   ] Safepoint "Cleanup", Time since last: 1000305600 ns, Reaching safepoint: 77900 ns, At safepoint: 5700 ns, Total: 83600 ns
[2024-02-06T09:49:52.819+0000][1536][safepoint   ] Safepoint "Cleanup", Time since last: 1012871000 ns, Reaching safepoint: 170100 ns, At safepoint: 27700 ns, Total: 197800 ns
[2024-02-06T09:49:53.833+0000][1536][safepoint   ] Safepoint "Cleanup", Time since last: 1013931000 ns, Reaching safepoint: 157700 ns, At safepoint: 59900 ns, Total: 217600 ns
[2024-02-06T09:49:54.841+0000][1536][safepoint   ] Safepoint "Cleanup", Time since last: 1007779200 ns, Reaching safepoint: 123200 ns, At safepoint: 14700 ns, Total: 137900 ns
[2024-02-06T09:49:56.858+0000][1536][safepoint   ] Safepoint "Cleanup", Time since last: 2016986600 ns, Reaching safepoint: 89600 ns, At safepoint: 32700 ns, Total: 122300 ns
[2024-02-06T09:49:57.874+0000][1536][safepoint   ] Safepoint "Cleanup", Time since last: 1015839200 ns, Reaching safepoint: 179000 ns, At safepoint: 50000 ns, Total: 229000 ns
[2024-02-06T09:49:58.884+0000][1536][safepoint   ] Safepoint "Cleanup", Time since last: 1010222300 ns, Reaching safepoint: 147600 ns, At safepoint: 272200 ns, Total: 419800 ns
[2024-02-06T09:50:00.915+0000][1536][safepoint   ] Safepoint "Cleanup", Time since last: 2030162500 ns, Reaching safepoint: 154600 ns, At safepoint: 61400 ns, Total: 216000 ns
[2024-02-06T09:50:01.926+0000][1536][safepoint   ] Safepoint "Cleanup", Time since last: 1010548200 ns, Reaching safepoint: 115000 ns, At safepoint: 22100 ns, Total: 137100 ns
[2024-02-06T09:50:02.933+0000][1536][safepoint   ] Safepoint "Cleanup", Time since last: 1006924100 ns, Reaching safepoint: 95100 ns, At safepoint: 60500 ns, Total: 155600 ns
[2024-02-06T09:50:03.943+0000][1536][safepoint   ] Safepoint "Cleanup", Time since last: 1009763900 ns, Reaching safepoint: 83800 ns, At safepoint: 43100 ns, Total: 126900 ns
[2024-02-06T09:50:04.943+0000][1536][safepoint   ] Safepoint "Cleanup", Time since last: 1000343100 ns, Reaching safepoint: 205500 ns, At safepoint: 98100 ns, Total: 303600 ns
[2024-02-06T09:50:06.978+0000][1536][safepoint   ] Safepoint "Cleanup", Time since last: 2034945400 ns, Reaching safepoint: 127900 ns, At safepoint: 34200 ns, Total: 162100 ns
[2024-02-06T09:50:07.090+0000][1536][gc,start    ] GC(32) Pause Young (Normal) (G1 Evacuation Pause)
[2024-02-06T09:50:07.090+0000][1536][gc,task     ] GC(32) Using 8 workers of 8 for evacuation
[2024-02-06T09:50:07.090+0000][1536][gc,age      ] GC(32) Desired survivor size 159383552 bytes, new threshold 15 (max threshold 15)
[2024-02-06T09:50:07.150+0000][1536][gc,phases   ] GC(32)   Pre Evacuate Collection Set: 0.4ms
[2024-02-06T09:50:07.150+0000][1536][gc,phases   ] GC(32)   Merge Heap Roots: 0.4ms
[2024-02-06T09:50:07.150+0000][1536][gc,phases   ] GC(32)   Evacuate Collection Set: 55.4ms
[2024-02-06T09:50:07.150+0000][1536][gc,phases   ] GC(32)   Post Evacuate Collection Set: 1.8ms
[2024-02-06T09:50:07.150+0000][1536][gc,phases   ] GC(32)   Other: 0.4ms
[2024-02-06T09:50:07.150+0000][1536][gc,age      ] GC(32) Age table with threshold 15 (max threshold 15)
[2024-02-06T09:50:07.150+0000][1536][gc,age      ] GC(32) - age   1:   38995704 bytes,   38995704 total
[2024-02-06T09:50:07.150+0000][1536][gc,age      ] GC(32) - age   2:   44598808 bytes,   83594512 total
[2024-02-06T09:50:07.150+0000][1536][gc,age      ] GC(32) - age   3:   21089008 bytes,  104683520 total
[2024-02-06T09:50:07.150+0000][1536][gc,age      ] GC(32) - age   4:       8392 bytes,  104691912 total
[2024-02-06T09:50:07.151+0000][1536][gc,age      ] GC(32) - age   5:      56312 bytes,  104748224 total
[2024-02-06T09:50:07.151+0000][1536][gc,age      ] GC(32) - age   6:       6784 bytes,  104755008 total
[2024-02-06T09:50:07.151+0000][1536][gc,age      ] GC(32) - age   7:     163080 bytes,  104918088 total
[2024-02-06T09:50:07.151+0000][1536][gc,age      ] GC(32) - age   8:        416 bytes,  104918504 total
[2024-02-06T09:50:07.151+0000][1536][gc,age      ] GC(32) - age   9:      81312 bytes,  104999816 total
[2024-02-06T09:50:07.151+0000][1536][gc,age      ] GC(32) - age  10:     893688 bytes,  105893504 total
[2024-02-06T09:50:07.151+0000][1536][gc,age      ] GC(32) - age  11:    1957792 bytes,  107851296 total
[2024-02-06T09:50:07.151+0000][1536][gc,age      ] GC(32) - age  12:       4632 bytes,  107855928 total
[2024-02-06T09:50:07.151+0000][1536][gc,age      ] GC(32) - age  13:     298184 bytes,  108154112 total
[2024-02-06T09:50:07.151+0000][1536][gc,age      ] GC(32) - age  14:     107808 bytes,  108261920 total
[2024-02-06T09:50:07.151+0000][1536][gc,age      ] GC(32) - age  15:       9816 bytes,  108271736 total
[2024-02-06T09:50:07.151+0000][1536][gc,heap     ] GC(32) Eden regions: 586->0(578)
[2024-02-06T09:50:07.151+0000][1536][gc,heap     ] GC(32) Survivor regions: 20->28(76)
[2024-02-06T09:50:07.151+0000][1536][gc,heap     ] GC(32) Old regions: 28->28
[2024-02-06T09:50:07.151+0000][1536][gc,heap     ] GC(32) Archive regions: 0->0
[2024-02-06T09:50:07.151+0000][1536][gc,heap     ] GC(32) Humongous regions: 2->2
[2024-02-06T09:50:07.151+0000][1536][gc,metaspace] GC(32) Metaspace: 133815K(137344K)->133815K(137344K) NonClass: 116271K(118144K)->116271K(118144K) Class: 17544K(19200K)->17544K(19200K)
[2024-02-06T09:50:07.151+0000][1536][gc          ] GC(32) Pause Young (Normal) (G1 Evacuation Pause) 2539M->227M(4040M) 59.344ms
[2024-02-06T09:50:07.151+0000][1536][gc,cpu      ] GC(32) User=0.33s Sys=0.12s Real=0.06s
[2024-02-06T09:50:07.151+0000][1536][safepoint   ] Safepoint "G1CollectForAllocation", Time since last: 113486000 ns, Reaching safepoint: 161000 ns, At safepoint: 59682200 ns, Total: 59843200 ns
[2024-02-06T09:50:10.187+0000][1536][safepoint   ] Safepoint "Cleanup", Time since last: 3034871400 ns, Reaching safepoint: 238800 ns, At safepoint: 51700 ns, Total: 290500 ns
[2024-02-06T09:50:11.193+0000][1536][safepoint   ] Safepoint "Cleanup", Time since last: 1005652900 ns, Reaching safepoint: 95900 ns, At safepoint: 42100 ns, Total: 138000 ns
[2024-02-06T09:50:12.209+0000][1536][safepoint   ] Safepoint "Cleanup", Time since last: 1015865000 ns, Reaching safepoint: 259900 ns, At safepoint: 35300 ns, Total: 295200 ns
[2024-02-06T09:50:14.233+0000][1536][safepoint   ] Safepoint "Cleanup", Time since last: 2023737800 ns, Reaching safepoint: 82600 ns, At safepoint: 25600 ns, Total: 108200 ns
[2024-02-06T09:50:17.244+0000][1536][safepoint   ] Safepoint "Cleanup", Time since last: 3011312200 ns, Reaching safepoint: 106600 ns, At safepoint: 36200 ns, Total: 142800 ns
[2024-02-06T09:50:19.266+0000][1536][safepoint   ] Safepoint "Cleanup", Time since last: 2021684500 ns, Reaching safepoint: 206500 ns, At safepoint: 81500 ns, Total: 288000 ns
[2024-02-06T09:50:20.312+0000][1536][safepoint   ] Safepoint "Cleanup", Time since last: 1013328100 ns, Reaching safepoint: 32677300 ns, At safepoint: 95600 ns, Total: 32772900 ns
[2024-02-06T09:50:24.826+0000][1536][gc,start    ] GC(33) Pause Young (Normal) (G1 Evacuation Pause)
[2024-02-06T09:50:24.826+0000][1536][gc,task     ] GC(33) Using 8 workers of 8 for evacuation
[2024-02-06T09:50:24.827+0000][1536][gc,age      ] GC(33) Desired survivor size 159383552 bytes, new threshold 15 (max threshold 15)
[2024-02-06T09:50:24.882+0000][1536][gc,phases   ] GC(33)   Pre Evacuate Collection Set: 0.4ms
[2024-02-06T09:50:24.882+0000][1536][gc,phases   ] GC(33)   Merge Heap Roots: 0.4ms
[2024-02-06T09:50:24.882+0000][1536][gc,phases   ] GC(33)   Evacuate Collection Set: 51.1ms
[2024-02-06T09:50:24.882+0000][1536][gc,phases   ] GC(33)   Post Evacuate Collection Set: 2.7ms
[2024-02-06T09:50:24.882+0000][1536][gc,phases   ] GC(33)   Other: 0.4ms
[2024-02-06T09:50:24.882+0000][1536][gc,age      ] GC(33) Age table with threshold 15 (max threshold 15)
[2024-02-06T09:50:24.882+0000][1536][gc,age      ] GC(33) - age   1:   43993416 bytes,   43993416 total
[2024-02-06T09:50:24.882+0000][1536][gc,age      ] GC(33) - age   2:   21626744 bytes,   65620160 total
[2024-02-06T09:50:24.882+0000][1536][gc,age      ] GC(33) - age   3:   43711520 bytes,  109331680 total
[2024-02-06T09:50:24.882+0000][1536][gc,age      ] GC(33) - age   4:   20955968 bytes,  130287648 total
[2024-02-06T09:50:24.882+0000][1536][gc,age      ] GC(33) - age   5:       8120 bytes,  130295768 total
[2024-02-06T09:50:24.882+0000][1536][gc,age      ] GC(33) - age   6:      56272 bytes,  130352040 total
[2024-02-06T09:50:24.882+0000][1536][gc,age      ] GC(33) - age   7:       6640 bytes,  130358680 total
[2024-02-06T09:50:24.882+0000][1536][gc,age      ] GC(33) - age   8:     162952 bytes,  130521632 total
[2024-02-06T09:50:24.882+0000][1536][gc,age      ] GC(33) - age   9:        416 bytes,  130522048 total
[2024-02-06T09:50:24.882+0000][1536][gc,age      ] GC(33) - age  10:      81312 bytes,  130603360 total
[2024-02-06T09:50:24.882+0000][1536][gc,age      ] GC(33) - age  11:     893688 bytes,  131497048 total
[2024-02-06T09:50:24.882+0000][1536][gc,age      ] GC(33) - age  12:    1957792 bytes,  133454840 total
[2024-02-06T09:50:24.882+0000][1536][gc,age      ] GC(33) - age  13:       4632 bytes,  133459472 total
[2024-02-06T09:50:24.882+0000][1536][gc,age      ] GC(33) - age  14:     298184 bytes,  133757656 total
[2024-02-06T09:50:24.882+0000][1536][gc,age      ] GC(33) - age  15:     107808 bytes,  133865464 total
[2024-02-06T09:50:24.882+0000][1536][gc,heap     ] GC(33) Eden regions: 578->0(572)
[2024-02-06T09:50:24.882+0000][1536][gc,heap     ] GC(33) Survivor regions: 28->34(76)
[2024-02-06T09:50:24.882+0000][1536][gc,heap     ] GC(33) Old regions: 28->28
[2024-02-06T09:50:24.882+0000][1536][gc,heap     ] GC(33) Archive regions: 0->0
[2024-02-06T09:50:24.882+0000][1536][gc,heap     ] GC(33) Humongous regions: 2->2
[2024-02-06T09:50:24.882+0000][1536][gc,metaspace] GC(33) Metaspace: 133816K(137344K)->133816K(137344K) NonClass: 116271K(118144K)->116271K(118144K) Class: 17544K(19200K)->17544K(19200K)
[2024-02-06T09:50:24.882+0000][1536][gc          ] GC(33) Pause Young (Normal) (G1 Evacuation Pause) 2539M->252M(4040M) 55.721ms
[2024-02-06T09:50:24.882+0000][1536][gc,cpu      ] GC(33) User=0.30s Sys=0.06s Real=0.06s
[2024-02-06T09:50:24.882+0000][1536][safepoint   ] Safepoint "G1CollectForAllocation", Time since last: 4514531400 ns, Reaching safepoint: 117900 ns, At safepoint: 56122000 ns, Total: 56239900 ns
[2024-02-06T09:50:27.904+0000][1536][safepoint   ] Safepoint "Cleanup", Time since last: 3021272600 ns, Reaching safepoint: 102900 ns, At safepoint: 14600 ns, Total: 117500 ns
[2024-02-06T09:50:29.929+0000][1536][safepoint   ] Safepoint "Cleanup", Time since last: 2024041900 ns, Reaching safepoint: 677700 ns, At safepoint: 33900 ns, Total: 711600 ns
[2024-02-06T09:50:31.947+0000][1536][safepoint   ] Safepoint "Cleanup", Time since last: 2018120700 ns, Reaching safepoint: 79800 ns, At safepoint: 15000 ns, Total: 94800 ns
[2024-02-06T09:50:33.971+0000][1536][safepoint   ] Safepoint "Cleanup", Time since last: 2023581700 ns, Reaching safepoint: 139300 ns, At safepoint: 47000 ns, Total: 186300 ns
[2024-02-06T09:50:34.979+0000][1536][safepoint   ] Safepoint "Cleanup", Time since last: 1007879300 ns, Reaching safepoint: 119200 ns, At safepoint: 53000 ns, Total: 172200 ns
[2024-02-06T09:50:36.991+0000][1536][safepoint   ] Safepoint "Cleanup", Time since last: 2011856600 ns, Reaching safepoint: 74200 ns, At safepoint: 20800 ns, Total: 95000 ns
[2024-02-06T09:50:39.011+0000][1536][safepoint   ] Safepoint "Cleanup", Time since last: 2020172300 ns, Reaching safepoint: 107900 ns, At safepoint: 66600 ns, Total: 174500 ns
[2024-02-06T09:50:42.221+0000][1536][gc,start    ] GC(34) Pause Young (Normal) (G1 Evacuation Pause)
[2024-02-06T09:50:42.221+0000][1536][gc,task     ] GC(34) Using 8 workers of 8 for evacuation
[2024-02-06T09:50:42.221+0000][1536][gc,age      ] GC(34) Desired survivor size 159383552 bytes, new threshold 15 (max threshold 15)
[2024-02-06T09:50:42.279+0000][1536][gc,phases   ] GC(34)   Pre Evacuate Collection Set: 2.5ms
[2024-02-06T09:50:42.279+0000][1536][gc,phases   ] GC(34)   Merge Heap Roots: 0.7ms
[2024-02-06T09:50:42.279+0000][1536][gc,phases   ] GC(34)   Evacuate Collection Set: 45.7ms
[2024-02-06T09:50:42.279+0000][1536][gc,phases   ] GC(34)   Post Evacuate Collection Set: 1.8ms
[2024-02-06T09:50:42.279+0000][1536][gc,phases   ] GC(34)   Other: 0.3ms
[2024-02-06T09:50:42.279+0000][1536][gc,age      ] GC(34) Age table with threshold 15 (max threshold 15)
[2024-02-06T09:50:42.279+0000][1536][gc,age      ] GC(34) - age   1:   49783968 bytes,   49783968 total
[2024-02-06T09:50:42.279+0000][1536][gc,age      ] GC(34) - age   2:   22394216 bytes,   72178184 total
[2024-02-06T09:50:42.279+0000][1536][gc,age      ] GC(34) - age   3:   20833312 bytes,   93011496 total
[2024-02-06T09:50:42.279+0000][1536][gc,age      ] GC(34) - age   4:   43436048 bytes,  136447544 total
[2024-02-06T09:50:42.279+0000][1536][gc,age      ] GC(34) - age   5:   20955456 bytes,  157403000 total
[2024-02-06T09:50:42.279+0000][1536][gc,age      ] GC(34) - age   6:       6840 bytes,  157409840 total
[2024-02-06T09:50:42.279+0000][1536][gc,age      ] GC(34) - age   7:      56208 bytes,  157466048 total
[2024-02-06T09:50:42.279+0000][1536][gc,age      ] GC(34) - age   8:       6640 bytes,  157472688 total
[2024-02-06T09:50:42.279+0000][1536][gc,age      ] GC(34) - age   9:     162952 bytes,  157635640 total
[2024-02-06T09:50:42.279+0000][1536][gc,age      ] GC(34) - age  10:        416 bytes,  157636056 total
[2024-02-06T09:50:42.279+0000][1536][gc,age      ] GC(34) - age  11:      81312 bytes,  157717368 total
[2024-02-06T09:50:42.279+0000][1536][gc,age      ] GC(34) - age  12:     893624 bytes,  158610992 total
[2024-02-06T09:50:42.279+0000][1536][gc,age      ] GC(34) - age  13:    1957792 bytes,  160568784 total
[2024-02-06T09:50:42.279+0000][1536][gc,age      ] GC(34) - age  14:       4632 bytes,  160573416 total
[2024-02-06T09:50:42.279+0000][1536][gc,age      ] GC(34) - age  15:     298184 bytes,  160871600 total
[2024-02-06T09:50:42.279+0000][1536][gc,heap     ] GC(34) Eden regions: 572->0(566)
[2024-02-06T09:50:42.279+0000][1536][gc,heap     ] GC(34) Survivor regions: 34->40(76)
[2024-02-06T09:50:42.279+0000][1536][gc,heap     ] GC(34) Old regions: 28->28
[2024-02-06T09:50:42.279+0000][1536][gc,heap     ] GC(34) Archive regions: 0->0
[2024-02-06T09:50:42.279+0000][1536][gc,heap     ] GC(34) Humongous regions: 2->2
[2024-02-06T09:50:42.279+0000][1536][gc,metaspace] GC(34) Metaspace: 133834K(137408K)->133834K(137408K) NonClass: 116289K(118208K)->116289K(118208K) Class: 17544K(19200K)->17544K(19200K)
[2024-02-06T09:50:42.279+0000][1536][gc          ] GC(34) Pause Young (Normal) (G1 Evacuation Pause) 2540M->276M(4040M) 51.951ms
[2024-02-06T09:50:42.279+0000][1536][gc,cpu      ] GC(34) User=0.31s Sys=0.02s Real=0.06s
[2024-02-06T09:50:42.279+0000][1536][safepoint   ] Safepoint "G1CollectForAllocation", Time since last: 3215899000 ns, Reaching safepoint: 94800 ns, At safepoint: 52147600 ns, Total: 52242400 ns
[2024-02-06T09:50:47.335+0000][1536][safepoint   ] Safepoint "Cleanup", Time since last: 5055366100 ns, Reaching safepoint: 117900 ns, At safepoint: 6400 ns, Total: 124300 ns
[2024-02-06T09:50:48.344+0000][1536][safepoint   ] Safepoint "Cleanup", Time since last: 1009215000 ns, Reaching safepoint: 128800 ns, At safepoint: 19400 ns, Total: 148200 ns
[2024-02-06T09:50:49.366+0000][1536][safepoint   ] Safepoint "Cleanup", Time since last: 1021776700 ns, Reaching safepoint: 94200 ns, At safepoint: 47400 ns, Total: 141600 ns
[2024-02-06T09:50:50.369+0000][1536][safepoint   ] Safepoint "Cleanup", Time since last: 1002846900 ns, Reaching safepoint: 107200 ns, At safepoint: 12100 ns, Total: 119300 ns
[2024-02-06T09:50:51.377+0000][1536][safepoint   ] Safepoint "Cleanup", Time since last: 1008020300 ns, Reaching safepoint: 125900 ns, At safepoint: 59500 ns, Total: 185400 ns
[2024-02-06T09:50:55.401+0000][1536][safepoint   ] Safepoint "Cleanup", Time since last: 4023169200 ns, Reaching safepoint: 85600 ns, At safepoint: 23000 ns, Total: 108600 ns
[2024-02-06T09:50:56.402+0000][1536][safepoint   ] Safepoint "Cleanup", Time since last: 1001026000 ns, Reaching safepoint: 105000 ns, At safepoint: 127300 ns, Total: 232300 ns
[2024-02-06T09:51:00.447+0000][1536][safepoint   ] Safepoint "Cleanup", Time since last: 4045281700 ns, Reaching safepoint: 92900 ns, At safepoint: 19200 ns, Total: 112100 ns
[2024-02-06T09:51:01.464+0000][1536][safepoint   ] Safepoint "Cleanup", Time since last: 1016276700 ns, Reaching safepoint: 178200 ns, At safepoint: 189700 ns, Total: 367900 ns
[2024-02-06T09:51:03.798+0000][1536][gc,start    ] GC(35) Pause Young (Normal) (G1 Evacuation Pause)
[2024-02-06T09:51:03.798+0000][1536][gc,task     ] GC(35) Using 8 workers of 8 for evacuation
[2024-02-06T09:51:03.798+0000][1536][gc,age      ] GC(35) Desired survivor size 159383552 bytes, new threshold 13 (max threshold 15)
[2024-02-06T09:51:03.855+0000][1536][gc,phases   ] GC(35)   Pre Evacuate Collection Set: 0.3ms
[2024-02-06T09:51:03.855+0000][1536][gc,phases   ] GC(35)   Merge Heap Roots: 0.2ms
[2024-02-06T09:51:03.855+0000][1536][gc,phases   ] GC(35)   Evacuate Collection Set: 52.8ms
[2024-02-06T09:51:03.855+0000][1536][gc,phases   ] GC(35)   Post Evacuate Collection Set: 1.9ms
[2024-02-06T09:51:03.855+0000][1536][gc,phases   ] GC(35)   Other: 0.3ms
[2024-02-06T09:51:03.855+0000][1536][gc,age      ] GC(35) Age table with threshold 13 (max threshold 15)
[2024-02-06T09:51:03.855+0000][1536][gc,age      ] GC(35) - age   1:   62995920 bytes,   62995920 total
[2024-02-06T09:51:03.855+0000][1536][gc,age      ] GC(35) - age   2:   19971056 bytes,   82966976 total
[2024-02-06T09:51:03.855+0000][1536][gc,age      ] GC(35) - age   3:   20340824 bytes,  103307800 total
[2024-02-06T09:51:03.855+0000][1536][gc,age      ] GC(35) - age   4:   19891472 bytes,  123199272 total
[2024-02-06T09:51:03.855+0000][1536][gc,age      ] GC(35) - age   5:   42885472 bytes,  166084744 total
[2024-02-06T09:51:03.856+0000][1536][gc,age      ] GC(35) - age   6:   19901288 bytes,  185986032 total
[2024-02-06T09:51:03.856+0000][1536][gc,age      ] GC(35) - age   7:       6328 bytes,  185992360 total
[2024-02-06T09:51:03.856+0000][1536][gc,age      ] GC(35) - age   8:      55992 bytes,  186048352 total
[2024-02-06T09:51:03.856+0000][1536][gc,age      ] GC(35) - age   9:       6528 bytes,  186054880 total
[2024-02-06T09:51:03.856+0000][1536][gc,age      ] GC(35) - age  10:     162952 bytes,  186217832 total
[2024-02-06T09:51:03.856+0000][1536][gc,age      ] GC(35) - age  11:        416 bytes,  186218248 total
[2024-02-06T09:51:03.856+0000][1536][gc,age      ] GC(35) - age  12:      81312 bytes,  186299560 total
[2024-02-06T09:51:03.856+0000][1536][gc,age      ] GC(35) - age  13:     893400 bytes,  187192960 total
[2024-02-06T09:51:03.856+0000][1536][gc,heap     ] GC(35) Eden regions: 566->0(558)
[2024-02-06T09:51:03.856+0000][1536][gc,heap     ] GC(35) Survivor regions: 40->48(76)
[2024-02-06T09:51:03.856+0000][1536][gc,heap     ] GC(35) Old regions: 28->28
[2024-02-06T09:51:03.856+0000][1536][gc,heap     ] GC(35) Archive regions: 0->0
[2024-02-06T09:51:03.856+0000][1536][gc,heap     ] GC(35) Humongous regions: 2->2
[2024-02-06T09:51:03.856+0000][1536][gc,metaspace] GC(35) Metaspace: 133882K(137408K)->133882K(137408K) NonClass: 116337K(118208K)->116337K(118208K) Class: 17544K(19200K)->17544K(19200K)
[2024-02-06T09:51:03.856+0000][1536][gc          ] GC(35) Pause Young (Normal) (G1 Evacuation Pause) 2540M->308M(4040M) 56.555ms
[2024-02-06T09:51:03.856+0000][1536][gc,cpu      ] GC(35) User=0.27s Sys=0.06s Real=0.06s
[2024-02-06T09:51:03.856+0000][1536][safepoint   ] Safepoint "G1CollectForAllocation", Time since last: 2335829800 ns, Reaching safepoint: 60800 ns, At safepoint: 58421000 ns, Total: 58481800 ns
[2024-02-06T09:51:04.861+0000][1536][safepoint   ] Safepoint "Cleanup", Time since last: 1002635100 ns, Reaching safepoint: 108900 ns, At safepoint: 29000 ns, Total: 137900 ns
[2024-02-06T09:51:07.914+0000][1536][safepoint   ] Safepoint "Cleanup", Time since last: 3052396800 ns, Reaching safepoint: 86800 ns, At safepoint: 17800 ns, Total: 104600 ns
[2024-02-06T09:51:08.922+0000][1536][safepoint   ] Safepoint "Cleanup", Time since last: 1007863000 ns, Reaching safepoint: 169500 ns, At safepoint: 206400 ns, Total: 375900 ns
[2024-02-06T09:51:09.929+0000][1536][safepoint   ] Safepoint "Cleanup", Time since last: 1007281600 ns, Reaching safepoint: 113400 ns, At safepoint: 10500 ns, Total: 123900 ns
[2024-02-06T09:51:11.946+0000][1536][safepoint   ] Safepoint "Cleanup", Time since last: 2016792500 ns, Reaching safepoint: 119000 ns, At safepoint: 23000 ns, Total: 142000 ns
[2024-02-06T09:51:19.009+0000][1536][safepoint   ] Safepoint "Cleanup", Time since last: 7062631100 ns, Reaching safepoint: 91300 ns, At safepoint: 14800 ns, Total: 106100 ns
[2024-02-06T09:51:19.169+0000][1536][gc,start    ] GC(36) Pause Young (Normal) (G1 Evacuation Pause)
[2024-02-06T09:51:19.169+0000][1536][gc,task     ] GC(36) Using 8 workers of 8 for evacuation
[2024-02-06T09:51:19.169+0000][1536][gc,age      ] GC(36) Desired survivor size 159383552 bytes, new threshold 5 (max threshold 15)
[2024-02-06T09:51:19.244+0000][1536][gc,phases   ] GC(36)   Pre Evacuate Collection Set: 0.3ms
[2024-02-06T09:51:19.244+0000][1536][gc,phases   ] GC(36)   Merge Heap Roots: 0.2ms
[2024-02-06T09:51:19.244+0000][1536][gc,phases   ] GC(36)   Evacuate Collection Set: 66.6ms
[2024-02-06T09:51:19.244+0000][1536][gc,phases   ] GC(36)   Post Evacuate Collection Set: 1.8ms
[2024-02-06T09:51:19.244+0000][1536][gc,phases   ] GC(36)   Other: 0.3ms
[2024-02-06T09:51:19.244+0000][1536][gc,age      ] GC(36) Age table with threshold 5 (max threshold 15)
[2024-02-06T09:51:19.244+0000][1536][gc,age      ] GC(36) - age   1:   66781248 bytes,   66781248 total
[2024-02-06T09:51:19.244+0000][1536][gc,age      ] GC(36) - age   2:   29683776 bytes,   96465024 total
[2024-02-06T09:51:19.244+0000][1536][gc,age      ] GC(36) - age   3:   18258400 bytes,  114723424 total
[2024-02-06T09:51:19.244+0000][1536][gc,age      ] GC(36) - age   4:   17323560 bytes,  132046984 total
[2024-02-06T09:51:19.244+0000][1536][gc,age      ] GC(36) - age   5:   19696160 bytes,  151743144 total
[2024-02-06T09:51:19.244+0000][1536][gc,heap     ] GC(36) Eden regions: 558->0(567)
[2024-02-06T09:51:19.244+0000][1536][gc,heap     ] GC(36) Survivor regions: 48->39(76)
[2024-02-06T09:51:19.244+0000][1536][gc,heap     ] GC(36) Old regions: 28->44
[2024-02-06T09:51:19.244+0000][1536][gc,heap     ] GC(36) Archive regions: 0->0
[2024-02-06T09:51:19.244+0000][1536][gc,heap     ] GC(36) Humongous regions: 2->2
[2024-02-06T09:51:19.244+0000][1536][gc,metaspace] GC(36) Metaspace: 133895K(137408K)->133895K(137408K) NonClass: 116350K(118208K)->116350K(118208K) Class: 17544K(19200K)->17544K(19200K)
[2024-02-06T09:51:19.244+0000][1536][gc          ] GC(36) Pause Young (Normal) (G1 Evacuation Pause) 2540M->334M(4040M) 70.042ms
[2024-02-06T09:51:19.244+0000][1536][gc,cpu      ] GC(36) User=0.38s Sys=0.11s Real=0.08s
[2024-02-06T09:51:19.244+0000][1536][safepoint   ] Safepoint "G1CollectForAllocation", Time since last: 165826800 ns, Reaching safepoint: 90000 ns, At safepoint: 70457800 ns, Total: 70547800 ns
[2024-02-06T09:51:33.240+0000][1536][gc,start    ] GC(37) Pause Young (Normal) (G1 Evacuation Pause)
[2024-02-06T09:51:33.240+0000][1536][gc,task     ] GC(37) Using 8 workers of 8 for evacuation
[2024-02-06T09:51:33.240+0000][1536][gc,age      ] GC(37) Desired survivor size 159383552 bytes, new threshold 15 (max threshold 15)
[2024-02-06T09:51:33.284+0000][1536][gc,phases   ] GC(37)   Pre Evacuate Collection Set: 0.3ms
[2024-02-06T09:51:33.284+0000][1536][gc,phases   ] GC(37)   Merge Heap Roots: 0.2ms
[2024-02-06T09:51:33.284+0000][1536][gc,phases   ] GC(37)   Evacuate Collection Set: 37.3ms
[2024-02-06T09:51:33.284+0000][1536][gc,phases   ] GC(37)   Post Evacuate Collection Set: 1.6ms
[2024-02-06T09:51:33.284+0000][1536][gc,phases   ] GC(37)   Other: 0.3ms
[2024-02-06T09:51:33.284+0000][1536][gc,age      ] GC(37) Age table with threshold 15 (max threshold 15)
[2024-02-06T09:51:33.284+0000][1536][gc,age      ] GC(37) - age   1:   68668960 bytes,   68668960 total
[2024-02-06T09:51:33.284+0000][1536][gc,age      ] GC(37) - age   2:   27422216 bytes,   96091176 total
[2024-02-06T09:51:33.284+0000][1536][gc,age      ] GC(37) - age   3:   24762720 bytes,  120853896 total
[2024-02-06T09:51:33.284+0000][1536][gc,age      ] GC(37) - age   4:   18177800 bytes,  139031696 total
[2024-02-06T09:51:33.284+0000][1536][gc,age      ] GC(37) - age   5:   17320808 bytes,  156352504 total
[2024-02-06T09:51:33.284+0000][1536][gc,age      ] GC(37) - age   6:   19688816 bytes,  176041320 total
[2024-02-06T09:51:33.284+0000][1536][gc,heap     ] GC(37) Eden regions: 567->0(562)
[2024-02-06T09:51:33.284+0000][1536][gc,heap     ] GC(37) Survivor regions: 39->44(76)
[2024-02-06T09:51:33.284+0000][1536][gc,heap     ] GC(37) Old regions: 44->44
[2024-02-06T09:51:33.284+0000][1536][gc,heap     ] GC(37) Archive regions: 0->0
[2024-02-06T09:51:33.284+0000][1536][gc,heap     ] GC(37) Humongous regions: 2->2
[2024-02-06T09:51:33.284+0000][1536][gc,metaspace] GC(37) Metaspace: 133896K(137408K)->133896K(137408K) NonClass: 116351K(118208K)->116351K(118208K) Class: 17544K(19200K)->17544K(19200K)
[2024-02-06T09:51:33.284+0000][1536][gc          ] GC(37) Pause Young (Normal) (G1 Evacuation Pause) 2602M->356M(4040M) 40.500ms
[2024-02-06T09:51:33.284+0000][1536][gc,cpu      ] GC(37) User=0.27s Sys=0.02s Real=0.04s
[2024-02-06T09:51:33.284+0000][1536][safepoint   ] Safepoint "G1CollectForAllocation", Time since last: 13998166600 ns, Reaching safepoint: 67900 ns, At safepoint: 40843700 ns, Total: 40911600 ns
[2024-02-06T09:51:46.468+0000][1536][gc,start    ] GC(38) Pause Young (Normal) (G1 Evacuation Pause)
[2024-02-06T09:51:46.468+0000][1536][gc,task     ] GC(38) Using 8 workers of 8 for evacuation
[2024-02-06T09:51:46.468+0000][1536][gc,age      ] GC(38) Desired survivor size 159383552 bytes, new threshold 6 (max threshold 15)
[2024-02-06T09:51:46.526+0000][1536][gc,phases   ] GC(38)   Pre Evacuate Collection Set: 0.3ms
[2024-02-06T09:51:46.526+0000][1536][gc,phases   ] GC(38)   Merge Heap Roots: 0.3ms
[2024-02-06T09:51:46.526+0000][1536][gc,phases   ] GC(38)   Evacuate Collection Set: 44.2ms
[2024-02-06T09:51:46.526+0000][1536][gc,phases   ] GC(38)   Post Evacuate Collection Set: 2.1ms
[2024-02-06T09:51:46.526+0000][1536][gc,phases   ] GC(38)   Other: 0.3ms
[2024-02-06T09:51:46.526+0000][1536][gc,age      ] GC(38) Age table with threshold 6 (max threshold 15)
[2024-02-06T09:51:46.526+0000][1536][gc,age      ] GC(38) - age   1:   81093584 bytes,   81093584 total
[2024-02-06T09:51:46.526+0000][1536][gc,age      ] GC(38) - age   2:   18316696 bytes,   99410280 total
[2024-02-06T09:51:46.526+0000][1536][gc,age      ] GC(38) - age   3:   26462888 bytes,  125873168 total
[2024-02-06T09:51:46.526+0000][1536][gc,age      ] GC(38) - age   4:   23283968 bytes,  149157136 total
[2024-02-06T09:51:46.526+0000][1536][gc,age      ] GC(38) - age   5:   18167264 bytes,  167324400 total
[2024-02-06T09:51:46.526+0000][1536][gc,age      ] GC(38) - age   6:   17320488 bytes,  184644888 total
[2024-02-06T09:51:46.526+0000][1536][gc,heap     ] GC(38) Eden regions: 562->0(559)
[2024-02-06T09:51:46.526+0000][1536][gc,heap     ] GC(38) Survivor regions: 44->47(76)
[2024-02-06T09:51:46.526+0000][1536][gc,heap     ] GC(38) Old regions: 44->49
[2024-02-06T09:51:46.526+0000][1536][gc,heap     ] GC(38) Archive regions: 0->0
[2024-02-06T09:51:46.526+0000][1536][gc,heap     ] GC(38) Humongous regions: 2->2
[2024-02-06T09:51:46.526+0000][1536][gc,metaspace] GC(38) Metaspace: 133902K(137408K)->133902K(137408K) NonClass: 116357K(118208K)->116357K(118208K) Class: 17544K(19200K)->17544K(19200K)
[2024-02-06T09:51:46.526+0000][1536][gc          ] GC(38) Pause Young (Normal) (G1 Evacuation Pause) 2604M->386M(4040M) 47.870ms
[2024-02-06T09:51:46.527+0000][1536][gc,cpu      ] GC(38) User=0.28s Sys=0.08s Real=0.06s
[2024-02-06T09:51:46.527+0000][1536][safepoint   ] Safepoint "G1CollectForAllocation", Time since last: 13194712700 ns, Reaching safepoint: 126000 ns, At safepoint: 48236900 ns, Total: 48362900 ns
[2024-02-06T09:51:48.540+0000][1536][safepoint   ] Safepoint "Cleanup", Time since last: 2012877500 ns, Reaching safepoint: 94500 ns, At safepoint: 20100 ns, Total: 114600 ns
[2024-02-06T09:51:59.591+0000][1536][gc,start    ] GC(39) Pause Young (Normal) (G1 Evacuation Pause)
[2024-02-06T09:51:59.591+0000][1536][gc,task     ] GC(39) Using 8 workers of 8 for evacuation
[2024-02-06T09:51:59.591+0000][1536][gc,age      ] GC(39) Desired survivor size 159383552 bytes, new threshold 5 (max threshold 15)
[2024-02-06T09:51:59.641+0000][1536][gc,phases   ] GC(39)   Pre Evacuate Collection Set: 0.3ms
[2024-02-06T09:51:59.641+0000][1536][gc,phases   ] GC(39)   Merge Heap Roots: 0.3ms
[2024-02-06T09:51:59.641+0000][1536][gc,phases   ] GC(39)   Evacuate Collection Set: 47.9ms
[2024-02-06T09:51:59.641+0000][1536][gc,phases   ] GC(39)   Post Evacuate Collection Set: 1.4ms
[2024-02-06T09:51:59.641+0000][1536][gc,phases   ] GC(39)   Other: 0.4ms
[2024-02-06T09:51:59.641+0000][1536][gc,age      ] GC(39) Age table with threshold 5 (max threshold 15)
[2024-02-06T09:51:59.641+0000][1536][gc,age      ] GC(39) - age   1:   88763064 bytes,   88763064 total
[2024-02-06T09:51:59.641+0000][1536][gc,age      ] GC(39) - age   2:   24306856 bytes,  113069920 total
[2024-02-06T09:51:59.642+0000][1536][gc,age      ] GC(39) - age   3:   17887616 bytes,  130957536 total
[2024-02-06T09:51:59.642+0000][1536][gc,age      ] GC(39) - age   4:   25554088 bytes,  156511624 total
[2024-02-06T09:51:59.642+0000][1536][gc,age      ] GC(39) - age   5:   22373104 bytes,  178884728 total
[2024-02-06T09:51:59.642+0000][1536][gc,heap     ] GC(39) Eden regions: 559->0(561)
[2024-02-06T09:51:59.642+0000][1536][gc,heap     ] GC(39) Survivor regions: 47->45(76)
[2024-02-06T09:51:59.642+0000][1536][gc,heap     ] GC(39) Old regions: 49->57
[2024-02-06T09:51:59.642+0000][1536][gc,heap     ] GC(39) Archive regions: 0->0
[2024-02-06T09:51:59.642+0000][1536][gc,heap     ] GC(39) Humongous regions: 2->2
[2024-02-06T09:51:59.642+0000][1536][gc,metaspace] GC(39) Metaspace: 133902K(137408K)->133902K(137408K) NonClass: 116357K(118208K)->116357K(118208K) Class: 17544K(19200K)->17544K(19200K)
[2024-02-06T09:51:59.642+0000][1536][gc          ] GC(39) Pause Young (Normal) (G1 Evacuation Pause) 2622M->415M(4040M) 51.141ms
[2024-02-06T09:51:59.642+0000][1536][gc,cpu      ] GC(39) User=0.25s Sys=0.06s Real=0.05s
[2024-02-06T09:51:59.643+0000][1536][safepoint   ] Safepoint "G1CollectForAllocation", Time since last: 11050755900 ns, Reaching safepoint: 69600 ns, At safepoint: 51428600 ns, Total: 51498200 ns
[2024-02-06T09:52:00.647+0000][1536][safepoint   ] Safepoint "Cleanup", Time since last: 1004519900 ns, Reaching safepoint: 103900 ns, At safepoint: 114100 ns, Total: 218000 ns
[2024-02-06T09:52:01.665+0000][1536][safepoint   ] Safepoint "Cleanup", Time since last: 1017259400 ns, Reaching safepoint: 131300 ns, At safepoint: 30600 ns, Total: 161900 ns
[2024-02-06T09:52:06.703+0000][1536][safepoint   ] Safepoint "Cleanup", Time since last: 5037965200 ns, Reaching safepoint: 114000 ns, At safepoint: 13000 ns, Total: 127000 ns
[2024-02-06T09:52:10.720+0000][1536][safepoint   ] Safepoint "Cleanup", Time since last: 4017102700 ns, Reaching safepoint: 107900 ns, At safepoint: 24900 ns, Total: 132800 ns
[2024-02-06T09:52:12.879+0000][1536][gc,start    ] GC(40) Pause Young (Normal) (G1 Evacuation Pause)
[2024-02-06T09:52:12.879+0000][1536][gc,task     ] GC(40) Using 8 workers of 8 for evacuation
[2024-02-06T09:52:12.879+0000][1536][gc,age      ] GC(40) Desired survivor size 159383552 bytes, new threshold 5 (max threshold 15)
[2024-02-06T09:52:12.926+0000][1536][gc,phases   ] GC(40)   Pre Evacuate Collection Set: 0.3ms
[2024-02-06T09:52:12.926+0000][1536][gc,phases   ] GC(40)   Merge Heap Roots: 0.4ms
[2024-02-06T09:52:12.926+0000][1536][gc,phases   ] GC(40)   Evacuate Collection Set: 42.7ms
[2024-02-06T09:52:12.926+0000][1536][gc,phases   ] GC(40)   Post Evacuate Collection Set: 1.9ms
[2024-02-06T09:52:12.926+0000][1536][gc,phases   ] GC(40)   Other: 0.3ms
[2024-02-06T09:52:12.926+0000][1536][gc,age      ] GC(40) Age table with threshold 5 (max threshold 15)
[2024-02-06T09:52:12.926+0000][1536][gc,age      ] GC(40) - age   1:   84559600 bytes,   84559600 total
[2024-02-06T09:52:12.926+0000][1536][gc,age      ] GC(40) - age   2:   38756440 bytes,  123316040 total
[2024-02-06T09:52:12.926+0000][1536][gc,age      ] GC(40) - age   3:   22431976 bytes,  145748016 total
[2024-02-06T09:52:12.926+0000][1536][gc,age      ] GC(40) - age   4:   17267088 bytes,  163015104 total
[2024-02-06T09:52:12.926+0000][1536][gc,age      ] GC(40) - age   5:   19681936 bytes,  182697040 total
[2024-02-06T09:52:12.926+0000][1536][gc,heap     ] GC(40) Eden regions: 561->0(560)
[2024-02-06T09:52:12.926+0000][1536][gc,heap     ] GC(40) Survivor regions: 45->46(76)
[2024-02-06T09:52:12.926+0000][1536][gc,heap     ] GC(40) Old regions: 57->63
[2024-02-06T09:52:12.926+0000][1536][gc,heap     ] GC(40) Archive regions: 0->0
[2024-02-06T09:52:12.926+0000][1536][gc,heap     ] GC(40) Humongous regions: 2->2
[2024-02-06T09:52:12.926+0000][1536][gc,metaspace] GC(40) Metaspace: 133903K(137408K)->133903K(137408K) NonClass: 116358K(118208K)->116358K(118208K) Class: 17544K(19200K)->17544K(19200K)
[2024-02-06T09:52:12.926+0000][1536][gc          ] GC(40) Pause Young (Normal) (G1 Evacuation Pause) 2659M->443M(4040M) 46.193ms
[2024-02-06T09:52:12.926+0000][1536][gc,cpu      ] GC(40) User=0.23s Sys=0.03s Real=0.05s
[2024-02-06T09:52:12.926+0000][1536][safepoint   ] Safepoint "G1CollectForAllocation", Time since last: 2160209900 ns, Reaching safepoint: 89500 ns, At safepoint: 46336000 ns, Total: 46425500 ns
[2024-02-06T09:52:21.980+0000][1536][safepoint   ] Safepoint "Cleanup", Time since last: 9052602900 ns, Reaching safepoint: 107800 ns, At safepoint: 66300 ns, Total: 174100 ns
[2024-02-06T09:52:25.509+0000][1536][gc,start    ] GC(41) Pause Young (Normal) (G1 Evacuation Pause)
[2024-02-06T09:52:25.509+0000][1536][gc,task     ] GC(41) Using 8 workers of 8 for evacuation
[2024-02-06T09:52:25.509+0000][1536][gc,age      ] GC(41) Desired survivor size 159383552 bytes, new threshold 4 (max threshold 15)
[2024-02-06T09:52:25.571+0000][1536][gc,phases   ] GC(41)   Pre Evacuate Collection Set: 0.3ms
[2024-02-06T09:52:25.571+0000][1536][gc,phases   ] GC(41)   Merge Heap Roots: 0.2ms
[2024-02-06T09:52:25.571+0000][1536][gc,phases   ] GC(41)   Evacuate Collection Set: 54.2ms
[2024-02-06T09:52:25.571+0000][1536][gc,phases   ] GC(41)   Post Evacuate Collection Set: 1.7ms
[2024-02-06T09:52:25.571+0000][1536][gc,phases   ] GC(41)   Other: 0.3ms
[2024-02-06T09:52:25.571+0000][1536][gc,age      ] GC(41) Age table with threshold 4 (max threshold 15)
[2024-02-06T09:52:25.571+0000][1536][gc,age      ] GC(41) - age   1:   84301432 bytes,   84301432 total
[2024-02-06T09:52:25.571+0000][1536][gc,age      ] GC(41) - age   2:   30541616 bytes,  114843048 total
[2024-02-06T09:52:25.571+0000][1536][gc,age      ] GC(41) - age   3:   36374472 bytes,  151217520 total
[2024-02-06T09:52:25.571+0000][1536][gc,age      ] GC(41) - age   4:   20346024 bytes,  171563544 total
[2024-02-06T09:52:25.571+0000][1536][gc,heap     ] GC(41) Eden regions: 560->0(563)
[2024-02-06T09:52:25.571+0000][1536][gc,heap     ] GC(41) Survivor regions: 46->43(76)
[2024-02-06T09:52:25.571+0000][1536][gc,heap     ] GC(41) Old regions: 63->73
[2024-02-06T09:52:25.571+0000][1536][gc,heap     ] GC(41) Archive regions: 0->0
[2024-02-06T09:52:25.571+0000][1536][gc,heap     ] GC(41) Humongous regions: 2->2
[2024-02-06T09:52:25.571+0000][1536][gc,metaspace] GC(41) Metaspace: 133903K(137408K)->133903K(137408K) NonClass: 116358K(118208K)->116358K(118208K) Class: 17544K(19200K)->17544K(19200K)
[2024-02-06T09:52:25.571+0000][1536][gc          ] GC(41) Pause Young (Normal) (G1 Evacuation Pause) 2683M->467M(4040M) 57.287ms
[2024-02-06T09:52:25.571+0000][1536][gc,cpu      ] GC(41) User=0.30s Sys=0.09s Real=0.06s
[2024-02-06T09:52:25.572+0000][1536][safepoint   ] Safepoint "G1CollectForAllocation", Time since last: 3534427200 ns, Reaching safepoint: 102800 ns, At safepoint: 58316600 ns, Total: 58419400 ns
[2024-02-06T09:52:27.601+0000][1536][safepoint   ] Safepoint "Cleanup", Time since last: 2028777000 ns, Reaching safepoint: 129000 ns, At safepoint: 11100 ns, Total: 140100 ns
[2024-02-06T09:52:28.612+0000][1536][safepoint   ] Safepoint "Cleanup", Time since last: 1010314800 ns, Reaching safepoint: 80300 ns, At safepoint: 16700 ns, Total: 97000 ns
[2024-02-06T09:52:37.804+0000][1536][gc,start    ] GC(42) Pause Young (Normal) (G1 Evacuation Pause)
[2024-02-06T09:52:37.804+0000][1536][gc,task     ] GC(42) Using 8 workers of 8 for evacuation
[2024-02-06T09:52:37.804+0000][1536][gc,age      ] GC(42) Desired survivor size 159383552 bytes, new threshold 4 (max threshold 15)
[2024-02-06T09:52:37.849+0000][1536][gc,phases   ] GC(42)   Pre Evacuate Collection Set: 0.2ms
[2024-02-06T09:52:37.849+0000][1536][gc,phases   ] GC(42)   Merge Heap Roots: 0.2ms
[2024-02-06T09:52:37.849+0000][1536][gc,phases   ] GC(42)   Evacuate Collection Set: 38.7ms
[2024-02-06T09:52:37.849+0000][1536][gc,phases   ] GC(42)   Post Evacuate Collection Set: 1.5ms
[2024-02-06T09:52:37.850+0000][1536][gc,phases   ] GC(42)   Other: 0.3ms
[2024-02-06T09:52:37.850+0000][1536][gc,age      ] GC(42) Age table with threshold 4 (max threshold 15)
[2024-02-06T09:52:37.850+0000][1536][gc,age      ] GC(42) - age   1:   84741400 bytes,   84741400 total
[2024-02-06T09:52:37.850+0000][1536][gc,age      ] GC(42) - age   2:   27632576 bytes,  112373976 total
[2024-02-06T09:52:37.850+0000][1536][gc,age      ] GC(42) - age   3:   26846472 bytes,  139220448 total
[2024-02-06T09:52:37.850+0000][1536][gc,age      ] GC(42) - age   4:   35492408 bytes,  174712856 total
[2024-02-06T09:52:37.850+0000][1536][gc,heap     ] GC(42) Eden regions: 563->0(562)
[2024-02-06T09:52:37.850+0000][1536][gc,heap     ] GC(42) Survivor regions: 43->44(76)
[2024-02-06T09:52:37.850+0000][1536][gc,heap     ] GC(42) Old regions: 73->78
[2024-02-06T09:52:37.850+0000][1536][gc,heap     ] GC(42) Archive regions: 0->0
[2024-02-06T09:52:37.850+0000][1536][gc,heap     ] GC(42) Humongous regions: 2->2
[2024-02-06T09:52:37.850+0000][1536][gc,metaspace] GC(42) Metaspace: 133903K(137408K)->133903K(137408K) NonClass: 116358K(118208K)->116358K(118208K) Class: 17544K(19200K)->17544K(19200K)
[2024-02-06T09:52:37.850+0000][1536][gc          ] GC(42) Pause Young (Normal) (G1 Evacuation Pause) 2719M->493M(4040M) 41.828ms
[2024-02-06T09:52:37.850+0000][1536][gc,cpu      ] GC(42) User=0.23s Sys=0.08s Real=0.05s
[2024-02-06T09:52:37.850+0000][1536][safepoint   ] Safepoint "G1CollectForAllocation", Time since last: 9196570600 ns, Reaching safepoint: 152600 ns, At safepoint: 42041200 ns, Total: 42193800 ns
[2024-02-06T09:52:43.903+0000][1536][safepoint   ] Safepoint "Cleanup", Time since last: 6052847700 ns, Reaching safepoint: 120300 ns, At safepoint: 15600 ns, Total: 135900 ns
[2024-02-06T09:52:52.123+0000][1536][gc,start    ] GC(43) Pause Young (Normal) (G1 Evacuation Pause)
[2024-02-06T09:52:52.123+0000][1536][gc,task     ] GC(43) Using 8 workers of 8 for evacuation
[2024-02-06T09:52:52.123+0000][1536][gc,age      ] GC(43) Desired survivor size 159383552 bytes, new threshold 4 (max threshold 15)
[2024-02-06T09:52:52.175+0000][1536][gc,phases   ] GC(43)   Pre Evacuate Collection Set: 0.2ms
[2024-02-06T09:52:52.175+0000][1536][gc,phases   ] GC(43)   Merge Heap Roots: 0.2ms
[2024-02-06T09:52:52.175+0000][1536][gc,phases   ] GC(43)   Evacuate Collection Set: 38.7ms
[2024-02-06T09:52:52.175+0000][1536][gc,phases   ] GC(43)   Post Evacuate Collection Set: 1.4ms
[2024-02-06T09:52:52.175+0000][1536][gc,phases   ] GC(43)   Other: 0.3ms
[2024-02-06T09:52:52.175+0000][1536][gc,age      ] GC(43) Age table with threshold 4 (max threshold 15)
[2024-02-06T09:52:52.175+0000][1536][gc,age      ] GC(43) - age   1:   76858912 bytes,   76858912 total
[2024-02-06T09:52:52.175+0000][1536][gc,age      ] GC(43) - age   2:   33970936 bytes,  110829848 total
[2024-02-06T09:52:52.175+0000][1536][gc,age      ] GC(43) - age   3:   22796656 bytes,  133626504 total
[2024-02-06T09:52:52.175+0000][1536][gc,age      ] GC(43) - age   4:   26712912 bytes,  160339416 total
[2024-02-06T09:52:52.175+0000][1536][gc,heap     ] GC(43) Eden regions: 562->0(566)
[2024-02-06T09:52:52.175+0000][1536][gc,heap     ] GC(43) Survivor regions: 44->40(76)
[2024-02-06T09:52:52.175+0000][1536][gc,heap     ] GC(43) Old regions: 78->87
[2024-02-06T09:52:52.175+0000][1536][gc,heap     ] GC(43) Archive regions: 0->0
[2024-02-06T09:52:52.175+0000][1536][gc,heap     ] GC(43) Humongous regions: 2->2
[2024-02-06T09:52:52.175+0000][1536][gc,metaspace] GC(43) Metaspace: 133903K(137408K)->133903K(137408K) NonClass: 116358K(118208K)->116358K(118208K) Class: 17544K(19200K)->17544K(19200K)
[2024-02-06T09:52:52.175+0000][1536][gc          ] GC(43) Pause Young (Normal) (G1 Evacuation Pause) 2741M->514M(4040M) 41.445ms
[2024-02-06T09:52:52.175+0000][1536][gc,cpu      ] GC(43) User=0.28s Sys=0.11s Real=0.05s
[2024-02-06T09:52:52.177+0000][1536][safepoint   ] Safepoint "G1CollectForAllocation", Time since last: 8231098700 ns, Reaching safepoint: 156500 ns, At safepoint: 41695400 ns, Total: 41851900 ns
[2024-02-06T09:53:05.459+0000][1536][gc,start    ] GC(44) Pause Young (Normal) (G1 Evacuation Pause)
[2024-02-06T09:53:05.459+0000][1536][gc,task     ] GC(44) Using 8 workers of 8 for evacuation
[2024-02-06T09:53:05.459+0000][1536][gc,age      ] GC(44) Desired survivor size 159383552 bytes, new threshold 4 (max threshold 15)
[2024-02-06T09:53:05.499+0000][1536][gc,phases   ] GC(44)   Pre Evacuate Collection Set: 0.2ms
[2024-02-06T09:53:05.499+0000][1536][gc,phases   ] GC(44)   Merge Heap Roots: 0.2ms
[2024-02-06T09:53:05.499+0000][1536][gc,phases   ] GC(44)   Evacuate Collection Set: 37.3ms
[2024-02-06T09:53:05.500+0000][1536][gc,phases   ] GC(44)   Post Evacuate Collection Set: 1.8ms
[2024-02-06T09:53:05.500+0000][1536][gc,phases   ] GC(44)   Other: 0.3ms
[2024-02-06T09:53:05.500+0000][1536][gc,age      ] GC(44) Age table with threshold 4 (max threshold 15)
[2024-02-06T09:53:05.500+0000][1536][gc,age      ] GC(44) - age   1:   62071912 bytes,   62071912 total
[2024-02-06T09:53:05.500+0000][1536][gc,age      ] GC(44) - age   2:   57495208 bytes,  119567120 total
[2024-02-06T09:53:05.500+0000][1536][gc,age      ] GC(44) - age   3:   16578336 bytes,  136145456 total
[2024-02-06T09:53:05.500+0000][1536][gc,age      ] GC(44) - age   4:   22380728 bytes,  158526184 total
[2024-02-06T09:53:05.500+0000][1536][gc,heap     ] GC(44) Eden regions: 566->0(566)
[2024-02-06T09:53:05.500+0000][1536][gc,heap     ] GC(44) Survivor regions: 40->40(76)
[2024-02-06T09:53:05.500+0000][1536][gc,heap     ] GC(44) Old regions: 87->94
[2024-02-06T09:53:05.500+0000][1536][gc,heap     ] GC(44) Archive regions: 0->0
[2024-02-06T09:53:05.500+0000][1536][gc,heap     ] GC(44) Humongous regions: 2->2
[2024-02-06T09:53:05.500+0000][1536][gc,metaspace] GC(44) Metaspace: 133903K(137408K)->133903K(137408K) NonClass: 116358K(118208K)->116358K(118208K) Class: 17544K(19200K)->17544K(19200K)
[2024-02-06T09:53:05.500+0000][1536][gc          ] GC(44) Pause Young (Normal) (G1 Evacuation Pause) 2778M->543M(4040M) 40.530ms
[2024-02-06T09:53:05.500+0000][1536][gc,cpu      ] GC(44) User=0.22s Sys=0.03s Real=0.04s
[2024-02-06T09:53:05.500+0000][1536][safepoint   ] Safepoint "G1CollectForAllocation", Time since last: 13282923100 ns, Reaching safepoint: 117600 ns, At safepoint: 40798200 ns, Total: 40915800 ns
[2024-02-06T09:53:06.835+0000][1536][safepoint   ] Safepoint "Cleanup", Time since last: 1334505400 ns, Reaching safepoint: 209300 ns, At safepoint: 105700 ns, Total: 315000 ns
[2024-02-06T09:53:09.859+0000][1536][safepoint   ] Safepoint "Cleanup", Time since last: 3023616100 ns, Reaching safepoint: 107800 ns, At safepoint: 17500 ns, Total: 125300 ns
[2024-02-06T09:53:19.827+0000][1536][gc,start    ] GC(45) Pause Young (Normal) (G1 Evacuation Pause)
[2024-02-06T09:53:19.827+0000][1536][gc,task     ] GC(45) Using 8 workers of 8 for evacuation
[2024-02-06T09:53:19.827+0000][1536][gc,age      ] GC(45) Desired survivor size 159383552 bytes, new threshold 15 (max threshold 15)
[2024-02-06T09:53:19.873+0000][1536][gc,phases   ] GC(45)   Pre Evacuate Collection Set: 0.2ms
[2024-02-06T09:53:19.873+0000][1536][gc,phases   ] GC(45)   Merge Heap Roots: 0.2ms
[2024-02-06T09:53:19.873+0000][1536][gc,phases   ] GC(45)   Evacuate Collection Set: 37.1ms
[2024-02-06T09:53:19.873+0000][1536][gc,phases   ] GC(45)   Post Evacuate Collection Set: 1.6ms
[2024-02-06T09:53:19.873+0000][1536][gc,phases   ] GC(45)   Other: 0.3ms
[2024-02-06T09:53:19.873+0000][1536][gc,age      ] GC(45) Age table with threshold 15 (max threshold 15)
[2024-02-06T09:53:19.873+0000][1536][gc,age      ] GC(45) - age   1:   98898216 bytes,   98898216 total
[2024-02-06T09:53:19.873+0000][1536][gc,age      ] GC(45) - age   2:   41499856 bytes,  140398072 total
[2024-02-06T09:53:19.873+0000][1536][gc,age      ] GC(45) - age   3:   15254032 bytes,  155652104 total
[2024-02-06T09:53:19.873+0000][1536][gc,age      ] GC(45) - age   4:   16558056 bytes,  172210160 total
[2024-02-06T09:53:19.873+0000][1536][gc,age      ] GC(45) - age   5:   18872056 bytes,  191082216 total
[2024-02-06T09:53:19.873+0000][1536][gc,heap     ] GC(45) Eden regions: 566->0(558)
[2024-02-06T09:53:19.873+0000][1536][gc,heap     ] GC(45) Survivor regions: 40->48(76)
[2024-02-06T09:53:19.873+0000][1536][gc,heap     ] GC(45) Old regions: 94->94
[2024-02-06T09:53:19.873+0000][1536][gc,heap     ] GC(45) Archive regions: 0->0
[2024-02-06T09:53:19.873+0000][1536][gc,heap     ] GC(45) Humongous regions: 2->2
[2024-02-06T09:53:19.873+0000][1536][gc,metaspace] GC(45) Metaspace: 133903K(137408K)->133903K(137408K) NonClass: 116358K(118208K)->116358K(118208K) Class: 17544K(19200K)->17544K(19200K)
[2024-02-06T09:53:19.873+0000][1536][gc          ] GC(45) Pause Young (Normal) (G1 Evacuation Pause) 2807M->573M(4040M) 40.140ms
[2024-02-06T09:53:19.873+0000][1536][gc,cpu      ] GC(45) User=0.38s Sys=0.00s Real=0.05s
[2024-02-06T09:53:19.873+0000][1536][safepoint   ] Safepoint "G1CollectForAllocation", Time since last: 9979691400 ns, Reaching safepoint: 106700 ns, At safepoint: 40331000 ns, Total: 40437700 ns
[2024-02-06T09:53:20.888+0000][1536][safepoint   ] Safepoint "Cleanup", Time since last: 1007313000 ns, Reaching safepoint: 188000 ns, At safepoint: 8991200 ns, Total: 9179200 ns
[2024-02-06T09:53:25.927+0000][1536][safepoint   ] Safepoint "Cleanup", Time since last: 5031520300 ns, Reaching safepoint: 178900 ns, At safepoint: 165600 ns, Total: 344500 ns
[2024-02-06T09:53:31.972+0000][1536][safepoint   ] Safepoint "Cleanup", Time since last: 6044245700 ns, Reaching safepoint: 97800 ns, At safepoint: 12700 ns, Total: 110500 ns
[2024-02-06T09:53:32.989+0000][1536][safepoint   ] Safepoint "Cleanup", Time since last: 1006164000 ns, Reaching safepoint: 7013300 ns, At safepoint: 3792500 ns, Total: 10805800 ns
[2024-02-06T09:53:34.182+0000][1536][gc,start    ] GC(46) Pause Young (Normal) (G1 Evacuation Pause)
[2024-02-06T09:53:34.182+0000][1536][gc,task     ] GC(46) Using 8 workers of 8 for evacuation
[2024-02-06T09:53:34.182+0000][1536][gc,age      ] GC(46) Desired survivor size 159383552 bytes, new threshold 4 (max threshold 15)
[2024-02-06T09:53:34.239+0000][1536][gc,phases   ] GC(46)   Pre Evacuate Collection Set: 0.3ms
[2024-02-06T09:53:34.239+0000][1536][gc,phases   ] GC(46)   Merge Heap Roots: 0.4ms
[2024-02-06T09:53:34.239+0000][1536][gc,phases   ] GC(46)   Evacuate Collection Set: 54.7ms
[2024-02-06T09:53:34.239+0000][1536][gc,phases   ] GC(46)   Post Evacuate Collection Set: 1.3ms
[2024-02-06T09:53:34.240+0000][1536][gc,phases   ] GC(46)   Other: 0.3ms
[2024-02-06T09:53:34.240+0000][1536][gc,age      ] GC(46) Age table with threshold 4 (max threshold 15)
[2024-02-06T09:53:34.240+0000][1536][gc,age      ] GC(46) - age   1:   50531520 bytes,   50531520 total
[2024-02-06T09:53:34.240+0000][1536][gc,age      ] GC(46) - age   2:   95589144 bytes,  146120664 total
[2024-02-06T09:53:34.240+0000][1536][gc,age      ] GC(46) - age   3:   21920928 bytes,  168041592 total
[2024-02-06T09:53:34.240+0000][1536][gc,age      ] GC(46) - age   4:   15092856 bytes,  183134448 total
[2024-02-06T09:53:34.240+0000][1536][gc,heap     ] GC(46) Eden regions: 558->0(560)
[2024-02-06T09:53:34.240+0000][1536][gc,heap     ] GC(46) Survivor regions: 48->46(76)
[2024-02-06T09:53:34.240+0000][1536][gc,heap     ] GC(46) Old regions: 94->102
[2024-02-06T09:53:34.240+0000][1536][gc,heap     ] GC(46) Archive regions: 0->0
[2024-02-06T09:53:34.240+0000][1536][gc,heap     ] GC(46) Humongous regions: 2->2
[2024-02-06T09:53:34.240+0000][1536][gc,metaspace] GC(46) Metaspace: 133965K(137472K)->133965K(137472K) NonClass: 116408K(118272K)->116408K(118272K) Class: 17556K(19200K)->17556K(19200K)
[2024-02-06T09:53:34.240+0000][1536][gc          ] GC(46) Pause Young (Normal) (G1 Evacuation Pause) 2805M->599M(4040M) 57.802ms
[2024-02-06T09:53:34.240+0000][1536][gc,cpu      ] GC(46) User=0.38s Sys=0.05s Real=0.06s
[2024-02-06T09:53:34.243+0000][1536][safepoint   ] Safepoint "G1CollectForAllocation", Time since last: 1193482400 ns, Reaching safepoint: 216700 ns, At safepoint: 61582000 ns, Total: 61798700 ns
[2024-02-06T09:53:35.882+0000][1536][safepoint   ] Safepoint "Cleanup", Time since last: 1637601600 ns, Reaching safepoint: 104600 ns, At safepoint: 34400 ns, Total: 139000 ns
[2024-02-06T09:53:36.901+0000][1536][safepoint   ] Safepoint "Cleanup", Time since last: 1016820100 ns, Reaching safepoint: 297600 ns, At safepoint: 2289300 ns, Total: 2586900 ns
[2024-02-06T09:53:37.915+0000][1536][safepoint   ] Safepoint "Cleanup", Time since last: 1013804600 ns, Reaching safepoint: 131000 ns, At safepoint: 16600 ns, Total: 147600 ns
[2024-02-06T09:53:38.921+0000][1536][safepoint   ] Safepoint "Cleanup", Time since last: 1005868100 ns, Reaching safepoint: 69300 ns, At safepoint: 6400 ns, Total: 75700 ns
[2024-02-06T09:53:44.948+0000][1536][safepoint   ] Safepoint "Cleanup", Time since last: 6026784500 ns, Reaching safepoint: 124200 ns, At safepoint: 24300 ns, Total: 148500 ns
[2024-02-06T09:53:45.981+0000][1536][safepoint   ] Safepoint "Cleanup", Time since last: 1003587000 ns, Reaching safepoint: 29154000 ns, At safepoint: 411900 ns, Total: 29565900 ns
[2024-02-06T09:53:46.996+0000][1536][safepoint   ] Safepoint "Cleanup", Time since last: 1014363800 ns, Reaching safepoint: 75200 ns, At safepoint: 51600 ns, Total: 126800 ns
[2024-02-06T09:53:48.006+0000][1536][safepoint   ] Safepoint "Cleanup", Time since last: 1009927000 ns, Reaching safepoint: 71300 ns, At safepoint: 12700 ns, Total: 84000 ns
[2024-02-06T09:53:48.642+0000][1536][gc,start    ] GC(47) Pause Young (Normal) (G1 Evacuation Pause)
[2024-02-06T09:53:48.642+0000][1536][gc,task     ] GC(47) Using 8 workers of 8 for evacuation
[2024-02-06T09:53:48.642+0000][1536][gc,age      ] GC(47) Desired survivor size 159383552 bytes, new threshold 3 (max threshold 15)
[2024-02-06T09:53:48.690+0000][1536][gc,phases   ] GC(47)   Pre Evacuate Collection Set: 0.2ms
[2024-02-06T09:53:48.690+0000][1536][gc,phases   ] GC(47)   Merge Heap Roots: 0.1ms
[2024-02-06T09:53:48.690+0000][1536][gc,phases   ] GC(47)   Evacuate Collection Set: 46.4ms
[2024-02-06T09:53:48.690+0000][1536][gc,phases   ] GC(47)   Post Evacuate Collection Set: 1.6ms
[2024-02-06T09:53:48.690+0000][1536][gc,phases   ] GC(47)   Other: 0.3ms
[2024-02-06T09:53:48.690+0000][1536][gc,age      ] GC(47) Age table with threshold 3 (max threshold 15)
[2024-02-06T09:53:48.690+0000][1536][gc,age      ] GC(47) - age   1:   87701168 bytes,   87701168 total
[2024-02-06T09:53:48.690+0000][1536][gc,age      ] GC(47) - age   2:   42382968 bytes,  130084136 total
[2024-02-06T09:53:48.690+0000][1536][gc,age      ] GC(47) - age   3:   41603384 bytes,  171687520 total
[2024-02-06T09:53:48.690+0000][1536][gc,heap     ] GC(47) Eden regions: 560->0(562)
[2024-02-06T09:53:48.690+0000][1536][gc,heap     ] GC(47) Survivor regions: 46->44(76)
[2024-02-06T09:53:48.690+0000][1536][gc,heap     ] GC(47) Old regions: 102->111
[2024-02-06T09:53:48.690+0000][1536][gc,heap     ] GC(47) Archive regions: 0->0
[2024-02-06T09:53:48.690+0000][1536][gc,heap     ] GC(47) Humongous regions: 2->2
[2024-02-06T09:53:48.690+0000][1536][gc,metaspace] GC(47) Metaspace: 134347K(137920K)->134347K(137920K) NonClass: 116728K(118656K)->116728K(118656K) Class: 17619K(19264K)->17619K(19264K)
[2024-02-06T09:53:48.690+0000][1536][gc          ] GC(47) Pause Young (Normal) (G1 Evacuation Pause) 2839M->625M(4040M) 49.337ms
[2024-02-06T09:53:48.690+0000][1536][gc,cpu      ] GC(47) User=0.25s Sys=0.06s Real=0.05s
[2024-02-06T09:53:48.693+0000][1536][safepoint   ] Safepoint "G1CollectForAllocation", Time since last: 636681200 ns, Reaching safepoint: 101600 ns, At safepoint: 50377400 ns, Total: 50479000 ns
[2024-02-06T09:53:55.747+0000][1536][safepoint   ] Safepoint "Cleanup", Time since last: 7053692600 ns, Reaching safepoint: 143700 ns, At safepoint: 350000 ns, Total: 493700 ns
[2024-02-06T09:53:58.771+0000][1536][safepoint   ] Safepoint "Cleanup", Time since last: 3024399600 ns, Reaching safepoint: 87700 ns, At safepoint: 19400 ns, Total: 107100 ns
[2024-02-06T09:53:59.774+0000][1536][safepoint   ] Safepoint "Cleanup", Time since last: 1002826000 ns, Reaching safepoint: 98200 ns, At safepoint: 240100 ns, Total: 338300 ns
[2024-02-06T09:54:00.353+0000][1536][gc,start    ] GC(48) Pause Young (Normal) (G1 Evacuation Pause)
[2024-02-06T09:54:00.354+0000][1536][gc,task     ] GC(48) Using 8 workers of 8 for evacuation
[2024-02-06T09:54:00.354+0000][1536][gc,age      ] GC(48) Desired survivor size 159383552 bytes, new threshold 3 (max threshold 15)
[2024-02-06T09:54:00.421+0000][1536][gc,phases   ] GC(48)   Pre Evacuate Collection Set: 0.2ms
[2024-02-06T09:54:00.421+0000][1536][gc,phases   ] GC(48)   Merge Heap Roots: 0.2ms
[2024-02-06T09:54:00.421+0000][1536][gc,phases   ] GC(48)   Evacuate Collection Set: 64.8ms
[2024-02-06T09:54:00.421+0000][1536][gc,phases   ] GC(48)   Post Evacuate Collection Set: 2.2ms
[2024-02-06T09:54:00.421+0000][1536][gc,phases   ] GC(48)   Other: 0.4ms
[2024-02-06T09:54:00.421+0000][1536][gc,age      ] GC(48) Age table with threshold 3 (max threshold 15)
[2024-02-06T09:54:00.421+0000][1536][gc,age      ] GC(48) - age   1:   45086040 bytes,   45086040 total
[2024-02-06T09:54:00.421+0000][1536][gc,age      ] GC(48) - age   2:   81608912 bytes,  126694952 total
[2024-02-06T09:54:00.421+0000][1536][gc,age      ] GC(48) - age   3:   26806464 bytes,  153501416 total
[2024-02-06T09:54:00.421+0000][1536][gc,heap     ] GC(48) Eden regions: 562->0(568)
[2024-02-06T09:54:00.421+0000][1536][gc,heap     ] GC(48) Survivor regions: 44->38(76)
[2024-02-06T09:54:00.421+0000][1536][gc,heap     ] GC(48) Old regions: 111->120
[2024-02-06T09:54:00.421+0000][1536][gc,heap     ] GC(48) Archive regions: 0->0
[2024-02-06T09:54:00.421+0000][1536][gc,heap     ] GC(48) Humongous regions: 2->2
[2024-02-06T09:54:00.421+0000][1536][gc,metaspace] GC(48) Metaspace: 134355K(137920K)->134355K(137920K) NonClass: 116735K(118656K)->116735K(118656K) Class: 17619K(19264K)->17619K(19264K)
[2024-02-06T09:54:00.421+0000][1536][gc          ] GC(48) Pause Young (Normal) (G1 Evacuation Pause) 2873M->640M(4040M) 68.551ms
[2024-02-06T09:54:00.421+0000][1536][gc,cpu      ] GC(48) User=0.27s Sys=0.05s Real=0.07s
[2024-02-06T09:54:00.421+0000][1536][safepoint   ] Safepoint "G1CollectForAllocation", Time since last: 578589100 ns, Reaching safepoint: 116900 ns, At safepoint: 68905200 ns, Total: 69022100 ns
[2024-02-06T09:54:07.462+0000][1536][safepoint   ] Safepoint "Cleanup", Time since last: 7039771500 ns, Reaching safepoint: 173500 ns, At safepoint: 37600 ns, Total: 211100 ns
[2024-02-06T09:54:08.472+0000][1536][safepoint   ] Safepoint "Cleanup", Time since last: 1010051700 ns, Reaching safepoint: 117000 ns, At safepoint: 29400 ns, Total: 146400 ns
[2024-02-06T09:54:10.892+0000][1536][safepoint   ] Safepoint "Cleanup", Time since last: 2419072900 ns, Reaching safepoint: 138900 ns, At safepoint: 32500 ns, Total: 171400 ns
[2024-02-06T09:54:11.898+0000][1536][safepoint   ] Safepoint "Cleanup", Time since last: 1006395200 ns, Reaching safepoint: 90200 ns, At safepoint: 14500 ns, Total: 104700 ns
[2024-02-06T09:54:12.903+0000][1536][safepoint   ] Safepoint "Cleanup", Time since last: 1005015800 ns, Reaching safepoint: 146400 ns, At safepoint: 55100 ns, Total: 201500 ns
[2024-02-06T09:54:13.907+0000][1536][safepoint   ] Safepoint "Cleanup", Time since last: 1003470500 ns, Reaching safepoint: 102900 ns, At safepoint: 29500 ns, Total: 132400 ns
[2024-02-06T09:54:16.500+0000][1536][gc,start    ] GC(49) Pause Young (Normal) (G1 Evacuation Pause)
[2024-02-06T09:54:16.500+0000][1536][gc,task     ] GC(49) Using 8 workers of 8 for evacuation
[2024-02-06T09:54:16.500+0000][1536][gc,age      ] GC(49) Desired survivor size 159383552 bytes, new threshold 15 (max threshold 15)
[2024-02-06T09:54:16.531+0000][1536][gc,phases   ] GC(49)   Pre Evacuate Collection Set: 0.2ms
[2024-02-06T09:54:16.531+0000][1536][gc,phases   ] GC(49)   Merge Heap Roots: 0.2ms
[2024-02-06T09:54:16.531+0000][1536][gc,phases   ] GC(49)   Evacuate Collection Set: 39.2ms
[2024-02-06T09:54:16.531+0000][1536][gc,phases   ] GC(49)   Post Evacuate Collection Set: 1.7ms
[2024-02-06T09:54:16.531+0000][1536][gc,phases   ] GC(49)   Other: 0.3ms
[2024-02-06T09:54:16.531+0000][1536][gc,age      ] GC(49) Age table with threshold 15 (max threshold 15)
[2024-02-06T09:54:16.531+0000][1536][gc,age      ] GC(49) - age   1:  109818648 bytes,  109818648 total
[2024-02-06T09:54:16.531+0000][1536][gc,age      ] GC(49) - age   2:   39030160 bytes,  148848808 total
[2024-02-06T09:54:16.531+0000][1536][gc,age      ] GC(49) - age   3:   19300368 bytes,  168149176 total
[2024-02-06T09:54:16.531+0000][1536][gc,age      ] GC(49) - age   4:   23614720 bytes,  191763896 total
[2024-02-06T09:54:16.531+0000][1536][gc,heap     ] GC(49) Eden regions: 568->0(558)
[2024-02-06T09:54:16.531+0000][1536][gc,heap     ] GC(49) Survivor regions: 38->48(76)
[2024-02-06T09:54:16.531+0000][1536][gc,heap     ] GC(49) Old regions: 120->120
[2024-02-06T09:54:16.531+0000][1536][gc,heap     ] GC(49) Archive regions: 0->0
[2024-02-06T09:54:16.531+0000][1536][gc,heap     ] GC(49) Humongous regions: 2->2
[2024-02-06T09:54:16.531+0000][1536][gc,metaspace] GC(49) Metaspace: 134371K(137920K)->134371K(137920K) NonClass: 116751K(118656K)->116751K(118656K) Class: 17620K(19264K)->17620K(19264K)
[2024-02-06T09:54:16.531+0000][1536][gc          ] GC(49) Pause Young (Normal) (G1 Evacuation Pause) 2912M->680M(4040M) 42.630ms
[2024-02-06T09:54:16.531+0000][1536][gc,cpu      ] GC(49) User=0.25s Sys=0.00s Real=0.03s
[2024-02-06T09:54:16.531+0000][1536][safepoint   ] Safepoint "G1CollectForAllocation", Time since last: 2595818100 ns, Reaching safepoint: 129300 ns, At safepoint: 42964900 ns, Total: 43094200 ns
[2024-02-06T09:54:23.601+0000][1536][safepoint   ] Safepoint "Cleanup", Time since last: 7054471100 ns, Reaching safepoint: 115400 ns, At safepoint: 36200 ns, Total: 151600 ns
[2024-02-06T09:54:24.603+0000][1536][safepoint   ] Safepoint "Cleanup", Time since last: 1002053000 ns, Reaching safepoint: 101200 ns, At safepoint: 29500 ns, Total: 130700 ns
[2024-02-06T09:54:25.603+0000][1536][safepoint   ] Safepoint "Cleanup", Time since last: 1000229700 ns, Reaching safepoint: 67200 ns, At safepoint: 24900 ns, Total: 92100 ns
[2024-02-06T09:54:29.631+0000][1536][safepoint   ] Safepoint "Cleanup", Time since last: 4028225900 ns, Reaching safepoint: 111000 ns, At safepoint: 92100 ns, Total: 203100 ns
[2024-02-06T09:54:30.205+0000][1536][gc,start    ] GC(50) Pause Young (Normal) (G1 Evacuation Pause)
[2024-02-06T09:54:30.205+0000][1536][gc,task     ] GC(50) Using 8 workers of 8 for evacuation
[2024-02-06T09:54:30.205+0000][1536][gc,age      ] GC(50) Desired survivor size 159383552 bytes, new threshold 3 (max threshold 15)
[2024-02-06T09:54:30.254+0000][1536][gc,phases   ] GC(50)   Pre Evacuate Collection Set: 0.3ms
[2024-02-06T09:54:30.269+0000][1536][gc,phases   ] GC(50)   Merge Heap Roots: 0.3ms
[2024-02-06T09:54:30.269+0000][1536][gc,phases   ] GC(50)   Evacuate Collection Set: 46.3ms
[2024-02-06T09:54:30.269+0000][1536][gc,phases   ] GC(50)   Post Evacuate Collection Set: 2.2ms
[2024-02-06T09:54:30.269+0000][1536][gc,phases   ] GC(50)   Other: 0.3ms
[2024-02-06T09:54:30.269+0000][1536][gc,age      ] GC(50) Age table with threshold 3 (max threshold 15)
[2024-02-06T09:54:30.269+0000][1536][gc,age      ] GC(50) - age   1:   28207024 bytes,   28207024 total
[2024-02-06T09:54:30.269+0000][1536][gc,age      ] GC(50) - age   2:  103740616 bytes,  131947640 total
[2024-02-06T09:54:30.269+0000][1536][gc,age      ] GC(50) - age   3:   36851176 bytes,  168798816 total
[2024-02-06T09:54:30.269+0000][1536][gc,heap     ] GC(50) Eden regions: 558->0(564)
[2024-02-06T09:54:30.269+0000][1536][gc,heap     ] GC(50) Survivor regions: 48->42(76)
[2024-02-06T09:54:30.269+0000][1536][gc,heap     ] GC(50) Old regions: 120->130
[2024-02-06T09:54:30.269+0000][1536][gc,heap     ] GC(50) Archive regions: 0->0
[2024-02-06T09:54:30.269+0000][1536][gc,heap     ] GC(50) Humongous regions: 2->2
[2024-02-06T09:54:30.269+0000][1536][gc,metaspace] GC(50) Metaspace: 134410K(137920K)->134410K(137920K) NonClass: 116777K(118656K)->116777K(118656K) Class: 17633K(19264K)->17633K(19264K)
[2024-02-06T09:54:30.269+0000][1536][gc          ] GC(50) Pause Young (Normal) (G1 Evacuation Pause) 2912M->694M(4040M) 50.405ms
[2024-02-06T09:54:30.269+0000][1536][gc,cpu      ] GC(50) User=0.28s Sys=0.06s Real=0.06s
[2024-02-06T09:54:30.270+0000][1536][safepoint   ] Safepoint "G1CollectForAllocation", Time since last: 587864100 ns, Reaching safepoint: 99600 ns, At safepoint: 50952700 ns, Total: 51052300 ns
[2024-02-06T09:54:38.358+0000][1536][safepoint   ] Safepoint "Cleanup", Time since last: 8087847000 ns, Reaching safepoint: 96500 ns, At safepoint: 49500 ns, Total: 146000 ns
[2024-02-06T09:54:47.049+0000][1536][gc,start    ] GC(51) Pause Young (Normal) (G1 Evacuation Pause)
[2024-02-06T09:54:47.049+0000][1536][gc,task     ] GC(51) Using 8 workers of 8 for evacuation
[2024-02-06T09:54:47.049+0000][1536][gc,age      ] GC(51) Desired survivor size 159383552 bytes, new threshold 3 (max threshold 15)
[2024-02-06T09:54:47.109+0000][1536][gc,phases   ] GC(51)   Pre Evacuate Collection Set: 0.4ms
[2024-02-06T09:54:47.109+0000][1536][gc,phases   ] GC(51)   Merge Heap Roots: 0.4ms
[2024-02-06T09:54:47.109+0000][1536][gc,phases   ] GC(51)   Evacuate Collection Set: 56.2ms
[2024-02-06T09:54:47.109+0000][1536][gc,phases   ] GC(51)   Post Evacuate Collection Set: 2.1ms
[2024-02-06T09:54:47.109+0000][1536][gc,phases   ] GC(51)   Other: 0.4ms
[2024-02-06T09:54:47.109+0000][1536][gc,age      ] GC(51) Age table with threshold 3 (max threshold 15)
[2024-02-06T09:54:47.109+0000][1536][gc,age      ] GC(51) - age   1:   57276584 bytes,   57276584 total
[2024-02-06T09:54:47.109+0000][1536][gc,age      ] GC(51) - age   2:   26230200 bytes,   83506784 total
[2024-02-06T09:54:47.109+0000][1536][gc,age      ] GC(51) - age   3:   95912776 bytes,  179419560 total
[2024-02-06T09:54:47.109+0000][1536][gc,heap     ] GC(51) Eden regions: 564->0(561)
[2024-02-06T09:54:47.109+0000][1536][gc,heap     ] GC(51) Survivor regions: 42->45(76)
[2024-02-06T09:54:47.109+0000][1536][gc,heap     ] GC(51) Old regions: 130->135
[2024-02-06T09:54:47.109+0000][1536][gc,heap     ] GC(51) Archive regions: 0->0
[2024-02-06T09:54:47.109+0000][1536][gc,heap     ] GC(51) Humongous regions: 2->2
[2024-02-06T09:54:47.110+0000][1536][gc,metaspace] GC(51) Metaspace: 134413K(137920K)->134413K(137920K) NonClass: 116780K(118656K)->116780K(118656K) Class: 17633K(19264K)->17633K(19264K)
[2024-02-06T09:54:47.110+0000][1536][gc          ] GC(51) Pause Young (Normal) (G1 Evacuation Pause) 2950M->720M(4040M) 60.361ms
[2024-02-06T09:54:47.110+0000][1536][gc,cpu      ] GC(51) User=0.28s Sys=0.02s Real=0.06s
[2024-02-06T09:54:47.110+0000][1536][safepoint   ] Safepoint "G1CollectForAllocation", Time since last: 8690753900 ns, Reaching safepoint: 118000 ns, At safepoint: 61070900 ns, Total: 61188900 ns
[2024-02-06T09:54:56.192+0000][1536][safepoint   ] Safepoint "Cleanup", Time since last: 9081244000 ns, Reaching safepoint: 134100 ns, At safepoint: 92600 ns, Total: 226700 ns
[2024-02-06T09:55:02.228+0000][1536][safepoint   ] Safepoint "Cleanup", Time since last: 6035995800 ns, Reaching safepoint: 119700 ns, At safepoint: 330300 ns, Total: 450000 ns
[2024-02-06T09:55:03.229+0000][1536][safepoint   ] Safepoint "Cleanup", Time since last: 1000171300 ns, Reaching safepoint: 180800 ns, At safepoint: 94600 ns, Total: 275400 ns
[2024-02-06T09:55:04.050+0000][1536][gc,start    ] GC(52) Pause Young (Normal) (G1 Evacuation Pause)
[2024-02-06T09:55:04.050+0000][1536][gc,task     ] GC(52) Using 8 workers of 8 for evacuation
[2024-02-06T09:55:04.050+0000][1536][gc,age      ] GC(52) Desired survivor size 159383552 bytes, new threshold 3 (max threshold 15)
[2024-02-06T09:55:04.109+0000][1536][gc,phases   ] GC(52)   Pre Evacuate Collection Set: 0.2ms
[2024-02-06T09:55:04.109+0000][1536][gc,phases   ] GC(52)   Merge Heap Roots: 0.2ms
[2024-02-06T09:55:04.109+0000][1536][gc,phases   ] GC(52)   Evacuate Collection Set: 47.7ms
[2024-02-06T09:55:04.109+0000][1536][gc,phases   ] GC(52)   Post Evacuate Collection Set: 1.5ms
[2024-02-06T09:55:04.109+0000][1536][gc,phases   ] GC(52)   Other: 0.3ms
[2024-02-06T09:55:04.109+0000][1536][gc,age      ] GC(52) Age table with threshold 3 (max threshold 15)
[2024-02-06T09:55:04.109+0000][1536][gc,age      ] GC(52) - age   1:   91396544 bytes,   91396544 total
[2024-02-06T09:55:04.109+0000][1536][gc,age      ] GC(52) - age   2:   51045424 bytes,  142441968 total
[2024-02-06T09:55:04.109+0000][1536][gc,age      ] GC(52) - age   3:   23298784 bytes,  165740752 total
[2024-02-06T09:55:04.109+0000][1536][gc,heap     ] GC(52) Eden regions: 561->0(564)
[2024-02-06T09:55:04.109+0000][1536][gc,heap     ] GC(52) Survivor regions: 45->42(76)
[2024-02-06T09:55:04.109+0000][1536][gc,heap     ] GC(52) Old regions: 135->145
[2024-02-06T09:55:04.109+0000][1536][gc,heap     ] GC(52) Archive regions: 0->0
[2024-02-06T09:55:04.109+0000][1536][gc,heap     ] GC(52) Humongous regions: 2->2
[2024-02-06T09:55:04.109+0000][1536][gc,metaspace] GC(52) Metaspace: 134414K(137920K)->134414K(137920K) NonClass: 116781K(118656K)->116781K(118656K) Class: 17633K(19264K)->17633K(19264K)
[2024-02-06T09:55:04.109+0000][1536][gc          ] GC(52) Pause Young (Normal) (G1 Evacuation Pause) 2964M->754M(4040M) 50.544ms
[2024-02-06T09:55:04.109+0000][1536][gc,cpu      ] GC(52) User=0.28s Sys=0.09s Real=0.06s
[2024-02-06T09:55:04.109+0000][1536][safepoint   ] Safepoint "G1CollectForAllocation", Time since last: 830243900 ns, Reaching safepoint: 103000 ns, At safepoint: 50855000 ns, Total: 50958000 ns
[2024-02-06T09:55:05.118+0000][1536][safepoint   ] Safepoint "Cleanup", Time since last: 1008582600 ns, Reaching safepoint: 163300 ns, At safepoint: 22300 ns, Total: 185600 ns
[2024-02-06T09:55:08.148+0000][1536][safepoint   ] Safepoint "Cleanup", Time since last: 3029182900 ns, Reaching safepoint: 97200 ns, At safepoint: 18200 ns, Total: 115400 ns
[2024-02-06T09:55:11.167+0000][1536][safepoint   ] Safepoint "Cleanup", Time since last: 3018622100 ns, Reaching safepoint: 140700 ns, At safepoint: 38000 ns, Total: 178700 ns
[2024-02-06T09:55:14.199+0000][1536][safepoint   ] Safepoint "Cleanup", Time since last: 3032231600 ns, Reaching safepoint: 112600 ns, At safepoint: 16500 ns, Total: 129100 ns
[2024-02-06T09:55:17.222+0000][1536][safepoint   ] Safepoint "Cleanup", Time since last: 3022583300 ns, Reaching safepoint: 91200 ns, At safepoint: 11500 ns, Total: 102700 ns
[2024-02-06T09:55:18.228+0000][1536][safepoint   ] Safepoint "Cleanup", Time since last: 1006131800 ns, Reaching safepoint: 80000 ns, At safepoint: 18700 ns, Total: 98700 ns
[2024-02-06T09:55:20.230+0000][1536][safepoint   ] Safepoint "Cleanup", Time since last: 2001682300 ns, Reaching safepoint: 212400 ns, At safepoint: 50500 ns, Total: 262900 ns
[2024-02-06T09:55:22.238+0000][1536][safepoint   ] Safepoint "Cleanup", Time since last: 2007795600 ns, Reaching safepoint: 108900 ns, At safepoint: 27700 ns, Total: 136600 ns
[2024-02-06T09:55:23.238+0000][1536][safepoint   ] Safepoint "Cleanup", Time since last: 1000388500 ns, Reaching safepoint: 112100 ns, At safepoint: 57200 ns, Total: 169300 ns
[2024-02-06T09:55:25.644+0000][1536][gc,start    ] GC(53) Pause Young (Normal) (G1 Evacuation Pause)
[2024-02-06T09:55:25.644+0000][1536][gc,task     ] GC(53) Using 8 workers of 8 for evacuation
[2024-02-06T09:55:25.644+0000][1536][gc,age      ] GC(53) Desired survivor size 159383552 bytes, new threshold 3 (max threshold 15)
[2024-02-06T09:55:25.693+0000][1536][gc,phases   ] GC(53)   Pre Evacuate Collection Set: 0.3ms
[2024-02-06T09:55:25.693+0000][1536][gc,phases   ] GC(53)   Merge Heap Roots: 0.3ms
[2024-02-06T09:55:25.693+0000][1536][gc,phases   ] GC(53)   Evacuate Collection Set: 46.7ms
[2024-02-06T09:55:25.693+0000][1536][gc,phases   ] GC(53)   Post Evacuate Collection Set: 1.6ms
[2024-02-06T09:55:25.693+0000][1536][gc,phases   ] GC(53)   Other: 0.5ms
[2024-02-06T09:55:25.693+0000][1536][gc,age      ] GC(53) Age table with threshold 3 (max threshold 15)
[2024-02-06T09:55:25.693+0000][1536][gc,age      ] GC(53) - age   1:   64388336 bytes,   64388336 total
[2024-02-06T09:55:25.693+0000][1536][gc,age      ] GC(53) - age   2:   83893792 bytes,  148282128 total
[2024-02-06T09:55:25.693+0000][1536][gc,age      ] GC(53) - age   3:   35066200 bytes,  183348328 total
[2024-02-06T09:55:25.693+0000][1536][gc,heap     ] GC(53) Eden regions: 564->0(560)
[2024-02-06T09:55:25.693+0000][1536][gc,heap     ] GC(53) Survivor regions: 42->46(76)
[2024-02-06T09:55:25.694+0000][1536][gc,heap     ] GC(53) Old regions: 145->150
[2024-02-06T09:55:25.694+0000][1536][gc,heap     ] GC(53) Archive regions: 0->0
[2024-02-06T09:55:25.694+0000][1536][gc,heap     ] GC(53) Humongous regions: 2->2
[2024-02-06T09:55:25.694+0000][1536][gc,metaspace] GC(53) Metaspace: 134417K(137920K)->134417K(137920K) NonClass: 116784K(118656K)->116784K(118656K) Class: 17633K(19264K)->17633K(19264K)
[2024-02-06T09:55:25.694+0000][1536][gc          ] GC(53) Pause Young (Normal) (G1 Evacuation Pause) 3010M->787M(4040M) 49.929ms
[2024-02-06T09:55:25.694+0000][1536][gc,cpu      ] GC(53) User=0.22s Sys=0.02s Real=0.05s
[2024-02-06T09:55:25.694+0000][1536][safepoint   ] Safepoint "G1CollectForAllocation", Time since last: 2405334900 ns, Reaching safepoint: 138400 ns, At safepoint: 50380500 ns, Total: 50518900 ns
[2024-02-06T09:55:27.720+0000][1536][safepoint   ] Safepoint "Cleanup", Time since last: 2025555400 ns, Reaching safepoint: 125900 ns, At safepoint: 12600 ns, Total: 138500 ns
[2024-02-06T09:55:31.748+0000][1536][safepoint   ] Safepoint "Cleanup", Time since last: 4028307100 ns, Reaching safepoint: 127400 ns, At safepoint: 28500 ns, Total: 155900 ns
[2024-02-06T09:55:34.780+0000][1536][safepoint   ] Safepoint "Cleanup", Time since last: 3031405800 ns, Reaching safepoint: 97500 ns, At safepoint: 40600 ns, Total: 138100 ns
[2024-02-06T09:55:35.787+0000][1536][safepoint   ] Safepoint "Cleanup", Time since last: 1006493900 ns, Reaching safepoint: 82100 ns, At safepoint: 27800 ns, Total: 109900 ns
[2024-02-06T09:55:37.808+0000][1536][safepoint   ] Safepoint "Cleanup", Time since last: 2021465500 ns, Reaching safepoint: 67600 ns, At safepoint: 26900 ns, Total: 94500 ns
[2024-02-06T09:55:39.387+0000][1536][safepoint   ] Safepoint "Cleanup", Time since last: 1551959500 ns, Reaching safepoint: 26630300 ns, At safepoint: 197500 ns, Total: 26827800 ns
[2024-02-06T09:55:40.391+0000][1536][safepoint   ] Safepoint "Cleanup", Time since last: 1003785500 ns, Reaching safepoint: 167100 ns, At safepoint: 88800 ns, Total: 255900 ns
[2024-02-06T09:55:42.404+0000][1536][safepoint   ] Safepoint "Cleanup", Time since last: 2013064100 ns, Reaching safepoint: 96300 ns, At safepoint: 15000 ns, Total: 111300 ns
[2024-02-06T09:55:45.241+0000][1536][gc,start    ] GC(54) Pause Young (Normal) (G1 Evacuation Pause)
[2024-02-06T09:55:45.241+0000][1536][gc,task     ] GC(54) Using 8 workers of 8 for evacuation
[2024-02-06T09:55:45.241+0000][1536][gc,age      ] GC(54) Desired survivor size 159383552 bytes, new threshold 3 (max threshold 15)
[2024-02-06T09:55:45.292+0000][1536][gc,phases   ] GC(54)   Pre Evacuate Collection Set: 0.1ms
[2024-02-06T09:55:45.292+0000][1536][gc,phases   ] GC(54)   Merge Heap Roots: 0.1ms
[2024-02-06T09:55:45.292+0000][1536][gc,phases   ] GC(54)   Evacuate Collection Set: 49.5ms
[2024-02-06T09:55:45.292+0000][1536][gc,phases   ] GC(54)   Post Evacuate Collection Set: 1.3ms
[2024-02-06T09:55:45.292+0000][1536][gc,phases   ] GC(54)   Other: 0.3ms
[2024-02-06T09:55:45.292+0000][1536][gc,age      ] GC(54) Age table with threshold 3 (max threshold 15)
[2024-02-06T09:55:45.292+0000][1536][gc,age      ] GC(54) - age   1:   64905336 bytes,   64905336 total
[2024-02-06T09:55:45.292+0000][1536][gc,age      ] GC(54) - age   2:   53984288 bytes,  118889624 total
[2024-02-06T09:55:45.292+0000][1536][gc,age      ] GC(54) - age   3:   59649960 bytes,  178539584 total
[2024-02-06T09:55:45.293+0000][1536][gc,heap     ] GC(54) Eden regions: 560->0(561)
[2024-02-06T09:55:45.293+0000][1536][gc,heap     ] GC(54) Survivor regions: 46->45(76)
[2024-02-06T09:55:45.293+0000][1536][gc,heap     ] GC(54) Old regions: 150->157
[2024-02-06T09:55:45.293+0000][1536][gc,heap     ] GC(54) Archive regions: 0->0
[2024-02-06T09:55:45.293+0000][1536][gc,heap     ] GC(54) Humongous regions: 2->2
[2024-02-06T09:55:45.293+0000][1536][gc,metaspace] GC(54) Metaspace: 134429K(137920K)->134429K(137920K) NonClass: 116794K(118656K)->116794K(118656K) Class: 17634K(19264K)->17634K(19264K)
[2024-02-06T09:55:45.293+0000][1536][gc          ] GC(54) Pause Young (Normal) (G1 Evacuation Pause) 3027M->812M(4040M) 51.924ms
[2024-02-06T09:55:45.294+0000][1536][gc,cpu      ] GC(54) User=0.30s Sys=0.05s Real=0.05s
[2024-02-06T09:55:45.294+0000][1536][safepoint   ] Safepoint "G1CollectForAllocation", Time since last: 2837114000 ns, Reaching safepoint: 84100 ns, At safepoint: 52134100 ns, Total: 52218200 ns
[2024-02-06T09:55:49.335+0000][1536][safepoint   ] Safepoint "Cleanup", Time since last: 4041670400 ns, Reaching safepoint: 97700 ns, At safepoint: 21900 ns, Total: 119600 ns
[2024-02-06T09:55:50.350+0000][1536][safepoint   ] Safepoint "Cleanup", Time since last: 1014303200 ns, Reaching safepoint: 193300 ns, At safepoint: 26900 ns, Total: 220200 ns
[2024-02-06T09:55:51.352+0000][1536][safepoint   ] Safepoint "Cleanup", Time since last: 1001694300 ns, Reaching safepoint: 98500 ns, At safepoint: 69500 ns, Total: 168000 ns
[2024-02-06T09:55:52.355+0000][1536][safepoint   ] Safepoint "Cleanup", Time since last: 1002759500 ns, Reaching safepoint: 84600 ns, At safepoint: 9800 ns, Total: 94400 ns
[2024-02-06T09:55:53.368+0000][1536][safepoint   ] Safepoint "Cleanup", Time since last: 1013640400 ns, Reaching safepoint: 104200 ns, At safepoint: 12700 ns, Total: 116900 ns
[2024-02-06T09:55:54.385+0000][1536][safepoint   ] Safepoint "Cleanup", Time since last: 1016387100 ns, Reaching safepoint: 144400 ns, At safepoint: 20000 ns, Total: 164400 ns
[2024-02-06T09:56:01.428+0000][1536][safepoint   ] Safepoint "Cleanup", Time since last: 7042868600 ns, Reaching safepoint: 220600 ns, At safepoint: 112100 ns, Total: 332700 ns
[2024-02-06T09:56:06.485+0000][1536][gc,start    ] GC(55) Pause Young (Normal) (G1 Evacuation Pause)
[2024-02-06T09:56:06.485+0000][1536][gc,task     ] GC(55) Using 8 workers of 8 for evacuation
[2024-02-06T09:56:06.485+0000][1536][gc,age      ] GC(55) Desired survivor size 159383552 bytes, new threshold 3 (max threshold 15)
[2024-02-06T09:56:06.532+0000][1536][gc,phases   ] GC(55)   Pre Evacuate Collection Set: 0.2ms
[2024-02-06T09:56:06.532+0000][1536][gc,phases   ] GC(55)   Merge Heap Roots: 0.3ms
[2024-02-06T09:56:06.532+0000][1536][gc,phases   ] GC(55)   Evacuate Collection Set: 44.4ms
[2024-02-06T09:56:06.532+0000][1536][gc,phases   ] GC(55)   Post Evacuate Collection Set: 1.4ms
[2024-02-06T09:56:06.532+0000][1536][gc,phases   ] GC(55)   Other: 0.3ms
[2024-02-06T09:56:06.532+0000][1536][gc,age      ] GC(55) Age table with threshold 3 (max threshold 15)
[2024-02-06T09:56:06.532+0000][1536][gc,age      ] GC(55) - age   1:   73500296 bytes,   73500296 total
[2024-02-06T09:56:06.532+0000][1536][gc,age      ] GC(55) - age   2:   55454424 bytes,  128954720 total
[2024-02-06T09:56:06.532+0000][1536][gc,age      ] GC(55) - age   3:   53073704 bytes,  182028424 total
[2024-02-06T09:56:06.532+0000][1536][gc,heap     ] GC(55) Eden regions: 561->0(560)
[2024-02-06T09:56:06.532+0000][1536][gc,heap     ] GC(55) Survivor regions: 45->46(76)
[2024-02-06T09:56:06.532+0000][1536][gc,heap     ] GC(55) Old regions: 157->163
[2024-02-06T09:56:06.532+0000][1536][gc,heap     ] GC(55) Archive regions: 0->0
[2024-02-06T09:56:06.532+0000][1536][gc,heap     ] GC(55) Humongous regions: 2->2
[2024-02-06T09:56:06.532+0000][1536][gc,metaspace] GC(55) Metaspace: 134429K(137920K)->134429K(137920K) NonClass: 116794K(118656K)->116794K(118656K) Class: 17634K(19264K)->17634K(19264K)
[2024-02-06T09:56:06.532+0000][1536][gc          ] GC(55) Pause Young (Normal) (G1 Evacuation Pause) 3056M->840M(4040M) 47.212ms
[2024-02-06T09:56:06.532+0000][1536][gc,cpu      ] GC(55) User=0.19s Sys=0.05s Real=0.05s
[2024-02-06T09:56:06.532+0000][1536][safepoint   ] Safepoint "G1CollectForAllocation", Time since last: 5056850700 ns, Reaching safepoint: 103900 ns, At safepoint: 47481200 ns, Total: 47585100 ns
[2024-02-06T09:56:07.533+0000][1536][safepoint   ] Safepoint "Cleanup", Time since last: 1000195700 ns, Reaching safepoint: 321100 ns, At safepoint: 27700 ns, Total: 348800 ns
[2024-02-06T09:56:08.533+0000][1536][safepoint   ] Safepoint "Cleanup", Time since last: 1000175400 ns, Reaching safepoint: 101500 ns, At safepoint: 36100 ns, Total: 137600 ns
[2024-02-06T09:56:11.558+0000][1536][safepoint   ] Safepoint "Cleanup", Time since last: 3024788000 ns, Reaching safepoint: 244100 ns, At safepoint: 16000 ns, Total: 260100 ns
[2024-02-06T09:56:16.599+0000][1536][safepoint   ] Safepoint "Cleanup", Time since last: 5040852300 ns, Reaching safepoint: 112800 ns, At safepoint: 20700 ns, Total: 133500 ns
[2024-02-06T09:56:19.620+0000][1536][safepoint   ] Safepoint "Cleanup", Time since last: 3020334500 ns, Reaching safepoint: 119600 ns, At safepoint: 73600 ns, Total: 193200 ns
[2024-02-06T09:56:23.227+0000][1536][gc,start    ] GC(56) Pause Young (Normal) (G1 Evacuation Pause)
[2024-02-06T09:56:23.227+0000][1536][gc,task     ] GC(56) Using 8 workers of 8 for evacuation
[2024-02-06T09:56:23.227+0000][1536][gc,age      ] GC(56) Desired survivor size 159383552 bytes, new threshold 3 (max threshold 15)
[2024-02-06T09:56:23.275+0000][1536][gc,phases   ] GC(56)   Pre Evacuate Collection Set: 0.2ms
[2024-02-06T09:56:23.275+0000][1536][gc,phases   ] GC(56)   Merge Heap Roots: 0.2ms
[2024-02-06T09:56:23.275+0000][1536][gc,phases   ] GC(56)   Evacuate Collection Set: 45.2ms
[2024-02-06T09:56:23.275+0000][1536][gc,phases   ] GC(56)   Post Evacuate Collection Set: 2.2ms
[2024-02-06T09:56:23.275+0000][1536][gc,phases   ] GC(56)   Other: 0.3ms
[2024-02-06T09:56:23.275+0000][1536][gc,age      ] GC(56) Age table with threshold 3 (max threshold 15)
[2024-02-06T09:56:23.275+0000][1536][gc,age      ] GC(56) - age   1:   63782080 bytes,   63782080 total
[2024-02-06T09:56:23.275+0000][1536][gc,age      ] GC(56) - age   2:   64273552 bytes,  128055632 total
[2024-02-06T09:56:23.275+0000][1536][gc,age      ] GC(56) - age   3:   51673416 bytes,  179729048 total
[2024-02-06T09:56:23.275+0000][1536][gc,heap     ] GC(56) Eden regions: 560->0(561)
[2024-02-06T09:56:23.275+0000][1536][gc,heap     ] GC(56) Survivor regions: 46->45(76)
[2024-02-06T09:56:23.275+0000][1536][gc,heap     ] GC(56) Old regions: 163->171
[2024-02-06T09:56:23.275+0000][1536][gc,heap     ] GC(56) Archive regions: 0->0
[2024-02-06T09:56:23.275+0000][1536][gc,heap     ] GC(56) Humongous regions: 2->2
[2024-02-06T09:56:23.275+0000][1536][gc,metaspace] GC(56) Metaspace: 134433K(137984K)->134433K(137984K) NonClass: 116798K(118720K)->116798K(118720K) Class: 17634K(19264K)->17634K(19264K)
[2024-02-06T09:56:23.275+0000][1536][gc          ] GC(56) Pause Young (Normal) (G1 Evacuation Pause) 3080M->866M(4040M) 48.590ms
[2024-02-06T09:56:23.275+0000][1536][gc,cpu      ] GC(56) User=0.30s Sys=0.03s Real=0.05s
[2024-02-06T09:56:23.275+0000][1536][safepoint   ] Safepoint "G1CollectForAllocation", Time since last: 3608837400 ns, Reaching safepoint: 154200 ns, At safepoint: 48855500 ns, Total: 49009700 ns
[2024-02-06T09:56:32.344+0000][1536][safepoint   ] Safepoint "Cleanup", Time since last: 9066384400 ns, Reaching safepoint: 139500 ns, At safepoint: 23700 ns, Total: 163200 ns
[2024-02-06T09:56:34.348+0000][1536][safepoint   ] Safepoint "Cleanup", Time since last: 2003200800 ns, Reaching safepoint: 105500 ns, At safepoint: 15500 ns, Total: 121000 ns
[2024-02-06T09:56:38.380+0000][1536][safepoint   ] Safepoint "Cleanup", Time since last: 4032558200 ns, Reaching safepoint: 82500 ns, At safepoint: 13700 ns, Total: 96200 ns
[2024-02-06T09:56:39.388+0000][1536][safepoint   ] Safepoint "Cleanup", Time since last: 1007943000 ns, Reaching safepoint: 686100 ns, At safepoint: 17000 ns, Total: 703100 ns
[2024-02-06T09:56:40.392+0000][1536][safepoint   ] Safepoint "Cleanup", Time since last: 1002563900 ns, Reaching safepoint: 125500 ns, At safepoint: 14000 ns, Total: 139500 ns
[2024-02-06T09:56:43.402+0000][1536][safepoint   ] Safepoint "Cleanup", Time since last: 3010182500 ns, Reaching safepoint: 101700 ns, At safepoint: 71700 ns, Total: 173400 ns
[2024-02-06T09:56:44.124+0000][1536][gc,start    ] GC(57) Pause Young (Normal) (G1 Evacuation Pause)
[2024-02-06T09:56:44.124+0000][1536][gc,task     ] GC(57) Using 8 workers of 8 for evacuation
[2024-02-06T09:56:44.124+0000][1536][gc,age      ] GC(57) Desired survivor size 159383552 bytes, new threshold 3 (max threshold 15)
[2024-02-06T09:56:44.174+0000][1536][gc,phases   ] GC(57)   Pre Evacuate Collection Set: 0.3ms
[2024-02-06T09:56:44.174+0000][1536][gc,phases   ] GC(57)   Merge Heap Roots: 0.3ms
[2024-02-06T09:56:44.174+0000][1536][gc,phases   ] GC(57)   Evacuate Collection Set: 43.8ms
[2024-02-06T09:56:44.174+0000][1536][gc,phases   ] GC(57)   Post Evacuate Collection Set: 1.4ms
[2024-02-06T09:56:44.174+0000][1536][gc,phases   ] GC(57)   Other: 0.3ms
[2024-02-06T09:56:44.174+0000][1536][gc,age      ] GC(57) Age table with threshold 3 (max threshold 15)
[2024-02-06T09:56:44.174+0000][1536][gc,age      ] GC(57) - age   1:   65091896 bytes,   65091896 total
[2024-02-06T09:56:44.174+0000][1536][gc,age      ] GC(57) - age   2:   51651360 bytes,  116743256 total
[2024-02-06T09:56:44.174+0000][1536][gc,age      ] GC(57) - age   3:   63115560 bytes,  179858816 total
[2024-02-06T09:56:44.174+0000][1536][gc,heap     ] GC(57) Eden regions: 561->0(560)
[2024-02-06T09:56:44.174+0000][1536][gc,heap     ] GC(57) Survivor regions: 45->46(76)
[2024-02-06T09:56:44.174+0000][1536][gc,heap     ] GC(57) Old regions: 171->179
[2024-02-06T09:56:44.174+0000][1536][gc,heap     ] GC(57) Archive regions: 0->0
[2024-02-06T09:56:44.174+0000][1536][gc,heap     ] GC(57) Humongous regions: 2->2
[2024-02-06T09:56:44.175+0000][1536][gc,metaspace] GC(57) Metaspace: 134441K(137984K)->134441K(137984K) NonClass: 116805K(118720K)->116805K(118720K) Class: 17635K(19264K)->17635K(19264K)
[2024-02-06T09:56:44.175+0000][1536][gc          ] GC(57) Pause Young (Normal) (G1 Evacuation Pause) 3110M->905M(4040M) 46.704ms
[2024-02-06T09:56:44.175+0000][1536][gc,cpu      ] GC(57) User=0.22s Sys=0.14s Real=0.05s
[2024-02-06T09:56:44.175+0000][1536][safepoint   ] Safepoint "G1CollectForAllocation", Time since last: 725701200 ns, Reaching safepoint: 103700 ns, At safepoint: 47038300 ns, Total: 47142000 ns
[2024-02-06T09:56:59.879+0000][1536][gc,start    ] GC(58) Pause Young (Normal) (G1 Evacuation Pause)
[2024-02-06T09:56:59.879+0000][1536][gc,task     ] GC(58) Using 8 workers of 8 for evacuation
[2024-02-06T09:56:59.879+0000][1536][gc,age      ] GC(58) Desired survivor size 159383552 bytes, new threshold 3 (max threshold 15)
[2024-02-06T09:56:59.930+0000][1536][gc,phases   ] GC(58)   Pre Evacuate Collection Set: 0.1ms
[2024-02-06T09:56:59.931+0000][1536][gc,phases   ] GC(58)   Merge Heap Roots: 0.1ms
[2024-02-06T09:56:59.931+0000][1536][gc,phases   ] GC(58)   Evacuate Collection Set: 49.3ms
[2024-02-06T09:56:59.931+0000][1536][gc,phases   ] GC(58)   Post Evacuate Collection Set: 1.6ms
[2024-02-06T09:56:59.931+0000][1536][gc,phases   ] GC(58)   Other: 0.2ms
[2024-02-06T09:56:59.931+0000][1536][gc,age      ] GC(58) Age table with threshold 3 (max threshold 15)
[2024-02-06T09:56:59.931+0000][1536][gc,age      ] GC(58) - age   1:   83110144 bytes,   83110144 total
[2024-02-06T09:56:59.931+0000][1536][gc,age      ] GC(58) - age   2:   50452240 bytes,  133562384 total
[2024-02-06T09:56:59.931+0000][1536][gc,age      ] GC(58) - age   3:   48855600 bytes,  182417984 total
[2024-02-06T09:56:59.931+0000][1536][gc,heap     ] GC(58) Eden regions: 560->0(560)
[2024-02-06T09:56:59.931+0000][1536][gc,heap     ] GC(58) Survivor regions: 46->46(76)
[2024-02-06T09:56:59.931+0000][1536][gc,heap     ] GC(58) Old regions: 179->186
[2024-02-06T09:56:59.931+0000][1536][gc,heap     ] GC(58) Archive regions: 0->0
[2024-02-06T09:56:59.931+0000][1536][gc,heap     ] GC(58) Humongous regions: 2->2
[2024-02-06T09:56:59.931+0000][1536][gc,metaspace] GC(58) Metaspace: 134445K(137984K)->134445K(137984K) NonClass: 116809K(118720K)->116809K(118720K) Class: 17635K(19264K)->17635K(19264K)
[2024-02-06T09:56:59.931+0000][1536][gc          ] GC(58) Pause Young (Normal) (G1 Evacuation Pause) 3145M->933M(4040M) 52.215ms
[2024-02-06T09:56:59.931+0000][1536][gc,cpu      ] GC(58) User=0.30s Sys=0.05s Real=0.05s
[2024-02-06T09:56:59.931+0000][1536][safepoint   ] Safepoint "G1CollectForAllocation", Time since last: 15704387800 ns, Reaching safepoint: 208400 ns, At safepoint: 52555400 ns, Total: 52763800 ns
[2024-02-06T09:57:03.957+0000][1536][safepoint   ] Safepoint "Cleanup", Time since last: 4024510900 ns, Reaching safepoint: 79600 ns, At safepoint: 17200 ns, Total: 96800 ns
[2024-02-06T09:57:10.009+0000][1536][safepoint   ] Safepoint "Cleanup", Time since last: 6052018300 ns, Reaching safepoint: 157900 ns, At safepoint: 15600 ns, Total: 173500 ns
[2024-02-06T09:57:11.027+0000][1536][safepoint   ] Safepoint "Cleanup", Time since last: 1018284100 ns, Reaching safepoint: 155500 ns, At safepoint: 133000 ns, Total: 288500 ns
[2024-02-06T09:57:16.058+0000][1536][safepoint   ] Safepoint "Cleanup", Time since last: 5031040600 ns, Reaching safepoint: 109500 ns, At safepoint: 47400 ns, Total: 156900 ns
[2024-02-06T09:57:18.459+0000][1536][gc,start    ] GC(59) Pause Young (Normal) (G1 Evacuation Pause)
[2024-02-06T09:57:18.459+0000][1536][gc,task     ] GC(59) Using 8 workers of 8 for evacuation
[2024-02-06T09:57:18.459+0000][1536][gc,age      ] GC(59) Desired survivor size 159383552 bytes, new threshold 3 (max threshold 15)
[2024-02-06T09:57:18.521+0000][1536][gc,phases   ] GC(59)   Pre Evacuate Collection Set: 0.4ms
[2024-02-06T09:57:18.521+0000][1536][gc,phases   ] GC(59)   Merge Heap Roots: 0.7ms
[2024-02-06T09:57:18.521+0000][1536][gc,phases   ] GC(59)   Evacuate Collection Set: 58.1ms
[2024-02-06T09:57:18.521+0000][1536][gc,phases   ] GC(59)   Post Evacuate Collection Set: 2.5ms
[2024-02-06T09:57:18.521+0000][1536][gc,phases   ] GC(59)   Other: 0.5ms
[2024-02-06T09:57:18.521+0000][1536][gc,age      ] GC(59) Age table with threshold 3 (max threshold 15)
[2024-02-06T09:57:18.521+0000][1536][gc,age      ] GC(59) - age   1:   62508424 bytes,   62508424 total
[2024-02-06T09:57:18.521+0000][1536][gc,age      ] GC(59) - age   2:   67206136 bytes,  129714560 total
[2024-02-06T09:57:18.521+0000][1536][gc,age      ] GC(59) - age   3:   49451952 bytes,  179166512 total
[2024-02-06T09:57:18.521+0000][1536][gc,heap     ] GC(59) Eden regions: 560->0(557)
[2024-02-06T09:57:18.521+0000][1536][gc,heap     ] GC(59) Survivor regions: 46->45(76)
[2024-02-06T09:57:18.522+0000][1536][gc,heap     ] GC(59) Old regions: 186->195
[2024-02-06T09:57:18.522+0000][1536][gc,heap     ] GC(59) Archive regions: 0->0
[2024-02-06T09:57:18.522+0000][1536][gc,heap     ] GC(59) Humongous regions: 2->2
[2024-02-06T09:57:18.522+0000][1536][gc,metaspace] GC(59) Metaspace: 134447K(137984K)->134447K(137984K) NonClass: 116811K(118720K)->116811K(118720K) Class: 17635K(19264K)->17635K(19264K)
[2024-02-06T09:57:18.522+0000][1536][gc          ] GC(59) Pause Young (Normal) (G1 Evacuation Pause) 3173M->962M(4040M) 63.164ms
[2024-02-06T09:57:18.522+0000][1536][gc,cpu      ] GC(59) User=0.31s Sys=0.06s Real=0.06s
[2024-02-06T09:57:18.522+0000][1536][safepoint   ] Safepoint "G1CollectForAllocation", Time since last: 2399708300 ns, Reaching safepoint: 129100 ns, At safepoint: 63579300 ns, Total: 63708400 ns
[2024-02-06T09:57:19.526+0000][1536][safepoint   ] Safepoint "Cleanup", Time since last: 1004217800 ns, Reaching safepoint: 203300 ns, At safepoint: 79500 ns, Total: 282800 ns
[2024-02-06T09:57:32.629+0000][1536][safepoint   ] Safepoint "Cleanup", Time since last: 13102402900 ns, Reaching safepoint: 86700 ns, At safepoint: 20200 ns, Total: 106900 ns
[2024-02-06T09:57:36.658+0000][1536][safepoint   ] Safepoint "Cleanup", Time since last: 4028942000 ns, Reaching safepoint: 91400 ns, At safepoint: 28700 ns, Total: 120100 ns
[2024-02-06T09:57:44.470+0000][1536][gc,start    ] GC(60) Pause Young (Normal) (G1 Evacuation Pause)
[2024-02-06T09:57:44.470+0000][1536][gc,task     ] GC(60) Using 8 workers of 8 for evacuation
[2024-02-06T09:57:44.470+0000][1536][gc,age      ] GC(60) Desired survivor size 159383552 bytes, new threshold 3 (max threshold 15)
[2024-02-06T09:57:44.525+0000][1536][gc,phases   ] GC(60)   Pre Evacuate Collection Set: 0.4ms
[2024-02-06T09:57:44.525+0000][1536][gc,phases   ] GC(60)   Merge Heap Roots: 0.4ms
[2024-02-06T09:57:44.525+0000][1536][gc,phases   ] GC(60)   Evacuate Collection Set: 50.4ms
[2024-02-06T09:57:44.525+0000][1536][gc,phases   ] GC(60)   Post Evacuate Collection Set: 1.7ms
[2024-02-06T09:57:44.525+0000][1536][gc,phases   ] GC(60)   Other: 0.6ms
[2024-02-06T09:57:44.525+0000][1536][gc,age      ] GC(60) Age table with threshold 3 (max threshold 15)
[2024-02-06T09:57:44.525+0000][1536][gc,age      ] GC(60) - age   1:   57940080 bytes,   57940080 total
[2024-02-06T09:57:44.525+0000][1536][gc,age      ] GC(60) - age   2:   44663432 bytes,  102603512 total
[2024-02-06T09:57:44.525+0000][1536][gc,age      ] GC(60) - age   3:   65559440 bytes,  168162952 total
[2024-02-06T09:57:44.525+0000][1536][gc,heap     ] GC(60) Eden regions: 557->0(552)
[2024-02-06T09:57:44.525+0000][1536][gc,heap     ] GC(60) Survivor regions: 45->43(76)
[2024-02-06T09:57:44.525+0000][1536][gc,heap     ] GC(60) Old regions: 195->206
[2024-02-06T09:57:44.525+0000][1536][gc,heap     ] GC(60) Archive regions: 0->0
[2024-02-06T09:57:44.525+0000][1536][gc,heap     ] GC(60) Humongous regions: 2->2
[2024-02-06T09:57:44.525+0000][1536][gc,metaspace] GC(60) Metaspace: 134454K(137984K)->134454K(137984K) NonClass: 116816K(118720K)->116816K(118720K) Class: 17638K(19264K)->17638K(19264K)
[2024-02-06T09:57:44.525+0000][1536][gc          ] GC(60) Pause Young (Normal) (G1 Evacuation Pause) 3190M->1000M(4040M) 54.258ms
[2024-02-06T09:57:44.525+0000][1536][gc,cpu      ] GC(60) User=0.23s Sys=0.05s Real=0.06s
[2024-02-06T09:57:44.525+0000][1536][safepoint   ] Safepoint "G1CollectForAllocation", Time since last: 7812827900 ns, Reaching safepoint: 102000 ns, At safepoint: 54525000 ns, Total: 54627000 ns
[2024-02-06T09:57:54.607+0000][1536][safepoint   ] Safepoint "Cleanup", Time since last: 10080921400 ns, Reaching safepoint: 175200 ns, At safepoint: 49700 ns, Total: 224900 ns
[2024-02-06T09:57:57.623+0000][1536][safepoint   ] Safepoint "Cleanup", Time since last: 3016341800 ns, Reaching safepoint: 150700 ns, At safepoint: 19500 ns, Total: 170200 ns
[2024-02-06T09:58:06.515+0000][1536][gc,start    ] GC(61) Pause Young (Normal) (G1 Evacuation Pause)
[2024-02-06T09:58:06.515+0000][1536][gc,task     ] GC(61) Using 8 workers of 8 for evacuation
[2024-02-06T09:58:06.515+0000][1536][gc,age      ] GC(61) Desired survivor size 157286400 bytes, new threshold 3 (max threshold 15)
[2024-02-06T09:58:06.569+0000][1536][gc,phases   ] GC(61)   Pre Evacuate Collection Set: 0.3ms
[2024-02-06T09:58:06.570+0000][1536][gc,phases   ] GC(61)   Merge Heap Roots: 0.4ms
[2024-02-06T09:58:06.570+0000][1536][gc,phases   ] GC(61)   Evacuate Collection Set: 46.3ms
[2024-02-06T09:58:06.570+0000][1536][gc,phases   ] GC(61)   Post Evacuate Collection Set: 2.2ms
[2024-02-06T09:58:06.570+0000][1536][gc,phases   ] GC(61)   Other: 0.4ms
[2024-02-06T09:58:06.570+0000][1536][gc,age      ] GC(61) Age table with threshold 3 (max threshold 15)
[2024-02-06T09:58:06.570+0000][1536][gc,age      ] GC(61) - age   1:  103084320 bytes,  103084320 total
[2024-02-06T09:58:06.570+0000][1536][gc,age      ] GC(61) - age   2:   37510992 bytes,  140595312 total
[2024-02-06T09:58:06.570+0000][1536][gc,age      ] GC(61) - age   3:   41909704 bytes,  182505016 total
[2024-02-06T09:58:06.570+0000][1536][gc,heap     ] GC(61) Eden regions: 552->0(535)
[2024-02-06T09:58:06.570+0000][1536][gc,heap     ] GC(61) Survivor regions: 43->46(75)
[2024-02-06T09:58:06.570+0000][1536][gc,heap     ] GC(61) Old regions: 206->212
[2024-02-06T09:58:06.570+0000][1536][gc,heap     ] GC(61) Archive regions: 0->0
[2024-02-06T09:58:06.570+0000][1536][gc,heap     ] GC(61) Humongous regions: 2->2
[2024-02-06T09:58:06.570+0000][1536][gc,metaspace] GC(61) Metaspace: 134454K(137984K)->134454K(137984K) NonClass: 116816K(118720K)->116816K(118720K) Class: 17638K(19264K)->17638K(19264K)
[2024-02-06T09:58:06.570+0000][1536][gc          ] GC(61) Pause Young (Normal) (G1 Evacuation Pause) 3208M->1037M(4040M) 50.700ms
[2024-02-06T09:58:06.570+0000][1536][gc,cpu      ] GC(61) User=0.39s Sys=0.08s Real=0.05s
[2024-02-06T09:58:06.570+0000][1536][safepoint   ] Safepoint "G1CollectForAllocation", Time since last: 8896241700 ns, Reaching safepoint: 130500 ns, At safepoint: 51163900 ns, Total: 51294400 ns
[2024-02-06T09:58:19.654+0000][1536][safepoint   ] Safepoint "Cleanup", Time since last: 13082974900 ns, Reaching safepoint: 110800 ns, At safepoint: 24300 ns, Total: 135100 ns
[2024-02-06T09:58:21.668+0000][1536][safepoint   ] Safepoint "Cleanup", Time since last: 2014325400 ns, Reaching safepoint: 128100 ns, At safepoint: 433600 ns, Total: 561700 ns
[2024-02-06T09:58:23.034+0000][1536][gc,start    ] GC(62) Pause Young (Normal) (G1 Evacuation Pause)
[2024-02-06T09:58:23.034+0000][1536][gc,task     ] GC(62) Using 8 workers of 8 for evacuation
[2024-02-06T09:58:23.034+0000][1536][gc,age      ] GC(62) Desired survivor size 153092096 bytes, new threshold 3 (max threshold 15)
[2024-02-06T09:58:23.079+0000][1536][gc,phases   ] GC(62)   Pre Evacuate Collection Set: 0.3ms
[2024-02-06T09:58:23.079+0000][1536][gc,phases   ] GC(62)   Merge Heap Roots: 0.2ms
[2024-02-06T09:58:23.079+0000][1536][gc,phases   ] GC(62)   Evacuate Collection Set: 43.7ms
[2024-02-06T09:58:23.079+0000][1536][gc,phases   ] GC(62)   Post Evacuate Collection Set: 1.3ms
[2024-02-06T09:58:23.079+0000][1536][gc,phases   ] GC(62)   Other: 0.3ms
[2024-02-06T09:58:23.079+0000][1536][gc,age      ] GC(62) Age table with threshold 3 (max threshold 15)
[2024-02-06T09:58:23.079+0000][1536][gc,age      ] GC(62) - age   1:   53934264 bytes,   53934264 total
[2024-02-06T09:58:23.079+0000][1536][gc,age      ] GC(62) - age   2:   85847208 bytes,  139781472 total
[2024-02-06T09:58:23.079+0000][1536][gc,age      ] GC(62) - age   3:   34347504 bytes,  174128976 total
[2024-02-06T09:58:23.079+0000][1536][gc,heap     ] GC(62) Eden regions: 535->0(532)
[2024-02-06T09:58:23.079+0000][1536][gc,heap     ] GC(62) Survivor regions: 46->45(73)
[2024-02-06T09:58:23.079+0000][1536][gc,heap     ] GC(62) Old regions: 212->221
[2024-02-06T09:58:23.079+0000][1536][gc,heap     ] GC(62) Archive regions: 0->0
[2024-02-06T09:58:23.079+0000][1536][gc,heap     ] GC(62) Humongous regions: 2->2
[2024-02-06T09:58:23.079+0000][1536][gc,metaspace] GC(62) Metaspace: 134454K(137984K)->134454K(137984K) NonClass: 116816K(118720K)->116816K(118720K) Class: 17638K(19264K)->17638K(19264K)
[2024-02-06T09:58:23.079+0000][1536][gc          ] GC(62) Pause Young (Normal) (G1 Evacuation Pause) 3177M->1070M(4040M) 46.311ms
[2024-02-06T09:58:23.079+0000][1536][gc,cpu      ] GC(62) User=0.14s Sys=0.12s Real=0.05s
[2024-02-06T09:58:23.079+0000][1536][safepoint   ] Safepoint "G1CollectForAllocation", Time since last: 1364871100 ns, Reaching safepoint: 105100 ns, At safepoint: 46472800 ns, Total: 46577900 ns
[2024-02-06T09:58:41.032+0000][1536][gc,start    ] GC(63) Pause Young (Normal) (G1 Evacuation Pause)
[2024-02-06T09:58:41.032+0000][1536][gc,task     ] GC(63) Using 8 workers of 8 for evacuation
[2024-02-06T09:58:41.032+0000][1536][gc,age      ] GC(63) Desired survivor size 153092096 bytes, new threshold 3 (max threshold 15)
[2024-02-06T09:58:41.100+0000][1536][gc,phases   ] GC(63)   Pre Evacuate Collection Set: 0.4ms
[2024-02-06T09:58:41.100+0000][1536][gc,phases   ] GC(63)   Merge Heap Roots: 0.5ms
[2024-02-06T09:58:41.100+0000][1536][gc,phases   ] GC(63)   Evacuate Collection Set: 62.7ms
[2024-02-06T09:58:41.101+0000][1536][gc,phases   ] GC(63)   Post Evacuate Collection Set: 4.2ms
[2024-02-06T09:58:41.101+0000][1536][gc,phases   ] GC(63)   Other: 0.5ms
[2024-02-06T09:58:41.101+0000][1536][gc,age      ] GC(63) Age table with threshold 3 (max threshold 15)
[2024-02-06T09:58:41.101+0000][1536][gc,age      ] GC(63) - age   1:   62262208 bytes,   62262208 total
[2024-02-06T09:58:41.101+0000][1536][gc,age      ] GC(63) - age   2:   36375504 bytes,   98637712 total
[2024-02-06T09:58:41.102+0000][1536][gc,age      ] GC(63) - age   3:   75992512 bytes,  174630224 total
[2024-02-06T09:58:41.102+0000][1536][gc,heap     ] GC(63) Eden regions: 532->0(527)
[2024-02-06T09:58:41.102+0000][1536][gc,heap     ] GC(63) Survivor regions: 45->44(73)
[2024-02-06T09:58:41.102+0000][1536][gc,heap     ] GC(63) Old regions: 221->229
[2024-02-06T09:58:41.102+0000][1536][gc,heap     ] GC(63) Archive regions: 0->0
[2024-02-06T09:58:41.102+0000][1536][gc,heap     ] GC(63) Humongous regions: 2->2
[2024-02-06T09:58:41.102+0000][1536][gc,metaspace] GC(63) Metaspace: 134454K(137984K)->134454K(137984K) NonClass: 116816K(118720K)->116816K(118720K) Class: 17638K(19264K)->17638K(19264K)
[2024-02-06T09:58:41.102+0000][1536][gc          ] GC(63) Pause Young (Normal) (G1 Evacuation Pause) 3198M->1097M(4040M) 69.760ms
[2024-02-06T09:58:41.102+0000][1536][gc,cpu      ] GC(63) User=0.30s Sys=0.12s Real=0.07s
[2024-02-06T09:58:41.102+0000][1536][safepoint   ] Safepoint "G1CollectForAllocation", Time since last: 17951793800 ns, Reaching safepoint: 263200 ns, At safepoint: 70523700 ns, Total: 70786900 ns
[2024-02-06T09:58:56.755+0000][1536][gc,start    ] GC(64) Pause Young (Normal) (G1 Evacuation Pause)
[2024-02-06T09:58:56.755+0000][1536][gc,task     ] GC(64) Using 8 workers of 8 for evacuation
[2024-02-06T09:58:56.755+0000][1536][gc,age      ] GC(64) Desired survivor size 150994944 bytes, new threshold 3 (max threshold 15)
[2024-02-06T09:58:56.812+0000][1536][gc,phases   ] GC(64)   Pre Evacuate Collection Set: 0.2ms
[2024-02-06T09:58:56.812+0000][1536][gc,phases   ] GC(64)   Merge Heap Roots: 0.3ms
[2024-02-06T09:58:56.812+0000][1536][gc,phases   ] GC(64)   Evacuate Collection Set: 50.8ms
[2024-02-06T09:58:56.812+0000][1536][gc,phases   ] GC(64)   Post Evacuate Collection Set: 1.5ms
[2024-02-06T09:58:56.812+0000][1536][gc,phases   ] GC(64)   Other: 0.3ms
[2024-02-06T09:58:56.812+0000][1536][gc,age      ] GC(64) Age table with threshold 3 (max threshold 15)
[2024-02-06T09:58:56.812+0000][1536][gc,age      ] GC(64) - age   1:   57449008 bytes,   57449008 total
[2024-02-06T09:58:56.812+0000][1536][gc,age      ] GC(64) - age   2:   38902744 bytes,   96351752 total
[2024-02-06T09:58:56.812+0000][1536][gc,age      ] GC(64) - age   3:   32355768 bytes,  128707520 total
[2024-02-06T09:58:56.812+0000][1536][gc,heap     ] GC(64) Eden regions: 527->0(521)
[2024-02-06T09:58:56.812+0000][1536][gc,heap     ] GC(64) Survivor regions: 44->33(72)
[2024-02-06T09:58:56.812+0000][1536][gc,heap     ] GC(64) Old regions: 229->249
[2024-02-06T09:58:56.812+0000][1536][gc,heap     ] GC(64) Archive regions: 0->0
[2024-02-06T09:58:56.812+0000][1536][gc,heap     ] GC(64) Humongous regions: 2->2
[2024-02-06T09:58:56.812+0000][1536][gc,metaspace] GC(64) Metaspace: 134454K(137984K)->134454K(137984K) NonClass: 116816K(118720K)->116816K(118720K) Class: 17638K(19264K)->17638K(19264K)
[2024-02-06T09:58:56.812+0000][1536][gc          ] GC(64) Pause Young (Normal) (G1 Evacuation Pause) 3205M->1130M(4040M) 53.735ms
[2024-02-06T09:58:56.812+0000][1536][gc,cpu      ] GC(64) User=0.20s Sys=0.14s Real=0.06s
[2024-02-06T09:58:56.812+0000][1536][safepoint   ] Safepoint "G1CollectForAllocation", Time since last: 15655790700 ns, Reaching safepoint: 96900 ns, At safepoint: 53885200 ns, Total: 53982100 ns
[2024-02-06T09:58:57.817+0000][1536][safepoint   ] Safepoint "Cleanup", Time since last: 1004769200 ns, Reaching safepoint: 101900 ns, At safepoint: 13100 ns, Total: 115000 ns
[2024-02-06T09:59:13.132+0000][1536][gc,start    ] GC(65) Pause Young (Normal) (G1 Evacuation Pause)
[2024-02-06T09:59:13.132+0000][1536][gc,task     ] GC(65) Using 8 workers of 8 for evacuation
[2024-02-06T09:59:13.132+0000][1536][gc,age      ] GC(65) Desired survivor size 146800640 bytes, new threshold 15 (max threshold 15)
[2024-02-06T09:59:13.198+0000][1536][gc,phases   ] GC(65)   Pre Evacuate Collection Set: 0.2ms
[2024-02-06T09:59:13.198+0000][1536][gc,phases   ] GC(65)   Merge Heap Roots: 0.2ms
[2024-02-06T09:59:13.198+0000][1536][gc,phases   ] GC(65)   Evacuate Collection Set: 63.1ms
[2024-02-06T09:59:13.198+0000][1536][gc,phases   ] GC(65)   Post Evacuate Collection Set: 1.8ms
[2024-02-06T09:59:13.198+0000][1536][gc,phases   ] GC(65)   Other: 0.3ms
[2024-02-06T09:59:13.198+0000][1536][gc,age      ] GC(65) Age table with threshold 15 (max threshold 15)
[2024-02-06T09:59:13.198+0000][1536][gc,age      ] GC(65) - age   1:   98858488 bytes,   98858488 total
[2024-02-06T09:59:13.198+0000][1536][gc,age      ] GC(65) - age   2:   38031512 bytes,  136890000 total
[2024-02-06T09:59:13.198+0000][1536][gc,age      ] GC(65) - age   3:   32093384 bytes,  168983384 total
[2024-02-06T09:59:13.198+0000][1536][gc,age      ] GC(65) - age   4:   28532344 bytes,  197515728 total
[2024-02-06T09:59:13.198+0000][1536][gc,heap     ] GC(65) Eden regions: 521->0(497)
[2024-02-06T09:59:13.198+0000][1536][gc,heap     ] GC(65) Survivor regions: 33->50(70)
[2024-02-06T09:59:13.198+0000][1536][gc,heap     ] GC(65) Old regions: 249->249
[2024-02-06T09:59:13.198+0000][1536][gc,heap     ] GC(65) Archive regions: 0->0
[2024-02-06T09:59:13.198+0000][1536][gc,heap     ] GC(65) Humongous regions: 2->2
[2024-02-06T09:59:13.198+0000][1536][gc,metaspace] GC(65) Metaspace: 134454K(137984K)->134454K(137984K) NonClass: 116816K(118720K)->116816K(118720K) Class: 17638K(19264K)->17638K(19264K)
[2024-02-06T09:59:13.199+0000][1536][gc          ] GC(65) Pause Young (Normal) (G1 Evacuation Pause) 3214M->1198M(4040M) 66.443ms
[2024-02-06T09:59:13.199+0000][1536][gc,cpu      ] GC(65) User=0.28s Sys=0.00s Real=0.07s
[2024-02-06T09:59:13.199+0000][1536][safepoint   ] Safepoint "G1CollectForAllocation", Time since last: 15314376300 ns, Reaching safepoint: 263300 ns, At safepoint: 66743000 ns, Total: 67006300 ns
[2024-02-06T09:59:22.207+0000][1536][safepoint   ] Safepoint "Cleanup", Time since last: 9008065800 ns, Reaching safepoint: 180400 ns, At safepoint: 19600 ns, Total: 200000 ns
[2024-02-06T09:59:23.221+0000][1536][safepoint   ] Safepoint "Cleanup", Time since last: 1014301000 ns, Reaching safepoint: 176900 ns, At safepoint: 18300 ns, Total: 195200 ns
[2024-02-06T09:59:25.237+0000][1536][safepoint   ] Safepoint "Cleanup", Time since last: 2014895200 ns, Reaching safepoint: 175800 ns, At safepoint: 68600 ns, Total: 244400 ns
[2024-02-06T09:59:29.180+0000][1536][gc,start    ] GC(66) Pause Young (Normal) (G1 Evacuation Pause)
[2024-02-06T09:59:29.180+0000][1536][gc,task     ] GC(66) Using 8 workers of 8 for evacuation
[2024-02-06T09:59:29.180+0000][1536][gc,age      ] GC(66) Desired survivor size 144703488 bytes, new threshold 3 (max threshold 15)
[2024-02-06T09:59:29.253+0000][1536][gc,phases   ] GC(66)   Pre Evacuate Collection Set: 0.3ms
[2024-02-06T09:59:29.253+0000][1536][gc,phases   ] GC(66)   Merge Heap Roots: 0.4ms
[2024-02-06T09:59:29.253+0000][1536][gc,phases   ] GC(66)   Evacuate Collection Set: 64.6ms
[2024-02-06T09:59:29.253+0000][1536][gc,phases   ] GC(66)   Post Evacuate Collection Set: 1.4ms
[2024-02-06T09:59:29.253+0000][1536][gc,phases   ] GC(66)   Other: 0.4ms
[2024-02-06T09:59:29.253+0000][1536][gc,age      ] GC(66) Age table with threshold 3 (max threshold 15)
[2024-02-06T09:59:29.253+0000][1536][gc,age      ] GC(66) - age   1:   55934376 bytes,   55934376 total
[2024-02-06T09:59:29.253+0000][1536][gc,age      ] GC(66) - age   2:   81575736 bytes,  137510112 total
[2024-02-06T09:59:29.253+0000][1536][gc,age      ] GC(66) - age   3:   26212688 bytes,  163722800 total
[2024-02-06T09:59:29.253+0000][1536][gc,heap     ] GC(66) Eden regions: 497->0(495)
[2024-02-06T09:59:29.253+0000][1536][gc,heap     ] GC(66) Survivor regions: 50->41(69)
[2024-02-06T09:59:29.253+0000][1536][gc,heap     ] GC(66) Old regions: 249->263
[2024-02-06T09:59:29.253+0000][1536][gc,heap     ] GC(66) Archive regions: 0->0
[2024-02-06T09:59:29.253+0000][1536][gc,heap     ] GC(66) Humongous regions: 2->2
[2024-02-06T09:59:29.253+0000][1536][gc,metaspace] GC(66) Metaspace: 134455K(137984K)->134455K(137984K) NonClass: 116816K(118720K)->116816K(118720K) Class: 17638K(19264K)->17638K(19264K)
[2024-02-06T09:59:29.253+0000][1536][gc          ] GC(66) Pause Young (Normal) (G1 Evacuation Pause) 3186M->1220M(4040M) 67.931ms
[2024-02-06T09:59:29.253+0000][1536][gc,cpu      ] GC(66) User=0.36s Sys=0.23s Real=0.07s
[2024-02-06T09:59:29.253+0000][1536][safepoint   ] Safepoint "G1CollectForAllocation", Time since last: 3955012100 ns, Reaching safepoint: 186700 ns, At safepoint: 68306900 ns, Total: 68493600 ns
[2024-02-06T09:59:39.336+0000][1536][safepoint   ] Safepoint "Cleanup", Time since last: 10075698500 ns, Reaching safepoint: 95700 ns, At safepoint: 28600 ns, Total: 124300 ns
[2024-02-06T09:59:40.343+0000][1536][safepoint   ] Safepoint "Cleanup", Time since last: 1007228500 ns, Reaching safepoint: 92800 ns, At safepoint: 26600 ns, Total: 119400 ns
[2024-02-06T09:59:42.355+0000][1536][safepoint   ] Safepoint "Cleanup", Time since last: 2012068900 ns, Reaching safepoint: 281300 ns, At safepoint: 51400 ns, Total: 332700 ns
[2024-02-06T09:59:45.118+0000][1536][gc,start    ] GC(67) Pause Young (Normal) (G1 Evacuation Pause)
[2024-02-06T09:59:45.118+0000][1536][gc,task     ] GC(67) Using 8 workers of 8 for evacuation
[2024-02-06T09:59:45.118+0000][1536][gc,age      ] GC(67) Desired survivor size 140509184 bytes, new threshold 3 (max threshold 15)
[2024-02-06T09:59:45.180+0000][1536][gc,phases   ] GC(67)   Pre Evacuate Collection Set: 0.4ms
[2024-02-06T09:59:45.180+0000][1536][gc,phases   ] GC(67)   Merge Heap Roots: 0.5ms
[2024-02-06T09:59:45.180+0000][1536][gc,phases   ] GC(67)   Evacuate Collection Set: 44.4ms
[2024-02-06T09:59:45.180+0000][1536][gc,phases   ] GC(67)   Post Evacuate Collection Set: 1.8ms
[2024-02-06T09:59:45.180+0000][1536][gc,phases   ] GC(67)   Other: 0.4ms
[2024-02-06T09:59:45.181+0000][1536][gc,age      ] GC(67) Age table with threshold 3 (max threshold 15)
[2024-02-06T09:59:45.181+0000][1536][gc,age      ] GC(67) - age   1:   60481432 bytes,   60481432 total
[2024-02-06T09:59:45.181+0000][1536][gc,age      ] GC(67) - age   2:   36683120 bytes,   97164552 total
[2024-02-06T09:59:45.181+0000][1536][gc,age      ] GC(67) - age   3:   71523096 bytes,  168687648 total
[2024-02-06T09:59:45.181+0000][1536][gc,heap     ] GC(67) Eden regions: 495->0(490)
[2024-02-06T09:59:45.181+0000][1536][gc,heap     ] GC(67) Survivor regions: 41->43(67)
[2024-02-06T09:59:45.181+0000][1536][gc,heap     ] GC(67) Old regions: 263->269
[2024-02-06T09:59:45.181+0000][1536][gc,heap     ] GC(67) Archive regions: 0->0
[2024-02-06T09:59:45.181+0000][1536][gc,heap     ] GC(67) Humongous regions: 2->2
[2024-02-06T09:59:45.181+0000][1536][gc,metaspace] GC(67) Metaspace: 134455K(137984K)->134455K(137984K) NonClass: 116816K(118720K)->116816K(118720K) Class: 17638K(19264K)->17638K(19264K)
[2024-02-06T09:59:45.181+0000][1536][gc          ] GC(67) Pause Young (Normal) (G1 Evacuation Pause) 3200M->1254M(4040M) 48.372ms
[2024-02-06T09:59:45.181+0000][1536][gc,cpu      ] GC(67) User=0.31s Sys=0.06s Real=0.06s
[2024-02-06T09:59:45.181+0000][1536][safepoint   ] Safepoint "G1CollectForAllocation", Time since last: 2777083600 ns, Reaching safepoint: 228700 ns, At safepoint: 48726700 ns, Total: 48955400 ns
[2024-02-06T09:59:59.315+0000][1536][gc,start    ] GC(68) Pause Young (Normal) (G1 Evacuation Pause)
[2024-02-06T09:59:59.315+0000][1536][gc,task     ] GC(68) Using 8 workers of 8 for evacuation
[2024-02-06T09:59:59.315+0000][1536][gc,age      ] GC(68) Desired survivor size 140509184 bytes, new threshold 3 (max threshold 15)
[2024-02-06T09:59:59.368+0000][1536][gc,phases   ] GC(68)   Pre Evacuate Collection Set: 0.3ms
[2024-02-06T09:59:59.368+0000][1536][gc,phases   ] GC(68)   Merge Heap Roots: 0.3ms
[2024-02-06T09:59:59.368+0000][1536][gc,phases   ] GC(68)   Evacuate Collection Set: 48.3ms
[2024-02-06T09:59:59.368+0000][1536][gc,phases   ] GC(68)   Post Evacuate Collection Set: 1.5ms
[2024-02-06T09:59:59.368+0000][1536][gc,phases   ] GC(68)   Other: 1.1ms
[2024-02-06T09:59:59.368+0000][1536][gc,age      ] GC(68) Age table with threshold 3 (max threshold 15)
[2024-02-06T09:59:59.368+0000][1536][gc,age      ] GC(68) - age   1:   56105256 bytes,   56105256 total
[2024-02-06T09:59:59.368+0000][1536][gc,age      ] GC(68) - age   2:   43931384 bytes,  100036640 total
[2024-02-06T09:59:59.368+0000][1536][gc,age      ] GC(68) - age   3:   26057392 bytes,  126094032 total
[2024-02-06T09:59:59.368+0000][1536][gc,heap     ] GC(68) Eden regions: 490->0(484)
[2024-02-06T09:59:59.368+0000][1536][gc,heap     ] GC(68) Survivor regions: 43->33(67)
[2024-02-06T09:59:59.368+0000][1536][gc,heap     ] GC(68) Old regions: 269->287
[2024-02-06T09:59:59.368+0000][1536][gc,heap     ] GC(68) Archive regions: 0->0
[2024-02-06T09:59:59.368+0000][1536][gc,heap     ] GC(68) Humongous regions: 2->2
[2024-02-06T09:59:59.368+0000][1536][gc,metaspace] GC(68) Metaspace: 134456K(137984K)->134456K(137984K) NonClass: 116817K(118720K)->116817K(118720K) Class: 17638K(19264K)->17638K(19264K)
[2024-02-06T09:59:59.368+0000][1536][gc          ] GC(68) Pause Young (Normal) (G1 Evacuation Pause) 3214M->1285M(4040M) 51.926ms
[2024-02-06T09:59:59.368+0000][1536][gc,cpu      ] GC(68) User=0.20s Sys=0.14s Real=0.05s
[2024-02-06T09:59:59.368+0000][1536][safepoint   ] Safepoint "G1CollectForAllocation", Time since last: 14137014700 ns, Reaching safepoint: 90000 ns, At safepoint: 52123400 ns, Total: 52213400 ns
[2024-02-06T10:00:04.403+0000][1536][safepoint   ] Safepoint "Cleanup", Time since last: 5031713800 ns, Reaching safepoint: 218500 ns, At safepoint: 49200 ns, Total: 267700 ns
[2024-02-06T10:00:14.835+0000][1536][gc,start    ] GC(69) Pause Young (Normal) (G1 Evacuation Pause)
[2024-02-06T10:00:14.835+0000][1536][gc,task     ] GC(69) Using 8 workers of 8 for evacuation
[2024-02-06T10:00:14.835+0000][1536][gc,age      ] GC(69) Desired survivor size 136314880 bytes, new threshold 15 (max threshold 15)
[2024-02-06T10:00:14.882+0000][1536][gc,phases   ] GC(69)   Pre Evacuate Collection Set: 0.3ms
[2024-02-06T10:00:14.882+0000][1536][gc,phases   ] GC(69)   Merge Heap Roots: 0.2ms
[2024-02-06T10:00:14.882+0000][1536][gc,phases   ] GC(69)   Evacuate Collection Set: 33.6ms
[2024-02-06T10:00:14.882+0000][1536][gc,phases   ] GC(69)   Post Evacuate Collection Set: 1.5ms
[2024-02-06T10:00:14.882+0000][1536][gc,phases   ] GC(69)   Other: 0.3ms
[2024-02-06T10:00:14.882+0000][1536][gc,age      ] GC(69) Age table with threshold 15 (max threshold 15)
[2024-02-06T10:00:14.882+0000][1536][gc,age      ] GC(69) - age   1:   66798128 bytes,   66798128 total
[2024-02-06T10:00:14.882+0000][1536][gc,age      ] GC(69) - age   2:   43304240 bytes,  110102368 total
[2024-02-06T10:00:14.882+0000][1536][gc,age      ] GC(69) - age   3:   28936968 bytes,  139039336 total
[2024-02-06T10:00:14.882+0000][1536][gc,age      ] GC(69) - age   4:   22097264 bytes,  161136600 total
[2024-02-06T10:00:14.882+0000][1536][gc,heap     ] GC(69) Eden regions: 484->0(476)
[2024-02-06T10:00:14.882+0000][1536][gc,heap     ] GC(69) Survivor regions: 33->41(65)
[2024-02-06T10:00:14.882+0000][1536][gc,heap     ] GC(69) Old regions: 287->287
[2024-02-06T10:00:14.882+0000][1536][gc,heap     ] GC(69) Archive regions: 0->0
[2024-02-06T10:00:14.882+0000][1536][gc,heap     ] GC(69) Humongous regions: 2->2
[2024-02-06T10:00:14.882+0000][1536][gc,metaspace] GC(69) Metaspace: 134456K(137984K)->134456K(137984K) NonClass: 116817K(118720K)->116817K(118720K) Class: 17638K(19264K)->17638K(19264K)
[2024-02-06T10:00:14.882+0000][1536][gc          ] GC(69) Pause Young (Normal) (G1 Evacuation Pause) 3221M->1317M(4040M) 36.370ms
[2024-02-06T10:00:14.882+0000][1536][gc,cpu      ] GC(69) User=0.34s Sys=0.00s Real=0.05s
[2024-02-06T10:00:14.882+0000][1536][safepoint   ] Safepoint "G1CollectForAllocation", Time since last: 10444514200 ns, Reaching safepoint: 154200 ns, At safepoint: 36542800 ns, Total: 36697000 ns
[2024-02-06T10:00:19.909+0000][1536][safepoint   ] Safepoint "Cleanup", Time since last: 5024312800 ns, Reaching safepoint: 216200 ns, At safepoint: 39400 ns, Total: 255600 ns
[2024-02-06T10:00:28.400+0000][1536][gc,start    ] GC(70) Pause Young (Normal) (G1 Evacuation Pause)
[2024-02-06T10:00:28.400+0000][1536][gc,task     ] GC(70) Using 8 workers of 8 for evacuation
[2024-02-06T10:00:28.400+0000][1536][gc,age      ] GC(70) Desired survivor size 136314880 bytes, new threshold 3 (max threshold 15)
[2024-02-06T10:00:28.469+0000][1536][gc,phases   ] GC(70)   Pre Evacuate Collection Set: 0.3ms
[2024-02-06T10:00:28.469+0000][1536][gc,phases   ] GC(70)   Merge Heap Roots: 0.4ms
[2024-02-06T10:00:28.469+0000][1536][gc,phases   ] GC(70)   Evacuate Collection Set: 56.3ms
[2024-02-06T10:00:28.469+0000][1536][gc,phases   ] GC(70)   Post Evacuate Collection Set: 1.7ms
[2024-02-06T10:00:28.469+0000][1536][gc,phases   ] GC(70)   Other: 0.4ms
[2024-02-06T10:00:28.469+0000][1536][gc,age      ] GC(70) Age table with threshold 3 (max threshold 15)
[2024-02-06T10:00:28.469+0000][1536][gc,age      ] GC(70) - age   1:   76000240 bytes,   76000240 total
[2024-02-06T10:00:28.469+0000][1536][gc,age      ] GC(70) - age   2:   52700240 bytes,  128700480 total
[2024-02-06T10:00:28.469+0000][1536][gc,age      ] GC(70) - age   3:   30538768 bytes,  159239248 total
[2024-02-06T10:00:28.469+0000][1536][gc,heap     ] GC(70) Eden regions: 476->0(462)
[2024-02-06T10:00:28.469+0000][1536][gc,heap     ] GC(70) Survivor regions: 41->41(65)
[2024-02-06T10:00:28.469+0000][1536][gc,heap     ] GC(70) Old regions: 287->298
[2024-02-06T10:00:28.469+0000][1536][gc,heap     ] GC(70) Archive regions: 0->0
[2024-02-06T10:00:28.469+0000][1536][gc,heap     ] GC(70) Humongous regions: 2->2
[2024-02-06T10:00:28.469+0000][1536][gc,metaspace] GC(70) Metaspace: 134456K(137984K)->134456K(137984K) NonClass: 116818K(118720K)->116818K(118720K) Class: 17638K(19264K)->17638K(19264K)
[2024-02-06T10:00:28.469+0000][1536][gc          ] GC(70) Pause Young (Normal) (G1 Evacuation Pause) 3221M->1360M(4040M) 59.659ms
[2024-02-06T10:00:28.470+0000][1536][gc,cpu      ] GC(70) User=0.41s Sys=0.16s Real=0.07s
[2024-02-06T10:00:28.470+0000][1536][safepoint   ] Safepoint "G1CollectForAllocation", Time since last: 8501221600 ns, Reaching safepoint: 149800 ns, At safepoint: 59923600 ns, Total: 60073400 ns
[2024-02-06T10:00:45.135+0000][1536][gc,start    ] GC(71) Pause Young (Normal) (G1 Evacuation Pause)
[2024-02-06T10:00:45.135+0000][1536][gc,task     ] GC(71) Using 8 workers of 8 for evacuation
[2024-02-06T10:00:45.135+0000][1536][gc,age      ] GC(71) Desired survivor size 132120576 bytes, new threshold 3 (max threshold 15)
[2024-02-06T10:00:45.181+0000][1536][gc,phases   ] GC(71)   Pre Evacuate Collection Set: 0.2ms
[2024-02-06T10:00:45.181+0000][1536][gc,phases   ] GC(71)   Merge Heap Roots: 0.2ms
[2024-02-06T10:00:45.181+0000][1536][gc,phases   ] GC(71)   Evacuate Collection Set: 37.6ms
[2024-02-06T10:00:45.181+0000][1536][gc,phases   ] GC(71)   Post Evacuate Collection Set: 1.3ms
[2024-02-06T10:00:45.181+0000][1536][gc,phases   ] GC(71)   Other: 0.3ms
[2024-02-06T10:00:45.181+0000][1536][gc,age      ] GC(71) Age table with threshold 3 (max threshold 15)
[2024-02-06T10:00:45.181+0000][1536][gc,age      ] GC(71) - age   1:   63167456 bytes,   63167456 total
[2024-02-06T10:00:45.181+0000][1536][gc,age      ] GC(71) - age   2:   59170296 bytes,  122337752 total
[2024-02-06T10:00:45.181+0000][1536][gc,age      ] GC(71) - age   3:   37618024 bytes,  159955776 total
[2024-02-06T10:00:45.181+0000][1536][gc,heap     ] GC(71) Eden regions: 462->0(457)
[2024-02-06T10:00:45.181+0000][1536][gc,heap     ] GC(71) Survivor regions: 41->41(63)
[2024-02-06T10:00:45.181+0000][1536][gc,heap     ] GC(71) Old regions: 298->304
[2024-02-06T10:00:45.181+0000][1536][gc,heap     ] GC(71) Archive regions: 0->0
[2024-02-06T10:00:45.181+0000][1536][gc,heap     ] GC(71) Humongous regions: 2->2
[2024-02-06T10:00:45.181+0000][1536][gc,metaspace] GC(71) Metaspace: 134456K(137984K)->134456K(137984K) NonClass: 116818K(118720K)->116818K(118720K) Class: 17638K(19264K)->17638K(19264K)
[2024-02-06T10:00:45.181+0000][1536][gc          ] GC(71) Pause Young (Normal) (G1 Evacuation Pause) 3208M->1385M(4040M) 40.080ms
[2024-02-06T10:00:45.181+0000][1536][gc,cpu      ] GC(71) User=0.30s Sys=0.06s Real=0.05s
[2024-02-06T10:00:45.181+0000][1536][safepoint   ] Safepoint "G1CollectForAllocation", Time since last: 16672008500 ns, Reaching safepoint: 140400 ns, At safepoint: 40296300 ns, Total: 40436700 ns
[2024-02-06T10:00:56.345+0000][1536][gc,start    ] GC(72) Pause Young (Concurrent Start) (G1 Evacuation Pause)
[2024-02-06T10:00:56.345+0000][1536][gc,task     ] GC(72) Using 8 workers of 8 for evacuation
[2024-02-06T10:00:56.346+0000][1536][gc,age      ] GC(72) Desired survivor size 132120576 bytes, new threshold 3 (max threshold 15)
[2024-02-06T10:00:56.662+0000][1536][gc,mmu      ] GC(72) MMU target violated: 201.0ms (200.0ms/201.0ms)
[2024-02-06T10:00:56.662+0000][1536][gc,phases   ] GC(72)   Pre Evacuate Collection Set: 92.5ms
[2024-02-06T10:00:56.662+0000][1536][gc,phases   ] GC(72)   Merge Heap Roots: 0.5ms
[2024-02-06T10:00:56.662+0000][1536][gc,phases   ] GC(72)   Evacuate Collection Set: 174.1ms
[2024-02-06T10:00:56.662+0000][1536][gc,phases   ] GC(72)   Post Evacuate Collection Set: 1.3ms
[2024-02-06T10:00:56.662+0000][1536][gc,phases   ] GC(72)   Other: 48.8ms
[2024-02-06T10:00:56.662+0000][1536][gc,age      ] GC(72) Age table with threshold 3 (max threshold 15)
[2024-02-06T10:00:56.662+0000][1536][gc,age      ] GC(72) - age   1:   46784888 bytes,   46784888 total
[2024-02-06T10:00:56.662+0000][1536][gc,age      ] GC(72) - age   2:   46360360 bytes,   93145248 total
[2024-02-06T10:00:56.662+0000][1536][gc,age      ] GC(72) - age   3:   52419256 bytes,  145564504 total
[2024-02-06T10:00:56.662+0000][1536][gc,heap     ] GC(72) Eden regions: 457->0(456)
[2024-02-06T10:00:56.662+0000][1536][gc,heap     ] GC(72) Survivor regions: 41->37(63)
[2024-02-06T10:00:56.662+0000][1536][gc,heap     ] GC(72) Old regions: 304->313
[2024-02-06T10:00:56.662+0000][1536][gc,heap     ] GC(72) Archive regions: 0->0
[2024-02-06T10:00:56.662+0000][1536][gc,heap     ] GC(72) Humongous regions: 2->2
[2024-02-06T10:00:56.662+0000][1536][gc,metaspace] GC(72) Metaspace: 134456K(137984K)->134456K(137984K) NonClass: 116818K(118720K)->116818K(118720K) Class: 17638K(19264K)->17638K(19264K)
[2024-02-06T10:00:56.662+0000][1536][gc          ] GC(72) Pause Young (Concurrent Start) (G1 Evacuation Pause) 3213M->1403M(4040M) 317.770ms
[2024-02-06T10:00:56.662+0000][1536][gc,cpu      ] GC(72) User=0.34s Sys=0.12s Real=0.32s
[2024-02-06T10:00:56.662+0000][1536][safepoint   ] Safepoint "G1CollectForAllocation", Time since last: 11162548200 ns, Reaching safepoint: 234400 ns, At safepoint: 318717500 ns, Total: 318951900 ns
[2024-02-06T10:00:56.662+0000][1536][gc          ] GC(73) Concurrent Mark Cycle
[2024-02-06T10:00:56.665+0000][1536][gc,marking  ] GC(73) Concurrent Clear Claimed Marks
[2024-02-06T10:00:56.665+0000][1536][gc,marking  ] GC(73) Concurrent Clear Claimed Marks 0.281ms
[2024-02-06T10:00:56.665+0000][1536][gc,marking  ] GC(73) Concurrent Scan Root Regions
[2024-02-06T10:00:56.942+0000][1536][gc,marking  ] GC(73) Concurrent Scan Root Regions 278.494ms
[2024-02-06T10:00:56.942+0000][1536][gc,marking  ] GC(73) Concurrent Mark
[2024-02-06T10:00:56.942+0000][1536][gc,marking  ] GC(73) Concurrent Mark From Roots
[2024-02-06T10:00:56.942+0000][1536][gc,task     ] GC(73) Using 2 workers of 2 for marking
[2024-02-06T10:00:57.675+0000][1536][safepoint   ] Safepoint "Cleanup", Time since last: 1009344100 ns, Reaching safepoint: 2163800 ns, At safepoint: 51800 ns, Total: 2215600 ns
[2024-02-06T10:00:58.552+0000][1536][gc,marking  ] GC(73) Concurrent Mark From Roots 1609.261ms
[2024-02-06T10:00:58.552+0000][1536][gc,marking  ] GC(73) Concurrent Preclean
[2024-02-06T10:00:58.554+0000][1536][gc,marking  ] GC(73) Concurrent Preclean 1.526ms
[2024-02-06T10:00:58.554+0000][1536][gc,start    ] GC(73) Pause Remark
[2024-02-06T10:01:01.480+0000][1536][gc,mmu      ] GC(73) MMU target violated: 201.0ms (200.0ms/201.0ms)
[2024-02-06T10:01:01.480+0000][1536][gc          ] GC(73) Pause Remark 1756M->1744M(4040M) 2925.638ms
[2024-02-06T10:01:01.480+0000][1536][gc,cpu      ] GC(73) User=0.14s Sys=1.86s Real=2.93s
[2024-02-06T10:01:01.482+0000][1536][safepoint   ] Safepoint "G1Concurrent", Time since last: 878887600 ns, Reaching safepoint: 75300 ns, At safepoint: 2927360800 ns, Total: 2927436100 ns
[2024-02-06T10:01:01.482+0000][1536][gc,marking  ] GC(73) Concurrent Mark 4538.551ms
[2024-02-06T10:01:01.482+0000][1536][gc,marking  ] GC(73) Concurrent Rebuild Remembered Sets
[2024-02-06T10:01:01.632+0000][1536][gc,marking  ] GC(73) Concurrent Rebuild Remembered Sets 159.258ms
[2024-02-06T10:01:01.671+0000][1536][gc,start    ] GC(73) Pause Cleanup
[2024-02-06T10:01:01.672+0000][1536][gc          ] GC(73) Pause Cleanup 1780M->1780M(4040M) 1.313ms
[2024-02-06T10:01:01.672+0000][1536][gc,cpu      ] GC(73) User=0.02s Sys=0.00s Real=0.00s
[2024-02-06T10:01:01.674+0000][1536][safepoint   ] Safepoint "G1Concurrent", Time since last: 159507200 ns, Reaching safepoint: 29432400 ns, At safepoint: 2816400 ns, Total: 32248800 ns
[2024-02-06T10:01:01.674+0000][1536][gc,marking  ] GC(73) Concurrent Cleanup for Next Mark
[2024-02-06T10:01:01.777+0000][1536][gc,marking  ] GC(73) Concurrent Cleanup for Next Mark 105.284ms
[2024-02-06T10:01:01.777+0000][1536][gc          ] GC(73) Concurrent Mark Cycle 5114.737ms
[2024-02-06T10:01:14.033+0000][1536][gc,start    ] GC(74) Pause Young (Prepare Mixed) (G1 Evacuation Pause)
[2024-02-06T10:01:14.033+0000][1536][gc,task     ] GC(74) Using 8 workers of 8 for evacuation
[2024-02-06T10:01:14.033+0000][1536][gc,age      ] GC(74) Desired survivor size 130023424 bytes, new threshold 3 (max threshold 15)
[2024-02-06T10:01:14.096+0000][1536][gc,phases   ] GC(74)   Pre Evacuate Collection Set: 0.3ms
[2024-02-06T10:01:14.096+0000][1536][gc,phases   ] GC(74)   Merge Heap Roots: 0.5ms
[2024-02-06T10:01:14.096+0000][1536][gc,phases   ] GC(74)   Evacuate Collection Set: 48.5ms
[2024-02-06T10:01:14.096+0000][1536][gc,phases   ] GC(74)   Post Evacuate Collection Set: 2.7ms
[2024-02-06T10:01:14.096+0000][1536][gc,phases   ] GC(74)   Other: 2.4ms
[2024-02-06T10:01:14.096+0000][1536][gc,age      ] GC(74) Age table with threshold 3 (max threshold 15)
[2024-02-06T10:01:14.096+0000][1536][gc,age      ] GC(74) - age   1:   79416752 bytes,   79416752 total
[2024-02-06T10:01:14.096+0000][1536][gc,age      ] GC(74) - age   2:   33653992 bytes,  113070744 total
[2024-02-06T10:01:14.097+0000][1536][gc,age      ] GC(74) - age   3:   30906288 bytes,  143977032 total
[2024-02-06T10:01:14.097+0000][1536][gc,heap     ] GC(74) Eden regions: 456->0(13)
[2024-02-06T10:01:14.097+0000][1536][gc,heap     ] GC(74) Survivor regions: 37->37(62)
[2024-02-06T10:01:14.097+0000][1536][gc,heap     ] GC(74) Old regions: 310->320
[2024-02-06T10:01:14.097+0000][1536][gc,heap     ] GC(74) Archive regions: 0->0
[2024-02-06T10:01:14.097+0000][1536][gc,heap     ] GC(74) Humongous regions: 2->2
[2024-02-06T10:01:14.097+0000][1536][gc,metaspace] GC(74) Metaspace: 131894K(137984K)->131894K(137984K) NonClass: 114855K(118720K)->114855K(118720K) Class: 17038K(19264K)->17038K(19264K)
[2024-02-06T10:01:14.097+0000][1536][gc          ] GC(74) Pause Young (Prepare Mixed) (G1 Evacuation Pause) 3215M->1431M(4040M) 55.654ms
[2024-02-06T10:01:14.097+0000][1536][gc,cpu      ] GC(74) User=0.20s Sys=0.14s Real=0.06s
[2024-02-06T10:01:14.097+0000][1536][safepoint   ] Safepoint "G1CollectForAllocation", Time since last: 12367487100 ns, Reaching safepoint: 157600 ns, At safepoint: 56058700 ns, Total: 56216300 ns
[2024-02-06T10:01:14.355+0000][1536][gc,start    ] GC(75) Pause Young (Mixed) (G1 Evacuation Pause)
[2024-02-06T10:01:14.355+0000][1536][gc,task     ] GC(75) Using 8 workers of 8 for evacuation
[2024-02-06T10:01:14.355+0000][1536][gc,age      ] GC(75) Desired survivor size 14680064 bytes, new threshold 1 (max threshold 15)
[2024-02-06T10:01:14.643+0000][1536][gc,mmu      ] GC(75) MMU target violated: 201.0ms (200.0ms/201.0ms)
[2024-02-06T10:01:14.643+0000][1536][gc,phases   ] GC(75)   Pre Evacuate Collection Set: 0.3ms
[2024-02-06T10:01:14.643+0000][1536][gc,phases   ] GC(75)   Merge Heap Roots: 2.8ms
[2024-02-06T10:01:14.643+0000][1536][gc,phases   ] GC(75)   Evacuate Collection Set: 280.4ms
[2024-02-06T10:01:14.643+0000][1536][gc,phases   ] GC(75)   Post Evacuate Collection Set: 4.0ms
[2024-02-06T10:01:14.643+0000][1536][gc,phases   ] GC(75)   Other: 0.4ms
[2024-02-06T10:01:14.643+0000][1536][gc,age      ] GC(75) Age table with threshold 1 (max threshold 15)
[2024-02-06T10:01:14.643+0000][1536][gc,age      ] GC(75) - age   1:    1745848 bytes,    1745848 total
[2024-02-06T10:01:14.643+0000][1536][gc,heap     ] GC(75) Eden regions: 13->0(46)
[2024-02-06T10:01:14.643+0000][1536][gc,heap     ] GC(75) Survivor regions: 37->4(7)
[2024-02-06T10:01:14.643+0000][1536][gc,heap     ] GC(75) Old regions: 320->264
[2024-02-06T10:01:14.643+0000][1536][gc,heap     ] GC(75) Archive regions: 0->0
[2024-02-06T10:01:14.643+0000][1536][gc,heap     ] GC(75) Humongous regions: 2->2
[2024-02-06T10:01:14.643+0000][1536][gc,metaspace] GC(75) Metaspace: 131894K(137984K)->131894K(137984K) NonClass: 114855K(118720K)->114855K(118720K) Class: 17038K(19264K)->17038K(19264K)
[2024-02-06T10:01:14.643+0000][1536][gc          ] GC(75) Pause Young (Mixed) (G1 Evacuation Pause) 1483M->1079M(4040M) 288.215ms
[2024-02-06T10:01:14.643+0000][1536][gc,cpu      ] GC(75) User=0.12s Sys=1.94s Real=0.29s
[2024-02-06T10:01:14.645+0000][1536][safepoint   ] Safepoint "G1CollectForAllocation", Time since last: 257539200 ns, Reaching safepoint: 142100 ns, At safepoint: 291777100 ns, Total: 291919200 ns
[2024-02-06T10:01:15.996+0000][1536][gc,start    ] GC(76) Pause Young (Mixed) (G1 Evacuation Pause)
[2024-02-06T10:01:15.996+0000][1536][gc,task     ] GC(76) Using 8 workers of 8 for evacuation
[2024-02-06T10:01:15.996+0000][1536][gc,age      ] GC(76) Desired survivor size 14680064 bytes, new threshold 15 (max threshold 15)
[2024-02-06T10:01:16.887+0000][1536][gc,mmu      ] GC(76) MMU target violated: 201.0ms (200.0ms/201.0ms)
[2024-02-06T10:01:16.887+0000][1536][gc,phases   ] GC(76)   Pre Evacuate Collection Set: 0.3ms
[2024-02-06T10:01:16.887+0000][1536][gc,phases   ] GC(76)   Merge Heap Roots: 0.3ms
[2024-02-06T10:01:16.887+0000][1536][gc,phases   ] GC(76)   Evacuate Collection Set: 873.9ms
[2024-02-06T10:01:16.887+0000][1536][gc,phases   ] GC(76)   Post Evacuate Collection Set: 16.0ms
[2024-02-06T10:01:16.887+0000][1536][gc,phases   ] GC(76)   Other: 0.3ms
[2024-02-06T10:01:16.887+0000][1536][gc,age      ] GC(76) Age table with threshold 15 (max threshold 15)
[2024-02-06T10:01:16.887+0000][1536][gc,age      ] GC(76) - age   1:    5720896 bytes,    5720896 total
[2024-02-06T10:01:16.887+0000][1536][gc,age      ] GC(76) - age   2:    1107136 bytes,    6828032 total
[2024-02-06T10:01:16.887+0000][1536][gc,heap     ] GC(76) Eden regions: 46->0(75)
[2024-02-06T10:01:16.887+0000][1536][gc,heap     ] GC(76) Survivor regions: 4->3(7)
[2024-02-06T10:01:16.887+0000][1536][gc,heap     ] GC(76) Old regions: 264->214
[2024-02-06T10:01:16.887+0000][1536][gc,heap     ] GC(76) Archive regions: 0->0
[2024-02-06T10:01:16.887+0000][1536][gc,heap     ] GC(76) Humongous regions: 2->2
[2024-02-06T10:01:16.887+0000][1536][gc,metaspace] GC(76) Metaspace: 131894K(137984K)->131894K(137984K) NonClass: 114855K(118720K)->114855K(118720K) Class: 17038K(19264K)->17038K(19264K)
[2024-02-06T10:01:16.887+0000][1536][gc          ] GC(76) Pause Young (Mixed) (G1 Evacuation Pause) 1263M->872M(4040M) 891.298ms
[2024-02-06T10:01:16.887+0000][1536][gc,cpu      ] GC(76) User=0.11s Sys=0.36s Real=0.89s
[2024-02-06T10:01:16.894+0000][1536][safepoint   ] Safepoint "G1CollectForAllocation", Time since last: 1354740000 ns, Reaching safepoint: 151300 ns, At safepoint: 892489600 ns, Total: 892640900 ns
[2024-02-06T10:01:18.895+0000][1536][safepoint   ] Safepoint "Cleanup", Time since last: 2000605000 ns, Reaching safepoint: 157400 ns, At safepoint: 79300 ns, Total: 236700 ns
[2024-02-06T10:01:20.767+0000][1536][gc,start    ] GC(77) Pause Young (Normal) (G1 Evacuation Pause)
[2024-02-06T10:01:20.767+0000][1536][gc,task     ] GC(77) Using 8 workers of 8 for evacuation
[2024-02-06T10:01:20.767+0000][1536][gc,age      ] GC(77) Desired survivor size 20971520 bytes, new threshold 15 (max threshold 15)
[2024-02-06T10:01:20.772+0000][1536][gc,phases   ] GC(77)   Pre Evacuate Collection Set: 0.2ms
[2024-02-06T10:01:20.772+0000][1536][gc,phases   ] GC(77)   Merge Heap Roots: 0.3ms
[2024-02-06T10:01:20.772+0000][1536][gc,phases   ] GC(77)   Evacuate Collection Set: 7.7ms
[2024-02-06T10:01:20.772+0000][1536][gc,phases   ] GC(77)   Post Evacuate Collection Set: 0.9ms
[2024-02-06T10:01:20.772+0000][1536][gc,phases   ] GC(77)   Other: 1.0ms
[2024-02-06T10:01:20.772+0000][1536][gc,age      ] GC(77) Age table with threshold 15 (max threshold 15)
[2024-02-06T10:01:20.772+0000][1536][gc,age      ] GC(77) - age   1:   11323816 bytes,   11323816 total
[2024-02-06T10:01:20.772+0000][1536][gc,age      ] GC(77) - age   2:    5024376 bytes,   16348192 total
[2024-02-06T10:01:20.772+0000][1536][gc,age      ] GC(77) - age   3:    1059080 bytes,   17407272 total
[2024-02-06T10:01:20.772+0000][1536][gc,heap     ] GC(77) Eden regions: 75->0(85)
[2024-02-06T10:01:20.772+0000][1536][gc,heap     ] GC(77) Survivor regions: 3->5(10)
[2024-02-06T10:01:20.772+0000][1536][gc,heap     ] GC(77) Old regions: 214->214
[2024-02-06T10:01:20.772+0000][1536][gc,heap     ] GC(77) Archive regions: 0->0
[2024-02-06T10:01:20.772+0000][1536][gc,heap     ] GC(77) Humongous regions: 2->2
[2024-02-06T10:01:20.772+0000][1536][gc,metaspace] GC(77) Metaspace: 131895K(137984K)->131895K(137984K) NonClass: 114856K(118720K)->114856K(118720K) Class: 17039K(19264K)->17039K(19264K)
[2024-02-06T10:01:20.772+0000][1536][gc          ] GC(77) Pause Young (Normal) (G1 Evacuation Pause) 1172M->882M(4040M) 10.854ms
[2024-02-06T10:01:20.772+0000][1536][gc,cpu      ] GC(77) User=0.00s Sys=0.00s Real=0.01s
[2024-02-06T10:01:20.772+0000][1536][safepoint   ] Safepoint "G1CollectForAllocation", Time since last: 1871974700 ns, Reaching safepoint: 102000 ns, At safepoint: 11015300 ns, Total: 11117300 ns
[2024-02-06T10:01:23.452+0000][1536][gc,start    ] GC(78) Pause Young (Normal) (G1 Evacuation Pause)
[2024-02-06T10:01:23.452+0000][1536][gc,task     ] GC(78) Using 8 workers of 8 for evacuation
[2024-02-06T10:01:23.452+0000][1536][gc,age      ] GC(78) Desired survivor size 25165824 bytes, new threshold 15 (max threshold 15)
[2024-02-06T10:01:23.462+0000][1536][gc,phases   ] GC(78)   Pre Evacuate Collection Set: 0.3ms
[2024-02-06T10:01:23.462+0000][1536][gc,phases   ] GC(78)   Merge Heap Roots: 0.3ms
[2024-02-06T10:01:23.462+0000][1536][gc,phases   ] GC(78)   Evacuate Collection Set: 10.1ms
[2024-02-06T10:01:23.462+0000][1536][gc,phases   ] GC(78)   Post Evacuate Collection Set: 1.1ms
[2024-02-06T10:01:23.462+0000][1536][gc,phases   ] GC(78)   Other: 0.5ms
[2024-02-06T10:01:23.465+0000][1536][gc,age      ] GC(78) Age table with threshold 15 (max threshold 15)
[2024-02-06T10:01:23.465+0000][1536][gc,age      ] GC(78) - age   1:   17875760 bytes,   17875760 total
[2024-02-06T10:01:23.465+0000][1536][gc,age      ] GC(78) - age   2:    9639552 bytes,   27515312 total
[2024-02-06T10:01:23.465+0000][1536][gc,age      ] GC(78) - age   3:    4846584 bytes,   32361896 total
[2024-02-06T10:01:23.465+0000][1536][gc,age      ] GC(78) - age   4:    1045008 bytes,   33406904 total
[2024-02-06T10:01:23.465+0000][1536][gc,heap     ] GC(78) Eden regions: 85->0(62)
[2024-02-06T10:01:23.465+0000][1536][gc,heap     ] GC(78) Survivor regions: 5->9(12)
[2024-02-06T10:01:23.465+0000][1536][gc,heap     ] GC(78) Old regions: 214->214
[2024-02-06T10:01:23.465+0000][1536][gc,heap     ] GC(78) Archive regions: 0->0
[2024-02-06T10:01:23.465+0000][1536][gc,heap     ] GC(78) Humongous regions: 2->2
[2024-02-06T10:01:23.465+0000][1536][gc,metaspace] GC(78) Metaspace: 131895K(137984K)->131895K(137984K) NonClass: 114856K(118720K)->114856K(118720K) Class: 17039K(19264K)->17039K(19264K)
[2024-02-06T10:01:23.465+0000][1536][gc          ] GC(78) Pause Young (Normal) (G1 Evacuation Pause) 1222M->897M(4040M) 12.966ms
[2024-02-06T10:01:23.465+0000][1536][gc,cpu      ] GC(78) User=0.09s Sys=0.02s Real=0.01s
[2024-02-06T10:01:23.469+0000][1536][safepoint   ] Safepoint "G1CollectForAllocation", Time since last: 2625680500 ns, Reaching safepoint: 48168200 ns, At safepoint: 17402200 ns, Total: 65570400 ns
[2024-02-06T10:01:25.340+0000][1536][gc,start    ] GC(79) Pause Young (Normal) (G1 Evacuation Pause)
[2024-02-06T10:01:25.340+0000][1536][gc,task     ] GC(79) Using 8 workers of 8 for evacuation
[2024-02-06T10:01:25.340+0000][1536][gc,age      ] GC(79) Desired survivor size 18874368 bytes, new threshold 2 (max threshold 15)
[2024-02-06T10:01:25.362+0000][1536][gc,phases   ] GC(79)   Pre Evacuate Collection Set: 0.2ms
[2024-02-06T10:01:25.362+0000][1536][gc,phases   ] GC(79)   Merge Heap Roots: 0.1ms
[2024-02-06T10:01:25.362+0000][1536][gc,phases   ] GC(79)   Evacuate Collection Set: 21.0ms
[2024-02-06T10:01:25.362+0000][1536][gc,phases   ] GC(79)   Post Evacuate Collection Set: 0.9ms
[2024-02-06T10:01:25.362+0000][1536][gc,phases   ] GC(79)   Other: 0.1ms
[2024-02-06T10:01:25.362+0000][1536][gc,age      ] GC(79) Age table with threshold 2 (max threshold 15)
[2024-02-06T10:01:25.362+0000][1536][gc,age      ] GC(79) - age   1:   11354840 bytes,   11354840 total
[2024-02-06T10:01:25.362+0000][1536][gc,age      ] GC(79) - age   2:   16995800 bytes,   28350640 total
[2024-02-06T10:01:25.362+0000][1536][gc,heap     ] GC(79) Eden regions: 62->0(118)
[2024-02-06T10:01:25.362+0000][1536][gc,heap     ] GC(79) Survivor regions: 9->8(9)
[2024-02-06T10:01:25.362+0000][1536][gc,heap     ] GC(79) Old regions: 214->218
[2024-02-06T10:01:25.362+0000][1536][gc,heap     ] GC(79) Archive regions: 0->0
[2024-02-06T10:01:25.362+0000][1536][gc,heap     ] GC(79) Humongous regions: 2->2
[2024-02-06T10:01:25.362+0000][1536][gc,metaspace] GC(79) Metaspace: 131895K(137984K)->131895K(137984K) NonClass: 114856K(118720K)->114856K(118720K) Class: 17039K(19264K)->17039K(19264K)
[2024-02-06T10:01:25.362+0000][1536][gc          ] GC(79) Pause Young (Normal) (G1 Evacuation Pause) 1145M->909M(4040M) 22.687ms
[2024-02-06T10:01:25.362+0000][1536][gc,cpu      ] GC(79) User=0.19s Sys=0.03s Real=0.02s
[2024-02-06T10:01:25.363+0000][1536][safepoint   ] Safepoint "G1CollectForAllocation", Time since last: 1870639300 ns, Reaching safepoint: 114300 ns, At safepoint: 23183800 ns, Total: 23298100 ns
[2024-02-06T10:01:31.474+0000][1536][gc,start    ] GC(80) Pause Young (Normal) (G1 Evacuation Pause)
[2024-02-06T10:01:31.474+0000][1536][gc,task     ] GC(80) Using 8 workers of 8 for evacuation
[2024-02-06T10:01:31.474+0000][1536][gc,age      ] GC(80) Desired survivor size 33554432 bytes, new threshold 15 (max threshold 15)
[2024-02-06T10:01:31.493+0000][1536][gc,phases   ] GC(80)   Pre Evacuate Collection Set: 0.3ms
[2024-02-06T10:01:31.493+0000][1536][gc,phases   ] GC(80)   Merge Heap Roots: 0.2ms
[2024-02-06T10:01:31.493+0000][1536][gc,phases   ] GC(80)   Evacuate Collection Set: 13.4ms
[2024-02-06T10:01:31.493+0000][1536][gc,phases   ] GC(80)   Post Evacuate Collection Set: 1.0ms
[2024-02-06T10:01:31.493+0000][1536][gc,phases   ] GC(80)   Other: 0.2ms
[2024-02-06T10:01:31.493+0000][1536][gc,age      ] GC(80) Age table with threshold 15 (max threshold 15)
[2024-02-06T10:01:31.493+0000][1536][gc,age      ] GC(80) - age   1:   15967208 bytes,   15967208 total
[2024-02-06T10:01:31.493+0000][1536][gc,age      ] GC(80) - age   2:   10256616 bytes,   26223824 total
[2024-02-06T10:01:31.493+0000][1536][gc,age      ] GC(80) - age   3:   16562496 bytes,   42786320 total
[2024-02-06T10:01:31.493+0000][1536][gc,heap     ] GC(80) Eden regions: 118->0(144)
[2024-02-06T10:01:31.493+0000][1536][gc,heap     ] GC(80) Survivor regions: 8->11(16)
[2024-02-06T10:01:31.493+0000][1536][gc,heap     ] GC(80) Old regions: 218->218
[2024-02-06T10:01:31.493+0000][1536][gc,heap     ] GC(80) Archive regions: 0->0
[2024-02-06T10:01:31.493+0000][1536][gc,heap     ] GC(80) Humongous regions: 2->2
[2024-02-06T10:01:31.493+0000][1536][gc,metaspace] GC(80) Metaspace: 131895K(137984K)->131895K(137984K) NonClass: 114856K(118720K)->114856K(118720K) Class: 17039K(19264K)->17039K(19264K)
[2024-02-06T10:01:31.493+0000][1536][gc          ] GC(80) Pause Young (Normal) (G1 Evacuation Pause) 1381M->923M(4040M) 15.746ms
[2024-02-06T10:01:31.494+0000][1536][gc,cpu      ] GC(80) User=0.06s Sys=0.02s Real=0.02s
[2024-02-06T10:01:31.494+0000][1536][safepoint   ] Safepoint "G1CollectForAllocation", Time since last: 6115003400 ns, Reaching safepoint: 98900 ns, At safepoint: 15971700 ns, Total: 16070600 ns
[2024-02-06T10:01:35.173+0000][1536][gc,start    ] GC(81) Pause Young (Normal) (G1 Evacuation Pause)
[2024-02-06T10:01:35.173+0000][1536][gc,task     ] GC(81) Using 8 workers of 8 for evacuation
[2024-02-06T10:01:35.173+0000][1536][gc,age      ] GC(81) Desired survivor size 41943040 bytes, new threshold 3 (max threshold 15)
[2024-02-06T10:01:35.203+0000][1536][gc,phases   ] GC(81)   Pre Evacuate Collection Set: 0.2ms
[2024-02-06T10:01:35.203+0000][1536][gc,phases   ] GC(81)   Merge Heap Roots: 0.2ms
[2024-02-06T10:01:35.203+0000][1536][gc,phases   ] GC(81)   Evacuate Collection Set: 30.9ms
[2024-02-06T10:01:35.203+0000][1536][gc,phases   ] GC(81)   Post Evacuate Collection Set: 1.0ms
[2024-02-06T10:01:35.203+0000][1536][gc,phases   ] GC(81)   Other: 0.2ms
[2024-02-06T10:01:35.203+0000][1536][gc,age      ] GC(81) Age table with threshold 3 (max threshold 15)
[2024-02-06T10:01:35.203+0000][1536][gc,age      ] GC(81) - age   1:   19612376 bytes,   19612376 total
[2024-02-06T10:01:35.203+0000][1536][gc,age      ] GC(81) - age   2:   14192504 bytes,   33804880 total
[2024-02-06T10:01:35.203+0000][1536][gc,age      ] GC(81) - age   3:   10169960 bytes,   43974840 total
[2024-02-06T10:01:35.203+0000][1536][gc,heap     ] GC(81) Eden regions: 144->0(229)
[2024-02-06T10:01:35.203+0000][1536][gc,heap     ] GC(81) Survivor regions: 11->12(20)
[2024-02-06T10:01:35.203+0000][1536][gc,heap     ] GC(81) Old regions: 218->223
[2024-02-06T10:01:35.203+0000][1536][gc,heap     ] GC(81) Archive regions: 0->0
[2024-02-06T10:01:35.203+0000][1536][gc,heap     ] GC(81) Humongous regions: 2->2
[2024-02-06T10:01:35.203+0000][1536][gc,metaspace] GC(81) Metaspace: 131895K(137984K)->131895K(137984K) NonClass: 114856K(118720K)->114856K(118720K) Class: 17039K(19264K)->17039K(19264K)
[2024-02-06T10:01:35.203+0000][1536][gc          ] GC(81) Pause Young (Normal) (G1 Evacuation Pause) 1499M->941M(4040M) 33.041ms
[2024-02-06T10:01:35.203+0000][1536][gc,cpu      ] GC(81) User=0.16s Sys=0.05s Real=0.03s
[2024-02-06T10:01:35.203+0000][1536][safepoint   ] Safepoint "G1CollectForAllocation", Time since last: 3680605400 ns, Reaching safepoint: 93200 ns, At safepoint: 33319200 ns, Total: 33412400 ns
[2024-02-06T10:01:41.990+0000][1536][gc,start    ] GC(82) Pause Young (Normal) (G1 Evacuation Pause)
[2024-02-06T10:01:41.990+0000][1536][gc,task     ] GC(82) Using 8 workers of 8 for evacuation
[2024-02-06T10:01:41.990+0000][1536][gc,age      ] GC(82) Desired survivor size 65011712 bytes, new threshold 15 (max threshold 15)
[2024-02-06T10:01:42.020+0000][1536][gc,phases   ] GC(82)   Pre Evacuate Collection Set: 0.5ms
[2024-02-06T10:01:42.020+0000][1536][gc,phases   ] GC(82)   Merge Heap Roots: 0.3ms
[2024-02-06T10:01:42.020+0000][1536][gc,phases   ] GC(82)   Evacuate Collection Set: 27.1ms
[2024-02-06T10:01:42.020+0000][1536][gc,phases   ] GC(82)   Post Evacuate Collection Set: 2.1ms
[2024-02-06T10:01:42.020+0000][1536][gc,phases   ] GC(82)   Other: 0.4ms
[2024-02-06T10:01:42.020+0000][1536][gc,age      ] GC(82) Age table with threshold 15 (max threshold 15)
[2024-02-06T10:01:42.022+0000][1536][gc,age      ] GC(82) - age   1:   31615648 bytes,   31615648 total
[2024-02-06T10:01:42.022+0000][1536][gc,age      ] GC(82) - age   2:   16101776 bytes,   47717424 total
[2024-02-06T10:01:42.022+0000][1536][gc,age      ] GC(82) - age   3:   12827584 bytes,   60545008 total
[2024-02-06T10:01:42.022+0000][1536][gc,age      ] GC(82) - age   4:    9925400 bytes,   70470408 total
[2024-02-06T10:01:42.022+0000][1536][gc,heap     ] GC(82) Eden regions: 229->0(212)
[2024-02-06T10:01:42.022+0000][1536][gc,heap     ] GC(82) Survivor regions: 12->18(31)
[2024-02-06T10:01:42.022+0000][1536][gc,heap     ] GC(82) Old regions: 223->223
[2024-02-06T10:01:42.022+0000][1536][gc,heap     ] GC(82) Archive regions: 0->0
[2024-02-06T10:01:42.022+0000][1536][gc,heap     ] GC(82) Humongous regions: 2->2
[2024-02-06T10:01:42.022+0000][1536][gc,metaspace] GC(82) Metaspace: 131895K(137984K)->131895K(137984K) NonClass: 114856K(118720K)->114856K(118720K) Class: 17039K(19264K)->17039K(19264K)
[2024-02-06T10:01:42.022+0000][1536][gc          ] GC(82) Pause Young (Normal) (G1 Evacuation Pause) 1857M->968M(4040M) 31.909ms
[2024-02-06T10:01:42.022+0000][1536][gc,cpu      ] GC(82) User=0.09s Sys=0.03s Real=0.03s
[2024-02-06T10:01:42.023+0000][1536][safepoint   ] Safepoint "G1CollectForAllocation", Time since last: 6781917700 ns, Reaching safepoint: 285600 ns, At safepoint: 32686100 ns, Total: 32971700 ns
[2024-02-06T10:01:47.397+0000][1536][gc,start    ] GC(83) Pause Young (Normal) (G1 Evacuation Pause)
[2024-02-06T10:01:47.397+0000][1536][gc,task     ] GC(83) Using 8 workers of 8 for evacuation
[2024-02-06T10:01:47.397+0000][1536][gc,age      ] GC(83) Desired survivor size 60817408 bytes, new threshold 4 (max threshold 15)
[2024-02-06T10:01:47.450+0000][1536][gc,phases   ] GC(83)   Pre Evacuate Collection Set: 0.4ms
[2024-02-06T10:01:47.450+0000][1536][gc,phases   ] GC(83)   Merge Heap Roots: 0.4ms
[2024-02-06T10:01:47.450+0000][1536][gc,phases   ] GC(83)   Evacuate Collection Set: 47.7ms
[2024-02-06T10:01:47.450+0000][1536][gc,phases   ] GC(83)   Post Evacuate Collection Set: 2.2ms
[2024-02-06T10:01:47.450+0000][1536][gc,phases   ] GC(83)   Other: 0.6ms
[2024-02-06T10:01:47.450+0000][1536][gc,age      ] GC(83) Age table with threshold 4 (max threshold 15)
[2024-02-06T10:01:47.450+0000][1536][gc,age      ] GC(83) - age   1:   31721736 bytes,   31721736 total
[2024-02-06T10:01:47.450+0000][1536][gc,age      ] GC(83) - age   2:   28012584 bytes,   59734320 total
[2024-02-06T10:01:47.450+0000][1536][gc,age      ] GC(83) - age   3:   14886776 bytes,   74621096 total
[2024-02-06T10:01:47.450+0000][1536][gc,age      ] GC(83) - age   4:   11571488 bytes,   86192584 total
[2024-02-06T10:01:47.450+0000][1536][gc,heap     ] GC(83) Eden regions: 212->0(235)
[2024-02-06T10:01:47.450+0000][1536][gc,heap     ] GC(83) Survivor regions: 18->22(29)
[2024-02-06T10:01:47.450+0000][1536][gc,heap     ] GC(83) Old regions: 223->225
[2024-02-06T10:01:47.450+0000][1536][gc,heap     ] GC(83) Archive regions: 0->0
[2024-02-06T10:01:47.450+0000][1536][gc,heap     ] GC(83) Humongous regions: 2->2
[2024-02-06T10:01:47.450+0000][1536][gc,metaspace] GC(83) Metaspace: 131895K(137984K)->131895K(137984K) NonClass: 114856K(118720K)->114856K(118720K) Class: 17039K(19264K)->17039K(19264K)
[2024-02-06T10:01:47.451+0000][1536][gc          ] GC(83) Pause Young (Normal) (G1 Evacuation Pause) 1816M->993M(4040M) 52.191ms
[2024-02-06T10:01:47.451+0000][1536][gc,cpu      ] GC(83) User=0.16s Sys=0.11s Real=0.05s
[2024-02-06T10:01:47.451+0000][1536][safepoint   ] Safepoint "G1CollectForAllocation", Time since last: 5375345000 ns, Reaching safepoint: 141900 ns, At safepoint: 53464400 ns, Total: 53606300 ns
[2024-02-06T10:01:53.434+0000][1536][gc,start    ] GC(84) Pause Young (Normal) (G1 Evacuation Pause)
[2024-02-06T10:01:53.434+0000][1536][gc,task     ] GC(84) Using 8 workers of 8 for evacuation
[2024-02-06T10:01:53.434+0000][1536][gc,age      ] GC(84) Desired survivor size 69206016 bytes, new threshold 3 (max threshold 15)
[2024-02-06T10:01:53.489+0000][1536][gc,phases   ] GC(84)   Pre Evacuate Collection Set: 0.2ms
[2024-02-06T10:01:53.489+0000][1536][gc,phases   ] GC(84)   Merge Heap Roots: 0.2ms
[2024-02-06T10:01:53.489+0000][1536][gc,phases   ] GC(84)   Evacuate Collection Set: 54.5ms
[2024-02-06T10:01:53.489+0000][1536][gc,phases   ] GC(84)   Post Evacuate Collection Set: 1.1ms
[2024-02-06T10:01:53.489+0000][1536][gc,phases   ] GC(84)   Other: 0.2ms
[2024-02-06T10:01:53.489+0000][1536][gc,age      ] GC(84) Age table with threshold 3 (max threshold 15)
[2024-02-06T10:01:53.489+0000][1536][gc,age      ] GC(84) - age   1:   34485768 bytes,   34485768 total
[2024-02-06T10:01:53.489+0000][1536][gc,age      ] GC(84) - age   2:   28303488 bytes,   62789256 total
[2024-02-06T10:01:53.489+0000][1536][gc,age      ] GC(84) - age   3:   24744168 bytes,   87533424 total
[2024-02-06T10:01:53.489+0000][1536][gc,heap     ] GC(84) Eden regions: 235->0(312)
[2024-02-06T10:01:53.489+0000][1536][gc,heap     ] GC(84) Survivor regions: 22->23(33)
[2024-02-06T10:01:53.489+0000][1536][gc,heap     ] GC(84) Old regions: 225->231
[2024-02-06T10:01:53.489+0000][1536][gc,heap     ] GC(84) Archive regions: 0->0
[2024-02-06T10:01:53.489+0000][1536][gc,heap     ] GC(84) Humongous regions: 2->2
[2024-02-06T10:01:53.489+0000][1536][gc,metaspace] GC(84) Metaspace: 131895K(137984K)->131895K(137984K) NonClass: 114856K(118720K)->114856K(118720K) Class: 17039K(19264K)->17039K(19264K)
[2024-02-06T10:01:53.489+0000][1536][gc          ] GC(84) Pause Young (Normal) (G1 Evacuation Pause) 1933M->1021M(4040M) 56.734ms
[2024-02-06T10:01:53.489+0000][1536][gc,cpu      ] GC(84) User=0.16s Sys=0.06s Real=0.06s
[2024-02-06T10:01:53.489+0000][1536][safepoint   ] Safepoint "G1CollectForAllocation", Time since last: 5982509300 ns, Reaching safepoint: 130000 ns, At safepoint: 57348000 ns, Total: 57478000 ns
[2024-02-06T10:02:03.771+0000][1536][gc,start    ] GC(85) Pause Young (Normal) (G1 Evacuation Pause)
[2024-02-06T10:02:03.771+0000][1536][gc,task     ] GC(85) Using 8 workers of 8 for evacuation
[2024-02-06T10:02:03.771+0000][1536][gc,age      ] GC(85) Desired survivor size 88080384 bytes, new threshold 15 (max threshold 15)
[2024-02-06T10:02:03.815+0000][1536][gc,phases   ] GC(85)   Pre Evacuate Collection Set: 0.3ms
[2024-02-06T10:02:03.815+0000][1536][gc,phases   ] GC(85)   Merge Heap Roots: 0.4ms
[2024-02-06T10:02:03.815+0000][1536][gc,phases   ] GC(85)   Evacuate Collection Set: 49.7ms
[2024-02-06T10:02:03.815+0000][1536][gc,phases   ] GC(85)   Post Evacuate Collection Set: 1.2ms
[2024-02-06T10:02:03.815+0000][1536][gc,phases   ] GC(85)   Other: 0.5ms
[2024-02-06T10:02:03.815+0000][1536][gc,age      ] GC(85) Age table with threshold 15 (max threshold 15)
[2024-02-06T10:02:03.815+0000][1536][gc,age      ] GC(85) - age   1:   47813928 bytes,   47813928 total
[2024-02-06T10:02:03.815+0000][1536][gc,age      ] GC(85) - age   2:   30356136 bytes,   78170064 total
[2024-02-06T10:02:03.815+0000][1536][gc,age      ] GC(85) - age   3:   24592616 bytes,  102762680 total
[2024-02-06T10:02:03.815+0000][1536][gc,age      ] GC(85) - age   4:   17965456 bytes,  120728136 total
[2024-02-06T10:02:03.815+0000][1536][gc,heap     ] GC(85) Eden regions: 312->0(296)
[2024-02-06T10:02:03.815+0000][1536][gc,heap     ] GC(85) Survivor regions: 23->31(42)
[2024-02-06T10:02:03.815+0000][1536][gc,heap     ] GC(85) Old regions: 231->231
[2024-02-06T10:02:03.815+0000][1536][gc,heap     ] GC(85) Archive regions: 0->0
[2024-02-06T10:02:03.815+0000][1536][gc,heap     ] GC(85) Humongous regions: 2->2
[2024-02-06T10:02:03.815+0000][1536][gc,metaspace] GC(85) Metaspace: 131895K(137984K)->131895K(137984K) NonClass: 114856K(118720K)->114856K(118720K) Class: 17039K(19264K)->17039K(19264K)
[2024-02-06T10:02:03.815+0000][1536][gc          ] GC(85) Pause Young (Normal) (G1 Evacuation Pause) 2269M->1054M(4040M) 52.803ms
[2024-02-06T10:02:03.815+0000][1536][gc,cpu      ] GC(85) User=0.30s Sys=0.02s Real=0.04s
[2024-02-06T10:02:03.815+0000][1536][safepoint   ] Safepoint "G1CollectForAllocation", Time since last: 10280410500 ns, Reaching safepoint: 193700 ns, At safepoint: 52982300 ns, Total: 53176000 ns
[2024-02-06T10:02:12.251+0000][1536][gc,start    ] GC(86) Pause Young (Normal) (G1 Evacuation Pause)
[2024-02-06T10:02:12.251+0000][1536][gc,task     ] GC(86) Using 8 workers of 8 for evacuation
[2024-02-06T10:02:12.251+0000][1536][gc,age      ] GC(86) Desired survivor size 85983232 bytes, new threshold 3 (max threshold 15)
[2024-02-06T10:02:12.369+0000][1536][gc,phases   ] GC(86)   Pre Evacuate Collection Set: 2.9ms
[2024-02-06T10:02:12.369+0000][1536][gc,phases   ] GC(86)   Merge Heap Roots: 0.3ms
[2024-02-06T10:02:12.369+0000][1536][gc,phases   ] GC(86)   Evacuate Collection Set: 113.5ms
[2024-02-06T10:02:12.369+0000][1536][gc,phases   ] GC(86)   Post Evacuate Collection Set: 1.2ms
[2024-02-06T10:02:12.369+0000][1536][gc,phases   ] GC(86)   Other: 0.3ms
[2024-02-06T10:02:12.369+0000][1536][gc,age      ] GC(86) Age table with threshold 3 (max threshold 15)
[2024-02-06T10:02:12.369+0000][1536][gc,age      ] GC(86) - age   1:   56598472 bytes,   56598472 total
[2024-02-06T10:02:12.369+0000][1536][gc,age      ] GC(86) - age   2:   43475792 bytes,  100074264 total
[2024-02-06T10:02:12.370+0000][1536][gc,age      ] GC(86) - age   3:   28590816 bytes,  128665080 total
[2024-02-06T10:02:12.370+0000][1536][gc,heap     ] GC(86) Eden regions: 296->0(272)
[2024-02-06T10:02:12.370+0000][1536][gc,heap     ] GC(86) Survivor regions: 31->33(41)
[2024-02-06T10:02:12.370+0000][1536][gc,heap     ] GC(86) Old regions: 231->240
[2024-02-06T10:02:12.370+0000][1536][gc,heap     ] GC(86) Archive regions: 0->0
[2024-02-06T10:02:12.370+0000][1536][gc,heap     ] GC(86) Humongous regions: 2->2
[2024-02-06T10:02:12.370+0000][1536][gc,metaspace] GC(86) Metaspace: 131895K(137984K)->131895K(137984K) NonClass: 114856K(118720K)->114856K(118720K) Class: 17039K(19264K)->17039K(19264K)
[2024-02-06T10:02:12.370+0000][1536][gc          ] GC(86) Pause Young (Normal) (G1 Evacuation Pause) 2238M->1093M(4040M) 118.924ms
[2024-02-06T10:02:12.370+0000][1536][gc,cpu      ] GC(86) User=0.25s Sys=0.14s Real=0.12s
[2024-02-06T10:02:12.370+0000][1536][safepoint   ] Safepoint "G1CollectForAllocation", Time since last: 8424619100 ns, Reaching safepoint: 248500 ns, At safepoint: 119211800 ns, Total: 119460300 ns
[2024-02-06T10:02:19.406+0000][1536][safepoint   ] Safepoint "Cleanup", Time since last: 7035684100 ns, Reaching safepoint: 92600 ns, At safepoint: 55700 ns, Total: 148300 ns
[2024-02-06T10:02:19.717+0000][1536][gc,start    ] GC(87) Pause Young (Normal) (G1 Evacuation Pause)
[2024-02-06T10:02:19.717+0000][1536][gc,task     ] GC(87) Using 8 workers of 8 for evacuation
[2024-02-06T10:02:19.717+0000][1536][gc,age      ] GC(87) Desired survivor size 81788928 bytes, new threshold 2 (max threshold 15)
[2024-02-06T10:02:19.822+0000][1536][gc,phases   ] GC(87)   Pre Evacuate Collection Set: 0.3ms
[2024-02-06T10:02:19.822+0000][1536][gc,phases   ] GC(87)   Merge Heap Roots: 0.2ms
[2024-02-06T10:02:19.822+0000][1536][gc,phases   ] GC(87)   Evacuate Collection Set: 105.5ms
[2024-02-06T10:02:19.822+0000][1536][gc,phases   ] GC(87)   Post Evacuate Collection Set: 1.1ms
[2024-02-06T10:02:19.822+0000][1536][gc,phases   ] GC(87)   Other: 0.3ms
[2024-02-06T10:02:19.822+0000][1536][gc,age      ] GC(87) Age table with threshold 2 (max threshold 15)
[2024-02-06T10:02:19.822+0000][1536][gc,age      ] GC(87) - age   1:   37096264 bytes,   37096264 total
[2024-02-06T10:02:19.822+0000][1536][gc,age      ] GC(87) - age   2:   52371744 bytes,   89468008 total
[2024-02-06T10:02:19.822+0000][1536][gc,heap     ] GC(87) Eden regions: 272->0(527)
[2024-02-06T10:02:19.822+0000][1536][gc,heap     ] GC(87) Survivor regions: 33->24(39)
[2024-02-06T10:02:19.822+0000][1536][gc,heap     ] GC(87) Old regions: 240->256
[2024-02-06T10:02:19.822+0000][1536][gc,heap     ] GC(87) Archive regions: 0->0
[2024-02-06T10:02:19.822+0000][1536][gc,heap     ] GC(87) Humongous regions: 2->2
[2024-02-06T10:02:19.822+0000][1536][gc,metaspace] GC(87) Metaspace: 131895K(137984K)->131895K(137984K) NonClass: 114856K(118720K)->114856K(118720K) Class: 17039K(19264K)->17039K(19264K)
[2024-02-06T10:02:19.822+0000][1536][gc          ] GC(87) Pause Young (Normal) (G1 Evacuation Pause) 2181M->1125M(4040M) 108.015ms
[2024-02-06T10:02:19.822+0000][1536][gc,cpu      ] GC(87) User=0.14s Sys=0.28s Real=0.11s
[2024-02-06T10:02:19.822+0000][1536][safepoint   ] Safepoint "G1CollectForAllocation", Time since last: 313111300 ns, Reaching safepoint: 101300 ns, At safepoint: 108314700 ns, Total: 108416000 ns
[2024-02-06T10:02:36.080+0000][1536][gc,start    ] GC(88) Pause Young (Normal) (G1 Evacuation Pause)
[2024-02-06T10:02:36.080+0000][1536][gc,task     ] GC(88) Using 8 workers of 8 for evacuation
[2024-02-06T10:02:36.080+0000][1536][gc,age      ] GC(88) Desired survivor size 144703488 bytes, new threshold 15 (max threshold 15)
[2024-02-06T10:02:36.126+0000][1536][gc,phases   ] GC(88)   Pre Evacuate Collection Set: 0.2ms
[2024-02-06T10:02:36.126+0000][1536][gc,phases   ] GC(88)   Merge Heap Roots: 0.2ms
[2024-02-06T10:02:36.126+0000][1536][gc,phases   ] GC(88)   Evacuate Collection Set: 41.4ms
[2024-02-06T10:02:36.126+0000][1536][gc,phases   ] GC(88)   Post Evacuate Collection Set: 1.4ms
[2024-02-06T10:02:36.126+0000][1536][gc,phases   ] GC(88)   Other: 0.3ms
[2024-02-06T10:02:36.126+0000][1536][gc,age      ] GC(88) Age table with threshold 15 (max threshold 15)
[2024-02-06T10:02:36.126+0000][1536][gc,age      ] GC(88) - age   1:   66114760 bytes,   66114760 total
[2024-02-06T10:02:36.126+0000][1536][gc,age      ] GC(88) - age   2:   30312520 bytes,   96427280 total
[2024-02-06T10:02:36.126+0000][1536][gc,age      ] GC(88) - age   3:   48472840 bytes,  144900120 total
[2024-02-06T10:02:36.126+0000][1536][gc,heap     ] GC(88) Eden regions: 527->0(508)
[2024-02-06T10:02:36.126+0000][1536][gc,heap     ] GC(88) Survivor regions: 24->37(69)
[2024-02-06T10:02:36.126+0000][1536][gc,heap     ] GC(88) Old regions: 256->256
[2024-02-06T10:02:36.126+0000][1536][gc,heap     ] GC(88) Archive regions: 0->0
[2024-02-06T10:02:36.126+0000][1536][gc,heap     ] GC(88) Humongous regions: 2->2
[2024-02-06T10:02:36.127+0000][1536][gc,metaspace] GC(88) Metaspace: 131895K(137984K)->131895K(137984K) NonClass: 114856K(118720K)->114856K(118720K) Class: 17039K(19264K)->17039K(19264K)
[2024-02-06T10:02:36.127+0000][1536][gc          ] GC(88) Pause Young (Normal) (G1 Evacuation Pause) 3233M->1175M(4040M) 44.226ms
[2024-02-06T10:02:36.127+0000][1536][gc,cpu      ] GC(88) User=0.34s Sys=0.00s Real=0.05s
[2024-02-06T10:02:36.127+0000][1536][safepoint   ] Safepoint "G1CollectForAllocation", Time since last: 16255213100 ns, Reaching safepoint: 110400 ns, At safepoint: 44510200 ns, Total: 44620600 ns
[2024-02-06T10:02:50.279+0000][1536][gc,start    ] GC(89) Pause Young (Normal) (G1 Evacuation Pause)
[2024-02-06T10:02:50.279+0000][1536][gc,task     ] GC(89) Using 8 workers of 8 for evacuation
[2024-02-06T10:02:50.279+0000][1536][gc,age      ] GC(89) Desired survivor size 144703488 bytes, new threshold 3 (max threshold 15)
[2024-02-06T10:02:50.353+0000][1536][gc,phases   ] GC(89)   Pre Evacuate Collection Set: 0.2ms
[2024-02-06T10:02:50.353+0000][1536][gc,phases   ] GC(89)   Merge Heap Roots: 0.3ms
[2024-02-06T10:02:50.353+0000][1536][gc,phases   ] GC(89)   Evacuate Collection Set: 72.9ms
[2024-02-06T10:02:50.353+0000][1536][gc,phases   ] GC(89)   Post Evacuate Collection Set: 1.4ms
[2024-02-06T10:02:50.353+0000][1536][gc,phases   ] GC(89)   Other: 0.3ms
[2024-02-06T10:02:50.353+0000][1536][gc,age      ] GC(89) Age table with threshold 3 (max threshold 15)
[2024-02-06T10:02:50.353+0000][1536][gc,age      ] GC(89) - age   1:   77669992 bytes,   77669992 total
[2024-02-06T10:02:50.353+0000][1536][gc,age      ] GC(89) - age   2:   52549696 bytes,  130219688 total
[2024-02-06T10:02:50.353+0000][1536][gc,age      ] GC(89) - age   3:   23467872 bytes,  153687560 total
[2024-02-06T10:02:50.353+0000][1536][gc,heap     ] GC(89) Eden regions: 508->0(500)
[2024-02-06T10:02:50.353+0000][1536][gc,heap     ] GC(89) Survivor regions: 37->39(69)
[2024-02-06T10:02:50.353+0000][1536][gc,heap     ] GC(89) Old regions: 256->265
[2024-02-06T10:02:50.353+0000][1536][gc,heap     ] GC(89) Archive regions: 0->0
[2024-02-06T10:02:50.353+0000][1536][gc,heap     ] GC(89) Humongous regions: 2->2
[2024-02-06T10:02:50.353+0000][1536][gc,metaspace] GC(89) Metaspace: 131895K(137984K)->131895K(137984K) NonClass: 114856K(118720K)->114856K(118720K) Class: 17039K(19264K)->17039K(19264K)
[2024-02-06T10:02:50.353+0000][1536][gc          ] GC(89) Pause Young (Normal) (G1 Evacuation Pause) 3207M->1220M(4040M) 75.536ms
[2024-02-06T10:02:50.353+0000][1536][gc,cpu      ] GC(89) User=0.19s Sys=0.16s Real=0.07s
[2024-02-06T10:02:50.353+0000][1536][safepoint   ] Safepoint "G1CollectForAllocation", Time since last: 14157710400 ns, Reaching safepoint: 126600 ns, At safepoint: 75779900 ns, Total: 75906500 ns
[2024-02-06T10:03:03.489+0000][1536][gc,start    ] GC(90) Pause Young (Normal) (G1 Evacuation Pause)
[2024-02-06T10:03:03.489+0000][1536][gc,task     ] GC(90) Using 8 workers of 8 for evacuation
[2024-02-06T10:03:03.489+0000][1536][gc,age      ] GC(90) Desired survivor size 142606336 bytes, new threshold 3 (max threshold 15)
[2024-02-06T10:03:03.561+0000][1536][gc,phases   ] GC(90)   Pre Evacuate Collection Set: 0.4ms
[2024-02-06T10:03:03.561+0000][1536][gc,phases   ] GC(90)   Merge Heap Roots: 0.5ms
[2024-02-06T10:03:03.561+0000][1536][gc,phases   ] GC(90)   Evacuate Collection Set: 70.9ms
[2024-02-06T10:03:03.561+0000][1536][gc,phases   ] GC(90)   Post Evacuate Collection Set: 1.3ms
[2024-02-06T10:03:03.561+0000][1536][gc,phases   ] GC(90)   Other: 0.4ms
[2024-02-06T10:03:03.561+0000][1536][gc,age      ] GC(90) Age table with threshold 3 (max threshold 15)
[2024-02-06T10:03:03.561+0000][1536][gc,age      ] GC(90) - age   1:   64603712 bytes,   64603712 total
[2024-02-06T10:03:03.561+0000][1536][gc,age      ] GC(90) - age   2:   62757480 bytes,  127361192 total
[2024-02-06T10:03:03.561+0000][1536][gc,age      ] GC(90) - age   3:   37430712 bytes,  164791904 total
[2024-02-06T10:03:03.561+0000][1536][gc,heap     ] GC(90) Eden regions: 500->0(491)
[2024-02-06T10:03:03.561+0000][1536][gc,heap     ] GC(90) Survivor regions: 39->42(68)
[2024-02-06T10:03:03.561+0000][1536][gc,heap     ] GC(90) Old regions: 265->271
[2024-02-06T10:03:03.561+0000][1536][gc,heap     ] GC(90) Archive regions: 0->0
[2024-02-06T10:03:03.561+0000][1536][gc,heap     ] GC(90) Humongous regions: 2->2
[2024-02-06T10:03:03.561+0000][1536][gc,metaspace] GC(90) Metaspace: 131895K(137984K)->131895K(137984K) NonClass: 114856K(118720K)->114856K(118720K) Class: 17039K(19264K)->17039K(19264K)
[2024-02-06T10:03:03.561+0000][1536][gc          ] GC(90) Pause Young (Normal) (G1 Evacuation Pause) 3220M->1257M(4040M) 74.125ms
[2024-02-06T10:03:03.561+0000][1536][gc,cpu      ] GC(90) User=0.11s Sys=0.06s Real=0.07s
[2024-02-06T10:03:03.561+0000][1536][safepoint   ] Safepoint "G1CollectForAllocation", Time since last: 13128205600 ns, Reaching safepoint: 184300 ns, At safepoint: 74343200 ns, Total: 74527500 ns
[2024-02-06T10:03:19.672+0000][1536][safepoint   ] Safepoint "Cleanup", Time since last: 16108193500 ns, Reaching safepoint: 90400 ns, At safepoint: 28700 ns, Total: 119100 ns
[2024-02-06T10:03:20.344+0000][1536][gc,start    ] GC(91) Pause Young (Normal) (G1 Evacuation Pause)
[2024-02-06T10:03:20.344+0000][1536][gc,task     ] GC(91) Using 8 workers of 8 for evacuation
[2024-02-06T10:03:20.344+0000][1536][gc,age      ] GC(91) Desired survivor size 140509184 bytes, new threshold 3 (max threshold 15)
[2024-02-06T10:03:20.427+0000][1536][gc,phases   ] GC(91)   Pre Evacuate Collection Set: 0.3ms
[2024-02-06T10:03:20.427+0000][1536][gc,phases   ] GC(91)   Merge Heap Roots: 0.3ms
[2024-02-06T10:03:20.427+0000][1536][gc,phases   ] GC(91)   Evacuate Collection Set: 80.9ms
[2024-02-06T10:03:20.427+0000][1536][gc,phases   ] GC(91)   Post Evacuate Collection Set: 1.0ms
[2024-02-06T10:03:20.427+0000][1536][gc,phases   ] GC(91)   Other: 0.3ms
[2024-02-06T10:03:20.427+0000][1536][gc,age      ] GC(91) Age table with threshold 3 (max threshold 15)
[2024-02-06T10:03:20.427+0000][1536][gc,age      ] GC(91) - age   1:   75605704 bytes,   75605704 total
[2024-02-06T10:03:20.427+0000][1536][gc,age      ] GC(91) - age   2:   56365408 bytes,  131971112 total
[2024-02-06T10:03:20.427+0000][1536][gc,age      ] GC(91) - age   3:   49547512 bytes,  181518624 total
[2024-02-06T10:03:20.427+0000][1536][gc,heap     ] GC(91) Eden regions: 491->0(477)
[2024-02-06T10:03:20.427+0000][1536][gc,heap     ] GC(91) Survivor regions: 42->46(67)
[2024-02-06T10:03:20.427+0000][1536][gc,heap     ] GC(91) Old regions: 271->279
[2024-02-06T10:03:20.427+0000][1536][gc,heap     ] GC(91) Archive regions: 0->0
[2024-02-06T10:03:20.427+0000][1536][gc,heap     ] GC(91) Humongous regions: 2->2
[2024-02-06T10:03:20.427+0000][1536][gc,metaspace] GC(91) Metaspace: 131895K(137984K)->131895K(137984K) NonClass: 114856K(118720K)->114856K(118720K) Class: 17039K(19264K)->17039K(19264K)
[2024-02-06T10:03:20.428+0000][1536][gc          ] GC(91) Pause Young (Normal) (G1 Evacuation Pause) 3221M->1304M(4040M) 83.153ms
[2024-02-06T10:03:20.428+0000][1536][gc,cpu      ] GC(91) User=0.19s Sys=0.17s Real=0.08s
[2024-02-06T10:03:20.428+0000][1536][safepoint   ] Safepoint "G1CollectForAllocation", Time since last: 672576000 ns, Reaching safepoint: 137500 ns, At safepoint: 83418500 ns, Total: 83556000 ns
[2024-02-06T10:03:35.282+0000][1536][gc,start    ] GC(92) Pause Young (Normal) (G1 Evacuation Pause)
[2024-02-06T10:03:35.282+0000][1536][gc,task     ] GC(92) Using 8 workers of 8 for evacuation
[2024-02-06T10:03:35.282+0000][1536][gc,age      ] GC(92) Desired survivor size 138412032 bytes, new threshold 3 (max threshold 15)
[2024-02-06T10:03:35.391+0000][1536][gc,phases   ] GC(92)   Pre Evacuate Collection Set: 0.3ms
[2024-02-06T10:03:35.391+0000][1536][gc,phases   ] GC(92)   Merge Heap Roots: 0.2ms
[2024-02-06T10:03:35.391+0000][1536][gc,phases   ] GC(92)   Evacuate Collection Set: 107.9ms
[2024-02-06T10:03:35.391+0000][1536][gc,phases   ] GC(92)   Post Evacuate Collection Set: 1.4ms
[2024-02-06T10:03:35.391+0000][1536][gc,phases   ] GC(92)   Other: 1.3ms
[2024-02-06T10:03:35.391+0000][1536][gc,age      ] GC(92) Age table with threshold 3 (max threshold 15)
[2024-02-06T10:03:35.391+0000][1536][gc,age      ] GC(92) - age   1:   69936776 bytes,   69936776 total
[2024-02-06T10:03:35.391+0000][1536][gc,age      ] GC(92) - age   2:   65351832 bytes,  135288608 total
[2024-02-06T10:03:35.391+0000][1536][gc,age      ] GC(92) - age   3:   43442288 bytes,  178730896 total
[2024-02-06T10:03:35.394+0000][1536][gc,heap     ] GC(92) Eden regions: 477->0(468)
[2024-02-06T10:03:35.394+0000][1536][gc,heap     ] GC(92) Survivor regions: 46->46(66)
[2024-02-06T10:03:35.394+0000][1536][gc,heap     ] GC(92) Old regions: 279->288
[2024-02-06T10:03:35.394+0000][1536][gc,heap     ] GC(92) Archive regions: 0->0
[2024-02-06T10:03:35.394+0000][1536][gc,heap     ] GC(92) Humongous regions: 2->2
[2024-02-06T10:03:35.394+0000][1536][gc,metaspace] GC(92) Metaspace: 131895K(137984K)->131895K(137984K) NonClass: 114856K(118720K)->114856K(118720K) Class: 17039K(19264K)->17039K(19264K)
[2024-02-06T10:03:35.394+0000][1536][gc          ] GC(92) Pause Young (Normal) (G1 Evacuation Pause) 3212M->1340M(4040M) 111.718ms
[2024-02-06T10:03:35.394+0000][1536][gc,cpu      ] GC(92) User=0.34s Sys=0.23s Real=0.11s
[2024-02-06T10:03:35.394+0000][1536][safepoint   ] Safepoint "G1CollectForAllocation", Time since last: 14854109200 ns, Reaching safepoint: 118000 ns, At safepoint: 111951600 ns, Total: 112069600 ns
[2024-02-06T10:03:48.507+0000][1536][gc,start    ] GC(93) Pause Young (Normal) (G1 Evacuation Pause)
[2024-02-06T10:03:48.507+0000][1536][gc,task     ] GC(93) Using 8 workers of 8 for evacuation
[2024-02-06T10:03:48.507+0000][1536][gc,age      ] GC(93) Desired survivor size 136314880 bytes, new threshold 3 (max threshold 15)
[2024-02-06T10:03:48.602+0000][1536][gc,phases   ] GC(93)   Pre Evacuate Collection Set: 0.2ms
[2024-02-06T10:03:48.602+0000][1536][gc,phases   ] GC(93)   Merge Heap Roots: 0.3ms
[2024-02-06T10:03:48.602+0000][1536][gc,phases   ] GC(93)   Evacuate Collection Set: 89.3ms
[2024-02-06T10:03:48.602+0000][1536][gc,phases   ] GC(93)   Post Evacuate Collection Set: 1.1ms
[2024-02-06T10:03:48.602+0000][1536][gc,phases   ] GC(93)   Other: 0.3ms
[2024-02-06T10:03:48.602+0000][1536][gc,age      ] GC(93) Age table with threshold 3 (max threshold 15)
[2024-02-06T10:03:48.602+0000][1536][gc,age      ] GC(93) - age   1:   59317640 bytes,   59317640 total
[2024-02-06T10:03:48.602+0000][1536][gc,age      ] GC(93) - age   2:   58669520 bytes,  117987160 total
[2024-02-06T10:03:48.602+0000][1536][gc,age      ] GC(93) - age   3:   59932224 bytes,  177919384 total
[2024-02-06T10:03:48.602+0000][1536][gc,heap     ] GC(93) Eden regions: 468->0(463)
[2024-02-06T10:03:48.602+0000][1536][gc,heap     ] GC(93) Survivor regions: 46->45(65)
[2024-02-06T10:03:48.602+0000][1536][gc,heap     ] GC(93) Old regions: 288->296
[2024-02-06T10:03:48.602+0000][1536][gc,heap     ] GC(93) Archive regions: 0->0
[2024-02-06T10:03:48.602+0000][1536][gc,heap     ] GC(93) Humongous regions: 2->2
[2024-02-06T10:03:48.602+0000][1536][gc,metaspace] GC(93) Metaspace: 131895K(137984K)->131895K(137984K) NonClass: 114856K(118720K)->114856K(118720K) Class: 17039K(19264K)->17039K(19264K)
[2024-02-06T10:03:48.602+0000][1536][gc          ] GC(93) Pause Young (Normal) (G1 Evacuation Pause) 3212M->1372M(4040M) 91.807ms
[2024-02-06T10:03:48.602+0000][1536][gc,cpu      ] GC(93) User=0.34s Sys=0.19s Real=0.10s
[2024-02-06T10:03:48.602+0000][1536][safepoint   ] Safepoint "G1CollectForAllocation", Time since last: 13117694900 ns, Reaching safepoint: 114700 ns, At safepoint: 92102900 ns, Total: 92217600 ns
[2024-02-06T10:03:54.671+0000][1536][safepoint   ] Safepoint "Cleanup", Time since last: 6066399200 ns, Reaching safepoint: 694700 ns, At safepoint: 23200 ns, Total: 717900 ns
[2024-02-06T10:03:58.705+0000][1536][safepoint   ] Safepoint "Cleanup", Time since last: 4033889000 ns, Reaching safepoint: 172900 ns, At safepoint: 138200 ns, Total: 311100 ns
[2024-02-06T10:04:01.567+0000][1536][safepoint   ] Safepoint "G1CollectForAllocation", Time since last: 2861289400 ns, Reaching safepoint: 116100 ns, At safepoint: 22800 ns, Total: 138900 ns
[2024-02-06T10:04:01.567+0000][1536][gc,start    ] GC(94) Pause Young (Normal) (GCLocker Initiated GC)
[2024-02-06T10:04:01.567+0000][1536][gc,task     ] GC(94) Using 8 workers of 8 for evacuation
[2024-02-06T10:04:01.567+0000][1536][gc,age      ] GC(94) Desired survivor size 134217728 bytes, new threshold 3 (max threshold 15)
[2024-02-06T10:04:01.676+0000][1536][gc,phases   ] GC(94)   Pre Evacuate Collection Set: 0.2ms
[2024-02-06T10:04:01.676+0000][1536][gc,phases   ] GC(94)   Merge Heap Roots: 0.2ms
[2024-02-06T10:04:01.676+0000][1536][gc,phases   ] GC(94)   Evacuate Collection Set: 105.1ms
[2024-02-06T10:04:01.676+0000][1536][gc,phases   ] GC(94)   Post Evacuate Collection Set: 1.6ms
[2024-02-06T10:04:01.676+0000][1536][gc,phases   ] GC(94)   Other: 1.7ms
[2024-02-06T10:04:01.676+0000][1536][gc,age      ] GC(94) Age table with threshold 3 (max threshold 15)
[2024-02-06T10:04:01.676+0000][1536][gc,age      ] GC(94) - age   1:   66623736 bytes,   66623736 total
[2024-02-06T10:04:01.676+0000][1536][gc,age      ] GC(94) - age   2:   49616984 bytes,  116240720 total
[2024-02-06T10:04:01.676+0000][1536][gc,age      ] GC(94) - age   3:   50163048 bytes,  166403768 total
[2024-02-06T10:04:01.676+0000][1536][gc,heap     ] GC(94) Eden regions: 463->0(453)
[2024-02-06T10:04:01.676+0000][1536][gc,heap     ] GC(94) Survivor regions: 45->43(64)
[2024-02-06T10:04:01.676+0000][1536][gc,heap     ] GC(94) Old regions: 296->308
[2024-02-06T10:04:01.676+0000][1536][gc,heap     ] GC(94) Archive regions: 0->0
[2024-02-06T10:04:01.676+0000][1536][gc,heap     ] GC(94) Humongous regions: 2->2
[2024-02-06T10:04:01.676+0000][1536][gc,metaspace] GC(94) Metaspace: 131896K(137984K)->131896K(137984K) NonClass: 114856K(118720K)->114856K(118720K) Class: 17039K(19264K)->17039K(19264K)
[2024-02-06T10:04:01.676+0000][1536][gc          ] GC(94) Pause Young (Normal) (GCLocker Initiated GC) 3224M->1408M(4040M) 109.078ms
[2024-02-06T10:04:01.676+0000][1536][gc,cpu      ] GC(94) User=0.34s Sys=0.23s Real=0.11s
[2024-02-06T10:04:01.676+0000][1536][safepoint   ] Safepoint "G1CollectForAllocation", Time since last: 79800 ns, Reaching safepoint: 160000 ns, At safepoint: 109268800 ns, Total: 109428800 ns
[2024-02-06T10:04:19.042+0000][1536][gc,start    ] GC(95) Pause Young (Concurrent Start) (G1 Evacuation Pause)
[2024-02-06T10:04:19.042+0000][1536][gc,task     ] GC(95) Using 8 workers of 8 for evacuation
[2024-02-06T10:04:19.042+0000][1536][gc,age      ] GC(95) Desired survivor size 130023424 bytes, new threshold 3 (max threshold 15)
[2024-02-06T10:04:19.321+0000][1536][gc,mmu      ] GC(95) MMU target violated: 201.0ms (200.0ms/201.0ms)
[2024-02-06T10:04:19.321+0000][1536][gc,phases   ] GC(95)   Pre Evacuate Collection Set: 94.3ms
[2024-02-06T10:04:19.321+0000][1536][gc,phases   ] GC(95)   Merge Heap Roots: 0.7ms
[2024-02-06T10:04:19.321+0000][1536][gc,phases   ] GC(95)   Evacuate Collection Set: 119.8ms
[2024-02-06T10:04:19.321+0000][1536][gc,phases   ] GC(95)   Post Evacuate Collection Set: 1.8ms
[2024-02-06T10:04:19.321+0000][1536][gc,phases   ] GC(95)   Other: 62.5ms
[2024-02-06T10:04:19.321+0000][1536][gc,age      ] GC(95) Age table with threshold 3 (max threshold 15)
[2024-02-06T10:04:19.321+0000][1536][gc,age      ] GC(95) - age   1:   79745848 bytes,   79745848 total
[2024-02-06T10:04:19.321+0000][1536][gc,age      ] GC(95) - age   2:   55641200 bytes,  135387048 total
[2024-02-06T10:04:19.321+0000][1536][gc,age      ] GC(95) - age   3:   40786704 bytes,  176173752 total
[2024-02-06T10:04:19.321+0000][1536][gc,heap     ] GC(95) Eden regions: 453->0(141)
[2024-02-06T10:04:19.321+0000][1536][gc,heap     ] GC(95) Survivor regions: 43->44(62)
[2024-02-06T10:04:19.321+0000][1536][gc,heap     ] GC(95) Old regions: 308->318
[2024-02-06T10:04:19.322+0000][1536][gc,heap     ] GC(95) Archive regions: 0->0
[2024-02-06T10:04:19.322+0000][1536][gc,heap     ] GC(95) Humongous regions: 2->2
[2024-02-06T10:04:19.322+0000][1536][gc,metaspace] GC(95) Metaspace: 131896K(137984K)->131896K(137984K) NonClass: 114856K(118720K)->114856K(118720K) Class: 17039K(19264K)->17039K(19264K)
[2024-02-06T10:04:19.322+0000][1536][gc          ] GC(95) Pause Young (Concurrent Start) (G1 Evacuation Pause) 3220M->1452M(4040M) 279.589ms
[2024-02-06T10:04:19.322+0000][1536][gc,cpu      ] GC(95) User=0.34s Sys=0.36s Real=0.28s
[2024-02-06T10:04:19.322+0000][1536][gc          ] GC(96) Concurrent Mark Cycle
[2024-02-06T10:04:19.323+0000][1536][gc,marking  ] GC(96) Concurrent Clear Claimed Marks
[2024-02-06T10:04:19.323+0000][1536][gc,marking  ] GC(96) Concurrent Clear Claimed Marks 0.303ms
[2024-02-06T10:04:19.323+0000][1536][gc,marking  ] GC(96) Concurrent Scan Root Regions
[2024-02-06T10:04:19.323+0000][1536][safepoint   ] Safepoint "G1CollectForAllocation", Time since last: 17290609800 ns, Reaching safepoint: 75538700 ns, At safepoint: 281142900 ns, Total: 356681600 ns
[2024-02-06T10:04:19.415+0000][1536][gc,marking  ] GC(96) Concurrent Scan Root Regions 91.210ms
[2024-02-06T10:04:19.415+0000][1536][gc,marking  ] GC(96) Concurrent Mark
[2024-02-06T10:04:19.415+0000][1536][gc,marking  ] GC(96) Concurrent Mark From Roots
[2024-02-06T10:04:19.415+0000][1536][gc,task     ] GC(96) Using 2 workers of 2 for marking
[2024-02-06T10:04:20.090+0000][1536][gc,marking  ] GC(96) Concurrent Mark From Roots 674.711ms
[2024-02-06T10:04:20.090+0000][1536][gc,marking  ] GC(96) Concurrent Preclean
[2024-02-06T10:04:20.091+0000][1536][gc,marking  ] GC(96) Concurrent Preclean 1.050ms
[2024-02-06T10:04:20.234+0000][1536][gc,start    ] GC(96) Pause Remark
[2024-02-06T10:04:20.439+0000][1536][gc,mmu      ] GC(96) MMU target violated: 201.0ms (200.0ms/201.0ms)
[2024-02-06T10:04:20.440+0000][1536][gc          ] GC(96) Pause Remark 1519M->1511M(4040M) 205.451ms
[2024-02-06T10:04:20.440+0000][1536][gc,cpu      ] GC(96) User=0.14s Sys=0.38s Real=0.21s
[2024-02-06T10:04:20.443+0000][1536][safepoint   ] Safepoint "G1Concurrent", Time since last: 767252400 ns, Reaching safepoint: 143625000 ns, At safepoint: 208232000 ns, Total: 351857000 ns
[2024-02-06T10:04:20.443+0000][1536][gc,marking  ] GC(96) Concurrent Mark 1027.965ms
[2024-02-06T10:04:20.443+0000][1536][gc,marking  ] GC(96) Concurrent Rebuild Remembered Sets
[2024-02-06T10:04:20.842+0000][1536][gc,marking  ] GC(96) Concurrent Rebuild Remembered Sets 398.713ms
[2024-02-06T10:04:20.904+0000][1536][gc,start    ] GC(96) Pause Cleanup
[2024-02-06T10:04:20.906+0000][1536][gc          ] GC(96) Pause Cleanup 1534M->1534M(4040M) 1.868ms
[2024-02-06T10:04:20.906+0000][1536][gc,cpu      ] GC(96) User=0.00s Sys=0.00s Real=0.00s
[2024-02-06T10:04:20.906+0000][1536][safepoint   ] Safepoint "G1Concurrent", Time since last: 398987800 ns, Reaching safepoint: 62266600 ns, At safepoint: 2193500 ns, Total: 64460100 ns
[2024-02-06T10:04:20.906+0000][1536][gc,marking  ] GC(96) Concurrent Cleanup for Next Mark
[2024-02-06T10:04:21.001+0000][1536][gc,marking  ] GC(96) Concurrent Cleanup for Next Mark 94.524ms
[2024-02-06T10:04:21.001+0000][1536][gc          ] GC(96) Concurrent Mark Cycle 1677.833ms
[2024-02-06T10:04:23.942+0000][1536][safepoint   ] Safepoint "Cleanup", Time since last: 3035938200 ns, Reaching safepoint: 113800 ns, At safepoint: 19900 ns, Total: 133700 ns
[2024-02-06T10:04:24.943+0000][1536][safepoint   ] Safepoint "Cleanup", Time since last: 1000262400 ns, Reaching safepoint: 144700 ns, At safepoint: 39700 ns, Total: 184400 ns
[2024-02-06T10:04:27.619+0000][1536][gc,start    ] GC(97) Pause Young (Prepare Mixed) (G1 Evacuation Pause)
[2024-02-06T10:04:27.619+0000][1536][gc,task     ] GC(97) Using 8 workers of 8 for evacuation
[2024-02-06T10:04:27.619+0000][1536][gc,age      ] GC(97) Desired survivor size 71303168 bytes, new threshold 1 (max threshold 15)
[2024-02-06T10:04:27.822+0000][1536][gc,mmu      ] GC(97) MMU target violated: 201.0ms (200.0ms/201.0ms)
[2024-02-06T10:04:27.822+0000][1536][gc,phases   ] GC(97)   Pre Evacuate Collection Set: 0.2ms
[2024-02-06T10:04:27.822+0000][1536][gc,phases   ] GC(97)   Merge Heap Roots: 0.3ms
[2024-02-06T10:04:27.822+0000][1536][gc,phases   ] GC(97)   Evacuate Collection Set: 207.5ms
[2024-02-06T10:04:27.822+0000][1536][gc,phases   ] GC(97)   Post Evacuate Collection Set: 1.7ms
[2024-02-06T10:04:27.822+0000][1536][gc,phases   ] GC(97)   Other: 0.6ms
[2024-02-06T10:04:27.822+0000][1536][gc,age      ] GC(97) Age table with threshold 1 (max threshold 15)
[2024-02-06T10:04:27.822+0000][1536][gc,age      ] GC(97) - age   1:   22313528 bytes,   22313528 total
[2024-02-06T10:04:27.822+0000][1536][gc,heap     ] GC(97) Eden regions: 222->0(43)
[2024-02-06T10:04:27.822+0000][1536][gc,heap     ] GC(97) Survivor regions: 44->7(34)
[2024-02-06T10:04:27.822+0000][1536][gc,heap     ] GC(97) Old regions: 316->352
[2024-02-06T10:04:27.822+0000][1536][gc,heap     ] GC(97) Archive regions: 0->0
[2024-02-06T10:04:27.822+0000][1536][gc,heap     ] GC(97) Humongous regions: 2->2
[2024-02-06T10:04:27.822+0000][1536][gc,metaspace] GC(97) Metaspace: 131896K(137984K)->131896K(137984K) NonClass: 114856K(118720K)->114856K(118720K) Class: 17039K(19264K)->17039K(19264K)
[2024-02-06T10:04:27.822+0000][1536][gc          ] GC(97) Pause Young (Prepare Mixed) (G1 Evacuation Pause) 2332M->1441M(4040M) 210.792ms
[2024-02-06T10:04:27.822+0000][1536][gc,cpu      ] GC(97) User=0.23s Sys=0.69s Real=0.20s
[2024-02-06T10:04:27.822+0000][1536][safepoint   ] Safepoint "G1CollectForAllocation", Time since last: 2676560900 ns, Reaching safepoint: 122500 ns, At safepoint: 211112100 ns, Total: 211234600 ns
[2024-02-06T10:04:28.931+0000][1536][gc,start    ] GC(98) Pause Young (Mixed) (G1 Evacuation Pause)
[2024-02-06T10:04:28.931+0000][1536][gc,task     ] GC(98) Using 8 workers of 8 for evacuation
[2024-02-06T10:04:28.931+0000][1536][gc,age      ] GC(98) Desired survivor size 14680064 bytes, new threshold 1 (max threshold 15)
[2024-02-06T10:04:29.023+0000][1536][gc,phases   ] GC(98)   Pre Evacuate Collection Set: 0.4ms
[2024-02-06T10:04:29.023+0000][1536][gc,phases   ] GC(98)   Merge Heap Roots: 0.5ms
[2024-02-06T10:04:29.023+0000][1536][gc,phases   ] GC(98)   Evacuate Collection Set: 89.8ms
[2024-02-06T10:04:29.027+0000][1536][gc,phases   ] GC(98)   Post Evacuate Collection Set: 2.8ms
[2024-02-06T10:04:29.027+0000][1536][gc,phases   ] GC(98)   Other: 2.6ms
[2024-02-06T10:04:29.027+0000][1536][gc,age      ] GC(98) Age table with threshold 1 (max threshold 15)
[2024-02-06T10:04:29.027+0000][1536][gc,age      ] GC(98) - age   1:    9267296 bytes,    9267296 total
[2024-02-06T10:04:29.027+0000][1536][gc,heap     ] GC(98) Eden regions: 43->0(46)
[2024-02-06T10:04:29.027+0000][1536][gc,heap     ] GC(98) Survivor regions: 7->4(7)
[2024-02-06T10:04:29.027+0000][1536][gc,heap     ] GC(98) Old regions: 352->268
[2024-02-06T10:04:29.027+0000][1536][gc,heap     ] GC(98) Archive regions: 0->0
[2024-02-06T10:04:29.027+0000][1536][gc,heap     ] GC(98) Humongous regions: 2->2
[2024-02-06T10:04:29.027+0000][1536][gc,metaspace] GC(98) Metaspace: 131896K(137984K)->131896K(137984K) NonClass: 114856K(118720K)->114856K(118720K) Class: 17039K(19264K)->17039K(19264K)
[2024-02-06T10:04:29.027+0000][1536][gc          ] GC(98) Pause Young (Mixed) (G1 Evacuation Pause) 1613M->1095M(4040M) 96.677ms
[2024-02-06T10:04:29.027+0000][1536][gc,cpu      ] GC(98) User=0.09s Sys=0.42s Real=0.10s
[2024-02-06T10:04:29.028+0000][1536][safepoint   ] Safepoint "G1CollectForAllocation", Time since last: 1100192500 ns, Reaching safepoint: 167600 ns, At safepoint: 97335600 ns, Total: 97503200 ns
[2024-02-06T10:04:30.230+0000][1536][gc,start    ] GC(99) Pause Young (Mixed) (G1 Evacuation Pause)
[2024-02-06T10:04:30.230+0000][1536][gc,task     ] GC(99) Using 8 workers of 8 for evacuation
[2024-02-06T10:04:30.230+0000][1536][gc,age      ] GC(99) Desired survivor size 14680064 bytes, new threshold 15 (max threshold 15)
[2024-02-06T10:04:30.277+0000][1536][gc,phases   ] GC(99)   Pre Evacuate Collection Set: 0.2ms
[2024-02-06T10:04:30.277+0000][1536][gc,phases   ] GC(99)   Merge Heap Roots: 0.2ms
[2024-02-06T10:04:30.277+0000][1536][gc,phases   ] GC(99)   Evacuate Collection Set: 38.8ms
[2024-02-06T10:04:30.277+0000][1536][gc,phases   ] GC(99)   Merge Optional Heap Roots: 0.2ms
[2024-02-06T10:04:30.277+0000][1536][gc,phases   ] GC(99)   Evacuate Optional Collection Set: 4.9ms
[2024-02-06T10:04:30.277+0000][1536][gc,phases   ] GC(99)   Post Evacuate Collection Set: 1.9ms
[2024-02-06T10:04:30.277+0000][1536][gc,phases   ] GC(99)   Other: 0.2ms
[2024-02-06T10:04:30.277+0000][1536][gc,age      ] GC(99) Age table with threshold 15 (max threshold 15)
[2024-02-06T10:04:30.277+0000][1536][gc,age      ] GC(99) - age   1:    6835288 bytes,    6835288 total
[2024-02-06T10:04:30.277+0000][1536][gc,age      ] GC(99) - age   2:    8711504 bytes,   15546792 total
[2024-02-06T10:04:30.277+0000][1536][gc,heap     ] GC(99) Eden regions: 46->0(590)
[2024-02-06T10:04:30.277+0000][1536][gc,heap     ] GC(99) Survivor regions: 4->5(7)
[2024-02-06T10:04:30.277+0000][1536][gc,heap     ] GC(99) Old regions: 268->204
[2024-02-06T10:04:30.277+0000][1536][gc,heap     ] GC(99) Archive regions: 0->0
[2024-02-06T10:04:30.277+0000][1536][gc,heap     ] GC(99) Humongous regions: 2->2
[2024-02-06T10:04:30.277+0000][1536][gc,metaspace] GC(99) Metaspace: 131896K(137984K)->131896K(137984K) NonClass: 114856K(118720K)->114856K(118720K) Class: 17039K(19264K)->17039K(19264K)
[2024-02-06T10:04:30.277+0000][1536][gc          ] GC(99) Pause Young (Mixed) (G1 Evacuation Pause) 1279M->840M(4040M) 46.857ms
[2024-02-06T10:04:30.277+0000][1536][gc,cpu      ] GC(99) User=0.16s Sys=0.03s Real=0.05s
[2024-02-06T10:04:30.279+0000][1536][safepoint   ] Safepoint "G1CollectForAllocation", Time since last: 1202675400 ns, Reaching safepoint: 92300 ns, At safepoint: 48734800 ns, Total: 48827100 ns
[2024-02-06T10:04:32.300+0000][1536][safepoint   ] Safepoint "Cleanup", Time since last: 2020125700 ns, Reaching safepoint: 110600 ns, At safepoint: 59000 ns, Total: 169600 ns
[2024-02-06T10:04:34.317+0000][1536][safepoint   ] Safepoint "Cleanup", Time since last: 2016554700 ns, Reaching safepoint: 170000 ns, At safepoint: 76900 ns, Total: 246900 ns
[2024-02-06T10:04:44.769+0000][1536][gc,start    ] GC(100) Pause Young (Normal) (G1 Evacuation Pause)
[2024-02-06T10:04:44.770+0000][1536][gc,task     ] GC(100) Using 8 workers of 8 for evacuation
[2024-02-06T10:04:44.770+0000][1536][gc,age      ] GC(100) Desired survivor size 157286400 bytes, new threshold 15 (max threshold 15)
[2024-02-06T10:04:44.962+0000][1536][gc,phases   ] GC(100)   Pre Evacuate Collection Set: 0.3ms
[2024-02-06T10:04:44.962+0000][1536][gc,phases   ] GC(100)   Merge Heap Roots: 0.3ms
[2024-02-06T10:04:44.962+0000][1536][gc,phases   ] GC(100)   Evacuate Collection Set: 191.6ms
[2024-02-06T10:04:44.962+0000][1536][gc,phases   ] GC(100)   Post Evacuate Collection Set: 1.4ms
[2024-02-06T10:04:44.962+0000][1536][gc,phases   ] GC(100)   Other: 0.3ms
[2024-02-06T10:04:44.962+0000][1536][gc,age      ] GC(100) Age table with threshold 15 (max threshold 15)
[2024-02-06T10:04:44.962+0000][1536][gc,age      ] GC(100) - age   1:   66643192 bytes,   66643192 total
[2024-02-06T10:04:44.962+0000][1536][gc,age      ] GC(100) - age   2:    4387704 bytes,   71030896 total
[2024-02-06T10:04:44.962+0000][1536][gc,age      ] GC(100) - age   3:    6584040 bytes,   77614936 total
[2024-02-06T10:04:44.962+0000][1536][gc,heap     ] GC(100) Eden regions: 590->0(180)
[2024-02-06T10:04:44.962+0000][1536][gc,heap     ] GC(100) Survivor regions: 5->20(75)
[2024-02-06T10:04:44.962+0000][1536][gc,heap     ] GC(100) Old regions: 204->204
[2024-02-06T10:04:44.962+0000][1536][gc,heap     ] GC(100) Archive regions: 0->0
[2024-02-06T10:04:44.962+0000][1536][gc,heap     ] GC(100) Humongous regions: 2->2
[2024-02-06T10:04:44.962+0000][1536][gc,metaspace] GC(100) Metaspace: 131896K(137984K)->131896K(137984K) NonClass: 114856K(118720K)->114856K(118720K) Class: 17039K(19264K)->17039K(19264K)
[2024-02-06T10:04:44.962+0000][1536][gc          ] GC(100) Pause Young (Normal) (G1 Evacuation Pause) 3200M->900M(4040M) 194.641ms
[2024-02-06T10:04:44.962+0000][1536][gc,cpu      ] GC(100) User=0.08s Sys=0.56s Real=0.19s
[2024-02-06T10:04:44.962+0000][1536][safepoint   ] Safepoint "G1CollectForAllocation", Time since last: 10452273100 ns, Reaching safepoint: 353700 ns, At safepoint: 194975800 ns, Total: 195329500 ns
[2024-02-06T10:04:49.667+0000][1536][gc,start    ] GC(101) Pause Young (Normal) (G1 Evacuation Pause)
[2024-02-06T10:04:49.667+0000][1536][gc,task     ] GC(101) Using 8 workers of 8 for evacuation
[2024-02-06T10:04:49.667+0000][1536][gc,age      ] GC(101) Desired survivor size 52428800 bytes, new threshold 1 (max threshold 15)
[2024-02-06T10:04:49.704+0000][1536][gc,phases   ] GC(101)   Pre Evacuate Collection Set: 0.3ms
[2024-02-06T10:04:49.704+0000][1536][gc,phases   ] GC(101)   Merge Heap Roots: 0.2ms
[2024-02-06T10:04:49.704+0000][1536][gc,phases   ] GC(101)   Evacuate Collection Set: 31.3ms
[2024-02-06T10:04:49.704+0000][1536][gc,phases   ] GC(101)   Post Evacuate Collection Set: 1.3ms
[2024-02-06T10:04:49.704+0000][1536][gc,phases   ] GC(101)   Other: 3.0ms
[2024-02-06T10:04:49.704+0000][1536][gc,age      ] GC(101) Age table with threshold 1 (max threshold 15)
[2024-02-06T10:04:49.704+0000][1536][gc,age      ] GC(101) - age   1:   28358928 bytes,   28358928 total
[2024-02-06T10:04:49.704+0000][1536][gc,heap     ] GC(101) Eden regions: 180->0(574)
[2024-02-06T10:04:49.704+0000][1536][gc,heap     ] GC(101) Survivor regions: 20->8(25)
[2024-02-06T10:04:49.704+0000][1536][gc,heap     ] GC(101) Old regions: 204->222
[2024-02-06T10:04:49.704+0000][1536][gc,heap     ] GC(101) Archive regions: 0->0
[2024-02-06T10:04:49.704+0000][1536][gc,heap     ] GC(101) Humongous regions: 2->2
[2024-02-06T10:04:49.704+0000][1536][gc,metaspace] GC(101) Metaspace: 131896K(137984K)->131896K(137984K) NonClass: 114856K(118720K)->114856K(118720K) Class: 17039K(19264K)->17039K(19264K)
[2024-02-06T10:04:49.704+0000][1536][gc          ] GC(101) Pause Young (Normal) (G1 Evacuation Pause) 1620M->927M(4040M) 36.737ms
[2024-02-06T10:04:49.704+0000][1536][gc,cpu      ] GC(101) User=0.16s Sys=0.06s Real=0.04s
[2024-02-06T10:04:49.705+0000][1536][safepoint   ] Safepoint "G1CollectForAllocation", Time since last: 4702898100 ns, Reaching safepoint: 103900 ns, At safepoint: 37750800 ns, Total: 37854700 ns
[2024-02-06T10:04:52.712+0000][1536][safepoint   ] Safepoint "Cleanup", Time since last: 3006709200 ns, Reaching safepoint: 81000 ns, At safepoint: 27800 ns, Total: 108800 ns
[2024-02-06T10:04:53.761+0000][1536][safepoint   ] Safepoint "Cleanup", Time since last: 1000797300 ns, Reaching safepoint: 48250200 ns, At safepoint: 113800 ns, Total: 48364000 ns
[2024-02-06T10:04:54.851+0000][1536][safepoint   ] Safepoint "Cleanup", Time since last: 1000544000 ns, Reaching safepoint: 87121200 ns, At safepoint: 1969500 ns, Total: 89090700 ns
[2024-02-06T10:04:59.912+0000][1536][safepoint   ] Safepoint "Cleanup", Time since last: 5061002500 ns, Reaching safepoint: 126100 ns, At safepoint: 63000 ns, Total: 189100 ns
[2024-02-06T10:05:07.612+0000][1536][gc,start    ] GC(102) Pause Young (Normal) (G1 Evacuation Pause)
[2024-02-06T10:05:07.612+0000][1536][gc,task     ] GC(102) Using 8 workers of 8 for evacuation
[2024-02-06T10:05:07.613+0000][1536][gc,age      ] GC(102) Desired survivor size 153092096 bytes, new threshold 15 (max threshold 15)
[2024-02-06T10:05:07.642+0000][1536][gc,phases   ] GC(102)   Pre Evacuate Collection Set: 0.2ms
[2024-02-06T10:05:07.642+0000][1536][gc,phases   ] GC(102)   Merge Heap Roots: 0.1ms
[2024-02-06T10:05:07.642+0000][1536][gc,phases   ] GC(102)   Evacuate Collection Set: 26.7ms
[2024-02-06T10:05:07.642+0000][1536][gc,phases   ] GC(102)   Post Evacuate Collection Set: 1.5ms
[2024-02-06T10:05:07.642+0000][1536][gc,phases   ] GC(102)   Other: 0.2ms
[2024-02-06T10:05:07.642+0000][1536][gc,age      ] GC(102) Age table with threshold 15 (max threshold 15)
[2024-02-06T10:05:07.642+0000][1536][gc,age      ] GC(102) - age   1:   63870312 bytes,   63870312 total
[2024-02-06T10:05:07.642+0000][1536][gc,age      ] GC(102) - age   2:   22811552 bytes,   86681864 total
[2024-02-06T10:05:07.642+0000][1536][gc,heap     ] GC(102) Eden regions: 574->0(495)
[2024-02-06T10:05:07.642+0000][1536][gc,heap     ] GC(102) Survivor regions: 8->22(73)
[2024-02-06T10:05:07.642+0000][1536][gc,heap     ] GC(102) Old regions: 222->222
[2024-02-06T10:05:07.642+0000][1536][gc,heap     ] GC(102) Archive regions: 0->0
[2024-02-06T10:05:07.642+0000][1536][gc,heap     ] GC(102) Humongous regions: 2->2
[2024-02-06T10:05:07.642+0000][1536][gc,metaspace] GC(102) Metaspace: 131961K(137984K)->131961K(137984K) NonClass: 114908K(118720K)->114908K(118720K) Class: 17052K(19264K)->17052K(19264K)
[2024-02-06T10:05:07.642+0000][1536][gc          ] GC(102) Pause Young (Normal) (G1 Evacuation Pause) 3223M->981M(4040M) 29.093ms
[2024-02-06T10:05:07.642+0000][1536][gc,cpu      ] GC(102) User=0.06s Sys=0.02s Real=0.03s
[2024-02-06T10:05:07.642+0000][1536][safepoint   ] Safepoint "G1CollectForAllocation", Time since last: 7700977100 ns, Reaching safepoint: 42200 ns, At safepoint: 29307000 ns, Total: 29349200 ns
[2024-02-06T10:05:12.696+0000][1536][safepoint   ] Safepoint "Cleanup", Time since last: 5053478700 ns, Reaching safepoint: 94300 ns, At safepoint: 24700 ns, Total: 119000 ns
[2024-02-06T10:05:19.782+0000][1536][safepoint   ] Safepoint "Cleanup", Time since last: 7086217300 ns, Reaching safepoint: 164400 ns, At safepoint: 30400 ns, Total: 194800 ns
[2024-02-06T10:05:23.823+0000][1536][safepoint   ] Safepoint "Cleanup", Time since last: 4040933300 ns, Reaching safepoint: 110300 ns, At safepoint: 55400 ns, Total: 165700 ns
[2024-02-06T10:05:24.162+0000][1536][gc,start    ] GC(103) Pause Young (Normal) (G1 Evacuation Pause)
[2024-02-06T10:05:24.162+0000][1536][gc,task     ] GC(103) Using 8 workers of 8 for evacuation
[2024-02-06T10:05:24.162+0000][1536][gc,age      ] GC(103) Desired survivor size 136314880 bytes, new threshold 15 (max threshold 15)
[2024-02-06T10:05:24.203+0000][1536][gc,phases   ] GC(103)   Pre Evacuate Collection Set: 0.3ms
[2024-02-06T10:05:24.203+0000][1536][gc,phases   ] GC(103)   Merge Heap Roots: 0.4ms
[2024-02-06T10:05:24.203+0000][1536][gc,phases   ] GC(103)   Evacuate Collection Set: 39.0ms
[2024-02-06T10:05:24.203+0000][1536][gc,phases   ] GC(103)   Post Evacuate Collection Set: 1.6ms
[2024-02-06T10:05:24.203+0000][1536][gc,phases   ] GC(103)   Other: 0.5ms
[2024-02-06T10:05:24.203+0000][1536][gc,age      ] GC(103) Age table with threshold 15 (max threshold 15)
[2024-02-06T10:05:24.203+0000][1536][gc,age      ] GC(103) - age   1:   74296904 bytes,   74296904 total
[2024-02-06T10:05:24.203+0000][1536][gc,age      ] GC(103) - age   2:   51365072 bytes,  125661976 total
[2024-02-06T10:05:24.203+0000][1536][gc,age      ] GC(103) - age   3:   21145688 bytes,  146807664 total
[2024-02-06T10:05:24.203+0000][1536][gc,heap     ] GC(103) Eden regions: 495->0(379)
[2024-02-06T10:05:24.203+0000][1536][gc,heap     ] GC(103) Survivor regions: 22->37(65)
[2024-02-06T10:05:24.203+0000][1536][gc,heap     ] GC(103) Old regions: 222->222
[2024-02-06T10:05:24.203+0000][1536][gc,heap     ] GC(103) Archive regions: 0->0
[2024-02-06T10:05:24.203+0000][1536][gc,heap     ] GC(103) Humongous regions: 2->2
[2024-02-06T10:05:24.203+0000][1536][gc,metaspace] GC(103) Metaspace: 131969K(137984K)->131969K(137984K) NonClass: 114917K(118720K)->114917K(118720K) Class: 17052K(19264K)->17052K(19264K)
[2024-02-06T10:05:24.204+0000][1536][gc          ] GC(103) Pause Young (Normal) (G1 Evacuation Pause) 2961M->1042M(4040M) 42.583ms
[2024-02-06T10:05:24.204+0000][1536][gc,cpu      ] GC(103) User=0.22s Sys=0.02s Real=0.04s
[2024-02-06T10:05:24.204+0000][1536][safepoint   ] Safepoint "G1CollectForAllocation", Time since last: 328184100 ns, Reaching safepoint: 10000600 ns, At safepoint: 42919300 ns, Total: 52919900 ns
[2024-02-06T10:05:26.228+0000][1536][safepoint   ] Safepoint "Cleanup", Time since last: 2023398200 ns, Reaching safepoint: 136700 ns, At safepoint: 28400 ns, Total: 165100 ns
[2024-02-06T10:05:31.277+0000][1536][safepoint   ] Safepoint "Cleanup", Time since last: 5048978200 ns, Reaching safepoint: 153700 ns, At safepoint: 18100 ns, Total: 171800 ns
[2024-02-06T10:05:33.288+0000][1536][safepoint   ] Safepoint "Cleanup", Time since last: 2011052600 ns, Reaching safepoint: 132300 ns, At safepoint: 18200 ns, Total: 150500 ns
[2024-02-06T10:05:34.190+0000][1536][gc,start    ] GC(104) Pause Young (Normal) (G1 Evacuation Pause)
[2024-02-06T10:05:34.190+0000][1536][gc,task     ] GC(104) Using 8 workers of 8 for evacuation
[2024-02-06T10:05:34.190+0000][1536][gc,age      ] GC(104) Desired survivor size 109051904 bytes, new threshold 2 (max threshold 15)
[2024-02-06T10:05:34.264+0000][1536][gc,phases   ] GC(104)   Pre Evacuate Collection Set: 0.2ms
[2024-02-06T10:05:34.264+0000][1536][gc,phases   ] GC(104)   Merge Heap Roots: 0.2ms
[2024-02-06T10:05:34.264+0000][1536][gc,phases   ] GC(104)   Evacuate Collection Set: 72.9ms
[2024-02-06T10:05:34.264+0000][1536][gc,phases   ] GC(104)   Post Evacuate Collection Set: 1.3ms
[2024-02-06T10:05:34.264+0000][1536][gc,phases   ] GC(104)   Other: 0.3ms
[2024-02-06T10:05:34.264+0000][1536][gc,age      ] GC(104) Age table with threshold 2 (max threshold 15)
[2024-02-06T10:05:34.264+0000][1536][gc,age      ] GC(104) - age   1:   42912800 bytes,   42912800 total
[2024-02-06T10:05:34.264+0000][1536][gc,age      ] GC(104) - age   2:   63182896 bytes,  106095696 total
[2024-02-06T10:05:34.264+0000][1536][gc,heap     ] GC(104) Eden regions: 379->0(540)
[2024-02-06T10:05:34.264+0000][1536][gc,heap     ] GC(104) Survivor regions: 37->28(52)
[2024-02-06T10:05:34.264+0000][1536][gc,heap     ] GC(104) Old regions: 222->238
[2024-02-06T10:05:34.264+0000][1536][gc,heap     ] GC(104) Archive regions: 0->0
[2024-02-06T10:05:34.264+0000][1536][gc,heap     ] GC(104) Humongous regions: 2->2
[2024-02-06T10:05:34.264+0000][1536][gc,metaspace] GC(104) Metaspace: 131972K(137984K)->131972K(137984K) NonClass: 114920K(118720K)->114920K(118720K) Class: 17052K(19264K)->17052K(19264K)
[2024-02-06T10:05:34.264+0000][1536][gc          ] GC(104) Pause Young (Normal) (G1 Evacuation Pause) 2558M->1067M(4040M) 75.469ms
[2024-02-06T10:05:34.264+0000][1536][gc,cpu      ] GC(104) User=0.27s Sys=0.03s Real=0.07s
[2024-02-06T10:05:34.264+0000][1536][safepoint   ] Safepoint "G1CollectForAllocation", Time since last: 901299100 ns, Reaching safepoint: 110800 ns, At safepoint: 75730800 ns, Total: 75841600 ns
[2024-02-06T10:05:45.351+0000][1536][safepoint   ] Safepoint "Cleanup", Time since last: 11085080400 ns, Reaching safepoint: 186600 ns, At safepoint: 34000 ns, Total: 220600 ns
[2024-02-06T10:05:49.301+0000][1536][gc,start    ] GC(105) Pause Young (Normal) (G1 Evacuation Pause)
[2024-02-06T10:05:49.301+0000][1536][gc,task     ] GC(105) Using 8 workers of 8 for evacuation
[2024-02-06T10:05:49.301+0000][1536][gc,age      ] GC(105) Desired survivor size 148897792 bytes, new threshold 15 (max threshold 15)
[2024-02-06T10:05:49.340+0000][1536][gc,phases   ] GC(105)   Pre Evacuate Collection Set: 0.2ms
[2024-02-06T10:05:49.341+0000][1536][gc,phases   ] GC(105)   Merge Heap Roots: 0.3ms
[2024-02-06T10:05:49.341+0000][1536][gc,phases   ] GC(105)   Evacuate Collection Set: 33.4ms
[2024-02-06T10:05:49.341+0000][1536][gc,phases   ] GC(105)   Post Evacuate Collection Set: 1.5ms
[2024-02-06T10:05:49.341+0000][1536][gc,phases   ] GC(105)   Other: 0.3ms
[2024-02-06T10:05:49.341+0000][1536][gc,age      ] GC(105) Age table with threshold 15 (max threshold 15)
[2024-02-06T10:05:49.341+0000][1536][gc,age      ] GC(105) - age   1:   55324672 bytes,   55324672 total
[2024-02-06T10:05:49.341+0000][1536][gc,age      ] GC(105) - age   2:   33123064 bytes,   88447736 total
[2024-02-06T10:05:49.341+0000][1536][gc,age      ] GC(105) - age   3:   53896584 bytes,  142344320 total
[2024-02-06T10:05:49.341+0000][1536][gc,heap     ] GC(105) Eden regions: 540->0(533)
[2024-02-06T10:05:49.341+0000][1536][gc,heap     ] GC(105) Survivor regions: 28->36(71)
[2024-02-06T10:05:49.341+0000][1536][gc,heap     ] GC(105) Old regions: 238->238
[2024-02-06T10:05:49.341+0000][1536][gc,heap     ] GC(105) Archive regions: 0->0
[2024-02-06T10:05:49.341+0000][1536][gc,heap     ] GC(105) Humongous regions: 2->2
[2024-02-06T10:05:49.341+0000][1536][gc,metaspace] GC(105) Metaspace: 131972K(137984K)->131972K(137984K) NonClass: 114920K(118720K)->114920K(118720K) Class: 17052K(19264K)->17052K(19264K)
[2024-02-06T10:05:49.341+0000][1536][gc          ] GC(105) Pause Young (Normal) (G1 Evacuation Pause) 3227M->1103M(4040M) 36.432ms
[2024-02-06T10:05:49.341+0000][1536][gc,cpu      ] GC(105) User=0.23s Sys=0.00s Real=0.04s
[2024-02-06T10:05:49.341+0000][1536][safepoint   ] Safepoint "G1CollectForAllocation", Time since last: 3954096700 ns, Reaching safepoint: 85500 ns, At safepoint: 36696200 ns, Total: 36781700 ns
[2024-02-06T10:05:50.351+0000][1536][safepoint   ] Safepoint "Cleanup", Time since last: 1008885800 ns, Reaching safepoint: 211100 ns, At safepoint: 31000 ns, Total: 242100 ns
[2024-02-06T10:05:53.384+0000][1536][safepoint   ] Safepoint "Cleanup", Time since last: 3033049600 ns, Reaching safepoint: 120300 ns, At safepoint: 18300 ns, Total: 138600 ns
[2024-02-06T10:05:56.125+0000][1536][safepoint   ] Safepoint "Cleanup", Time since last: 2740083000 ns, Reaching safepoint: 121800 ns, At safepoint: 793300 ns, Total: 915100 ns
[2024-02-06T10:05:59.156+0000][1536][safepoint   ] Safepoint "Cleanup", Time since last: 3030506700 ns, Reaching safepoint: 157600 ns, At safepoint: 607500 ns, Total: 765100 ns
[2024-02-06T10:06:01.174+0000][1536][safepoint   ] Safepoint "Cleanup", Time since last: 2018143700 ns, Reaching safepoint: 70100 ns, At safepoint: 16100 ns, Total: 86200 ns
[2024-02-06T10:06:04.363+0000][1536][gc,start    ] GC(106) Pause Young (Normal) (G1 Evacuation Pause)
[2024-02-06T10:06:04.363+0000][1536][gc,task     ] GC(106) Using 8 workers of 8 for evacuation
[2024-02-06T10:06:04.363+0000][1536][gc,age      ] GC(106) Desired survivor size 150994944 bytes, new threshold 15 (max threshold 15)
[2024-02-06T10:06:04.410+0000][1536][gc,phases   ] GC(106)   Pre Evacuate Collection Set: 0.2ms
[2024-02-06T10:06:04.410+0000][1536][gc,phases   ] GC(106)   Merge Heap Roots: 0.1ms
[2024-02-06T10:06:04.410+0000][1536][gc,phases   ] GC(106)   Evacuate Collection Set: 42.1ms
[2024-02-06T10:06:04.410+0000][1536][gc,phases   ] GC(106)   Post Evacuate Collection Set: 1.4ms
[2024-02-06T10:06:04.410+0000][1536][gc,phases   ] GC(106)   Other: 0.8ms
[2024-02-06T10:06:04.411+0000][1536][gc,age      ] GC(106) Age table with threshold 15 (max threshold 15)
[2024-02-06T10:06:04.411+0000][1536][gc,age      ] GC(106) - age   1:   57214960 bytes,   57214960 total
[2024-02-06T10:06:04.411+0000][1536][gc,age      ] GC(106) - age   2:   40906384 bytes,   98121344 total
[2024-02-06T10:06:04.411+0000][1536][gc,age      ] GC(106) - age   3:   31002680 bytes,  129124024 total
[2024-02-06T10:06:04.411+0000][1536][gc,age      ] GC(106) - age   4:   49849560 bytes,  178973584 total
[2024-02-06T10:06:04.411+0000][1536][gc,heap     ] GC(106) Eden regions: 533->0(524)
[2024-02-06T10:06:04.411+0000][1536][gc,heap     ] GC(106) Survivor regions: 36->46(72)
[2024-02-06T10:06:04.411+0000][1536][gc,heap     ] GC(106) Old regions: 238->238
[2024-02-06T10:06:04.411+0000][1536][gc,heap     ] GC(106) Archive regions: 0->0
[2024-02-06T10:06:04.411+0000][1536][gc,heap     ] GC(106) Humongous regions: 2->2
[2024-02-06T10:06:04.411+0000][1536][gc,metaspace] GC(106) Metaspace: 132170K(138176K)->132170K(138176K) NonClass: 115114K(118912K)->115114K(118912K) Class: 17055K(19264K)->17055K(19264K)
[2024-02-06T10:06:04.411+0000][1536][gc          ] GC(106) Pause Young (Normal) (G1 Evacuation Pause) 3235M->1141M(4040M) 45.238ms
[2024-02-06T10:06:04.411+0000][1536][gc,cpu      ] GC(106) User=0.34s Sys=0.00s Real=0.05s
[2024-02-06T10:06:04.411+0000][1536][safepoint   ] Safepoint "G1CollectForAllocation", Time since last: 3191039400 ns, Reaching safepoint: 71100 ns, At safepoint: 45496100 ns, Total: 45567200 ns
[2024-02-06T10:06:09.441+0000][1536][safepoint   ] Safepoint "Cleanup", Time since last: 5029545100 ns, Reaching safepoint: 117000 ns, At safepoint: 82300 ns, Total: 199300 ns
[2024-02-06T10:06:19.504+0000][1536][safepoint   ] Safepoint "Cleanup", Time since last: 10062663300 ns, Reaching safepoint: 150300 ns, At safepoint: 76500 ns, Total: 226800 ns
[2024-02-06T10:06:20.340+0000][1536][gc,start    ] GC(107) Pause Young (Normal) (G1 Evacuation Pause)
[2024-02-06T10:06:20.340+0000][1536][gc,task     ] GC(107) Using 8 workers of 8 for evacuation
[2024-02-06T10:06:20.340+0000][1536][gc,age      ] GC(107) Desired survivor size 150994944 bytes, new threshold 4 (max threshold 15)
[2024-02-06T10:06:20.413+0000][1536][gc,phases   ] GC(107)   Pre Evacuate Collection Set: 0.3ms
[2024-02-06T10:06:20.414+0000][1536][gc,phases   ] GC(107)   Merge Heap Roots: 0.3ms
[2024-02-06T10:06:20.414+0000][1536][gc,phases   ] GC(107)   Evacuate Collection Set: 70.8ms
[2024-02-06T10:06:20.414+0000][1536][gc,phases   ] GC(107)   Post Evacuate Collection Set: 1.3ms
[2024-02-06T10:06:20.414+0000][1536][gc,phases   ] GC(107)   Other: 0.5ms
[2024-02-06T10:06:20.414+0000][1536][gc,age      ] GC(107) Age table with threshold 4 (max threshold 15)
[2024-02-06T10:06:20.414+0000][1536][gc,age      ] GC(107) - age   1:   78009928 bytes,   78009928 total
[2024-02-06T10:06:20.414+0000][1536][gc,age      ] GC(107) - age   2:   48691824 bytes,  126701752 total
[2024-02-06T10:06:20.414+0000][1536][gc,age      ] GC(107) - age   3:   32811208 bytes,  159512960 total
[2024-02-06T10:06:20.414+0000][1536][gc,age      ] GC(107) - age   4:   24034040 bytes,  183547000 total
[2024-02-06T10:06:20.414+0000][1536][gc,heap     ] GC(107) Eden regions: 524->0(512)
[2024-02-06T10:06:20.414+0000][1536][gc,heap     ] GC(107) Survivor regions: 46->47(72)
[2024-02-06T10:06:20.414+0000][1536][gc,heap     ] GC(107) Old regions: 238->245
[2024-02-06T10:06:20.414+0000][1536][gc,heap     ] GC(107) Archive regions: 0->0
[2024-02-06T10:06:20.414+0000][1536][gc,heap     ] GC(107) Humongous regions: 2->2
[2024-02-06T10:06:20.414+0000][1536][gc,metaspace] GC(107) Metaspace: 132172K(138176K)->132172K(138176K) NonClass: 115116K(118912K)->115116K(118912K) Class: 17055K(19264K)->17055K(19264K)
[2024-02-06T10:06:20.414+0000][1536][gc          ] GC(107) Pause Young (Normal) (G1 Evacuation Pause) 3237M->1172M(4040M) 73.742ms
[2024-02-06T10:06:20.414+0000][1536][gc,cpu      ] GC(107) User=0.25s Sys=0.12s Real=0.07s
[2024-02-06T10:06:20.414+0000][1536][safepoint   ] Safepoint "G1CollectForAllocation", Time since last: 836339100 ns, Reaching safepoint: 112900 ns, At safepoint: 74253600 ns, Total: 74366500 ns
[2024-02-06T10:06:26.472+0000][1536][safepoint   ] Safepoint "Cleanup", Time since last: 6057565900 ns, Reaching safepoint: 156200 ns, At safepoint: 63900 ns, Total: 220100 ns
[2024-02-06T10:06:33.085+0000][1536][gc,start    ] GC(108) Pause Young (Normal) (G1 Evacuation Pause)
[2024-02-06T10:06:33.085+0000][1536][gc,task     ] GC(108) Using 8 workers of 8 for evacuation
[2024-02-06T10:06:33.085+0000][1536][gc,age      ] GC(108) Desired survivor size 146800640 bytes, new threshold 3 (max threshold 15)
[2024-02-06T10:06:33.167+0000][1536][gc,phases   ] GC(108)   Pre Evacuate Collection Set: 0.3ms
[2024-02-06T10:06:33.167+0000][1536][gc,phases   ] GC(108)   Merge Heap Roots: 0.3ms
[2024-02-06T10:06:33.167+0000][1536][gc,phases   ] GC(108)   Evacuate Collection Set: 79.5ms
[2024-02-06T10:06:33.167+0000][1536][gc,phases   ] GC(108)   Post Evacuate Collection Set: 1.7ms
[2024-02-06T10:06:33.167+0000][1536][gc,phases   ] GC(108)   Other: 0.5ms
[2024-02-06T10:06:33.167+0000][1536][gc,age      ] GC(108) Age table with threshold 3 (max threshold 15)
[2024-02-06T10:06:33.167+0000][1536][gc,age      ] GC(108) - age   1:   64252432 bytes,   64252432 total
[2024-02-06T10:06:33.167+0000][1536][gc,age      ] GC(108) - age   2:   62824536 bytes,  127076968 total
[2024-02-06T10:06:33.167+0000][1536][gc,age      ] GC(108) - age   3:   42916632 bytes,  169993600 total
[2024-02-06T10:06:33.167+0000][1536][gc,heap     ] GC(108) Eden regions: 512->0(506)
[2024-02-06T10:06:33.167+0000][1536][gc,heap     ] GC(108) Survivor regions: 47->43(70)
[2024-02-06T10:06:33.167+0000][1536][gc,heap     ] GC(108) Old regions: 245->255
[2024-02-06T10:06:33.168+0000][1536][gc,heap     ] GC(108) Archive regions: 0->0
[2024-02-06T10:06:33.168+0000][1536][gc,heap     ] GC(108) Humongous regions: 2->2
[2024-02-06T10:06:33.168+0000][1536][gc,metaspace] GC(108) Metaspace: 132185K(138176K)->132185K(138176K) NonClass: 115125K(118912K)->115125K(118912K) Class: 17060K(19264K)->17060K(19264K)
[2024-02-06T10:06:33.168+0000][1536][gc          ] GC(108) Pause Young (Normal) (G1 Evacuation Pause) 3220M->1194M(4040M) 82.780ms
[2024-02-06T10:06:33.168+0000][1536][gc,cpu      ] GC(108) User=0.31s Sys=0.03s Real=0.08s
[2024-02-06T10:06:33.168+0000][1536][safepoint   ] Safepoint "G1CollectForAllocation", Time since last: 6612395100 ns, Reaching safepoint: 576400 ns, At safepoint: 83074400 ns, Total: 83650800 ns
[2024-02-06T10:06:39.218+0000][1536][safepoint   ] Safepoint "Cleanup", Time since last: 6049887600 ns, Reaching safepoint: 104900 ns, At safepoint: 45000 ns, Total: 149900 ns
[2024-02-06T10:06:47.479+0000][1536][gc,start    ] GC(109) Pause Young (Normal) (G1 Evacuation Pause)
[2024-02-06T10:06:47.479+0000][1536][gc,task     ] GC(109) Using 8 workers of 8 for evacuation
[2024-02-06T10:06:47.479+0000][1536][gc,age      ] GC(109) Desired survivor size 144703488 bytes, new threshold 3 (max threshold 15)
[2024-02-06T10:06:47.564+0000][1536][gc,phases   ] GC(109)   Pre Evacuate Collection Set: 0.4ms
[2024-02-06T10:06:47.564+0000][1536][gc,phases   ] GC(109)   Merge Heap Roots: 0.4ms
[2024-02-06T10:06:47.564+0000][1536][gc,phases   ] GC(109)   Evacuate Collection Set: 82.0ms
[2024-02-06T10:06:47.564+0000][1536][gc,phases   ] GC(109)   Post Evacuate Collection Set: 0.9ms
[2024-02-06T10:06:47.564+0000][1536][gc,phases   ] GC(109)   Other: 0.3ms
[2024-02-06T10:06:47.564+0000][1536][gc,age      ] GC(109) Age table with threshold 3 (max threshold 15)
[2024-02-06T10:06:47.564+0000][1536][gc,age      ] GC(109) - age   1:   61282248 bytes,   61282248 total
[2024-02-06T10:06:47.564+0000][1536][gc,age      ] GC(109) - age   2:   51295112 bytes,  112577360 total
[2024-02-06T10:06:47.564+0000][1536][gc,age      ] GC(109) - age   3:   56336352 bytes,  168913712 total
[2024-02-06T10:06:47.564+0000][1536][gc,heap     ] GC(109) Eden regions: 506->0(498)
[2024-02-06T10:06:47.564+0000][1536][gc,heap     ] GC(109) Survivor regions: 43->43(69)
[2024-02-06T10:06:47.564+0000][1536][gc,heap     ] GC(109) Old regions: 255->263
[2024-02-06T10:06:47.564+0000][1536][gc,heap     ] GC(109) Archive regions: 0->0
[2024-02-06T10:06:47.564+0000][1536][gc,heap     ] GC(109) Humongous regions: 2->2
[2024-02-06T10:06:47.564+0000][1536][gc,metaspace] GC(109) Metaspace: 132189K(138176K)->132189K(138176K) NonClass: 115127K(118912K)->115127K(118912K) Class: 17062K(19264K)->17062K(19264K)
[2024-02-06T10:06:47.564+0000][1536][gc          ] GC(109) Pause Young (Normal) (G1 Evacuation Pause) 3218M->1228M(4040M) 84.600ms
[2024-02-06T10:06:47.564+0000][1536][gc,cpu      ] GC(109) User=0.31s Sys=0.22s Real=0.08s
[2024-02-06T10:06:47.564+0000][1536][safepoint   ] Safepoint "G1CollectForAllocation", Time since last: 8261332900 ns, Reaching safepoint: 221900 ns, At safepoint: 84794000 ns, Total: 85015900 ns
[2024-02-06T10:06:52.614+0000][1536][safepoint   ] Safepoint "Cleanup", Time since last: 5049668300 ns, Reaching safepoint: 118000 ns, At safepoint: 15500 ns, Total: 133500 ns
[2024-02-06T10:07:03.709+0000][1536][safepoint   ] Safepoint "Cleanup", Time since last: 11094522100 ns, Reaching safepoint: 156600 ns, At safepoint: 43500 ns, Total: 200100 ns
[2024-02-06T10:07:03.770+0000][1536][gc,start    ] GC(110) Pause Young (Normal) (G1 Evacuation Pause)
[2024-02-06T10:07:03.770+0000][1536][gc,task     ] GC(110) Using 8 workers of 8 for evacuation
[2024-02-06T10:07:03.770+0000][1536][gc,age      ] GC(110) Desired survivor size 142606336 bytes, new threshold 3 (max threshold 15)
[2024-02-06T10:07:03.872+0000][1536][gc,phases   ] GC(110)   Pre Evacuate Collection Set: 0.2ms
[2024-02-06T10:07:03.872+0000][1536][gc,phases   ] GC(110)   Merge Heap Roots: 0.2ms
[2024-02-06T10:07:03.872+0000][1536][gc,phases   ] GC(110)   Evacuate Collection Set: 99.5ms
[2024-02-06T10:07:03.872+0000][1536][gc,phases   ] GC(110)   Post Evacuate Collection Set: 2.9ms
[2024-02-06T10:07:03.873+0000][1536][gc,phases   ] GC(110)   Other: 0.4ms
[2024-02-06T10:07:03.873+0000][1536][gc,age      ] GC(110) Age table with threshold 3 (max threshold 15)
[2024-02-06T10:07:03.873+0000][1536][gc,age      ] GC(110) - age   1:   60922512 bytes,   60922512 total
[2024-02-06T10:07:03.873+0000][1536][gc,age      ] GC(110) - age   2:   50806128 bytes,  111728640 total
[2024-02-06T10:07:03.873+0000][1536][gc,age      ] GC(110) - age   3:   40215784 bytes,  151944424 total
[2024-02-06T10:07:03.873+0000][1536][gc,heap     ] GC(110) Eden regions: 498->0(491)
[2024-02-06T10:07:03.873+0000][1536][gc,heap     ] GC(110) Survivor regions: 43->38(68)
[2024-02-06T10:07:03.873+0000][1536][gc,heap     ] GC(110) Old regions: 263->276
[2024-02-06T10:07:03.873+0000][1536][gc,heap     ] GC(110) Archive regions: 0->0
[2024-02-06T10:07:03.873+0000][1536][gc,heap     ] GC(110) Humongous regions: 2->2
[2024-02-06T10:07:03.873+0000][1536][gc,metaspace] GC(110) Metaspace: 132190K(138176K)->132190K(138176K) NonClass: 115127K(118912K)->115127K(118912K) Class: 17062K(19264K)->17062K(19264K)
[2024-02-06T10:07:03.873+0000][1536][gc          ] GC(110) Pause Young (Normal) (G1 Evacuation Pause) 3220M->1261M(4040M) 104.007ms
[2024-02-06T10:07:03.873+0000][1536][gc,cpu      ] GC(110) User=0.30s Sys=0.19s Real=0.10s
[2024-02-06T10:07:03.875+0000][1536][safepoint   ] Safepoint "G1CollectForAllocation", Time since last: 60401900 ns, Reaching safepoint: 82000 ns, At safepoint: 105431400 ns, Total: 105513400 ns
[2024-02-06T10:07:04.885+0000][1536][safepoint   ] Safepoint "Cleanup", Time since last: 1009840300 ns, Reaching safepoint: 149200 ns, At safepoint: 14100 ns, Total: 163300 ns
[2024-02-06T10:07:05.887+0000][1536][safepoint   ] Safepoint "Cleanup", Time since last: 1002034300 ns, Reaching safepoint: 162200 ns, At safepoint: 309300 ns, Total: 471500 ns
[2024-02-06T10:07:16.314+0000][1536][gc,start    ] GC(111) Pause Young (Normal) (G1 Evacuation Pause)
[2024-02-06T10:07:16.314+0000][1536][gc,task     ] GC(111) Using 8 workers of 8 for evacuation
[2024-02-06T10:07:16.314+0000][1536][gc,age      ] GC(111) Desired survivor size 140509184 bytes, new threshold 3 (max threshold 15)
[2024-02-06T10:07:16.392+0000][1536][gc,phases   ] GC(111)   Pre Evacuate Collection Set: 0.2ms
[2024-02-06T10:07:16.392+0000][1536][gc,phases   ] GC(111)   Merge Heap Roots: 0.3ms
[2024-02-06T10:07:16.392+0000][1536][gc,phases   ] GC(111)   Evacuate Collection Set: 75.7ms
[2024-02-06T10:07:16.392+0000][1536][gc,phases   ] GC(111)   Post Evacuate Collection Set: 1.2ms
[2024-02-06T10:07:16.392+0000][1536][gc,phases   ] GC(111)   Other: 1.1ms
[2024-02-06T10:07:16.392+0000][1536][gc,age      ] GC(111) Age table with threshold 3 (max threshold 15)
[2024-02-06T10:07:16.392+0000][1536][gc,age      ] GC(111) - age   1:   66805096 bytes,   66805096 total
[2024-02-06T10:07:16.392+0000][1536][gc,age      ] GC(111) - age   2:   50118432 bytes,  116923528 total
[2024-02-06T10:07:16.392+0000][1536][gc,age      ] GC(111) - age   3:   42264944 bytes,  159188472 total
[2024-02-06T10:07:16.392+0000][1536][gc,heap     ] GC(111) Eden regions: 491->0(480)
[2024-02-06T10:07:16.392+0000][1536][gc,heap     ] GC(111) Survivor regions: 38->40(67)
[2024-02-06T10:07:16.392+0000][1536][gc,heap     ] GC(111) Old regions: 276->285
[2024-02-06T10:07:16.392+0000][1536][gc,heap     ] GC(111) Archive regions: 0->0
[2024-02-06T10:07:16.392+0000][1536][gc,heap     ] GC(111) Humongous regions: 2->2
[2024-02-06T10:07:16.392+0000][1536][gc,metaspace] GC(111) Metaspace: 132191K(138176K)->132191K(138176K) NonClass: 115129K(118912K)->115129K(118912K) Class: 17062K(19264K)->17062K(19264K)
[2024-02-06T10:07:16.392+0000][1536][gc          ] GC(111) Pause Young (Normal) (G1 Evacuation Pause) 3225M->1307M(4040M) 79.092ms
[2024-02-06T10:07:16.392+0000][1536][gc,cpu      ] GC(111) User=0.25s Sys=0.09s Real=0.08s
[2024-02-06T10:07:16.392+0000][1536][safepoint   ] Safepoint "G1CollectForAllocation", Time since last: 10427891700 ns, Reaching safepoint: 103500 ns, At safepoint: 79347100 ns, Total: 79450600 ns
[2024-02-06T10:07:19.480+0000][1536][safepoint   ] Safepoint "Cleanup", Time since last: 3020736000 ns, Reaching safepoint: 63936800 ns, At safepoint: 895900 ns, Total: 64832700 ns
[2024-02-06T10:07:30.685+0000][1536][gc,start    ] GC(112) Pause Young (Normal) (G1 Evacuation Pause)
[2024-02-06T10:07:30.685+0000][1536][gc,task     ] GC(112) Using 8 workers of 8 for evacuation
[2024-02-06T10:07:30.685+0000][1536][gc,age      ] GC(112) Desired survivor size 136314880 bytes, new threshold 3 (max threshold 15)
[2024-02-06T10:07:30.768+0000][1536][gc,phases   ] GC(112)   Pre Evacuate Collection Set: 0.2ms
[2024-02-06T10:07:30.768+0000][1536][gc,phases   ] GC(112)   Merge Heap Roots: 0.3ms
[2024-02-06T10:07:30.768+0000][1536][gc,phases   ] GC(112)   Evacuate Collection Set: 77.6ms
[2024-02-06T10:07:30.768+0000][1536][gc,phases   ] GC(112)   Post Evacuate Collection Set: 1.2ms
[2024-02-06T10:07:30.768+0000][1536][gc,phases   ] GC(112)   Other: 1.2ms
[2024-02-06T10:07:30.768+0000][1536][gc,age      ] GC(112) Age table with threshold 3 (max threshold 15)
[2024-02-06T10:07:30.768+0000][1536][gc,age      ] GC(112) - age   1:   59276488 bytes,   59276488 total
[2024-02-06T10:07:30.768+0000][1536][gc,age      ] GC(112) - age   2:   53157344 bytes,  112433832 total
[2024-02-06T10:07:30.768+0000][1536][gc,age      ] GC(112) - age   3:   42741664 bytes,  155175496 total
[2024-02-06T10:07:30.768+0000][1536][gc,heap     ] GC(112) Eden regions: 480->0(473)
[2024-02-06T10:07:30.768+0000][1536][gc,heap     ] GC(112) Survivor regions: 40->39(65)
[2024-02-06T10:07:30.768+0000][1536][gc,heap     ] GC(112) Old regions: 285->294
[2024-02-06T10:07:30.768+0000][1536][gc,heap     ] GC(112) Archive regions: 0->0
[2024-02-06T10:07:30.768+0000][1536][gc,heap     ] GC(112) Humongous regions: 2->2
[2024-02-06T10:07:30.768+0000][1536][gc,metaspace] GC(112) Metaspace: 132191K(138176K)->132191K(138176K) NonClass: 115129K(118912K)->115129K(118912K) Class: 17062K(19264K)->17062K(19264K)
[2024-02-06T10:07:30.768+0000][1536][gc          ] GC(112) Pause Young (Normal) (G1 Evacuation Pause) 3227M->1337M(4040M) 81.021ms
[2024-02-06T10:07:30.768+0000][1536][gc,cpu      ] GC(112) User=0.23s Sys=0.12s Real=0.08s
[2024-02-06T10:07:30.768+0000][1536][safepoint   ] Safepoint "G1CollectForAllocation", Time since last: 11211007300 ns, Reaching safepoint: 133700 ns, At safepoint: 81284900 ns, Total: 81418600 ns
[2024-02-06T10:07:33.785+0000][1536][safepoint   ] Safepoint "Cleanup", Time since last: 3012297000 ns, Reaching safepoint: 83200 ns, At safepoint: 23900 ns, Total: 107100 ns
[2024-02-06T10:07:34.786+0000][1536][safepoint   ] Safepoint "Cleanup", Time since last: 1000749200 ns, Reaching safepoint: 90200 ns, At safepoint: 61600 ns, Total: 151800 ns
[2024-02-06T10:07:36.811+0000][1536][safepoint   ] Safepoint "Cleanup", Time since last: 2024604300 ns, Reaching safepoint: 95800 ns, At safepoint: 12000 ns, Total: 107800 ns
[2024-02-06T10:07:43.193+0000][1536][gc,start    ] GC(113) Pause Young (Normal) (G1 Evacuation Pause)
[2024-02-06T10:07:43.193+0000][1536][gc,task     ] GC(113) Using 8 workers of 8 for evacuation
[2024-02-06T10:07:43.193+0000][1536][gc,age      ] GC(113) Desired survivor size 134217728 bytes, new threshold 3 (max threshold 15)
[2024-02-06T10:07:43.264+0000][1536][gc,phases   ] GC(113)   Pre Evacuate Collection Set: 0.2ms
[2024-02-06T10:07:43.264+0000][1536][gc,phases   ] GC(113)   Merge Heap Roots: 0.2ms
[2024-02-06T10:07:43.264+0000][1536][gc,phases   ] GC(113)   Evacuate Collection Set: 70.0ms
[2024-02-06T10:07:43.264+0000][1536][gc,phases   ] GC(113)   Post Evacuate Collection Set: 1.1ms
[2024-02-06T10:07:43.264+0000][1536][gc,phases   ] GC(113)   Other: 0.3ms
[2024-02-06T10:07:43.264+0000][1536][gc,age      ] GC(113) Age table with threshold 3 (max threshold 15)
[2024-02-06T10:07:43.264+0000][1536][gc,age      ] GC(113) - age   1:   60632232 bytes,   60632232 total
[2024-02-06T10:07:43.264+0000][1536][gc,age      ] GC(113) - age   2:   46594392 bytes,  107226624 total
[2024-02-06T10:07:43.264+0000][1536][gc,age      ] GC(113) - age   3:   49332224 bytes,  156558848 total
[2024-02-06T10:07:43.264+0000][1536][gc,heap     ] GC(113) Eden regions: 473->0(464)
[2024-02-06T10:07:43.264+0000][1536][gc,heap     ] GC(113) Survivor regions: 39->40(64)
[2024-02-06T10:07:43.264+0000][1536][gc,heap     ] GC(113) Old regions: 294->302
[2024-02-06T10:07:43.264+0000][1536][gc,heap     ] GC(113) Archive regions: 0->0
[2024-02-06T10:07:43.264+0000][1536][gc,heap     ] GC(113) Humongous regions: 2->2
[2024-02-06T10:07:43.264+0000][1536][gc,metaspace] GC(113) Metaspace: 132191K(138176K)->132191K(138176K) NonClass: 115129K(118912K)->115129K(118912K) Class: 17062K(19264K)->17062K(19264K)
[2024-02-06T10:07:43.264+0000][1536][gc          ] GC(113) Pause Young (Normal) (G1 Evacuation Pause) 3229M->1376M(4040M) 72.375ms
[2024-02-06T10:07:43.264+0000][1536][gc,cpu      ] GC(113) User=0.19s Sys=0.09s Real=0.07s
[2024-02-06T10:07:43.264+0000][1536][safepoint   ] Safepoint "G1CollectForAllocation", Time since last: 6382489100 ns, Reaching safepoint: 134000 ns, At safepoint: 72791200 ns, Total: 72925200 ns
[2024-02-06T10:07:49.302+0000][1536][safepoint   ] Safepoint "Cleanup", Time since last: 6036057700 ns, Reaching safepoint: 121800 ns, At safepoint: 73200 ns, Total: 195000 ns
[2024-02-06T10:07:57.481+0000][1536][gc,start    ] GC(114) Pause Young (Concurrent Start) (G1 Evacuation Pause)
[2024-02-06T10:07:57.481+0000][1536][gc,task     ] GC(114) Using 8 workers of 8 for evacuation
[2024-02-06T10:07:57.481+0000][1536][gc,age      ] GC(114) Desired survivor size 132120576 bytes, new threshold 3 (max threshold 15)
[2024-02-06T10:07:57.615+0000][1536][gc,phases   ] GC(114)   Pre Evacuate Collection Set: 1.0ms
[2024-02-06T10:07:57.615+0000][1536][gc,phases   ] GC(114)   Merge Heap Roots: 0.4ms
[2024-02-06T10:07:57.615+0000][1536][gc,phases   ] GC(114)   Evacuate Collection Set: 130.7ms
[2024-02-06T10:07:57.615+0000][1536][gc,phases   ] GC(114)   Post Evacuate Collection Set: 1.1ms
[2024-02-06T10:07:57.615+0000][1536][gc,phases   ] GC(114)   Other: 1.2ms
[2024-02-06T10:07:57.615+0000][1536][gc,age      ] GC(114) Age table with threshold 3 (max threshold 15)
[2024-02-06T10:07:57.615+0000][1536][gc,age      ] GC(114) - age   1:   57566864 bytes,   57566864 total
[2024-02-06T10:07:57.615+0000][1536][gc,age      ] GC(114) - age   2:   48498912 bytes,  106065776 total
[2024-02-06T10:07:57.615+0000][1536][gc,age      ] GC(114) - age   3:   38509024 bytes,  144574800 total
[2024-02-06T10:07:57.615+0000][1536][gc,heap     ] GC(114) Eden regions: 464->0(456)
[2024-02-06T10:07:57.615+0000][1536][gc,heap     ] GC(114) Survivor regions: 40->37(63)
[2024-02-06T10:07:57.615+0000][1536][gc,heap     ] GC(114) Old regions: 302->314
[2024-02-06T10:07:57.615+0000][1536][gc,heap     ] GC(114) Archive regions: 0->0
[2024-02-06T10:07:57.615+0000][1536][gc,heap     ] GC(114) Humongous regions: 2->2
[2024-02-06T10:07:57.615+0000][1536][gc,metaspace] GC(114) Metaspace: 132191K(138176K)->132191K(138176K) NonClass: 115129K(118912K)->115129K(118912K) Class: 17062K(19264K)->17062K(19264K)
[2024-02-06T10:07:57.615+0000][1536][gc          ] GC(114) Pause Young (Concurrent Start) (G1 Evacuation Pause) 3232M->1408M(4040M) 135.143ms
[2024-02-06T10:07:57.615+0000][1536][gc,cpu      ] GC(114) User=0.20s Sys=0.38s Real=0.13s
[2024-02-06T10:07:57.616+0000][1536][safepoint   ] Safepoint "G1CollectForAllocation", Time since last: 8177822000 ns, Reaching safepoint: 426200 ns, At safepoint: 135505300 ns, Total: 135931500 ns
[2024-02-06T10:07:57.616+0000][1536][gc          ] GC(115) Concurrent Mark Cycle
[2024-02-06T10:07:57.616+0000][1536][gc,marking  ] GC(115) Concurrent Clear Claimed Marks
[2024-02-06T10:07:57.616+0000][1536][gc,marking  ] GC(115) Concurrent Clear Claimed Marks 0.204ms
[2024-02-06T10:07:57.616+0000][1536][gc,marking  ] GC(115) Concurrent Scan Root Regions
[2024-02-06T10:07:57.913+0000][1536][gc,marking  ] GC(115) Concurrent Scan Root Regions 295.774ms
[2024-02-06T10:07:57.913+0000][1536][gc,marking  ] GC(115) Concurrent Mark
[2024-02-06T10:07:57.913+0000][1536][gc,marking  ] GC(115) Concurrent Mark From Roots
[2024-02-06T10:07:57.913+0000][1536][gc,task     ] GC(115) Using 2 workers of 2 for marking
[2024-02-06T10:07:58.944+0000][1536][gc,marking  ] GC(115) Concurrent Mark From Roots 1031.811ms
[2024-02-06T10:07:58.944+0000][1536][gc,marking  ] GC(115) Concurrent Preclean
[2024-02-06T10:07:58.945+0000][1536][gc,marking  ] GC(115) Concurrent Preclean 0.857ms
[2024-02-06T10:07:58.945+0000][1536][gc,start    ] GC(115) Pause Remark
[2024-02-06T10:07:59.121+0000][1536][gc          ] GC(115) Pause Remark 1560M->1560M(4040M) 175.292ms
[2024-02-06T10:07:59.121+0000][1536][gc,cpu      ] GC(115) User=0.08s Sys=0.23s Real=0.18s
[2024-02-06T10:07:59.123+0000][1536][safepoint   ] Safepoint "G1Concurrent", Time since last: 1329332500 ns, Reaching safepoint: 48300 ns, At safepoint: 176814100 ns, Total: 176862400 ns
[2024-02-06T10:07:59.123+0000][1536][gc,marking  ] GC(115) Concurrent Mark 1209.907ms
[2024-02-06T10:07:59.123+0000][1536][gc,marking  ] GC(115) Concurrent Rebuild Remembered Sets
[2024-02-06T10:07:59.367+0000][1536][gc,marking  ] GC(115) Concurrent Rebuild Remembered Sets 245.661ms
[2024-02-06T10:07:59.367+0000][1536][gc,start    ] GC(115) Pause Cleanup
[2024-02-06T10:07:59.367+0000][1536][gc          ] GC(115) Pause Cleanup 1610M->1610M(4040M) 0.505ms
[2024-02-06T10:07:59.367+0000][1536][gc,cpu      ] GC(115) User=0.00s Sys=0.00s Real=0.00s
[2024-02-06T10:07:59.367+0000][1536][safepoint   ] Safepoint "G1Concurrent", Time since last: 246083700 ns, Reaching safepoint: 154300 ns, At safepoint: 683100 ns, Total: 837400 ns
[2024-02-06T10:07:59.367+0000][1536][gc,marking  ] GC(115) Concurrent Cleanup for Next Mark
[2024-02-06T10:07:59.454+0000][1536][gc,marking  ] GC(115) Concurrent Cleanup for Next Mark 89.873ms
[2024-02-06T10:07:59.454+0000][1536][gc          ] GC(115) Concurrent Mark Cycle 1842.952ms
[2024-02-06T10:08:05.428+0000][1536][safepoint   ] Safepoint "Cleanup", Time since last: 6058338400 ns, Reaching safepoint: 90600 ns, At safepoint: 19400 ns, Total: 110000 ns
[2024-02-06T10:08:12.238+0000][1536][gc,start    ] GC(116) Pause Young (Prepare Mixed) (G1 Evacuation Pause)
[2024-02-06T10:08:12.238+0000][1536][gc,task     ] GC(116) Using 8 workers of 8 for evacuation
[2024-02-06T10:08:12.238+0000][1536][gc,age      ] GC(116) Desired survivor size 130023424 bytes, new threshold 3 (max threshold 15)
[2024-02-06T10:08:12.319+0000][1536][gc,phases   ] GC(116)   Pre Evacuate Collection Set: 0.3ms
[2024-02-06T10:08:12.319+0000][1536][gc,phases   ] GC(116)   Merge Heap Roots: 0.3ms
[2024-02-06T10:08:12.319+0000][1536][gc,phases   ] GC(116)   Evacuate Collection Set: 78.6ms
[2024-02-06T10:08:12.319+0000][1536][gc,phases   ] GC(116)   Post Evacuate Collection Set: 1.3ms
[2024-02-06T10:08:12.319+0000][1536][gc,phases   ] GC(116)   Other: 1.3ms
[2024-02-06T10:08:12.319+0000][1536][gc,age      ] GC(116) Age table with threshold 3 (max threshold 15)
[2024-02-06T10:08:12.319+0000][1536][gc,age      ] GC(116) - age   1:   72860552 bytes,   72860552 total
[2024-02-06T10:08:12.319+0000][1536][gc,age      ] GC(116) - age   2:   46682760 bytes,  119543312 total
[2024-02-06T10:08:12.319+0000][1536][gc,age      ] GC(116) - age   3:   40989248 bytes,  160532560 total
[2024-02-06T10:08:12.319+0000][1536][gc,heap     ] GC(116) Eden regions: 456->0(9)
[2024-02-06T10:08:12.319+0000][1536][gc,heap     ] GC(116) Survivor regions: 37->41(62)
[2024-02-06T10:08:12.319+0000][1536][gc,heap     ] GC(116) Old regions: 314->321
[2024-02-06T10:08:12.319+0000][1536][gc,heap     ] GC(116) Archive regions: 0->0
[2024-02-06T10:08:12.319+0000][1536][gc,heap     ] GC(116) Humongous regions: 2->2
[2024-02-06T10:08:12.319+0000][1536][gc,metaspace] GC(116) Metaspace: 132197K(138176K)->132197K(138176K) NonClass: 115135K(118912K)->115135K(118912K) Class: 17062K(19264K)->17062K(19264K)
[2024-02-06T10:08:12.319+0000][1536][gc          ] GC(116) Pause Young (Prepare Mixed) (G1 Evacuation Pause) 3232M->1454M(4040M) 82.443ms
[2024-02-06T10:08:12.319+0000][1536][gc,cpu      ] GC(116) User=0.22s Sys=0.11s Real=0.08s
[2024-02-06T10:08:12.320+0000][1536][safepoint   ] Safepoint "G1CollectForAllocation", Time since last: 6809490200 ns, Reaching safepoint: 116900 ns, At safepoint: 82876200 ns, Total: 82993100 ns
[2024-02-06T10:08:12.435+0000][1536][gc,start    ] GC(117) Pause Young (Mixed) (G1 Evacuation Pause)
[2024-02-06T10:08:12.435+0000][1536][gc,task     ] GC(117) Using 8 workers of 8 for evacuation
[2024-02-06T10:08:12.435+0000][1536][gc,age      ] GC(117) Desired survivor size 14680064 bytes, new threshold 1 (max threshold 15)
[2024-02-06T10:08:12.917+0000][1536][gc,mmu      ] GC(117) MMU target violated: 201.0ms (200.0ms/201.0ms)
[2024-02-06T10:08:12.917+0000][1536][gc,phases   ] GC(117)   Pre Evacuate Collection Set: 0.2ms
[2024-02-06T10:08:12.917+0000][1536][gc,phases   ] GC(117)   Merge Heap Roots: 0.4ms
[2024-02-06T10:08:12.917+0000][1536][gc,phases   ] GC(117)   Evacuate Collection Set: 466.4ms
[2024-02-06T10:08:12.917+0000][1536][gc,phases   ] GC(117)   Post Evacuate Collection Set: 5.8ms
[2024-02-06T10:08:12.917+0000][1536][gc,phases   ] GC(117)   Other: 0.8ms
[2024-02-06T10:08:12.917+0000][1536][gc,age      ] GC(117) Age table with threshold 1 (max threshold 15)
[2024-02-06T10:08:12.917+0000][1536][gc,age      ] GC(117) - age   1:    1404552 bytes,    1404552 total
[2024-02-06T10:08:12.917+0000][1536][gc,heap     ] GC(117) Eden regions: 9->0(46)
[2024-02-06T10:08:12.917+0000][1536][gc,heap     ] GC(117) Survivor regions: 41->4(7)
[2024-02-06T10:08:12.917+0000][1536][gc,heap     ] GC(117) Old regions: 321->272
[2024-02-06T10:08:12.917+0000][1536][gc,heap     ] GC(117) Archive regions: 0->0
[2024-02-06T10:08:12.917+0000][1536][gc,heap     ] GC(117) Humongous regions: 2->2
[2024-02-06T10:08:12.917+0000][1536][gc,metaspace] GC(117) Metaspace: 132197K(138176K)->132197K(138176K) NonClass: 115135K(118912K)->115135K(118912K) Class: 17062K(19264K)->17062K(19264K)
[2024-02-06T10:08:12.917+0000][1536][gc          ] GC(117) Pause Young (Mixed) (G1 Evacuation Pause) 1490M->1109M(4040M) 473.925ms
[2024-02-06T10:08:12.917+0000][1536][gc,cpu      ] GC(117) User=0.16s Sys=1.94s Real=0.48s
[2024-02-06T10:08:12.917+0000][1536][safepoint   ] Safepoint "G1CollectForAllocation", Time since last: 122936000 ns, Reaching safepoint: 117900 ns, At safepoint: 474333600 ns, Total: 474451500 ns
[2024-02-06T10:08:14.397+0000][1536][gc,start    ] GC(118) Pause Young (Mixed) (G1 Evacuation Pause)
[2024-02-06T10:08:14.397+0000][1536][gc,task     ] GC(118) Using 8 workers of 8 for evacuation
[2024-02-06T10:08:14.397+0000][1536][gc,age      ] GC(118) Desired survivor size 14680064 bytes, new threshold 15 (max threshold 15)
[2024-02-06T10:08:15.855+0000][1536][gc,mmu      ] GC(118) MMU target violated: 201.0ms (200.0ms/201.0ms)
[2024-02-06T10:08:15.855+0000][1536][gc,phases   ] GC(118)   Pre Evacuate Collection Set: 0.2ms
[2024-02-06T10:08:15.855+0000][1536][gc,phases   ] GC(118)   Merge Heap Roots: 0.3ms
[2024-02-06T10:08:15.855+0000][1536][gc,phases   ] GC(118)   Evacuate Collection Set: 1459.3ms
[2024-02-06T10:08:15.855+0000][1536][gc,phases   ] GC(118)   Post Evacuate Collection Set: 2.4ms
[2024-02-06T10:08:15.855+0000][1536][gc,phases   ] GC(118)   Other: 0.4ms
[2024-02-06T10:08:15.855+0000][1536][gc,age      ] GC(118) Age table with threshold 15 (max threshold 15)
[2024-02-06T10:08:15.855+0000][1536][gc,age      ] GC(118) - age   1:    6663472 bytes,    6663472 total
[2024-02-06T10:08:15.855+0000][1536][gc,age      ] GC(118) - age   2:     929000 bytes,    7592472 total
[2024-02-06T10:08:15.855+0000][1536][gc,heap     ] GC(118) Eden regions: 46->0(80)
[2024-02-06T10:08:15.855+0000][1536][gc,heap     ] GC(118) Survivor regions: 4->3(7)
[2024-02-06T10:08:15.855+0000][1536][gc,heap     ] GC(118) Old regions: 272->212
[2024-02-06T10:08:15.855+0000][1536][gc,heap     ] GC(118) Archive regions: 0->0
[2024-02-06T10:08:15.855+0000][1536][gc,heap     ] GC(118) Humongous regions: 2->2
[2024-02-06T10:08:15.855+0000][1536][gc,metaspace] GC(118) Metaspace: 132197K(138176K)->132197K(138176K) NonClass: 115135K(118912K)->115135K(118912K) Class: 17062K(19264K)->17062K(19264K)
[2024-02-06T10:08:15.869+0000][1536][gc          ] GC(118) Pause Young (Mixed) (G1 Evacuation Pause) 1293M->867M(4040M) 1462.942ms
[2024-02-06T10:08:15.869+0000][1536][gc,cpu      ] GC(118) User=0.28s Sys=0.78s Real=1.47s
[2024-02-06T10:08:15.884+0000][1536][safepoint   ] Safepoint "G1CollectForAllocation", Time since last: 1479475900 ns, Reaching safepoint: 153100 ns, At safepoint: 1487346300 ns, Total: 1487499400 ns
[2024-02-06T10:08:16.893+0000][1536][safepoint   ] Safepoint "Cleanup", Time since last: 1007961400 ns, Reaching safepoint: 69900 ns, At safepoint: 37000 ns, Total: 106900 ns
[2024-02-06T10:08:18.120+0000][1536][gc,start    ] GC(119) Pause Young (Normal) (G1 Evacuation Pause)
[2024-02-06T10:08:18.120+0000][1536][gc,task     ] GC(119) Using 8 workers of 8 for evacuation
[2024-02-06T10:08:18.120+0000][1536][gc,age      ] GC(119) Desired survivor size 23068672 bytes, new threshold 15 (max threshold 15)
[2024-02-06T10:08:18.129+0000][1536][gc,phases   ] GC(119)   Pre Evacuate Collection Set: 0.2ms
[2024-02-06T10:08:18.129+0000][1536][gc,phases   ] GC(119)   Merge Heap Roots: 0.1ms
[2024-02-06T10:08:18.129+0000][1536][gc,phases   ] GC(119)   Evacuate Collection Set: 9.2ms
[2024-02-06T10:08:18.129+0000][1536][gc,phases   ] GC(119)   Post Evacuate Collection Set: 1.9ms
[2024-02-06T10:08:18.129+0000][1536][gc,phases   ] GC(119)   Other: 0.2ms
[2024-02-06T10:08:18.129+0000][1536][gc,age      ] GC(119) Age table with threshold 15 (max threshold 15)
[2024-02-06T10:08:18.129+0000][1536][gc,age      ] GC(119) - age   1:   18862208 bytes,   18862208 total
[2024-02-06T10:08:18.129+0000][1536][gc,age      ] GC(119) - age   2:    5649816 bytes,   24512024 total
[2024-02-06T10:08:18.129+0000][1536][gc,age      ] GC(119) - age   3:     860552 bytes,   25372576 total
[2024-02-06T10:08:18.129+0000][1536][gc,heap     ] GC(119) Eden regions: 80->0(43)
[2024-02-06T10:08:18.129+0000][1536][gc,heap     ] GC(119) Survivor regions: 3->7(11)
[2024-02-06T10:08:18.129+0000][1536][gc,heap     ] GC(119) Old regions: 212->212
[2024-02-06T10:08:18.129+0000][1536][gc,heap     ] GC(119) Archive regions: 0->0
[2024-02-06T10:08:18.129+0000][1536][gc,heap     ] GC(119) Humongous regions: 2->2
[2024-02-06T10:08:18.129+0000][1536][gc,metaspace] GC(119) Metaspace: 132197K(138176K)->132197K(138176K) NonClass: 115135K(118912K)->115135K(118912K) Class: 17062K(19264K)->17062K(19264K)
[2024-02-06T10:08:18.129+0000][1536][gc          ] GC(119) Pause Young (Normal) (G1 Evacuation Pause) 1187M->882M(4040M) 12.368ms
[2024-02-06T10:08:18.129+0000][1536][gc,cpu      ] GC(119) User=0.09s Sys=0.02s Real=0.01s
[2024-02-06T10:08:18.129+0000][1536][safepoint   ] Safepoint "G1CollectForAllocation", Time since last: 1227579200 ns, Reaching safepoint: 124700 ns, At safepoint: 13822800 ns, Total: 13947500 ns
[2024-02-06T10:08:19.619+0000][1536][gc,start    ] GC(120) Pause Young (Normal) (G1 Evacuation Pause)
[2024-02-06T10:08:19.619+0000][1536][gc,task     ] GC(120) Using 8 workers of 8 for evacuation
[2024-02-06T10:08:19.619+0000][1536][gc,age      ] GC(120) Desired survivor size 14680064 bytes, new threshold 1 (max threshold 15)
[2024-02-06T10:08:19.653+0000][1536][gc,phases   ] GC(120)   Pre Evacuate Collection Set: 0.2ms
[2024-02-06T10:08:19.653+0000][1536][gc,phases   ] GC(120)   Merge Heap Roots: 0.2ms
[2024-02-06T10:08:19.653+0000][1536][gc,phases   ] GC(120)   Evacuate Collection Set: 31.9ms
[2024-02-06T10:08:19.653+0000][1536][gc,phases   ] GC(120)   Post Evacuate Collection Set: 0.7ms
[2024-02-06T10:08:19.653+0000][1536][gc,phases   ] GC(120)   Other: 0.4ms
[2024-02-06T10:08:19.653+0000][1536][gc,age      ] GC(120) Age table with threshold 1 (max threshold 15)
[2024-02-06T10:08:19.653+0000][1536][gc,age      ] GC(120) - age   1:    7615640 bytes,    7615640 total
[2024-02-06T10:08:19.653+0000][1536][gc,heap     ] GC(120) Eden regions: 43->0(127)
[2024-02-06T10:08:19.653+0000][1536][gc,heap     ] GC(120) Survivor regions: 7->3(7)
[2024-02-06T10:08:19.653+0000][1536][gc,heap     ] GC(120) Old regions: 212->219
[2024-02-06T10:08:19.653+0000][1536][gc,heap     ] GC(120) Archive regions: 0->0
[2024-02-06T10:08:19.653+0000][1536][gc,heap     ] GC(120) Humongous regions: 2->2
[2024-02-06T10:08:19.653+0000][1536][gc,metaspace] GC(120) Metaspace: 132197K(138176K)->132197K(138176K) NonClass: 115135K(118912K)->115135K(118912K) Class: 17062K(19264K)->17062K(19264K)
[2024-02-06T10:08:19.653+0000][1536][gc          ] GC(120) Pause Young (Normal) (G1 Evacuation Pause) 1054M->889M(4040M) 33.661ms
[2024-02-06T10:08:19.653+0000][1536][gc,cpu      ] GC(120) User=0.02s Sys=0.12s Real=0.03s
[2024-02-06T10:08:19.658+0000][1536][safepoint   ] Safepoint "G1CollectForAllocation", Time since last: 1485041800 ns, Reaching safepoint: 127300 ns, At safepoint: 38732900 ns, Total: 38860200 ns
[2024-02-06T10:08:23.254+0000][1536][gc,start    ] GC(121) Pause Young (Normal) (G1 Evacuation Pause)
[2024-02-06T10:08:23.254+0000][1536][gc,task     ] GC(121) Using 8 workers of 8 for evacuation
[2024-02-06T10:08:23.254+0000][1536][gc,age      ] GC(121) Desired survivor size 35651584 bytes, new threshold 15 (max threshold 15)
[2024-02-06T10:08:23.265+0000][1536][gc,phases   ] GC(121)   Pre Evacuate Collection Set: 0.3ms
[2024-02-06T10:08:23.269+0000][1536][gc,phases   ] GC(121)   Merge Heap Roots: 0.2ms
[2024-02-06T10:08:23.269+0000][1536][gc,phases   ] GC(121)   Evacuate Collection Set: 11.6ms
[2024-02-06T10:08:23.269+0000][1536][gc,phases   ] GC(121)   Post Evacuate Collection Set: 1.1ms
[2024-02-06T10:08:23.269+0000][1536][gc,phases   ] GC(121)   Other: 1.0ms
[2024-02-06T10:08:23.269+0000][1536][gc,age      ] GC(121) Age table with threshold 15 (max threshold 15)
[2024-02-06T10:08:23.269+0000][1536][gc,age      ] GC(121) - age   1:   21156200 bytes,   21156200 total
[2024-02-06T10:08:23.269+0000][1536][gc,age      ] GC(121) - age   2:    5774968 bytes,   26931168 total
[2024-02-06T10:08:23.269+0000][1536][gc,heap     ] GC(121) Eden regions: 127->0(109)
[2024-02-06T10:08:23.269+0000][1536][gc,heap     ] GC(121) Survivor regions: 3->7(17)
[2024-02-06T10:08:23.269+0000][1536][gc,heap     ] GC(121) Old regions: 219->219
[2024-02-06T10:08:23.269+0000][1536][gc,heap     ] GC(121) Archive regions: 0->0
[2024-02-06T10:08:23.269+0000][1536][gc,heap     ] GC(121) Humongous regions: 2->2
[2024-02-06T10:08:23.269+0000][1536][gc,metaspace] GC(121) Metaspace: 132197K(138176K)->132197K(138176K) NonClass: 115135K(118912K)->115135K(118912K) Class: 17062K(19264K)->17062K(19264K)
[2024-02-06T10:08:23.269+0000][1536][gc          ] GC(121) Pause Young (Normal) (G1 Evacuation Pause) 1397M->907M(4040M) 15.048ms
[2024-02-06T10:08:23.269+0000][1536][gc,cpu      ] GC(121) User=0.00s Sys=0.02s Real=0.02s
[2024-02-06T10:08:23.269+0000][1536][safepoint   ] Safepoint "G1CollectForAllocation", Time since last: 3595736800 ns, Reaching safepoint: 128700 ns, At safepoint: 15280000 ns, Total: 15408700 ns
[2024-02-06T10:08:27.736+0000][1536][gc,start    ] GC(122) Pause Young (Normal) (G1 Evacuation Pause)
[2024-02-06T10:08:27.736+0000][1536][gc,task     ] GC(122) Using 8 workers of 8 for evacuation
[2024-02-06T10:08:27.736+0000][1536][gc,age      ] GC(122) Desired survivor size 31457280 bytes, new threshold 15 (max threshold 15)
[2024-02-06T10:08:27.751+0000][1536][gc,phases   ] GC(122)   Pre Evacuate Collection Set: 0.2ms
[2024-02-06T10:08:27.751+0000][1536][gc,phases   ] GC(122)   Merge Heap Roots: 0.1ms
[2024-02-06T10:08:27.751+0000][1536][gc,phases   ] GC(122)   Evacuate Collection Set: 13.3ms
[2024-02-06T10:08:27.751+0000][1536][gc,phases   ] GC(122)   Post Evacuate Collection Set: 1.1ms
[2024-02-06T10:08:27.751+0000][1536][gc,phases   ] GC(122)   Other: 0.2ms
[2024-02-06T10:08:27.751+0000][1536][gc,age      ] GC(122) Age table with threshold 15 (max threshold 15)
[2024-02-06T10:08:27.751+0000][1536][gc,age      ] GC(122) - age   1:   15597824 bytes,   15597824 total
[2024-02-06T10:08:27.751+0000][1536][gc,age      ] GC(122) - age   2:   19618200 bytes,   35216024 total
[2024-02-06T10:08:27.751+0000][1536][gc,age      ] GC(122) - age   3:    5661120 bytes,   40877144 total
[2024-02-06T10:08:27.751+0000][1536][gc,heap     ] GC(122) Eden regions: 109->0(97)
[2024-02-06T10:08:27.751+0000][1536][gc,heap     ] GC(122) Survivor regions: 7->11(15)
[2024-02-06T10:08:27.751+0000][1536][gc,heap     ] GC(122) Old regions: 219->219
[2024-02-06T10:08:27.751+0000][1536][gc,heap     ] GC(122) Archive regions: 0->0
[2024-02-06T10:08:27.751+0000][1536][gc,heap     ] GC(122) Humongous regions: 2->2
[2024-02-06T10:08:27.751+0000][1536][gc,metaspace] GC(122) Metaspace: 132197K(138176K)->132197K(138176K) NonClass: 115135K(118912K)->115135K(118912K) Class: 17062K(19264K)->17062K(19264K)
[2024-02-06T10:08:27.751+0000][1536][gc          ] GC(122) Pause Young (Normal) (G1 Evacuation Pause) 1343M->920M(4040M) 15.489ms
[2024-02-06T10:08:27.751+0000][1536][gc,cpu      ] GC(122) User=0.12s Sys=0.00s Real=0.01s
[2024-02-06T10:08:27.751+0000][1536][safepoint   ] Safepoint "G1CollectForAllocation", Time since last: 4468519500 ns, Reaching safepoint: 88300 ns, At safepoint: 15658200 ns, Total: 15746500 ns
[2024-02-06T10:08:30.618+0000][1536][gc,start    ] GC(123) Pause Young (Normal) (G1 Evacuation Pause)
[2024-02-06T10:08:30.618+0000][1536][gc,task     ] GC(123) Using 8 workers of 8 for evacuation
[2024-02-06T10:08:30.618+0000][1536][gc,age      ] GC(123) Desired survivor size 29360128 bytes, new threshold 2 (max threshold 15)
[2024-02-06T10:08:30.721+0000][1536][gc,phases   ] GC(123)   Pre Evacuate Collection Set: 0.3ms
[2024-02-06T10:08:30.721+0000][1536][gc,phases   ] GC(123)   Merge Heap Roots: 0.3ms
[2024-02-06T10:08:30.722+0000][1536][gc,phases   ] GC(123)   Evacuate Collection Set: 98.7ms
[2024-02-06T10:08:30.722+0000][1536][gc,phases   ] GC(123)   Post Evacuate Collection Set: 1.7ms
[2024-02-06T10:08:30.722+0000][1536][gc,phases   ] GC(123)   Other: 2.9ms
[2024-02-06T10:08:30.722+0000][1536][gc,age      ] GC(123) Age table with threshold 2 (max threshold 15)
[2024-02-06T10:08:30.722+0000][1536][gc,age      ] GC(123) - age   1:   10854784 bytes,   10854784 total
[2024-02-06T10:08:30.722+0000][1536][gc,age      ] GC(123) - age   2:   14305848 bytes,   25160632 total
[2024-02-06T10:08:30.722+0000][1536][gc,heap     ] GC(123) Eden regions: 97->0(181)
[2024-02-06T10:08:30.722+0000][1536][gc,heap     ] GC(123) Survivor regions: 11->7(14)
[2024-02-06T10:08:30.722+0000][1536][gc,heap     ] GC(123) Old regions: 219->225
[2024-02-06T10:08:30.722+0000][1536][gc,heap     ] GC(123) Archive regions: 0->0
[2024-02-06T10:08:30.722+0000][1536][gc,heap     ] GC(123) Humongous regions: 2->2
[2024-02-06T10:08:30.722+0000][1536][gc,metaspace] GC(123) Metaspace: 132197K(138176K)->132197K(138176K) NonClass: 115135K(118912K)->115135K(118912K) Class: 17062K(19264K)->17062K(19264K)
[2024-02-06T10:08:30.722+0000][1536][gc          ] GC(123) Pause Young (Normal) (G1 Evacuation Pause) 1308M->932M(4040M) 105.049ms
[2024-02-06T10:08:30.722+0000][1536][gc,cpu      ] GC(123) User=0.11s Sys=0.17s Real=0.10s
[2024-02-06T10:08:30.723+0000][1536][safepoint   ] Safepoint "G1CollectForAllocation", Time since last: 2863769200 ns, Reaching safepoint: 375000 ns, At safepoint: 106631900 ns, Total: 107006900 ns
[2024-02-06T10:08:36.161+0000][1536][gc,start    ] GC(124) Pause Young (Normal) (G1 Evacuation Pause)
[2024-02-06T10:08:36.161+0000][1536][gc,task     ] GC(124) Using 8 workers of 8 for evacuation
[2024-02-06T10:08:36.161+0000][1536][gc,age      ] GC(124) Desired survivor size 50331648 bytes, new threshold 15 (max threshold 15)
[2024-02-06T10:08:36.184+0000][1536][gc,phases   ] GC(124)   Pre Evacuate Collection Set: 0.2ms
[2024-02-06T10:08:36.184+0000][1536][gc,phases   ] GC(124)   Merge Heap Roots: 0.1ms
[2024-02-06T10:08:36.184+0000][1536][gc,phases   ] GC(124)   Evacuate Collection Set: 20.9ms
[2024-02-06T10:08:36.184+0000][1536][gc,phases   ] GC(124)   Post Evacuate Collection Set: 1.3ms
[2024-02-06T10:08:36.184+0000][1536][gc,phases   ] GC(124)   Other: 0.2ms
[2024-02-06T10:08:36.184+0000][1536][gc,age      ] GC(124) Age table with threshold 15 (max threshold 15)
[2024-02-06T10:08:36.184+0000][1536][gc,age      ] GC(124) - age   1:   32911216 bytes,   32911216 total
[2024-02-06T10:08:36.184+0000][1536][gc,age      ] GC(124) - age   2:    8970632 bytes,   41881848 total
[2024-02-06T10:08:36.184+0000][1536][gc,age      ] GC(124) - age   3:   13376080 bytes,   55257928 total
[2024-02-06T10:08:36.184+0000][1536][gc,heap     ] GC(124) Eden regions: 181->0(92)
[2024-02-06T10:08:36.184+0000][1536][gc,heap     ] GC(124) Survivor regions: 7->15(24)
[2024-02-06T10:08:36.184+0000][1536][gc,heap     ] GC(124) Old regions: 225->225
[2024-02-06T10:08:36.184+0000][1536][gc,heap     ] GC(124) Archive regions: 0->0
[2024-02-06T10:08:36.184+0000][1536][gc,heap     ] GC(124) Humongous regions: 2->2
[2024-02-06T10:08:36.184+0000][1536][gc,metaspace] GC(124) Metaspace: 132197K(138176K)->132197K(138176K) NonClass: 115135K(118912K)->115135K(118912K) Class: 17062K(19264K)->17062K(19264K)
[2024-02-06T10:08:36.184+0000][1536][gc          ] GC(124) Pause Young (Normal) (G1 Evacuation Pause) 1656M->960M(4040M) 23.199ms
[2024-02-06T10:08:36.184+0000][1536][gc,cpu      ] GC(124) User=0.12s Sys=0.00s Real=0.02s
[2024-02-06T10:08:36.184+0000][1536][safepoint   ] Safepoint "G1CollectForAllocation", Time since last: 5436591200 ns, Reaching safepoint: 250800 ns, At safepoint: 23411700 ns, Total: 23662500 ns
[2024-02-06T10:08:38.932+0000][1536][gc,start    ] GC(125) Pause Young (Normal) (G1 Evacuation Pause)
[2024-02-06T10:08:38.932+0000][1536][gc,task     ] GC(125) Using 8 workers of 8 for evacuation
[2024-02-06T10:08:38.932+0000][1536][gc,age      ] GC(125) Desired survivor size 29360128 bytes, new threshold 1 (max threshold 15)
[2024-02-06T10:08:39.040+0000][1536][gc,phases   ] GC(125)   Pre Evacuate Collection Set: 0.3ms
[2024-02-06T10:08:39.040+0000][1536][gc,phases   ] GC(125)   Merge Heap Roots: 0.3ms
[2024-02-06T10:08:39.040+0000][1536][gc,phases   ] GC(125)   Evacuate Collection Set: 104.8ms
[2024-02-06T10:08:39.040+0000][1536][gc,phases   ] GC(125)   Post Evacuate Collection Set: 1.1ms
[2024-02-06T10:08:39.040+0000][1536][gc,phases   ] GC(125)   Other: 0.7ms
[2024-02-06T10:08:39.040+0000][1536][gc,age      ] GC(125) Age table with threshold 1 (max threshold 15)
[2024-02-06T10:08:39.040+0000][1536][gc,age      ] GC(125) - age   1:   12979672 bytes,   12979672 total
[2024-02-06T10:08:39.040+0000][1536][gc,heap     ] GC(125) Eden regions: 92->0(370)
[2024-02-06T10:08:39.040+0000][1536][gc,heap     ] GC(125) Survivor regions: 15->4(14)
[2024-02-06T10:08:39.040+0000][1536][gc,heap     ] GC(125) Old regions: 225->237
[2024-02-06T10:08:39.040+0000][1536][gc,heap     ] GC(125) Archive regions: 0->0
[2024-02-06T10:08:39.040+0000][1536][gc,heap     ] GC(125) Humongous regions: 2->2
[2024-02-06T10:08:39.040+0000][1536][gc,metaspace] GC(125) Metaspace: 132197K(138176K)->132197K(138176K) NonClass: 115135K(118912K)->115135K(118912K) Class: 17062K(19264K)->17062K(19264K)
[2024-02-06T10:08:39.041+0000][1536][gc          ] GC(125) Pause Young (Normal) (G1 Evacuation Pause) 1328M->969M(4040M) 108.015ms
[2024-02-06T10:08:39.041+0000][1536][gc,cpu      ] GC(125) User=0.05s Sys=0.36s Real=0.11s
[2024-02-06T10:08:39.042+0000][1536][safepoint   ] Safepoint "G1CollectForAllocation", Time since last: 2748040000 ns, Reaching safepoint: 151700 ns, At safepoint: 109907100 ns, Total: 110058800 ns
[2024-02-06T10:08:51.750+0000][1536][gc,start    ] GC(126) Pause Young (Normal) (G1 Evacuation Pause)
[2024-02-06T10:08:51.750+0000][1536][gc,task     ] GC(126) Using 8 workers of 8 for evacuation
[2024-02-06T10:08:51.750+0000][1536][gc,age      ] GC(126) Desired survivor size 98566144 bytes, new threshold 15 (max threshold 15)
[2024-02-06T10:08:51.798+0000][1536][gc,phases   ] GC(126)   Pre Evacuate Collection Set: 0.4ms
[2024-02-06T10:08:51.798+0000][1536][gc,phases   ] GC(126)   Merge Heap Roots: 0.4ms
[2024-02-06T10:08:51.798+0000][1536][gc,phases   ] GC(126)   Evacuate Collection Set: 35.8ms
[2024-02-06T10:08:51.798+0000][1536][gc,phases   ] GC(126)   Post Evacuate Collection Set: 3.4ms
[2024-02-06T10:08:51.798+0000][1536][gc,phases   ] GC(126)   Other: 3.4ms
[2024-02-06T10:08:51.798+0000][1536][gc,age      ] GC(126) Age table with threshold 15 (max threshold 15)
[2024-02-06T10:08:51.798+0000][1536][gc,age      ] GC(126) - age   1:   53945272 bytes,   53945272 total
[2024-02-06T10:08:51.798+0000][1536][gc,age      ] GC(126) - age   2:    9928648 bytes,   63873920 total
[2024-02-06T10:08:51.798+0000][1536][gc,heap     ] GC(126) Eden regions: 370->0(196)
[2024-02-06T10:08:51.798+0000][1536][gc,heap     ] GC(126) Survivor regions: 4->16(47)
[2024-02-06T10:08:51.798+0000][1536][gc,heap     ] GC(126) Old regions: 237->237
[2024-02-06T10:08:51.799+0000][1536][gc,heap     ] GC(126) Archive regions: 0->0
[2024-02-06T10:08:51.799+0000][1536][gc,heap     ] GC(126) Humongous regions: 2->2
[2024-02-06T10:08:51.799+0000][1536][gc,metaspace] GC(126) Metaspace: 132197K(138176K)->132197K(138176K) NonClass: 115135K(118912K)->115135K(118912K) Class: 17062K(19264K)->17062K(19264K)
[2024-02-06T10:08:51.799+0000][1536][gc          ] GC(126) Pause Young (Normal) (G1 Evacuation Pause) 2449M->1018M(4040M) 44.309ms
[2024-02-06T10:08:51.799+0000][1536][gc,cpu      ] GC(126) User=0.36s Sys=0.00s Real=0.05s
[2024-02-06T10:08:51.799+0000][1536][safepoint   ] Safepoint "G1CollectForAllocation", Time since last: 12711355100 ns, Reaching safepoint: 202100 ns, At safepoint: 44839500 ns, Total: 45041600 ns
[2024-02-06T10:08:59.156+0000][1536][gc,start    ] GC(127) Pause Young (Normal) (G1 Evacuation Pause)
[2024-02-06T10:08:59.156+0000][1536][gc,task     ] GC(127) Using 8 workers of 8 for evacuation
[2024-02-06T10:08:59.156+0000][1536][gc,age      ] GC(127) Desired survivor size 56623104 bytes, new threshold 2 (max threshold 15)
[2024-02-06T10:08:59.198+0000][1536][gc,phases   ] GC(127)   Pre Evacuate Collection Set: 0.2ms
[2024-02-06T10:08:59.198+0000][1536][gc,phases   ] GC(127)   Merge Heap Roots: 0.2ms
[2024-02-06T10:08:59.198+0000][1536][gc,phases   ] GC(127)   Evacuate Collection Set: 39.4ms
[2024-02-06T10:08:59.198+0000][1536][gc,phases   ] GC(127)   Post Evacuate Collection Set: 2.4ms
[2024-02-06T10:08:59.198+0000][1536][gc,phases   ] GC(127)   Other: 0.8ms
[2024-02-06T10:08:59.198+0000][1536][gc,age      ] GC(127) Age table with threshold 2 (max threshold 15)
[2024-02-06T10:08:59.198+0000][1536][gc,age      ] GC(127) - age   1:   33293840 bytes,   33293840 total
[2024-02-06T10:08:59.198+0000][1536][gc,age      ] GC(127) - age   2:   47589528 bytes,   80883368 total
[2024-02-06T10:08:59.199+0000][1536][gc,heap     ] GC(127) Eden regions: 196->0(189)
[2024-02-06T10:08:59.199+0000][1536][gc,heap     ] GC(127) Survivor regions: 16->21(27)
[2024-02-06T10:08:59.199+0000][1536][gc,heap     ] GC(127) Old regions: 237->239
[2024-02-06T10:08:59.199+0000][1536][gc,heap     ] GC(127) Archive regions: 0->0
[2024-02-06T10:08:59.199+0000][1536][gc,heap     ] GC(127) Humongous regions: 2->2
[2024-02-06T10:08:59.199+0000][1536][gc,metaspace] GC(127) Metaspace: 132197K(138176K)->132197K(138176K) NonClass: 115135K(118912K)->115135K(118912K) Class: 17062K(19264K)->17062K(19264K)
[2024-02-06T10:08:59.199+0000][1536][gc          ] GC(127) Pause Young (Normal) (G1 Evacuation Pause) 1802M->1046M(4040M) 43.446ms
[2024-02-06T10:08:59.199+0000][1536][gc,cpu      ] GC(127) User=0.33s Sys=0.05s Real=0.04s
[2024-02-06T10:08:59.199+0000][1536][safepoint   ] Safepoint "G1CollectForAllocation", Time since last: 7356777800 ns, Reaching safepoint: 95100 ns, At safepoint: 43730200 ns, Total: 43825300 ns
[2024-02-06T10:09:04.824+0000][1536][gc,start    ] GC(128) Pause Young (Normal) (G1 Evacuation Pause)
[2024-02-06T10:09:04.824+0000][1536][gc,task     ] GC(128) Using 8 workers of 8 for evacuation
[2024-02-06T10:09:04.824+0000][1536][gc,age      ] GC(128) Desired survivor size 56623104 bytes, new threshold 2 (max threshold 15)
[2024-02-06T10:09:04.973+0000][1536][gc,phases   ] GC(128)   Pre Evacuate Collection Set: 0.3ms
[2024-02-06T10:09:04.973+0000][1536][gc,phases   ] GC(128)   Merge Heap Roots: 0.3ms
[2024-02-06T10:09:04.973+0000][1536][gc,phases   ] GC(128)   Evacuate Collection Set: 140.6ms
[2024-02-06T10:09:04.973+0000][1536][gc,phases   ] GC(128)   Post Evacuate Collection Set: 1.5ms
[2024-02-06T10:09:04.973+0000][1536][gc,phases   ] GC(128)   Other: 0.5ms
[2024-02-06T10:09:04.973+0000][1536][gc,age      ] GC(128) Age table with threshold 2 (max threshold 15)
[2024-02-06T10:09:04.973+0000][1536][gc,age      ] GC(128) - age   1:   31731984 bytes,   31731984 total
[2024-02-06T10:09:04.973+0000][1536][gc,age      ] GC(128) - age   2:   29741776 bytes,   61473760 total
[2024-02-06T10:09:04.973+0000][1536][gc,heap     ] GC(128) Eden regions: 189->0(266)
[2024-02-06T10:09:04.973+0000][1536][gc,heap     ] GC(128) Survivor regions: 21->16(27)
[2024-02-06T10:09:04.973+0000][1536][gc,heap     ] GC(128) Old regions: 239->250
[2024-02-06T10:09:04.973+0000][1536][gc,heap     ] GC(128) Archive regions: 0->0
[2024-02-06T10:09:04.974+0000][1536][gc,heap     ] GC(128) Humongous regions: 2->2
[2024-02-06T10:09:04.974+0000][1536][gc,metaspace] GC(128) Metaspace: 132197K(138176K)->132197K(138176K) NonClass: 115135K(118912K)->115135K(118912K) Class: 17062K(19264K)->17062K(19264K)
[2024-02-06T10:09:04.974+0000][1536][gc          ] GC(128) Pause Young (Normal) (G1 Evacuation Pause) 1802M->1069M(4040M) 143.959ms
[2024-02-06T10:09:04.974+0000][1536][gc,cpu      ] GC(128) User=0.20s Sys=0.28s Real=0.15s
[2024-02-06T10:09:04.974+0000][1536][safepoint   ] Safepoint "G1CollectForAllocation", Time since last: 5630417700 ns, Reaching safepoint: 194600 ns, At safepoint: 144363000 ns, Total: 144557600 ns
[2024-02-06T10:09:05.991+0000][1536][safepoint   ] Safepoint "Cleanup", Time since last: 1016237700 ns, Reaching safepoint: 774200 ns, At safepoint: 61300 ns, Total: 835500 ns
[2024-02-06T10:09:12.605+0000][1536][gc,start    ] GC(129) Pause Young (Normal) (G1 Evacuation Pause)
[2024-02-06T10:09:12.605+0000][1536][gc,task     ] GC(129) Using 8 workers of 8 for evacuation
[2024-02-06T10:09:12.605+0000][1536][gc,age      ] GC(129) Desired survivor size 75497472 bytes, new threshold 15 (max threshold 15)
[2024-02-06T10:09:12.628+0000][1536][gc,phases   ] GC(129)   Pre Evacuate Collection Set: 0.3ms
[2024-02-06T10:09:12.628+0000][1536][gc,phases   ] GC(129)   Merge Heap Roots: 0.2ms
[2024-02-06T10:09:12.628+0000][1536][gc,phases   ] GC(129)   Evacuate Collection Set: 29.2ms
[2024-02-06T10:09:12.628+0000][1536][gc,phases   ] GC(129)   Post Evacuate Collection Set: 1.3ms
[2024-02-06T10:09:12.628+0000][1536][gc,phases   ] GC(129)   Other: 0.3ms
[2024-02-06T10:09:12.628+0000][1536][gc,age      ] GC(129) Age table with threshold 15 (max threshold 15)
[2024-02-06T10:09:12.628+0000][1536][gc,age      ] GC(129) - age   1:   45980088 bytes,   45980088 total
[2024-02-06T10:09:12.628+0000][1536][gc,age      ] GC(129) - age   2:   28331600 bytes,   74311688 total
[2024-02-06T10:09:12.628+0000][1536][gc,age      ] GC(129) - age   3:   26665856 bytes,  100977544 total
[2024-02-06T10:09:12.628+0000][1536][gc,heap     ] GC(129) Eden regions: 266->0(228)
[2024-02-06T10:09:12.628+0000][1536][gc,heap     ] GC(129) Survivor regions: 16->26(36)
[2024-02-06T10:09:12.628+0000][1536][gc,heap     ] GC(129) Old regions: 250->250
[2024-02-06T10:09:12.628+0000][1536][gc,heap     ] GC(129) Archive regions: 0->0
[2024-02-06T10:09:12.628+0000][1536][gc,heap     ] GC(129) Humongous regions: 2->2
[2024-02-06T10:09:12.628+0000][1536][gc,metaspace] GC(129) Metaspace: 132198K(138176K)->132198K(138176K) NonClass: 115136K(118912K)->115136K(118912K) Class: 17062K(19264K)->17062K(19264K)
[2024-02-06T10:09:12.628+0000][1536][gc          ] GC(129) Pause Young (Normal) (G1 Evacuation Pause) 2133M->1108M(4040M) 31.878ms
[2024-02-06T10:09:12.628+0000][1536][gc,cpu      ] GC(129) User=0.23s Sys=0.00s Real=0.02s
[2024-02-06T10:09:12.628+0000][1536][safepoint   ] Safepoint "G1CollectForAllocation", Time since last: 6614230500 ns, Reaching safepoint: 223500 ns, At safepoint: 32171700 ns, Total: 32395200 ns
[2024-02-06T10:09:15.657+0000][1536][safepoint   ] Safepoint "Cleanup", Time since last: 3018527800 ns, Reaching safepoint: 177900 ns, At safepoint: 15500 ns, Total: 193400 ns
[2024-02-06T10:09:19.689+0000][1536][safepoint   ] Safepoint "Cleanup", Time since last: 4031303200 ns, Reaching safepoint: 199500 ns, At safepoint: 41100 ns, Total: 240600 ns
[2024-02-06T10:09:20.425+0000][1536][gc,start    ] GC(130) Pause Young (Normal) (G1 Evacuation Pause)
[2024-02-06T10:09:20.426+0000][1536][gc,task     ] GC(130) Using 8 workers of 8 for evacuation
[2024-02-06T10:09:20.426+0000][1536][gc,age      ] GC(130) Desired survivor size 67108864 bytes, new threshold 2 (max threshold 15)
[2024-02-06T10:09:20.545+0000][1536][gc,phases   ] GC(130)   Pre Evacuate Collection Set: 0.3ms
[2024-02-06T10:09:20.545+0000][1536][gc,phases   ] GC(130)   Merge Heap Roots: 0.3ms
[2024-02-06T10:09:20.545+0000][1536][gc,phases   ] GC(130)   Evacuate Collection Set: 117.9ms
[2024-02-06T10:09:20.545+0000][1536][gc,phases   ] GC(130)   Post Evacuate Collection Set: 0.9ms
[2024-02-06T10:09:20.545+0000][1536][gc,phases   ] GC(130)   Other: 0.5ms
[2024-02-06T10:09:20.545+0000][1536][gc,age      ] GC(130) Age table with threshold 2 (max threshold 15)
[2024-02-06T10:09:20.545+0000][1536][gc,age      ] GC(130) - age   1:   33882168 bytes,   33882168 total
[2024-02-06T10:09:20.545+0000][1536][gc,age      ] GC(130) - age   2:   41159384 bytes,   75041552 total
[2024-02-06T10:09:20.545+0000][1536][gc,heap     ] GC(130) Eden regions: 228->0(342)
[2024-02-06T10:09:20.545+0000][1536][gc,heap     ] GC(130) Survivor regions: 26->21(32)
[2024-02-06T10:09:20.545+0000][1536][gc,heap     ] GC(130) Old regions: 250->262
[2024-02-06T10:09:20.545+0000][1536][gc,heap     ] GC(130) Archive regions: 0->0
[2024-02-06T10:09:20.545+0000][1536][gc,heap     ] GC(130) Humongous regions: 2->2
[2024-02-06T10:09:20.545+0000][1536][gc,metaspace] GC(130) Metaspace: 132198K(138176K)->132198K(138176K) NonClass: 115136K(118912K)->115136K(118912K) Class: 17062K(19264K)->17062K(19264K)
[2024-02-06T10:09:20.545+0000][1536][gc          ] GC(130) Pause Young (Normal) (G1 Evacuation Pause) 2020M->1135M(4040M) 120.397ms
[2024-02-06T10:09:20.545+0000][1536][gc,cpu      ] GC(130) User=0.11s Sys=0.34s Real=0.12s
[2024-02-06T10:09:20.545+0000][1536][safepoint   ] Safepoint "G1CollectForAllocation", Time since last: 737247000 ns, Reaching safepoint: 131300 ns, At safepoint: 120618600 ns, Total: 120749900 ns
[2024-02-06T10:09:29.978+0000][1536][gc,start    ] GC(131) Pause Young (Normal) (G1 Evacuation Pause)
[2024-02-06T10:09:29.978+0000][1536][gc,task     ] GC(131) Using 8 workers of 8 for evacuation
[2024-02-06T10:09:29.978+0000][1536][gc,age      ] GC(131) Desired survivor size 96468992 bytes, new threshold 15 (max threshold 15)
[2024-02-06T10:09:30.025+0000][1536][gc,phases   ] GC(131)   Pre Evacuate Collection Set: 0.3ms
[2024-02-06T10:09:30.025+0000][1536][gc,phases   ] GC(131)   Merge Heap Roots: 0.3ms
[2024-02-06T10:09:30.025+0000][1536][gc,phases   ] GC(131)   Evacuate Collection Set: 35.7ms
[2024-02-06T10:09:30.025+0000][1536][gc,phases   ] GC(131)   Post Evacuate Collection Set: 1.3ms
[2024-02-06T10:09:30.025+0000][1536][gc,phases   ] GC(131)   Other: 1.2ms
[2024-02-06T10:09:30.025+0000][1536][gc,age      ] GC(131) Age table with threshold 15 (max threshold 15)
[2024-02-06T10:09:30.025+0000][1536][gc,age      ] GC(131) - age   1:   57043472 bytes,   57043472 total
[2024-02-06T10:09:30.025+0000][1536][gc,age      ] GC(131) - age   2:   26703720 bytes,   83747192 total
[2024-02-06T10:09:30.025+0000][1536][gc,age      ] GC(131) - age   3:   38368072 bytes,  122115264 total
[2024-02-06T10:09:30.025+0000][1536][gc,heap     ] GC(131) Eden regions: 342->0(304)
[2024-02-06T10:09:30.025+0000][1536][gc,heap     ] GC(131) Survivor regions: 21->32(46)
[2024-02-06T10:09:30.025+0000][1536][gc,heap     ] GC(131) Old regions: 262->262
[2024-02-06T10:09:30.025+0000][1536][gc,heap     ] GC(131) Archive regions: 0->0
[2024-02-06T10:09:30.025+0000][1536][gc,heap     ] GC(131) Humongous regions: 2->2
[2024-02-06T10:09:30.025+0000][1536][gc,metaspace] GC(131) Metaspace: 132198K(138176K)->132198K(138176K) NonClass: 115136K(118912K)->115136K(118912K) Class: 17062K(19264K)->17062K(19264K)
[2024-02-06T10:09:30.025+0000][1536][gc          ] GC(131) Pause Young (Normal) (G1 Evacuation Pause) 2503M->1179M(4040M) 39.443ms
[2024-02-06T10:09:30.025+0000][1536][gc,cpu      ] GC(131) User=0.28s Sys=0.02s Real=0.05s
[2024-02-06T10:09:30.025+0000][1536][safepoint   ] Safepoint "G1CollectForAllocation", Time since last: 9438652200 ns, Reaching safepoint: 111600 ns, At safepoint: 39754600 ns, Total: 39866200 ns
[2024-02-06T10:09:39.645+0000][1536][gc,start    ] GC(132) Pause Young (Normal) (G1 Evacuation Pause)
[2024-02-06T10:09:39.645+0000][1536][gc,task     ] GC(132) Using 8 workers of 8 for evacuation
[2024-02-06T10:09:39.645+0000][1536][gc,age      ] GC(132) Desired survivor size 88080384 bytes, new threshold 3 (max threshold 15)
[2024-02-06T10:09:39.739+0000][1536][gc,phases   ] GC(132)   Pre Evacuate Collection Set: 0.2ms
[2024-02-06T10:09:39.739+0000][1536][gc,phases   ] GC(132)   Merge Heap Roots: 0.2ms
[2024-02-06T10:09:39.739+0000][1536][gc,phases   ] GC(132)   Evacuate Collection Set: 93.3ms
[2024-02-06T10:09:39.739+0000][1536][gc,phases   ] GC(132)   Post Evacuate Collection Set: 1.1ms
[2024-02-06T10:09:39.739+0000][1536][gc,phases   ] GC(132)   Other: 0.2ms
[2024-02-06T10:09:39.739+0000][1536][gc,age      ] GC(132) Age table with threshold 3 (max threshold 15)
[2024-02-06T10:09:39.739+0000][1536][gc,age      ] GC(132) - age   1:   37974504 bytes,   37974504 total
[2024-02-06T10:09:39.739+0000][1536][gc,age      ] GC(132) - age   2:   51310200 bytes,   89284704 total
[2024-02-06T10:09:39.739+0000][1536][gc,age      ] GC(132) - age   3:   21300800 bytes,  110585504 total
[2024-02-06T10:09:39.739+0000][1536][gc,heap     ] GC(132) Eden regions: 304->0(450)
[2024-02-06T10:09:39.739+0000][1536][gc,heap     ] GC(132) Survivor regions: 32->29(42)
[2024-02-06T10:09:39.739+0000][1536][gc,heap     ] GC(132) Old regions: 262->271
[2024-02-06T10:09:39.739+0000][1536][gc,heap     ] GC(132) Archive regions: 0->0
[2024-02-06T10:09:39.739+0000][1536][gc,heap     ] GC(132) Humongous regions: 2->2
[2024-02-06T10:09:39.739+0000][1536][gc,metaspace] GC(132) Metaspace: 132198K(138176K)->132198K(138176K) NonClass: 115136K(118912K)->115136K(118912K) Class: 17062K(19264K)->17062K(19264K)
[2024-02-06T10:09:39.739+0000][1536][gc          ] GC(132) Pause Young (Normal) (G1 Evacuation Pause) 2395M->1201M(4040M) 95.547ms
[2024-02-06T10:09:39.739+0000][1536][gc,cpu      ] GC(132) User=0.12s Sys=0.27s Real=0.09s
[2024-02-06T10:09:39.739+0000][1536][safepoint   ] Safepoint "G1CollectForAllocation", Time since last: 9619326800 ns, Reaching safepoint: 122900 ns, At safepoint: 95791800 ns, Total: 95914700 ns
[2024-02-06T10:09:41.760+0000][1536][safepoint   ] Safepoint "Cleanup", Time since last: 2019273500 ns, Reaching safepoint: 151700 ns, At safepoint: 41800 ns, Total: 193500 ns
[2024-02-06T10:09:45.787+0000][1536][safepoint   ] Safepoint "Cleanup", Time since last: 4027446600 ns, Reaching safepoint: 155000 ns, At safepoint: 67700 ns, Total: 222700 ns
[2024-02-06T10:09:51.721+0000][1536][gc,start    ] GC(133) Pause Young (Normal) (G1 Evacuation Pause)
[2024-02-06T10:09:51.721+0000][1536][gc,task     ] GC(133) Using 8 workers of 8 for evacuation
[2024-02-06T10:09:51.721+0000][1536][gc,age      ] GC(133) Desired survivor size 125829120 bytes, new threshold 15 (max threshold 15)
[2024-02-06T10:09:51.788+0000][1536][gc,phases   ] GC(133)   Pre Evacuate Collection Set: 1.2ms
[2024-02-06T10:09:51.788+0000][1536][gc,phases   ] GC(133)   Merge Heap Roots: 0.3ms
[2024-02-06T10:09:51.788+0000][1536][gc,phases   ] GC(133)   Evacuate Collection Set: 60.8ms
[2024-02-06T10:09:51.788+0000][1536][gc,phases   ] GC(133)   Post Evacuate Collection Set: 1.4ms
[2024-02-06T10:09:51.788+0000][1536][gc,phases   ] GC(133)   Other: 1.4ms
[2024-02-06T10:09:51.788+0000][1536][gc,age      ] GC(133) Age table with threshold 15 (max threshold 15)
[2024-02-06T10:09:51.788+0000][1536][gc,age      ] GC(133) - age   1:   73685592 bytes,   73685592 total
[2024-02-06T10:09:51.788+0000][1536][gc,age      ] GC(133) - age   2:   29212472 bytes,  102898064 total
[2024-02-06T10:09:51.788+0000][1536][gc,age      ] GC(133) - age   3:   42059720 bytes,  144957784 total
[2024-02-06T10:09:51.788+0000][1536][gc,age      ] GC(133) - age   4:   17897280 bytes,  162855064 total
[2024-02-06T10:09:51.788+0000][1536][gc,heap     ] GC(133) Eden regions: 450->0(363)
[2024-02-06T10:09:51.788+0000][1536][gc,heap     ] GC(133) Survivor regions: 29->41(60)
[2024-02-06T10:09:51.788+0000][1536][gc,heap     ] GC(133) Old regions: 271->271
[2024-02-06T10:09:51.788+0000][1536][gc,heap     ] GC(133) Archive regions: 0->0
[2024-02-06T10:09:51.788+0000][1536][gc,heap     ] GC(133) Humongous regions: 2->2
[2024-02-06T10:09:51.788+0000][1536][gc,metaspace] GC(133) Metaspace: 132198K(138176K)->132198K(138176K) NonClass: 115136K(118912K)->115136K(118912K) Class: 17062K(19264K)->17062K(19264K)
[2024-02-06T10:09:51.788+0000][1536][gc          ] GC(133) Pause Young (Normal) (G1 Evacuation Pause) 3001M->1253M(4040M) 66.000ms
[2024-02-06T10:09:51.788+0000][1536][gc,cpu      ] GC(133) User=0.39s Sys=0.00s Real=0.07s
[2024-02-06T10:09:51.789+0000][1536][safepoint   ] Safepoint "G1CollectForAllocation", Time since last: 5935255200 ns, Reaching safepoint: 179400 ns, At safepoint: 66277400 ns, Total: 66456800 ns
[2024-02-06T10:09:55.900+0000][1536][safepoint   ] Safepoint "Cleanup", Time since last: 4110719300 ns, Reaching safepoint: 104400 ns, At safepoint: 45300 ns, Total: 149700 ns
[2024-02-06T10:10:03.937+0000][1536][safepoint   ] Safepoint "Cleanup", Time since last: 8036966000 ns, Reaching safepoint: 136900 ns, At safepoint: 34500 ns, Total: 171400 ns
[2024-02-06T10:10:05.107+0000][1536][gc,start    ] GC(134) Pause Young (Normal) (G1 Evacuation Pause)
[2024-02-06T10:10:05.107+0000][1536][gc,task     ] GC(134) Using 8 workers of 8 for evacuation
[2024-02-06T10:10:05.107+0000][1536][gc,age      ] GC(134) Desired survivor size 106954752 bytes, new threshold 3 (max threshold 15)
[2024-02-06T10:10:05.287+0000][1536][gc,phases   ] GC(134)   Pre Evacuate Collection Set: 0.2ms
[2024-02-06T10:10:05.287+0000][1536][gc,phases   ] GC(134)   Merge Heap Roots: 0.2ms
[2024-02-06T10:10:05.287+0000][1536][gc,phases   ] GC(134)   Evacuate Collection Set: 175.7ms
[2024-02-06T10:10:05.287+0000][1536][gc,phases   ] GC(134)   Post Evacuate Collection Set: 1.8ms
[2024-02-06T10:10:05.287+0000][1536][gc,phases   ] GC(134)   Other: 0.5ms
[2024-02-06T10:10:05.287+0000][1536][gc,age      ] GC(134) Age table with threshold 3 (max threshold 15)
[2024-02-06T10:10:05.287+0000][1536][gc,age      ] GC(134) - age   1:   48384224 bytes,   48384224 total
[2024-02-06T10:10:05.287+0000][1536][gc,age      ] GC(134) - age   2:   62133360 bytes,  110517584 total
[2024-02-06T10:10:05.287+0000][1536][gc,age      ] GC(134) - age   3:   24425384 bytes,  134942968 total
[2024-02-06T10:10:05.287+0000][1536][gc,heap     ] GC(134) Eden regions: 363->0(425)
[2024-02-06T10:10:05.287+0000][1536][gc,heap     ] GC(134) Survivor regions: 41->34(51)
[2024-02-06T10:10:05.287+0000][1536][gc,heap     ] GC(134) Old regions: 271->284
[2024-02-06T10:10:05.287+0000][1536][gc,heap     ] GC(134) Archive regions: 0->0
[2024-02-06T10:10:05.287+0000][1536][gc,heap     ] GC(134) Humongous regions: 2->2
[2024-02-06T10:10:05.287+0000][1536][gc,metaspace] GC(134) Metaspace: 132200K(138176K)->132200K(138176K) NonClass: 115138K(118912K)->115138K(118912K) Class: 17062K(19264K)->17062K(19264K)
[2024-02-06T10:10:05.287+0000][1536][gc          ] GC(134) Pause Young (Normal) (G1 Evacuation Pause) 2705M->1278M(4040M) 178.838ms
[2024-02-06T10:10:05.288+0000][1536][gc,cpu      ] GC(134) User=0.41s Sys=0.30s Real=0.18s
[2024-02-06T10:10:05.288+0000][1536][safepoint   ] Safepoint "G1CollectForAllocation", Time since last: 1171723900 ns, Reaching safepoint: 150800 ns, At safepoint: 179377300 ns, Total: 179528100 ns
[2024-02-06T10:10:16.334+0000][1536][safepoint   ] Safepoint "Cleanup", Time since last: 11045709700 ns, Reaching safepoint: 235400 ns, At safepoint: 106900 ns, Total: 342300 ns
[2024-02-06T10:10:18.355+0000][1536][gc,start    ] GC(135) Pause Young (Normal) (G1 Evacuation Pause)
[2024-02-06T10:10:18.355+0000][1536][gc,task     ] GC(135) Using 8 workers of 8 for evacuation
[2024-02-06T10:10:18.355+0000][1536][gc,age      ] GC(135) Desired survivor size 121634816 bytes, new threshold 3 (max threshold 15)
[2024-02-06T10:10:18.428+0000][1536][gc,phases   ] GC(135)   Pre Evacuate Collection Set: 0.2ms
[2024-02-06T10:10:18.428+0000][1536][gc,phases   ] GC(135)   Merge Heap Roots: 0.3ms
[2024-02-06T10:10:18.428+0000][1536][gc,phases   ] GC(135)   Evacuate Collection Set: 69.4ms
[2024-02-06T10:10:18.428+0000][1536][gc,phases   ] GC(135)   Post Evacuate Collection Set: 1.8ms
[2024-02-06T10:10:18.429+0000][1536][gc,phases   ] GC(135)   Other: 1.3ms
[2024-02-06T10:10:18.429+0000][1536][gc,age      ] GC(135) Age table with threshold 3 (max threshold 15)
[2024-02-06T10:10:18.429+0000][1536][gc,age      ] GC(135) - age   1:   78573456 bytes,   78573456 total
[2024-02-06T10:10:18.429+0000][1536][gc,age      ] GC(135) - age   2:   38435936 bytes,  117009392 total
[2024-02-06T10:10:18.429+0000][1536][gc,age      ] GC(135) - age   3:   51119376 bytes,  168128768 total
[2024-02-06T10:10:18.429+0000][1536][gc,heap     ] GC(135) Eden regions: 425->0(401)
[2024-02-06T10:10:18.429+0000][1536][gc,heap     ] GC(135) Survivor regions: 34->43(58)
[2024-02-06T10:10:18.429+0000][1536][gc,heap     ] GC(135) Old regions: 284->289
[2024-02-06T10:10:18.429+0000][1536][gc,heap     ] GC(135) Archive regions: 0->0
[2024-02-06T10:10:18.429+0000][1536][gc,heap     ] GC(135) Humongous regions: 2->2
[2024-02-06T10:10:18.429+0000][1536][gc,metaspace] GC(135) Metaspace: 132200K(138176K)->132200K(138176K) NonClass: 115138K(118912K)->115138K(118912K) Class: 17062K(19264K)->17062K(19264K)
[2024-02-06T10:10:18.429+0000][1536][gc          ] GC(135) Pause Young (Normal) (G1 Evacuation Pause) 2978M->1332M(4040M) 73.596ms
[2024-02-06T10:10:18.429+0000][1536][gc,cpu      ] GC(135) User=0.23s Sys=0.12s Real=0.07s
[2024-02-06T10:10:18.429+0000][1536][safepoint   ] Safepoint "G1CollectForAllocation", Time since last: 2020863200 ns, Reaching safepoint: 109600 ns, At safepoint: 73952700 ns, Total: 74062300 ns
[2024-02-06T10:10:31.008+0000][1536][gc,start    ] GC(136) Pause Young (Normal) (G1 Evacuation Pause)
[2024-02-06T10:10:31.008+0000][1536][gc,task     ] GC(136) Using 8 workers of 8 for evacuation
[2024-02-06T10:10:31.008+0000][1536][gc,age      ] GC(136) Desired survivor size 117440512 bytes, new threshold 3 (max threshold 15)
[2024-02-06T10:10:31.117+0000][1536][gc,phases   ] GC(136)   Pre Evacuate Collection Set: 0.2ms
[2024-02-06T10:10:31.117+0000][1536][gc,phases   ] GC(136)   Merge Heap Roots: 0.1ms
[2024-02-06T10:10:31.117+0000][1536][gc,phases   ] GC(136)   Evacuate Collection Set: 107.1ms
[2024-02-06T10:10:31.117+0000][1536][gc,phases   ] GC(136)   Post Evacuate Collection Set: 2.0ms
[2024-02-06T10:10:31.117+0000][1536][gc,phases   ] GC(136)   Other: 0.2ms
[2024-02-06T10:10:31.117+0000][1536][gc,age      ] GC(136) Age table with threshold 3 (max threshold 15)
[2024-02-06T10:10:31.117+0000][1536][gc,age      ] GC(136) - age   1:   51441160 bytes,   51441160 total
[2024-02-06T10:10:31.117+0000][1536][gc,age      ] GC(136) - age   2:   68320664 bytes,  119761824 total
[2024-02-06T10:10:31.117+0000][1536][gc,age      ] GC(136) - age   3:   34904424 bytes,  154666248 total
[2024-02-06T10:10:31.117+0000][1536][gc,heap     ] GC(136) Eden regions: 401->0(464)
[2024-02-06T10:10:31.117+0000][1536][gc,heap     ] GC(136) Survivor regions: 43->39(56)
[2024-02-06T10:10:31.117+0000][1536][gc,heap     ] GC(136) Old regions: 289->301
[2024-02-06T10:10:31.118+0000][1536][gc,heap     ] GC(136) Archive regions: 0->0
[2024-02-06T10:10:31.118+0000][1536][gc,heap     ] GC(136) Humongous regions: 2->2
[2024-02-06T10:10:31.118+0000][1536][gc,metaspace] GC(136) Metaspace: 132200K(138176K)->132200K(138176K) NonClass: 115138K(118912K)->115138K(118912K) Class: 17062K(19264K)->17062K(19264K)
[2024-02-06T10:10:31.118+0000][1536][gc          ] GC(136) Pause Young (Normal) (G1 Evacuation Pause) 2936M->1366M(4040M) 110.396ms
[2024-02-06T10:10:31.118+0000][1536][gc,cpu      ] GC(136) User=0.34s Sys=0.20s Real=0.11s
[2024-02-06T10:10:31.118+0000][1536][safepoint   ] Safepoint "G1CollectForAllocation", Time since last: 12577733400 ns, Reaching safepoint: 253300 ns, At safepoint: 111238800 ns, Total: 111492100 ns
[2024-02-06T10:10:49.081+0000][1536][gc,start    ] GC(137) Pause Young (Normal) (G1 Evacuation Pause)
[2024-02-06T10:10:49.081+0000][1536][gc,task     ] GC(137) Using 8 workers of 8 for evacuation
[2024-02-06T10:10:49.082+0000][1536][gc,age      ] GC(137) Desired survivor size 132120576 bytes, new threshold 3 (max threshold 15)
[2024-02-06T10:10:49.215+0000][1536][gc,phases   ] GC(137)   Pre Evacuate Collection Set: 0.3ms
[2024-02-06T10:10:49.215+0000][1536][gc,phases   ] GC(137)   Merge Heap Roots: 0.4ms
[2024-02-06T10:10:49.215+0000][1536][gc,phases   ] GC(137)   Evacuate Collection Set: 130.2ms
[2024-02-06T10:10:49.215+0000][1536][gc,phases   ] GC(137)   Post Evacuate Collection Set: 0.9ms
[2024-02-06T10:10:49.216+0000][1536][gc,phases   ] GC(137)   Other: 1.6ms
[2024-02-06T10:10:49.216+0000][1536][gc,age      ] GC(137) Age table with threshold 3 (max threshold 15)
[2024-02-06T10:10:49.216+0000][1536][gc,age      ] GC(137) - age   1:   74711696 bytes,   74711696 total
[2024-02-06T10:10:49.216+0000][1536][gc,age      ] GC(137) - age   2:   42313152 bytes,  117024848 total
[2024-02-06T10:10:49.216+0000][1536][gc,age      ] GC(137) - age   3:   53317840 bytes,  170342688 total
[2024-02-06T10:10:49.216+0000][1536][gc,heap     ] GC(137) Eden regions: 464->0(452)
[2024-02-06T10:10:49.216+0000][1536][gc,heap     ] GC(137) Survivor regions: 39->43(63)
[2024-02-06T10:10:49.216+0000][1536][gc,heap     ] GC(137) Old regions: 301->308
[2024-02-06T10:10:49.216+0000][1536][gc,heap     ] GC(137) Archive regions: 0->0
[2024-02-06T10:10:49.216+0000][1536][gc,heap     ] GC(137) Humongous regions: 2->2
[2024-02-06T10:10:49.216+0000][1536][gc,metaspace] GC(137) Metaspace: 132200K(138176K)->132200K(138176K) NonClass: 115138K(118912K)->115138K(118912K) Class: 17062K(19264K)->17062K(19264K)
[2024-02-06T10:10:49.216+0000][1536][gc          ] GC(137) Pause Young (Normal) (G1 Evacuation Pause) 3222M->1409M(4040M) 134.042ms
[2024-02-06T10:10:49.216+0000][1536][gc,cpu      ] GC(137) User=0.45s Sys=0.27s Real=0.13s
[2024-02-06T10:10:49.216+0000][1536][safepoint   ] Safepoint "G1CollectForAllocation", Time since last: 17962755700 ns, Reaching safepoint: 165200 ns, At safepoint: 134398300 ns, Total: 134563500 ns
[2024-02-06T10:10:54.289+0000][1536][safepoint   ] Safepoint "Cleanup", Time since last: 5038566100 ns, Reaching safepoint: 33798800 ns, At safepoint: 54400 ns, Total: 33853200 ns
[2024-02-06T10:11:02.425+0000][1536][gc,start    ] GC(138) Pause Young (Concurrent Start) (G1 Evacuation Pause)
[2024-02-06T10:11:02.425+0000][1536][gc,task     ] GC(138) Using 8 workers of 8 for evacuation
[2024-02-06T10:11:02.425+0000][1536][gc,age      ] GC(138) Desired survivor size 130023424 bytes, new threshold 3 (max threshold 15)
[2024-02-06T10:11:02.554+0000][1536][gc,phases   ] GC(138)   Pre Evacuate Collection Set: 0.5ms
[2024-02-06T10:11:02.554+0000][1536][gc,phases   ] GC(138)   Merge Heap Roots: 0.2ms
[2024-02-06T10:11:02.554+0000][1536][gc,phases   ] GC(138)   Evacuate Collection Set: 133.6ms
[2024-02-06T10:11:02.554+0000][1536][gc,phases   ] GC(138)   Post Evacuate Collection Set: 1.3ms
[2024-02-06T10:11:02.562+0000][1536][gc,phases   ] GC(138)   Other: 0.3ms
[2024-02-06T10:11:02.562+0000][1536][gc,age      ] GC(138) Age table with threshold 3 (max threshold 15)
[2024-02-06T10:11:02.562+0000][1536][gc,age      ] GC(138) - age   1:   66700272 bytes,   66700272 total
[2024-02-06T10:11:02.562+0000][1536][gc,age      ] GC(138) - age   2:   56527640 bytes,  123227912 total
[2024-02-06T10:11:02.562+0000][1536][gc,age      ] GC(138) - age   3:   36664408 bytes,  159892320 total
[2024-02-06T10:11:02.562+0000][1536][gc,heap     ] GC(138) Eden regions: 452->0(441)
[2024-02-06T10:11:02.562+0000][1536][gc,heap     ] GC(138) Survivor regions: 43->41(62)
[2024-02-06T10:11:02.562+0000][1536][gc,heap     ] GC(138) Old regions: 308->321
[2024-02-06T10:11:02.562+0000][1536][gc,heap     ] GC(138) Archive regions: 0->0
[2024-02-06T10:11:02.562+0000][1536][gc,heap     ] GC(138) Humongous regions: 2->2
[2024-02-06T10:11:02.562+0000][1536][gc,metaspace] GC(138) Metaspace: 132200K(138176K)->132200K(138176K) NonClass: 115138K(118912K)->115138K(118912K) Class: 17062K(19264K)->17062K(19264K)
[2024-02-06T10:11:02.562+0000][1536][gc          ] GC(138) Pause Young (Concurrent Start) (G1 Evacuation Pause) 3217M->1450M(4040M) 136.467ms
[2024-02-06T10:11:02.562+0000][1536][gc,cpu      ] GC(138) User=0.31s Sys=0.25s Real=0.14s
[2024-02-06T10:11:02.562+0000][1536][gc          ] GC(139) Concurrent Mark Cycle
[2024-02-06T10:11:02.562+0000][1536][gc,marking  ] GC(139) Concurrent Clear Claimed Marks
[2024-02-06T10:11:02.562+0000][1536][safepoint   ] Safepoint "G1CollectForAllocation", Time since last: 8136491400 ns, Reaching safepoint: 116100 ns, At safepoint: 136762500 ns, Total: 136878600 ns
[2024-02-06T10:11:02.562+0000][1536][gc,marking  ] GC(139) Concurrent Clear Claimed Marks 0.231ms
[2024-02-06T10:11:02.562+0000][1536][gc,marking  ] GC(139) Concurrent Scan Root Regions
[2024-02-06T10:11:02.720+0000][1536][gc,marking  ] GC(139) Concurrent Scan Root Regions 160.109ms
[2024-02-06T10:11:02.720+0000][1536][gc,marking  ] GC(139) Concurrent Mark
[2024-02-06T10:11:02.720+0000][1536][gc,marking  ] GC(139) Concurrent Mark From Roots
[2024-02-06T10:11:02.720+0000][1536][gc,task     ] GC(139) Using 2 workers of 2 for marking
[2024-02-06T10:11:03.402+0000][1536][gc,marking  ] GC(139) Concurrent Mark From Roots 680.694ms
[2024-02-06T10:11:03.402+0000][1536][gc,marking  ] GC(139) Concurrent Preclean
[2024-02-06T10:11:03.402+0000][1536][gc,marking  ] GC(139) Concurrent Preclean 1.453ms
[2024-02-06T10:11:03.405+0000][1536][gc,start    ] GC(139) Pause Remark
[2024-02-06T10:11:03.429+0000][1536][gc          ] GC(139) Pause Remark 1590M->1586M(4040M) 24.272ms
[2024-02-06T10:11:03.429+0000][1536][gc,cpu      ] GC(139) User=0.06s Sys=0.03s Real=0.02s
[2024-02-06T10:11:03.429+0000][1536][safepoint   ] Safepoint "G1Concurrent", Time since last: 842887400 ns, Reaching safepoint: 165900 ns, At safepoint: 24640800 ns, Total: 24806700 ns
[2024-02-06T10:11:03.429+0000][1536][gc,marking  ] GC(139) Concurrent Mark 707.410ms
[2024-02-06T10:11:03.429+0000][1536][gc,marking  ] GC(139) Concurrent Rebuild Remembered Sets
[2024-02-06T10:11:03.649+0000][1536][gc,marking  ] GC(139) Concurrent Rebuild Remembered Sets 219.595ms
[2024-02-06T10:11:03.650+0000][1536][gc,start    ] GC(139) Pause Cleanup
[2024-02-06T10:11:03.650+0000][1536][gc          ] GC(139) Pause Cleanup 1626M->1626M(4040M) 0.470ms
[2024-02-06T10:11:03.650+0000][1536][gc,cpu      ] GC(139) User=0.00s Sys=0.00s Real=0.00s
[2024-02-06T10:11:03.650+0000][1536][safepoint   ] Safepoint "G1Concurrent", Time since last: 219973200 ns, Reaching safepoint: 111500 ns, At safepoint: 637900 ns, Total: 749400 ns
[2024-02-06T10:11:03.650+0000][1536][gc,marking  ] GC(139) Concurrent Cleanup for Next Mark
[2024-02-06T10:11:03.676+0000][1536][gc,marking  ] GC(139) Concurrent Cleanup for Next Mark 26.088ms
[2024-02-06T10:11:03.676+0000][1536][gc          ] GC(139) Concurrent Mark Cycle 1114.696ms
[2024-02-06T10:11:09.700+0000][1536][safepoint   ] Safepoint "Cleanup", Time since last: 6049186400 ns, Reaching safepoint: 123100 ns, At safepoint: 65200 ns, Total: 188300 ns
[2024-02-06T10:11:18.240+0000][1536][gc,start    ] GC(140) Pause Young (Prepare Mixed) (G1 Evacuation Pause)
[2024-02-06T10:11:18.240+0000][1536][gc,task     ] GC(140) Using 8 workers of 8 for evacuation
[2024-02-06T10:11:18.240+0000][1536][gc,age      ] GC(140) Desired survivor size 127926272 bytes, new threshold 3 (max threshold 15)
[2024-02-06T10:11:18.348+0000][1536][gc,phases   ] GC(140)   Pre Evacuate Collection Set: 0.4ms
[2024-02-06T10:11:18.348+0000][1536][gc,phases   ] GC(140)   Merge Heap Roots: 0.4ms
[2024-02-06T10:11:18.348+0000][1536][gc,phases   ] GC(140)   Evacuate Collection Set: 104.4ms
[2024-02-06T10:11:18.348+0000][1536][gc,phases   ] GC(140)   Post Evacuate Collection Set: 1.1ms
[2024-02-06T10:11:18.348+0000][1536][gc,phases   ] GC(140)   Other: 1.5ms
[2024-02-06T10:11:18.348+0000][1536][gc,age      ] GC(140) Age table with threshold 3 (max threshold 15)
[2024-02-06T10:11:18.348+0000][1536][gc,age      ] GC(140) - age   1:   72297704 bytes,   72297704 total
[2024-02-06T10:11:18.348+0000][1536][gc,age      ] GC(140) - age   2:   56336384 bytes,  128634088 total
[2024-02-06T10:11:18.348+0000][1536][gc,age      ] GC(140) - age   3:   46772480 bytes,  175406568 total
[2024-02-06T10:11:18.348+0000][1536][gc,heap     ] GC(140) Eden regions: 441->0(6)
[2024-02-06T10:11:18.348+0000][1536][gc,heap     ] GC(140) Survivor regions: 41->44(61)
[2024-02-06T10:11:18.348+0000][1536][gc,heap     ] GC(140) Old regions: 320->327
[2024-02-06T10:11:18.348+0000][1536][gc,heap     ] GC(140) Archive regions: 0->0
[2024-02-06T10:11:18.348+0000][1536][gc,heap     ] GC(140) Humongous regions: 2->2
[2024-02-06T10:11:18.348+0000][1536][gc,metaspace] GC(140) Metaspace: 132201K(138176K)->132201K(138176K) NonClass: 115139K(118912K)->115139K(118912K) Class: 17062K(19264K)->17062K(19264K)
[2024-02-06T10:11:18.349+0000][1536][gc          ] GC(140) Pause Young (Prepare Mixed) (G1 Evacuation Pause) 3210M->1491M(4040M) 108.256ms
[2024-02-06T10:11:18.349+0000][1536][gc,cpu      ] GC(140) User=0.34s Sys=0.25s Real=0.11s
[2024-02-06T10:11:18.349+0000][1536][safepoint   ] Safepoint "G1CollectForAllocation", Time since last: 8540517600 ns, Reaching safepoint: 162500 ns, At safepoint: 108766800 ns, Total: 108929300 ns
[2024-02-06T10:11:18.450+0000][1536][gc,start    ] GC(141) Pause Young (Mixed) (G1 Evacuation Pause)
[2024-02-06T10:11:18.450+0000][1536][gc,task     ] GC(141) Using 8 workers of 8 for evacuation
[2024-02-06T10:11:18.450+0000][1536][gc,age      ] GC(141) Desired survivor size 14680064 bytes, new threshold 1 (max threshold 15)
[2024-02-06T10:11:19.020+0000][1536][gc,mmu      ] GC(141) MMU target violated: 201.0ms (200.0ms/201.0ms)
[2024-02-06T10:11:19.043+0000][1536][gc,phases   ] GC(141)   Pre Evacuate Collection Set: 0.3ms
[2024-02-06T10:11:19.043+0000][1536][gc,phases   ] GC(141)   Merge Heap Roots: 0.3ms
[2024-02-06T10:11:19.043+0000][1536][gc,phases   ] GC(141)   Evacuate Collection Set: 566.3ms
[2024-02-06T10:11:19.043+0000][1536][gc,phases   ] GC(141)   Post Evacuate Collection Set: 2.7ms
[2024-02-06T10:11:19.043+0000][1536][gc,phases   ] GC(141)   Other: 22.6ms
[2024-02-06T10:11:19.043+0000][1536][gc,age      ] GC(141) Age table with threshold 1 (max threshold 15)
[2024-02-06T10:11:19.043+0000][1536][gc,age      ] GC(141) - age   1:    1048656 bytes,    1048656 total
[2024-02-06T10:11:19.043+0000][1536][gc,heap     ] GC(141) Eden regions: 6->0(46)
[2024-02-06T10:11:19.043+0000][1536][gc,heap     ] GC(141) Survivor regions: 44->4(7)
[2024-02-06T10:11:19.043+0000][1536][gc,heap     ] GC(141) Old regions: 327->285
[2024-02-06T10:11:19.044+0000][1536][gc,heap     ] GC(141) Archive regions: 0->0
[2024-02-06T10:11:19.044+0000][1536][gc,heap     ] GC(141) Humongous regions: 2->2
[2024-02-06T10:11:19.044+0000][1536][gc,metaspace] GC(141) Metaspace: 132201K(138176K)->132201K(138176K) NonClass: 115139K(118912K)->115139K(118912K) Class: 17062K(19264K)->17062K(19264K)
[2024-02-06T10:11:19.044+0000][1536][gc          ] GC(141) Pause Young (Mixed) (G1 Evacuation Pause) 1515M->1161M(4040M) 593.123ms
[2024-02-06T10:11:19.044+0000][1536][gc,cpu      ] GC(141) User=0.28s Sys=2.06s Real=0.59s
[2024-02-06T10:11:19.048+0000][1536][safepoint   ] Safepoint "G1CollectForAllocation", Time since last: 101480400 ns, Reaching safepoint: 114800 ns, At safepoint: 597421100 ns, Total: 597535900 ns
[2024-02-06T10:11:20.054+0000][1536][safepoint   ] Safepoint "Cleanup", Time since last: 1005709800 ns, Reaching safepoint: 141800 ns, At safepoint: 20400 ns, Total: 162200 ns
[2024-02-06T10:11:20.708+0000][1536][gc,start    ] GC(142) Pause Young (Mixed) (G1 Evacuation Pause)
[2024-02-06T10:11:20.708+0000][1536][gc,task     ] GC(142) Using 8 workers of 8 for evacuation
[2024-02-06T10:11:20.708+0000][1536][gc,age      ] GC(142) Desired survivor size 14680064 bytes, new threshold 15 (max threshold 15)
[2024-02-06T10:11:20.877+0000][1536][gc,phases   ] GC(142)   Pre Evacuate Collection Set: 0.4ms
[2024-02-06T10:11:20.877+0000][1536][gc,phases   ] GC(142)   Merge Heap Roots: 0.5ms
[2024-02-06T10:11:20.877+0000][1536][gc,phases   ] GC(142)   Evacuate Collection Set: 138.2ms
[2024-02-06T10:11:20.877+0000][1536][gc,phases   ] GC(142)   Merge Optional Heap Roots: 0.1ms
[2024-02-06T10:11:20.877+0000][1536][gc,phases   ] GC(142)   Evacuate Optional Collection Set: 22.1ms
[2024-02-06T10:11:20.877+0000][1536][gc,phases   ] GC(142)   Post Evacuate Collection Set: 2.4ms
[2024-02-06T10:11:20.877+0000][1536][gc,phases   ] GC(142)   Other: 5.2ms
[2024-02-06T10:11:20.877+0000][1536][gc,age      ] GC(142) Age table with threshold 15 (max threshold 15)
[2024-02-06T10:11:20.877+0000][1536][gc,age      ] GC(142) - age   1:    6960816 bytes,    6960816 total
[2024-02-06T10:11:20.877+0000][1536][gc,age      ] GC(142) - age   2:     229456 bytes,    7190272 total
[2024-02-06T10:11:20.877+0000][1536][gc,heap     ] GC(142) Eden regions: 46->0(539)
[2024-02-06T10:11:20.877+0000][1536][gc,heap     ] GC(142) Survivor regions: 4->3(7)
[2024-02-06T10:11:20.877+0000][1536][gc,heap     ] GC(142) Old regions: 285->220
[2024-02-06T10:11:20.877+0000][1536][gc,heap     ] GC(142) Archive regions: 0->0
[2024-02-06T10:11:20.877+0000][1536][gc,heap     ] GC(142) Humongous regions: 2->2
[2024-02-06T10:11:20.877+0000][1536][gc,metaspace] GC(142) Metaspace: 132201K(138176K)->132201K(138176K) NonClass: 115139K(118912K)->115139K(118912K) Class: 17062K(19264K)->17062K(19264K)
[2024-02-06T10:11:20.877+0000][1536][gc          ] GC(142) Pause Young (Mixed) (G1 Evacuation Pause) 1345M->898M(4040M) 169.120ms
[2024-02-06T10:11:20.877+0000][1536][gc,cpu      ] GC(142) User=0.27s Sys=0.47s Real=0.17s
[2024-02-06T10:11:20.877+0000][1536][safepoint   ] Safepoint "G1CollectForAllocation", Time since last: 654136200 ns, Reaching safepoint: 142200 ns, At safepoint: 169363900 ns, Total: 169506100 ns
[2024-02-06T10:11:22.910+0000][1536][safepoint   ] Safepoint "Cleanup", Time since last: 2014733400 ns, Reaching safepoint: 16662000 ns, At safepoint: 876800 ns, Total: 17538800 ns
[2024-02-06T10:11:27.979+0000][1536][safepoint   ] Safepoint "Cleanup", Time since last: 5042693200 ns, Reaching safepoint: 26109600 ns, At safepoint: 83300 ns, Total: 26192900 ns
[2024-02-06T10:11:38.998+0000][1536][gc,start    ] GC(143) Pause Young (Normal) (G1 Evacuation Pause)
[2024-02-06T10:11:38.998+0000][1536][gc,task     ] GC(143) Using 8 workers of 8 for evacuation
[2024-02-06T10:11:38.998+0000][1536][gc,age      ] GC(143) Desired survivor size 142606336 bytes, new threshold 15 (max threshold 15)
[2024-02-06T10:11:39.138+0000][1536][gc,phases   ] GC(143)   Pre Evacuate Collection Set: 0.2ms
[2024-02-06T10:11:39.138+0000][1536][gc,phases   ] GC(143)   Merge Heap Roots: 0.3ms
[2024-02-06T10:11:39.138+0000][1536][gc,phases   ] GC(143)   Evacuate Collection Set: 138.0ms
[2024-02-06T10:11:39.138+0000][1536][gc,phases   ] GC(143)   Post Evacuate Collection Set: 1.3ms
[2024-02-06T10:11:39.138+0000][1536][gc,phases   ] GC(143)   Other: 0.2ms
[2024-02-06T10:11:39.138+0000][1536][gc,age      ] GC(143) Age table with threshold 15 (max threshold 15)
[2024-02-06T10:11:39.138+0000][1536][gc,age      ] GC(143) - age   1:   76928000 bytes,   76928000 total
[2024-02-06T10:11:39.138+0000][1536][gc,age      ] GC(143) - age   2:    3950128 bytes,   80878128 total
[2024-02-06T10:11:39.138+0000][1536][gc,age      ] GC(143) - age   3:     170472 bytes,   81048600 total
[2024-02-06T10:11:39.138+0000][1536][gc,heap     ] GC(143) Eden regions: 539->0(241)
[2024-02-06T10:11:39.138+0000][1536][gc,heap     ] GC(143) Survivor regions: 3->21(68)
[2024-02-06T10:11:39.138+0000][1536][gc,heap     ] GC(143) Old regions: 220->220
[2024-02-06T10:11:39.138+0000][1536][gc,heap     ] GC(143) Archive regions: 0->0
[2024-02-06T10:11:39.138+0000][1536][gc,heap     ] GC(143) Humongous regions: 2->2
[2024-02-06T10:11:39.138+0000][1536][gc,metaspace] GC(143) Metaspace: 132201K(138176K)->132201K(138176K) NonClass: 115139K(118912K)->115139K(118912K) Class: 17062K(19264K)->17062K(19264K)
[2024-02-06T10:11:39.138+0000][1536][gc          ] GC(143) Pause Young (Normal) (G1 Evacuation Pause) 3054M->968M(4040M) 140.631ms
[2024-02-06T10:11:39.138+0000][1536][gc,cpu      ] GC(143) User=0.14s Sys=0.47s Real=0.14s
[2024-02-06T10:11:39.138+0000][1536][safepoint   ] Safepoint "G1CollectForAllocation", Time since last: 11020559800 ns, Reaching safepoint: 136800 ns, At safepoint: 140909200 ns, Total: 141046000 ns
[2024-02-06T10:11:40.162+0000][1536][safepoint   ] Safepoint "Cleanup", Time since last: 1009811900 ns, Reaching safepoint: 12096000 ns, At safepoint: 82300 ns, Total: 12178300 ns
[2024-02-06T10:11:41.194+0000][1536][safepoint   ] Safepoint "Cleanup", Time since last: 1000665700 ns, Reaching safepoint: 31226900 ns, At safepoint: 182800 ns, Total: 31409700 ns
[2024-02-06T10:11:46.236+0000][1536][safepoint   ] Safepoint "Cleanup", Time since last: 5041496800 ns, Reaching safepoint: 132900 ns, At safepoint: 63800 ns, Total: 196700 ns
[2024-02-06T10:11:47.639+0000][1536][gc,start    ] GC(144) Pause Young (Normal) (G1 Evacuation Pause)
[2024-02-06T10:11:47.639+0000][1536][gc,task     ] GC(144) Using 8 workers of 8 for evacuation
[2024-02-06T10:11:47.639+0000][1536][gc,age      ] GC(144) Desired survivor size 69206016 bytes, new threshold 1 (max threshold 15)
[2024-02-06T10:11:47.726+0000][1536][gc,phases   ] GC(144)   Pre Evacuate Collection Set: 0.4ms
[2024-02-06T10:11:47.726+0000][1536][gc,phases   ] GC(144)   Merge Heap Roots: 0.5ms
[2024-02-06T10:11:47.726+0000][1536][gc,phases   ] GC(144)   Evacuate Collection Set: 87.2ms
[2024-02-06T10:11:47.726+0000][1536][gc,phases   ] GC(144)   Post Evacuate Collection Set: 1.6ms
[2024-02-06T10:11:47.726+0000][1536][gc,phases   ] GC(144)   Other: 0.4ms
[2024-02-06T10:11:47.726+0000][1536][gc,age      ] GC(144) Age table with threshold 1 (max threshold 15)
[2024-02-06T10:11:47.726+0000][1536][gc,age      ] GC(144) - age   1:   29363920 bytes,   29363920 total
[2024-02-06T10:11:47.726+0000][1536][gc,heap     ] GC(144) Eden regions: 241->0(541)
[2024-02-06T10:11:47.726+0000][1536][gc,heap     ] GC(144) Survivor regions: 21->9(33)
[2024-02-06T10:11:47.726+0000][1536][gc,heap     ] GC(144) Old regions: 220->240
[2024-02-06T10:11:47.726+0000][1536][gc,heap     ] GC(144) Archive regions: 0->0
[2024-02-06T10:11:47.726+0000][1536][gc,heap     ] GC(144) Humongous regions: 2->2
[2024-02-06T10:11:47.726+0000][1536][gc,metaspace] GC(144) Metaspace: 132203K(138176K)->132203K(138176K) NonClass: 115141K(118912K)->115141K(118912K) Class: 17062K(19264K)->17062K(19264K)
[2024-02-06T10:11:47.726+0000][1536][gc          ] GC(144) Pause Young (Normal) (G1 Evacuation Pause) 1932M->999M(4040M) 90.599ms
[2024-02-06T10:11:47.726+0000][1536][gc,cpu      ] GC(144) User=0.23s Sys=0.25s Real=0.09s
[2024-02-06T10:11:47.726+0000][1536][safepoint   ] Safepoint "G1CollectForAllocation", Time since last: 1345281400 ns, Reaching safepoint: 57464500 ns, At safepoint: 90894500 ns, Total: 148359000 ns
[2024-02-06T10:11:49.756+0000][1536][safepoint   ] Safepoint "Cleanup", Time since last: 2026522900 ns, Reaching safepoint: 100500 ns, At safepoint: 18700 ns, Total: 119200 ns
[2024-02-06T10:11:53.790+0000][1536][safepoint   ] Safepoint "Cleanup", Time since last: 4033055700 ns, Reaching safepoint: 158800 ns, At safepoint: 81500 ns, Total: 240300 ns
[2024-02-06T10:12:07.431+0000][1536][gc,start    ] GC(145) Pause Young (Normal) (G1 Evacuation Pause)
[2024-02-06T10:12:07.431+0000][1536][gc,task     ] GC(145) Using 8 workers of 8 for evacuation
[2024-02-06T10:12:07.431+0000][1536][gc,age      ] GC(145) Desired survivor size 144703488 bytes, new threshold 15 (max threshold 15)
[2024-02-06T10:12:07.561+0000][1536][gc,phases   ] GC(145)   Pre Evacuate Collection Set: 0.2ms
[2024-02-06T10:12:07.561+0000][1536][gc,phases   ] GC(145)   Merge Heap Roots: 0.2ms
[2024-02-06T10:12:07.561+0000][1536][gc,phases   ] GC(145)   Evacuate Collection Set: 125.2ms
[2024-02-06T10:12:07.561+0000][1536][gc,phases   ] GC(145)   Post Evacuate Collection Set: 1.1ms
[2024-02-06T10:12:07.561+0000][1536][gc,phases   ] GC(145)   Other: 0.3ms
[2024-02-06T10:12:07.561+0000][1536][gc,age      ] GC(145) Age table with threshold 15 (max threshold 15)
[2024-02-06T10:12:07.561+0000][1536][gc,age      ] GC(145) - age   1:   90620320 bytes,   90620320 total
[2024-02-06T10:12:07.561+0000][1536][gc,age      ] GC(145) - age   2:   23838680 bytes,  114459000 total
[2024-02-06T10:12:07.561+0000][1536][gc,heap     ] GC(145) Eden regions: 541->0(201)
[2024-02-06T10:12:07.561+0000][1536][gc,heap     ] GC(145) Survivor regions: 9->29(69)
[2024-02-06T10:12:07.561+0000][1536][gc,heap     ] GC(145) Old regions: 240->240
[2024-02-06T10:12:07.561+0000][1536][gc,heap     ] GC(145) Archive regions: 0->0
[2024-02-06T10:12:07.561+0000][1536][gc,heap     ] GC(145) Humongous regions: 2->2
[2024-02-06T10:12:07.561+0000][1536][gc,metaspace] GC(145) Metaspace: 132203K(138176K)->132203K(138176K) NonClass: 115141K(118912K)->115141K(118912K) Class: 17062K(19264K)->17062K(19264K)
[2024-02-06T10:12:07.561+0000][1536][gc          ] GC(145) Pause Young (Normal) (G1 Evacuation Pause) 3163M->1080M(4040M) 127.557ms
[2024-02-06T10:12:07.561+0000][1536][gc,cpu      ] GC(145) User=0.17s Sys=0.27s Real=0.13s
[2024-02-06T10:12:07.561+0000][1536][safepoint   ] Safepoint "G1CollectForAllocation", Time since last: 13644689000 ns, Reaching safepoint: 172600 ns, At safepoint: 127808100 ns, Total: 127980700 ns
[2024-02-06T10:12:10.571+0000][1536][safepoint   ] Safepoint "Cleanup", Time since last: 3008677100 ns, Reaching safepoint: 195200 ns, At safepoint: 31500 ns, Total: 226700 ns
[2024-02-06T10:12:11.572+0000][1536][safepoint   ] Safepoint "Cleanup", Time since last: 1000233500 ns, Reaching safepoint: 123800 ns, At safepoint: 117100 ns, Total: 240900 ns
[2024-02-06T10:12:14.771+0000][1536][gc,start    ] GC(146) Pause Young (Normal) (G1 Evacuation Pause)
[2024-02-06T10:12:14.771+0000][1536][gc,task     ] GC(146) Using 8 workers of 8 for evacuation
[2024-02-06T10:12:14.771+0000][1536][gc,age      ] GC(146) Desired survivor size 60817408 bytes, new threshold 1 (max threshold 15)
[2024-02-06T10:12:14.905+0000][1536][gc,phases   ] GC(146)   Pre Evacuate Collection Set: 0.3ms
[2024-02-06T10:12:14.905+0000][1536][gc,phases   ] GC(146)   Merge Heap Roots: 0.3ms
[2024-02-06T10:12:14.905+0000][1536][gc,phases   ] GC(146)   Evacuate Collection Set: 131.7ms
[2024-02-06T10:12:14.905+0000][1536][gc,phases   ] GC(146)   Post Evacuate Collection Set: 0.8ms
[2024-02-06T10:12:14.905+0000][1536][gc,phases   ] GC(146)   Other: 1.0ms
[2024-02-06T10:12:14.905+0000][1536][gc,age      ] GC(146) Age table with threshold 1 (max threshold 15)
[2024-02-06T10:12:14.905+0000][1536][gc,age      ] GC(146) - age   1:   38969480 bytes,   38969480 total
[2024-02-06T10:12:14.905+0000][1536][gc,heap     ] GC(146) Eden regions: 201->0(490)
[2024-02-06T10:12:14.905+0000][1536][gc,heap     ] GC(146) Survivor regions: 29->11(29)
[2024-02-06T10:12:14.905+0000][1536][gc,heap     ] GC(146) Old regions: 240->266
[2024-02-06T10:12:14.905+0000][1536][gc,heap     ] GC(146) Archive regions: 0->0
[2024-02-06T10:12:14.905+0000][1536][gc,heap     ] GC(146) Humongous regions: 2->2
[2024-02-06T10:12:14.905+0000][1536][gc,metaspace] GC(146) Metaspace: 132203K(138176K)->132203K(138176K) NonClass: 115141K(118912K)->115141K(118912K) Class: 17062K(19264K)->17062K(19264K)
[2024-02-06T10:12:14.905+0000][1536][gc          ] GC(146) Pause Young (Normal) (G1 Evacuation Pause) 1884M->1114M(4040M) 134.541ms
[2024-02-06T10:12:14.905+0000][1536][gc,cpu      ] GC(146) User=0.22s Sys=0.55s Real=0.13s
[2024-02-06T10:12:14.905+0000][1536][safepoint   ] Safepoint "G1CollectForAllocation", Time since last: 3151118500 ns, Reaching safepoint: 47620700 ns, At safepoint: 134974400 ns, Total: 182595100 ns
[2024-02-06T10:12:18.937+0000][1536][safepoint   ] Safepoint "Cleanup", Time since last: 4031251300 ns, Reaching safepoint: 102300 ns, At safepoint: 16600 ns, Total: 118900 ns
[2024-02-06T10:12:19.942+0000][1536][safepoint   ] Safepoint "Cleanup", Time since last: 1005227800 ns, Reaching safepoint: 185400 ns, At safepoint: 63900 ns, Total: 249300 ns
[2024-02-06T10:12:20.948+0000][1536][safepoint   ] Safepoint "Cleanup", Time since last: 1005101900 ns, Reaching safepoint: 89300 ns, At safepoint: 27000 ns, Total: 116300 ns
[2024-02-06T10:12:24.964+0000][1536][safepoint   ] Safepoint "Cleanup", Time since last: 4016211300 ns, Reaching safepoint: 81800 ns, At safepoint: 13700 ns, Total: 95500 ns
[2024-02-06T10:12:29.688+0000][1536][gc,start    ] GC(147) Pause Young (Normal) (G1 Evacuation Pause)
[2024-02-06T10:12:29.688+0000][1536][gc,task     ] GC(147) Using 8 workers of 8 for evacuation
[2024-02-06T10:12:29.688+0000][1536][gc,age      ] GC(147) Desired survivor size 132120576 bytes, new threshold 15 (max threshold 15)
[2024-02-06T10:12:29.740+0000][1536][gc,phases   ] GC(147)   Pre Evacuate Collection Set: 0.2ms
[2024-02-06T10:12:29.740+0000][1536][gc,phases   ] GC(147)   Merge Heap Roots: 0.2ms
[2024-02-06T10:12:29.740+0000][1536][gc,phases   ] GC(147)   Evacuate Collection Set: 36.0ms
[2024-02-06T10:12:29.740+0000][1536][gc,phases   ] GC(147)   Post Evacuate Collection Set: 1.0ms
[2024-02-06T10:12:29.740+0000][1536][gc,phases   ] GC(147)   Other: 1.5ms
[2024-02-06T10:12:29.740+0000][1536][gc,age      ] GC(147) Age table with threshold 15 (max threshold 15)
[2024-02-06T10:12:29.740+0000][1536][gc,age      ] GC(147) - age   1:   70522624 bytes,   70522624 total
[2024-02-06T10:12:29.740+0000][1536][gc,age      ] GC(147) - age   2:   32166928 bytes,  102689552 total
[2024-02-06T10:12:29.740+0000][1536][gc,heap     ] GC(147) Eden regions: 490->0(401)
[2024-02-06T10:12:29.740+0000][1536][gc,heap     ] GC(147) Survivor regions: 11->26(63)
[2024-02-06T10:12:29.740+0000][1536][gc,heap     ] GC(147) Old regions: 266->266
[2024-02-06T10:12:29.740+0000][1536][gc,heap     ] GC(147) Archive regions: 0->0
[2024-02-06T10:12:29.740+0000][1536][gc,heap     ] GC(147) Humongous regions: 2->2
[2024-02-06T10:12:29.740+0000][1536][gc,metaspace] GC(147) Metaspace: 132203K(138176K)->132203K(138176K) NonClass: 115141K(118912K)->115141K(118912K) Class: 17062K(19264K)->17062K(19264K)
[2024-02-06T10:12:29.740+0000][1536][gc          ] GC(147) Pause Young (Normal) (G1 Evacuation Pause) 3074M->1174M(4040M) 39.646ms
[2024-02-06T10:12:29.741+0000][1536][gc,cpu      ] GC(147) User=0.28s Sys=0.02s Real=0.05s
[2024-02-06T10:12:29.741+0000][1536][safepoint   ] Safepoint "G1CollectForAllocation", Time since last: 4736946000 ns, Reaching safepoint: 75800 ns, At safepoint: 39809400 ns, Total: 39885200 ns
[2024-02-06T10:12:42.001+0000][1536][gc,start    ] GC(148) Pause Young (Normal) (G1 Evacuation Pause)
[2024-02-06T10:12:42.001+0000][1536][gc,task     ] GC(148) Using 8 workers of 8 for evacuation
[2024-02-06T10:12:42.001+0000][1536][gc,age      ] GC(148) Desired survivor size 113246208 bytes, new threshold 15 (max threshold 15)
[2024-02-06T10:12:42.076+0000][1536][gc,phases   ] GC(148)   Pre Evacuate Collection Set: 0.4ms
[2024-02-06T10:12:42.078+0000][1536][gc,phases   ] GC(148)   Merge Heap Roots: 0.5ms
[2024-02-06T10:12:42.078+0000][1536][gc,phases   ] GC(148)   Evacuate Collection Set: 71.6ms
[2024-02-06T10:12:42.078+0000][1536][gc,phases   ] GC(148)   Post Evacuate Collection Set: 2.8ms
[2024-02-06T10:12:42.078+0000][1536][gc,phases   ] GC(148)   Other: 0.9ms
[2024-02-06T10:12:42.078+0000][1536][gc,age      ] GC(148) Age table with threshold 15 (max threshold 15)
[2024-02-06T10:12:42.078+0000][1536][gc,age      ] GC(148) - age   1:   63684464 bytes,   63684464 total
[2024-02-06T10:12:42.078+0000][1536][gc,age      ] GC(148) - age   2:   60546792 bytes,  124231256 total
[2024-02-06T10:12:42.078+0000][1536][gc,age      ] GC(148) - age   3:   26649144 bytes,  150880400 total
[2024-02-06T10:12:42.078+0000][1536][gc,heap     ] GC(148) Eden regions: 401->0(322)
[2024-02-06T10:12:42.078+0000][1536][gc,heap     ] GC(148) Survivor regions: 26->38(54)
[2024-02-06T10:12:42.078+0000][1536][gc,heap     ] GC(148) Old regions: 266->266
[2024-02-06T10:12:42.078+0000][1536][gc,heap     ] GC(148) Archive regions: 0->0
[2024-02-06T10:12:42.078+0000][1536][gc,heap     ] GC(148) Humongous regions: 2->2
[2024-02-06T10:12:42.078+0000][1536][gc,metaspace] GC(148) Metaspace: 132204K(138176K)->132204K(138176K) NonClass: 115142K(118912K)->115142K(118912K) Class: 17062K(19264K)->17062K(19264K)
[2024-02-06T10:12:42.079+0000][1536][gc          ] GC(148) Pause Young (Normal) (G1 Evacuation Pause) 2778M->1222M(4040M) 77.477ms
[2024-02-06T10:12:42.079+0000][1536][gc,cpu      ] GC(148) User=0.39s Sys=0.02s Real=0.08s
[2024-02-06T10:12:42.079+0000][1536][safepoint   ] Safepoint "G1CollectForAllocation", Time since last: 12008253500 ns, Reaching safepoint: 252306700 ns, At safepoint: 78066600 ns, Total: 330373300 ns
[2024-02-06T10:12:43.136+0000][1536][safepoint   ] Safepoint "Cleanup", Time since last: 1005222200 ns, Reaching safepoint: 50237100 ns, At safepoint: 1541200 ns, Total: 51778300 ns
[2024-02-06T10:12:44.145+0000][1536][safepoint   ] Safepoint "Cleanup", Time since last: 1008232800 ns, Reaching safepoint: 148400 ns, At safepoint: 33900 ns, Total: 182300 ns
[2024-02-06T10:12:45.161+0000][1536][safepoint   ] Safepoint "Cleanup", Time since last: 1016261000 ns, Reaching safepoint: 120900 ns, At safepoint: 61900 ns, Total: 182800 ns
[2024-02-06T10:12:47.172+0000][1536][safepoint   ] Safepoint "Cleanup", Time since last: 2009812800 ns, Reaching safepoint: 772400 ns, At safepoint: 81700 ns, Total: 854100 ns
[2024-02-06T10:12:48.217+0000][1536][safepoint   ] Safepoint "Cleanup", Time since last: 1004709500 ns, Reaching safepoint: 40049300 ns, At safepoint: 74100 ns, Total: 40123400 ns
[2024-02-06T10:12:51.545+0000][1536][gc,start    ] GC(149) Pause Young (Normal) (G1 Evacuation Pause)
[2024-02-06T10:12:51.545+0000][1536][gc,task     ] GC(149) Using 8 workers of 8 for evacuation
[2024-02-06T10:12:51.545+0000][1536][gc,age      ] GC(149) Desired survivor size 94371840 bytes, new threshold 2 (max threshold 15)
[2024-02-06T10:12:51.755+0000][1536][gc,mmu      ] GC(149) MMU target violated: 201.0ms (200.0ms/201.0ms)
[2024-02-06T10:12:51.755+0000][1536][gc,phases   ] GC(149)   Pre Evacuate Collection Set: 0.2ms
[2024-02-06T10:12:51.755+0000][1536][gc,phases   ] GC(149)   Merge Heap Roots: 0.2ms
[2024-02-06T10:12:51.755+0000][1536][gc,phases   ] GC(149)   Evacuate Collection Set: 206.6ms
[2024-02-06T10:12:51.755+0000][1536][gc,phases   ] GC(149)   Post Evacuate Collection Set: 1.3ms
[2024-02-06T10:12:51.756+0000][1536][gc,phases   ] GC(149)   Other: 1.5ms
[2024-02-06T10:12:51.756+0000][1536][gc,age      ] GC(149) Age table with threshold 2 (max threshold 15)
[2024-02-06T10:12:51.756+0000][1536][gc,age      ] GC(149) - age   1:   42913176 bytes,   42913176 total
[2024-02-06T10:12:51.756+0000][1536][gc,age      ] GC(149) - age   2:   55784664 bytes,   98697840 total
[2024-02-06T10:12:51.756+0000][1536][gc,heap     ] GC(149) Eden regions: 322->0(439)
[2024-02-06T10:12:51.756+0000][1536][gc,heap     ] GC(149) Survivor regions: 38->26(45)
[2024-02-06T10:12:51.756+0000][1536][gc,heap     ] GC(149) Old regions: 266->286
[2024-02-06T10:12:51.756+0000][1536][gc,heap     ] GC(149) Archive regions: 0->0
[2024-02-06T10:12:51.756+0000][1536][gc,heap     ] GC(149) Humongous regions: 2->2
[2024-02-06T10:12:51.756+0000][1536][gc,metaspace] GC(149) Metaspace: 132215K(138176K)->132215K(138176K) NonClass: 115152K(118912K)->115152K(118912K) Class: 17063K(19264K)->17063K(19264K)
[2024-02-06T10:12:51.756+0000][1536][gc          ] GC(149) Pause Young (Normal) (G1 Evacuation Pause) 2510M->1252M(4040M) 210.354ms
[2024-02-06T10:12:51.756+0000][1536][gc,cpu      ] GC(149) User=0.25s Sys=0.45s Real=0.21s
[2024-02-06T10:12:51.756+0000][1536][safepoint   ] Safepoint "G1CollectForAllocation", Time since last: 3328971200 ns, Reaching safepoint: 135300 ns, At safepoint: 210678400 ns, Total: 210813700 ns
[2024-02-06T10:13:08.361+0000][1536][gc,start    ] GC(150) Pause Young (Normal) (G1 Evacuation Pause)
[2024-02-06T10:13:08.361+0000][1536][gc,task     ] GC(150) Using 8 workers of 8 for evacuation
[2024-02-06T10:13:08.361+0000][1536][gc,age      ] GC(150) Desired survivor size 123731968 bytes, new threshold 15 (max threshold 15)
[2024-02-06T10:13:08.408+0000][1536][gc,phases   ] GC(150)   Pre Evacuate Collection Set: 0.2ms
[2024-02-06T10:13:08.408+0000][1536][gc,phases   ] GC(150)   Merge Heap Roots: 0.2ms
[2024-02-06T10:13:08.408+0000][1536][gc,phases   ] GC(150)   Evacuate Collection Set: 43.7ms
[2024-02-06T10:13:08.408+0000][1536][gc,phases   ] GC(150)   Post Evacuate Collection Set: 1.5ms
[2024-02-06T10:13:08.408+0000][1536][gc,phases   ] GC(150)   Other: 0.5ms
[2024-02-06T10:13:08.408+0000][1536][gc,age      ] GC(150) Age table with threshold 15 (max threshold 15)
[2024-02-06T10:13:08.408+0000][1536][gc,age      ] GC(150) - age   1:   63980696 bytes,   63980696 total
[2024-02-06T10:13:08.408+0000][1536][gc,age      ] GC(150) - age   2:   35561784 bytes,   99542480 total
[2024-02-06T10:13:08.408+0000][1536][gc,age      ] GC(150) - age   3:   45910488 bytes,  145452968 total
[2024-02-06T10:13:08.408+0000][1536][gc,heap     ] GC(150) Eden regions: 439->0(401)
[2024-02-06T10:13:08.408+0000][1536][gc,heap     ] GC(150) Survivor regions: 26->37(59)
[2024-02-06T10:13:08.408+0000][1536][gc,heap     ] GC(150) Old regions: 286->286
[2024-02-06T10:13:08.408+0000][1536][gc,heap     ] GC(150) Archive regions: 0->0
[2024-02-06T10:13:08.408+0000][1536][gc,heap     ] GC(150) Humongous regions: 2->2
[2024-02-06T10:13:08.408+0000][1536][gc,metaspace] GC(150) Metaspace: 132215K(138176K)->132215K(138176K) NonClass: 115152K(118912K)->115152K(118912K) Class: 17063K(19264K)->17063K(19264K)
[2024-02-06T10:13:08.408+0000][1536][gc          ] GC(150) Pause Young (Normal) (G1 Evacuation Pause) 3008M->1298M(4040M) 46.827ms
[2024-02-06T10:13:08.408+0000][1536][gc,cpu      ] GC(150) User=0.28s Sys=0.06s Real=0.05s
[2024-02-06T10:13:08.408+0000][1536][safepoint   ] Safepoint "G1CollectForAllocation", Time since last: 16605156200 ns, Reaching safepoint: 119000 ns, At safepoint: 47062600 ns, Total: 47181600 ns
[2024-02-06T10:13:19.569+0000][1536][safepoint   ] Safepoint "Cleanup", Time since last: 11089926300 ns, Reaching safepoint: 70321200 ns, At safepoint: 445200 ns, Total: 70766400 ns
[2024-02-06T10:13:21.377+0000][1536][gc,start    ] GC(151) Pause Young (Normal) (G1 Evacuation Pause)
[2024-02-06T10:13:21.377+0000][1536][gc,task     ] GC(151) Using 8 workers of 8 for evacuation
[2024-02-06T10:13:21.377+0000][1536][gc,age      ] GC(151) Desired survivor size 115343360 bytes, new threshold 3 (max threshold 15)
[2024-02-06T10:13:21.484+0000][1536][gc,phases   ] GC(151)   Pre Evacuate Collection Set: 0.2ms
[2024-02-06T10:13:21.484+0000][1536][gc,phases   ] GC(151)   Merge Heap Roots: 0.3ms
[2024-02-06T10:13:21.484+0000][1536][gc,phases   ] GC(151)   Evacuate Collection Set: 104.0ms
[2024-02-06T10:13:21.484+0000][1536][gc,phases   ] GC(151)   Post Evacuate Collection Set: 0.7ms
[2024-02-06T10:13:21.484+0000][1536][gc,phases   ] GC(151)   Other: 0.2ms
[2024-02-06T10:13:21.484+0000][1536][gc,age      ] GC(151) Age table with threshold 3 (max threshold 15)
[2024-02-06T10:13:21.484+0000][1536][gc,age      ] GC(151) - age   1:   60556840 bytes,   60556840 total
[2024-02-06T10:13:21.484+0000][1536][gc,age      ] GC(151) - age   2:   55393408 bytes,  115950248 total
[2024-02-06T10:13:21.484+0000][1536][gc,age      ] GC(151) - age   3:   34587328 bytes,  150537576 total
[2024-02-06T10:13:21.484+0000][1536][gc,heap     ] GC(151) Eden regions: 401->0(470)
[2024-02-06T10:13:21.484+0000][1536][gc,heap     ] GC(151) Survivor regions: 37->38(55)
[2024-02-06T10:13:21.484+0000][1536][gc,heap     ] GC(151) Old regions: 286->296
[2024-02-06T10:13:21.484+0000][1536][gc,heap     ] GC(151) Archive regions: 0->0
[2024-02-06T10:13:21.484+0000][1536][gc,heap     ] GC(151) Humongous regions: 2->2
[2024-02-06T10:13:21.484+0000][1536][gc,metaspace] GC(151) Metaspace: 132215K(138176K)->132215K(138176K) NonClass: 115152K(118912K)->115152K(118912K) Class: 17063K(19264K)->17063K(19264K)
[2024-02-06T10:13:21.484+0000][1536][gc          ] GC(151) Pause Young (Normal) (G1 Evacuation Pause) 2902M->1341M(4040M) 105.914ms
[2024-02-06T10:13:21.484+0000][1536][gc,cpu      ] GC(151) User=0.17s Sys=0.20s Real=0.11s
[2024-02-06T10:13:21.484+0000][1536][safepoint   ] Safepoint "G1CollectForAllocation", Time since last: 1808390000 ns, Reaching safepoint: 91900 ns, At safepoint: 106248500 ns, Total: 106340400 ns
[2024-02-06T10:13:35.139+0000][1536][gc,start    ] GC(152) Pause Young (Normal) (G1 Evacuation Pause)
[2024-02-06T10:13:35.139+0000][1536][gc,task     ] GC(152) Using 8 workers of 8 for evacuation
[2024-02-06T10:13:35.139+0000][1536][gc,age      ] GC(152) Desired survivor size 134217728 bytes, new threshold 3 (max threshold 15)
[2024-02-06T10:13:35.231+0000][1536][gc,phases   ] GC(152)   Pre Evacuate Collection Set: 0.2ms
[2024-02-06T10:13:35.231+0000][1536][gc,phases   ] GC(152)   Merge Heap Roots: 0.3ms
[2024-02-06T10:13:35.231+0000][1536][gc,phases   ] GC(152)   Evacuate Collection Set: 90.8ms
[2024-02-06T10:13:35.231+0000][1536][gc,phases   ] GC(152)   Post Evacuate Collection Set: 1.2ms
[2024-02-06T10:13:35.231+0000][1536][gc,phases   ] GC(152)   Other: 0.7ms
[2024-02-06T10:13:35.231+0000][1536][gc,age      ] GC(152) Age table with threshold 3 (max threshold 15)
[2024-02-06T10:13:35.231+0000][1536][gc,age      ] GC(152) - age   1:   69398224 bytes,   69398224 total
[2024-02-06T10:13:35.231+0000][1536][gc,age      ] GC(152) - age   2:   52223376 bytes,  121621600 total
[2024-02-06T10:13:35.231+0000][1536][gc,age      ] GC(152) - age   3:   45161448 bytes,  166783048 total
[2024-02-06T10:13:35.231+0000][1536][gc,heap     ] GC(152) Eden regions: 470->0(458)
[2024-02-06T10:13:35.231+0000][1536][gc,heap     ] GC(152) Survivor regions: 38->42(64)
[2024-02-06T10:13:35.231+0000][1536][gc,heap     ] GC(152) Old regions: 296->304
[2024-02-06T10:13:35.231+0000][1536][gc,heap     ] GC(152) Archive regions: 0->0
[2024-02-06T10:13:35.231+0000][1536][gc,heap     ] GC(152) Humongous regions: 2->2
[2024-02-06T10:13:35.231+0000][1536][gc,metaspace] GC(152) Metaspace: 132215K(138176K)->132215K(138176K) NonClass: 115152K(118912K)->115152K(118912K) Class: 17063K(19264K)->17063K(19264K)
[2024-02-06T10:13:35.231+0000][1536][gc          ] GC(152) Pause Young (Normal) (G1 Evacuation Pause) 3221M->1388M(4040M) 93.715ms
[2024-02-06T10:13:35.231+0000][1536][gc,cpu      ] GC(152) User=0.38s Sys=0.25s Real=0.09s
[2024-02-06T10:13:35.231+0000][1536][safepoint   ] Safepoint "G1CollectForAllocation", Time since last: 13661595100 ns, Reaching safepoint: 113900 ns, At safepoint: 94138500 ns, Total: 94252400 ns
[2024-02-06T10:13:49.142+0000][1536][gc,start    ] GC(153) Pause Young (Concurrent Start) (G1 Evacuation Pause)
[2024-02-06T10:13:49.142+0000][1536][gc,task     ] GC(153) Using 8 workers of 8 for evacuation
[2024-02-06T10:13:49.142+0000][1536][gc,age      ] GC(153) Desired survivor size 132120576 bytes, new threshold 3 (max threshold 15)
[2024-02-06T10:13:49.421+0000][1536][gc,mmu      ] GC(153) MMU target violated: 201.0ms (200.0ms/201.0ms)
[2024-02-06T10:13:49.422+0000][1536][gc,phases   ] GC(153)   Pre Evacuate Collection Set: 83.7ms
[2024-02-06T10:13:49.422+0000][1536][gc,phases   ] GC(153)   Merge Heap Roots: 0.5ms
[2024-02-06T10:13:49.422+0000][1536][gc,phases   ] GC(153)   Evacuate Collection Set: 164.1ms
[2024-02-06T10:13:49.422+0000][1536][gc,phases   ] GC(153)   Post Evacuate Collection Set: 0.7ms
[2024-02-06T10:13:49.422+0000][1536][gc,phases   ] GC(153)   Other: 30.7ms
[2024-02-06T10:13:49.422+0000][1536][gc,age      ] GC(153) Age table with threshold 3 (max threshold 15)
[2024-02-06T10:13:49.422+0000][1536][gc,age      ] GC(153) - age   1:   77326328 bytes,   77326328 total
[2024-02-06T10:13:49.422+0000][1536][gc,age      ] GC(153) - age   2:   53901208 bytes,  131227536 total
[2024-02-06T10:13:49.422+0000][1536][gc,age      ] GC(153) - age   3:   45501288 bytes,  176728824 total
[2024-02-06T10:13:49.422+0000][1536][gc,heap     ] GC(153) Eden regions: 458->0(33)
[2024-02-06T10:13:49.422+0000][1536][gc,heap     ] GC(153) Survivor regions: 42->45(63)
[2024-02-06T10:13:49.422+0000][1536][gc,heap     ] GC(153) Old regions: 304->313
[2024-02-06T10:13:49.422+0000][1536][gc,heap     ] GC(153) Archive regions: 0->0
[2024-02-06T10:13:49.423+0000][1536][gc,heap     ] GC(153) Humongous regions: 2->2
[2024-02-06T10:13:49.423+0000][1536][gc,metaspace] GC(153) Metaspace: 132215K(138176K)->132215K(138176K) NonClass: 115152K(118912K)->115152K(118912K) Class: 17063K(19264K)->17063K(19264K)
[2024-02-06T10:13:49.423+0000][1536][gc          ] GC(153) Pause Young (Concurrent Start) (G1 Evacuation Pause) 3220M->1438M(4040M) 280.000ms
[2024-02-06T10:13:49.423+0000][1536][gc          ] GC(154) Concurrent Mark Cycle
[2024-02-06T10:13:49.423+0000][1536][gc,cpu      ] GC(153) User=0.33s Sys=0.50s Real=0.28s
[2024-02-06T10:13:49.423+0000][1536][gc,marking  ] GC(154) Concurrent Clear Claimed Marks
[2024-02-06T10:13:49.423+0000][1536][gc,marking  ] GC(154) Concurrent Clear Claimed Marks 0.328ms
[2024-02-06T10:13:49.423+0000][1536][gc,marking  ] GC(154) Concurrent Scan Root Regions
[2024-02-06T10:13:49.423+0000][1536][safepoint   ] Safepoint "G1CollectForAllocation", Time since last: 13902182700 ns, Reaching safepoint: 171100 ns, At safepoint: 280494900 ns, Total: 280666000 ns
[2024-02-06T10:13:49.755+0000][1536][gc,marking  ] GC(154) Concurrent Scan Root Regions 338.095ms
[2024-02-06T10:13:49.755+0000][1536][gc,marking  ] GC(154) Concurrent Mark
[2024-02-06T10:13:49.755+0000][1536][gc,marking  ] GC(154) Concurrent Mark From Roots
[2024-02-06T10:13:49.755+0000][1536][gc,task     ] GC(154) Using 2 workers of 2 for marking
[2024-02-06T10:13:50.345+0000][1536][gc,start    ] GC(155) Pause Young (Normal) (G1 Evacuation Pause)
[2024-02-06T10:13:50.345+0000][1536][gc,task     ] GC(155) Using 8 workers of 8 for evacuation
[2024-02-06T10:13:50.345+0000][1536][gc,age      ] GC(155) Desired survivor size 20971520 bytes, new threshold 1 (max threshold 15)
[2024-02-06T10:13:51.275+0000][1536][gc,mmu      ] GC(155) MMU target violated: 201.0ms (200.0ms/201.0ms)
[2024-02-06T10:13:51.275+0000][1536][gc,phases   ] GC(155)   Pre Evacuate Collection Set: 0.2ms
[2024-02-06T10:13:51.275+0000][1536][gc,phases   ] GC(155)   Merge Heap Roots: 0.2ms
[2024-02-06T10:13:51.275+0000][1536][gc,phases   ] GC(155)   Evacuate Collection Set: 928.2ms
[2024-02-06T10:13:51.275+0000][1536][gc,phases   ] GC(155)   Post Evacuate Collection Set: 1.1ms
[2024-02-06T10:13:51.275+0000][1536][gc,phases   ] GC(155)   Other: 0.5ms
[2024-02-06T10:13:51.275+0000][1536][gc,age      ] GC(155) Age table with threshold 1 (max threshold 15)
[2024-02-06T10:13:51.275+0000][1536][gc,age      ] GC(155) - age   1:    5413168 bytes,    5413168 total
[2024-02-06T10:13:51.275+0000][1536][gc,heap     ] GC(155) Eden regions: 33->0(443)
[2024-02-06T10:13:51.275+0000][1536][gc,heap     ] GC(155) Survivor regions: 45->4(10)
[2024-02-06T10:13:51.275+0000][1536][gc,heap     ] GC(155) Old regions: 313->356
[2024-02-06T10:13:51.275+0000][1536][gc,heap     ] GC(155) Archive regions: 0->0
[2024-02-06T10:13:51.275+0000][1536][gc,heap     ] GC(155) Humongous regions: 2->2
[2024-02-06T10:13:51.275+0000][1536][gc,metaspace] GC(155) Metaspace: 132215K(138176K)->132215K(138176K) NonClass: 115152K(118912K)->115152K(118912K) Class: 17063K(19264K)->17063K(19264K)
[2024-02-06T10:13:51.275+0000][1536][gc          ] GC(155) Pause Young (Normal) (G1 Evacuation Pause) 1570M->1445M(4040M) 930.519ms
[2024-02-06T10:13:51.275+0000][1536][gc,cpu      ] GC(155) User=0.09s Sys=5.19s Real=0.93s
[2024-02-06T10:13:51.276+0000][1536][safepoint   ] Safepoint "G1CollectForAllocation", Time since last: 921593600 ns, Reaching safepoint: 375100 ns, At safepoint: 931326200 ns, Total: 931701300 ns
[2024-02-06T10:13:52.696+0000][1536][gc,marking  ] GC(154) Concurrent Mark From Roots 2935.185ms
[2024-02-06T10:13:52.696+0000][1536][gc,marking  ] GC(154) Concurrent Preclean
[2024-02-06T10:13:52.696+0000][1536][gc,marking  ] GC(154) Concurrent Preclean 1.280ms
[2024-02-06T10:13:52.698+0000][1536][gc,start    ] GC(154) Pause Remark
[2024-02-06T10:13:54.449+0000][1536][gc,mmu      ] GC(154) MMU target violated: 201.0ms (200.0ms/201.0ms)
[2024-02-06T10:13:54.449+0000][1536][gc          ] GC(154) Pause Remark 1630M->1630M(4040M) 1755.912ms
[2024-02-06T10:13:54.449+0000][1536][gc,cpu      ] GC(154) User=0.11s Sys=0.72s Real=1.75s
[2024-02-06T10:13:54.456+0000][1536][safepoint   ] Safepoint "G1Concurrent", Time since last: 1421523800 ns, Reaching safepoint: 597000 ns, At safepoint: 1758516000 ns, Total: 1759113000 ns
[2024-02-06T10:13:54.456+0000][1536][gc,marking  ] GC(154) Concurrent Mark 4695.911ms
[2024-02-06T10:13:54.456+0000][1536][gc,marking  ] GC(154) Concurrent Rebuild Remembered Sets
[2024-02-06T10:13:54.757+0000][1536][gc,marking  ] GC(154) Concurrent Rebuild Remembered Sets 300.514ms
[2024-02-06T10:13:54.757+0000][1536][gc,start    ] GC(154) Pause Cleanup
[2024-02-06T10:13:54.757+0000][1536][gc          ] GC(154) Pause Cleanup 1656M->1656M(4040M) 0.714ms
[2024-02-06T10:13:54.757+0000][1536][gc,cpu      ] GC(154) User=0.00s Sys=0.00s Real=0.00s
[2024-02-06T10:13:54.757+0000][1536][safepoint   ] Safepoint "G1Concurrent", Time since last: 300781800 ns, Reaching safepoint: 72800 ns, At safepoint: 969700 ns, Total: 1042500 ns
[2024-02-06T10:13:54.757+0000][1536][gc,marking  ] GC(154) Concurrent Cleanup for Next Mark
[2024-02-06T10:13:54.865+0000][1536][gc,marking  ] GC(154) Concurrent Cleanup for Next Mark 107.018ms
[2024-02-06T10:13:54.866+0000][1536][gc          ] GC(154) Concurrent Mark Cycle 5443.389ms
[2024-02-06T10:14:09.738+0000][1536][gc,start    ] GC(156) Pause Young (Prepare Mixed) (G1 Evacuation Pause)
[2024-02-06T10:14:09.738+0000][1536][gc,task     ] GC(156) Using 8 workers of 8 for evacuation
[2024-02-06T10:14:09.738+0000][1536][gc,age      ] GC(156) Desired survivor size 117440512 bytes, new threshold 15 (max threshold 15)
[2024-02-06T10:14:09.763+0000][1536][gc,phases   ] GC(156)   Pre Evacuate Collection Set: 0.2ms
[2024-02-06T10:14:09.763+0000][1536][gc,phases   ] GC(156)   Merge Heap Roots: 0.3ms
[2024-02-06T10:14:09.763+0000][1536][gc,phases   ] GC(156)   Evacuate Collection Set: 22.6ms
[2024-02-06T10:14:09.763+0000][1536][gc,phases   ] GC(156)   Post Evacuate Collection Set: 1.2ms
[2024-02-06T10:14:09.763+0000][1536][gc,phases   ] GC(156)   Other: 0.3ms
[2024-02-06T10:14:09.763+0000][1536][gc,age      ] GC(156) Age table with threshold 15 (max threshold 15)
[2024-02-06T10:14:09.763+0000][1536][gc,age      ] GC(156) - age   1:   59125560 bytes,   59125560 total
[2024-02-06T10:14:09.763+0000][1536][gc,age      ] GC(156) - age   2:    3307024 bytes,   62432584 total
[2024-02-06T10:14:09.763+0000][1536][gc,heap     ] GC(156) Eden regions: 443->0(33)
[2024-02-06T10:14:09.763+0000][1536][gc,heap     ] GC(156) Survivor regions: 4->17(56)
[2024-02-06T10:14:09.763+0000][1536][gc,heap     ] GC(156) Old regions: 356->356
[2024-02-06T10:14:09.763+0000][1536][gc,heap     ] GC(156) Archive regions: 0->0
[2024-02-06T10:14:09.763+0000][1536][gc,heap     ] GC(156) Humongous regions: 2->2
[2024-02-06T10:14:09.763+0000][1536][gc,metaspace] GC(156) Metaspace: 132215K(138176K)->132215K(138176K) NonClass: 115152K(118912K)->115152K(118912K) Class: 17063K(19264K)->17063K(19264K)
[2024-02-06T10:14:09.763+0000][1536][gc          ] GC(156) Pause Young (Prepare Mixed) (G1 Evacuation Pause) 3217M->1494M(4040M) 25.353ms
[2024-02-06T10:14:09.763+0000][1536][gc,cpu      ] GC(156) User=0.08s Sys=0.00s Real=0.03s
[2024-02-06T10:14:09.764+0000][1536][safepoint   ] Safepoint "G1CollectForAllocation", Time since last: 14949544300 ns, Reaching safepoint: 29797800 ns, At safepoint: 25539200 ns, Total: 55337000 ns
[2024-02-06T10:14:10.762+0000][1536][gc,start    ] GC(157) Pause Young (Mixed) (G1 Evacuation Pause)
[2024-02-06T10:14:10.762+0000][1536][gc,task     ] GC(157) Using 8 workers of 8 for evacuation
[2024-02-06T10:14:10.762+0000][1536][gc,age      ] GC(157) Desired survivor size 14680064 bytes, new threshold 1 (max threshold 15)
[2024-02-06T10:14:11.762+0000][1536][gc,mmu      ] GC(157) MMU target violated: 201.0ms (200.0ms/201.0ms)
[2024-02-06T10:14:11.794+0000][1536][gc,phases   ] GC(157)   Pre Evacuate Collection Set: 0.2ms
[2024-02-06T10:14:11.794+0000][1536][gc,phases   ] GC(157)   Merge Heap Roots: 0.2ms
[2024-02-06T10:14:11.794+0000][1536][gc,phases   ] GC(157)   Evacuate Collection Set: 868.2ms
[2024-02-06T10:14:11.794+0000][1536][gc,phases   ] GC(157)   Post Evacuate Collection Set: 111.5ms
[2024-02-06T10:14:11.794+0000][1536][gc,phases   ] GC(157)   Other: 59.0ms
[2024-02-06T10:14:11.794+0000][1536][gc,age      ] GC(157) Age table with threshold 1 (max threshold 15)
[2024-02-06T10:14:11.794+0000][1536][gc,age      ] GC(157) - age   1:   10319680 bytes,   10319680 total
[2024-02-06T10:14:11.794+0000][1536][gc,heap     ] GC(157) Eden regions: 33->0(46)
[2024-02-06T10:14:11.794+0000][1536][gc,heap     ] GC(157) Survivor regions: 17->4(7)
[2024-02-06T10:14:11.794+0000][1536][gc,heap     ] GC(157) Old regions: 356->285
[2024-02-06T10:14:11.794+0000][1536][gc,heap     ] GC(157) Archive regions: 0->0
[2024-02-06T10:14:11.794+0000][1536][gc,heap     ] GC(157) Humongous regions: 2->2
[2024-02-06T10:14:11.794+0000][1536][gc,metaspace] GC(157) Metaspace: 132215K(138176K)->132215K(138176K) NonClass: 115152K(118912K)->115152K(118912K) Class: 17063K(19264K)->17063K(19264K)
[2024-02-06T10:14:11.809+0000][1536][gc          ] GC(157) Pause Young (Mixed) (G1 Evacuation Pause) 1626M->1160M(4040M) 1045.728ms
[2024-02-06T10:14:11.809+0000][1536][gc,cpu      ] GC(157) User=0.22s Sys=3.78s Real=1.05s
[2024-02-06T10:14:11.858+0000][1536][safepoint   ] Safepoint "G1CollectForAllocation", Time since last: 999035400 ns, Reaching safepoint: 109300 ns, At safepoint: 1060699100 ns, Total: 1060808400 ns
[2024-02-06T10:14:13.549+0000][1536][gc,start    ] GC(158) Pause Young (Mixed) (G1 Evacuation Pause)
[2024-02-06T10:14:13.549+0000][1536][gc,task     ] GC(158) Using 8 workers of 8 for evacuation
[2024-02-06T10:14:13.549+0000][1536][gc,age      ] GC(158) Desired survivor size 14680064 bytes, new threshold 15 (max threshold 15)
[2024-02-06T10:14:13.732+0000][1536][gc,phases   ] GC(158)   Pre Evacuate Collection Set: 0.4ms
[2024-02-06T10:14:13.732+0000][1536][gc,phases   ] GC(158)   Merge Heap Roots: 0.5ms
[2024-02-06T10:14:13.732+0000][1536][gc,phases   ] GC(158)   Evacuate Collection Set: 179.7ms
[2024-02-06T10:14:13.732+0000][1536][gc,phases   ] GC(158)   Post Evacuate Collection Set: 2.3ms
[2024-02-06T10:14:13.732+0000][1536][gc,phases   ] GC(158)   Other: 0.4ms
[2024-02-06T10:14:13.732+0000][1536][gc,age      ] GC(158) Age table with threshold 15 (max threshold 15)
[2024-02-06T10:14:13.732+0000][1536][gc,age      ] GC(158) - age   1:   10015480 bytes,   10015480 total
[2024-02-06T10:14:13.732+0000][1536][gc,age      ] GC(158) - age   2:    9269648 bytes,   19285128 total
[2024-02-06T10:14:13.732+0000][1536][gc,heap     ] GC(158) Eden regions: 46->0(44)
[2024-02-06T10:14:13.732+0000][1536][gc,heap     ] GC(158) Survivor regions: 4->6(7)
[2024-02-06T10:14:13.732+0000][1536][gc,heap     ] GC(158) Old regions: 285->269
[2024-02-06T10:14:13.732+0000][1536][gc,heap     ] GC(158) Archive regions: 0->0
[2024-02-06T10:14:13.732+0000][1536][gc,heap     ] GC(158) Humongous regions: 2->2
[2024-02-06T10:14:13.732+0000][1536][gc,metaspace] GC(158) Metaspace: 132215K(138176K)->132215K(138176K) NonClass: 115152K(118912K)->115152K(118912K) Class: 17063K(19264K)->17063K(19264K)
[2024-02-06T10:14:13.732+0000][1536][gc          ] GC(158) Pause Young (Mixed) (G1 Evacuation Pause) 1344M->1102M(4040M) 183.878ms
[2024-02-06T10:14:13.733+0000][1536][gc,cpu      ] GC(158) User=0.11s Sys=0.17s Real=0.18s
[2024-02-06T10:14:13.733+0000][1536][safepoint   ] Safepoint "G1CollectForAllocation", Time since last: 1674305200 ns, Reaching safepoint: 50811900 ns, At safepoint: 184226500 ns, Total: 235038400 ns
[2024-02-06T10:14:15.276+0000][1536][gc,start    ] GC(159) Pause Young (Mixed) (G1 Evacuation Pause)
[2024-02-06T10:14:15.276+0000][1536][gc,task     ] GC(159) Using 8 workers of 8 for evacuation
[2024-02-06T10:14:15.276+0000][1536][gc,age      ] GC(159) Desired survivor size 14680064 bytes, new threshold 2 (max threshold 15)
[2024-02-06T10:14:15.320+0000][1536][gc,phases   ] GC(159)   Pre Evacuate Collection Set: 0.2ms
[2024-02-06T10:14:15.320+0000][1536][gc,phases   ] GC(159)   Merge Heap Roots: 0.2ms
[2024-02-06T10:14:15.320+0000][1536][gc,phases   ] GC(159)   Evacuate Collection Set: 30.5ms
[2024-02-06T10:14:15.320+0000][1536][gc,phases   ] GC(159)   Merge Optional Heap Roots: 0.1ms
[2024-02-06T10:14:15.320+0000][1536][gc,phases   ] GC(159)   Evacuate Optional Collection Set: 5.2ms
[2024-02-06T10:14:15.320+0000][1536][gc,phases   ] GC(159)   Post Evacuate Collection Set: 0.7ms
[2024-02-06T10:14:15.320+0000][1536][gc,phases   ] GC(159)   Other: 0.7ms
[2024-02-06T10:14:15.320+0000][1536][gc,age      ] GC(159) Age table with threshold 2 (max threshold 15)
[2024-02-06T10:14:15.320+0000][1536][gc,age      ] GC(159) - age   1:    8223528 bytes,    8223528 total
[2024-02-06T10:14:15.320+0000][1536][gc,age      ] GC(159) - age   2:    9031872 bytes,   17255400 total
[2024-02-06T10:14:15.320+0000][1536][gc,heap     ] GC(159) Eden regions: 44->0(45)
[2024-02-06T10:14:15.320+0000][1536][gc,heap     ] GC(159) Survivor regions: 6->5(7)
[2024-02-06T10:14:15.320+0000][1536][gc,heap     ] GC(159) Old regions: 269->253
[2024-02-06T10:14:15.320+0000][1536][gc,heap     ] GC(159) Archive regions: 0->0
[2024-02-06T10:14:15.320+0000][1536][gc,heap     ] GC(159) Humongous regions: 2->2
[2024-02-06T10:14:15.320+0000][1536][gc,metaspace] GC(159) Metaspace: 132215K(138176K)->132215K(138176K) NonClass: 115152K(118912K)->115152K(118912K) Class: 17063K(19264K)->17063K(19264K)
[2024-02-06T10:14:15.320+0000][1536][gc          ] GC(159) Pause Young (Mixed) (G1 Evacuation Pause) 1278M->1038M(4040M) 37.974ms
[2024-02-06T10:14:15.320+0000][1536][gc,cpu      ] GC(159) User=0.14s Sys=0.05s Real=0.04s
[2024-02-06T10:14:15.321+0000][1536][safepoint   ] Safepoint "G1CollectForAllocation", Time since last: 1549012800 ns, Reaching safepoint: 109900 ns, At safepoint: 38805800 ns, Total: 38915700 ns
[2024-02-06T10:14:16.575+0000][1536][gc,start    ] GC(160) Pause Young (Mixed) (G1 Evacuation Pause)
[2024-02-06T10:14:16.575+0000][1536][gc,task     ] GC(160) Using 8 workers of 8 for evacuation
[2024-02-06T10:14:16.575+0000][1536][gc,age      ] GC(160) Desired survivor size 14680064 bytes, new threshold 2 (max threshold 15)
[2024-02-06T10:14:16.613+0000][1536][gc,phases   ] GC(160)   Pre Evacuate Collection Set: 0.2ms
[2024-02-06T10:14:16.613+0000][1536][gc,phases   ] GC(160)   Merge Heap Roots: 0.1ms
[2024-02-06T10:14:16.613+0000][1536][gc,phases   ] GC(160)   Evacuate Collection Set: 26.7ms
[2024-02-06T10:14:16.613+0000][1536][gc,phases   ] GC(160)   Merge Optional Heap Roots: 0.0ms
[2024-02-06T10:14:16.613+0000][1536][gc,phases   ] GC(160)   Evacuate Optional Collection Set: 9.8ms
[2024-02-06T10:14:16.613+0000][1536][gc,phases   ] GC(160)   Post Evacuate Collection Set: 1.0ms
[2024-02-06T10:14:16.613+0000][1536][gc,phases   ] GC(160)   Other: 0.2ms
[2024-02-06T10:14:16.613+0000][1536][gc,age      ] GC(160) Age table with threshold 2 (max threshold 15)
[2024-02-06T10:14:16.613+0000][1536][gc,age      ] GC(160) - age   1:    8913376 bytes,    8913376 total
[2024-02-06T10:14:16.613+0000][1536][gc,age      ] GC(160) - age   2:    7255328 bytes,   16168704 total
[2024-02-06T10:14:16.613+0000][1536][gc,heap     ] GC(160) Eden regions: 45->0(268)
[2024-02-06T10:14:16.613+0000][1536][gc,heap     ] GC(160) Survivor regions: 5->5(7)
[2024-02-06T10:14:16.613+0000][1536][gc,heap     ] GC(160) Old regions: 253->233
[2024-02-06T10:14:16.613+0000][1536][gc,heap     ] GC(160) Archive regions: 0->0
[2024-02-06T10:14:16.613+0000][1536][gc,heap     ] GC(160) Humongous regions: 2->2
[2024-02-06T10:14:16.613+0000][1536][gc,metaspace] GC(160) Metaspace: 132215K(138176K)->132215K(138176K) NonClass: 115152K(118912K)->115152K(118912K) Class: 17063K(19264K)->17063K(19264K)
[2024-02-06T10:14:16.614+0000][1536][gc          ] GC(160) Pause Young (Mixed) (G1 Evacuation Pause) 1218M->953M(4040M) 38.428ms
[2024-02-06T10:14:16.614+0000][1536][gc,cpu      ] GC(160) User=0.09s Sys=0.16s Real=0.04s
[2024-02-06T10:14:16.614+0000][1536][safepoint   ] Safepoint "G1CollectForAllocation", Time since last: 1254112900 ns, Reaching safepoint: 125200 ns, At safepoint: 38550900 ns, Total: 38676100 ns
[2024-02-06T10:14:23.660+0000][1536][safepoint   ] Safepoint "Cleanup", Time since last: 7030579200 ns, Reaching safepoint: 15836100 ns, At safepoint: 55400 ns, Total: 15891500 ns
[2024-02-06T10:14:26.741+0000][1536][gc,start    ] GC(161) Pause Young (Normal) (G1 Evacuation Pause)
[2024-02-06T10:14:26.741+0000][1536][gc,task     ] GC(161) Using 8 workers of 8 for evacuation
[2024-02-06T10:14:26.741+0000][1536][gc,age      ] GC(161) Desired survivor size 73400320 bytes, new threshold 15 (max threshold 15)
[2024-02-06T10:14:26.766+0000][1536][gc,phases   ] GC(161)   Pre Evacuate Collection Set: 0.3ms
[2024-02-06T10:14:26.766+0000][1536][gc,phases   ] GC(161)   Merge Heap Roots: 0.3ms
[2024-02-06T10:14:26.766+0000][1536][gc,phases   ] GC(161)   Evacuate Collection Set: 22.7ms
[2024-02-06T10:14:26.766+0000][1536][gc,phases   ] GC(161)   Post Evacuate Collection Set: 1.2ms
[2024-02-06T10:14:26.766+0000][1536][gc,phases   ] GC(161)   Other: 0.5ms
[2024-02-06T10:14:26.766+0000][1536][gc,age      ] GC(161) Age table with threshold 15 (max threshold 15)
[2024-02-06T10:14:26.766+0000][1536][gc,age      ] GC(161) - age   1:   39539672 bytes,   39539672 total
[2024-02-06T10:14:26.766+0000][1536][gc,age      ] GC(161) - age   2:    7274552 bytes,   46814224 total
[2024-02-06T10:14:26.766+0000][1536][gc,age      ] GC(161) - age   3:    5648952 bytes,   52463176 total
[2024-02-06T10:14:26.766+0000][1536][gc,heap     ] GC(161) Eden regions: 268->0(234)
[2024-02-06T10:14:26.766+0000][1536][gc,heap     ] GC(161) Survivor regions: 5->13(35)
[2024-02-06T10:14:26.766+0000][1536][gc,heap     ] GC(161) Old regions: 233->233
[2024-02-06T10:14:26.766+0000][1536][gc,heap     ] GC(161) Archive regions: 0->0
[2024-02-06T10:14:26.766+0000][1536][gc,heap     ] GC(161) Humongous regions: 2->2
[2024-02-06T10:14:26.766+0000][1536][gc,metaspace] GC(161) Metaspace: 132218K(138176K)->132218K(138176K) NonClass: 115154K(118912K)->115154K(118912K) Class: 17063K(19264K)->17063K(19264K)
[2024-02-06T10:14:26.767+0000][1536][gc          ] GC(161) Pause Young (Normal) (G1 Evacuation Pause) 2025M->988M(4040M) 25.586ms
[2024-02-06T10:14:26.767+0000][1536][gc,cpu      ] GC(161) User=0.16s Sys=0.00s Real=0.03s
[2024-02-06T10:14:26.767+0000][1536][safepoint   ] Safepoint "G1CollectForAllocation", Time since last: 3081440000 ns, Reaching safepoint: 107400 ns, At safepoint: 25863700 ns, Total: 25971100 ns
[2024-02-06T10:14:34.468+0000][1536][gc,start    ] GC(162) Pause Young (Normal) (G1 Evacuation Pause)
[2024-02-06T10:14:34.468+0000][1536][gc,task     ] GC(162) Using 8 workers of 8 for evacuation
[2024-02-06T10:14:34.468+0000][1536][gc,age      ] GC(162) Desired survivor size 65011712 bytes, new threshold 15 (max threshold 15)
[2024-02-06T10:14:34.483+0000][1536][gc,phases   ] GC(162)   Pre Evacuate Collection Set: 0.2ms
[2024-02-06T10:14:34.483+0000][1536][gc,phases   ] GC(162)   Merge Heap Roots: 0.3ms
[2024-02-06T10:14:34.483+0000][1536][gc,phases   ] GC(162)   Evacuate Collection Set: 23.7ms
[2024-02-06T10:14:34.483+0000][1536][gc,phases   ] GC(162)   Post Evacuate Collection Set: 1.4ms
[2024-02-06T10:14:34.483+0000][1536][gc,phases   ] GC(162)   Other: 0.3ms
[2024-02-06T10:14:34.483+0000][1536][gc,age      ] GC(162) Age table with threshold 15 (max threshold 15)
[2024-02-06T10:14:34.483+0000][1536][gc,age      ] GC(162) - age   1:   32172784 bytes,   32172784 total
[2024-02-06T10:14:34.483+0000][1536][gc,age      ] GC(162) - age   2:   34682120 bytes,   66854904 total
[2024-02-06T10:14:34.483+0000][1536][gc,age      ] GC(162) - age   3:    7129208 bytes,   73984112 total
[2024-02-06T10:14:34.483+0000][1536][gc,age      ] GC(162) - age   4:    5553224 bytes,   79537336 total
[2024-02-06T10:14:34.483+0000][1536][gc,heap     ] GC(162) Eden regions: 234->0(258)
[2024-02-06T10:14:34.483+0000][1536][gc,heap     ] GC(162) Survivor regions: 13->20(31)
[2024-02-06T10:14:34.483+0000][1536][gc,heap     ] GC(162) Old regions: 233->233
[2024-02-06T10:14:34.483+0000][1536][gc,heap     ] GC(162) Archive regions: 0->0
[2024-02-06T10:14:34.483+0000][1536][gc,heap     ] GC(162) Humongous regions: 2->2
[2024-02-06T10:14:34.483+0000][1536][gc,metaspace] GC(162) Metaspace: 132218K(138176K)->132218K(138176K) NonClass: 115154K(118912K)->115154K(118912K) Class: 17063K(19264K)->17063K(19264K)
[2024-02-06T10:14:34.483+0000][1536][gc          ] GC(162) Pause Young (Normal) (G1 Evacuation Pause) 1924M->1016M(4040M) 26.645ms
[2024-02-06T10:14:34.483+0000][1536][gc,cpu      ] GC(162) User=0.12s Sys=0.00s Real=0.02s
[2024-02-06T10:14:34.483+0000][1536][safepoint   ] Safepoint "G1CollectForAllocation", Time since last: 7700566400 ns, Reaching safepoint: 122200 ns, At safepoint: 26903300 ns, Total: 27025500 ns
[2024-02-06T10:14:36.506+0000][1536][safepoint   ] Safepoint "Cleanup", Time since last: 1996132000 ns, Reaching safepoint: 15301500 ns, At safepoint: 680700 ns, Total: 15982200 ns
[2024-02-06T10:14:41.999+0000][1536][gc,start    ] GC(163) Pause Young (Normal) (G1 Evacuation Pause)
[2024-02-06T10:14:41.999+0000][1536][gc,task     ] GC(163) Using 8 workers of 8 for evacuation
[2024-02-06T10:14:41.999+0000][1536][gc,age      ] GC(163) Desired survivor size 73400320 bytes, new threshold 3 (max threshold 15)
[2024-02-06T10:14:42.039+0000][1536][gc,phases   ] GC(163)   Pre Evacuate Collection Set: 0.2ms
[2024-02-06T10:14:42.039+0000][1536][gc,phases   ] GC(163)   Merge Heap Roots: 0.2ms
[2024-02-06T10:14:42.039+0000][1536][gc,phases   ] GC(163)   Evacuate Collection Set: 33.4ms
[2024-02-06T10:14:42.039+0000][1536][gc,phases   ] GC(163)   Post Evacuate Collection Set: 1.5ms
[2024-02-06T10:14:42.039+0000][1536][gc,phases   ] GC(163)   Other: 1.1ms
[2024-02-06T10:14:42.039+0000][1536][gc,age      ] GC(163) Age table with threshold 3 (max threshold 15)
[2024-02-06T10:14:42.039+0000][1536][gc,age      ] GC(163) - age   1:   28115056 bytes,   28115056 total
[2024-02-06T10:14:42.039+0000][1536][gc,age      ] GC(163) - age   2:   26291480 bytes,   54406536 total
[2024-02-06T10:14:42.039+0000][1536][gc,age      ] GC(163) - age   3:   32174072 bytes,   86580608 total
[2024-02-06T10:14:42.039+0000][1536][gc,heap     ] GC(163) Eden regions: 258->0(406)
[2024-02-06T10:14:42.039+0000][1536][gc,heap     ] GC(163) Survivor regions: 20->23(35)
[2024-02-06T10:14:42.039+0000][1536][gc,heap     ] GC(163) Old regions: 233->236
[2024-02-06T10:14:42.039+0000][1536][gc,heap     ] GC(163) Archive regions: 0->0
[2024-02-06T10:14:42.039+0000][1536][gc,heap     ] GC(163) Humongous regions: 2->2
[2024-02-06T10:14:42.039+0000][1536][gc,metaspace] GC(163) Metaspace: 132218K(138176K)->132218K(138176K) NonClass: 115154K(118912K)->115154K(118912K) Class: 17063K(19264K)->17063K(19264K)
[2024-02-06T10:14:42.039+0000][1536][gc          ] GC(163) Pause Young (Normal) (G1 Evacuation Pause) 2047M->1038M(4040M) 36.944ms
[2024-02-06T10:14:42.039+0000][1536][gc,cpu      ] GC(163) User=0.19s Sys=0.14s Real=0.04s
[2024-02-06T10:14:42.039+0000][1536][safepoint   ] Safepoint "G1CollectForAllocation", Time since last: 5495283800 ns, Reaching safepoint: 89800 ns, At safepoint: 37263400 ns, Total: 37353200 ns
[2024-02-06T10:14:52.968+0000][1536][gc,start    ] GC(164) Pause Young (Normal) (G1 Evacuation Pause)
[2024-02-06T10:14:52.968+0000][1536][gc,task     ] GC(164) Using 8 workers of 8 for evacuation
[2024-02-06T10:14:52.968+0000][1536][gc,age      ] GC(164) Desired survivor size 113246208 bytes, new threshold 15 (max threshold 15)
[2024-02-06T10:14:53.022+0000][1536][gc,phases   ] GC(164)   Pre Evacuate Collection Set: 0.3ms
[2024-02-06T10:14:53.022+0000][1536][gc,phases   ] GC(164)   Merge Heap Roots: 0.3ms
[2024-02-06T10:14:53.022+0000][1536][gc,phases   ] GC(164)   Evacuate Collection Set: 41.0ms
[2024-02-06T10:14:53.022+0000][1536][gc,phases   ] GC(164)   Post Evacuate Collection Set: 1.7ms
[2024-02-06T10:14:53.022+0000][1536][gc,phases   ] GC(164)   Other: 0.3ms
[2024-02-06T10:14:53.022+0000][1536][gc,age      ] GC(164) Age table with threshold 15 (max threshold 15)
[2024-02-06T10:14:53.022+0000][1536][gc,age      ] GC(164) - age   1:   59202320 bytes,   59202320 total
[2024-02-06T10:14:53.022+0000][1536][gc,age      ] GC(164) - age   2:   21263288 bytes,   80465608 total
[2024-02-06T10:14:53.022+0000][1536][gc,age      ] GC(164) - age   3:   21711344 bytes,  102176952 total
[2024-02-06T10:14:53.022+0000][1536][gc,age      ] GC(164) - age   4:   29591312 bytes,  131768264 total
[2024-02-06T10:14:53.022+0000][1536][gc,heap     ] GC(164) Eden regions: 406->0(347)
[2024-02-06T10:14:53.022+0000][1536][gc,heap     ] GC(164) Survivor regions: 23->34(54)
[2024-02-06T10:14:53.022+0000][1536][gc,heap     ] GC(164) Old regions: 236->236
[2024-02-06T10:14:53.022+0000][1536][gc,heap     ] GC(164) Archive regions: 0->0
[2024-02-06T10:14:53.022+0000][1536][gc,heap     ] GC(164) Humongous regions: 2->2
[2024-02-06T10:14:53.022+0000][1536][gc,metaspace] GC(164) Metaspace: 132218K(138176K)->132218K(138176K) NonClass: 115155K(118912K)->115155K(118912K) Class: 17063K(19264K)->17063K(19264K)
[2024-02-06T10:14:53.022+0000][1536][gc          ] GC(164) Pause Young (Normal) (G1 Evacuation Pause) 2662M->1084M(4040M) 44.241ms
[2024-02-06T10:14:53.022+0000][1536][gc,cpu      ] GC(164) User=0.39s Sys=0.02s Real=0.05s
[2024-02-06T10:14:53.022+0000][1536][safepoint   ] Safepoint "G1CollectForAllocation", Time since last: 10938941400 ns, Reaching safepoint: 145600 ns, At safepoint: 44461000 ns, Total: 44606600 ns
[2024-02-06T10:15:06.610+0000][1536][gc,start    ] GC(165) Pause Young (Normal) (G1 Evacuation Pause)
[2024-02-06T10:15:06.610+0000][1536][gc,task     ] GC(165) Using 8 workers of 8 for evacuation
[2024-02-06T10:15:06.610+0000][1536][gc,age      ] GC(165) Desired survivor size 100663296 bytes, new threshold 3 (max threshold 15)
[2024-02-06T10:15:06.689+0000][1536][gc,phases   ] GC(165)   Pre Evacuate Collection Set: 1.1ms
[2024-02-06T10:15:06.689+0000][1536][gc,phases   ] GC(165)   Merge Heap Roots: 0.2ms
[2024-02-06T10:15:06.690+0000][1536][gc,phases   ] GC(165)   Evacuate Collection Set: 76.1ms
[2024-02-06T10:15:06.690+0000][1536][gc,phases   ] GC(165)   Post Evacuate Collection Set: 1.8ms
[2024-02-06T10:15:06.690+0000][1536][gc,phases   ] GC(165)   Other: 0.3ms
[2024-02-06T10:15:06.690+0000][1536][gc,age      ] GC(165) Age table with threshold 3 (max threshold 15)
[2024-02-06T10:15:06.690+0000][1536][gc,age      ] GC(165) - age   1:   50084288 bytes,   50084288 total
[2024-02-06T10:15:06.690+0000][1536][gc,age      ] GC(165) - age   2:   50774520 bytes,  100858808 total
[2024-02-06T10:15:06.690+0000][1536][gc,age      ] GC(165) - age   3:   18397792 bytes,  119256600 total
[2024-02-06T10:15:06.690+0000][1536][gc,heap     ] GC(165) Eden regions: 347->0(494)
[2024-02-06T10:15:06.690+0000][1536][gc,heap     ] GC(165) Survivor regions: 34->31(48)
[2024-02-06T10:15:06.690+0000][1536][gc,heap     ] GC(165) Old regions: 236->246
[2024-02-06T10:15:06.690+0000][1536][gc,heap     ] GC(165) Archive regions: 0->0
[2024-02-06T10:15:06.690+0000][1536][gc,heap     ] GC(165) Humongous regions: 2->2
[2024-02-06T10:15:06.690+0000][1536][gc,metaspace] GC(165) Metaspace: 132218K(138176K)->132218K(138176K) NonClass: 115155K(118912K)->115155K(118912K) Class: 17063K(19264K)->17063K(19264K)
[2024-02-06T10:15:06.690+0000][1536][gc          ] GC(165) Pause Young (Normal) (G1 Evacuation Pause) 2472M->1113M(4040M) 80.489ms
[2024-02-06T10:15:06.690+0000][1536][gc,cpu      ] GC(165) User=0.30s Sys=0.08s Real=0.08s
[2024-02-06T10:15:06.691+0000][1536][safepoint   ] Safepoint "G1CollectForAllocation", Time since last: 13586823600 ns, Reaching safepoint: 175300 ns, At safepoint: 80769400 ns, Total: 80944700 ns
[2024-02-06T10:15:08.699+0000][1536][safepoint   ] Safepoint "Cleanup", Time since last: 2007400100 ns, Reaching safepoint: 188800 ns, At safepoint: 42800 ns, Total: 231600 ns
[2024-02-06T10:15:21.109+0000][1536][gc,start    ] GC(166) Pause Young (Normal) (G1 Evacuation Pause)
[2024-02-06T10:15:21.109+0000][1536][gc,task     ] GC(166) Using 8 workers of 8 for evacuation
[2024-02-06T10:15:21.109+0000][1536][gc,age      ] GC(166) Desired survivor size 138412032 bytes, new threshold 15 (max threshold 15)
[2024-02-06T10:15:21.253+0000][1536][gc,phases   ] GC(166)   Pre Evacuate Collection Set: 0.4ms
[2024-02-06T10:15:21.253+0000][1536][gc,phases   ] GC(166)   Merge Heap Roots: 0.5ms
[2024-02-06T10:15:21.253+0000][1536][gc,phases   ] GC(166)   Evacuate Collection Set: 139.9ms
[2024-02-06T10:15:21.253+0000][1536][gc,phases   ] GC(166)   Post Evacuate Collection Set: 1.3ms
[2024-02-06T10:15:21.253+0000][1536][gc,phases   ] GC(166)   Other: 2.9ms
[2024-02-06T10:15:21.253+0000][1536][gc,age      ] GC(166) Age table with threshold 15 (max threshold 15)
[2024-02-06T10:15:21.253+0000][1536][gc,age      ] GC(166) - age   1:   74299272 bytes,   74299272 total
[2024-02-06T10:15:21.253+0000][1536][gc,age      ] GC(166) - age   2:   40825448 bytes,  115124720 total
[2024-02-06T10:15:21.253+0000][1536][gc,age      ] GC(166) - age   3:   40376456 bytes,  155501176 total
[2024-02-06T10:15:21.253+0000][1536][gc,age      ] GC(166) - age   4:   16846744 bytes,  172347920 total
[2024-02-06T10:15:21.253+0000][1536][gc,heap     ] GC(166) Eden regions: 494->0(256)
[2024-02-06T10:15:21.253+0000][1536][gc,heap     ] GC(166) Survivor regions: 31->43(66)
[2024-02-06T10:15:21.253+0000][1536][gc,heap     ] GC(166) Old regions: 246->246
[2024-02-06T10:15:21.253+0000][1536][gc,heap     ] GC(166) Archive regions: 0->0
[2024-02-06T10:15:21.253+0000][1536][gc,heap     ] GC(166) Humongous regions: 2->2
[2024-02-06T10:15:21.253+0000][1536][gc,metaspace] GC(166) Metaspace: 132218K(138176K)->132218K(138176K) NonClass: 115155K(118912K)->115155K(118912K) Class: 17063K(19264K)->17063K(19264K)
[2024-02-06T10:15:21.253+0000][1536][gc          ] GC(166) Pause Young (Normal) (G1 Evacuation Pause) 3089M->1163M(4040M) 145.543ms
[2024-02-06T10:15:21.254+0000][1536][gc,cpu      ] GC(166) User=0.23s Sys=0.34s Real=0.14s
[2024-02-06T10:15:21.254+0000][1536][safepoint   ] Safepoint "G1CollectForAllocation", Time since last: 12409607200 ns, Reaching safepoint: 130100 ns, At safepoint: 145891800 ns, Total: 146021900 ns
[2024-02-06T10:15:37.477+0000][1536][gc,start    ] GC(167) Pause Young (Concurrent Start) (G1 Evacuation Pause)
[2024-02-06T10:15:37.477+0000][1536][gc,task     ] GC(167) Using 8 workers of 8 for evacuation
[2024-02-06T10:15:37.477+0000][1536][gc,age      ] GC(167) Desired survivor size 79691776 bytes, new threshold 2 (max threshold 15)
[2024-02-06T10:15:37.751+0000][1536][gc,mmu      ] GC(167) MMU target violated: 201.0ms (200.0ms/201.0ms)
[2024-02-06T10:15:37.752+0000][1536][gc,phases   ] GC(167)   Pre Evacuate Collection Set: 60.6ms
[2024-02-06T10:15:37.752+0000][1536][gc,phases   ] GC(167)   Merge Heap Roots: 0.5ms
[2024-02-06T10:15:37.752+0000][1536][gc,phases   ] GC(167)   Evacuate Collection Set: 133.2ms
[2024-02-06T10:15:37.752+0000][1536][gc,phases   ] GC(167)   Post Evacuate Collection Set: 1.0ms
[2024-02-06T10:15:37.752+0000][1536][gc,phases   ] GC(167)   Other: 78.5ms
[2024-02-06T10:15:37.752+0000][1536][gc,age      ] GC(167) Age table with threshold 2 (max threshold 15)
[2024-02-06T10:15:37.752+0000][1536][gc,age      ] GC(167) - age   1:   32766816 bytes,   32766816 total
[2024-02-06T10:15:37.752+0000][1536][gc,age      ] GC(167) - age   2:   67136200 bytes,   99903016 total
[2024-02-06T10:15:37.752+0000][1536][gc,heap     ] GC(167) Eden regions: 256->0(178)
[2024-02-06T10:15:37.752+0000][1536][gc,heap     ] GC(167) Survivor regions: 43->26(38)
[2024-02-06T10:15:37.752+0000][1536][gc,heap     ] GC(167) Old regions: 246->269
[2024-02-06T10:15:37.752+0000][1536][gc,heap     ] GC(167) Archive regions: 0->0
[2024-02-06T10:15:37.752+0000][1536][gc,heap     ] GC(167) Humongous regions: 2->2
[2024-02-06T10:15:37.752+0000][1536][gc,metaspace] GC(167) Metaspace: 132218K(138176K)->132218K(138176K) NonClass: 115155K(118912K)->115155K(118912K) Class: 17063K(19264K)->17063K(19264K)
[2024-02-06T10:15:37.752+0000][1536][gc          ] GC(167) Pause Young (Concurrent Start) (G1 Evacuation Pause) 2187M->1182M(4040M) 274.300ms
[2024-02-06T10:15:37.752+0000][1536][gc          ] GC(168) Concurrent Mark Cycle
[2024-02-06T10:15:37.752+0000][1536][gc,cpu      ] GC(167) User=0.64s Sys=0.06s Real=0.28s
[2024-02-06T10:15:37.752+0000][1536][gc,marking  ] GC(168) Concurrent Clear Claimed Marks
[2024-02-06T10:15:37.752+0000][1536][safepoint   ] Safepoint "G1CollectForAllocation", Time since last: 16192595900 ns, Reaching safepoint: 30423300 ns, At safepoint: 274637900 ns, Total: 305061200 ns
[2024-02-06T10:15:37.752+0000][1536][gc,marking  ] GC(168) Concurrent Clear Claimed Marks 0.400ms
[2024-02-06T10:15:37.752+0000][1536][gc,marking  ] GC(168) Concurrent Scan Root Regions
[2024-02-06T10:15:37.865+0000][1536][gc,marking  ] GC(168) Concurrent Scan Root Regions 114.082ms
[2024-02-06T10:15:37.865+0000][1536][gc,marking  ] GC(168) Concurrent Mark
[2024-02-06T10:15:37.865+0000][1536][gc,marking  ] GC(168) Concurrent Mark From Roots
[2024-02-06T10:15:37.865+0000][1536][gc,task     ] GC(168) Using 2 workers of 2 for marking
[2024-02-06T10:15:38.784+0000][1536][gc,marking  ] GC(168) Concurrent Mark From Roots 917.695ms
[2024-02-06T10:15:38.784+0000][1536][gc,marking  ] GC(168) Concurrent Preclean
[2024-02-06T10:15:38.785+0000][1536][gc,marking  ] GC(168) Concurrent Preclean 1.478ms
[2024-02-06T10:15:38.786+0000][1536][gc,start    ] GC(168) Pause Remark
[2024-02-06T10:15:38.919+0000][1536][gc          ] GC(168) Pause Remark 1308M->1308M(4040M) 147.073ms
[2024-02-06T10:15:38.934+0000][1536][gc,cpu      ] GC(168) User=0.09s Sys=0.17s Real=0.15s
[2024-02-06T10:15:38.936+0000][1536][safepoint   ] Safepoint "G1Concurrent", Time since last: 1033835600 ns, Reaching safepoint: 720000 ns, At safepoint: 149786000 ns, Total: 150506000 ns
[2024-02-06T10:15:38.937+0000][1536][gc,marking  ] GC(168) Concurrent Mark 1070.370ms
[2024-02-06T10:15:38.937+0000][1536][gc,marking  ] GC(168) Concurrent Rebuild Remembered Sets
[2024-02-06T10:15:39.172+0000][1536][gc,marking  ] GC(168) Concurrent Rebuild Remembered Sets 235.876ms
[2024-02-06T10:15:39.173+0000][1536][gc,start    ] GC(168) Pause Cleanup
[2024-02-06T10:15:39.173+0000][1536][gc          ] GC(168) Pause Cleanup 1342M->1342M(4040M) 0.520ms
[2024-02-06T10:15:39.173+0000][1536][gc,cpu      ] GC(168) User=0.00s Sys=0.00s Real=0.00s
[2024-02-06T10:15:39.173+0000][1536][safepoint   ] Safepoint "G1Concurrent", Time since last: 236556800 ns, Reaching safepoint: 34800 ns, At safepoint: 612400 ns, Total: 647200 ns
[2024-02-06T10:15:39.173+0000][1536][gc,marking  ] GC(168) Concurrent Cleanup for Next Mark
[2024-02-06T10:15:39.319+0000][1536][gc,marking  ] GC(168) Concurrent Cleanup for Next Mark 145.593ms
[2024-02-06T10:15:39.319+0000][1536][gc          ] GC(168) Concurrent Mark Cycle 1567.519ms
[2024-02-06T10:15:45.235+0000][1536][gc,start    ] GC(169) Pause Young (Prepare Mixed) (G1 Evacuation Pause)
[2024-02-06T10:15:45.235+0000][1536][gc,task     ] GC(169) Using 8 workers of 8 for evacuation
[2024-02-06T10:15:45.235+0000][1536][gc,age      ] GC(169) Desired survivor size 67108864 bytes, new threshold 2 (max threshold 15)
[2024-02-06T10:15:45.326+0000][1536][gc,phases   ] GC(169)   Pre Evacuate Collection Set: 0.5ms
[2024-02-06T10:15:45.326+0000][1536][gc,phases   ] GC(169)   Merge Heap Roots: 0.6ms
[2024-02-06T10:15:45.326+0000][1536][gc,phases   ] GC(169)   Evacuate Collection Set: 78.0ms
[2024-02-06T10:15:45.326+0000][1536][gc,phases   ] GC(169)   Post Evacuate Collection Set: 1.2ms
[2024-02-06T10:15:45.326+0000][1536][gc,phases   ] GC(169)   Other: 2.0ms
[2024-02-06T10:15:45.326+0000][1536][gc,age      ] GC(169) Age table with threshold 2 (max threshold 15)
[2024-02-06T10:15:45.326+0000][1536][gc,age      ] GC(169) - age   1:   29848520 bytes,   29848520 total
[2024-02-06T10:15:45.326+0000][1536][gc,age      ] GC(169) - age   2:   27220848 bytes,   57069368 total
[2024-02-06T10:15:45.326+0000][1536][gc,heap     ] GC(169) Eden regions: 229->0(33)
[2024-02-06T10:15:45.326+0000][1536][gc,heap     ] GC(169) Survivor regions: 26->17(32)
[2024-02-06T10:15:45.326+0000][1536][gc,heap     ] GC(169) Old regions: 269->285
[2024-02-06T10:15:45.326+0000][1536][gc,heap     ] GC(169) Archive regions: 0->0
[2024-02-06T10:15:45.326+0000][1536][gc,heap     ] GC(169) Humongous regions: 2->2
[2024-02-06T10:15:45.326+0000][1536][gc,metaspace] GC(169) Metaspace: 132218K(138176K)->132218K(138176K) NonClass: 115155K(118912K)->115155K(118912K) Class: 17063K(19264K)->17063K(19264K)
[2024-02-06T10:15:45.326+0000][1536][gc          ] GC(169) Pause Young (Prepare Mixed) (G1 Evacuation Pause) 2098M->1211M(4040M) 82.736ms
[2024-02-06T10:15:45.326+0000][1536][gc,cpu      ] GC(169) User=0.27s Sys=0.22s Real=0.09s
[2024-02-06T10:15:45.326+0000][1536][safepoint   ] Safepoint "G1CollectForAllocation", Time since last: 6069730600 ns, Reaching safepoint: 179800 ns, At safepoint: 82935200 ns, Total: 83115000 ns
[2024-02-06T10:15:52.188+0000][1536][gc,start    ] GC(170) Pause Young (Mixed) (G1 Evacuation Pause)
[2024-02-06T10:15:52.188+0000][1536][gc,task     ] GC(170) Using 8 workers of 8 for evacuation
[2024-02-06T10:15:52.188+0000][1536][gc,age      ] GC(170) Desired survivor size 14680064 bytes, new threshold 1 (max threshold 15)
[2024-02-06T10:15:52.444+0000][1536][gc,mmu      ] GC(170) MMU target violated: 201.0ms (200.0ms/201.0ms)
[2024-02-06T10:15:52.444+0000][1536][gc,phases   ] GC(170)   Pre Evacuate Collection Set: 0.5ms
[2024-02-06T10:15:52.444+0000][1536][gc,phases   ] GC(170)   Merge Heap Roots: 0.7ms
[2024-02-06T10:15:52.444+0000][1536][gc,phases   ] GC(170)   Evacuate Collection Set: 251.4ms
[2024-02-06T10:15:52.444+0000][1536][gc,phases   ] GC(170)   Post Evacuate Collection Set: 2.0ms
[2024-02-06T10:15:52.444+0000][1536][gc,phases   ] GC(170)   Other: 0.5ms
[2024-02-06T10:15:52.444+0000][1536][gc,age      ] GC(170) Age table with threshold 1 (max threshold 15)
[2024-02-06T10:15:52.444+0000][1536][gc,age      ] GC(170) - age   1:    4621696 bytes,    4621696 total
[2024-02-06T10:15:52.444+0000][1536][gc,heap     ] GC(170) Eden regions: 33->0(47)
[2024-02-06T10:15:52.444+0000][1536][gc,heap     ] GC(170) Survivor regions: 17->3(7)
[2024-02-06T10:15:52.444+0000][1536][gc,heap     ] GC(170) Old regions: 285->218
[2024-02-06T10:15:52.444+0000][1536][gc,heap     ] GC(170) Archive regions: 0->0
[2024-02-06T10:15:52.444+0000][1536][gc,heap     ] GC(170) Humongous regions: 2->2
[2024-02-06T10:15:52.444+0000][1536][gc,metaspace] GC(170) Metaspace: 132218K(138176K)->132218K(138176K) NonClass: 115155K(118912K)->115155K(118912K) Class: 17063K(19264K)->17063K(19264K)
[2024-02-06T10:15:52.444+0000][1536][gc          ] GC(170) Pause Young (Mixed) (G1 Evacuation Pause) 1343M->891M(4040M) 255.551ms
[2024-02-06T10:15:52.444+0000][1536][gc,cpu      ] GC(170) User=0.14s Sys=0.95s Real=0.26s
[2024-02-06T10:15:52.444+0000][1536][safepoint   ] Safepoint "G1CollectForAllocation", Time since last: 6862867400 ns, Reaching safepoint: 177000 ns, At safepoint: 255798900 ns, Total: 255975900 ns
[2024-02-06T10:15:58.266+0000][1536][gc,start    ] GC(171) Pause Young (Mixed) (G1 Evacuation Pause)
[2024-02-06T10:15:58.267+0000][1536][gc,task     ] GC(171) Using 8 workers of 8 for evacuation
[2024-02-06T10:15:58.268+0000][1536][gc,age      ] GC(171) Desired survivor size 14680064 bytes, new threshold 15 (max threshold 15)
[2024-02-06T10:15:58.296+0000][1536][gc,phases   ] GC(171)   Pre Evacuate Collection Set: 0.2ms
[2024-02-06T10:15:58.296+0000][1536][gc,phases   ] GC(171)   Merge Heap Roots: 0.2ms
[2024-02-06T10:15:58.296+0000][1536][gc,phases   ] GC(171)   Evacuate Collection Set: 24.0ms
[2024-02-06T10:15:58.296+0000][1536][gc,phases   ] GC(171)   Post Evacuate Collection Set: 1.6ms
[2024-02-06T10:15:58.296+0000][1536][gc,phases   ] GC(171)   Other: 3.3ms
[2024-02-06T10:15:58.296+0000][1536][gc,age      ] GC(171) Age table with threshold 15 (max threshold 15)
[2024-02-06T10:15:58.296+0000][1536][gc,age      ] GC(171) - age   1:    8865368 bytes,    8865368 total
[2024-02-06T10:15:58.296+0000][1536][gc,age      ] GC(171) - age   2:    3934240 bytes,   12799608 total
[2024-02-06T10:15:58.296+0000][1536][gc,heap     ] GC(171) Eden regions: 47->0(577)
[2024-02-06T10:15:58.296+0000][1536][gc,heap     ] GC(171) Survivor regions: 3->4(7)
[2024-02-06T10:15:58.296+0000][1536][gc,heap     ] GC(171) Old regions: 218->210
[2024-02-06T10:15:58.296+0000][1536][gc,heap     ] GC(171) Archive regions: 0->0
[2024-02-06T10:15:58.296+0000][1536][gc,heap     ] GC(171) Humongous regions: 2->2
[2024-02-06T10:15:58.296+0000][1536][gc,metaspace] GC(171) Metaspace: 132218K(138176K)->132218K(138176K) NonClass: 115155K(118912K)->115155K(118912K) Class: 17063K(19264K)->17063K(19264K)
[2024-02-06T10:15:58.296+0000][1536][gc          ] GC(171) Pause Young (Mixed) (G1 Evacuation Pause) 1079M->859M(4040M) 29.880ms
[2024-02-06T10:15:58.296+0000][1536][gc,cpu      ] GC(171) User=0.05s Sys=0.03s Real=0.03s
[2024-02-06T10:15:58.297+0000][1536][safepoint   ] Safepoint "G1CollectForAllocation", Time since last: 5821268600 ns, Reaching safepoint: 148100 ns, At safepoint: 30553700 ns, Total: 30701800 ns
[2024-02-06T10:16:27.149+0000][1536][gc,start    ] GC(172) Pause Young (Normal) (G1 Evacuation Pause)
[2024-02-06T10:16:27.149+0000][1536][gc,task     ] GC(172) Using 8 workers of 8 for evacuation
[2024-02-06T10:16:27.149+0000][1536][gc,age      ] GC(172) Desired survivor size 153092096 bytes, new threshold 15 (max threshold 15)
[2024-02-06T10:16:27.398+0000][1536][gc,mmu      ] GC(172) MMU target violated: 201.0ms (200.0ms/201.0ms)
[2024-02-06T10:16:27.398+0000][1536][gc,phases   ] GC(172)   Pre Evacuate Collection Set: 0.2ms
[2024-02-06T10:16:27.398+0000][1536][gc,phases   ] GC(172)   Merge Heap Roots: 0.2ms
[2024-02-06T10:16:27.398+0000][1536][gc,phases   ] GC(172)   Evacuate Collection Set: 248.0ms
[2024-02-06T10:16:27.398+0000][1536][gc,phases   ] GC(172)   Post Evacuate Collection Set: 1.3ms
[2024-02-06T10:16:27.398+0000][1536][gc,phases   ] GC(172)   Other: 1.3ms
[2024-02-06T10:16:27.398+0000][1536][gc,age      ] GC(172) Age table with threshold 15 (max threshold 15)
[2024-02-06T10:16:27.398+0000][1536][gc,age      ] GC(172) - age   1:   94478792 bytes,   94478792 total
[2024-02-06T10:16:27.398+0000][1536][gc,age      ] GC(172) - age   2:    6505848 bytes,  100984640 total
[2024-02-06T10:16:27.398+0000][1536][gc,age      ] GC(172) - age   3:    1720680 bytes,  102705320 total
[2024-02-06T10:16:27.398+0000][1536][gc,heap     ] GC(172) Eden regions: 577->0(39)
[2024-02-06T10:16:27.398+0000][1536][gc,heap     ] GC(172) Survivor regions: 4->26(73)
[2024-02-06T10:16:27.398+0000][1536][gc,heap     ] GC(172) Old regions: 210->210
[2024-02-06T10:16:27.398+0000][1536][gc,heap     ] GC(172) Archive regions: 0->0
[2024-02-06T10:16:27.398+0000][1536][gc,heap     ] GC(172) Humongous regions: 2->2
[2024-02-06T10:16:27.398+0000][1536][gc,metaspace] GC(172) Metaspace: 132218K(138176K)->132218K(138176K) NonClass: 115155K(118912K)->115155K(118912K) Class: 17063K(19264K)->17063K(19264K)
[2024-02-06T10:16:27.398+0000][1536][gc          ] GC(172) Pause Young (Normal) (G1 Evacuation Pause) 3167M->947M(4040M) 251.591ms
[2024-02-06T10:16:27.398+0000][1536][gc,cpu      ] GC(172) User=0.03s Sys=0.47s Real=0.25s
[2024-02-06T10:16:27.398+0000][1536][safepoint   ] Safepoint "G1CollectForAllocation", Time since last: 28851305500 ns, Reaching safepoint: 167900 ns, At safepoint: 251857000 ns, Total: 252024900 ns
[2024-02-06T10:16:28.431+0000][1536][gc,start    ] GC(173) Pause Young (Normal) (G1 Evacuation Pause)
[2024-02-06T10:16:28.431+0000][1536][gc,task     ] GC(173) Using 8 workers of 8 for evacuation
[2024-02-06T10:16:28.431+0000][1536][gc,age      ] GC(173) Desired survivor size 18874368 bytes, new threshold 1 (max threshold 15)
[2024-02-06T10:16:28.569+0000][1536][gc,phases   ] GC(173)   Pre Evacuate Collection Set: 0.3ms
[2024-02-06T10:16:28.569+0000][1536][gc,phases   ] GC(173)   Merge Heap Roots: 0.4ms
[2024-02-06T10:16:28.569+0000][1536][gc,phases   ] GC(173)   Evacuate Collection Set: 123.2ms
[2024-02-06T10:16:28.569+0000][1536][gc,phases   ] GC(173)   Post Evacuate Collection Set: 0.9ms
[2024-02-06T10:16:28.569+0000][1536][gc,phases   ] GC(173)   Other: 0.6ms
[2024-02-06T10:16:28.569+0000][1536][gc,age      ] GC(173) Age table with threshold 1 (max threshold 15)
[2024-02-06T10:16:28.569+0000][1536][gc,age      ] GC(173) - age   1:    5021232 bytes,    5021232 total
[2024-02-06T10:16:28.569+0000][1536][gc,heap     ] GC(173) Eden regions: 39->0(543)
[2024-02-06T10:16:28.569+0000][1536][gc,heap     ] GC(173) Survivor regions: 26->3(9)
[2024-02-06T10:16:28.569+0000][1536][gc,heap     ] GC(173) Old regions: 210->235
[2024-02-06T10:16:28.569+0000][1536][gc,heap     ] GC(173) Archive regions: 0->0
[2024-02-06T10:16:28.569+0000][1536][gc,heap     ] GC(173) Humongous regions: 2->2
[2024-02-06T10:16:28.569+0000][1536][gc,metaspace] GC(173) Metaspace: 132218K(138176K)->132218K(138176K) NonClass: 115155K(118912K)->115155K(118912K) Class: 17063K(19264K)->17063K(19264K)
[2024-02-06T10:16:28.569+0000][1536][gc          ] GC(173) Pause Young (Normal) (G1 Evacuation Pause) 1103M->955M(4040M) 125.837ms
[2024-02-06T10:16:28.569+0000][1536][gc,cpu      ] GC(173) User=0.22s Sys=0.48s Real=0.14s
[2024-02-06T10:16:28.569+0000][1536][safepoint   ] Safepoint "G1CollectForAllocation", Time since last: 1043785700 ns, Reaching safepoint: 186800 ns, At safepoint: 126510900 ns, Total: 126697700 ns
[2024-02-06T10:16:55.843+0000][1536][gc,start    ] GC(174) Pause Young (Normal) (G1 Evacuation Pause)
[2024-02-06T10:16:55.843+0000][1536][gc,task     ] GC(174) Using 8 workers of 8 for evacuation
[2024-02-06T10:16:55.843+0000][1536][gc,age      ] GC(174) Desired survivor size 144703488 bytes, new threshold 15 (max threshold 15)
[2024-02-06T10:16:55.885+0000][1536][gc,phases   ] GC(174)   Pre Evacuate Collection Set: 0.4ms
[2024-02-06T10:16:55.885+0000][1536][gc,phases   ] GC(174)   Merge Heap Roots: 0.4ms
[2024-02-06T10:16:55.885+0000][1536][gc,phases   ] GC(174)   Evacuate Collection Set: 38.3ms
[2024-02-06T10:16:55.885+0000][1536][gc,phases   ] GC(174)   Post Evacuate Collection Set: 2.2ms
[2024-02-06T10:16:55.885+0000][1536][gc,phases   ] GC(174)   Other: 0.5ms
[2024-02-06T10:16:55.885+0000][1536][gc,age      ] GC(174) Age table with threshold 15 (max threshold 15)
[2024-02-06T10:16:55.885+0000][1536][gc,age      ] GC(174) - age   1:   79236616 bytes,   79236616 total
[2024-02-06T10:16:55.885+0000][1536][gc,age      ] GC(174) - age   2:    3868232 bytes,   83104848 total
[2024-02-06T10:16:55.885+0000][1536][gc,heap     ] GC(174) Eden regions: 543->0(319)
[2024-02-06T10:16:55.885+0000][1536][gc,heap     ] GC(174) Survivor regions: 3->21(69)
[2024-02-06T10:16:55.885+0000][1536][gc,heap     ] GC(174) Old regions: 235->235
[2024-02-06T10:16:55.885+0000][1536][gc,heap     ] GC(174) Archive regions: 0->0
[2024-02-06T10:16:55.885+0000][1536][gc,heap     ] GC(174) Humongous regions: 2->2
[2024-02-06T10:16:55.885+0000][1536][gc,metaspace] GC(174) Metaspace: 132219K(138176K)->132219K(138176K) NonClass: 115156K(118912K)->115156K(118912K) Class: 17063K(19264K)->17063K(19264K)
[2024-02-06T10:16:55.885+0000][1536][gc          ] GC(174) Pause Young (Normal) (G1 Evacuation Pause) 3127M->1028M(4040M) 42.688ms
[2024-02-06T10:16:55.885+0000][1536][gc,cpu      ] GC(174) User=0.12s Sys=0.06s Real=0.04s
[2024-02-06T10:16:55.885+0000][1536][safepoint   ] Safepoint "G1CollectForAllocation", Time since last: 27266831800 ns, Reaching safepoint: 5073700 ns, At safepoint: 43206600 ns, Total: 48280300 ns
[2024-02-06T10:17:15.127+0000][1536][gc,start    ] GC(175) Pause Young (Concurrent Start) (G1 Evacuation Pause)
[2024-02-06T10:17:15.128+0000][1536][gc,task     ] GC(175) Using 8 workers of 8 for evacuation
[2024-02-06T10:17:15.128+0000][1536][gc,age      ] GC(175) Desired survivor size 90177536 bytes, new threshold 15 (max threshold 15)
[2024-02-06T10:17:15.171+0000][1536][gc,phases   ] GC(175)   Pre Evacuate Collection Set: 0.8ms
[2024-02-06T10:17:15.171+0000][1536][gc,phases   ] GC(175)   Merge Heap Roots: 0.4ms
[2024-02-06T10:17:15.172+0000][1536][gc,phases   ] GC(175)   Evacuate Collection Set: 40.9ms
[2024-02-06T10:17:15.172+0000][1536][gc,phases   ] GC(175)   Post Evacuate Collection Set: 1.5ms
[2024-02-06T10:17:15.172+0000][1536][gc,phases   ] GC(175)   Other: 0.4ms
[2024-02-06T10:17:15.172+0000][1536][gc,age      ] GC(175) Age table with threshold 15 (max threshold 15)
[2024-02-06T10:17:15.172+0000][1536][gc,age      ] GC(175) - age   1:   47370680 bytes,   47370680 total
[2024-02-06T10:17:15.172+0000][1536][gc,age      ] GC(175) - age   2:   69192808 bytes,  116563488 total
[2024-02-06T10:17:15.172+0000][1536][gc,age      ] GC(175) - age   3:    3824720 bytes,  120388208 total
[2024-02-06T10:17:15.172+0000][1536][gc,heap     ] GC(175) Eden regions: 319->0(217)
[2024-02-06T10:17:15.172+0000][1536][gc,heap     ] GC(175) Survivor regions: 21->30(43)
[2024-02-06T10:17:15.172+0000][1536][gc,heap     ] GC(175) Old regions: 235->235
[2024-02-06T10:17:15.172+0000][1536][gc,heap     ] GC(175) Archive regions: 0->0
[2024-02-06T10:17:15.172+0000][1536][gc,heap     ] GC(175) Humongous regions: 2->2
[2024-02-06T10:17:15.172+0000][1536][gc,metaspace] GC(175) Metaspace: 132219K(138176K)->132219K(138176K) NonClass: 115156K(118912K)->115156K(118912K) Class: 17063K(19264K)->17063K(19264K)
[2024-02-06T10:17:15.172+0000][1536][gc          ] GC(175) Pause Young (Concurrent Start) (G1 Evacuation Pause) 2304M->1065M(4040M) 44.663ms
[2024-02-06T10:17:15.172+0000][1536][gc          ] GC(176) Concurrent Mark Cycle
[2024-02-06T10:17:15.172+0000][1536][gc,cpu      ] GC(175) User=0.22s Sys=0.02s Real=0.04s
[2024-02-06T10:17:15.172+0000][1536][gc,marking  ] GC(176) Concurrent Clear Claimed Marks
[2024-02-06T10:17:15.172+0000][1536][safepoint   ] Safepoint "G1CollectForAllocation", Time since last: 19241242600 ns, Reaching safepoint: 125000 ns, At safepoint: 45025500 ns, Total: 45150500 ns
[2024-02-06T10:17:15.172+0000][1536][gc,marking  ] GC(176) Concurrent Clear Claimed Marks 0.301ms
[2024-02-06T10:17:15.172+0000][1536][gc,marking  ] GC(176) Concurrent Scan Root Regions
[2024-02-06T10:17:15.196+0000][1536][gc,marking  ] GC(176) Concurrent Scan Root Regions 27.851ms
[2024-02-06T10:17:15.196+0000][1536][gc,marking  ] GC(176) Concurrent Mark
[2024-02-06T10:17:15.196+0000][1536][gc,marking  ] GC(176) Concurrent Mark From Roots
[2024-02-06T10:17:15.196+0000][1536][gc,task     ] GC(176) Using 2 workers of 2 for marking
[2024-02-06T10:17:15.551+0000][1536][gc,marking  ] GC(176) Concurrent Mark From Roots 351.423ms
[2024-02-06T10:17:15.551+0000][1536][gc,marking  ] GC(176) Concurrent Preclean
[2024-02-06T10:17:15.553+0000][1536][gc,marking  ] GC(176) Concurrent Preclean 1.374ms
[2024-02-06T10:17:15.553+0000][1536][gc,start    ] GC(176) Pause Remark
[2024-02-06T10:17:15.576+0000][1536][gc          ] GC(176) Pause Remark 1109M->1109M(4040M) 21.931ms
[2024-02-06T10:17:15.576+0000][1536][gc,cpu      ] GC(176) User=0.12s Sys=0.00s Real=0.02s
[2024-02-06T10:17:15.576+0000][1536][safepoint   ] Safepoint "G1Concurrent", Time since last: 381156400 ns, Reaching safepoint: 91500 ns, At safepoint: 22182800 ns, Total: 22274300 ns
[2024-02-06T10:17:15.576+0000][1536][gc,marking  ] GC(176) Concurrent Mark 375.372ms
[2024-02-06T10:17:15.576+0000][1536][gc,marking  ] GC(176) Concurrent Rebuild Remembered Sets
[2024-02-06T10:17:15.764+0000][1536][gc,marking  ] GC(176) Concurrent Rebuild Remembered Sets 197.136ms
[2024-02-06T10:17:15.764+0000][1536][gc,start    ] GC(176) Pause Cleanup
[2024-02-06T10:17:15.774+0000][1536][gc          ] GC(176) Pause Cleanup 1141M->1141M(4040M) 1.141ms
[2024-02-06T10:17:15.774+0000][1536][gc,cpu      ] GC(176) User=0.02s Sys=0.00s Real=0.01s
[2024-02-06T10:17:15.774+0000][1536][safepoint   ] Safepoint "G1Concurrent", Time since last: 197376200 ns, Reaching safepoint: 126100 ns, At safepoint: 1390900 ns, Total: 1517000 ns
[2024-02-06T10:17:15.774+0000][1536][gc,marking  ] GC(176) Concurrent Cleanup for Next Mark
[2024-02-06T10:17:15.807+0000][1536][gc,marking  ] GC(176) Concurrent Cleanup for Next Mark 33.371ms
[2024-02-06T10:17:15.809+0000][1536][gc          ] GC(176) Concurrent Mark Cycle 636.175ms
[2024-02-06T10:17:19.791+0000][1536][safepoint   ] Safepoint "Cleanup", Time since last: 4015869400 ns, Reaching safepoint: 222100 ns, At safepoint: 48000 ns, Total: 270100 ns
[2024-02-06T10:17:26.025+0000][1536][gc,start    ] GC(177) Pause Young (Prepare Mixed) (G1 Evacuation Pause)
[2024-02-06T10:17:26.025+0000][1536][gc,task     ] GC(177) Using 8 workers of 8 for evacuation
[2024-02-06T10:17:26.025+0000][1536][gc,age      ] GC(177) Desired survivor size 83886080 bytes, new threshold 2 (max threshold 15)
[2024-02-06T10:17:26.156+0000][1536][gc,phases   ] GC(177)   Pre Evacuate Collection Set: 0.2ms
[2024-02-06T10:17:26.156+0000][1536][gc,phases   ] GC(177)   Merge Heap Roots: 0.3ms
[2024-02-06T10:17:26.156+0000][1536][gc,phases   ] GC(177)   Evacuate Collection Set: 118.3ms
[2024-02-06T10:17:26.156+0000][1536][gc,phases   ] GC(177)   Post Evacuate Collection Set: 1.6ms
[2024-02-06T10:17:26.156+0000][1536][gc,phases   ] GC(177)   Other: 0.2ms
[2024-02-06T10:17:26.156+0000][1536][gc,age      ] GC(177) Age table with threshold 2 (max threshold 15)
[2024-02-06T10:17:26.156+0000][1536][gc,age      ] GC(177) - age   1:   48035168 bytes,   48035168 total
[2024-02-06T10:17:26.156+0000][1536][gc,age      ] GC(177) - age   2:   36363848 bytes,   84399016 total
[2024-02-06T10:17:26.156+0000][1536][gc,heap     ] GC(177) Eden regions: 288->0(28)
[2024-02-06T10:17:26.156+0000][1536][gc,heap     ] GC(177) Survivor regions: 30->22(40)
[2024-02-06T10:17:26.156+0000][1536][gc,heap     ] GC(177) Old regions: 235->248
[2024-02-06T10:17:26.156+0000][1536][gc,heap     ] GC(177) Archive regions: 0->0
[2024-02-06T10:17:26.156+0000][1536][gc,heap     ] GC(177) Humongous regions: 2->2
[2024-02-06T10:17:26.156+0000][1536][gc,metaspace] GC(177) Metaspace: 132219K(138176K)->132219K(138176K) NonClass: 115156K(118912K)->115156K(118912K) Class: 17063K(19264K)->17063K(19264K)
[2024-02-06T10:17:26.156+0000][1536][gc          ] GC(177) Pause Young (Prepare Mixed) (G1 Evacuation Pause) 2217M->1085M(4040M) 120.871ms
[2024-02-06T10:17:26.156+0000][1536][gc,cpu      ] GC(177) User=0.11s Sys=0.28s Real=0.13s
[2024-02-06T10:17:26.157+0000][1536][safepoint   ] Safepoint "G1CollectForAllocation", Time since last: 6244929800 ns, Reaching safepoint: 137300 ns, At safepoint: 121083000 ns, Total: 121220300 ns
[2024-02-06T10:17:27.024+0000][1536][gc,start    ] GC(178) Pause Young (Mixed) (G1 Evacuation Pause)
[2024-02-06T10:17:27.024+0000][1536][gc,task     ] GC(178) Using 8 workers of 8 for evacuation
[2024-02-06T10:17:27.024+0000][1536][gc,age      ] GC(178) Desired survivor size 14680064 bytes, new threshold 1 (max threshold 15)
[2024-02-06T10:17:28.652+0000][1536][gc,mmu      ] GC(178) MMU target violated: 201.0ms (200.0ms/201.0ms)
[2024-02-06T10:17:28.652+0000][1536][gc,phases   ] GC(178)   Pre Evacuate Collection Set: 1.0ms
[2024-02-06T10:17:28.652+0000][1536][gc,phases   ] GC(178)   Merge Heap Roots: 0.5ms
[2024-02-06T10:17:28.652+0000][1536][gc,phases   ] GC(178)   Evacuate Collection Set: 1619.4ms
[2024-02-06T10:17:28.652+0000][1536][gc,phases   ] GC(178)   Post Evacuate Collection Set: 7.6ms
[2024-02-06T10:17:28.652+0000][1536][gc,phases   ] GC(178)   Other: 0.3ms
[2024-02-06T10:17:28.652+0000][1536][gc,age      ] GC(178) Age table with threshold 1 (max threshold 15)
[2024-02-06T10:17:28.652+0000][1536][gc,age      ] GC(178) - age   1:    6106032 bytes,    6106032 total
[2024-02-06T10:17:28.652+0000][1536][gc,heap     ] GC(178) Eden regions: 28->0(127)
[2024-02-06T10:17:28.652+0000][1536][gc,heap     ] GC(178) Survivor regions: 22->4(7)
[2024-02-06T10:17:28.652+0000][1536][gc,heap     ] GC(178) Old regions: 248->202
[2024-02-06T10:17:28.652+0000][1536][gc,heap     ] GC(178) Archive regions: 0->0
[2024-02-06T10:17:28.652+0000][1536][gc,heap     ] GC(178) Humongous regions: 2->2
[2024-02-06T10:17:28.652+0000][1536][gc,metaspace] GC(178) Metaspace: 132219K(138176K)->132219K(138176K) NonClass: 115156K(118912K)->115156K(118912K) Class: 17063K(19264K)->17063K(19264K)
[2024-02-06T10:17:28.652+0000][1536][gc          ] GC(178) Pause Young (Mixed) (G1 Evacuation Pause) 1197M->830M(4040M) 1629.115ms
[2024-02-06T10:17:28.652+0000][1536][gc,cpu      ] GC(178) User=0.20s Sys=10.03s Real=1.63s
[2024-02-06T10:17:28.653+0000][1536][safepoint   ] Safepoint "G1CollectForAllocation", Time since last: 866490600 ns, Reaching safepoint: 163300 ns, At safepoint: 1629646400 ns, Total: 1629809700 ns
[2024-02-06T10:17:36.741+0000][1536][safepoint   ] Safepoint "Cleanup", Time since last: 8087331100 ns, Reaching safepoint: 155600 ns, At safepoint: 25000 ns, Total: 180600 ns
[2024-02-06T10:17:37.125+0000][1536][gc,start    ] GC(179) Pause Young (Normal) (G1 Evacuation Pause)
[2024-02-06T10:17:37.125+0000][1536][gc,task     ] GC(179) Using 8 workers of 8 for evacuation
[2024-02-06T10:17:37.125+0000][1536][gc,age      ] GC(179) Desired survivor size 35651584 bytes, new threshold 15 (max threshold 15)
[2024-02-06T10:17:37.151+0000][1536][gc,phases   ] GC(179)   Pre Evacuate Collection Set: 0.3ms
[2024-02-06T10:17:37.151+0000][1536][gc,phases   ] GC(179)   Merge Heap Roots: 0.3ms
[2024-02-06T10:17:37.151+0000][1536][gc,phases   ] GC(179)   Evacuate Collection Set: 9.0ms
[2024-02-06T10:17:37.151+0000][1536][gc,phases   ] GC(179)   Post Evacuate Collection Set: 2.2ms
[2024-02-06T10:17:37.151+0000][1536][gc,phases   ] GC(179)   Other: 3.4ms
[2024-02-06T10:17:37.151+0000][1536][gc,age      ] GC(179) Age table with threshold 15 (max threshold 15)
[2024-02-06T10:17:37.151+0000][1536][gc,age      ] GC(179) - age   1:   17234792 bytes,   17234792 total
[2024-02-06T10:17:37.151+0000][1536][gc,age      ] GC(179) - age   2:    5177160 bytes,   22411952 total
[2024-02-06T10:17:37.151+0000][1536][gc,heap     ] GC(179) Eden regions: 127->0(149)
[2024-02-06T10:17:37.151+0000][1536][gc,heap     ] GC(179) Survivor regions: 4->6(17)
[2024-02-06T10:17:37.151+0000][1536][gc,heap     ] GC(179) Old regions: 202->202
[2024-02-06T10:17:37.151+0000][1536][gc,heap     ] GC(179) Archive regions: 0->0
[2024-02-06T10:17:37.151+0000][1536][gc,heap     ] GC(179) Humongous regions: 2->2
[2024-02-06T10:17:37.151+0000][1536][gc,metaspace] GC(179) Metaspace: 132219K(138176K)->132219K(138176K) NonClass: 115156K(118912K)->115156K(118912K) Class: 17063K(19264K)->17063K(19264K)
[2024-02-06T10:17:37.151+0000][1536][gc          ] GC(179) Pause Young (Normal) (G1 Evacuation Pause) 1338M->838M(4040M) 15.997ms
[2024-02-06T10:17:37.151+0000][1536][gc,cpu      ] GC(179) User=0.08s Sys=0.00s Real=0.03s
[2024-02-06T10:17:37.151+0000][1536][safepoint   ] Safepoint "G1CollectForAllocation", Time since last: 395331300 ns, Reaching safepoint: 161900 ns, At safepoint: 16419200 ns, Total: 16581100 ns
[2024-02-06T10:17:53.113+0000][1536][gc,start    ] GC(180) Pause Young (Normal) (G1 Evacuation Pause)
[2024-02-06T10:17:53.113+0000][1536][gc,task     ] GC(180) Using 8 workers of 8 for evacuation
[2024-02-06T10:17:53.113+0000][1536][gc,age      ] GC(180) Desired survivor size 41943040 bytes, new threshold 15 (max threshold 15)
[2024-02-06T10:17:53.142+0000][1536][gc,phases   ] GC(180)   Pre Evacuate Collection Set: 0.4ms
[2024-02-06T10:17:53.142+0000][1536][gc,phases   ] GC(180)   Merge Heap Roots: 0.2ms
[2024-02-06T10:17:53.142+0000][1536][gc,phases   ] GC(180)   Evacuate Collection Set: 26.5ms
[2024-02-06T10:17:53.142+0000][1536][gc,phases   ] GC(180)   Post Evacuate Collection Set: 1.1ms
[2024-02-06T10:17:53.142+0000][1536][gc,phases   ] GC(180)   Other: 0.2ms
[2024-02-06T10:17:53.142+0000][1536][gc,age      ] GC(180) Age table with threshold 15 (max threshold 15)
[2024-02-06T10:17:53.142+0000][1536][gc,age      ] GC(180) - age   1:   27614008 bytes,   27614008 total
[2024-02-06T10:17:53.142+0000][1536][gc,age      ] GC(180) - age   2:   14267904 bytes,   41881912 total
[2024-02-06T10:17:53.142+0000][1536][gc,age      ] GC(180) - age   3:    4750792 bytes,   46632704 total
[2024-02-06T10:17:53.142+0000][1536][gc,heap     ] GC(180) Eden regions: 149->0(94)
[2024-02-06T10:17:53.142+0000][1536][gc,heap     ] GC(180) Survivor regions: 6->12(20)
[2024-02-06T10:17:53.142+0000][1536][gc,heap     ] GC(180) Old regions: 202->202
[2024-02-06T10:17:53.142+0000][1536][gc,heap     ] GC(180) Archive regions: 0->0
[2024-02-06T10:17:53.142+0000][1536][gc,heap     ] GC(180) Humongous regions: 2->2
[2024-02-06T10:17:53.142+0000][1536][gc,metaspace] GC(180) Metaspace: 132219K(138176K)->132219K(138176K) NonClass: 115156K(118912K)->115156K(118912K) Class: 17063K(19264K)->17063K(19264K)
[2024-02-06T10:17:53.142+0000][1536][gc          ] GC(180) Pause Young (Normal) (G1 Evacuation Pause) 1434M->862M(4040M) 28.929ms
[2024-02-06T10:17:53.142+0000][1536][gc,cpu      ] GC(180) User=0.14s Sys=0.00s Real=0.03s
[2024-02-06T10:17:53.143+0000][1536][safepoint   ] Safepoint "G1CollectForAllocation", Time since last: 15959922000 ns, Reaching safepoint: 147200 ns, At safepoint: 29542500 ns, Total: 29689700 ns
[2024-02-06T10:17:56.112+0000][1536][gc,start    ] GC(181) Pause Young (Normal) (G1 Evacuation Pause)
[2024-02-06T10:17:56.112+0000][1536][gc,task     ] GC(181) Using 8 workers of 8 for evacuation
[2024-02-06T10:17:56.112+0000][1536][gc,age      ] GC(181) Desired survivor size 29360128 bytes, new threshold 2 (max threshold 15)
[2024-02-06T10:17:56.159+0000][1536][gc,phases   ] GC(181)   Pre Evacuate Collection Set: 0.2ms
[2024-02-06T10:17:56.159+0000][1536][gc,phases   ] GC(181)   Merge Heap Roots: 0.2ms
[2024-02-06T10:17:56.159+0000][1536][gc,phases   ] GC(181)   Evacuate Collection Set: 43.0ms
[2024-02-06T10:17:56.159+0000][1536][gc,phases   ] GC(181)   Post Evacuate Collection Set: 1.3ms
[2024-02-06T10:17:56.159+0000][1536][gc,phases   ] GC(181)   Other: 0.3ms
[2024-02-06T10:17:56.159+0000][1536][gc,age      ] GC(181) Age table with threshold 2 (max threshold 15)
[2024-02-06T10:17:56.159+0000][1536][gc,age      ] GC(181) - age   1:   10318008 bytes,   10318008 total
[2024-02-06T10:17:56.159+0000][1536][gc,age      ] GC(181) - age   2:   25931368 bytes,   36249376 total
[2024-02-06T10:17:56.159+0000][1536][gc,heap     ] GC(181) Eden regions: 94->0(185)
[2024-02-06T10:17:56.159+0000][1536][gc,heap     ] GC(181) Survivor regions: 12->10(14)
[2024-02-06T10:17:56.159+0000][1536][gc,heap     ] GC(181) Old regions: 202->207
[2024-02-06T10:17:56.159+0000][1536][gc,heap     ] GC(181) Archive regions: 0->0
[2024-02-06T10:17:56.159+0000][1536][gc,heap     ] GC(181) Humongous regions: 2->2
[2024-02-06T10:17:56.159+0000][1536][gc,metaspace] GC(181) Metaspace: 132219K(138176K)->132219K(138176K) NonClass: 115156K(118912K)->115156K(118912K) Class: 17063K(19264K)->17063K(19264K)
[2024-02-06T10:17:56.159+0000][1536][gc          ] GC(181) Pause Young (Normal) (G1 Evacuation Pause) 1238M->872M(4040M) 45.792ms
[2024-02-06T10:17:56.159+0000][1536][gc,cpu      ] GC(181) User=0.12s Sys=0.12s Real=0.05s
[2024-02-06T10:17:56.159+0000][1536][safepoint   ] Safepoint "G1CollectForAllocation", Time since last: 2972708900 ns, Reaching safepoint: 174300 ns, At safepoint: 47235600 ns, Total: 47409900 ns
[2024-02-06T10:18:01.888+0000][1536][gc,start    ] GC(182) Pause Young (Normal) (G1 Evacuation Pause)
[2024-02-06T10:18:01.889+0000][1536][gc,task     ] GC(182) Using 8 workers of 8 for evacuation
[2024-02-06T10:18:01.889+0000][1536][gc,age      ] GC(182) Desired survivor size 52428800 bytes, new threshold 15 (max threshold 15)
[2024-02-06T10:18:01.914+0000][1536][gc,phases   ] GC(182)   Pre Evacuate Collection Set: 0.4ms
[2024-02-06T10:18:01.914+0000][1536][gc,phases   ] GC(182)   Merge Heap Roots: 0.3ms
[2024-02-06T10:18:01.915+0000][1536][gc,phases   ] GC(182)   Evacuate Collection Set: 21.9ms
[2024-02-06T10:18:01.915+0000][1536][gc,phases   ] GC(182)   Post Evacuate Collection Set: 1.9ms
[2024-02-06T10:18:01.915+0000][1536][gc,phases   ] GC(182)   Other: 0.8ms
[2024-02-06T10:18:01.915+0000][1536][gc,age      ] GC(182) Age table with threshold 15 (max threshold 15)
[2024-02-06T10:18:01.915+0000][1536][gc,age      ] GC(182) - age   1:   21696736 bytes,   21696736 total
[2024-02-06T10:18:01.915+0000][1536][gc,age      ] GC(182) - age   2:    8415024 bytes,   30111760 total
[2024-02-06T10:18:01.915+0000][1536][gc,age      ] GC(182) - age   3:   23402256 bytes,   53514016 total
[2024-02-06T10:18:01.915+0000][1536][gc,heap     ] GC(182) Eden regions: 185->0(210)
[2024-02-06T10:18:01.915+0000][1536][gc,heap     ] GC(182) Survivor regions: 10->14(25)
[2024-02-06T10:18:01.915+0000][1536][gc,heap     ] GC(182) Old regions: 207->207
[2024-02-06T10:18:01.915+0000][1536][gc,heap     ] GC(182) Archive regions: 0->0
[2024-02-06T10:18:01.915+0000][1536][gc,heap     ] GC(182) Humongous regions: 2->2
[2024-02-06T10:18:01.915+0000][1536][gc,metaspace] GC(182) Metaspace: 132219K(138176K)->132219K(138176K) NonClass: 115156K(118912K)->115156K(118912K) Class: 17063K(19264K)->17063K(19264K)
[2024-02-06T10:18:01.915+0000][1536][gc          ] GC(182) Pause Young (Normal) (G1 Evacuation Pause) 1612M->887M(4040M) 26.809ms
[2024-02-06T10:18:01.915+0000][1536][gc,cpu      ] GC(182) User=0.19s Sys=0.00s Real=0.03s
[2024-02-06T10:18:01.916+0000][1536][safepoint   ] Safepoint "G1CollectForAllocation", Time since last: 5726108200 ns, Reaching safepoint: 132600 ns, At safepoint: 27190400 ns, Total: 27323000 ns
[2024-02-06T10:18:09.038+0000][1536][gc,start    ] GC(183) Pause Young (Normal) (G1 Evacuation Pause)
[2024-02-06T10:18:09.038+0000][1536][gc,task     ] GC(183) Using 8 workers of 8 for evacuation
[2024-02-06T10:18:09.038+0000][1536][gc,age      ] GC(183) Desired survivor size 58720256 bytes, new threshold 15 (max threshold 15)
[2024-02-06T10:18:09.059+0000][1536][gc,phases   ] GC(183)   Pre Evacuate Collection Set: 0.2ms
[2024-02-06T10:18:09.059+0000][1536][gc,phases   ] GC(183)   Merge Heap Roots: 0.2ms
[2024-02-06T10:18:09.059+0000][1536][gc,phases   ] GC(183)   Evacuate Collection Set: 18.9ms
[2024-02-06T10:18:09.059+0000][1536][gc,phases   ] GC(183)   Post Evacuate Collection Set: 1.0ms
[2024-02-06T10:18:09.059+0000][1536][gc,phases   ] GC(183)   Other: 0.3ms
[2024-02-06T10:18:09.059+0000][1536][gc,age      ] GC(183) Age table with threshold 15 (max threshold 15)
[2024-02-06T10:18:09.059+0000][1536][gc,age      ] GC(183) - age   1:   40483584 bytes,   40483584 total
[2024-02-06T10:18:09.059+0000][1536][gc,age      ] GC(183) - age   2:   18203224 bytes,   58686808 total
[2024-02-06T10:18:09.059+0000][1536][gc,age      ] GC(183) - age   3:    6851376 bytes,   65538184 total
[2024-02-06T10:18:09.059+0000][1536][gc,age      ] GC(183) - age   4:   22573984 bytes,   88112168 total
[2024-02-06T10:18:09.059+0000][1536][gc,heap     ] GC(183) Eden regions: 210->0(134)
[2024-02-06T10:18:09.059+0000][1536][gc,heap     ] GC(183) Survivor regions: 14->23(28)
[2024-02-06T10:18:09.059+0000][1536][gc,heap     ] GC(183) Old regions: 207->207
[2024-02-06T10:18:09.059+0000][1536][gc,heap     ] GC(183) Archive regions: 0->0
[2024-02-06T10:18:09.059+0000][1536][gc,heap     ] GC(183) Humongous regions: 2->2
[2024-02-06T10:18:09.059+0000][1536][gc,metaspace] GC(183) Metaspace: 132219K(138176K)->132219K(138176K) NonClass: 115156K(118912K)->115156K(118912K) Class: 17063K(19264K)->17063K(19264K)
[2024-02-06T10:18:09.059+0000][1536][gc          ] GC(183) Pause Young (Normal) (G1 Evacuation Pause) 1727M->922M(4040M) 21.261ms
[2024-02-06T10:18:09.059+0000][1536][gc,cpu      ] GC(183) User=0.12s Sys=0.00s Real=0.02s
[2024-02-06T10:18:09.060+0000][1536][safepoint   ] Safepoint "G1CollectForAllocation", Time since last: 7122027200 ns, Reaching safepoint: 138100 ns, At safepoint: 21494200 ns, Total: 21632300 ns
[2024-02-06T10:18:20.485+0000][1536][safepoint   ] Safepoint "Cleanup", Time since last: 11124897800 ns, Reaching safepoint: 300301300 ns, At safepoint: 667600 ns, Total: 300968900 ns
[2024-02-06T10:18:21.803+0000][1536][gc,start    ] GC(184) Pause Young (Normal) (G1 Evacuation Pause)
[2024-02-06T10:18:21.803+0000][1536][gc,task     ] GC(184) Using 8 workers of 8 for evacuation
[2024-02-06T10:18:21.803+0000][1536][gc,age      ] GC(184) Desired survivor size 41943040 bytes, new threshold 2 (max threshold 15)
[2024-02-06T10:18:21.888+0000][1536][gc,phases   ] GC(184)   Pre Evacuate Collection Set: 0.2ms
[2024-02-06T10:18:21.888+0000][1536][gc,phases   ] GC(184)   Merge Heap Roots: 0.2ms
[2024-02-06T10:18:21.888+0000][1536][gc,phases   ] GC(184)   Evacuate Collection Set: 87.7ms
[2024-02-06T10:18:21.888+0000][1536][gc,phases   ] GC(184)   Post Evacuate Collection Set: 1.1ms
[2024-02-06T10:18:21.888+0000][1536][gc,phases   ] GC(184)   Other: 0.2ms
[2024-02-06T10:18:21.888+0000][1536][gc,age      ] GC(184) Age table with threshold 2 (max threshold 15)
[2024-02-06T10:18:21.888+0000][1536][gc,age      ] GC(184) - age   1:   21839984 bytes,   21839984 total
[2024-02-06T10:18:21.888+0000][1536][gc,age      ] GC(184) - age   2:   37666232 bytes,   59506216 total
[2024-02-06T10:18:21.888+0000][1536][gc,heap     ] GC(184) Eden regions: 134->0(252)
[2024-02-06T10:18:21.888+0000][1536][gc,heap     ] GC(184) Survivor regions: 23->16(20)
[2024-02-06T10:18:21.888+0000][1536][gc,heap     ] GC(184) Old regions: 207->218
[2024-02-06T10:18:21.888+0000][1536][gc,heap     ] GC(184) Archive regions: 0->0
[2024-02-06T10:18:21.888+0000][1536][gc,heap     ] GC(184) Humongous regions: 2->2
[2024-02-06T10:18:21.888+0000][1536][gc,metaspace] GC(184) Metaspace: 132219K(138176K)->132219K(138176K) NonClass: 115156K(118912K)->115156K(118912K) Class: 17063K(19264K)->17063K(19264K)
[2024-02-06T10:18:21.888+0000][1536][gc          ] GC(184) Pause Young (Normal) (G1 Evacuation Pause) 1458M->938M(4040M) 89.801ms
[2024-02-06T10:18:21.888+0000][1536][gc,cpu      ] GC(184) User=0.12s Sys=0.14s Real=0.09s
[2024-02-06T10:18:21.888+0000][1536][safepoint   ] Safepoint "G1CollectForAllocation", Time since last: 1317877800 ns, Reaching safepoint: 124100 ns, At safepoint: 90034400 ns, Total: 90158500 ns
[2024-02-06T10:18:33.800+0000][1536][gc,start    ] GC(185) Pause Young (Normal) (G1 Evacuation Pause)
[2024-02-06T10:18:33.800+0000][1536][gc,task     ] GC(185) Using 8 workers of 8 for evacuation
[2024-02-06T10:18:33.800+0000][1536][gc,age      ] GC(185) Desired survivor size 71303168 bytes, new threshold 15 (max threshold 15)
[2024-02-06T10:18:33.837+0000][1536][gc,phases   ] GC(185)   Pre Evacuate Collection Set: 0.3ms
[2024-02-06T10:18:33.837+0000][1536][gc,phases   ] GC(185)   Merge Heap Roots: 0.3ms
[2024-02-06T10:18:33.837+0000][1536][gc,phases   ] GC(185)   Evacuate Collection Set: 33.0ms
[2024-02-06T10:18:33.837+0000][1536][gc,phases   ] GC(185)   Post Evacuate Collection Set: 2.2ms
[2024-02-06T10:18:33.837+0000][1536][gc,phases   ] GC(185)   Other: 0.7ms
[2024-02-06T10:18:33.837+0000][1536][gc,age      ] GC(185) Age table with threshold 15 (max threshold 15)
[2024-02-06T10:18:33.837+0000][1536][gc,age      ] GC(185) - age   1:   38372280 bytes,   38372280 total
[2024-02-06T10:18:33.837+0000][1536][gc,age      ] GC(185) - age   2:   18176552 bytes,   56548832 total
[2024-02-06T10:18:33.837+0000][1536][gc,age      ] GC(185) - age   3:   35012552 bytes,   91561384 total
[2024-02-06T10:18:33.837+0000][1536][gc,heap     ] GC(185) Eden regions: 252->0(242)
[2024-02-06T10:18:33.837+0000][1536][gc,heap     ] GC(185) Survivor regions: 16->24(34)
[2024-02-06T10:18:33.837+0000][1536][gc,heap     ] GC(185) Old regions: 218->218
[2024-02-06T10:18:33.837+0000][1536][gc,heap     ] GC(185) Archive regions: 0->0
[2024-02-06T10:18:33.837+0000][1536][gc,heap     ] GC(185) Humongous regions: 2->2
[2024-02-06T10:18:33.837+0000][1536][gc,metaspace] GC(185) Metaspace: 132219K(138176K)->132219K(138176K) NonClass: 115156K(118912K)->115156K(118912K) Class: 17063K(19264K)->17063K(19264K)
[2024-02-06T10:18:33.837+0000][1536][gc          ] GC(185) Pause Young (Normal) (G1 Evacuation Pause) 1946M->969M(4040M) 37.797ms
[2024-02-06T10:18:33.837+0000][1536][gc,cpu      ] GC(185) User=0.22s Sys=0.00s Real=0.04s
[2024-02-06T10:18:33.837+0000][1536][safepoint   ] Safepoint "G1CollectForAllocation", Time since last: 11870732400 ns, Reaching safepoint: 35631200 ns, At safepoint: 38378800 ns, Total: 74010000 ns
[2024-02-06T10:18:50.047+0000][1536][safepoint   ] Safepoint "Cleanup", Time since last: 16159810000 ns, Reaching safepoint: 49400800 ns, At safepoint: 466900 ns, Total: 49867700 ns
[2024-02-06T10:18:53.965+0000][1536][gc,start    ] GC(186) Pause Young (Normal) (G1 Evacuation Pause)
[2024-02-06T10:18:53.965+0000][1536][gc,task     ] GC(186) Using 8 workers of 8 for evacuation
[2024-02-06T10:18:53.965+0000][1536][gc,age      ] GC(186) Desired survivor size 71303168 bytes, new threshold 3 (max threshold 15)
[2024-02-06T10:18:54.030+0000][1536][gc,phases   ] GC(186)   Pre Evacuate Collection Set: 0.2ms
[2024-02-06T10:18:54.030+0000][1536][gc,phases   ] GC(186)   Merge Heap Roots: 0.2ms
[2024-02-06T10:18:54.030+0000][1536][gc,phases   ] GC(186)   Evacuate Collection Set: 60.9ms
[2024-02-06T10:18:54.030+0000][1536][gc,phases   ] GC(186)   Post Evacuate Collection Set: 1.1ms
[2024-02-06T10:18:54.030+0000][1536][gc,phases   ] GC(186)   Other: 2.2ms
[2024-02-06T10:18:54.030+0000][1536][gc,age      ] GC(186) Age table with threshold 3 (max threshold 15)
[2024-02-06T10:18:54.030+0000][1536][gc,age      ] GC(186) - age   1:   31782776 bytes,   31782776 total
[2024-02-06T10:18:54.030+0000][1536][gc,age      ] GC(186) - age   2:   34658304 bytes,   66441080 total
[2024-02-06T10:18:54.030+0000][1536][gc,age      ] GC(186) - age   3:   16093064 bytes,   82534144 total
[2024-02-06T10:18:54.030+0000][1536][gc,heap     ] GC(186) Eden regions: 242->0(401)
[2024-02-06T10:18:54.030+0000][1536][gc,heap     ] GC(186) Survivor regions: 24->21(34)
[2024-02-06T10:18:54.030+0000][1536][gc,heap     ] GC(186) Old regions: 218->226
[2024-02-06T10:18:54.030+0000][1536][gc,heap     ] GC(186) Archive regions: 0->0
[2024-02-06T10:18:54.030+0000][1536][gc,heap     ] GC(186) Humongous regions: 2->2
[2024-02-06T10:18:54.030+0000][1536][gc,metaspace] GC(186) Metaspace: 132219K(138176K)->132219K(138176K) NonClass: 115156K(118912K)->115156K(118912K) Class: 17063K(19264K)->17063K(19264K)
[2024-02-06T10:18:54.031+0000][1536][gc          ] GC(186) Pause Young (Normal) (G1 Evacuation Pause) 1937M->992M(4040M) 65.209ms
[2024-02-06T10:18:54.031+0000][1536][gc,cpu      ] GC(186) User=0.09s Sys=0.17s Real=0.07s
[2024-02-06T10:18:54.031+0000][1536][safepoint   ] Safepoint "G1CollectForAllocation", Time since last: 3917512700 ns, Reaching safepoint: 113400 ns, At safepoint: 65619500 ns, Total: 65732900 ns
[2024-02-06T10:19:15.447+0000][1536][gc,start    ] GC(187) Pause Young (Normal) (G1 Evacuation Pause)
[2024-02-06T10:19:15.447+0000][1536][gc,task     ] GC(187) Using 8 workers of 8 for evacuation
[2024-02-06T10:19:15.447+0000][1536][gc,age      ] GC(187) Desired survivor size 111149056 bytes, new threshold 15 (max threshold 15)
[2024-02-06T10:19:15.478+0000][1536][gc,phases   ] GC(187)   Pre Evacuate Collection Set: 0.2ms
[2024-02-06T10:19:15.478+0000][1536][gc,phases   ] GC(187)   Merge Heap Roots: 0.2ms
[2024-02-06T10:19:15.478+0000][1536][gc,phases   ] GC(187)   Evacuate Collection Set: 27.1ms
[2024-02-06T10:19:15.478+0000][1536][gc,phases   ] GC(187)   Post Evacuate Collection Set: 1.5ms
[2024-02-06T10:19:15.478+0000][1536][gc,phases   ] GC(187)   Other: 0.3ms
[2024-02-06T10:19:15.478+0000][1536][gc,age      ] GC(187) Age table with threshold 15 (max threshold 15)
[2024-02-06T10:19:15.478+0000][1536][gc,age      ] GC(187) - age   1:   56921488 bytes,   56921488 total
[2024-02-06T10:19:15.478+0000][1536][gc,age      ] GC(187) - age   2:   24362568 bytes,   81284056 total
[2024-02-06T10:19:15.478+0000][1536][gc,age      ] GC(187) - age   3:   30545184 bytes,  111829240 total
[2024-02-06T10:19:15.478+0000][1536][gc,age      ] GC(187) - age   4:   12268784 bytes,  124098024 total
[2024-02-06T10:19:15.478+0000][1536][gc,heap     ] GC(187) Eden regions: 401->0(391)
[2024-02-06T10:19:15.478+0000][1536][gc,heap     ] GC(187) Survivor regions: 21->32(53)
[2024-02-06T10:19:15.478+0000][1536][gc,heap     ] GC(187) Old regions: 226->226
[2024-02-06T10:19:15.478+0000][1536][gc,heap     ] GC(187) Archive regions: 0->0
[2024-02-06T10:19:15.478+0000][1536][gc,heap     ] GC(187) Humongous regions: 2->2
[2024-02-06T10:19:15.478+0000][1536][gc,metaspace] GC(187) Metaspace: 132219K(138176K)->132219K(138176K) NonClass: 115156K(118912K)->115156K(118912K) Class: 17063K(19264K)->17063K(19264K)
[2024-02-06T10:19:15.478+0000][1536][gc          ] GC(187) Pause Young (Normal) (G1 Evacuation Pause) 2596M->1037M(4040M) 29.714ms
[2024-02-06T10:19:15.479+0000][1536][gc,cpu      ] GC(187) User=0.14s Sys=0.06s Real=0.03s
[2024-02-06T10:19:15.479+0000][1536][safepoint   ] Safepoint "G1CollectForAllocation", Time since last: 21418218300 ns, Reaching safepoint: 124200 ns, At safepoint: 29912500 ns, Total: 30036700 ns
[2024-02-06T10:19:19.512+0000][1536][safepoint   ] Safepoint "Cleanup", Time since last: 4032555100 ns, Reaching safepoint: 187100 ns, At safepoint: 46500 ns, Total: 233600 ns
[2024-02-06T10:19:43.961+0000][1536][gc,start    ] GC(188) Pause Young (Normal) (G1 Evacuation Pause)
[2024-02-06T10:19:43.961+0000][1536][gc,task     ] GC(188) Using 8 workers of 8 for evacuation
[2024-02-06T10:19:43.961+0000][1536][gc,age      ] GC(188) Desired survivor size 111149056 bytes, new threshold 3 (max threshold 15)
[2024-02-06T10:19:44.049+0000][1536][gc,phases   ] GC(188)   Pre Evacuate Collection Set: 0.3ms
[2024-02-06T10:19:44.049+0000][1536][gc,phases   ] GC(188)   Merge Heap Roots: 0.3ms
[2024-02-06T10:19:44.049+0000][1536][gc,phases   ] GC(188)   Evacuate Collection Set: 84.3ms
[2024-02-06T10:19:44.049+0000][1536][gc,phases   ] GC(188)   Post Evacuate Collection Set: 1.6ms
[2024-02-06T10:19:44.049+0000][1536][gc,phases   ] GC(188)   Other: 3.2ms
[2024-02-06T10:19:44.049+0000][1536][gc,age      ] GC(188) Age table with threshold 3 (max threshold 15)
[2024-02-06T10:19:44.049+0000][1536][gc,age      ] GC(188) - age   1:   58777616 bytes,   58777616 total
[2024-02-06T10:19:44.049+0000][1536][gc,age      ] GC(188) - age   2:   47310672 bytes,  106088288 total
[2024-02-06T10:19:44.049+0000][1536][gc,age      ] GC(188) - age   3:   21890264 bytes,  127978552 total
[2024-02-06T10:19:44.049+0000][1536][gc,heap     ] GC(188) Eden regions: 391->0(495)
[2024-02-06T10:19:44.049+0000][1536][gc,heap     ] GC(188) Survivor regions: 32->33(53)
[2024-02-06T10:19:44.049+0000][1536][gc,heap     ] GC(188) Old regions: 226->234
[2024-02-06T10:19:44.049+0000][1536][gc,heap     ] GC(188) Archive regions: 0->0
[2024-02-06T10:19:44.049+0000][1536][gc,heap     ] GC(188) Humongous regions: 2->2
[2024-02-06T10:19:44.049+0000][1536][gc,metaspace] GC(188) Metaspace: 132219K(138176K)->132219K(138176K) NonClass: 115156K(118912K)->115156K(118912K) Class: 17063K(19264K)->17063K(19264K)
[2024-02-06T10:19:44.049+0000][1536][gc          ] GC(188) Pause Young (Normal) (G1 Evacuation Pause) 2601M->1073M(4040M) 90.760ms
[2024-02-06T10:19:44.049+0000][1536][gc,cpu      ] GC(188) User=0.23s Sys=0.17s Real=0.09s
[2024-02-06T10:19:44.049+0000][1536][safepoint   ] Safepoint "G1CollectForAllocation", Time since last: 24451495600 ns, Reaching safepoint: 163800 ns, At safepoint: 91174800 ns, Total: 91338600 ns
[2024-02-06T10:19:58.510+0000][1536][gc,start    ] GC(189) Pause Young (Normal) (G1 Evacuation Pause)
[2024-02-06T10:19:58.510+0000][1536][gc,task     ] GC(189) Using 8 workers of 8 for evacuation
[2024-02-06T10:19:58.510+0000][1536][gc,age      ] GC(189) Desired survivor size 138412032 bytes, new threshold 15 (max threshold 15)
[2024-02-06T10:19:58.556+0000][1536][gc,phases   ] GC(189)   Pre Evacuate Collection Set: 0.2ms
[2024-02-06T10:19:58.556+0000][1536][gc,phases   ] GC(189)   Merge Heap Roots: 0.2ms
[2024-02-06T10:19:58.556+0000][1536][gc,phases   ] GC(189)   Evacuate Collection Set: 44.2ms
[2024-02-06T10:19:58.556+0000][1536][gc,phases   ] GC(189)   Post Evacuate Collection Set: 1.5ms
[2024-02-06T10:19:58.556+0000][1536][gc,phases   ] GC(189)   Other: 0.3ms
[2024-02-06T10:19:58.556+0000][1536][gc,age      ] GC(189) Age table with threshold 15 (max threshold 15)
[2024-02-06T10:19:58.556+0000][1536][gc,age      ] GC(189) - age   1:   67566144 bytes,   67566144 total
[2024-02-06T10:19:58.556+0000][1536][gc,age      ] GC(189) - age   2:   48247368 bytes,  115813512 total
[2024-02-06T10:19:58.556+0000][1536][gc,age      ] GC(189) - age   3:   36859720 bytes,  152673232 total
[2024-02-06T10:19:58.556+0000][1536][gc,age      ] GC(189) - age   4:   17356040 bytes,  170029272 total
[2024-02-06T10:19:58.556+0000][1536][gc,heap     ] GC(189) Eden regions: 495->0(521)
[2024-02-06T10:19:58.557+0000][1536][gc,heap     ] GC(189) Survivor regions: 33->43(66)
[2024-02-06T10:19:58.557+0000][1536][gc,heap     ] GC(189) Old regions: 234->234
[2024-02-06T10:19:58.557+0000][1536][gc,heap     ] GC(189) Archive regions: 0->0
[2024-02-06T10:19:58.557+0000][1536][gc,heap     ] GC(189) Humongous regions: 2->2
[2024-02-06T10:19:58.557+0000][1536][gc,metaspace] GC(189) Metaspace: 132219K(138176K)->132219K(138176K) NonClass: 115156K(118912K)->115156K(118912K) Class: 17063K(19264K)->17063K(19264K)
[2024-02-06T10:19:58.557+0000][1536][gc          ] GC(189) Pause Young (Normal) (G1 Evacuation Pause) 3053M->1115M(4040M) 47.179ms
[2024-02-06T10:19:58.557+0000][1536][gc,cpu      ] GC(189) User=0.22s Sys=0.14s Real=0.05s
[2024-02-06T10:19:58.557+0000][1536][safepoint   ] Safepoint "G1CollectForAllocation", Time since last: 14454427100 ns, Reaching safepoint: 149100 ns, At safepoint: 47462500 ns, Total: 47611600 ns
[2024-02-06T10:20:35.905+0000][1536][gc,start    ] GC(190) Pause Young (Concurrent Start) (G1 Evacuation Pause)
[2024-02-06T10:20:35.905+0000][1536][gc,task     ] GC(190) Using 8 workers of 8 for evacuation
[2024-02-06T10:20:35.905+0000][1536][gc,age      ] GC(190) Desired survivor size 148897792 bytes, new threshold 3 (max threshold 15)
[2024-02-06T10:20:36.055+0000][1536][gc,phases   ] GC(190)   Pre Evacuate Collection Set: 0.5ms
[2024-02-06T10:20:36.055+0000][1536][gc,phases   ] GC(190)   Merge Heap Roots: 0.3ms
[2024-02-06T10:20:36.055+0000][1536][gc,phases   ] GC(190)   Evacuate Collection Set: 143.9ms
[2024-02-06T10:20:36.055+0000][1536][gc,phases   ] GC(190)   Post Evacuate Collection Set: 3.6ms
[2024-02-06T10:20:36.055+0000][1536][gc,phases   ] GC(190)   Other: 0.5ms
[2024-02-06T10:20:36.055+0000][1536][gc,age      ] GC(190) Age table with threshold 3 (max threshold 15)
[2024-02-06T10:20:36.055+0000][1536][gc,age      ] GC(190) - age   1:   73265576 bytes,   73265576 total
[2024-02-06T10:20:36.055+0000][1536][gc,age      ] GC(190) - age   2:   50881792 bytes,  124147368 total
[2024-02-06T10:20:36.055+0000][1536][gc,age      ] GC(190) - age   3:   38089488 bytes,  162236856 total
[2024-02-06T10:20:36.055+0000][1536][gc,heap     ] GC(190) Eden regions: 521->0(393)
[2024-02-06T10:20:36.055+0000][1536][gc,heap     ] GC(190) Survivor regions: 43->41(71)
[2024-02-06T10:20:36.055+0000][1536][gc,heap     ] GC(190) Old regions: 234->245
[2024-02-06T10:20:36.055+0000][1536][gc,heap     ] GC(190) Archive regions: 0->0
[2024-02-06T10:20:36.055+0000][1536][gc,heap     ] GC(190) Humongous regions: 2->2
[2024-02-06T10:20:36.055+0000][1536][gc,metaspace] GC(190) Metaspace: 132219K(138176K)->132219K(138176K) NonClass: 115156K(118912K)->115156K(118912K) Class: 17063K(19264K)->17063K(19264K)
[2024-02-06T10:20:36.055+0000][1536][gc          ] GC(190) Pause Young (Concurrent Start) (G1 Evacuation Pause) 3199M->1150M(4040M) 149.302ms
[2024-02-06T10:20:36.055+0000][1536][gc          ] GC(191) Concurrent Mark Cycle
[2024-02-06T10:20:36.055+0000][1536][gc,cpu      ] GC(190) User=0.31s Sys=0.70s Real=0.15s
[2024-02-06T10:20:36.055+0000][1536][gc,marking  ] GC(191) Concurrent Clear Claimed Marks
[2024-02-06T10:20:36.055+0000][1536][safepoint   ] Safepoint "G1CollectForAllocation", Time since last: 37352757600 ns, Reaching safepoint: 127600 ns, At safepoint: 149608700 ns, Total: 149736300 ns
[2024-02-06T10:20:36.055+0000][1536][gc,marking  ] GC(191) Concurrent Clear Claimed Marks 0.270ms
[2024-02-06T10:20:36.055+0000][1536][gc,marking  ] GC(191) Concurrent Scan Root Regions
[2024-02-06T10:20:36.089+0000][1536][gc,marking  ] GC(191) Concurrent Scan Root Regions 30.314ms
[2024-02-06T10:20:36.089+0000][1536][gc,marking  ] GC(191) Concurrent Mark
[2024-02-06T10:20:36.089+0000][1536][gc,marking  ] GC(191) Concurrent Mark From Roots
[2024-02-06T10:20:36.089+0000][1536][gc,task     ] GC(191) Using 2 workers of 2 for marking
[2024-02-06T10:20:36.373+0000][1536][gc,marking  ] GC(191) Concurrent Mark From Roots 288.353ms
[2024-02-06T10:20:36.373+0000][1536][gc,marking  ] GC(191) Concurrent Preclean
[2024-02-06T10:20:36.373+0000][1536][gc,marking  ] GC(191) Concurrent Preclean 1.020ms
[2024-02-06T10:20:36.380+0000][1536][gc,start    ] GC(191) Pause Remark
[2024-02-06T10:20:36.398+0000][1536][gc          ] GC(191) Pause Remark 1192M->1192M(4040M) 23.018ms
[2024-02-06T10:20:36.398+0000][1536][gc,cpu      ] GC(191) User=0.00s Sys=0.02s Real=0.02s
[2024-02-06T10:20:36.398+0000][1536][safepoint   ] Safepoint "G1Concurrent", Time since last: 320119800 ns, Reaching safepoint: 100300 ns, At safepoint: 23452900 ns, Total: 23553200 ns
[2024-02-06T10:20:36.398+0000][1536][gc,marking  ] GC(191) Concurrent Mark 313.211ms
[2024-02-06T10:20:36.398+0000][1536][gc,marking  ] GC(191) Concurrent Rebuild Remembered Sets
[2024-02-06T10:20:36.574+0000][1536][gc,marking  ] GC(191) Concurrent Rebuild Remembered Sets 176.746ms
[2024-02-06T10:20:36.574+0000][1536][gc,start    ] GC(191) Pause Cleanup
[2024-02-06T10:20:36.574+0000][1536][gc          ] GC(191) Pause Cleanup 1226M->1226M(4040M) 1.193ms
[2024-02-06T10:20:36.574+0000][1536][gc,cpu      ] GC(191) User=0.00s Sys=0.00s Real=0.00s
[2024-02-06T10:20:36.574+0000][1536][safepoint   ] Safepoint "G1Concurrent", Time since last: 176989800 ns, Reaching safepoint: 105300 ns, At safepoint: 1334200 ns, Total: 1439500 ns
[2024-02-06T10:20:36.574+0000][1536][gc,marking  ] GC(191) Concurrent Cleanup for Next Mark
[2024-02-06T10:20:36.606+0000][1536][gc,marking  ] GC(191) Concurrent Cleanup for Next Mark 26.716ms
[2024-02-06T10:20:36.606+0000][1536][gc          ] GC(191) Concurrent Mark Cycle 549.259ms
[2024-02-06T10:21:10.363+0000][1536][gc,start    ] GC(192) Pause Young (Prepare Mixed) (G1 Evacuation Pause)
[2024-02-06T10:21:10.363+0000][1536][gc,task     ] GC(192) Using 8 workers of 8 for evacuation
[2024-02-06T10:21:10.363+0000][1536][gc,age      ] GC(192) Desired survivor size 146800640 bytes, new threshold 3 (max threshold 15)
[2024-02-06T10:21:10.448+0000][1536][gc,phases   ] GC(192)   Pre Evacuate Collection Set: 0.4ms
[2024-02-06T10:21:10.448+0000][1536][gc,phases   ] GC(192)   Merge Heap Roots: 0.5ms
[2024-02-06T10:21:10.448+0000][1536][gc,phases   ] GC(192)   Evacuate Collection Set: 95.2ms
[2024-02-06T10:21:10.448+0000][1536][gc,phases   ] GC(192)   Post Evacuate Collection Set: 1.5ms
[2024-02-06T10:21:10.448+0000][1536][gc,phases   ] GC(192)   Other: 1.1ms
[2024-02-06T10:21:10.448+0000][1536][gc,age      ] GC(192) Age table with threshold 3 (max threshold 15)
[2024-02-06T10:21:10.448+0000][1536][gc,age      ] GC(192) - age   1:   69805496 bytes,   69805496 total
[2024-02-06T10:21:10.448+0000][1536][gc,age      ] GC(192) - age   2:   56479024 bytes,  126284520 total
[2024-02-06T10:21:10.448+0000][1536][gc,age      ] GC(192) - age   3:   36905968 bytes,  163190488 total
[2024-02-06T10:21:10.448+0000][1536][gc,heap     ] GC(192) Eden regions: 513->0(9)
[2024-02-06T10:21:10.448+0000][1536][gc,heap     ] GC(192) Survivor regions: 41->41(70)
[2024-02-06T10:21:10.448+0000][1536][gc,heap     ] GC(192) Old regions: 245->252
[2024-02-06T10:21:10.448+0000][1536][gc,heap     ] GC(192) Archive regions: 0->0
[2024-02-06T10:21:10.448+0000][1536][gc,heap     ] GC(192) Humongous regions: 2->2
[2024-02-06T10:21:10.448+0000][1536][gc,metaspace] GC(192) Metaspace: 132220K(138176K)->132220K(138176K) NonClass: 115157K(118912K)->115157K(118912K) Class: 17063K(19264K)->17063K(19264K)
[2024-02-06T10:21:10.448+0000][1536][gc          ] GC(192) Pause Young (Prepare Mixed) (G1 Evacuation Pause) 3202M->1177M(4040M) 99.269ms
[2024-02-06T10:21:10.448+0000][1536][gc,cpu      ] GC(192) User=0.23s Sys=0.34s Real=0.09s
[2024-02-06T10:21:10.448+0000][1536][safepoint   ] Safepoint "G1CollectForAllocation", Time since last: 33781373100 ns, Reaching safepoint: 216800 ns, At safepoint: 99514200 ns, Total: 99731000 ns
[2024-02-06T10:21:10.687+0000][1536][gc,start    ] GC(193) Pause Young (Mixed) (G1 Evacuation Pause)
[2024-02-06T10:21:10.687+0000][1536][gc,task     ] GC(193) Using 8 workers of 8 for evacuation
[2024-02-06T10:21:10.687+0000][1536][gc,age      ] GC(193) Desired survivor size 14680064 bytes, new threshold 1 (max threshold 15)
[2024-02-06T10:21:11.188+0000][1536][gc,mmu      ] GC(193) MMU target violated: 201.0ms (200.0ms/201.0ms)
[2024-02-06T10:21:11.188+0000][1536][gc,phases   ] GC(193)   Pre Evacuate Collection Set: 0.2ms
[2024-02-06T10:21:11.188+0000][1536][gc,phases   ] GC(193)   Merge Heap Roots: 0.3ms
[2024-02-06T10:21:11.188+0000][1536][gc,phases   ] GC(193)   Evacuate Collection Set: 493.1ms
[2024-02-06T10:21:11.188+0000][1536][gc,phases   ] GC(193)   Post Evacuate Collection Set: 3.6ms
[2024-02-06T10:21:11.188+0000][1536][gc,phases   ] GC(193)   Other: 0.3ms
[2024-02-06T10:21:11.188+0000][1536][gc,age      ] GC(193) Age table with threshold 1 (max threshold 15)
[2024-02-06T10:21:11.188+0000][1536][gc,age      ] GC(193) - age   1:    1291760 bytes,    1291760 total
[2024-02-06T10:21:11.188+0000][1536][gc,heap     ] GC(193) Eden regions: 9->0(46)
[2024-02-06T10:21:11.188+0000][1536][gc,heap     ] GC(193) Survivor regions: 41->4(7)
[2024-02-06T10:21:11.188+0000][1536][gc,heap     ] GC(193) Old regions: 252->215
[2024-02-06T10:21:11.188+0000][1536][gc,heap     ] GC(193) Archive regions: 0->0
[2024-02-06T10:21:11.188+0000][1536][gc,heap     ] GC(193) Humongous regions: 2->2
[2024-02-06T10:21:11.188+0000][1536][gc,metaspace] GC(193) Metaspace: 132220K(138176K)->132220K(138176K) NonClass: 115157K(118912K)->115157K(118912K) Class: 17063K(19264K)->17063K(19264K)
[2024-02-06T10:21:11.188+0000][1536][gc          ] GC(193) Pause Young (Mixed) (G1 Evacuation Pause) 1213M->883M(4040M) 497.912ms
[2024-02-06T10:21:11.188+0000][1536][gc,cpu      ] GC(193) User=0.16s Sys=1.30s Real=0.50s
[2024-02-06T10:21:11.196+0000][1536][safepoint   ] Safepoint "G1CollectForAllocation", Time since last: 233953900 ns, Reaching safepoint: 115000 ns, At safepoint: 499531600 ns, Total: 499646600 ns
[2024-02-06T10:21:12.137+0000][1536][gc,start    ] GC(194) Pause Young (Mixed) (G1 Evacuation Pause)
[2024-02-06T10:21:12.137+0000][1536][gc,task     ] GC(194) Using 8 workers of 8 for evacuation
[2024-02-06T10:21:12.137+0000][1536][gc,age      ] GC(194) Desired survivor size 14680064 bytes, new threshold 15 (max threshold 15)
[2024-02-06T10:21:12.138+0000][1536][gc,phases   ] GC(194)   Pre Evacuate Collection Set: 0.2ms
[2024-02-06T10:21:12.138+0000][1536][gc,phases   ] GC(194)   Merge Heap Roots: 0.2ms
[2024-02-06T10:21:12.138+0000][1536][gc,phases   ] GC(194)   Evacuate Collection Set: 9.2ms
[2024-02-06T10:21:12.138+0000][1536][gc,phases   ] GC(194)   Post Evacuate Collection Set: 0.9ms
[2024-02-06T10:21:12.138+0000][1536][gc,phases   ] GC(194)   Other: 0.2ms
[2024-02-06T10:21:12.138+0000][1536][gc,age      ] GC(194) Age table with threshold 15 (max threshold 15)
[2024-02-06T10:21:12.138+0000][1536][gc,age      ] GC(194) - age   1:   10064216 bytes,   10064216 total
[2024-02-06T10:21:12.138+0000][1536][gc,age      ] GC(194) - age   2:     830576 bytes,   10894792 total
[2024-02-06T10:21:12.138+0000][1536][gc,heap     ] GC(194) Eden regions: 46->0(573)
[2024-02-06T10:21:12.138+0000][1536][gc,heap     ] GC(194) Survivor regions: 4->4(7)
[2024-02-06T10:21:12.138+0000][1536][gc,heap     ] GC(194) Old regions: 215->217
[2024-02-06T10:21:12.138+0000][1536][gc,heap     ] GC(194) Archive regions: 0->0
[2024-02-06T10:21:12.138+0000][1536][gc,heap     ] GC(194) Humongous regions: 2->2
[2024-02-06T10:21:12.138+0000][1536][gc,metaspace] GC(194) Metaspace: 132220K(138176K)->132220K(138176K) NonClass: 115157K(118912K)->115157K(118912K) Class: 17063K(19264K)->17063K(19264K)
[2024-02-06T10:21:12.138+0000][1536][gc          ] GC(194) Pause Young (Mixed) (G1 Evacuation Pause) 1067M->890M(4040M) 11.243ms
[2024-02-06T10:21:12.138+0000][1536][gc,cpu      ] GC(194) User=0.00s Sys=0.00s Real=0.00s
[2024-02-06T10:21:12.138+0000][1536][safepoint   ] Safepoint "G1CollectForAllocation", Time since last: 940929400 ns, Reaching safepoint: 115500 ns, At safepoint: 11416500 ns, Total: 11532000 ns
[2024-02-06T10:21:44.317+0000][1536][gc,start    ] GC(195) Pause Young (Normal) (G1 Evacuation Pause)
[2024-02-06T10:21:44.317+0000][1536][gc,task     ] GC(195) Using 8 workers of 8 for evacuation
[2024-02-06T10:21:44.317+0000][1536][gc,age      ] GC(195) Desired survivor size 153092096 bytes, new threshold 15 (max threshold 15)
[2024-02-06T10:21:44.365+0000][1536][gc,phases   ] GC(195)   Pre Evacuate Collection Set: 0.3ms
[2024-02-06T10:21:44.365+0000][1536][gc,phases   ] GC(195)   Merge Heap Roots: 0.5ms
[2024-02-06T10:21:44.365+0000][1536][gc,phases   ] GC(195)   Evacuate Collection Set: 44.6ms
[2024-02-06T10:21:44.365+0000][1536][gc,phases   ] GC(195)   Post Evacuate Collection Set: 1.7ms
[2024-02-06T10:21:44.365+0000][1536][gc,phases   ] GC(195)   Other: 0.5ms
[2024-02-06T10:21:44.365+0000][1536][gc,age      ] GC(195) Age table with threshold 15 (max threshold 15)
[2024-02-06T10:21:44.365+0000][1536][gc,age      ] GC(195) - age   1:   83603680 bytes,   83603680 total
[2024-02-06T10:21:44.365+0000][1536][gc,age      ] GC(195) - age   2:    7681408 bytes,   91285088 total
[2024-02-06T10:21:44.365+0000][1536][gc,age      ] GC(195) - age   3:     807408 bytes,   92092496 total
[2024-02-06T10:21:44.366+0000][1536][gc,heap     ] GC(195) Eden regions: 573->0(553)
[2024-02-06T10:21:44.366+0000][1536][gc,heap     ] GC(195) Survivor regions: 4->24(73)
[2024-02-06T10:21:44.366+0000][1536][gc,heap     ] GC(195) Old regions: 217->217
[2024-02-06T10:21:44.366+0000][1536][gc,heap     ] GC(195) Archive regions: 0->0
[2024-02-06T10:21:44.366+0000][1536][gc,heap     ] GC(195) Humongous regions: 2->2
[2024-02-06T10:21:44.366+0000][1536][gc,metaspace] GC(195) Metaspace: 132220K(138176K)->132220K(138176K) NonClass: 115157K(118912K)->115157K(118912K) Class: 17063K(19264K)->17063K(19264K)
[2024-02-06T10:21:44.366+0000][1536][gc          ] GC(195) Pause Young (Normal) (G1 Evacuation Pause) 3182M->968M(4040M) 48.632ms
[2024-02-06T10:21:44.366+0000][1536][gc,cpu      ] GC(195) User=0.36s Sys=0.02s Real=0.05s
[2024-02-06T10:21:44.366+0000][1536][safepoint   ] Safepoint "G1CollectForAllocation", Time since last: 32168047600 ns, Reaching safepoint: 181100 ns, At safepoint: 48854100 ns, Total: 49035200 ns
[2024-02-06T10:22:10.643+0000][1536][gc,start    ] GC(196) Pause Young (Normal) (G1 Evacuation Pause)
[2024-02-06T10:22:10.643+0000][1536][gc,task     ] GC(196) Using 8 workers of 8 for evacuation
[2024-02-06T10:22:10.643+0000][1536][gc,age      ] GC(196) Desired survivor size 153092096 bytes, new threshold 15 (max threshold 15)
[2024-02-06T10:22:10.777+0000][1536][gc,phases   ] GC(196)   Pre Evacuate Collection Set: 0.4ms
[2024-02-06T10:22:10.777+0000][1536][gc,phases   ] GC(196)   Merge Heap Roots: 0.6ms
[2024-02-06T10:22:10.777+0000][1536][gc,phases   ] GC(196)   Evacuate Collection Set: 133.0ms
[2024-02-06T10:22:10.777+0000][1536][gc,phases   ] GC(196)   Post Evacuate Collection Set: 1.2ms
[2024-02-06T10:22:10.777+0000][1536][gc,phases   ] GC(196)   Other: 0.5ms
[2024-02-06T10:22:10.777+0000][1536][gc,age      ] GC(196) Age table with threshold 15 (max threshold 15)
[2024-02-06T10:22:10.777+0000][1536][gc,age      ] GC(196) - age   1:   70242232 bytes,   70242232 total
[2024-02-06T10:22:10.777+0000][1536][gc,age      ] GC(196) - age   2:   68300160 bytes,  138542392 total
[2024-02-06T10:22:10.777+0000][1536][gc,age      ] GC(196) - age   3:    6611296 bytes,  145153688 total
[2024-02-06T10:22:10.777+0000][1536][gc,age      ] GC(196) - age   4:     590640 bytes,  145744328 total
[2024-02-06T10:22:10.777+0000][1536][gc,heap     ] GC(196) Eden regions: 553->0(346)
[2024-02-06T10:22:10.777+0000][1536][gc,heap     ] GC(196) Survivor regions: 24->37(73)
[2024-02-06T10:22:10.777+0000][1536][gc,heap     ] GC(196) Old regions: 217->217
[2024-02-06T10:22:10.777+0000][1536][gc,heap     ] GC(196) Archive regions: 0->0
[2024-02-06T10:22:10.777+0000][1536][gc,heap     ] GC(196) Humongous regions: 2->2
[2024-02-06T10:22:10.777+0000][1536][gc,metaspace] GC(196) Metaspace: 132220K(138176K)->132220K(138176K) NonClass: 115157K(118912K)->115157K(118912K) Class: 17063K(19264K)->17063K(19264K)
[2024-02-06T10:22:10.777+0000][1536][gc          ] GC(196) Pause Young (Normal) (G1 Evacuation Pause) 3180M->1024M(4040M) 136.463ms
[2024-02-06T10:22:10.777+0000][1536][gc,cpu      ] GC(196) User=0.31s Sys=0.20s Real=0.13s
[2024-02-06T10:22:10.777+0000][1536][safepoint   ] Safepoint "G1CollectForAllocation", Time since last: 26230809100 ns, Reaching safepoint: 46369300 ns, At safepoint: 136854100 ns, Total: 183223400 ns
[2024-02-06T10:22:22.738+0000][1536][gc,start    ] GC(197) Pause Young (Concurrent Start) (G1 Evacuation Pause)
[2024-02-06T10:22:22.738+0000][1536][gc,task     ] GC(197) Using 8 workers of 8 for evacuation
[2024-02-06T10:22:22.738+0000][1536][gc,age      ] GC(197) Desired survivor size 100663296 bytes, new threshold 2 (max threshold 15)
[2024-02-06T10:22:22.987+0000][1536][gc,mmu      ] GC(197) MMU target violated: 201.0ms (200.0ms/201.0ms)
[2024-02-06T10:22:22.987+0000][1536][gc,phases   ] GC(197)   Pre Evacuate Collection Set: 1.0ms
[2024-02-06T10:22:22.987+0000][1536][gc,phases   ] GC(197)   Merge Heap Roots: 0.5ms
[2024-02-06T10:22:22.987+0000][1536][gc,phases   ] GC(197)   Evacuate Collection Set: 242.6ms
[2024-02-06T10:22:22.987+0000][1536][gc,phases   ] GC(197)   Post Evacuate Collection Set: 1.3ms
[2024-02-06T10:22:22.987+0000][1536][gc,phases   ] GC(197)   Other: 0.4ms
[2024-02-06T10:22:22.987+0000][1536][gc,age      ] GC(197) Age table with threshold 2 (max threshold 15)
[2024-02-06T10:22:22.987+0000][1536][gc,age      ] GC(197) - age   1:   61136264 bytes,   61136264 total
[2024-02-06T10:22:22.987+0000][1536][gc,age      ] GC(197) - age   2:   58407632 bytes,  119543896 total
[2024-02-06T10:22:22.987+0000][1536][gc,heap     ] GC(197) Eden regions: 346->0(352)
[2024-02-06T10:22:22.987+0000][1536][gc,heap     ] GC(197) Survivor regions: 37->31(48)
[2024-02-06T10:22:22.987+0000][1536][gc,heap     ] GC(197) Old regions: 217->233
[2024-02-06T10:22:22.987+0000][1536][gc,heap     ] GC(197) Archive regions: 0->0
[2024-02-06T10:22:22.987+0000][1536][gc,heap     ] GC(197) Humongous regions: 2->2
[2024-02-06T10:22:22.987+0000][1536][gc,metaspace] GC(197) Metaspace: 132221K(138176K)->132221K(138176K) NonClass: 115158K(118912K)->115158K(118912K) Class: 17063K(19264K)->17063K(19264K)
[2024-02-06T10:22:22.987+0000][1536][gc          ] GC(197) Pause Young (Concurrent Start) (G1 Evacuation Pause) 2408M->1061M(4040M) 246.439ms
[2024-02-06T10:22:22.987+0000][1536][gc          ] GC(198) Concurrent Mark Cycle
[2024-02-06T10:22:22.987+0000][1536][gc,cpu      ] GC(197) User=0.55s Sys=0.27s Real=0.25s
[2024-02-06T10:22:22.987+0000][1536][gc,marking  ] GC(198) Concurrent Clear Claimed Marks
[2024-02-06T10:22:22.987+0000][1536][safepoint   ] Safepoint "G1CollectForAllocation", Time since last: 11961164900 ns, Reaching safepoint: 206800 ns, At safepoint: 246799300 ns, Total: 247006100 ns
[2024-02-06T10:22:22.987+0000][1536][gc,marking  ] GC(198) Concurrent Clear Claimed Marks 0.254ms
[2024-02-06T10:22:22.987+0000][1536][gc,marking  ] GC(198) Concurrent Scan Root Regions
[2024-02-06T10:22:23.058+0000][1536][gc,marking  ] GC(198) Concurrent Scan Root Regions 70.725ms
[2024-02-06T10:22:23.058+0000][1536][gc,marking  ] GC(198) Concurrent Mark
[2024-02-06T10:22:23.058+0000][1536][gc,marking  ] GC(198) Concurrent Mark From Roots
[2024-02-06T10:22:23.058+0000][1536][gc,task     ] GC(198) Using 2 workers of 2 for marking
[2024-02-06T10:22:23.406+0000][1536][gc,marking  ] GC(198) Concurrent Mark From Roots 346.889ms
[2024-02-06T10:22:23.406+0000][1536][gc,marking  ] GC(198) Concurrent Preclean
[2024-02-06T10:22:23.406+0000][1536][gc,marking  ] GC(198) Concurrent Preclean 0.948ms
[2024-02-06T10:22:23.406+0000][1536][gc,start    ] GC(198) Pause Remark
[2024-02-06T10:22:23.421+0000][1536][gc          ] GC(198) Pause Remark 1143M->1143M(4040M) 19.855ms
[2024-02-06T10:22:23.421+0000][1536][gc,cpu      ] GC(198) User=0.02s Sys=0.00s Real=0.02s
[2024-02-06T10:22:23.421+0000][1536][safepoint   ] Safepoint "G1Concurrent", Time since last: 418896400 ns, Reaching safepoint: 111800 ns, At safepoint: 20120500 ns, Total: 20232300 ns
[2024-02-06T10:22:23.421+0000][1536][gc,marking  ] GC(198) Concurrent Mark 368.296ms
[2024-02-06T10:22:23.421+0000][1536][gc,marking  ] GC(198) Concurrent Rebuild Remembered Sets
[2024-02-06T10:22:23.658+0000][1536][gc,marking  ] GC(198) Concurrent Rebuild Remembered Sets 235.738ms
[2024-02-06T10:22:23.658+0000][1536][gc,start    ] GC(198) Pause Cleanup
[2024-02-06T10:22:23.664+0000][1536][gc          ] GC(198) Pause Cleanup 1176M->1176M(4040M) 0.618ms
[2024-02-06T10:22:23.664+0000][1536][gc,cpu      ] GC(198) User=0.00s Sys=0.00s Real=0.01s
[2024-02-06T10:22:23.664+0000][1536][safepoint   ] Safepoint "G1Concurrent", Time since last: 235979600 ns, Reaching safepoint: 123600 ns, At safepoint: 852100 ns, Total: 975700 ns
[2024-02-06T10:22:23.664+0000][1536][gc,marking  ] GC(198) Concurrent Cleanup for Next Mark
[2024-02-06T10:22:23.870+0000][1536][gc,marking  ] GC(198) Concurrent Cleanup for Next Mark 206.167ms
[2024-02-06T10:22:23.870+0000][1536][gc          ] GC(198) Concurrent Mark Cycle 882.615ms
[2024-02-06T10:22:44.547+0000][1536][gc,start    ] GC(199) Pause Young (Prepare Mixed) (G1 Evacuation Pause)
[2024-02-06T10:22:44.547+0000][1536][gc,task     ] GC(199) Using 8 workers of 8 for evacuation
[2024-02-06T10:22:44.547+0000][1536][gc,age      ] GC(199) Desired survivor size 117440512 bytes, new threshold 2 (max threshold 15)
[2024-02-06T10:22:44.724+0000][1536][gc,phases   ] GC(199)   Pre Evacuate Collection Set: 0.3ms
[2024-02-06T10:22:44.724+0000][1536][gc,phases   ] GC(199)   Merge Heap Roots: 0.4ms
[2024-02-06T10:22:44.724+0000][1536][gc,phases   ] GC(199)   Evacuate Collection Set: 163.2ms
[2024-02-06T10:22:44.724+0000][1536][gc,phases   ] GC(199)   Post Evacuate Collection Set: 2.7ms
[2024-02-06T10:22:44.724+0000][1536][gc,phases   ] GC(199)   Other: 2.2ms
[2024-02-06T10:22:44.724+0000][1536][gc,age      ] GC(199) Age table with threshold 2 (max threshold 15)
[2024-02-06T10:22:44.724+0000][1536][gc,age      ] GC(199) - age   1:   55823128 bytes,   55823128 total
[2024-02-06T10:22:44.724+0000][1536][gc,age      ] GC(199) - age   2:   54486024 bytes,  110309152 total
[2024-02-06T10:22:44.724+0000][1536][gc,heap     ] GC(199) Eden regions: 411->0(21)
[2024-02-06T10:22:44.724+0000][1536][gc,heap     ] GC(199) Survivor regions: 31->29(56)
[2024-02-06T10:22:44.724+0000][1536][gc,heap     ] GC(199) Old regions: 233->245
[2024-02-06T10:22:44.724+0000][1536][gc,heap     ] GC(199) Archive regions: 0->0
[2024-02-06T10:22:44.724+0000][1536][gc,heap     ] GC(199) Humongous regions: 2->2
[2024-02-06T10:22:44.724+0000][1536][gc,metaspace] GC(199) Metaspace: 132221K(138176K)->132221K(138176K) NonClass: 115158K(118912K)->115158K(118912K) Class: 17063K(19264K)->17063K(19264K)
[2024-02-06T10:22:44.724+0000][1536][gc          ] GC(199) Pause Young (Prepare Mixed) (G1 Evacuation Pause) 2705M->1100M(4040M) 169.349ms
[2024-02-06T10:22:44.724+0000][1536][gc,cpu      ] GC(199) User=0.25s Sys=0.55s Real=0.18s
[2024-02-06T10:22:44.724+0000][1536][safepoint   ] Safepoint "G1CollectForAllocation", Time since last: 20890462000 ns, Reaching safepoint: 150900 ns, At safepoint: 169566300 ns, Total: 169717200 ns
[2024-02-06T10:22:45.345+0000][1536][gc,start    ] GC(200) Pause Young (Mixed) (G1 Evacuation Pause)
[2024-02-06T10:22:45.345+0000][1536][gc,task     ] GC(200) Using 8 workers of 8 for evacuation
[2024-02-06T10:22:45.345+0000][1536][gc,age      ] GC(200) Desired survivor size 14680064 bytes, new threshold 1 (max threshold 15)
[2024-02-06T10:22:45.869+0000][1536][gc,mmu      ] GC(200) MMU target violated: 201.0ms (200.0ms/201.0ms)
[2024-02-06T10:22:45.869+0000][1536][gc,phases   ] GC(200)   Pre Evacuate Collection Set: 0.3ms
[2024-02-06T10:22:45.869+0000][1536][gc,phases   ] GC(200)   Merge Heap Roots: 0.9ms
[2024-02-06T10:22:45.869+0000][1536][gc,phases   ] GC(200)   Evacuate Collection Set: 518.1ms
[2024-02-06T10:22:45.869+0000][1536][gc,phases   ] GC(200)   Post Evacuate Collection Set: 1.5ms
[2024-02-06T10:22:45.869+0000][1536][gc,phases   ] GC(200)   Other: 1.9ms
[2024-02-06T10:22:45.869+0000][1536][gc,age      ] GC(200) Age table with threshold 1 (max threshold 15)
[2024-02-06T10:22:45.869+0000][1536][gc,age      ] GC(200) - age   1:    4060408 bytes,    4060408 total
[2024-02-06T10:22:45.869+0000][1536][gc,heap     ] GC(200) Eden regions: 21->0(447)
[2024-02-06T10:22:45.869+0000][1536][gc,heap     ] GC(200) Survivor regions: 29->4(7)
[2024-02-06T10:22:45.869+0000][1536][gc,heap     ] GC(200) Old regions: 245->213
[2024-02-06T10:22:45.869+0000][1536][gc,heap     ] GC(200) Archive regions: 0->0
[2024-02-06T10:22:45.869+0000][1536][gc,heap     ] GC(200) Humongous regions: 2->2
[2024-02-06T10:22:45.869+0000][1536][gc,metaspace] GC(200) Metaspace: 132221K(138176K)->132221K(138176K) NonClass: 115158K(118912K)->115158K(118912K) Class: 17063K(19264K)->17063K(19264K)
[2024-02-06T10:22:45.869+0000][1536][gc          ] GC(200) Pause Young (Mixed) (G1 Evacuation Pause) 1184M->873M(4040M) 523.008ms
[2024-02-06T10:22:45.869+0000][1536][gc,cpu      ] GC(200) User=0.14s Sys=2.47s Real=0.52s
[2024-02-06T10:22:45.870+0000][1536][safepoint   ] Safepoint "G1CollectForAllocation", Time since last: 621865000 ns, Reaching safepoint: 130000 ns, At safepoint: 523778200 ns, Total: 523908200 ns
[2024-02-06T10:23:06.996+0000][1536][safepoint   ] Safepoint "Cleanup", Time since last: 21125546600 ns, Reaching safepoint: 145800 ns, At safepoint: 30300 ns, Total: 176100 ns
[2024-02-06T10:23:08.001+0000][1536][safepoint   ] Safepoint "Cleanup", Time since last: 1004653900 ns, Reaching safepoint: 209700 ns, At safepoint: 35200 ns, Total: 244900 ns
[2024-02-06T10:23:09.131+0000][1536][safepoint   ] Safepoint "Cleanup", Time since last: 1011297100 ns, Reaching safepoint: 116455400 ns, At safepoint: 2562300 ns, Total: 119017700 ns
[2024-02-06T10:23:10.154+0000][1536][safepoint   ] Safepoint "Cleanup", Time since last: 1022499900 ns, Reaching safepoint: 211200 ns, At safepoint: 77000 ns, Total: 288200 ns
[2024-02-06T10:23:13.200+0000][1536][gc,start    ] GC(201) Pause Young (Normal) (G1 Evacuation Pause)
[2024-02-06T10:23:13.200+0000][1536][gc,task     ] GC(201) Using 8 workers of 8 for evacuation
[2024-02-06T10:23:13.200+0000][1536][gc,age      ] GC(201) Desired survivor size 119537664 bytes, new threshold 15 (max threshold 15)
[2024-02-06T10:23:13.245+0000][1536][gc,phases   ] GC(201)   Pre Evacuate Collection Set: 0.5ms
[2024-02-06T10:23:13.245+0000][1536][gc,phases   ] GC(201)   Merge Heap Roots: 0.6ms
[2024-02-06T10:23:13.245+0000][1536][gc,phases   ] GC(201)   Evacuate Collection Set: 38.2ms
[2024-02-06T10:23:13.245+0000][1536][gc,phases   ] GC(201)   Post Evacuate Collection Set: 8.0ms
[2024-02-06T10:23:13.245+0000][1536][gc,phases   ] GC(201)   Other: 0.8ms
[2024-02-06T10:23:13.245+0000][1536][gc,age      ] GC(201) Age table with threshold 15 (max threshold 15)
[2024-02-06T10:23:13.245+0000][1536][gc,age      ] GC(201) - age   1:   67627840 bytes,   67627840 total
[2024-02-06T10:23:13.245+0000][1536][gc,age      ] GC(201) - age   2:    2408800 bytes,   70036640 total
[2024-02-06T10:23:13.245+0000][1536][gc,heap     ] GC(201) Eden regions: 447->0(346)
[2024-02-06T10:23:13.245+0000][1536][gc,heap     ] GC(201) Survivor regions: 4->18(57)
[2024-02-06T10:23:13.245+0000][1536][gc,heap     ] GC(201) Old regions: 213->213
[2024-02-06T10:23:13.245+0000][1536][gc,heap     ] GC(201) Archive regions: 0->0
[2024-02-06T10:23:13.245+0000][1536][gc,heap     ] GC(201) Humongous regions: 2->2
[2024-02-06T10:23:13.245+0000][1536][gc,metaspace] GC(201) Metaspace: 132223K(138176K)->132223K(138176K) NonClass: 115160K(118912K)->115160K(118912K) Class: 17063K(19264K)->17063K(19264K)
[2024-02-06T10:23:13.245+0000][1536][gc          ] GC(201) Pause Young (Normal) (G1 Evacuation Pause) 2661M->928M(4040M) 49.232ms
[2024-02-06T10:23:13.245+0000][1536][gc,cpu      ] GC(201) User=0.34s Sys=0.02s Real=0.04s
[2024-02-06T10:23:13.245+0000][1536][safepoint   ] Safepoint "G1CollectForAllocation", Time since last: 3048236000 ns, Reaching safepoint: 172500 ns, At safepoint: 49736800 ns, Total: 49909300 ns
[2024-02-06T10:23:20.642+0000][1536][safepoint   ] Safepoint "Cleanup", Time since last: 7052715300 ns, Reaching safepoint: 337582300 ns, At safepoint: 161400 ns, Total: 337743700 ns
[2024-02-06T10:23:47.951+0000][1536][gc,start    ] GC(202) Pause Young (Normal) (G1 Evacuation Pause)
[2024-02-06T10:23:47.952+0000][1536][gc,task     ] GC(202) Using 8 workers of 8 for evacuation
[2024-02-06T10:23:47.952+0000][1536][gc,age      ] GC(202) Desired survivor size 96468992 bytes, new threshold 15 (max threshold 15)
[2024-02-06T10:23:47.994+0000][1536][gc,phases   ] GC(202)   Pre Evacuate Collection Set: 0.4ms
[2024-02-06T10:23:47.994+0000][1536][gc,phases   ] GC(202)   Merge Heap Roots: 0.5ms
[2024-02-06T10:23:47.994+0000][1536][gc,phases   ] GC(202)   Evacuate Collection Set: 43.5ms
[2024-02-06T10:23:47.994+0000][1536][gc,phases   ] GC(202)   Post Evacuate Collection Set: 2.2ms
[2024-02-06T10:23:47.994+0000][1536][gc,phases   ] GC(202)   Other: 0.5ms
[2024-02-06T10:23:47.994+0000][1536][gc,age      ] GC(202) Age table with threshold 15 (max threshold 15)
[2024-02-06T10:23:47.994+0000][1536][gc,age      ] GC(202) - age   1:   52593640 bytes,   52593640 total
[2024-02-06T10:23:47.994+0000][1536][gc,age      ] GC(202) - age   2:   61071184 bytes,  113664824 total
[2024-02-06T10:23:47.994+0000][1536][gc,age      ] GC(202) - age   3:    1888952 bytes,  115553776 total
[2024-02-06T10:23:47.994+0000][1536][gc,heap     ] GC(202) Eden regions: 346->0(253)
[2024-02-06T10:23:47.994+0000][1536][gc,heap     ] GC(202) Survivor regions: 18->30(46)
[2024-02-06T10:23:47.994+0000][1536][gc,heap     ] GC(202) Old regions: 213->213
[2024-02-06T10:23:47.994+0000][1536][gc,heap     ] GC(202) Archive regions: 0->0
[2024-02-06T10:23:47.994+0000][1536][gc,heap     ] GC(202) Humongous regions: 2->2
[2024-02-06T10:23:47.994+0000][1536][gc,metaspace] GC(202) Metaspace: 132223K(138176K)->132223K(138176K) NonClass: 115160K(118912K)->115160K(118912K) Class: 17063K(19264K)->17063K(19264K)
[2024-02-06T10:23:47.994+0000][1536][gc          ] GC(202) Pause Young (Normal) (G1 Evacuation Pause) 2312M->974M(4040M) 48.204ms
[2024-02-06T10:23:47.994+0000][1536][gc,cpu      ] GC(202) User=0.33s Sys=0.00s Real=0.04s
[2024-02-06T10:23:47.994+0000][1536][safepoint   ] Safepoint "G1CollectForAllocation", Time since last: 27308808500 ns, Reaching safepoint: 103500 ns, At safepoint: 48500700 ns, Total: 48604200 ns
[2024-02-06T10:23:56.139+0000][1536][gc,start    ] GC(203) Pause Young (Normal) (G1 Evacuation Pause)
[2024-02-06T10:23:56.140+0000][1536][gc,task     ] GC(203) Using 8 workers of 8 for evacuation
[2024-02-06T10:23:56.140+0000][1536][gc,age      ] GC(203) Desired survivor size 75497472 bytes, new threshold 2 (max threshold 15)
[2024-02-06T10:23:56.239+0000][1536][gc,phases   ] GC(203)   Pre Evacuate Collection Set: 0.3ms
[2024-02-06T10:23:56.239+0000][1536][gc,phases   ] GC(203)   Merge Heap Roots: 0.2ms
[2024-02-06T10:23:56.239+0000][1536][gc,phases   ] GC(203)   Evacuate Collection Set: 96.9ms
[2024-02-06T10:23:56.239+0000][1536][gc,phases   ] GC(203)   Post Evacuate Collection Set: 1.2ms
[2024-02-06T10:23:56.239+0000][1536][gc,phases   ] GC(203)   Other: 0.4ms
[2024-02-06T10:23:56.239+0000][1536][gc,age      ] GC(203) Age table with threshold 2 (max threshold 15)
[2024-02-06T10:23:56.239+0000][1536][gc,age      ] GC(203) - age   1:   39463224 bytes,   39463224 total
[2024-02-06T10:23:56.239+0000][1536][gc,age      ] GC(203) - age   2:   47341168 bytes,   86804392 total
[2024-02-06T10:23:56.239+0000][1536][gc,heap     ] GC(203) Eden regions: 253->0(423)
[2024-02-06T10:23:56.239+0000][1536][gc,heap     ] GC(203) Survivor regions: 30->23(36)
[2024-02-06T10:23:56.239+0000][1536][gc,heap     ] GC(203) Old regions: 213->226
[2024-02-06T10:23:56.239+0000][1536][gc,heap     ] GC(203) Archive regions: 0->0
[2024-02-06T10:23:56.239+0000][1536][gc,heap     ] GC(203) Humongous regions: 2->2
[2024-02-06T10:23:56.239+0000][1536][gc,metaspace] GC(203) Metaspace: 132223K(138176K)->132223K(138176K) NonClass: 115160K(118912K)->115160K(118912K) Class: 17063K(19264K)->17063K(19264K)
[2024-02-06T10:23:56.239+0000][1536][gc          ] GC(203) Pause Young (Normal) (G1 Evacuation Pause) 1986M->1003M(4040M) 99.588ms
[2024-02-06T10:23:56.239+0000][1536][gc,cpu      ] GC(203) User=0.31s Sys=0.33s Real=0.10s
[2024-02-06T10:23:56.239+0000][1536][safepoint   ] Safepoint "G1CollectForAllocation", Time since last: 8139910200 ns, Reaching safepoint: 105400 ns, At safepoint: 99809600 ns, Total: 99915000 ns
[2024-02-06T10:24:10.663+0000][1536][gc,start    ] GC(204) Pause Young (Normal) (G1 Evacuation Pause)
[2024-02-06T10:24:10.663+0000][1536][gc,task     ] GC(204) Using 8 workers of 8 for evacuation
[2024-02-06T10:24:10.663+0000][1536][gc,age      ] GC(204) Desired survivor size 117440512 bytes, new threshold 15 (max threshold 15)
[2024-02-06T10:24:10.725+0000][1536][gc,phases   ] GC(204)   Pre Evacuate Collection Set: 0.2ms
[2024-02-06T10:24:10.725+0000][1536][gc,phases   ] GC(204)   Merge Heap Roots: 0.2ms
[2024-02-06T10:24:10.725+0000][1536][gc,phases   ] GC(204)   Evacuate Collection Set: 58.3ms
[2024-02-06T10:24:10.725+0000][1536][gc,phases   ] GC(204)   Post Evacuate Collection Set: 2.6ms
[2024-02-06T10:24:10.725+0000][1536][gc,phases   ] GC(204)   Other: 0.3ms
[2024-02-06T10:24:10.725+0000][1536][gc,age      ] GC(204) Age table with threshold 15 (max threshold 15)
[2024-02-06T10:24:10.725+0000][1536][gc,age      ] GC(204) - age   1:   69854640 bytes,   69854640 total
[2024-02-06T10:24:10.725+0000][1536][gc,age      ] GC(204) - age   2:   32875104 bytes,  102729744 total
[2024-02-06T10:24:10.725+0000][1536][gc,age      ] GC(204) - age   3:   42540240 bytes,  145269984 total
[2024-02-06T10:24:10.725+0000][1536][gc,heap     ] GC(204) Eden regions: 423->0(347)
[2024-02-06T10:24:10.725+0000][1536][gc,heap     ] GC(204) Survivor regions: 23->37(56)
[2024-02-06T10:24:10.725+0000][1536][gc,heap     ] GC(204) Old regions: 226->226
[2024-02-06T10:24:10.725+0000][1536][gc,heap     ] GC(204) Archive regions: 0->0
[2024-02-06T10:24:10.725+0000][1536][gc,heap     ] GC(204) Humongous regions: 2->2
[2024-02-06T10:24:10.725+0000][1536][gc,metaspace] GC(204) Metaspace: 132223K(138176K)->132223K(138176K) NonClass: 115160K(118912K)->115160K(118912K) Class: 17063K(19264K)->17063K(19264K)
[2024-02-06T10:24:10.725+0000][1536][gc          ] GC(204) Pause Young (Normal) (G1 Evacuation Pause) 2695M->1059M(4040M) 62.234ms
[2024-02-06T10:24:10.725+0000][1536][gc,cpu      ] GC(204) User=0.25s Sys=0.25s Real=0.06s
[2024-02-06T10:24:10.725+0000][1536][safepoint   ] Safepoint "G1CollectForAllocation", Time since last: 14423494100 ns, Reaching safepoint: 121400 ns, At safepoint: 62375700 ns, Total: 62497100 ns
[2024-02-06T10:24:20.225+0000][1536][safepoint   ] Safepoint "Cleanup", Time since last: 9055553800 ns, Reaching safepoint: 443965700 ns, At safepoint: 222200 ns, Total: 444187900 ns
[2024-02-06T10:24:29.363+0000][1536][gc,start    ] GC(205) Pause Young (Normal) (G1 Evacuation Pause)
[2024-02-06T10:24:29.363+0000][1536][gc,task     ] GC(205) Using 8 workers of 8 for evacuation
[2024-02-06T10:24:29.363+0000][1536][gc,age      ] GC(205) Desired survivor size 100663296 bytes, new threshold 2 (max threshold 15)
[2024-02-06T10:24:29.597+0000][1536][gc,mmu      ] GC(205) MMU target violated: 201.0ms (200.0ms/201.0ms)
[2024-02-06T10:24:29.597+0000][1536][gc,phases   ] GC(205)   Pre Evacuate Collection Set: 0.3ms
[2024-02-06T10:24:29.597+0000][1536][gc,phases   ] GC(205)   Merge Heap Roots: 0.4ms
[2024-02-06T10:24:29.597+0000][1536][gc,phases   ] GC(205)   Evacuate Collection Set: 240.8ms
[2024-02-06T10:24:29.597+0000][1536][gc,phases   ] GC(205)   Post Evacuate Collection Set: 1.0ms
[2024-02-06T10:24:29.597+0000][1536][gc,phases   ] GC(205)   Other: 0.5ms
[2024-02-06T10:24:29.597+0000][1536][gc,age      ] GC(205) Age table with threshold 2 (max threshold 15)
[2024-02-06T10:24:29.597+0000][1536][gc,age      ] GC(205) - age   1:   51104160 bytes,   51104160 total
[2024-02-06T10:24:29.597+0000][1536][gc,age      ] GC(205) - age   2:   61663304 bytes,  112767464 total
[2024-02-06T10:24:29.597+0000][1536][gc,heap     ] GC(205) Eden regions: 347->0(319)
[2024-02-06T10:24:29.597+0000][1536][gc,heap     ] GC(205) Survivor regions: 37->30(48)
[2024-02-06T10:24:29.597+0000][1536][gc,heap     ] GC(205) Old regions: 226->242
[2024-02-06T10:24:29.597+0000][1536][gc,heap     ] GC(205) Archive regions: 0->0
[2024-02-06T10:24:29.597+0000][1536][gc,heap     ] GC(205) Humongous regions: 2->2
[2024-02-06T10:24:29.597+0000][1536][gc,metaspace] GC(205) Metaspace: 132225K(138176K)->132225K(138176K) NonClass: 115162K(118912K)->115162K(118912K) Class: 17063K(19264K)->17063K(19264K)
[2024-02-06T10:24:29.597+0000][1536][gc          ] GC(205) Pause Young (Normal) (G1 Evacuation Pause) 2447M->1090M(4040M) 243.640ms
[2024-02-06T10:24:29.597+0000][1536][gc,cpu      ] GC(205) User=0.28s Sys=1.20s Real=0.23s
[2024-02-06T10:24:29.597+0000][1536][safepoint   ] Safepoint "G1CollectForAllocation", Time since last: 9137635600 ns, Reaching safepoint: 143200 ns, At safepoint: 243864900 ns, Total: 244008100 ns
[2024-02-06T10:24:45.457+0000][1536][gc,start    ] GC(206) Pause Young (Normal) (G1 Evacuation Pause)
[2024-02-06T10:24:45.457+0000][1536][gc,task     ] GC(206) Using 8 workers of 8 for evacuation
[2024-02-06T10:24:45.457+0000][1536][gc,age      ] GC(206) Desired survivor size 92274688 bytes, new threshold 2 (max threshold 15)
[2024-02-06T10:24:45.578+0000][1536][gc,phases   ] GC(206)   Pre Evacuate Collection Set: 0.6ms
[2024-02-06T10:24:45.578+0000][1536][gc,phases   ] GC(206)   Merge Heap Roots: 0.6ms
[2024-02-06T10:24:45.578+0000][1536][gc,phases   ] GC(206)   Evacuate Collection Set: 119.6ms
[2024-02-06T10:24:45.578+0000][1536][gc,phases   ] GC(206)   Post Evacuate Collection Set: 1.2ms
[2024-02-06T10:24:45.578+0000][1536][gc,phases   ] GC(206)   Other: 0.9ms
[2024-02-06T10:24:45.578+0000][1536][gc,age      ] GC(206) Age table with threshold 2 (max threshold 15)
[2024-02-06T10:24:45.578+0000][1536][gc,age      ] GC(206) - age   1:   54161328 bytes,   54161328 total
[2024-02-06T10:24:45.578+0000][1536][gc,age      ] GC(206) - age   2:   44532344 bytes,   98693672 total
[2024-02-06T10:24:45.578+0000][1536][gc,heap     ] GC(206) Eden regions: 319->0(442)
[2024-02-06T10:24:45.578+0000][1536][gc,heap     ] GC(206) Survivor regions: 30->26(44)
[2024-02-06T10:24:45.578+0000][1536][gc,heap     ] GC(206) Old regions: 242->256
[2024-02-06T10:24:45.578+0000][1536][gc,heap     ] GC(206) Archive regions: 0->0
[2024-02-06T10:24:45.578+0000][1536][gc,heap     ] GC(206) Humongous regions: 2->2
[2024-02-06T10:24:45.578+0000][1536][gc,metaspace] GC(206) Metaspace: 132225K(138176K)->132225K(138176K) NonClass: 115162K(118912K)->115162K(118912K) Class: 17063K(19264K)->17063K(19264K)
[2024-02-06T10:24:45.578+0000][1536][gc          ] GC(206) Pause Young (Normal) (G1 Evacuation Pause) 2366M->1133M(4040M) 123.684ms
[2024-02-06T10:24:45.578+0000][1536][gc,cpu      ] GC(206) User=0.33s Sys=0.47s Real=0.12s
[2024-02-06T10:24:45.578+0000][1536][safepoint   ] Safepoint "G1CollectForAllocation", Time since last: 15860567200 ns, Reaching safepoint: 241400 ns, At safepoint: 124065500 ns, Total: 124306900 ns
[2024-02-06T10:25:14.919+0000][1536][gc,start    ] GC(207) Pause Young (Normal) (G1 Evacuation Pause)
[2024-02-06T10:25:14.919+0000][1536][gc,task     ] GC(207) Using 8 workers of 8 for evacuation
[2024-02-06T10:25:14.919+0000][1536][gc,age      ] GC(207) Desired survivor size 123731968 bytes, new threshold 15 (max threshold 15)
[2024-02-06T10:25:15.033+0000][1536][gc,phases   ] GC(207)   Pre Evacuate Collection Set: 0.4ms
[2024-02-06T10:25:15.033+0000][1536][gc,phases   ] GC(207)   Merge Heap Roots: 0.6ms
[2024-02-06T10:25:15.033+0000][1536][gc,phases   ] GC(207)   Evacuate Collection Set: 106.6ms
[2024-02-06T10:25:15.033+0000][1536][gc,phases   ] GC(207)   Post Evacuate Collection Set: 1.4ms
[2024-02-06T10:25:15.033+0000][1536][gc,phases   ] GC(207)   Other: 0.5ms
[2024-02-06T10:25:15.033+0000][1536][gc,age      ] GC(207) Age table with threshold 15 (max threshold 15)
[2024-02-06T10:25:15.033+0000][1536][gc,age      ] GC(207) - age   1:   57568160 bytes,   57568160 total
[2024-02-06T10:25:15.033+0000][1536][gc,age      ] GC(207) - age   2:   45256272 bytes,  102824432 total
[2024-02-06T10:25:15.033+0000][1536][gc,age      ] GC(207) - age   3:   36584520 bytes,  139408952 total
[2024-02-06T10:25:15.033+0000][1536][gc,heap     ] GC(207) Eden regions: 442->0(360)
[2024-02-06T10:25:15.033+0000][1536][gc,heap     ] GC(207) Survivor regions: 26->35(59)
[2024-02-06T10:25:15.033+0000][1536][gc,heap     ] GC(207) Old regions: 256->256
[2024-02-06T10:25:15.033+0000][1536][gc,heap     ] GC(207) Archive regions: 0->0
[2024-02-06T10:25:15.033+0000][1536][gc,heap     ] GC(207) Humongous regions: 2->2
[2024-02-06T10:25:15.033+0000][1536][gc,metaspace] GC(207) Metaspace: 132225K(138176K)->132225K(138176K) NonClass: 115162K(118912K)->115162K(118912K) Class: 17063K(19264K)->17063K(19264K)
[2024-02-06T10:25:15.033+0000][1536][gc          ] GC(207) Pause Young (Normal) (G1 Evacuation Pause) 2901M->1171M(4040M) 110.222ms
[2024-02-06T10:25:15.033+0000][1536][gc,cpu      ] GC(207) User=0.45s Sys=0.50s Real=0.11s
[2024-02-06T10:25:15.034+0000][1536][safepoint   ] Safepoint "G1CollectForAllocation", Time since last: 29330565300 ns, Reaching safepoint: 185200 ns, At safepoint: 110902000 ns, Total: 111087200 ns
[2024-02-06T10:25:36.123+0000][1536][gc,start    ] GC(208) Pause Young (Normal) (G1 Evacuation Pause)
[2024-02-06T10:25:36.123+0000][1536][gc,task     ] GC(208) Using 8 workers of 8 for evacuation
[2024-02-06T10:25:36.123+0000][1536][gc,age      ] GC(208) Desired survivor size 104857600 bytes, new threshold 3 (max threshold 15)
[2024-02-06T10:25:36.253+0000][1536][gc,phases   ] GC(208)   Pre Evacuate Collection Set: 0.4ms
[2024-02-06T10:25:36.253+0000][1536][gc,phases   ] GC(208)   Merge Heap Roots: 0.5ms
[2024-02-06T10:25:36.253+0000][1536][gc,phases   ] GC(208)   Evacuate Collection Set: 127.4ms
[2024-02-06T10:25:36.253+0000][1536][gc,phases   ] GC(208)   Post Evacuate Collection Set: 0.7ms
[2024-02-06T10:25:36.253+0000][1536][gc,phases   ] GC(208)   Other: 0.5ms
[2024-02-06T10:25:36.253+0000][1536][gc,age      ] GC(208) Age table with threshold 3 (max threshold 15)
[2024-02-06T10:25:36.253+0000][1536][gc,age      ] GC(208) - age   1:   52856984 bytes,   52856984 total
[2024-02-06T10:25:36.253+0000][1536][gc,age      ] GC(208) - age   2:   49088120 bytes,  101945104 total
[2024-02-06T10:25:36.253+0000][1536][gc,age      ] GC(208) - age   3:   42942088 bytes,  144887192 total
[2024-02-06T10:25:36.253+0000][1536][gc,heap     ] GC(208) Eden regions: 360->0(413)
[2024-02-06T10:25:36.253+0000][1536][gc,heap     ] GC(208) Survivor regions: 35->37(50)
[2024-02-06T10:25:36.253+0000][1536][gc,heap     ] GC(208) Old regions: 256->263
[2024-02-06T10:25:36.253+0000][1536][gc,heap     ] GC(208) Archive regions: 0->0
[2024-02-06T10:25:36.253+0000][1536][gc,heap     ] GC(208) Humongous regions: 2->2
[2024-02-06T10:25:36.253+0000][1536][gc,metaspace] GC(208) Metaspace: 132226K(138176K)->132226K(138176K) NonClass: 115163K(118912K)->115163K(118912K) Class: 17063K(19264K)->17063K(19264K)
[2024-02-06T10:25:36.253+0000][1536][gc          ] GC(208) Pause Young (Normal) (G1 Evacuation Pause) 2611M->1204M(4040M) 129.998ms
[2024-02-06T10:25:36.253+0000][1536][gc,cpu      ] GC(208) User=0.23s Sys=0.70s Real=0.13s
[2024-02-06T10:25:36.253+0000][1536][safepoint   ] Safepoint "G1CollectForAllocation", Time since last: 21089267800 ns, Reaching safepoint: 213500 ns, At safepoint: 130212300 ns, Total: 130425800 ns
[2024-02-06T10:25:59.252+0000][1536][gc,start    ] GC(209) Pause Young (Normal) (G1 Evacuation Pause)
[2024-02-06T10:25:59.252+0000][1536][gc,task     ] GC(209) Using 8 workers of 8 for evacuation
[2024-02-06T10:25:59.252+0000][1536][gc,age      ] GC(209) Desired survivor size 119537664 bytes, new threshold 3 (max threshold 15)
[2024-02-06T10:25:59.415+0000][1536][gc,phases   ] GC(209)   Pre Evacuate Collection Set: 0.2ms
[2024-02-06T10:25:59.416+0000][1536][gc,phases   ] GC(209)   Merge Heap Roots: 0.2ms
[2024-02-06T10:25:59.416+0000][1536][gc,phases   ] GC(209)   Evacuate Collection Set: 156.9ms
[2024-02-06T10:25:59.416+0000][1536][gc,phases   ] GC(209)   Post Evacuate Collection Set: 1.2ms
[2024-02-06T10:25:59.416+0000][1536][gc,phases   ] GC(209)   Other: 0.7ms
[2024-02-06T10:25:59.416+0000][1536][gc,age      ] GC(209) Age table with threshold 3 (max threshold 15)
[2024-02-06T10:25:59.416+0000][1536][gc,age      ] GC(209) - age   1:   65890952 bytes,   65890952 total
[2024-02-06T10:25:59.416+0000][1536][gc,age      ] GC(209) - age   2:   45789016 bytes,  111679968 total
[2024-02-06T10:25:59.416+0000][1536][gc,age      ] GC(209) - age   3:   38517920 bytes,  150197888 total
[2024-02-06T10:25:59.416+0000][1536][gc,heap     ] GC(209) Eden regions: 413->0(491)
[2024-02-06T10:25:59.416+0000][1536][gc,heap     ] GC(209) Survivor regions: 37->38(57)
[2024-02-06T10:25:59.416+0000][1536][gc,heap     ] GC(209) Old regions: 263->272
[2024-02-06T10:25:59.416+0000][1536][gc,heap     ] GC(209) Archive regions: 0->0
[2024-02-06T10:25:59.416+0000][1536][gc,heap     ] GC(209) Humongous regions: 2->2
[2024-02-06T10:25:59.416+0000][1536][gc,metaspace] GC(209) Metaspace: 132226K(138176K)->132226K(138176K) NonClass: 115163K(118912K)->115163K(118912K) Class: 17063K(19264K)->17063K(19264K)
[2024-02-06T10:25:59.416+0000][1536][gc          ] GC(209) Pause Young (Normal) (G1 Evacuation Pause) 2856M->1245M(4040M) 159.649ms
[2024-02-06T10:25:59.416+0000][1536][gc,cpu      ] GC(209) User=0.30s Sys=0.38s Real=0.16s
[2024-02-06T10:25:59.416+0000][1536][safepoint   ] Safepoint "G1CollectForAllocation", Time since last: 23002650500 ns, Reaching safepoint: 112200 ns, At safepoint: 160029600 ns, Total: 160141800 ns
[2024-02-06T10:26:31.000+0000][1536][gc,start    ] GC(210) Pause Young (Normal) (G1 Evacuation Pause)
[2024-02-06T10:26:31.000+0000][1536][gc,task     ] GC(210) Using 8 workers of 8 for evacuation
[2024-02-06T10:26:31.000+0000][1536][gc,age      ] GC(210) Desired survivor size 140509184 bytes, new threshold 3 (max threshold 15)
[2024-02-06T10:26:31.293+0000][1536][gc,mmu      ] GC(210) MMU target violated: 201.0ms (200.0ms/201.0ms)
[2024-02-06T10:26:31.293+0000][1536][gc,phases   ] GC(210)   Pre Evacuate Collection Set: 0.2ms
[2024-02-06T10:26:31.293+0000][1536][gc,phases   ] GC(210)   Merge Heap Roots: 0.3ms
[2024-02-06T10:26:31.293+0000][1536][gc,phases   ] GC(210)   Evacuate Collection Set: 290.4ms
[2024-02-06T10:26:31.293+0000][1536][gc,phases   ] GC(210)   Post Evacuate Collection Set: 1.7ms
[2024-02-06T10:26:31.293+0000][1536][gc,phases   ] GC(210)   Other: 0.4ms
[2024-02-06T10:26:31.293+0000][1536][gc,age      ] GC(210) Age table with threshold 3 (max threshold 15)
[2024-02-06T10:26:31.293+0000][1536][gc,age      ] GC(210) - age   1:   82657384 bytes,   82657384 total
[2024-02-06T10:26:31.293+0000][1536][gc,age      ] GC(210) - age   2:   50626472 bytes,  133283856 total
[2024-02-06T10:26:31.293+0000][1536][gc,age      ] GC(210) - age   3:   37156552 bytes,  170440408 total
[2024-02-06T10:26:31.293+0000][1536][gc,heap     ] GC(210) Eden regions: 491->0(163)
[2024-02-06T10:26:31.293+0000][1536][gc,heap     ] GC(210) Survivor regions: 38->43(67)
[2024-02-06T10:26:31.293+0000][1536][gc,heap     ] GC(210) Old regions: 272->279
[2024-02-06T10:26:31.293+0000][1536][gc,heap     ] GC(210) Archive regions: 0->0
[2024-02-06T10:26:31.293+0000][1536][gc,heap     ] GC(210) Humongous regions: 2->2
[2024-02-06T10:26:31.293+0000][1536][gc,metaspace] GC(210) Metaspace: 132226K(138176K)->132226K(138176K) NonClass: 115163K(118912K)->115163K(118912K) Class: 17063K(19264K)->17063K(19264K)
[2024-02-06T10:26:31.293+0000][1536][gc          ] GC(210) Pause Young (Normal) (G1 Evacuation Pause) 3209M->1292M(4040M) 293.528ms
[2024-02-06T10:26:31.293+0000][1536][gc,cpu      ] GC(210) User=0.38s Sys=0.94s Real=0.29s
[2024-02-06T10:26:31.294+0000][1536][safepoint   ] Safepoint "G1CollectForAllocation", Time since last: 31583707200 ns, Reaching safepoint: 105000 ns, At safepoint: 293789800 ns, Total: 293894800 ns
[2024-02-06T10:26:42.775+0000][1536][gc,start    ] GC(211) Pause Young (Concurrent Start) (G1 Evacuation Pause)
[2024-02-06T10:26:42.775+0000][1536][gc,task     ] GC(211) Using 8 workers of 8 for evacuation
[2024-02-06T10:26:42.775+0000][1536][gc,age      ] GC(211) Desired survivor size 54525952 bytes, new threshold 1 (max threshold 15)
[2024-02-06T10:26:43.358+0000][1536][gc,mmu      ] GC(211) MMU target violated: 201.0ms (200.0ms/201.0ms)
[2024-02-06T10:26:43.358+0000][1536][gc,phases   ] GC(211)   Pre Evacuate Collection Set: 19.3ms
[2024-02-06T10:26:43.358+0000][1536][gc,phases   ] GC(211)   Merge Heap Roots: 0.7ms
[2024-02-06T10:26:43.358+0000][1536][gc,phases   ] GC(211)   Evacuate Collection Set: 476.5ms
[2024-02-06T10:26:43.358+0000][1536][gc,phases   ] GC(211)   Post Evacuate Collection Set: 1.7ms
[2024-02-06T10:26:43.358+0000][1536][gc,phases   ] GC(211)   Other: 89.4ms
[2024-02-06T10:26:43.358+0000][1536][gc,age      ] GC(211) Age table with threshold 1 (max threshold 15)
[2024-02-06T10:26:43.358+0000][1536][gc,age      ] GC(211) - age   1:   20360800 bytes,   20360800 total
[2024-02-06T10:26:43.358+0000][1536][gc,heap     ] GC(211) Eden regions: 163->0(220)
[2024-02-06T10:26:43.358+0000][1536][gc,heap     ] GC(211) Survivor regions: 43->7(26)
[2024-02-06T10:26:43.358+0000][1536][gc,heap     ] GC(211) Old regions: 279->319
[2024-02-06T10:26:43.358+0000][1536][gc,heap     ] GC(211) Archive regions: 0->0
[2024-02-06T10:26:43.358+0000][1536][gc,heap     ] GC(211) Humongous regions: 2->2
[2024-02-06T10:26:43.358+0000][1536][gc,metaspace] GC(211) Metaspace: 132226K(138176K)->132226K(138176K) NonClass: 115163K(118912K)->115163K(118912K) Class: 17063K(19264K)->17063K(19264K)
[2024-02-06T10:26:43.358+0000][1536][gc          ] GC(211) Pause Young (Concurrent Start) (G1 Evacuation Pause) 1944M->1306M(4040M) 588.184ms
[2024-02-06T10:26:43.358+0000][1536][gc,cpu      ] GC(211) User=0.31s Sys=1.73s Real=0.58s
[2024-02-06T10:26:43.358+0000][1536][gc          ] GC(212) Concurrent Mark Cycle
[2024-02-06T10:26:43.358+0000][1536][gc,marking  ] GC(212) Concurrent Clear Claimed Marks
[2024-02-06T10:26:43.358+0000][1536][safepoint   ] Safepoint "G1CollectForAllocation", Time since last: 11481753600 ns, Reaching safepoint: 226700 ns, At safepoint: 588520800 ns, Total: 588747500 ns
[2024-02-06T10:26:43.358+0000][1536][gc,marking  ] GC(212) Concurrent Clear Claimed Marks 0.194ms
[2024-02-06T10:26:43.358+0000][1536][gc,marking  ] GC(212) Concurrent Scan Root Regions
[2024-02-06T10:26:43.671+0000][1536][gc,marking  ] GC(212) Concurrent Scan Root Regions 306.796ms
[2024-02-06T10:26:43.671+0000][1536][gc,marking  ] GC(212) Concurrent Mark
[2024-02-06T10:26:43.671+0000][1536][gc,marking  ] GC(212) Concurrent Mark From Roots
[2024-02-06T10:26:43.671+0000][1536][gc,task     ] GC(212) Using 2 workers of 2 for marking
[2024-02-06T10:26:44.152+0000][1536][gc,marking  ] GC(212) Concurrent Mark From Roots 480.953ms
[2024-02-06T10:26:44.152+0000][1536][gc,marking  ] GC(212) Concurrent Preclean
[2024-02-06T10:26:44.153+0000][1536][gc,marking  ] GC(212) Concurrent Preclean 1.744ms
[2024-02-06T10:26:44.154+0000][1536][gc,start    ] GC(212) Pause Remark
[2024-02-06T10:26:44.272+0000][1536][gc          ] GC(212) Pause Remark 1437M->1437M(4040M) 117.305ms
[2024-02-06T10:26:44.272+0000][1536][gc,cpu      ] GC(212) User=0.19s Sys=0.05s Real=0.12s
[2024-02-06T10:26:44.272+0000][1536][safepoint   ] Safepoint "G1Concurrent", Time since last: 789912000 ns, Reaching safepoint: 168900 ns, At safepoint: 117762200 ns, Total: 117931100 ns
[2024-02-06T10:26:44.272+0000][1536][gc,marking  ] GC(212) Concurrent Mark 600.927ms
[2024-02-06T10:26:44.272+0000][1536][gc,marking  ] GC(212) Concurrent Rebuild Remembered Sets
[2024-02-06T10:26:44.535+0000][1536][gc,marking  ] GC(212) Concurrent Rebuild Remembered Sets 271.836ms
[2024-02-06T10:26:44.535+0000][1536][gc,start    ] GC(212) Pause Cleanup
[2024-02-06T10:26:44.535+0000][1536][gc          ] GC(212) Pause Cleanup 1475M->1475M(4040M) 0.984ms
[2024-02-06T10:26:44.535+0000][1536][gc,cpu      ] GC(212) User=0.00s Sys=0.00s Real=0.00s
[2024-02-06T10:26:44.535+0000][1536][safepoint   ] Safepoint "G1Concurrent", Time since last: 272089100 ns, Reaching safepoint: 117400 ns, At safepoint: 1149000 ns, Total: 1266400 ns
[2024-02-06T10:26:44.535+0000][1536][gc,marking  ] GC(212) Concurrent Cleanup for Next Mark
[2024-02-06T10:26:44.722+0000][1536][gc,marking  ] GC(212) Concurrent Cleanup for Next Mark 176.999ms
[2024-02-06T10:26:44.722+0000][1536][gc          ] GC(212) Concurrent Mark Cycle 1358.547ms
[2024-02-06T10:26:50.742+0000][1536][gc,start    ] GC(213) Pause Young (Prepare Mixed) (G1 Evacuation Pause)
[2024-02-06T10:26:50.742+0000][1536][gc,task     ] GC(213) Using 8 workers of 8 for evacuation
[2024-02-06T10:26:50.742+0000][1536][gc,age      ] GC(213) Desired survivor size 69206016 bytes, new threshold 15 (max threshold 15)
[2024-02-06T10:26:50.763+0000][1536][gc,phases   ] GC(213)   Pre Evacuate Collection Set: 0.3ms
[2024-02-06T10:26:50.763+0000][1536][gc,phases   ] GC(213)   Merge Heap Roots: 0.3ms
[2024-02-06T10:26:50.763+0000][1536][gc,phases   ] GC(213)   Evacuate Collection Set: 18.6ms
[2024-02-06T10:26:50.763+0000][1536][gc,phases   ] GC(213)   Post Evacuate Collection Set: 1.4ms
[2024-02-06T10:26:50.763+0000][1536][gc,phases   ] GC(213)   Other: 0.4ms
[2024-02-06T10:26:50.763+0000][1536][gc,age      ] GC(213) Age table with threshold 15 (max threshold 15)
[2024-02-06T10:26:50.763+0000][1536][gc,age      ] GC(213) - age   1:   36038936 bytes,   36038936 total
[2024-02-06T10:26:50.763+0000][1536][gc,age      ] GC(213) - age   2:   16399720 bytes,   52438656 total
[2024-02-06T10:26:50.763+0000][1536][gc,heap     ] GC(213) Eden regions: 256->0(36)
[2024-02-06T10:26:50.763+0000][1536][gc,heap     ] GC(213) Survivor regions: 7->14(33)
[2024-02-06T10:26:50.763+0000][1536][gc,heap     ] GC(213) Old regions: 319->319
[2024-02-06T10:26:50.763+0000][1536][gc,heap     ] GC(213) Archive regions: 0->0
[2024-02-06T10:26:50.763+0000][1536][gc,heap     ] GC(213) Humongous regions: 2->2
[2024-02-06T10:26:50.763+0000][1536][gc,metaspace] GC(213) Metaspace: 132226K(138176K)->132226K(138176K) NonClass: 115163K(118912K)->115163K(118912K) Class: 17063K(19264K)->17063K(19264K)
[2024-02-06T10:26:50.763+0000][1536][gc          ] GC(213) Pause Young (Prepare Mixed) (G1 Evacuation Pause) 2330M->1337M(4040M) 21.759ms
[2024-02-06T10:26:50.763+0000][1536][gc,cpu      ] GC(213) User=0.12s Sys=0.00s Real=0.02s
[2024-02-06T10:26:50.764+0000][1536][safepoint   ] Safepoint "G1CollectForAllocation", Time since last: 6196356300 ns, Reaching safepoint: 112400 ns, At safepoint: 22000000 ns, Total: 22112400 ns
[2024-02-06T10:27:01.661+0000][1536][gc,start    ] GC(214) Pause Young (Mixed) (G1 Evacuation Pause)
[2024-02-06T10:27:01.661+0000][1536][gc,task     ] GC(214) Using 8 workers of 8 for evacuation
[2024-02-06T10:27:01.661+0000][1536][gc,age      ] GC(214) Desired survivor size 14680064 bytes, new threshold 1 (max threshold 15)
[2024-02-06T10:27:02.020+0000][1536][gc,mmu      ] GC(214) MMU target violated: 201.0ms (200.0ms/201.0ms)
[2024-02-06T10:27:02.020+0000][1536][gc,phases   ] GC(214)   Pre Evacuate Collection Set: 0.2ms
[2024-02-06T10:27:02.020+0000][1536][gc,phases   ] GC(214)   Merge Heap Roots: 0.3ms
[2024-02-06T10:27:02.020+0000][1536][gc,phases   ] GC(214)   Evacuate Collection Set: 350.8ms
[2024-02-06T10:27:02.020+0000][1536][gc,phases   ] GC(214)   Post Evacuate Collection Set: 2.2ms
[2024-02-06T10:27:02.020+0000][1536][gc,phases   ] GC(214)   Other: 4.9ms
[2024-02-06T10:27:02.020+0000][1536][gc,age      ] GC(214) Age table with threshold 1 (max threshold 15)
[2024-02-06T10:27:02.020+0000][1536][gc,age      ] GC(214) - age   1:    6519824 bytes,    6519824 total
[2024-02-06T10:27:02.020+0000][1536][gc,heap     ] GC(214) Eden regions: 36->0(47)
[2024-02-06T10:27:02.020+0000][1536][gc,heap     ] GC(214) Survivor regions: 14->3(7)
[2024-02-06T10:27:02.020+0000][1536][gc,heap     ] GC(214) Old regions: 319->255
[2024-02-06T10:27:02.020+0000][1536][gc,heap     ] GC(214) Archive regions: 0->0
[2024-02-06T10:27:02.020+0000][1536][gc,heap     ] GC(214) Humongous regions: 2->2
[2024-02-06T10:27:02.020+0000][1536][gc,metaspace] GC(214) Metaspace: 132226K(138176K)->132226K(138176K) NonClass: 115163K(118912K)->115163K(118912K) Class: 17063K(19264K)->17063K(19264K)
[2024-02-06T10:27:02.020+0000][1536][gc          ] GC(214) Pause Young (Mixed) (G1 Evacuation Pause) 1481M->1037M(4040M) 358.643ms
[2024-02-06T10:27:02.020+0000][1536][gc,cpu      ] GC(214) User=0.14s Sys=0.80s Real=0.36s
[2024-02-06T10:27:02.020+0000][1536][safepoint   ] Safepoint "G1CollectForAllocation", Time since last: 10897429100 ns, Reaching safepoint: 140000 ns, At safepoint: 359256200 ns, Total: 359396200 ns
[2024-02-06T10:27:03.845+0000][1536][gc,start    ] GC(215) Pause Young (Mixed) (G1 Evacuation Pause)
[2024-02-06T10:27:03.845+0000][1536][gc,task     ] GC(215) Using 8 workers of 8 for evacuation
[2024-02-06T10:27:03.845+0000][1536][gc,age      ] GC(215) Desired survivor size 14680064 bytes, new threshold 15 (max threshold 15)
[2024-02-06T10:27:03.947+0000][1536][gc,phases   ] GC(215)   Pre Evacuate Collection Set: 0.2ms
[2024-02-06T10:27:03.947+0000][1536][gc,phases   ] GC(215)   Merge Heap Roots: 0.3ms
[2024-02-06T10:27:03.947+0000][1536][gc,phases   ] GC(215)   Evacuate Collection Set: 75.2ms
[2024-02-06T10:27:03.947+0000][1536][gc,phases   ] GC(215)   Merge Optional Heap Roots: 0.1ms
[2024-02-06T10:27:03.947+0000][1536][gc,phases   ] GC(215)   Evacuate Optional Collection Set: 20.1ms
[2024-02-06T10:27:03.947+0000][1536][gc,phases   ] GC(215)   Post Evacuate Collection Set: 1.1ms
[2024-02-06T10:27:03.947+0000][1536][gc,phases   ] GC(215)   Other: 0.2ms
[2024-02-06T10:27:03.947+0000][1536][gc,age      ] GC(215) Age table with threshold 15 (max threshold 15)
[2024-02-06T10:27:03.947+0000][1536][gc,age      ] GC(215) - age   1:    9964304 bytes,    9964304 total
[2024-02-06T10:27:03.947+0000][1536][gc,age      ] GC(215) - age   2:    5396784 bytes,   15361088 total
[2024-02-06T10:27:03.947+0000][1536][gc,heap     ] GC(215) Eden regions: 47->0(45)
[2024-02-06T10:27:03.947+0000][1536][gc,heap     ] GC(215) Survivor regions: 3->5(7)
[2024-02-06T10:27:03.947+0000][1536][gc,heap     ] GC(215) Old regions: 255->221
[2024-02-06T10:27:03.947+0000][1536][gc,heap     ] GC(215) Archive regions: 0->0
[2024-02-06T10:27:03.947+0000][1536][gc,heap     ] GC(215) Humongous regions: 2->2
[2024-02-06T10:27:03.947+0000][1536][gc,metaspace] GC(215) Metaspace: 132226K(138176K)->132226K(138176K) NonClass: 115163K(118912K)->115163K(118912K) Class: 17063K(19264K)->17063K(19264K)
[2024-02-06T10:27:03.947+0000][1536][gc          ] GC(215) Pause Young (Mixed) (G1 Evacuation Pause) 1225M->907M(4040M) 97.611ms
[2024-02-06T10:27:03.947+0000][1536][gc,cpu      ] GC(215) User=0.14s Sys=0.39s Real=0.10s
[2024-02-06T10:27:03.947+0000][1536][safepoint   ] Safepoint "G1CollectForAllocation", Time since last: 1830529400 ns, Reaching safepoint: 96100 ns, At safepoint: 97927500 ns, Total: 98023600 ns
[2024-02-06T10:27:05.705+0000][1536][gc,start    ] GC(216) Pause Young (Mixed) (G1 Evacuation Pause)
[2024-02-06T10:27:05.705+0000][1536][gc,task     ] GC(216) Using 8 workers of 8 for evacuation
[2024-02-06T10:27:05.705+0000][1536][gc,age      ] GC(216) Desired survivor size 14680064 bytes, new threshold 2 (max threshold 15)
[2024-02-06T10:27:05.739+0000][1536][gc,phases   ] GC(216)   Pre Evacuate Collection Set: 0.2ms
[2024-02-06T10:27:05.739+0000][1536][gc,phases   ] GC(216)   Merge Heap Roots: 0.2ms
[2024-02-06T10:27:05.739+0000][1536][gc,phases   ] GC(216)   Evacuate Collection Set: 30.3ms
[2024-02-06T10:27:05.739+0000][1536][gc,phases   ] GC(216)   Post Evacuate Collection Set: 1.7ms
[2024-02-06T10:27:05.739+0000][1536][gc,phases   ] GC(216)   Other: 0.7ms
[2024-02-06T10:27:05.739+0000][1536][gc,age      ] GC(216) Age table with threshold 2 (max threshold 15)
[2024-02-06T10:27:05.739+0000][1536][gc,age      ] GC(216) - age   1:    9783840 bytes,    9783840 total
[2024-02-06T10:27:05.739+0000][1536][gc,age      ] GC(216) - age   2:    9320408 bytes,   19104248 total
[2024-02-06T10:27:05.739+0000][1536][gc,heap     ] GC(216) Eden regions: 45->0(485)
[2024-02-06T10:27:05.739+0000][1536][gc,heap     ] GC(216) Survivor regions: 5->5(7)
[2024-02-06T10:27:05.739+0000][1536][gc,heap     ] GC(216) Old regions: 221->218
[2024-02-06T10:27:05.739+0000][1536][gc,heap     ] GC(216) Archive regions: 0->0
[2024-02-06T10:27:05.739+0000][1536][gc,heap     ] GC(216) Humongous regions: 2->2
[2024-02-06T10:27:05.739+0000][1536][gc,metaspace] GC(216) Metaspace: 132226K(138176K)->132226K(138176K) NonClass: 115163K(118912K)->115163K(118912K) Class: 17063K(19264K)->17063K(19264K)
[2024-02-06T10:27:05.739+0000][1536][gc          ] GC(216) Pause Young (Mixed) (G1 Evacuation Pause) 1087M->896M(4040M) 33.691ms
[2024-02-06T10:27:05.739+0000][1536][gc,cpu      ] GC(216) User=0.05s Sys=0.06s Real=0.03s
[2024-02-06T10:27:05.740+0000][1536][safepoint   ] Safepoint "G1CollectForAllocation", Time since last: 1755781000 ns, Reaching safepoint: 391700 ns, At safepoint: 35116300 ns, Total: 35508000 ns
[2024-02-06T10:27:33.283+0000][1536][gc,start    ] GC(217) Pause Young (Normal) (G1 Evacuation Pause)
[2024-02-06T10:27:33.286+0000][1536][gc,task     ] GC(217) Using 8 workers of 8 for evacuation
[2024-02-06T10:27:33.286+0000][1536][gc,age      ] GC(217) Desired survivor size 130023424 bytes, new threshold 15 (max threshold 15)
[2024-02-06T10:27:33.330+0000][1536][gc,phases   ] GC(217)   Pre Evacuate Collection Set: 0.7ms
[2024-02-06T10:27:33.330+0000][1536][gc,phases   ] GC(217)   Merge Heap Roots: 0.9ms
[2024-02-06T10:27:33.330+0000][1536][gc,phases   ] GC(217)   Evacuate Collection Set: 40.8ms
[2024-02-06T10:27:33.330+0000][1536][gc,phases   ] GC(217)   Post Evacuate Collection Set: 1.4ms
[2024-02-06T10:27:33.330+0000][1536][gc,phases   ] GC(217)   Other: 0.6ms
[2024-02-06T10:27:33.330+0000][1536][gc,age      ] GC(217) Age table with threshold 15 (max threshold 15)
[2024-02-06T10:27:33.330+0000][1536][gc,age      ] GC(217) - age   1:   70216120 bytes,   70216120 total
[2024-02-06T10:27:33.330+0000][1536][gc,age      ] GC(217) - age   2:    7334840 bytes,   77550960 total
[2024-02-06T10:27:33.330+0000][1536][gc,age      ] GC(217) - age   3:    7876648 bytes,   85427608 total
[2024-02-06T10:27:33.330+0000][1536][gc,heap     ] GC(217) Eden regions: 485->0(292)
[2024-02-06T10:27:33.330+0000][1536][gc,heap     ] GC(217) Survivor regions: 5->22(62)
[2024-02-06T10:27:33.330+0000][1536][gc,heap     ] GC(217) Old regions: 218->218
[2024-02-06T10:27:33.330+0000][1536][gc,heap     ] GC(217) Archive regions: 0->0
[2024-02-06T10:27:33.330+0000][1536][gc,heap     ] GC(217) Humongous regions: 2->2
[2024-02-06T10:27:33.330+0000][1536][gc,metaspace] GC(217) Metaspace: 132226K(138176K)->132226K(138176K) NonClass: 115163K(118912K)->115163K(118912K) Class: 17063K(19264K)->17063K(19264K)
[2024-02-06T10:27:33.330+0000][1536][gc          ] GC(217) Pause Young (Normal) (G1 Evacuation Pause) 2836M->962M(4040M) 45.477ms
[2024-02-06T10:27:33.330+0000][1536][gc,cpu      ] GC(217) User=0.22s Sys=0.00s Real=0.05s
[2024-02-06T10:27:33.330+0000][1536][safepoint   ] Safepoint "G1CollectForAllocation", Time since last: 27544783100 ns, Reaching safepoint: 233700 ns, At safepoint: 45659300 ns, Total: 45893000 ns
[2024-02-06T10:27:44.973+0000][1536][gc,start    ] GC(218) Pause Young (Normal) (G1 Evacuation Pause)
[2024-02-06T10:27:44.973+0000][1536][gc,task     ] GC(218) Using 8 workers of 8 for evacuation
[2024-02-06T10:27:44.973+0000][1536][gc,age      ] GC(218) Desired survivor size 83886080 bytes, new threshold 3 (max threshold 15)
[2024-02-06T10:27:45.010+0000][1536][gc,phases   ] GC(218)   Pre Evacuate Collection Set: 0.2ms
[2024-02-06T10:27:45.010+0000][1536][gc,phases   ] GC(218)   Merge Heap Roots: 0.2ms
[2024-02-06T10:27:45.010+0000][1536][gc,phases   ] GC(218)   Evacuate Collection Set: 35.7ms
[2024-02-06T10:27:45.010+0000][1536][gc,phases   ] GC(218)   Post Evacuate Collection Set: 1.2ms
[2024-02-06T10:27:45.010+0000][1536][gc,phases   ] GC(218)   Other: 0.5ms
[2024-02-06T10:27:45.010+0000][1536][gc,age      ] GC(218) Age table with threshold 3 (max threshold 15)
[2024-02-06T10:27:45.010+0000][1536][gc,age      ] GC(218) - age   1:   52363320 bytes,   52363320 total
[2024-02-06T10:27:45.010+0000][1536][gc,age      ] GC(218) - age   2:   60850608 bytes,  113213928 total
[2024-02-06T10:27:45.010+0000][1536][gc,age      ] GC(218) - age   3:    5857224 bytes,  119071152 total
[2024-02-06T10:27:45.010+0000][1536][gc,heap     ] GC(218) Eden regions: 292->0(295)
[2024-02-06T10:27:45.010+0000][1536][gc,heap     ] GC(218) Survivor regions: 22->30(40)
[2024-02-06T10:27:45.010+0000][1536][gc,heap     ] GC(218) Old regions: 218->220
[2024-02-06T10:27:45.010+0000][1536][gc,heap     ] GC(218) Archive regions: 0->0
[2024-02-06T10:27:45.010+0000][1536][gc,heap     ] GC(218) Humongous regions: 2->2
[2024-02-06T10:27:45.010+0000][1536][gc,metaspace] GC(218) Metaspace: 132226K(138176K)->132226K(138176K) NonClass: 115163K(118912K)->115163K(118912K) Class: 17063K(19264K)->17063K(19264K)
[2024-02-06T10:27:45.010+0000][1536][gc          ] GC(218) Pause Young (Normal) (G1 Evacuation Pause) 2130M->1003M(4040M) 38.363ms
[2024-02-06T10:27:45.010+0000][1536][gc,cpu      ] GC(218) User=0.19s Sys=0.05s Real=0.04s
[2024-02-06T10:27:45.010+0000][1536][safepoint   ] Safepoint "G1CollectForAllocation", Time since last: 11648893000 ns, Reaching safepoint: 124600 ns, At safepoint: 38592800 ns, Total: 38717400 ns
[2024-02-06T10:28:01.534+0000][1536][gc,start    ] GC(219) Pause Young (Normal) (G1 Evacuation Pause)
[2024-02-06T10:28:01.534+0000][1536][gc,task     ] GC(219) Using 8 workers of 8 for evacuation
[2024-02-06T10:28:01.534+0000][1536][gc,age      ] GC(219) Desired survivor size 85983232 bytes, new threshold 2 (max threshold 15)
[2024-02-06T10:28:01.612+0000][1536][gc,phases   ] GC(219)   Pre Evacuate Collection Set: 0.2ms
[2024-02-06T10:28:01.612+0000][1536][gc,phases   ] GC(219)   Merge Heap Roots: 0.2ms
[2024-02-06T10:28:01.612+0000][1536][gc,phases   ] GC(219)   Evacuate Collection Set: 74.9ms
[2024-02-06T10:28:01.612+0000][1536][gc,phases   ] GC(219)   Post Evacuate Collection Set: 1.5ms
[2024-02-06T10:28:01.612+0000][1536][gc,phases   ] GC(219)   Other: 1.2ms
[2024-02-06T10:28:01.612+0000][1536][gc,age      ] GC(219) Age table with threshold 2 (max threshold 15)
[2024-02-06T10:28:01.612+0000][1536][gc,age      ] GC(219) - age   1:   40054200 bytes,   40054200 total
[2024-02-06T10:28:01.612+0000][1536][gc,age      ] GC(219) - age   2:   46948184 bytes,   87002384 total
[2024-02-06T10:28:01.612+0000][1536][gc,heap     ] GC(219) Eden regions: 295->0(544)
[2024-02-06T10:28:01.612+0000][1536][gc,heap     ] GC(219) Survivor regions: 30->23(41)
[2024-02-06T10:28:01.612+0000][1536][gc,heap     ] GC(219) Old regions: 220->234
[2024-02-06T10:28:01.612+0000][1536][gc,heap     ] GC(219) Archive regions: 0->0
[2024-02-06T10:28:01.612+0000][1536][gc,heap     ] GC(219) Humongous regions: 2->2
[2024-02-06T10:28:01.612+0000][1536][gc,metaspace] GC(219) Metaspace: 132226K(138176K)->132226K(138176K) NonClass: 115163K(118912K)->115163K(118912K) Class: 17063K(19264K)->17063K(19264K)
[2024-02-06T10:28:01.612+0000][1536][gc          ] GC(219) Pause Young (Normal) (G1 Evacuation Pause) 2183M->1032M(4040M) 78.523ms
[2024-02-06T10:28:01.612+0000][1536][gc,cpu      ] GC(219) User=0.19s Sys=0.23s Real=0.08s
[2024-02-06T10:28:01.612+0000][1536][safepoint   ] Safepoint "G1CollectForAllocation", Time since last: 16517093500 ns, Reaching safepoint: 127800 ns, At safepoint: 79182500 ns, Total: 79310300 ns
[2024-02-06T10:28:14.726+0000][1536][safepoint   ] Safepoint "Cleanup", Time since last: 13111087400 ns, Reaching safepoint: 139000 ns, At safepoint: 51800 ns, Total: 190800 ns
[2024-02-06T10:28:26.303+0000][1536][gc,start    ] GC(220) Pause Young (Normal) (G1 Evacuation Pause)
[2024-02-06T10:28:26.303+0000][1536][gc,task     ] GC(220) Using 8 workers of 8 for evacuation
[2024-02-06T10:28:26.303+0000][1536][gc,age      ] GC(220) Desired survivor size 148897792 bytes, new threshold 15 (max threshold 15)
[2024-02-06T10:28:26.765+0000][1536][gc,mmu      ] GC(220) MMU target violated: 201.0ms (200.0ms/201.0ms)
[2024-02-06T10:28:26.765+0000][1536][gc,phases   ] GC(220)   Pre Evacuate Collection Set: 0.3ms
[2024-02-06T10:28:26.765+0000][1536][gc,phases   ] GC(220)   Merge Heap Roots: 0.3ms
[2024-02-06T10:28:26.765+0000][1536][gc,phases   ] GC(220)   Evacuate Collection Set: 459.5ms
[2024-02-06T10:28:26.765+0000][1536][gc,phases   ] GC(220)   Post Evacuate Collection Set: 1.1ms
[2024-02-06T10:28:26.765+0000][1536][gc,phases   ] GC(220)   Other: 0.5ms
[2024-02-06T10:28:26.765+0000][1536][gc,age      ] GC(220) Age table with threshold 15 (max threshold 15)
[2024-02-06T10:28:26.765+0000][1536][gc,age      ] GC(220) - age   1:   87590072 bytes,   87590072 total
[2024-02-06T10:28:26.765+0000][1536][gc,age      ] GC(220) - age   2:   30852088 bytes,  118442160 total
[2024-02-06T10:28:26.765+0000][1536][gc,age      ] GC(220) - age   3:   37295760 bytes,  155737920 total
[2024-02-06T10:28:26.765+0000][1536][gc,heap     ] GC(220) Eden regions: 544->0(10)
[2024-02-06T10:28:26.765+0000][1536][gc,heap     ] GC(220) Survivor regions: 23->40(71)
[2024-02-06T10:28:26.765+0000][1536][gc,heap     ] GC(220) Old regions: 234->234
[2024-02-06T10:28:26.765+0000][1536][gc,heap     ] GC(220) Archive regions: 0->0
[2024-02-06T10:28:26.765+0000][1536][gc,heap     ] GC(220) Humongous regions: 2->2
[2024-02-06T10:28:26.765+0000][1536][gc,metaspace] GC(220) Metaspace: 132229K(138176K)->132229K(138176K) NonClass: 115166K(118912K)->115166K(118912K) Class: 17063K(19264K)->17063K(19264K)
[2024-02-06T10:28:26.765+0000][1536][gc          ] GC(220) Pause Young (Normal) (G1 Evacuation Pause) 3208M->1100M(4040M) 462.152ms
[2024-02-06T10:28:26.765+0000][1536][gc,cpu      ] GC(220) User=0.16s Sys=2.05s Real=0.46s
[2024-02-06T10:28:26.765+0000][1536][safepoint   ] Safepoint "G1CollectForAllocation", Time since last: 11576879500 ns, Reaching safepoint: 126000 ns, At safepoint: 462340900 ns, Total: 462466900 ns
[2024-02-06T10:28:26.894+0000][1536][gc,start    ] GC(221) Pause Young (Concurrent Start) (G1 Evacuation Pause)
[2024-02-06T10:28:26.894+0000][1536][gc,task     ] GC(221) Using 8 workers of 8 for evacuation
[2024-02-06T10:28:26.894+0000][1536][gc,age      ] GC(221) Desired survivor size 14680064 bytes, new threshold 1 (max threshold 15)
[2024-02-06T10:28:27.171+0000][1536][gc,mmu      ] GC(221) MMU target violated: 201.0ms (200.0ms/201.0ms)
[2024-02-06T10:28:27.171+0000][1536][gc,phases   ] GC(221)   Pre Evacuate Collection Set: 0.4ms
[2024-02-06T10:28:27.171+0000][1536][gc,phases   ] GC(221)   Merge Heap Roots: 0.1ms
[2024-02-06T10:28:27.171+0000][1536][gc,phases   ] GC(221)   Evacuate Collection Set: 275.4ms
[2024-02-06T10:28:27.171+0000][1536][gc,phases   ] GC(221)   Post Evacuate Collection Set: 1.1ms
[2024-02-06T10:28:27.171+0000][1536][gc,phases   ] GC(221)   Other: 0.2ms
[2024-02-06T10:28:27.171+0000][1536][gc,age      ] GC(221) Age table with threshold 1 (max threshold 15)
[2024-02-06T10:28:27.171+0000][1536][gc,age      ] GC(221) - age   1:    1352272 bytes,    1352272 total
[2024-02-06T10:28:27.171+0000][1536][gc,heap     ] GC(221) Eden regions: 10->0(367)
[2024-02-06T10:28:27.171+0000][1536][gc,heap     ] GC(221) Survivor regions: 40->4(7)
[2024-02-06T10:28:27.171+0000][1536][gc,heap     ] GC(221) Old regions: 234->272
[2024-02-06T10:28:27.171+0000][1536][gc,heap     ] GC(221) Archive regions: 0->0
[2024-02-06T10:28:27.171+0000][1536][gc,heap     ] GC(221) Humongous regions: 2->2
[2024-02-06T10:28:27.171+0000][1536][gc,metaspace] GC(221) Metaspace: 132229K(138176K)->132229K(138176K) NonClass: 115166K(118912K)->115166K(118912K) Class: 17063K(19264K)->17063K(19264K)
[2024-02-06T10:28:27.171+0000][1536][gc          ] GC(221) Pause Young (Concurrent Start) (G1 Evacuation Pause) 1140M->1109M(4040M) 277.711ms
[2024-02-06T10:28:27.171+0000][1536][gc          ] GC(222) Concurrent Mark Cycle
[2024-02-06T10:28:27.171+0000][1536][gc,cpu      ] GC(221) User=0.09s Sys=1.00s Real=0.28s
[2024-02-06T10:28:27.171+0000][1536][gc,marking  ] GC(222) Concurrent Clear Claimed Marks
[2024-02-06T10:28:27.171+0000][1536][gc,marking  ] GC(222) Concurrent Clear Claimed Marks 0.241ms
[2024-02-06T10:28:27.171+0000][1536][gc,marking  ] GC(222) Concurrent Scan Root Regions
[2024-02-06T10:28:27.171+0000][1536][safepoint   ] Safepoint "G1CollectForAllocation", Time since last: 128247200 ns, Reaching safepoint: 65400 ns, At safepoint: 278462300 ns, Total: 278527700 ns
[2024-02-06T10:28:27.257+0000][1536][gc,marking  ] GC(222) Concurrent Scan Root Regions 85.132ms
[2024-02-06T10:28:27.257+0000][1536][gc,marking  ] GC(222) Concurrent Mark
[2024-02-06T10:28:27.257+0000][1536][gc,marking  ] GC(222) Concurrent Mark From Roots
[2024-02-06T10:28:27.257+0000][1536][gc,task     ] GC(222) Using 2 workers of 2 for marking
[2024-02-06T10:28:28.510+0000][1536][gc,marking  ] GC(222) Concurrent Mark From Roots 1253.288ms
[2024-02-06T10:28:28.510+0000][1536][gc,marking  ] GC(222) Concurrent Preclean
[2024-02-06T10:28:28.511+0000][1536][gc,marking  ] GC(222) Concurrent Preclean 0.942ms
[2024-02-06T10:28:28.511+0000][1536][gc,start    ] GC(222) Pause Remark
[2024-02-06T10:28:28.718+0000][1536][gc,mmu      ] GC(222) MMU target violated: 201.0ms (200.0ms/201.0ms)
[2024-02-06T10:28:28.718+0000][1536][gc          ] GC(222) Pause Remark 1262M->1262M(4040M) 206.606ms
[2024-02-06T10:28:28.718+0000][1536][gc,cpu      ] GC(222) User=0.02s Sys=0.19s Real=0.21s
[2024-02-06T10:28:28.719+0000][1536][safepoint   ] Safepoint "G1Concurrent", Time since last: 1339281600 ns, Reaching safepoint: 111300 ns, At safepoint: 207006400 ns, Total: 207117700 ns
[2024-02-06T10:28:28.719+0000][1536][gc,marking  ] GC(222) Concurrent Mark 1461.581ms
[2024-02-06T10:28:28.719+0000][1536][gc,marking  ] GC(222) Concurrent Rebuild Remembered Sets
[2024-02-06T10:28:28.967+0000][1536][gc,marking  ] GC(222) Concurrent Rebuild Remembered Sets 254.538ms
[2024-02-06T10:28:28.967+0000][1536][gc,start    ] GC(222) Pause Cleanup
[2024-02-06T10:28:28.967+0000][1536][gc          ] GC(222) Pause Cleanup 1308M->1308M(4040M) 0.477ms
[2024-02-06T10:28:28.967+0000][1536][gc,cpu      ] GC(222) User=0.00s Sys=0.00s Real=0.00s
[2024-02-06T10:28:28.967+0000][1536][safepoint   ] Safepoint "G1Concurrent", Time since last: 254821100 ns, Reaching safepoint: 188700 ns, At safepoint: 669300 ns, Total: 858000 ns
[2024-02-06T10:28:28.967+0000][1536][gc,marking  ] GC(222) Concurrent Cleanup for Next Mark
[2024-02-06T10:28:29.053+0000][1536][gc,marking  ] GC(222) Concurrent Cleanup for Next Mark 79.576ms
[2024-02-06T10:28:29.053+0000][1536][gc          ] GC(222) Concurrent Mark Cycle 1882.485ms
[2024-02-06T10:28:49.803+0000][1536][gc,start    ] GC(223) Pause Young (Prepare Mixed) (G1 Evacuation Pause)
[2024-02-06T10:28:49.803+0000][1536][gc,task     ] GC(223) Using 8 workers of 8 for evacuation
[2024-02-06T10:28:49.803+0000][1536][gc,age      ] GC(223) Desired survivor size 109051904 bytes, new threshold 15 (max threshold 15)
[2024-02-06T10:28:49.833+0000][1536][gc,phases   ] GC(223)   Pre Evacuate Collection Set: 0.3ms
[2024-02-06T10:28:49.833+0000][1536][gc,phases   ] GC(223)   Merge Heap Roots: 0.3ms
[2024-02-06T10:28:49.833+0000][1536][gc,phases   ] GC(223)   Evacuate Collection Set: 27.6ms
[2024-02-06T10:28:49.833+0000][1536][gc,phases   ] GC(223)   Post Evacuate Collection Set: 1.6ms
[2024-02-06T10:28:49.833+0000][1536][gc,phases   ] GC(223)   Other: 0.3ms
[2024-02-06T10:28:49.833+0000][1536][gc,age      ] GC(223) Age table with threshold 15 (max threshold 15)
[2024-02-06T10:28:49.833+0000][1536][gc,age      ] GC(223) - age   1:   67769432 bytes,   67769432 total
[2024-02-06T10:28:49.833+0000][1536][gc,age      ] GC(223) - age   2:     805352 bytes,   68574784 total
[2024-02-06T10:28:49.833+0000][1536][gc,heap     ] GC(223) Eden regions: 411->0(32)
[2024-02-06T10:28:49.833+0000][1536][gc,heap     ] GC(223) Survivor regions: 4->18(52)
[2024-02-06T10:28:49.833+0000][1536][gc,heap     ] GC(223) Old regions: 272->272
[2024-02-06T10:28:49.833+0000][1536][gc,heap     ] GC(223) Archive regions: 0->0
[2024-02-06T10:28:49.834+0000][1536][gc,heap     ] GC(223) Humongous regions: 2->2
[2024-02-06T10:28:49.834+0000][1536][gc,metaspace] GC(223) Metaspace: 132229K(138176K)->132229K(138176K) NonClass: 115166K(118912K)->115166K(118912K) Class: 17063K(19264K)->17063K(19264K)
[2024-02-06T10:28:49.834+0000][1536][gc          ] GC(223) Pause Young (Prepare Mixed) (G1 Evacuation Pause) 2753M->1163M(4040M) 30.903ms
[2024-02-06T10:28:49.834+0000][1536][gc,cpu      ] GC(223) User=0.23s Sys=0.00s Real=0.03s
[2024-02-06T10:28:49.835+0000][1536][safepoint   ] Safepoint "G1CollectForAllocation", Time since last: 20828389700 ns, Reaching safepoint: 152000 ns, At safepoint: 31897100 ns, Total: 32049100 ns
[2024-02-06T10:28:50.813+0000][1536][gc,start    ] GC(224) Pause Young (Mixed) (G1 Evacuation Pause)
[2024-02-06T10:28:50.813+0000][1536][gc,task     ] GC(224) Using 8 workers of 8 for evacuation
[2024-02-06T10:28:50.813+0000][1536][gc,age      ] GC(224) Desired survivor size 14680064 bytes, new threshold 1 (max threshold 15)
[2024-02-06T10:28:51.122+0000][1536][gc,mmu      ] GC(224) MMU target violated: 201.0ms (200.0ms/201.0ms)
[2024-02-06T10:28:51.122+0000][1536][gc,phases   ] GC(224)   Pre Evacuate Collection Set: 0.3ms
[2024-02-06T10:28:51.122+0000][1536][gc,phases   ] GC(224)   Merge Heap Roots: 0.4ms
[2024-02-06T10:28:51.122+0000][1536][gc,phases   ] GC(224)   Evacuate Collection Set: 316.1ms
[2024-02-06T10:28:51.122+0000][1536][gc,phases   ] GC(224)   Post Evacuate Collection Set: 1.5ms
[2024-02-06T10:28:51.122+0000][1536][gc,phases   ] GC(224)   Other: 3.4ms
[2024-02-06T10:28:51.122+0000][1536][gc,age      ] GC(224) Age table with threshold 1 (max threshold 15)
[2024-02-06T10:28:51.122+0000][1536][gc,age      ] GC(224) - age   1:    8695336 bytes,    8695336 total
[2024-02-06T10:28:51.122+0000][1536][gc,heap     ] GC(224) Eden regions: 32->0(46)
[2024-02-06T10:28:51.122+0000][1536][gc,heap     ] GC(224) Survivor regions: 18->4(7)
[2024-02-06T10:28:51.122+0000][1536][gc,heap     ] GC(224) Old regions: 272->225
[2024-02-06T10:28:51.122+0000][1536][gc,heap     ] GC(224) Archive regions: 0->0
[2024-02-06T10:28:51.122+0000][1536][gc,heap     ] GC(224) Humongous regions: 2->2
[2024-02-06T10:28:51.122+0000][1536][gc,metaspace] GC(224) Metaspace: 132229K(138176K)->132229K(138176K) NonClass: 115166K(118912K)->115166K(118912K) Class: 17063K(19264K)->17063K(19264K)
[2024-02-06T10:28:51.122+0000][1536][gc          ] GC(224) Pause Young (Mixed) (G1 Evacuation Pause) 1291M->920M(4040M) 322.100ms
[2024-02-06T10:28:51.122+0000][1536][gc,cpu      ] GC(224) User=0.25s Sys=0.88s Real=0.31s
[2024-02-06T10:28:51.122+0000][1536][safepoint   ] Safepoint "G1CollectForAllocation", Time since last: 977884700 ns, Reaching safepoint: 140300 ns, At safepoint: 322445900 ns, Total: 322586200 ns
[2024-02-06T10:28:52.215+0000][1536][gc,start    ] GC(225) Pause Young (Mixed) (G1 Evacuation Pause)
[2024-02-06T10:28:52.215+0000][1536][gc,task     ] GC(225) Using 8 workers of 8 for evacuation
[2024-02-06T10:28:52.215+0000][1536][gc,age      ] GC(225) Desired survivor size 14680064 bytes, new threshold 15 (max threshold 15)
[2024-02-06T10:28:52.240+0000][1536][gc,phases   ] GC(225)   Pre Evacuate Collection Set: 0.2ms
[2024-02-06T10:28:52.240+0000][1536][gc,phases   ] GC(225)   Merge Heap Roots: 0.2ms
[2024-02-06T10:28:52.240+0000][1536][gc,phases   ] GC(225)   Evacuate Collection Set: 23.8ms
[2024-02-06T10:28:52.240+0000][1536][gc,phases   ] GC(225)   Post Evacuate Collection Set: 1.0ms
[2024-02-06T10:28:52.240+0000][1536][gc,phases   ] GC(225)   Other: 0.2ms
[2024-02-06T10:28:52.240+0000][1536][gc,age      ] GC(225) Age table with threshold 15 (max threshold 15)
[2024-02-06T10:28:52.240+0000][1536][gc,age      ] GC(225) - age   1:    8164920 bytes,    8164920 total
[2024-02-06T10:28:52.240+0000][1536][gc,age      ] GC(225) - age   2:    8166136 bytes,   16331056 total
[2024-02-06T10:28:52.240+0000][1536][gc,heap     ] GC(225) Eden regions: 46->0(570)
[2024-02-06T10:28:52.240+0000][1536][gc,heap     ] GC(225) Survivor regions: 4->5(7)
[2024-02-06T10:28:52.240+0000][1536][gc,heap     ] GC(225) Old regions: 225->221
[2024-02-06T10:28:52.240+0000][1536][gc,heap     ] GC(225) Archive regions: 0->0
[2024-02-06T10:28:52.240+0000][1536][gc,heap     ] GC(225) Humongous regions: 2->2
[2024-02-06T10:28:52.240+0000][1536][gc,metaspace] GC(225) Metaspace: 132229K(138176K)->132229K(138176K) NonClass: 115166K(118912K)->115166K(118912K) Class: 17063K(19264K)->17063K(19264K)
[2024-02-06T10:28:52.241+0000][1536][gc          ] GC(225) Pause Young (Mixed) (G1 Evacuation Pause) 1104M->907M(4040M) 25.978ms
[2024-02-06T10:28:52.241+0000][1536][gc,cpu      ] GC(225) User=0.11s Sys=0.09s Real=0.03s
[2024-02-06T10:28:52.242+0000][1536][safepoint   ] Safepoint "G1CollectForAllocation", Time since last: 1079450400 ns, Reaching safepoint: 198800 ns, At safepoint: 26270300 ns, Total: 26469100 ns
[2024-02-06T10:29:20.201+0000][1536][gc,start    ] GC(226) Pause Young (Normal) (G1 Evacuation Pause)
[2024-02-06T10:29:20.201+0000][1536][gc,task     ] GC(226) Using 8 workers of 8 for evacuation
[2024-02-06T10:29:20.201+0000][1536][gc,age      ] GC(226) Desired survivor size 150994944 bytes, new threshold 15 (max threshold 15)
[2024-02-06T10:29:20.272+0000][1536][gc,phases   ] GC(226)   Pre Evacuate Collection Set: 0.6ms
[2024-02-06T10:29:20.272+0000][1536][gc,phases   ] GC(226)   Merge Heap Roots: 0.5ms
[2024-02-06T10:29:20.272+0000][1536][gc,phases   ] GC(226)   Evacuate Collection Set: 65.8ms
[2024-02-06T10:29:20.272+0000][1536][gc,phases   ] GC(226)   Post Evacuate Collection Set: 2.8ms
[2024-02-06T10:29:20.272+0000][1536][gc,phases   ] GC(226)   Other: 0.6ms
[2024-02-06T10:29:20.272+0000][1536][gc,age      ] GC(226) Age table with threshold 15 (max threshold 15)
[2024-02-06T10:29:20.272+0000][1536][gc,age      ] GC(226) - age   1:   97100272 bytes,   97100272 total
[2024-02-06T10:29:20.272+0000][1536][gc,age      ] GC(226) - age   2:    5766920 bytes,  102867192 total
[2024-02-06T10:29:20.272+0000][1536][gc,age      ] GC(226) - age   3:    6783600 bytes,  109650792 total
[2024-02-06T10:29:20.272+0000][1536][gc,heap     ] GC(226) Eden regions: 570->0(231)
[2024-02-06T10:29:20.272+0000][1536][gc,heap     ] GC(226) Survivor regions: 5->28(72)
[2024-02-06T10:29:20.272+0000][1536][gc,heap     ] GC(226) Old regions: 221->221
[2024-02-06T10:29:20.272+0000][1536][gc,heap     ] GC(226) Archive regions: 0->0
[2024-02-06T10:29:20.272+0000][1536][gc,heap     ] GC(226) Humongous regions: 2->2
[2024-02-06T10:29:20.272+0000][1536][gc,metaspace] GC(226) Metaspace: 132230K(138176K)->132230K(138176K) NonClass: 115167K(118912K)->115167K(118912K) Class: 17063K(19264K)->17063K(19264K)
[2024-02-06T10:29:20.272+0000][1536][gc          ] GC(226) Pause Young (Normal) (G1 Evacuation Pause) 3187M->998M(4040M) 71.537ms
[2024-02-06T10:29:20.272+0000][1536][gc,cpu      ] GC(226) User=0.41s Sys=0.08s Real=0.07s
[2024-02-06T10:29:20.272+0000][1536][safepoint   ] Safepoint "G1CollectForAllocation", Time since last: 27955890700 ns, Reaching safepoint: 3725400 ns, At safepoint: 72078100 ns, Total: 75803500 ns
[2024-02-06T10:29:37.339+0000][1536][gc,start    ] GC(227) Pause Young (Normal) (G1 Evacuation Pause)
[2024-02-06T10:29:37.339+0000][1536][gc,task     ] GC(227) Using 8 workers of 8 for evacuation
[2024-02-06T10:29:37.339+0000][1536][gc,age      ] GC(227) Desired survivor size 69206016 bytes, new threshold 1 (max threshold 15)
[2024-02-06T10:29:37.458+0000][1536][gc,phases   ] GC(227)   Pre Evacuate Collection Set: 0.3ms
[2024-02-06T10:29:37.458+0000][1536][gc,phases   ] GC(227)   Merge Heap Roots: 0.3ms
[2024-02-06T10:29:37.458+0000][1536][gc,phases   ] GC(227)   Evacuate Collection Set: 116.7ms
[2024-02-06T10:29:37.458+0000][1536][gc,phases   ] GC(227)   Post Evacuate Collection Set: 1.5ms
[2024-02-06T10:29:37.458+0000][1536][gc,phases   ] GC(227)   Other: 3.1ms
[2024-02-06T10:29:37.458+0000][1536][gc,age      ] GC(227) Age table with threshold 1 (max threshold 15)
[2024-02-06T10:29:37.458+0000][1536][gc,age      ] GC(227) - age   1:   32554528 bytes,   32554528 total
[2024-02-06T10:29:37.458+0000][1536][gc,heap     ] GC(227) Eden regions: 231->0(545)
[2024-02-06T10:29:37.458+0000][1536][gc,heap     ] GC(227) Survivor regions: 28->10(33)
[2024-02-06T10:29:37.458+0000][1536][gc,heap     ] GC(227) Old regions: 221->246
[2024-02-06T10:29:37.458+0000][1536][gc,heap     ] GC(227) Archive regions: 0->0
[2024-02-06T10:29:37.458+0000][1536][gc,heap     ] GC(227) Humongous regions: 2->2
[2024-02-06T10:29:37.458+0000][1536][gc,metaspace] GC(227) Metaspace: 132230K(138176K)->132230K(138176K) NonClass: 115167K(118912K)->115167K(118912K) Class: 17063K(19264K)->17063K(19264K)
[2024-02-06T10:29:37.458+0000][1536][gc          ] GC(227) Pause Young (Normal) (G1 Evacuation Pause) 1922M->1028M(4040M) 122.607ms
[2024-02-06T10:29:37.458+0000][1536][gc,cpu      ] GC(227) User=0.28s Sys=0.36s Real=0.12s
[2024-02-06T10:29:37.458+0000][1536][safepoint   ] Safepoint "G1CollectForAllocation", Time since last: 16937161800 ns, Reaching safepoint: 128118700 ns, At safepoint: 122917400 ns, Total: 251036100 ns
[2024-02-06T10:30:00.717+0000][1536][gc,start    ] GC(228) Pause Young (Concurrent Start) (G1 Evacuation Pause)
[2024-02-06T10:30:00.717+0000][1536][gc,task     ] GC(228) Using 8 workers of 8 for evacuation
[2024-02-06T10:30:00.717+0000][1536][gc,age      ] GC(228) Desired survivor size 146800640 bytes, new threshold 15 (max threshold 15)
[2024-02-06T10:30:00.770+0000][1536][gc,phases   ] GC(228)   Pre Evacuate Collection Set: 0.9ms
[2024-02-06T10:30:00.770+0000][1536][gc,phases   ] GC(228)   Merge Heap Roots: 0.2ms
[2024-02-06T10:30:00.770+0000][1536][gc,phases   ] GC(228)   Evacuate Collection Set: 46.5ms
[2024-02-06T10:30:00.770+0000][1536][gc,phases   ] GC(228)   Post Evacuate Collection Set: 1.4ms
[2024-02-06T10:30:00.770+0000][1536][gc,phases   ] GC(228)   Other: 4.0ms
[2024-02-06T10:30:00.770+0000][1536][gc,age      ] GC(228) Age table with threshold 15 (max threshold 15)
[2024-02-06T10:30:00.770+0000][1536][gc,age      ] GC(228) - age   1:   84002376 bytes,   84002376 total
[2024-02-06T10:30:00.770+0000][1536][gc,age      ] GC(228) - age   2:   25314928 bytes,  109317304 total
[2024-02-06T10:30:00.770+0000][1536][gc,heap     ] GC(228) Eden regions: 545->0(307)
[2024-02-06T10:30:00.770+0000][1536][gc,heap     ] GC(228) Survivor regions: 10->28(70)
[2024-02-06T10:30:00.770+0000][1536][gc,heap     ] GC(228) Old regions: 246->246
[2024-02-06T10:30:00.770+0000][1536][gc,heap     ] GC(228) Archive regions: 0->0
[2024-02-06T10:30:00.770+0000][1536][gc,heap     ] GC(228) Humongous regions: 2->2
[2024-02-06T10:30:00.770+0000][1536][gc,metaspace] GC(228) Metaspace: 132230K(138176K)->132230K(138176K) NonClass: 115167K(118912K)->115167K(118912K) Class: 17063K(19264K)->17063K(19264K)
[2024-02-06T10:30:00.771+0000][1536][gc          ] GC(228) Pause Young (Concurrent Start) (G1 Evacuation Pause) 3208M->1100M(4040M) 53.612ms
[2024-02-06T10:30:00.771+0000][1536][gc          ] GC(229) Concurrent Mark Cycle
[2024-02-06T10:30:00.771+0000][1536][gc,cpu      ] GC(228) User=0.33s Sys=0.02s Real=0.05s
[2024-02-06T10:30:00.771+0000][1536][gc,marking  ] GC(229) Concurrent Clear Claimed Marks
[2024-02-06T10:30:00.771+0000][1536][gc,marking  ] GC(229) Concurrent Clear Claimed Marks 0.264ms
[2024-02-06T10:30:00.771+0000][1536][gc,marking  ] GC(229) Concurrent Scan Root Regions
[2024-02-06T10:30:00.772+0000][1536][safepoint   ] Safepoint "G1CollectForAllocation", Time since last: 23256024200 ns, Reaching safepoint: 192400 ns, At safepoint: 55208500 ns, Total: 55400900 ns
[2024-02-06T10:30:00.795+0000][1536][gc,marking  ] GC(229) Concurrent Scan Root Regions 23.194ms
[2024-02-06T10:30:00.795+0000][1536][gc,marking  ] GC(229) Concurrent Mark
[2024-02-06T10:30:00.795+0000][1536][gc,marking  ] GC(229) Concurrent Mark From Roots
[2024-02-06T10:30:00.795+0000][1536][gc,task     ] GC(229) Using 2 workers of 2 for marking
[2024-02-06T10:30:01.111+0000][1536][gc,marking  ] GC(229) Concurrent Mark From Roots 322.935ms
[2024-02-06T10:30:01.111+0000][1536][gc,marking  ] GC(229) Concurrent Preclean
[2024-02-06T10:30:01.120+0000][1536][gc,marking  ] GC(229) Concurrent Preclean 1.407ms
[2024-02-06T10:30:01.156+0000][1536][gc,start    ] GC(229) Pause Remark
[2024-02-06T10:30:01.178+0000][1536][gc          ] GC(229) Pause Remark 1143M->1143M(4040M) 25.765ms
[2024-02-06T10:30:01.178+0000][1536][gc,cpu      ] GC(229) User=0.09s Sys=0.00s Real=0.02s
[2024-02-06T10:30:01.178+0000][1536][safepoint   ] Safepoint "G1Concurrent", Time since last: 346719400 ns, Reaching safepoint: 35961900 ns, At safepoint: 26055600 ns, Total: 62017500 ns
[2024-02-06T10:30:01.178+0000][1536][gc,marking  ] GC(229) Concurrent Mark 386.672ms
[2024-02-06T10:30:01.178+0000][1536][gc,marking  ] GC(229) Concurrent Rebuild Remembered Sets
[2024-02-06T10:30:01.381+0000][1536][gc,marking  ] GC(229) Concurrent Rebuild Remembered Sets 199.071ms
[2024-02-06T10:30:01.422+0000][1536][gc,start    ] GC(229) Pause Cleanup
[2024-02-06T10:30:01.422+0000][1536][gc          ] GC(229) Pause Cleanup 1157M->1157M(4040M) 0.682ms
[2024-02-06T10:30:01.422+0000][1536][gc,cpu      ] GC(229) User=0.00s Sys=0.00s Real=0.00s
[2024-02-06T10:30:01.423+0000][1536][safepoint   ] Safepoint "G1Concurrent", Time since last: 199346800 ns, Reaching safepoint: 40765200 ns, At safepoint: 1006000 ns, Total: 41771200 ns
[2024-02-06T10:30:01.423+0000][1536][gc,marking  ] GC(229) Concurrent Cleanup for Next Mark
[2024-02-06T10:30:01.457+0000][1536][gc,marking  ] GC(229) Concurrent Cleanup for Next Mark 34.832ms
[2024-02-06T10:30:01.457+0000][1536][gc          ] GC(229) Concurrent Mark Cycle 686.417ms
[2024-02-06T10:30:24.531+0000][1536][gc,start    ] GC(230) Pause Young (Prepare Mixed) (G1 Evacuation Pause)
[2024-02-06T10:30:24.531+0000][1536][gc,task     ] GC(230) Using 8 workers of 8 for evacuation
[2024-02-06T10:30:24.531+0000][1536][gc,age      ] GC(230) Desired survivor size 115343360 bytes, new threshold 15 (max threshold 15)
[2024-02-06T10:30:24.556+0000][1536][gc,phases   ] GC(230)   Pre Evacuate Collection Set: 0.3ms
[2024-02-06T10:30:24.556+0000][1536][gc,phases   ] GC(230)   Merge Heap Roots: 0.3ms
[2024-02-06T10:30:24.556+0000][1536][gc,phases   ] GC(230)   Evacuate Collection Set: 27.0ms
[2024-02-06T10:30:24.556+0000][1536][gc,phases   ] GC(230)   Post Evacuate Collection Set: 1.5ms
[2024-02-06T10:30:24.556+0000][1536][gc,phases   ] GC(230)   Other: 0.2ms
[2024-02-06T10:30:24.556+0000][1536][gc,age      ] GC(230) Age table with threshold 15 (max threshold 15)
[2024-02-06T10:30:24.556+0000][1536][gc,age      ] GC(230) - age   1:   57394512 bytes,   57394512 total
[2024-02-06T10:30:24.556+0000][1536][gc,age      ] GC(230) - age   2:   58802392 bytes,  116196904 total
[2024-02-06T10:30:24.556+0000][1536][gc,age      ] GC(230) - age   3:   15324488 bytes,  131521392 total
[2024-02-06T10:30:24.556+0000][1536][gc,heap     ] GC(230) Eden regions: 412->0(16)
[2024-02-06T10:30:24.556+0000][1536][gc,heap     ] GC(230) Survivor regions: 28->34(55)
[2024-02-06T10:30:24.556+0000][1536][gc,heap     ] GC(230) Old regions: 246->246
[2024-02-06T10:30:24.556+0000][1536][gc,heap     ] GC(230) Archive regions: 0->0
[2024-02-06T10:30:24.556+0000][1536][gc,heap     ] GC(230) Humongous regions: 2->2
[2024-02-06T10:30:24.556+0000][1536][gc,metaspace] GC(230) Metaspace: 132231K(138176K)->132231K(138176K) NonClass: 115168K(118912K)->115168K(118912K) Class: 17063K(19264K)->17063K(19264K)
[2024-02-06T10:30:24.556+0000][1536][gc          ] GC(230) Pause Young (Prepare Mixed) (G1 Evacuation Pause) 2748M->1124M(4040M) 29.860ms
[2024-02-06T10:30:24.556+0000][1536][gc,cpu      ] GC(230) User=0.23s Sys=0.02s Real=0.03s
[2024-02-06T10:30:24.556+0000][1536][safepoint   ] Safepoint "G1CollectForAllocation", Time since last: 23109557300 ns, Reaching safepoint: 85600 ns, At safepoint: 30036900 ns, Total: 30122500 ns
[2024-02-06T10:30:24.940+0000][1536][gc,start    ] GC(231) Pause Young (Mixed) (G1 Evacuation Pause)
[2024-02-06T10:30:24.940+0000][1536][gc,task     ] GC(231) Using 8 workers of 8 for evacuation
[2024-02-06T10:30:24.940+0000][1536][gc,age      ] GC(231) Desired survivor size 14680064 bytes, new threshold 1 (max threshold 15)
[2024-02-06T10:30:25.509+0000][1536][gc,mmu      ] GC(231) MMU target violated: 201.0ms (200.0ms/201.0ms)
[2024-02-06T10:30:25.509+0000][1536][gc,phases   ] GC(231)   Pre Evacuate Collection Set: 0.3ms
[2024-02-06T10:30:25.509+0000][1536][gc,phases   ] GC(231)   Merge Heap Roots: 0.4ms
[2024-02-06T10:30:25.509+0000][1536][gc,phases   ] GC(231)   Evacuate Collection Set: 566.3ms
[2024-02-06T10:30:25.509+0000][1536][gc,phases   ] GC(231)   Post Evacuate Collection Set: 1.0ms
[2024-02-06T10:30:25.509+0000][1536][gc,phases   ] GC(231)   Other: 0.9ms
[2024-02-06T10:30:25.509+0000][1536][gc,age      ] GC(231) Age table with threshold 1 (max threshold 15)
[2024-02-06T10:30:25.509+0000][1536][gc,age      ] GC(231) - age   1:    1746424 bytes,    1746424 total
[2024-02-06T10:30:25.509+0000][1536][gc,heap     ] GC(231) Eden regions: 16->0(456)
[2024-02-06T10:30:25.509+0000][1536][gc,heap     ] GC(231) Survivor regions: 34->4(7)
[2024-02-06T10:30:25.509+0000][1536][gc,heap     ] GC(231) Old regions: 246->204
[2024-02-06T10:30:25.509+0000][1536][gc,heap     ] GC(231) Archive regions: 0->0
[2024-02-06T10:30:25.509+0000][1536][gc,heap     ] GC(231) Humongous regions: 2->2
[2024-02-06T10:30:25.509+0000][1536][gc,metaspace] GC(231) Metaspace: 132231K(138176K)->132231K(138176K) NonClass: 115168K(118912K)->115168K(118912K) Class: 17063K(19264K)->17063K(19264K)
[2024-02-06T10:30:25.509+0000][1536][gc          ] GC(231) Pause Young (Mixed) (G1 Evacuation Pause) 1188M->839M(4040M) 569.296ms
[2024-02-06T10:30:25.509+0000][1536][gc,cpu      ] GC(231) User=0.17s Sys=1.47s Real=0.57s
[2024-02-06T10:30:25.510+0000][1536][safepoint   ] Safepoint "G1CollectForAllocation", Time since last: 377487100 ns, Reaching safepoint: 135000 ns, At safepoint: 569859200 ns, Total: 569994200 ns
[2024-02-06T10:30:54.002+0000][1536][gc,start    ] GC(232) Pause Young (Normal) (G1 Evacuation Pause)
[2024-02-06T10:30:54.002+0000][1536][gc,task     ] GC(232) Using 8 workers of 8 for evacuation
[2024-02-06T10:30:54.002+0000][1536][gc,age      ] GC(232) Desired survivor size 121634816 bytes, new threshold 15 (max threshold 15)
[2024-02-06T10:30:54.025+0000][1536][gc,phases   ] GC(232)   Pre Evacuate Collection Set: 0.2ms
[2024-02-06T10:30:54.025+0000][1536][gc,phases   ] GC(232)   Merge Heap Roots: 0.2ms
[2024-02-06T10:30:54.026+0000][1536][gc,phases   ] GC(232)   Evacuate Collection Set: 20.2ms
[2024-02-06T10:30:54.026+0000][1536][gc,phases   ] GC(232)   Post Evacuate Collection Set: 1.1ms
[2024-02-06T10:30:54.026+0000][1536][gc,phases   ] GC(232)   Other: 2.2ms
[2024-02-06T10:30:54.026+0000][1536][gc,age      ] GC(232) Age table with threshold 15 (max threshold 15)
[2024-02-06T10:30:54.026+0000][1536][gc,age      ] GC(232) - age   1:   73591488 bytes,   73591488 total
[2024-02-06T10:30:54.026+0000][1536][gc,age      ] GC(232) - age   2:     999368 bytes,   74590856 total
[2024-02-06T10:30:54.026+0000][1536][gc,heap     ] GC(232) Eden regions: 456->0(419)
[2024-02-06T10:30:54.026+0000][1536][gc,heap     ] GC(232) Survivor regions: 4->19(58)
[2024-02-06T10:30:54.026+0000][1536][gc,heap     ] GC(232) Old regions: 204->204
[2024-02-06T10:30:54.026+0000][1536][gc,heap     ] GC(232) Archive regions: 0->0
[2024-02-06T10:30:54.026+0000][1536][gc,heap     ] GC(232) Humongous regions: 2->2
[2024-02-06T10:30:54.026+0000][1536][gc,metaspace] GC(232) Metaspace: 132231K(138176K)->132231K(138176K) NonClass: 115168K(118912K)->115168K(118912K) Class: 17063K(19264K)->17063K(19264K)
[2024-02-06T10:30:54.026+0000][1536][gc          ] GC(232) Pause Young (Normal) (G1 Evacuation Pause) 2663M->899M(4040M) 24.279ms
[2024-02-06T10:30:54.026+0000][1536][gc,cpu      ] GC(232) User=0.08s Sys=0.00s Real=0.02s
[2024-02-06T10:30:54.026+0000][1536][safepoint   ] Safepoint "G1CollectForAllocation", Time since last: 28491845400 ns, Reaching safepoint: 109400 ns, At safepoint: 24490900 ns, Total: 24600300 ns
[2024-02-06T10:31:16.591+0000][1536][gc,start    ] GC(233) Pause Young (Normal) (G1 Evacuation Pause)
[2024-02-06T10:31:16.591+0000][1536][gc,task     ] GC(233) Using 8 workers of 8 for evacuation
[2024-02-06T10:31:16.591+0000][1536][gc,age      ] GC(233) Desired survivor size 115343360 bytes, new threshold 15 (max threshold 15)
[2024-02-06T10:31:16.636+0000][1536][gc,phases   ] GC(233)   Pre Evacuate Collection Set: 0.4ms
[2024-02-06T10:31:16.636+0000][1536][gc,phases   ] GC(233)   Merge Heap Roots: 0.5ms
[2024-02-06T10:31:16.636+0000][1536][gc,phases   ] GC(233)   Evacuate Collection Set: 42.2ms
[2024-02-06T10:31:16.636+0000][1536][gc,phases   ] GC(233)   Post Evacuate Collection Set: 1.8ms
[2024-02-06T10:31:16.636+0000][1536][gc,phases   ] GC(233)   Other: 0.4ms
[2024-02-06T10:31:16.636+0000][1536][gc,age      ] GC(233) Age table with threshold 15 (max threshold 15)
[2024-02-06T10:31:16.636+0000][1536][gc,age      ] GC(233) - age   1:   55472608 bytes,   55472608 total
[2024-02-06T10:31:16.636+0000][1536][gc,age      ] GC(233) - age   2:   61620376 bytes,  117092984 total
[2024-02-06T10:31:16.636+0000][1536][gc,age      ] GC(233) - age   3:     989432 bytes,  118082416 total
[2024-02-06T10:31:16.636+0000][1536][gc,heap     ] GC(233) Eden regions: 419->0(400)
[2024-02-06T10:31:16.636+0000][1536][gc,heap     ] GC(233) Survivor regions: 19->30(55)
[2024-02-06T10:31:16.636+0000][1536][gc,heap     ] GC(233) Old regions: 204->204
[2024-02-06T10:31:16.636+0000][1536][gc,heap     ] GC(233) Archive regions: 0->0
[2024-02-06T10:31:16.636+0000][1536][gc,heap     ] GC(233) Humongous regions: 2->2
[2024-02-06T10:31:16.636+0000][1536][gc,metaspace] GC(233) Metaspace: 132233K(138176K)->132233K(138176K) NonClass: 115170K(118912K)->115170K(118912K) Class: 17063K(19264K)->17063K(19264K)
[2024-02-06T10:31:16.636+0000][1536][gc          ] GC(233) Pause Young (Normal) (G1 Evacuation Pause) 2575M->942M(4040M) 46.167ms
[2024-02-06T10:31:16.636+0000][1536][gc,cpu      ] GC(233) User=0.27s Sys=0.03s Real=0.04s
[2024-02-06T10:31:16.636+0000][1536][safepoint   ] Safepoint "G1CollectForAllocation", Time since last: 22565098300 ns, Reaching safepoint: 188800 ns, At safepoint: 46536600 ns, Total: 46725400 ns
[2024-02-06T10:31:44.862+0000][1536][gc,start    ] GC(234) Pause Young (Concurrent Start) (G1 Evacuation Pause)
[2024-02-06T10:31:44.862+0000][1536][gc,task     ] GC(234) Using 8 workers of 8 for evacuation
[2024-02-06T10:31:44.862+0000][1536][gc,age      ] GC(234) Desired survivor size 113246208 bytes, new threshold 2 (max threshold 15)
[2024-02-06T10:31:44.950+0000][1536][gc,phases   ] GC(234)   Pre Evacuate Collection Set: 0.4ms
[2024-02-06T10:31:44.950+0000][1536][gc,phases   ] GC(234)   Merge Heap Roots: 0.2ms
[2024-02-06T10:31:44.950+0000][1536][gc,phases   ] GC(234)   Evacuate Collection Set: 72.0ms
[2024-02-06T10:31:44.950+0000][1536][gc,phases   ] GC(234)   Post Evacuate Collection Set: 1.8ms
[2024-02-06T10:31:44.950+0000][1536][gc,phases   ] GC(234)   Other: 0.3ms
[2024-02-06T10:31:44.950+0000][1536][gc,age      ] GC(234) Age table with threshold 2 (max threshold 15)
[2024-02-06T10:31:44.950+0000][1536][gc,age      ] GC(234) - age   1:   64992272 bytes,   64992272 total
[2024-02-06T10:31:44.950+0000][1536][gc,age      ] GC(234) - age   2:   48184064 bytes,  113176336 total
[2024-02-06T10:31:44.950+0000][1536][gc,heap     ] GC(234) Eden regions: 400->0(404)
[2024-02-06T10:31:44.950+0000][1536][gc,heap     ] GC(234) Survivor regions: 30->30(54)
[2024-02-06T10:31:44.950+0000][1536][gc,heap     ] GC(234) Old regions: 204->218
[2024-02-06T10:31:44.950+0000][1536][gc,heap     ] GC(234) Archive regions: 0->0
[2024-02-06T10:31:44.950+0000][1536][gc,heap     ] GC(234) Humongous regions: 2->2
[2024-02-06T10:31:44.950+0000][1536][gc,metaspace] GC(234) Metaspace: 132233K(138176K)->132233K(138176K) NonClass: 115170K(118912K)->115170K(118912K) Class: 17063K(19264K)->17063K(19264K)
[2024-02-06T10:31:44.951+0000][1536][gc          ] GC(234) Pause Young (Concurrent Start) (G1 Evacuation Pause) 2542M->995M(4040M) 75.096ms
[2024-02-06T10:31:44.951+0000][1536][gc          ] GC(235) Concurrent Mark Cycle
[2024-02-06T10:31:44.951+0000][1536][gc,cpu      ] GC(234) User=0.17s Sys=0.19s Real=0.09s
[2024-02-06T10:31:44.951+0000][1536][gc,marking  ] GC(235) Concurrent Clear Claimed Marks
[2024-02-06T10:31:44.951+0000][1536][safepoint   ] Safepoint "G1CollectForAllocation", Time since last: 28236938200 ns, Reaching safepoint: 116100 ns, At safepoint: 75816700 ns, Total: 75932800 ns
[2024-02-06T10:31:44.951+0000][1536][gc,marking  ] GC(235) Concurrent Clear Claimed Marks 0.237ms
[2024-02-06T10:31:44.951+0000][1536][gc,marking  ] GC(235) Concurrent Scan Root Regions
[2024-02-06T10:31:44.967+0000][1536][gc,marking  ] GC(235) Concurrent Scan Root Regions 28.553ms
[2024-02-06T10:31:44.967+0000][1536][gc,marking  ] GC(235) Concurrent Mark
[2024-02-06T10:31:44.967+0000][1536][gc,marking  ] GC(235) Concurrent Mark From Roots
[2024-02-06T10:31:44.967+0000][1536][gc,task     ] GC(235) Using 2 workers of 2 for marking
[2024-02-06T10:31:45.234+0000][1536][gc,marking  ] GC(235) Concurrent Mark From Roots 254.006ms
[2024-02-06T10:31:45.234+0000][1536][gc,marking  ] GC(235) Concurrent Preclean
[2024-02-06T10:31:45.235+0000][1536][gc,marking  ] GC(235) Concurrent Preclean 1.224ms
[2024-02-06T10:31:45.235+0000][1536][gc,start    ] GC(235) Pause Remark
[2024-02-06T10:31:45.254+0000][1536][gc          ] GC(235) Pause Remark 1037M->1037M(4040M) 20.936ms
[2024-02-06T10:31:45.254+0000][1536][gc,cpu      ] GC(235) User=0.12s Sys=0.00s Real=0.02s
[2024-02-06T10:31:45.254+0000][1536][safepoint   ] Safepoint "G1Concurrent", Time since last: 284173700 ns, Reaching safepoint: 152000 ns, At safepoint: 21180100 ns, Total: 21332100 ns
[2024-02-06T10:31:45.254+0000][1536][gc,marking  ] GC(235) Concurrent Mark 276.819ms
[2024-02-06T10:31:45.254+0000][1536][gc,marking  ] GC(235) Concurrent Rebuild Remembered Sets
[2024-02-06T10:31:45.461+0000][1536][gc,marking  ] GC(235) Concurrent Rebuild Remembered Sets 204.523ms
[2024-02-06T10:31:45.461+0000][1536][gc,start    ] GC(235) Pause Cleanup
[2024-02-06T10:31:45.463+0000][1536][gc          ] GC(235) Pause Cleanup 1083M->1083M(4040M) 1.294ms
[2024-02-06T10:31:45.463+0000][1536][gc,cpu      ] GC(235) User=0.00s Sys=0.00s Real=0.00s
[2024-02-06T10:31:45.463+0000][1536][safepoint   ] Safepoint "G1Concurrent", Time since last: 204743600 ns, Reaching safepoint: 136800 ns, At safepoint: 1471600 ns, Total: 1608400 ns
[2024-02-06T10:31:45.463+0000][1536][gc,marking  ] GC(235) Concurrent Cleanup for Next Mark
[2024-02-06T10:31:45.472+0000][1536][gc,marking  ] GC(235) Concurrent Cleanup for Next Mark 9.748ms
[2024-02-06T10:31:45.472+0000][1536][gc          ] GC(235) Concurrent Mark Cycle 521.997ms
[2024-02-06T10:31:59.597+0000][1536][gc,start    ] GC(236) Pause Young (Prepare Mixed) (G1 Evacuation Pause)
[2024-02-06T10:31:59.597+0000][1536][gc,task     ] GC(236) Using 8 workers of 8 for evacuation
[2024-02-06T10:31:59.597+0000][1536][gc,age      ] GC(236) Desired survivor size 130023424 bytes, new threshold 15 (max threshold 15)
[2024-02-06T10:31:59.651+0000][1536][gc,phases   ] GC(236)   Pre Evacuate Collection Set: 0.3ms
[2024-02-06T10:31:59.651+0000][1536][gc,phases   ] GC(236)   Merge Heap Roots: 0.4ms
[2024-02-06T10:31:59.651+0000][1536][gc,phases   ] GC(236)   Evacuate Collection Set: 43.4ms
[2024-02-06T10:31:59.651+0000][1536][gc,phases   ] GC(236)   Post Evacuate Collection Set: 2.4ms
[2024-02-06T10:31:59.651+0000][1536][gc,phases   ] GC(236)   Other: 1.1ms
[2024-02-06T10:31:59.651+0000][1536][gc,age      ] GC(236) Age table with threshold 15 (max threshold 15)
[2024-02-06T10:31:59.651+0000][1536][gc,age      ] GC(236) - age   1:   65176080 bytes,   65176080 total
[2024-02-06T10:31:59.651+0000][1536][gc,age      ] GC(236) - age   2:   57892112 bytes,  123068192 total
[2024-02-06T10:31:59.651+0000][1536][gc,age      ] GC(236) - age   3:   32759816 bytes,  155828008 total
[2024-02-06T10:31:59.651+0000][1536][gc,heap     ] GC(236) Eden regions: 461->0(11)
[2024-02-06T10:31:59.651+0000][1536][gc,heap     ] GC(236) Survivor regions: 30->39(62)
[2024-02-06T10:31:59.651+0000][1536][gc,heap     ] GC(236) Old regions: 218->218
[2024-02-06T10:31:59.651+0000][1536][gc,heap     ] GC(236) Archive regions: 0->0
[2024-02-06T10:31:59.651+0000][1536][gc,heap     ] GC(236) Humongous regions: 2->2
[2024-02-06T10:31:59.651+0000][1536][gc,metaspace] GC(236) Metaspace: 132233K(138176K)->132233K(138176K) NonClass: 115170K(118912K)->115170K(118912K) Class: 17063K(19264K)->17063K(19264K)
[2024-02-06T10:31:59.651+0000][1536][gc          ] GC(236) Pause Young (Prepare Mixed) (G1 Evacuation Pause) 2839M->1033M(4040M) 48.101ms
[2024-02-06T10:31:59.651+0000][1536][gc,cpu      ] GC(236) User=0.38s Sys=0.00s Real=0.05s
[2024-02-06T10:31:59.651+0000][1536][safepoint   ] Safepoint "G1CollectForAllocation", Time since last: 14140571000 ns, Reaching safepoint: 124600 ns, At safepoint: 48281600 ns, Total: 48406200 ns
[2024-02-06T10:32:05.941+0000][1536][gc,start    ] GC(237) Pause Young (Mixed) (G1 Evacuation Pause)
[2024-02-06T10:32:05.941+0000][1536][gc,task     ] GC(237) Using 8 workers of 8 for evacuation
[2024-02-06T10:32:05.941+0000][1536][gc,age      ] GC(237) Desired survivor size 14680064 bytes, new threshold 1 (max threshold 15)
[2024-02-06T10:32:06.227+0000][1536][gc,mmu      ] GC(237) MMU target violated: 201.0ms (200.0ms/201.0ms)
[2024-02-06T10:32:06.227+0000][1536][gc,phases   ] GC(237)   Pre Evacuate Collection Set: 0.3ms
[2024-02-06T10:32:06.227+0000][1536][gc,phases   ] GC(237)   Merge Heap Roots: 0.2ms
[2024-02-06T10:32:06.227+0000][1536][gc,phases   ] GC(237)   Evacuate Collection Set: 283.3ms
[2024-02-06T10:32:06.227+0000][1536][gc,phases   ] GC(237)   Post Evacuate Collection Set: 3.5ms
[2024-02-06T10:32:06.227+0000][1536][gc,phases   ] GC(237)   Other: 0.3ms
[2024-02-06T10:32:06.227+0000][1536][gc,age      ] GC(237) Age table with threshold 1 (max threshold 15)
[2024-02-06T10:32:06.227+0000][1536][gc,age      ] GC(237) - age   1:    1575992 bytes,    1575992 total
[2024-02-06T10:32:06.227+0000][1536][gc,heap     ] GC(237) Eden regions: 11->0(567)
[2024-02-06T10:32:06.227+0000][1536][gc,heap     ] GC(237) Survivor regions: 39->4(7)
[2024-02-06T10:32:06.227+0000][1536][gc,heap     ] GC(237) Old regions: 218->213
[2024-02-06T10:32:06.227+0000][1536][gc,heap     ] GC(237) Archive regions: 0->0
[2024-02-06T10:32:06.227+0000][1536][gc,heap     ] GC(237) Humongous regions: 2->2
[2024-02-06T10:32:06.227+0000][1536][gc,metaspace] GC(237) Metaspace: 132233K(138176K)->132233K(138176K) NonClass: 115170K(118912K)->115170K(118912K) Class: 17063K(19264K)->17063K(19264K)
[2024-02-06T10:32:06.227+0000][1536][gc          ] GC(237) Pause Young (Mixed) (G1 Evacuation Pause) 1077M->872M(4040M) 288.011ms
[2024-02-06T10:32:06.227+0000][1536][gc,cpu      ] GC(237) User=0.20s Sys=1.12s Real=0.29s
[2024-02-06T10:32:06.227+0000][1536][safepoint   ] Safepoint "G1CollectForAllocation", Time since last: 6289299100 ns, Reaching safepoint: 129500 ns, At safepoint: 289049600 ns, Total: 289179100 ns
[2024-02-06T10:32:32.422+0000][1536][safepoint   ] Safepoint "Cleanup", Time since last: 26191424800 ns, Reaching safepoint: 159300 ns, At safepoint: 33900 ns, Total: 193200 ns
[2024-02-06T10:32:36.463+0000][1536][gc,start    ] GC(238) Pause Young (Normal) (G1 Evacuation Pause)
[2024-02-06T10:32:36.463+0000][1536][gc,task     ] GC(238) Using 8 workers of 8 for evacuation
[2024-02-06T10:32:36.463+0000][1536][gc,age      ] GC(238) Desired survivor size 150994944 bytes, new threshold 15 (max threshold 15)
[2024-02-06T10:32:36.548+0000][1536][gc,phases   ] GC(238)   Pre Evacuate Collection Set: 0.5ms
[2024-02-06T10:32:36.548+0000][1536][gc,phases   ] GC(238)   Merge Heap Roots: 0.5ms
[2024-02-06T10:32:36.548+0000][1536][gc,phases   ] GC(238)   Evacuate Collection Set: 65.6ms
[2024-02-06T10:32:36.548+0000][1536][gc,phases   ] GC(238)   Post Evacuate Collection Set: 1.9ms
[2024-02-06T10:32:36.548+0000][1536][gc,phases   ] GC(238)   Other: 3.6ms
[2024-02-06T10:32:36.548+0000][1536][gc,age      ] GC(238) Age table with threshold 15 (max threshold 15)
[2024-02-06T10:32:36.548+0000][1536][gc,age      ] GC(238) - age   1:   90972944 bytes,   90972944 total
[2024-02-06T10:32:36.548+0000][1536][gc,age      ] GC(238) - age   2:     604680 bytes,   91577624 total
[2024-02-06T10:32:36.548+0000][1536][gc,heap     ] GC(238) Eden regions: 567->0(550)
[2024-02-06T10:32:36.548+0000][1536][gc,heap     ] GC(238) Survivor regions: 4->23(72)
[2024-02-06T10:32:36.548+0000][1536][gc,heap     ] GC(238) Old regions: 213->213
[2024-02-06T10:32:36.548+0000][1536][gc,heap     ] GC(238) Archive regions: 0->0
[2024-02-06T10:32:36.548+0000][1536][gc,heap     ] GC(238) Humongous regions: 2->2
[2024-02-06T10:32:36.548+0000][1536][gc,metaspace] GC(238) Metaspace: 132235K(138176K)->132235K(138176K) NonClass: 115172K(118912K)->115172K(118912K) Class: 17063K(19264K)->17063K(19264K)
[2024-02-06T10:32:36.548+0000][1536][gc          ] GC(238) Pause Young (Normal) (G1 Evacuation Pause) 3140M->947M(4040M) 72.699ms
[2024-02-06T10:32:36.548+0000][1536][gc,cpu      ] GC(238) User=0.47s Sys=0.03s Real=0.09s
[2024-02-06T10:32:36.548+0000][1536][safepoint   ] Safepoint "G1CollectForAllocation", Time since last: 4055334500 ns, Reaching safepoint: 162200 ns, At safepoint: 72991000 ns, Total: 73153200 ns
[2024-02-06T10:32:45.294+0000][1536][safepoint   ] Safepoint "Cleanup", Time since last: 8047213100 ns, Reaching safepoint: 695501400 ns, At safepoint: 1786000 ns, Total: 697287400 ns
[2024-02-06T10:32:51.346+0000][1536][safepoint   ] Safepoint "Cleanup", Time since last: 6050828500 ns, Reaching safepoint: 108000 ns, At safepoint: 71800 ns, Total: 179800 ns
[2024-02-06T10:33:07.947+0000][1536][gc,start    ] GC(239) Pause Young (Normal) (G1 Evacuation Pause)
[2024-02-06T10:33:07.947+0000][1536][gc,task     ] GC(239) Using 8 workers of 8 for evacuation
[2024-02-06T10:33:07.947+0000][1536][gc,age      ] GC(239) Desired survivor size 150994944 bytes, new threshold 15 (max threshold 15)
[2024-02-06T10:33:08.066+0000][1536][gc,phases   ] GC(239)   Pre Evacuate Collection Set: 0.6ms
[2024-02-06T10:33:08.066+0000][1536][gc,phases   ] GC(239)   Merge Heap Roots: 0.6ms
[2024-02-06T10:33:08.066+0000][1536][gc,phases   ] GC(239)   Evacuate Collection Set: 113.2ms
[2024-02-06T10:33:08.066+0000][1536][gc,phases   ] GC(239)   Post Evacuate Collection Set: 0.8ms
[2024-02-06T10:33:08.066+0000][1536][gc,phases   ] GC(239)   Other: 3.0ms
[2024-02-06T10:33:08.066+0000][1536][gc,age      ] GC(239) Age table with threshold 15 (max threshold 15)
[2024-02-06T10:33:08.066+0000][1536][gc,age      ] GC(239) - age   1:   81256656 bytes,   81256656 total
[2024-02-06T10:33:08.066+0000][1536][gc,age      ] GC(239) - age   2:   76151192 bytes,  157407848 total
[2024-02-06T10:33:08.066+0000][1536][gc,age      ] GC(239) - age   3:     445016 bytes,  157852864 total
[2024-02-06T10:33:08.066+0000][1536][gc,heap     ] GC(239) Eden regions: 550->0(397)
[2024-02-06T10:33:08.066+0000][1536][gc,heap     ] GC(239) Survivor regions: 23->40(72)
[2024-02-06T10:33:08.066+0000][1536][gc,heap     ] GC(239) Old regions: 213->213
[2024-02-06T10:33:08.066+0000][1536][gc,heap     ] GC(239) Archive regions: 0->0
[2024-02-06T10:33:08.066+0000][1536][gc,heap     ] GC(239) Humongous regions: 2->2
[2024-02-06T10:33:08.066+0000][1536][gc,metaspace] GC(239) Metaspace: 132235K(138176K)->132235K(138176K) NonClass: 115172K(118912K)->115172K(118912K) Class: 17063K(19264K)->17063K(19264K)
[2024-02-06T10:33:08.066+0000][1536][gc          ] GC(239) Pause Young (Normal) (G1 Evacuation Pause) 3147M->1013M(4040M) 118.788ms
[2024-02-06T10:33:08.066+0000][1536][gc,cpu      ] GC(239) User=0.33s Sys=0.17s Real=0.12s
[2024-02-06T10:33:08.066+0000][1536][safepoint   ] Safepoint "G1CollectForAllocation", Time since last: 16601216800 ns, Reaching safepoint: 209500 ns, At safepoint: 119086100 ns, Total: 119295600 ns
[2024-02-06T10:33:22.479+0000][1536][gc,start    ] GC(240) Pause Young (Concurrent Start) (G1 Evacuation Pause)
[2024-02-06T10:33:22.479+0000][1536][gc,task     ] GC(240) Using 8 workers of 8 for evacuation
[2024-02-06T10:33:22.479+0000][1536][gc,age      ] GC(240) Desired survivor size 115343360 bytes, new threshold 2 (max threshold 15)
[2024-02-06T10:33:22.608+0000][1536][gc,phases   ] GC(240)   Pre Evacuate Collection Set: 0.8ms
[2024-02-06T10:33:22.608+0000][1536][gc,phases   ] GC(240)   Merge Heap Roots: 0.4ms
[2024-02-06T10:33:22.608+0000][1536][gc,phases   ] GC(240)   Evacuate Collection Set: 124.8ms
[2024-02-06T10:33:22.608+0000][1536][gc,phases   ] GC(240)   Post Evacuate Collection Set: 1.1ms
[2024-02-06T10:33:22.608+0000][1536][gc,phases   ] GC(240)   Other: 0.4ms
[2024-02-06T10:33:22.608+0000][1536][gc,age      ] GC(240) Age table with threshold 2 (max threshold 15)
[2024-02-06T10:33:22.608+0000][1536][gc,age      ] GC(240) - age   1:   73035848 bytes,   73035848 total
[2024-02-06T10:33:22.608+0000][1536][gc,age      ] GC(240) - age   2:   66515736 bytes,  139551584 total
[2024-02-06T10:33:22.608+0000][1536][gc,heap     ] GC(240) Eden regions: 397->0(391)
[2024-02-06T10:33:22.608+0000][1536][gc,heap     ] GC(240) Survivor regions: 40->36(55)
[2024-02-06T10:33:22.608+0000][1536][gc,heap     ] GC(240) Old regions: 213->228
[2024-02-06T10:33:22.608+0000][1536][gc,heap     ] GC(240) Archive regions: 0->0
[2024-02-06T10:33:22.608+0000][1536][gc,heap     ] GC(240) Humongous regions: 2->2
[2024-02-06T10:33:22.608+0000][1536][gc,metaspace] GC(240) Metaspace: 132236K(138176K)->132236K(138176K) NonClass: 115173K(118912K)->115173K(118912K) Class: 17063K(19264K)->17063K(19264K)
[2024-02-06T10:33:22.608+0000][1536][gc          ] GC(240) Pause Young (Concurrent Start) (G1 Evacuation Pause) 2601M->1060M(4040M) 128.106ms
[2024-02-06T10:33:22.608+0000][1536][gc          ] GC(241) Concurrent Mark Cycle
[2024-02-06T10:33:22.608+0000][1536][gc,cpu      ] GC(240) User=0.42s Sys=0.28s Real=0.13s
[2024-02-06T10:33:22.608+0000][1536][gc,marking  ] GC(241) Concurrent Clear Claimed Marks
[2024-02-06T10:33:22.608+0000][1536][safepoint   ] Safepoint "G1CollectForAllocation", Time since last: 14413159100 ns, Reaching safepoint: 202300 ns, At safepoint: 128426100 ns, Total: 128628400 ns
[2024-02-06T10:33:22.608+0000][1536][gc,marking  ] GC(241) Concurrent Clear Claimed Marks 0.270ms
[2024-02-06T10:33:22.608+0000][1536][gc,marking  ] GC(241) Concurrent Scan Root Regions
[2024-02-06T10:33:22.649+0000][1536][gc,marking  ] GC(241) Concurrent Scan Root Regions 40.223ms
[2024-02-06T10:33:22.649+0000][1536][gc,marking  ] GC(241) Concurrent Mark
[2024-02-06T10:33:22.649+0000][1536][gc,marking  ] GC(241) Concurrent Mark From Roots
[2024-02-06T10:33:22.649+0000][1536][gc,task     ] GC(241) Using 2 workers of 2 for marking
[2024-02-06T10:33:22.878+0000][1536][gc,marking  ] GC(241) Concurrent Mark From Roots 229.645ms
[2024-02-06T10:33:22.878+0000][1536][gc,marking  ] GC(241) Concurrent Preclean
[2024-02-06T10:33:22.878+0000][1536][gc,marking  ] GC(241) Concurrent Preclean 0.891ms
[2024-02-06T10:33:22.878+0000][1536][gc,start    ] GC(241) Pause Remark
[2024-02-06T10:33:22.892+0000][1536][gc          ] GC(241) Pause Remark 1116M->1116M(4040M) 12.064ms
[2024-02-06T10:33:22.892+0000][1536][gc,cpu      ] GC(241) User=0.12s Sys=0.00s Real=0.01s
[2024-02-06T10:33:22.892+0000][1536][safepoint   ] Safepoint "G1Concurrent", Time since last: 271070600 ns, Reaching safepoint: 126300 ns, At safepoint: 12194400 ns, Total: 12320700 ns
[2024-02-06T10:33:22.892+0000][1536][gc,marking  ] GC(241) Concurrent Mark 243.038ms
[2024-02-06T10:33:22.892+0000][1536][gc,marking  ] GC(241) Concurrent Rebuild Remembered Sets
[2024-02-06T10:33:23.092+0000][1536][gc,marking  ] GC(241) Concurrent Rebuild Remembered Sets 200.852ms
[2024-02-06T10:33:23.092+0000][1536][gc,start    ] GC(241) Pause Cleanup
[2024-02-06T10:33:23.093+0000][1536][gc          ] GC(241) Pause Cleanup 1146M->1146M(4040M) 0.647ms
[2024-02-06T10:33:23.093+0000][1536][gc,cpu      ] GC(241) User=0.00s Sys=0.00s Real=0.00s
[2024-02-06T10:33:23.093+0000][1536][safepoint   ] Safepoint "G1Concurrent", Time since last: 201057000 ns, Reaching safepoint: 108800 ns, At safepoint: 984500 ns, Total: 1093300 ns
[2024-02-06T10:33:23.093+0000][1536][gc,marking  ] GC(241) Concurrent Cleanup for Next Mark
[2024-02-06T10:33:23.108+0000][1536][gc,marking  ] GC(241) Concurrent Cleanup for Next Mark 15.027ms
[2024-02-06T10:33:23.109+0000][1536][gc          ] GC(241) Concurrent Mark Cycle 500.977ms
[2024-02-06T10:33:50.262+0000][1536][safepoint   ] Safepoint "Cleanup", Time since last: 27168048700 ns, Reaching safepoint: 149100 ns, At safepoint: 75600 ns, Total: 224700 ns
[2024-02-06T10:33:50.375+0000][1536][gc,start    ] GC(242) Pause Young (Prepare Mixed) (G1 Evacuation Pause)
[2024-02-06T10:33:50.375+0000][1536][gc,task     ] GC(242) Using 8 workers of 8 for evacuation
[2024-02-06T10:33:50.375+0000][1536][gc,age      ] GC(242) Desired survivor size 140509184 bytes, new threshold 15 (max threshold 15)
[2024-02-06T10:33:50.442+0000][1536][gc,phases   ] GC(242)   Pre Evacuate Collection Set: 0.3ms
[2024-02-06T10:33:50.442+0000][1536][gc,phases   ] GC(242)   Merge Heap Roots: 0.4ms
[2024-02-06T10:33:50.442+0000][1536][gc,phases   ] GC(242)   Evacuate Collection Set: 61.9ms
[2024-02-06T10:33:50.442+0000][1536][gc,phases   ] GC(242)   Post Evacuate Collection Set: 1.6ms
[2024-02-06T10:33:50.442+0000][1536][gc,phases   ] GC(242)   Other: 0.3ms
[2024-02-06T10:33:50.442+0000][1536][gc,age      ] GC(242) Age table with threshold 15 (max threshold 15)
[2024-02-06T10:33:50.442+0000][1536][gc,age      ] GC(242) - age   1:   75310328 bytes,   75310328 total
[2024-02-06T10:33:50.442+0000][1536][gc,age      ] GC(242) - age   2:   58277752 bytes,  133588080 total
[2024-02-06T10:33:50.442+0000][1536][gc,age      ] GC(242) - age   3:   55460848 bytes,  189048928 total
[2024-02-06T10:33:50.442+0000][1536][gc,heap     ] GC(242) Eden regions: 495->0(2)
[2024-02-06T10:33:50.442+0000][1536][gc,heap     ] GC(242) Survivor regions: 36->48(67)
[2024-02-06T10:33:50.442+0000][1536][gc,heap     ] GC(242) Old regions: 228->228
[2024-02-06T10:33:50.442+0000][1536][gc,heap     ] GC(242) Archive regions: 0->0
[2024-02-06T10:33:50.442+0000][1536][gc,heap     ] GC(242) Humongous regions: 2->2
[2024-02-06T10:33:50.442+0000][1536][gc,metaspace] GC(242) Metaspace: 132236K(138176K)->132236K(138176K) NonClass: 115173K(118912K)->115173K(118912K) Class: 17063K(19264K)->17063K(19264K)
[2024-02-06T10:33:50.442+0000][1536][gc          ] GC(242) Pause Young (Prepare Mixed) (G1 Evacuation Pause) 3040M->1108M(4040M) 65.042ms
[2024-02-06T10:33:50.442+0000][1536][gc,cpu      ] GC(242) User=0.50s Sys=0.00s Real=0.07s
[2024-02-06T10:33:50.442+0000][1536][safepoint   ] Safepoint "G1CollectForAllocation", Time since last: 121465700 ns, Reaching safepoint: 112200 ns, At safepoint: 65301800 ns, Total: 65414000 ns
[2024-02-06T10:33:50.450+0000][1536][gc,start    ] GC(243) Pause Young (Mixed) (G1 Evacuation Pause)
[2024-02-06T10:33:50.450+0000][1536][gc,task     ] GC(243) Using 8 workers of 8 for evacuation
[2024-02-06T10:33:50.450+0000][1536][gc,age      ] GC(243) Desired survivor size 14680064 bytes, new threshold 1 (max threshold 15)
[2024-02-06T10:33:50.828+0000][1536][gc,mmu      ] GC(243) MMU target violated: 201.0ms (200.0ms/201.0ms)
[2024-02-06T10:33:50.828+0000][1536][gc,phases   ] GC(243)   Pre Evacuate Collection Set: 0.2ms
[2024-02-06T10:33:50.828+0000][1536][gc,phases   ] GC(243)   Merge Heap Roots: 0.3ms
[2024-02-06T10:33:50.828+0000][1536][gc,phases   ] GC(243)   Evacuate Collection Set: 391.3ms
[2024-02-06T10:33:50.828+0000][1536][gc,phases   ] GC(243)   Post Evacuate Collection Set: 1.3ms
[2024-02-06T10:33:50.828+0000][1536][gc,phases   ] GC(243)   Other: 0.3ms
[2024-02-06T10:33:50.828+0000][1536][gc,age      ] GC(243) Age table with threshold 1 (max threshold 15)
[2024-02-06T10:33:50.828+0000][1536][gc,age      ] GC(243) - age   1:      20536 bytes,      20536 total
[2024-02-06T10:33:50.828+0000][1536][gc,heap     ] GC(243) Eden regions: 2->0(564)
[2024-02-06T10:33:50.828+0000][1536][gc,heap     ] GC(243) Survivor regions: 48->4(7)
[2024-02-06T10:33:50.828+0000][1536][gc,heap     ] GC(243) Old regions: 228->221
[2024-02-06T10:33:50.828+0000][1536][gc,heap     ] GC(243) Archive regions: 0->0
[2024-02-06T10:33:50.828+0000][1536][gc,heap     ] GC(243) Humongous regions: 2->2
[2024-02-06T10:33:50.828+0000][1536][gc,metaspace] GC(243) Metaspace: 132236K(138176K)->132236K(138176K) NonClass: 115173K(118912K)->115173K(118912K) Class: 17063K(19264K)->17063K(19264K)
[2024-02-06T10:33:50.844+0000][1536][gc          ] GC(243) Pause Young (Mixed) (G1 Evacuation Pause) 1116M->906M(4040M) 393.794ms
[2024-02-06T10:33:50.844+0000][1536][gc,cpu      ] GC(243) User=0.44s Sys=1.31s Real=0.39s
[2024-02-06T10:33:50.844+0000][1536][safepoint   ] Safepoint "G1CollectForAllocation", Time since last: 306000 ns, Reaching safepoint: 857000 ns, At safepoint: 394222600 ns, Total: 395079600 ns
[2024-02-06T10:34:21.953+0000][1536][gc,start    ] GC(244) Pause Young (Normal) (G1 Evacuation Pause)
[2024-02-06T10:34:21.953+0000][1536][gc,task     ] GC(244) Using 8 workers of 8 for evacuation
[2024-02-06T10:34:21.953+0000][1536][gc,age      ] GC(244) Desired survivor size 148897792 bytes, new threshold 15 (max threshold 15)
[2024-02-06T10:34:21.996+0000][1536][gc,phases   ] GC(244)   Pre Evacuate Collection Set: 0.3ms
[2024-02-06T10:34:21.996+0000][1536][gc,phases   ] GC(244)   Merge Heap Roots: 0.3ms
[2024-02-06T10:34:21.996+0000][1536][gc,phases   ] GC(244)   Evacuate Collection Set: 41.8ms
[2024-02-06T10:34:21.996+0000][1536][gc,phases   ] GC(244)   Post Evacuate Collection Set: 1.1ms
[2024-02-06T10:34:21.996+0000][1536][gc,phases   ] GC(244)   Other: 0.4ms
[2024-02-06T10:34:21.996+0000][1536][gc,age      ] GC(244) Age table with threshold 15 (max threshold 15)
[2024-02-06T10:34:21.996+0000][1536][gc,age      ] GC(244) - age   1:   98237712 bytes,   98237712 total
[2024-02-06T10:34:21.996+0000][1536][gc,age      ] GC(244) - age   2:       6544 bytes,   98244256 total
[2024-02-06T10:34:21.997+0000][1536][gc,heap     ] GC(244) Eden regions: 564->0(542)
[2024-02-06T10:34:21.997+0000][1536][gc,heap     ] GC(244) Survivor regions: 4->25(71)
[2024-02-06T10:34:21.997+0000][1536][gc,heap     ] GC(244) Old regions: 221->221
[2024-02-06T10:34:21.997+0000][1536][gc,heap     ] GC(244) Archive regions: 0->0
[2024-02-06T10:34:21.997+0000][1536][gc,heap     ] GC(244) Humongous regions: 2->2
[2024-02-06T10:34:21.997+0000][1536][gc,metaspace] GC(244) Metaspace: 132236K(138176K)->132236K(138176K) NonClass: 115173K(118912K)->115173K(118912K) Class: 17063K(19264K)->17063K(19264K)
[2024-02-06T10:34:21.997+0000][1536][gc          ] GC(244) Pause Young (Normal) (G1 Evacuation Pause) 3162M->987M(4040M) 44.350ms
[2024-02-06T10:34:21.997+0000][1536][gc,cpu      ] GC(244) User=0.25s Sys=0.00s Real=0.04s
[2024-02-06T10:34:21.998+0000][1536][safepoint   ] Safepoint "G1CollectForAllocation", Time since last: 31108322700 ns, Reaching safepoint: 93200 ns, At safepoint: 44664000 ns, Total: 44757200 ns
[2024-02-06T10:34:56.358+0000][1536][gc,start    ] GC(245) Pause Young (Normal) (G1 Evacuation Pause)
[2024-02-06T10:34:56.358+0000][1536][gc,task     ] GC(245) Using 8 workers of 8 for evacuation
[2024-02-06T10:34:56.358+0000][1536][gc,age      ] GC(245) Desired survivor size 148897792 bytes, new threshold 15 (max threshold 15)
[2024-02-06T10:34:56.424+0000][1536][gc,phases   ] GC(245)   Pre Evacuate Collection Set: 0.3ms
[2024-02-06T10:34:56.424+0000][1536][gc,phases   ] GC(245)   Merge Heap Roots: 0.3ms
[2024-02-06T10:34:56.424+0000][1536][gc,phases   ] GC(245)   Evacuate Collection Set: 67.2ms
[2024-02-06T10:34:56.424+0000][1536][gc,phases   ] GC(245)   Post Evacuate Collection Set: 1.2ms
[2024-02-06T10:34:56.424+0000][1536][gc,phases   ] GC(245)   Other: 0.6ms
[2024-02-06T10:34:56.424+0000][1536][gc,age      ] GC(245) Age table with threshold 15 (max threshold 15)
[2024-02-06T10:34:56.424+0000][1536][gc,age      ] GC(245) - age   1:   89703120 bytes,   89703120 total
[2024-02-06T10:34:56.424+0000][1536][gc,age      ] GC(245) - age   2:   84003448 bytes,  173706568 total
[2024-02-06T10:34:56.424+0000][1536][gc,age      ] GC(245) - age   3:       6544 bytes,  173713112 total
[2024-02-06T10:34:56.424+0000][1536][gc,heap     ] GC(245) Eden regions: 542->0(464)
[2024-02-06T10:34:56.424+0000][1536][gc,heap     ] GC(245) Survivor regions: 25->44(71)
[2024-02-06T10:34:56.424+0000][1536][gc,heap     ] GC(245) Old regions: 221->221
[2024-02-06T10:34:56.424+0000][1536][gc,heap     ] GC(245) Archive regions: 0->0
[2024-02-06T10:34:56.424+0000][1536][gc,heap     ] GC(245) Humongous regions: 2->2
[2024-02-06T10:34:56.424+0000][1536][gc,metaspace] GC(245) Metaspace: 132236K(138176K)->132236K(138176K) NonClass: 115173K(118912K)->115173K(118912K) Class: 17063K(19264K)->17063K(19264K)
[2024-02-06T10:34:56.424+0000][1536][gc          ] GC(245) Pause Young (Normal) (G1 Evacuation Pause) 3155M->1065M(4040M) 70.096ms
[2024-02-06T10:34:56.424+0000][1536][gc,cpu      ] GC(245) User=0.53s Sys=0.05s Real=0.07s
[2024-02-06T10:34:56.424+0000][1536][safepoint   ] Safepoint "G1CollectForAllocation", Time since last: 34361287300 ns, Reaching safepoint: 88100 ns, At safepoint: 70333200 ns, Total: 70421300 ns
[2024-02-06T10:35:08.542+0000][1536][safepoint   ] Safepoint "Cleanup", Time since last: 12112394700 ns, Reaching safepoint: 88700 ns, At safepoint: 19200 ns, Total: 107900 ns
[2024-02-06T10:35:10.552+0000][1536][safepoint   ] Safepoint "Cleanup", Time since last: 2010193300 ns, Reaching safepoint: 180400 ns, At safepoint: 25100 ns, Total: 205500 ns
[2024-02-06T10:35:12.343+0000][1536][safepoint   ] Safepoint "G1CollectForAllocation", Time since last: 1790863000 ns, Reaching safepoint: 185400 ns, At safepoint: 95800 ns, Total: 281200 ns
[2024-02-06T10:35:12.410+0000][1536][gc,start    ] GC(246) Pause Young (Concurrent Start) (GCLocker Initiated GC)
[2024-02-06T10:35:12.410+0000][1536][gc,task     ] GC(246) Using 8 workers of 8 for evacuation
[2024-02-06T10:35:12.410+0000][1536][gc,age      ] GC(246) Desired survivor size 134217728 bytes, new threshold 2 (max threshold 15)
[2024-02-06T10:35:12.574+0000][1536][gc,phases   ] GC(246)   Pre Evacuate Collection Set: 0.9ms
[2024-02-06T10:35:12.574+0000][1536][gc,phases   ] GC(246)   Merge Heap Roots: 0.7ms
[2024-02-06T10:35:12.574+0000][1536][gc,phases   ] GC(246)   Evacuate Collection Set: 157.6ms
[2024-02-06T10:35:12.574+0000][1536][gc,phases   ] GC(246)   Post Evacuate Collection Set: 1.6ms
[2024-02-06T10:35:12.574+0000][1536][gc,phases   ] GC(246)   Other: 2.5ms
[2024-02-06T10:35:12.574+0000][1536][gc,age      ] GC(246) Age table with threshold 2 (max threshold 15)
[2024-02-06T10:35:12.574+0000][1536][gc,age      ] GC(246) - age   1:   83045520 bytes,   83045520 total
[2024-02-06T10:35:12.574+0000][1536][gc,age      ] GC(246) - age   2:   75868456 bytes,  158913976 total
[2024-02-06T10:35:12.574+0000][1536][gc,heap     ] GC(246) Eden regions: 464->0(382)
[2024-02-06T10:35:12.574+0000][1536][gc,heap     ] GC(246) Survivor regions: 44->40(64)
[2024-02-06T10:35:12.574+0000][1536][gc,heap     ] GC(246) Old regions: 221->238
[2024-02-06T10:35:12.574+0000][1536][gc,heap     ] GC(246) Archive regions: 0->0
[2024-02-06T10:35:12.574+0000][1536][gc,heap     ] GC(246) Humongous regions: 2->2
[2024-02-06T10:35:12.574+0000][1536][gc,metaspace] GC(246) Metaspace: 132236K(138176K)->132236K(138176K) NonClass: 115173K(118912K)->115173K(118912K) Class: 17063K(19264K)->17063K(19264K)
[2024-02-06T10:35:12.574+0000][1536][gc          ] GC(246) Pause Young (Concurrent Start) (GCLocker Initiated GC) 2921M->1115M(4040M) 163.876ms
[2024-02-06T10:35:12.574+0000][1536][gc          ] GC(247) Concurrent Mark Cycle
[2024-02-06T10:35:12.574+0000][1536][gc,cpu      ] GC(246) User=0.62s Sys=0.47s Real=0.16s
[2024-02-06T10:35:12.574+0000][1536][gc,marking  ] GC(247) Concurrent Clear Claimed Marks
[2024-02-06T10:35:12.574+0000][1536][safepoint   ] Safepoint "G1CollectForAllocation", Time since last: 217800 ns, Reaching safepoint: 66780300 ns, At safepoint: 164307800 ns, Total: 231088100 ns
[2024-02-06T10:35:12.574+0000][1536][gc,marking  ] GC(247) Concurrent Clear Claimed Marks 0.214ms
[2024-02-06T10:35:12.574+0000][1536][gc,marking  ] GC(247) Concurrent Scan Root Regions
[2024-02-06T10:35:12.651+0000][1536][gc,marking  ] GC(247) Concurrent Scan Root Regions 75.982ms
[2024-02-06T10:35:12.651+0000][1536][gc,marking  ] GC(247) Concurrent Mark
[2024-02-06T10:35:12.651+0000][1536][gc,marking  ] GC(247) Concurrent Mark From Roots
[2024-02-06T10:35:12.651+0000][1536][gc,task     ] GC(247) Using 2 workers of 2 for marking
[2024-02-06T10:35:12.975+0000][1536][gc,marking  ] GC(247) Concurrent Mark From Roots 331.570ms
[2024-02-06T10:35:12.975+0000][1536][gc,marking  ] GC(247) Concurrent Preclean
[2024-02-06T10:35:12.975+0000][1536][gc,marking  ] GC(247) Concurrent Preclean 1.080ms
[2024-02-06T10:35:12.975+0000][1536][gc,start    ] GC(247) Pause Remark
[2024-02-06T10:35:12.991+0000][1536][gc          ] GC(247) Pause Remark 1185M->1185M(4040M) 15.746ms
[2024-02-06T10:35:12.991+0000][1536][gc,cpu      ] GC(247) User=0.08s Sys=0.02s Real=0.02s
[2024-02-06T10:35:12.991+0000][1536][safepoint   ] Safepoint "G1Concurrent", Time since last: 408963500 ns, Reaching safepoint: 72800 ns, At safepoint: 15972700 ns, Total: 16045500 ns
[2024-02-06T10:35:12.991+0000][1536][gc,marking  ] GC(247) Concurrent Mark 348.916ms
[2024-02-06T10:35:12.991+0000][1536][gc,marking  ] GC(247) Concurrent Rebuild Remembered Sets
[2024-02-06T10:35:13.221+0000][1536][gc,marking  ] GC(247) Concurrent Rebuild Remembered Sets 229.561ms
[2024-02-06T10:35:13.221+0000][1536][gc,start    ] GC(247) Pause Cleanup
[2024-02-06T10:35:13.221+0000][1536][gc          ] GC(247) Pause Cleanup 1214M->1214M(4040M) 1.017ms
[2024-02-06T10:35:13.221+0000][1536][gc,cpu      ] GC(247) User=0.00s Sys=0.00s Real=0.00s
[2024-02-06T10:35:13.221+0000][1536][safepoint   ] Safepoint "G1Concurrent", Time since last: 229829900 ns, Reaching safepoint: 79900 ns, At safepoint: 1284200 ns, Total: 1364100 ns
[2024-02-06T10:35:13.221+0000][1536][gc,marking  ] GC(247) Concurrent Cleanup for Next Mark
[2024-02-06T10:35:13.264+0000][1536][gc,marking  ] GC(247) Concurrent Cleanup for Next Mark 33.097ms
[2024-02-06T10:35:13.264+0000][1536][gc          ] GC(247) Concurrent Mark Cycle 689.704ms
[2024-02-06T10:35:36.845+0000][1536][gc,start    ] GC(248) Pause Young (Prepare Mixed) (G1 Evacuation Pause)
[2024-02-06T10:35:36.845+0000][1536][gc,task     ] GC(248) Using 8 workers of 8 for evacuation
[2024-02-06T10:35:36.845+0000][1536][gc,age      ] GC(248) Desired survivor size 140509184 bytes, new threshold 2 (max threshold 15)
[2024-02-06T10:35:36.940+0000][1536][gc,phases   ] GC(248)   Pre Evacuate Collection Set: 0.2ms
[2024-02-06T10:35:36.940+0000][1536][gc,phases   ] GC(248)   Merge Heap Roots: 0.4ms
[2024-02-06T10:35:36.940+0000][1536][gc,phases   ] GC(248)   Evacuate Collection Set: 92.1ms
[2024-02-06T10:35:36.940+0000][1536][gc,phases   ] GC(248)   Post Evacuate Collection Set: 1.6ms
[2024-02-06T10:35:36.940+0000][1536][gc,phases   ] GC(248)   Other: 0.3ms
[2024-02-06T10:35:36.940+0000][1536][gc,age      ] GC(248) Age table with threshold 2 (max threshold 15)
[2024-02-06T10:35:36.940+0000][1536][gc,age      ] GC(248) - age   1:   80244408 bytes,   80244408 total
[2024-02-06T10:35:36.940+0000][1536][gc,age      ] GC(248) - age   2:   69996888 bytes,  150241296 total
[2024-02-06T10:35:36.940+0000][1536][gc,heap     ] GC(248) Eden regions: 496->0(12)
[2024-02-06T10:35:36.940+0000][1536][gc,heap     ] GC(248) Survivor regions: 40->38(67)
[2024-02-06T10:35:36.940+0000][1536][gc,heap     ] GC(248) Old regions: 238->253
[2024-02-06T10:35:36.940+0000][1536][gc,heap     ] GC(248) Archive regions: 0->0
[2024-02-06T10:35:36.940+0000][1536][gc,heap     ] GC(248) Humongous regions: 2->2
[2024-02-06T10:35:36.940+0000][1536][gc,metaspace] GC(248) Metaspace: 132237K(138176K)->132237K(138176K) NonClass: 115173K(118912K)->115173K(118912K) Class: 17063K(19264K)->17063K(19264K)
[2024-02-06T10:35:36.940+0000][1536][gc          ] GC(248) Pause Young (Prepare Mixed) (G1 Evacuation Pause) 3099M->1172M(4040M) 95.077ms
[2024-02-06T10:35:36.940+0000][1536][gc,cpu      ] GC(248) User=0.52s Sys=0.11s Real=0.10s
[2024-02-06T10:35:36.940+0000][1536][safepoint   ] Safepoint "G1CollectForAllocation", Time since last: 23614101200 ns, Reaching safepoint: 118000 ns, At safepoint: 95306400 ns, Total: 95424400 ns
[2024-02-06T10:35:37.171+0000][1536][gc,start    ] GC(249) Pause Young (Mixed) (G1 Evacuation Pause)
[2024-02-06T10:35:37.171+0000][1536][gc,task     ] GC(249) Using 8 workers of 8 for evacuation
[2024-02-06T10:35:37.171+0000][1536][gc,age      ] GC(249) Desired survivor size 14680064 bytes, new threshold 1 (max threshold 15)
[2024-02-06T10:35:37.569+0000][1536][gc,mmu      ] GC(249) MMU target violated: 201.0ms (200.0ms/201.0ms)
[2024-02-06T10:35:37.569+0000][1536][gc,phases   ] GC(249)   Pre Evacuate Collection Set: 0.3ms
[2024-02-06T10:35:37.569+0000][1536][gc,phases   ] GC(249)   Merge Heap Roots: 0.6ms
[2024-02-06T10:35:37.569+0000][1536][gc,phases   ] GC(249)   Evacuate Collection Set: 396.3ms
[2024-02-06T10:35:37.569+0000][1536][gc,phases   ] GC(249)   Post Evacuate Collection Set: 0.9ms
[2024-02-06T10:35:37.569+0000][1536][gc,phases   ] GC(249)   Other: 0.3ms
[2024-02-06T10:35:37.569+0000][1536][gc,age      ] GC(249) Age table with threshold 1 (max threshold 15)
[2024-02-06T10:35:37.569+0000][1536][gc,age      ] GC(249) - age   1:    3562528 bytes,    3562528 total
[2024-02-06T10:35:37.569+0000][1536][gc,heap     ] GC(249) Eden regions: 12->0(555)
[2024-02-06T10:35:37.569+0000][1536][gc,heap     ] GC(249) Survivor regions: 38->4(7)
[2024-02-06T10:35:37.569+0000][1536][gc,heap     ] GC(249) Old regions: 253->228
[2024-02-06T10:35:37.569+0000][1536][gc,heap     ] GC(249) Archive regions: 0->0
[2024-02-06T10:35:37.569+0000][1536][gc,heap     ] GC(249) Humongous regions: 2->2
[2024-02-06T10:35:37.569+0000][1536][gc,metaspace] GC(249) Metaspace: 132237K(138176K)->132237K(138176K) NonClass: 115173K(118912K)->115173K(118912K) Class: 17063K(19264K)->17063K(19264K)
[2024-02-06T10:35:37.569+0000][1536][gc          ] GC(249) Pause Young (Mixed) (G1 Evacuation Pause) 1220M->936M(4040M) 398.610ms
[2024-02-06T10:35:37.569+0000][1536][gc,cpu      ] GC(249) User=0.47s Sys=1.02s Real=0.40s
[2024-02-06T10:35:37.576+0000][1536][safepoint   ] Safepoint "G1CollectForAllocation", Time since last: 235401300 ns, Reaching safepoint: 199400 ns, At safepoint: 399840900 ns, Total: 400040300 ns
[2024-02-06T10:36:09.035+0000][1536][gc,start    ] GC(250) Pause Young (Normal) (G1 Evacuation Pause)
[2024-02-06T10:36:09.035+0000][1536][gc,task     ] GC(250) Using 8 workers of 8 for evacuation
[2024-02-06T10:36:09.035+0000][1536][gc,age      ] GC(250) Desired survivor size 146800640 bytes, new threshold 15 (max threshold 15)
[2024-02-06T10:36:09.087+0000][1536][gc,phases   ] GC(250)   Pre Evacuate Collection Set: 0.3ms
[2024-02-06T10:36:09.087+0000][1536][gc,phases   ] GC(250)   Merge Heap Roots: 0.3ms
[2024-02-06T10:36:09.087+0000][1536][gc,phases   ] GC(250)   Evacuate Collection Set: 43.6ms
[2024-02-06T10:36:09.087+0000][1536][gc,phases   ] GC(250)   Post Evacuate Collection Set: 3.4ms
[2024-02-06T10:36:09.088+0000][1536][gc,phases   ] GC(250)   Other: 0.3ms
[2024-02-06T10:36:09.088+0000][1536][gc,age      ] GC(250) Age table with threshold 15 (max threshold 15)
[2024-02-06T10:36:09.088+0000][1536][gc,age      ] GC(250) - age   1:   88500984 bytes,   88500984 total
[2024-02-06T10:36:09.088+0000][1536][gc,age      ] GC(250) - age   2:    1893784 bytes,   90394768 total
[2024-02-06T10:36:09.088+0000][1536][gc,heap     ] GC(250) Eden regions: 555->0(538)
[2024-02-06T10:36:09.088+0000][1536][gc,heap     ] GC(250) Survivor regions: 4->23(70)
[2024-02-06T10:36:09.088+0000][1536][gc,heap     ] GC(250) Old regions: 228->228
[2024-02-06T10:36:09.088+0000][1536][gc,heap     ] GC(250) Archive regions: 0->0
[2024-02-06T10:36:09.088+0000][1536][gc,heap     ] GC(250) Humongous regions: 2->2
[2024-02-06T10:36:09.088+0000][1536][gc,metaspace] GC(250) Metaspace: 132237K(138176K)->132237K(138176K) NonClass: 115173K(118912K)->115173K(118912K) Class: 17063K(19264K)->17063K(19264K)
[2024-02-06T10:36:09.088+0000][1536][gc          ] GC(250) Pause Young (Normal) (G1 Evacuation Pause) 3156M->1010M(4040M) 48.668ms
[2024-02-06T10:36:09.088+0000][1536][gc,cpu      ] GC(250) User=0.38s Sys=0.00s Real=0.05s
[2024-02-06T10:36:09.088+0000][1536][safepoint   ] Safepoint "G1CollectForAllocation", Time since last: 31463958300 ns, Reaching safepoint: 124800 ns, At safepoint: 48887100 ns, Total: 49011900 ns
[2024-02-06T10:36:37.338+0000][1536][gc,start    ] GC(251) Pause Young (Normal) (G1 Evacuation Pause)
[2024-02-06T10:36:37.338+0000][1536][gc,task     ] GC(251) Using 8 workers of 8 for evacuation
[2024-02-06T10:36:37.338+0000][1536][gc,age      ] GC(251) Desired survivor size 148897792 bytes, new threshold 15 (max threshold 15)
[2024-02-06T10:36:37.413+0000][1536][gc,phases   ] GC(251)   Pre Evacuate Collection Set: 0.2ms
[2024-02-06T10:36:37.414+0000][1536][gc,phases   ] GC(251)   Merge Heap Roots: 0.3ms
[2024-02-06T10:36:37.414+0000][1536][gc,phases   ] GC(251)   Evacuate Collection Set: 65.2ms
[2024-02-06T10:36:37.414+0000][1536][gc,phases   ] GC(251)   Post Evacuate Collection Set: 1.6ms
[2024-02-06T10:36:37.414+0000][1536][gc,phases   ] GC(251)   Other: 0.9ms
[2024-02-06T10:36:37.414+0000][1536][gc,age      ] GC(251) Age table with threshold 15 (max threshold 15)
[2024-02-06T10:36:37.414+0000][1536][gc,age      ] GC(251) - age   1:   97734904 bytes,   97734904 total
[2024-02-06T10:36:37.414+0000][1536][gc,age      ] GC(251) - age   2:   73640816 bytes,  171375720 total
[2024-02-06T10:36:37.414+0000][1536][gc,age      ] GC(251) - age   3:     883320 bytes,  172259040 total
[2024-02-06T10:36:37.414+0000][1536][gc,heap     ] GC(251) Eden regions: 538->0(438)
[2024-02-06T10:36:37.414+0000][1536][gc,heap     ] GC(251) Survivor regions: 23->43(71)
[2024-02-06T10:36:37.414+0000][1536][gc,heap     ] GC(251) Old regions: 228->228
[2024-02-06T10:36:37.414+0000][1536][gc,heap     ] GC(251) Archive regions: 0->0
[2024-02-06T10:36:37.414+0000][1536][gc,heap     ] GC(251) Humongous regions: 2->2
[2024-02-06T10:36:37.414+0000][1536][gc,metaspace] GC(251) Metaspace: 132239K(138176K)->132239K(138176K) NonClass: 115176K(118912K)->115176K(118912K) Class: 17063K(19264K)->17063K(19264K)
[2024-02-06T10:36:37.414+0000][1536][gc          ] GC(251) Pause Young (Normal) (G1 Evacuation Pause) 3162M->1092M(4040M) 68.760ms
[2024-02-06T10:36:37.414+0000][1536][gc,cpu      ] GC(251) User=0.39s Sys=0.03s Real=0.08s
[2024-02-06T10:36:37.414+0000][1536][safepoint   ] Safepoint "G1CollectForAllocation", Time since last: 28256657400 ns, Reaching safepoint: 126200 ns, At safepoint: 69312100 ns, Total: 69438300 ns
[2024-02-06T10:36:51.320+0000][1536][gc,start    ] GC(252) Pause Young (Concurrent Start) (G1 Evacuation Pause)
[2024-02-06T10:36:51.320+0000][1536][gc,task     ] GC(252) Using 8 workers of 8 for evacuation
[2024-02-06T10:36:51.320+0000][1536][gc,age      ] GC(252) Desired survivor size 127926272 bytes, new threshold 2 (max threshold 15)
[2024-02-06T10:36:51.446+0000][1536][gc,phases   ] GC(252)   Pre Evacuate Collection Set: 0.8ms
[2024-02-06T10:36:51.446+0000][1536][gc,phases   ] GC(252)   Merge Heap Roots: 0.5ms
[2024-02-06T10:36:51.446+0000][1536][gc,phases   ] GC(252)   Evacuate Collection Set: 127.5ms
[2024-02-06T10:36:51.446+0000][1536][gc,phases   ] GC(252)   Post Evacuate Collection Set: 1.1ms
[2024-02-06T10:36:51.446+0000][1536][gc,phases   ] GC(252)   Other: 0.6ms
[2024-02-06T10:36:51.446+0000][1536][gc,age      ] GC(252) Age table with threshold 2 (max threshold 15)
[2024-02-06T10:36:51.446+0000][1536][gc,age      ] GC(252) - age   1:   72345072 bytes,   72345072 total
[2024-02-06T10:36:51.446+0000][1536][gc,age      ] GC(252) - age   2:   87442912 bytes,  159787984 total
[2024-02-06T10:36:51.446+0000][1536][gc,heap     ] GC(252) Eden regions: 438->0(415)
[2024-02-06T10:36:51.446+0000][1536][gc,heap     ] GC(252) Survivor regions: 43->40(61)
[2024-02-06T10:36:51.446+0000][1536][gc,heap     ] GC(252) Old regions: 228->244
[2024-02-06T10:36:51.446+0000][1536][gc,heap     ] GC(252) Archive regions: 0->0
[2024-02-06T10:36:51.446+0000][1536][gc,heap     ] GC(252) Humongous regions: 2->2
[2024-02-06T10:36:51.446+0000][1536][gc,metaspace] GC(252) Metaspace: 132239K(138176K)->132239K(138176K) NonClass: 115176K(118912K)->115176K(118912K) Class: 17063K(19264K)->17063K(19264K)
[2024-02-06T10:36:51.446+0000][1536][gc          ] GC(252) Pause Young (Concurrent Start) (G1 Evacuation Pause) 2844M->1143M(4040M) 131.075ms
[2024-02-06T10:36:51.446+0000][1536][gc          ] GC(253) Concurrent Mark Cycle
[2024-02-06T10:36:51.446+0000][1536][gc,cpu      ] GC(252) User=0.75s Sys=0.11s Real=0.13s
[2024-02-06T10:36:51.446+0000][1536][gc,marking  ] GC(253) Concurrent Clear Claimed Marks
[2024-02-06T10:36:51.446+0000][1536][safepoint   ] Safepoint "G1CollectForAllocation", Time since last: 13875497900 ns, Reaching safepoint: 29922900 ns, At safepoint: 131542200 ns, Total: 161465100 ns
[2024-02-06T10:36:51.446+0000][1536][gc,marking  ] GC(253) Concurrent Clear Claimed Marks 0.324ms
[2024-02-06T10:36:51.446+0000][1536][gc,marking  ] GC(253) Concurrent Scan Root Regions
[2024-02-06T10:36:51.507+0000][1536][gc,marking  ] GC(253) Concurrent Scan Root Regions 55.319ms
[2024-02-06T10:36:51.507+0000][1536][gc,marking  ] GC(253) Concurrent Mark
[2024-02-06T10:36:51.507+0000][1536][gc,marking  ] GC(253) Concurrent Mark From Roots
[2024-02-06T10:36:51.507+0000][1536][gc,task     ] GC(253) Using 2 workers of 2 for marking
[2024-02-06T10:36:51.805+0000][1536][gc,marking  ] GC(253) Concurrent Mark From Roots 297.760ms
[2024-02-06T10:36:51.805+0000][1536][gc,marking  ] GC(253) Concurrent Preclean
[2024-02-06T10:36:51.805+0000][1536][gc,marking  ] GC(253) Concurrent Preclean 0.587ms
[2024-02-06T10:36:51.806+0000][1536][gc,start    ] GC(253) Pause Remark
[2024-02-06T10:36:53.224+0000][1536][gc,mmu      ] GC(253) MMU target violated: 201.0ms (200.0ms/201.0ms)
[2024-02-06T10:36:53.224+0000][1536][gc          ] GC(253) Pause Remark 1215M->1215M(4040M) 1422.668ms
[2024-02-06T10:36:53.224+0000][1536][gc,cpu      ] GC(253) User=0.12s Sys=0.77s Real=1.42s
[2024-02-06T10:36:53.230+0000][1536][safepoint   ] Safepoint "G1Concurrent", Time since last: 353946800 ns, Reaching safepoint: 62900 ns, At safepoint: 1423747400 ns, Total: 1423810300 ns
[2024-02-06T10:36:53.230+0000][1536][gc,marking  ] GC(253) Concurrent Mark 1722.421ms
[2024-02-06T10:36:53.230+0000][1536][gc,marking  ] GC(253) Concurrent Rebuild Remembered Sets
[2024-02-06T10:36:54.056+0000][1536][gc,marking  ] GC(253) Concurrent Rebuild Remembered Sets 826.864ms
[2024-02-06T10:36:54.056+0000][1536][gc,start    ] GC(253) Pause Cleanup
[2024-02-06T10:36:54.056+0000][1536][gc          ] GC(253) Pause Cleanup 1351M->1351M(4040M) 0.247ms
[2024-02-06T10:36:54.056+0000][1536][gc,cpu      ] GC(253) User=0.00s Sys=0.00s Real=0.00s
[2024-02-06T10:36:54.056+0000][1536][safepoint   ] Safepoint "G1Concurrent", Time since last: 827200500 ns, Reaching safepoint: 72300 ns, At safepoint: 310700 ns, Total: 383000 ns
[2024-02-06T10:36:54.056+0000][1536][gc,marking  ] GC(253) Concurrent Cleanup for Next Mark
[2024-02-06T10:36:54.071+0000][1536][gc,marking  ] GC(253) Concurrent Cleanup for Next Mark 15.856ms
[2024-02-06T10:36:54.071+0000][1536][gc          ] GC(253) Concurrent Mark Cycle 2621.625ms
[2024-02-06T10:37:14.559+0000][1536][gc,start    ] GC(254) Pause Young (Prepare Mixed) (G1 Evacuation Pause)
[2024-02-06T10:37:14.559+0000][1536][gc,task     ] GC(254) Using 8 workers of 8 for evacuation
[2024-02-06T10:37:14.559+0000][1536][gc,age      ] GC(254) Desired survivor size 144703488 bytes, new threshold 2 (max threshold 15)
[2024-02-06T10:37:14.708+0000][1536][gc,phases   ] GC(254)   Pre Evacuate Collection Set: 0.5ms
[2024-02-06T10:37:14.708+0000][1536][gc,phases   ] GC(254)   Merge Heap Roots: 0.7ms
[2024-02-06T10:37:14.708+0000][1536][gc,phases   ] GC(254)   Evacuate Collection Set: 144.5ms
[2024-02-06T10:37:14.708+0000][1536][gc,phases   ] GC(254)   Post Evacuate Collection Set: 1.0ms
[2024-02-06T10:37:14.708+0000][1536][gc,phases   ] GC(254)   Other: 2.3ms
[2024-02-06T10:37:14.708+0000][1536][gc,age      ] GC(254) Age table with threshold 2 (max threshold 15)
[2024-02-06T10:37:14.708+0000][1536][gc,age      ] GC(254) - age   1:   90401072 bytes,   90401072 total
[2024-02-06T10:37:14.708+0000][1536][gc,age      ] GC(254) - age   2:   58076792 bytes,  148477864 total
[2024-02-06T10:37:14.708+0000][1536][gc,heap     ] GC(254) Eden regions: 508->0(12)
[2024-02-06T10:37:14.708+0000][1536][gc,heap     ] GC(254) Survivor regions: 40->38(69)
[2024-02-06T10:37:14.708+0000][1536][gc,heap     ] GC(254) Old regions: 244->261
[2024-02-06T10:37:14.708+0000][1536][gc,heap     ] GC(254) Archive regions: 0->0
[2024-02-06T10:37:14.708+0000][1536][gc,heap     ] GC(254) Humongous regions: 2->2
[2024-02-06T10:37:14.708+0000][1536][gc,metaspace] GC(254) Metaspace: 132182K(138176K)->132182K(138176K) NonClass: 115132K(118912K)->115132K(118912K) Class: 17049K(19264K)->17049K(19264K)
[2024-02-06T10:37:14.708+0000][1536][gc          ] GC(254) Pause Young (Prepare Mixed) (G1 Evacuation Pause) 3175M->1200M(4040M) 149.652ms
[2024-02-06T10:37:14.708+0000][1536][gc,cpu      ] GC(254) User=0.66s Sys=0.30s Real=0.15s
[2024-02-06T10:37:14.709+0000][1536][safepoint   ] Safepoint "G1CollectForAllocation", Time since last: 20502143500 ns, Reaching safepoint: 201900 ns, At safepoint: 149895600 ns, Total: 150097500 ns
[2024-02-06T10:37:15.100+0000][1536][gc,start    ] GC(255) Pause Young (Mixed) (G1 Evacuation Pause)
[2024-02-06T10:37:15.100+0000][1536][gc,task     ] GC(255) Using 8 workers of 8 for evacuation
[2024-02-06T10:37:15.100+0000][1536][gc,age      ] GC(255) Desired survivor size 14680064 bytes, new threshold 1 (max threshold 15)
[2024-02-06T10:37:15.472+0000][1536][gc,mmu      ] GC(255) MMU target violated: 201.0ms (200.0ms/201.0ms)
[2024-02-06T10:37:15.472+0000][1536][gc,phases   ] GC(255)   Pre Evacuate Collection Set: 0.3ms
[2024-02-06T10:37:15.472+0000][1536][gc,phases   ] GC(255)   Merge Heap Roots: 0.4ms
[2024-02-06T10:37:15.472+0000][1536][gc,phases   ] GC(255)   Evacuate Collection Set: 369.7ms
[2024-02-06T10:37:15.472+0000][1536][gc,phases   ] GC(255)   Post Evacuate Collection Set: 1.1ms
[2024-02-06T10:37:15.472+0000][1536][gc,phases   ] GC(255)   Other: 0.3ms
[2024-02-06T10:37:15.472+0000][1536][gc,age      ] GC(255) Age table with threshold 1 (max threshold 15)
[2024-02-06T10:37:15.472+0000][1536][gc,age      ] GC(255) - age   1:    1716928 bytes,    1716928 total
[2024-02-06T10:37:15.472+0000][1536][gc,heap     ] GC(255) Eden regions: 12->0(553)
[2024-02-06T10:37:15.472+0000][1536][gc,heap     ] GC(255) Survivor regions: 38->4(7)
[2024-02-06T10:37:15.472+0000][1536][gc,heap     ] GC(255) Old regions: 261->230
[2024-02-06T10:37:15.472+0000][1536][gc,heap     ] GC(255) Archive regions: 0->0
[2024-02-06T10:37:15.472+0000][1536][gc,heap     ] GC(255) Humongous regions: 2->2
[2024-02-06T10:37:15.472+0000][1536][gc,metaspace] GC(255) Metaspace: 132182K(138176K)->132182K(138176K) NonClass: 115132K(118912K)->115132K(118912K) Class: 17049K(19264K)->17049K(19264K)
[2024-02-06T10:37:15.472+0000][1536][gc          ] GC(255) Pause Young (Mixed) (G1 Evacuation Pause) 1248M->944M(4040M) 372.054ms
[2024-02-06T10:37:15.472+0000][1536][gc,cpu      ] GC(255) User=0.33s Sys=1.23s Real=0.37s
[2024-02-06T10:37:15.479+0000][1536][safepoint   ] Safepoint "G1CollectForAllocation", Time since last: 390582600 ns, Reaching safepoint: 98000 ns, At safepoint: 379185900 ns, Total: 379283900 ns
[2024-02-06T10:37:20.504+0000][1536][safepoint   ] Safepoint "Cleanup", Time since last: 5024492700 ns, Reaching safepoint: 168300 ns, At safepoint: 30000 ns, Total: 198300 ns
[2024-02-06T10:37:43.352+0000][1536][gc,start    ] GC(256) Pause Young (Normal) (G1 Evacuation Pause)
[2024-02-06T10:37:43.352+0000][1536][gc,task     ] GC(256) Using 8 workers of 8 for evacuation
[2024-02-06T10:37:43.352+0000][1536][gc,age      ] GC(256) Desired survivor size 146800640 bytes, new threshold 15 (max threshold 15)
[2024-02-06T10:37:43.396+0000][1536][gc,phases   ] GC(256)   Pre Evacuate Collection Set: 0.3ms
[2024-02-06T10:37:43.396+0000][1536][gc,phases   ] GC(256)   Merge Heap Roots: 0.3ms
[2024-02-06T10:37:43.396+0000][1536][gc,phases   ] GC(256)   Evacuate Collection Set: 37.4ms
[2024-02-06T10:37:43.396+0000][1536][gc,phases   ] GC(256)   Post Evacuate Collection Set: 1.4ms
[2024-02-06T10:37:43.396+0000][1536][gc,phases   ] GC(256)   Other: 0.4ms
[2024-02-06T10:37:43.396+0000][1536][gc,age      ] GC(256) Age table with threshold 15 (max threshold 15)
[2024-02-06T10:37:43.396+0000][1536][gc,age      ] GC(256) - age   1:   89561872 bytes,   89561872 total
[2024-02-06T10:37:43.396+0000][1536][gc,age      ] GC(256) - age   2:     919552 bytes,   90481424 total
[2024-02-06T10:37:43.396+0000][1536][gc,heap     ] GC(256) Eden regions: 553->0(535)
[2024-02-06T10:37:43.396+0000][1536][gc,heap     ] GC(256) Survivor regions: 4->23(70)
[2024-02-06T10:37:43.396+0000][1536][gc,heap     ] GC(256) Old regions: 230->230
[2024-02-06T10:37:43.396+0000][1536][gc,heap     ] GC(256) Archive regions: 0->0
[2024-02-06T10:37:43.396+0000][1536][gc,heap     ] GC(256) Humongous regions: 2->2
[2024-02-06T10:37:43.396+0000][1536][gc,metaspace] GC(256) Metaspace: 132186K(138176K)->132186K(138176K) NonClass: 115136K(118912K)->115136K(118912K) Class: 17049K(19264K)->17049K(19264K)
[2024-02-06T10:37:43.396+0000][1536][gc          ] GC(256) Pause Young (Normal) (G1 Evacuation Pause) 3156M->1018M(4040M) 40.460ms
[2024-02-06T10:37:43.396+0000][1536][gc,cpu      ] GC(256) User=0.27s Sys=0.00s Real=0.04s
[2024-02-06T10:37:43.397+0000][1536][safepoint   ] Safepoint "G1CollectForAllocation", Time since last: 22851752800 ns, Reaching safepoint: 139200 ns, At safepoint: 40834400 ns, Total: 40973600 ns
[2024-02-06T10:38:10.722+0000][1536][gc,start    ] GC(257) Pause Young (Normal) (G1 Evacuation Pause)
[2024-02-06T10:38:10.722+0000][1536][gc,task     ] GC(257) Using 8 workers of 8 for evacuation
[2024-02-06T10:38:10.722+0000][1536][gc,age      ] GC(257) Desired survivor size 146800640 bytes, new threshold 15 (max threshold 15)
[2024-02-06T10:38:10.795+0000][1536][gc,phases   ] GC(257)   Pre Evacuate Collection Set: 0.2ms
[2024-02-06T10:38:10.795+0000][1536][gc,phases   ] GC(257)   Merge Heap Roots: 0.3ms
[2024-02-06T10:38:10.795+0000][1536][gc,phases   ] GC(257)   Evacuate Collection Set: 62.5ms
[2024-02-06T10:38:10.795+0000][1536][gc,phases   ] GC(257)   Post Evacuate Collection Set: 1.7ms
[2024-02-06T10:38:10.795+0000][1536][gc,phases   ] GC(257)   Other: 0.3ms
[2024-02-06T10:38:10.795+0000][1536][gc,age      ] GC(257) Age table with threshold 15 (max threshold 15)
[2024-02-06T10:38:10.795+0000][1536][gc,age      ] GC(257) - age   1:   83972184 bytes,   83972184 total
[2024-02-06T10:38:10.795+0000][1536][gc,age      ] GC(257) - age   2:   74783592 bytes,  158755776 total
[2024-02-06T10:38:10.795+0000][1536][gc,age      ] GC(257) - age   3:     913208 bytes,  159668984 total
[2024-02-06T10:38:10.795+0000][1536][gc,heap     ] GC(257) Eden regions: 535->0(489)
[2024-02-06T10:38:10.795+0000][1536][gc,heap     ] GC(257) Survivor regions: 23->40(70)
[2024-02-06T10:38:10.795+0000][1536][gc,heap     ] GC(257) Old regions: 230->230
[2024-02-06T10:38:10.795+0000][1536][gc,heap     ] GC(257) Archive regions: 0->0
[2024-02-06T10:38:10.795+0000][1536][gc,heap     ] GC(257) Humongous regions: 2->2
[2024-02-06T10:38:10.795+0000][1536][gc,metaspace] GC(257) Metaspace: 132186K(138176K)->132186K(138176K) NonClass: 115136K(118912K)->115136K(118912K) Class: 17049K(19264K)->17049K(19264K)
[2024-02-06T10:38:10.795+0000][1536][gc          ] GC(257) Pause Young (Normal) (G1 Evacuation Pause) 3158M->1087M(4040M) 66.276ms
[2024-02-06T10:38:10.795+0000][1536][gc,cpu      ] GC(257) User=0.45s Sys=0.02s Real=0.07s
[2024-02-06T10:38:10.795+0000][1536][safepoint   ] Safepoint "G1CollectForAllocation", Time since last: 27333695800 ns, Reaching safepoint: 148800 ns, At safepoint: 66581400 ns, Total: 66730200 ns
[2024-02-06T10:38:20.237+0000][1536][safepoint   ] Safepoint "Cleanup", Time since last: 9055138800 ns, Reaching safepoint: 385142700 ns, At safepoint: 165000 ns, Total: 385307700 ns
[2024-02-06T10:38:29.313+0000][1536][safepoint   ] Safepoint "Cleanup", Time since last: 9075673300 ns, Reaching safepoint: 183400 ns, At safepoint: 45200 ns, Total: 228600 ns
[2024-02-06T10:38:32.348+0000][1536][safepoint   ] Safepoint "Cleanup", Time since last: 3034801400 ns, Reaching safepoint: 108600 ns, At safepoint: 11900 ns, Total: 120500 ns
[2024-02-06T10:38:45.388+0000][1536][gc,start    ] GC(258) Pause Young (Concurrent Start) (G1 Evacuation Pause)
[2024-02-06T10:38:45.388+0000][1536][gc,task     ] GC(258) Using 8 workers of 8 for evacuation
[2024-02-06T10:38:45.388+0000][1536][gc,age      ] GC(258) Desired survivor size 140509184 bytes, new threshold 2 (max threshold 15)
[2024-02-06T10:38:45.530+0000][1536][gc,phases   ] GC(258)   Pre Evacuate Collection Set: 0.9ms
[2024-02-06T10:38:45.530+0000][1536][gc,phases   ] GC(258)   Merge Heap Roots: 0.6ms
[2024-02-06T10:38:45.530+0000][1536][gc,phases   ] GC(258)   Evacuate Collection Set: 135.1ms
[2024-02-06T10:38:45.530+0000][1536][gc,phases   ] GC(258)   Post Evacuate Collection Set: 1.5ms
[2024-02-06T10:38:45.531+0000][1536][gc,phases   ] GC(258)   Other: 0.4ms
[2024-02-06T10:38:45.531+0000][1536][gc,age      ] GC(258) Age table with threshold 2 (max threshold 15)
[2024-02-06T10:38:45.531+0000][1536][gc,age      ] GC(258) - age   1:   87658568 bytes,   87658568 total
[2024-02-06T10:38:45.531+0000][1536][gc,age      ] GC(258) - age   2:   70497320 bytes,  158155888 total
[2024-02-06T10:38:45.531+0000][1536][gc,heap     ] GC(258) Eden regions: 489->0(394)
[2024-02-06T10:38:45.531+0000][1536][gc,heap     ] GC(258) Survivor regions: 40->40(67)
[2024-02-06T10:38:45.531+0000][1536][gc,heap     ] GC(258) Old regions: 230->246
[2024-02-06T10:38:45.531+0000][1536][gc,heap     ] GC(258) Archive regions: 0->0
[2024-02-06T10:38:45.531+0000][1536][gc,heap     ] GC(258) Humongous regions: 2->2
[2024-02-06T10:38:45.531+0000][1536][gc,metaspace] GC(258) Metaspace: 132188K(138176K)->132188K(138176K) NonClass: 115139K(118912K)->115139K(118912K) Class: 17049K(19264K)->17049K(19264K)
[2024-02-06T10:38:45.531+0000][1536][gc          ] GC(258) Pause Young (Concurrent Start) (G1 Evacuation Pause) 3043M->1150M(4040M) 139.186ms
[2024-02-06T10:38:45.531+0000][1536][gc          ] GC(259) Concurrent Mark Cycle
[2024-02-06T10:38:45.531+0000][1536][gc,cpu      ] GC(258) User=0.52s Sys=0.42s Real=0.14s
[2024-02-06T10:38:45.531+0000][1536][gc,marking  ] GC(259) Concurrent Clear Claimed Marks
[2024-02-06T10:38:45.531+0000][1536][gc,marking  ] GC(259) Concurrent Clear Claimed Marks 0.354ms
[2024-02-06T10:38:45.531+0000][1536][gc,marking  ] GC(259) Concurrent Scan Root Regions
[2024-02-06T10:38:45.531+0000][1536][safepoint   ] Safepoint "G1CollectForAllocation", Time since last: 13043038900 ns, Reaching safepoint: 150600 ns, At safepoint: 139753400 ns, Total: 139904000 ns
[2024-02-06T10:38:45.584+0000][1536][gc,marking  ] GC(259) Concurrent Scan Root Regions 53.453ms
[2024-02-06T10:38:45.584+0000][1536][gc,marking  ] GC(259) Concurrent Mark
[2024-02-06T10:38:45.584+0000][1536][gc,marking  ] GC(259) Concurrent Mark From Roots
[2024-02-06T10:38:45.584+0000][1536][gc,task     ] GC(259) Using 2 workers of 2 for marking
[2024-02-06T10:38:45.842+0000][1536][gc,marking  ] GC(259) Concurrent Mark From Roots 261.039ms
[2024-02-06T10:38:45.842+0000][1536][gc,marking  ] GC(259) Concurrent Preclean
[2024-02-06T10:38:45.842+0000][1536][gc,marking  ] GC(259) Concurrent Preclean 0.994ms
[2024-02-06T10:38:45.842+0000][1536][gc,start    ] GC(259) Pause Remark
[2024-02-06T10:38:45.859+0000][1536][gc          ] GC(259) Pause Remark 1204M->1204M(4040M) 19.603ms
[2024-02-06T10:38:45.859+0000][1536][gc,cpu      ] GC(259) User=0.05s Sys=0.00s Real=0.02s
[2024-02-06T10:38:45.859+0000][1536][safepoint   ] Safepoint "G1Concurrent", Time since last: 315663400 ns, Reaching safepoint: 110400 ns, At safepoint: 19774200 ns, Total: 19884600 ns
[2024-02-06T10:38:45.859+0000][1536][gc,marking  ] GC(259) Concurrent Mark 282.137ms
[2024-02-06T10:38:45.859+0000][1536][gc,marking  ] GC(259) Concurrent Rebuild Remembered Sets
[2024-02-06T10:38:46.087+0000][1536][gc,marking  ] GC(259) Concurrent Rebuild Remembered Sets 220.082ms
[2024-02-06T10:38:46.087+0000][1536][gc,start    ] GC(259) Pause Cleanup
[2024-02-06T10:38:46.087+0000][1536][gc          ] GC(259) Pause Cleanup 1234M->1234M(4040M) 0.361ms
[2024-02-06T10:38:46.087+0000][1536][gc,cpu      ] GC(259) User=0.00s Sys=0.00s Real=0.00s
[2024-02-06T10:38:46.087+0000][1536][safepoint   ] Safepoint "G1Concurrent", Time since last: 220295700 ns, Reaching safepoint: 80700 ns, At safepoint: 446500 ns, Total: 527200 ns
[2024-02-06T10:38:46.087+0000][1536][gc,marking  ] GC(259) Concurrent Cleanup for Next Mark
[2024-02-06T10:38:46.104+0000][1536][gc,marking  ] GC(259) Concurrent Cleanup for Next Mark 15.953ms
[2024-02-06T10:38:46.104+0000][1536][gc          ] GC(259) Concurrent Mark Cycle 572.863ms
[2024-02-06T10:38:49.108+0000][1536][safepoint   ] Safepoint "Cleanup", Time since last: 3020156000 ns, Reaching safepoint: 124300 ns, At safepoint: 16900 ns, Total: 141200 ns
[2024-02-06T10:38:50.109+0000][1536][safepoint   ] Safepoint "Cleanup", Time since last: 1000769900 ns, Reaching safepoint: 91900 ns, At safepoint: 22300 ns, Total: 114200 ns
[2024-02-06T10:39:02.315+0000][1536][gc,start    ] GC(260) Pause Young (Prepare Mixed) (G1 Evacuation Pause)
[2024-02-06T10:39:02.315+0000][1536][gc,task     ] GC(260) Using 8 workers of 8 for evacuation
[2024-02-06T10:39:02.315+0000][1536][gc,age      ] GC(260) Desired survivor size 142606336 bytes, new threshold 2 (max threshold 15)
[2024-02-06T10:39:02.430+0000][1536][gc,phases   ] GC(260)   Pre Evacuate Collection Set: 0.5ms
[2024-02-06T10:39:02.430+0000][1536][gc,phases   ] GC(260)   Merge Heap Roots: 0.7ms
[2024-02-06T10:39:02.430+0000][1536][gc,phases   ] GC(260)   Evacuate Collection Set: 101.7ms
[2024-02-06T10:39:02.430+0000][1536][gc,phases   ] GC(260)   Post Evacuate Collection Set: 1.5ms
[2024-02-06T10:39:02.430+0000][1536][gc,phases   ] GC(260)   Other: 0.5ms
[2024-02-06T10:39:02.430+0000][1536][gc,age      ] GC(260) Age table with threshold 2 (max threshold 15)
[2024-02-06T10:39:02.430+0000][1536][gc,age      ] GC(260) - age   1:   78502232 bytes,   78502232 total
[2024-02-06T10:39:02.430+0000][1536][gc,age      ] GC(260) - age   2:   77105616 bytes,  155607848 total
[2024-02-06T10:39:02.430+0000][1536][gc,heap     ] GC(260) Eden regions: 499->0(11)
[2024-02-06T10:39:02.430+0000][1536][gc,heap     ] GC(260) Survivor regions: 40->39(68)
[2024-02-06T10:39:02.430+0000][1536][gc,heap     ] GC(260) Old regions: 246->260
[2024-02-06T10:39:02.430+0000][1536][gc,heap     ] GC(260) Archive regions: 0->0
[2024-02-06T10:39:02.430+0000][1536][gc,heap     ] GC(260) Humongous regions: 2->2
[2024-02-06T10:39:02.430+0000][1536][gc,metaspace] GC(260) Metaspace: 132188K(138176K)->132188K(138176K) NonClass: 115139K(118912K)->115139K(118912K) Class: 17049K(19264K)->17049K(19264K)
[2024-02-06T10:39:02.430+0000][1536][gc          ] GC(260) Pause Young (Prepare Mixed) (G1 Evacuation Pause) 3146M->1203M(4040M) 105.581ms
[2024-02-06T10:39:02.430+0000][1536][gc,cpu      ] GC(260) User=0.50s Sys=0.22s Real=0.12s
[2024-02-06T10:39:02.430+0000][1536][safepoint   ] Safepoint "G1CollectForAllocation", Time since last: 12218009300 ns, Reaching safepoint: 221000 ns, At safepoint: 105857400 ns, Total: 106078400 ns
[2024-02-06T10:39:02.707+0000][1536][gc,start    ] GC(261) Pause Young (Mixed) (G1 Evacuation Pause)
[2024-02-06T10:39:02.707+0000][1536][gc,task     ] GC(261) Using 8 workers of 8 for evacuation
[2024-02-06T10:39:02.707+0000][1536][gc,age      ] GC(261) Desired survivor size 14680064 bytes, new threshold 1 (max threshold 15)
[2024-02-06T10:39:03.269+0000][1536][gc,mmu      ] GC(261) MMU target violated: 201.0ms (200.0ms/201.0ms)
[2024-02-06T10:39:03.269+0000][1536][gc,phases   ] GC(261)   Pre Evacuate Collection Set: 0.4ms
[2024-02-06T10:39:03.269+0000][1536][gc,phases   ] GC(261)   Merge Heap Roots: 0.7ms
[2024-02-06T10:39:03.269+0000][1536][gc,phases   ] GC(261)   Evacuate Collection Set: 554.8ms
[2024-02-06T10:39:03.269+0000][1536][gc,phases   ] GC(261)   Post Evacuate Collection Set: 2.1ms
[2024-02-06T10:39:03.269+0000][1536][gc,phases   ] GC(261)   Other: 1.0ms
[2024-02-06T10:39:03.269+0000][1536][gc,age      ] GC(261) Age table with threshold 1 (max threshold 15)
[2024-02-06T10:39:03.269+0000][1536][gc,age      ] GC(261) - age   1:    1715544 bytes,    1715544 total
[2024-02-06T10:39:03.269+0000][1536][gc,heap     ] GC(261) Eden regions: 11->0(544)
[2024-02-06T10:39:03.269+0000][1536][gc,heap     ] GC(261) Survivor regions: 39->4(7)
[2024-02-06T10:39:03.269+0000][1536][gc,heap     ] GC(261) Old regions: 260->228
[2024-02-06T10:39:03.269+0000][1536][gc,heap     ] GC(261) Archive regions: 0->0
[2024-02-06T10:39:03.269+0000][1536][gc,heap     ] GC(261) Humongous regions: 2->2
[2024-02-06T10:39:03.269+0000][1536][gc,metaspace] GC(261) Metaspace: 132188K(138176K)->132188K(138176K) NonClass: 115139K(118912K)->115139K(118912K) Class: 17049K(19264K)->17049K(19264K)
[2024-02-06T10:39:03.269+0000][1536][gc          ] GC(261) Pause Young (Mixed) (G1 Evacuation Pause) 1247M->934M(4040M) 559.363ms
[2024-02-06T10:39:03.269+0000][1536][gc,cpu      ] GC(261) User=0.45s Sys=2.91s Real=0.56s
[2024-02-06T10:39:03.271+0000][1536][safepoint   ] Safepoint "G1CollectForAllocation", Time since last: 276712300 ns, Reaching safepoint: 247200 ns, At safepoint: 561833400 ns, Total: 562080600 ns
[2024-02-06T10:39:25.443+0000][1536][safepoint   ] Safepoint "Cleanup", Time since last: 22171061300 ns, Reaching safepoint: 98100 ns, At safepoint: 27600 ns, Total: 125700 ns
[2024-02-06T10:39:33.040+0000][1536][gc,start    ] GC(262) Pause Young (Normal) (G1 Evacuation Pause)
[2024-02-06T10:39:33.040+0000][1536][gc,task     ] GC(262) Using 8 workers of 8 for evacuation
[2024-02-06T10:39:33.040+0000][1536][gc,age      ] GC(262) Desired survivor size 144703488 bytes, new threshold 15 (max threshold 15)
[2024-02-06T10:39:33.110+0000][1536][gc,phases   ] GC(262)   Pre Evacuate Collection Set: 0.4ms
[2024-02-06T10:39:33.110+0000][1536][gc,phases   ] GC(262)   Merge Heap Roots: 0.5ms
[2024-02-06T10:39:33.110+0000][1536][gc,phases   ] GC(262)   Evacuate Collection Set: 55.7ms
[2024-02-06T10:39:33.110+0000][1536][gc,phases   ] GC(262)   Post Evacuate Collection Set: 2.2ms
[2024-02-06T10:39:33.110+0000][1536][gc,phases   ] GC(262)   Other: 0.4ms
[2024-02-06T10:39:33.110+0000][1536][gc,age      ] GC(262) Age table with threshold 15 (max threshold 15)
[2024-02-06T10:39:33.110+0000][1536][gc,age      ] GC(262) - age   1:   95594208 bytes,   95594208 total
[2024-02-06T10:39:33.110+0000][1536][gc,age      ] GC(262) - age   2:    1253104 bytes,   96847312 total
[2024-02-06T10:39:33.110+0000][1536][gc,heap     ] GC(262) Eden regions: 544->0(336)
[2024-02-06T10:39:33.110+0000][1536][gc,heap     ] GC(262) Survivor regions: 4->25(69)
[2024-02-06T10:39:33.110+0000][1536][gc,heap     ] GC(262) Old regions: 228->228
[2024-02-06T10:39:33.110+0000][1536][gc,heap     ] GC(262) Archive regions: 0->0
[2024-02-06T10:39:33.110+0000][1536][gc,heap     ] GC(262) Humongous regions: 2->2
[2024-02-06T10:39:33.110+0000][1536][gc,metaspace] GC(262) Metaspace: 132202K(138176K)->132202K(138176K) NonClass: 115152K(118912K)->115152K(118912K) Class: 17049K(19264K)->17049K(19264K)
[2024-02-06T10:39:33.110+0000][1536][gc          ] GC(262) Pause Young (Normal) (G1 Evacuation Pause) 3110M->1014M(4040M) 59.998ms
[2024-02-06T10:39:33.111+0000][1536][gc,cpu      ] GC(262) User=0.53s Sys=0.03s Real=0.07s
[2024-02-06T10:39:33.111+0000][1536][safepoint   ] Safepoint "G1CollectForAllocation", Time since last: 7607676800 ns, Reaching safepoint: 161600 ns, At safepoint: 60297100 ns, Total: 60458700 ns
[2024-02-06T10:39:43.661+0000][1536][gc,start    ] GC(263) Pause Young (Normal) (G1 Evacuation Pause)
[2024-02-06T10:39:43.661+0000][1536][gc,task     ] GC(263) Using 8 workers of 8 for evacuation
[2024-02-06T10:39:43.661+0000][1536][gc,age      ] GC(263) Desired survivor size 96468992 bytes, new threshold 2 (max threshold 15)
[2024-02-06T10:39:43.706+0000][1536][gc,phases   ] GC(263)   Pre Evacuate Collection Set: 0.2ms
[2024-02-06T10:39:43.706+0000][1536][gc,phases   ] GC(263)   Merge Heap Roots: 0.2ms
[2024-02-06T10:39:43.706+0000][1536][gc,phases   ] GC(263)   Evacuate Collection Set: 45.8ms
[2024-02-06T10:39:43.706+0000][1536][gc,phases   ] GC(263)   Post Evacuate Collection Set: 1.3ms
[2024-02-06T10:39:43.706+0000][1536][gc,phases   ] GC(263)   Other: 0.6ms
[2024-02-06T10:39:43.706+0000][1536][gc,age      ] GC(263) Age table with threshold 2 (max threshold 15)
[2024-02-06T10:39:43.706+0000][1536][gc,age      ] GC(263) - age   1:   52920976 bytes,   52920976 total
[2024-02-06T10:39:43.706+0000][1536][gc,age      ] GC(263) - age   2:   87458512 bytes,  140379488 total
[2024-02-06T10:39:43.706+0000][1536][gc,heap     ] GC(263) Eden regions: 336->0(277)
[2024-02-06T10:39:43.706+0000][1536][gc,heap     ] GC(263) Survivor regions: 25->36(46)
[2024-02-06T10:39:43.706+0000][1536][gc,heap     ] GC(263) Old regions: 228->230
[2024-02-06T10:39:43.706+0000][1536][gc,heap     ] GC(263) Archive regions: 0->0
[2024-02-06T10:39:43.706+0000][1536][gc,heap     ] GC(263) Humongous regions: 2->2
[2024-02-06T10:39:43.706+0000][1536][gc,metaspace] GC(263) Metaspace: 132202K(138176K)->132202K(138176K) NonClass: 115152K(118912K)->115152K(118912K) Class: 17049K(19264K)->17049K(19264K)
[2024-02-06T10:39:43.706+0000][1536][gc          ] GC(263) Pause Young (Normal) (G1 Evacuation Pause) 2358M->1070M(4040M) 48.744ms
[2024-02-06T10:39:43.706+0000][1536][gc,cpu      ] GC(263) User=0.36s Sys=0.00s Real=0.05s
[2024-02-06T10:39:43.706+0000][1536][safepoint   ] Safepoint "G1CollectForAllocation", Time since last: 10551036800 ns, Reaching safepoint: 156500 ns, At safepoint: 49019800 ns, Total: 49176300 ns
[2024-02-06T10:40:01.836+0000][1536][gc,start    ] GC(264) Pause Young (Concurrent Start) (G1 Evacuation Pause)
[2024-02-06T10:40:01.836+0000][1536][gc,task     ] GC(264) Using 8 workers of 8 for evacuation
[2024-02-06T10:40:01.836+0000][1536][gc,age      ] GC(264) Desired survivor size 83886080 bytes, new threshold 2 (max threshold 15)
[2024-02-06T10:40:01.957+0000][1536][gc,phases   ] GC(264)   Pre Evacuate Collection Set: 0.5ms
[2024-02-06T10:40:01.957+0000][1536][gc,phases   ] GC(264)   Merge Heap Roots: 0.2ms
[2024-02-06T10:40:01.957+0000][1536][gc,phases   ] GC(264)   Evacuate Collection Set: 119.8ms
[2024-02-06T10:40:01.957+0000][1536][gc,phases   ] GC(264)   Post Evacuate Collection Set: 1.3ms
[2024-02-06T10:40:01.957+0000][1536][gc,phases   ] GC(264)   Other: 0.6ms
[2024-02-06T10:40:01.957+0000][1536][gc,age      ] GC(264) Age table with threshold 2 (max threshold 15)
[2024-02-06T10:40:01.957+0000][1536][gc,age      ] GC(264) - age   1:   50580008 bytes,   50580008 total
[2024-02-06T10:40:01.957+0000][1536][gc,age      ] GC(264) - age   2:   45577064 bytes,   96157072 total
[2024-02-06T10:40:01.957+0000][1536][gc,heap     ] GC(264) Eden regions: 277->0(403)
[2024-02-06T10:40:01.957+0000][1536][gc,heap     ] GC(264) Survivor regions: 36->25(40)
[2024-02-06T10:40:01.957+0000][1536][gc,heap     ] GC(264) Old regions: 230->250
[2024-02-06T10:40:01.957+0000][1536][gc,heap     ] GC(264) Archive regions: 0->0
[2024-02-06T10:40:01.957+0000][1536][gc,heap     ] GC(264) Humongous regions: 2->2
[2024-02-06T10:40:01.957+0000][1536][gc,metaspace] GC(264) Metaspace: 132202K(138176K)->132202K(138176K) NonClass: 115152K(118912K)->115152K(118912K) Class: 17049K(19264K)->17049K(19264K)
[2024-02-06T10:40:01.957+0000][1536][gc          ] GC(264) Pause Young (Concurrent Start) (G1 Evacuation Pause) 2178M->1104M(4040M) 123.043ms
[2024-02-06T10:40:01.957+0000][1536][gc          ] GC(265) Concurrent Mark Cycle
[2024-02-06T10:40:01.957+0000][1536][gc,cpu      ] GC(264) User=0.36s Sys=0.34s Real=0.12s
[2024-02-06T10:40:01.957+0000][1536][gc,marking  ] GC(265) Concurrent Clear Claimed Marks
[2024-02-06T10:40:01.963+0000][1536][gc,marking  ] GC(265) Concurrent Clear Claimed Marks 0.265ms
[2024-02-06T10:40:01.963+0000][1536][safepoint   ] Safepoint "G1CollectForAllocation", Time since last: 18128436000 ns, Reaching safepoint: 75900 ns, At safepoint: 123467400 ns, Total: 123543300 ns
[2024-02-06T10:40:01.963+0000][1536][gc,marking  ] GC(265) Concurrent Scan Root Regions
[2024-02-06T10:40:02.005+0000][1536][gc,marking  ] GC(265) Concurrent Scan Root Regions 49.527ms
[2024-02-06T10:40:02.005+0000][1536][gc,marking  ] GC(265) Concurrent Mark
[2024-02-06T10:40:02.005+0000][1536][gc,marking  ] GC(265) Concurrent Mark From Roots
[2024-02-06T10:40:02.005+0000][1536][gc,task     ] GC(265) Using 2 workers of 2 for marking
[2024-02-06T10:40:02.284+0000][1536][gc,marking  ] GC(265) Concurrent Mark From Roots 272.533ms
[2024-02-06T10:40:02.284+0000][1536][gc,marking  ] GC(265) Concurrent Preclean
[2024-02-06T10:40:02.284+0000][1536][gc,marking  ] GC(265) Concurrent Preclean 0.670ms
[2024-02-06T10:40:02.284+0000][1536][gc,start    ] GC(265) Pause Remark
[2024-02-06T10:40:02.284+0000][1536][gc          ] GC(265) Pause Remark 1149M->1149M(4040M) 12.889ms
[2024-02-06T10:40:02.284+0000][1536][gc,cpu      ] GC(265) User=0.00s Sys=0.00s Real=0.00s
[2024-02-06T10:40:02.299+0000][1536][safepoint   ] Safepoint "G1Concurrent", Time since last: 323010600 ns, Reaching safepoint: 61700 ns, At safepoint: 13018800 ns, Total: 13080500 ns
[2024-02-06T10:40:02.299+0000][1536][gc,marking  ] GC(265) Concurrent Mark 286.475ms
[2024-02-06T10:40:02.299+0000][1536][gc,marking  ] GC(265) Concurrent Rebuild Remembered Sets
[2024-02-06T10:40:02.413+0000][1536][gc,marking  ] GC(265) Concurrent Rebuild Remembered Sets 114.994ms
[2024-02-06T10:40:02.413+0000][1536][gc,start    ] GC(265) Pause Cleanup
[2024-02-06T10:40:02.413+0000][1536][gc          ] GC(265) Pause Cleanup 1149M->1149M(4040M) 0.307ms
[2024-02-06T10:40:02.413+0000][1536][gc,cpu      ] GC(265) User=0.00s Sys=0.00s Real=0.00s
[2024-02-06T10:40:02.413+0000][1536][safepoint   ] Safepoint "G1Concurrent", Time since last: 115129100 ns, Reaching safepoint: 64100 ns, At safepoint: 366300 ns, Total: 430400 ns
[2024-02-06T10:40:02.413+0000][1536][gc,marking  ] GC(265) Concurrent Cleanup for Next Mark
[2024-02-06T10:40:02.423+0000][1536][gc,marking  ] GC(265) Concurrent Cleanup for Next Mark 9.289ms
[2024-02-06T10:40:02.423+0000][1536][gc          ] GC(265) Concurrent Mark Cycle 461.363ms
[2024-02-06T10:40:12.510+0000][1536][safepoint   ] Safepoint "Cleanup", Time since last: 10095474000 ns, Reaching safepoint: 115400 ns, At safepoint: 6100 ns, Total: 121500 ns
[2024-02-06T10:40:29.625+0000][1536][safepoint   ] Safepoint "Cleanup", Time since last: 17114823200 ns, Reaching safepoint: 141200 ns, At safepoint: 12400 ns, Total: 153600 ns
[2024-02-06T10:40:32.399+0000][1536][gc,start    ] GC(266) Pause Young (Prepare Mixed) (G1 Evacuation Pause)
[2024-02-06T10:40:32.399+0000][1536][gc,task     ] GC(266) Using 8 workers of 8 for evacuation
[2024-02-06T10:40:32.399+0000][1536][gc,age      ] GC(266) Desired survivor size 132120576 bytes, new threshold 15 (max threshold 15)
[2024-02-06T10:40:32.461+0000][1536][gc,phases   ] GC(266)   Pre Evacuate Collection Set: 0.3ms
[2024-02-06T10:40:32.462+0000][1536][gc,phases   ] GC(266)   Merge Heap Roots: 0.4ms
[2024-02-06T10:40:32.462+0000][1536][gc,phases   ] GC(266)   Evacuate Collection Set: 57.5ms
[2024-02-06T10:40:32.462+0000][1536][gc,phases   ] GC(266)   Post Evacuate Collection Set: 3.6ms
[2024-02-06T10:40:32.462+0000][1536][gc,phases   ] GC(266)   Other: 0.3ms
[2024-02-06T10:40:32.462+0000][1536][gc,age      ] GC(266) Age table with threshold 15 (max threshold 15)
[2024-02-06T10:40:32.462+0000][1536][gc,age      ] GC(266) - age   1:   77547632 bytes,   77547632 total
[2024-02-06T10:40:32.462+0000][1536][gc,age      ] GC(266) - age   2:   42236800 bytes,  119784432 total
[2024-02-06T10:40:32.462+0000][1536][gc,age      ] GC(266) - age   3:   40066040 bytes,  159850472 total
[2024-02-06T10:40:32.462+0000][1536][gc,heap     ] GC(266) Eden regions: 475->0(10)
[2024-02-06T10:40:32.462+0000][1536][gc,heap     ] GC(266) Survivor regions: 25->40(63)
[2024-02-06T10:40:32.462+0000][1536][gc,heap     ] GC(266) Old regions: 250->250
[2024-02-06T10:40:32.462+0000][1536][gc,heap     ] GC(266) Archive regions: 0->0
[2024-02-06T10:40:32.462+0000][1536][gc,heap     ] GC(266) Humongous regions: 2->2
[2024-02-06T10:40:32.462+0000][1536][gc,metaspace] GC(266) Metaspace: 132202K(138176K)->132202K(138176K) NonClass: 115153K(118912K)->115153K(118912K) Class: 17049K(19264K)->17049K(19264K)
[2024-02-06T10:40:32.462+0000][1536][gc          ] GC(266) Pause Young (Prepare Mixed) (G1 Evacuation Pause) 3004M->1164M(4040M) 63.008ms
[2024-02-06T10:40:32.462+0000][1536][gc,cpu      ] GC(266) User=0.50s Sys=0.00s Real=0.06s
[2024-02-06T10:40:32.463+0000][1536][safepoint   ] Safepoint "G1CollectForAllocation", Time since last: 2773582600 ns, Reaching safepoint: 119800 ns, At safepoint: 63300700 ns, Total: 63420500 ns
[2024-02-06T10:40:32.664+0000][1536][gc,start    ] GC(267) Pause Young (Mixed) (G1 Evacuation Pause)
[2024-02-06T10:40:32.664+0000][1536][gc,task     ] GC(267) Using 8 workers of 8 for evacuation
[2024-02-06T10:40:32.664+0000][1536][gc,age      ] GC(267) Desired survivor size 14680064 bytes, new threshold 1 (max threshold 15)
[2024-02-06T10:40:33.027+0000][1536][gc,mmu      ] GC(267) MMU target violated: 201.0ms (200.0ms/201.0ms)
[2024-02-06T10:40:33.027+0000][1536][gc,phases   ] GC(267)   Pre Evacuate Collection Set: 0.2ms
[2024-02-06T10:40:33.027+0000][1536][gc,phases   ] GC(267)   Merge Heap Roots: 0.3ms
[2024-02-06T10:40:33.027+0000][1536][gc,phases   ] GC(267)   Evacuate Collection Set: 360.8ms
[2024-02-06T10:40:33.027+0000][1536][gc,phases   ] GC(267)   Post Evacuate Collection Set: 2.3ms
[2024-02-06T10:40:33.027+0000][1536][gc,phases   ] GC(267)   Other: 0.8ms
[2024-02-06T10:40:33.027+0000][1536][gc,age      ] GC(267) Age table with threshold 1 (max threshold 15)
[2024-02-06T10:40:33.027+0000][1536][gc,age      ] GC(267) - age   1:    1272792 bytes,    1272792 total
[2024-02-06T10:40:33.027+0000][1536][gc,heap     ] GC(267) Eden regions: 10->0(557)
[2024-02-06T10:40:33.027+0000][1536][gc,heap     ] GC(267) Survivor regions: 40->4(7)
[2024-02-06T10:40:33.027+0000][1536][gc,heap     ] GC(267) Old regions: 250->222
[2024-02-06T10:40:33.027+0000][1536][gc,heap     ] GC(267) Archive regions: 0->0
[2024-02-06T10:40:33.027+0000][1536][gc,heap     ] GC(267) Humongous regions: 2->2
[2024-02-06T10:40:33.027+0000][1536][gc,metaspace] GC(267) Metaspace: 132202K(138176K)->132202K(138176K) NonClass: 115153K(118912K)->115153K(118912K) Class: 17049K(19264K)->17049K(19264K)
[2024-02-06T10:40:33.027+0000][1536][gc          ] GC(267) Pause Young (Mixed) (G1 Evacuation Pause) 1204M->908M(4040M) 364.867ms
[2024-02-06T10:40:33.027+0000][1536][gc,cpu      ] GC(267) User=0.39s Sys=1.12s Real=0.36s
[2024-02-06T10:40:33.027+0000][1536][safepoint   ] Safepoint "G1CollectForAllocation", Time since last: 207508400 ns, Reaching safepoint: 136700 ns, At safepoint: 365548600 ns, Total: 365685300 ns
[2024-02-06T10:40:52.576+0000][1536][gc,start    ] GC(268) Pause Young (Normal) (G1 Evacuation Pause)
[2024-02-06T10:40:52.576+0000][1536][gc,task     ] GC(268) Using 8 workers of 8 for evacuation
[2024-02-06T10:40:52.576+0000][1536][gc,age      ] GC(268) Desired survivor size 148897792 bytes, new threshold 15 (max threshold 15)
[2024-02-06T10:40:52.638+0000][1536][gc,phases   ] GC(268)   Pre Evacuate Collection Set: 0.2ms
[2024-02-06T10:40:52.638+0000][1536][gc,phases   ] GC(268)   Merge Heap Roots: 0.2ms
[2024-02-06T10:40:52.638+0000][1536][gc,phases   ] GC(268)   Evacuate Collection Set: 51.4ms
[2024-02-06T10:40:52.638+0000][1536][gc,phases   ] GC(268)   Post Evacuate Collection Set: 2.4ms
[2024-02-06T10:40:52.638+0000][1536][gc,phases   ] GC(268)   Other: 0.2ms
[2024-02-06T10:40:52.638+0000][1536][gc,age      ] GC(268) Age table with threshold 15 (max threshold 15)
[2024-02-06T10:40:52.638+0000][1536][gc,age      ] GC(268) - age   1:   92758776 bytes,   92758776 total
[2024-02-06T10:40:52.638+0000][1536][gc,age      ] GC(268) - age   2:     407648 bytes,   93166424 total
[2024-02-06T10:40:52.638+0000][1536][gc,heap     ] GC(268) Eden regions: 557->0(525)
[2024-02-06T10:40:52.638+0000][1536][gc,heap     ] GC(268) Survivor regions: 4->24(71)
[2024-02-06T10:40:52.638+0000][1536][gc,heap     ] GC(268) Old regions: 222->222
[2024-02-06T10:40:52.638+0000][1536][gc,heap     ] GC(268) Archive regions: 0->0
[2024-02-06T10:40:52.638+0000][1536][gc,heap     ] GC(268) Humongous regions: 2->2
[2024-02-06T10:40:52.638+0000][1536][gc,metaspace] GC(268) Metaspace: 132202K(138176K)->132202K(138176K) NonClass: 115153K(118912K)->115153K(118912K) Class: 17049K(19264K)->17049K(19264K)
[2024-02-06T10:40:52.638+0000][1536][gc          ] GC(268) Pause Young (Normal) (G1 Evacuation Pause) 3136M->986M(4040M) 54.984ms
[2024-02-06T10:40:52.638+0000][1536][gc,cpu      ] GC(268) User=0.31s Sys=0.14s Real=0.06s
[2024-02-06T10:40:52.638+0000][1536][safepoint   ] Safepoint "G1CollectForAllocation", Time since last: 19548555600 ns, Reaching safepoint: 95400 ns, At safepoint: 55222800 ns, Total: 55318200 ns
[2024-02-06T10:41:26.645+0000][1536][gc,start    ] GC(269) Pause Young (Normal) (G1 Evacuation Pause)
[2024-02-06T10:41:26.645+0000][1536][gc,task     ] GC(269) Using 8 workers of 8 for evacuation
[2024-02-06T10:41:26.645+0000][1536][gc,age      ] GC(269) Desired survivor size 144703488 bytes, new threshold 15 (max threshold 15)
[2024-02-06T10:41:26.736+0000][1536][gc,phases   ] GC(269)   Pre Evacuate Collection Set: 0.5ms
[2024-02-06T10:41:26.736+0000][1536][gc,phases   ] GC(269)   Merge Heap Roots: 0.6ms
[2024-02-06T10:41:26.736+0000][1536][gc,phases   ] GC(269)   Evacuate Collection Set: 84.2ms
[2024-02-06T10:41:26.736+0000][1536][gc,phases   ] GC(269)   Post Evacuate Collection Set: 1.3ms
[2024-02-06T10:41:26.736+0000][1536][gc,phases   ] GC(269)   Other: 0.6ms
[2024-02-06T10:41:26.736+0000][1536][gc,age      ] GC(269) Age table with threshold 15 (max threshold 15)
[2024-02-06T10:41:26.736+0000][1536][gc,age      ] GC(269) - age   1:   90124360 bytes,   90124360 total
[2024-02-06T10:41:26.736+0000][1536][gc,age      ] GC(269) - age   2:   74470408 bytes,  164594768 total
[2024-02-06T10:41:26.736+0000][1536][gc,age      ] GC(269) - age   3:     406560 bytes,  165001328 total
[2024-02-06T10:41:26.736+0000][1536][gc,heap     ] GC(269) Eden regions: 525->0(348)
[2024-02-06T10:41:26.736+0000][1536][gc,heap     ] GC(269) Survivor regions: 24->42(69)
[2024-02-06T10:41:26.736+0000][1536][gc,heap     ] GC(269) Old regions: 222->222
[2024-02-06T10:41:26.736+0000][1536][gc,heap     ] GC(269) Archive regions: 0->0
[2024-02-06T10:41:26.736+0000][1536][gc,heap     ] GC(269) Humongous regions: 2->2
[2024-02-06T10:41:26.736+0000][1536][gc,metaspace] GC(269) Metaspace: 132203K(138176K)->132203K(138176K) NonClass: 115153K(118912K)->115153K(118912K) Class: 17049K(19264K)->17049K(19264K)
[2024-02-06T10:41:26.736+0000][1536][gc          ] GC(269) Pause Young (Normal) (G1 Evacuation Pause) 3086M->1060M(4040M) 87.976ms
[2024-02-06T10:41:26.736+0000][1536][gc,cpu      ] GC(269) User=0.72s Sys=0.03s Real=0.09s
[2024-02-06T10:41:26.736+0000][1536][safepoint   ] Safepoint "G1CollectForAllocation", Time since last: 34013944700 ns, Reaching safepoint: 207100 ns, At safepoint: 88247300 ns, Total: 88454400 ns
[2024-02-06T10:41:45.840+0000][1536][gc,start    ] GC(270) Pause Young (Concurrent Start) (G1 Evacuation Pause)
[2024-02-06T10:41:45.840+0000][1536][gc,task     ] GC(270) Using 8 workers of 8 for evacuation
[2024-02-06T10:41:45.840+0000][1536][gc,age      ] GC(270) Desired survivor size 102760448 bytes, new threshold 2 (max threshold 15)
[2024-02-06T10:41:45.916+0000][1536][gc,phases   ] GC(270)   Pre Evacuate Collection Set: 0.5ms
[2024-02-06T10:41:45.916+0000][1536][gc,phases   ] GC(270)   Merge Heap Roots: 0.2ms
[2024-02-06T10:41:45.916+0000][1536][gc,phases   ] GC(270)   Evacuate Collection Set: 77.6ms
[2024-02-06T10:41:45.916+0000][1536][gc,phases   ] GC(270)   Post Evacuate Collection Set: 1.8ms
[2024-02-06T10:41:45.916+0000][1536][gc,phases   ] GC(270)   Other: 0.1ms
[2024-02-06T10:41:45.916+0000][1536][gc,age      ] GC(270) Age table with threshold 2 (max threshold 15)
[2024-02-06T10:41:45.916+0000][1536][gc,age      ] GC(270) - age   1:   67357160 bytes,   67357160 total
[2024-02-06T10:41:45.916+0000][1536][gc,age      ] GC(270) - age   2:   77532272 bytes,  144889432 total
[2024-02-06T10:41:45.916+0000][1536][gc,heap     ] GC(270) Eden regions: 348->0(439)
[2024-02-06T10:41:45.916+0000][1536][gc,heap     ] GC(270) Survivor regions: 42->37(49)
[2024-02-06T10:41:45.916+0000][1536][gc,heap     ] GC(270) Old regions: 222->237
[2024-02-06T10:41:45.916+0000][1536][gc,heap     ] GC(270) Archive regions: 0->0
[2024-02-06T10:41:45.916+0000][1536][gc,heap     ] GC(270) Humongous regions: 2->2
[2024-02-06T10:41:45.916+0000][1536][gc,metaspace] GC(270) Metaspace: 132203K(138176K)->132203K(138176K) NonClass: 115153K(118912K)->115153K(118912K) Class: 17049K(19264K)->17049K(19264K)
[2024-02-06T10:41:45.916+0000][1536][gc          ] GC(270) Pause Young (Concurrent Start) (G1 Evacuation Pause) 2452M->1101M(4040M) 80.656ms
[2024-02-06T10:41:45.916+0000][1536][gc          ] GC(271) Concurrent Mark Cycle
[2024-02-06T10:41:45.916+0000][1536][gc,cpu      ] GC(270) User=0.48s Sys=0.09s Real=0.08s
[2024-02-06T10:41:45.916+0000][1536][gc,marking  ] GC(271) Concurrent Clear Claimed Marks
[2024-02-06T10:41:45.916+0000][1536][safepoint   ] Safepoint "G1CollectForAllocation", Time since last: 19106679500 ns, Reaching safepoint: 137400 ns, At safepoint: 81033200 ns, Total: 81170600 ns
[2024-02-06T10:41:45.916+0000][1536][gc,marking  ] GC(271) Concurrent Clear Claimed Marks 0.288ms
[2024-02-06T10:41:45.916+0000][1536][gc,marking  ] GC(271) Concurrent Scan Root Regions
[2024-02-06T10:41:45.980+0000][1536][gc,marking  ] GC(271) Concurrent Scan Root Regions 50.032ms
[2024-02-06T10:41:45.980+0000][1536][gc,marking  ] GC(271) Concurrent Mark
[2024-02-06T10:41:45.980+0000][1536][gc,marking  ] GC(271) Concurrent Mark From Roots
[2024-02-06T10:41:45.980+0000][1536][gc,task     ] GC(271) Using 2 workers of 2 for marking
[2024-02-06T10:41:46.336+0000][1536][gc,marking  ] GC(271) Concurrent Mark From Roots 355.807ms
[2024-02-06T10:41:46.336+0000][1536][gc,marking  ] GC(271) Concurrent Preclean
[2024-02-06T10:41:46.337+0000][1536][gc,marking  ] GC(271) Concurrent Preclean 1.125ms
[2024-02-06T10:41:46.337+0000][1536][gc,start    ] GC(271) Pause Remark
[2024-02-06T10:41:46.345+0000][1536][gc          ] GC(271) Pause Remark 1170M->1166M(4040M) 21.110ms
[2024-02-06T10:41:46.345+0000][1536][gc,cpu      ] GC(271) User=0.06s Sys=0.05s Real=0.01s
[2024-02-06T10:41:46.345+0000][1536][safepoint   ] Safepoint "G1Concurrent", Time since last: 407379600 ns, Reaching safepoint: 99100 ns, At safepoint: 21978300 ns, Total: 22077400 ns
[2024-02-06T10:41:46.359+0000][1536][gc,marking  ] GC(271) Concurrent Mark 379.350ms
[2024-02-06T10:41:46.359+0000][1536][gc,marking  ] GC(271) Concurrent Rebuild Remembered Sets
[2024-02-06T10:41:46.592+0000][1536][gc,marking  ] GC(271) Concurrent Rebuild Remembered Sets 248.165ms
[2024-02-06T10:41:46.608+0000][1536][gc,start    ] GC(271) Pause Cleanup
[2024-02-06T10:41:46.608+0000][1536][gc          ] GC(271) Pause Cleanup 1207M->1207M(4040M) 0.632ms
[2024-02-06T10:41:46.608+0000][1536][gc,cpu      ] GC(271) User=0.00s Sys=0.00s Real=0.00s
[2024-02-06T10:41:46.608+0000][1536][safepoint   ] Safepoint "G1Concurrent", Time since last: 248441300 ns, Reaching safepoint: 162200 ns, At safepoint: 858800 ns, Total: 1021000 ns
[2024-02-06T10:41:46.608+0000][1536][gc,marking  ] GC(271) Concurrent Cleanup for Next Mark
[2024-02-06T10:41:46.638+0000][1536][gc,marking  ] GC(271) Concurrent Cleanup for Next Mark 29.587ms
[2024-02-06T10:41:46.638+0000][1536][gc          ] GC(271) Concurrent Mark Cycle 708.962ms
[2024-02-06T10:42:11.278+0000][1536][gc,start    ] GC(272) Pause Young (Prepare Mixed) (G1 Evacuation Pause)
[2024-02-06T10:42:11.278+0000][1536][gc,task     ] GC(272) Using 8 workers of 8 for evacuation
[2024-02-06T10:42:11.278+0000][1536][gc,age      ] GC(272) Desired survivor size 144703488 bytes, new threshold 2 (max threshold 15)
[2024-02-06T10:42:11.346+0000][1536][gc,phases   ] GC(272)   Pre Evacuate Collection Set: 0.2ms
[2024-02-06T10:42:11.346+0000][1536][gc,phases   ] GC(272)   Merge Heap Roots: 0.3ms
[2024-02-06T10:42:11.346+0000][1536][gc,phases   ] GC(272)   Evacuate Collection Set: 74.9ms
[2024-02-06T10:42:11.346+0000][1536][gc,phases   ] GC(272)   Post Evacuate Collection Set: 1.4ms
[2024-02-06T10:42:11.346+0000][1536][gc,phases   ] GC(272)   Other: 0.4ms
[2024-02-06T10:42:11.346+0000][1536][gc,age      ] GC(272) Age table with threshold 2 (max threshold 15)
[2024-02-06T10:42:11.346+0000][1536][gc,age      ] GC(272) - age   1:   88878624 bytes,   88878624 total
[2024-02-06T10:42:11.346+0000][1536][gc,age      ] GC(272) - age   2:   53356136 bytes,  142234760 total
[2024-02-06T10:42:11.346+0000][1536][gc,heap     ] GC(272) Eden regions: 514->0(14)
[2024-02-06T10:42:11.346+0000][1536][gc,heap     ] GC(272) Survivor regions: 37->36(69)
[2024-02-06T10:42:11.346+0000][1536][gc,heap     ] GC(272) Old regions: 236->252
[2024-02-06T10:42:11.346+0000][1536][gc,heap     ] GC(272) Archive regions: 0->0
[2024-02-06T10:42:11.346+0000][1536][gc,heap     ] GC(272) Humongous regions: 2->2
[2024-02-06T10:42:11.346+0000][1536][gc,metaspace] GC(272) Metaspace: 132203K(138176K)->132203K(138176K) NonClass: 115153K(118912K)->115153K(118912K) Class: 17049K(19264K)->17049K(19264K)
[2024-02-06T10:42:11.346+0000][1536][gc          ] GC(272) Pause Young (Prepare Mixed) (G1 Evacuation Pause) 3153M->1157M(4040M) 77.837ms
[2024-02-06T10:42:11.346+0000][1536][gc,cpu      ] GC(272) User=0.53s Sys=0.03s Real=0.07s
[2024-02-06T10:42:11.346+0000][1536][safepoint   ] Safepoint "G1CollectForAllocation", Time since last: 24669153000 ns, Reaching safepoint: 85800 ns, At safepoint: 78091700 ns, Total: 78177500 ns
[2024-02-06T10:42:11.599+0000][1536][gc,start    ] GC(273) Pause Young (Mixed) (G1 Evacuation Pause)
[2024-02-06T10:42:11.599+0000][1536][gc,task     ] GC(273) Using 8 workers of 8 for evacuation
[2024-02-06T10:42:11.599+0000][1536][gc,age      ] GC(273) Desired survivor size 14680064 bytes, new threshold 1 (max threshold 15)
[2024-02-06T10:42:11.988+0000][1536][gc,mmu      ] GC(273) MMU target violated: 201.0ms (200.0ms/201.0ms)
[2024-02-06T10:42:11.988+0000][1536][gc,phases   ] GC(273)   Pre Evacuate Collection Set: 0.2ms
[2024-02-06T10:42:11.988+0000][1536][gc,phases   ] GC(273)   Merge Heap Roots: 0.4ms
[2024-02-06T10:42:11.988+0000][1536][gc,phases   ] GC(273)   Evacuate Collection Set: 368.0ms
[2024-02-06T10:42:11.988+0000][1536][gc,phases   ] GC(273)   Post Evacuate Collection Set: 13.3ms
[2024-02-06T10:42:11.988+0000][1536][gc,phases   ] GC(273)   Other: 1.1ms
[2024-02-06T10:42:11.988+0000][1536][gc,age      ] GC(273) Age table with threshold 1 (max threshold 15)
[2024-02-06T10:42:11.988+0000][1536][gc,age      ] GC(273) - age   1:    3308520 bytes,    3308520 total
[2024-02-06T10:42:11.988+0000][1536][gc,heap     ] GC(273) Eden regions: 14->0(554)
[2024-02-06T10:42:11.988+0000][1536][gc,heap     ] GC(273) Survivor regions: 36->4(7)
[2024-02-06T10:42:11.988+0000][1536][gc,heap     ] GC(273) Old regions: 252->226
[2024-02-06T10:42:11.988+0000][1536][gc,heap     ] GC(273) Archive regions: 0->0
[2024-02-06T10:42:11.988+0000][1536][gc,heap     ] GC(273) Humongous regions: 2->2
[2024-02-06T10:42:11.988+0000][1536][gc,metaspace] GC(273) Metaspace: 132203K(138176K)->132203K(138176K) NonClass: 115153K(118912K)->115153K(118912K) Class: 17049K(19264K)->17049K(19264K)
[2024-02-06T10:42:11.988+0000][1536][gc          ] GC(273) Pause Young (Mixed) (G1 Evacuation Pause) 1213M->927M(4040M) 383.371ms
[2024-02-06T10:42:11.988+0000][1536][gc,cpu      ] GC(273) User=0.42s Sys=1.62s Real=0.39s
[2024-02-06T10:42:11.988+0000][1536][safepoint   ] Safepoint "G1CollectForAllocation", Time since last: 249374800 ns, Reaching safepoint: 173700 ns, At safepoint: 383753000 ns, Total: 383926700 ns
[2024-02-06T10:42:20.030+0000][1536][safepoint   ] Safepoint "Cleanup", Time since last: 8040541400 ns, Reaching safepoint: 185800 ns, At safepoint: 27200 ns, Total: 213000 ns
[2024-02-06T10:42:38.907+0000][1536][gc,start    ] GC(274) Pause Young (Normal) (G1 Evacuation Pause)
[2024-02-06T10:42:38.907+0000][1536][gc,task     ] GC(274) Using 8 workers of 8 for evacuation
[2024-02-06T10:42:38.907+0000][1536][gc,age      ] GC(274) Desired survivor size 146800640 bytes, new threshold 15 (max threshold 15)
[2024-02-06T10:42:38.958+0000][1536][gc,phases   ] GC(274)   Pre Evacuate Collection Set: 0.2ms
[2024-02-06T10:42:38.958+0000][1536][gc,phases   ] GC(274)   Merge Heap Roots: 0.2ms
[2024-02-06T10:42:38.958+0000][1536][gc,phases   ] GC(274)   Evacuate Collection Set: 41.6ms
[2024-02-06T10:42:38.958+0000][1536][gc,phases   ] GC(274)   Post Evacuate Collection Set: 1.4ms
[2024-02-06T10:42:38.958+0000][1536][gc,phases   ] GC(274)   Other: 0.3ms
[2024-02-06T10:42:38.958+0000][1536][gc,age      ] GC(274) Age table with threshold 15 (max threshold 15)
[2024-02-06T10:42:38.958+0000][1536][gc,age      ] GC(274) - age   1:   89290888 bytes,   89290888 total
[2024-02-06T10:42:38.958+0000][1536][gc,age      ] GC(274) - age   2:    2535008 bytes,   91825896 total
[2024-02-06T10:42:38.958+0000][1536][gc,heap     ] GC(274) Eden regions: 554->0(537)
[2024-02-06T10:42:38.958+0000][1536][gc,heap     ] GC(274) Survivor regions: 4->24(70)
[2024-02-06T10:42:38.958+0000][1536][gc,heap     ] GC(274) Old regions: 226->226
[2024-02-06T10:42:38.958+0000][1536][gc,heap     ] GC(274) Archive regions: 0->0
[2024-02-06T10:42:38.958+0000][1536][gc,heap     ] GC(274) Humongous regions: 2->2
[2024-02-06T10:42:38.958+0000][1536][gc,metaspace] GC(274) Metaspace: 132205K(138176K)->132205K(138176K) NonClass: 115155K(118912K)->115155K(118912K) Class: 17049K(19264K)->17049K(19264K)
[2024-02-06T10:42:38.958+0000][1536][gc          ] GC(274) Pause Young (Normal) (G1 Evacuation Pause) 3143M->1004M(4040M) 44.447ms
[2024-02-06T10:42:38.958+0000][1536][gc,cpu      ] GC(274) User=0.38s Sys=0.00s Real=0.05s
[2024-02-06T10:42:38.958+0000][1536][safepoint   ] Safepoint "G1CollectForAllocation", Time since last: 18883925100 ns, Reaching safepoint: 114300 ns, At safepoint: 44747700 ns, Total: 44862000 ns
[2024-02-06T10:43:06.335+0000][1536][gc,start    ] GC(275) Pause Young (Normal) (G1 Evacuation Pause)
[2024-02-06T10:43:06.335+0000][1536][gc,task     ] GC(275) Using 8 workers of 8 for evacuation
[2024-02-06T10:43:06.335+0000][1536][gc,age      ] GC(275) Desired survivor size 148897792 bytes, new threshold 15 (max threshold 15)
[2024-02-06T10:43:06.467+0000][1536][gc,phases   ] GC(275)   Pre Evacuate Collection Set: 0.3ms
[2024-02-06T10:43:06.467+0000][1536][gc,phases   ] GC(275)   Merge Heap Roots: 0.5ms
[2024-02-06T10:43:06.467+0000][1536][gc,phases   ] GC(275)   Evacuate Collection Set: 133.7ms
[2024-02-06T10:43:06.467+0000][1536][gc,phases   ] GC(275)   Post Evacuate Collection Set: 4.4ms
[2024-02-06T10:43:06.467+0000][1536][gc,phases   ] GC(275)   Other: 0.4ms
[2024-02-06T10:43:06.467+0000][1536][gc,age      ] GC(275) Age table with threshold 15 (max threshold 15)
[2024-02-06T10:43:06.467+0000][1536][gc,age      ] GC(275) - age   1:   91240616 bytes,   91240616 total
[2024-02-06T10:43:06.467+0000][1536][gc,age      ] GC(275) - age   2:   74494968 bytes,  165735584 total
[2024-02-06T10:43:06.467+0000][1536][gc,age      ] GC(275) - age   3:    1463736 bytes,  167199320 total
[2024-02-06T10:43:06.467+0000][1536][gc,heap     ] GC(275) Eden regions: 537->0(303)
[2024-02-06T10:43:06.467+0000][1536][gc,heap     ] GC(275) Survivor regions: 24->42(71)
[2024-02-06T10:43:06.467+0000][1536][gc,heap     ] GC(275) Old regions: 226->226
[2024-02-06T10:43:06.467+0000][1536][gc,heap     ] GC(275) Archive regions: 0->0
[2024-02-06T10:43:06.467+0000][1536][gc,heap     ] GC(275) Humongous regions: 2->2
[2024-02-06T10:43:06.467+0000][1536][gc,metaspace] GC(275) Metaspace: 132205K(138176K)->132205K(138176K) NonClass: 115155K(118912K)->115155K(118912K) Class: 17049K(19264K)->17049K(19264K)
[2024-02-06T10:43:06.467+0000][1536][gc          ] GC(275) Pause Young (Normal) (G1 Evacuation Pause) 3152M->1078M(4040M) 139.937ms
[2024-02-06T10:43:06.467+0000][1536][gc,cpu      ] GC(275) User=0.47s Sys=0.25s Real=0.13s
[2024-02-06T10:43:06.467+0000][1536][safepoint   ] Safepoint "G1CollectForAllocation", Time since last: 27376138500 ns, Reaching safepoint: 203300 ns, At safepoint: 140262100 ns, Total: 140465400 ns
[2024-02-06T10:43:19.645+0000][1536][safepoint   ] Safepoint "Cleanup", Time since last: 13122530800 ns, Reaching safepoint: 47017000 ns, At safepoint: 254900 ns, Total: 47271900 ns
[2024-02-06T10:43:22.662+0000][1536][gc,start    ] GC(276) Pause Young (Concurrent Start) (G1 Evacuation Pause)
[2024-02-06T10:43:22.662+0000][1536][gc,task     ] GC(276) Using 8 workers of 8 for evacuation
[2024-02-06T10:43:22.662+0000][1536][gc,age      ] GC(276) Desired survivor size 92274688 bytes, new threshold 2 (max threshold 15)
[2024-02-06T10:43:22.751+0000][1536][gc,phases   ] GC(276)   Pre Evacuate Collection Set: 0.4ms
[2024-02-06T10:43:22.751+0000][1536][gc,phases   ] GC(276)   Merge Heap Roots: 0.8ms
[2024-02-06T10:43:22.751+0000][1536][gc,phases   ] GC(276)   Evacuate Collection Set: 84.9ms
[2024-02-06T10:43:22.751+0000][1536][gc,phases   ] GC(276)   Post Evacuate Collection Set: 1.4ms
[2024-02-06T10:43:22.751+0000][1536][gc,phases   ] GC(276)   Other: 1.5ms
[2024-02-06T10:43:22.751+0000][1536][gc,age      ] GC(276) Age table with threshold 2 (max threshold 15)
[2024-02-06T10:43:22.751+0000][1536][gc,age      ] GC(276) - age   1:   67265960 bytes,   67265960 total
[2024-02-06T10:43:22.751+0000][1536][gc,age      ] GC(276) - age   2:   79889928 bytes,  147155888 total
[2024-02-06T10:43:22.751+0000][1536][gc,heap     ] GC(276) Eden regions: 303->0(372)
[2024-02-06T10:43:22.751+0000][1536][gc,heap     ] GC(276) Survivor regions: 42->38(44)
[2024-02-06T10:43:22.751+0000][1536][gc,heap     ] GC(276) Old regions: 226->243
[2024-02-06T10:43:22.751+0000][1536][gc,heap     ] GC(276) Archive regions: 0->0
[2024-02-06T10:43:22.751+0000][1536][gc,heap     ] GC(276) Humongous regions: 2->2
[2024-02-06T10:43:22.751+0000][1536][gc,metaspace] GC(276) Metaspace: 132205K(138176K)->132205K(138176K) NonClass: 115156K(118912K)->115156K(118912K) Class: 17049K(19264K)->17049K(19264K)
[2024-02-06T10:43:22.751+0000][1536][gc          ] GC(276) Pause Young (Concurrent Start) (G1 Evacuation Pause) 2290M->1126M(4040M) 89.489ms
[2024-02-06T10:43:22.751+0000][1536][gc          ] GC(277) Concurrent Mark Cycle
[2024-02-06T10:43:22.751+0000][1536][gc,cpu      ] GC(276) User=0.45s Sys=0.09s Real=0.09s
[2024-02-06T10:43:22.751+0000][1536][gc,marking  ] GC(277) Concurrent Clear Claimed Marks
[2024-02-06T10:43:22.752+0000][1536][gc,marking  ] GC(277) Concurrent Clear Claimed Marks 0.264ms
[2024-02-06T10:43:22.752+0000][1536][safepoint   ] Safepoint "G1CollectForAllocation", Time since last: 3016832400 ns, Reaching safepoint: 89800 ns, At safepoint: 89928000 ns, Total: 90017800 ns
[2024-02-06T10:43:22.752+0000][1536][gc,marking  ] GC(277) Concurrent Scan Root Regions
[2024-02-06T10:43:22.814+0000][1536][gc,marking  ] GC(277) Concurrent Scan Root Regions 61.353ms
[2024-02-06T10:43:22.814+0000][1536][gc,marking  ] GC(277) Concurrent Mark
[2024-02-06T10:43:22.814+0000][1536][gc,marking  ] GC(277) Concurrent Mark From Roots
[2024-02-06T10:43:22.814+0000][1536][gc,task     ] GC(277) Using 2 workers of 2 for marking
[2024-02-06T10:43:23.096+0000][1536][gc,marking  ] GC(277) Concurrent Mark From Roots 282.170ms
[2024-02-06T10:43:23.096+0000][1536][gc,marking  ] GC(277) Concurrent Preclean
[2024-02-06T10:43:23.097+0000][1536][gc,marking  ] GC(277) Concurrent Preclean 0.981ms
[2024-02-06T10:43:23.097+0000][1536][gc,start    ] GC(277) Pause Remark
[2024-02-06T10:43:23.117+0000][1536][gc          ] GC(277) Pause Remark 1180M->1180M(4040M) 21.122ms
[2024-02-06T10:43:23.117+0000][1536][gc,cpu      ] GC(277) User=0.05s Sys=0.02s Real=0.02s
[2024-02-06T10:43:23.117+0000][1536][safepoint   ] Safepoint "G1Concurrent", Time since last: 344798400 ns, Reaching safepoint: 98100 ns, At safepoint: 21354600 ns, Total: 21452700 ns
[2024-02-06T10:43:23.118+0000][1536][gc,marking  ] GC(277) Concurrent Mark 304.849ms
[2024-02-06T10:43:23.118+0000][1536][gc,marking  ] GC(277) Concurrent Rebuild Remembered Sets
[2024-02-06T10:43:23.363+0000][1536][gc,marking  ] GC(277) Concurrent Rebuild Remembered Sets 245.518ms
[2024-02-06T10:43:23.364+0000][1536][gc,start    ] GC(277) Pause Cleanup
[2024-02-06T10:43:23.366+0000][1536][gc          ] GC(277) Pause Cleanup 1202M->1202M(4040M) 1.891ms
[2024-02-06T10:43:23.366+0000][1536][gc,cpu      ] GC(277) User=0.00s Sys=0.00s Real=0.00s
[2024-02-06T10:43:23.366+0000][1536][safepoint   ] Safepoint "G1Concurrent", Time since last: 245754400 ns, Reaching safepoint: 103500 ns, At safepoint: 2090700 ns, Total: 2194200 ns
[2024-02-06T10:43:23.366+0000][1536][gc,marking  ] GC(277) Concurrent Cleanup for Next Mark
[2024-02-06T10:43:23.393+0000][1536][gc,marking  ] GC(277) Concurrent Cleanup for Next Mark 26.865ms
[2024-02-06T10:43:23.393+0000][1536][gc          ] GC(277) Concurrent Mark Cycle 641.600ms
[2024-02-06T10:43:46.766+0000][1536][gc,start    ] GC(278) Pause Young (Prepare Mixed) (G1 Evacuation Pause)
[2024-02-06T10:43:46.766+0000][1536][gc,task     ] GC(278) Using 8 workers of 8 for evacuation
[2024-02-06T10:43:46.766+0000][1536][gc,age      ] GC(278) Desired survivor size 134217728 bytes, new threshold 2 (max threshold 15)
[2024-02-06T10:43:46.859+0000][1536][gc,phases   ] GC(278)   Pre Evacuate Collection Set: 0.2ms
[2024-02-06T10:43:46.859+0000][1536][gc,phases   ] GC(278)   Merge Heap Roots: 0.3ms
[2024-02-06T10:43:46.859+0000][1536][gc,phases   ] GC(278)   Evacuate Collection Set: 89.0ms
[2024-02-06T10:43:46.859+0000][1536][gc,phases   ] GC(278)   Post Evacuate Collection Set: 1.9ms
[2024-02-06T10:43:46.859+0000][1536][gc,phases   ] GC(278)   Other: 1.3ms
[2024-02-06T10:43:46.859+0000][1536][gc,age      ] GC(278) Age table with threshold 2 (max threshold 15)
[2024-02-06T10:43:46.859+0000][1536][gc,age      ] GC(278) - age   1:   68721816 bytes,   68721816 total
[2024-02-06T10:43:46.859+0000][1536][gc,age      ] GC(278) - age   2:   57548056 bytes,  126269872 total
[2024-02-06T10:43:46.859+0000][1536][gc,heap     ] GC(278) Eden regions: 472->0(18)
[2024-02-06T10:43:46.859+0000][1536][gc,heap     ] GC(278) Survivor regions: 38->32(64)
[2024-02-06T10:43:46.859+0000][1536][gc,heap     ] GC(278) Old regions: 243->260
[2024-02-06T10:43:46.859+0000][1536][gc,heap     ] GC(278) Archive regions: 0->0
[2024-02-06T10:43:46.859+0000][1536][gc,heap     ] GC(278) Humongous regions: 2->2
[2024-02-06T10:43:46.859+0000][1536][gc,metaspace] GC(278) Metaspace: 132205K(138176K)->132205K(138176K) NonClass: 115156K(118912K)->115156K(118912K) Class: 17049K(19264K)->17049K(19264K)
[2024-02-06T10:43:46.859+0000][1536][gc          ] GC(278) Pause Young (Prepare Mixed) (G1 Evacuation Pause) 3014M->1172M(4040M) 93.402ms
[2024-02-06T10:43:46.859+0000][1536][gc,cpu      ] GC(278) User=0.30s Sys=0.06s Real=0.09s
[2024-02-06T10:43:46.859+0000][1536][safepoint   ] Safepoint "G1CollectForAllocation", Time since last: 23401590300 ns, Reaching safepoint: 145100 ns, At safepoint: 93693400 ns, Total: 93838500 ns
[2024-02-06T10:43:47.229+0000][1536][gc,start    ] GC(279) Pause Young (Mixed) (G1 Evacuation Pause)
[2024-02-06T10:43:47.229+0000][1536][gc,task     ] GC(279) Using 8 workers of 8 for evacuation
[2024-02-06T10:43:47.229+0000][1536][gc,age      ] GC(279) Desired survivor size 14680064 bytes, new threshold 1 (max threshold 15)
[2024-02-06T10:43:47.504+0000][1536][gc,mmu      ] GC(279) MMU target violated: 201.0ms (200.0ms/201.0ms)
[2024-02-06T10:43:47.504+0000][1536][gc,phases   ] GC(279)   Pre Evacuate Collection Set: 0.3ms
[2024-02-06T10:43:47.504+0000][1536][gc,phases   ] GC(279)   Merge Heap Roots: 0.5ms
[2024-02-06T10:43:47.504+0000][1536][gc,phases   ] GC(279)   Evacuate Collection Set: 269.3ms
[2024-02-06T10:43:47.504+0000][1536][gc,phases   ] GC(279)   Post Evacuate Collection Set: 4.4ms
[2024-02-06T10:43:47.504+0000][1536][gc,phases   ] GC(279)   Other: 0.3ms
[2024-02-06T10:43:47.504+0000][1536][gc,age      ] GC(279) Age table with threshold 1 (max threshold 15)
[2024-02-06T10:43:47.504+0000][1536][gc,age      ] GC(279) - age   1:    3009328 bytes,    3009328 total
[2024-02-06T10:43:47.504+0000][1536][gc,heap     ] GC(279) Eden regions: 18->0(554)
[2024-02-06T10:43:47.504+0000][1536][gc,heap     ] GC(279) Survivor regions: 32->4(7)
[2024-02-06T10:43:47.504+0000][1536][gc,heap     ] GC(279) Old regions: 260->226
[2024-02-06T10:43:47.504+0000][1536][gc,heap     ] GC(279) Archive regions: 0->0
[2024-02-06T10:43:47.504+0000][1536][gc,heap     ] GC(279) Humongous regions: 2->2
[2024-02-06T10:43:47.504+0000][1536][gc,metaspace] GC(279) Metaspace: 132205K(138176K)->132205K(138176K) NonClass: 115156K(118912K)->115156K(118912K) Class: 17049K(19264K)->17049K(19264K)
[2024-02-06T10:43:47.504+0000][1536][gc          ] GC(279) Pause Young (Mixed) (G1 Evacuation Pause) 1244M->928M(4040M) 275.225ms
[2024-02-06T10:43:47.504+0000][1536][gc,cpu      ] GC(279) User=0.42s Sys=1.05s Real=0.27s
[2024-02-06T10:43:47.505+0000][1536][safepoint   ] Safepoint "G1CollectForAllocation", Time since last: 367228800 ns, Reaching safepoint: 127800 ns, At safepoint: 275614700 ns, Total: 275742500 ns
[2024-02-06T10:44:16.144+0000][1536][gc,start    ] GC(280) Pause Young (Normal) (G1 Evacuation Pause)
[2024-02-06T10:44:16.144+0000][1536][gc,task     ] GC(280) Using 8 workers of 8 for evacuation
[2024-02-06T10:44:16.144+0000][1536][gc,age      ] GC(280) Desired survivor size 146800640 bytes, new threshold 15 (max threshold 15)
[2024-02-06T10:44:16.192+0000][1536][gc,phases   ] GC(280)   Pre Evacuate Collection Set: 0.3ms
[2024-02-06T10:44:16.192+0000][1536][gc,phases   ] GC(280)   Merge Heap Roots: 0.4ms
[2024-02-06T10:44:16.192+0000][1536][gc,phases   ] GC(280)   Evacuate Collection Set: 47.5ms
[2024-02-06T10:44:16.192+0000][1536][gc,phases   ] GC(280)   Post Evacuate Collection Set: 2.8ms
[2024-02-06T10:44:16.192+0000][1536][gc,phases   ] GC(280)   Other: 0.5ms
[2024-02-06T10:44:16.192+0000][1536][gc,age      ] GC(280) Age table with threshold 15 (max threshold 15)
[2024-02-06T10:44:16.192+0000][1536][gc,age      ] GC(280) - age   1:   97391800 bytes,   97391800 total
[2024-02-06T10:44:16.192+0000][1536][gc,age      ] GC(280) - age   2:    1842824 bytes,   99234624 total
[2024-02-06T10:44:16.192+0000][1536][gc,heap     ] GC(280) Eden regions: 554->0(537)
[2024-02-06T10:44:16.192+0000][1536][gc,heap     ] GC(280) Survivor regions: 4->25(70)
[2024-02-06T10:44:16.192+0000][1536][gc,heap     ] GC(280) Old regions: 226->226
[2024-02-06T10:44:16.192+0000][1536][gc,heap     ] GC(280) Archive regions: 0->0
[2024-02-06T10:44:16.192+0000][1536][gc,heap     ] GC(280) Humongous regions: 2->2
[2024-02-06T10:44:16.192+0000][1536][gc,metaspace] GC(280) Metaspace: 132205K(138176K)->132205K(138176K) NonClass: 115156K(118912K)->115156K(118912K) Class: 17049K(19264K)->17049K(19264K)
[2024-02-06T10:44:16.192+0000][1536][gc          ] GC(280) Pause Young (Normal) (G1 Evacuation Pause) 3144M->1011M(4040M) 52.318ms
[2024-02-06T10:44:16.192+0000][1536][gc,cpu      ] GC(280) User=0.38s Sys=0.00s Real=0.05s
[2024-02-06T10:44:16.192+0000][1536][safepoint   ] Safepoint "G1CollectForAllocation", Time since last: 28642166500 ns, Reaching safepoint: 198600 ns, At safepoint: 52608100 ns, Total: 52806700 ns
[2024-02-06T10:44:45.032+0000][1536][gc,start    ] GC(281) Pause Young (Normal) (G1 Evacuation Pause)
[2024-02-06T10:44:45.032+0000][1536][gc,task     ] GC(281) Using 8 workers of 8 for evacuation
[2024-02-06T10:44:45.032+0000][1536][gc,age      ] GC(281) Desired survivor size 148897792 bytes, new threshold 15 (max threshold 15)
[2024-02-06T10:44:45.101+0000][1536][gc,phases   ] GC(281)   Pre Evacuate Collection Set: 0.3ms
[2024-02-06T10:44:45.101+0000][1536][gc,phases   ] GC(281)   Merge Heap Roots: 2.3ms
[2024-02-06T10:44:45.101+0000][1536][gc,phases   ] GC(281)   Evacuate Collection Set: 74.6ms
[2024-02-06T10:44:45.101+0000][1536][gc,phases   ] GC(281)   Post Evacuate Collection Set: 1.4ms
[2024-02-06T10:44:45.101+0000][1536][gc,phases   ] GC(281)   Other: 0.4ms
[2024-02-06T10:44:45.101+0000][1536][gc,age      ] GC(281) Age table with threshold 15 (max threshold 15)
[2024-02-06T10:44:45.101+0000][1536][gc,age      ] GC(281) - age   1:   93971752 bytes,   93971752 total
[2024-02-06T10:44:45.101+0000][1536][gc,age      ] GC(281) - age   2:   80951936 bytes,  174923688 total
[2024-02-06T10:44:45.101+0000][1536][gc,age      ] GC(281) - age   3:    1793760 bytes,  176717448 total
[2024-02-06T10:44:45.101+0000][1536][gc,heap     ] GC(281) Eden regions: 537->0(519)
[2024-02-06T10:44:45.101+0000][1536][gc,heap     ] GC(281) Survivor regions: 25->44(71)
[2024-02-06T10:44:45.101+0000][1536][gc,heap     ] GC(281) Old regions: 226->226
[2024-02-06T10:44:45.101+0000][1536][gc,heap     ] GC(281) Archive regions: 0->0
[2024-02-06T10:44:45.101+0000][1536][gc,heap     ] GC(281) Humongous regions: 2->2
[2024-02-06T10:44:45.101+0000][1536][gc,metaspace] GC(281) Metaspace: 132212K(138176K)->132212K(138176K) NonClass: 115162K(118912K)->115162K(118912K) Class: 17049K(19264K)->17049K(19264K)
[2024-02-06T10:44:45.101+0000][1536][gc          ] GC(281) Pause Young (Normal) (G1 Evacuation Pause) 3159M->1086M(4040M) 79.553ms
[2024-02-06T10:44:45.101+0000][1536][gc,cpu      ] GC(281) User=0.39s Sys=0.06s Real=0.07s
[2024-02-06T10:44:45.101+0000][1536][safepoint   ] Safepoint "G1CollectForAllocation", Time since last: 28834080900 ns, Reaching safepoint: 110400 ns, At safepoint: 79809100 ns, Total: 79919500 ns
[2024-02-06T10:45:10.299+0000][1536][safepoint   ] Safepoint "Cleanup", Time since last: 25185239400 ns, Reaching safepoint: 116200 ns, At safepoint: 20900 ns, Total: 137100 ns
[2024-02-06T10:45:16.649+0000][1536][gc,start    ] GC(282) Pause Young (Concurrent Start) (G1 Evacuation Pause)
[2024-02-06T10:45:16.649+0000][1536][gc,task     ] GC(282) Using 8 workers of 8 for evacuation
[2024-02-06T10:45:16.649+0000][1536][gc,age      ] GC(282) Desired survivor size 148897792 bytes, new threshold 2 (max threshold 15)
[2024-02-06T10:45:16.786+0000][1536][gc,phases   ] GC(282)   Pre Evacuate Collection Set: 0.7ms
[2024-02-06T10:45:16.786+0000][1536][gc,phases   ] GC(282)   Merge Heap Roots: 0.6ms
[2024-02-06T10:45:16.786+0000][1536][gc,phases   ] GC(282)   Evacuate Collection Set: 123.5ms
[2024-02-06T10:45:16.788+0000][1536][gc,phases   ] GC(282)   Post Evacuate Collection Set: 1.3ms
[2024-02-06T10:45:16.788+0000][1536][gc,phases   ] GC(282)   Other: 0.4ms
[2024-02-06T10:45:16.788+0000][1536][gc,age      ] GC(282) Age table with threshold 2 (max threshold 15)
[2024-02-06T10:45:16.788+0000][1536][gc,age      ] GC(282) - age   1:   88534768 bytes,   88534768 total
[2024-02-06T10:45:16.788+0000][1536][gc,age      ] GC(282) - age   2:   79043088 bytes,  167577856 total
[2024-02-06T10:45:16.788+0000][1536][gc,heap     ] GC(282) Eden regions: 519->0(496)
[2024-02-06T10:45:16.788+0000][1536][gc,heap     ] GC(282) Survivor regions: 44->43(71)
[2024-02-06T10:45:16.788+0000][1536][gc,heap     ] GC(282) Old regions: 226->242
[2024-02-06T10:45:16.788+0000][1536][gc,heap     ] GC(282) Archive regions: 0->0
[2024-02-06T10:45:16.788+0000][1536][gc,heap     ] GC(282) Humongous regions: 2->2
[2024-02-06T10:45:16.788+0000][1536][gc,metaspace] GC(282) Metaspace: 132217K(138176K)->132217K(138176K) NonClass: 115167K(118912K)->115167K(118912K) Class: 17049K(19264K)->17049K(19264K)
[2024-02-06T10:45:16.788+0000][1536][gc          ] GC(282) Pause Young (Concurrent Start) (G1 Evacuation Pause) 3162M->1146M(4040M) 127.151ms
[2024-02-06T10:45:16.788+0000][1536][gc          ] GC(283) Concurrent Mark Cycle
[2024-02-06T10:45:16.788+0000][1536][gc,cpu      ] GC(282) User=0.52s Sys=0.44s Real=0.14s
[2024-02-06T10:45:16.788+0000][1536][gc,marking  ] GC(283) Concurrent Clear Claimed Marks
[2024-02-06T10:45:16.788+0000][1536][safepoint   ] Safepoint "G1CollectForAllocation", Time since last: 6361292600 ns, Reaching safepoint: 197900 ns, At safepoint: 127560000 ns, Total: 127757900 ns
[2024-02-06T10:45:16.788+0000][1536][gc,marking  ] GC(283) Concurrent Clear Claimed Marks 0.245ms
[2024-02-06T10:45:16.788+0000][1536][gc,marking  ] GC(283) Concurrent Scan Root Regions
[2024-02-06T10:45:16.856+0000][1536][gc,marking  ] GC(283) Concurrent Scan Root Regions 67.817ms
[2024-02-06T10:45:16.856+0000][1536][gc,marking  ] GC(283) Concurrent Mark
[2024-02-06T10:45:16.856+0000][1536][gc,marking  ] GC(283) Concurrent Mark From Roots
[2024-02-06T10:45:16.856+0000][1536][gc,task     ] GC(283) Using 2 workers of 2 for marking
[2024-02-06T10:45:17.243+0000][1536][gc,marking  ] GC(283) Concurrent Mark From Roots 387.129ms
[2024-02-06T10:45:17.243+0000][1536][gc,marking  ] GC(283) Concurrent Preclean
[2024-02-06T10:45:17.244+0000][1536][gc,marking  ] GC(283) Concurrent Preclean 1.036ms
[2024-02-06T10:45:17.244+0000][1536][gc,start    ] GC(283) Pause Remark
[2024-02-06T10:45:17.260+0000][1536][gc          ] GC(283) Pause Remark 1222M->1222M(4040M) 15.882ms
[2024-02-06T10:45:17.260+0000][1536][gc,cpu      ] GC(283) User=0.05s Sys=0.00s Real=0.02s
[2024-02-06T10:45:17.261+0000][1536][safepoint   ] Safepoint "G1Concurrent", Time since last: 456381900 ns, Reaching safepoint: 58500 ns, At safepoint: 16067700 ns, Total: 16126200 ns
[2024-02-06T10:45:17.261+0000][1536][gc,marking  ] GC(283) Concurrent Mark 404.530ms
[2024-02-06T10:45:17.261+0000][1536][gc,marking  ] GC(283) Concurrent Rebuild Remembered Sets
[2024-02-06T10:45:17.465+0000][1536][gc,marking  ] GC(283) Concurrent Rebuild Remembered Sets 209.282ms
[2024-02-06T10:45:17.465+0000][1536][gc,start    ] GC(283) Pause Cleanup
[2024-02-06T10:45:17.465+0000][1536][gc          ] GC(283) Pause Cleanup 1256M->1256M(4040M) 0.563ms
[2024-02-06T10:45:17.465+0000][1536][gc,cpu      ] GC(283) User=0.00s Sys=0.00s Real=0.00s
[2024-02-06T10:45:17.465+0000][1536][safepoint   ] Safepoint "G1Concurrent", Time since last: 209524300 ns, Reaching safepoint: 117300 ns, At safepoint: 698600 ns, Total: 815900 ns
[2024-02-06T10:45:17.465+0000][1536][gc,marking  ] GC(283) Concurrent Cleanup for Next Mark
[2024-02-06T10:45:17.498+0000][1536][gc,marking  ] GC(283) Concurrent Cleanup for Next Mark 28.339ms
[2024-02-06T10:45:17.500+0000][1536][gc          ] GC(283) Concurrent Mark Cycle 711.672ms
[2024-02-06T10:45:20.486+0000][1536][safepoint   ] Safepoint "Cleanup", Time since last: 3014600600 ns, Reaching safepoint: 140800 ns, At safepoint: 58500 ns, Total: 199300 ns
[2024-02-06T10:45:31.604+0000][1536][safepoint   ] Safepoint "Cleanup", Time since last: 11118245900 ns, Reaching safepoint: 206100 ns, At safepoint: 90500 ns, Total: 296600 ns
[2024-02-06T10:45:42.718+0000][1536][safepoint   ] Safepoint "Cleanup", Time since last: 11067834100 ns, Reaching safepoint: 45554200 ns, At safepoint: 125400 ns, Total: 45679600 ns
[2024-02-06T10:45:42.782+0000][1536][gc,start    ] GC(284) Pause Young (Prepare Mixed) (G1 Evacuation Pause)
[2024-02-06T10:45:42.782+0000][1536][gc,task     ] GC(284) Using 8 workers of 8 for evacuation
[2024-02-06T10:45:42.782+0000][1536][gc,age      ] GC(284) Desired survivor size 144703488 bytes, new threshold 2 (max threshold 15)
[2024-02-06T10:45:42.869+0000][1536][gc,phases   ] GC(284)   Pre Evacuate Collection Set: 0.4ms
[2024-02-06T10:45:42.869+0000][1536][gc,phases   ] GC(284)   Merge Heap Roots: 0.6ms
[2024-02-06T10:45:42.869+0000][1536][gc,phases   ] GC(284)   Evacuate Collection Set: 82.6ms
[2024-02-06T10:45:42.869+0000][1536][gc,phases   ] GC(284)   Post Evacuate Collection Set: 1.2ms
[2024-02-06T10:45:42.869+0000][1536][gc,phases   ] GC(284)   Other: 0.9ms
[2024-02-06T10:45:42.869+0000][1536][gc,age      ] GC(284) Age table with threshold 2 (max threshold 15)
[2024-02-06T10:45:42.869+0000][1536][gc,age      ] GC(284) - age   1:   78669280 bytes,   78669280 total
[2024-02-06T10:45:42.869+0000][1536][gc,age      ] GC(284) - age   2:   74116584 bytes,  152785864 total
[2024-02-06T10:45:42.869+0000][1536][gc,heap     ] GC(284) Eden regions: 505->0(12)
[2024-02-06T10:45:42.869+0000][1536][gc,heap     ] GC(284) Survivor regions: 43->38(69)
[2024-02-06T10:45:42.869+0000][1536][gc,heap     ] GC(284) Old regions: 242->258
[2024-02-06T10:45:42.869+0000][1536][gc,heap     ] GC(284) Archive regions: 0->0
[2024-02-06T10:45:42.869+0000][1536][gc,heap     ] GC(284) Humongous regions: 2->2
[2024-02-06T10:45:42.869+0000][1536][gc,metaspace] GC(284) Metaspace: 132217K(138176K)->132217K(138176K) NonClass: 115167K(118912K)->115167K(118912K) Class: 17049K(19264K)->17049K(19264K)
[2024-02-06T10:45:42.869+0000][1536][gc          ] GC(284) Pause Young (Prepare Mixed) (G1 Evacuation Pause) 3166M->1191M(4040M) 86.634ms
[2024-02-06T10:45:42.869+0000][1536][gc,cpu      ] GC(284) User=0.39s Sys=0.19s Real=0.09s
[2024-02-06T10:45:42.869+0000][1536][safepoint   ] Safepoint "G1CollectForAllocation", Time since last: 57730200 ns, Reaching safepoint: 6954500 ns, At safepoint: 86839700 ns, Total: 93794200 ns
[2024-02-06T10:45:43.678+0000][1536][gc,start    ] GC(285) Pause Young (Mixed) (G1 Evacuation Pause)
[2024-02-06T10:45:43.678+0000][1536][gc,task     ] GC(285) Using 8 workers of 8 for evacuation
[2024-02-06T10:45:43.678+0000][1536][gc,age      ] GC(285) Desired survivor size 14680064 bytes, new threshold 1 (max threshold 15)
[2024-02-06T10:45:43.903+0000][1536][gc,mmu      ] GC(285) MMU target violated: 201.0ms (200.0ms/201.0ms)
[2024-02-06T10:45:43.903+0000][1536][gc,phases   ] GC(285)   Pre Evacuate Collection Set: 0.2ms
[2024-02-06T10:45:43.903+0000][1536][gc,phases   ] GC(285)   Merge Heap Roots: 0.3ms
[2024-02-06T10:45:43.903+0000][1536][gc,phases   ] GC(285)   Evacuate Collection Set: 223.3ms
[2024-02-06T10:45:43.903+0000][1536][gc,phases   ] GC(285)   Post Evacuate Collection Set: 1.3ms
[2024-02-06T10:45:43.903+0000][1536][gc,phases   ] GC(285)   Other: 0.3ms
[2024-02-06T10:45:43.903+0000][1536][gc,age      ] GC(285) Age table with threshold 1 (max threshold 15)
[2024-02-06T10:45:43.903+0000][1536][gc,age      ] GC(285) - age   1:    2194480 bytes,    2194480 total
[2024-02-06T10:45:43.903+0000][1536][gc,heap     ] GC(285) Eden regions: 12->0(552)
[2024-02-06T10:45:43.903+0000][1536][gc,heap     ] GC(285) Survivor regions: 38->4(7)
[2024-02-06T10:45:43.903+0000][1536][gc,heap     ] GC(285) Old regions: 258->227
[2024-02-06T10:45:43.903+0000][1536][gc,heap     ] GC(285) Archive regions: 0->0
[2024-02-06T10:45:43.903+0000][1536][gc,heap     ] GC(285) Humongous regions: 2->2
[2024-02-06T10:45:43.904+0000][1536][gc,metaspace] GC(285) Metaspace: 132217K(138176K)->132217K(138176K) NonClass: 115167K(118912K)->115167K(118912K) Class: 17049K(19264K)->17049K(19264K)
[2024-02-06T10:45:43.904+0000][1536][gc          ] GC(285) Pause Young (Mixed) (G1 Evacuation Pause) 1239M->930M(4040M) 225.937ms
[2024-02-06T10:45:43.904+0000][1536][gc,cpu      ] GC(285) User=0.34s Sys=0.86s Real=0.23s
[2024-02-06T10:45:43.911+0000][1536][safepoint   ] Safepoint "G1CollectForAllocation", Time since last: 808739300 ns, Reaching safepoint: 107400 ns, At safepoint: 233293900 ns, Total: 233401300 ns
[2024-02-06T10:46:12.474+0000][1536][gc,start    ] GC(286) Pause Young (Normal) (G1 Evacuation Pause)
[2024-02-06T10:46:12.474+0000][1536][gc,task     ] GC(286) Using 8 workers of 8 for evacuation
[2024-02-06T10:46:12.474+0000][1536][gc,age      ] GC(286) Desired survivor size 146800640 bytes, new threshold 15 (max threshold 15)
[2024-02-06T10:46:12.524+0000][1536][gc,phases   ] GC(286)   Pre Evacuate Collection Set: 0.2ms
[2024-02-06T10:46:12.524+0000][1536][gc,phases   ] GC(286)   Merge Heap Roots: 0.3ms
[2024-02-06T10:46:12.524+0000][1536][gc,phases   ] GC(286)   Evacuate Collection Set: 35.0ms
[2024-02-06T10:46:12.524+0000][1536][gc,phases   ] GC(286)   Post Evacuate Collection Set: 1.5ms
[2024-02-06T10:46:12.524+0000][1536][gc,phases   ] GC(286)   Other: 0.3ms
[2024-02-06T10:46:12.524+0000][1536][gc,age      ] GC(286) Age table with threshold 15 (max threshold 15)
[2024-02-06T10:46:12.524+0000][1536][gc,age      ] GC(286) - age   1:   96251336 bytes,   96251336 total
[2024-02-06T10:46:12.524+0000][1536][gc,age      ] GC(286) - age   2:    1165376 bytes,   97416712 total
[2024-02-06T10:46:12.524+0000][1536][gc,heap     ] GC(286) Eden regions: 552->0(535)
[2024-02-06T10:46:12.524+0000][1536][gc,heap     ] GC(286) Survivor regions: 4->25(70)
[2024-02-06T10:46:12.524+0000][1536][gc,heap     ] GC(286) Old regions: 227->227
[2024-02-06T10:46:12.524+0000][1536][gc,heap     ] GC(286) Archive regions: 0->0
[2024-02-06T10:46:12.524+0000][1536][gc,heap     ] GC(286) Humongous regions: 2->2
[2024-02-06T10:46:12.524+0000][1536][gc,metaspace] GC(286) Metaspace: 132225K(138176K)->132225K(138176K) NonClass: 115176K(118912K)->115176K(118912K) Class: 17049K(19264K)->17049K(19264K)
[2024-02-06T10:46:12.524+0000][1536][gc          ] GC(286) Pause Young (Normal) (G1 Evacuation Pause) 3138M->1012M(4040M) 38.022ms
[2024-02-06T10:46:12.524+0000][1536][gc,cpu      ] GC(286) User=0.25s Sys=0.03s Real=0.05s
[2024-02-06T10:46:12.524+0000][1536][safepoint   ] Safepoint "G1CollectForAllocation", Time since last: 28575559100 ns, Reaching safepoint: 128300 ns, At safepoint: 38307500 ns, Total: 38435800 ns
[2024-02-06T10:46:34.298+0000][1536][gc,start    ] GC(287) Pause Young (Normal) (G1 Evacuation Pause)
[2024-02-06T10:46:34.298+0000][1536][gc,task     ] GC(287) Using 8 workers of 8 for evacuation
[2024-02-06T10:46:34.314+0000][1536][gc,age      ] GC(287) Desired survivor size 146800640 bytes, new threshold 15 (max threshold 15)
[2024-02-06T10:46:34.367+0000][1536][gc,phases   ] GC(287)   Pre Evacuate Collection Set: 0.3ms
[2024-02-06T10:46:34.367+0000][1536][gc,phases   ] GC(287)   Merge Heap Roots: 0.3ms
[2024-02-06T10:46:34.367+0000][1536][gc,phases   ] GC(287)   Evacuate Collection Set: 51.7ms
[2024-02-06T10:46:34.367+0000][1536][gc,phases   ] GC(287)   Post Evacuate Collection Set: 1.5ms
[2024-02-06T10:46:34.367+0000][1536][gc,phases   ] GC(287)   Other: 0.5ms
[2024-02-06T10:46:34.367+0000][1536][gc,age      ] GC(287) Age table with threshold 15 (max threshold 15)
[2024-02-06T10:46:34.367+0000][1536][gc,age      ] GC(287) - age   1:   87099448 bytes,   87099448 total
[2024-02-06T10:46:34.367+0000][1536][gc,age      ] GC(287) - age   2:   79960920 bytes,  167060368 total
[2024-02-06T10:46:34.367+0000][1536][gc,age      ] GC(287) - age   3:    1001128 bytes,  168061496 total
[2024-02-06T10:46:34.367+0000][1536][gc,heap     ] GC(287) Eden regions: 535->0(519)
[2024-02-06T10:46:34.367+0000][1536][gc,heap     ] GC(287) Survivor regions: 25->42(70)
[2024-02-06T10:46:34.367+0000][1536][gc,heap     ] GC(287) Old regions: 227->227
[2024-02-06T10:46:34.367+0000][1536][gc,heap     ] GC(287) Archive regions: 0->0
[2024-02-06T10:46:34.367+0000][1536][gc,heap     ] GC(287) Humongous regions: 2->2
[2024-02-06T10:46:34.367+0000][1536][gc,metaspace] GC(287) Metaspace: 132228K(138176K)->132228K(138176K) NonClass: 115179K(118912K)->115179K(118912K) Class: 17049K(19264K)->17049K(19264K)
[2024-02-06T10:46:34.367+0000][1536][gc          ] GC(287) Pause Young (Normal) (G1 Evacuation Pause) 3152M->1080M(4040M) 54.759ms
[2024-02-06T10:46:34.367+0000][1536][gc,cpu      ] GC(287) User=0.39s Sys=0.00s Real=0.07s
[2024-02-06T10:46:34.367+0000][1536][safepoint   ] Safepoint "G1CollectForAllocation", Time since last: 21787826300 ns, Reaching safepoint: 136400 ns, At safepoint: 54996900 ns, Total: 55133300 ns
[2024-02-06T10:47:01.653+0000][1536][gc,start    ] GC(288) Pause Young (Concurrent Start) (G1 Evacuation Pause)
[2024-02-06T10:47:01.653+0000][1536][gc,task     ] GC(288) Using 8 workers of 8 for evacuation
[2024-02-06T10:47:01.653+0000][1536][gc,age      ] GC(288) Desired survivor size 148897792 bytes, new threshold 2 (max threshold 15)
[2024-02-06T10:47:01.769+0000][1536][gc,phases   ] GC(288)   Pre Evacuate Collection Set: 0.8ms
[2024-02-06T10:47:01.769+0000][1536][gc,phases   ] GC(288)   Merge Heap Roots: 0.5ms
[2024-02-06T10:47:01.769+0000][1536][gc,phases   ] GC(288)   Evacuate Collection Set: 117.7ms
[2024-02-06T10:47:01.769+0000][1536][gc,phases   ] GC(288)   Post Evacuate Collection Set: 1.4ms
[2024-02-06T10:47:01.769+0000][1536][gc,phases   ] GC(288)   Other: 0.3ms
[2024-02-06T10:47:01.769+0000][1536][gc,age      ] GC(288) Age table with threshold 2 (max threshold 15)
[2024-02-06T10:47:01.769+0000][1536][gc,age      ] GC(288) - age   1:   84425712 bytes,   84425712 total
[2024-02-06T10:47:01.769+0000][1536][gc,age      ] GC(288) - age   2:   71280896 bytes,  155706608 total
[2024-02-06T10:47:01.769+0000][1536][gc,heap     ] GC(288) Eden regions: 519->0(509)
[2024-02-06T10:47:01.769+0000][1536][gc,heap     ] GC(288) Survivor regions: 42->39(71)
[2024-02-06T10:47:01.769+0000][1536][gc,heap     ] GC(288) Old regions: 227->242
[2024-02-06T10:47:01.769+0000][1536][gc,heap     ] GC(288) Archive regions: 0->0
[2024-02-06T10:47:01.769+0000][1536][gc,heap     ] GC(288) Humongous regions: 2->2
[2024-02-06T10:47:01.769+0000][1536][gc,metaspace] GC(288) Metaspace: 132228K(138176K)->132228K(138176K) NonClass: 115179K(118912K)->115179K(118912K) Class: 17049K(19264K)->17049K(19264K)
[2024-02-06T10:47:01.769+0000][1536][gc          ] GC(288) Pause Young (Concurrent Start) (G1 Evacuation Pause) 3156M->1131M(4040M) 121.322ms
[2024-02-06T10:47:01.769+0000][1536][gc          ] GC(289) Concurrent Mark Cycle
[2024-02-06T10:47:01.769+0000][1536][gc,cpu      ] GC(288) User=0.70s Sys=0.17s Real=0.12s
[2024-02-06T10:47:01.769+0000][1536][gc,marking  ] GC(289) Concurrent Clear Claimed Marks
[2024-02-06T10:47:01.769+0000][1536][safepoint   ] Safepoint "G1CollectForAllocation", Time since last: 27236487200 ns, Reaching safepoint: 48254600 ns, At safepoint: 121723000 ns, Total: 169977600 ns
[2024-02-06T10:47:01.769+0000][1536][gc,marking  ] GC(289) Concurrent Clear Claimed Marks 0.256ms
[2024-02-06T10:47:01.769+0000][1536][gc,marking  ] GC(289) Concurrent Scan Root Regions
[2024-02-06T10:47:01.827+0000][1536][gc,marking  ] GC(289) Concurrent Scan Root Regions 51.625ms
[2024-02-06T10:47:01.827+0000][1536][gc,marking  ] GC(289) Concurrent Mark
[2024-02-06T10:47:01.827+0000][1536][gc,marking  ] GC(289) Concurrent Mark From Roots
[2024-02-06T10:47:01.827+0000][1536][gc,task     ] GC(289) Using 2 workers of 2 for marking
[2024-02-06T10:47:02.104+0000][1536][gc,marking  ] GC(289) Concurrent Mark From Roots 278.460ms
[2024-02-06T10:47:02.104+0000][1536][gc,marking  ] GC(289) Concurrent Preclean
[2024-02-06T10:47:02.106+0000][1536][gc,marking  ] GC(289) Concurrent Preclean 1.080ms
[2024-02-06T10:47:02.106+0000][1536][gc,start    ] GC(289) Pause Remark
[2024-02-06T10:47:02.114+0000][1536][gc          ] GC(289) Pause Remark 1173M->1173M(4040M) 15.904ms
[2024-02-06T10:47:02.114+0000][1536][gc,cpu      ] GC(289) User=0.02s Sys=0.02s Real=0.01s
[2024-02-06T10:47:02.114+0000][1536][safepoint   ] Safepoint "G1Concurrent", Time since last: 331559200 ns, Reaching safepoint: 82400 ns, At safepoint: 16177900 ns, Total: 16260300 ns
[2024-02-06T10:47:02.114+0000][1536][gc,marking  ] GC(289) Concurrent Mark 296.074ms
[2024-02-06T10:47:02.114+0000][1536][gc,marking  ] GC(289) Concurrent Rebuild Remembered Sets
[2024-02-06T10:47:02.364+0000][1536][gc,marking  ] GC(289) Concurrent Rebuild Remembered Sets 241.185ms
[2024-02-06T10:47:02.364+0000][1536][gc,start    ] GC(289) Pause Cleanup
[2024-02-06T10:47:02.365+0000][1536][gc          ] GC(289) Pause Cleanup 1203M->1203M(4040M) 0.523ms
[2024-02-06T10:47:02.365+0000][1536][gc,cpu      ] GC(289) User=0.00s Sys=0.00s Real=0.00s
[2024-02-06T10:47:02.365+0000][1536][safepoint   ] Safepoint "G1Concurrent", Time since last: 241433700 ns, Reaching safepoint: 97100 ns, At safepoint: 656500 ns, Total: 753600 ns
[2024-02-06T10:47:02.365+0000][1536][gc,marking  ] GC(289) Concurrent Cleanup for Next Mark
[2024-02-06T10:47:02.373+0000][1536][gc,marking  ] GC(289) Concurrent Cleanup for Next Mark 8.356ms
[2024-02-06T10:47:02.373+0000][1536][gc          ] GC(289) Concurrent Mark Cycle 598.771ms
[2024-02-06T10:47:20.605+0000][1536][safepoint   ] Safepoint "Cleanup", Time since last: 18114208900 ns, Reaching safepoint: 125548700 ns, At safepoint: 49900 ns, Total: 125598600 ns
[2024-02-06T10:47:32.225+0000][1536][gc,start    ] GC(290) Pause Young (Prepare Mixed) (G1 Evacuation Pause)
[2024-02-06T10:47:32.225+0000][1536][gc,task     ] GC(290) Using 8 workers of 8 for evacuation
[2024-02-06T10:47:32.225+0000][1536][gc,age      ] GC(290) Desired survivor size 144703488 bytes, new threshold 2 (max threshold 15)
[2024-02-06T10:47:32.359+0000][1536][gc,phases   ] GC(290)   Pre Evacuate Collection Set: 0.3ms
[2024-02-06T10:47:32.359+0000][1536][gc,phases   ] GC(290)   Merge Heap Roots: 0.5ms
[2024-02-06T10:47:32.359+0000][1536][gc,phases   ] GC(290)   Evacuate Collection Set: 123.1ms
[2024-02-06T10:47:32.359+0000][1536][gc,phases   ] GC(290)   Post Evacuate Collection Set: 1.4ms
[2024-02-06T10:47:32.359+0000][1536][gc,phases   ] GC(290)   Other: 0.3ms
[2024-02-06T10:47:32.359+0000][1536][gc,age      ] GC(290) Age table with threshold 2 (max threshold 15)
[2024-02-06T10:47:32.359+0000][1536][gc,age      ] GC(290) - age   1:   93879632 bytes,   93879632 total
[2024-02-06T10:47:32.359+0000][1536][gc,age      ] GC(290) - age   2:   65980760 bytes,  159860392 total
[2024-02-06T10:47:32.359+0000][1536][gc,heap     ] GC(290) Eden regions: 509->0(9)
[2024-02-06T10:47:32.359+0000][1536][gc,heap     ] GC(290) Survivor regions: 39->41(69)
[2024-02-06T10:47:32.359+0000][1536][gc,heap     ] GC(290) Old regions: 242->256
[2024-02-06T10:47:32.359+0000][1536][gc,heap     ] GC(290) Archive regions: 0->0
[2024-02-06T10:47:32.359+0000][1536][gc,heap     ] GC(290) Humongous regions: 2->2
[2024-02-06T10:47:32.359+0000][1536][gc,metaspace] GC(290) Metaspace: 132232K(138176K)->132232K(138176K) NonClass: 115182K(118912K)->115182K(118912K) Class: 17049K(19264K)->17049K(19264K)
[2024-02-06T10:47:32.359+0000][1536][gc          ] GC(290) Pause Young (Prepare Mixed) (G1 Evacuation Pause) 3167M->1193M(4040M) 126.308ms
[2024-02-06T10:47:32.359+0000][1536][gc,cpu      ] GC(290) User=0.70s Sys=0.27s Real=0.13s
[2024-02-06T10:47:32.359+0000][1536][safepoint   ] Safepoint "G1CollectForAllocation", Time since last: 11627783100 ns, Reaching safepoint: 167800 ns, At safepoint: 126586800 ns, Total: 126754600 ns
[2024-02-06T10:47:32.545+0000][1536][gc,start    ] GC(291) Pause Young (Mixed) (G1 Evacuation Pause)
[2024-02-06T10:47:32.545+0000][1536][gc,task     ] GC(291) Using 8 workers of 8 for evacuation
[2024-02-06T10:47:32.545+0000][1536][gc,age      ] GC(291) Desired survivor size 14680064 bytes, new threshold 1 (max threshold 15)
[2024-02-06T10:47:32.723+0000][1536][gc,phases   ] GC(291)   Pre Evacuate Collection Set: 0.3ms
[2024-02-06T10:47:32.723+0000][1536][gc,phases   ] GC(291)   Merge Heap Roots: 0.5ms
[2024-02-06T10:47:32.723+0000][1536][gc,phases   ] GC(291)   Evacuate Collection Set: 169.8ms
[2024-02-06T10:47:32.723+0000][1536][gc,phases   ] GC(291)   Post Evacuate Collection Set: 0.8ms
[2024-02-06T10:47:32.723+0000][1536][gc,phases   ] GC(291)   Other: 0.3ms
[2024-02-06T10:47:32.723+0000][1536][gc,age      ] GC(291) Age table with threshold 1 (max threshold 15)
[2024-02-06T10:47:32.723+0000][1536][gc,age      ] GC(291) - age   1:    1001184 bytes,    1001184 total
[2024-02-06T10:47:32.723+0000][1536][gc,heap     ] GC(291) Eden regions: 9->0(553)
[2024-02-06T10:47:32.723+0000][1536][gc,heap     ] GC(291) Survivor regions: 41->4(7)
[2024-02-06T10:47:32.723+0000][1536][gc,heap     ] GC(291) Old regions: 256->226
[2024-02-06T10:47:32.723+0000][1536][gc,heap     ] GC(291) Archive regions: 0->0
[2024-02-06T10:47:32.723+0000][1536][gc,heap     ] GC(291) Humongous regions: 2->2
[2024-02-06T10:47:32.723+0000][1536][gc,metaspace] GC(291) Metaspace: 132232K(138176K)->132232K(138176K) NonClass: 115182K(118912K)->115182K(118912K) Class: 17049K(19264K)->17049K(19264K)
[2024-02-06T10:47:32.723+0000][1536][gc          ] GC(291) Pause Young (Mixed) (G1 Evacuation Pause) 1229M->928M(4040M) 172.075ms
[2024-02-06T10:47:32.723+0000][1536][gc,cpu      ] GC(291) User=0.47s Sys=0.42s Real=0.18s
[2024-02-06T10:47:32.724+0000][1536][safepoint   ] Safepoint "G1CollectForAllocation", Time since last: 192581800 ns, Reaching safepoint: 220400 ns, At safepoint: 172514700 ns, Total: 172735100 ns
[2024-02-06T10:47:50.876+0000][1536][safepoint   ] Safepoint "Cleanup", Time since last: 18151099300 ns, Reaching safepoint: 145300 ns, At safepoint: 72900 ns, Total: 218200 ns
[2024-02-06T10:47:59.301+0000][1536][gc,start    ] GC(292) Pause Young (Normal) (G1 Evacuation Pause)
[2024-02-06T10:47:59.301+0000][1536][gc,task     ] GC(292) Using 8 workers of 8 for evacuation
[2024-02-06T10:47:59.301+0000][1536][gc,age      ] GC(292) Desired survivor size 146800640 bytes, new threshold 15 (max threshold 15)
[2024-02-06T10:47:59.344+0000][1536][gc,phases   ] GC(292)   Pre Evacuate Collection Set: 0.3ms
[2024-02-06T10:47:59.344+0000][1536][gc,phases   ] GC(292)   Merge Heap Roots: 0.2ms
[2024-02-06T10:47:59.344+0000][1536][gc,phases   ] GC(292)   Evacuate Collection Set: 36.4ms
[2024-02-06T10:47:59.344+0000][1536][gc,phases   ] GC(292)   Post Evacuate Collection Set: 1.5ms
[2024-02-06T10:47:59.344+0000][1536][gc,phases   ] GC(292)   Other: 2.3ms
[2024-02-06T10:47:59.344+0000][1536][gc,age      ] GC(292) Age table with threshold 15 (max threshold 15)
[2024-02-06T10:47:59.344+0000][1536][gc,age      ] GC(292) - age   1:   87424264 bytes,   87424264 total
[2024-02-06T10:47:59.344+0000][1536][gc,age      ] GC(292) - age   2:     558080 bytes,   87982344 total
[2024-02-06T10:47:59.344+0000][1536][gc,heap     ] GC(292) Eden regions: 553->0(537)
[2024-02-06T10:47:59.344+0000][1536][gc,heap     ] GC(292) Survivor regions: 4->23(70)
[2024-02-06T10:47:59.344+0000][1536][gc,heap     ] GC(292) Old regions: 226->226
[2024-02-06T10:47:59.344+0000][1536][gc,heap     ] GC(292) Archive regions: 0->0
[2024-02-06T10:47:59.344+0000][1536][gc,heap     ] GC(292) Humongous regions: 2->2
[2024-02-06T10:47:59.344+0000][1536][gc,metaspace] GC(292) Metaspace: 132232K(138176K)->132232K(138176K) NonClass: 115182K(118912K)->115182K(118912K) Class: 17049K(19264K)->17049K(19264K)
[2024-02-06T10:47:59.344+0000][1536][gc          ] GC(292) Pause Young (Normal) (G1 Evacuation Pause) 3140M->1002M(4040M) 41.355ms
[2024-02-06T10:47:59.344+0000][1536][gc,cpu      ] GC(292) User=0.25s Sys=0.00s Real=0.04s
[2024-02-06T10:47:59.344+0000][1536][safepoint   ] Safepoint "G1CollectForAllocation", Time since last: 8427146200 ns, Reaching safepoint: 107100 ns, At safepoint: 41569700 ns, Total: 41676800 ns
[2024-02-06T10:48:21.089+0000][1536][safepoint   ] Safepoint "Cleanup", Time since last: 21169078100 ns, Reaching safepoint: 575714900 ns, At safepoint: 218600 ns, Total: 575933500 ns
[2024-02-06T10:48:24.107+0000][1536][safepoint   ] Safepoint "Cleanup", Time since last: 3016937500 ns, Reaching safepoint: 178700 ns, At safepoint: 47200 ns, Total: 225900 ns
[2024-02-06T10:48:37.043+0000][1536][gc,start    ] GC(293) Pause Young (Normal) (G1 Evacuation Pause)
[2024-02-06T10:48:37.043+0000][1536][gc,task     ] GC(293) Using 8 workers of 8 for evacuation
[2024-02-06T10:48:37.043+0000][1536][gc,age      ] GC(293) Desired survivor size 146800640 bytes, new threshold 15 (max threshold 15)
[2024-02-06T10:48:37.100+0000][1536][gc,phases   ] GC(293)   Pre Evacuate Collection Set: 0.2ms
[2024-02-06T10:48:37.100+0000][1536][gc,phases   ] GC(293)   Merge Heap Roots: 0.2ms
[2024-02-06T10:48:37.100+0000][1536][gc,phases   ] GC(293)   Evacuate Collection Set: 54.8ms
[2024-02-06T10:48:37.100+0000][1536][gc,phases   ] GC(293)   Post Evacuate Collection Set: 1.7ms
[2024-02-06T10:48:37.100+0000][1536][gc,phases   ] GC(293)   Other: 0.2ms
[2024-02-06T10:48:37.100+0000][1536][gc,age      ] GC(293) Age table with threshold 15 (max threshold 15)
[2024-02-06T10:48:37.100+0000][1536][gc,age      ] GC(293) - age   1:   89198552 bytes,   89198552 total
[2024-02-06T10:48:37.100+0000][1536][gc,age      ] GC(293) - age   2:   72776824 bytes,  161975376 total
[2024-02-06T10:48:37.100+0000][1536][gc,age      ] GC(293) - age   3:     516840 bytes,  162492216 total
[2024-02-06T10:48:37.100+0000][1536][gc,heap     ] GC(293) Eden regions: 537->0(521)
[2024-02-06T10:48:37.100+0000][1536][gc,heap     ] GC(293) Survivor regions: 23->41(70)
[2024-02-06T10:48:37.100+0000][1536][gc,heap     ] GC(293) Old regions: 226->226
[2024-02-06T10:48:37.100+0000][1536][gc,heap     ] GC(293) Archive regions: 0->0
[2024-02-06T10:48:37.100+0000][1536][gc,heap     ] GC(293) Humongous regions: 2->2
[2024-02-06T10:48:37.100+0000][1536][gc,metaspace] GC(293) Metaspace: 132241K(138176K)->132241K(138176K) NonClass: 115192K(118912K)->115192K(118912K) Class: 17049K(19264K)->17049K(19264K)
[2024-02-06T10:48:37.100+0000][1536][gc          ] GC(293) Pause Young (Normal) (G1 Evacuation Pause) 3150M->1075M(4040M) 57.681ms
[2024-02-06T10:48:37.100+0000][1536][gc,cpu      ] GC(293) User=0.50s Sys=0.00s Real=0.06s
[2024-02-06T10:48:37.100+0000][1536][safepoint   ] Safepoint "G1CollectForAllocation", Time since last: 12935796900 ns, Reaching safepoint: 320700 ns, At safepoint: 57916300 ns, Total: 58237000 ns
[2024-02-06T10:48:54.682+0000][1536][gc,start    ] GC(294) Pause Young (Concurrent Start) (G1 Evacuation Pause)
[2024-02-06T10:48:54.682+0000][1536][gc,task     ] GC(294) Using 8 workers of 8 for evacuation
[2024-02-06T10:48:54.682+0000][1536][gc,age      ] GC(294) Desired survivor size 148897792 bytes, new threshold 2 (max threshold 15)
[2024-02-06T10:48:54.774+0000][1536][gc,phases   ] GC(294)   Pre Evacuate Collection Set: 0.5ms
[2024-02-06T10:48:54.774+0000][1536][gc,phases   ] GC(294)   Merge Heap Roots: 0.2ms
[2024-02-06T10:48:54.774+0000][1536][gc,phases   ] GC(294)   Evacuate Collection Set: 78.4ms
[2024-02-06T10:48:54.774+0000][1536][gc,phases   ] GC(294)   Post Evacuate Collection Set: 1.4ms
[2024-02-06T10:48:54.774+0000][1536][gc,phases   ] GC(294)   Other: 0.3ms
[2024-02-06T10:48:54.774+0000][1536][gc,age      ] GC(294) Age table with threshold 2 (max threshold 15)
[2024-02-06T10:48:54.775+0000][1536][gc,age      ] GC(294) - age   1:   87978344 bytes,   87978344 total
[2024-02-06T10:48:54.775+0000][1536][gc,age      ] GC(294) - age   2:   74080192 bytes,  162058536 total
[2024-02-06T10:48:54.775+0000][1536][gc,heap     ] GC(294) Eden regions: 521->0(506)
[2024-02-06T10:48:54.775+0000][1536][gc,heap     ] GC(294) Survivor regions: 41->41(71)
[2024-02-06T10:48:54.775+0000][1536][gc,heap     ] GC(294) Old regions: 226->242
[2024-02-06T10:48:54.775+0000][1536][gc,heap     ] GC(294) Archive regions: 0->0
[2024-02-06T10:48:54.775+0000][1536][gc,heap     ] GC(294) Humongous regions: 2->2
[2024-02-06T10:48:54.775+0000][1536][gc,metaspace] GC(294) Metaspace: 132241K(138176K)->132241K(138176K) NonClass: 115192K(118912K)->115192K(118912K) Class: 17049K(19264K)->17049K(19264K)
[2024-02-06T10:48:54.775+0000][1536][gc          ] GC(294) Pause Young (Concurrent Start) (G1 Evacuation Pause) 3159M->1137M(4040M) 81.495ms
[2024-02-06T10:48:54.775+0000][1536][gc          ] GC(295) Concurrent Mark Cycle
[2024-02-06T10:48:54.775+0000][1536][gc,cpu      ] GC(294) User=0.53s Sys=0.06s Real=0.09s
[2024-02-06T10:48:54.775+0000][1536][gc,marking  ] GC(295) Concurrent Clear Claimed Marks
[2024-02-06T10:48:54.775+0000][1536][safepoint   ] Safepoint "G1CollectForAllocation", Time since last: 17592264800 ns, Reaching safepoint: 113400 ns, At safepoint: 81780700 ns, Total: 81894100 ns
[2024-02-06T10:48:54.775+0000][1536][gc,marking  ] GC(295) Concurrent Clear Claimed Marks 0.298ms
[2024-02-06T10:48:54.775+0000][1536][gc,marking  ] GC(295) Concurrent Scan Root Regions
[2024-02-06T10:48:54.825+0000][1536][gc,marking  ] GC(295) Concurrent Scan Root Regions 50.263ms
[2024-02-06T10:48:54.825+0000][1536][gc,marking  ] GC(295) Concurrent Mark
[2024-02-06T10:48:54.825+0000][1536][gc,marking  ] GC(295) Concurrent Mark From Roots
[2024-02-06T10:48:54.825+0000][1536][gc,task     ] GC(295) Using 2 workers of 2 for marking
[2024-02-06T10:48:55.146+0000][1536][gc,marking  ] GC(295) Concurrent Mark From Roots 321.666ms
[2024-02-06T10:48:55.146+0000][1536][gc,marking  ] GC(295) Concurrent Preclean
[2024-02-06T10:48:55.146+0000][1536][gc,marking  ] GC(295) Concurrent Preclean 1.407ms
[2024-02-06T10:48:55.146+0000][1536][gc,start    ] GC(295) Pause Remark
[2024-02-06T10:48:55.164+0000][1536][gc          ] GC(295) Pause Remark 1201M->1201M(4040M) 19.150ms
[2024-02-06T10:48:55.164+0000][1536][gc,cpu      ] GC(295) User=0.12s Sys=0.00s Real=0.02s
[2024-02-06T10:48:55.164+0000][1536][safepoint   ] Safepoint "G1Concurrent", Time since last: 373799600 ns, Reaching safepoint: 184700 ns, At safepoint: 19438200 ns, Total: 19622900 ns
[2024-02-06T10:48:55.164+0000][1536][gc,marking  ] GC(295) Concurrent Mark 342.982ms
[2024-02-06T10:48:55.164+0000][1536][gc,marking  ] GC(295) Concurrent Rebuild Remembered Sets
[2024-02-06T10:48:55.373+0000][1536][gc,marking  ] GC(295) Concurrent Rebuild Remembered Sets 215.550ms
[2024-02-06T10:48:55.373+0000][1536][gc,start    ] GC(295) Pause Cleanup
[2024-02-06T10:48:55.373+0000][1536][gc          ] GC(295) Pause Cleanup 1229M->1229M(4040M) 1.674ms
[2024-02-06T10:48:55.373+0000][1536][gc,cpu      ] GC(295) User=0.00s Sys=0.00s Real=0.00s
[2024-02-06T10:48:55.373+0000][1536][safepoint   ] Safepoint "G1Concurrent", Time since last: 215815900 ns, Reaching safepoint: 121900 ns, At safepoint: 1855300 ns, Total: 1977200 ns
[2024-02-06T10:48:55.373+0000][1536][gc,marking  ] GC(295) Concurrent Cleanup for Next Mark
[2024-02-06T10:48:55.388+0000][1536][gc,marking  ] GC(295) Concurrent Cleanup for Next Mark 10.036ms
[2024-02-06T10:48:55.388+0000][1536][gc          ] GC(295) Concurrent Mark Cycle 621.631ms
[2024-02-06T10:49:19.689+0000][1536][gc,start    ] GC(296) Pause Young (Prepare Mixed) (G1 Evacuation Pause)
[2024-02-06T10:49:19.690+0000][1536][gc,task     ] GC(296) Using 8 workers of 8 for evacuation
[2024-02-06T10:49:19.690+0000][1536][gc,age      ] GC(296) Desired survivor size 144703488 bytes, new threshold 2 (max threshold 15)
[2024-02-06T10:49:19.802+0000][1536][gc,phases   ] GC(296)   Pre Evacuate Collection Set: 0.4ms
[2024-02-06T10:49:19.802+0000][1536][gc,phases   ] GC(296)   Merge Heap Roots: 0.7ms
[2024-02-06T10:49:19.802+0000][1536][gc,phases   ] GC(296)   Evacuate Collection Set: 109.9ms
[2024-02-06T10:49:19.802+0000][1536][gc,phases   ] GC(296)   Post Evacuate Collection Set: 1.4ms
[2024-02-06T10:49:19.802+0000][1536][gc,phases   ] GC(296)   Other: 0.4ms
[2024-02-06T10:49:19.802+0000][1536][gc,age      ] GC(296) Age table with threshold 2 (max threshold 15)
[2024-02-06T10:49:19.802+0000][1536][gc,age      ] GC(296) - age   1:   87959408 bytes,   87959408 total
[2024-02-06T10:49:19.802+0000][1536][gc,age      ] GC(296) - age   2:   72760928 bytes,  160720336 total
[2024-02-06T10:49:19.802+0000][1536][gc,heap     ] GC(296) Eden regions: 506->0(9)
[2024-02-06T10:49:19.802+0000][1536][gc,heap     ] GC(296) Survivor regions: 41->41(69)
[2024-02-06T10:49:19.802+0000][1536][gc,heap     ] GC(296) Old regions: 242->257
[2024-02-06T10:49:19.802+0000][1536][gc,heap     ] GC(296) Archive regions: 0->0
[2024-02-06T10:49:19.802+0000][1536][gc,heap     ] GC(296) Humongous regions: 2->2
[2024-02-06T10:49:19.802+0000][1536][gc,metaspace] GC(296) Metaspace: 132246K(138176K)->132246K(138176K) NonClass: 115196K(118912K)->115196K(118912K) Class: 17049K(19264K)->17049K(19264K)
[2024-02-06T10:49:19.802+0000][1536][gc          ] GC(296) Pause Young (Prepare Mixed) (G1 Evacuation Pause) 3161M->1196M(4040M) 113.499ms
[2024-02-06T10:49:19.802+0000][1536][gc,cpu      ] GC(296) User=0.83s Sys=0.05s Real=0.11s
[2024-02-06T10:49:19.803+0000][1536][safepoint   ] Safepoint "G1CollectForAllocation", Time since last: 24280089300 ns, Reaching safepoint: 22826700 ns, At safepoint: 114083500 ns, Total: 136910200 ns
[2024-02-06T10:49:20.312+0000][1536][gc,start    ] GC(297) Pause Young (Mixed) (G1 Evacuation Pause)
[2024-02-06T10:49:20.312+0000][1536][gc,task     ] GC(297) Using 8 workers of 8 for evacuation
[2024-02-06T10:49:20.312+0000][1536][gc,age      ] GC(297) Desired survivor size 14680064 bytes, new threshold 1 (max threshold 15)
[2024-02-06T10:49:20.511+0000][1536][gc,phases   ] GC(297)   Pre Evacuate Collection Set: 0.4ms
[2024-02-06T10:49:20.511+0000][1536][gc,phases   ] GC(297)   Merge Heap Roots: 0.6ms
[2024-02-06T10:49:20.511+0000][1536][gc,phases   ] GC(297)   Evacuate Collection Set: 195.3ms
[2024-02-06T10:49:20.511+0000][1536][gc,phases   ] GC(297)   Post Evacuate Collection Set: 1.1ms
[2024-02-06T10:49:20.511+0000][1536][gc,phases   ] GC(297)   Other: 2.6ms
[2024-02-06T10:49:20.511+0000][1536][gc,age      ] GC(297) Age table with threshold 1 (max threshold 15)
[2024-02-06T10:49:20.511+0000][1536][gc,age      ] GC(297) - age   1:    1859344 bytes,    1859344 total
[2024-02-06T10:49:20.511+0000][1536][gc,heap     ] GC(297) Eden regions: 9->0(550)
[2024-02-06T10:49:20.511+0000][1536][gc,heap     ] GC(297) Survivor regions: 41->4(7)
[2024-02-06T10:49:20.511+0000][1536][gc,heap     ] GC(297) Old regions: 257->231
[2024-02-06T10:49:20.511+0000][1536][gc,heap     ] GC(297) Archive regions: 0->0
[2024-02-06T10:49:20.511+0000][1536][gc,heap     ] GC(297) Humongous regions: 2->2
[2024-02-06T10:49:20.511+0000][1536][gc,metaspace] GC(297) Metaspace: 132246K(138176K)->132246K(138176K) NonClass: 115196K(118912K)->115196K(118912K) Class: 17049K(19264K)->17049K(19264K)
[2024-02-06T10:49:20.511+0000][1536][gc          ] GC(297) Pause Young (Mixed) (G1 Evacuation Pause) 1232M->947M(4040M) 200.571ms
[2024-02-06T10:49:20.511+0000][1536][gc,cpu      ] GC(297) User=0.47s Sys=0.48s Real=0.20s
[2024-02-06T10:49:20.513+0000][1536][safepoint   ] Safepoint "G1CollectForAllocation", Time since last: 507340300 ns, Reaching safepoint: 815900 ns, At safepoint: 204240300 ns, Total: 205056200 ns
[2024-02-06T10:49:52.106+0000][1536][gc,start    ] GC(298) Pause Young (Normal) (G1 Evacuation Pause)
[2024-02-06T10:49:52.106+0000][1536][gc,task     ] GC(298) Using 8 workers of 8 for evacuation
[2024-02-06T10:49:52.106+0000][1536][gc,age      ] GC(298) Desired survivor size 146800640 bytes, new threshold 15 (max threshold 15)
[2024-02-06T10:49:52.131+0000][1536][gc,phases   ] GC(298)   Pre Evacuate Collection Set: 0.2ms
[2024-02-06T10:49:52.131+0000][1536][gc,phases   ] GC(298)   Merge Heap Roots: 0.2ms
[2024-02-06T10:49:52.131+0000][1536][gc,phases   ] GC(298)   Evacuate Collection Set: 33.0ms
[2024-02-06T10:49:52.131+0000][1536][gc,phases   ] GC(298)   Post Evacuate Collection Set: 1.4ms
[2024-02-06T10:49:52.131+0000][1536][gc,phases   ] GC(298)   Other: 0.2ms
[2024-02-06T10:49:52.146+0000][1536][gc,age      ] GC(298) Age table with threshold 15 (max threshold 15)
[2024-02-06T10:49:52.146+0000][1536][gc,age      ] GC(298) - age   1:   90700464 bytes,   90700464 total
[2024-02-06T10:49:52.146+0000][1536][gc,age      ] GC(298) - age   2:    1411888 bytes,   92112352 total
[2024-02-06T10:49:52.146+0000][1536][gc,heap     ] GC(298) Eden regions: 550->0(532)
[2024-02-06T10:49:52.146+0000][1536][gc,heap     ] GC(298) Survivor regions: 4->23(70)
[2024-02-06T10:49:52.146+0000][1536][gc,heap     ] GC(298) Old regions: 231->231
[2024-02-06T10:49:52.146+0000][1536][gc,heap     ] GC(298) Archive regions: 0->0
[2024-02-06T10:49:52.146+0000][1536][gc,heap     ] GC(298) Humongous regions: 2->2
[2024-02-06T10:49:52.146+0000][1536][gc,metaspace] GC(298) Metaspace: 132246K(138176K)->132246K(138176K) NonClass: 115196K(118912K)->115196K(118912K) Class: 17049K(19264K)->17049K(19264K)
[2024-02-06T10:49:52.146+0000][1536][gc          ] GC(298) Pause Young (Normal) (G1 Evacuation Pause) 3147M->1023M(4040M) 35.828ms
[2024-02-06T10:49:52.146+0000][1536][gc,cpu      ] GC(298) User=0.22s Sys=0.00s Real=0.04s
[2024-02-06T10:49:52.146+0000][1536][safepoint   ] Safepoint "G1CollectForAllocation", Time since last: 31594955200 ns, Reaching safepoint: 86200 ns, At safepoint: 36135700 ns, Total: 36221900 ns
[2024-02-06T10:50:06.550+0000][1536][gc,start    ] GC(299) Pause Young (Normal) (G1 Evacuation Pause)
[2024-02-06T10:50:06.550+0000][1536][gc,task     ] GC(299) Using 8 workers of 8 for evacuation
[2024-02-06T10:50:06.550+0000][1536][gc,age      ] GC(299) Desired survivor size 146800640 bytes, new threshold 15 (max threshold 15)
[2024-02-06T10:50:06.612+0000][1536][gc,phases   ] GC(299)   Pre Evacuate Collection Set: 0.2ms
[2024-02-06T10:50:06.612+0000][1536][gc,phases   ] GC(299)   Merge Heap Roots: 0.3ms
[2024-02-06T10:50:06.612+0000][1536][gc,phases   ] GC(299)   Evacuate Collection Set: 51.0ms
[2024-02-06T10:50:06.612+0000][1536][gc,phases   ] GC(299)   Post Evacuate Collection Set: 1.4ms
[2024-02-06T10:50:06.612+0000][1536][gc,phases   ] GC(299)   Other: 0.3ms
[2024-02-06T10:50:06.612+0000][1536][gc,age      ] GC(299) Age table with threshold 15 (max threshold 15)
[2024-02-06T10:50:06.612+0000][1536][gc,age      ] GC(299) - age   1:   84900856 bytes,   84900856 total
[2024-02-06T10:50:06.612+0000][1536][gc,age      ] GC(299) - age   2:   75058664 bytes,  159959520 total
[2024-02-06T10:50:06.612+0000][1536][gc,age      ] GC(299) - age   3:     941680 bytes,  160901200 total
[2024-02-06T10:50:06.612+0000][1536][gc,heap     ] GC(299) Eden regions: 532->0(516)
[2024-02-06T10:50:06.612+0000][1536][gc,heap     ] GC(299) Survivor regions: 23->41(70)
[2024-02-06T10:50:06.612+0000][1536][gc,heap     ] GC(299) Old regions: 231->231
[2024-02-06T10:50:06.612+0000][1536][gc,heap     ] GC(299) Archive regions: 0->0
[2024-02-06T10:50:06.612+0000][1536][gc,heap     ] GC(299) Humongous regions: 2->2
[2024-02-06T10:50:06.612+0000][1536][gc,metaspace] GC(299) Metaspace: 132246K(138176K)->132246K(138176K) NonClass: 115196K(118912K)->115196K(118912K) Class: 17049K(19264K)->17049K(19264K)
[2024-02-06T10:50:06.612+0000][1536][gc          ] GC(299) Pause Young (Normal) (G1 Evacuation Pause) 3151M->1094M(4040M) 53.702ms
[2024-02-06T10:50:06.612+0000][1536][gc,cpu      ] GC(299) User=0.44s Sys=0.00s Real=0.06s
[2024-02-06T10:50:06.612+0000][1536][safepoint   ] Safepoint "G1CollectForAllocation", Time since last: 14414238800 ns, Reaching safepoint: 135700 ns, At safepoint: 53875600 ns, Total: 54011300 ns
[2024-02-06T10:50:19.747+0000][1536][safepoint   ] Safepoint "Cleanup", Time since last: 13131344100 ns, Reaching safepoint: 111000 ns, At safepoint: 11900 ns, Total: 122900 ns
[2024-02-06T10:50:33.707+0000][1536][gc,start    ] GC(300) Pause Young (Concurrent Start) (G1 Evacuation Pause)
[2024-02-06T10:50:33.707+0000][1536][gc,task     ] GC(300) Using 8 workers of 8 for evacuation
[2024-02-06T10:50:33.707+0000][1536][gc,age      ] GC(300) Desired survivor size 146800640 bytes, new threshold 2 (max threshold 15)
[2024-02-06T10:50:33.812+0000][1536][gc,phases   ] GC(300)   Pre Evacuate Collection Set: 0.7ms
[2024-02-06T10:50:33.812+0000][1536][gc,phases   ] GC(300)   Merge Heap Roots: 0.4ms
[2024-02-06T10:50:33.812+0000][1536][gc,phases   ] GC(300)   Evacuate Collection Set: 101.2ms
[2024-02-06T10:50:33.812+0000][1536][gc,phases   ] GC(300)   Post Evacuate Collection Set: 1.7ms
[2024-02-06T10:50:33.812+0000][1536][gc,phases   ] GC(300)   Other: 0.4ms
[2024-02-06T10:50:33.812+0000][1536][gc,age      ] GC(300) Age table with threshold 2 (max threshold 15)
[2024-02-06T10:50:33.812+0000][1536][gc,age      ] GC(300) - age   1:   79079424 bytes,   79079424 total
[2024-02-06T10:50:33.812+0000][1536][gc,age      ] GC(300) - age   2:   74710024 bytes,  153789448 total
[2024-02-06T10:50:33.812+0000][1536][gc,heap     ] GC(300) Eden regions: 516->0(505)
[2024-02-06T10:50:33.812+0000][1536][gc,heap     ] GC(300) Survivor regions: 41->39(70)
[2024-02-06T10:50:33.812+0000][1536][gc,heap     ] GC(300) Old regions: 231->247
[2024-02-06T10:50:33.812+0000][1536][gc,heap     ] GC(300) Archive regions: 0->0
[2024-02-06T10:50:33.812+0000][1536][gc,heap     ] GC(300) Humongous regions: 2->2
[2024-02-06T10:50:33.812+0000][1536][gc,metaspace] GC(300) Metaspace: 132248K(138176K)->132248K(138176K) NonClass: 115199K(118912K)->115199K(118912K) Class: 17049K(19264K)->17049K(19264K)
[2024-02-06T10:50:33.812+0000][1536][gc          ] GC(300) Pause Young (Concurrent Start) (G1 Evacuation Pause) 3158M->1151M(4040M) 104.934ms
[2024-02-06T10:50:33.812+0000][1536][gc          ] GC(301) Concurrent Mark Cycle
[2024-02-06T10:50:33.812+0000][1536][gc,cpu      ] GC(300) User=0.70s Sys=0.02s Real=0.11s
[2024-02-06T10:50:33.812+0000][1536][gc,marking  ] GC(301) Concurrent Clear Claimed Marks
[2024-02-06T10:50:33.813+0000][1536][safepoint   ] Safepoint "G1CollectForAllocation", Time since last: 13917751200 ns, Reaching safepoint: 42989800 ns, At safepoint: 105430700 ns, Total: 148420500 ns
[2024-02-06T10:50:33.813+0000][1536][gc,marking  ] GC(301) Concurrent Clear Claimed Marks 0.353ms
[2024-02-06T10:50:33.813+0000][1536][gc,marking  ] GC(301) Concurrent Scan Root Regions
[2024-02-06T10:50:33.872+0000][1536][gc,marking  ] GC(301) Concurrent Scan Root Regions 58.514ms
[2024-02-06T10:50:33.872+0000][1536][gc,marking  ] GC(301) Concurrent Mark
[2024-02-06T10:50:33.872+0000][1536][gc,marking  ] GC(301) Concurrent Mark From Roots
[2024-02-06T10:50:33.872+0000][1536][gc,task     ] GC(301) Using 2 workers of 2 for marking
[2024-02-06T10:50:34.252+0000][1536][gc,marking  ] GC(301) Concurrent Mark From Roots 382.478ms
[2024-02-06T10:50:34.252+0000][1536][gc,marking  ] GC(301) Concurrent Preclean
[2024-02-06T10:50:34.252+0000][1536][gc,marking  ] GC(301) Concurrent Preclean 1.433ms
[2024-02-06T10:50:34.252+0000][1536][gc,start    ] GC(301) Pause Remark
[2024-02-06T10:50:34.272+0000][1536][gc          ] GC(301) Pause Remark 1235M->1235M(4040M) 18.460ms
[2024-02-06T10:50:34.272+0000][1536][gc,cpu      ] GC(301) User=0.12s Sys=0.00s Real=0.02s
[2024-02-06T10:50:34.275+0000][1536][safepoint   ] Safepoint "G1Concurrent", Time since last: 442960800 ns, Reaching safepoint: 141700 ns, At safepoint: 18811400 ns, Total: 18953100 ns
[2024-02-06T10:50:34.275+0000][1536][gc,marking  ] GC(301) Concurrent Mark 403.201ms
[2024-02-06T10:50:34.275+0000][1536][gc,marking  ] GC(301) Concurrent Rebuild Remembered Sets
[2024-02-06T10:50:34.491+0000][1536][gc,marking  ] GC(301) Concurrent Rebuild Remembered Sets 228.400ms
[2024-02-06T10:50:34.491+0000][1536][gc,start    ] GC(301) Pause Cleanup
[2024-02-06T10:50:34.504+0000][1536][gc          ] GC(301) Pause Cleanup 1258M->1258M(4040M) 0.994ms
[2024-02-06T10:50:34.504+0000][1536][gc,cpu      ] GC(301) User=0.02s Sys=0.00s Real=0.01s
[2024-02-06T10:50:34.504+0000][1536][safepoint   ] Safepoint "G1Concurrent", Time since last: 228624800 ns, Reaching safepoint: 78200 ns, At safepoint: 1133500 ns, Total: 1211700 ns
[2024-02-06T10:50:34.504+0000][1536][gc,marking  ] GC(301) Concurrent Cleanup for Next Mark
[2024-02-06T10:50:34.523+0000][1536][gc,marking  ] GC(301) Concurrent Cleanup for Next Mark 18.942ms
[2024-02-06T10:50:34.523+0000][1536][gc          ] GC(301) Concurrent Mark Cycle 711.209ms
[2024-02-06T10:50:57.660+0000][1536][safepoint   ] Safepoint "Cleanup", Time since last: 23155453600 ns, Reaching safepoint: 117500 ns, At safepoint: 32300 ns, Total: 149800 ns
[2024-02-06T10:50:59.811+0000][1536][gc,start    ] GC(302) Pause Young (Prepare Mixed) (G1 Evacuation Pause)
[2024-02-06T10:50:59.811+0000][1536][gc,task     ] GC(302) Using 8 workers of 8 for evacuation
[2024-02-06T10:50:59.811+0000][1536][gc,age      ] GC(302) Desired survivor size 142606336 bytes, new threshold 2 (max threshold 15)
[2024-02-06T10:50:59.915+0000][1536][gc,phases   ] GC(302)   Pre Evacuate Collection Set: 0.3ms
[2024-02-06T10:50:59.916+0000][1536][gc,phases   ] GC(302)   Merge Heap Roots: 0.5ms
[2024-02-06T10:50:59.916+0000][1536][gc,phases   ] GC(302)   Evacuate Collection Set: 91.3ms
[2024-02-06T10:50:59.916+0000][1536][gc,phases   ] GC(302)   Post Evacuate Collection Set: 1.5ms
[2024-02-06T10:50:59.916+0000][1536][gc,phases   ] GC(302)   Other: 0.3ms
[2024-02-06T10:50:59.916+0000][1536][gc,age      ] GC(302) Age table with threshold 2 (max threshold 15)
[2024-02-06T10:50:59.916+0000][1536][gc,age      ] GC(302) - age   1:   78125408 bytes,   78125408 total
[2024-02-06T10:50:59.916+0000][1536][gc,age      ] GC(302) - age   2:   68609656 bytes,  146735064 total
[2024-02-06T10:50:59.916+0000][1536][gc,heap     ] GC(302) Eden regions: 505->0(12)
[2024-02-06T10:50:59.916+0000][1536][gc,heap     ] GC(302) Survivor regions: 39->38(68)
[2024-02-06T10:50:59.916+0000][1536][gc,heap     ] GC(302) Old regions: 247->262
[2024-02-06T10:50:59.916+0000][1536][gc,heap     ] GC(302) Archive regions: 0->0
[2024-02-06T10:50:59.916+0000][1536][gc,heap     ] GC(302) Humongous regions: 2->2
[2024-02-06T10:50:59.916+0000][1536][gc,metaspace] GC(302) Metaspace: 132248K(138176K)->132248K(138176K) NonClass: 115199K(118912K)->115199K(118912K) Class: 17049K(19264K)->17049K(19264K)
[2024-02-06T10:50:59.916+0000][1536][gc          ] GC(302) Pause Young (Prepare Mixed) (G1 Evacuation Pause) 3171M->1208M(4040M) 94.384ms
[2024-02-06T10:50:59.916+0000][1536][gc,cpu      ] GC(302) User=0.61s Sys=0.12s Real=0.10s
[2024-02-06T10:50:59.916+0000][1536][safepoint   ] Safepoint "G1CollectForAllocation", Time since last: 2161915900 ns, Reaching safepoint: 165400 ns, At safepoint: 94651300 ns, Total: 94816700 ns
[2024-02-06T10:51:00.152+0000][1536][gc,start    ] GC(303) Pause Young (Mixed) (G1 Evacuation Pause)
[2024-02-06T10:51:00.152+0000][1536][gc,task     ] GC(303) Using 8 workers of 8 for evacuation
[2024-02-06T10:51:00.152+0000][1536][gc,age      ] GC(303) Desired survivor size 14680064 bytes, new threshold 1 (max threshold 15)
[2024-02-06T10:51:00.279+0000][1536][gc,phases   ] GC(303)   Pre Evacuate Collection Set: 0.3ms
[2024-02-06T10:51:00.279+0000][1536][gc,phases   ] GC(303)   Merge Heap Roots: 0.3ms
[2024-02-06T10:51:00.279+0000][1536][gc,phases   ] GC(303)   Evacuate Collection Set: 124.5ms
[2024-02-06T10:51:00.279+0000][1536][gc,phases   ] GC(303)   Post Evacuate Collection Set: 0.5ms
[2024-02-06T10:51:00.279+0000][1536][gc,phases   ] GC(303)   Other: 1.1ms
[2024-02-06T10:51:00.279+0000][1536][gc,age      ] GC(303) Age table with threshold 1 (max threshold 15)
[2024-02-06T10:51:00.279+0000][1536][gc,age      ] GC(303) - age   1:    1744280 bytes,    1744280 total
[2024-02-06T10:51:00.279+0000][1536][gc,heap     ] GC(303) Eden regions: 12->0(552)
[2024-02-06T10:51:00.279+0000][1536][gc,heap     ] GC(303) Survivor regions: 38->4(7)
[2024-02-06T10:51:00.279+0000][1536][gc,heap     ] GC(303) Old regions: 262->230
[2024-02-06T10:51:00.279+0000][1536][gc,heap     ] GC(303) Archive regions: 0->0
[2024-02-06T10:51:00.279+0000][1536][gc,heap     ] GC(303) Humongous regions: 2->2
[2024-02-06T10:51:00.279+0000][1536][gc,metaspace] GC(303) Metaspace: 132248K(138176K)->132248K(138176K) NonClass: 115199K(118912K)->115199K(118912K) Class: 17049K(19264K)->17049K(19264K)
[2024-02-06T10:51:00.279+0000][1536][gc          ] GC(303) Pause Young (Mixed) (G1 Evacuation Pause) 1256M->941M(4040M) 126.919ms
[2024-02-06T10:51:00.279+0000][1536][gc,cpu      ] GC(303) User=0.42s Sys=0.14s Real=0.13s
[2024-02-06T10:51:00.280+0000][1536][safepoint   ] Safepoint "G1CollectForAllocation", Time since last: 235230700 ns, Reaching safepoint: 113800 ns, At safepoint: 127511000 ns, Total: 127624800 ns
[2024-02-06T10:51:20.411+0000][1536][safepoint   ] Safepoint "Cleanup", Time since last: 20131287800 ns, Reaching safepoint: 81700 ns, At safepoint: 27800 ns, Total: 109500 ns
[2024-02-06T10:51:29.000+0000][1536][gc,start    ] GC(304) Pause Young (Normal) (G1 Evacuation Pause)
[2024-02-06T10:51:29.000+0000][1536][gc,task     ] GC(304) Using 8 workers of 8 for evacuation
[2024-02-06T10:51:29.000+0000][1536][gc,age      ] GC(304) Desired survivor size 146800640 bytes, new threshold 15 (max threshold 15)
[2024-02-06T10:51:29.070+0000][1536][gc,phases   ] GC(304)   Pre Evacuate Collection Set: 0.4ms
[2024-02-06T10:51:29.070+0000][1536][gc,phases   ] GC(304)   Merge Heap Roots: 0.7ms
[2024-02-06T10:51:29.070+0000][1536][gc,phases   ] GC(304)   Evacuate Collection Set: 58.9ms
[2024-02-06T10:51:29.070+0000][1536][gc,phases   ] GC(304)   Post Evacuate Collection Set: 2.4ms
[2024-02-06T10:51:29.070+0000][1536][gc,phases   ] GC(304)   Other: 0.7ms
[2024-02-06T10:51:29.070+0000][1536][gc,age      ] GC(304) Age table with threshold 15 (max threshold 15)
[2024-02-06T10:51:29.070+0000][1536][gc,age      ] GC(304) - age   1:   99406480 bytes,   99406480 total
[2024-02-06T10:51:29.070+0000][1536][gc,age      ] GC(304) - age   2:     726200 bytes,  100132680 total
[2024-02-06T10:51:29.070+0000][1536][gc,heap     ] GC(304) Eden regions: 552->0(532)
[2024-02-06T10:51:29.071+0000][1536][gc,heap     ] GC(304) Survivor regions: 4->25(70)
[2024-02-06T10:51:29.071+0000][1536][gc,heap     ] GC(304) Old regions: 230->230
[2024-02-06T10:51:29.071+0000][1536][gc,heap     ] GC(304) Archive regions: 0->0
[2024-02-06T10:51:29.071+0000][1536][gc,heap     ] GC(304) Humongous regions: 2->2
[2024-02-06T10:51:29.071+0000][1536][gc,metaspace] GC(304) Metaspace: 132248K(138176K)->132248K(138176K) NonClass: 115199K(118912K)->115199K(118912K) Class: 17049K(19264K)->17049K(19264K)
[2024-02-06T10:51:29.071+0000][1536][gc          ] GC(304) Pause Young (Normal) (G1 Evacuation Pause) 3149M->1025M(4040M) 64.485ms
[2024-02-06T10:51:29.071+0000][1536][gc,cpu      ] GC(304) User=0.50s Sys=0.00s Real=0.07s
[2024-02-06T10:51:29.071+0000][1536][safepoint   ] Safepoint "G1CollectForAllocation", Time since last: 8595353100 ns, Reaching safepoint: 252700 ns, At safepoint: 64945700 ns, Total: 65198400 ns
[2024-02-06T10:52:02.827+0000][1536][gc,start    ] GC(305) Pause Young (Normal) (G1 Evacuation Pause)
[2024-02-06T10:52:02.827+0000][1536][gc,task     ] GC(305) Using 8 workers of 8 for evacuation
[2024-02-06T10:52:02.827+0000][1536][gc,age      ] GC(305) Desired survivor size 146800640 bytes, new threshold 15 (max threshold 15)
[2024-02-06T10:52:02.887+0000][1536][gc,phases   ] GC(305)   Pre Evacuate Collection Set: 0.2ms
[2024-02-06T10:52:02.887+0000][1536][gc,phases   ] GC(305)   Merge Heap Roots: 0.2ms
[2024-02-06T10:52:02.887+0000][1536][gc,phases   ] GC(305)   Evacuate Collection Set: 50.9ms
[2024-02-06T10:52:02.887+0000][1536][gc,phases   ] GC(305)   Post Evacuate Collection Set: 1.4ms
[2024-02-06T10:52:02.887+0000][1536][gc,phases   ] GC(305)   Other: 0.2ms
[2024-02-06T10:52:02.887+0000][1536][gc,age      ] GC(305) Age table with threshold 15 (max threshold 15)
[2024-02-06T10:52:02.887+0000][1536][gc,age      ] GC(305) - age   1:   81498536 bytes,   81498536 total
[2024-02-06T10:52:02.887+0000][1536][gc,age      ] GC(305) - age   2:   82819136 bytes,  164317672 total
[2024-02-06T10:52:02.887+0000][1536][gc,age      ] GC(305) - age   3:     599696 bytes,  164917368 total
[2024-02-06T10:52:02.888+0000][1536][gc,heap     ] GC(305) Eden regions: 532->0(518)
[2024-02-06T10:52:02.888+0000][1536][gc,heap     ] GC(305) Survivor regions: 25->42(70)
[2024-02-06T10:52:02.888+0000][1536][gc,heap     ] GC(305) Old regions: 230->230
[2024-02-06T10:52:02.888+0000][1536][gc,heap     ] GC(305) Archive regions: 0->0
[2024-02-06T10:52:02.888+0000][1536][gc,heap     ] GC(305) Humongous regions: 2->2
[2024-02-06T10:52:02.888+0000][1536][gc,metaspace] GC(305) Metaspace: 132248K(138176K)->132248K(138176K) NonClass: 115199K(118912K)->115199K(118912K) Class: 17049K(19264K)->17049K(19264K)
[2024-02-06T10:52:02.888+0000][1536][gc          ] GC(305) Pause Young (Normal) (G1 Evacuation Pause) 3153M->1091M(4040M) 53.613ms
[2024-02-06T10:52:02.888+0000][1536][gc,cpu      ] GC(305) User=0.47s Sys=0.02s Real=0.06s
[2024-02-06T10:52:02.888+0000][1536][safepoint   ] Safepoint "G1CollectForAllocation", Time since last: 33762693300 ns, Reaching safepoint: 137500 ns, At safepoint: 53828000 ns, Total: 53965500 ns
[2024-02-06T10:52:24.206+0000][1536][gc,start    ] GC(306) Pause Young (Concurrent Start) (G1 Evacuation Pause)
[2024-02-06T10:52:24.206+0000][1536][gc,task     ] GC(306) Using 8 workers of 8 for evacuation
[2024-02-06T10:52:24.206+0000][1536][gc,age      ] GC(306) Desired survivor size 146800640 bytes, new threshold 2 (max threshold 15)
[2024-02-06T10:52:24.279+0000][1536][gc,phases   ] GC(306)   Pre Evacuate Collection Set: 0.5ms
[2024-02-06T10:52:24.279+0000][1536][gc,phases   ] GC(306)   Merge Heap Roots: 0.3ms
[2024-02-06T10:52:24.279+0000][1536][gc,phases   ] GC(306)   Evacuate Collection Set: 70.1ms
[2024-02-06T10:52:24.279+0000][1536][gc,phases   ] GC(306)   Post Evacuate Collection Set: 2.6ms
[2024-02-06T10:52:24.279+0000][1536][gc,phases   ] GC(306)   Other: 0.2ms
[2024-02-06T10:52:24.279+0000][1536][gc,age      ] GC(306) Age table with threshold 2 (max threshold 15)
[2024-02-06T10:52:24.279+0000][1536][gc,age      ] GC(306) - age   1:   86293208 bytes,   86293208 total
[2024-02-06T10:52:24.279+0000][1536][gc,age      ] GC(306) - age   2:   67788992 bytes,  154082200 total
[2024-02-06T10:52:24.279+0000][1536][gc,heap     ] GC(306) Eden regions: 518->0(505)
[2024-02-06T10:52:24.279+0000][1536][gc,heap     ] GC(306) Survivor regions: 42->40(70)
[2024-02-06T10:52:24.279+0000][1536][gc,heap     ] GC(306) Old regions: 230->246
[2024-02-06T10:52:24.292+0000][1536][gc,heap     ] GC(306) Archive regions: 0->0
[2024-02-06T10:52:24.292+0000][1536][gc,heap     ] GC(306) Humongous regions: 2->2
[2024-02-06T10:52:24.292+0000][1536][gc,metaspace] GC(306) Metaspace: 132248K(138176K)->132248K(138176K) NonClass: 115199K(118912K)->115199K(118912K) Class: 17049K(19264K)->17049K(19264K)
[2024-02-06T10:52:24.292+0000][1536][gc          ] GC(306) Pause Young (Concurrent Start) (G1 Evacuation Pause) 3163M->1148M(4040M) 74.135ms
[2024-02-06T10:52:24.292+0000][1536][gc          ] GC(307) Concurrent Mark Cycle
[2024-02-06T10:52:24.292+0000][1536][gc,cpu      ] GC(306) User=0.36s Sys=0.05s Real=0.09s
[2024-02-06T10:52:24.292+0000][1536][gc,marking  ] GC(307) Concurrent Clear Claimed Marks
[2024-02-06T10:52:24.292+0000][1536][safepoint   ] Safepoint "G1CollectForAllocation", Time since last: 21329149400 ns, Reaching safepoint: 156000 ns, At safepoint: 74418300 ns, Total: 74574300 ns
[2024-02-06T10:52:24.292+0000][1536][gc,marking  ] GC(307) Concurrent Clear Claimed Marks 0.262ms
[2024-02-06T10:52:24.292+0000][1536][gc,marking  ] GC(307) Concurrent Scan Root Regions
[2024-02-06T10:52:24.340+0000][1536][gc,marking  ] GC(307) Concurrent Scan Root Regions 48.675ms
[2024-02-06T10:52:24.341+0000][1536][gc,marking  ] GC(307) Concurrent Mark
[2024-02-06T10:52:24.341+0000][1536][gc,marking  ] GC(307) Concurrent Mark From Roots
[2024-02-06T10:52:24.341+0000][1536][gc,task     ] GC(307) Using 2 workers of 2 for marking
[2024-02-06T10:52:24.648+0000][1536][gc,marking  ] GC(307) Concurrent Mark From Roots 313.151ms
[2024-02-06T10:52:24.648+0000][1536][gc,marking  ] GC(307) Concurrent Preclean
[2024-02-06T10:52:24.648+0000][1536][gc,marking  ] GC(307) Concurrent Preclean 1.066ms
[2024-02-06T10:52:24.648+0000][1536][gc,start    ] GC(307) Pause Remark
[2024-02-06T10:52:24.661+0000][1536][gc          ] GC(307) Pause Remark 1206M->1206M(4040M) 20.376ms
[2024-02-06T10:52:24.661+0000][1536][gc,cpu      ] GC(307) User=0.02s Sys=0.02s Real=0.01s
[2024-02-06T10:52:24.676+0000][1536][safepoint   ] Safepoint "G1Concurrent", Time since last: 363381500 ns, Reaching safepoint: 103400 ns, At safepoint: 20590600 ns, Total: 20694000 ns
[2024-02-06T10:52:24.676+0000][1536][gc,marking  ] GC(307) Concurrent Mark 335.274ms
[2024-02-06T10:52:24.676+0000][1536][gc,marking  ] GC(307) Concurrent Rebuild Remembered Sets
[2024-02-06T10:52:24.891+0000][1536][gc,marking  ] GC(307) Concurrent Rebuild Remembered Sets 227.659ms
[2024-02-06T10:52:24.891+0000][1536][gc,start    ] GC(307) Pause Cleanup
[2024-02-06T10:52:24.891+0000][1536][gc          ] GC(307) Pause Cleanup 1235M->1235M(4040M) 0.506ms
[2024-02-06T10:52:24.905+0000][1536][gc,cpu      ] GC(307) User=0.00s Sys=0.00s Real=0.01s
[2024-02-06T10:52:24.905+0000][1536][safepoint   ] Safepoint "G1Concurrent", Time since last: 227961000 ns, Reaching safepoint: 98500 ns, At safepoint: 678500 ns, Total: 777000 ns
[2024-02-06T10:52:24.905+0000][1536][gc,marking  ] GC(307) Concurrent Cleanup for Next Mark
[2024-02-06T10:52:24.907+0000][1536][gc,marking  ] GC(307) Concurrent Cleanup for Next Mark 4.863ms
[2024-02-06T10:52:24.907+0000][1536][gc          ] GC(307) Concurrent Mark Cycle 618.056ms
[2024-02-06T10:52:50.295+0000][1536][gc,start    ] GC(308) Pause Young (Prepare Mixed) (G1 Evacuation Pause)
[2024-02-06T10:52:50.295+0000][1536][gc,task     ] GC(308) Using 8 workers of 8 for evacuation
[2024-02-06T10:52:50.295+0000][1536][gc,age      ] GC(308) Desired survivor size 144703488 bytes, new threshold 2 (max threshold 15)
[2024-02-06T10:52:50.366+0000][1536][gc,phases   ] GC(308)   Pre Evacuate Collection Set: 0.3ms
[2024-02-06T10:52:50.366+0000][1536][gc,phases   ] GC(308)   Merge Heap Roots: 0.3ms
[2024-02-06T10:52:50.366+0000][1536][gc,phases   ] GC(308)   Evacuate Collection Set: 67.6ms
[2024-02-06T10:52:50.366+0000][1536][gc,phases   ] GC(308)   Post Evacuate Collection Set: 1.3ms
[2024-02-06T10:52:50.366+0000][1536][gc,phases   ] GC(308)   Other: 0.4ms
[2024-02-06T10:52:50.366+0000][1536][gc,age      ] GC(308) Age table with threshold 2 (max threshold 15)
[2024-02-06T10:52:50.366+0000][1536][gc,age      ] GC(308) - age   1:   75415800 bytes,   75415800 total
[2024-02-06T10:52:50.366+0000][1536][gc,age      ] GC(308) - age   2:   73302544 bytes,  148718344 total
[2024-02-06T10:52:50.366+0000][1536][gc,heap     ] GC(308) Eden regions: 505->0(12)
[2024-02-06T10:52:50.366+0000][1536][gc,heap     ] GC(308) Survivor regions: 40->38(69)
[2024-02-06T10:52:50.366+0000][1536][gc,heap     ] GC(308) Old regions: 246->260
[2024-02-06T10:52:50.366+0000][1536][gc,heap     ] GC(308) Archive regions: 0->0
[2024-02-06T10:52:50.366+0000][1536][gc,heap     ] GC(308) Humongous regions: 2->2
[2024-02-06T10:52:50.366+0000][1536][gc,metaspace] GC(308) Metaspace: 132248K(138176K)->132248K(138176K) NonClass: 115199K(118912K)->115199K(118912K) Class: 17049K(19264K)->17049K(19264K)
[2024-02-06T10:52:50.366+0000][1536][gc          ] GC(308) Pause Young (Prepare Mixed) (G1 Evacuation Pause) 3168M->1200M(4040M) 70.415ms
[2024-02-06T10:52:50.366+0000][1536][gc,cpu      ] GC(308) User=0.45s Sys=0.05s Real=0.07s
[2024-02-06T10:52:50.366+0000][1536][safepoint   ] Safepoint "G1CollectForAllocation", Time since last: 25390664900 ns, Reaching safepoint: 110800 ns, At safepoint: 70912000 ns, Total: 71022800 ns
[2024-02-06T10:52:50.596+0000][1536][gc,start    ] GC(309) Pause Young (Mixed) (G1 Evacuation Pause)
[2024-02-06T10:52:50.596+0000][1536][gc,task     ] GC(309) Using 8 workers of 8 for evacuation
[2024-02-06T10:52:50.596+0000][1536][gc,age      ] GC(309) Desired survivor size 14680064 bytes, new threshold 1 (max threshold 15)
[2024-02-06T10:52:50.766+0000][1536][gc,phases   ] GC(309)   Pre Evacuate Collection Set: 0.4ms
[2024-02-06T10:52:50.766+0000][1536][gc,phases   ] GC(309)   Merge Heap Roots: 0.5ms
[2024-02-06T10:52:50.766+0000][1536][gc,phases   ] GC(309)   Evacuate Collection Set: 167.9ms
[2024-02-06T10:52:50.766+0000][1536][gc,phases   ] GC(309)   Post Evacuate Collection Set: 0.7ms
[2024-02-06T10:52:50.766+0000][1536][gc,phases   ] GC(309)   Other: 0.4ms
[2024-02-06T10:52:50.766+0000][1536][gc,age      ] GC(309) Age table with threshold 1 (max threshold 15)
[2024-02-06T10:52:50.766+0000][1536][gc,age      ] GC(309) - age   1:    1932784 bytes,    1932784 total
[2024-02-06T10:52:50.766+0000][1536][gc,heap     ] GC(309) Eden regions: 12->0(554)
[2024-02-06T10:52:50.766+0000][1536][gc,heap     ] GC(309) Survivor regions: 38->4(7)
[2024-02-06T10:52:50.766+0000][1536][gc,heap     ] GC(309) Old regions: 260->229
[2024-02-06T10:52:50.766+0000][1536][gc,heap     ] GC(309) Archive regions: 0->0
[2024-02-06T10:52:50.766+0000][1536][gc,heap     ] GC(309) Humongous regions: 2->2
[2024-02-06T10:52:50.766+0000][1536][gc,metaspace] GC(309) Metaspace: 132248K(138176K)->132248K(138176K) NonClass: 115199K(118912K)->115199K(118912K) Class: 17049K(19264K)->17049K(19264K)
[2024-02-06T10:52:50.766+0000][1536][gc          ] GC(309) Pause Young (Mixed) (G1 Evacuation Pause) 1248M->939M(4040M) 170.511ms
[2024-02-06T10:52:50.766+0000][1536][gc,cpu      ] GC(309) User=0.33s Sys=0.47s Real=0.17s
[2024-02-06T10:52:50.766+0000][1536][safepoint   ] Safepoint "G1CollectForAllocation", Time since last: 229329900 ns, Reaching safepoint: 206000 ns, At safepoint: 170980300 ns, Total: 171186300 ns
[2024-02-06T10:53:17.876+0000][1536][gc,start    ] GC(310) Pause Young (Normal) (G1 Evacuation Pause)
[2024-02-06T10:53:17.876+0000][1536][gc,task     ] GC(310) Using 8 workers of 8 for evacuation
[2024-02-06T10:53:17.876+0000][1536][gc,age      ] GC(310) Desired survivor size 146800640 bytes, new threshold 15 (max threshold 15)
[2024-02-06T10:53:17.920+0000][1536][gc,phases   ] GC(310)   Pre Evacuate Collection Set: 0.3ms
[2024-02-06T10:53:17.920+0000][1536][gc,phases   ] GC(310)   Merge Heap Roots: 0.4ms
[2024-02-06T10:53:17.920+0000][1536][gc,phases   ] GC(310)   Evacuate Collection Set: 42.2ms
[2024-02-06T10:53:17.920+0000][1536][gc,phases   ] GC(310)   Post Evacuate Collection Set: 1.8ms
[2024-02-06T10:53:17.920+0000][1536][gc,phases   ] GC(310)   Other: 0.3ms
[2024-02-06T10:53:17.920+0000][1536][gc,age      ] GC(310) Age table with threshold 15 (max threshold 15)
[2024-02-06T10:53:17.920+0000][1536][gc,age      ] GC(310) - age   1:   91845552 bytes,   91845552 total
[2024-02-06T10:53:17.920+0000][1536][gc,age      ] GC(310) - age   2:    1321320 bytes,   93166872 total
[2024-02-06T10:53:17.920+0000][1536][gc,heap     ] GC(310) Eden regions: 554->0(536)
[2024-02-06T10:53:17.920+0000][1536][gc,heap     ] GC(310) Survivor regions: 4->24(70)
[2024-02-06T10:53:17.920+0000][1536][gc,heap     ] GC(310) Old regions: 229->229
[2024-02-06T10:53:17.920+0000][1536][gc,heap     ] GC(310) Archive regions: 0->0
[2024-02-06T10:53:17.920+0000][1536][gc,heap     ] GC(310) Humongous regions: 2->2
[2024-02-06T10:53:17.920+0000][1536][gc,metaspace] GC(310) Metaspace: 132248K(138176K)->132248K(138176K) NonClass: 115199K(118912K)->115199K(118912K) Class: 17049K(19264K)->17049K(19264K)
[2024-02-06T10:53:17.920+0000][1536][gc          ] GC(310) Pause Young (Normal) (G1 Evacuation Pause) 3155M->1017M(4040M) 45.706ms
[2024-02-06T10:53:17.920+0000][1536][gc,cpu      ] GC(310) User=0.25s Sys=0.00s Real=0.04s
[2024-02-06T10:53:17.920+0000][1536][safepoint   ] Safepoint "G1CollectForAllocation", Time since last: 27107748900 ns, Reaching safepoint: 854200 ns, At safepoint: 46028800 ns, Total: 46883000 ns
[2024-02-06T10:53:57.222+0000][1536][gc,start    ] GC(311) Pause Young (Normal) (G1 Evacuation Pause)
[2024-02-06T10:53:57.222+0000][1536][gc,task     ] GC(311) Using 8 workers of 8 for evacuation
[2024-02-06T10:53:57.222+0000][1536][gc,age      ] GC(311) Desired survivor size 146800640 bytes, new threshold 15 (max threshold 15)
[2024-02-06T10:53:57.273+0000][1536][gc,phases   ] GC(311)   Pre Evacuate Collection Set: 0.3ms
[2024-02-06T10:53:57.273+0000][1536][gc,phases   ] GC(311)   Merge Heap Roots: 0.3ms
[2024-02-06T10:53:57.273+0000][1536][gc,phases   ] GC(311)   Evacuate Collection Set: 50.1ms
[2024-02-06T10:53:57.273+0000][1536][gc,phases   ] GC(311)   Post Evacuate Collection Set: 1.6ms
[2024-02-06T10:53:57.273+0000][1536][gc,phases   ] GC(311)   Other: 0.3ms
[2024-02-06T10:53:57.273+0000][1536][gc,age      ] GC(311) Age table with threshold 15 (max threshold 15)
[2024-02-06T10:53:57.273+0000][1536][gc,age      ] GC(311) - age   1:   87700520 bytes,   87700520 total
[2024-02-06T10:53:57.273+0000][1536][gc,age      ] GC(311) - age   2:   74742672 bytes,  162443192 total
[2024-02-06T10:53:57.273+0000][1536][gc,age      ] GC(311) - age   3:    1218696 bytes,  163661888 total
[2024-02-06T10:53:57.273+0000][1536][gc,heap     ] GC(311) Eden regions: 536->0(520)
[2024-02-06T10:53:57.273+0000][1536][gc,heap     ] GC(311) Survivor regions: 24->41(70)
[2024-02-06T10:53:57.273+0000][1536][gc,heap     ] GC(311) Old regions: 229->229
[2024-02-06T10:53:57.273+0000][1536][gc,heap     ] GC(311) Archive regions: 0->0
[2024-02-06T10:53:57.273+0000][1536][gc,heap     ] GC(311) Humongous regions: 2->2
[2024-02-06T10:53:57.273+0000][1536][gc,metaspace] GC(311) Metaspace: 132248K(138176K)->132248K(138176K) NonClass: 115199K(118912K)->115199K(118912K) Class: 17049K(19264K)->17049K(19264K)
[2024-02-06T10:53:57.273+0000][1536][gc          ] GC(311) Pause Young (Normal) (G1 Evacuation Pause) 3161M->1086M(4040M) 53.329ms
[2024-02-06T10:53:57.273+0000][1536][gc,cpu      ] GC(311) User=0.38s Sys=0.00s Real=0.05s
[2024-02-06T10:53:57.273+0000][1536][safepoint   ] Safepoint "G1CollectForAllocation", Time since last: 39307032300 ns, Reaching safepoint: 111400 ns, At safepoint: 53593300 ns, Total: 53704700 ns
[2024-02-06T10:54:22.957+0000][1536][gc,start    ] GC(312) Pause Young (Concurrent Start) (G1 Evacuation Pause)
[2024-02-06T10:54:22.958+0000][1536][gc,task     ] GC(312) Using 8 workers of 8 for evacuation
[2024-02-06T10:54:22.958+0000][1536][gc,age      ] GC(312) Desired survivor size 148897792 bytes, new threshold 2 (max threshold 15)
[2024-02-06T10:54:23.030+0000][1536][gc,phases   ] GC(312)   Pre Evacuate Collection Set: 0.4ms
[2024-02-06T10:54:23.031+0000][1536][gc,phases   ] GC(312)   Merge Heap Roots: 0.3ms
[2024-02-06T10:54:23.031+0000][1536][gc,phases   ] GC(312)   Evacuate Collection Set: 70.0ms
[2024-02-06T10:54:23.031+0000][1536][gc,phases   ] GC(312)   Post Evacuate Collection Set: 1.6ms
[2024-02-06T10:54:23.031+0000][1536][gc,phases   ] GC(312)   Other: 0.3ms
[2024-02-06T10:54:23.031+0000][1536][gc,age      ] GC(312) Age table with threshold 2 (max threshold 15)
[2024-02-06T10:54:23.031+0000][1536][gc,age      ] GC(312) - age   1:   87684648 bytes,   87684648 total
[2024-02-06T10:54:23.031+0000][1536][gc,age      ] GC(312) - age   2:   72180312 bytes,  159864960 total
[2024-02-06T10:54:23.031+0000][1536][gc,heap     ] GC(312) Eden regions: 520->0(504)
[2024-02-06T10:54:23.031+0000][1536][gc,heap     ] GC(312) Survivor regions: 41->41(71)
[2024-02-06T10:54:23.031+0000][1536][gc,heap     ] GC(312) Old regions: 229->245
[2024-02-06T10:54:23.031+0000][1536][gc,heap     ] GC(312) Archive regions: 0->0
[2024-02-06T10:54:23.031+0000][1536][gc,heap     ] GC(312) Humongous regions: 2->2
[2024-02-06T10:54:23.031+0000][1536][gc,metaspace] GC(312) Metaspace: 132248K(138176K)->132248K(138176K) NonClass: 115199K(118912K)->115199K(118912K) Class: 17049K(19264K)->17049K(19264K)
[2024-02-06T10:54:23.032+0000][1536][gc          ] GC(312) Pause Young (Concurrent Start) (G1 Evacuation Pause) 3166M->1149M(4040M) 73.164ms
[2024-02-06T10:54:23.032+0000][1536][gc,cpu      ] GC(312) User=0.48s Sys=0.00s Real=0.08s
[2024-02-06T10:54:23.032+0000][1536][gc          ] GC(313) Concurrent Mark Cycle
[2024-02-06T10:54:23.032+0000][1536][gc,marking  ] GC(313) Concurrent Clear Claimed Marks
[2024-02-06T10:54:23.032+0000][1536][safepoint   ] Safepoint "G1CollectForAllocation", Time since last: 25675199000 ns, Reaching safepoint: 100900 ns, At safepoint: 74674600 ns, Total: 74775500 ns
[2024-02-06T10:54:23.034+0000][1536][gc,marking  ] GC(313) Concurrent Clear Claimed Marks 2.211ms
[2024-02-06T10:54:23.034+0000][1536][gc,marking  ] GC(313) Concurrent Scan Root Regions
[2024-02-06T10:54:23.077+0000][1536][gc,marking  ] GC(313) Concurrent Scan Root Regions 42.348ms
[2024-02-06T10:54:23.077+0000][1536][gc,marking  ] GC(313) Concurrent Mark
[2024-02-06T10:54:23.077+0000][1536][gc,marking  ] GC(313) Concurrent Mark From Roots
[2024-02-06T10:54:23.077+0000][1536][gc,task     ] GC(313) Using 2 workers of 2 for marking
[2024-02-06T10:54:23.442+0000][1536][gc,marking  ] GC(313) Concurrent Mark From Roots 365.102ms
[2024-02-06T10:54:23.442+0000][1536][gc,marking  ] GC(313) Concurrent Preclean
[2024-02-06T10:54:23.443+0000][1536][gc,marking  ] GC(313) Concurrent Preclean 1.368ms
[2024-02-06T10:54:23.554+0000][1536][gc,start    ] GC(313) Pause Remark
[2024-02-06T10:54:23.595+0000][1536][gc          ] GC(313) Pause Remark 1187M->1187M(4040M) 41.156ms
[2024-02-06T10:54:23.595+0000][1536][gc,cpu      ] GC(313) User=0.19s Sys=0.02s Real=0.04s
[2024-02-06T10:54:23.597+0000][1536][safepoint   ] Safepoint "G1Concurrent", Time since last: 411124200 ns, Reaching safepoint: 110272300 ns, At safepoint: 42870800 ns, Total: 153143100 ns
[2024-02-06T10:54:23.597+0000][1536][gc,marking  ] GC(313) Concurrent Mark 520.001ms
[2024-02-06T10:54:23.597+0000][1536][gc,marking  ] GC(313) Concurrent Rebuild Remembered Sets
[2024-02-06T10:54:23.882+0000][1536][gc,marking  ] GC(313) Concurrent Rebuild Remembered Sets 285.899ms
[2024-02-06T10:54:23.883+0000][1536][gc,start    ] GC(313) Pause Cleanup
[2024-02-06T10:54:23.883+0000][1536][gc          ] GC(313) Pause Cleanup 1206M->1206M(4040M) 0.662ms
[2024-02-06T10:54:23.883+0000][1536][gc,cpu      ] GC(313) User=0.00s Sys=0.00s Real=0.00s
[2024-02-06T10:54:23.884+0000][1536][safepoint   ] Safepoint "G1Concurrent", Time since last: 286313800 ns, Reaching safepoint: 112000 ns, At safepoint: 849900 ns, Total: 961900 ns
[2024-02-06T10:54:23.884+0000][1536][gc,marking  ] GC(313) Concurrent Cleanup for Next Mark
[2024-02-06T10:54:23.890+0000][1536][gc,marking  ] GC(313) Concurrent Cleanup for Next Mark 6.811ms
[2024-02-06T10:54:23.891+0000][1536][gc          ] GC(313) Concurrent Mark Cycle 858.923ms
[2024-02-06T10:54:40.071+0000][1536][gc,start    ] GC(314) Pause Young (Prepare Mixed) (G1 Evacuation Pause)
[2024-02-06T10:54:40.071+0000][1536][gc,task     ] GC(314) Using 8 workers of 8 for evacuation
[2024-02-06T10:54:40.071+0000][1536][gc,age      ] GC(314) Desired survivor size 144703488 bytes, new threshold 2 (max threshold 15)
[2024-02-06T10:54:40.142+0000][1536][gc,phases   ] GC(314)   Pre Evacuate Collection Set: 0.2ms
[2024-02-06T10:54:40.142+0000][1536][gc,phases   ] GC(314)   Merge Heap Roots: 0.3ms
[2024-02-06T10:54:40.142+0000][1536][gc,phases   ] GC(314)   Evacuate Collection Set: 64.5ms
[2024-02-06T10:54:40.142+0000][1536][gc,phases   ] GC(314)   Post Evacuate Collection Set: 1.3ms
[2024-02-06T10:54:40.142+0000][1536][gc,phases   ] GC(314)   Other: 0.2ms
[2024-02-06T10:54:40.142+0000][1536][gc,age      ] GC(314) Age table with threshold 2 (max threshold 15)
[2024-02-06T10:54:40.142+0000][1536][gc,age      ] GC(314) - age   1:   81861696 bytes,   81861696 total
[2024-02-06T10:54:40.142+0000][1536][gc,age      ] GC(314) - age   2:   71494072 bytes,  153355768 total
[2024-02-06T10:54:40.142+0000][1536][gc,heap     ] GC(314) Eden regions: 504->0(11)
[2024-02-06T10:54:40.142+0000][1536][gc,heap     ] GC(314) Survivor regions: 41->39(69)
[2024-02-06T10:54:40.142+0000][1536][gc,heap     ] GC(314) Old regions: 245->258
[2024-02-06T10:54:40.142+0000][1536][gc,heap     ] GC(314) Archive regions: 0->0
[2024-02-06T10:54:40.142+0000][1536][gc,heap     ] GC(314) Humongous regions: 2->2
[2024-02-06T10:54:40.142+0000][1536][gc,metaspace] GC(314) Metaspace: 132248K(138176K)->132248K(138176K) NonClass: 115199K(118912K)->115199K(118912K) Class: 17049K(19264K)->17049K(19264K)
[2024-02-06T10:54:40.142+0000][1536][gc          ] GC(314) Pause Young (Prepare Mixed) (G1 Evacuation Pause) 3165M->1192M(4040M) 67.032ms
[2024-02-06T10:54:40.142+0000][1536][gc,cpu      ] GC(314) User=0.47s Sys=0.03s Real=0.07s
[2024-02-06T10:54:40.142+0000][1536][safepoint   ] Safepoint "G1CollectForAllocation", Time since last: 16191665300 ns, Reaching safepoint: 88000 ns, At safepoint: 67275700 ns, Total: 67363700 ns
[2024-02-06T10:54:40.324+0000][1536][gc,start    ] GC(315) Pause Young (Mixed) (G1 Evacuation Pause)
[2024-02-06T10:54:40.340+0000][1536][gc,task     ] GC(315) Using 8 workers of 8 for evacuation
[2024-02-06T10:54:40.340+0000][1536][gc,age      ] GC(315) Desired survivor size 14680064 bytes, new threshold 1 (max threshold 15)
[2024-02-06T10:54:40.421+0000][1536][gc,phases   ] GC(315)   Pre Evacuate Collection Set: 0.2ms
[2024-02-06T10:54:40.421+0000][1536][gc,phases   ] GC(315)   Merge Heap Roots: 0.3ms
[2024-02-06T10:54:40.421+0000][1536][gc,phases   ] GC(315)   Evacuate Collection Set: 85.2ms
[2024-02-06T10:54:40.421+0000][1536][gc,phases   ] GC(315)   Post Evacuate Collection Set: 2.4ms
[2024-02-06T10:54:40.421+0000][1536][gc,phases   ] GC(315)   Other: 0.2ms
[2024-02-06T10:54:40.421+0000][1536][gc,age      ] GC(315) Age table with threshold 1 (max threshold 15)
[2024-02-06T10:54:40.421+0000][1536][gc,age      ] GC(315) - age   1:    2870944 bytes,    2870944 total
[2024-02-06T10:54:40.421+0000][1536][gc,heap     ] GC(315) Eden regions: 11->0(556)
[2024-02-06T10:54:40.421+0000][1536][gc,heap     ] GC(315) Survivor regions: 39->4(7)
[2024-02-06T10:54:40.421+0000][1536][gc,heap     ] GC(315) Old regions: 258->227
[2024-02-06T10:54:40.421+0000][1536][gc,heap     ] GC(315) Archive regions: 0->0
[2024-02-06T10:54:40.421+0000][1536][gc,heap     ] GC(315) Humongous regions: 2->2
[2024-02-06T10:54:40.421+0000][1536][gc,metaspace] GC(315) Metaspace: 132248K(138176K)->132248K(138176K) NonClass: 115199K(118912K)->115199K(118912K) Class: 17049K(19264K)->17049K(19264K)
[2024-02-06T10:54:40.421+0000][1536][gc          ] GC(315) Pause Young (Mixed) (G1 Evacuation Pause) 1236M->932M(4040M) 88.679ms
[2024-02-06T10:54:40.421+0000][1536][gc,cpu      ] GC(315) User=0.33s Sys=0.27s Real=0.10s
[2024-02-06T10:54:40.421+0000][1536][safepoint   ] Safepoint "G1CollectForAllocation", Time since last: 196305600 ns, Reaching safepoint: 122300 ns, At safepoint: 88931800 ns, Total: 89054100 ns
[2024-02-06T10:55:13.882+0000][1536][gc,start    ] GC(316) Pause Young (Normal) (G1 Evacuation Pause)
[2024-02-06T10:55:13.882+0000][1536][gc,task     ] GC(316) Using 8 workers of 8 for evacuation
[2024-02-06T10:55:13.882+0000][1536][gc,age      ] GC(316) Desired survivor size 146800640 bytes, new threshold 15 (max threshold 15)
[2024-02-06T10:55:13.917+0000][1536][gc,phases   ] GC(316)   Pre Evacuate Collection Set: 0.3ms
[2024-02-06T10:55:13.917+0000][1536][gc,phases   ] GC(316)   Merge Heap Roots: 0.3ms
[2024-02-06T10:55:13.917+0000][1536][gc,phases   ] GC(316)   Evacuate Collection Set: 33.0ms
[2024-02-06T10:55:13.917+0000][1536][gc,phases   ] GC(316)   Post Evacuate Collection Set: 1.3ms
[2024-02-06T10:55:13.917+0000][1536][gc,phases   ] GC(316)   Other: 0.3ms
[2024-02-06T10:55:13.917+0000][1536][gc,age      ] GC(316) Age table with threshold 15 (max threshold 15)
[2024-02-06T10:55:13.917+0000][1536][gc,age      ] GC(316) - age   1:   85463040 bytes,   85463040 total
[2024-02-06T10:55:13.917+0000][1536][gc,age      ] GC(316) - age   2:    1641696 bytes,   87104736 total
[2024-02-06T10:55:13.917+0000][1536][gc,heap     ] GC(316) Eden regions: 556->0(540)
[2024-02-06T10:55:13.917+0000][1536][gc,heap     ] GC(316) Survivor regions: 4->22(70)
[2024-02-06T10:55:13.917+0000][1536][gc,heap     ] GC(316) Old regions: 227->227
[2024-02-06T10:55:13.917+0000][1536][gc,heap     ] GC(316) Archive regions: 0->0
[2024-02-06T10:55:13.917+0000][1536][gc,heap     ] GC(316) Humongous regions: 2->2
[2024-02-06T10:55:13.917+0000][1536][gc,metaspace] GC(316) Metaspace: 132248K(138176K)->132248K(138176K) NonClass: 115199K(118912K)->115199K(118912K) Class: 17049K(19264K)->17049K(19264K)
[2024-02-06T10:55:13.917+0000][1536][gc          ] GC(316) Pause Young (Normal) (G1 Evacuation Pause) 3156M->1002M(4040M) 35.881ms
[2024-02-06T10:55:13.917+0000][1536][gc,cpu      ] GC(316) User=0.25s Sys=0.00s Real=0.04s
[2024-02-06T10:55:13.917+0000][1536][safepoint   ] Safepoint "G1CollectForAllocation", Time since last: 33453985200 ns, Reaching safepoint: 104500 ns, At safepoint: 36108100 ns, Total: 36212600 ns
[2024-02-06T10:55:42.462+0000][1536][gc,start    ] GC(317) Pause Young (Normal) (G1 Evacuation Pause)
[2024-02-06T10:55:42.462+0000][1536][gc,task     ] GC(317) Using 8 workers of 8 for evacuation
[2024-02-06T10:55:42.462+0000][1536][gc,age      ] GC(317) Desired survivor size 148897792 bytes, new threshold 15 (max threshold 15)
[2024-02-06T10:55:42.536+0000][1536][gc,phases   ] GC(317)   Pre Evacuate Collection Set: 0.3ms
[2024-02-06T10:55:42.536+0000][1536][gc,phases   ] GC(317)   Merge Heap Roots: 0.3ms
[2024-02-06T10:55:42.536+0000][1536][gc,phases   ] GC(317)   Evacuate Collection Set: 63.2ms
[2024-02-06T10:55:42.536+0000][1536][gc,phases   ] GC(317)   Post Evacuate Collection Set: 3.7ms
[2024-02-06T10:55:42.536+0000][1536][gc,phases   ] GC(317)   Other: 0.2ms
[2024-02-06T10:55:42.536+0000][1536][gc,age      ] GC(317) Age table with threshold 15 (max threshold 15)
[2024-02-06T10:55:42.536+0000][1536][gc,age      ] GC(317) - age   1:   94556896 bytes,   94556896 total
[2024-02-06T10:55:42.536+0000][1536][gc,age      ] GC(317) - age   2:   72169024 bytes,  166725920 total
[2024-02-06T10:55:42.536+0000][1536][gc,age      ] GC(317) - age   3:    1391672 bytes,  168117592 total
[2024-02-06T10:55:42.536+0000][1536][gc,heap     ] GC(317) Eden regions: 540->0(519)
[2024-02-06T10:55:42.536+0000][1536][gc,heap     ] GC(317) Survivor regions: 22->42(71)
[2024-02-06T10:55:42.536+0000][1536][gc,heap     ] GC(317) Old regions: 227->227
[2024-02-06T10:55:42.536+0000][1536][gc,heap     ] GC(317) Archive regions: 0->0
[2024-02-06T10:55:42.536+0000][1536][gc,heap     ] GC(317) Humongous regions: 2->2
[2024-02-06T10:55:42.536+0000][1536][gc,metaspace] GC(317) Metaspace: 132248K(138176K)->132248K(138176K) NonClass: 115199K(118912K)->115199K(118912K) Class: 17049K(19264K)->17049K(19264K)
[2024-02-06T10:55:42.536+0000][1536][gc          ] GC(317) Pause Young (Normal) (G1 Evacuation Pause) 3162M->1083M(4040M) 68.190ms
[2024-02-06T10:55:42.536+0000][1536][gc,cpu      ] GC(317) User=0.44s Sys=0.11s Real=0.07s
[2024-02-06T10:55:42.536+0000][1536][safepoint   ] Safepoint "G1CollectForAllocation", Time since last: 28549603600 ns, Reaching safepoint: 115000 ns, At safepoint: 68401800 ns, Total: 68516800 ns
[2024-02-06T10:56:07.738+0000][1536][safepoint   ] Safepoint "Cleanup", Time since last: 25200910000 ns, Reaching safepoint: 110100 ns, At safepoint: 49100 ns, Total: 159200 ns
[2024-02-06T10:56:08.697+0000][1536][gc,start    ] GC(318) Pause Young (Concurrent Start) (G1 Evacuation Pause)
[2024-02-06T10:56:08.697+0000][1536][gc,task     ] GC(318) Using 8 workers of 8 for evacuation
[2024-02-06T10:56:08.697+0000][1536][gc,age      ] GC(318) Desired survivor size 148897792 bytes, new threshold 2 (max threshold 15)
[2024-02-06T10:56:08.784+0000][1536][gc,phases   ] GC(318)   Pre Evacuate Collection Set: 0.5ms
[2024-02-06T10:56:08.784+0000][1536][gc,phases   ] GC(318)   Merge Heap Roots: 0.3ms
[2024-02-06T10:56:08.784+0000][1536][gc,phases   ] GC(318)   Evacuate Collection Set: 75.3ms
[2024-02-06T10:56:08.784+0000][1536][gc,phases   ] GC(318)   Post Evacuate Collection Set: 2.2ms
[2024-02-06T10:56:08.784+0000][1536][gc,phases   ] GC(318)   Other: 0.9ms
[2024-02-06T10:56:08.784+0000][1536][gc,age      ] GC(318) Age table with threshold 2 (max threshold 15)
[2024-02-06T10:56:08.784+0000][1536][gc,age      ] GC(318) - age   1:   81179192 bytes,   81179192 total
[2024-02-06T10:56:08.784+0000][1536][gc,age      ] GC(318) - age   2:   78912968 bytes,  160092160 total
[2024-02-06T10:56:08.784+0000][1536][gc,heap     ] GC(318) Eden regions: 519->0(508)
[2024-02-06T10:56:08.784+0000][1536][gc,heap     ] GC(318) Survivor regions: 42->40(71)
[2024-02-06T10:56:08.784+0000][1536][gc,heap     ] GC(318) Old regions: 227->242
[2024-02-06T10:56:08.784+0000][1536][gc,heap     ] GC(318) Archive regions: 0->0
[2024-02-06T10:56:08.784+0000][1536][gc,heap     ] GC(318) Humongous regions: 2->2
[2024-02-06T10:56:08.784+0000][1536][gc,metaspace] GC(318) Metaspace: 132248K(138176K)->132248K(138176K) NonClass: 115199K(118912K)->115199K(118912K) Class: 17049K(19264K)->17049K(19264K)
[2024-02-06T10:56:08.784+0000][1536][gc          ] GC(318) Pause Young (Concurrent Start) (G1 Evacuation Pause) 3159M->1132M(4040M) 79.661ms
[2024-02-06T10:56:08.784+0000][1536][gc          ] GC(319) Concurrent Mark Cycle
[2024-02-06T10:56:08.784+0000][1536][gc,cpu      ] GC(318) User=0.59s Sys=0.05s Real=0.09s
[2024-02-06T10:56:08.784+0000][1536][gc,marking  ] GC(319) Concurrent Clear Claimed Marks
[2024-02-06T10:56:08.784+0000][1536][safepoint   ] Safepoint "G1CollectForAllocation", Time since last: 968803500 ns, Reaching safepoint: 162000 ns, At safepoint: 80004900 ns, Total: 80166900 ns
[2024-02-06T10:56:08.784+0000][1536][gc,marking  ] GC(319) Concurrent Clear Claimed Marks 0.256ms
[2024-02-06T10:56:08.784+0000][1536][gc,marking  ] GC(319) Concurrent Scan Root Regions
[2024-02-06T10:56:08.828+0000][1536][gc,marking  ] GC(319) Concurrent Scan Root Regions 46.293ms
[2024-02-06T10:56:08.828+0000][1536][gc,marking  ] GC(319) Concurrent Mark
[2024-02-06T10:56:08.828+0000][1536][gc,marking  ] GC(319) Concurrent Mark From Roots
[2024-02-06T10:56:08.828+0000][1536][gc,task     ] GC(319) Using 2 workers of 2 for marking
[2024-02-06T10:56:09.194+0000][1536][gc,marking  ] GC(319) Concurrent Mark From Roots 361.526ms
[2024-02-06T10:56:09.194+0000][1536][gc,marking  ] GC(319) Concurrent Preclean
[2024-02-06T10:56:09.195+0000][1536][gc,marking  ] GC(319) Concurrent Preclean 1.279ms
[2024-02-06T10:56:09.195+0000][1536][gc,start    ] GC(319) Pause Remark
[2024-02-06T10:56:09.211+0000][1536][gc          ] GC(319) Pause Remark 1202M->1202M(4040M) 17.680ms
[2024-02-06T10:56:09.211+0000][1536][gc,cpu      ] GC(319) User=0.12s Sys=0.00s Real=0.02s
[2024-02-06T10:56:09.211+0000][1536][safepoint   ] Safepoint "G1Concurrent", Time since last: 409559900 ns, Reaching safepoint: 94600 ns, At safepoint: 17892800 ns, Total: 17987400 ns
[2024-02-06T10:56:09.211+0000][1536][gc,marking  ] GC(319) Concurrent Mark 381.085ms
[2024-02-06T10:56:09.211+0000][1536][gc,marking  ] GC(319) Concurrent Rebuild Remembered Sets
[2024-02-06T10:56:09.419+0000][1536][gc,marking  ] GC(319) Concurrent Rebuild Remembered Sets 212.813ms
[2024-02-06T10:56:09.419+0000][1536][gc,start    ] GC(319) Pause Cleanup
[2024-02-06T10:56:09.419+0000][1536][gc          ] GC(319) Pause Cleanup 1219M->1219M(4040M) 0.753ms
[2024-02-06T10:56:09.419+0000][1536][gc,cpu      ] GC(319) User=0.00s Sys=0.00s Real=0.00s
[2024-02-06T10:56:09.419+0000][1536][safepoint   ] Safepoint "G1Concurrent", Time since last: 213045900 ns, Reaching safepoint: 100500 ns, At safepoint: 883400 ns, Total: 983900 ns
[2024-02-06T10:56:09.419+0000][1536][gc,marking  ] GC(319) Concurrent Cleanup for Next Mark
[2024-02-06T10:56:09.450+0000][1536][gc,marking  ] GC(319) Concurrent Cleanup for Next Mark 24.465ms
[2024-02-06T10:56:09.450+0000][1536][gc          ] GC(319) Concurrent Mark Cycle 666.438ms
[2024-02-06T10:56:20.538+0000][1536][safepoint   ] Safepoint "Cleanup", Time since last: 11110136200 ns, Reaching safepoint: 286500 ns, At safepoint: 54000 ns, Total: 340500 ns
[2024-02-06T10:56:35.173+0000][1536][gc,start    ] GC(320) Pause Young (Prepare Mixed) (G1 Evacuation Pause)
[2024-02-06T10:56:35.173+0000][1536][gc,task     ] GC(320) Using 8 workers of 8 for evacuation
[2024-02-06T10:56:35.174+0000][1536][gc,age      ] GC(320) Desired survivor size 144703488 bytes, new threshold 2 (max threshold 15)
[2024-02-06T10:56:35.247+0000][1536][gc,phases   ] GC(320)   Pre Evacuate Collection Set: 0.2ms
[2024-02-06T10:56:35.247+0000][1536][gc,phases   ] GC(320)   Merge Heap Roots: 0.4ms
[2024-02-06T10:56:35.247+0000][1536][gc,phases   ] GC(320)   Evacuate Collection Set: 71.7ms
[2024-02-06T10:56:35.247+0000][1536][gc,phases   ] GC(320)   Post Evacuate Collection Set: 1.4ms
[2024-02-06T10:56:35.247+0000][1536][gc,phases   ] GC(320)   Other: 0.3ms
[2024-02-06T10:56:35.247+0000][1536][gc,age      ] GC(320) Age table with threshold 2 (max threshold 15)
[2024-02-06T10:56:35.247+0000][1536][gc,age      ] GC(320) - age   1:   90879600 bytes,   90879600 total
[2024-02-06T10:56:35.247+0000][1536][gc,age      ] GC(320) - age   2:   67099072 bytes,  157978672 total
[2024-02-06T10:56:35.247+0000][1536][gc,heap     ] GC(320) Eden regions: 508->0(10)
[2024-02-06T10:56:35.247+0000][1536][gc,heap     ] GC(320) Survivor regions: 40->40(69)
[2024-02-06T10:56:35.247+0000][1536][gc,heap     ] GC(320) Old regions: 242->256
[2024-02-06T10:56:35.247+0000][1536][gc,heap     ] GC(320) Archive regions: 0->0
[2024-02-06T10:56:35.247+0000][1536][gc,heap     ] GC(320) Humongous regions: 2->2
[2024-02-06T10:56:35.247+0000][1536][gc,metaspace] GC(320) Metaspace: 132248K(138176K)->132248K(138176K) NonClass: 115199K(118912K)->115199K(118912K) Class: 17049K(19264K)->17049K(19264K)
[2024-02-06T10:56:35.247+0000][1536][gc          ] GC(320) Pause Young (Prepare Mixed) (G1 Evacuation Pause) 3164M->1188M(4040M) 74.502ms
[2024-02-06T10:56:35.247+0000][1536][gc,cpu      ] GC(320) User=0.48s Sys=0.02s Real=0.07s
[2024-02-06T10:56:35.247+0000][1536][safepoint   ] Safepoint "G1CollectForAllocation", Time since last: 14634431300 ns, Reaching safepoint: 134600 ns, At safepoint: 74752700 ns, Total: 74887300 ns
[2024-02-06T10:56:35.730+0000][1536][gc,start    ] GC(321) Pause Young (Mixed) (G1 Evacuation Pause)
[2024-02-06T10:56:35.730+0000][1536][gc,task     ] GC(321) Using 8 workers of 8 for evacuation
[2024-02-06T10:56:35.730+0000][1536][gc,age      ] GC(321) Desired survivor size 14680064 bytes, new threshold 1 (max threshold 15)
[2024-02-06T10:56:35.839+0000][1536][gc,phases   ] GC(321)   Pre Evacuate Collection Set: 0.2ms
[2024-02-06T10:56:35.839+0000][1536][gc,phases   ] GC(321)   Merge Heap Roots: 0.3ms
[2024-02-06T10:56:35.839+0000][1536][gc,phases   ] GC(321)   Evacuate Collection Set: 106.7ms
[2024-02-06T10:56:35.839+0000][1536][gc,phases   ] GC(321)   Post Evacuate Collection Set: 1.5ms
[2024-02-06T10:56:35.839+0000][1536][gc,phases   ] GC(321)   Other: 0.2ms
[2024-02-06T10:56:35.839+0000][1536][gc,age      ] GC(321) Age table with threshold 1 (max threshold 15)
[2024-02-06T10:56:35.839+0000][1536][gc,age      ] GC(321) - age   1:    2194064 bytes,    2194064 total
[2024-02-06T10:56:35.839+0000][1536][gc,heap     ] GC(321) Eden regions: 10->0(552)
[2024-02-06T10:56:35.839+0000][1536][gc,heap     ] GC(321) Survivor regions: 40->4(7)
[2024-02-06T10:56:35.839+0000][1536][gc,heap     ] GC(321) Old regions: 256->229
[2024-02-06T10:56:35.839+0000][1536][gc,heap     ] GC(321) Archive regions: 0->0
[2024-02-06T10:56:35.839+0000][1536][gc,heap     ] GC(321) Humongous regions: 2->2
[2024-02-06T10:56:35.839+0000][1536][gc,metaspace] GC(321) Metaspace: 132248K(138176K)->132248K(138176K) NonClass: 115199K(118912K)->115199K(118912K) Class: 17049K(19264K)->17049K(19264K)
[2024-02-06T10:56:35.839+0000][1536][gc          ] GC(321) Pause Young (Mixed) (G1 Evacuation Pause) 1228M->939M(4040M) 109.430ms
[2024-02-06T10:56:35.839+0000][1536][gc,cpu      ] GC(321) User=0.47s Sys=0.31s Real=0.11s
[2024-02-06T10:56:35.840+0000][1536][safepoint   ] Safepoint "G1CollectForAllocation", Time since last: 482007400 ns, Reaching safepoint: 110700 ns, At safepoint: 109677500 ns, Total: 109788200 ns
[2024-02-06T10:56:58.129+0000][1536][safepoint   ] Safepoint "G1CollectForAllocation", Time since last: 22289461500 ns, Reaching safepoint: 103400 ns, At safepoint: 22600 ns, Total: 126000 ns
[2024-02-06T10:56:58.130+0000][1536][gc,start    ] GC(322) Pause Young (Normal) (GCLocker Initiated GC)
[2024-02-06T10:56:58.130+0000][1536][gc,task     ] GC(322) Using 8 workers of 8 for evacuation
[2024-02-06T10:56:58.130+0000][1536][gc,age      ] GC(322) Desired survivor size 146800640 bytes, new threshold 15 (max threshold 15)
[2024-02-06T10:56:58.166+0000][1536][gc,phases   ] GC(322)   Pre Evacuate Collection Set: 0.2ms
[2024-02-06T10:56:58.166+0000][1536][gc,phases   ] GC(322)   Merge Heap Roots: 0.2ms
[2024-02-06T10:56:58.166+0000][1536][gc,phases   ] GC(322)   Evacuate Collection Set: 34.6ms
[2024-02-06T10:56:58.166+0000][1536][gc,phases   ] GC(322)   Post Evacuate Collection Set: 1.5ms
[2024-02-06T10:56:58.166+0000][1536][gc,phases   ] GC(322)   Other: 0.3ms
[2024-02-06T10:56:58.166+0000][1536][gc,age      ] GC(322) Age table with threshold 15 (max threshold 15)
[2024-02-06T10:56:58.166+0000][1536][gc,age      ] GC(322) - age   1:   86931872 bytes,   86931872 total
[2024-02-06T10:56:58.166+0000][1536][gc,age      ] GC(322) - age   2:     900616 bytes,   87832488 total
[2024-02-06T10:56:58.166+0000][1536][gc,heap     ] GC(322) Eden regions: 552->0(536)
[2024-02-06T10:56:58.166+0000][1536][gc,heap     ] GC(322) Survivor regions: 4->22(70)
[2024-02-06T10:56:58.166+0000][1536][gc,heap     ] GC(322) Old regions: 229->229
[2024-02-06T10:56:58.166+0000][1536][gc,heap     ] GC(322) Archive regions: 0->0
[2024-02-06T10:56:58.166+0000][1536][gc,heap     ] GC(322) Humongous regions: 2->2
[2024-02-06T10:56:58.166+0000][1536][gc,metaspace] GC(322) Metaspace: 132248K(138176K)->132248K(138176K) NonClass: 115199K(118912K)->115199K(118912K) Class: 17049K(19264K)->17049K(19264K)
[2024-02-06T10:56:58.166+0000][1536][gc          ] GC(322) Pause Young (Normal) (GCLocker Initiated GC) 3147M->1011M(4040M) 37.298ms
[2024-02-06T10:56:58.166+0000][1536][gc,cpu      ] GC(322) User=0.14s Sys=0.05s Real=0.04s
[2024-02-06T10:56:58.166+0000][1536][safepoint   ] Safepoint "G1CollectForAllocation", Time since last: 152300 ns, Reaching safepoint: 83000 ns, At safepoint: 37477900 ns, Total: 37560900 ns
[2024-02-06T10:57:26.967+0000][1536][gc,start    ] GC(323) Pause Young (Normal) (G1 Evacuation Pause)
[2024-02-06T10:57:26.967+0000][1536][gc,task     ] GC(323) Using 8 workers of 8 for evacuation
[2024-02-06T10:57:26.967+0000][1536][gc,age      ] GC(323) Desired survivor size 146800640 bytes, new threshold 15 (max threshold 15)
[2024-02-06T10:57:27.035+0000][1536][gc,phases   ] GC(323)   Pre Evacuate Collection Set: 0.3ms
[2024-02-06T10:57:27.035+0000][1536][gc,phases   ] GC(323)   Merge Heap Roots: 0.3ms
[2024-02-06T10:57:27.035+0000][1536][gc,phases   ] GC(323)   Evacuate Collection Set: 58.8ms
[2024-02-06T10:57:27.035+0000][1536][gc,phases   ] GC(323)   Post Evacuate Collection Set: 1.5ms
[2024-02-06T10:57:27.036+0000][1536][gc,phases   ] GC(323)   Other: 0.3ms
[2024-02-06T10:57:27.036+0000][1536][gc,age      ] GC(323) Age table with threshold 15 (max threshold 15)
[2024-02-06T10:57:27.036+0000][1536][gc,age      ] GC(323) - age   1:   90850200 bytes,   90850200 total
[2024-02-06T10:57:27.036+0000][1536][gc,age      ] GC(323) - age   2:   71648872 bytes,  162499072 total
[2024-02-06T10:57:27.036+0000][1536][gc,age      ] GC(323) - age   3:     815616 bytes,  163314688 total
[2024-02-06T10:57:27.036+0000][1536][gc,heap     ] GC(323) Eden regions: 536->0(519)
[2024-02-06T10:57:27.036+0000][1536][gc,heap     ] GC(323) Survivor regions: 22->41(70)
[2024-02-06T10:57:27.036+0000][1536][gc,heap     ] GC(323) Old regions: 229->229
[2024-02-06T10:57:27.036+0000][1536][gc,heap     ] GC(323) Archive regions: 0->0
[2024-02-06T10:57:27.036+0000][1536][gc,heap     ] GC(323) Humongous regions: 2->2
[2024-02-06T10:57:27.036+0000][1536][gc,metaspace] GC(323) Metaspace: 132248K(138176K)->132248K(138176K) NonClass: 115199K(118912K)->115199K(118912K) Class: 17049K(19264K)->17049K(19264K)
[2024-02-06T10:57:27.036+0000][1536][gc          ] GC(323) Pause Young (Normal) (G1 Evacuation Pause) 3155M->1087M(4040M) 61.960ms
[2024-02-06T10:57:27.036+0000][1536][gc,cpu      ] GC(323) User=0.52s Sys=0.05s Real=0.07s
[2024-02-06T10:57:27.036+0000][1536][safepoint   ] Safepoint "G1CollectForAllocation", Time since last: 28807233600 ns, Reaching safepoint: 115800 ns, At safepoint: 62252400 ns, Total: 62368200 ns
[2024-02-06T10:57:44.152+0000][1536][safepoint   ] Safepoint "Cleanup", Time since last: 17114119200 ns, Reaching safepoint: 687600 ns, At safepoint: 14400 ns, Total: 702000 ns
[2024-02-06T10:57:53.699+0000][1536][gc,start    ] GC(324) Pause Young (Concurrent Start) (G1 Evacuation Pause)
[2024-02-06T10:57:53.699+0000][1536][gc,task     ] GC(324) Using 8 workers of 8 for evacuation
[2024-02-06T10:57:53.699+0000][1536][gc,age      ] GC(324) Desired survivor size 146800640 bytes, new threshold 2 (max threshold 15)
[2024-02-06T10:57:53.776+0000][1536][gc,phases   ] GC(324)   Pre Evacuate Collection Set: 0.5ms
[2024-02-06T10:57:53.776+0000][1536][gc,phases   ] GC(324)   Merge Heap Roots: 0.2ms
[2024-02-06T10:57:53.776+0000][1536][gc,phases   ] GC(324)   Evacuate Collection Set: 73.0ms
[2024-02-06T10:57:53.776+0000][1536][gc,phases   ] GC(324)   Post Evacuate Collection Set: 1.3ms
[2024-02-06T10:57:53.776+0000][1536][gc,phases   ] GC(324)   Other: 0.2ms
[2024-02-06T10:57:53.776+0000][1536][gc,age      ] GC(324) Age table with threshold 2 (max threshold 15)
[2024-02-06T10:57:53.776+0000][1536][gc,age      ] GC(324) - age   1:   89688952 bytes,   89688952 total
[2024-02-06T10:57:53.776+0000][1536][gc,age      ] GC(324) - age   2:   75549856 bytes,  165238808 total
[2024-02-06T10:57:53.776+0000][1536][gc,heap     ] GC(324) Eden regions: 519->0(503)
[2024-02-06T10:57:53.776+0000][1536][gc,heap     ] GC(324) Survivor regions: 41->42(70)
[2024-02-06T10:57:53.776+0000][1536][gc,heap     ] GC(324) Old regions: 229->244
[2024-02-06T10:57:53.776+0000][1536][gc,heap     ] GC(324) Archive regions: 0->0
[2024-02-06T10:57:53.776+0000][1536][gc,heap     ] GC(324) Humongous regions: 2->2
[2024-02-06T10:57:53.776+0000][1536][gc,metaspace] GC(324) Metaspace: 132248K(138176K)->132248K(138176K) NonClass: 115199K(118912K)->115199K(118912K) Class: 17049K(19264K)->17049K(19264K)
[2024-02-06T10:57:53.776+0000][1536][gc          ] GC(324) Pause Young (Concurrent Start) (G1 Evacuation Pause) 3163M->1146M(4040M) 75.830ms
[2024-02-06T10:57:53.776+0000][1536][gc          ] GC(325) Concurrent Mark Cycle
[2024-02-06T10:57:53.776+0000][1536][gc,cpu      ] GC(324) User=0.61s Sys=0.02s Real=0.08s
[2024-02-06T10:57:53.776+0000][1536][gc,marking  ] GC(325) Concurrent Clear Claimed Marks
[2024-02-06T10:57:53.776+0000][1536][safepoint   ] Safepoint "G1CollectForAllocation", Time since last: 9549212400 ns, Reaching safepoint: 171100 ns, At safepoint: 76174700 ns, Total: 76345800 ns
[2024-02-06T10:57:53.776+0000][1536][gc,marking  ] GC(325) Concurrent Clear Claimed Marks 0.331ms
[2024-02-06T10:57:53.776+0000][1536][gc,marking  ] GC(325) Concurrent Scan Root Regions
[2024-02-06T10:57:53.826+0000][1536][gc,marking  ] GC(325) Concurrent Scan Root Regions 56.459ms
[2024-02-06T10:57:53.826+0000][1536][gc,marking  ] GC(325) Concurrent Mark
[2024-02-06T10:57:53.826+0000][1536][gc,marking  ] GC(325) Concurrent Mark From Roots
[2024-02-06T10:57:53.826+0000][1536][gc,task     ] GC(325) Using 2 workers of 2 for marking
[2024-02-06T10:57:54.143+0000][1536][gc,marking  ] GC(325) Concurrent Mark From Roots 308.900ms
[2024-02-06T10:57:54.143+0000][1536][gc,marking  ] GC(325) Concurrent Preclean
[2024-02-06T10:57:54.144+0000][1536][gc,marking  ] GC(325) Concurrent Preclean 1.298ms
[2024-02-06T10:57:54.144+0000][1536][gc,start    ] GC(325) Pause Remark
[2024-02-06T10:57:54.160+0000][1536][gc          ] GC(325) Pause Remark 1218M->1218M(4040M) 20.611ms
[2024-02-06T10:57:54.160+0000][1536][gc,cpu      ] GC(325) User=0.06s Sys=0.00s Real=0.02s
[2024-02-06T10:57:54.160+0000][1536][safepoint   ] Safepoint "G1Concurrent", Time since last: 367126200 ns, Reaching safepoint: 124900 ns, At safepoint: 20888500 ns, Total: 21013400 ns
[2024-02-06T10:57:54.160+0000][1536][gc,marking  ] GC(325) Concurrent Mark 331.485ms
[2024-02-06T10:57:54.160+0000][1536][gc,marking  ] GC(325) Concurrent Rebuild Remembered Sets
[2024-02-06T10:57:54.394+0000][1536][gc,marking  ] GC(325) Concurrent Rebuild Remembered Sets 229.185ms
[2024-02-06T10:57:54.395+0000][1536][gc,start    ] GC(325) Pause Cleanup
[2024-02-06T10:57:54.395+0000][1536][gc          ] GC(325) Pause Cleanup 1261M->1261M(4040M) 0.434ms
[2024-02-06T10:57:54.395+0000][1536][gc,cpu      ] GC(325) User=0.00s Sys=0.00s Real=0.00s
[2024-02-06T10:57:54.395+0000][1536][safepoint   ] Safepoint "G1Concurrent", Time since last: 229490200 ns, Reaching safepoint: 74700 ns, At safepoint: 556700 ns, Total: 631400 ns
[2024-02-06T10:57:54.395+0000][1536][gc,marking  ] GC(325) Concurrent Cleanup for Next Mark
[2024-02-06T10:57:54.423+0000][1536][gc,marking  ] GC(325) Concurrent Cleanup for Next Mark 28.023ms
[2024-02-06T10:57:54.423+0000][1536][gc          ] GC(325) Concurrent Mark Cycle 646.669ms
[2024-02-06T10:58:18.003+0000][1536][gc,start    ] GC(326) Pause Young (Prepare Mixed) (G1 Evacuation Pause)
[2024-02-06T10:58:18.003+0000][1536][gc,task     ] GC(326) Using 8 workers of 8 for evacuation
[2024-02-06T10:58:18.003+0000][1536][gc,age      ] GC(326) Desired survivor size 144703488 bytes, new threshold 2 (max threshold 15)
[2024-02-06T10:58:18.101+0000][1536][gc,phases   ] GC(326)   Pre Evacuate Collection Set: 0.3ms
[2024-02-06T10:58:18.101+0000][1536][gc,phases   ] GC(326)   Merge Heap Roots: 0.6ms
[2024-02-06T10:58:18.101+0000][1536][gc,phases   ] GC(326)   Evacuate Collection Set: 85.5ms
[2024-02-06T10:58:18.101+0000][1536][gc,phases   ] GC(326)   Post Evacuate Collection Set: 2.1ms
[2024-02-06T10:58:18.101+0000][1536][gc,phases   ] GC(326)   Other: 0.4ms
[2024-02-06T10:58:18.101+0000][1536][gc,age      ] GC(326) Age table with threshold 2 (max threshold 15)
[2024-02-06T10:58:18.101+0000][1536][gc,age      ] GC(326) - age   1:   80029256 bytes,   80029256 total
[2024-02-06T10:58:18.101+0000][1536][gc,age      ] GC(326) - age   2:   72776712 bytes,  152805968 total
[2024-02-06T10:58:18.101+0000][1536][gc,heap     ] GC(326) Eden regions: 503->0(11)
[2024-02-06T10:58:18.101+0000][1536][gc,heap     ] GC(326) Survivor regions: 42->39(69)
[2024-02-06T10:58:18.101+0000][1536][gc,heap     ] GC(326) Old regions: 244->259
[2024-02-06T10:58:18.101+0000][1536][gc,heap     ] GC(326) Archive regions: 0->0
[2024-02-06T10:58:18.101+0000][1536][gc,heap     ] GC(326) Humongous regions: 2->2
[2024-02-06T10:58:18.101+0000][1536][gc,metaspace] GC(326) Metaspace: 132248K(138176K)->132248K(138176K) NonClass: 115199K(118912K)->115199K(118912K) Class: 17049K(19264K)->17049K(19264K)
[2024-02-06T10:58:18.101+0000][1536][gc          ] GC(326) Pause Young (Prepare Mixed) (G1 Evacuation Pause) 3158M->1198M(4040M) 89.519ms
[2024-02-06T10:58:18.102+0000][1536][gc,cpu      ] GC(326) User=0.59s Sys=0.02s Real=0.10s
[2024-02-06T10:58:18.102+0000][1536][safepoint   ] Safepoint "G1CollectForAllocation", Time since last: 23617131100 ns, Reaching safepoint: 182700 ns, At safepoint: 89762000 ns, Total: 89944700 ns
[2024-02-06T10:58:18.387+0000][1536][gc,start    ] GC(327) Pause Young (Mixed) (G1 Evacuation Pause)
[2024-02-06T10:58:18.403+0000][1536][gc,task     ] GC(327) Using 8 workers of 8 for evacuation
[2024-02-06T10:58:18.403+0000][1536][gc,age      ] GC(327) Desired survivor size 14680064 bytes, new threshold 1 (max threshold 15)
[2024-02-06T10:58:18.522+0000][1536][gc,phases   ] GC(327)   Pre Evacuate Collection Set: 0.4ms
[2024-02-06T10:58:18.522+0000][1536][gc,phases   ] GC(327)   Merge Heap Roots: 0.5ms
[2024-02-06T10:58:18.522+0000][1536][gc,phases   ] GC(327)   Evacuate Collection Set: 115.6ms
[2024-02-06T10:58:18.522+0000][1536][gc,phases   ] GC(327)   Post Evacuate Collection Set: 1.0ms
[2024-02-06T10:58:18.522+0000][1536][gc,phases   ] GC(327)   Other: 2.8ms
[2024-02-06T10:58:18.522+0000][1536][gc,age      ] GC(327) Age table with threshold 1 (max threshold 15)
[2024-02-06T10:58:18.522+0000][1536][gc,age      ] GC(327) - age   1:    4039656 bytes,    4039656 total
[2024-02-06T10:58:18.522+0000][1536][gc,heap     ] GC(327) Eden regions: 11->0(553)
[2024-02-06T10:58:18.522+0000][1536][gc,heap     ] GC(327) Survivor regions: 39->4(7)
[2024-02-06T10:58:18.522+0000][1536][gc,heap     ] GC(327) Old regions: 259->228
[2024-02-06T10:58:18.522+0000][1536][gc,heap     ] GC(327) Archive regions: 0->0
[2024-02-06T10:58:18.522+0000][1536][gc,heap     ] GC(327) Humongous regions: 2->2
[2024-02-06T10:58:18.522+0000][1536][gc,metaspace] GC(327) Metaspace: 132248K(138176K)->132248K(138176K) NonClass: 115199K(118912K)->115199K(118912K) Class: 17049K(19264K)->17049K(19264K)
[2024-02-06T10:58:18.522+0000][1536][gc          ] GC(327) Pause Young (Mixed) (G1 Evacuation Pause) 1242M->936M(4040M) 120.870ms
[2024-02-06T10:58:18.522+0000][1536][gc,cpu      ] GC(327) User=0.83s Sys=0.12s Real=0.13s
[2024-02-06T10:58:18.525+0000][1536][safepoint   ] Safepoint "G1CollectForAllocation", Time since last: 300040700 ns, Reaching safepoint: 161900 ns, At safepoint: 122387400 ns, Total: 122549300 ns
[2024-02-06T10:58:47.589+0000][1536][safepoint   ] Safepoint "Cleanup", Time since last: 29063507600 ns, Reaching safepoint: 98800 ns, At safepoint: 18100 ns, Total: 116900 ns
[2024-02-06T10:58:52.648+0000][1536][gc,start    ] GC(328) Pause Young (Normal) (G1 Evacuation Pause)
[2024-02-06T10:58:52.648+0000][1536][gc,task     ] GC(328) Using 8 workers of 8 for evacuation
[2024-02-06T10:58:52.648+0000][1536][gc,age      ] GC(328) Desired survivor size 146800640 bytes, new threshold 15 (max threshold 15)
[2024-02-06T10:58:52.696+0000][1536][gc,phases   ] GC(328)   Pre Evacuate Collection Set: 0.2ms
[2024-02-06T10:58:52.696+0000][1536][gc,phases   ] GC(328)   Merge Heap Roots: 0.2ms
[2024-02-06T10:58:52.696+0000][1536][gc,phases   ] GC(328)   Evacuate Collection Set: 36.9ms
[2024-02-06T10:58:52.696+0000][1536][gc,phases   ] GC(328)   Post Evacuate Collection Set: 1.4ms
[2024-02-06T10:58:52.696+0000][1536][gc,phases   ] GC(328)   Other: 0.2ms
[2024-02-06T10:58:52.696+0000][1536][gc,age      ] GC(328) Age table with threshold 15 (max threshold 15)
[2024-02-06T10:58:52.696+0000][1536][gc,age      ] GC(328) - age   1:   93290720 bytes,   93290720 total
[2024-02-06T10:58:52.696+0000][1536][gc,age      ] GC(328) - age   2:    3517256 bytes,   96807976 total
[2024-02-06T10:58:52.696+0000][1536][gc,heap     ] GC(328) Eden regions: 553->0(535)
[2024-02-06T10:58:52.696+0000][1536][gc,heap     ] GC(328) Survivor regions: 4->24(70)
[2024-02-06T10:58:52.696+0000][1536][gc,heap     ] GC(328) Old regions: 228->228
[2024-02-06T10:58:52.696+0000][1536][gc,heap     ] GC(328) Archive regions: 0->0
[2024-02-06T10:58:52.696+0000][1536][gc,heap     ] GC(328) Humongous regions: 2->2
[2024-02-06T10:58:52.696+0000][1536][gc,metaspace] GC(328) Metaspace: 132248K(138176K)->132248K(138176K) NonClass: 115199K(118912K)->115199K(118912K) Class: 17049K(19264K)->17049K(19264K)
[2024-02-06T10:58:52.696+0000][1536][gc          ] GC(328) Pause Young (Normal) (G1 Evacuation Pause) 3148M->1016M(4040M) 39.622ms
[2024-02-06T10:58:52.696+0000][1536][gc,cpu      ] GC(328) User=0.38s Sys=0.00s Real=0.05s
[2024-02-06T10:58:52.696+0000][1536][safepoint   ] Safepoint "G1CollectForAllocation", Time since last: 5071412500 ns, Reaching safepoint: 133900 ns, At safepoint: 39883600 ns, Total: 40017500 ns
[2024-02-06T10:59:14.810+0000][1536][safepoint   ] Safepoint "Cleanup", Time since last: 22109906500 ns, Reaching safepoint: 192300 ns, At safepoint: 305600 ns, Total: 497900 ns
[2024-02-06T10:59:16.823+0000][1536][safepoint   ] Safepoint "Cleanup", Time since last: 2012510800 ns, Reaching safepoint: 125400 ns, At safepoint: 75200 ns, Total: 200600 ns
[2024-02-06T10:59:21.386+0000][1536][gc,start    ] GC(329) Pause Young (Normal) (G1 Evacuation Pause)
[2024-02-06T10:59:21.386+0000][1536][gc,task     ] GC(329) Using 8 workers of 8 for evacuation
[2024-02-06T10:59:21.386+0000][1536][gc,age      ] GC(329) Desired survivor size 146800640 bytes, new threshold 15 (max threshold 15)
[2024-02-06T10:59:21.464+0000][1536][gc,phases   ] GC(329)   Pre Evacuate Collection Set: 0.3ms
[2024-02-06T10:59:21.464+0000][1536][gc,phases   ] GC(329)   Merge Heap Roots: 0.4ms
[2024-02-06T10:59:21.464+0000][1536][gc,phases   ] GC(329)   Evacuate Collection Set: 71.6ms
[2024-02-06T10:59:21.464+0000][1536][gc,phases   ] GC(329)   Post Evacuate Collection Set: 1.4ms
[2024-02-06T10:59:21.464+0000][1536][gc,phases   ] GC(329)   Other: 0.3ms
[2024-02-06T10:59:21.464+0000][1536][gc,age      ] GC(329) Age table with threshold 15 (max threshold 15)
[2024-02-06T10:59:21.464+0000][1536][gc,age      ] GC(329) - age   1:   88188864 bytes,   88188864 total
[2024-02-06T10:59:21.464+0000][1536][gc,age      ] GC(329) - age   2:   78660760 bytes,  166849624 total
[2024-02-06T10:59:21.464+0000][1536][gc,age      ] GC(329) - age   3:    2028096 bytes,  168877720 total
[2024-02-06T10:59:21.464+0000][1536][gc,heap     ] GC(329) Eden regions: 535->0(519)
[2024-02-06T10:59:21.464+0000][1536][gc,heap     ] GC(329) Survivor regions: 24->42(70)
[2024-02-06T10:59:21.464+0000][1536][gc,heap     ] GC(329) Old regions: 228->228
[2024-02-06T10:59:21.464+0000][1536][gc,heap     ] GC(329) Archive regions: 0->0
[2024-02-06T10:59:21.464+0000][1536][gc,heap     ] GC(329) Humongous regions: 2->2
[2024-02-06T10:59:21.464+0000][1536][gc,metaspace] GC(329) Metaspace: 132249K(138176K)->132249K(138176K) NonClass: 115200K(118912K)->115200K(118912K) Class: 17049K(19264K)->17049K(19264K)
[2024-02-06T10:59:21.464+0000][1536][gc          ] GC(329) Pause Young (Normal) (G1 Evacuation Pause) 3156M->1088M(4040M) 74.608ms
[2024-02-06T10:59:21.464+0000][1536][gc,cpu      ] GC(329) User=0.59s Sys=0.02s Real=0.08s
[2024-02-06T10:59:21.464+0000][1536][safepoint   ] Safepoint "G1CollectForAllocation", Time since last: 4572235200 ns, Reaching safepoint: 187000 ns, At safepoint: 74835100 ns, Total: 75022100 ns
[2024-02-06T10:59:46.971+0000][1536][gc,start    ] GC(330) Pause Young (Concurrent Start) (G1 Evacuation Pause)
[2024-02-06T10:59:46.971+0000][1536][gc,task     ] GC(330) Using 8 workers of 8 for evacuation
[2024-02-06T10:59:46.971+0000][1536][gc,age      ] GC(330) Desired survivor size 148897792 bytes, new threshold 2 (max threshold 15)
[2024-02-06T10:59:47.058+0000][1536][gc,phases   ] GC(330)   Pre Evacuate Collection Set: 1.0ms
[2024-02-06T10:59:47.058+0000][1536][gc,phases   ] GC(330)   Merge Heap Roots: 0.6ms
[2024-02-06T10:59:47.058+0000][1536][gc,phases   ] GC(330)   Evacuate Collection Set: 85.3ms
[2024-02-06T10:59:47.058+0000][1536][gc,phases   ] GC(330)   Post Evacuate Collection Set: 1.7ms
[2024-02-06T10:59:47.058+0000][1536][gc,phases   ] GC(330)   Other: 0.4ms
[2024-02-06T10:59:47.058+0000][1536][gc,age      ] GC(330) Age table with threshold 2 (max threshold 15)
[2024-02-06T10:59:47.058+0000][1536][gc,age      ] GC(330) - age   1:   83767416 bytes,   83767416 total
[2024-02-06T10:59:47.058+0000][1536][gc,age      ] GC(330) - age   2:   76870232 bytes,  160637648 total
[2024-02-06T10:59:47.058+0000][1536][gc,heap     ] GC(330) Eden regions: 519->0(505)
[2024-02-06T10:59:47.058+0000][1536][gc,heap     ] GC(330) Survivor regions: 42->41(71)
[2024-02-06T10:59:47.058+0000][1536][gc,heap     ] GC(330) Old regions: 228->245
[2024-02-06T10:59:47.058+0000][1536][gc,heap     ] GC(330) Archive regions: 0->0
[2024-02-06T10:59:47.058+0000][1536][gc,heap     ] GC(330) Humongous regions: 2->2
[2024-02-06T10:59:47.058+0000][1536][gc,metaspace] GC(330) Metaspace: 132249K(138176K)->132249K(138176K) NonClass: 115200K(118912K)->115200K(118912K) Class: 17049K(19264K)->17049K(19264K)
[2024-02-06T10:59:47.058+0000][1536][gc          ] GC(330) Pause Young (Concurrent Start) (G1 Evacuation Pause) 3164M->1146M(4040M) 89.976ms
[2024-02-06T10:59:47.058+0000][1536][gc,cpu      ] GC(330) User=0.56s Sys=0.02s Real=0.09s
[2024-02-06T10:59:47.058+0000][1536][gc          ] GC(331) Concurrent Mark Cycle
[2024-02-06T10:59:47.058+0000][1536][gc,marking  ] GC(331) Concurrent Clear Claimed Marks
[2024-02-06T10:59:47.058+0000][1536][gc,marking  ] GC(331) Concurrent Clear Claimed Marks 0.263ms
[2024-02-06T10:59:47.058+0000][1536][gc,marking  ] GC(331) Concurrent Scan Root Regions
[2024-02-06T10:59:47.058+0000][1536][safepoint   ] Safepoint "G1CollectForAllocation", Time since last: 25504806700 ns, Reaching safepoint: 181200 ns, At safepoint: 90660600 ns, Total: 90841800 ns
[2024-02-06T10:59:47.119+0000][1536][gc,marking  ] GC(331) Concurrent Scan Root Regions 58.683ms
[2024-02-06T10:59:47.119+0000][1536][gc,marking  ] GC(331) Concurrent Mark
[2024-02-06T10:59:47.119+0000][1536][gc,marking  ] GC(331) Concurrent Mark From Roots
[2024-02-06T10:59:47.119+0000][1536][gc,task     ] GC(331) Using 2 workers of 2 for marking
[2024-02-06T10:59:47.426+0000][1536][gc,marking  ] GC(331) Concurrent Mark From Roots 301.818ms
[2024-02-06T10:59:47.426+0000][1536][gc,marking  ] GC(331) Concurrent Preclean
[2024-02-06T10:59:47.427+0000][1536][gc,marking  ] GC(331) Concurrent Preclean 1.042ms
[2024-02-06T10:59:47.428+0000][1536][gc,start    ] GC(331) Pause Remark
[2024-02-06T10:59:47.448+0000][1536][gc          ] GC(331) Pause Remark 1196M->1196M(4040M) 19.946ms
[2024-02-06T10:59:47.448+0000][1536][gc,cpu      ] GC(331) User=0.02s Sys=0.02s Real=0.02s
[2024-02-06T10:59:47.448+0000][1536][safepoint   ] Safepoint "G1Concurrent", Time since last: 361677500 ns, Reaching safepoint: 97700 ns, At safepoint: 20120900 ns, Total: 20218600 ns
[2024-02-06T10:59:47.448+0000][1536][gc,marking  ] GC(331) Concurrent Mark 323.295ms
[2024-02-06T10:59:47.448+0000][1536][gc,marking  ] GC(331) Concurrent Rebuild Remembered Sets
[2024-02-06T10:59:47.637+0000][1536][gc,marking  ] GC(331) Concurrent Rebuild Remembered Sets 198.044ms
[2024-02-06T10:59:47.637+0000][1536][gc,start    ] GC(331) Pause Cleanup
[2024-02-06T10:59:47.637+0000][1536][gc          ] GC(331) Pause Cleanup 1212M->1212M(4040M) 1.240ms
[2024-02-06T10:59:47.637+0000][1536][gc,cpu      ] GC(331) User=0.00s Sys=0.00s Real=0.00s
[2024-02-06T10:59:47.637+0000][1536][safepoint   ] Safepoint "G1Concurrent", Time since last: 198306500 ns, Reaching safepoint: 88000 ns, At safepoint: 1449200 ns, Total: 1537200 ns
[2024-02-06T10:59:47.637+0000][1536][gc,marking  ] GC(331) Concurrent Cleanup for Next Mark
[2024-02-06T10:59:47.654+0000][1536][gc,marking  ] GC(331) Concurrent Cleanup for Next Mark 10.479ms
[2024-02-06T10:59:47.654+0000][1536][gc          ] GC(331) Concurrent Mark Cycle 592.926ms
[2024-02-06T11:00:08.948+0000][1536][gc,start    ] GC(332) Pause Young (Prepare Mixed) (G1 Evacuation Pause)
[2024-02-06T11:00:08.948+0000][1536][gc,task     ] GC(332) Using 8 workers of 8 for evacuation
[2024-02-06T11:00:08.948+0000][1536][gc,age      ] GC(332) Desired survivor size 144703488 bytes, new threshold 2 (max threshold 15)
[2024-02-06T11:00:09.020+0000][1536][gc,phases   ] GC(332)   Pre Evacuate Collection Set: 0.2ms
[2024-02-06T11:00:09.020+0000][1536][gc,phases   ] GC(332)   Merge Heap Roots: 0.3ms
[2024-02-06T11:00:09.020+0000][1536][gc,phases   ] GC(332)   Evacuate Collection Set: 70.0ms
[2024-02-06T11:00:09.020+0000][1536][gc,phases   ] GC(332)   Post Evacuate Collection Set: 1.1ms
[2024-02-06T11:00:09.020+0000][1536][gc,phases   ] GC(332)   Other: 0.3ms
[2024-02-06T11:00:09.020+0000][1536][gc,age      ] GC(332) Age table with threshold 2 (max threshold 15)
[2024-02-06T11:00:09.020+0000][1536][gc,age      ] GC(332) - age   1:   80847088 bytes,   80847088 total
[2024-02-06T11:00:09.020+0000][1536][gc,age      ] GC(332) - age   2:   69834888 bytes,  150681976 total
[2024-02-06T11:00:09.020+0000][1536][gc,heap     ] GC(332) Eden regions: 505->0(12)
[2024-02-06T11:00:09.020+0000][1536][gc,heap     ] GC(332) Survivor regions: 41->38(69)
[2024-02-06T11:00:09.020+0000][1536][gc,heap     ] GC(332) Old regions: 245->260
[2024-02-06T11:00:09.020+0000][1536][gc,heap     ] GC(332) Archive regions: 0->0
[2024-02-06T11:00:09.020+0000][1536][gc,heap     ] GC(332) Humongous regions: 2->2
[2024-02-06T11:00:09.020+0000][1536][gc,metaspace] GC(332) Metaspace: 132250K(138176K)->132250K(138176K) NonClass: 115200K(118912K)->115200K(118912K) Class: 17049K(19264K)->17049K(19264K)
[2024-02-06T11:00:09.020+0000][1536][gc          ] GC(332) Pause Young (Prepare Mixed) (G1 Evacuation Pause) 3166M->1196M(4040M) 72.199ms
[2024-02-06T11:00:09.020+0000][1536][gc,cpu      ] GC(332) User=0.55s Sys=0.02s Real=0.07s
[2024-02-06T11:00:09.020+0000][1536][safepoint   ] Safepoint "G1CollectForAllocation", Time since last: 21300125200 ns, Reaching safepoint: 159900 ns, At safepoint: 72354500 ns, Total: 72514400 ns
[2024-02-06T11:00:09.271+0000][1536][gc,start    ] GC(333) Pause Young (Mixed) (G1 Evacuation Pause)
[2024-02-06T11:00:09.271+0000][1536][gc,task     ] GC(333) Using 8 workers of 8 for evacuation
[2024-02-06T11:00:09.271+0000][1536][gc,age      ] GC(333) Desired survivor size 14680064 bytes, new threshold 1 (max threshold 15)
[2024-02-06T11:00:09.347+0000][1536][gc,phases   ] GC(333)   Pre Evacuate Collection Set: 0.2ms
[2024-02-06T11:00:09.347+0000][1536][gc,phases   ] GC(333)   Merge Heap Roots: 0.3ms
[2024-02-06T11:00:09.347+0000][1536][gc,phases   ] GC(333)   Evacuate Collection Set: 75.1ms
[2024-02-06T11:00:09.347+0000][1536][gc,phases   ] GC(333)   Post Evacuate Collection Set: 1.4ms
[2024-02-06T11:00:09.347+0000][1536][gc,phases   ] GC(333)   Other: 0.2ms
[2024-02-06T11:00:09.347+0000][1536][gc,age      ] GC(333) Age table with threshold 1 (max threshold 15)
[2024-02-06T11:00:09.347+0000][1536][gc,age      ] GC(333) - age   1:    2504664 bytes,    2504664 total
[2024-02-06T11:00:09.347+0000][1536][gc,heap     ] GC(333) Eden regions: 12->0(553)
[2024-02-06T11:00:09.347+0000][1536][gc,heap     ] GC(333) Survivor regions: 38->4(7)
[2024-02-06T11:00:09.347+0000][1536][gc,heap     ] GC(333) Old regions: 260->230
[2024-02-06T11:00:09.347+0000][1536][gc,heap     ] GC(333) Archive regions: 0->0
[2024-02-06T11:00:09.347+0000][1536][gc,heap     ] GC(333) Humongous regions: 2->2
[2024-02-06T11:00:09.347+0000][1536][gc,metaspace] GC(333) Metaspace: 132250K(138176K)->132250K(138176K) NonClass: 115200K(118912K)->115200K(118912K) Class: 17049K(19264K)->17049K(19264K)
[2024-02-06T11:00:09.347+0000][1536][gc          ] GC(333) Pause Young (Mixed) (G1 Evacuation Pause) 1244M->942M(4040M) 77.616ms
[2024-02-06T11:00:09.347+0000][1536][gc,cpu      ] GC(333) User=0.42s Sys=0.14s Real=0.08s
[2024-02-06T11:00:09.347+0000][1536][safepoint   ] Safepoint "G1CollectForAllocation", Time since last: 252778900 ns, Reaching safepoint: 166800 ns, At safepoint: 77810900 ns, Total: 77977700 ns
[2024-02-06T11:00:10.355+0000][1536][safepoint   ] Safepoint "Cleanup", Time since last: 1004186100 ns, Reaching safepoint: 162200 ns, At safepoint: 48000 ns, Total: 210200 ns
[2024-02-06T11:00:41.100+0000][1536][gc,start    ] GC(334) Pause Young (Normal) (G1 Evacuation Pause)
[2024-02-06T11:00:41.101+0000][1536][gc,task     ] GC(334) Using 8 workers of 8 for evacuation
[2024-02-06T11:00:41.101+0000][1536][gc,age      ] GC(334) Desired survivor size 146800640 bytes, new threshold 15 (max threshold 15)
[2024-02-06T11:00:41.140+0000][1536][gc,phases   ] GC(334)   Pre Evacuate Collection Set: 0.2ms
[2024-02-06T11:00:41.140+0000][1536][gc,phases   ] GC(334)   Merge Heap Roots: 0.3ms
[2024-02-06T11:00:41.140+0000][1536][gc,phases   ] GC(334)   Evacuate Collection Set: 37.5ms
[2024-02-06T11:00:41.140+0000][1536][gc,phases   ] GC(334)   Post Evacuate Collection Set: 1.3ms
[2024-02-06T11:00:41.140+0000][1536][gc,phases   ] GC(334)   Other: 0.2ms
[2024-02-06T11:00:41.140+0000][1536][gc,age      ] GC(334) Age table with threshold 15 (max threshold 15)
[2024-02-06T11:00:41.140+0000][1536][gc,age      ] GC(334) - age   1:   95072032 bytes,   95072032 total
[2024-02-06T11:00:41.140+0000][1536][gc,age      ] GC(334) - age   2:    1624368 bytes,   96696400 total
[2024-02-06T11:00:41.140+0000][1536][gc,heap     ] GC(334) Eden regions: 553->0(533)
[2024-02-06T11:00:41.140+0000][1536][gc,heap     ] GC(334) Survivor regions: 4->24(70)
[2024-02-06T11:00:41.140+0000][1536][gc,heap     ] GC(334) Old regions: 230->230
[2024-02-06T11:00:41.140+0000][1536][gc,heap     ] GC(334) Archive regions: 0->0
[2024-02-06T11:00:41.141+0000][1536][gc,heap     ] GC(334) Humongous regions: 2->2
[2024-02-06T11:00:41.141+0000][1536][gc,metaspace] GC(334) Metaspace: 132250K(138176K)->132250K(138176K) NonClass: 115200K(118912K)->115200K(118912K) Class: 17049K(19264K)->17049K(19264K)
[2024-02-06T11:00:41.141+0000][1536][gc          ] GC(334) Pause Young (Normal) (G1 Evacuation Pause) 3154M->1021M(4040M) 40.033ms
[2024-02-06T11:00:41.141+0000][1536][gc,cpu      ] GC(334) User=0.27s Sys=0.00s Real=0.04s
[2024-02-06T11:00:41.142+0000][1536][safepoint   ] Safepoint "G1CollectForAllocation", Time since last: 30745451700 ns, Reaching safepoint: 111400 ns, At safepoint: 40242900 ns, Total: 40354300 ns
[2024-02-06T11:00:44.145+0000][1536][safepoint   ] Safepoint "Cleanup", Time since last: 3003232000 ns, Reaching safepoint: 192800 ns, At safepoint: 49000 ns, Total: 241800 ns
[2024-02-06T11:00:59.165+0000][1536][gc,start    ] GC(335) Pause Young (Normal) (G1 Evacuation Pause)
[2024-02-06T11:00:59.165+0000][1536][gc,task     ] GC(335) Using 8 workers of 8 for evacuation
[2024-02-06T11:00:59.165+0000][1536][gc,age      ] GC(335) Desired survivor size 146800640 bytes, new threshold 15 (max threshold 15)
[2024-02-06T11:00:59.223+0000][1536][gc,phases   ] GC(335)   Pre Evacuate Collection Set: 0.2ms
[2024-02-06T11:00:59.223+0000][1536][gc,phases   ] GC(335)   Merge Heap Roots: 0.2ms
[2024-02-06T11:00:59.223+0000][1536][gc,phases   ] GC(335)   Evacuate Collection Set: 54.9ms
[2024-02-06T11:00:59.223+0000][1536][gc,phases   ] GC(335)   Post Evacuate Collection Set: 1.4ms
[2024-02-06T11:00:59.223+0000][1536][gc,phases   ] GC(335)   Other: 0.2ms
[2024-02-06T11:00:59.223+0000][1536][gc,age      ] GC(335) Age table with threshold 15 (max threshold 15)
[2024-02-06T11:00:59.223+0000][1536][gc,age      ] GC(335) - age   1:   82889080 bytes,   82889080 total
[2024-02-06T11:00:59.223+0000][1536][gc,age      ] GC(335) - age   2:   80605704 bytes,  163494784 total
[2024-02-06T11:00:59.223+0000][1536][gc,age      ] GC(335) - age   3:     512040 bytes,  164006824 total
[2024-02-06T11:00:59.223+0000][1536][gc,heap     ] GC(335) Eden regions: 533->0(518)
[2024-02-06T11:00:59.223+0000][1536][gc,heap     ] GC(335) Survivor regions: 24->41(70)
[2024-02-06T11:00:59.223+0000][1536][gc,heap     ] GC(335) Old regions: 230->230
[2024-02-06T11:00:59.223+0000][1536][gc,heap     ] GC(335) Archive regions: 0->0
[2024-02-06T11:00:59.223+0000][1536][gc,heap     ] GC(335) Humongous regions: 2->2
[2024-02-06T11:00:59.223+0000][1536][gc,metaspace] GC(335) Metaspace: 132250K(138176K)->132250K(138176K) NonClass: 115200K(118912K)->115200K(118912K) Class: 17049K(19264K)->17049K(19264K)
[2024-02-06T11:00:59.223+0000][1536][gc          ] GC(335) Pause Young (Normal) (G1 Evacuation Pause) 3153M->1089M(4040M) 57.316ms
[2024-02-06T11:00:59.223+0000][1536][gc,cpu      ] GC(335) User=0.41s Sys=0.02s Real=0.06s
[2024-02-06T11:00:59.223+0000][1536][safepoint   ] Safepoint "G1CollectForAllocation", Time since last: 15020805600 ns, Reaching safepoint: 148900 ns, At safepoint: 57515800 ns, Total: 57664700 ns
[2024-02-06T11:01:26.471+0000][1536][gc,start    ] GC(336) Pause Young (Concurrent Start) (G1 Evacuation Pause)
[2024-02-06T11:01:26.471+0000][1536][gc,task     ] GC(336) Using 8 workers of 8 for evacuation
[2024-02-06T11:01:26.471+0000][1536][gc,age      ] GC(336) Desired survivor size 146800640 bytes, new threshold 2 (max threshold 15)
[2024-02-06T11:01:26.545+0000][1536][gc,phases   ] GC(336)   Pre Evacuate Collection Set: 0.4ms
[2024-02-06T11:01:26.545+0000][1536][gc,phases   ] GC(336)   Merge Heap Roots: 0.2ms
[2024-02-06T11:01:26.545+0000][1536][gc,phases   ] GC(336)   Evacuate Collection Set: 71.8ms
[2024-02-06T11:01:26.545+0000][1536][gc,phases   ] GC(336)   Post Evacuate Collection Set: 1.4ms
[2024-02-06T11:01:26.546+0000][1536][gc,phases   ] GC(336)   Other: 0.2ms
[2024-02-06T11:01:26.546+0000][1536][gc,age      ] GC(336) Age table with threshold 2 (max threshold 15)
[2024-02-06T11:01:26.546+0000][1536][gc,age      ] GC(336) - age   1:   86860224 bytes,   86860224 total
[2024-02-06T11:01:26.546+0000][1536][gc,age      ] GC(336) - age   2:   70316896 bytes,  157177120 total
[2024-02-06T11:01:26.546+0000][1536][gc,heap     ] GC(336) Eden regions: 518->0(504)
[2024-02-06T11:01:26.546+0000][1536][gc,heap     ] GC(336) Survivor regions: 41->40(70)
[2024-02-06T11:01:26.546+0000][1536][gc,heap     ] GC(336) Old regions: 230->246
[2024-02-06T11:01:26.546+0000][1536][gc,heap     ] GC(336) Archive regions: 0->0
[2024-02-06T11:01:26.546+0000][1536][gc,heap     ] GC(336) Humongous regions: 2->2
[2024-02-06T11:01:26.546+0000][1536][gc,metaspace] GC(336) Metaspace: 132250K(138176K)->132250K(138176K) NonClass: 115200K(118912K)->115200K(118912K) Class: 17049K(19264K)->17049K(19264K)
[2024-02-06T11:01:26.546+0000][1536][gc          ] GC(336) Pause Young (Concurrent Start) (G1 Evacuation Pause) 3161M->1151M(4040M) 74.618ms
[2024-02-06T11:01:26.546+0000][1536][gc          ] GC(337) Concurrent Mark Cycle
[2024-02-06T11:01:26.546+0000][1536][gc,cpu      ] GC(336) User=0.50s Sys=0.00s Real=0.08s
[2024-02-06T11:01:26.546+0000][1536][gc,marking  ] GC(337) Concurrent Clear Claimed Marks
[2024-02-06T11:01:26.546+0000][1536][safepoint   ] Safepoint "G1CollectForAllocation", Time since last: 27248038700 ns, Reaching safepoint: 113000 ns, At safepoint: 74976200 ns, Total: 75089200 ns
[2024-02-06T11:01:26.547+0000][1536][gc,marking  ] GC(337) Concurrent Clear Claimed Marks 0.313ms
[2024-02-06T11:01:26.547+0000][1536][gc,marking  ] GC(337) Concurrent Scan Root Regions
[2024-02-06T11:01:26.595+0000][1536][gc,marking  ] GC(337) Concurrent Scan Root Regions 49.414ms
[2024-02-06T11:01:26.595+0000][1536][gc,marking  ] GC(337) Concurrent Mark
[2024-02-06T11:01:26.595+0000][1536][gc,marking  ] GC(337) Concurrent Mark From Roots
[2024-02-06T11:01:26.595+0000][1536][gc,task     ] GC(337) Using 2 workers of 2 for marking
[2024-02-06T11:01:26.910+0000][1536][gc,marking  ] GC(337) Concurrent Mark From Roots 315.090ms
[2024-02-06T11:01:26.910+0000][1536][gc,marking  ] GC(337) Concurrent Preclean
[2024-02-06T11:01:26.910+0000][1536][gc,marking  ] GC(337) Concurrent Preclean 1.417ms
[2024-02-06T11:01:26.910+0000][1536][gc,start    ] GC(337) Pause Remark
[2024-02-06T11:01:26.926+0000][1536][gc          ] GC(337) Pause Remark 1207M->1199M(4040M) 15.383ms
[2024-02-06T11:01:26.926+0000][1536][gc,cpu      ] GC(337) User=0.11s Sys=0.00s Real=0.02s
[2024-02-06T11:01:26.926+0000][1536][safepoint   ] Safepoint "G1Concurrent", Time since last: 366300200 ns, Reaching safepoint: 65700 ns, At safepoint: 15620500 ns, Total: 15686200 ns
[2024-02-06T11:01:26.926+0000][1536][gc,marking  ] GC(337) Concurrent Mark 332.473ms
[2024-02-06T11:01:26.926+0000][1536][gc,marking  ] GC(337) Concurrent Rebuild Remembered Sets
[2024-02-06T11:01:27.154+0000][1536][gc,marking  ] GC(337) Concurrent Rebuild Remembered Sets 226.609ms
[2024-02-06T11:01:27.154+0000][1536][gc,start    ] GC(337) Pause Cleanup
[2024-02-06T11:01:27.154+0000][1536][gc          ] GC(337) Pause Cleanup 1235M->1235M(4040M) 0.476ms
[2024-02-06T11:01:27.154+0000][1536][gc,cpu      ] GC(337) User=0.00s Sys=0.00s Real=0.00s
[2024-02-06T11:01:27.154+0000][1536][safepoint   ] Safepoint "G1Concurrent", Time since last: 226881700 ns, Reaching safepoint: 86300 ns, At safepoint: 658600 ns, Total: 744900 ns
[2024-02-06T11:01:27.154+0000][1536][gc,marking  ] GC(337) Concurrent Cleanup for Next Mark
[2024-02-06T11:01:27.173+0000][1536][gc,marking  ] GC(337) Concurrent Cleanup for Next Mark 16.499ms
[2024-02-06T11:01:27.173+0000][1536][gc          ] GC(337) Concurrent Mark Cycle 626.549ms
[2024-02-06T11:01:52.016+0000][1536][gc,start    ] GC(338) Pause Young (Prepare Mixed) (G1 Evacuation Pause)
[2024-02-06T11:01:52.016+0000][1536][gc,task     ] GC(338) Using 8 workers of 8 for evacuation
[2024-02-06T11:01:52.016+0000][1536][gc,age      ] GC(338) Desired survivor size 142606336 bytes, new threshold 2 (max threshold 15)
[2024-02-06T11:01:52.102+0000][1536][gc,phases   ] GC(338)   Pre Evacuate Collection Set: 0.2ms
[2024-02-06T11:01:52.102+0000][1536][gc,phases   ] GC(338)   Merge Heap Roots: 0.3ms
[2024-02-06T11:01:52.102+0000][1536][gc,phases   ] GC(338)   Evacuate Collection Set: 68.1ms
[2024-02-06T11:01:52.102+0000][1536][gc,phases   ] GC(338)   Post Evacuate Collection Set: 1.7ms
[2024-02-06T11:01:52.102+0000][1536][gc,phases   ] GC(338)   Other: 1.0ms
[2024-02-06T11:01:52.102+0000][1536][gc,age      ] GC(338) Age table with threshold 2 (max threshold 15)
[2024-02-06T11:01:52.102+0000][1536][gc,age      ] GC(338) - age   1:   79085000 bytes,   79085000 total
[2024-02-06T11:01:52.102+0000][1536][gc,age      ] GC(338) - age   2:   73553416 bytes,  152638416 total
[2024-02-06T11:01:52.102+0000][1536][gc,heap     ] GC(338) Eden regions: 504->0(11)
[2024-02-06T11:01:52.102+0000][1536][gc,heap     ] GC(338) Survivor regions: 40->39(68)
[2024-02-06T11:01:52.102+0000][1536][gc,heap     ] GC(338) Old regions: 244->259
[2024-02-06T11:01:52.102+0000][1536][gc,heap     ] GC(338) Archive regions: 0->0
[2024-02-06T11:01:52.102+0000][1536][gc,heap     ] GC(338) Humongous regions: 2->2
[2024-02-06T11:01:52.102+0000][1536][gc,metaspace] GC(338) Metaspace: 132250K(138176K)->132250K(138176K) NonClass: 115200K(118912K)->115200K(118912K) Class: 17049K(19264K)->17049K(19264K)
[2024-02-06T11:01:52.102+0000][1536][gc          ] GC(338) Pause Young (Prepare Mixed) (G1 Evacuation Pause) 3159M->1195M(4040M) 71.670ms
[2024-02-06T11:01:52.102+0000][1536][gc,cpu      ] GC(338) User=0.47s Sys=0.00s Real=0.09s
[2024-02-06T11:01:52.102+0000][1536][safepoint   ] Safepoint "G1CollectForAllocation", Time since last: 24874837700 ns, Reaching safepoint: 68400 ns, At safepoint: 71887400 ns, Total: 71955800 ns
[2024-02-06T11:01:52.252+0000][1536][gc,start    ] GC(339) Pause Young (Mixed) (G1 Evacuation Pause)
[2024-02-06T11:01:52.252+0000][1536][gc,task     ] GC(339) Using 8 workers of 8 for evacuation
[2024-02-06T11:01:52.252+0000][1536][gc,age      ] GC(339) Desired survivor size 14680064 bytes, new threshold 1 (max threshold 15)
[2024-02-06T11:01:52.327+0000][1536][gc,phases   ] GC(339)   Pre Evacuate Collection Set: 0.3ms
[2024-02-06T11:01:52.327+0000][1536][gc,phases   ] GC(339)   Merge Heap Roots: 0.3ms
[2024-02-06T11:01:52.327+0000][1536][gc,phases   ] GC(339)   Evacuate Collection Set: 73.0ms
[2024-02-06T11:01:52.327+0000][1536][gc,phases   ] GC(339)   Post Evacuate Collection Set: 1.2ms
[2024-02-06T11:01:52.327+0000][1536][gc,phases   ] GC(339)   Other: 1.0ms
[2024-02-06T11:01:52.327+0000][1536][gc,age      ] GC(339) Age table with threshold 1 (max threshold 15)
[2024-02-06T11:01:52.327+0000][1536][gc,age      ] GC(339) - age   1:    1926704 bytes,    1926704 total
[2024-02-06T11:01:52.327+0000][1536][gc,heap     ] GC(339) Eden regions: 11->0(553)
[2024-02-06T11:01:52.327+0000][1536][gc,heap     ] GC(339) Survivor regions: 39->4(7)
[2024-02-06T11:01:52.327+0000][1536][gc,heap     ] GC(339) Old regions: 259->231
[2024-02-06T11:01:52.327+0000][1536][gc,heap     ] GC(339) Archive regions: 0->0
[2024-02-06T11:01:52.327+0000][1536][gc,heap     ] GC(339) Humongous regions: 2->2
[2024-02-06T11:01:52.327+0000][1536][gc,metaspace] GC(339) Metaspace: 132250K(138176K)->132250K(138176K) NonClass: 115200K(118912K)->115200K(118912K) Class: 17049K(19264K)->17049K(19264K)
[2024-02-06T11:01:52.327+0000][1536][gc          ] GC(339) Pause Young (Mixed) (G1 Evacuation Pause) 1239M->946M(4040M) 76.210ms
[2024-02-06T11:01:52.327+0000][1536][gc,cpu      ] GC(339) User=0.47s Sys=0.03s Real=0.07s
[2024-02-06T11:01:52.329+0000][1536][safepoint   ] Safepoint "G1CollectForAllocation", Time since last: 148924900 ns, Reaching safepoint: 121000 ns, At safepoint: 76715000 ns, Total: 76836000 ns
[2024-02-06T11:02:20.521+0000][1536][safepoint   ] Safepoint "Cleanup", Time since last: 28192102400 ns, Reaching safepoint: 172300 ns, At safepoint: 70000 ns, Total: 242300 ns
[2024-02-06T11:02:31.404+0000][1536][gc,start    ] GC(340) Pause Young (Normal) (G1 Evacuation Pause)
[2024-02-06T11:02:31.404+0000][1536][gc,task     ] GC(340) Using 8 workers of 8 for evacuation
[2024-02-06T11:02:31.404+0000][1536][gc,age      ] GC(340) Desired survivor size 146800640 bytes, new threshold 15 (max threshold 15)
[2024-02-06T11:02:31.445+0000][1536][gc,phases   ] GC(340)   Pre Evacuate Collection Set: 0.2ms
[2024-02-06T11:02:31.445+0000][1536][gc,phases   ] GC(340)   Merge Heap Roots: 0.3ms
[2024-02-06T11:02:31.445+0000][1536][gc,phases   ] GC(340)   Evacuate Collection Set: 37.8ms
[2024-02-06T11:02:31.445+0000][1536][gc,phases   ] GC(340)   Post Evacuate Collection Set: 1.5ms
[2024-02-06T11:02:31.445+0000][1536][gc,phases   ] GC(340)   Other: 0.3ms
[2024-02-06T11:02:31.445+0000][1536][gc,age      ] GC(340) Age table with threshold 15 (max threshold 15)
[2024-02-06T11:02:31.445+0000][1536][gc,age      ] GC(340) - age   1:  101395536 bytes,  101395536 total
[2024-02-06T11:02:31.445+0000][1536][gc,age      ] GC(340) - age   2:     958088 bytes,  102353624 total
[2024-02-06T11:02:31.445+0000][1536][gc,heap     ] GC(340) Eden regions: 553->0(529)
[2024-02-06T11:02:31.445+0000][1536][gc,heap     ] GC(340) Survivor regions: 4->26(70)
[2024-02-06T11:02:31.445+0000][1536][gc,heap     ] GC(340) Old regions: 231->231
[2024-02-06T11:02:31.445+0000][1536][gc,heap     ] GC(340) Archive regions: 0->0
[2024-02-06T11:02:31.445+0000][1536][gc,heap     ] GC(340) Humongous regions: 2->2
[2024-02-06T11:02:31.445+0000][1536][gc,metaspace] GC(340) Metaspace: 132250K(138176K)->132250K(138176K) NonClass: 115200K(118912K)->115200K(118912K) Class: 17049K(19264K)->17049K(19264K)
[2024-02-06T11:02:31.445+0000][1536][gc          ] GC(340) Pause Young (Normal) (G1 Evacuation Pause) 3158M->1031M(4040M) 40.943ms
[2024-02-06T11:02:31.445+0000][1536][gc,cpu      ] GC(340) User=0.25s Sys=0.06s Real=0.04s
[2024-02-06T11:02:31.445+0000][1536][safepoint   ] Safepoint "G1CollectForAllocation", Time since last: 10883908000 ns, Reaching safepoint: 95700 ns, At safepoint: 41204900 ns, Total: 41300600 ns
[2024-02-06T11:03:00.152+0000][1536][gc,start    ] GC(341) Pause Young (Normal) (G1 Evacuation Pause)
[2024-02-06T11:03:00.152+0000][1536][gc,task     ] GC(341) Using 8 workers of 8 for evacuation
[2024-02-06T11:03:00.152+0000][1536][gc,age      ] GC(341) Desired survivor size 146800640 bytes, new threshold 15 (max threshold 15)
[2024-02-06T11:03:00.215+0000][1536][gc,phases   ] GC(341)   Pre Evacuate Collection Set: 0.2ms
[2024-02-06T11:03:00.215+0000][1536][gc,phases   ] GC(341)   Merge Heap Roots: 0.3ms
[2024-02-06T11:03:00.215+0000][1536][gc,phases   ] GC(341)   Evacuate Collection Set: 56.5ms
[2024-02-06T11:03:00.215+0000][1536][gc,phases   ] GC(341)   Post Evacuate Collection Set: 1.4ms
[2024-02-06T11:03:00.215+0000][1536][gc,phases   ] GC(341)   Other: 0.3ms
[2024-02-06T11:03:00.215+0000][1536][gc,age      ] GC(341) Age table with threshold 15 (max threshold 15)
[2024-02-06T11:03:00.215+0000][1536][gc,age      ] GC(341) - age   1:   77675512 bytes,   77675512 total
[2024-02-06T11:03:00.215+0000][1536][gc,age      ] GC(341) - age   2:   85983064 bytes,  163658576 total
[2024-02-06T11:03:00.215+0000][1536][gc,age      ] GC(341) - age   3:     912384 bytes,  164570960 total
[2024-02-06T11:03:00.215+0000][1536][gc,heap     ] GC(341) Eden regions: 529->0(517)
[2024-02-06T11:03:00.215+0000][1536][gc,heap     ] GC(341) Survivor regions: 26->42(70)
[2024-02-06T11:03:00.215+0000][1536][gc,heap     ] GC(341) Old regions: 231->231
[2024-02-06T11:03:00.215+0000][1536][gc,heap     ] GC(341) Archive regions: 0->0
[2024-02-06T11:03:00.215+0000][1536][gc,heap     ] GC(341) Humongous regions: 2->2
[2024-02-06T11:03:00.215+0000][1536][gc,metaspace] GC(341) Metaspace: 132250K(138176K)->132250K(138176K) NonClass: 115200K(118912K)->115200K(118912K) Class: 17049K(19264K)->17049K(19264K)
[2024-02-06T11:03:00.215+0000][1536][gc          ] GC(341) Pause Young (Normal) (G1 Evacuation Pause) 3147M->1095M(4040M) 59.303ms
[2024-02-06T11:03:00.215+0000][1536][gc,cpu      ] GC(341) User=0.44s Sys=0.00s Real=0.06s
[2024-02-06T11:03:00.215+0000][1536][safepoint   ] Safepoint "G1CollectForAllocation", Time since last: 28709632600 ns, Reaching safepoint: 113400 ns, At safepoint: 59815700 ns, Total: 59929100 ns
[2024-02-06T11:03:20.371+0000][1536][safepoint   ] Safepoint "Cleanup", Time since last: 20155648800 ns, Reaching safepoint: 148800 ns, At safepoint: 81900 ns, Total: 230700 ns
[2024-02-06T11:03:30.789+0000][1536][gc,start    ] GC(342) Pause Young (Concurrent Start) (G1 Evacuation Pause)
[2024-02-06T11:03:30.789+0000][1536][gc,task     ] GC(342) Using 8 workers of 8 for evacuation
[2024-02-06T11:03:30.789+0000][1536][gc,age      ] GC(342) Desired survivor size 146800640 bytes, new threshold 2 (max threshold 15)
[2024-02-06T11:03:30.873+0000][1536][gc,phases   ] GC(342)   Pre Evacuate Collection Set: 0.5ms
[2024-02-06T11:03:30.873+0000][1536][gc,phases   ] GC(342)   Merge Heap Roots: 0.3ms
[2024-02-06T11:03:30.873+0000][1536][gc,phases   ] GC(342)   Evacuate Collection Set: 79.4ms
[2024-02-06T11:03:30.873+0000][1536][gc,phases   ] GC(342)   Post Evacuate Collection Set: 1.5ms
[2024-02-06T11:03:30.873+0000][1536][gc,phases   ] GC(342)   Other: 0.3ms
[2024-02-06T11:03:30.873+0000][1536][gc,age      ] GC(342) Age table with threshold 2 (max threshold 15)
[2024-02-06T11:03:30.873+0000][1536][gc,age      ] GC(342) - age   1:   94354720 bytes,   94354720 total
[2024-02-06T11:03:30.873+0000][1536][gc,age      ] GC(342) - age   2:   64246752 bytes,  158601472 total
[2024-02-06T11:03:30.873+0000][1536][gc,heap     ] GC(342) Eden regions: 517->0(501)
[2024-02-06T11:03:30.873+0000][1536][gc,heap     ] GC(342) Survivor regions: 42->40(70)
[2024-02-06T11:03:30.873+0000][1536][gc,heap     ] GC(342) Old regions: 231->249
[2024-02-06T11:03:30.873+0000][1536][gc,heap     ] GC(342) Archive regions: 0->0
[2024-02-06T11:03:30.873+0000][1536][gc,heap     ] GC(342) Humongous regions: 2->2
[2024-02-06T11:03:30.873+0000][1536][gc,metaspace] GC(342) Metaspace: 132250K(138176K)->132250K(138176K) NonClass: 115200K(118912K)->115200K(118912K) Class: 17049K(19264K)->17049K(19264K)
[2024-02-06T11:03:30.873+0000][1536][gc          ] GC(342) Pause Young (Concurrent Start) (G1 Evacuation Pause) 3163M->1161M(4040M) 82.556ms
[2024-02-06T11:03:30.873+0000][1536][gc,cpu      ] GC(342) User=0.62s Sys=0.00s Real=0.08s
[2024-02-06T11:03:30.874+0000][1536][safepoint   ] Safepoint "G1CollectForAllocation", Time since last: 10419163600 ns, Reaching safepoint: 93100 ns, At safepoint: 82813100 ns, Total: 82906200 ns
[2024-02-06T11:03:30.874+0000][1536][gc          ] GC(343) Concurrent Mark Cycle
[2024-02-06T11:03:30.874+0000][1536][gc,marking  ] GC(343) Concurrent Clear Claimed Marks
[2024-02-06T11:03:30.874+0000][1536][gc,marking  ] GC(343) Concurrent Clear Claimed Marks 0.217ms
[2024-02-06T11:03:30.874+0000][1536][gc,marking  ] GC(343) Concurrent Scan Root Regions
[2024-02-06T11:03:30.921+0000][1536][gc,marking  ] GC(343) Concurrent Scan Root Regions 47.200ms
[2024-02-06T11:03:30.921+0000][1536][gc,marking  ] GC(343) Concurrent Mark
[2024-02-06T11:03:30.921+0000][1536][gc,marking  ] GC(343) Concurrent Mark From Roots
[2024-02-06T11:03:30.921+0000][1536][gc,task     ] GC(343) Using 2 workers of 2 for marking
[2024-02-06T11:03:31.223+0000][1536][gc,marking  ] GC(343) Concurrent Mark From Roots 301.921ms
[2024-02-06T11:03:31.223+0000][1536][gc,marking  ] GC(343) Concurrent Preclean
[2024-02-06T11:03:31.223+0000][1536][gc,marking  ] GC(343) Concurrent Preclean 0.978ms
[2024-02-06T11:03:31.223+0000][1536][gc,start    ] GC(343) Pause Remark
[2024-02-06T11:03:31.241+0000][1536][gc          ] GC(343) Pause Remark 1221M->1221M(4040M) 20.259ms
[2024-02-06T11:03:31.241+0000][1536][gc,cpu      ] GC(343) User=0.12s Sys=0.00s Real=0.02s
[2024-02-06T11:03:31.241+0000][1536][safepoint   ] Safepoint "G1Concurrent", Time since last: 350969100 ns, Reaching safepoint: 113800 ns, At safepoint: 20445200 ns, Total: 20559000 ns
[2024-02-06T11:03:31.241+0000][1536][gc,marking  ] GC(343) Concurrent Mark 323.704ms
[2024-02-06T11:03:31.241+0000][1536][gc,marking  ] GC(343) Concurrent Rebuild Remembered Sets
[2024-02-06T11:03:31.475+0000][1536][gc,marking  ] GC(343) Concurrent Rebuild Remembered Sets 229.142ms
[2024-02-06T11:03:31.475+0000][1536][gc,start    ] GC(343) Pause Cleanup
[2024-02-06T11:03:31.475+0000][1536][gc          ] GC(343) Pause Cleanup 1237M->1237M(4040M) 0.491ms
[2024-02-06T11:03:31.476+0000][1536][gc,cpu      ] GC(343) User=0.00s Sys=0.00s Real=0.00s
[2024-02-06T11:03:31.476+0000][1536][safepoint   ] Safepoint "G1Concurrent", Time since last: 229391500 ns, Reaching safepoint: 104000 ns, At safepoint: 664300 ns, Total: 768300 ns
[2024-02-06T11:03:31.476+0000][1536][gc,marking  ] GC(343) Concurrent Cleanup for Next Mark
[2024-02-06T11:03:31.479+0000][1536][gc,marking  ] GC(343) Concurrent Cleanup for Next Mark 4.618ms
[2024-02-06T11:03:31.479+0000][1536][gc          ] GC(343) Concurrent Mark Cycle 606.076ms
[2024-02-06T11:03:45.591+0000][1536][safepoint   ] Safepoint "Cleanup", Time since last: 14098677700 ns, Reaching safepoint: 15715700 ns, At safepoint: 1217400 ns, Total: 16933100 ns
[2024-02-06T11:03:57.097+0000][1536][gc,start    ] GC(344) Pause Young (Prepare Mixed) (G1 Evacuation Pause)
[2024-02-06T11:03:57.097+0000][1536][gc,task     ] GC(344) Using 8 workers of 8 for evacuation
[2024-02-06T11:03:57.097+0000][1536][gc,age      ] GC(344) Desired survivor size 142606336 bytes, new threshold 2 (max threshold 15)
[2024-02-06T11:03:57.187+0000][1536][gc,phases   ] GC(344)   Pre Evacuate Collection Set: 0.2ms
[2024-02-06T11:03:57.188+0000][1536][gc,phases   ] GC(344)   Merge Heap Roots: 0.3ms
[2024-02-06T11:03:57.188+0000][1536][gc,phases   ] GC(344)   Evacuate Collection Set: 74.5ms
[2024-02-06T11:03:57.188+0000][1536][gc,phases   ] GC(344)   Post Evacuate Collection Set: 1.4ms
[2024-02-06T11:03:57.188+0000][1536][gc,phases   ] GC(344)   Other: 0.4ms
[2024-02-06T11:03:57.188+0000][1536][gc,age      ] GC(344) Age table with threshold 2 (max threshold 15)
[2024-02-06T11:03:57.188+0000][1536][gc,age      ] GC(344) - age   1:   78163800 bytes,   78163800 total
[2024-02-06T11:03:57.188+0000][1536][gc,age      ] GC(344) - age   2:   80764544 bytes,  158928344 total
[2024-02-06T11:03:57.188+0000][1536][gc,heap     ] GC(344) Eden regions: 501->0(10)
[2024-02-06T11:03:57.188+0000][1536][gc,heap     ] GC(344) Survivor regions: 40->40(68)
[2024-02-06T11:03:57.188+0000][1536][gc,heap     ] GC(344) Old regions: 249->262
[2024-02-06T11:03:57.188+0000][1536][gc,heap     ] GC(344) Archive regions: 0->0
[2024-02-06T11:03:57.188+0000][1536][gc,heap     ] GC(344) Humongous regions: 2->2
[2024-02-06T11:03:57.188+0000][1536][gc,metaspace] GC(344) Metaspace: 132250K(138176K)->132250K(138176K) NonClass: 115200K(118912K)->115200K(118912K) Class: 17049K(19264K)->17049K(19264K)
[2024-02-06T11:03:57.188+0000][1536][gc          ] GC(344) Pause Young (Prepare Mixed) (G1 Evacuation Pause) 3165M->1214M(4040M) 77.629ms
[2024-02-06T11:03:57.188+0000][1536][gc,cpu      ] GC(344) User=0.41s Sys=0.05s Real=0.09s
[2024-02-06T11:03:57.188+0000][1536][safepoint   ] Safepoint "G1CollectForAllocation", Time since last: 11519957900 ns, Reaching safepoint: 142000 ns, At safepoint: 77940700 ns, Total: 78082700 ns
[2024-02-06T11:03:57.306+0000][1536][gc,start    ] GC(345) Pause Young (Mixed) (G1 Evacuation Pause)
[2024-02-06T11:03:57.306+0000][1536][gc,task     ] GC(345) Using 8 workers of 8 for evacuation
[2024-02-06T11:03:57.306+0000][1536][gc,age      ] GC(345) Desired survivor size 14680064 bytes, new threshold 1 (max threshold 15)
[2024-02-06T11:03:57.444+0000][1536][gc,phases   ] GC(345)   Pre Evacuate Collection Set: 0.2ms
[2024-02-06T11:03:57.445+0000][1536][gc,phases   ] GC(345)   Merge Heap Roots: 0.3ms
[2024-02-06T11:03:57.445+0000][1536][gc,phases   ] GC(345)   Evacuate Collection Set: 123.3ms
[2024-02-06T11:03:57.445+0000][1536][gc,phases   ] GC(345)   Post Evacuate Collection Set: 1.3ms
[2024-02-06T11:03:57.445+0000][1536][gc,phases   ] GC(345)   Other: 1.0ms
[2024-02-06T11:03:57.445+0000][1536][gc,age      ] GC(345) Age table with threshold 1 (max threshold 15)
[2024-02-06T11:03:57.445+0000][1536][gc,age      ] GC(345) - age   1:    1957760 bytes,    1957760 total
[2024-02-06T11:03:57.445+0000][1536][gc,heap     ] GC(345) Eden regions: 10->0(550)
[2024-02-06T11:03:57.445+0000][1536][gc,heap     ] GC(345) Survivor regions: 40->4(7)
[2024-02-06T11:03:57.445+0000][1536][gc,heap     ] GC(345) Old regions: 262->233
[2024-02-06T11:03:57.445+0000][1536][gc,heap     ] GC(345) Archive regions: 0->0
[2024-02-06T11:03:57.445+0000][1536][gc,heap     ] GC(345) Humongous regions: 2->2
[2024-02-06T11:03:57.445+0000][1536][gc,metaspace] GC(345) Metaspace: 132250K(138176K)->132250K(138176K) NonClass: 115200K(118912K)->115200K(118912K) Class: 17049K(19264K)->17049K(19264K)
[2024-02-06T11:03:57.445+0000][1536][gc          ] GC(345) Pause Young (Mixed) (G1 Evacuation Pause) 1254M->953M(4040M) 126.666ms
[2024-02-06T11:03:57.445+0000][1536][gc,cpu      ] GC(345) User=0.52s Sys=0.33s Real=0.14s
[2024-02-06T11:03:57.445+0000][1536][safepoint   ] Safepoint "G1CollectForAllocation", Time since last: 129657800 ns, Reaching safepoint: 88600 ns, At safepoint: 127078900 ns, Total: 127167500 ns
[2024-02-06T11:04:20.631+0000][1536][safepoint   ] Safepoint "Cleanup", Time since last: 23185152200 ns, Reaching safepoint: 238200 ns, At safepoint: 89300 ns, Total: 327500 ns
[2024-02-06T11:04:30.523+0000][1536][gc,start    ] GC(346) Pause Young (Normal) (G1 Evacuation Pause)
[2024-02-06T11:04:30.523+0000][1536][gc,task     ] GC(346) Using 8 workers of 8 for evacuation
[2024-02-06T11:04:30.523+0000][1536][gc,age      ] GC(346) Desired survivor size 146800640 bytes, new threshold 15 (max threshold 15)
[2024-02-06T11:04:30.564+0000][1536][gc,phases   ] GC(346)   Pre Evacuate Collection Set: 0.2ms
[2024-02-06T11:04:30.564+0000][1536][gc,phases   ] GC(346)   Merge Heap Roots: 0.3ms
[2024-02-06T11:04:30.564+0000][1536][gc,phases   ] GC(346)   Evacuate Collection Set: 38.5ms
[2024-02-06T11:04:30.564+0000][1536][gc,phases   ] GC(346)   Post Evacuate Collection Set: 1.5ms
[2024-02-06T11:04:30.564+0000][1536][gc,phases   ] GC(346)   Other: 0.3ms
[2024-02-06T11:04:30.564+0000][1536][gc,age      ] GC(346) Age table with threshold 15 (max threshold 15)
[2024-02-06T11:04:30.564+0000][1536][gc,age      ] GC(346) - age   1:   97890184 bytes,   97890184 total
[2024-02-06T11:04:30.564+0000][1536][gc,age      ] GC(346) - age   2:     844176 bytes,   98734360 total
[2024-02-06T11:04:30.564+0000][1536][gc,heap     ] GC(346) Eden regions: 550->0(530)
[2024-02-06T11:04:30.564+0000][1536][gc,heap     ] GC(346) Survivor regions: 4->25(70)
[2024-02-06T11:04:30.564+0000][1536][gc,heap     ] GC(346) Old regions: 233->233
[2024-02-06T11:04:30.564+0000][1536][gc,heap     ] GC(346) Archive regions: 0->0
[2024-02-06T11:04:30.564+0000][1536][gc,heap     ] GC(346) Humongous regions: 2->2
[2024-02-06T11:04:30.564+0000][1536][gc,metaspace] GC(346) Metaspace: 132250K(138176K)->132250K(138176K) NonClass: 115200K(118912K)->115200K(118912K) Class: 17049K(19264K)->17049K(19264K)
[2024-02-06T11:04:30.564+0000][1536][gc          ] GC(346) Pause Young (Normal) (G1 Evacuation Pause) 3153M->1036M(4040M) 41.617ms
[2024-02-06T11:04:30.564+0000][1536][gc,cpu      ] GC(346) User=0.33s Sys=0.00s Real=0.04s
[2024-02-06T11:04:30.565+0000][1536][safepoint   ] Safepoint "G1CollectForAllocation", Time since last: 9891548200 ns, Reaching safepoint: 111700 ns, At safepoint: 41882400 ns, Total: 41994100 ns
[2024-02-06T11:04:56.307+0000][1536][gc,start    ] GC(347) Pause Young (Normal) (G1 Evacuation Pause)
[2024-02-06T11:04:56.307+0000][1536][gc,task     ] GC(347) Using 8 workers of 8 for evacuation
[2024-02-06T11:04:56.307+0000][1536][gc,age      ] GC(347) Desired survivor size 146800640 bytes, new threshold 15 (max threshold 15)
[2024-02-06T11:04:56.377+0000][1536][gc,phases   ] GC(347)   Pre Evacuate Collection Set: 0.2ms
[2024-02-06T11:04:56.377+0000][1536][gc,phases   ] GC(347)   Merge Heap Roots: 0.3ms
[2024-02-06T11:04:56.377+0000][1536][gc,phases   ] GC(347)   Evacuate Collection Set: 67.8ms
[2024-02-06T11:04:56.377+0000][1536][gc,phases   ] GC(347)   Post Evacuate Collection Set: 1.3ms
[2024-02-06T11:04:56.377+0000][1536][gc,phases   ] GC(347)   Other: 0.3ms
[2024-02-06T11:04:56.377+0000][1536][gc,age      ] GC(347) Age table with threshold 15 (max threshold 15)
[2024-02-06T11:04:56.377+0000][1536][gc,age      ] GC(347) - age   1:   89383992 bytes,   89383992 total
[2024-02-06T11:04:56.377+0000][1536][gc,age      ] GC(347) - age   2:   81203808 bytes,  170587800 total
[2024-02-06T11:04:56.377+0000][1536][gc,age      ] GC(347) - age   3:     818776 bytes,  171406576 total
[2024-02-06T11:04:56.377+0000][1536][gc,heap     ] GC(347) Eden regions: 530->0(513)
[2024-02-06T11:04:56.377+0000][1536][gc,heap     ] GC(347) Survivor regions: 25->43(70)
[2024-02-06T11:04:56.377+0000][1536][gc,heap     ] GC(347) Old regions: 233->233
[2024-02-06T11:04:56.377+0000][1536][gc,heap     ] GC(347) Archive regions: 0->0
[2024-02-06T11:04:56.377+0000][1536][gc,heap     ] GC(347) Humongous regions: 2->2
[2024-02-06T11:04:56.377+0000][1536][gc,metaspace] GC(347) Metaspace: 132250K(138176K)->132250K(138176K) NonClass: 115200K(118912K)->115200K(118912K) Class: 17049K(19264K)->17049K(19264K)
[2024-02-06T11:04:56.377+0000][1536][gc          ] GC(347) Pause Young (Normal) (G1 Evacuation Pause) 3156M->1109M(4040M) 70.402ms
[2024-02-06T11:04:56.377+0000][1536][gc,cpu      ] GC(347) User=0.53s Sys=0.00s Real=0.07s
[2024-02-06T11:04:56.377+0000][1536][safepoint   ] Safepoint "G1CollectForAllocation", Time since last: 25741718400 ns, Reaching safepoint: 162900 ns, At safepoint: 70572300 ns, Total: 70735200 ns
[2024-02-06T11:05:19.660+0000][1536][gc,start    ] GC(348) Pause Young (Concurrent Start) (G1 Evacuation Pause)
[2024-02-06T11:05:19.660+0000][1536][gc,task     ] GC(348) Using 8 workers of 8 for evacuation
[2024-02-06T11:05:19.660+0000][1536][gc,age      ] GC(348) Desired survivor size 146800640 bytes, new threshold 2 (max threshold 15)
[2024-02-06T11:05:19.744+0000][1536][gc,phases   ] GC(348)   Pre Evacuate Collection Set: 0.5ms
[2024-02-06T11:05:19.744+0000][1536][gc,phases   ] GC(348)   Merge Heap Roots: 0.2ms
[2024-02-06T11:05:19.744+0000][1536][gc,phases   ] GC(348)   Evacuate Collection Set: 81.9ms
[2024-02-06T11:05:19.744+0000][1536][gc,phases   ] GC(348)   Post Evacuate Collection Set: 1.4ms
[2024-02-06T11:05:19.744+0000][1536][gc,phases   ] GC(348)   Other: 0.2ms
[2024-02-06T11:05:19.744+0000][1536][gc,age      ] GC(348) Age table with threshold 2 (max threshold 15)
[2024-02-06T11:05:19.744+0000][1536][gc,age      ] GC(348) - age   1:   82575232 bytes,   82575232 total
[2024-02-06T11:05:19.744+0000][1536][gc,age      ] GC(348) - age   2:   76775352 bytes,  159350584 total
[2024-02-06T11:05:19.744+0000][1536][gc,heap     ] GC(348) Eden regions: 513->0(501)
[2024-02-06T11:05:19.744+0000][1536][gc,heap     ] GC(348) Survivor regions: 43->40(70)
[2024-02-06T11:05:19.744+0000][1536][gc,heap     ] GC(348) Old regions: 233->250
[2024-02-06T11:05:19.744+0000][1536][gc,heap     ] GC(348) Archive regions: 0->0
[2024-02-06T11:05:19.744+0000][1536][gc,heap     ] GC(348) Humongous regions: 2->2
[2024-02-06T11:05:19.744+0000][1536][gc,metaspace] GC(348) Metaspace: 132250K(138176K)->132250K(138176K) NonClass: 115200K(118912K)->115200K(118912K) Class: 17049K(19264K)->17049K(19264K)
[2024-02-06T11:05:19.744+0000][1536][gc          ] GC(348) Pause Young (Concurrent Start) (G1 Evacuation Pause) 3161M->1165M(4040M) 85.085ms
[2024-02-06T11:05:19.744+0000][1536][gc,cpu      ] GC(348) User=0.50s Sys=0.06s Real=0.08s
[2024-02-06T11:05:19.744+0000][1536][gc          ] GC(349) Concurrent Mark Cycle
[2024-02-06T11:05:19.744+0000][1536][safepoint   ] Safepoint "G1CollectForAllocation", Time since last: 23290503600 ns, Reaching safepoint: 184400 ns, At safepoint: 85314600 ns, Total: 85499000 ns
[2024-02-06T11:05:19.744+0000][1536][gc,marking  ] GC(349) Concurrent Clear Claimed Marks
[2024-02-06T11:05:19.744+0000][1536][gc,marking  ] GC(349) Concurrent Clear Claimed Marks 0.287ms
[2024-02-06T11:05:19.744+0000][1536][gc,marking  ] GC(349) Concurrent Scan Root Regions
[2024-02-06T11:05:19.791+0000][1536][gc,marking  ] GC(349) Concurrent Scan Root Regions 43.534ms
[2024-02-06T11:05:19.791+0000][1536][gc,marking  ] GC(349) Concurrent Mark
[2024-02-06T11:05:19.791+0000][1536][gc,marking  ] GC(349) Concurrent Mark From Roots
[2024-02-06T11:05:19.791+0000][1536][gc,task     ] GC(349) Using 2 workers of 2 for marking
[2024-02-06T11:05:20.060+0000][1536][gc,marking  ] GC(349) Concurrent Mark From Roots 269.661ms
[2024-02-06T11:05:20.060+0000][1536][gc,marking  ] GC(349) Concurrent Preclean
[2024-02-06T11:05:20.068+0000][1536][gc,marking  ] GC(349) Concurrent Preclean 1.286ms
[2024-02-06T11:05:20.068+0000][1536][gc,start    ] GC(349) Pause Remark
[2024-02-06T11:05:20.089+0000][1536][gc          ] GC(349) Pause Remark 1170M->1170M(4040M) 20.361ms
[2024-02-06T11:05:20.089+0000][1536][gc,cpu      ] GC(349) User=0.05s Sys=0.00s Real=0.02s
[2024-02-06T11:05:20.089+0000][1536][safepoint   ] Safepoint "G1Concurrent", Time since last: 315053700 ns, Reaching safepoint: 100800 ns, At safepoint: 20534300 ns, Total: 20635100 ns
[2024-02-06T11:05:20.089+0000][1536][gc,marking  ] GC(349) Concurrent Mark 291.789ms
[2024-02-06T11:05:20.089+0000][1536][gc,marking  ] GC(349) Concurrent Rebuild Remembered Sets
[2024-02-06T11:05:20.276+0000][1536][gc,marking  ] GC(349) Concurrent Rebuild Remembered Sets 191.509ms
[2024-02-06T11:05:20.276+0000][1536][gc,start    ] GC(349) Pause Cleanup
[2024-02-06T11:05:20.276+0000][1536][gc          ] GC(349) Pause Cleanup 1170M->1170M(4040M) 2.753ms
[2024-02-06T11:05:20.276+0000][1536][gc,cpu      ] GC(349) User=0.00s Sys=0.00s Real=0.00s
[2024-02-06T11:05:20.276+0000][1536][safepoint   ] Safepoint "G1Concurrent", Time since last: 191699600 ns, Reaching safepoint: 92700 ns, At safepoint: 2928700 ns, Total: 3021400 ns
[2024-02-06T11:05:20.276+0000][1536][gc,marking  ] GC(349) Concurrent Cleanup for Next Mark
[2024-02-06T11:05:20.288+0000][1536][gc,marking  ] GC(349) Concurrent Cleanup for Next Mark 9.470ms
[2024-02-06T11:05:20.288+0000][1536][gc          ] GC(349) Concurrent Mark Cycle 540.089ms
[2024-02-06T11:05:47.634+0000][1536][gc,start    ] GC(350) Pause Young (Prepare Mixed) (G1 Evacuation Pause)
[2024-02-06T11:05:47.634+0000][1536][gc,task     ] GC(350) Using 8 workers of 8 for evacuation
[2024-02-06T11:05:47.634+0000][1536][gc,age      ] GC(350) Desired survivor size 142606336 bytes, new threshold 2 (max threshold 15)
[2024-02-06T11:05:47.721+0000][1536][gc,phases   ] GC(350)   Pre Evacuate Collection Set: 0.4ms
[2024-02-06T11:05:47.721+0000][1536][gc,phases   ] GC(350)   Merge Heap Roots: 0.6ms
[2024-02-06T11:05:47.721+0000][1536][gc,phases   ] GC(350)   Evacuate Collection Set: 85.0ms
[2024-02-06T11:05:47.721+0000][1536][gc,phases   ] GC(350)   Post Evacuate Collection Set: 1.3ms
[2024-02-06T11:05:47.721+0000][1536][gc,phases   ] GC(350)   Other: 0.4ms
[2024-02-06T11:05:47.721+0000][1536][gc,age      ] GC(350) Age table with threshold 2 (max threshold 15)
[2024-02-06T11:05:47.721+0000][1536][gc,age      ] GC(350) - age   1:   77828816 bytes,   77828816 total
[2024-02-06T11:05:47.721+0000][1536][gc,age      ] GC(350) - age   2:   71123880 bytes,  148952696 total
[2024-02-06T11:05:47.721+0000][1536][gc,heap     ] GC(350) Eden regions: 501->0(12)
[2024-02-06T11:05:47.721+0000][1536][gc,heap     ] GC(350) Survivor regions: 40->38(68)
[2024-02-06T11:05:47.721+0000][1536][gc,heap     ] GC(350) Old regions: 250->265
[2024-02-06T11:05:47.721+0000][1536][gc,heap     ] GC(350) Archive regions: 0->0
[2024-02-06T11:05:47.721+0000][1536][gc,heap     ] GC(350) Humongous regions: 2->2
[2024-02-06T11:05:47.721+0000][1536][gc,metaspace] GC(350) Metaspace: 132250K(138176K)->132250K(138176K) NonClass: 115200K(118912K)->115200K(118912K) Class: 17049K(19264K)->17049K(19264K)
[2024-02-06T11:05:47.721+0000][1536][gc          ] GC(350) Pause Young (Prepare Mixed) (G1 Evacuation Pause) 3169M->1215M(4040M) 88.313ms
[2024-02-06T11:05:47.721+0000][1536][gc,cpu      ] GC(350) User=0.56s Sys=0.08s Real=0.09s
[2024-02-06T11:05:47.721+0000][1536][safepoint   ] Safepoint "G1CollectForAllocation", Time since last: 27351197900 ns, Reaching safepoint: 133500 ns, At safepoint: 88806200 ns, Total: 88939700 ns
[2024-02-06T11:05:47.935+0000][1536][gc,start    ] GC(351) Pause Young (Mixed) (G1 Evacuation Pause)
[2024-02-06T11:05:47.935+0000][1536][gc,task     ] GC(351) Using 8 workers of 8 for evacuation
[2024-02-06T11:05:47.935+0000][1536][gc,age      ] GC(351) Desired survivor size 14680064 bytes, new threshold 1 (max threshold 15)
[2024-02-06T11:05:48.041+0000][1536][gc,phases   ] GC(351)   Pre Evacuate Collection Set: 0.2ms
[2024-02-06T11:05:48.041+0000][1536][gc,phases   ] GC(351)   Merge Heap Roots: 0.3ms
[2024-02-06T11:05:48.041+0000][1536][gc,phases   ] GC(351)   Evacuate Collection Set: 102.5ms
[2024-02-06T11:05:48.041+0000][1536][gc,phases   ] GC(351)   Post Evacuate Collection Set: 1.3ms
[2024-02-06T11:05:48.041+0000][1536][gc,phases   ] GC(351)   Other: 0.2ms
[2024-02-06T11:05:48.041+0000][1536][gc,age      ] GC(351) Age table with threshold 1 (max threshold 15)
[2024-02-06T11:05:48.041+0000][1536][gc,age      ] GC(351) - age   1:    2295760 bytes,    2295760 total
[2024-02-06T11:05:48.041+0000][1536][gc,heap     ] GC(351) Eden regions: 12->0(551)
[2024-02-06T11:05:48.041+0000][1536][gc,heap     ] GC(351) Survivor regions: 38->4(7)
[2024-02-06T11:05:48.041+0000][1536][gc,heap     ] GC(351) Old regions: 265->231
[2024-02-06T11:05:48.041+0000][1536][gc,heap     ] GC(351) Archive regions: 0->0
[2024-02-06T11:05:48.041+0000][1536][gc,heap     ] GC(351) Humongous regions: 2->2
[2024-02-06T11:05:48.041+0000][1536][gc,metaspace] GC(351) Metaspace: 132250K(138176K)->132250K(138176K) NonClass: 115200K(118912K)->115200K(118912K) Class: 17049K(19264K)->17049K(19264K)
[2024-02-06T11:05:48.041+0000][1536][gc          ] GC(351) Pause Young (Mixed) (G1 Evacuation Pause) 1263M->947M(4040M) 105.051ms
[2024-02-06T11:05:48.041+0000][1536][gc,cpu      ] GC(351) User=0.42s Sys=0.20s Real=0.11s
[2024-02-06T11:05:48.045+0000][1536][safepoint   ] Safepoint "G1CollectForAllocation", Time since last: 215128700 ns, Reaching safepoint: 101700 ns, At safepoint: 106349000 ns, Total: 106450700 ns
[2024-02-06T11:06:15.788+0000][1536][gc,start    ] GC(352) Pause Young (Normal) (G1 Evacuation Pause)
[2024-02-06T11:06:15.788+0000][1536][gc,task     ] GC(352) Using 8 workers of 8 for evacuation
[2024-02-06T11:06:15.788+0000][1536][gc,age      ] GC(352) Desired survivor size 146800640 bytes, new threshold 15 (max threshold 15)
[2024-02-06T11:06:15.827+0000][1536][gc,phases   ] GC(352)   Pre Evacuate Collection Set: 0.2ms
[2024-02-06T11:06:15.827+0000][1536][gc,phases   ] GC(352)   Merge Heap Roots: 0.2ms
[2024-02-06T11:06:15.827+0000][1536][gc,phases   ] GC(352)   Evacuate Collection Set: 33.2ms
[2024-02-06T11:06:15.827+0000][1536][gc,phases   ] GC(352)   Post Evacuate Collection Set: 2.3ms
[2024-02-06T11:06:15.827+0000][1536][gc,phases   ] GC(352)   Other: 0.2ms
[2024-02-06T11:06:15.827+0000][1536][gc,age      ] GC(352) Age table with threshold 15 (max threshold 15)
[2024-02-06T11:06:15.827+0000][1536][gc,age      ] GC(352) - age   1:   92211760 bytes,   92211760 total
[2024-02-06T11:06:15.827+0000][1536][gc,age      ] GC(352) - age   2:    1589928 bytes,   93801688 total
[2024-02-06T11:06:15.827+0000][1536][gc,heap     ] GC(352) Eden regions: 551->0(533)
[2024-02-06T11:06:15.827+0000][1536][gc,heap     ] GC(352) Survivor regions: 4->24(70)
[2024-02-06T11:06:15.827+0000][1536][gc,heap     ] GC(352) Old regions: 231->231
[2024-02-06T11:06:15.827+0000][1536][gc,heap     ] GC(352) Archive regions: 0->0
[2024-02-06T11:06:15.827+0000][1536][gc,heap     ] GC(352) Humongous regions: 2->2
[2024-02-06T11:06:15.827+0000][1536][gc,metaspace] GC(352) Metaspace: 132250K(138176K)->132250K(138176K) NonClass: 115200K(118912K)->115200K(118912K) Class: 17049K(19264K)->17049K(19264K)
[2024-02-06T11:06:15.827+0000][1536][gc          ] GC(352) Pause Young (Normal) (G1 Evacuation Pause) 3151M->1025M(4040M) 36.577ms
[2024-02-06T11:06:15.827+0000][1536][gc,cpu      ] GC(352) User=0.25s Sys=0.00s Real=0.04s
[2024-02-06T11:06:15.827+0000][1536][safepoint   ] Safepoint "G1CollectForAllocation", Time since last: 27746378400 ns, Reaching safepoint: 166600 ns, At safepoint: 36759600 ns, Total: 36926200 ns
[2024-02-06T11:06:47.010+0000][1536][gc,start    ] GC(353) Pause Young (Normal) (G1 Evacuation Pause)
[2024-02-06T11:06:47.010+0000][1536][gc,task     ] GC(353) Using 8 workers of 8 for evacuation
[2024-02-06T11:06:47.010+0000][1536][gc,age      ] GC(353) Desired survivor size 146800640 bytes, new threshold 15 (max threshold 15)
[2024-02-06T11:06:47.052+0000][1536][gc,phases   ] GC(353)   Pre Evacuate Collection Set: 0.2ms
[2024-02-06T11:06:47.052+0000][1536][gc,phases   ] GC(353)   Merge Heap Roots: 0.2ms
[2024-02-06T11:06:47.052+0000][1536][gc,phases   ] GC(353)   Evacuate Collection Set: 51.6ms
[2024-02-06T11:06:47.052+0000][1536][gc,phases   ] GC(353)   Post Evacuate Collection Set: 1.5ms
[2024-02-06T11:06:47.052+0000][1536][gc,phases   ] GC(353)   Other: 0.3ms
[2024-02-06T11:06:47.052+0000][1536][gc,age      ] GC(353) Age table with threshold 15 (max threshold 15)
[2024-02-06T11:06:47.052+0000][1536][gc,age      ] GC(353) - age   1:   90328056 bytes,   90328056 total
[2024-02-06T11:06:47.052+0000][1536][gc,age      ] GC(353) - age   2:   75039840 bytes,  165367896 total
[2024-02-06T11:06:47.052+0000][1536][gc,age      ] GC(353) - age   3:     844216 bytes,  166212112 total
[2024-02-06T11:06:47.052+0000][1536][gc,heap     ] GC(353) Eden regions: 533->0(516)
[2024-02-06T11:06:47.052+0000][1536][gc,heap     ] GC(353) Survivor regions: 24->42(70)
[2024-02-06T11:06:47.052+0000][1536][gc,heap     ] GC(353) Old regions: 231->231
[2024-02-06T11:06:47.052+0000][1536][gc,heap     ] GC(353) Archive regions: 0->0
[2024-02-06T11:06:47.052+0000][1536][gc,heap     ] GC(353) Humongous regions: 2->2
[2024-02-06T11:06:47.052+0000][1536][gc,metaspace] GC(353) Metaspace: 132250K(138176K)->132250K(138176K) NonClass: 115200K(118912K)->115200K(118912K) Class: 17049K(19264K)->17049K(19264K)
[2024-02-06T11:06:47.052+0000][1536][gc          ] GC(353) Pause Young (Normal) (G1 Evacuation Pause) 3157M->1097M(4040M) 54.586ms
[2024-02-06T11:06:47.052+0000][1536][gc,cpu      ] GC(353) User=0.31s Sys=0.02s Real=0.04s
[2024-02-06T11:06:47.052+0000][1536][safepoint   ] Safepoint "G1CollectForAllocation", Time since last: 31181019300 ns, Reaching safepoint: 98100 ns, At safepoint: 54867400 ns, Total: 54965500 ns
[2024-02-06T11:07:13.018+0000][1536][gc,start    ] GC(354) Pause Young (Concurrent Start) (G1 Evacuation Pause)
[2024-02-06T11:07:13.018+0000][1536][gc,task     ] GC(354) Using 8 workers of 8 for evacuation
[2024-02-06T11:07:13.018+0000][1536][gc,age      ] GC(354) Desired survivor size 146800640 bytes, new threshold 2 (max threshold 15)
[2024-02-06T11:07:13.125+0000][1536][gc,phases   ] GC(354)   Pre Evacuate Collection Set: 1.0ms
[2024-02-06T11:07:13.125+0000][1536][gc,phases   ] GC(354)   Merge Heap Roots: 0.7ms
[2024-02-06T11:07:13.125+0000][1536][gc,phases   ] GC(354)   Evacuate Collection Set: 98.3ms
[2024-02-06T11:07:13.125+0000][1536][gc,phases   ] GC(354)   Post Evacuate Collection Set: 1.3ms
[2024-02-06T11:07:13.125+0000][1536][gc,phases   ] GC(354)   Other: 0.4ms
[2024-02-06T11:07:13.125+0000][1536][gc,age      ] GC(354) Age table with threshold 2 (max threshold 15)
[2024-02-06T11:07:13.125+0000][1536][gc,age      ] GC(354) - age   1:   79178408 bytes,   79178408 total
[2024-02-06T11:07:13.125+0000][1536][gc,age      ] GC(354) - age   2:   76141152 bytes,  155319560 total
[2024-02-06T11:07:13.125+0000][1536][gc,heap     ] GC(354) Eden regions: 516->0(504)
[2024-02-06T11:07:13.125+0000][1536][gc,heap     ] GC(354) Survivor regions: 42->40(70)
[2024-02-06T11:07:13.125+0000][1536][gc,heap     ] GC(354) Old regions: 231->247
[2024-02-06T11:07:13.125+0000][1536][gc,heap     ] GC(354) Archive regions: 0->0
[2024-02-06T11:07:13.125+0000][1536][gc,heap     ] GC(354) Humongous regions: 2->2
[2024-02-06T11:07:13.125+0000][1536][gc,metaspace] GC(354) Metaspace: 132250K(138176K)->132250K(138176K) NonClass: 115200K(118912K)->115200K(118912K) Class: 17049K(19264K)->17049K(19264K)
[2024-02-06T11:07:13.125+0000][1536][gc          ] GC(354) Pause Young (Concurrent Start) (G1 Evacuation Pause) 3161M->1153M(4040M) 102.276ms
[2024-02-06T11:07:13.125+0000][1536][gc          ] GC(355) Concurrent Mark Cycle
[2024-02-06T11:07:13.125+0000][1536][gc,cpu      ] GC(354) User=0.67s Sys=0.08s Real=0.11s
[2024-02-06T11:07:13.126+0000][1536][gc,marking  ] GC(355) Concurrent Clear Claimed Marks
[2024-02-06T11:07:13.126+0000][1536][gc,marking  ] GC(355) Concurrent Clear Claimed Marks 0.419ms
[2024-02-06T11:07:13.126+0000][1536][gc,marking  ] GC(355) Concurrent Scan Root Regions
[2024-02-06T11:07:13.126+0000][1536][safepoint   ] Safepoint "G1CollectForAllocation", Time since last: 25958843900 ns, Reaching safepoint: 118000 ns, At safepoint: 103063900 ns, Total: 103181900 ns
[2024-02-06T11:07:13.166+0000][1536][gc,marking  ] GC(355) Concurrent Scan Root Regions 51.650ms
[2024-02-06T11:07:13.166+0000][1536][gc,marking  ] GC(355) Concurrent Mark
[2024-02-06T11:07:13.166+0000][1536][gc,marking  ] GC(355) Concurrent Mark From Roots
[2024-02-06T11:07:13.166+0000][1536][gc,task     ] GC(355) Using 2 workers of 2 for marking
[2024-02-06T11:07:13.512+0000][1536][gc,marking  ] GC(355) Concurrent Mark From Roots 341.701ms
[2024-02-06T11:07:13.512+0000][1536][gc,marking  ] GC(355) Concurrent Preclean
[2024-02-06T11:07:13.522+0000][1536][gc,marking  ] GC(355) Concurrent Preclean 1.335ms
[2024-02-06T11:07:13.522+0000][1536][gc,start    ] GC(355) Pause Remark
[2024-02-06T11:07:13.529+0000][1536][gc          ] GC(355) Pause Remark 1231M->1231M(4040M) 17.332ms
[2024-02-06T11:07:13.529+0000][1536][gc,cpu      ] GC(355) User=0.00s Sys=0.00s Real=0.01s
[2024-02-06T11:07:13.529+0000][1536][safepoint   ] Safepoint "G1Concurrent", Time since last: 394831700 ns, Reaching safepoint: 101100 ns, At safepoint: 17507500 ns, Total: 17608600 ns
[2024-02-06T11:07:13.529+0000][1536][gc,marking  ] GC(355) Concurrent Mark 360.918ms
[2024-02-06T11:07:13.529+0000][1536][gc,marking  ] GC(355) Concurrent Rebuild Remembered Sets
[2024-02-06T11:07:13.775+0000][1536][gc,marking  ] GC(355) Concurrent Rebuild Remembered Sets 243.232ms
[2024-02-06T11:07:13.775+0000][1536][gc,start    ] GC(355) Pause Cleanup
[2024-02-06T11:07:13.775+0000][1536][gc          ] GC(355) Pause Cleanup 1277M->1277M(4040M) 0.531ms
[2024-02-06T11:07:13.775+0000][1536][gc,cpu      ] GC(355) User=0.00s Sys=0.00s Real=0.00s
[2024-02-06T11:07:13.775+0000][1536][safepoint   ] Safepoint "G1Concurrent", Time since last: 243489800 ns, Reaching safepoint: 93200 ns, At safepoint: 681400 ns, Total: 774600 ns
[2024-02-06T11:07:13.775+0000][1536][gc,marking  ] GC(355) Concurrent Cleanup for Next Mark
[2024-02-06T11:07:13.792+0000][1536][gc,marking  ] GC(355) Concurrent Cleanup for Next Mark 8.338ms
[2024-02-06T11:07:13.792+0000][1536][gc          ] GC(355) Concurrent Mark Cycle 665.835ms
[2024-02-06T11:07:36.019+0000][1536][gc,start    ] GC(356) Pause Young (Prepare Mixed) (G1 Evacuation Pause)
[2024-02-06T11:07:36.019+0000][1536][gc,task     ] GC(356) Using 8 workers of 8 for evacuation
[2024-02-06T11:07:36.019+0000][1536][gc,age      ] GC(356) Desired survivor size 142606336 bytes, new threshold 2 (max threshold 15)
[2024-02-06T11:07:36.101+0000][1536][gc,phases   ] GC(356)   Pre Evacuate Collection Set: 0.2ms
[2024-02-06T11:07:36.101+0000][1536][gc,phases   ] GC(356)   Merge Heap Roots: 0.3ms
[2024-02-06T11:07:36.101+0000][1536][gc,phases   ] GC(356)   Evacuate Collection Set: 79.5ms
[2024-02-06T11:07:36.101+0000][1536][gc,phases   ] GC(356)   Post Evacuate Collection Set: 1.1ms
[2024-02-06T11:07:36.101+0000][1536][gc,phases   ] GC(356)   Other: 0.3ms
[2024-02-06T11:07:36.101+0000][1536][gc,age      ] GC(356) Age table with threshold 2 (max threshold 15)
[2024-02-06T11:07:36.101+0000][1536][gc,age      ] GC(356) - age   1:   87577648 bytes,   87577648 total
[2024-02-06T11:07:36.101+0000][1536][gc,age      ] GC(356) - age   2:   65637896 bytes,  153215544 total
[2024-02-06T11:07:36.101+0000][1536][gc,heap     ] GC(356) Eden regions: 504->0(11)
[2024-02-06T11:07:36.101+0000][1536][gc,heap     ] GC(356) Survivor regions: 40->39(68)
[2024-02-06T11:07:36.101+0000][1536][gc,heap     ] GC(356) Old regions: 247->262
[2024-02-06T11:07:36.101+0000][1536][gc,heap     ] GC(356) Archive regions: 0->0
[2024-02-06T11:07:36.101+0000][1536][gc,heap     ] GC(356) Humongous regions: 2->2
[2024-02-06T11:07:36.101+0000][1536][gc,metaspace] GC(356) Metaspace: 132250K(138176K)->132250K(138176K) NonClass: 115200K(118912K)->115200K(118912K) Class: 17049K(19264K)->17049K(19264K)
[2024-02-06T11:07:36.101+0000][1536][gc          ] GC(356) Pause Young (Prepare Mixed) (G1 Evacuation Pause) 3169M->1210M(4040M) 82.099ms
[2024-02-06T11:07:36.101+0000][1536][gc,cpu      ] GC(356) User=0.44s Sys=0.06s Real=0.08s
[2024-02-06T11:07:36.101+0000][1536][safepoint   ] Safepoint "G1CollectForAllocation", Time since last: 22236034900 ns, Reaching safepoint: 130400 ns, At safepoint: 82350300 ns, Total: 82480700 ns
[2024-02-06T11:07:36.278+0000][1536][gc,start    ] GC(357) Pause Young (Mixed) (G1 Evacuation Pause)
[2024-02-06T11:07:36.278+0000][1536][gc,task     ] GC(357) Using 8 workers of 8 for evacuation
[2024-02-06T11:07:36.278+0000][1536][gc,age      ] GC(357) Desired survivor size 14680064 bytes, new threshold 1 (max threshold 15)
[2024-02-06T11:07:36.404+0000][1536][gc,phases   ] GC(357)   Pre Evacuate Collection Set: 0.3ms
[2024-02-06T11:07:36.404+0000][1536][gc,phases   ] GC(357)   Merge Heap Roots: 0.4ms
[2024-02-06T11:07:36.404+0000][1536][gc,phases   ] GC(357)   Evacuate Collection Set: 125.4ms
[2024-02-06T11:07:36.404+0000][1536][gc,phases   ] GC(357)   Post Evacuate Collection Set: 0.8ms
[2024-02-06T11:07:36.404+0000][1536][gc,phases   ] GC(357)   Other: 0.2ms
[2024-02-06T11:07:36.404+0000][1536][gc,age      ] GC(357) Age table with threshold 1 (max threshold 15)
[2024-02-06T11:07:36.404+0000][1536][gc,age      ] GC(357) - age   1:    3866128 bytes,    3866128 total
[2024-02-06T11:07:36.404+0000][1536][gc,heap     ] GC(357) Eden regions: 11->0(550)
[2024-02-06T11:07:36.404+0000][1536][gc,heap     ] GC(357) Survivor regions: 39->4(7)
[2024-02-06T11:07:36.404+0000][1536][gc,heap     ] GC(357) Old regions: 262->232
[2024-02-06T11:07:36.404+0000][1536][gc,heap     ] GC(357) Archive regions: 0->0
[2024-02-06T11:07:36.404+0000][1536][gc,heap     ] GC(357) Humongous regions: 2->2
[2024-02-06T11:07:36.404+0000][1536][gc,metaspace] GC(357) Metaspace: 132250K(138176K)->132250K(138176K) NonClass: 115200K(118912K)->115200K(118912K) Class: 17049K(19264K)->17049K(19264K)
[2024-02-06T11:07:36.404+0000][1536][gc          ] GC(357) Pause Young (Mixed) (G1 Evacuation Pause) 1254M->949M(4040M) 127.556ms
[2024-02-06T11:07:36.404+0000][1536][gc,cpu      ] GC(357) User=0.47s Sys=0.23s Real=0.13s
[2024-02-06T11:07:36.404+0000][1536][safepoint   ] Safepoint "G1CollectForAllocation", Time since last: 176058300 ns, Reaching safepoint: 126800 ns, At safepoint: 127866500 ns, Total: 127993300 ns
[2024-02-06T11:08:03.245+0000][1536][gc,start    ] GC(358) Pause Young (Normal) (G1 Evacuation Pause)
[2024-02-06T11:08:03.245+0000][1536][gc,task     ] GC(358) Using 8 workers of 8 for evacuation
[2024-02-06T11:08:03.245+0000][1536][gc,age      ] GC(358) Desired survivor size 146800640 bytes, new threshold 15 (max threshold 15)
[2024-02-06T11:08:03.281+0000][1536][gc,phases   ] GC(358)   Pre Evacuate Collection Set: 0.3ms
[2024-02-06T11:08:03.281+0000][1536][gc,phases   ] GC(358)   Merge Heap Roots: 0.3ms
[2024-02-06T11:08:03.281+0000][1536][gc,phases   ] GC(358)   Evacuate Collection Set: 33.3ms
[2024-02-06T11:08:03.281+0000][1536][gc,phases   ] GC(358)   Post Evacuate Collection Set: 1.3ms
[2024-02-06T11:08:03.281+0000][1536][gc,phases   ] GC(358)   Other: 0.3ms
[2024-02-06T11:08:03.281+0000][1536][gc,age      ] GC(358) Age table with threshold 15 (max threshold 15)
[2024-02-06T11:08:03.281+0000][1536][gc,age      ] GC(358) - age   1:   79862752 bytes,   79862752 total
[2024-02-06T11:08:03.281+0000][1536][gc,age      ] GC(358) - age   2:    3098968 bytes,   82961720 total
[2024-02-06T11:08:03.281+0000][1536][gc,heap     ] GC(358) Eden regions: 550->0(536)
[2024-02-06T11:08:03.281+0000][1536][gc,heap     ] GC(358) Survivor regions: 4->21(70)
[2024-02-06T11:08:03.281+0000][1536][gc,heap     ] GC(358) Old regions: 232->232
[2024-02-06T11:08:03.281+0000][1536][gc,heap     ] GC(358) Archive regions: 0->0
[2024-02-06T11:08:03.281+0000][1536][gc,heap     ] GC(358) Humongous regions: 2->2
[2024-02-06T11:08:03.281+0000][1536][gc,metaspace] GC(358) Metaspace: 132250K(138176K)->132250K(138176K) NonClass: 115200K(118912K)->115200K(118912K) Class: 17049K(19264K)->17049K(19264K)
[2024-02-06T11:08:03.281+0000][1536][gc          ] GC(358) Pause Young (Normal) (G1 Evacuation Pause) 3149M->1016M(4040M) 35.907ms
[2024-02-06T11:08:03.281+0000][1536][gc,cpu      ] GC(358) User=0.25s Sys=0.00s Real=0.04s
[2024-02-06T11:08:03.281+0000][1536][safepoint   ] Safepoint "G1CollectForAllocation", Time since last: 26838831100 ns, Reaching safepoint: 121800 ns, At safepoint: 36091000 ns, Total: 36212800 ns
[2024-02-06T11:08:20.435+0000][1536][safepoint   ] Safepoint "Cleanup", Time since last: 17153481900 ns, Reaching safepoint: 105300 ns, At safepoint: 24600 ns, Total: 129900 ns
[2024-02-06T11:08:32.014+0000][1536][gc,start    ] GC(359) Pause Young (Normal) (G1 Evacuation Pause)
[2024-02-06T11:08:32.014+0000][1536][gc,task     ] GC(359) Using 8 workers of 8 for evacuation
[2024-02-06T11:08:32.014+0000][1536][gc,age      ] GC(359) Desired survivor size 146800640 bytes, new threshold 15 (max threshold 15)
[2024-02-06T11:08:32.113+0000][1536][gc,phases   ] GC(359)   Pre Evacuate Collection Set: 0.5ms
[2024-02-06T11:08:32.113+0000][1536][gc,phases   ] GC(359)   Merge Heap Roots: 0.6ms
[2024-02-06T11:08:32.113+0000][1536][gc,phases   ] GC(359)   Evacuate Collection Set: 97.0ms
[2024-02-06T11:08:32.113+0000][1536][gc,phases   ] GC(359)   Post Evacuate Collection Set: 1.5ms
[2024-02-06T11:08:32.113+0000][1536][gc,phases   ] GC(359)   Other: 0.5ms
[2024-02-06T11:08:32.113+0000][1536][gc,age      ] GC(359) Age table with threshold 15 (max threshold 15)
[2024-02-06T11:08:32.113+0000][1536][gc,age      ] GC(359) - age   1:   89469816 bytes,   89469816 total
[2024-02-06T11:08:32.113+0000][1536][gc,age      ] GC(359) - age   2:   66963720 bytes,  156433536 total
[2024-02-06T11:08:32.113+0000][1536][gc,age      ] GC(359) - age   3:    3028784 bytes,  159462320 total
[2024-02-06T11:08:32.113+0000][1536][gc,heap     ] GC(359) Eden regions: 536->0(518)
[2024-02-06T11:08:32.113+0000][1536][gc,heap     ] GC(359) Survivor regions: 21->40(70)
[2024-02-06T11:08:32.113+0000][1536][gc,heap     ] GC(359) Old regions: 232->232
[2024-02-06T11:08:32.113+0000][1536][gc,heap     ] GC(359) Archive regions: 0->0
[2024-02-06T11:08:32.113+0000][1536][gc,heap     ] GC(359) Humongous regions: 2->2
[2024-02-06T11:08:32.113+0000][1536][gc,metaspace] GC(359) Metaspace: 132250K(138176K)->132250K(138176K) NonClass: 115200K(118912K)->115200K(118912K) Class: 17049K(19264K)->17049K(19264K)
[2024-02-06T11:08:32.113+0000][1536][gc          ] GC(359) Pause Young (Normal) (G1 Evacuation Pause) 3160M->1092M(4040M) 101.058ms
[2024-02-06T11:08:32.113+0000][1536][gc,cpu      ] GC(359) User=0.73s Sys=0.00s Real=0.10s
[2024-02-06T11:08:32.113+0000][1536][safepoint   ] Safepoint "G1CollectForAllocation", Time since last: 11515743200 ns, Reaching safepoint: 63044600 ns, At safepoint: 101404900 ns, Total: 164449500 ns
[2024-02-06T11:08:56.571+0000][1536][gc,start    ] GC(360) Pause Young (Concurrent Start) (G1 Evacuation Pause)
[2024-02-06T11:08:56.571+0000][1536][gc,task     ] GC(360) Using 8 workers of 8 for evacuation
[2024-02-06T11:08:56.571+0000][1536][gc,age      ] GC(360) Desired survivor size 146800640 bytes, new threshold 2 (max threshold 15)
[2024-02-06T11:08:56.656+0000][1536][gc,phases   ] GC(360)   Pre Evacuate Collection Set: 0.4ms
[2024-02-06T11:08:56.656+0000][1536][gc,phases   ] GC(360)   Merge Heap Roots: 0.2ms
[2024-02-06T11:08:56.656+0000][1536][gc,phases   ] GC(360)   Evacuate Collection Set: 69.9ms
[2024-02-06T11:08:56.656+0000][1536][gc,phases   ] GC(360)   Post Evacuate Collection Set: 1.5ms
[2024-02-06T11:08:56.656+0000][1536][gc,phases   ] GC(360)   Other: 0.2ms
[2024-02-06T11:08:56.656+0000][1536][gc,age      ] GC(360) Age table with threshold 2 (max threshold 15)
[2024-02-06T11:08:56.656+0000][1536][gc,age      ] GC(360) - age   1:   88917272 bytes,   88917272 total
[2024-02-06T11:08:56.656+0000][1536][gc,age      ] GC(360) - age   2:   73319696 bytes,  162236968 total
[2024-02-06T11:08:56.656+0000][1536][gc,heap     ] GC(360) Eden regions: 518->0(503)
[2024-02-06T11:08:56.656+0000][1536][gc,heap     ] GC(360) Survivor regions: 40->42(70)
[2024-02-06T11:08:56.656+0000][1536][gc,heap     ] GC(360) Old regions: 232->245
[2024-02-06T11:08:56.656+0000][1536][gc,heap     ] GC(360) Archive regions: 0->0
[2024-02-06T11:08:56.656+0000][1536][gc,heap     ] GC(360) Humongous regions: 2->2
[2024-02-06T11:08:56.656+0000][1536][gc,metaspace] GC(360) Metaspace: 132250K(138176K)->132250K(138176K) NonClass: 115200K(118912K)->115200K(118912K) Class: 17049K(19264K)->17049K(19264K)
[2024-02-06T11:08:56.656+0000][1536][gc          ] GC(360) Pause Young (Concurrent Start) (G1 Evacuation Pause) 3164M->1154M(4040M) 72.618ms
[2024-02-06T11:08:56.656+0000][1536][gc,cpu      ] GC(360) User=0.61s Sys=0.02s Real=0.08s
[2024-02-06T11:08:56.656+0000][1536][gc          ] GC(361) Concurrent Mark Cycle
[2024-02-06T11:08:56.656+0000][1536][gc,marking  ] GC(361) Concurrent Clear Claimed Marks
[2024-02-06T11:08:56.657+0000][1536][safepoint   ] Safepoint "G1CollectForAllocation", Time since last: 24469299600 ns, Reaching safepoint: 115600 ns, At safepoint: 72831300 ns, Total: 72946900 ns
[2024-02-06T11:08:56.657+0000][1536][gc,marking  ] GC(361) Concurrent Clear Claimed Marks 0.249ms
[2024-02-06T11:08:56.657+0000][1536][gc,marking  ] GC(361) Concurrent Scan Root Regions
[2024-02-06T11:08:56.687+0000][1536][gc,marking  ] GC(361) Concurrent Scan Root Regions 37.368ms
[2024-02-06T11:08:56.687+0000][1536][gc,marking  ] GC(361) Concurrent Mark
[2024-02-06T11:08:56.687+0000][1536][gc,marking  ] GC(361) Concurrent Mark From Roots
[2024-02-06T11:08:56.687+0000][1536][gc,task     ] GC(361) Using 2 workers of 2 for marking
[2024-02-06T11:08:57.034+0000][1536][gc,marking  ] GC(361) Concurrent Mark From Roots 340.877ms
[2024-02-06T11:08:57.034+0000][1536][gc,marking  ] GC(361) Concurrent Preclean
[2024-02-06T11:08:57.036+0000][1536][gc,marking  ] GC(361) Concurrent Preclean 1.002ms
[2024-02-06T11:08:57.036+0000][1536][gc,start    ] GC(361) Pause Remark
[2024-02-06T11:08:57.054+0000][1536][gc          ] GC(361) Pause Remark 1186M->1186M(4040M) 18.418ms
[2024-02-06T11:08:57.054+0000][1536][gc,cpu      ] GC(361) User=0.12s Sys=0.00s Real=0.02s
[2024-02-06T11:08:57.054+0000][1536][safepoint   ] Safepoint "G1Concurrent", Time since last: 379700400 ns, Reaching safepoint: 109400 ns, At safepoint: 18600800 ns, Total: 18710200 ns
[2024-02-06T11:08:57.054+0000][1536][gc,marking  ] GC(361) Concurrent Mark 360.799ms
[2024-02-06T11:08:57.054+0000][1536][gc,marking  ] GC(361) Concurrent Rebuild Remembered Sets
[2024-02-06T11:08:57.320+0000][1536][gc,marking  ] GC(361) Concurrent Rebuild Remembered Sets 264.255ms
[2024-02-06T11:08:57.320+0000][1536][gc,start    ] GC(361) Pause Cleanup
[2024-02-06T11:08:57.321+0000][1536][gc          ] GC(361) Pause Cleanup 1204M->1204M(4040M) 0.491ms
[2024-02-06T11:08:57.321+0000][1536][gc,cpu      ] GC(361) User=0.00s Sys=0.00s Real=0.00s
[2024-02-06T11:08:57.321+0000][1536][safepoint   ] Safepoint "G1Concurrent", Time since last: 264446800 ns, Reaching safepoint: 94700 ns, At safepoint: 606300 ns, Total: 701000 ns
[2024-02-06T11:08:57.321+0000][1536][gc,marking  ] GC(361) Concurrent Cleanup for Next Mark
[2024-02-06T11:08:57.325+0000][1536][gc,marking  ] GC(361) Concurrent Cleanup for Next Mark 4.187ms
[2024-02-06T11:08:57.325+0000][1536][gc          ] GC(361) Concurrent Mark Cycle 667.989ms
[2024-02-06T11:09:26.881+0000][1536][gc,start    ] GC(362) Pause Young (Prepare Mixed) (G1 Evacuation Pause)
[2024-02-06T11:09:26.881+0000][1536][gc,task     ] GC(362) Using 8 workers of 8 for evacuation
[2024-02-06T11:09:26.881+0000][1536][gc,age      ] GC(362) Desired survivor size 144703488 bytes, new threshold 2 (max threshold 15)
[2024-02-06T11:09:26.956+0000][1536][gc,phases   ] GC(362)   Pre Evacuate Collection Set: 0.1ms
[2024-02-06T11:09:26.956+0000][1536][gc,phases   ] GC(362)   Merge Heap Roots: 0.2ms
[2024-02-06T11:09:26.956+0000][1536][gc,phases   ] GC(362)   Evacuate Collection Set: 80.0ms
[2024-02-06T11:09:26.956+0000][1536][gc,phases   ] GC(362)   Post Evacuate Collection Set: 1.2ms
[2024-02-06T11:09:26.956+0000][1536][gc,phases   ] GC(362)   Other: 0.2ms
[2024-02-06T11:09:26.956+0000][1536][gc,age      ] GC(362) Age table with threshold 2 (max threshold 15)
[2024-02-06T11:09:26.956+0000][1536][gc,age      ] GC(362) - age   1:   83989128 bytes,   83989128 total
[2024-02-06T11:09:26.956+0000][1536][gc,age      ] GC(362) - age   2:   70868112 bytes,  154857240 total
[2024-02-06T11:09:26.956+0000][1536][gc,heap     ] GC(362) Eden regions: 503->0(11)
[2024-02-06T11:09:26.956+0000][1536][gc,heap     ] GC(362) Survivor regions: 42->39(69)
[2024-02-06T11:09:26.956+0000][1536][gc,heap     ] GC(362) Old regions: 245->260
[2024-02-06T11:09:26.956+0000][1536][gc,heap     ] GC(362) Archive regions: 0->0
[2024-02-06T11:09:26.956+0000][1536][gc,heap     ] GC(362) Humongous regions: 2->2
[2024-02-06T11:09:26.956+0000][1536][gc,metaspace] GC(362) Metaspace: 132250K(138176K)->132250K(138176K) NonClass: 115200K(118912K)->115200K(118912K) Class: 17049K(19264K)->17049K(19264K)
[2024-02-06T11:09:26.956+0000][1536][gc          ] GC(362) Pause Young (Prepare Mixed) (G1 Evacuation Pause) 3166M->1200M(4040M) 82.390ms
[2024-02-06T11:09:26.956+0000][1536][gc,cpu      ] GC(362) User=0.48s Sys=0.00s Real=0.08s
[2024-02-06T11:09:26.956+0000][1536][safepoint   ] Safepoint "G1CollectForAllocation", Time since last: 29559860500 ns, Reaching safepoint: 48000 ns, At safepoint: 82614100 ns, Total: 82662100 ns
[2024-02-06T11:09:27.222+0000][1536][gc,start    ] GC(363) Pause Young (Mixed) (G1 Evacuation Pause)
[2024-02-06T11:09:27.222+0000][1536][gc,task     ] GC(363) Using 8 workers of 8 for evacuation
[2024-02-06T11:09:27.222+0000][1536][gc,age      ] GC(363) Desired survivor size 14680064 bytes, new threshold 1 (max threshold 15)
[2024-02-06T11:09:27.440+0000][1536][gc,mmu      ] GC(363) MMU target violated: 201.0ms (200.0ms/201.0ms)
[2024-02-06T11:09:27.441+0000][1536][gc,phases   ] GC(363)   Pre Evacuate Collection Set: 0.2ms
[2024-02-06T11:09:27.441+0000][1536][gc,phases   ] GC(363)   Merge Heap Roots: 0.3ms
[2024-02-06T11:09:27.441+0000][1536][gc,phases   ] GC(363)   Evacuate Collection Set: 205.6ms
[2024-02-06T11:09:27.441+0000][1536][gc,phases   ] GC(363)   Post Evacuate Collection Set: 0.8ms
[2024-02-06T11:09:27.441+0000][1536][gc,phases   ] GC(363)   Other: 0.3ms
[2024-02-06T11:09:27.441+0000][1536][gc,age      ] GC(363) Age table with threshold 1 (max threshold 15)
[2024-02-06T11:09:27.441+0000][1536][gc,age      ] GC(363) - age   1:    1940912 bytes,    1940912 total
[2024-02-06T11:09:27.441+0000][1536][gc,heap     ] GC(363) Eden regions: 11->0(550)
[2024-02-06T11:09:27.441+0000][1536][gc,heap     ] GC(363) Survivor regions: 39->4(7)
[2024-02-06T11:09:27.441+0000][1536][gc,heap     ] GC(363) Old regions: 260->231
[2024-02-06T11:09:27.441+0000][1536][gc,heap     ] GC(363) Archive regions: 0->0
[2024-02-06T11:09:27.441+0000][1536][gc,heap     ] GC(363) Humongous regions: 2->2
[2024-02-06T11:09:27.441+0000][1536][gc,metaspace] GC(363) Metaspace: 132250K(138176K)->132250K(138176K) NonClass: 115200K(118912K)->115200K(118912K) Class: 17049K(19264K)->17049K(19264K)
[2024-02-06T11:09:27.441+0000][1536][gc          ] GC(363) Pause Young (Mixed) (G1 Evacuation Pause) 1244M->947M(4040M) 207.511ms
[2024-02-06T11:09:27.441+0000][1536][gc,cpu      ] GC(363) User=0.41s Sys=0.44s Real=0.22s
[2024-02-06T11:09:27.441+0000][1536][safepoint   ] Safepoint "G1CollectForAllocation", Time since last: 270432600 ns, Reaching safepoint: 100700 ns, At safepoint: 208065600 ns, Total: 208166300 ns
[2024-02-06T11:10:01.181+0000][1536][gc,start    ] GC(364) Pause Young (Normal) (G1 Evacuation Pause)
[2024-02-06T11:10:01.181+0000][1536][gc,task     ] GC(364) Using 8 workers of 8 for evacuation
[2024-02-06T11:10:01.181+0000][1536][gc,age      ] GC(364) Desired survivor size 146800640 bytes, new threshold 15 (max threshold 15)
[2024-02-06T11:10:01.222+0000][1536][gc,phases   ] GC(364)   Pre Evacuate Collection Set: 0.2ms
[2024-02-06T11:10:01.222+0000][1536][gc,phases   ] GC(364)   Merge Heap Roots: 0.3ms
[2024-02-06T11:10:01.222+0000][1536][gc,phases   ] GC(364)   Evacuate Collection Set: 35.7ms
[2024-02-06T11:10:01.222+0000][1536][gc,phases   ] GC(364)   Post Evacuate Collection Set: 1.3ms
[2024-02-06T11:10:01.222+0000][1536][gc,phases   ] GC(364)   Other: 0.3ms
[2024-02-06T11:10:01.222+0000][1536][gc,age      ] GC(364) Age table with threshold 15 (max threshold 15)
[2024-02-06T11:10:01.222+0000][1536][gc,age      ] GC(364) - age   1:   86672104 bytes,   86672104 total
[2024-02-06T11:10:01.222+0000][1536][gc,age      ] GC(364) - age   2:    1336248 bytes,   88008352 total
[2024-02-06T11:10:01.222+0000][1536][gc,heap     ] GC(364) Eden regions: 550->0(535)
[2024-02-06T11:10:01.222+0000][1536][gc,heap     ] GC(364) Survivor regions: 4->22(70)
[2024-02-06T11:10:01.222+0000][1536][gc,heap     ] GC(364) Old regions: 231->231
[2024-02-06T11:10:01.222+0000][1536][gc,heap     ] GC(364) Archive regions: 0->0
[2024-02-06T11:10:01.222+0000][1536][gc,heap     ] GC(364) Humongous regions: 2->2
[2024-02-06T11:10:01.222+0000][1536][gc,metaspace] GC(364) Metaspace: 132250K(138176K)->132250K(138176K) NonClass: 115200K(118912K)->115200K(118912K) Class: 17049K(19264K)->17049K(19264K)
[2024-02-06T11:10:01.222+0000][1536][gc          ] GC(364) Pause Young (Normal) (G1 Evacuation Pause) 3147M->1019M(4040M) 38.418ms
[2024-02-06T11:10:01.222+0000][1536][gc,cpu      ] GC(364) User=0.27s Sys=0.05s Real=0.04s
[2024-02-06T11:10:01.222+0000][1536][safepoint   ] Safepoint "G1CollectForAllocation", Time since last: 33742764700 ns, Reaching safepoint: 129600 ns, At safepoint: 38692400 ns, Total: 38822000 ns
[2024-02-06T11:10:03.235+0000][1536][safepoint   ] Safepoint "Cleanup", Time since last: 2011091800 ns, Reaching safepoint: 198800 ns, At safepoint: 28100 ns, Total: 226900 ns
[2024-02-06T11:10:05.253+0000][1536][safepoint   ] Safepoint "Cleanup", Time since last: 2018140400 ns, Reaching safepoint: 129800 ns, At safepoint: 57000 ns, Total: 186800 ns
[2024-02-06T11:10:26.136+0000][1536][gc,start    ] GC(365) Pause Young (Normal) (G1 Evacuation Pause)
[2024-02-06T11:10:26.136+0000][1536][gc,task     ] GC(365) Using 8 workers of 8 for evacuation
[2024-02-06T11:10:26.136+0000][1536][gc,age      ] GC(365) Desired survivor size 146800640 bytes, new threshold 15 (max threshold 15)
[2024-02-06T11:10:26.195+0000][1536][gc,phases   ] GC(365)   Pre Evacuate Collection Set: 0.3ms
[2024-02-06T11:10:26.195+0000][1536][gc,phases   ] GC(365)   Merge Heap Roots: 0.3ms
[2024-02-06T11:10:26.195+0000][1536][gc,phases   ] GC(365)   Evacuate Collection Set: 57.5ms
[2024-02-06T11:10:26.195+0000][1536][gc,phases   ] GC(365)   Post Evacuate Collection Set: 1.5ms
[2024-02-06T11:10:26.195+0000][1536][gc,phases   ] GC(365)   Other: 0.3ms
[2024-02-06T11:10:26.195+0000][1536][gc,age      ] GC(365) Age table with threshold 15 (max threshold 15)
[2024-02-06T11:10:26.195+0000][1536][gc,age      ] GC(365) - age   1:   92825344 bytes,   92825344 total
[2024-02-06T11:10:26.195+0000][1536][gc,age      ] GC(365) - age   2:   72507408 bytes,  165332752 total
[2024-02-06T11:10:26.195+0000][1536][gc,age      ] GC(365) - age   3:    1045488 bytes,  166378240 total
[2024-02-06T11:10:26.195+0000][1536][gc,heap     ] GC(365) Eden regions: 535->0(515)
[2024-02-06T11:10:26.195+0000][1536][gc,heap     ] GC(365) Survivor regions: 22->42(70)
[2024-02-06T11:10:26.195+0000][1536][gc,heap     ] GC(365) Old regions: 231->231
[2024-02-06T11:10:26.195+0000][1536][gc,heap     ] GC(365) Archive regions: 0->0
[2024-02-06T11:10:26.195+0000][1536][gc,heap     ] GC(365) Humongous regions: 2->2
[2024-02-06T11:10:26.195+0000][1536][gc,metaspace] GC(365) Metaspace: 132250K(138176K)->132250K(138176K) NonClass: 115200K(118912K)->115200K(118912K) Class: 17049K(19264K)->17049K(19264K)
[2024-02-06T11:10:26.195+0000][1536][gc          ] GC(365) Pause Young (Normal) (G1 Evacuation Pause) 3159M->1098M(4040M) 60.427ms
[2024-02-06T11:10:26.195+0000][1536][gc,cpu      ] GC(365) User=0.45s Sys=0.00s Real=0.06s
[2024-02-06T11:10:26.195+0000][1536][safepoint   ] Safepoint "G1CollectForAllocation", Time since last: 20882635200 ns, Reaching safepoint: 132800 ns, At safepoint: 61287300 ns, Total: 61420100 ns
[2024-02-06T11:10:45.110+0000][1536][gc,start    ] GC(366) Pause Young (Concurrent Start) (G1 Evacuation Pause)
[2024-02-06T11:10:45.110+0000][1536][gc,task     ] GC(366) Using 8 workers of 8 for evacuation
[2024-02-06T11:10:45.110+0000][1536][gc,age      ] GC(366) Desired survivor size 146800640 bytes, new threshold 2 (max threshold 15)
[2024-02-06T11:10:45.217+0000][1536][gc,phases   ] GC(366)   Pre Evacuate Collection Set: 0.8ms
[2024-02-06T11:10:45.217+0000][1536][gc,phases   ] GC(366)   Merge Heap Roots: 0.6ms
[2024-02-06T11:10:45.217+0000][1536][gc,phases   ] GC(366)   Evacuate Collection Set: 95.5ms
[2024-02-06T11:10:45.217+0000][1536][gc,phases   ] GC(366)   Post Evacuate Collection Set: 1.4ms
[2024-02-06T11:10:45.217+0000][1536][gc,phases   ] GC(366)   Other: 0.3ms
[2024-02-06T11:10:45.217+0000][1536][gc,age      ] GC(366) Age table with threshold 2 (max threshold 15)
[2024-02-06T11:10:45.217+0000][1536][gc,age      ] GC(366) - age   1:   83685864 bytes,   83685864 total
[2024-02-06T11:10:45.217+0000][1536][gc,age      ] GC(366) - age   2:   76583352 bytes,  160269216 total
[2024-02-06T11:10:45.217+0000][1536][gc,heap     ] GC(366) Eden regions: 515->0(503)
[2024-02-06T11:10:45.217+0000][1536][gc,heap     ] GC(366) Survivor regions: 42->41(70)
[2024-02-06T11:10:45.217+0000][1536][gc,heap     ] GC(366) Old regions: 231->246
[2024-02-06T11:10:45.217+0000][1536][gc,heap     ] GC(366) Archive regions: 0->0
[2024-02-06T11:10:45.217+0000][1536][gc,heap     ] GC(366) Humongous regions: 2->2
[2024-02-06T11:10:45.217+0000][1536][gc,metaspace] GC(366) Metaspace: 132250K(138176K)->132250K(138176K) NonClass: 115200K(118912K)->115200K(118912K) Class: 17049K(19264K)->17049K(19264K)
[2024-02-06T11:10:45.217+0000][1536][gc          ] GC(366) Pause Young (Concurrent Start) (G1 Evacuation Pause) 3158M->1151M(4040M) 99.356ms
[2024-02-06T11:10:45.217+0000][1536][gc          ] GC(367) Concurrent Mark Cycle
[2024-02-06T11:10:45.217+0000][1536][gc,cpu      ] GC(366) User=0.64s Sys=0.02s Real=0.11s
[2024-02-06T11:10:45.217+0000][1536][gc,marking  ] GC(367) Concurrent Clear Claimed Marks
[2024-02-06T11:10:45.217+0000][1536][gc,marking  ] GC(367) Concurrent Clear Claimed Marks 0.278ms
[2024-02-06T11:10:45.217+0000][1536][safepoint   ] Safepoint "G1CollectForAllocation", Time since last: 18921344600 ns, Reaching safepoint: 158200 ns, At safepoint: 99872900 ns, Total: 100031100 ns
[2024-02-06T11:10:45.217+0000][1536][gc,marking  ] GC(367) Concurrent Scan Root Regions
[2024-02-06T11:10:45.286+0000][1536][gc,marking  ] GC(367) Concurrent Scan Root Regions 67.665ms
[2024-02-06T11:10:45.286+0000][1536][gc,marking  ] GC(367) Concurrent Mark
[2024-02-06T11:10:45.286+0000][1536][gc,marking  ] GC(367) Concurrent Mark From Roots
[2024-02-06T11:10:45.286+0000][1536][gc,task     ] GC(367) Using 2 workers of 2 for marking
[2024-02-06T11:10:45.652+0000][1536][gc,marking  ] GC(367) Concurrent Mark From Roots 367.547ms
[2024-02-06T11:10:45.652+0000][1536][gc,marking  ] GC(367) Concurrent Preclean
[2024-02-06T11:10:45.652+0000][1536][gc,marking  ] GC(367) Concurrent Preclean 1.483ms
[2024-02-06T11:10:45.656+0000][1536][gc,start    ] GC(367) Pause Remark
[2024-02-06T11:10:45.676+0000][1536][gc          ] GC(367) Pause Remark 1219M->1219M(4040M) 21.162ms
[2024-02-06T11:10:45.676+0000][1536][gc,cpu      ] GC(367) User=0.14s Sys=0.00s Real=0.02s
[2024-02-06T11:10:45.676+0000][1536][safepoint   ] Safepoint "G1Concurrent", Time since last: 437040200 ns, Reaching safepoint: 72100 ns, At safepoint: 21454200 ns, Total: 21526300 ns
[2024-02-06T11:10:45.676+0000][1536][gc,marking  ] GC(367) Concurrent Mark 390.907ms
[2024-02-06T11:10:45.676+0000][1536][gc,marking  ] GC(367) Concurrent Rebuild Remembered Sets
[2024-02-06T11:10:45.908+0000][1536][gc,marking  ] GC(367) Concurrent Rebuild Remembered Sets 231.081ms
[2024-02-06T11:10:45.908+0000][1536][gc,start    ] GC(367) Pause Cleanup
[2024-02-06T11:10:45.909+0000][1536][gc          ] GC(367) Pause Cleanup 1265M->1265M(4040M) 0.501ms
[2024-02-06T11:10:45.909+0000][1536][gc,cpu      ] GC(367) User=0.00s Sys=0.00s Real=0.00s
[2024-02-06T11:10:45.909+0000][1536][safepoint   ] Safepoint "G1Concurrent", Time since last: 231311400 ns, Reaching safepoint: 78000 ns, At safepoint: 653400 ns, Total: 731400 ns
[2024-02-06T11:10:45.909+0000][1536][gc,marking  ] GC(367) Concurrent Cleanup for Next Mark
[2024-02-06T11:10:45.917+0000][1536][gc,marking  ] GC(367) Concurrent Cleanup for Next Mark 9.876ms
[2024-02-06T11:10:45.917+0000][1536][gc          ] GC(367) Concurrent Mark Cycle 701.053ms
[2024-02-06T11:11:12.385+0000][1536][gc,start    ] GC(368) Pause Young (Prepare Mixed) (G1 Evacuation Pause)
[2024-02-06T11:11:12.385+0000][1536][gc,task     ] GC(368) Using 8 workers of 8 for evacuation
[2024-02-06T11:11:12.385+0000][1536][gc,age      ] GC(368) Desired survivor size 142606336 bytes, new threshold 2 (max threshold 15)
[2024-02-06T11:11:12.468+0000][1536][gc,phases   ] GC(368)   Pre Evacuate Collection Set: 0.2ms
[2024-02-06T11:11:12.468+0000][1536][gc,phases   ] GC(368)   Merge Heap Roots: 0.3ms
[2024-02-06T11:11:12.468+0000][1536][gc,phases   ] GC(368)   Evacuate Collection Set: 72.1ms
[2024-02-06T11:11:12.468+0000][1536][gc,phases   ] GC(368)   Post Evacuate Collection Set: 1.3ms
[2024-02-06T11:11:12.468+0000][1536][gc,phases   ] GC(368)   Other: 0.3ms
[2024-02-06T11:11:12.468+0000][1536][gc,age      ] GC(368) Age table with threshold 2 (max threshold 15)
[2024-02-06T11:11:12.468+0000][1536][gc,age      ] GC(368) - age   1:   82894392 bytes,   82894392 total
[2024-02-06T11:11:12.468+0000][1536][gc,age      ] GC(368) - age   2:   66752144 bytes,  149646536 total
[2024-02-06T11:11:12.468+0000][1536][gc,heap     ] GC(368) Eden regions: 503->0(12)
[2024-02-06T11:11:12.468+0000][1536][gc,heap     ] GC(368) Survivor regions: 41->38(68)
[2024-02-06T11:11:12.468+0000][1536][gc,heap     ] GC(368) Old regions: 246->261
[2024-02-06T11:11:12.468+0000][1536][gc,heap     ] GC(368) Archive regions: 0->0
[2024-02-06T11:11:12.468+0000][1536][gc,heap     ] GC(368) Humongous regions: 2->2
[2024-02-06T11:11:12.468+0000][1536][gc,metaspace] GC(368) Metaspace: 132250K(138176K)->132250K(138176K) NonClass: 115200K(118912K)->115200K(118912K) Class: 17049K(19264K)->17049K(19264K)
[2024-02-06T11:11:12.468+0000][1536][gc          ] GC(368) Pause Young (Prepare Mixed) (G1 Evacuation Pause) 3163M->1198M(4040M) 74.725ms
[2024-02-06T11:11:12.468+0000][1536][gc,cpu      ] GC(368) User=0.53s Sys=0.03s Real=0.08s
[2024-02-06T11:11:12.468+0000][1536][safepoint   ] Safepoint "G1CollectForAllocation", Time since last: 26488863200 ns, Reaching safepoint: 148900 ns, At safepoint: 74905600 ns, Total: 75054500 ns
[2024-02-06T11:11:12.861+0000][1536][gc,start    ] GC(369) Pause Young (Mixed) (G1 Evacuation Pause)
[2024-02-06T11:11:12.861+0000][1536][gc,task     ] GC(369) Using 8 workers of 8 for evacuation
[2024-02-06T11:11:12.861+0000][1536][gc,age      ] GC(369) Desired survivor size 14680064 bytes, new threshold 1 (max threshold 15)
[2024-02-06T11:11:12.970+0000][1536][gc,phases   ] GC(369)   Pre Evacuate Collection Set: 0.2ms
[2024-02-06T11:11:12.970+0000][1536][gc,phases   ] GC(369)   Merge Heap Roots: 0.3ms
[2024-02-06T11:11:12.970+0000][1536][gc,phases   ] GC(369)   Evacuate Collection Set: 103.6ms
[2024-02-06T11:11:12.970+0000][1536][gc,phases   ] GC(369)   Post Evacuate Collection Set: 2.0ms
[2024-02-06T11:11:12.970+0000][1536][gc,phases   ] GC(369)   Other: 0.2ms
[2024-02-06T11:11:12.970+0000][1536][gc,age      ] GC(369) Age table with threshold 1 (max threshold 15)
[2024-02-06T11:11:12.970+0000][1536][gc,age      ] GC(369) - age   1:    2825776 bytes,    2825776 total
[2024-02-06T11:11:12.970+0000][1536][gc,heap     ] GC(369) Eden regions: 12->0(554)
[2024-02-06T11:11:12.970+0000][1536][gc,heap     ] GC(369) Survivor regions: 38->4(7)
[2024-02-06T11:11:12.970+0000][1536][gc,heap     ] GC(369) Old regions: 261->228
[2024-02-06T11:11:12.970+0000][1536][gc,heap     ] GC(369) Archive regions: 0->0
[2024-02-06T11:11:12.970+0000][1536][gc,heap     ] GC(369) Humongous regions: 2->2
[2024-02-06T11:11:12.970+0000][1536][gc,metaspace] GC(369) Metaspace: 132250K(138176K)->132250K(138176K) NonClass: 115200K(118912K)->115200K(118912K) Class: 17049K(19264K)->17049K(19264K)
[2024-02-06T11:11:12.970+0000][1536][gc          ] GC(369) Pause Young (Mixed) (G1 Evacuation Pause) 1246M->936M(4040M) 106.669ms
[2024-02-06T11:11:12.970+0000][1536][gc,cpu      ] GC(369) User=0.34s Sys=0.23s Real=0.11s
[2024-02-06T11:11:12.970+0000][1536][safepoint   ] Safepoint "G1CollectForAllocation", Time since last: 393301200 ns, Reaching safepoint: 85700 ns, At safepoint: 106895000 ns, Total: 106980700 ns
[2024-02-06T11:11:26.062+0000][1536][safepoint   ] Safepoint "Cleanup", Time since last: 13089087700 ns, Reaching safepoint: 130900 ns, At safepoint: 41200 ns, Total: 172100 ns
[2024-02-06T11:11:59.280+0000][1536][safepoint   ] Safepoint "Cleanup", Time since last: 33207731900 ns, Reaching safepoint: 9047400 ns, At safepoint: 1248800 ns, Total: 10296200 ns
[2024-02-06T11:11:59.673+0000][1536][gc,start    ] GC(370) Pause Young (Normal) (G1 Evacuation Pause)
[2024-02-06T11:11:59.673+0000][1536][gc,task     ] GC(370) Using 8 workers of 8 for evacuation
[2024-02-06T11:11:59.673+0000][1536][gc,age      ] GC(370) Desired survivor size 146800640 bytes, new threshold 15 (max threshold 15)
[2024-02-06T11:11:59.731+0000][1536][gc,phases   ] GC(370)   Pre Evacuate Collection Set: 0.4ms
[2024-02-06T11:11:59.731+0000][1536][gc,phases   ] GC(370)   Merge Heap Roots: 1.0ms
[2024-02-06T11:11:59.731+0000][1536][gc,phases   ] GC(370)   Evacuate Collection Set: 51.4ms
[2024-02-06T11:11:59.731+0000][1536][gc,phases   ] GC(370)   Post Evacuate Collection Set: 1.5ms
[2024-02-06T11:11:59.731+0000][1536][gc,phases   ] GC(370)   Other: 3.6ms
[2024-02-06T11:11:59.731+0000][1536][gc,age      ] GC(370) Age table with threshold 15 (max threshold 15)
[2024-02-06T11:11:59.731+0000][1536][gc,age      ] GC(370) - age   1:   70092576 bytes,   70092576 total
[2024-02-06T11:11:59.731+0000][1536][gc,age      ] GC(370) - age   2:    2041928 bytes,   72134504 total
[2024-02-06T11:11:59.731+0000][1536][gc,heap     ] GC(370) Eden regions: 554->0(543)
[2024-02-06T11:11:59.731+0000][1536][gc,heap     ] GC(370) Survivor regions: 4->19(70)
[2024-02-06T11:11:59.731+0000][1536][gc,heap     ] GC(370) Old regions: 228->228
[2024-02-06T11:11:59.731+0000][1536][gc,heap     ] GC(370) Archive regions: 0->0
[2024-02-06T11:11:59.731+0000][1536][gc,heap     ] GC(370) Humongous regions: 2->2
[2024-02-06T11:11:59.731+0000][1536][gc,metaspace] GC(370) Metaspace: 132250K(138176K)->132250K(138176K) NonClass: 115200K(118912K)->115200K(118912K) Class: 17049K(19264K)->17049K(19264K)
[2024-02-06T11:11:59.732+0000][1536][gc          ] GC(370) Pause Young (Normal) (G1 Evacuation Pause) 3151M->993M(4040M) 58.507ms
[2024-02-06T11:11:59.732+0000][1536][gc,cpu      ] GC(370) User=0.36s Sys=0.00s Real=0.06s
[2024-02-06T11:11:59.732+0000][1536][safepoint   ] Safepoint "G1CollectForAllocation", Time since last: 389363600 ns, Reaching safepoint: 2926200 ns, At safepoint: 58798900 ns, Total: 61725100 ns
[2024-02-06T11:12:11.830+0000][1536][safepoint   ] Safepoint "Cleanup", Time since last: 12076001000 ns, Reaching safepoint: 22695600 ns, At safepoint: 343200 ns, Total: 23038800 ns
[2024-02-06T11:12:16.850+0000][1536][safepoint   ] Safepoint "Cleanup", Time since last: 5019579400 ns, Reaching safepoint: 84400 ns, At safepoint: 24700 ns, Total: 109100 ns
[2024-02-06T11:12:22.878+0000][1536][safepoint   ] Safepoint "Cleanup", Time since last: 6017005200 ns, Reaching safepoint: 10265100 ns, At safepoint: 60700 ns, Total: 10325800 ns
[2024-02-06T11:12:23.887+0000][1536][safepoint   ] Safepoint "Cleanup", Time since last: 1009108600 ns, Reaching safepoint: 174600 ns, At safepoint: 27900 ns, Total: 202500 ns
[2024-02-06T11:12:32.923+0000][1536][gc,start    ] GC(371) Pause Young (Normal) (G1 Evacuation Pause)
[2024-02-06T11:12:32.923+0000][1536][gc,task     ] GC(371) Using 8 workers of 8 for evacuation
[2024-02-06T11:12:32.923+0000][1536][gc,age      ] GC(371) Desired survivor size 148897792 bytes, new threshold 15 (max threshold 15)
[2024-02-06T11:12:32.994+0000][1536][gc,phases   ] GC(371)   Pre Evacuate Collection Set: 0.4ms
[2024-02-06T11:12:32.994+0000][1536][gc,phases   ] GC(371)   Merge Heap Roots: 0.4ms
[2024-02-06T11:12:32.994+0000][1536][gc,phases   ] GC(371)   Evacuate Collection Set: 62.2ms
[2024-02-06T11:12:32.994+0000][1536][gc,phases   ] GC(371)   Post Evacuate Collection Set: 4.0ms
[2024-02-06T11:12:32.994+0000][1536][gc,phases   ] GC(371)   Other: 2.9ms
[2024-02-06T11:12:32.994+0000][1536][gc,age      ] GC(371) Age table with threshold 15 (max threshold 15)
[2024-02-06T11:12:32.994+0000][1536][gc,age      ] GC(371) - age   1:   88669712 bytes,   88669712 total
[2024-02-06T11:12:32.994+0000][1536][gc,age      ] GC(371) - age   2:   56418752 bytes,  145088464 total
[2024-02-06T11:12:32.994+0000][1536][gc,age      ] GC(371) - age   3:    1940152 bytes,  147028616 total
[2024-02-06T11:12:32.994+0000][1536][gc,heap     ] GC(371) Eden regions: 543->0(526)
[2024-02-06T11:12:32.994+0000][1536][gc,heap     ] GC(371) Survivor regions: 19->37(71)
[2024-02-06T11:12:32.994+0000][1536][gc,heap     ] GC(371) Old regions: 228->228
[2024-02-06T11:12:32.994+0000][1536][gc,heap     ] GC(371) Archive regions: 0->0
[2024-02-06T11:12:32.994+0000][1536][gc,heap     ] GC(371) Humongous regions: 2->2
[2024-02-06T11:12:32.994+0000][1536][gc,metaspace] GC(371) Metaspace: 132250K(138176K)->132250K(138176K) NonClass: 115200K(118912K)->115200K(118912K) Class: 17049K(19264K)->17049K(19264K)
[2024-02-06T11:12:32.994+0000][1536][gc          ] GC(371) Pause Young (Normal) (G1 Evacuation Pause) 3165M->1066M(4040M) 70.367ms
[2024-02-06T11:12:32.994+0000][1536][gc,cpu      ] GC(371) User=0.44s Sys=0.03s Real=0.07s
[2024-02-06T11:12:32.994+0000][1536][safepoint   ] Safepoint "G1CollectForAllocation", Time since last: 9038865600 ns, Reaching safepoint: 150500 ns, At safepoint: 70633900 ns, Total: 70784400 ns
[2024-02-06T11:12:39.068+0000][1536][safepoint   ] Safepoint "Cleanup", Time since last: 6040300800 ns, Reaching safepoint: 31510900 ns, At safepoint: 75000 ns, Total: 31585900 ns
[2024-02-06T11:12:48.170+0000][1536][safepoint   ] Safepoint "Cleanup", Time since last: 9101267300 ns, Reaching safepoint: 112700 ns, At safepoint: 31500 ns, Total: 144200 ns
[2024-02-06T11:12:59.310+0000][1536][safepoint   ] Safepoint "Cleanup", Time since last: 11091389300 ns, Reaching safepoint: 48111700 ns, At safepoint: 280200 ns, Total: 48391900 ns
[2024-02-06T11:13:00.311+0000][1536][safepoint   ] Safepoint "Cleanup", Time since last: 1000702800 ns, Reaching safepoint: 102300 ns, At safepoint: 26000 ns, Total: 128300 ns
[2024-02-06T11:13:02.071+0000][1536][gc,start    ] GC(372) Pause Young (Concurrent Start) (G1 Evacuation Pause)
[2024-02-06T11:13:02.079+0000][1536][gc,task     ] GC(372) Using 8 workers of 8 for evacuation
[2024-02-06T11:13:02.079+0000][1536][gc,age      ] GC(372) Desired survivor size 148897792 bytes, new threshold 15 (max threshold 15)
[2024-02-06T11:13:02.252+0000][1536][gc,phases   ] GC(372)   Pre Evacuate Collection Set: 0.5ms
[2024-02-06T11:13:02.252+0000][1536][gc,phases   ] GC(372)   Merge Heap Roots: 0.2ms
[2024-02-06T11:13:02.252+0000][1536][gc,phases   ] GC(372)   Evacuate Collection Set: 168.8ms
[2024-02-06T11:13:02.252+0000][1536][gc,phases   ] GC(372)   Post Evacuate Collection Set: 2.6ms
[2024-02-06T11:13:02.252+0000][1536][gc,phases   ] GC(372)   Other: 0.3ms
[2024-02-06T11:13:02.252+0000][1536][gc,age      ] GC(372) Age table with threshold 15 (max threshold 15)
[2024-02-06T11:13:02.252+0000][1536][gc,age      ] GC(372) - age   1:   84858616 bytes,   84858616 total
[2024-02-06T11:13:02.252+0000][1536][gc,age      ] GC(372) - age   2:   72618232 bytes,  157476848 total
[2024-02-06T11:13:02.252+0000][1536][gc,age      ] GC(372) - age   3:   49453376 bytes,  206930224 total
[2024-02-06T11:13:02.252+0000][1536][gc,age      ] GC(372) - age   4:     781088 bytes,  207711312 total
[2024-02-06T11:13:02.252+0000][1536][gc,heap     ] GC(372) Eden regions: 526->0(460)
[2024-02-06T11:13:02.252+0000][1536][gc,heap     ] GC(372) Survivor regions: 37->52(71)
[2024-02-06T11:13:02.252+0000][1536][gc,heap     ] GC(372) Old regions: 228->228
[2024-02-06T11:13:02.252+0000][1536][gc,heap     ] GC(372) Archive regions: 0->0
[2024-02-06T11:13:02.252+0000][1536][gc,heap     ] GC(372) Humongous regions: 2->2
[2024-02-06T11:13:02.252+0000][1536][gc,metaspace] GC(372) Metaspace: 132250K(138176K)->132250K(138176K) NonClass: 115200K(118912K)->115200K(118912K) Class: 17049K(19264K)->17049K(19264K)
[2024-02-06T11:13:02.252+0000][1536][gc          ] GC(372) Pause Young (Concurrent Start) (G1 Evacuation Pause) 3170M->1128M(4040M) 181.526ms
[2024-02-06T11:13:02.252+0000][1536][gc          ] GC(373) Concurrent Mark Cycle
[2024-02-06T11:13:02.252+0000][1536][gc,cpu      ] GC(372) User=0.42s Sys=0.23s Real=0.18s
[2024-02-06T11:13:02.252+0000][1536][gc,marking  ] GC(373) Concurrent Clear Claimed Marks
[2024-02-06T11:13:02.252+0000][1536][safepoint   ] Safepoint "G1CollectForAllocation", Time since last: 1759882400 ns, Reaching safepoint: 85000 ns, At safepoint: 181898700 ns, Total: 181983700 ns
[2024-02-06T11:13:02.253+0000][1536][gc,marking  ] GC(373) Concurrent Clear Claimed Marks 0.237ms
[2024-02-06T11:13:02.253+0000][1536][gc,marking  ] GC(373) Concurrent Scan Root Regions
[2024-02-06T11:13:02.306+0000][1536][gc,marking  ] GC(373) Concurrent Scan Root Regions 52.947ms
[2024-02-06T11:13:02.306+0000][1536][gc,marking  ] GC(373) Concurrent Mark
[2024-02-06T11:13:02.306+0000][1536][gc,marking  ] GC(373) Concurrent Mark From Roots
[2024-02-06T11:13:02.306+0000][1536][gc,task     ] GC(373) Using 2 workers of 2 for marking
[2024-02-06T11:13:02.644+0000][1536][gc,marking  ] GC(373) Concurrent Mark From Roots 341.974ms
[2024-02-06T11:13:02.644+0000][1536][gc,marking  ] GC(373) Concurrent Preclean
[2024-02-06T11:13:02.644+0000][1536][gc,marking  ] GC(373) Concurrent Preclean 1.028ms
[2024-02-06T11:13:02.644+0000][1536][gc,start    ] GC(373) Pause Remark
[2024-02-06T11:13:02.665+0000][1536][gc          ] GC(373) Pause Remark 1194M->1194M(4040M) 18.431ms
[2024-02-06T11:13:02.665+0000][1536][gc,cpu      ] GC(373) User=0.12s Sys=0.00s Real=0.02s
[2024-02-06T11:13:02.665+0000][1536][safepoint   ] Safepoint "G1Concurrent", Time since last: 396368800 ns, Reaching safepoint: 93300 ns, At safepoint: 18657300 ns, Total: 18750600 ns
[2024-02-06T11:13:02.665+0000][1536][gc,marking  ] GC(373) Concurrent Mark 361.988ms
[2024-02-06T11:13:02.665+0000][1536][gc,marking  ] GC(373) Concurrent Rebuild Remembered Sets
[2024-02-06T11:13:02.903+0000][1536][gc,marking  ] GC(373) Concurrent Rebuild Remembered Sets 235.607ms
[2024-02-06T11:13:02.903+0000][1536][gc,start    ] GC(373) Pause Cleanup
[2024-02-06T11:13:02.903+0000][1536][gc          ] GC(373) Pause Cleanup 1220M->1220M(4040M) 0.322ms
[2024-02-06T11:13:02.903+0000][1536][gc,cpu      ] GC(373) User=0.00s Sys=0.00s Real=0.00s
[2024-02-06T11:13:02.903+0000][1536][safepoint   ] Safepoint "G1Concurrent", Time since last: 235794500 ns, Reaching safepoint: 69500 ns, At safepoint: 408700 ns, Total: 478200 ns
[2024-02-06T11:13:02.904+0000][1536][gc,marking  ] GC(373) Concurrent Cleanup for Next Mark
[2024-02-06T11:13:02.920+0000][1536][gc,marking  ] GC(373) Concurrent Cleanup for Next Mark 15.902ms
[2024-02-06T11:13:02.920+0000][1536][gc          ] GC(373) Concurrent Mark Cycle 667.674ms
[2024-02-06T11:13:24.587+0000][1536][gc,start    ] GC(374) Pause Young (Prepare Mixed) (G1 Evacuation Pause)
[2024-02-06T11:13:24.587+0000][1536][gc,task     ] GC(374) Using 8 workers of 8 for evacuation
[2024-02-06T11:13:24.587+0000][1536][gc,age      ] GC(374) Desired survivor size 148897792 bytes, new threshold 2 (max threshold 15)
[2024-02-06T11:13:24.668+0000][1536][gc,phases   ] GC(374)   Pre Evacuate Collection Set: 0.5ms
[2024-02-06T11:13:24.668+0000][1536][gc,phases   ] GC(374)   Merge Heap Roots: 0.9ms
[2024-02-06T11:13:24.668+0000][1536][gc,phases   ] GC(374)   Evacuate Collection Set: 72.5ms
[2024-02-06T11:13:24.668+0000][1536][gc,phases   ] GC(374)   Post Evacuate Collection Set: 3.2ms
[2024-02-06T11:13:24.668+0000][1536][gc,phases   ] GC(374)   Other: 0.5ms
[2024-02-06T11:13:24.668+0000][1536][gc,age      ] GC(374) Age table with threshold 2 (max threshold 15)
[2024-02-06T11:13:24.668+0000][1536][gc,age      ] GC(374) - age   1:   70246544 bytes,   70246544 total
[2024-02-06T11:13:24.668+0000][1536][gc,age      ] GC(374) - age   2:   51989520 bytes,  122236064 total
[2024-02-06T11:13:24.668+0000][1536][gc,heap     ] GC(374) Eden regions: 512->0(19)
[2024-02-06T11:13:24.668+0000][1536][gc,heap     ] GC(374) Survivor regions: 52->31(71)
[2024-02-06T11:13:24.668+0000][1536][gc,heap     ] GC(374) Old regions: 228->243
[2024-02-06T11:13:24.668+0000][1536][gc,heap     ] GC(374) Archive regions: 0->0
[2024-02-06T11:13:24.668+0000][1536][gc,heap     ] GC(374) Humongous regions: 2->2
[2024-02-06T11:13:24.668+0000][1536][gc,metaspace] GC(374) Metaspace: 132250K(138176K)->132250K(138176K) NonClass: 115200K(118912K)->115200K(118912K) Class: 17049K(19264K)->17049K(19264K)
[2024-02-06T11:13:24.668+0000][1536][gc          ] GC(374) Pause Young (Prepare Mixed) (G1 Evacuation Pause) 3176M->1101M(4040M) 78.571ms
[2024-02-06T11:13:24.668+0000][1536][gc,cpu      ] GC(374) User=0.34s Sys=0.03s Real=0.08s
[2024-02-06T11:13:24.668+0000][1536][safepoint   ] Safepoint "G1CollectForAllocation", Time since last: 21689449100 ns, Reaching safepoint: 308300 ns, At safepoint: 79046300 ns, Total: 79354600 ns
[2024-02-06T11:13:25.154+0000][1536][gc,start    ] GC(375) Pause Young (Mixed) (G1 Evacuation Pause)
[2024-02-06T11:13:25.154+0000][1536][gc,task     ] GC(375) Using 8 workers of 8 for evacuation
[2024-02-06T11:13:25.154+0000][1536][gc,age      ] GC(375) Desired survivor size 14680064 bytes, new threshold 1 (max threshold 15)
[2024-02-06T11:13:25.249+0000][1536][gc,phases   ] GC(375)   Pre Evacuate Collection Set: 0.3ms
[2024-02-06T11:13:25.249+0000][1536][gc,phases   ] GC(375)   Merge Heap Roots: 0.6ms
[2024-02-06T11:13:25.249+0000][1536][gc,phases   ] GC(375)   Evacuate Collection Set: 102.2ms
[2024-02-06T11:13:25.249+0000][1536][gc,phases   ] GC(375)   Post Evacuate Collection Set: 1.9ms
[2024-02-06T11:13:25.249+0000][1536][gc,phases   ] GC(375)   Other: 0.9ms
[2024-02-06T11:13:25.249+0000][1536][gc,age      ] GC(375) Age table with threshold 1 (max threshold 15)
[2024-02-06T11:13:25.249+0000][1536][gc,age      ] GC(375) - age   1:    3709360 bytes,    3709360 total
[2024-02-06T11:13:25.249+0000][1536][gc,heap     ] GC(375) Eden regions: 19->0(565)
[2024-02-06T11:13:25.249+0000][1536][gc,heap     ] GC(375) Survivor regions: 31->4(7)
[2024-02-06T11:13:25.249+0000][1536][gc,heap     ] GC(375) Old regions: 243->210
[2024-02-06T11:13:25.249+0000][1536][gc,heap     ] GC(375) Archive regions: 0->0
[2024-02-06T11:13:25.249+0000][1536][gc,heap     ] GC(375) Humongous regions: 2->2
[2024-02-06T11:13:25.249+0000][1536][gc,metaspace] GC(375) Metaspace: 132250K(138176K)->132250K(138176K) NonClass: 115200K(118912K)->115200K(118912K) Class: 17049K(19264K)->17049K(19264K)
[2024-02-06T11:13:25.249+0000][1536][gc          ] GC(375) Pause Young (Mixed) (G1 Evacuation Pause) 1177M->860M(4040M) 106.496ms
[2024-02-06T11:13:25.249+0000][1536][gc,cpu      ] GC(375) User=0.48s Sys=0.19s Real=0.10s
[2024-02-06T11:13:25.265+0000][1536][safepoint   ] Safepoint "G1CollectForAllocation", Time since last: 484723800 ns, Reaching safepoint: 184900 ns, At safepoint: 107182500 ns, Total: 107367400 ns
[2024-02-06T11:13:58.530+0000][1536][gc,start    ] GC(376) Pause Young (Normal) (G1 Evacuation Pause)
[2024-02-06T11:13:58.530+0000][1536][gc,task     ] GC(376) Using 8 workers of 8 for evacuation
[2024-02-06T11:13:58.530+0000][1536][gc,age      ] GC(376) Desired survivor size 150994944 bytes, new threshold 15 (max threshold 15)
[2024-02-06T11:13:58.540+0000][1536][gc,phases   ] GC(376)   Pre Evacuate Collection Set: 0.2ms
[2024-02-06T11:13:58.540+0000][1536][gc,phases   ] GC(376)   Merge Heap Roots: 0.2ms
[2024-02-06T11:13:58.540+0000][1536][gc,phases   ] GC(376)   Evacuate Collection Set: 16.5ms
[2024-02-06T11:13:58.540+0000][1536][gc,phases   ] GC(376)   Post Evacuate Collection Set: 1.2ms
[2024-02-06T11:13:58.540+0000][1536][gc,phases   ] GC(376)   Other: 0.3ms
[2024-02-06T11:13:58.540+0000][1536][gc,age      ] GC(376) Age table with threshold 15 (max threshold 15)
[2024-02-06T11:13:58.540+0000][1536][gc,age      ] GC(376) - age   1:   58419080 bytes,   58419080 total
[2024-02-06T11:13:58.540+0000][1536][gc,age      ] GC(376) - age   2:    2845144 bytes,   61264224 total
[2024-02-06T11:13:58.540+0000][1536][gc,heap     ] GC(376) Eden regions: 565->0(561)
[2024-02-06T11:13:58.540+0000][1536][gc,heap     ] GC(376) Survivor regions: 4->16(72)
[2024-02-06T11:13:58.540+0000][1536][gc,heap     ] GC(376) Old regions: 210->210
[2024-02-06T11:13:58.540+0000][1536][gc,heap     ] GC(376) Archive regions: 0->0
[2024-02-06T11:13:58.540+0000][1536][gc,heap     ] GC(376) Humongous regions: 2->2
[2024-02-06T11:13:58.540+0000][1536][gc,metaspace] GC(376) Metaspace: 132250K(138176K)->132250K(138176K) NonClass: 115200K(118912K)->115200K(118912K) Class: 17049K(19264K)->17049K(19264K)
[2024-02-06T11:13:58.540+0000][1536][gc          ] GC(376) Pause Young (Normal) (G1 Evacuation Pause) 3120M->908M(4040M) 18.952ms
[2024-02-06T11:13:58.540+0000][1536][gc,cpu      ] GC(376) User=0.08s Sys=0.03s Real=0.01s
[2024-02-06T11:13:58.540+0000][1536][safepoint   ] Safepoint "G1CollectForAllocation", Time since last: 33271371400 ns, Reaching safepoint: 188500 ns, At safepoint: 19184300 ns, Total: 19372800 ns
[2024-02-06T11:14:43.753+0000][1536][gc,start    ] GC(377) Pause Young (Normal) (G1 Evacuation Pause)
[2024-02-06T11:14:43.753+0000][1536][gc,task     ] GC(377) Using 8 workers of 8 for evacuation
[2024-02-06T11:14:43.753+0000][1536][gc,age      ] GC(377) Desired survivor size 153092096 bytes, new threshold 15 (max threshold 15)
[2024-02-06T11:14:43.781+0000][1536][gc,phases   ] GC(377)   Pre Evacuate Collection Set: 0.2ms
[2024-02-06T11:14:43.781+0000][1536][gc,phases   ] GC(377)   Merge Heap Roots: 0.3ms
[2024-02-06T11:14:43.781+0000][1536][gc,phases   ] GC(377)   Evacuate Collection Set: 34.7ms
[2024-02-06T11:14:43.781+0000][1536][gc,phases   ] GC(377)   Post Evacuate Collection Set: 1.3ms
[2024-02-06T11:14:43.781+0000][1536][gc,phases   ] GC(377)   Other: 0.2ms
[2024-02-06T11:14:43.781+0000][1536][gc,age      ] GC(377) Age table with threshold 15 (max threshold 15)
[2024-02-06T11:14:43.781+0000][1536][gc,age      ] GC(377) - age   1:   77817856 bytes,   77817856 total
[2024-02-06T11:14:43.781+0000][1536][gc,age      ] GC(377) - age   2:   46084560 bytes,  123902416 total
[2024-02-06T11:14:43.781+0000][1536][gc,age      ] GC(377) - age   3:    1382832 bytes,  125285248 total
[2024-02-06T11:14:43.781+0000][1536][gc,heap     ] GC(377) Eden regions: 561->0(549)
[2024-02-06T11:14:43.781+0000][1536][gc,heap     ] GC(377) Survivor regions: 16->32(73)
[2024-02-06T11:14:43.781+0000][1536][gc,heap     ] GC(377) Old regions: 210->210
[2024-02-06T11:14:43.781+0000][1536][gc,heap     ] GC(377) Archive regions: 0->0
[2024-02-06T11:14:43.781+0000][1536][gc,heap     ] GC(377) Humongous regions: 2->2
[2024-02-06T11:14:43.781+0000][1536][gc,metaspace] GC(377) Metaspace: 132252K(138176K)->132252K(138176K) NonClass: 115203K(118912K)->115203K(118912K) Class: 17049K(19264K)->17049K(19264K)
[2024-02-06T11:14:43.781+0000][1536][gc          ] GC(377) Pause Young (Normal) (G1 Evacuation Pause) 3152M->970M(4040M) 37.287ms
[2024-02-06T11:14:43.781+0000][1536][gc,cpu      ] GC(377) User=0.22s Sys=0.02s Real=0.03s
[2024-02-06T11:14:43.781+0000][1536][safepoint   ] Safepoint "G1CollectForAllocation", Time since last: 45198437700 ns, Reaching safepoint: 103300 ns, At safepoint: 37626400 ns, Total: 37729700 ns
[2024-02-06T11:15:17.536+0000][1536][gc,start    ] GC(378) Pause Young (Concurrent Start) (G1 Evacuation Pause)
[2024-02-06T11:15:17.536+0000][1536][gc,task     ] GC(378) Using 8 workers of 8 for evacuation
[2024-02-06T11:15:17.536+0000][1536][gc,age      ] GC(378) Desired survivor size 153092096 bytes, new threshold 15 (max threshold 15)
[2024-02-06T11:15:17.652+0000][1536][gc,phases   ] GC(378)   Pre Evacuate Collection Set: 0.4ms
[2024-02-06T11:15:17.652+0000][1536][gc,phases   ] GC(378)   Merge Heap Roots: 0.2ms
[2024-02-06T11:15:17.652+0000][1536][gc,phases   ] GC(378)   Evacuate Collection Set: 120.0ms
[2024-02-06T11:15:17.652+0000][1536][gc,phases   ] GC(378)   Post Evacuate Collection Set: 1.2ms
[2024-02-06T11:15:17.652+0000][1536][gc,phases   ] GC(378)   Other: 0.2ms
[2024-02-06T11:15:17.652+0000][1536][gc,age      ] GC(378) Age table with threshold 15 (max threshold 15)
[2024-02-06T11:15:17.652+0000][1536][gc,age      ] GC(378) - age   1:   80025280 bytes,   80025280 total
[2024-02-06T11:15:17.652+0000][1536][gc,age      ] GC(378) - age   2:   58965376 bytes,  138990656 total
[2024-02-06T11:15:17.652+0000][1536][gc,age      ] GC(378) - age   3:   33568496 bytes,  172559152 total
[2024-02-06T11:15:17.652+0000][1536][gc,age      ] GC(378) - age   4:    1032112 bytes,  173591264 total
[2024-02-06T11:15:17.652+0000][1536][gc,heap     ] GC(378) Eden regions: 549->0(538)
[2024-02-06T11:15:17.652+0000][1536][gc,heap     ] GC(378) Survivor regions: 32->44(73)
[2024-02-06T11:15:17.652+0000][1536][gc,heap     ] GC(378) Old regions: 210->210
[2024-02-06T11:15:17.652+0000][1536][gc,heap     ] GC(378) Archive regions: 0->0
[2024-02-06T11:15:17.652+0000][1536][gc,heap     ] GC(378) Humongous regions: 2->2
[2024-02-06T11:15:17.652+0000][1536][gc,metaspace] GC(378) Metaspace: 132252K(138176K)->132252K(138176K) NonClass: 115203K(118912K)->115203K(118912K) Class: 17049K(19264K)->17049K(19264K)
[2024-02-06T11:15:17.652+0000][1536][gc          ] GC(378) Pause Young (Concurrent Start) (G1 Evacuation Pause) 3166M->1017M(4040M) 122.613ms
[2024-02-06T11:15:17.652+0000][1536][gc          ] GC(379) Concurrent Mark Cycle
[2024-02-06T11:15:17.652+0000][1536][gc,cpu      ] GC(378) User=0.19s Sys=0.25s Real=0.12s
[2024-02-06T11:15:17.652+0000][1536][gc,marking  ] GC(379) Concurrent Clear Claimed Marks
[2024-02-06T11:15:17.652+0000][1536][safepoint   ] Safepoint "G1CollectForAllocation", Time since last: 33745428600 ns, Reaching safepoint: 125900 ns, At safepoint: 122879700 ns, Total: 123005600 ns
[2024-02-06T11:15:17.652+0000][1536][gc,marking  ] GC(379) Concurrent Clear Claimed Marks 0.269ms
[2024-02-06T11:15:17.652+0000][1536][gc,marking  ] GC(379) Concurrent Scan Root Regions
[2024-02-06T11:15:17.683+0000][1536][gc,marking  ] GC(379) Concurrent Scan Root Regions 23.340ms
[2024-02-06T11:15:17.683+0000][1536][gc,marking  ] GC(379) Concurrent Mark
[2024-02-06T11:15:17.683+0000][1536][gc,marking  ] GC(379) Concurrent Mark From Roots
[2024-02-06T11:15:17.683+0000][1536][gc,task     ] GC(379) Using 2 workers of 2 for marking
[2024-02-06T11:15:18.017+0000][1536][gc,marking  ] GC(379) Concurrent Mark From Roots 333.145ms
[2024-02-06T11:15:18.017+0000][1536][gc,marking  ] GC(379) Concurrent Preclean
[2024-02-06T11:15:18.018+0000][1536][gc,marking  ] GC(379) Concurrent Preclean 0.979ms
[2024-02-06T11:15:18.018+0000][1536][gc,start    ] GC(379) Pause Remark
[2024-02-06T11:15:18.037+0000][1536][gc          ] GC(379) Pause Remark 1025M->1025M(4040M) 19.695ms
[2024-02-06T11:15:18.037+0000][1536][gc,cpu      ] GC(379) User=0.11s Sys=0.00s Real=0.02s
[2024-02-06T11:15:18.037+0000][1536][safepoint   ] Safepoint "G1Concurrent", Time since last: 357913000 ns, Reaching safepoint: 111800 ns, At safepoint: 19874800 ns, Total: 19986600 ns
[2024-02-06T11:15:18.037+0000][1536][gc,marking  ] GC(379) Concurrent Mark 354.355ms
[2024-02-06T11:15:18.037+0000][1536][gc,marking  ] GC(379) Concurrent Rebuild Remembered Sets
[2024-02-06T11:15:18.255+0000][1536][gc,marking  ] GC(379) Concurrent Rebuild Remembered Sets 216.711ms
[2024-02-06T11:15:18.255+0000][1536][gc,start    ] GC(379) Pause Cleanup
[2024-02-06T11:15:18.256+0000][1536][gc          ] GC(379) Pause Cleanup 1025M->1025M(4040M) 1.065ms
[2024-02-06T11:15:18.256+0000][1536][gc,cpu      ] GC(379) User=0.00s Sys=0.00s Real=0.00s
[2024-02-06T11:15:18.256+0000][1536][safepoint   ] Safepoint "G1Concurrent", Time since last: 216946700 ns, Reaching safepoint: 101700 ns, At safepoint: 1201100 ns, Total: 1302800 ns
[2024-02-06T11:15:18.256+0000][1536][gc,marking  ] GC(379) Concurrent Cleanup for Next Mark
[2024-02-06T11:15:18.284+0000][1536][gc,marking  ] GC(379) Concurrent Cleanup for Next Mark 28.174ms
[2024-02-06T11:15:18.284+0000][1536][gc          ] GC(379) Concurrent Mark Cycle 624.641ms
[2024-02-06T11:15:40.959+0000][1536][gc,start    ] GC(380) Pause Young (Prepare Mixed) (G1 Evacuation Pause)
[2024-02-06T11:15:40.959+0000][1536][gc,task     ] GC(380) Using 8 workers of 8 for evacuation
[2024-02-06T11:15:40.959+0000][1536][gc,age      ] GC(380) Desired survivor size 153092096 bytes, new threshold 3 (max threshold 15)
[2024-02-06T11:15:41.007+0000][1536][gc,phases   ] GC(380)   Pre Evacuate Collection Set: 0.2ms
[2024-02-06T11:15:41.007+0000][1536][gc,phases   ] GC(380)   Merge Heap Roots: 0.3ms
[2024-02-06T11:15:41.007+0000][1536][gc,phases   ] GC(380)   Evacuate Collection Set: 47.3ms
[2024-02-06T11:15:41.007+0000][1536][gc,phases   ] GC(380)   Post Evacuate Collection Set: 2.1ms
[2024-02-06T11:15:41.007+0000][1536][gc,phases   ] GC(380)   Other: 0.2ms
[2024-02-06T11:15:41.007+0000][1536][gc,age      ] GC(380) Age table with threshold 3 (max threshold 15)
[2024-02-06T11:15:41.007+0000][1536][gc,age      ] GC(380) - age   1:   71894944 bytes,   71894944 total
[2024-02-06T11:15:41.007+0000][1536][gc,age      ] GC(380) - age   2:   59286824 bytes,  131181768 total
[2024-02-06T11:15:41.007+0000][1536][gc,age      ] GC(380) - age   3:   39792704 bytes,  170974472 total
[2024-02-06T11:15:41.007+0000][1536][gc,heap     ] GC(380) Eden regions: 538->0(7)
[2024-02-06T11:15:41.007+0000][1536][gc,heap     ] GC(380) Survivor regions: 44->43(73)
[2024-02-06T11:15:41.007+0000][1536][gc,heap     ] GC(380) Old regions: 210->215
[2024-02-06T11:15:41.007+0000][1536][gc,heap     ] GC(380) Archive regions: 0->0
[2024-02-06T11:15:41.007+0000][1536][gc,heap     ] GC(380) Humongous regions: 2->2
[2024-02-06T11:15:41.007+0000][1536][gc,metaspace] GC(380) Metaspace: 132252K(138176K)->132252K(138176K) NonClass: 115203K(118912K)->115203K(118912K) Class: 17049K(19264K)->17049K(19264K)
[2024-02-06T11:15:41.007+0000][1536][gc          ] GC(380) Pause Young (Prepare Mixed) (G1 Evacuation Pause) 3169M->1036M(4040M) 51.001ms
[2024-02-06T11:15:41.007+0000][1536][gc,cpu      ] GC(380) User=0.27s Sys=0.05s Real=0.05s
[2024-02-06T11:15:41.007+0000][1536][safepoint   ] Safepoint "G1CollectForAllocation", Time since last: 22711390700 ns, Reaching safepoint: 99200 ns, At safepoint: 51292500 ns, Total: 51391700 ns
[2024-02-06T11:15:41.183+0000][1536][gc,start    ] GC(381) Pause Young (Mixed) (G1 Evacuation Pause)
[2024-02-06T11:15:41.183+0000][1536][gc,task     ] GC(381) Using 8 workers of 8 for evacuation
[2024-02-06T11:15:41.183+0000][1536][gc,age      ] GC(381) Desired survivor size 14680064 bytes, new threshold 1 (max threshold 15)
[2024-02-06T11:15:41.345+0000][1536][gc,phases   ] GC(381)   Pre Evacuate Collection Set: 0.2ms
[2024-02-06T11:15:41.345+0000][1536][gc,phases   ] GC(381)   Merge Heap Roots: 0.3ms
[2024-02-06T11:15:41.345+0000][1536][gc,phases   ] GC(381)   Evacuate Collection Set: 159.9ms
[2024-02-06T11:15:41.345+0000][1536][gc,phases   ] GC(381)   Post Evacuate Collection Set: 0.9ms
[2024-02-06T11:15:41.345+0000][1536][gc,phases   ] GC(381)   Other: 0.3ms
[2024-02-06T11:15:41.345+0000][1536][gc,age      ] GC(381) Age table with threshold 1 (max threshold 15)
[2024-02-06T11:15:41.345+0000][1536][gc,age      ] GC(381) - age   1:    1704088 bytes,    1704088 total
[2024-02-06T11:15:41.345+0000][1536][gc,heap     ] GC(381) Eden regions: 7->0(573)
[2024-02-06T11:15:41.345+0000][1536][gc,heap     ] GC(381) Survivor regions: 43->4(7)
[2024-02-06T11:15:41.345+0000][1536][gc,heap     ] GC(381) Old regions: 215->212
[2024-02-06T11:15:41.345+0000][1536][gc,heap     ] GC(381) Archive regions: 0->0
[2024-02-06T11:15:41.345+0000][1536][gc,heap     ] GC(381) Humongous regions: 2->2
[2024-02-06T11:15:41.345+0000][1536][gc,metaspace] GC(381) Metaspace: 132252K(138176K)->132252K(138176K) NonClass: 115203K(118912K)->115203K(118912K) Class: 17049K(19264K)->17049K(19264K)
[2024-02-06T11:15:41.345+0000][1536][gc          ] GC(381) Pause Young (Mixed) (G1 Evacuation Pause) 1064M->868M(4040M) 161.810ms
[2024-02-06T11:15:41.345+0000][1536][gc,cpu      ] GC(381) User=0.25s Sys=0.62s Real=0.16s
[2024-02-06T11:15:41.346+0000][1536][safepoint   ] Safepoint "G1CollectForAllocation", Time since last: 164456700 ns, Reaching safepoint: 94800 ns, At safepoint: 162515400 ns, Total: 162610200 ns
[2024-02-06T11:16:13.012+0000][1536][gc,start    ] GC(382) Pause Young (Normal) (G1 Evacuation Pause)
[2024-02-06T11:16:13.012+0000][1536][gc,task     ] GC(382) Using 8 workers of 8 for evacuation
[2024-02-06T11:16:13.012+0000][1536][gc,age      ] GC(382) Desired survivor size 153092096 bytes, new threshold 15 (max threshold 15)
[2024-02-06T11:16:13.030+0000][1536][gc,phases   ] GC(382)   Pre Evacuate Collection Set: 0.2ms
[2024-02-06T11:16:13.030+0000][1536][gc,phases   ] GC(382)   Merge Heap Roots: 0.2ms
[2024-02-06T11:16:13.030+0000][1536][gc,phases   ] GC(382)   Evacuate Collection Set: 26.7ms
[2024-02-06T11:16:13.030+0000][1536][gc,phases   ] GC(382)   Post Evacuate Collection Set: 1.1ms
[2024-02-06T11:16:13.030+0000][1536][gc,phases   ] GC(382)   Other: 0.2ms
[2024-02-06T11:16:13.030+0000][1536][gc,age      ] GC(382) Age table with threshold 15 (max threshold 15)
[2024-02-06T11:16:13.030+0000][1536][gc,age      ] GC(382) - age   1:   75933904 bytes,   75933904 total
[2024-02-06T11:16:13.030+0000][1536][gc,age      ] GC(382) - age   2:     537936 bytes,   76471840 total
[2024-02-06T11:16:13.030+0000][1536][gc,heap     ] GC(382) Eden regions: 573->0(560)
[2024-02-06T11:16:13.030+0000][1536][gc,heap     ] GC(382) Survivor regions: 4->20(73)
[2024-02-06T11:16:13.030+0000][1536][gc,heap     ] GC(382) Old regions: 212->212
[2024-02-06T11:16:13.030+0000][1536][gc,heap     ] GC(382) Archive regions: 0->0
[2024-02-06T11:16:13.030+0000][1536][gc,heap     ] GC(382) Humongous regions: 2->2
[2024-02-06T11:16:13.030+0000][1536][gc,metaspace] GC(382) Metaspace: 132252K(138176K)->132252K(138176K) NonClass: 115203K(118912K)->115203K(118912K) Class: 17049K(19264K)->17049K(19264K)
[2024-02-06T11:16:13.030+0000][1536][gc          ] GC(382) Pause Young (Normal) (G1 Evacuation Pause) 3160M->930M(4040M) 28.839ms
[2024-02-06T11:16:13.030+0000][1536][gc,cpu      ] GC(382) User=0.11s Sys=0.00s Real=0.02s
[2024-02-06T11:16:13.030+0000][1536][safepoint   ] Safepoint "G1CollectForAllocation", Time since last: 31665397000 ns, Reaching safepoint: 122900 ns, At safepoint: 29013800 ns, Total: 29136700 ns
[2024-02-06T11:16:52.735+0000][1536][gc,start    ] GC(383) Pause Young (Normal) (G1 Evacuation Pause)
[2024-02-06T11:16:52.735+0000][1536][gc,task     ] GC(383) Using 8 workers of 8 for evacuation
[2024-02-06T11:16:52.735+0000][1536][gc,age      ] GC(383) Desired survivor size 153092096 bytes, new threshold 15 (max threshold 15)
[2024-02-06T11:16:52.796+0000][1536][gc,phases   ] GC(383)   Pre Evacuate Collection Set: 0.3ms
[2024-02-06T11:16:52.796+0000][1536][gc,phases   ] GC(383)   Merge Heap Roots: 0.3ms
[2024-02-06T11:16:52.796+0000][1536][gc,phases   ] GC(383)   Evacuate Collection Set: 50.0ms
[2024-02-06T11:16:52.796+0000][1536][gc,phases   ] GC(383)   Post Evacuate Collection Set: 1.5ms
[2024-02-06T11:16:52.796+0000][1536][gc,phases   ] GC(383)   Other: 0.3ms
[2024-02-06T11:16:52.796+0000][1536][gc,age      ] GC(383) Age table with threshold 15 (max threshold 15)
[2024-02-06T11:16:52.796+0000][1536][gc,age      ] GC(383) - age   1:   86706992 bytes,   86706992 total
[2024-02-06T11:16:52.796+0000][1536][gc,age      ] GC(383) - age   2:   63220968 bytes,  149927960 total
[2024-02-06T11:16:52.796+0000][1536][gc,age      ] GC(383) - age   3:     529408 bytes,  150457368 total
[2024-02-06T11:16:52.796+0000][1536][gc,heap     ] GC(383) Eden regions: 560->0(542)
[2024-02-06T11:16:52.796+0000][1536][gc,heap     ] GC(383) Survivor regions: 20->39(73)
[2024-02-06T11:16:52.796+0000][1536][gc,heap     ] GC(383) Old regions: 212->212
[2024-02-06T11:16:52.796+0000][1536][gc,heap     ] GC(383) Archive regions: 0->0
[2024-02-06T11:16:52.796+0000][1536][gc,heap     ] GC(383) Humongous regions: 2->2
[2024-02-06T11:16:52.796+0000][1536][gc,metaspace] GC(383) Metaspace: 132252K(138176K)->132252K(138176K) NonClass: 115203K(118912K)->115203K(118912K) Class: 17049K(19264K)->17049K(19264K)
[2024-02-06T11:16:52.797+0000][1536][gc          ] GC(383) Pause Young (Normal) (G1 Evacuation Pause) 3170M->1006M(4040M) 53.051ms
[2024-02-06T11:16:52.797+0000][1536][gc,cpu      ] GC(383) User=0.36s Sys=0.00s Real=0.06s
[2024-02-06T11:16:52.797+0000][1536][safepoint   ] Safepoint "G1CollectForAllocation", Time since last: 39702521200 ns, Reaching safepoint: 176300 ns, At safepoint: 53258700 ns, Total: 53435000 ns
[2024-02-06T11:17:12.959+0000][1536][safepoint   ] Safepoint "Cleanup", Time since last: 20162307400 ns, Reaching safepoint: 216700 ns, At safepoint: 35200 ns, Total: 251900 ns
[2024-02-06T11:17:24.029+0000][1536][gc,start    ] GC(384) Pause Young (Concurrent Start) (G1 Evacuation Pause)
[2024-02-06T11:17:24.029+0000][1536][gc,task     ] GC(384) Using 8 workers of 8 for evacuation
[2024-02-06T11:17:24.029+0000][1536][gc,age      ] GC(384) Desired survivor size 153092096 bytes, new threshold 15 (max threshold 15)
[2024-02-06T11:17:24.236+0000][1536][gc,mmu      ] GC(384) MMU target violated: 201.0ms (200.0ms/201.0ms)
[2024-02-06T11:17:24.236+0000][1536][gc,phases   ] GC(384)   Pre Evacuate Collection Set: 0.6ms
[2024-02-06T11:17:24.236+0000][1536][gc,phases   ] GC(384)   Merge Heap Roots: 0.5ms
[2024-02-06T11:17:24.236+0000][1536][gc,phases   ] GC(384)   Evacuate Collection Set: 205.3ms
[2024-02-06T11:17:24.236+0000][1536][gc,phases   ] GC(384)   Post Evacuate Collection Set: 1.9ms
[2024-02-06T11:17:24.236+0000][1536][gc,phases   ] GC(384)   Other: 0.4ms
[2024-02-06T11:17:24.236+0000][1536][gc,age      ] GC(384) Age table with threshold 15 (max threshold 15)
[2024-02-06T11:17:24.236+0000][1536][gc,age      ] GC(384) - age   1:   92965760 bytes,   92965760 total
[2024-02-06T11:17:24.236+0000][1536][gc,age      ] GC(384) - age   2:   69049744 bytes,  162015504 total
[2024-02-06T11:17:24.236+0000][1536][gc,age      ] GC(384) - age   3:   50194848 bytes,  212210352 total
[2024-02-06T11:17:24.236+0000][1536][gc,age      ] GC(384) - age   4:     410664 bytes,  212621016 total
[2024-02-06T11:17:24.236+0000][1536][gc,heap     ] GC(384) Eden regions: 542->0(411)
[2024-02-06T11:17:24.236+0000][1536][gc,heap     ] GC(384) Survivor regions: 39->53(73)
[2024-02-06T11:17:24.236+0000][1536][gc,heap     ] GC(384) Old regions: 212->212
[2024-02-06T11:17:24.236+0000][1536][gc,heap     ] GC(384) Archive regions: 0->0
[2024-02-06T11:17:24.236+0000][1536][gc,heap     ] GC(384) Humongous regions: 2->2
[2024-02-06T11:17:24.236+0000][1536][gc,metaspace] GC(384) Metaspace: 132253K(138176K)->132253K(138176K) NonClass: 115203K(118912K)->115203K(118912K) Class: 17049K(19264K)->17049K(19264K)
[2024-02-06T11:17:24.236+0000][1536][gc          ] GC(384) Pause Young (Concurrent Start) (G1 Evacuation Pause) 3174M->1064M(4040M) 209.240ms
[2024-02-06T11:17:24.236+0000][1536][gc,cpu      ] GC(384) User=0.81s Sys=0.20s Real=0.21s
[2024-02-06T11:17:24.236+0000][1536][gc          ] GC(385) Concurrent Mark Cycle
[2024-02-06T11:17:24.236+0000][1536][gc,marking  ] GC(385) Concurrent Clear Claimed Marks
[2024-02-06T11:17:24.236+0000][1536][safepoint   ] Safepoint "G1CollectForAllocation", Time since last: 11081515700 ns, Reaching safepoint: 219800 ns, At safepoint: 209601600 ns, Total: 209821400 ns
[2024-02-06T11:17:24.236+0000][1536][gc,marking  ] GC(385) Concurrent Clear Claimed Marks 0.219ms
[2024-02-06T11:17:24.236+0000][1536][gc,marking  ] GC(385) Concurrent Scan Root Regions
[2024-02-06T11:17:24.310+0000][1536][gc,marking  ] GC(385) Concurrent Scan Root Regions 61.984ms
[2024-02-06T11:17:24.310+0000][1536][gc,marking  ] GC(385) Concurrent Mark
[2024-02-06T11:17:24.310+0000][1536][gc,marking  ] GC(385) Concurrent Mark From Roots
[2024-02-06T11:17:24.310+0000][1536][gc,task     ] GC(385) Using 2 workers of 2 for marking
[2024-02-06T11:17:24.662+0000][1536][gc,marking  ] GC(385) Concurrent Mark From Roots 343.039ms
[2024-02-06T11:17:24.662+0000][1536][gc,marking  ] GC(385) Concurrent Preclean
[2024-02-06T11:17:24.664+0000][1536][gc,marking  ] GC(385) Concurrent Preclean 1.544ms
[2024-02-06T11:17:24.665+0000][1536][gc,start    ] GC(385) Pause Remark
[2024-02-06T11:17:24.681+0000][1536][gc          ] GC(385) Pause Remark 1136M->1136M(4040M) 16.459ms
[2024-02-06T11:17:24.681+0000][1536][gc,cpu      ] GC(385) User=0.11s Sys=0.02s Real=0.02s
[2024-02-06T11:17:24.682+0000][1536][safepoint   ] Safepoint "G1Concurrent", Time since last: 413996300 ns, Reaching safepoint: 119900 ns, At safepoint: 16943400 ns, Total: 17063300 ns
[2024-02-06T11:17:24.682+0000][1536][gc,marking  ] GC(385) Concurrent Mark 361.950ms
[2024-02-06T11:17:24.682+0000][1536][gc,marking  ] GC(385) Concurrent Rebuild Remembered Sets
[2024-02-06T11:17:24.873+0000][1536][gc,marking  ] GC(385) Concurrent Rebuild Remembered Sets 202.820ms
[2024-02-06T11:17:24.873+0000][1536][gc,start    ] GC(385) Pause Cleanup
[2024-02-06T11:17:24.873+0000][1536][gc          ] GC(385) Pause Cleanup 1176M->1176M(4040M) 0.474ms
[2024-02-06T11:17:24.873+0000][1536][gc,cpu      ] GC(385) User=0.00s Sys=0.00s Real=0.00s
[2024-02-06T11:17:24.873+0000][1536][safepoint   ] Safepoint "G1Concurrent", Time since last: 203022900 ns, Reaching safepoint: 77800 ns, At safepoint: 610800 ns, Total: 688600 ns
[2024-02-06T11:17:24.873+0000][1536][gc,marking  ] GC(385) Concurrent Cleanup for Next Mark
[2024-02-06T11:17:24.888+0000][1536][gc,marking  ] GC(385) Concurrent Cleanup for Next Mark 10.086ms
[2024-02-06T11:17:24.888+0000][1536][gc          ] GC(385) Concurrent Mark Cycle 645.193ms
[2024-02-06T11:17:49.175+0000][1536][gc,start    ] GC(386) Pause Young (Prepare Mixed) (G1 Evacuation Pause)
[2024-02-06T11:17:49.175+0000][1536][gc,task     ] GC(386) Using 8 workers of 8 for evacuation
[2024-02-06T11:17:49.175+0000][1536][gc,age      ] GC(386) Desired survivor size 153092096 bytes, new threshold 2 (max threshold 15)
[2024-02-06T11:17:49.244+0000][1536][gc,phases   ] GC(386)   Pre Evacuate Collection Set: 0.2ms
[2024-02-06T11:17:49.244+0000][1536][gc,phases   ] GC(386)   Merge Heap Roots: 0.3ms
[2024-02-06T11:17:49.244+0000][1536][gc,phases   ] GC(386)   Evacuate Collection Set: 64.4ms
[2024-02-06T11:17:49.244+0000][1536][gc,phases   ] GC(386)   Post Evacuate Collection Set: 1.6ms
[2024-02-06T11:17:49.244+0000][1536][gc,phases   ] GC(386)   Other: 0.2ms
[2024-02-06T11:17:49.244+0000][1536][gc,age      ] GC(386) Age table with threshold 2 (max threshold 15)
[2024-02-06T11:17:49.244+0000][1536][gc,age      ] GC(386) - age   1:   67629872 bytes,   67629872 total
[2024-02-06T11:17:49.244+0000][1536][gc,age      ] GC(386) - age   2:   60753560 bytes,  128383432 total
[2024-02-06T11:17:49.244+0000][1536][gc,heap     ] GC(386) Eden regions: 527->0(17)
[2024-02-06T11:17:49.244+0000][1536][gc,heap     ] GC(386) Survivor regions: 53->33(73)
[2024-02-06T11:17:49.244+0000][1536][gc,heap     ] GC(386) Old regions: 212->227
[2024-02-06T11:17:49.244+0000][1536][gc,heap     ] GC(386) Archive regions: 0->0
[2024-02-06T11:17:49.244+0000][1536][gc,heap     ] GC(386) Humongous regions: 2->2
[2024-02-06T11:17:49.244+0000][1536][gc,metaspace] GC(386) Metaspace: 132253K(138176K)->132253K(138176K) NonClass: 115203K(118912K)->115203K(118912K) Class: 17049K(19264K)->17049K(19264K)
[2024-02-06T11:17:49.244+0000][1536][gc          ] GC(386) Pause Young (Prepare Mixed) (G1 Evacuation Pause) 3172M->1042M(4040M) 67.204ms
[2024-02-06T11:17:49.244+0000][1536][gc,cpu      ] GC(386) User=0.14s Sys=0.14s Real=0.07s
[2024-02-06T11:17:49.245+0000][1536][safepoint   ] Safepoint "G1CollectForAllocation", Time since last: 24291848400 ns, Reaching safepoint: 121900 ns, At safepoint: 67482900 ns, Total: 67604800 ns
[2024-02-06T11:17:49.924+0000][1536][gc,start    ] GC(387) Pause Young (Mixed) (G1 Evacuation Pause)
[2024-02-06T11:17:49.924+0000][1536][gc,task     ] GC(387) Using 8 workers of 8 for evacuation
[2024-02-06T11:17:49.924+0000][1536][gc,age      ] GC(387) Desired survivor size 14680064 bytes, new threshold 1 (max threshold 15)
[2024-02-06T11:17:50.171+0000][1536][gc,mmu      ] GC(387) MMU target violated: 201.0ms (200.0ms/201.0ms)
[2024-02-06T11:17:50.171+0000][1536][gc,phases   ] GC(387)   Pre Evacuate Collection Set: 0.2ms
[2024-02-06T11:17:50.171+0000][1536][gc,phases   ] GC(387)   Merge Heap Roots: 0.6ms
[2024-02-06T11:17:50.171+0000][1536][gc,phases   ] GC(387)   Evacuate Collection Set: 244.4ms
[2024-02-06T11:17:50.171+0000][1536][gc,phases   ] GC(387)   Post Evacuate Collection Set: 1.2ms
[2024-02-06T11:17:50.171+0000][1536][gc,phases   ] GC(387)   Other: 1.0ms
[2024-02-06T11:17:50.171+0000][1536][gc,age      ] GC(387) Age table with threshold 1 (max threshold 15)
[2024-02-06T11:17:50.171+0000][1536][gc,age      ] GC(387) - age   1:    2144256 bytes,    2144256 total
[2024-02-06T11:17:50.171+0000][1536][gc,heap     ] GC(387) Eden regions: 17->0(577)
[2024-02-06T11:17:50.171+0000][1536][gc,heap     ] GC(387) Survivor regions: 33->4(7)
[2024-02-06T11:17:50.171+0000][1536][gc,heap     ] GC(387) Old regions: 227->209
[2024-02-06T11:17:50.171+0000][1536][gc,heap     ] GC(387) Archive regions: 0->0
[2024-02-06T11:17:50.171+0000][1536][gc,heap     ] GC(387) Humongous regions: 2->2
[2024-02-06T11:17:50.171+0000][1536][gc,metaspace] GC(387) Metaspace: 132253K(138176K)->132253K(138176K) NonClass: 115203K(118912K)->115203K(118912K) Class: 17049K(19264K)->17049K(19264K)
[2024-02-06T11:17:50.171+0000][1536][gc          ] GC(387) Pause Young (Mixed) (G1 Evacuation Pause) 1110M->858M(4040M) 247.830ms
[2024-02-06T11:17:50.171+0000][1536][gc,cpu      ] GC(387) User=0.05s Sys=0.42s Real=0.25s
[2024-02-06T11:17:50.171+0000][1536][safepoint   ] Safepoint "G1CollectForAllocation", Time since last: 683130400 ns, Reaching safepoint: 113400 ns, At safepoint: 248696500 ns, Total: 248809900 ns
[2024-02-06T11:18:15.271+0000][1536][gc,start    ] GC(388) Pause Young (Normal) (G1 Evacuation Pause)
[2024-02-06T11:18:15.271+0000][1536][gc,task     ] GC(388) Using 8 workers of 8 for evacuation
[2024-02-06T11:18:15.271+0000][1536][gc,age      ] GC(388) Desired survivor size 153092096 bytes, new threshold 15 (max threshold 15)
[2024-02-06T11:18:15.304+0000][1536][gc,phases   ] GC(388)   Pre Evacuate Collection Set: 0.4ms
[2024-02-06T11:18:15.304+0000][1536][gc,phases   ] GC(388)   Merge Heap Roots: 0.5ms
[2024-02-06T11:18:15.304+0000][1536][gc,phases   ] GC(388)   Evacuate Collection Set: 27.7ms
[2024-02-06T11:18:15.304+0000][1536][gc,phases   ] GC(388)   Post Evacuate Collection Set: 2.5ms
[2024-02-06T11:18:15.304+0000][1536][gc,phases   ] GC(388)   Other: 0.4ms
[2024-02-06T11:18:15.304+0000][1536][gc,age      ] GC(388) Age table with threshold 15 (max threshold 15)
[2024-02-06T11:18:15.304+0000][1536][gc,age      ] GC(388) - age   1:   73340336 bytes,   73340336 total
[2024-02-06T11:18:15.304+0000][1536][gc,age      ] GC(388) - age   2:     663856 bytes,   74004192 total
[2024-02-06T11:18:15.304+0000][1536][gc,heap     ] GC(388) Eden regions: 577->0(564)
[2024-02-06T11:18:15.304+0000][1536][gc,heap     ] GC(388) Survivor regions: 4->19(73)
[2024-02-06T11:18:15.304+0000][1536][gc,heap     ] GC(388) Old regions: 209->209
[2024-02-06T11:18:15.304+0000][1536][gc,heap     ] GC(388) Archive regions: 0->0
[2024-02-06T11:18:15.304+0000][1536][gc,heap     ] GC(388) Humongous regions: 2->2
[2024-02-06T11:18:15.304+0000][1536][gc,metaspace] GC(388) Metaspace: 132253K(138176K)->132253K(138176K) NonClass: 115203K(118912K)->115203K(118912K) Class: 17049K(19264K)->17049K(19264K)
[2024-02-06T11:18:15.304+0000][1536][gc          ] GC(388) Pause Young (Normal) (G1 Evacuation Pause) 3166M->917M(4040M) 32.416ms
[2024-02-06T11:18:15.304+0000][1536][gc,cpu      ] GC(388) User=0.23s Sys=0.00s Real=0.03s
[2024-02-06T11:18:15.304+0000][1536][safepoint   ] Safepoint "G1CollectForAllocation", Time since last: 25096516500 ns, Reaching safepoint: 186300 ns, At safepoint: 32870100 ns, Total: 33056400 ns
[2024-02-06T11:18:38.990+0000][1536][gc,start    ] GC(389) Pause Young (Normal) (G1 Evacuation Pause)
[2024-02-06T11:18:38.990+0000][1536][gc,task     ] GC(389) Using 8 workers of 8 for evacuation
[2024-02-06T11:18:38.990+0000][1536][gc,age      ] GC(389) Desired survivor size 153092096 bytes, new threshold 15 (max threshold 15)
[2024-02-06T11:18:39.019+0000][1536][gc,phases   ] GC(389)   Pre Evacuate Collection Set: 0.2ms
[2024-02-06T11:18:39.019+0000][1536][gc,phases   ] GC(389)   Merge Heap Roots: 0.2ms
[2024-02-06T11:18:39.019+0000][1536][gc,phases   ] GC(389)   Evacuate Collection Set: 31.5ms
[2024-02-06T11:18:39.019+0000][1536][gc,phases   ] GC(389)   Post Evacuate Collection Set: 1.5ms
[2024-02-06T11:18:39.019+0000][1536][gc,phases   ] GC(389)   Other: 0.2ms
[2024-02-06T11:18:39.019+0000][1536][gc,age      ] GC(389) Age table with threshold 15 (max threshold 15)
[2024-02-06T11:18:39.019+0000][1536][gc,age      ] GC(389) - age   1:   82999752 bytes,   82999752 total
[2024-02-06T11:18:39.019+0000][1536][gc,age      ] GC(389) - age   2:   57501224 bytes,  140500976 total
[2024-02-06T11:18:39.019+0000][1536][gc,age      ] GC(389) - age   3:     583288 bytes,  141084264 total
[2024-02-06T11:18:39.019+0000][1536][gc,heap     ] GC(389) Eden regions: 564->0(549)
[2024-02-06T11:18:39.019+0000][1536][gc,heap     ] GC(389) Survivor regions: 19->35(73)
[2024-02-06T11:18:39.019+0000][1536][gc,heap     ] GC(389) Old regions: 209->209
[2024-02-06T11:18:39.019+0000][1536][gc,heap     ] GC(389) Archive regions: 0->0
[2024-02-06T11:18:39.019+0000][1536][gc,heap     ] GC(389) Humongous regions: 2->2
[2024-02-06T11:18:39.019+0000][1536][gc,metaspace] GC(389) Metaspace: 132253K(138176K)->132253K(138176K) NonClass: 115203K(118912K)->115203K(118912K) Class: 17049K(19264K)->17049K(19264K)
[2024-02-06T11:18:39.019+0000][1536][gc          ] GC(389) Pause Young (Normal) (G1 Evacuation Pause) 3173M->982M(4040M) 34.492ms
[2024-02-06T11:18:39.019+0000][1536][gc,cpu      ] GC(389) User=0.20s Sys=0.00s Real=0.03s
[2024-02-06T11:18:39.019+0000][1536][safepoint   ] Safepoint "G1CollectForAllocation", Time since last: 23685414500 ns, Reaching safepoint: 112200 ns, At safepoint: 34695000 ns, Total: 34807200 ns
[2024-02-06T11:19:11.749+0000][1536][gc,start    ] GC(390) Pause Young (Concurrent Start) (G1 Evacuation Pause)
[2024-02-06T11:19:11.749+0000][1536][gc,task     ] GC(390) Using 8 workers of 8 for evacuation
[2024-02-06T11:19:11.749+0000][1536][gc,age      ] GC(390) Desired survivor size 153092096 bytes, new threshold 15 (max threshold 15)
[2024-02-06T11:19:11.809+0000][1536][gc,phases   ] GC(390)   Pre Evacuate Collection Set: 0.6ms
[2024-02-06T11:19:11.809+0000][1536][gc,phases   ] GC(390)   Merge Heap Roots: 0.3ms
[2024-02-06T11:19:11.809+0000][1536][gc,phases   ] GC(390)   Evacuate Collection Set: 43.4ms
[2024-02-06T11:19:11.809+0000][1536][gc,phases   ] GC(390)   Post Evacuate Collection Set: 1.3ms
[2024-02-06T11:19:11.809+0000][1536][gc,phases   ] GC(390)   Other: 0.3ms
[2024-02-06T11:19:11.809+0000][1536][gc,age      ] GC(390) Age table with threshold 15 (max threshold 15)
[2024-02-06T11:19:11.809+0000][1536][gc,age      ] GC(390) - age   1:   80607376 bytes,   80607376 total
[2024-02-06T11:19:11.809+0000][1536][gc,age      ] GC(390) - age   2:   63808088 bytes,  144415464 total
[2024-02-06T11:19:11.809+0000][1536][gc,age      ] GC(390) - age   3:   43118232 bytes,  187533696 total
[2024-02-06T11:19:11.809+0000][1536][gc,age      ] GC(390) - age   4:     470584 bytes,  188004280 total
[2024-02-06T11:19:11.809+0000][1536][gc,heap     ] GC(390) Eden regions: 549->0(536)
[2024-02-06T11:19:11.809+0000][1536][gc,heap     ] GC(390) Survivor regions: 35->48(73)
[2024-02-06T11:19:11.809+0000][1536][gc,heap     ] GC(390) Old regions: 209->209
[2024-02-06T11:19:11.809+0000][1536][gc,heap     ] GC(390) Archive regions: 0->0
[2024-02-06T11:19:11.809+0000][1536][gc,heap     ] GC(390) Humongous regions: 2->2
[2024-02-06T11:19:11.809+0000][1536][gc,metaspace] GC(390) Metaspace: 132253K(138176K)->132253K(138176K) NonClass: 115203K(118912K)->115203K(118912K) Class: 17049K(19264K)->17049K(19264K)
[2024-02-06T11:19:11.809+0000][1536][gc          ] GC(390) Pause Young (Concurrent Start) (G1 Evacuation Pause) 3178M->1032M(4040M) 46.395ms
[2024-02-06T11:19:11.809+0000][1536][gc          ] GC(391) Concurrent Mark Cycle
[2024-02-06T11:19:11.809+0000][1536][gc,cpu      ] GC(390) User=0.33s Sys=0.03s Real=0.06s
[2024-02-06T11:19:11.809+0000][1536][gc,marking  ] GC(391) Concurrent Clear Claimed Marks
[2024-02-06T11:19:11.809+0000][1536][safepoint   ] Safepoint "G1CollectForAllocation", Time since last: 32736699200 ns, Reaching safepoint: 149500 ns, At safepoint: 46818400 ns, Total: 46967900 ns
[2024-02-06T11:19:11.809+0000][1536][gc,marking  ] GC(391) Concurrent Clear Claimed Marks 0.314ms
[2024-02-06T11:19:11.809+0000][1536][gc,marking  ] GC(391) Concurrent Scan Root Regions
[2024-02-06T11:19:11.833+0000][1536][gc,marking  ] GC(391) Concurrent Scan Root Regions 22.530ms
[2024-02-06T11:19:11.833+0000][1536][gc,marking  ] GC(391) Concurrent Mark
[2024-02-06T11:19:11.833+0000][1536][gc,marking  ] GC(391) Concurrent Mark From Roots
[2024-02-06T11:19:11.833+0000][1536][gc,task     ] GC(391) Using 2 workers of 2 for marking
[2024-02-06T11:19:12.183+0000][1536][gc,marking  ] GC(391) Concurrent Mark From Roots 353.250ms
[2024-02-06T11:19:12.183+0000][1536][gc,marking  ] GC(391) Concurrent Preclean
[2024-02-06T11:19:12.187+0000][1536][gc,marking  ] GC(391) Concurrent Preclean 0.997ms
[2024-02-06T11:19:12.187+0000][1536][gc,start    ] GC(391) Pause Remark
[2024-02-06T11:19:12.207+0000][1536][gc          ] GC(391) Pause Remark 1092M->1092M(4040M) 21.060ms
[2024-02-06T11:19:12.207+0000][1536][gc,cpu      ] GC(391) User=0.22s Sys=0.00s Real=0.02s
[2024-02-06T11:19:12.207+0000][1536][safepoint   ] Safepoint "G1Concurrent", Time since last: 377112200 ns, Reaching safepoint: 113600 ns, At safepoint: 21322400 ns, Total: 21436000 ns
[2024-02-06T11:19:12.207+0000][1536][gc,marking  ] GC(391) Concurrent Mark 375.913ms
[2024-02-06T11:19:12.207+0000][1536][gc,marking  ] GC(391) Concurrent Rebuild Remembered Sets
[2024-02-06T11:19:12.434+0000][1536][gc,marking  ] GC(391) Concurrent Rebuild Remembered Sets 225.969ms
[2024-02-06T11:19:12.434+0000][1536][gc,start    ] GC(391) Pause Cleanup
[2024-02-06T11:19:12.434+0000][1536][gc          ] GC(391) Pause Cleanup 1124M->1124M(4040M) 1.348ms
[2024-02-06T11:19:12.434+0000][1536][gc,cpu      ] GC(391) User=0.00s Sys=0.00s Real=0.00s
[2024-02-06T11:19:12.434+0000][1536][safepoint   ] Safepoint "G1Concurrent", Time since last: 226258900 ns, Reaching safepoint: 103200 ns, At safepoint: 1482100 ns, Total: 1585300 ns
[2024-02-06T11:19:12.434+0000][1536][gc,marking  ] GC(391) Concurrent Cleanup for Next Mark
[2024-02-06T11:19:12.443+0000][1536][gc,marking  ] GC(391) Concurrent Cleanup for Next Mark 10.875ms
[2024-02-06T11:19:12.443+0000][1536][gc          ] GC(391) Concurrent Mark Cycle 637.799ms
[2024-02-06T11:19:42.067+0000][1536][gc,start    ] GC(392) Pause Young (Prepare Mixed) (G1 Evacuation Pause)
[2024-02-06T11:19:42.067+0000][1536][gc,task     ] GC(392) Using 8 workers of 8 for evacuation
[2024-02-06T11:19:42.067+0000][1536][gc,age      ] GC(392) Desired survivor size 153092096 bytes, new threshold 3 (max threshold 15)
[2024-02-06T11:19:42.121+0000][1536][gc,phases   ] GC(392)   Pre Evacuate Collection Set: 0.2ms
[2024-02-06T11:19:42.121+0000][1536][gc,phases   ] GC(392)   Merge Heap Roots: 0.3ms
[2024-02-06T11:19:42.121+0000][1536][gc,phases   ] GC(392)   Evacuate Collection Set: 48.1ms
[2024-02-06T11:19:42.121+0000][1536][gc,phases   ] GC(392)   Post Evacuate Collection Set: 1.3ms
[2024-02-06T11:19:42.121+0000][1536][gc,phases   ] GC(392)   Other: 0.3ms
[2024-02-06T11:19:42.121+0000][1536][gc,age      ] GC(392) Age table with threshold 3 (max threshold 15)
[2024-02-06T11:19:42.121+0000][1536][gc,age      ] GC(392) - age   1:   70423224 bytes,   70423224 total
[2024-02-06T11:19:42.121+0000][1536][gc,age      ] GC(392) - age   2:   59709560 bytes,  130132784 total
[2024-02-06T11:19:42.121+0000][1536][gc,age      ] GC(392) - age   3:   44138120 bytes,  174270904 total
[2024-02-06T11:19:42.121+0000][1536][gc,heap     ] GC(392) Eden regions: 536->0(6)
[2024-02-06T11:19:42.121+0000][1536][gc,heap     ] GC(392) Survivor regions: 48->44(73)
[2024-02-06T11:19:42.121+0000][1536][gc,heap     ] GC(392) Old regions: 209->216
[2024-02-06T11:19:42.121+0000][1536][gc,heap     ] GC(392) Archive regions: 0->0
[2024-02-06T11:19:42.121+0000][1536][gc,heap     ] GC(392) Humongous regions: 2->2
[2024-02-06T11:19:42.121+0000][1536][gc,metaspace] GC(392) Metaspace: 132253K(138176K)->132253K(138176K) NonClass: 115203K(118912K)->115203K(118912K) Class: 17049K(19264K)->17049K(19264K)
[2024-02-06T11:19:42.121+0000][1536][gc          ] GC(392) Pause Young (Prepare Mixed) (G1 Evacuation Pause) 3176M->1044M(4040M) 51.034ms
[2024-02-06T11:19:42.121+0000][1536][gc,cpu      ] GC(392) User=0.12s Sys=0.09s Real=0.05s
[2024-02-06T11:19:42.121+0000][1536][safepoint   ] Safepoint "G1CollectForAllocation", Time since last: 29634844600 ns, Reaching safepoint: 97800 ns, At safepoint: 51288900 ns, Total: 51386700 ns
[2024-02-06T11:19:42.143+0000][1536][gc,start    ] GC(393) Pause Young (Mixed) (G1 Evacuation Pause)
[2024-02-06T11:19:42.143+0000][1536][gc,task     ] GC(393) Using 8 workers of 8 for evacuation
[2024-02-06T11:19:42.143+0000][1536][gc,age      ] GC(393) Desired survivor size 14680064 bytes, new threshold 1 (max threshold 15)
[2024-02-06T11:19:42.590+0000][1536][gc,mmu      ] GC(393) MMU target violated: 201.0ms (200.0ms/201.0ms)
[2024-02-06T11:19:42.590+0000][1536][gc,phases   ] GC(393)   Pre Evacuate Collection Set: 0.2ms
[2024-02-06T11:19:42.590+0000][1536][gc,phases   ] GC(393)   Merge Heap Roots: 0.2ms
[2024-02-06T11:19:42.590+0000][1536][gc,phases   ] GC(393)   Evacuate Collection Set: 437.8ms
[2024-02-06T11:19:42.590+0000][1536][gc,phases   ] GC(393)   Post Evacuate Collection Set: 1.0ms
[2024-02-06T11:19:42.590+0000][1536][gc,phases   ] GC(393)   Other: 0.3ms
[2024-02-06T11:19:42.590+0000][1536][gc,age      ] GC(393) Age table with threshold 1 (max threshold 15)
[2024-02-06T11:19:42.590+0000][1536][gc,age      ] GC(393) - age   1:     742568 bytes,     742568 total
[2024-02-06T11:19:42.590+0000][1536][gc,heap     ] GC(393) Eden regions: 6->0(573)
[2024-02-06T11:19:42.590+0000][1536][gc,heap     ] GC(393) Survivor regions: 44->4(7)
[2024-02-06T11:19:42.590+0000][1536][gc,heap     ] GC(393) Old regions: 216->211
[2024-02-06T11:19:42.590+0000][1536][gc,heap     ] GC(393) Archive regions: 0->0
[2024-02-06T11:19:42.590+0000][1536][gc,heap     ] GC(393) Humongous regions: 2->2
[2024-02-06T11:19:42.590+0000][1536][gc,metaspace] GC(393) Metaspace: 132253K(138176K)->132253K(138176K) NonClass: 115203K(118912K)->115203K(118912K) Class: 17049K(19264K)->17049K(19264K)
[2024-02-06T11:19:42.590+0000][1536][gc          ] GC(393) Pause Young (Mixed) (G1 Evacuation Pause) 1068M->866M(4040M) 439.867ms
[2024-02-06T11:19:42.590+0000][1536][gc,cpu      ] GC(393) User=0.14s Sys=2.56s Real=0.45s
[2024-02-06T11:19:42.590+0000][1536][safepoint   ] Safepoint "G1CollectForAllocation", Time since last: 29806200 ns, Reaching safepoint: 94300 ns, At safepoint: 440540000 ns, Total: 440634300 ns
[2024-02-06T11:20:15.038+0000][1536][gc,start    ] GC(394) Pause Young (Normal) (G1 Evacuation Pause)
[2024-02-06T11:20:15.038+0000][1536][gc,task     ] GC(394) Using 8 workers of 8 for evacuation
[2024-02-06T11:20:15.038+0000][1536][gc,age      ] GC(394) Desired survivor size 153092096 bytes, new threshold 15 (max threshold 15)
[2024-02-06T11:20:15.095+0000][1536][gc,phases   ] GC(394)   Pre Evacuate Collection Set: 0.3ms
[2024-02-06T11:20:15.095+0000][1536][gc,phases   ] GC(394)   Merge Heap Roots: 0.4ms
[2024-02-06T11:20:15.095+0000][1536][gc,phases   ] GC(394)   Evacuate Collection Set: 46.7ms
[2024-02-06T11:20:15.095+0000][1536][gc,phases   ] GC(394)   Post Evacuate Collection Set: 1.9ms
[2024-02-06T11:20:15.095+0000][1536][gc,phases   ] GC(394)   Other: 0.4ms
[2024-02-06T11:20:15.095+0000][1536][gc,age      ] GC(394) Age table with threshold 15 (max threshold 15)
[2024-02-06T11:20:15.095+0000][1536][gc,age      ] GC(394) - age   1:   96536168 bytes,   96536168 total
[2024-02-06T11:20:15.095+0000][1536][gc,age      ] GC(394) - age   2:     328736 bytes,   96864904 total
[2024-02-06T11:20:15.095+0000][1536][gc,heap     ] GC(394) Eden regions: 573->0(554)
[2024-02-06T11:20:15.095+0000][1536][gc,heap     ] GC(394) Survivor regions: 4->25(73)
[2024-02-06T11:20:15.095+0000][1536][gc,heap     ] GC(394) Old regions: 211->211
[2024-02-06T11:20:15.095+0000][1536][gc,heap     ] GC(394) Archive regions: 0->0
[2024-02-06T11:20:15.095+0000][1536][gc,heap     ] GC(394) Humongous regions: 2->2
[2024-02-06T11:20:15.095+0000][1536][gc,metaspace] GC(394) Metaspace: 132253K(138176K)->132253K(138176K) NonClass: 115203K(118912K)->115203K(118912K) Class: 17049K(19264K)->17049K(19264K)
[2024-02-06T11:20:15.095+0000][1536][gc          ] GC(394) Pause Young (Normal) (G1 Evacuation Pause) 3158M->947M(4040M) 50.486ms
[2024-02-06T11:20:15.095+0000][1536][gc,cpu      ] GC(394) User=0.45s Sys=0.00s Real=0.06s
[2024-02-06T11:20:15.095+0000][1536][safepoint   ] Safepoint "G1CollectForAllocation", Time since last: 32452176100 ns, Reaching safepoint: 227500 ns, At safepoint: 50855700 ns, Total: 51083200 ns
[2024-02-06T11:20:54.878+0000][1536][gc,start    ] GC(395) Pause Young (Normal) (G1 Evacuation Pause)
[2024-02-06T11:20:54.878+0000][1536][gc,task     ] GC(395) Using 8 workers of 8 for evacuation
[2024-02-06T11:20:54.878+0000][1536][gc,age      ] GC(395) Desired survivor size 153092096 bytes, new threshold 15 (max threshold 15)
[2024-02-06T11:20:54.946+0000][1536][gc,phases   ] GC(395)   Pre Evacuate Collection Set: 0.3ms
[2024-02-06T11:20:54.946+0000][1536][gc,phases   ] GC(395)   Merge Heap Roots: 0.3ms
[2024-02-06T11:20:54.946+0000][1536][gc,phases   ] GC(395)   Evacuate Collection Set: 59.7ms
[2024-02-06T11:20:54.946+0000][1536][gc,phases   ] GC(395)   Post Evacuate Collection Set: 1.6ms
[2024-02-06T11:20:54.946+0000][1536][gc,phases   ] GC(395)   Other: 0.3ms
[2024-02-06T11:20:54.946+0000][1536][gc,age      ] GC(395) Age table with threshold 15 (max threshold 15)
[2024-02-06T11:20:54.946+0000][1536][gc,age      ] GC(395) - age   1:   87156024 bytes,   87156024 total
[2024-02-06T11:20:54.946+0000][1536][gc,age      ] GC(395) - age   2:   83629592 bytes,  170785616 total
[2024-02-06T11:20:54.946+0000][1536][gc,age      ] GC(395) - age   3:     328736 bytes,  171114352 total
[2024-02-06T11:20:54.946+0000][1536][gc,heap     ] GC(395) Eden regions: 554->0(538)
[2024-02-06T11:20:54.946+0000][1536][gc,heap     ] GC(395) Survivor regions: 25->42(73)
[2024-02-06T11:20:54.946+0000][1536][gc,heap     ] GC(395) Old regions: 211->211
[2024-02-06T11:20:54.946+0000][1536][gc,heap     ] GC(395) Archive regions: 0->0
[2024-02-06T11:20:54.946+0000][1536][gc,heap     ] GC(395) Humongous regions: 2->2
[2024-02-06T11:20:54.946+0000][1536][gc,metaspace] GC(395) Metaspace: 132253K(138176K)->132253K(138176K) NonClass: 115203K(118912K)->115203K(118912K) Class: 17049K(19264K)->17049K(19264K)
[2024-02-06T11:20:54.946+0000][1536][gc          ] GC(395) Pause Young (Normal) (G1 Evacuation Pause) 3163M->1018M(4040M) 62.755ms
[2024-02-06T11:20:54.946+0000][1536][gc,cpu      ] GC(395) User=0.30s Sys=0.08s Real=0.07s
[2024-02-06T11:20:54.946+0000][1536][safepoint   ] Safepoint "G1CollectForAllocation", Time since last: 39787778300 ns, Reaching safepoint: 132400 ns, At safepoint: 63021000 ns, Total: 63153400 ns
[2024-02-06T11:20:56.987+0000][1536][safepoint   ] Safepoint "Cleanup", Time since last: 2039431700 ns, Reaching safepoint: 182200 ns, At safepoint: 65200 ns, Total: 247400 ns
[2024-02-06T11:21:20.136+0000][1536][safepoint   ] Safepoint "Cleanup", Time since last: 23129364400 ns, Reaching safepoint: 17952500 ns, At safepoint: 1443900 ns, Total: 19396400 ns
[2024-02-06T11:21:21.429+0000][1536][gc,start    ] GC(396) Pause Young (Concurrent Start) (G1 Evacuation Pause)
[2024-02-06T11:21:21.429+0000][1536][gc,task     ] GC(396) Using 8 workers of 8 for evacuation
[2024-02-06T11:21:21.429+0000][1536][gc,age      ] GC(396) Desired survivor size 153092096 bytes, new threshold 2 (max threshold 15)
[2024-02-06T11:21:21.514+0000][1536][gc,phases   ] GC(396)   Pre Evacuate Collection Set: 0.6ms
[2024-02-06T11:21:21.514+0000][1536][gc,phases   ] GC(396)   Merge Heap Roots: 0.3ms
[2024-02-06T11:21:21.514+0000][1536][gc,phases   ] GC(396)   Evacuate Collection Set: 80.0ms
[2024-02-06T11:21:21.514+0000][1536][gc,phases   ] GC(396)   Post Evacuate Collection Set: 1.6ms
[2024-02-06T11:21:21.514+0000][1536][gc,phases   ] GC(396)   Other: 0.2ms
[2024-02-06T11:21:21.514+0000][1536][gc,age      ] GC(396) Age table with threshold 2 (max threshold 15)
[2024-02-06T11:21:21.514+0000][1536][gc,age      ] GC(396) - age   1:   85803920 bytes,   85803920 total
[2024-02-06T11:21:21.514+0000][1536][gc,age      ] GC(396) - age   2:   71756392 bytes,  157560312 total
[2024-02-06T11:21:21.515+0000][1536][gc,heap     ] GC(396) Eden regions: 538->0(525)
[2024-02-06T11:21:21.515+0000][1536][gc,heap     ] GC(396) Survivor regions: 42->40(73)
[2024-02-06T11:21:21.515+0000][1536][gc,heap     ] GC(396) Old regions: 211->227
[2024-02-06T11:21:21.515+0000][1536][gc,heap     ] GC(396) Archive regions: 0->0
[2024-02-06T11:21:21.515+0000][1536][gc,heap     ] GC(396) Humongous regions: 2->2
[2024-02-06T11:21:21.515+0000][1536][gc,metaspace] GC(396) Metaspace: 132256K(138240K)->132256K(138240K) NonClass: 115207K(118976K)->115207K(118976K) Class: 17049K(19264K)->17049K(19264K)
[2024-02-06T11:21:21.515+0000][1536][gc          ] GC(396) Pause Young (Concurrent Start) (G1 Evacuation Pause) 3170M->1076M(4040M) 83.263ms
[2024-02-06T11:21:21.515+0000][1536][gc          ] GC(397) Concurrent Mark Cycle
[2024-02-06T11:21:21.515+0000][1536][gc,cpu      ] GC(396) User=0.52s Sys=0.05s Real=0.09s
[2024-02-06T11:21:21.515+0000][1536][gc,marking  ] GC(397) Concurrent Clear Claimed Marks
[2024-02-06T11:21:21.515+0000][1536][safepoint   ] Safepoint "G1CollectForAllocation", Time since last: 1295646300 ns, Reaching safepoint: 128000 ns, At safepoint: 83470000 ns, Total: 83598000 ns
[2024-02-06T11:21:21.515+0000][1536][gc,marking  ] GC(397) Concurrent Clear Claimed Marks 0.262ms
[2024-02-06T11:21:21.515+0000][1536][gc,marking  ] GC(397) Concurrent Scan Root Regions
[2024-02-06T11:21:21.565+0000][1536][gc,marking  ] GC(397) Concurrent Scan Root Regions 50.679ms
[2024-02-06T11:21:21.565+0000][1536][gc,marking  ] GC(397) Concurrent Mark
[2024-02-06T11:21:21.565+0000][1536][gc,marking  ] GC(397) Concurrent Mark From Roots
[2024-02-06T11:21:21.565+0000][1536][gc,task     ] GC(397) Using 2 workers of 2 for marking
[2024-02-06T11:21:21.918+0000][1536][gc,marking  ] GC(397) Concurrent Mark From Roots 356.318ms
[2024-02-06T11:21:21.918+0000][1536][gc,marking  ] GC(397) Concurrent Preclean
[2024-02-06T11:21:21.918+0000][1536][gc,marking  ] GC(397) Concurrent Preclean 1.260ms
[2024-02-06T11:21:21.952+0000][1536][gc,start    ] GC(397) Pause Remark
[2024-02-06T11:21:21.973+0000][1536][gc          ] GC(397) Pause Remark 1155M->1155M(4040M) 22.951ms
[2024-02-06T11:21:21.973+0000][1536][gc,cpu      ] GC(397) User=0.19s Sys=0.02s Real=0.02s
[2024-02-06T11:21:21.978+0000][1536][safepoint   ] Safepoint "G1Concurrent", Time since last: 408756200 ns, Reaching safepoint: 27926600 ns, At safepoint: 35358200 ns, Total: 63284800 ns
[2024-02-06T11:21:21.978+0000][1536][gc,marking  ] GC(397) Concurrent Mark 421.277ms
[2024-02-06T11:21:21.978+0000][1536][gc,marking  ] GC(397) Concurrent Rebuild Remembered Sets
[2024-02-06T11:21:22.250+0000][1536][gc,marking  ] GC(397) Concurrent Rebuild Remembered Sets 268.786ms
[2024-02-06T11:21:22.250+0000][1536][gc,start    ] GC(397) Pause Cleanup
[2024-02-06T11:21:22.250+0000][1536][gc          ] GC(397) Pause Cleanup 1192M->1192M(4040M) 0.522ms
[2024-02-06T11:21:22.250+0000][1536][gc,cpu      ] GC(397) User=0.00s Sys=0.00s Real=0.00s
[2024-02-06T11:21:22.250+0000][1536][safepoint   ] Safepoint "G1Concurrent", Time since last: 269211400 ns, Reaching safepoint: 133300 ns, At safepoint: 723600 ns, Total: 856900 ns
[2024-02-06T11:21:22.250+0000][1536][gc,marking  ] GC(397) Concurrent Cleanup for Next Mark
[2024-02-06T11:21:22.267+0000][1536][gc,marking  ] GC(397) Concurrent Cleanup for Next Mark 10.132ms
[2024-02-06T11:21:22.267+0000][1536][gc          ] GC(397) Concurrent Mark Cycle 752.545ms
[2024-02-06T11:21:56.833+0000][1536][gc,start    ] GC(398) Pause Young (Prepare Mixed) (G1 Evacuation Pause)
[2024-02-06T11:21:56.833+0000][1536][gc,task     ] GC(398) Using 8 workers of 8 for evacuation
[2024-02-06T11:21:56.833+0000][1536][gc,age      ] GC(398) Desired survivor size 148897792 bytes, new threshold 2 (max threshold 15)
[2024-02-06T11:21:56.927+0000][1536][gc,phases   ] GC(398)   Pre Evacuate Collection Set: 0.2ms
[2024-02-06T11:21:56.927+0000][1536][gc,phases   ] GC(398)   Merge Heap Roots: 0.3ms
[2024-02-06T11:21:56.927+0000][1536][gc,phases   ] GC(398)   Evacuate Collection Set: 91.4ms
[2024-02-06T11:21:56.927+0000][1536][gc,phases   ] GC(398)   Post Evacuate Collection Set: 1.5ms
[2024-02-06T11:21:56.927+0000][1536][gc,phases   ] GC(398)   Other: 0.3ms
[2024-02-06T11:21:56.927+0000][1536][gc,age      ] GC(398) Age table with threshold 2 (max threshold 15)
[2024-02-06T11:21:56.927+0000][1536][gc,age      ] GC(398) - age   1:   86011736 bytes,   86011736 total
[2024-02-06T11:21:56.927+0000][1536][gc,age      ] GC(398) - age   2:   68104888 bytes,  154116624 total
[2024-02-06T11:21:56.927+0000][1536][gc,heap     ] GC(398) Eden regions: 525->0(11)
[2024-02-06T11:21:56.927+0000][1536][gc,heap     ] GC(398) Survivor regions: 40->39(71)
[2024-02-06T11:21:56.927+0000][1536][gc,heap     ] GC(398) Old regions: 227->242
[2024-02-06T11:21:56.928+0000][1536][gc,heap     ] GC(398) Archive regions: 0->0
[2024-02-06T11:21:56.928+0000][1536][gc,heap     ] GC(398) Humongous regions: 2->2
[2024-02-06T11:21:56.928+0000][1536][gc,metaspace] GC(398) Metaspace: 132256K(138240K)->132256K(138240K) NonClass: 115207K(118976K)->115207K(118976K) Class: 17049K(19264K)->17049K(19264K)
[2024-02-06T11:21:56.928+0000][1536][gc          ] GC(398) Pause Young (Prepare Mixed) (G1 Evacuation Pause) 3176M->1127M(4040M) 94.392ms
[2024-02-06T11:21:56.928+0000][1536][gc,cpu      ] GC(398) User=0.56s Sys=0.08s Real=0.10s
[2024-02-06T11:21:56.928+0000][1536][safepoint   ] Safepoint "G1CollectForAllocation", Time since last: 34576267400 ns, Reaching safepoint: 124900 ns, At safepoint: 94671800 ns, Total: 94796700 ns
[2024-02-06T11:21:57.102+0000][1536][gc,start    ] GC(399) Pause Young (Mixed) (G1 Evacuation Pause)
[2024-02-06T11:21:57.102+0000][1536][gc,task     ] GC(399) Using 8 workers of 8 for evacuation
[2024-02-06T11:21:57.102+0000][1536][gc,age      ] GC(399) Desired survivor size 14680064 bytes, new threshold 1 (max threshold 15)
[2024-02-06T11:21:57.402+0000][1536][gc,mmu      ] GC(399) MMU target violated: 201.0ms (200.0ms/201.0ms)
[2024-02-06T11:21:57.402+0000][1536][gc,phases   ] GC(399)   Pre Evacuate Collection Set: 0.2ms
[2024-02-06T11:21:57.402+0000][1536][gc,phases   ] GC(399)   Merge Heap Roots: 0.3ms
[2024-02-06T11:21:57.402+0000][1536][gc,phases   ] GC(399)   Evacuate Collection Set: 298.1ms
[2024-02-06T11:21:57.402+0000][1536][gc,phases   ] GC(399)   Post Evacuate Collection Set: 0.9ms
[2024-02-06T11:21:57.402+0000][1536][gc,phases   ] GC(399)   Other: 0.4ms
[2024-02-06T11:21:57.405+0000][1536][gc,age      ] GC(399) Age table with threshold 1 (max threshold 15)
[2024-02-06T11:21:57.405+0000][1536][gc,age      ] GC(399) - age   1:    1944840 bytes,    1944840 total
[2024-02-06T11:21:57.405+0000][1536][gc,heap     ] GC(399) Eden regions: 11->0(551)
[2024-02-06T11:21:57.405+0000][1536][gc,heap     ] GC(399) Survivor regions: 39->4(7)
[2024-02-06T11:21:57.405+0000][1536][gc,heap     ] GC(399) Old regions: 242->232
[2024-02-06T11:21:57.405+0000][1536][gc,heap     ] GC(399) Archive regions: 0->0
[2024-02-06T11:21:57.405+0000][1536][gc,heap     ] GC(399) Humongous regions: 2->2
[2024-02-06T11:21:57.405+0000][1536][gc,metaspace] GC(399) Metaspace: 132256K(138240K)->132256K(138240K) NonClass: 115207K(118976K)->115207K(118976K) Class: 17049K(19264K)->17049K(19264K)
[2024-02-06T11:21:57.405+0000][1536][gc          ] GC(399) Pause Young (Mixed) (G1 Evacuation Pause) 1171M->951M(4040M) 300.347ms
[2024-02-06T11:21:57.405+0000][1536][gc,cpu      ] GC(399) User=0.23s Sys=1.39s Real=0.30s
[2024-02-06T11:21:57.405+0000][1536][safepoint   ] Safepoint "G1CollectForAllocation", Time since last: 175979200 ns, Reaching safepoint: 87400 ns, At safepoint: 300936400 ns, Total: 301023800 ns
[2024-02-06T11:22:20.607+0000][1536][safepoint   ] Safepoint "Cleanup", Time since last: 23201654500 ns, Reaching safepoint: 393700 ns, At safepoint: 84500 ns, Total: 478200 ns
[2024-02-06T11:22:25.443+0000][1536][gc,start    ] GC(400) Pause Young (Normal) (G1 Evacuation Pause)
[2024-02-06T11:22:25.459+0000][1536][gc,task     ] GC(400) Using 8 workers of 8 for evacuation
[2024-02-06T11:22:25.459+0000][1536][gc,age      ] GC(400) Desired survivor size 146800640 bytes, new threshold 15 (max threshold 15)
[2024-02-06T11:22:25.511+0000][1536][gc,phases   ] GC(400)   Pre Evacuate Collection Set: 0.4ms
[2024-02-06T11:22:25.511+0000][1536][gc,phases   ] GC(400)   Merge Heap Roots: 0.5ms
[2024-02-06T11:22:25.511+0000][1536][gc,phases   ] GC(400)   Evacuate Collection Set: 50.5ms
[2024-02-06T11:22:25.511+0000][1536][gc,phases   ] GC(400)   Post Evacuate Collection Set: 1.8ms
[2024-02-06T11:22:25.511+0000][1536][gc,phases   ] GC(400)   Other: 0.5ms
[2024-02-06T11:22:25.511+0000][1536][gc,age      ] GC(400) Age table with threshold 15 (max threshold 15)
[2024-02-06T11:22:25.511+0000][1536][gc,age      ] GC(400) - age   1:   93647560 bytes,   93647560 total
[2024-02-06T11:22:25.511+0000][1536][gc,age      ] GC(400) - age   2:    1153552 bytes,   94801112 total
[2024-02-06T11:22:25.511+0000][1536][gc,heap     ] GC(400) Eden regions: 551->0(532)
[2024-02-06T11:22:25.511+0000][1536][gc,heap     ] GC(400) Survivor regions: 4->25(70)
[2024-02-06T11:22:25.511+0000][1536][gc,heap     ] GC(400) Old regions: 232->232
[2024-02-06T11:22:25.511+0000][1536][gc,heap     ] GC(400) Archive regions: 0->0
[2024-02-06T11:22:25.511+0000][1536][gc,heap     ] GC(400) Humongous regions: 2->2
[2024-02-06T11:22:25.511+0000][1536][gc,metaspace] GC(400) Metaspace: 132258K(138240K)->132258K(138240K) NonClass: 115208K(118976K)->115208K(118976K) Class: 17049K(19264K)->17049K(19264K)
[2024-02-06T11:22:25.511+0000][1536][gc          ] GC(400) Pause Young (Normal) (G1 Evacuation Pause) 3155M->1032M(4040M) 54.331ms
[2024-02-06T11:22:25.511+0000][1536][gc,cpu      ] GC(400) User=0.39s Sys=0.00s Real=0.07s
[2024-02-06T11:22:25.511+0000][1536][safepoint   ] Safepoint "G1CollectForAllocation", Time since last: 4850429500 ns, Reaching safepoint: 224500 ns, At safepoint: 54601500 ns, Total: 54826000 ns
[2024-02-06T11:22:54.014+0000][1536][gc,start    ] GC(401) Pause Young (Normal) (G1 Evacuation Pause)
[2024-02-06T11:22:54.015+0000][1536][gc,task     ] GC(401) Using 8 workers of 8 for evacuation
[2024-02-06T11:22:54.015+0000][1536][gc,age      ] GC(401) Desired survivor size 146800640 bytes, new threshold 15 (max threshold 15)
[2024-02-06T11:22:54.102+0000][1536][gc,phases   ] GC(401)   Pre Evacuate Collection Set: 0.4ms
[2024-02-06T11:22:54.102+0000][1536][gc,phases   ] GC(401)   Merge Heap Roots: 0.6ms
[2024-02-06T11:22:54.102+0000][1536][gc,phases   ] GC(401)   Evacuate Collection Set: 85.0ms
[2024-02-06T11:22:54.102+0000][1536][gc,phases   ] GC(401)   Post Evacuate Collection Set: 1.4ms
[2024-02-06T11:22:54.102+0000][1536][gc,phases   ] GC(401)   Other: 0.5ms
[2024-02-06T11:22:54.102+0000][1536][gc,age      ] GC(401) Age table with threshold 15 (max threshold 15)
[2024-02-06T11:22:54.102+0000][1536][gc,age      ] GC(401) - age   1:   85188904 bytes,   85188904 total
[2024-02-06T11:22:54.102+0000][1536][gc,age      ] GC(401) - age   2:   78589520 bytes,  163778424 total
[2024-02-06T11:22:54.102+0000][1536][gc,age      ] GC(401) - age   3:    1071632 bytes,  164850056 total
[2024-02-06T11:22:54.102+0000][1536][gc,heap     ] GC(401) Eden regions: 532->0(516)
[2024-02-06T11:22:54.102+0000][1536][gc,heap     ] GC(401) Survivor regions: 25->42(70)
[2024-02-06T11:22:54.102+0000][1536][gc,heap     ] GC(401) Old regions: 232->232
[2024-02-06T11:22:54.102+0000][1536][gc,heap     ] GC(401) Archive regions: 0->0
[2024-02-06T11:22:54.102+0000][1536][gc,heap     ] GC(401) Humongous regions: 2->2
[2024-02-06T11:22:54.102+0000][1536][gc,metaspace] GC(401) Metaspace: 132258K(138240K)->132258K(138240K) NonClass: 115208K(118976K)->115208K(118976K) Class: 17049K(19264K)->17049K(19264K)
[2024-02-06T11:22:54.102+0000][1536][gc          ] GC(401) Pause Young (Normal) (G1 Evacuation Pause) 3160M->1100M(4040M) 88.628ms
[2024-02-06T11:22:54.102+0000][1536][gc,cpu      ] GC(401) User=0.70s Sys=0.02s Real=0.09s
[2024-02-06T11:22:54.103+0000][1536][safepoint   ] Safepoint "G1CollectForAllocation", Time since last: 28501297500 ns, Reaching safepoint: 317800 ns, At safepoint: 88903100 ns, Total: 89220900 ns
[2024-02-06T11:23:20.210+0000][1536][gc,start    ] GC(402) Pause Young (Concurrent Start) (G1 Evacuation Pause)
[2024-02-06T11:23:20.210+0000][1536][gc,task     ] GC(402) Using 8 workers of 8 for evacuation
[2024-02-06T11:23:20.210+0000][1536][gc,age      ] GC(402) Desired survivor size 146800640 bytes, new threshold 2 (max threshold 15)
[2024-02-06T11:23:20.298+0000][1536][gc,phases   ] GC(402)   Pre Evacuate Collection Set: 0.4ms
[2024-02-06T11:23:20.298+0000][1536][gc,phases   ] GC(402)   Merge Heap Roots: 0.2ms
[2024-02-06T11:23:20.298+0000][1536][gc,phases   ] GC(402)   Evacuate Collection Set: 80.9ms
[2024-02-06T11:23:20.298+0000][1536][gc,phases   ] GC(402)   Post Evacuate Collection Set: 1.1ms
[2024-02-06T11:23:20.298+0000][1536][gc,phases   ] GC(402)   Other: 0.3ms
[2024-02-06T11:23:20.298+0000][1536][gc,age      ] GC(402) Age table with threshold 2 (max threshold 15)
[2024-02-06T11:23:20.298+0000][1536][gc,age      ] GC(402) - age   1:   77063848 bytes,   77063848 total
[2024-02-06T11:23:20.298+0000][1536][gc,age      ] GC(402) - age   2:   74072440 bytes,  151136288 total
[2024-02-06T11:23:20.298+0000][1536][gc,heap     ] GC(402) Eden regions: 516->0(506)
[2024-02-06T11:23:20.298+0000][1536][gc,heap     ] GC(402) Survivor regions: 42->38(70)
[2024-02-06T11:23:20.298+0000][1536][gc,heap     ] GC(402) Old regions: 232->249
[2024-02-06T11:23:20.298+0000][1536][gc,heap     ] GC(402) Archive regions: 0->0
[2024-02-06T11:23:20.298+0000][1536][gc,heap     ] GC(402) Humongous regions: 2->2
[2024-02-06T11:23:20.298+0000][1536][gc,metaspace] GC(402) Metaspace: 132258K(138240K)->132258K(138240K) NonClass: 115208K(118976K)->115208K(118976K) Class: 17049K(19264K)->17049K(19264K)
[2024-02-06T11:23:20.298+0000][1536][gc          ] GC(402) Pause Young (Concurrent Start) (G1 Evacuation Pause) 3164M->1153M(4040M) 83.350ms
[2024-02-06T11:23:20.298+0000][1536][gc          ] GC(403) Concurrent Mark Cycle
[2024-02-06T11:23:20.298+0000][1536][gc,cpu      ] GC(402) User=0.53s Sys=0.06s Real=0.09s
[2024-02-06T11:23:20.298+0000][1536][gc,marking  ] GC(403) Concurrent Clear Claimed Marks
[2024-02-06T11:23:20.299+0000][1536][safepoint   ] Safepoint "G1CollectForAllocation", Time since last: 26112216900 ns, Reaching safepoint: 114100 ns, At safepoint: 83627200 ns, Total: 83741300 ns
[2024-02-06T11:23:20.299+0000][1536][gc,marking  ] GC(403) Concurrent Clear Claimed Marks 0.333ms
[2024-02-06T11:23:20.299+0000][1536][gc,marking  ] GC(403) Concurrent Scan Root Regions
[2024-02-06T11:23:20.343+0000][1536][gc,marking  ] GC(403) Concurrent Scan Root Regions 45.206ms
[2024-02-06T11:23:20.343+0000][1536][gc,marking  ] GC(403) Concurrent Mark
[2024-02-06T11:23:20.343+0000][1536][gc,marking  ] GC(403) Concurrent Mark From Roots
[2024-02-06T11:23:20.343+0000][1536][gc,task     ] GC(403) Using 2 workers of 2 for marking
[2024-02-06T11:23:20.703+0000][1536][gc,marking  ] GC(403) Concurrent Mark From Roots 358.938ms
[2024-02-06T11:23:20.704+0000][1536][gc,marking  ] GC(403) Concurrent Preclean
[2024-02-06T11:23:20.705+0000][1536][gc,marking  ] GC(403) Concurrent Preclean 1.107ms
[2024-02-06T11:23:20.705+0000][1536][gc,start    ] GC(403) Pause Remark
[2024-02-06T11:23:20.726+0000][1536][gc          ] GC(403) Pause Remark 1199M->1199M(4040M) 21.255ms
[2024-02-06T11:23:20.726+0000][1536][gc,cpu      ] GC(403) User=0.11s Sys=0.02s Real=0.02s
[2024-02-06T11:23:20.726+0000][1536][safepoint   ] Safepoint "G1Concurrent", Time since last: 405723400 ns, Reaching safepoint: 96700 ns, At safepoint: 21487300 ns, Total: 21584000 ns
[2024-02-06T11:23:20.727+0000][1536][gc,marking  ] GC(403) Concurrent Mark 381.910ms
[2024-02-06T11:23:20.727+0000][1536][gc,marking  ] GC(403) Concurrent Rebuild Remembered Sets
[2024-02-06T11:23:20.972+0000][1536][gc,marking  ] GC(403) Concurrent Rebuild Remembered Sets 246.564ms
[2024-02-06T11:23:20.973+0000][1536][gc,start    ] GC(403) Pause Cleanup
[2024-02-06T11:23:20.974+0000][1536][gc          ] GC(403) Pause Cleanup 1240M->1240M(4040M) 0.678ms
[2024-02-06T11:23:20.974+0000][1536][gc,cpu      ] GC(403) User=0.00s Sys=0.00s Real=0.00s
[2024-02-06T11:23:20.974+0000][1536][safepoint   ] Safepoint "G1Concurrent", Time since last: 246797900 ns, Reaching safepoint: 78000 ns, At safepoint: 818900 ns, Total: 896900 ns
[2024-02-06T11:23:20.974+0000][1536][gc,marking  ] GC(403) Concurrent Cleanup for Next Mark
[2024-02-06T11:23:20.983+0000][1536][gc,marking  ] GC(403) Concurrent Cleanup for Next Mark 9.700ms
[2024-02-06T11:23:20.983+0000][1536][gc          ] GC(403) Concurrent Mark Cycle 685.031ms
[2024-02-06T11:23:49.367+0000][1536][gc,start    ] GC(404) Pause Young (Prepare Mixed) (G1 Evacuation Pause)
[2024-02-06T11:23:49.367+0000][1536][gc,task     ] GC(404) Using 8 workers of 8 for evacuation
[2024-02-06T11:23:49.367+0000][1536][gc,age      ] GC(404) Desired survivor size 142606336 bytes, new threshold 2 (max threshold 15)
[2024-02-06T11:23:49.480+0000][1536][gc,phases   ] GC(404)   Pre Evacuate Collection Set: 0.5ms
[2024-02-06T11:23:49.480+0000][1536][gc,phases   ] GC(404)   Merge Heap Roots: 0.6ms
[2024-02-06T11:23:49.480+0000][1536][gc,phases   ] GC(404)   Evacuate Collection Set: 94.3ms
[2024-02-06T11:23:49.480+0000][1536][gc,phases   ] GC(404)   Post Evacuate Collection Set: 2.4ms
[2024-02-06T11:23:49.480+0000][1536][gc,phases   ] GC(404)   Other: 2.6ms
[2024-02-06T11:23:49.480+0000][1536][gc,age      ] GC(404) Age table with threshold 2 (max threshold 15)
[2024-02-06T11:23:49.480+0000][1536][gc,age      ] GC(404) - age   1:   86412448 bytes,   86412448 total
[2024-02-06T11:23:49.480+0000][1536][gc,age      ] GC(404) - age   2:   63384384 bytes,  149796832 total
[2024-02-06T11:23:49.480+0000][1536][gc,heap     ] GC(404) Eden regions: 506->0(12)
[2024-02-06T11:23:49.480+0000][1536][gc,heap     ] GC(404) Survivor regions: 38->38(68)
[2024-02-06T11:23:49.480+0000][1536][gc,heap     ] GC(404) Old regions: 249->262
[2024-02-06T11:23:49.480+0000][1536][gc,heap     ] GC(404) Archive regions: 0->0
[2024-02-06T11:23:49.480+0000][1536][gc,heap     ] GC(404) Humongous regions: 2->2
[2024-02-06T11:23:49.480+0000][1536][gc,metaspace] GC(404) Metaspace: 132258K(138240K)->132258K(138240K) NonClass: 115208K(118976K)->115208K(118976K) Class: 17049K(19264K)->17049K(19264K)
[2024-02-06T11:23:49.480+0000][1536][gc          ] GC(404) Pause Young (Prepare Mixed) (G1 Evacuation Pause) 3177M->1208M(4040M) 101.010ms
[2024-02-06T11:23:49.480+0000][1536][gc,cpu      ] GC(404) User=0.59s Sys=0.12s Real=0.11s
[2024-02-06T11:23:49.480+0000][1536][safepoint   ] Safepoint "G1CollectForAllocation", Time since last: 28404723600 ns, Reaching safepoint: 250100 ns, At safepoint: 101425900 ns, Total: 101676000 ns
[2024-02-06T11:23:49.736+0000][1536][safepoint   ] Safepoint "G1CollectForAllocation", Time since last: 198725800 ns, Reaching safepoint: 56670700 ns, At safepoint: 492300 ns, Total: 57163000 ns
[2024-02-06T11:23:49.736+0000][1536][gc,start    ] GC(405) Pause Young (Mixed) (GCLocker Initiated GC)
[2024-02-06T11:23:49.736+0000][1536][gc,task     ] GC(405) Using 8 workers of 8 for evacuation
[2024-02-06T11:23:49.736+0000][1536][gc,age      ] GC(405) Desired survivor size 14680064 bytes, new threshold 1 (max threshold 15)
[2024-02-06T11:23:50.144+0000][1536][gc,mmu      ] GC(405) MMU target violated: 201.0ms (200.0ms/201.0ms)
[2024-02-06T11:23:50.144+0000][1536][gc,phases   ] GC(405)   Pre Evacuate Collection Set: 0.3ms
[2024-02-06T11:23:50.144+0000][1536][gc,phases   ] GC(405)   Merge Heap Roots: 0.5ms
[2024-02-06T11:23:50.144+0000][1536][gc,phases   ] GC(405)   Evacuate Collection Set: 402.0ms
[2024-02-06T11:23:50.144+0000][1536][gc,phases   ] GC(405)   Post Evacuate Collection Set: 13.5ms
[2024-02-06T11:23:50.144+0000][1536][gc,phases   ] GC(405)   Other: 1.5ms
[2024-02-06T11:23:50.144+0000][1536][gc,age      ] GC(405) Age table with threshold 1 (max threshold 15)
[2024-02-06T11:23:50.144+0000][1536][gc,age      ] GC(405) - age   1:    1672848 bytes,    1672848 total
[2024-02-06T11:23:50.144+0000][1536][gc,heap     ] GC(405) Eden regions: 12->0(553)
[2024-02-06T11:23:50.144+0000][1536][gc,heap     ] GC(405) Survivor regions: 38->4(7)
[2024-02-06T11:23:50.144+0000][1536][gc,heap     ] GC(405) Old regions: 262->230
[2024-02-06T11:23:50.144+0000][1536][gc,heap     ] GC(405) Archive regions: 0->0
[2024-02-06T11:23:50.144+0000][1536][gc,heap     ] GC(405) Humongous regions: 2->2
[2024-02-06T11:23:50.144+0000][1536][gc,metaspace] GC(405) Metaspace: 132258K(138240K)->132258K(138240K) NonClass: 115208K(118976K)->115208K(118976K) Class: 17049K(19264K)->17049K(19264K)
[2024-02-06T11:23:50.144+0000][1536][gc          ] GC(405) Pause Young (Mixed) (GCLocker Initiated GC) 1256M->941M(4040M) 418.205ms
[2024-02-06T11:23:50.144+0000][1536][gc,cpu      ] GC(405) User=0.58s Sys=1.66s Real=0.41s
[2024-02-06T11:23:50.144+0000][1536][safepoint   ] Safepoint "G1CollectForAllocation", Time since last: 278400 ns, Reaching safepoint: 252000 ns, At safepoint: 418400400 ns, Total: 418652400 ns
[2024-02-06T11:24:19.459+0000][1536][gc,start    ] GC(406) Pause Young (Normal) (G1 Evacuation Pause)
[2024-02-06T11:24:19.459+0000][1536][gc,task     ] GC(406) Using 8 workers of 8 for evacuation
[2024-02-06T11:24:19.459+0000][1536][gc,age      ] GC(406) Desired survivor size 146800640 bytes, new threshold 15 (max threshold 15)
[2024-02-06T11:24:19.500+0000][1536][gc,phases   ] GC(406)   Pre Evacuate Collection Set: 0.2ms
[2024-02-06T11:24:19.500+0000][1536][gc,phases   ] GC(406)   Merge Heap Roots: 0.2ms
[2024-02-06T11:24:19.500+0000][1536][gc,phases   ] GC(406)   Evacuate Collection Set: 36.0ms
[2024-02-06T11:24:19.500+0000][1536][gc,phases   ] GC(406)   Post Evacuate Collection Set: 1.6ms
[2024-02-06T11:24:19.500+0000][1536][gc,phases   ] GC(406)   Other: 0.3ms
[2024-02-06T11:24:19.500+0000][1536][gc,age      ] GC(406) Age table with threshold 15 (max threshold 15)
[2024-02-06T11:24:19.500+0000][1536][gc,age      ] GC(406) - age   1:   95500088 bytes,   95500088 total
[2024-02-06T11:24:19.501+0000][1536][gc,age      ] GC(406) - age   2:    1094312 bytes,   96594400 total
[2024-02-06T11:24:19.501+0000][1536][gc,heap     ] GC(406) Eden regions: 553->0(533)
[2024-02-06T11:24:19.501+0000][1536][gc,heap     ] GC(406) Survivor regions: 4->25(70)
[2024-02-06T11:24:19.501+0000][1536][gc,heap     ] GC(406) Old regions: 230->230
[2024-02-06T11:24:19.501+0000][1536][gc,heap     ] GC(406) Archive regions: 0->0
[2024-02-06T11:24:19.501+0000][1536][gc,heap     ] GC(406) Humongous regions: 2->2
[2024-02-06T11:24:19.501+0000][1536][gc,metaspace] GC(406) Metaspace: 132258K(138240K)->132258K(138240K) NonClass: 115208K(118976K)->115208K(118976K) Class: 17049K(19264K)->17049K(19264K)
[2024-02-06T11:24:19.501+0000][1536][gc          ] GC(406) Pause Young (Normal) (G1 Evacuation Pause) 3153M->1022M(4040M) 39.096ms
[2024-02-06T11:24:19.501+0000][1536][gc,cpu      ] GC(406) User=0.25s Sys=0.02s Real=0.04s
[2024-02-06T11:24:19.501+0000][1536][safepoint   ] Safepoint "G1CollectForAllocation", Time since last: 29306515600 ns, Reaching safepoint: 149700 ns, At safepoint: 39339400 ns, Total: 39489100 ns
[2024-02-06T11:24:55.331+0000][1536][gc,start    ] GC(407) Pause Young (Normal) (G1 Evacuation Pause)
[2024-02-06T11:24:55.331+0000][1536][gc,task     ] GC(407) Using 8 workers of 8 for evacuation
[2024-02-06T11:24:55.331+0000][1536][gc,age      ] GC(407) Desired survivor size 146800640 bytes, new threshold 15 (max threshold 15)
[2024-02-06T11:24:55.391+0000][1536][gc,phases   ] GC(407)   Pre Evacuate Collection Set: 0.2ms
[2024-02-06T11:24:55.391+0000][1536][gc,phases   ] GC(407)   Merge Heap Roots: 0.3ms
[2024-02-06T11:24:55.391+0000][1536][gc,phases   ] GC(407)   Evacuate Collection Set: 57.6ms
[2024-02-06T11:24:55.391+0000][1536][gc,phases   ] GC(407)   Post Evacuate Collection Set: 1.5ms
[2024-02-06T11:24:55.391+0000][1536][gc,phases   ] GC(407)   Other: 0.2ms
[2024-02-06T11:24:55.391+0000][1536][gc,age      ] GC(407) Age table with threshold 15 (max threshold 15)
[2024-02-06T11:24:55.391+0000][1536][gc,age      ] GC(407) - age   1:   88734240 bytes,   88734240 total
[2024-02-06T11:24:55.391+0000][1536][gc,age      ] GC(407) - age   2:   80157136 bytes,  168891376 total
[2024-02-06T11:24:55.391+0000][1536][gc,age      ] GC(407) - age   3:     918024 bytes,  169809400 total
[2024-02-06T11:24:55.391+0000][1536][gc,heap     ] GC(407) Eden regions: 533->0(518)
[2024-02-06T11:24:55.391+0000][1536][gc,heap     ] GC(407) Survivor regions: 25->42(70)
[2024-02-06T11:24:55.391+0000][1536][gc,heap     ] GC(407) Old regions: 230->230
[2024-02-06T11:24:55.391+0000][1536][gc,heap     ] GC(407) Archive regions: 0->0
[2024-02-06T11:24:55.391+0000][1536][gc,heap     ] GC(407) Humongous regions: 2->2
[2024-02-06T11:24:55.391+0000][1536][gc,metaspace] GC(407) Metaspace: 132258K(138240K)->132258K(138240K) NonClass: 115208K(118976K)->115208K(118976K) Class: 17049K(19264K)->17049K(19264K)
[2024-02-06T11:24:55.391+0000][1536][gc          ] GC(407) Pause Young (Normal) (G1 Evacuation Pause) 3154M->1093M(4040M) 60.308ms
[2024-02-06T11:24:55.391+0000][1536][gc,cpu      ] GC(407) User=0.47s Sys=0.00s Real=0.06s
[2024-02-06T11:24:55.392+0000][1536][safepoint   ] Safepoint "G1CollectForAllocation", Time since last: 35829764500 ns, Reaching safepoint: 65700 ns, At safepoint: 60669000 ns, Total: 60734700 ns
[2024-02-06T11:25:27.528+0000][1536][gc,start    ] GC(408) Pause Young (Concurrent Start) (G1 Evacuation Pause)
[2024-02-06T11:25:27.528+0000][1536][gc,task     ] GC(408) Using 8 workers of 8 for evacuation
[2024-02-06T11:25:27.528+0000][1536][gc,age      ] GC(408) Desired survivor size 146800640 bytes, new threshold 2 (max threshold 15)
[2024-02-06T11:25:27.658+0000][1536][gc,phases   ] GC(408)   Pre Evacuate Collection Set: 0.9ms
[2024-02-06T11:25:27.658+0000][1536][gc,phases   ] GC(408)   Merge Heap Roots: 0.5ms
[2024-02-06T11:25:27.658+0000][1536][gc,phases   ] GC(408)   Evacuate Collection Set: 117.6ms
[2024-02-06T11:25:27.658+0000][1536][gc,phases   ] GC(408)   Post Evacuate Collection Set: 1.4ms
[2024-02-06T11:25:27.658+0000][1536][gc,phases   ] GC(408)   Other: 0.6ms
[2024-02-06T11:25:27.658+0000][1536][gc,age      ] GC(408) Age table with threshold 2 (max threshold 15)
[2024-02-06T11:25:27.658+0000][1536][gc,age      ] GC(408) - age   1:   90842480 bytes,   90842480 total
[2024-02-06T11:25:27.658+0000][1536][gc,age      ] GC(408) - age   2:   72509336 bytes,  163351816 total
[2024-02-06T11:25:27.658+0000][1536][gc,heap     ] GC(408) Eden regions: 518->0(476)
[2024-02-06T11:25:27.658+0000][1536][gc,heap     ] GC(408) Survivor regions: 42->41(70)
[2024-02-06T11:25:27.658+0000][1536][gc,heap     ] GC(408) Old regions: 230->246
[2024-02-06T11:25:27.658+0000][1536][gc,heap     ] GC(408) Archive regions: 0->0
[2024-02-06T11:25:27.658+0000][1536][gc,heap     ] GC(408) Humongous regions: 2->2
[2024-02-06T11:25:27.658+0000][1536][gc,metaspace] GC(408) Metaspace: 132258K(138240K)->132258K(138240K) NonClass: 115208K(118976K)->115208K(118976K) Class: 17049K(19264K)->17049K(19264K)
[2024-02-06T11:25:27.658+0000][1536][gc          ] GC(408) Pause Young (Concurrent Start) (G1 Evacuation Pause) 3165M->1153M(4040M) 121.751ms
[2024-02-06T11:25:27.658+0000][1536][gc          ] GC(409) Concurrent Mark Cycle
[2024-02-06T11:25:27.658+0000][1536][gc,cpu      ] GC(408) User=0.56s Sys=0.36s Real=0.13s
[2024-02-06T11:25:27.658+0000][1536][gc,marking  ] GC(409) Concurrent Clear Claimed Marks
[2024-02-06T11:25:27.658+0000][1536][safepoint   ] Safepoint "G1CollectForAllocation", Time since last: 32146545700 ns, Reaching safepoint: 241500 ns, At safepoint: 122147000 ns, Total: 122388500 ns
[2024-02-06T11:25:27.658+0000][1536][gc,marking  ] GC(409) Concurrent Clear Claimed Marks 0.284ms
[2024-02-06T11:25:27.658+0000][1536][gc,marking  ] GC(409) Concurrent Scan Root Regions
[2024-02-06T11:25:27.708+0000][1536][gc,marking  ] GC(409) Concurrent Scan Root Regions 47.194ms
[2024-02-06T11:25:27.708+0000][1536][gc,marking  ] GC(409) Concurrent Mark
[2024-02-06T11:25:27.708+0000][1536][gc,marking  ] GC(409) Concurrent Mark From Roots
[2024-02-06T11:25:27.708+0000][1536][gc,task     ] GC(409) Using 2 workers of 2 for marking
[2024-02-06T11:25:28.030+0000][1536][gc,marking  ] GC(409) Concurrent Mark From Roots 322.171ms
[2024-02-06T11:25:28.030+0000][1536][gc,marking  ] GC(409) Concurrent Preclean
[2024-02-06T11:25:28.031+0000][1536][gc,marking  ] GC(409) Concurrent Preclean 0.614ms
[2024-02-06T11:25:28.031+0000][1536][gc,start    ] GC(409) Pause Remark
[2024-02-06T11:25:28.048+0000][1536][gc          ] GC(409) Pause Remark 1217M->1217M(4040M) 16.747ms
[2024-02-06T11:25:28.048+0000][1536][gc,cpu      ] GC(409) User=0.17s Sys=0.00s Real=0.02s
[2024-02-06T11:25:28.048+0000][1536][safepoint   ] Safepoint "G1Concurrent", Time since last: 370292300 ns, Reaching safepoint: 105800 ns, At safepoint: 16941900 ns, Total: 17047700 ns
[2024-02-06T11:25:28.048+0000][1536][gc,marking  ] GC(409) Concurrent Mark 340.058ms
[2024-02-06T11:25:28.048+0000][1536][gc,marking  ] GC(409) Concurrent Rebuild Remembered Sets
[2024-02-06T11:25:28.284+0000][1536][gc,marking  ] GC(409) Concurrent Rebuild Remembered Sets 242.465ms
[2024-02-06T11:25:28.284+0000][1536][gc,start    ] GC(409) Pause Cleanup
[2024-02-06T11:25:28.284+0000][1536][gc          ] GC(409) Pause Cleanup 1249M->1249M(4040M) 0.514ms
[2024-02-06T11:25:28.284+0000][1536][gc,cpu      ] GC(409) User=0.00s Sys=0.00s Real=0.00s
[2024-02-06T11:25:28.284+0000][1536][safepoint   ] Safepoint "G1Concurrent", Time since last: 242730700 ns, Reaching safepoint: 89300 ns, At safepoint: 639200 ns, Total: 728500 ns
[2024-02-06T11:25:28.284+0000][1536][gc,marking  ] GC(409) Concurrent Cleanup for Next Mark
[2024-02-06T11:25:28.320+0000][1536][gc,marking  ] GC(409) Concurrent Cleanup for Next Mark 30.537ms
[2024-02-06T11:25:28.320+0000][1536][gc          ] GC(409) Concurrent Mark Cycle 661.752ms
[2024-02-06T11:25:42.912+0000][1536][gc,start    ] GC(410) Pause Young (Prepare Mixed) (G1 Evacuation Pause)
[2024-02-06T11:25:42.912+0000][1536][gc,task     ] GC(410) Using 8 workers of 8 for evacuation
[2024-02-06T11:25:42.912+0000][1536][gc,age      ] GC(410) Desired survivor size 142606336 bytes, new threshold 2 (max threshold 15)
[2024-02-06T11:25:43.004+0000][1536][gc,phases   ] GC(410)   Pre Evacuate Collection Set: 0.2ms
[2024-02-06T11:25:43.004+0000][1536][gc,phases   ] GC(410)   Merge Heap Roots: 0.3ms
[2024-02-06T11:25:43.004+0000][1536][gc,phases   ] GC(410)   Evacuate Collection Set: 90.1ms
[2024-02-06T11:25:43.004+0000][1536][gc,phases   ] GC(410)   Post Evacuate Collection Set: 1.1ms
[2024-02-06T11:25:43.004+0000][1536][gc,phases   ] GC(410)   Other: 0.2ms
[2024-02-06T11:25:43.004+0000][1536][gc,age      ] GC(410) Age table with threshold 2 (max threshold 15)
[2024-02-06T11:25:43.004+0000][1536][gc,age      ] GC(410) - age   1:   85296552 bytes,   85296552 total
[2024-02-06T11:25:43.004+0000][1536][gc,age      ] GC(410) - age   2:   73556120 bytes,  158852672 total
[2024-02-06T11:25:43.004+0000][1536][gc,heap     ] GC(410) Eden regions: 503->0(10)
[2024-02-06T11:25:43.004+0000][1536][gc,heap     ] GC(410) Survivor regions: 41->40(68)
[2024-02-06T11:25:43.004+0000][1536][gc,heap     ] GC(410) Old regions: 246->260
[2024-02-06T11:25:43.004+0000][1536][gc,heap     ] GC(410) Archive regions: 0->0
[2024-02-06T11:25:43.004+0000][1536][gc,heap     ] GC(410) Humongous regions: 2->2
[2024-02-06T11:25:43.004+0000][1536][gc,metaspace] GC(410) Metaspace: 132258K(138240K)->132258K(138240K) NonClass: 115208K(118976K)->115208K(118976K) Class: 17049K(19264K)->17049K(19264K)
[2024-02-06T11:25:43.004+0000][1536][gc          ] GC(410) Pause Young (Prepare Mixed) (G1 Evacuation Pause) 3165M->1207M(4040M) 92.350ms
[2024-02-06T11:25:43.004+0000][1536][gc,cpu      ] GC(410) User=0.59s Sys=0.14s Real=0.09s
[2024-02-06T11:25:43.005+0000][1536][safepoint   ] Safepoint "G1CollectForAllocation", Time since last: 14620366900 ns, Reaching safepoint: 94700 ns, At safepoint: 92584700 ns, Total: 92679400 ns
[2024-02-06T11:25:43.166+0000][1536][gc,start    ] GC(411) Pause Young (Mixed) (G1 Evacuation Pause)
[2024-02-06T11:25:43.166+0000][1536][gc,task     ] GC(411) Using 8 workers of 8 for evacuation
[2024-02-06T11:25:43.166+0000][1536][gc,age      ] GC(411) Desired survivor size 14680064 bytes, new threshold 1 (max threshold 15)
[2024-02-06T11:25:43.313+0000][1536][gc,phases   ] GC(411)   Pre Evacuate Collection Set: 0.2ms
[2024-02-06T11:25:43.313+0000][1536][gc,phases   ] GC(411)   Merge Heap Roots: 0.3ms
[2024-02-06T11:25:43.313+0000][1536][gc,phases   ] GC(411)   Evacuate Collection Set: 155.9ms
[2024-02-06T11:25:43.313+0000][1536][gc,phases   ] GC(411)   Post Evacuate Collection Set: 0.7ms
[2024-02-06T11:25:43.313+0000][1536][gc,phases   ] GC(411)   Other: 0.6ms
[2024-02-06T11:25:43.313+0000][1536][gc,age      ] GC(411) Age table with threshold 1 (max threshold 15)
[2024-02-06T11:25:43.313+0000][1536][gc,age      ] GC(411) - age   1:    2944584 bytes,    2944584 total
[2024-02-06T11:25:43.313+0000][1536][gc,heap     ] GC(411) Eden regions: 10->0(549)
[2024-02-06T11:25:43.313+0000][1536][gc,heap     ] GC(411) Survivor regions: 40->4(7)
[2024-02-06T11:25:43.313+0000][1536][gc,heap     ] GC(411) Old regions: 260->234
[2024-02-06T11:25:43.313+0000][1536][gc,heap     ] GC(411) Archive regions: 0->0
[2024-02-06T11:25:43.313+0000][1536][gc,heap     ] GC(411) Humongous regions: 2->2
[2024-02-06T11:25:43.313+0000][1536][gc,metaspace] GC(411) Metaspace: 132258K(138240K)->132258K(138240K) NonClass: 115208K(118976K)->115208K(118976K) Class: 17049K(19264K)->17049K(19264K)
[2024-02-06T11:25:43.313+0000][1536][gc          ] GC(411) Pause Young (Mixed) (G1 Evacuation Pause) 1247M->959M(4040M) 157.984ms
[2024-02-06T11:25:43.313+0000][1536][gc,cpu      ] GC(411) User=0.27s Sys=0.75s Real=0.15s
[2024-02-06T11:25:43.313+0000][1536][safepoint   ] Safepoint "G1CollectForAllocation", Time since last: 161686000 ns, Reaching safepoint: 131800 ns, At safepoint: 158348300 ns, Total: 158480100 ns
[2024-02-06T11:26:09.263+0000][1536][gc,start    ] GC(412) Pause Young (Normal) (G1 Evacuation Pause)
[2024-02-06T11:26:09.263+0000][1536][gc,task     ] GC(412) Using 8 workers of 8 for evacuation
[2024-02-06T11:26:09.263+0000][1536][gc,age      ] GC(412) Desired survivor size 146800640 bytes, new threshold 15 (max threshold 15)
[2024-02-06T11:26:09.306+0000][1536][gc,phases   ] GC(412)   Pre Evacuate Collection Set: 0.3ms
[2024-02-06T11:26:09.307+0000][1536][gc,phases   ] GC(412)   Merge Heap Roots: 0.3ms
[2024-02-06T11:26:09.307+0000][1536][gc,phases   ] GC(412)   Evacuate Collection Set: 40.2ms
[2024-02-06T11:26:09.307+0000][1536][gc,phases   ] GC(412)   Post Evacuate Collection Set: 1.5ms
[2024-02-06T11:26:09.307+0000][1536][gc,phases   ] GC(412)   Other: 0.5ms
[2024-02-06T11:26:09.307+0000][1536][gc,age      ] GC(412) Age table with threshold 15 (max threshold 15)
[2024-02-06T11:26:09.307+0000][1536][gc,age      ] GC(412) - age   1:  101208472 bytes,  101208472 total
[2024-02-06T11:26:09.307+0000][1536][gc,age      ] GC(412) - age   2:     676368 bytes,  101884840 total
[2024-02-06T11:26:09.307+0000][1536][gc,heap     ] GC(412) Eden regions: 549->0(527)
[2024-02-06T11:26:09.307+0000][1536][gc,heap     ] GC(412) Survivor regions: 4->26(70)
[2024-02-06T11:26:09.307+0000][1536][gc,heap     ] GC(412) Old regions: 234->234
[2024-02-06T11:26:09.307+0000][1536][gc,heap     ] GC(412) Archive regions: 0->0
[2024-02-06T11:26:09.307+0000][1536][gc,heap     ] GC(412) Humongous regions: 2->2
[2024-02-06T11:26:09.307+0000][1536][gc,metaspace] GC(412) Metaspace: 132258K(138240K)->132258K(138240K) NonClass: 115208K(118976K)->115208K(118976K) Class: 17049K(19264K)->17049K(19264K)
[2024-02-06T11:26:09.307+0000][1536][gc          ] GC(412) Pause Young (Normal) (G1 Evacuation Pause) 3155M->1046M(4040M) 43.494ms
[2024-02-06T11:26:09.307+0000][1536][gc,cpu      ] GC(412) User=0.33s Sys=0.05s Real=0.04s
[2024-02-06T11:26:09.307+0000][1536][safepoint   ] Safepoint "G1CollectForAllocation", Time since last: 25939360400 ns, Reaching safepoint: 129800 ns, At safepoint: 43907600 ns, Total: 44037400 ns
[2024-02-06T11:26:37.346+0000][1536][gc,start    ] GC(413) Pause Young (Normal) (G1 Evacuation Pause)
[2024-02-06T11:26:37.346+0000][1536][gc,task     ] GC(413) Using 8 workers of 8 for evacuation
[2024-02-06T11:26:37.346+0000][1536][gc,age      ] GC(413) Desired survivor size 146800640 bytes, new threshold 15 (max threshold 15)
[2024-02-06T11:26:37.409+0000][1536][gc,phases   ] GC(413)   Pre Evacuate Collection Set: 0.2ms
[2024-02-06T11:26:37.409+0000][1536][gc,phases   ] GC(413)   Merge Heap Roots: 0.3ms
[2024-02-06T11:26:37.409+0000][1536][gc,phases   ] GC(413)   Evacuate Collection Set: 57.5ms
[2024-02-06T11:26:37.409+0000][1536][gc,phases   ] GC(413)   Post Evacuate Collection Set: 1.5ms
[2024-02-06T11:26:37.409+0000][1536][gc,phases   ] GC(413)   Other: 0.3ms
[2024-02-06T11:26:37.409+0000][1536][gc,age      ] GC(413) Age table with threshold 15 (max threshold 15)
[2024-02-06T11:26:37.409+0000][1536][gc,age      ] GC(413) - age   1:   84065128 bytes,   84065128 total
[2024-02-06T11:26:37.409+0000][1536][gc,age      ] GC(413) - age   2:   88055352 bytes,  172120480 total
[2024-02-06T11:26:37.409+0000][1536][gc,age      ] GC(413) - age   3:     393016 bytes,  172513496 total
[2024-02-06T11:26:37.409+0000][1536][gc,heap     ] GC(413) Eden regions: 527->0(512)
[2024-02-06T11:26:37.409+0000][1536][gc,heap     ] GC(413) Survivor regions: 26->43(70)
[2024-02-06T11:26:37.409+0000][1536][gc,heap     ] GC(413) Old regions: 234->234
[2024-02-06T11:26:37.409+0000][1536][gc,heap     ] GC(413) Archive regions: 0->0
[2024-02-06T11:26:37.409+0000][1536][gc,heap     ] GC(413) Humongous regions: 2->2
[2024-02-06T11:26:37.409+0000][1536][gc,metaspace] GC(413) Metaspace: 132258K(138240K)->132258K(138240K) NonClass: 115208K(118976K)->115208K(118976K) Class: 17049K(19264K)->17049K(19264K)
[2024-02-06T11:26:37.409+0000][1536][gc          ] GC(413) Pause Young (Normal) (G1 Evacuation Pause) 3154M->1115M(4040M) 60.535ms
[2024-02-06T11:26:37.409+0000][1536][gc,cpu      ] GC(413) User=0.39s Sys=0.03s Real=0.06s
[2024-02-06T11:26:37.409+0000][1536][safepoint   ] Safepoint "G1CollectForAllocation", Time since last: 28040710100 ns, Reaching safepoint: 139500 ns, At safepoint: 60909900 ns, Total: 61049400 ns
[2024-02-06T11:27:06.668+0000][1536][safepoint   ] Safepoint "Cleanup", Time since last: 29258336500 ns, Reaching safepoint: 257900 ns, At safepoint: 38700 ns, Total: 296600 ns
[2024-02-06T11:27:14.168+0000][1536][gc,start    ] GC(414) Pause Young (Concurrent Start) (G1 Evacuation Pause)
[2024-02-06T11:27:14.168+0000][1536][gc,task     ] GC(414) Using 8 workers of 8 for evacuation
[2024-02-06T11:27:14.168+0000][1536][gc,age      ] GC(414) Desired survivor size 146800640 bytes, new threshold 2 (max threshold 15)
[2024-02-06T11:27:14.261+0000][1536][gc,phases   ] GC(414)   Pre Evacuate Collection Set: 0.6ms
[2024-02-06T11:27:14.261+0000][1536][gc,phases   ] GC(414)   Merge Heap Roots: 0.3ms
[2024-02-06T11:27:14.261+0000][1536][gc,phases   ] GC(414)   Evacuate Collection Set: 88.8ms
[2024-02-06T11:27:14.261+0000][1536][gc,phases   ] GC(414)   Post Evacuate Collection Set: 1.4ms
[2024-02-06T11:27:14.261+0000][1536][gc,phases   ] GC(414)   Other: 0.2ms
[2024-02-06T11:27:14.261+0000][1536][gc,age      ] GC(414) Age table with threshold 2 (max threshold 15)
[2024-02-06T11:27:14.261+0000][1536][gc,age      ] GC(414) - age   1:   82202320 bytes,   82202320 total
[2024-02-06T11:27:14.261+0000][1536][gc,age      ] GC(414) - age   2:   69265408 bytes,  151467728 total
[2024-02-06T11:27:14.261+0000][1536][gc,heap     ] GC(414) Eden regions: 512->0(498)
[2024-02-06T11:27:14.261+0000][1536][gc,heap     ] GC(414) Survivor regions: 43->39(70)
[2024-02-06T11:27:14.261+0000][1536][gc,heap     ] GC(414) Old regions: 234->253
[2024-02-06T11:27:14.261+0000][1536][gc,heap     ] GC(414) Archive regions: 0->0
[2024-02-06T11:27:14.262+0000][1536][gc,heap     ] GC(414) Humongous regions: 2->2
[2024-02-06T11:27:14.262+0000][1536][gc,metaspace] GC(414) Metaspace: 132258K(138240K)->132258K(138240K) NonClass: 115208K(118976K)->115208K(118976K) Class: 17049K(19264K)->17049K(19264K)
[2024-02-06T11:27:14.262+0000][1536][gc          ] GC(414) Pause Young (Concurrent Start) (G1 Evacuation Pause) 3163M->1173M(4040M) 92.032ms
[2024-02-06T11:27:14.262+0000][1536][gc,cpu      ] GC(414) User=0.64s Sys=0.06s Real=0.09s
[2024-02-06T11:27:14.262+0000][1536][gc          ] GC(415) Concurrent Mark Cycle
[2024-02-06T11:27:14.262+0000][1536][gc,marking  ] GC(415) Concurrent Clear Claimed Marks
[2024-02-06T11:27:14.262+0000][1536][safepoint   ] Safepoint "G1CollectForAllocation", Time since last: 7501531000 ns, Reaching safepoint: 109100 ns, At safepoint: 92356400 ns, Total: 92465500 ns
[2024-02-06T11:27:14.262+0000][1536][gc,marking  ] GC(415) Concurrent Clear Claimed Marks 0.237ms
[2024-02-06T11:27:14.262+0000][1536][gc,marking  ] GC(415) Concurrent Scan Root Regions
[2024-02-06T11:27:14.327+0000][1536][gc,marking  ] GC(415) Concurrent Scan Root Regions 74.317ms
[2024-02-06T11:27:14.327+0000][1536][gc,marking  ] GC(415) Concurrent Mark
[2024-02-06T11:27:14.327+0000][1536][gc,marking  ] GC(415) Concurrent Mark From Roots
[2024-02-06T11:27:14.327+0000][1536][gc,task     ] GC(415) Using 2 workers of 2 for marking
[2024-02-06T11:27:14.724+0000][1536][gc,marking  ] GC(415) Concurrent Mark From Roots 386.297ms
[2024-02-06T11:27:14.724+0000][1536][gc,marking  ] GC(415) Concurrent Preclean
[2024-02-06T11:27:14.725+0000][1536][gc,marking  ] GC(415) Concurrent Preclean 1.050ms
[2024-02-06T11:27:14.725+0000][1536][gc,start    ] GC(415) Pause Remark
[2024-02-06T11:27:14.742+0000][1536][gc          ] GC(415) Pause Remark 1239M->1239M(4040M) 17.155ms
[2024-02-06T11:27:14.742+0000][1536][gc,cpu      ] GC(415) User=0.12s Sys=0.00s Real=0.02s
[2024-02-06T11:27:14.742+0000][1536][safepoint   ] Safepoint "G1Concurrent", Time since last: 462098300 ns, Reaching safepoint: 113300 ns, At safepoint: 17333100 ns, Total: 17446400 ns
[2024-02-06T11:27:14.742+0000][1536][gc,marking  ] GC(415) Concurrent Mark 405.057ms
[2024-02-06T11:27:14.742+0000][1536][gc,marking  ] GC(415) Concurrent Rebuild Remembered Sets
[2024-02-06T11:27:14.977+0000][1536][gc,marking  ] GC(415) Concurrent Rebuild Remembered Sets 235.330ms
[2024-02-06T11:27:14.977+0000][1536][gc,start    ] GC(415) Pause Cleanup
[2024-02-06T11:27:14.978+0000][1536][gc          ] GC(415) Pause Cleanup 1245M->1245M(4040M) 0.615ms
[2024-02-06T11:27:14.978+0000][1536][gc,cpu      ] GC(415) User=0.00s Sys=0.00s Real=0.00s
[2024-02-06T11:27:14.978+0000][1536][safepoint   ] Safepoint "G1Concurrent", Time since last: 235594000 ns, Reaching safepoint: 86500 ns, At safepoint: 744700 ns, Total: 831200 ns
[2024-02-06T11:27:14.978+0000][1536][gc,marking  ] GC(415) Concurrent Cleanup for Next Mark
[2024-02-06T11:27:14.988+0000][1536][gc,marking  ] GC(415) Concurrent Cleanup for Next Mark 9.770ms
[2024-02-06T11:27:14.988+0000][1536][gc          ] GC(415) Concurrent Mark Cycle 726.071ms
[2024-02-06T11:27:32.114+0000][1536][gc,start    ] GC(416) Pause Young (Prepare Mixed) (G1 Evacuation Pause)
[2024-02-06T11:27:32.114+0000][1536][gc,task     ] GC(416) Using 8 workers of 8 for evacuation
[2024-02-06T11:27:32.114+0000][1536][gc,age      ] GC(416) Desired survivor size 142606336 bytes, new threshold 2 (max threshold 15)
[2024-02-06T11:27:32.211+0000][1536][gc,phases   ] GC(416)   Pre Evacuate Collection Set: 0.2ms
[2024-02-06T11:27:32.211+0000][1536][gc,phases   ] GC(416)   Merge Heap Roots: 0.4ms
[2024-02-06T11:27:32.211+0000][1536][gc,phases   ] GC(416)   Evacuate Collection Set: 91.2ms
[2024-02-06T11:27:32.211+0000][1536][gc,phases   ] GC(416)   Post Evacuate Collection Set: 2.7ms
[2024-02-06T11:27:32.211+0000][1536][gc,phases   ] GC(416)   Other: 0.3ms
[2024-02-06T11:27:32.211+0000][1536][gc,age      ] GC(416) Age table with threshold 2 (max threshold 15)
[2024-02-06T11:27:32.211+0000][1536][gc,age      ] GC(416) - age   1:   89190128 bytes,   89190128 total
[2024-02-06T11:27:32.211+0000][1536][gc,age      ] GC(416) - age   2:   66837816 bytes,  156027944 total
[2024-02-06T11:27:32.211+0000][1536][gc,heap     ] GC(416) Eden regions: 498->0(11)
[2024-02-06T11:27:32.211+0000][1536][gc,heap     ] GC(416) Survivor regions: 39->39(68)
[2024-02-06T11:27:32.211+0000][1536][gc,heap     ] GC(416) Old regions: 253->268
[2024-02-06T11:27:32.211+0000][1536][gc,heap     ] GC(416) Archive regions: 0->0
[2024-02-06T11:27:32.211+0000][1536][gc,heap     ] GC(416) Humongous regions: 2->2
[2024-02-06T11:27:32.211+0000][1536][gc,metaspace] GC(416) Metaspace: 132258K(138240K)->132258K(138240K) NonClass: 115208K(118976K)->115208K(118976K) Class: 17049K(19264K)->17049K(19264K)
[2024-02-06T11:27:32.211+0000][1536][gc          ] GC(416) Pause Young (Prepare Mixed) (G1 Evacuation Pause) 3165M->1233M(4040M) 95.505ms
[2024-02-06T11:27:32.211+0000][1536][gc,cpu      ] GC(416) User=0.52s Sys=0.14s Real=0.10s
[2024-02-06T11:27:32.211+0000][1536][safepoint   ] Safepoint "G1CollectForAllocation", Time since last: 17138897500 ns, Reaching safepoint: 126400 ns, At safepoint: 95792200 ns, Total: 95918600 ns
[2024-02-06T11:27:32.420+0000][1536][gc,start    ] GC(417) Pause Young (Mixed) (G1 Evacuation Pause)
[2024-02-06T11:27:32.420+0000][1536][gc,task     ] GC(417) Using 8 workers of 8 for evacuation
[2024-02-06T11:27:32.420+0000][1536][gc,age      ] GC(417) Desired survivor size 14680064 bytes, new threshold 1 (max threshold 15)
[2024-02-06T11:27:32.593+0000][1536][gc,phases   ] GC(417)   Pre Evacuate Collection Set: 0.2ms
[2024-02-06T11:27:32.593+0000][1536][gc,phases   ] GC(417)   Merge Heap Roots: 0.3ms
[2024-02-06T11:27:32.593+0000][1536][gc,phases   ] GC(417)   Evacuate Collection Set: 170.3ms
[2024-02-06T11:27:32.593+0000][1536][gc,phases   ] GC(417)   Post Evacuate Collection Set: 1.2ms
[2024-02-06T11:27:32.593+0000][1536][gc,phases   ] GC(417)   Other: 1.4ms
[2024-02-06T11:27:32.593+0000][1536][gc,age      ] GC(417) Age table with threshold 1 (max threshold 15)
[2024-02-06T11:27:32.593+0000][1536][gc,age      ] GC(417) - age   1:    1321472 bytes,    1321472 total
[2024-02-06T11:27:32.593+0000][1536][gc,heap     ] GC(417) Eden regions: 11->0(545)
[2024-02-06T11:27:32.593+0000][1536][gc,heap     ] GC(417) Survivor regions: 39->4(7)
[2024-02-06T11:27:32.593+0000][1536][gc,heap     ] GC(417) Old regions: 268->235
[2024-02-06T11:27:32.593+0000][1536][gc,heap     ] GC(417) Archive regions: 0->0
[2024-02-06T11:27:32.593+0000][1536][gc,heap     ] GC(417) Humongous regions: 2->2
[2024-02-06T11:27:32.593+0000][1536][gc,metaspace] GC(417) Metaspace: 132258K(138240K)->132258K(138240K) NonClass: 115208K(118976K)->115208K(118976K) Class: 17049K(19264K)->17049K(19264K)
[2024-02-06T11:27:32.593+0000][1536][gc          ] GC(417) Pause Young (Mixed) (G1 Evacuation Pause) 1277M->962M(4040M) 173.961ms
[2024-02-06T11:27:32.593+0000][1536][gc,cpu      ] GC(417) User=0.48s Sys=0.53s Real=0.17s
[2024-02-06T11:27:32.594+0000][1536][safepoint   ] Safepoint "G1CollectForAllocation", Time since last: 206437000 ns, Reaching safepoint: 88200 ns, At safepoint: 174510400 ns, Total: 174598600 ns
[2024-02-06T11:27:57.413+0000][1536][gc,start    ] GC(418) Pause Young (Normal) (G1 Evacuation Pause)
[2024-02-06T11:27:57.413+0000][1536][gc,task     ] GC(418) Using 8 workers of 8 for evacuation
[2024-02-06T11:27:57.413+0000][1536][gc,age      ] GC(418) Desired survivor size 144703488 bytes, new threshold 15 (max threshold 15)
[2024-02-06T11:27:57.446+0000][1536][gc,phases   ] GC(418)   Pre Evacuate Collection Set: 0.3ms
[2024-02-06T11:27:57.446+0000][1536][gc,phases   ] GC(418)   Merge Heap Roots: 0.3ms
[2024-02-06T11:27:57.446+0000][1536][gc,phases   ] GC(418)   Evacuate Collection Set: 40.4ms
[2024-02-06T11:27:57.446+0000][1536][gc,phases   ] GC(418)   Post Evacuate Collection Set: 2.3ms
[2024-02-06T11:27:57.446+0000][1536][gc,phases   ] GC(418)   Other: 0.3ms
[2024-02-06T11:27:57.446+0000][1536][gc,age      ] GC(418) Age table with threshold 15 (max threshold 15)
[2024-02-06T11:27:57.446+0000][1536][gc,age      ] GC(418) - age   1:   89107592 bytes,   89107592 total
[2024-02-06T11:27:57.446+0000][1536][gc,age      ] GC(418) - age   2:     860160 bytes,   89967752 total
[2024-02-06T11:27:57.446+0000][1536][gc,heap     ] GC(418) Eden regions: 545->0(529)
[2024-02-06T11:27:57.446+0000][1536][gc,heap     ] GC(418) Survivor regions: 4->23(69)
[2024-02-06T11:27:57.446+0000][1536][gc,heap     ] GC(418) Old regions: 235->235
[2024-02-06T11:27:57.446+0000][1536][gc,heap     ] GC(418) Archive regions: 0->0
[2024-02-06T11:27:57.446+0000][1536][gc,heap     ] GC(418) Humongous regions: 2->2
[2024-02-06T11:27:57.446+0000][1536][gc,metaspace] GC(418) Metaspace: 132258K(138240K)->132258K(138240K) NonClass: 115208K(118976K)->115208K(118976K) Class: 17049K(19264K)->17049K(19264K)
[2024-02-06T11:27:57.446+0000][1536][gc          ] GC(418) Pause Young (Normal) (G1 Evacuation Pause) 3142M->1036M(4040M) 44.176ms
[2024-02-06T11:27:57.446+0000][1536][gc,cpu      ] GC(418) User=0.23s Sys=0.00s Real=0.03s
[2024-02-06T11:27:57.446+0000][1536][safepoint   ] Safepoint "G1CollectForAllocation", Time since last: 24819720900 ns, Reaching safepoint: 138900 ns, At safepoint: 44451300 ns, Total: 44590200 ns
[2024-02-06T11:28:24.093+0000][1536][gc,start    ] GC(419) Pause Young (Normal) (G1 Evacuation Pause)
[2024-02-06T11:28:24.093+0000][1536][gc,task     ] GC(419) Using 8 workers of 8 for evacuation
[2024-02-06T11:28:24.093+0000][1536][gc,age      ] GC(419) Desired survivor size 144703488 bytes, new threshold 15 (max threshold 15)
[2024-02-06T11:28:24.158+0000][1536][gc,phases   ] GC(419)   Pre Evacuate Collection Set: 2.8ms
[2024-02-06T11:28:24.158+0000][1536][gc,phases   ] GC(419)   Merge Heap Roots: 0.2ms
[2024-02-06T11:28:24.158+0000][1536][gc,phases   ] GC(419)   Evacuate Collection Set: 60.2ms
[2024-02-06T11:28:24.158+0000][1536][gc,phases   ] GC(419)   Post Evacuate Collection Set: 1.6ms
[2024-02-06T11:28:24.158+0000][1536][gc,phases   ] GC(419)   Other: 0.3ms
[2024-02-06T11:28:24.158+0000][1536][gc,age      ] GC(419) Age table with threshold 15 (max threshold 15)
[2024-02-06T11:28:24.158+0000][1536][gc,age      ] GC(419) - age   1:  100821296 bytes,  100821296 total
[2024-02-06T11:28:24.158+0000][1536][gc,age      ] GC(419) - age   2:   75009568 bytes,  175830864 total
[2024-02-06T11:28:24.158+0000][1536][gc,age      ] GC(419) - age   3:     717152 bytes,  176548016 total
[2024-02-06T11:28:24.158+0000][1536][gc,heap     ] GC(419) Eden regions: 529->0(507)
[2024-02-06T11:28:24.158+0000][1536][gc,heap     ] GC(419) Survivor regions: 23->45(69)
[2024-02-06T11:28:24.158+0000][1536][gc,heap     ] GC(419) Old regions: 235->235
[2024-02-06T11:28:24.158+0000][1536][gc,heap     ] GC(419) Archive regions: 0->0
[2024-02-06T11:28:24.158+0000][1536][gc,heap     ] GC(419) Humongous regions: 2->2
[2024-02-06T11:28:24.158+0000][1536][gc,metaspace] GC(419) Metaspace: 132258K(138240K)->132258K(138240K) NonClass: 115208K(118976K)->115208K(118976K) Class: 17049K(19264K)->17049K(19264K)
[2024-02-06T11:28:24.158+0000][1536][gc          ] GC(419) Pause Young (Normal) (G1 Evacuation Pause) 3152M->1123M(4040M) 65.664ms
[2024-02-06T11:28:24.158+0000][1536][gc,cpu      ] GC(419) User=0.39s Sys=0.02s Real=0.07s
[2024-02-06T11:28:24.159+0000][1536][safepoint   ] Safepoint "G1CollectForAllocation", Time since last: 26634279900 ns, Reaching safepoint: 137700 ns, At safepoint: 65935400 ns, Total: 66073100 ns
[2024-02-06T11:29:00.277+0000][1536][gc,start    ] GC(420) Pause Young (Concurrent Start) (G1 Evacuation Pause)
[2024-02-06T11:29:00.277+0000][1536][gc,task     ] GC(420) Using 8 workers of 8 for evacuation
[2024-02-06T11:29:00.277+0000][1536][gc,age      ] GC(420) Desired survivor size 144703488 bytes, new threshold 2 (max threshold 15)
[2024-02-06T11:29:00.480+0000][1536][gc,mmu      ] GC(420) MMU target violated: 201.0ms (200.0ms/201.0ms)
[2024-02-06T11:29:00.481+0000][1536][gc,phases   ] GC(420)   Pre Evacuate Collection Set: 1.3ms
[2024-02-06T11:29:00.481+0000][1536][gc,phases   ] GC(420)   Merge Heap Roots: 0.2ms
[2024-02-06T11:29:00.481+0000][1536][gc,phases   ] GC(420)   Evacuate Collection Set: 200.3ms
[2024-02-06T11:29:00.481+0000][1536][gc,phases   ] GC(420)   Post Evacuate Collection Set: 1.5ms
[2024-02-06T11:29:00.481+0000][1536][gc,phases   ] GC(420)   Other: 0.3ms
[2024-02-06T11:29:00.481+0000][1536][gc,age      ] GC(420) Age table with threshold 2 (max threshold 15)
[2024-02-06T11:29:00.481+0000][1536][gc,age      ] GC(420) - age   1:   84189312 bytes,   84189312 total
[2024-02-06T11:29:00.481+0000][1536][gc,age      ] GC(420) - age   2:   84335576 bytes,  168524888 total
[2024-02-06T11:29:00.481+0000][1536][gc,heap     ] GC(420) Eden regions: 507->0(495)
[2024-02-06T11:29:00.481+0000][1536][gc,heap     ] GC(420) Survivor regions: 45->43(69)
[2024-02-06T11:29:00.481+0000][1536][gc,heap     ] GC(420) Old regions: 235->250
[2024-02-06T11:29:00.481+0000][1536][gc,heap     ] GC(420) Archive regions: 0->0
[2024-02-06T11:29:00.481+0000][1536][gc,heap     ] GC(420) Humongous regions: 2->2
[2024-02-06T11:29:00.481+0000][1536][gc,metaspace] GC(420) Metaspace: 132258K(138240K)->132258K(138240K) NonClass: 115208K(118976K)->115208K(118976K) Class: 17049K(19264K)->17049K(19264K)
[2024-02-06T11:29:00.481+0000][1536][gc          ] GC(420) Pause Young (Concurrent Start) (G1 Evacuation Pause) 3151M->1174M(4040M) 204.221ms
[2024-02-06T11:29:00.481+0000][1536][gc,cpu      ] GC(420) User=0.61s Sys=0.03s Real=0.20s
[2024-02-06T11:29:00.481+0000][1536][gc          ] GC(421) Concurrent Mark Cycle
[2024-02-06T11:29:00.481+0000][1536][gc,marking  ] GC(421) Concurrent Clear Claimed Marks
[2024-02-06T11:29:00.482+0000][1536][gc,marking  ] GC(421) Concurrent Clear Claimed Marks 0.248ms
[2024-02-06T11:29:00.482+0000][1536][safepoint   ] Safepoint "G1CollectForAllocation", Time since last: 36118225100 ns, Reaching safepoint: 154000 ns, At safepoint: 204763100 ns, Total: 204917100 ns
[2024-02-06T11:29:00.482+0000][1536][gc,marking  ] GC(421) Concurrent Scan Root Regions
[2024-02-06T11:29:00.554+0000][1536][gc,marking  ] GC(421) Concurrent Scan Root Regions 71.646ms
[2024-02-06T11:29:00.554+0000][1536][gc,marking  ] GC(421) Concurrent Mark
[2024-02-06T11:29:00.554+0000][1536][gc,marking  ] GC(421) Concurrent Mark From Roots
[2024-02-06T11:29:00.554+0000][1536][gc,task     ] GC(421) Using 2 workers of 2 for marking
[2024-02-06T11:29:00.927+0000][1536][gc,marking  ] GC(421) Concurrent Mark From Roots 376.691ms
[2024-02-06T11:29:00.927+0000][1536][gc,marking  ] GC(421) Concurrent Preclean
[2024-02-06T11:29:00.927+0000][1536][gc,marking  ] GC(421) Concurrent Preclean 1.000ms
[2024-02-06T11:29:00.927+0000][1536][gc,start    ] GC(421) Pause Remark
[2024-02-06T11:29:00.946+0000][1536][gc          ] GC(421) Pause Remark 1238M->1238M(4040M) 20.194ms
[2024-02-06T11:29:00.946+0000][1536][gc,cpu      ] GC(421) User=0.12s Sys=0.00s Real=0.02s
[2024-02-06T11:29:00.946+0000][1536][safepoint   ] Safepoint "G1Concurrent", Time since last: 449622500 ns, Reaching safepoint: 93900 ns, At safepoint: 20361300 ns, Total: 20455200 ns
[2024-02-06T11:29:00.946+0000][1536][gc,marking  ] GC(421) Concurrent Mark 398.366ms
[2024-02-06T11:29:00.946+0000][1536][gc,marking  ] GC(421) Concurrent Rebuild Remembered Sets
[2024-02-06T11:29:01.210+0000][1536][gc,marking  ] GC(421) Concurrent Rebuild Remembered Sets 257.885ms
[2024-02-06T11:29:01.210+0000][1536][gc,start    ] GC(421) Pause Cleanup
[2024-02-06T11:29:01.211+0000][1536][gc          ] GC(421) Pause Cleanup 1277M->1277M(4040M) 0.639ms
[2024-02-06T11:29:01.211+0000][1536][gc,cpu      ] GC(421) User=0.00s Sys=0.00s Real=0.00s
[2024-02-06T11:29:01.211+0000][1536][safepoint   ] Safepoint "G1Concurrent", Time since last: 258145100 ns, Reaching safepoint: 116900 ns, At safepoint: 850100 ns, Total: 967000 ns
[2024-02-06T11:29:01.211+0000][1536][gc,marking  ] GC(421) Concurrent Cleanup for Next Mark
[2024-02-06T11:29:01.242+0000][1536][gc,marking  ] GC(421) Concurrent Cleanup for Next Mark 30.602ms
[2024-02-06T11:29:01.242+0000][1536][gc          ] GC(421) Concurrent Mark Cycle 760.264ms
[2024-02-06T11:29:18.279+0000][1536][gc,start    ] GC(422) Pause Young (Prepare Mixed) (G1 Evacuation Pause)
[2024-02-06T11:29:18.279+0000][1536][gc,task     ] GC(422) Using 8 workers of 8 for evacuation
[2024-02-06T11:29:18.279+0000][1536][gc,age      ] GC(422) Desired survivor size 142606336 bytes, new threshold 2 (max threshold 15)
[2024-02-06T11:29:18.395+0000][1536][gc,phases   ] GC(422)   Pre Evacuate Collection Set: 0.3ms
[2024-02-06T11:29:18.395+0000][1536][gc,phases   ] GC(422)   Merge Heap Roots: 0.6ms
[2024-02-06T11:29:18.395+0000][1536][gc,phases   ] GC(422)   Evacuate Collection Set: 112.6ms
[2024-02-06T11:29:18.395+0000][1536][gc,phases   ] GC(422)   Post Evacuate Collection Set: 1.6ms
[2024-02-06T11:29:18.395+0000][1536][gc,phases   ] GC(422)   Other: 0.3ms
[2024-02-06T11:29:18.395+0000][1536][gc,age      ] GC(422) Age table with threshold 2 (max threshold 15)
[2024-02-06T11:29:18.395+0000][1536][gc,age      ] GC(422) - age   1:   84562424 bytes,   84562424 total
[2024-02-06T11:29:18.395+0000][1536][gc,age      ] GC(422) - age   2:   67634688 bytes,  152197112 total
[2024-02-06T11:29:18.395+0000][1536][gc,heap     ] GC(422) Eden regions: 495->0(11)
[2024-02-06T11:29:18.395+0000][1536][gc,heap     ] GC(422) Survivor regions: 43->39(68)
[2024-02-06T11:29:18.395+0000][1536][gc,heap     ] GC(422) Old regions: 250->267
[2024-02-06T11:29:18.395+0000][1536][gc,heap     ] GC(422) Archive regions: 0->0
[2024-02-06T11:29:18.395+0000][1536][gc,heap     ] GC(422) Humongous regions: 2->2
[2024-02-06T11:29:18.395+0000][1536][gc,metaspace] GC(422) Metaspace: 132258K(138240K)->132258K(138240K) NonClass: 115208K(118976K)->115208K(118976K) Class: 17049K(19264K)->17049K(19264K)
[2024-02-06T11:29:18.395+0000][1536][gc          ] GC(422) Pause Young (Prepare Mixed) (G1 Evacuation Pause) 3154M->1227M(4040M) 115.957ms
[2024-02-06T11:29:18.395+0000][1536][gc,cpu      ] GC(422) User=0.86s Sys=0.08s Real=0.12s
[2024-02-06T11:29:18.395+0000][1536][safepoint   ] Safepoint "G1CollectForAllocation", Time since last: 17077039500 ns, Reaching safepoint: 195300 ns, At safepoint: 116196100 ns, Total: 116391400 ns
[2024-02-06T11:29:18.651+0000][1536][gc,start    ] GC(423) Pause Young (Mixed) (G1 Evacuation Pause)
[2024-02-06T11:29:18.651+0000][1536][gc,task     ] GC(423) Using 8 workers of 8 for evacuation
[2024-02-06T11:29:18.651+0000][1536][gc,age      ] GC(423) Desired survivor size 14680064 bytes, new threshold 1 (max threshold 15)
[2024-02-06T11:29:18.795+0000][1536][gc,phases   ] GC(423)   Pre Evacuate Collection Set: 0.3ms
[2024-02-06T11:29:18.795+0000][1536][gc,phases   ] GC(423)   Merge Heap Roots: 0.6ms
[2024-02-06T11:29:18.795+0000][1536][gc,phases   ] GC(423)   Evacuate Collection Set: 134.2ms
[2024-02-06T11:29:18.795+0000][1536][gc,phases   ] GC(423)   Post Evacuate Collection Set: 1.9ms
[2024-02-06T11:29:18.795+0000][1536][gc,phases   ] GC(423)   Other: 0.3ms
[2024-02-06T11:29:18.795+0000][1536][gc,age      ] GC(423) Age table with threshold 1 (max threshold 15)
[2024-02-06T11:29:18.795+0000][1536][gc,age      ] GC(423) - age   1:    1773192 bytes,    1773192 total
[2024-02-06T11:29:18.795+0000][1536][gc,heap     ] GC(423) Eden regions: 11->0(548)
[2024-02-06T11:29:18.795+0000][1536][gc,heap     ] GC(423) Survivor regions: 39->4(7)
[2024-02-06T11:29:18.795+0000][1536][gc,heap     ] GC(423) Old regions: 267->233
[2024-02-06T11:29:18.795+0000][1536][gc,heap     ] GC(423) Archive regions: 0->0
[2024-02-06T11:29:18.795+0000][1536][gc,heap     ] GC(423) Humongous regions: 2->2
[2024-02-06T11:29:18.795+0000][1536][gc,metaspace] GC(423) Metaspace: 132258K(138240K)->132258K(138240K) NonClass: 115208K(118976K)->115208K(118976K) Class: 17049K(19264K)->17049K(19264K)
[2024-02-06T11:29:18.795+0000][1536][gc          ] GC(423) Pause Young (Mixed) (G1 Evacuation Pause) 1271M->956M(4040M) 137.803ms
[2024-02-06T11:29:18.795+0000][1536][gc,cpu      ] GC(423) User=0.59s Sys=0.38s Real=0.14s
[2024-02-06T11:29:18.795+0000][1536][safepoint   ] Safepoint "G1CollectForAllocation", Time since last: 257581000 ns, Reaching safepoint: 167600 ns, At safepoint: 138196100 ns, Total: 138363700 ns
[2024-02-06T11:29:47.322+0000][1536][gc,start    ] GC(424) Pause Young (Normal) (G1 Evacuation Pause)
[2024-02-06T11:29:47.322+0000][1536][gc,task     ] GC(424) Using 8 workers of 8 for evacuation
[2024-02-06T11:29:47.322+0000][1536][gc,age      ] GC(424) Desired survivor size 144703488 bytes, new threshold 15 (max threshold 15)
[2024-02-06T11:29:47.381+0000][1536][gc,phases   ] GC(424)   Pre Evacuate Collection Set: 0.5ms
[2024-02-06T11:29:47.381+0000][1536][gc,phases   ] GC(424)   Merge Heap Roots: 0.5ms
[2024-02-06T11:29:47.381+0000][1536][gc,phases   ] GC(424)   Evacuate Collection Set: 54.9ms
[2024-02-06T11:29:47.381+0000][1536][gc,phases   ] GC(424)   Post Evacuate Collection Set: 1.8ms
[2024-02-06T11:29:47.381+0000][1536][gc,phases   ] GC(424)   Other: 0.5ms
[2024-02-06T11:29:47.381+0000][1536][gc,age      ] GC(424) Age table with threshold 15 (max threshold 15)
[2024-02-06T11:29:47.381+0000][1536][gc,age      ] GC(424) - age   1:   93316736 bytes,   93316736 total
[2024-02-06T11:29:47.381+0000][1536][gc,age      ] GC(424) - age   2:    1278920 bytes,   94595656 total
[2024-02-06T11:29:47.381+0000][1536][gc,heap     ] GC(424) Eden regions: 548->0(530)
[2024-02-06T11:29:47.381+0000][1536][gc,heap     ] GC(424) Survivor regions: 4->24(69)
[2024-02-06T11:29:47.381+0000][1536][gc,heap     ] GC(424) Old regions: 233->233
[2024-02-06T11:29:47.381+0000][1536][gc,heap     ] GC(424) Archive regions: 0->0
[2024-02-06T11:29:47.381+0000][1536][gc,heap     ] GC(424) Humongous regions: 2->2
[2024-02-06T11:29:47.381+0000][1536][gc,metaspace] GC(424) Metaspace: 132258K(138240K)->132258K(138240K) NonClass: 115208K(118976K)->115208K(118976K) Class: 17049K(19264K)->17049K(19264K)
[2024-02-06T11:29:47.381+0000][1536][gc          ] GC(424) Pause Young (Normal) (G1 Evacuation Pause) 3148M->1035M(4040M) 59.209ms
[2024-02-06T11:29:47.381+0000][1536][gc,cpu      ] GC(424) User=0.50s Sys=0.00s Real=0.06s
[2024-02-06T11:29:47.381+0000][1536][safepoint   ] Safepoint "G1CollectForAllocation", Time since last: 28522140900 ns, Reaching safepoint: 251300 ns, At safepoint: 59524500 ns, Total: 59775800 ns
[2024-02-06T11:30:15.367+0000][1536][gc,start    ] GC(425) Pause Young (Normal) (G1 Evacuation Pause)
[2024-02-06T11:30:15.367+0000][1536][gc,task     ] GC(425) Using 8 workers of 8 for evacuation
[2024-02-06T11:30:15.367+0000][1536][gc,age      ] GC(425) Desired survivor size 146800640 bytes, new threshold 15 (max threshold 15)
[2024-02-06T11:30:15.433+0000][1536][gc,phases   ] GC(425)   Pre Evacuate Collection Set: 0.3ms
[2024-02-06T11:30:15.433+0000][1536][gc,phases   ] GC(425)   Merge Heap Roots: 0.3ms
[2024-02-06T11:30:15.433+0000][1536][gc,phases   ] GC(425)   Evacuate Collection Set: 58.5ms
[2024-02-06T11:30:15.433+0000][1536][gc,phases   ] GC(425)   Post Evacuate Collection Set: 1.3ms
[2024-02-06T11:30:15.433+0000][1536][gc,phases   ] GC(425)   Other: 0.3ms
[2024-02-06T11:30:15.433+0000][1536][gc,age      ] GC(425) Age table with threshold 15 (max threshold 15)
[2024-02-06T11:30:15.433+0000][1536][gc,age      ] GC(425) - age   1:   81933320 bytes,   81933320 total
[2024-02-06T11:30:15.433+0000][1536][gc,age      ] GC(425) - age   2:   81705488 bytes,  163638808 total
[2024-02-06T11:30:15.433+0000][1536][gc,age      ] GC(425) - age   3:    1256856 bytes,  164895664 total
[2024-02-06T11:30:15.433+0000][1536][gc,heap     ] GC(425) Eden regions: 530->0(516)
[2024-02-06T11:30:15.433+0000][1536][gc,heap     ] GC(425) Survivor regions: 24->41(70)
[2024-02-06T11:30:15.433+0000][1536][gc,heap     ] GC(425) Old regions: 233->233
[2024-02-06T11:30:15.433+0000][1536][gc,heap     ] GC(425) Archive regions: 0->0
[2024-02-06T11:30:15.433+0000][1536][gc,heap     ] GC(425) Humongous regions: 2->2
[2024-02-06T11:30:15.433+0000][1536][gc,metaspace] GC(425) Metaspace: 132258K(138240K)->132258K(138240K) NonClass: 115209K(118976K)->115209K(118976K) Class: 17049K(19264K)->17049K(19264K)
[2024-02-06T11:30:15.433+0000][1536][gc          ] GC(425) Pause Young (Normal) (G1 Evacuation Pause) 3155M->1104M(4040M) 61.249ms
[2024-02-06T11:30:15.433+0000][1536][gc,cpu      ] GC(425) User=0.48s Sys=0.00s Real=0.07s
[2024-02-06T11:30:15.433+0000][1536][safepoint   ] Safepoint "G1CollectForAllocation", Time since last: 27989077500 ns, Reaching safepoint: 98600 ns, At safepoint: 61564200 ns, Total: 61662800 ns
[2024-02-06T11:30:47.314+0000][1536][gc,start    ] GC(426) Pause Young (Concurrent Start) (G1 Evacuation Pause)
[2024-02-06T11:30:47.314+0000][1536][gc,task     ] GC(426) Using 8 workers of 8 for evacuation
[2024-02-06T11:30:47.314+0000][1536][gc,age      ] GC(426) Desired survivor size 146800640 bytes, new threshold 2 (max threshold 15)
[2024-02-06T11:30:47.420+0000][1536][gc,phases   ] GC(426)   Pre Evacuate Collection Set: 0.8ms
[2024-02-06T11:30:47.420+0000][1536][gc,phases   ] GC(426)   Merge Heap Roots: 0.5ms
[2024-02-06T11:30:47.420+0000][1536][gc,phases   ] GC(426)   Evacuate Collection Set: 100.3ms
[2024-02-06T11:30:47.420+0000][1536][gc,phases   ] GC(426)   Post Evacuate Collection Set: 1.4ms
[2024-02-06T11:30:47.420+0000][1536][gc,phases   ] GC(426)   Other: 0.4ms
[2024-02-06T11:30:47.420+0000][1536][gc,age      ] GC(426) Age table with threshold 2 (max threshold 15)
[2024-02-06T11:30:47.420+0000][1536][gc,age      ] GC(426) - age   1:   90714784 bytes,   90714784 total
[2024-02-06T11:30:47.420+0000][1536][gc,age      ] GC(426) - age   2:   71471968 bytes,  162186752 total
[2024-02-06T11:30:47.420+0000][1536][gc,heap     ] GC(426) Eden regions: 516->0(500)
[2024-02-06T11:30:47.420+0000][1536][gc,heap     ] GC(426) Survivor regions: 41->41(70)
[2024-02-06T11:30:47.420+0000][1536][gc,heap     ] GC(426) Old regions: 233->250
[2024-02-06T11:30:47.420+0000][1536][gc,heap     ] GC(426) Archive regions: 0->0
[2024-02-06T11:30:47.420+0000][1536][gc,heap     ] GC(426) Humongous regions: 2->2
[2024-02-06T11:30:47.420+0000][1536][gc,metaspace] GC(426) Metaspace: 132258K(138240K)->132258K(138240K) NonClass: 115209K(118976K)->115209K(118976K) Class: 17049K(19264K)->17049K(19264K)
[2024-02-06T11:30:47.420+0000][1536][gc          ] GC(426) Pause Young (Concurrent Start) (G1 Evacuation Pause) 3167M->1169M(4040M) 103.853ms
[2024-02-06T11:30:47.420+0000][1536][gc          ] GC(427) Concurrent Mark Cycle
[2024-02-06T11:30:47.420+0000][1536][gc,cpu      ] GC(426) User=0.59s Sys=0.06s Real=0.11s
[2024-02-06T11:30:47.420+0000][1536][gc,marking  ] GC(427) Concurrent Clear Claimed Marks
[2024-02-06T11:30:47.421+0000][1536][safepoint   ] Safepoint "G1CollectForAllocation", Time since last: 31882760100 ns, Reaching safepoint: 232800 ns, At safepoint: 104115600 ns, Total: 104348400 ns
[2024-02-06T11:30:47.421+0000][1536][gc,marking  ] GC(427) Concurrent Clear Claimed Marks 0.302ms
[2024-02-06T11:30:47.421+0000][1536][gc,marking  ] GC(427) Concurrent Scan Root Regions
[2024-02-06T11:30:47.460+0000][1536][gc,marking  ] GC(427) Concurrent Scan Root Regions 52.489ms
[2024-02-06T11:30:47.460+0000][1536][gc,marking  ] GC(427) Concurrent Mark
[2024-02-06T11:30:47.460+0000][1536][gc,marking  ] GC(427) Concurrent Mark From Roots
[2024-02-06T11:30:47.460+0000][1536][gc,task     ] GC(427) Using 2 workers of 2 for marking
[2024-02-06T11:30:47.815+0000][1536][gc,marking  ] GC(427) Concurrent Mark From Roots 345.847ms
[2024-02-06T11:30:47.815+0000][1536][gc,marking  ] GC(427) Concurrent Preclean
[2024-02-06T11:30:47.815+0000][1536][gc,marking  ] GC(427) Concurrent Preclean 1.285ms
[2024-02-06T11:30:47.815+0000][1536][gc,start    ] GC(427) Pause Remark
[2024-02-06T11:30:47.837+0000][1536][gc          ] GC(427) Pause Remark 1232M->1228M(4040M) 18.063ms
[2024-02-06T11:30:47.837+0000][1536][gc,cpu      ] GC(427) User=0.12s Sys=0.00s Real=0.02s
[2024-02-06T11:30:47.839+0000][1536][safepoint   ] Safepoint "G1Concurrent", Time since last: 400144400 ns, Reaching safepoint: 98300 ns, At safepoint: 18522700 ns, Total: 18621000 ns
[2024-02-06T11:30:47.839+0000][1536][gc,marking  ] GC(427) Concurrent Mark 366.065ms
[2024-02-06T11:30:47.839+0000][1536][gc,marking  ] GC(427) Concurrent Rebuild Remembered Sets
[2024-02-06T11:30:48.104+0000][1536][gc,marking  ] GC(427) Concurrent Rebuild Remembered Sets 266.706ms
[2024-02-06T11:30:48.104+0000][1536][gc,start    ] GC(427) Pause Cleanup
[2024-02-06T11:30:48.104+0000][1536][gc          ] GC(427) Pause Cleanup 1277M->1277M(4040M) 0.465ms
[2024-02-06T11:30:48.104+0000][1536][gc,cpu      ] GC(427) User=0.00s Sys=0.00s Real=0.00s
[2024-02-06T11:30:48.104+0000][1536][safepoint   ] Safepoint "G1Concurrent", Time since last: 266947300 ns, Reaching safepoint: 88800 ns, At safepoint: 595300 ns, Total: 684100 ns
[2024-02-06T11:30:48.104+0000][1536][gc,marking  ] GC(427) Concurrent Cleanup for Next Mark
[2024-02-06T11:30:48.134+0000][1536][gc,marking  ] GC(427) Concurrent Cleanup for Next Mark 27.429ms
[2024-02-06T11:30:48.134+0000][1536][gc          ] GC(427) Concurrent Mark Cycle 714.144ms
[2024-02-06T11:37:21.613+0000][1536][safepoint   ] Safepoint "Cleanup", Time since last: 393259609500 ns, Reaching safepoint: 205501500 ns, At safepoint: 50067700 ns, Total: 255569200 ns
[2024-02-06T11:37:23.637+0000][1536][safepoint   ] Safepoint "Cleanup", Time since last: 2022856900 ns, Reaching safepoint: 165000 ns, At safepoint: 917000 ns, Total: 1082000 ns
[2024-02-06T11:37:30.834+0000][1536][safepoint   ] Safepoint "Cleanup", Time since last: 7034088400 ns, Reaching safepoint: 161901200 ns, At safepoint: 887900 ns, Total: 162789100 ns
[2024-02-06T11:37:32.212+0000][1536][gc,start    ] GC(428) Pause Young (Prepare Mixed) (G1 Evacuation Pause)
[2024-02-06T11:37:32.212+0000][1536][gc,task     ] GC(428) Using 8 workers of 8 for evacuation
[2024-02-06T11:37:32.212+0000][1536][gc,age      ] GC(428) Desired survivor size 142606336 bytes, new threshold 2 (max threshold 15)
[2024-02-06T11:37:32.281+0000][1536][gc,phases   ] GC(428)   Pre Evacuate Collection Set: 0.2ms
[2024-02-06T11:37:32.281+0000][1536][gc,phases   ] GC(428)   Merge Heap Roots: 0.2ms
[2024-02-06T11:37:32.281+0000][1536][gc,phases   ] GC(428)   Evacuate Collection Set: 67.2ms
[2024-02-06T11:37:32.281+0000][1536][gc,phases   ] GC(428)   Post Evacuate Collection Set: 1.3ms
[2024-02-06T11:37:32.281+0000][1536][gc,phases   ] GC(428)   Other: 0.2ms
[2024-02-06T11:37:32.281+0000][1536][gc,age      ] GC(428) Age table with threshold 2 (max threshold 15)
[2024-02-06T11:37:32.281+0000][1536][gc,age      ] GC(428) - age   1:   82742216 bytes,   82742216 total
[2024-02-06T11:37:32.281+0000][1536][gc,age      ] GC(428) - age   2:   75534152 bytes,  158276368 total
[2024-02-06T11:37:32.281+0000][1536][gc,heap     ] GC(428) Eden regions: 500->0(10)
[2024-02-06T11:37:32.281+0000][1536][gc,heap     ] GC(428) Survivor regions: 41->40(68)
[2024-02-06T11:37:32.281+0000][1536][gc,heap     ] GC(428) Old regions: 249->263
[2024-02-06T11:37:32.281+0000][1536][gc,heap     ] GC(428) Archive regions: 0->0
[2024-02-06T11:37:32.281+0000][1536][gc,heap     ] GC(428) Humongous regions: 2->2
[2024-02-06T11:37:32.281+0000][1536][gc,metaspace] GC(428) Metaspace: 132259K(138240K)->132259K(138240K) NonClass: 115209K(118976K)->115209K(118976K) Class: 17049K(19264K)->17049K(19264K)
[2024-02-06T11:37:32.281+0000][1536][gc          ] GC(428) Pause Young (Prepare Mixed) (G1 Evacuation Pause) 3165M->1218M(4040M) 69.541ms
[2024-02-06T11:37:32.281+0000][1536][gc,cpu      ] GC(428) User=0.42s Sys=0.08s Real=0.07s
[2024-02-06T11:37:32.282+0000][1536][safepoint   ] Safepoint "G1CollectForAllocation", Time since last: 1321445600 ns, Reaching safepoint: 56602600 ns, At safepoint: 69868000 ns, Total: 126470600 ns
[2024-02-06T11:37:32.825+0000][1536][gc,start    ] GC(429) Pause Young (Mixed) (G1 Evacuation Pause)
[2024-02-06T11:37:32.825+0000][1536][gc,task     ] GC(429) Using 8 workers of 8 for evacuation
[2024-02-06T11:37:32.825+0000][1536][gc,age      ] GC(429) Desired survivor size 14680064 bytes, new threshold 1 (max threshold 15)
[2024-02-06T11:37:33.030+0000][1536][gc,mmu      ] GC(429) MMU target violated: 201.0ms (200.0ms/201.0ms)
[2024-02-06T11:37:33.030+0000][1536][gc,phases   ] GC(429)   Pre Evacuate Collection Set: 0.1ms
[2024-02-06T11:37:33.030+0000][1536][gc,phases   ] GC(429)   Merge Heap Roots: 0.1ms
[2024-02-06T11:37:33.030+0000][1536][gc,phases   ] GC(429)   Evacuate Collection Set: 213.4ms
[2024-02-06T11:37:33.030+0000][1536][gc,phases   ] GC(429)   Post Evacuate Collection Set: 1.0ms
[2024-02-06T11:37:33.030+0000][1536][gc,phases   ] GC(429)   Other: 1.0ms
[2024-02-06T11:37:33.030+0000][1536][gc,age      ] GC(429) Age table with threshold 1 (max threshold 15)
[2024-02-06T11:37:33.030+0000][1536][gc,age      ] GC(429) - age   1:    2218312 bytes,    2218312 total
[2024-02-06T11:37:33.030+0000][1536][gc,heap     ] GC(429) Eden regions: 10->0(552)
[2024-02-06T11:37:33.030+0000][1536][gc,heap     ] GC(429) Survivor regions: 40->4(7)
[2024-02-06T11:37:33.030+0000][1536][gc,heap     ] GC(429) Old regions: 263->230
[2024-02-06T11:37:33.030+0000][1536][gc,heap     ] GC(429) Archive regions: 0->0
[2024-02-06T11:37:33.030+0000][1536][gc,heap     ] GC(429) Humongous regions: 2->2
[2024-02-06T11:37:33.030+0000][1536][gc,metaspace] GC(429) Metaspace: 132259K(138240K)->132259K(138240K) NonClass: 115209K(118976K)->115209K(118976K) Class: 17049K(19264K)->17049K(19264K)
[2024-02-06T11:37:33.030+0000][1536][gc          ] GC(429) Pause Young (Mixed) (G1 Evacuation Pause) 1258M->942M(4040M) 215.896ms
[2024-02-06T11:37:33.030+0000][1536][gc,cpu      ] GC(429) User=0.20s Sys=0.84s Real=0.20s
[2024-02-06T11:37:33.046+0000][1536][safepoint   ] Safepoint "G1CollectForAllocation", Time since last: 546021900 ns, Reaching safepoint: 698100 ns, At safepoint: 216731100 ns, Total: 217429200 ns
[2024-02-06T11:37:42.161+0000][1536][safepoint   ] Safepoint "Cleanup", Time since last: 9037405300 ns, Reaching safepoint: 78194300 ns, At safepoint: 435400 ns, Total: 78629700 ns
[2024-02-06T11:37:43.747+0000][1536][safepoint   ] Safepoint "Cleanup", Time since last: 1551856100 ns, Reaching safepoint: 34014900 ns, At safepoint: 286800 ns, Total: 34301700 ns
[2024-02-06T11:37:44.904+0000][1536][safepoint   ] Safepoint "Cleanup", Time since last: 1000579100 ns, Reaching safepoint: 156153400 ns, At safepoint: 98100 ns, Total: 156251500 ns
[2024-02-06T11:45:57.576+0000][1536][safepoint   ] Safepoint "Cleanup", Time since last: 498390816100 ns, Reaching safepoint: 271653200 ns, At safepoint: 1022900 ns, Total: 272676100 ns
[2024-02-06T11:45:59.832+0000][1536][safepoint   ] Safepoint "Cleanup", Time since last: 1285686300 ns, Reaching safepoint: 968661800 ns, At safepoint: 2437800 ns, Total: 971099600 ns
[2024-02-06T11:46:00.959+0000][1536][safepoint   ] Safepoint "Cleanup", Time since last: 1001817700 ns, Reaching safepoint: 123751600 ns, At safepoint: 289900 ns, Total: 124041500 ns
[2024-02-06T11:46:04.135+0000][1536][safepoint   ] Safepoint "Cleanup", Time since last: 3000178300 ns, Reaching safepoint: 171820800 ns, At safepoint: 5055200 ns, Total: 176876000 ns
[2024-02-06T11:46:08.338+0000][1536][safepoint   ] Safepoint "Cleanup", Time since last: 4029949100 ns, Reaching safepoint: 171919700 ns, At safepoint: 451600 ns, Total: 172371300 ns
[2024-02-06T11:46:09.420+0000][1536][safepoint   ] Safepoint "Cleanup", Time since last: 1003974800 ns, Reaching safepoint: 77522500 ns, At safepoint: 402700 ns, Total: 77925200 ns
[2024-02-06T11:46:26.233+0000][1536][gc,start    ] GC(430) Pause Young (Normal) (G1 Evacuation Pause)
[2024-02-06T11:46:26.838+0000][1536][gc,task     ] GC(430) Using 8 workers of 8 for evacuation
[2024-02-06T11:46:26.838+0000][1536][gc,age      ] GC(430) Desired survivor size 146800640 bytes, new threshold 15 (max threshold 15)
[2024-02-06T11:46:30.072+0000][1536][gc,mmu      ] GC(430) MMU target violated: 201.0ms (200.0ms/201.0ms)
[2024-02-06T11:46:30.072+0000][1536][gc,phases   ] GC(430)   Pre Evacuate Collection Set: 0.2ms
[2024-02-06T11:46:30.072+0000][1536][gc,phases   ] GC(430)   Merge Heap Roots: 1412.5ms
[2024-02-06T11:46:30.072+0000][1536][gc,phases   ] GC(430)   Evacuate Collection Set: 1825.3ms
[2024-02-06T11:46:30.072+0000][1536][gc,phases   ] GC(430)   Post Evacuate Collection Set: 1.1ms
[2024-02-06T11:46:30.072+0000][1536][gc,phases   ] GC(430)   Other: 608.7ms
[2024-02-06T11:46:30.072+0000][1536][gc,age      ] GC(430) Age table with threshold 15 (max threshold 15)
[2024-02-06T11:46:30.072+0000][1536][gc,age      ] GC(430) - age   1:   63945824 bytes,   63945824 total
[2024-02-06T11:46:30.072+0000][1536][gc,age      ] GC(430) - age   2:    1282920 bytes,   65228744 total
[2024-02-06T11:46:30.072+0000][1536][gc,heap     ] GC(430) Eden regions: 552->0(33)
[2024-02-06T11:46:30.072+0000][1536][gc,heap     ] GC(430) Survivor regions: 4->17(70)
[2024-02-06T11:46:30.072+0000][1536][gc,heap     ] GC(430) Old regions: 230->230
[2024-02-06T11:46:30.072+0000][1536][gc,heap     ] GC(430) Archive regions: 0->0
[2024-02-06T11:46:30.072+0000][1536][gc,heap     ] GC(430) Humongous regions: 2->2
[2024-02-06T11:46:30.072+0000][1536][gc,metaspace] GC(430) Metaspace: 132261K(138240K)->132261K(138240K) NonClass: 115211K(118976K)->115211K(118976K) Class: 17050K(19264K)->17050K(19264K)
[2024-02-06T11:46:30.072+0000][1536][gc          ] GC(430) Pause Young (Normal) (G1 Evacuation Pause) 3150M->993M(4040M) 3848.035ms
[2024-02-06T11:46:30.072+0000][1536][gc,cpu      ] GC(430) User=0.12s Sys=0.00s Real=3.84s
[2024-02-06T11:46:30.072+0000][1536][safepoint   ] Safepoint "G1CollectForAllocation", Time since last: 16394905900 ns, Reaching safepoint: 418570100 ns, At safepoint: 3848804500 ns, Total: 4267374600 ns
[2024-02-06T11:46:32.634+0000][1536][gc,start    ] GC(431) Pause Young (Normal) (G1 Evacuation Pause)
[2024-02-06T11:46:32.634+0000][1536][gc,task     ] GC(431) Using 8 workers of 8 for evacuation
[2024-02-06T11:46:32.634+0000][1536][gc,age      ] GC(431) Desired survivor size 14680064 bytes, new threshold 1 (max threshold 15)
[2024-02-06T11:46:32.696+0000][1536][gc,phases   ] GC(431)   Pre Evacuate Collection Set: 0.1ms
[2024-02-06T11:46:32.696+0000][1536][gc,phases   ] GC(431)   Merge Heap Roots: 0.2ms
[2024-02-06T11:46:32.696+0000][1536][gc,phases   ] GC(431)   Evacuate Collection Set: 62.4ms
[2024-02-06T11:46:32.696+0000][1536][gc,phases   ] GC(431)   Post Evacuate Collection Set: 1.1ms
[2024-02-06T11:46:32.696+0000][1536][gc,phases   ] GC(431)   Other: 0.8ms
[2024-02-06T11:46:32.696+0000][1536][gc,age      ] GC(431) Age table with threshold 1 (max threshold 15)
[2024-02-06T11:46:32.696+0000][1536][gc,age      ] GC(431) - age   1:    1496328 bytes,    1496328 total
[2024-02-06T11:46:32.696+0000][1536][gc,heap     ] GC(431) Eden regions: 33->0(47)
[2024-02-06T11:46:32.696+0000][1536][gc,heap     ] GC(431) Survivor regions: 17->3(7)
[2024-02-06T11:46:32.696+0000][1536][gc,heap     ] GC(431) Old regions: 230->247
[2024-02-06T11:46:32.696+0000][1536][gc,heap     ] GC(431) Archive regions: 0->0
[2024-02-06T11:46:32.696+0000][1536][gc,heap     ] GC(431) Humongous regions: 2->2
[2024-02-06T11:46:32.696+0000][1536][gc,metaspace] GC(431) Metaspace: 132261K(138240K)->132261K(138240K) NonClass: 115211K(118976K)->115211K(118976K) Class: 17050K(19264K)->17050K(19264K)
[2024-02-06T11:46:32.696+0000][1536][gc          ] GC(431) Pause Young (Normal) (G1 Evacuation Pause) 1125M->1002M(4040M) 65.052ms
[2024-02-06T11:46:32.696+0000][1536][gc,cpu      ] GC(431) User=0.09s Sys=0.17s Real=0.06s
[2024-02-06T11:46:32.696+0000][1536][safepoint   ] Safepoint "G1CollectForAllocation", Time since last: 1310496300 ns, Reaching safepoint: 1240917400 ns, At safepoint: 65395500 ns, Total: 1306312900 ns
[2024-02-06T11:46:35.817+0000][1536][safepoint   ] Safepoint "Cleanup", Time since last: 3008135000 ns, Reaching safepoint: 109294100 ns, At safepoint: 219600 ns, Total: 109513700 ns
[2024-02-06T11:46:38.237+0000][1536][gc,start    ] GC(432) Pause Young (Normal) (G1 Evacuation Pause)
[2024-02-06T11:46:38.237+0000][1536][gc,task     ] GC(432) Using 8 workers of 8 for evacuation
[2024-02-06T11:46:38.237+0000][1536][gc,age      ] GC(432) Desired survivor size 14680064 bytes, new threshold 15 (max threshold 15)
[2024-02-06T11:46:38.248+0000][1536][gc,phases   ] GC(432)   Pre Evacuate Collection Set: 0.2ms
[2024-02-06T11:46:38.248+0000][1536][gc,phases   ] GC(432)   Merge Heap Roots: 0.1ms
[2024-02-06T11:46:38.248+0000][1536][gc,phases   ] GC(432)   Evacuate Collection Set: 9.3ms
[2024-02-06T11:46:38.248+0000][1536][gc,phases   ] GC(432)   Post Evacuate Collection Set: 0.8ms
[2024-02-06T11:46:38.248+0000][1536][gc,phases   ] GC(432)   Other: 0.1ms
[2024-02-06T11:46:38.248+0000][1536][gc,age      ] GC(432) Age table with threshold 15 (max threshold 15)
[2024-02-06T11:46:38.248+0000][1536][gc,age      ] GC(432) - age   1:    9526712 bytes,    9526712 total
[2024-02-06T11:46:38.248+0000][1536][gc,age      ] GC(432) - age   2:     674056 bytes,   10200768 total
[2024-02-06T11:46:38.248+0000][1536][gc,heap     ] GC(432) Eden regions: 47->0(47)
[2024-02-06T11:46:38.248+0000][1536][gc,heap     ] GC(432) Survivor regions: 3->3(7)
[2024-02-06T11:46:38.248+0000][1536][gc,heap     ] GC(432) Old regions: 247->247
[2024-02-06T11:46:38.248+0000][1536][gc,heap     ] GC(432) Archive regions: 0->0
[2024-02-06T11:46:38.248+0000][1536][gc,heap     ] GC(432) Humongous regions: 2->2
[2024-02-06T11:46:38.248+0000][1536][gc,metaspace] GC(432) Metaspace: 132261K(138240K)->132261K(138240K) NonClass: 115211K(118976K)->115211K(118976K) Class: 17050K(19264K)->17050K(19264K)
[2024-02-06T11:46:38.248+0000][1536][gc          ] GC(432) Pause Young (Normal) (G1 Evacuation Pause) 1190M->1004M(4040M) 10.701ms
[2024-02-06T11:46:38.248+0000][1536][gc,cpu      ] GC(432) User=0.00s Sys=0.00s Real=0.01s
[2024-02-06T11:46:38.248+0000][1536][safepoint   ] Safepoint "G1CollectForAllocation", Time since last: 2379790800 ns, Reaching safepoint: 40598600 ns, At safepoint: 11099000 ns, Total: 51697600 ns
[2024-02-06T11:46:38.967+0000][1536][gc,start    ] GC(433) Pause Young (Normal) (G1 Evacuation Pause)
[2024-02-06T11:46:38.967+0000][1536][gc,task     ] GC(433) Using 8 workers of 8 for evacuation
[2024-02-06T11:46:38.967+0000][1536][gc,age      ] GC(433) Desired survivor size 14680064 bytes, new threshold 15 (max threshold 15)
[2024-02-06T11:46:38.972+0000][1536][gc,phases   ] GC(433)   Pre Evacuate Collection Set: 0.1ms
[2024-02-06T11:46:38.972+0000][1536][gc,phases   ] GC(433)   Merge Heap Roots: 0.1ms
[2024-02-06T11:46:38.972+0000][1536][gc,phases   ] GC(433)   Evacuate Collection Set: 4.1ms
[2024-02-06T11:46:38.972+0000][1536][gc,phases   ] GC(433)   Post Evacuate Collection Set: 0.8ms
[2024-02-06T11:46:38.972+0000][1536][gc,phases   ] GC(433)   Other: 0.1ms
[2024-02-06T11:46:38.972+0000][1536][gc,age      ] GC(433) Age table with threshold 15 (max threshold 15)
[2024-02-06T11:46:38.972+0000][1536][gc,age      ] GC(433) - age   1:    1889160 bytes,    1889160 total
[2024-02-06T11:46:38.972+0000][1536][gc,age      ] GC(433) - age   2:    8511248 bytes,   10400408 total
[2024-02-06T11:46:38.972+0000][1536][gc,age      ] GC(433) - age   3:     639640 bytes,   11040048 total
[2024-02-06T11:46:38.972+0000][1536][gc,heap     ] GC(433) Eden regions: 47->0(47)
[2024-02-06T11:46:38.972+0000][1536][gc,heap     ] GC(433) Survivor regions: 3->3(7)
[2024-02-06T11:46:38.972+0000][1536][gc,heap     ] GC(433) Old regions: 247->247
[2024-02-06T11:46:38.972+0000][1536][gc,heap     ] GC(433) Archive regions: 0->0
[2024-02-06T11:46:38.972+0000][1536][gc,heap     ] GC(433) Humongous regions: 2->2
[2024-02-06T11:46:38.972+0000][1536][gc,metaspace] GC(433) Metaspace: 132261K(138240K)->132261K(138240K) NonClass: 115211K(118976K)->115211K(118976K) Class: 17050K(19264K)->17050K(19264K)
[2024-02-06T11:46:38.972+0000][1536][gc          ] GC(433) Pause Young (Normal) (G1 Evacuation Pause) 1192M->1004M(4040M) 5.490ms
[2024-02-06T11:46:38.972+0000][1536][gc,cpu      ] GC(433) User=0.11s Sys=0.00s Real=0.00s
[2024-02-06T11:46:38.972+0000][1536][safepoint   ] Safepoint "G1CollectForAllocation", Time since last: 673157300 ns, Reaching safepoint: 45374800 ns, At safepoint: 5616400 ns, Total: 50991200 ns
[2024-02-06T11:46:39.557+0000][1536][gc,start    ] GC(434) Pause Young (Normal) (G1 Evacuation Pause)
[2024-02-06T11:46:39.557+0000][1536][gc,task     ] GC(434) Using 8 workers of 8 for evacuation
[2024-02-06T11:46:39.557+0000][1536][gc,age      ] GC(434) Desired survivor size 14680064 bytes, new threshold 15 (max threshold 15)
[2024-02-06T11:46:39.563+0000][1536][gc,phases   ] GC(434)   Pre Evacuate Collection Set: 0.1ms
[2024-02-06T11:46:39.563+0000][1536][gc,phases   ] GC(434)   Merge Heap Roots: 0.1ms
[2024-02-06T11:46:39.563+0000][1536][gc,phases   ] GC(434)   Evacuate Collection Set: 5.0ms
[2024-02-06T11:46:39.563+0000][1536][gc,phases   ] GC(434)   Post Evacuate Collection Set: 0.8ms
[2024-02-06T11:46:39.563+0000][1536][gc,phases   ] GC(434)   Other: 0.1ms
[2024-02-06T11:46:39.563+0000][1536][gc,age      ] GC(434) Age table with threshold 15 (max threshold 15)
[2024-02-06T11:46:39.563+0000][1536][gc,age      ] GC(434) - age   1:    2244936 bytes,    2244936 total
[2024-02-06T11:46:39.563+0000][1536][gc,age      ] GC(434) - age   2:    1469440 bytes,    3714376 total
[2024-02-06T11:46:39.563+0000][1536][gc,age      ] GC(434) - age   3:    8334264 bytes,   12048640 total
[2024-02-06T11:46:39.563+0000][1536][gc,age      ] GC(434) - age   4:     639640 bytes,   12688280 total
[2024-02-06T11:46:39.563+0000][1536][gc,heap     ] GC(434) Eden regions: 47->0(46)
[2024-02-06T11:46:39.563+0000][1536][gc,heap     ] GC(434) Survivor regions: 3->4(7)
[2024-02-06T11:46:39.563+0000][1536][gc,heap     ] GC(434) Old regions: 247->247
[2024-02-06T11:46:39.563+0000][1536][gc,heap     ] GC(434) Archive regions: 0->0
[2024-02-06T11:46:39.563+0000][1536][gc,heap     ] GC(434) Humongous regions: 2->2
[2024-02-06T11:46:39.563+0000][1536][gc,metaspace] GC(434) Metaspace: 132261K(138240K)->132261K(138240K) NonClass: 115211K(118976K)->115211K(118976K) Class: 17050K(19264K)->17050K(19264K)
[2024-02-06T11:46:39.563+0000][1536][gc          ] GC(434) Pause Young (Normal) (G1 Evacuation Pause) 1192M->1005M(4040M) 6.421ms
[2024-02-06T11:46:39.563+0000][1536][gc,cpu      ] GC(434) User=0.00s Sys=0.00s Real=0.01s
[2024-02-06T11:46:39.563+0000][1536][safepoint   ] Safepoint "G1CollectForAllocation", Time since last: 536263800 ns, Reaching safepoint: 48316000 ns, At safepoint: 6699700 ns, Total: 55015700 ns
[2024-02-06T11:46:40.239+0000][1536][gc,start    ] GC(435) Pause Young (Normal) (G1 Evacuation Pause)
[2024-02-06T11:46:40.239+0000][1536][gc,task     ] GC(435) Using 8 workers of 8 for evacuation
[2024-02-06T11:46:40.239+0000][1536][gc,age      ] GC(435) Desired survivor size 14680064 bytes, new threshold 15 (max threshold 15)
[2024-02-06T11:46:40.288+0000][1536][gc,phases   ] GC(435)   Pre Evacuate Collection Set: 0.1ms
[2024-02-06T11:46:40.288+0000][1536][gc,phases   ] GC(435)   Merge Heap Roots: 0.1ms
[2024-02-06T11:46:40.288+0000][1536][gc,phases   ] GC(435)   Evacuate Collection Set: 48.2ms
[2024-02-06T11:46:40.288+0000][1536][gc,phases   ] GC(435)   Post Evacuate Collection Set: 0.7ms
[2024-02-06T11:46:40.288+0000][1536][gc,phases   ] GC(435)   Other: 0.1ms
[2024-02-06T11:46:40.288+0000][1536][gc,age      ] GC(435) Age table with threshold 15 (max threshold 15)
[2024-02-06T11:46:40.288+0000][1536][gc,age      ] GC(435) - age   1:    1446456 bytes,    1446456 total
[2024-02-06T11:46:40.288+0000][1536][gc,age      ] GC(435) - age   2:    1822200 bytes,    3268656 total
[2024-02-06T11:46:40.288+0000][1536][gc,age      ] GC(435) - age   3:    1403624 bytes,    4672280 total
[2024-02-06T11:46:40.288+0000][1536][gc,age      ] GC(435) - age   4:    8117920 bytes,   12790200 total
[2024-02-06T11:46:40.288+0000][1536][gc,age      ] GC(435) - age   5:     639544 bytes,   13429744 total
[2024-02-06T11:46:40.288+0000][1536][gc,heap     ] GC(435) Eden regions: 46->0(46)
[2024-02-06T11:46:40.288+0000][1536][gc,heap     ] GC(435) Survivor regions: 4->4(7)
[2024-02-06T11:46:40.288+0000][1536][gc,heap     ] GC(435) Old regions: 247->247
[2024-02-06T11:46:40.288+0000][1536][gc,heap     ] GC(435) Archive regions: 0->0
[2024-02-06T11:46:40.288+0000][1536][gc,heap     ] GC(435) Humongous regions: 2->2
[2024-02-06T11:46:40.288+0000][1536][gc,metaspace] GC(435) Metaspace: 132261K(138240K)->132261K(138240K) NonClass: 115211K(118976K)->115211K(118976K) Class: 17050K(19264K)->17050K(19264K)
[2024-02-06T11:46:40.288+0000][1536][gc          ] GC(435) Pause Young (Normal) (G1 Evacuation Pause) 1189M->1007M(4040M) 49.449ms
[2024-02-06T11:46:40.288+0000][1536][gc,cpu      ] GC(435) User=0.03s Sys=0.00s Real=0.05s
[2024-02-06T11:46:40.289+0000][1536][safepoint   ] Safepoint "G1CollectForAllocation", Time since last: 588708300 ns, Reaching safepoint: 86620400 ns, At safepoint: 50044700 ns, Total: 136665100 ns
[2024-02-06T11:46:43.447+0000][1536][safepoint   ] Safepoint "Cleanup", Time since last: 3000829700 ns, Reaching safepoint: 157267900 ns, At safepoint: 210300 ns, Total: 157478200 ns
[2024-02-06T11:46:44.375+0000][1536][gc,start    ] GC(436) Pause Young (Normal) (G1 Evacuation Pause)
[2024-02-06T11:46:44.391+0000][1536][gc,task     ] GC(436) Using 8 workers of 8 for evacuation
[2024-02-06T11:46:44.391+0000][1536][gc,age      ] GC(436) Desired survivor size 14680064 bytes, new threshold 15 (max threshold 15)
[2024-02-06T11:46:44.391+0000][1536][gc,phases   ] GC(436)   Pre Evacuate Collection Set: 0.1ms
[2024-02-06T11:46:44.391+0000][1536][gc,phases   ] GC(436)   Merge Heap Roots: 0.1ms
[2024-02-06T11:46:44.391+0000][1536][gc,phases   ] GC(436)   Evacuate Collection Set: 5.9ms
[2024-02-06T11:46:44.391+0000][1536][gc,phases   ] GC(436)   Post Evacuate Collection Set: 0.8ms
[2024-02-06T11:46:44.391+0000][1536][gc,phases   ] GC(436)   Other: 0.1ms
[2024-02-06T11:46:44.391+0000][1536][gc,age      ] GC(436) Age table with threshold 15 (max threshold 15)
[2024-02-06T11:46:44.391+0000][1536][gc,age      ] GC(436) - age   1:    6526160 bytes,    6526160 total
[2024-02-06T11:46:44.391+0000][1536][gc,age      ] GC(436) - age   2:    1001360 bytes,    7527520 total
[2024-02-06T11:46:44.391+0000][1536][gc,age      ] GC(436) - age   3:    1711784 bytes,    9239304 total
[2024-02-06T11:46:44.391+0000][1536][gc,age      ] GC(436) - age   4:    1115944 bytes,   10355248 total
[2024-02-06T11:46:44.391+0000][1536][gc,age      ] GC(436) - age   5:    7338064 bytes,   17693312 total
[2024-02-06T11:46:44.391+0000][1536][gc,age      ] GC(436) - age   6:     634776 bytes,   18328088 total
[2024-02-06T11:46:44.391+0000][1536][gc,heap     ] GC(436) Eden regions: 46->0(198)
[2024-02-06T11:46:44.391+0000][1536][gc,heap     ] GC(436) Survivor regions: 4->5(7)
[2024-02-06T11:46:44.391+0000][1536][gc,heap     ] GC(436) Old regions: 247->247
[2024-02-06T11:46:44.391+0000][1536][gc,heap     ] GC(436) Archive regions: 0->0
[2024-02-06T11:46:44.391+0000][1536][gc,heap     ] GC(436) Humongous regions: 2->2
[2024-02-06T11:46:44.391+0000][1536][gc,metaspace] GC(436) Metaspace: 132261K(138240K)->132261K(138240K) NonClass: 115211K(118976K)->115211K(118976K) Class: 17050K(19264K)->17050K(19264K)
[2024-02-06T11:46:44.391+0000][1536][gc          ] GC(436) Pause Young (Normal) (G1 Evacuation Pause) 1191M->1011M(4040M) 24.769ms
[2024-02-06T11:46:44.391+0000][1536][gc,cpu      ] GC(436) User=0.00s Sys=0.00s Real=0.02s
[2024-02-06T11:46:44.391+0000][1536][safepoint   ] Safepoint "G1CollectForAllocation", Time since last: 867971500 ns, Reaching safepoint: 60235100 ns, At safepoint: 25063100 ns, Total: 85298200 ns
[2024-02-06T11:47:23.410+0000][1536][gc,start    ] GC(437) Pause Young (Normal) (G1 Evacuation Pause)
[2024-02-06T11:47:23.410+0000][1536][gc,task     ] GC(437) Using 8 workers of 8 for evacuation
[2024-02-06T11:47:23.410+0000][1536][gc,age      ] GC(437) Desired survivor size 54525952 bytes, new threshold 15 (max threshold 15)
[2024-02-06T11:47:23.428+0000][1536][gc,phases   ] GC(437)   Pre Evacuate Collection Set: 0.2ms
[2024-02-06T11:47:23.428+0000][1536][gc,phases   ] GC(437)   Merge Heap Roots: 0.2ms
[2024-02-06T11:47:23.428+0000][1536][gc,phases   ] GC(437)   Evacuate Collection Set: 13.8ms
[2024-02-06T11:47:23.428+0000][1536][gc,phases   ] GC(437)   Post Evacuate Collection Set: 2.8ms
[2024-02-06T11:47:23.428+0000][1536][gc,phases   ] GC(437)   Other: 0.8ms
[2024-02-06T11:47:23.428+0000][1536][gc,age      ] GC(437) Age table with threshold 15 (max threshold 15)
[2024-02-06T11:47:23.428+0000][1536][gc,age      ] GC(437) - age   1:   24977640 bytes,   24977640 total
[2024-02-06T11:47:23.428+0000][1536][gc,age      ] GC(437) - age   2:    4118792 bytes,   29096432 total
[2024-02-06T11:47:23.428+0000][1536][gc,age      ] GC(437) - age   3:     579456 bytes,   29675888 total
[2024-02-06T11:47:23.428+0000][1536][gc,age      ] GC(437) - age   4:    1076800 bytes,   30752688 total
[2024-02-06T11:47:23.428+0000][1536][gc,age      ] GC(437) - age   5:     858176 bytes,   31610864 total
[2024-02-06T11:47:23.428+0000][1536][gc,age      ] GC(437) - age   6:    5951624 bytes,   37562488 total
[2024-02-06T11:47:23.428+0000][1536][gc,age      ] GC(437) - age   7:     597456 bytes,   38159944 total
[2024-02-06T11:47:23.428+0000][1536][gc,heap     ] GC(437) Eden regions: 198->0(548)
[2024-02-06T11:47:23.428+0000][1536][gc,heap     ] GC(437) Survivor regions: 5->10(26)
[2024-02-06T11:47:23.428+0000][1536][gc,heap     ] GC(437) Old regions: 247->247
[2024-02-06T11:47:23.428+0000][1536][gc,heap     ] GC(437) Archive regions: 0->0
[2024-02-06T11:47:23.428+0000][1536][gc,heap     ] GC(437) Humongous regions: 2->2
[2024-02-06T11:47:23.428+0000][1536][gc,metaspace] GC(437) Metaspace: 132266K(138240K)->132266K(138240K) NonClass: 115216K(118976K)->115216K(118976K) Class: 17050K(19264K)->17050K(19264K)
[2024-02-06T11:47:23.428+0000][1536][gc          ] GC(437) Pause Young (Normal) (G1 Evacuation Pause) 1803M->1031M(4040M) 18.041ms
[2024-02-06T11:47:23.428+0000][1536][gc,cpu      ] GC(437) User=0.12s Sys=0.00s Real=0.02s
[2024-02-06T11:47:23.428+0000][1536][safepoint   ] Safepoint "G1CollectForAllocation", Time since last: 38800068800 ns, Reaching safepoint: 209674100 ns, At safepoint: 18457500 ns, Total: 228131600 ns
[2024-02-06T11:47:28.273+0000][1536][safepoint   ] Safepoint "Cleanup", Time since last: 4657331400 ns, Reaching safepoint: 185991800 ns, At safepoint: 2243900 ns, Total: 188235700 ns
[2024-02-06T11:47:29.499+0000][1536][safepoint   ] Safepoint "Cleanup", Time since last: 1005604700 ns, Reaching safepoint: 217298900 ns, At safepoint: 1506000 ns, Total: 218804900 ns
[2024-02-06T11:47:30.751+0000][1536][safepoint   ] Safepoint "Cleanup", Time since last: 1000124000 ns, Reaching safepoint: 250919900 ns, At safepoint: 1047400 ns, Total: 251967300 ns
[2024-02-06T11:47:35.956+0000][1536][safepoint   ] Safepoint "Cleanup", Time since last: 5014052100 ns, Reaching safepoint: 189291700 ns, At safepoint: 2372300 ns, Total: 191664000 ns
[2024-02-06T11:47:50.042+0000][1536][safepoint   ] Safepoint "Cleanup", Time since last: 14046207400 ns, Reaching safepoint: 38923100 ns, At safepoint: 300400 ns, Total: 39223500 ns
[2024-02-06T11:47:51.115+0000][1536][safepoint   ] Safepoint "Cleanup", Time since last: 1000163000 ns, Reaching safepoint: 72978800 ns, At safepoint: 433300 ns, Total: 73412100 ns
[2024-02-06T11:47:55.269+0000][1536][safepoint   ] Safepoint "Cleanup", Time since last: 4016860300 ns, Reaching safepoint: 135457000 ns, At safepoint: 1237500 ns, Total: 136694500 ns
[2024-02-06T11:48:40.720+0000][1536][gc,start    ] GC(438) Pause Young (Normal) (G1 Evacuation Pause)
[2024-02-06T11:48:40.720+0000][1536][gc,task     ] GC(438) Using 8 workers of 8 for evacuation
[2024-02-06T11:48:40.720+0000][1536][gc,age      ] GC(438) Desired survivor size 146800640 bytes, new threshold 15 (max threshold 15)
[2024-02-06T11:48:40.836+0000][1536][gc,phases   ] GC(438)   Pre Evacuate Collection Set: 0.4ms
[2024-02-06T11:48:40.836+0000][1536][gc,phases   ] GC(438)   Merge Heap Roots: 0.5ms
[2024-02-06T11:48:40.836+0000][1536][gc,phases   ] GC(438)   Evacuate Collection Set: 110.2ms
[2024-02-06T11:48:40.836+0000][1536][gc,phases   ] GC(438)   Post Evacuate Collection Set: 1.0ms
[2024-02-06T11:48:40.836+0000][1536][gc,phases   ] GC(438)   Other: 2.7ms
[2024-02-06T11:48:40.836+0000][1536][gc,age      ] GC(438) Age table with threshold 15 (max threshold 15)
[2024-02-06T11:48:40.836+0000][1536][gc,age      ] GC(438) - age   1:   52511560 bytes,   52511560 total
[2024-02-06T11:48:40.836+0000][1536][gc,age      ] GC(438) - age   2:   17530168 bytes,   70041728 total
[2024-02-06T11:48:40.836+0000][1536][gc,age      ] GC(438) - age   3:    3532184 bytes,   73573912 total
[2024-02-06T11:48:40.836+0000][1536][gc,age      ] GC(438) - age   4:     566256 bytes,   74140168 total
[2024-02-06T11:48:40.836+0000][1536][gc,age      ] GC(438) - age   5:     705440 bytes,   74845608 total
[2024-02-06T11:48:40.836+0000][1536][gc,age      ] GC(438) - age   6:     807816 bytes,   75653424 total
[2024-02-06T11:48:40.836+0000][1536][gc,age      ] GC(438) - age   7:    5674064 bytes,   81327488 total
[2024-02-06T11:48:40.836+0000][1536][gc,age      ] GC(438) - age   8:     583008 bytes,   81910496 total
[2024-02-06T11:48:40.836+0000][1536][gc,heap     ] GC(438) Eden regions: 548->0(199)
[2024-02-06T11:48:40.836+0000][1536][gc,heap     ] GC(438) Survivor regions: 10->21(70)
[2024-02-06T11:48:40.836+0000][1536][gc,heap     ] GC(438) Old regions: 247->247
[2024-02-06T11:48:40.836+0000][1536][gc,heap     ] GC(438) Archive regions: 0->0
[2024-02-06T11:48:40.836+0000][1536][gc,heap     ] GC(438) Humongous regions: 2->2
[2024-02-06T11:48:40.836+0000][1536][gc,metaspace] GC(438) Metaspace: 132273K(138240K)->132273K(138240K) NonClass: 115223K(118976K)->115223K(118976K) Class: 17050K(19264K)->17050K(19264K)
[2024-02-06T11:48:40.836+0000][1536][gc          ] GC(438) Pause Young (Normal) (G1 Evacuation Pause) 3223M->1075M(4040M) 115.424ms
[2024-02-06T11:48:40.836+0000][1536][gc,cpu      ] GC(438) User=0.30s Sys=0.20s Real=0.12s
[2024-02-06T11:48:40.836+0000][1536][safepoint   ] Safepoint "G1CollectForAllocation", Time since last: 45376282200 ns, Reaching safepoint: 75223600 ns, At safepoint: 116175600 ns, Total: 191399200 ns
[2024-02-06T11:49:04.882+0000][1536][gc,start    ] GC(439) Pause Young (Concurrent Start) (G1 Evacuation Pause)
[2024-02-06T11:49:04.882+0000][1536][gc,task     ] GC(439) Using 8 workers of 8 for evacuation
[2024-02-06T11:49:04.882+0000][1536][gc,age      ] GC(439) Desired survivor size 58720256 bytes, new threshold 2 (max threshold 15)
[2024-02-06T11:49:06.251+0000][1536][gc,mmu      ] GC(439) MMU target violated: 201.0ms (200.0ms/201.0ms)
[2024-02-06T11:49:06.251+0000][1536][gc,phases   ] GC(439)   Pre Evacuate Collection Set: 667.2ms
[2024-02-06T11:49:06.251+0000][1536][gc,phases   ] GC(439)   Merge Heap Roots: 0.4ms
[2024-02-06T11:49:06.251+0000][1536][gc,phases   ] GC(439)   Evacuate Collection Set: 147.2ms
[2024-02-06T11:49:06.251+0000][1536][gc,phases   ] GC(439)   Post Evacuate Collection Set: 0.8ms
[2024-02-06T11:49:06.251+0000][1536][gc,phases   ] GC(439)   Other: 554.0ms
[2024-02-06T11:49:06.251+0000][1536][gc,age      ] GC(439) Age table with threshold 2 (max threshold 15)
[2024-02-06T11:49:06.251+0000][1536][gc,age      ] GC(439) - age   1:   25907048 bytes,   25907048 total
[2024-02-06T11:49:06.251+0000][1536][gc,age      ] GC(439) - age   2:   41020184 bytes,   66927232 total
[2024-02-06T11:49:06.251+0000][1536][gc,heap     ] GC(439) Eden regions: 199->0(32)
[2024-02-06T11:49:06.251+0000][1536][gc,heap     ] GC(439) Survivor regions: 21->18(28)
[2024-02-06T11:49:06.251+0000][1536][gc,heap     ] GC(439) Old regions: 247->254
[2024-02-06T11:49:06.251+0000][1536][gc,heap     ] GC(439) Archive regions: 0->0
[2024-02-06T11:49:06.251+0000][1536][gc,heap     ] GC(439) Humongous regions: 2->2
[2024-02-06T11:49:06.251+0000][1536][gc,metaspace] GC(439) Metaspace: 132273K(138240K)->132273K(138240K) NonClass: 115223K(118976K)->115223K(118976K) Class: 17050K(19264K)->17050K(19264K)
[2024-02-06T11:49:06.251+0000][1536][gc          ] GC(439) Pause Young (Concurrent Start) (G1 Evacuation Pause) 1871M->1090M(4040M) 1370.131ms
[2024-02-06T11:49:06.251+0000][1536][gc,cpu      ] GC(439) User=0.19s Sys=0.16s Real=1.37s
[2024-02-06T11:49:06.251+0000][1536][gc          ] GC(440) Concurrent Mark Cycle
[2024-02-06T11:49:06.251+0000][1536][gc,marking  ] GC(440) Concurrent Clear Claimed Marks
[2024-02-06T11:49:06.251+0000][1536][safepoint   ] Safepoint "G1CollectForAllocation", Time since last: 23997013000 ns, Reaching safepoint: 48653500 ns, At safepoint: 1370495000 ns, Total: 1419148500 ns
[2024-02-06T11:49:06.253+0000][1536][gc,marking  ] GC(440) Concurrent Clear Claimed Marks 0.614ms
[2024-02-06T11:49:06.253+0000][1536][gc,marking  ] GC(440) Concurrent Scan Root Regions
[2024-02-06T11:49:06.398+0000][1536][gc,marking  ] GC(440) Concurrent Scan Root Regions 144.757ms
[2024-02-06T11:49:06.398+0000][1536][gc,marking  ] GC(440) Concurrent Mark
[2024-02-06T11:49:06.398+0000][1536][gc,marking  ] GC(440) Concurrent Mark From Roots
[2024-02-06T11:49:06.398+0000][1536][gc,task     ] GC(440) Using 2 workers of 2 for marking
[2024-02-06T11:49:08.562+0000][1536][gc,marking  ] GC(440) Concurrent Mark From Roots 2163.607ms
[2024-02-06T11:49:08.562+0000][1536][gc,marking  ] GC(440) Concurrent Preclean
[2024-02-06T11:49:08.562+0000][1536][gc,marking  ] GC(440) Concurrent Preclean 0.534ms
[2024-02-06T11:49:09.036+0000][1536][gc,start    ] GC(440) Pause Remark
[2024-02-06T11:49:09.676+0000][1536][gc,mmu      ] GC(440) MMU target violated: 201.0ms (200.0ms/201.0ms)
[2024-02-06T11:49:09.676+0000][1536][gc          ] GC(440) Pause Remark 1126M->1122M(4040M) 639.703ms
[2024-02-06T11:49:09.676+0000][1536][gc,cpu      ] GC(440) User=0.31s Sys=0.05s Real=0.64s
[2024-02-06T11:49:09.677+0000][1536][safepoint   ] Safepoint "G1Concurrent", Time since last: 2309571200 ns, Reaching safepoint: 474000300 ns, At safepoint: 640760700 ns, Total: 1114761000 ns
[2024-02-06T11:49:09.677+0000][1536][gc,marking  ] GC(440) Concurrent Mark 3279.114ms
[2024-02-06T11:49:09.677+0000][1536][gc,marking  ] GC(440) Concurrent Rebuild Remembered Sets
[2024-02-06T11:49:10.451+0000][1536][gc,marking  ] GC(440) Concurrent Rebuild Remembered Sets 774.335ms
[2024-02-06T11:49:10.913+0000][1536][gc,start    ] GC(440) Pause Cleanup
[2024-02-06T11:49:10.914+0000][1536][gc          ] GC(440) Pause Cleanup 1123M->1123M(4040M) 1.579ms
[2024-02-06T11:49:10.914+0000][1536][gc,cpu      ] GC(440) User=0.00s Sys=0.00s Real=0.00s
[2024-02-06T11:49:10.914+0000][1536][safepoint   ] Safepoint "G1Concurrent", Time since last: 774585400 ns, Reaching safepoint: 460948800 ns, At safepoint: 2323000 ns, Total: 463271800 ns
[2024-02-06T11:49:10.914+0000][1536][gc,marking  ] GC(440) Concurrent Cleanup for Next Mark
[2024-02-06T11:49:11.911+0000][1536][gc,marking  ] GC(440) Concurrent Cleanup for Next Mark 996.118ms
[2024-02-06T11:49:11.911+0000][1536][gc          ] GC(440) Concurrent Mark Cycle 5658.637ms
[2024-02-06T11:49:15.201+0000][1536][gc,start    ] GC(441) Pause Young (Prepare Mixed) (G1 Evacuation Pause)
[2024-02-06T11:49:15.201+0000][1536][gc,task     ] GC(441) Using 8 workers of 8 for evacuation
[2024-02-06T11:49:15.201+0000][1536][gc,age      ] GC(441) Desired survivor size 14680064 bytes, new threshold 1 (max threshold 15)
[2024-02-06T11:49:15.303+0000][1536][gc,phases   ] GC(441)   Pre Evacuate Collection Set: 0.3ms
[2024-02-06T11:49:15.303+0000][1536][gc,phases   ] GC(441)   Merge Heap Roots: 0.4ms
[2024-02-06T11:49:15.303+0000][1536][gc,phases   ] GC(441)   Evacuate Collection Set: 100.4ms
[2024-02-06T11:49:15.303+0000][1536][gc,phases   ] GC(441)   Post Evacuate Collection Set: 0.6ms
[2024-02-06T11:49:15.303+0000][1536][gc,phases   ] GC(441)   Other: 0.8ms
[2024-02-06T11:49:15.303+0000][1536][gc,age      ] GC(441) Age table with threshold 1 (max threshold 15)
[2024-02-06T11:49:15.303+0000][1536][gc,age      ] GC(441) - age   1:    4360520 bytes,    4360520 total
[2024-02-06T11:49:15.303+0000][1536][gc,heap     ] GC(441) Eden regions: 32->0(47)
[2024-02-06T11:49:15.303+0000][1536][gc,heap     ] GC(441) Survivor regions: 18->3(7)
[2024-02-06T11:49:15.303+0000][1536][gc,heap     ] GC(441) Old regions: 253->265
[2024-02-06T11:49:15.303+0000][1536][gc,heap     ] GC(441) Archive regions: 0->0
[2024-02-06T11:49:15.303+0000][1536][gc,heap     ] GC(441) Humongous regions: 2->2
[2024-02-06T11:49:15.303+0000][1536][gc,metaspace] GC(441) Metaspace: 132273K(138240K)->132273K(138240K) NonClass: 115223K(118976K)->115223K(118976K) Class: 17050K(19264K)->17050K(19264K)
[2024-02-06T11:49:15.303+0000][1536][gc          ] GC(441) Pause Young (Prepare Mixed) (G1 Evacuation Pause) 1214M->1076M(4040M) 102.839ms
[2024-02-06T11:49:15.303+0000][1536][gc,cpu      ] GC(441) User=0.11s Sys=0.31s Real=0.10s
[2024-02-06T11:49:15.304+0000][1536][safepoint   ] Safepoint "G1CollectForAllocation", Time since last: 4245768200 ns, Reaching safepoint: 39952800 ns, At safepoint: 103537400 ns, Total: 143490200 ns
[2024-02-06T11:49:20.435+0000][1536][gc,start    ] GC(442) Pause Young (Mixed) (G1 Evacuation Pause)
[2024-02-06T11:49:20.435+0000][1536][gc,task     ] GC(442) Using 8 workers of 8 for evacuation
[2024-02-06T11:49:20.435+0000][1536][gc,age      ] GC(442) Desired survivor size 14680064 bytes, new threshold 15 (max threshold 15)
[2024-02-06T11:49:20.452+0000][1536][gc,phases   ] GC(442)   Pre Evacuate Collection Set: 0.4ms
[2024-02-06T11:49:20.452+0000][1536][gc,phases   ] GC(442)   Merge Heap Roots: 2.7ms
[2024-02-06T11:49:20.452+0000][1536][gc,phases   ] GC(442)   Evacuate Collection Set: 10.0ms
[2024-02-06T11:49:20.452+0000][1536][gc,phases   ] GC(442)   Post Evacuate Collection Set: 2.0ms
[2024-02-06T11:49:20.452+0000][1536][gc,phases   ] GC(442)   Other: 1.2ms
[2024-02-06T11:49:20.452+0000][1536][gc,age      ] GC(442) Age table with threshold 15 (max threshold 15)
[2024-02-06T11:49:20.452+0000][1536][gc,age      ] GC(442) - age   1:    9071768 bytes,    9071768 total
[2024-02-06T11:49:20.452+0000][1536][gc,age      ] GC(442) - age   2:    2649104 bytes,   11720872 total
[2024-02-06T11:49:20.452+0000][1536][gc,heap     ] GC(442) Eden regions: 47->0(46)
[2024-02-06T11:49:20.452+0000][1536][gc,heap     ] GC(442) Survivor regions: 3->4(7)
[2024-02-06T11:49:20.452+0000][1536][gc,heap     ] GC(442) Old regions: 265->247
[2024-02-06T11:49:20.452+0000][1536][gc,heap     ] GC(442) Archive regions: 0->0
[2024-02-06T11:49:20.452+0000][1536][gc,heap     ] GC(442) Humongous regions: 2->2
[2024-02-06T11:49:20.452+0000][1536][gc,metaspace] GC(442) Metaspace: 132273K(138240K)->132273K(138240K) NonClass: 115223K(118976K)->115223K(118976K) Class: 17050K(19264K)->17050K(19264K)
[2024-02-06T11:49:20.452+0000][1536][gc          ] GC(442) Pause Young (Mixed) (G1 Evacuation Pause) 1264M->1007M(4040M) 17.017ms
[2024-02-06T11:49:20.452+0000][1536][gc,cpu      ] GC(442) User=0.00s Sys=0.00s Real=0.02s
[2024-02-06T11:49:20.452+0000][1536][safepoint   ] Safepoint "G1CollectForAllocation", Time since last: 4957332200 ns, Reaching safepoint: 173286600 ns, At safepoint: 17366000 ns, Total: 190652600 ns
[2024-02-06T11:49:26.321+0000][1536][gc,start    ] GC(443) Pause Young (Mixed) (G1 Evacuation Pause)
[2024-02-06T11:49:26.321+0000][1536][gc,task     ] GC(443) Using 8 workers of 8 for evacuation
[2024-02-06T11:49:26.321+0000][1536][gc,age      ] GC(443) Desired survivor size 14680064 bytes, new threshold 15 (max threshold 15)
[2024-02-06T11:49:26.347+0000][1536][gc,phases   ] GC(443)   Pre Evacuate Collection Set: 0.3ms
[2024-02-06T11:49:26.347+0000][1536][gc,phases   ] GC(443)   Merge Heap Roots: 0.3ms
[2024-02-06T11:49:26.347+0000][1536][gc,phases   ] GC(443)   Evacuate Collection Set: 22.5ms
[2024-02-06T11:49:26.347+0000][1536][gc,phases   ] GC(443)   Post Evacuate Collection Set: 2.2ms
[2024-02-06T11:49:26.347+0000][1536][gc,phases   ] GC(443)   Other: 0.6ms
[2024-02-06T11:49:26.347+0000][1536][gc,age      ] GC(443) Age table with threshold 15 (max threshold 15)
[2024-02-06T11:49:26.347+0000][1536][gc,age      ] GC(443) - age   1:    9255424 bytes,    9255424 total
[2024-02-06T11:49:26.347+0000][1536][gc,age      ] GC(443) - age   2:    6543944 bytes,   15799368 total
[2024-02-06T11:49:26.347+0000][1536][gc,age      ] GC(443) - age   3:    2380168 bytes,   18179536 total
[2024-02-06T11:49:26.347+0000][1536][gc,heap     ] GC(443) Eden regions: 46->0(45)
[2024-02-06T11:49:26.347+0000][1536][gc,heap     ] GC(443) Survivor regions: 4->5(7)
[2024-02-06T11:49:26.347+0000][1536][gc,heap     ] GC(443) Old regions: 247->229
[2024-02-06T11:49:26.347+0000][1536][gc,heap     ] GC(443) Archive regions: 0->0
[2024-02-06T11:49:26.347+0000][1536][gc,heap     ] GC(443) Humongous regions: 2->2
[2024-02-06T11:49:26.347+0000][1536][gc,metaspace] GC(443) Metaspace: 132280K(138240K)->132280K(138240K) NonClass: 115228K(118976K)->115228K(118976K) Class: 17052K(19264K)->17052K(19264K)
[2024-02-06T11:49:26.347+0000][1536][gc          ] GC(443) Pause Young (Mixed) (G1 Evacuation Pause) 1191M->940M(4040M) 26.539ms
[2024-02-06T11:49:26.347+0000][1536][gc,cpu      ] GC(443) User=0.09s Sys=0.05s Real=0.03s
[2024-02-06T11:49:26.348+0000][1536][safepoint   ] Safepoint "G1CollectForAllocation", Time since last: 5822591300 ns, Reaching safepoint: 46464100 ns, At safepoint: 27449500 ns, Total: 73913600 ns
[2024-02-06T11:49:27.436+0000][1536][safepoint   ] Safepoint "Cleanup", Time since last: 1008835800 ns, Reaching safepoint: 77173400 ns, At safepoint: 999200 ns, Total: 78172600 ns
[2024-02-06T11:49:28.514+0000][1536][safepoint   ] Safepoint "Cleanup", Time since last: 1000763300 ns, Reaching safepoint: 76496100 ns, At safepoint: 1010900 ns, Total: 77507000 ns
[2024-02-06T11:49:29.005+0000][1536][gc,start    ] GC(444) Pause Young (Mixed) (G1 Evacuation Pause)
[2024-02-06T11:49:29.005+0000][1536][gc,task     ] GC(444) Using 8 workers of 8 for evacuation
[2024-02-06T11:49:29.005+0000][1536][gc,age      ] GC(444) Desired survivor size 14680064 bytes, new threshold 2 (max threshold 15)
[2024-02-06T11:49:29.052+0000][1536][gc,phases   ] GC(444)   Pre Evacuate Collection Set: 0.5ms
[2024-02-06T11:49:29.052+0000][1536][gc,phases   ] GC(444)   Merge Heap Roots: 0.5ms
[2024-02-06T11:49:29.052+0000][1536][gc,phases   ] GC(444)   Evacuate Collection Set: 41.5ms
[2024-02-06T11:49:29.052+0000][1536][gc,phases   ] GC(444)   Post Evacuate Collection Set: 1.8ms
[2024-02-06T11:49:29.052+0000][1536][gc,phases   ] GC(444)   Other: 2.8ms
[2024-02-06T11:49:29.052+0000][1536][gc,age      ] GC(444) Age table with threshold 2 (max threshold 15)
[2024-02-06T11:49:29.052+0000][1536][gc,age      ] GC(444) - age   1:    6931960 bytes,    6931960 total
[2024-02-06T11:49:29.052+0000][1536][gc,age      ] GC(444) - age   2:    7143392 bytes,   14075352 total
[2024-02-06T11:49:29.052+0000][1536][gc,heap     ] GC(444) Eden regions: 45->0(46)
[2024-02-06T11:49:29.052+0000][1536][gc,heap     ] GC(444) Survivor regions: 5->4(7)
[2024-02-06T11:49:29.052+0000][1536][gc,heap     ] GC(444) Old regions: 229->212
[2024-02-06T11:49:29.052+0000][1536][gc,heap     ] GC(444) Archive regions: 0->0
[2024-02-06T11:49:29.052+0000][1536][gc,heap     ] GC(444) Humongous regions: 2->2
[2024-02-06T11:49:29.052+0000][1536][gc,metaspace] GC(444) Metaspace: 132280K(138240K)->132280K(138240K) NonClass: 115228K(118976K)->115228K(118976K) Class: 17052K(19264K)->17052K(19264K)
[2024-02-06T11:49:29.052+0000][1536][gc          ] GC(444) Pause Young (Mixed) (G1 Evacuation Pause) 1120M->869M(4040M) 47.676ms
[2024-02-06T11:49:29.052+0000][1536][gc,cpu      ] GC(444) User=0.14s Sys=0.14s Real=0.05s
[2024-02-06T11:49:29.053+0000][1536][safepoint   ] Safepoint "G1CollectForAllocation", Time since last: 440533200 ns, Reaching safepoint: 50203300 ns, At safepoint: 48347600 ns, Total: 98550900 ns
[2024-02-06T11:49:33.205+0000][1536][gc,start    ] GC(445) Pause Young (Mixed) (G1 Evacuation Pause)
[2024-02-06T11:49:33.205+0000][1536][gc,task     ] GC(445) Using 8 workers of 8 for evacuation
[2024-02-06T11:49:33.205+0000][1536][gc,age      ] GC(445) Desired survivor size 14680064 bytes, new threshold 15 (max threshold 15)
[2024-02-06T11:49:33.239+0000][1536][gc,phases   ] GC(445)   Pre Evacuate Collection Set: 0.4ms
[2024-02-06T11:49:33.239+0000][1536][gc,phases   ] GC(445)   Merge Heap Roots: 0.4ms
[2024-02-06T11:49:33.239+0000][1536][gc,phases   ] GC(445)   Evacuate Collection Set: 29.7ms
[2024-02-06T11:49:33.239+0000][1536][gc,phases   ] GC(445)   Post Evacuate Collection Set: 3.1ms
[2024-02-06T11:49:33.239+0000][1536][gc,phases   ] GC(445)   Other: 0.4ms
[2024-02-06T11:49:33.239+0000][1536][gc,age      ] GC(445) Age table with threshold 15 (max threshold 15)
[2024-02-06T11:49:33.239+0000][1536][gc,age      ] GC(445) - age   1:    6991416 bytes,    6991416 total
[2024-02-06T11:49:33.239+0000][1536][gc,age      ] GC(445) - age   2:    4454264 bytes,   11445680 total
[2024-02-06T11:49:33.239+0000][1536][gc,age      ] GC(445) - age   3:    6481480 bytes,   17927160 total
[2024-02-06T11:49:33.239+0000][1536][gc,heap     ] GC(445) Eden regions: 46->0(45)
[2024-02-06T11:49:33.239+0000][1536][gc,heap     ] GC(445) Survivor regions: 4->5(7)
[2024-02-06T11:49:33.239+0000][1536][gc,heap     ] GC(445) Old regions: 212->194
[2024-02-06T11:49:33.239+0000][1536][gc,heap     ] GC(445) Archive regions: 0->0
[2024-02-06T11:49:33.239+0000][1536][gc,heap     ] GC(445) Humongous regions: 2->2
[2024-02-06T11:49:33.239+0000][1536][gc,metaspace] GC(445) Metaspace: 132280K(138240K)->132280K(138240K) NonClass: 115228K(118976K)->115228K(118976K) Class: 17052K(19264K)->17052K(19264K)
[2024-02-06T11:49:33.239+0000][1536][gc          ] GC(445) Pause Young (Mixed) (G1 Evacuation Pause) 1053M->800M(4040M) 35.052ms
[2024-02-06T11:49:33.241+0000][1536][gc,cpu      ] GC(445) User=0.11s Sys=0.09s Real=0.04s
[2024-02-06T11:49:33.242+0000][1536][safepoint   ] Safepoint "G1CollectForAllocation", Time since last: 4045303200 ns, Reaching safepoint: 106644300 ns, At safepoint: 37006500 ns, Total: 143650800 ns
[2024-02-06T11:49:35.310+0000][1536][safepoint   ] Safepoint "Cleanup", Time since last: 2018406100 ns, Reaching safepoint: 48951700 ns, At safepoint: 578000 ns, Total: 49529700 ns
[2024-02-06T11:49:35.765+0000][1536][gc,start    ] GC(446) Pause Young (Mixed) (G1 Evacuation Pause)
[2024-02-06T11:49:35.765+0000][1536][gc,task     ] GC(446) Using 8 workers of 8 for evacuation
[2024-02-06T11:49:35.765+0000][1536][gc,age      ] GC(446) Desired survivor size 14680064 bytes, new threshold 3 (max threshold 15)
[2024-02-06T11:49:35.806+0000][1536][gc,phases   ] GC(446)   Pre Evacuate Collection Set: 0.3ms
[2024-02-06T11:49:35.806+0000][1536][gc,phases   ] GC(446)   Merge Heap Roots: 0.3ms
[2024-02-06T11:49:35.806+0000][1536][gc,phases   ] GC(446)   Evacuate Collection Set: 39.2ms
[2024-02-06T11:49:35.806+0000][1536][gc,phases   ] GC(446)   Post Evacuate Collection Set: 1.0ms
[2024-02-06T11:49:35.806+0000][1536][gc,phases   ] GC(446)   Other: 0.3ms
[2024-02-06T11:49:35.806+0000][1536][gc,age      ] GC(446) Age table with threshold 3 (max threshold 15)
[2024-02-06T11:49:35.806+0000][1536][gc,age      ] GC(446) - age   1:    9883800 bytes,    9883800 total
[2024-02-06T11:49:35.806+0000][1536][gc,age      ] GC(446) - age   2:    5321768 bytes,   15205568 total
[2024-02-06T11:49:35.806+0000][1536][gc,age      ] GC(446) - age   3:    3898104 bytes,   19103672 total
[2024-02-06T11:49:35.806+0000][1536][gc,heap     ] GC(446) Eden regions: 45->0(45)
[2024-02-06T11:49:35.806+0000][1536][gc,heap     ] GC(446) Survivor regions: 5->5(7)
[2024-02-06T11:49:35.806+0000][1536][gc,heap     ] GC(446) Old regions: 194->178
[2024-02-06T11:49:35.806+0000][1536][gc,heap     ] GC(446) Archive regions: 0->0
[2024-02-06T11:49:35.806+0000][1536][gc,heap     ] GC(446) Humongous regions: 2->2
[2024-02-06T11:49:35.806+0000][1536][gc,metaspace] GC(446) Metaspace: 132281K(138240K)->132281K(138240K) NonClass: 115229K(118976K)->115229K(118976K) Class: 17052K(19264K)->17052K(19264K)
[2024-02-06T11:49:35.806+0000][1536][gc          ] GC(446) Pause Young (Mixed) (G1 Evacuation Pause) 980M->736M(4040M) 41.454ms
[2024-02-06T11:49:35.806+0000][1536][gc,cpu      ] GC(446) User=0.14s Sys=0.05s Real=0.04s
[2024-02-06T11:49:35.807+0000][1536][safepoint   ] Safepoint "G1CollectForAllocation", Time since last: 415288300 ns, Reaching safepoint: 39251500 ns, At safepoint: 42082800 ns, Total: 81334300 ns
[2024-02-06T11:49:36.832+0000][1536][safepoint   ] Safepoint "Cleanup", Time since last: 1014661800 ns, Reaching safepoint: 10170000 ns, At safepoint: 198200 ns, Total: 10368200 ns
[2024-02-06T11:49:37.718+0000][1536][gc,start    ] GC(447) Pause Young (Mixed) (G1 Evacuation Pause)
[2024-02-06T11:49:37.718+0000][1536][gc,task     ] GC(447) Using 8 workers of 8 for evacuation
[2024-02-06T11:49:37.718+0000][1536][gc,age      ] GC(447) Desired survivor size 14680064 bytes, new threshold 2 (max threshold 15)
[2024-02-06T11:49:37.775+0000][1536][gc,phases   ] GC(447)   Pre Evacuate Collection Set: 0.4ms
[2024-02-06T11:49:37.775+0000][1536][gc,phases   ] GC(447)   Merge Heap Roots: 0.4ms
[2024-02-06T11:49:37.775+0000][1536][gc,phases   ] GC(447)   Evacuate Collection Set: 50.7ms
[2024-02-06T11:49:37.775+0000][1536][gc,phases   ] GC(447)   Merge Optional Heap Roots: 0.1ms
[2024-02-06T11:49:37.775+0000][1536][gc,phases   ] GC(447)   Evacuate Optional Collection Set: 3.7ms
[2024-02-06T11:49:37.775+0000][1536][gc,phases   ] GC(447)   Post Evacuate Collection Set: 1.2ms
[2024-02-06T11:49:37.775+0000][1536][gc,phases   ] GC(447)   Other: 0.3ms
[2024-02-06T11:49:37.775+0000][1536][gc,age      ] GC(447) Age table with threshold 2 (max threshold 15)
[2024-02-06T11:49:37.775+0000][1536][gc,age      ] GC(447) - age   1:    6776120 bytes,    6776120 total
[2024-02-06T11:49:37.775+0000][1536][gc,age      ] GC(447) - age   2:    5990312 bytes,   12766432 total
[2024-02-06T11:49:37.775+0000][1536][gc,heap     ] GC(447) Eden regions: 45->0(46)
[2024-02-06T11:49:37.775+0000][1536][gc,heap     ] GC(447) Survivor regions: 5->4(7)
[2024-02-06T11:49:37.775+0000][1536][gc,heap     ] GC(447) Old regions: 178->145
[2024-02-06T11:49:37.775+0000][1536][gc,heap     ] GC(447) Archive regions: 0->0
[2024-02-06T11:49:37.775+0000][1536][gc,heap     ] GC(447) Humongous regions: 2->2
[2024-02-06T11:49:37.775+0000][1536][gc,metaspace] GC(447) Metaspace: 132281K(138240K)->132281K(138240K) NonClass: 115229K(118976K)->115229K(118976K) Class: 17052K(19264K)->17052K(19264K)
[2024-02-06T11:49:37.775+0000][1536][gc          ] GC(447) Pause Young (Mixed) (G1 Evacuation Pause) 916M->601M(4040M) 57.153ms
[2024-02-06T11:49:37.775+0000][1536][gc,cpu      ] GC(447) User=0.12s Sys=0.14s Real=0.06s
[2024-02-06T11:49:37.776+0000][1536][safepoint   ] Safepoint "G1CollectForAllocation", Time since last: 840797700 ns, Reaching safepoint: 45834600 ns, At safepoint: 57950800 ns, Total: 103785400 ns
[2024-02-06T11:49:39.826+0000][1536][safepoint   ] Safepoint "Cleanup", Time since last: 2024158100 ns, Reaching safepoint: 25346600 ns, At safepoint: 148600 ns, Total: 25495200 ns
[2024-02-06T11:49:39.853+0000][1536][gc,start    ] GC(448) Pause Young (Mixed) (G1 Evacuation Pause)
[2024-02-06T11:49:39.853+0000][1536][gc,task     ] GC(448) Using 8 workers of 8 for evacuation
[2024-02-06T11:49:39.853+0000][1536][gc,age      ] GC(448) Desired survivor size 14680064 bytes, new threshold 15 (max threshold 15)
[2024-02-06T11:49:39.872+0000][1536][gc,phases   ] GC(448)   Pre Evacuate Collection Set: 0.1ms
[2024-02-06T11:49:39.872+0000][1536][gc,phases   ] GC(448)   Merge Heap Roots: 0.1ms
[2024-02-06T11:49:39.872+0000][1536][gc,phases   ] GC(448)   Evacuate Collection Set: 18.0ms
[2024-02-06T11:49:39.872+0000][1536][gc,phases   ] GC(448)   Post Evacuate Collection Set: 0.7ms
[2024-02-06T11:49:39.872+0000][1536][gc,phases   ] GC(448)   Other: 0.2ms
[2024-02-06T11:49:39.872+0000][1536][gc,age      ] GC(448) Age table with threshold 15 (max threshold 15)
[2024-02-06T11:49:39.872+0000][1536][gc,age      ] GC(448) - age   1:    8283208 bytes,    8283208 total
[2024-02-06T11:49:39.872+0000][1536][gc,age      ] GC(448) - age   2:    5192592 bytes,   13475800 total
[2024-02-06T11:49:39.872+0000][1536][gc,age      ] GC(448) - age   3:    5902456 bytes,   19378256 total
[2024-02-06T11:49:39.872+0000][1536][gc,heap     ] GC(448) Eden regions: 46->0(471)
[2024-02-06T11:49:39.872+0000][1536][gc,heap     ] GC(448) Survivor regions: 4->5(7)
[2024-02-06T11:49:39.872+0000][1536][gc,heap     ] GC(448) Old regions: 145->132
[2024-02-06T11:49:39.872+0000][1536][gc,heap     ] GC(448) Archive regions: 0->0
[2024-02-06T11:49:39.872+0000][1536][gc,heap     ] GC(448) Humongous regions: 2->2
[2024-02-06T11:49:39.872+0000][1536][gc,metaspace] GC(448) Metaspace: 132281K(138240K)->132281K(138240K) NonClass: 115229K(118976K)->115229K(118976K) Class: 17052K(19264K)->17052K(19264K)
[2024-02-06T11:49:39.872+0000][1536][gc          ] GC(448) Pause Young (Mixed) (G1 Evacuation Pause) 785M->553M(4040M) 19.434ms
[2024-02-06T11:49:39.872+0000][1536][gc,cpu      ] GC(448) User=0.02s Sys=0.11s Real=0.02s
[2024-02-06T11:49:39.873+0000][1536][safepoint   ] Safepoint "G1CollectForAllocation", Time since last: 3281900 ns, Reaching safepoint: 23890400 ns, At safepoint: 20047400 ns, Total: 43937800 ns
[2024-02-06T11:49:42.906+0000][1536][safepoint   ] Safepoint "Cleanup", Time since last: 3032413300 ns, Reaching safepoint: 137100 ns, At safepoint: 81700 ns, Total: 218800 ns
[2024-02-06T11:49:44.948+0000][1536][safepoint   ] Safepoint "Cleanup", Time since last: 2014505800 ns, Reaching safepoint: 27106600 ns, At safepoint: 98700 ns, Total: 27205300 ns
[2024-02-06T11:49:46.963+0000][1536][safepoint   ] Safepoint "Cleanup", Time since last: 2015325800 ns, Reaching safepoint: 95400 ns, At safepoint: 14500 ns, Total: 109900 ns
[2024-02-06T11:49:59.092+0000][1536][safepoint   ] Safepoint "Cleanup", Time since last: 12128635100 ns, Reaching safepoint: 208800 ns, At safepoint: 42700 ns, Total: 251500 ns
[2024-02-06T11:50:09.315+0000][1536][gc,start    ] GC(449) Pause Young (Normal) (G1 Evacuation Pause)
[2024-02-06T11:50:09.315+0000][1536][gc,task     ] GC(449) Using 8 workers of 8 for evacuation
[2024-02-06T11:50:09.316+0000][1536][gc,age      ] GC(449) Desired survivor size 125829120 bytes, new threshold 15 (max threshold 15)
[2024-02-06T11:50:09.353+0000][1536][gc,phases   ] GC(449)   Pre Evacuate Collection Set: 0.5ms
[2024-02-06T11:50:09.353+0000][1536][gc,phases   ] GC(449)   Merge Heap Roots: 0.6ms
[2024-02-06T11:50:09.353+0000][1536][gc,phases   ] GC(449)   Evacuate Collection Set: 32.0ms
[2024-02-06T11:50:09.353+0000][1536][gc,phases   ] GC(449)   Post Evacuate Collection Set: 2.0ms
[2024-02-06T11:50:09.353+0000][1536][gc,phases   ] GC(449)   Other: 2.7ms
[2024-02-06T11:50:09.353+0000][1536][gc,age      ] GC(449) Age table with threshold 15 (max threshold 15)
[2024-02-06T11:50:09.353+0000][1536][gc,age      ] GC(449) - age   1:   46774640 bytes,   46774640 total
[2024-02-06T11:50:09.353+0000][1536][gc,age      ] GC(449) - age   2:    3532008 bytes,   50306648 total
[2024-02-06T11:50:09.353+0000][1536][gc,age      ] GC(449) - age   3:    4436816 bytes,   54743464 total
[2024-02-06T11:50:09.353+0000][1536][gc,age      ] GC(449) - age   4:    4784712 bytes,   59528176 total
[2024-02-06T11:50:09.353+0000][1536][gc,heap     ] GC(449) Eden regions: 471->0(449)
[2024-02-06T11:50:09.353+0000][1536][gc,heap     ] GC(449) Survivor regions: 5->15(60)
[2024-02-06T11:50:09.353+0000][1536][gc,heap     ] GC(449) Old regions: 132->132
[2024-02-06T11:50:09.353+0000][1536][gc,heap     ] GC(449) Archive regions: 0->0
[2024-02-06T11:50:09.354+0000][1536][gc,heap     ] GC(449) Humongous regions: 2->2
[2024-02-06T11:50:09.354+0000][1536][gc,metaspace] GC(449) Metaspace: 132292K(138240K)->132292K(138240K) NonClass: 115240K(118976K)->115240K(118976K) Class: 17052K(19264K)->17052K(19264K)
[2024-02-06T11:50:09.354+0000][1536][gc          ] GC(449) Pause Young (Normal) (G1 Evacuation Pause) 2437M->593M(4040M) 38.336ms
[2024-02-06T11:50:09.354+0000][1536][gc,cpu      ] GC(449) User=0.22s Sys=0.00s Real=0.04s
[2024-02-06T11:50:09.354+0000][1536][safepoint   ] Safepoint "G1CollectForAllocation", Time since last: 10223114900 ns, Reaching safepoint: 241700 ns, At safepoint: 38608000 ns, Total: 38849700 ns
[2024-02-06T11:50:24.082+0000][1536][gc,start    ] GC(450) Pause Young (Normal) (G1 Evacuation Pause)
[2024-02-06T11:50:24.082+0000][1536][gc,task     ] GC(450) Using 8 workers of 8 for evacuation
[2024-02-06T11:50:24.082+0000][1536][gc,age      ] GC(450) Desired survivor size 121634816 bytes, new threshold 15 (max threshold 15)
[2024-02-06T11:50:24.126+0000][1536][gc,phases   ] GC(450)   Pre Evacuate Collection Set: 0.4ms
[2024-02-06T11:50:24.126+0000][1536][gc,phases   ] GC(450)   Merge Heap Roots: 0.5ms
[2024-02-06T11:50:24.126+0000][1536][gc,phases   ] GC(450)   Evacuate Collection Set: 38.0ms
[2024-02-06T11:50:24.126+0000][1536][gc,phases   ] GC(450)   Post Evacuate Collection Set: 3.4ms
[2024-02-06T11:50:24.126+0000][1536][gc,phases   ] GC(450)   Other: 0.8ms
[2024-02-06T11:50:24.126+0000][1536][gc,age      ] GC(450) Age table with threshold 15 (max threshold 15)
[2024-02-06T11:50:24.126+0000][1536][gc,age      ] GC(450) - age   1:   31404448 bytes,   31404448 total
[2024-02-06T11:50:24.126+0000][1536][gc,age      ] GC(450) - age   2:   39148360 bytes,   70552808 total
[2024-02-06T11:50:24.126+0000][1536][gc,age      ] GC(450) - age   3:    3505728 bytes,   74058536 total
[2024-02-06T11:50:24.126+0000][1536][gc,age      ] GC(450) - age   4:    4433880 bytes,   78492416 total
[2024-02-06T11:50:24.126+0000][1536][gc,age      ] GC(450) - age   5:    4778976 bytes,   83271392 total
[2024-02-06T11:50:24.126+0000][1536][gc,heap     ] GC(450) Eden regions: 449->0(585)
[2024-02-06T11:50:24.126+0000][1536][gc,heap     ] GC(450) Survivor regions: 15->21(58)
[2024-02-06T11:50:24.126+0000][1536][gc,heap     ] GC(450) Old regions: 132->132
[2024-02-06T11:50:24.126+0000][1536][gc,heap     ] GC(450) Archive regions: 0->0
[2024-02-06T11:50:24.126+0000][1536][gc,heap     ] GC(450) Humongous regions: 2->2
[2024-02-06T11:50:24.126+0000][1536][gc,metaspace] GC(450) Metaspace: 132292K(138240K)->132292K(138240K) NonClass: 115240K(118976K)->115240K(118976K) Class: 17052K(19264K)->17052K(19264K)
[2024-02-06T11:50:24.126+0000][1536][gc          ] GC(450) Pause Young (Normal) (G1 Evacuation Pause) 2389M->617M(4040M) 44.162ms
[2024-02-06T11:50:24.126+0000][1536][gc,cpu      ] GC(450) User=0.25s Sys=0.00s Real=0.04s
[2024-02-06T11:50:24.126+0000][1536][safepoint   ] Safepoint "G1CollectForAllocation", Time since last: 14728401200 ns, Reaching safepoint: 203400 ns, At safepoint: 44492400 ns, Total: 44695800 ns
[2024-02-06T11:50:54.968+0000][1536][gc,start    ] GC(451) Pause Young (Normal) (G1 Evacuation Pause)
[2024-02-06T11:50:54.968+0000][1536][gc,task     ] GC(451) Using 8 workers of 8 for evacuation
[2024-02-06T11:50:54.968+0000][1536][gc,age      ] GC(451) Desired survivor size 159383552 bytes, new threshold 15 (max threshold 15)
[2024-02-06T11:50:55.293+0000][1536][gc,mmu      ] GC(451) MMU target violated: 201.0ms (200.0ms/201.0ms)
[2024-02-06T11:50:55.293+0000][1536][gc,phases   ] GC(451)   Pre Evacuate Collection Set: 0.1ms
[2024-02-06T11:50:55.293+0000][1536][gc,phases   ] GC(451)   Merge Heap Roots: 0.2ms
[2024-02-06T11:50:55.293+0000][1536][gc,phases   ] GC(451)   Evacuate Collection Set: 324.0ms
[2024-02-06T11:50:55.293+0000][1536][gc,phases   ] GC(451)   Post Evacuate Collection Set: 0.9ms
[2024-02-06T11:50:55.293+0000][1536][gc,phases   ] GC(451)   Other: 0.8ms
[2024-02-06T11:50:55.293+0000][1536][gc,age      ] GC(451) Age table with threshold 15 (max threshold 15)
[2024-02-06T11:50:55.293+0000][1536][gc,age      ] GC(451) - age   1:   39876928 bytes,   39876928 total
[2024-02-06T11:50:55.293+0000][1536][gc,age      ] GC(451) - age   2:   18310320 bytes,   58187248 total
[2024-02-06T11:50:55.293+0000][1536][gc,age      ] GC(451) - age   3:   39009144 bytes,   97196392 total
[2024-02-06T11:50:55.293+0000][1536][gc,age      ] GC(451) - age   4:    3504688 bytes,  100701080 total
[2024-02-06T11:50:55.293+0000][1536][gc,age      ] GC(451) - age   5:    4433056 bytes,  105134136 total
[2024-02-06T11:50:55.293+0000][1536][gc,age      ] GC(451) - age   6:    4776264 bytes,  109910400 total
[2024-02-06T11:50:55.293+0000][1536][gc,heap     ] GC(451) Eden regions: 585->0(22)
[2024-02-06T11:50:55.293+0000][1536][gc,heap     ] GC(451) Survivor regions: 21->28(76)
[2024-02-06T11:50:55.293+0000][1536][gc,heap     ] GC(451) Old regions: 132->132
[2024-02-06T11:50:55.293+0000][1536][gc,heap     ] GC(451) Archive regions: 0->0
[2024-02-06T11:50:55.293+0000][1536][gc,heap     ] GC(451) Humongous regions: 2->2
[2024-02-06T11:50:55.293+0000][1536][gc,metaspace] GC(451) Metaspace: 132292K(138240K)->132292K(138240K) NonClass: 115240K(118976K)->115240K(118976K) Class: 17052K(19264K)->17052K(19264K)
[2024-02-06T11:50:55.293+0000][1536][gc          ] GC(451) Pause Young (Normal) (G1 Evacuation Pause) 2957M->645M(4040M) 326.297ms
[2024-02-06T11:50:55.294+0000][1536][gc,cpu      ] GC(451) User=0.08s Sys=1.06s Real=0.33s
[2024-02-06T11:50:55.294+0000][1536][safepoint   ] Safepoint "G1CollectForAllocation", Time since last: 30801613300 ns, Reaching safepoint: 39025000 ns, At safepoint: 326515100 ns, Total: 365540100 ns
[2024-02-06T11:50:55.934+0000][1536][gc,start    ] GC(452) Pause Young (Concurrent Start) (G1 Evacuation Pause)
[2024-02-06T11:50:55.934+0000][1536][gc,task     ] GC(452) Using 8 workers of 8 for evacuation
[2024-02-06T11:50:55.934+0000][1536][gc,age      ] GC(452) Desired survivor size 14680064 bytes, new threshold 1 (max threshold 15)
[2024-02-06T11:50:56.202+0000][1536][gc,mmu      ] GC(452) MMU target violated: 201.0ms (200.0ms/201.0ms)
[2024-02-06T11:50:56.202+0000][1536][gc,phases   ] GC(452)   Pre Evacuate Collection Set: 0.8ms
[2024-02-06T11:50:56.202+0000][1536][gc,phases   ] GC(452)   Merge Heap Roots: 0.1ms
[2024-02-06T11:50:56.202+0000][1536][gc,phases   ] GC(452)   Evacuate Collection Set: 267.8ms
[2024-02-06T11:50:56.202+0000][1536][gc,phases   ] GC(452)   Post Evacuate Collection Set: 0.4ms
[2024-02-06T11:50:56.202+0000][1536][gc,phases   ] GC(452)   Other: 0.1ms
[2024-02-06T11:50:56.202+0000][1536][gc,age      ] GC(452) Age table with threshold 1 (max threshold 15)
[2024-02-06T11:50:56.202+0000][1536][gc,age      ] GC(452) - age   1:    3637920 bytes,    3637920 total
[2024-02-06T11:50:56.202+0000][1536][gc,heap     ] GC(452) Eden regions: 22->0(438)
[2024-02-06T11:50:56.202+0000][1536][gc,heap     ] GC(452) Survivor regions: 28->4(7)
[2024-02-06T11:50:56.202+0000][1536][gc,heap     ] GC(452) Old regions: 132->158
[2024-02-06T11:50:56.202+0000][1536][gc,heap     ] GC(452) Archive regions: 0->0
[2024-02-06T11:50:56.202+0000][1536][gc,heap     ] GC(452) Humongous regions: 2->2
[2024-02-06T11:50:56.202+0000][1536][gc,metaspace] GC(452) Metaspace: 132292K(138240K)->132292K(138240K) NonClass: 115240K(118976K)->115240K(118976K) Class: 17052K(19264K)->17052K(19264K)
[2024-02-06T11:50:56.202+0000][1536][gc          ] GC(452) Pause Young (Concurrent Start) (G1 Evacuation Pause) 733M->652M(4040M) 269.446ms
[2024-02-06T11:50:56.202+0000][1536][gc          ] GC(453) Concurrent Mark Cycle
[2024-02-06T11:50:56.202+0000][1536][gc,cpu      ] GC(452) User=0.08s Sys=0.25s Real=0.27s
[2024-02-06T11:50:56.202+0000][1536][gc,marking  ] GC(453) Concurrent Clear Claimed Marks
[2024-02-06T11:50:56.202+0000][1536][gc,marking  ] GC(453) Concurrent Clear Claimed Marks 0.244ms
[2024-02-06T11:50:56.202+0000][1536][gc,marking  ] GC(453) Concurrent Scan Root Regions
[2024-02-06T11:50:56.202+0000][1536][safepoint   ] Safepoint "G1CollectForAllocation", Time since last: 639928400 ns, Reaching safepoint: 54000 ns, At safepoint: 271925200 ns, Total: 271979200 ns
[2024-02-06T11:50:56.215+0000][1536][gc,marking  ] GC(453) Concurrent Scan Root Regions 11.990ms
[2024-02-06T11:50:56.215+0000][1536][gc,marking  ] GC(453) Concurrent Mark
[2024-02-06T11:50:56.215+0000][1536][gc,marking  ] GC(453) Concurrent Mark From Roots
[2024-02-06T11:50:56.215+0000][1536][gc,task     ] GC(453) Using 2 workers of 2 for marking
[2024-02-06T11:50:56.348+0000][1536][gc,marking  ] GC(453) Concurrent Mark From Roots 132.041ms
[2024-02-06T11:50:56.348+0000][1536][gc,marking  ] GC(453) Concurrent Preclean
[2024-02-06T11:50:56.349+0000][1536][gc,marking  ] GC(453) Concurrent Preclean 0.612ms
[2024-02-06T11:50:56.349+0000][1536][gc,start    ] GC(453) Pause Remark
[2024-02-06T11:50:56.376+0000][1536][gc          ] GC(453) Pause Remark 677M->673M(4040M) 27.181ms
[2024-02-06T11:50:56.376+0000][1536][gc,cpu      ] GC(453) User=0.12s Sys=0.02s Real=0.03s
[2024-02-06T11:50:56.376+0000][1536][safepoint   ] Safepoint "G1Concurrent", Time since last: 142670900 ns, Reaching safepoint: 70700 ns, At safepoint: 27535600 ns, Total: 27606300 ns
[2024-02-06T11:50:56.376+0000][1536][gc,marking  ] GC(453) Concurrent Mark 160.404ms
[2024-02-06T11:50:56.376+0000][1536][gc,marking  ] GC(453) Concurrent Rebuild Remembered Sets
[2024-02-06T11:50:56.529+0000][1536][gc,marking  ] GC(453) Concurrent Rebuild Remembered Sets 157.997ms
[2024-02-06T11:50:56.529+0000][1536][gc,start    ] GC(453) Pause Cleanup
[2024-02-06T11:50:56.529+0000][1536][gc          ] GC(453) Pause Cleanup 687M->687M(4040M) 1.772ms
[2024-02-06T11:50:56.529+0000][1536][gc,cpu      ] GC(453) User=0.00s Sys=0.00s Real=0.00s
[2024-02-06T11:50:56.529+0000][1536][safepoint   ] Safepoint "G1Concurrent", Time since last: 158142700 ns, Reaching safepoint: 70100 ns, At safepoint: 1845200 ns, Total: 1915300 ns
[2024-02-06T11:50:56.529+0000][1536][gc,marking  ] GC(453) Concurrent Cleanup for Next Mark
[2024-02-06T11:50:56.551+0000][1536][gc,marking  ] GC(453) Concurrent Cleanup for Next Mark 15.291ms
[2024-02-06T11:50:56.551+0000][1536][gc          ] GC(453) Concurrent Mark Cycle 348.125ms
[2024-02-06T11:50:59.544+0000][1536][safepoint   ] Safepoint "Cleanup", Time since last: 3007651900 ns, Reaching safepoint: 161800 ns, At safepoint: 61200 ns, Total: 223000 ns
[2024-02-06T11:51:26.656+0000][1536][gc,start    ] GC(454) Pause Young (Prepare Mixed) (G1 Evacuation Pause)
[2024-02-06T11:51:26.656+0000][1536][gc,task     ] GC(454) Using 8 workers of 8 for evacuation
[2024-02-06T11:51:26.656+0000][1536][gc,age      ] GC(454) Desired survivor size 136314880 bytes, new threshold 15 (max threshold 15)
[2024-02-06T11:51:26.676+0000][1536][gc,phases   ] GC(454)   Pre Evacuate Collection Set: 0.3ms
[2024-02-06T11:51:26.676+0000][1536][gc,phases   ] GC(454)   Merge Heap Roots: 0.4ms
[2024-02-06T11:51:26.676+0000][1536][gc,phases   ] GC(454)   Evacuate Collection Set: 16.3ms
[2024-02-06T11:51:26.676+0000][1536][gc,phases   ] GC(454)   Post Evacuate Collection Set: 1.7ms
[2024-02-06T11:51:26.676+0000][1536][gc,phases   ] GC(454)   Other: 0.9ms
[2024-02-06T11:51:26.676+0000][1536][gc,age      ] GC(454) Age table with threshold 15 (max threshold 15)
[2024-02-06T11:51:26.676+0000][1536][gc,age      ] GC(454) - age   1:   43328632 bytes,   43328632 total
[2024-02-06T11:51:26.676+0000][1536][gc,age      ] GC(454) - age   2:     557504 bytes,   43886136 total
[2024-02-06T11:51:26.676+0000][1536][gc,heap     ] GC(454) Eden regions: 510->0(38)
[2024-02-06T11:51:26.676+0000][1536][gc,heap     ] GC(454) Survivor regions: 4->12(65)
[2024-02-06T11:51:26.676+0000][1536][gc,heap     ] GC(454) Old regions: 157->157
[2024-02-06T11:51:26.676+0000][1536][gc,heap     ] GC(454) Archive regions: 0->0
[2024-02-06T11:51:26.676+0000][1536][gc,heap     ] GC(454) Humongous regions: 2->2
[2024-02-06T11:51:26.676+0000][1536][gc,metaspace] GC(454) Metaspace: 132292K(138240K)->132292K(138240K) NonClass: 115240K(118976K)->115240K(118976K) Class: 17052K(19264K)->17052K(19264K)
[2024-02-06T11:51:26.676+0000][1536][gc          ] GC(454) Pause Young (Prepare Mixed) (G1 Evacuation Pause) 2688M->678M(4040M) 20.665ms
[2024-02-06T11:51:26.677+0000][1536][gc,cpu      ] GC(454) User=0.12s Sys=0.00s Real=0.02s
[2024-02-06T11:51:26.677+0000][1536][safepoint   ] Safepoint "G1CollectForAllocation", Time since last: 27111724900 ns, Reaching safepoint: 142400 ns, At safepoint: 20971200 ns, Total: 21113600 ns
[2024-02-06T11:51:37.620+0000][1536][gc,start    ] GC(455) Pause Young (Mixed) (G1 Evacuation Pause)
[2024-02-06T11:51:37.620+0000][1536][gc,task     ] GC(455) Using 8 workers of 8 for evacuation
[2024-02-06T11:51:37.620+0000][1536][gc,age      ] GC(455) Desired survivor size 14680064 bytes, new threshold 1 (max threshold 15)
[2024-02-06T11:51:37.666+0000][1536][gc,phases   ] GC(455)   Pre Evacuate Collection Set: 0.1ms
[2024-02-06T11:51:37.666+0000][1536][gc,phases   ] GC(455)   Merge Heap Roots: 0.1ms
[2024-02-06T11:51:37.666+0000][1536][gc,phases   ] GC(455)   Evacuate Collection Set: 45.4ms
[2024-02-06T11:51:37.666+0000][1536][gc,phases   ] GC(455)   Post Evacuate Collection Set: 0.6ms
[2024-02-06T11:51:37.666+0000][1536][gc,phases   ] GC(455)   Other: 0.1ms
[2024-02-06T11:51:37.666+0000][1536][gc,age      ] GC(455) Age table with threshold 1 (max threshold 15)
[2024-02-06T11:51:37.666+0000][1536][gc,age      ] GC(455) - age   1:    7758752 bytes,    7758752 total
[2024-02-06T11:51:37.666+0000][1536][gc,heap     ] GC(455) Eden regions: 38->0(603)
[2024-02-06T11:51:37.666+0000][1536][gc,heap     ] GC(455) Survivor regions: 12->3(7)
[2024-02-06T11:51:37.666+0000][1536][gc,heap     ] GC(455) Old regions: 157->126
[2024-02-06T11:51:37.666+0000][1536][gc,heap     ] GC(455) Archive regions: 0->0
[2024-02-06T11:51:37.666+0000][1536][gc,heap     ] GC(455) Humongous regions: 2->2
[2024-02-06T11:51:37.666+0000][1536][gc,metaspace] GC(455) Metaspace: 132292K(138240K)->132292K(138240K) NonClass: 115240K(118976K)->115240K(118976K) Class: 17052K(19264K)->17052K(19264K)
[2024-02-06T11:51:37.666+0000][1536][gc          ] GC(455) Pause Young (Mixed) (G1 Evacuation Pause) 830M->522M(4040M) 46.685ms
[2024-02-06T11:51:37.666+0000][1536][gc,cpu      ] GC(455) User=0.05s Sys=0.12s Real=0.05s
[2024-02-06T11:51:37.666+0000][1536][safepoint   ] Safepoint "G1CollectForAllocation", Time since last: 10943858000 ns, Reaching safepoint: 65800 ns, At safepoint: 46801400 ns, Total: 46867200 ns
[2024-02-06T11:52:09.094+0000][1536][gc,start    ] GC(456) Pause Young (Normal) (G1 Evacuation Pause)
[2024-02-06T11:52:09.094+0000][1536][gc,task     ] GC(456) Using 8 workers of 8 for evacuation
[2024-02-06T11:52:09.094+0000][1536][gc,age      ] GC(456) Desired survivor size 159383552 bytes, new threshold 15 (max threshold 15)
[2024-02-06T11:52:09.132+0000][1536][gc,phases   ] GC(456)   Pre Evacuate Collection Set: 0.4ms
[2024-02-06T11:52:09.132+0000][1536][gc,phases   ] GC(456)   Merge Heap Roots: 0.6ms
[2024-02-06T11:52:09.132+0000][1536][gc,phases   ] GC(456)   Evacuate Collection Set: 33.1ms
[2024-02-06T11:52:09.132+0000][1536][gc,phases   ] GC(456)   Post Evacuate Collection Set: 3.2ms
[2024-02-06T11:52:09.132+0000][1536][gc,phases   ] GC(456)   Other: 0.7ms
[2024-02-06T11:52:09.132+0000][1536][gc,age      ] GC(456) Age table with threshold 15 (max threshold 15)
[2024-02-06T11:52:09.132+0000][1536][gc,age      ] GC(456) - age   1:   55086536 bytes,   55086536 total
[2024-02-06T11:52:09.132+0000][1536][gc,age      ] GC(456) - age   2:    1948336 bytes,   57034872 total
[2024-02-06T11:52:09.132+0000][1536][gc,heap     ] GC(456) Eden regions: 603->0(591)
[2024-02-06T11:52:09.133+0000][1536][gc,heap     ] GC(456) Survivor regions: 3->15(76)
[2024-02-06T11:52:09.133+0000][1536][gc,heap     ] GC(456) Old regions: 126->126
[2024-02-06T11:52:09.133+0000][1536][gc,heap     ] GC(456) Archive regions: 0->0
[2024-02-06T11:52:09.133+0000][1536][gc,heap     ] GC(456) Humongous regions: 2->2
[2024-02-06T11:52:09.133+0000][1536][gc,metaspace] GC(456) Metaspace: 132292K(138240K)->132292K(138240K) NonClass: 115240K(118976K)->115240K(118976K) Class: 17052K(19264K)->17052K(19264K)
[2024-02-06T11:52:09.133+0000][1536][gc          ] GC(456) Pause Young (Normal) (G1 Evacuation Pause) 2934M->567M(4040M) 39.455ms
[2024-02-06T11:52:09.133+0000][1536][gc,cpu      ] GC(456) User=0.25s Sys=0.02s Real=0.04s
[2024-02-06T11:52:09.134+0000][1536][safepoint   ] Safepoint "G1CollectForAllocation", Time since last: 31425271500 ns, Reaching safepoint: 302300 ns, At safepoint: 40148400 ns, Total: 40450700 ns
[2024-02-06T11:52:24.280+0000][1536][safepoint   ] Safepoint "Cleanup", Time since last: 15146782300 ns, Reaching safepoint: 129400 ns, At safepoint: 14800 ns, Total: 144200 ns
[2024-02-06T11:52:28.597+0000][1536][gc,start    ] GC(457) Pause Young (Normal) (G1 Evacuation Pause)
[2024-02-06T11:52:28.597+0000][1536][gc,task     ] GC(457) Using 8 workers of 8 for evacuation
[2024-02-06T11:52:28.597+0000][1536][gc,age      ] GC(457) Desired survivor size 159383552 bytes, new threshold 15 (max threshold 15)
[2024-02-06T11:52:28.642+0000][1536][gc,phases   ] GC(457)   Pre Evacuate Collection Set: 0.6ms
[2024-02-06T11:52:28.642+0000][1536][gc,phases   ] GC(457)   Merge Heap Roots: 0.7ms
[2024-02-06T11:52:28.642+0000][1536][gc,phases   ] GC(457)   Evacuate Collection Set: 41.0ms
[2024-02-06T11:52:28.642+0000][1536][gc,phases   ] GC(457)   Post Evacuate Collection Set: 1.6ms
[2024-02-06T11:52:28.642+0000][1536][gc,phases   ] GC(457)   Other: 0.6ms
[2024-02-06T11:52:28.642+0000][1536][gc,age      ] GC(457) Age table with threshold 15 (max threshold 15)
[2024-02-06T11:52:28.642+0000][1536][gc,age      ] GC(457) - age   1:   64412432 bytes,   64412432 total
[2024-02-06T11:52:28.642+0000][1536][gc,age      ] GC(457) - age   2:   20912224 bytes,   85324656 total
[2024-02-06T11:52:28.642+0000][1536][gc,age      ] GC(457) - age   3:    1793120 bytes,   87117776 total
[2024-02-06T11:52:28.642+0000][1536][gc,heap     ] GC(457) Eden regions: 591->0(584)
[2024-02-06T11:52:28.642+0000][1536][gc,heap     ] GC(457) Survivor regions: 15->22(76)
[2024-02-06T11:52:28.642+0000][1536][gc,heap     ] GC(457) Old regions: 126->126
[2024-02-06T11:52:28.642+0000][1536][gc,heap     ] GC(457) Archive regions: 0->0
[2024-02-06T11:52:28.642+0000][1536][gc,heap     ] GC(457) Humongous regions: 2->2
[2024-02-06T11:52:28.642+0000][1536][gc,metaspace] GC(457) Metaspace: 132292K(138240K)->132292K(138240K) NonClass: 115240K(118976K)->115240K(118976K) Class: 17052K(19264K)->17052K(19264K)
[2024-02-06T11:52:28.642+0000][1536][gc          ] GC(457) Pause Young (Normal) (G1 Evacuation Pause) 2931M->598M(4040M) 45.234ms
[2024-02-06T11:52:28.642+0000][1536][gc,cpu      ] GC(457) User=0.14s Sys=0.02s Real=0.05s
[2024-02-06T11:52:28.642+0000][1536][safepoint   ] Safepoint "G1CollectForAllocation", Time since last: 4316044400 ns, Reaching safepoint: 304600 ns, At safepoint: 45548600 ns, Total: 45853200 ns
[2024-02-06T11:53:11.796+0000][1536][gc,start    ] GC(458) Pause Young (Concurrent Start) (G1 Evacuation Pause)
[2024-02-06T11:53:11.796+0000][1536][gc,task     ] GC(458) Using 8 workers of 8 for evacuation
[2024-02-06T11:53:11.796+0000][1536][gc,age      ] GC(458) Desired survivor size 159383552 bytes, new threshold 15 (max threshold 15)
[2024-02-06T11:53:11.866+0000][1536][gc,phases   ] GC(458)   Pre Evacuate Collection Set: 0.7ms
[2024-02-06T11:53:11.866+0000][1536][gc,phases   ] GC(458)   Merge Heap Roots: 0.4ms
[2024-02-06T11:53:11.866+0000][1536][gc,phases   ] GC(458)   Evacuate Collection Set: 62.6ms
[2024-02-06T11:53:11.866+0000][1536][gc,phases   ] GC(458)   Post Evacuate Collection Set: 2.4ms
[2024-02-06T11:53:11.866+0000][1536][gc,phases   ] GC(458)   Other: 0.6ms
[2024-02-06T11:53:11.866+0000][1536][gc,age      ] GC(458) Age table with threshold 15 (max threshold 15)
[2024-02-06T11:53:11.866+0000][1536][gc,age      ] GC(458) - age   1:   67579304 bytes,   67579304 total
[2024-02-06T11:53:11.866+0000][1536][gc,age      ] GC(458) - age   2:   26229984 bytes,   93809288 total
[2024-02-06T11:53:11.866+0000][1536][gc,age      ] GC(458) - age   3:   19540448 bytes,  113349736 total
[2024-02-06T11:53:11.866+0000][1536][gc,age      ] GC(458) - age   4:    1308216 bytes,  114657952 total
[2024-02-06T11:53:11.866+0000][1536][gc,heap     ] GC(458) Eden regions: 584->0(576)
[2024-02-06T11:53:11.866+0000][1536][gc,heap     ] GC(458) Survivor regions: 22->30(76)
[2024-02-06T11:53:11.866+0000][1536][gc,heap     ] GC(458) Old regions: 126->126
[2024-02-06T11:53:11.866+0000][1536][gc,heap     ] GC(458) Archive regions: 0->0
[2024-02-06T11:53:11.866+0000][1536][gc,heap     ] GC(458) Humongous regions: 2->2
[2024-02-06T11:53:11.866+0000][1536][gc,metaspace] GC(458) Metaspace: 132296K(138240K)->132296K(138240K) NonClass: 115244K(118976K)->115244K(118976K) Class: 17052K(19264K)->17052K(19264K)
[2024-02-06T11:53:11.866+0000][1536][gc          ] GC(458) Pause Young (Concurrent Start) (G1 Evacuation Pause) 2934M->628M(4040M) 68.238ms
[2024-02-06T11:53:11.866+0000][1536][gc          ] GC(459) Concurrent Mark Cycle
[2024-02-06T11:53:11.866+0000][1536][gc,cpu      ] GC(458) User=0.34s Sys=0.08s Real=0.07s
[2024-02-06T11:53:11.866+0000][1536][gc,marking  ] GC(459) Concurrent Clear Claimed Marks
[2024-02-06T11:53:11.869+0000][1536][safepoint   ] Safepoint "G1CollectForAllocation", Time since last: 43157231700 ns, Reaching safepoint: 260400 ns, At safepoint: 69169200 ns, Total: 69429600 ns
[2024-02-06T11:53:11.869+0000][1536][gc,marking  ] GC(459) Concurrent Clear Claimed Marks 0.623ms
[2024-02-06T11:53:11.869+0000][1536][gc,marking  ] GC(459) Concurrent Scan Root Regions
[2024-02-06T11:53:11.882+0000][1536][gc,marking  ] GC(459) Concurrent Scan Root Regions 13.137ms
[2024-02-06T11:53:11.882+0000][1536][gc,marking  ] GC(459) Concurrent Mark
[2024-02-06T11:53:11.882+0000][1536][gc,marking  ] GC(459) Concurrent Mark From Roots
[2024-02-06T11:53:11.882+0000][1536][gc,task     ] GC(459) Using 2 workers of 2 for marking
[2024-02-06T11:53:12.094+0000][1536][gc,marking  ] GC(459) Concurrent Mark From Roots 218.058ms
[2024-02-06T11:53:12.094+0000][1536][gc,marking  ] GC(459) Concurrent Preclean
[2024-02-06T11:53:12.094+0000][1536][gc,marking  ] GC(459) Concurrent Preclean 1.124ms
[2024-02-06T11:53:12.094+0000][1536][gc,start    ] GC(459) Pause Remark
[2024-02-06T11:53:12.112+0000][1536][gc          ] GC(459) Pause Remark 680M->680M(4040M) 12.913ms
[2024-02-06T11:53:12.112+0000][1536][gc,cpu      ] GC(459) User=0.12s Sys=0.00s Real=0.02s
[2024-02-06T11:53:12.112+0000][1536][safepoint   ] Safepoint "G1Concurrent", Time since last: 232850200 ns, Reaching safepoint: 103600 ns, At safepoint: 13060100 ns, Total: 13163700 ns
[2024-02-06T11:53:12.112+0000][1536][gc,marking  ] GC(459) Concurrent Mark 232.600ms
[2024-02-06T11:53:12.112+0000][1536][gc,marking  ] GC(459) Concurrent Rebuild Remembered Sets
[2024-02-06T11:53:12.281+0000][1536][gc,marking  ] GC(459) Concurrent Rebuild Remembered Sets 166.199ms
[2024-02-06T11:53:12.281+0000][1536][gc,start    ] GC(459) Pause Cleanup
[2024-02-06T11:53:12.281+0000][1536][gc          ] GC(459) Pause Cleanup 708M->708M(4040M) 0.395ms
[2024-02-06T11:53:12.281+0000][1536][gc,cpu      ] GC(459) User=0.00s Sys=0.00s Real=0.00s
[2024-02-06T11:53:12.281+0000][1536][safepoint   ] Safepoint "G1Concurrent", Time since last: 166418600 ns, Reaching safepoint: 93800 ns, At safepoint: 532900 ns, Total: 626700 ns
[2024-02-06T11:53:12.281+0000][1536][gc,marking  ] GC(459) Concurrent Cleanup for Next Mark
[2024-02-06T11:53:12.292+0000][1536][gc,marking  ] GC(459) Concurrent Cleanup for Next Mark 10.037ms
[2024-02-06T11:53:12.292+0000][1536][gc          ] GC(459) Concurrent Mark Cycle 423.939ms
[2024-02-06T11:53:23.361+0000][1536][safepoint   ] Safepoint "Cleanup", Time since last: 11079078600 ns, Reaching safepoint: 153500 ns, At safepoint: 17500 ns, Total: 171000 ns
[2024-02-06T11:53:50.851+0000][1536][gc,start    ] GC(460) Pause Young (Prepare Mixed) (G1 Evacuation Pause)
[2024-02-06T11:53:50.851+0000][1536][gc,task     ] GC(460) Using 8 workers of 8 for evacuation
[2024-02-06T11:53:50.851+0000][1536][gc,age      ] GC(460) Desired survivor size 159383552 bytes, new threshold 15 (max threshold 15)
[2024-02-06T11:53:50.909+0000][1536][gc,phases   ] GC(460)   Pre Evacuate Collection Set: 0.2ms
[2024-02-06T11:53:50.909+0000][1536][gc,phases   ] GC(460)   Merge Heap Roots: 0.2ms
[2024-02-06T11:53:50.909+0000][1536][gc,phases   ] GC(460)   Evacuate Collection Set: 55.8ms
[2024-02-06T11:53:50.909+0000][1536][gc,phases   ] GC(460)   Post Evacuate Collection Set: 1.7ms
[2024-02-06T11:53:50.909+0000][1536][gc,phases   ] GC(460)   Other: 0.2ms
[2024-02-06T11:53:50.909+0000][1536][gc,age      ] GC(460) Age table with threshold 15 (max threshold 15)
[2024-02-06T11:53:50.909+0000][1536][gc,age      ] GC(460) - age   1:   75158288 bytes,   75158288 total
[2024-02-06T11:53:50.909+0000][1536][gc,age      ] GC(460) - age   2:   22326400 bytes,   97484688 total
[2024-02-06T11:53:50.909+0000][1536][gc,age      ] GC(460) - age   3:   19441384 bytes,  116926072 total
[2024-02-06T11:53:50.909+0000][1536][gc,age      ] GC(460) - age   4:   18440240 bytes,  135366312 total
[2024-02-06T11:53:50.909+0000][1536][gc,age      ] GC(460) - age   5:    1262520 bytes,  136628832 total
[2024-02-06T11:53:50.909+0000][1536][gc,heap     ] GC(460) Eden regions: 576->0(16)
[2024-02-06T11:53:50.909+0000][1536][gc,heap     ] GC(460) Survivor regions: 30->34(76)
[2024-02-06T11:53:50.909+0000][1536][gc,heap     ] GC(460) Old regions: 126->126
[2024-02-06T11:53:50.910+0000][1536][gc,heap     ] GC(460) Archive regions: 0->0
[2024-02-06T11:53:50.910+0000][1536][gc,heap     ] GC(460) Humongous regions: 2->2
[2024-02-06T11:53:50.910+0000][1536][gc,metaspace] GC(460) Metaspace: 132296K(138240K)->132296K(138240K) NonClass: 115244K(118976K)->115244K(118976K) Class: 17052K(19264K)->17052K(19264K)
[2024-02-06T11:53:50.910+0000][1536][gc          ] GC(460) Pause Young (Prepare Mixed) (G1 Evacuation Pause) 2932M->647M(4040M) 58.521ms
[2024-02-06T11:53:50.910+0000][1536][gc,cpu      ] GC(460) User=0.27s Sys=0.08s Real=0.06s
[2024-02-06T11:53:50.910+0000][1536][safepoint   ] Safepoint "G1CollectForAllocation", Time since last: 27489622300 ns, Reaching safepoint: 84600 ns, At safepoint: 58732700 ns, Total: 58817300 ns
[2024-02-06T11:53:51.425+0000][1536][gc,start    ] GC(461) Pause Young (Mixed) (G1 Evacuation Pause)
[2024-02-06T11:53:51.425+0000][1536][gc,task     ] GC(461) Using 8 workers of 8 for evacuation
[2024-02-06T11:53:51.425+0000][1536][gc,age      ] GC(461) Desired survivor size 14680064 bytes, new threshold 1 (max threshold 15)
[2024-02-06T11:53:51.999+0000][1536][gc,mmu      ] GC(461) MMU target violated: 201.0ms (200.0ms/201.0ms)
[2024-02-06T11:53:52.000+0000][1536][gc,phases   ] GC(461)   Pre Evacuate Collection Set: 0.1ms
[2024-02-06T11:53:52.000+0000][1536][gc,phases   ] GC(461)   Merge Heap Roots: 0.1ms
[2024-02-06T11:53:52.000+0000][1536][gc,phases   ] GC(461)   Evacuate Collection Set: 572.5ms
[2024-02-06T11:53:52.000+0000][1536][gc,phases   ] GC(461)   Post Evacuate Collection Set: 1.3ms
[2024-02-06T11:53:52.000+0000][1536][gc,phases   ] GC(461)   Other: 0.2ms
[2024-02-06T11:53:52.000+0000][1536][gc,age      ] GC(461) Age table with threshold 1 (max threshold 15)
[2024-02-06T11:53:52.000+0000][1536][gc,age      ] GC(461) - age   1:    2398856 bytes,    2398856 total
[2024-02-06T11:53:52.000+0000][1536][gc,heap     ] GC(461) Eden regions: 16->0(358)
[2024-02-06T11:53:52.000+0000][1536][gc,heap     ] GC(461) Survivor regions: 34->4(7)
[2024-02-06T11:53:52.000+0000][1536][gc,heap     ] GC(461) Old regions: 126->143
[2024-02-06T11:53:52.000+0000][1536][gc,heap     ] GC(461) Archive regions: 0->0
[2024-02-06T11:53:52.000+0000][1536][gc,heap     ] GC(461) Humongous regions: 2->2
[2024-02-06T11:53:52.000+0000][1536][gc,metaspace] GC(461) Metaspace: 132296K(138240K)->132296K(138240K) NonClass: 115244K(118976K)->115244K(118976K) Class: 17052K(19264K)->17052K(19264K)
[2024-02-06T11:53:52.000+0000][1536][gc          ] GC(461) Pause Young (Mixed) (G1 Evacuation Pause) 711M->593M(4040M) 574.486ms
[2024-02-06T11:53:52.000+0000][1536][gc,cpu      ] GC(461) User=0.16s Sys=0.86s Real=0.58s
[2024-02-06T11:53:52.001+0000][1536][safepoint   ] Safepoint "G1CollectForAllocation", Time since last: 515319400 ns, Reaching safepoint: 93300 ns, At safepoint: 575263100 ns, Total: 575356400 ns
[2024-02-06T11:54:06.137+0000][1536][gc,start    ] GC(462) Pause Young (Normal) (G1 Evacuation Pause)
[2024-02-06T11:54:06.137+0000][1536][gc,task     ] GC(462) Using 8 workers of 8 for evacuation
[2024-02-06T11:54:06.137+0000][1536][gc,age      ] GC(462) Desired survivor size 96468992 bytes, new threshold 15 (max threshold 15)
[2024-02-06T11:54:06.168+0000][1536][gc,phases   ] GC(462)   Pre Evacuate Collection Set: 0.3ms
[2024-02-06T11:54:06.168+0000][1536][gc,phases   ] GC(462)   Merge Heap Roots: 0.4ms
[2024-02-06T11:54:06.168+0000][1536][gc,phases   ] GC(462)   Evacuate Collection Set: 27.4ms
[2024-02-06T11:54:06.168+0000][1536][gc,phases   ] GC(462)   Post Evacuate Collection Set: 2.5ms
[2024-02-06T11:54:06.168+0000][1536][gc,phases   ] GC(462)   Other: 0.6ms
[2024-02-06T11:54:06.168+0000][1536][gc,age      ] GC(462) Age table with threshold 15 (max threshold 15)
[2024-02-06T11:54:06.168+0000][1536][gc,age      ] GC(462) - age   1:   59520600 bytes,   59520600 total
[2024-02-06T11:54:06.168+0000][1536][gc,age      ] GC(462) - age   2:    1385192 bytes,   60905792 total
[2024-02-06T11:54:06.168+0000][1536][gc,heap     ] GC(462) Eden regions: 358->0(267)
[2024-02-06T11:54:06.168+0000][1536][gc,heap     ] GC(462) Survivor regions: 4->16(46)
[2024-02-06T11:54:06.168+0000][1536][gc,heap     ] GC(462) Old regions: 143->143
[2024-02-06T11:54:06.168+0000][1536][gc,heap     ] GC(462) Archive regions: 0->0
[2024-02-06T11:54:06.168+0000][1536][gc,heap     ] GC(462) Humongous regions: 2->2
[2024-02-06T11:54:06.168+0000][1536][gc,metaspace] GC(462) Metaspace: 132296K(138240K)->132296K(138240K) NonClass: 115244K(118976K)->115244K(118976K) Class: 17052K(19264K)->17052K(19264K)
[2024-02-06T11:54:06.168+0000][1536][gc          ] GC(462) Pause Young (Normal) (G1 Evacuation Pause) 2025M->639M(4040M) 32.090ms
[2024-02-06T11:54:06.168+0000][1536][gc,cpu      ] GC(462) User=0.23s Sys=0.00s Real=0.03s
[2024-02-06T11:54:06.168+0000][1536][safepoint   ] Safepoint "G1CollectForAllocation", Time since last: 14137103300 ns, Reaching safepoint: 145700 ns, At safepoint: 32340100 ns, Total: 32485800 ns
[2024-02-06T11:54:15.554+0000][1536][gc,start    ] GC(463) Pause Young (Normal) (G1 Evacuation Pause)
[2024-02-06T11:54:15.554+0000][1536][gc,task     ] GC(463) Using 8 workers of 8 for evacuation
[2024-02-06T11:54:15.554+0000][1536][gc,age      ] GC(463) Desired survivor size 75497472 bytes, new threshold 15 (max threshold 15)
[2024-02-06T11:54:15.580+0000][1536][gc,phases   ] GC(463)   Pre Evacuate Collection Set: 0.1ms
[2024-02-06T11:54:15.580+0000][1536][gc,phases   ] GC(463)   Merge Heap Roots: 0.1ms
[2024-02-06T11:54:15.580+0000][1536][gc,phases   ] GC(463)   Evacuate Collection Set: 25.0ms
[2024-02-06T11:54:15.581+0000][1536][gc,phases   ] GC(463)   Post Evacuate Collection Set: 0.8ms
[2024-02-06T11:54:15.581+0000][1536][gc,phases   ] GC(463)   Other: 0.2ms
[2024-02-06T11:54:15.581+0000][1536][gc,age      ] GC(463) Age table with threshold 15 (max threshold 15)
[2024-02-06T11:54:15.581+0000][1536][gc,age      ] GC(463) - age   1:   54068600 bytes,   54068600 total
[2024-02-06T11:54:15.581+0000][1536][gc,age      ] GC(463) - age   2:   42313816 bytes,   96382416 total
[2024-02-06T11:54:15.581+0000][1536][gc,age      ] GC(463) - age   3:     524096 bytes,   96906512 total
[2024-02-06T11:54:15.581+0000][1536][gc,heap     ] GC(463) Eden regions: 267->0(204)
[2024-02-06T11:54:15.581+0000][1536][gc,heap     ] GC(463) Survivor regions: 16->25(36)
[2024-02-06T11:54:15.581+0000][1536][gc,heap     ] GC(463) Old regions: 143->143
[2024-02-06T11:54:15.581+0000][1536][gc,heap     ] GC(463) Archive regions: 0->0
[2024-02-06T11:54:15.581+0000][1536][gc,heap     ] GC(463) Humongous regions: 2->2
[2024-02-06T11:54:15.581+0000][1536][gc,metaspace] GC(463) Metaspace: 132296K(138240K)->132296K(138240K) NonClass: 115244K(118976K)->115244K(118976K) Class: 17052K(19264K)->17052K(19264K)
[2024-02-06T11:54:15.581+0000][1536][gc          ] GC(463) Pause Young (Normal) (G1 Evacuation Pause) 1707M->674M(4040M) 26.859ms
[2024-02-06T11:54:15.581+0000][1536][gc,cpu      ] GC(463) User=0.14s Sys=0.02s Real=0.03s
[2024-02-06T11:54:15.581+0000][1536][safepoint   ] Safepoint "G1CollectForAllocation", Time since last: 9384080200 ns, Reaching safepoint: 98400 ns, At safepoint: 27117900 ns, Total: 27216300 ns
[2024-02-06T11:54:31.140+0000][1536][gc,start    ] GC(464) Pause Young (Normal) (G1 Evacuation Pause)
[2024-02-06T11:54:31.140+0000][1536][gc,task     ] GC(464) Using 8 workers of 8 for evacuation
[2024-02-06T11:54:31.140+0000][1536][gc,age      ] GC(464) Desired survivor size 60817408 bytes, new threshold 2 (max threshold 15)
[2024-02-06T11:54:31.301+0000][1536][gc,phases   ] GC(464)   Pre Evacuate Collection Set: 0.3ms
[2024-02-06T11:54:31.301+0000][1536][gc,phases   ] GC(464)   Merge Heap Roots: 0.4ms
[2024-02-06T11:54:31.301+0000][1536][gc,phases   ] GC(464)   Evacuate Collection Set: 159.0ms
[2024-02-06T11:54:31.301+0000][1536][gc,phases   ] GC(464)   Post Evacuate Collection Set: 1.2ms
[2024-02-06T11:54:31.301+0000][1536][gc,phases   ] GC(464)   Other: 0.4ms
[2024-02-06T11:54:31.301+0000][1536][gc,age      ] GC(464) Age table with threshold 2 (max threshold 15)
[2024-02-06T11:54:31.301+0000][1536][gc,age      ] GC(464) - age   1:   30239304 bytes,   30239304 total
[2024-02-06T11:54:31.301+0000][1536][gc,age      ] GC(464) - age   2:   52116032 bytes,   82355336 total
[2024-02-06T11:54:31.301+0000][1536][gc,heap     ] GC(464) Eden regions: 204->0(207)
[2024-02-06T11:54:31.301+0000][1536][gc,heap     ] GC(464) Survivor regions: 25->22(29)
[2024-02-06T11:54:31.301+0000][1536][gc,heap     ] GC(464) Old regions: 143->150
[2024-02-06T11:54:31.301+0000][1536][gc,heap     ] GC(464) Archive regions: 0->0
[2024-02-06T11:54:31.301+0000][1536][gc,heap     ] GC(464) Humongous regions: 2->2
[2024-02-06T11:54:31.301+0000][1536][gc,metaspace] GC(464) Metaspace: 132296K(138240K)->132296K(138240K) NonClass: 115244K(118976K)->115244K(118976K) Class: 17052K(19264K)->17052K(19264K)
[2024-02-06T11:54:31.301+0000][1536][gc          ] GC(464) Pause Young (Normal) (G1 Evacuation Pause) 1490M->690M(4040M) 161.976ms
[2024-02-06T11:54:31.301+0000][1536][gc,cpu      ] GC(464) User=0.19s Sys=0.20s Real=0.16s
[2024-02-06T11:54:31.301+0000][1536][safepoint   ] Safepoint "G1CollectForAllocation", Time since last: 15562218000 ns, Reaching safepoint: 145300 ns, At safepoint: 162990200 ns, Total: 163135500 ns
[2024-02-06T11:54:41.076+0000][1536][gc,start    ] GC(465) Pause Young (Normal) (G1 Evacuation Pause)
[2024-02-06T11:54:41.076+0000][1536][gc,task     ] GC(465) Using 8 workers of 8 for evacuation
[2024-02-06T11:54:41.076+0000][1536][gc,age      ] GC(465) Desired survivor size 60817408 bytes, new threshold 2 (max threshold 15)
[2024-02-06T11:54:41.131+0000][1536][gc,phases   ] GC(465)   Pre Evacuate Collection Set: 0.3ms
[2024-02-06T11:54:41.131+0000][1536][gc,phases   ] GC(465)   Merge Heap Roots: 0.3ms
[2024-02-06T11:54:41.131+0000][1536][gc,phases   ] GC(465)   Evacuate Collection Set: 47.3ms
[2024-02-06T11:54:41.131+0000][1536][gc,phases   ] GC(465)   Post Evacuate Collection Set: 0.7ms
[2024-02-06T11:54:41.131+0000][1536][gc,phases   ] GC(465)   Other: 2.1ms
[2024-02-06T11:54:41.131+0000][1536][gc,age      ] GC(465) Age table with threshold 2 (max threshold 15)
[2024-02-06T11:54:41.131+0000][1536][gc,age      ] GC(465) - age   1:   32718528 bytes,   32718528 total
[2024-02-06T11:54:41.131+0000][1536][gc,age      ] GC(465) - age   2:   27930872 bytes,   60649400 total
[2024-02-06T11:54:41.131+0000][1536][gc,heap     ] GC(465) Eden regions: 207->0(309)
[2024-02-06T11:54:41.131+0000][1536][gc,heap     ] GC(465) Survivor regions: 22->17(29)
[2024-02-06T11:54:41.131+0000][1536][gc,heap     ] GC(465) Old regions: 150->160
[2024-02-06T11:54:41.131+0000][1536][gc,heap     ] GC(465) Archive regions: 0->0
[2024-02-06T11:54:41.131+0000][1536][gc,heap     ] GC(465) Humongous regions: 2->2
[2024-02-06T11:54:41.131+0000][1536][gc,metaspace] GC(465) Metaspace: 132296K(138240K)->132296K(138240K) NonClass: 115244K(118976K)->115244K(118976K) Class: 17052K(19264K)->17052K(19264K)
[2024-02-06T11:54:41.131+0000][1536][gc          ] GC(465) Pause Young (Normal) (G1 Evacuation Pause) 1518M->713M(4040M) 50.993ms
[2024-02-06T11:54:41.131+0000][1536][gc,cpu      ] GC(465) User=0.11s Sys=0.28s Real=0.06s
[2024-02-06T11:54:41.131+0000][1536][safepoint   ] Safepoint "G1CollectForAllocation", Time since last: 9775910400 ns, Reaching safepoint: 119200 ns, At safepoint: 51126100 ns, Total: 51245300 ns
[2024-02-06T11:54:59.744+0000][1536][gc,start    ] GC(466) Pause Young (Normal) (G1 Evacuation Pause)
[2024-02-06T11:54:59.744+0000][1536][gc,task     ] GC(466) Using 8 workers of 8 for evacuation
[2024-02-06T11:54:59.744+0000][1536][gc,age      ] GC(466) Desired survivor size 85983232 bytes, new threshold 15 (max threshold 15)
[2024-02-06T11:54:59.780+0000][1536][gc,phases   ] GC(466)   Pre Evacuate Collection Set: 0.3ms
[2024-02-06T11:54:59.780+0000][1536][gc,phases   ] GC(466)   Merge Heap Roots: 0.2ms
[2024-02-06T11:54:59.780+0000][1536][gc,phases   ] GC(466)   Evacuate Collection Set: 26.5ms
[2024-02-06T11:54:59.780+0000][1536][gc,phases   ] GC(466)   Post Evacuate Collection Set: 1.1ms
[2024-02-06T11:54:59.780+0000][1536][gc,phases   ] GC(466)   Other: 0.8ms
[2024-02-06T11:54:59.780+0000][1536][gc,age      ] GC(466) Age table with threshold 15 (max threshold 15)
[2024-02-06T11:54:59.780+0000][1536][gc,age      ] GC(466) - age   1:   68101152 bytes,   68101152 total
[2024-02-06T11:54:59.780+0000][1536][gc,age      ] GC(466) - age   2:   24540144 bytes,   92641296 total
[2024-02-06T11:54:59.780+0000][1536][gc,age      ] GC(466) - age   3:   15464480 bytes,  108105776 total
[2024-02-06T11:54:59.780+0000][1536][gc,heap     ] GC(466) Eden regions: 309->0(289)
[2024-02-06T11:54:59.780+0000][1536][gc,heap     ] GC(466) Survivor regions: 17->28(41)
[2024-02-06T11:54:59.780+0000][1536][gc,heap     ] GC(466) Old regions: 160->160
[2024-02-06T11:54:59.780+0000][1536][gc,heap     ] GC(466) Archive regions: 0->0
[2024-02-06T11:54:59.780+0000][1536][gc,heap     ] GC(466) Humongous regions: 2->2
[2024-02-06T11:54:59.780+0000][1536][gc,metaspace] GC(466) Metaspace: 132296K(138240K)->132296K(138240K) NonClass: 115244K(118976K)->115244K(118976K) Class: 17052K(19264K)->17052K(19264K)
[2024-02-06T11:54:59.780+0000][1536][gc          ] GC(466) Pause Young (Normal) (G1 Evacuation Pause) 1949M->756M(4040M) 29.273ms
[2024-02-06T11:54:59.780+0000][1536][gc,cpu      ] GC(466) User=0.22s Sys=0.02s Real=0.04s
[2024-02-06T11:54:59.781+0000][1536][safepoint   ] Safepoint "G1CollectForAllocation", Time since last: 18617283800 ns, Reaching safepoint: 110700 ns, At safepoint: 29501900 ns, Total: 29612600 ns
[2024-02-06T11:55:21.146+0000][1536][gc,start    ] GC(467) Pause Young (Normal) (G1 Evacuation Pause)
[2024-02-06T11:55:21.146+0000][1536][gc,task     ] GC(467) Using 8 workers of 8 for evacuation
[2024-02-06T11:55:21.146+0000][1536][gc,age      ] GC(467) Desired survivor size 83886080 bytes, new threshold 2 (max threshold 15)
[2024-02-06T11:55:21.216+0000][1536][gc,phases   ] GC(467)   Pre Evacuate Collection Set: 0.1ms
[2024-02-06T11:55:21.216+0000][1536][gc,phases   ] GC(467)   Merge Heap Roots: 0.1ms
[2024-02-06T11:55:21.216+0000][1536][gc,phases   ] GC(467)   Evacuate Collection Set: 64.6ms
[2024-02-06T11:55:21.216+0000][1536][gc,phases   ] GC(467)   Post Evacuate Collection Set: 0.9ms
[2024-02-06T11:55:21.216+0000][1536][gc,phases   ] GC(467)   Other: 0.8ms
[2024-02-06T11:55:21.216+0000][1536][gc,age      ] GC(467) Age table with threshold 2 (max threshold 15)
[2024-02-06T11:55:21.216+0000][1536][gc,age      ] GC(467) - age   1:   42841360 bytes,   42841360 total
[2024-02-06T11:55:21.216+0000][1536][gc,age      ] GC(467) - age   2:   54861968 bytes,   97703328 total
[2024-02-06T11:55:21.216+0000][1536][gc,heap     ] GC(467) Eden regions: 289->0(421)
[2024-02-06T11:55:21.216+0000][1536][gc,heap     ] GC(467) Survivor regions: 28->25(40)
[2024-02-06T11:55:21.216+0000][1536][gc,heap     ] GC(467) Old regions: 160->168
[2024-02-06T11:55:21.216+0000][1536][gc,heap     ] GC(467) Archive regions: 0->0
[2024-02-06T11:55:21.216+0000][1536][gc,heap     ] GC(467) Humongous regions: 2->2
[2024-02-06T11:55:21.216+0000][1536][gc,metaspace] GC(467) Metaspace: 132296K(138240K)->132296K(138240K) NonClass: 115244K(118976K)->115244K(118976K) Class: 17052K(19264K)->17052K(19264K)
[2024-02-06T11:55:21.216+0000][1536][gc          ] GC(467) Pause Young (Normal) (G1 Evacuation Pause) 1912M->776M(4040M) 66.879ms
[2024-02-06T11:55:21.216+0000][1536][gc,cpu      ] GC(467) User=0.06s Sys=0.17s Real=0.07s
[2024-02-06T11:55:21.216+0000][1536][safepoint   ] Safepoint "G1CollectForAllocation", Time since last: 21369308700 ns, Reaching safepoint: 122600 ns, At safepoint: 67169300 ns, Total: 67291900 ns
[2024-02-06T11:55:48.208+0000][1536][gc,start    ] GC(468) Pause Young (Normal) (G1 Evacuation Pause)
[2024-02-06T11:55:48.208+0000][1536][gc,task     ] GC(468) Using 8 workers of 8 for evacuation
[2024-02-06T11:55:48.208+0000][1536][gc,age      ] GC(468) Desired survivor size 117440512 bytes, new threshold 15 (max threshold 15)
[2024-02-06T11:55:48.245+0000][1536][gc,phases   ] GC(468)   Pre Evacuate Collection Set: 0.2ms
[2024-02-06T11:55:48.245+0000][1536][gc,phases   ] GC(468)   Merge Heap Roots: 0.1ms
[2024-02-06T11:55:48.245+0000][1536][gc,phases   ] GC(468)   Evacuate Collection Set: 34.8ms
[2024-02-06T11:55:48.245+0000][1536][gc,phases   ] GC(468)   Post Evacuate Collection Set: 1.5ms
[2024-02-06T11:55:48.245+0000][1536][gc,phases   ] GC(468)   Other: 0.2ms
[2024-02-06T11:55:48.245+0000][1536][gc,age      ] GC(468) Age table with threshold 15 (max threshold 15)
[2024-02-06T11:55:48.245+0000][1536][gc,age      ] GC(468) - age   1:   83589064 bytes,   83589064 total
[2024-02-06T11:55:48.245+0000][1536][gc,age      ] GC(468) - age   2:   33753360 bytes,  117342424 total
[2024-02-06T11:55:48.245+0000][1536][gc,age      ] GC(468) - age   3:   17784648 bytes,  135127072 total
[2024-02-06T11:55:48.245+0000][1536][gc,heap     ] GC(468) Eden regions: 421->0(468)
[2024-02-06T11:55:48.245+0000][1536][gc,heap     ] GC(468) Survivor regions: 25->34(56)
[2024-02-06T11:55:48.245+0000][1536][gc,heap     ] GC(468) Old regions: 168->168
[2024-02-06T11:55:48.245+0000][1536][gc,heap     ] GC(468) Archive regions: 0->0
[2024-02-06T11:55:48.245+0000][1536][gc,heap     ] GC(468) Humongous regions: 2->2
[2024-02-06T11:55:48.245+0000][1536][gc,metaspace] GC(468) Metaspace: 132296K(138240K)->132296K(138240K) NonClass: 115244K(118976K)->115244K(118976K) Class: 17052K(19264K)->17052K(19264K)
[2024-02-06T11:55:48.245+0000][1536][gc          ] GC(468) Pause Young (Normal) (G1 Evacuation Pause) 2460M->812M(4040M) 37.234ms
[2024-02-06T11:55:48.245+0000][1536][gc,cpu      ] GC(468) User=0.22s Sys=0.00s Real=0.04s
[2024-02-06T11:55:48.246+0000][1536][safepoint   ] Safepoint "G1CollectForAllocation", Time since last: 26990566600 ns, Reaching safepoint: 327900 ns, At safepoint: 37388500 ns, Total: 37716400 ns
[2024-02-06T11:56:06.679+0000][1536][gc,start    ] GC(469) Pause Young (Normal) (G1 Evacuation Pause)
[2024-02-06T11:56:06.679+0000][1536][gc,task     ] GC(469) Using 8 workers of 8 for evacuation
[2024-02-06T11:56:06.679+0000][1536][gc,age      ] GC(469) Desired survivor size 132120576 bytes, new threshold 3 (max threshold 15)
[2024-02-06T11:56:06.764+0000][1536][gc,phases   ] GC(469)   Pre Evacuate Collection Set: 0.2ms
[2024-02-06T11:56:06.764+0000][1536][gc,phases   ] GC(469)   Merge Heap Roots: 0.1ms
[2024-02-06T11:56:06.764+0000][1536][gc,phases   ] GC(469)   Evacuate Collection Set: 82.0ms
[2024-02-06T11:56:06.764+0000][1536][gc,phases   ] GC(469)   Post Evacuate Collection Set: 1.3ms
[2024-02-06T11:56:06.764+0000][1536][gc,phases   ] GC(469)   Other: 2.8ms
[2024-02-06T11:56:06.764+0000][1536][gc,age      ] GC(469) Age table with threshold 3 (max threshold 15)
[2024-02-06T11:56:06.764+0000][1536][gc,age      ] GC(469) - age   1:   65091992 bytes,   65091992 total
[2024-02-06T11:56:06.764+0000][1536][gc,age      ] GC(469) - age   2:   67805224 bytes,  132897216 total
[2024-02-06T11:56:06.764+0000][1536][gc,age      ] GC(469) - age   3:   18415456 bytes,  151312672 total
[2024-02-06T11:56:06.764+0000][1536][gc,heap     ] GC(469) Eden regions: 468->0(530)
[2024-02-06T11:56:06.764+0000][1536][gc,heap     ] GC(469) Survivor regions: 34->38(63)
[2024-02-06T11:56:06.764+0000][1536][gc,heap     ] GC(469) Old regions: 168->171
[2024-02-06T11:56:06.764+0000][1536][gc,heap     ] GC(469) Archive regions: 0->0
[2024-02-06T11:56:06.764+0000][1536][gc,heap     ] GC(469) Humongous regions: 2->2
[2024-02-06T11:56:06.764+0000][1536][gc,metaspace] GC(469) Metaspace: 132297K(138240K)->132297K(138240K) NonClass: 115245K(118976K)->115245K(118976K) Class: 17052K(19264K)->17052K(19264K)
[2024-02-06T11:56:06.764+0000][1536][gc          ] GC(469) Pause Young (Normal) (G1 Evacuation Pause) 2684M->843M(4040M) 86.777ms
[2024-02-06T11:56:06.764+0000][1536][gc,cpu      ] GC(469) User=0.09s Sys=0.16s Real=0.09s
[2024-02-06T11:56:06.764+0000][1536][safepoint   ] Safepoint "G1CollectForAllocation", Time since last: 18432976700 ns, Reaching safepoint: 64900 ns, At safepoint: 87384800 ns, Total: 87449700 ns
[2024-02-06T11:56:35.234+0000][1536][gc,start    ] GC(470) Pause Young (Normal) (G1 Evacuation Pause)
[2024-02-06T11:56:35.234+0000][1536][gc,task     ] GC(470) Using 8 workers of 8 for evacuation
[2024-02-06T11:56:35.234+0000][1536][gc,age      ] GC(470) Desired survivor size 148897792 bytes, new threshold 3 (max threshold 15)
[2024-02-06T11:56:35.295+0000][1536][gc,phases   ] GC(470)   Pre Evacuate Collection Set: 0.2ms
[2024-02-06T11:56:35.295+0000][1536][gc,phases   ] GC(470)   Merge Heap Roots: 0.6ms
[2024-02-06T11:56:35.295+0000][1536][gc,phases   ] GC(470)   Evacuate Collection Set: 56.2ms
[2024-02-06T11:56:35.295+0000][1536][gc,phases   ] GC(470)   Post Evacuate Collection Set: 1.1ms
[2024-02-06T11:56:35.295+0000][1536][gc,phases   ] GC(470)   Other: 5.6ms
[2024-02-06T11:56:35.295+0000][1536][gc,age      ] GC(470) Age table with threshold 3 (max threshold 15)
[2024-02-06T11:56:35.295+0000][1536][gc,age      ] GC(470) - age   1:  106639392 bytes,  106639392 total
[2024-02-06T11:56:35.295+0000][1536][gc,age      ] GC(470) - age   2:   44975240 bytes,  151614632 total
[2024-02-06T11:56:35.295+0000][1536][gc,age      ] GC(470) - age   3:   20218480 bytes,  171833112 total
[2024-02-06T11:56:35.295+0000][1536][gc,heap     ] GC(470) Eden regions: 530->0(561)
[2024-02-06T11:56:35.295+0000][1536][gc,heap     ] GC(470) Survivor regions: 38->42(71)
[2024-02-06T11:56:35.295+0000][1536][gc,heap     ] GC(470) Old regions: 171->174
[2024-02-06T11:56:35.295+0000][1536][gc,heap     ] GC(470) Archive regions: 0->0
[2024-02-06T11:56:35.295+0000][1536][gc,heap     ] GC(470) Humongous regions: 2->2
[2024-02-06T11:56:35.295+0000][1536][gc,metaspace] GC(470) Metaspace: 132297K(138240K)->132297K(138240K) NonClass: 115245K(118976K)->115245K(118976K) Class: 17052K(19264K)->17052K(19264K)
[2024-02-06T11:56:35.295+0000][1536][gc          ] GC(470) Pause Young (Normal) (G1 Evacuation Pause) 2963M->870M(4040M) 64.028ms
[2024-02-06T11:56:35.295+0000][1536][gc,cpu      ] GC(470) User=0.20s Sys=0.06s Real=0.06s
[2024-02-06T11:56:35.295+0000][1536][safepoint   ] Safepoint "G1CollectForAllocation", Time since last: 27193756700 ns, Reaching safepoint: 1273638400 ns, At safepoint: 64372200 ns, Total: 1338010600 ns
[2024-02-06T11:57:04.354+0000][1536][gc,start    ] GC(471) Pause Young (Concurrent Start) (G1 Evacuation Pause)
[2024-02-06T11:57:04.355+0000][1536][gc,task     ] GC(471) Using 8 workers of 8 for evacuation
[2024-02-06T11:57:04.355+0000][1536][gc,age      ] GC(471) Desired survivor size 159383552 bytes, new threshold 3 (max threshold 15)
[2024-02-06T11:57:04.546+0000][1536][gc,phases   ] GC(471)   Pre Evacuate Collection Set: 0.6ms
[2024-02-06T11:57:04.546+0000][1536][gc,phases   ] GC(471)   Merge Heap Roots: 0.4ms
[2024-02-06T11:57:04.546+0000][1536][gc,phases   ] GC(471)   Evacuate Collection Set: 186.8ms
[2024-02-06T11:57:04.546+0000][1536][gc,phases   ] GC(471)   Post Evacuate Collection Set: 1.7ms
[2024-02-06T11:57:04.546+0000][1536][gc,phases   ] GC(471)   Other: 1.2ms
[2024-02-06T11:57:04.546+0000][1536][gc,age      ] GC(471) Age table with threshold 3 (max threshold 15)
[2024-02-06T11:57:04.546+0000][1536][gc,age      ] GC(471) - age   1:   52550504 bytes,   52550504 total
[2024-02-06T11:57:04.546+0000][1536][gc,age      ] GC(471) - age   2:   89870336 bytes,  142420840 total
[2024-02-06T11:57:04.546+0000][1536][gc,age      ] GC(471) - age   3:   32686568 bytes,  175107408 total
[2024-02-06T11:57:04.546+0000][1536][gc,heap     ] GC(471) Eden regions: 561->0(324)
[2024-02-06T11:57:04.546+0000][1536][gc,heap     ] GC(471) Survivor regions: 42->45(76)
[2024-02-06T11:57:04.546+0000][1536][gc,heap     ] GC(471) Old regions: 174->179
[2024-02-06T11:57:04.546+0000][1536][gc,heap     ] GC(471) Archive regions: 0->0
[2024-02-06T11:57:04.546+0000][1536][gc,heap     ] GC(471) Humongous regions: 2->2
[2024-02-06T11:57:04.546+0000][1536][gc,metaspace] GC(471) Metaspace: 132299K(138240K)->132299K(138240K) NonClass: 115247K(118976K)->115247K(118976K) Class: 17052K(19264K)->17052K(19264K)
[2024-02-06T11:57:04.546+0000][1536][gc          ] GC(471) Pause Young (Concurrent Start) (G1 Evacuation Pause) 3114M->901M(4040M) 190.993ms
[2024-02-06T11:57:04.546+0000][1536][gc          ] GC(472) Concurrent Mark Cycle
[2024-02-06T11:57:04.546+0000][1536][gc,cpu      ] GC(471) User=0.23s Sys=0.25s Real=0.19s
[2024-02-06T11:57:04.546+0000][1536][gc,marking  ] GC(472) Concurrent Clear Claimed Marks
[2024-02-06T11:57:04.546+0000][1536][gc,marking  ] GC(472) Concurrent Clear Claimed Marks 0.270ms
[2024-02-06T11:57:04.546+0000][1536][safepoint   ] Safepoint "G1CollectForAllocation", Time since last: 29056790000 ns, Reaching safepoint: 94100 ns, At safepoint: 191373200 ns, Total: 191467300 ns
[2024-02-06T11:57:04.546+0000][1536][gc,marking  ] GC(472) Concurrent Scan Root Regions
[2024-02-06T11:57:04.565+0000][1536][gc,marking  ] GC(472) Concurrent Scan Root Regions 19.148ms
[2024-02-06T11:57:04.565+0000][1536][gc,marking  ] GC(472) Concurrent Mark
[2024-02-06T11:57:04.565+0000][1536][gc,marking  ] GC(472) Concurrent Mark From Roots
[2024-02-06T11:57:04.565+0000][1536][gc,task     ] GC(472) Using 2 workers of 2 for marking
[2024-02-06T11:57:04.722+0000][1536][gc,marking  ] GC(472) Concurrent Mark From Roots 157.580ms
[2024-02-06T11:57:04.722+0000][1536][gc,marking  ] GC(472) Concurrent Preclean
[2024-02-06T11:57:04.723+0000][1536][gc,marking  ] GC(472) Concurrent Preclean 0.953ms
[2024-02-06T11:57:04.723+0000][1536][gc,start    ] GC(472) Pause Remark
[2024-02-06T11:57:04.736+0000][1536][gc          ] GC(472) Pause Remark 945M->945M(4040M) 11.751ms
[2024-02-06T11:57:04.736+0000][1536][gc,cpu      ] GC(472) User=0.06s Sys=0.02s Real=0.01s
[2024-02-06T11:57:04.736+0000][1536][safepoint   ] Safepoint "G1Concurrent", Time since last: 177851400 ns, Reaching safepoint: 34700 ns, At safepoint: 11973100 ns, Total: 12007800 ns
[2024-02-06T11:57:04.736+0000][1536][gc,marking  ] GC(472) Concurrent Mark 170.708ms
[2024-02-06T11:57:04.736+0000][1536][gc,marking  ] GC(472) Concurrent Rebuild Remembered Sets
[2024-02-06T11:57:04.885+0000][1536][gc,marking  ] GC(472) Concurrent Rebuild Remembered Sets 149.422ms
[2024-02-06T11:57:04.885+0000][1536][gc,start    ] GC(472) Pause Cleanup
[2024-02-06T11:57:04.886+0000][1536][gc          ] GC(472) Pause Cleanup 983M->983M(4040M) 0.271ms
[2024-02-06T11:57:04.886+0000][1536][gc,cpu      ] GC(472) User=0.00s Sys=0.00s Real=0.00s
[2024-02-06T11:57:04.886+0000][1536][safepoint   ] Safepoint "G1Concurrent", Time since last: 149570900 ns, Reaching safepoint: 35000 ns, At safepoint: 339600 ns, Total: 374600 ns
[2024-02-06T11:57:04.886+0000][1536][gc,marking  ] GC(472) Concurrent Cleanup for Next Mark
[2024-02-06T11:57:04.905+0000][1536][gc,marking  ] GC(472) Concurrent Cleanup for Next Mark 19.002ms
[2024-02-06T11:57:04.905+0000][1536][gc          ] GC(472) Concurrent Mark Cycle 359.188ms
[2024-02-06T11:57:22.922+0000][1536][gc,start    ] GC(473) Pause Young (Prepare Mixed) (G1 Evacuation Pause)
[2024-02-06T11:57:22.922+0000][1536][gc,task     ] GC(473) Using 8 workers of 8 for evacuation
[2024-02-06T11:57:22.922+0000][1536][gc,age      ] GC(473) Desired survivor size 123731968 bytes, new threshold 2 (max threshold 15)
[2024-02-06T11:57:23.095+0000][1536][gc,phases   ] GC(473)   Pre Evacuate Collection Set: 0.2ms
[2024-02-06T11:57:23.095+0000][1536][gc,phases   ] GC(473)   Merge Heap Roots: 0.2ms
[2024-02-06T11:57:23.095+0000][1536][gc,phases   ] GC(473)   Evacuate Collection Set: 178.6ms
[2024-02-06T11:57:23.095+0000][1536][gc,phases   ] GC(473)   Post Evacuate Collection Set: 1.6ms
[2024-02-06T11:57:23.095+0000][1536][gc,phases   ] GC(473)   Other: 0.6ms
[2024-02-06T11:57:23.095+0000][1536][gc,age      ] GC(473) Age table with threshold 2 (max threshold 15)
[2024-02-06T11:57:23.095+0000][1536][gc,age      ] GC(473) - age   1:   96165784 bytes,   96165784 total
[2024-02-06T11:57:23.095+0000][1536][gc,age      ] GC(473) - age   2:   44686648 bytes,  140852432 total
[2024-02-06T11:57:23.095+0000][1536][gc,heap     ] GC(473) Eden regions: 420->0(14)
[2024-02-06T11:57:23.095+0000][1536][gc,heap     ] GC(473) Survivor regions: 45->36(59)
[2024-02-06T11:57:23.095+0000][1536][gc,heap     ] GC(473) Old regions: 179->196
[2024-02-06T11:57:23.095+0000][1536][gc,heap     ] GC(473) Archive regions: 0->0
[2024-02-06T11:57:23.095+0000][1536][gc,heap     ] GC(473) Humongous regions: 2->2
[2024-02-06T11:57:23.095+0000][1536][gc,metaspace] GC(473) Metaspace: 132299K(138240K)->132299K(138240K) NonClass: 115247K(118976K)->115247K(118976K) Class: 17052K(19264K)->17052K(19264K)
[2024-02-06T11:57:23.095+0000][1536][gc          ] GC(473) Pause Young (Prepare Mixed) (G1 Evacuation Pause) 2581M->933M(4040M) 181.629ms
[2024-02-06T11:57:23.095+0000][1536][gc,cpu      ] GC(473) User=0.14s Sys=0.31s Real=0.17s
[2024-02-06T11:57:23.095+0000][1536][safepoint   ] Safepoint "G1CollectForAllocation", Time since last: 18041333500 ns, Reaching safepoint: 108700 ns, At safepoint: 181847900 ns, Total: 181956600 ns
[2024-02-06T11:57:23.373+0000][1536][gc,start    ] GC(474) Pause Young (Mixed) (G1 Evacuation Pause)
[2024-02-06T11:57:23.373+0000][1536][gc,task     ] GC(474) Using 8 workers of 8 for evacuation
[2024-02-06T11:57:23.373+0000][1536][gc,age      ] GC(474) Desired survivor size 14680064 bytes, new threshold 1 (max threshold 15)
[2024-02-06T11:57:23.790+0000][1536][gc,mmu      ] GC(474) MMU target violated: 201.0ms (200.0ms/201.0ms)
[2024-02-06T11:57:23.790+0000][1536][gc,phases   ] GC(474)   Pre Evacuate Collection Set: 0.2ms
[2024-02-06T11:57:23.790+0000][1536][gc,phases   ] GC(474)   Merge Heap Roots: 0.4ms
[2024-02-06T11:57:23.790+0000][1536][gc,phases   ] GC(474)   Evacuate Collection Set: 411.7ms
[2024-02-06T11:57:23.791+0000][1536][gc,phases   ] GC(474)   Post Evacuate Collection Set: 1.6ms
[2024-02-06T11:57:23.791+0000][1536][gc,phases   ] GC(474)   Other: 4.6ms
[2024-02-06T11:57:23.791+0000][1536][gc,age      ] GC(474) Age table with threshold 1 (max threshold 15)
[2024-02-06T11:57:23.791+0000][1536][gc,age      ] GC(474) - age   1:    1655608 bytes,    1655608 total
[2024-02-06T11:57:23.791+0000][1536][gc,heap     ] GC(474) Eden regions: 14->0(422)
[2024-02-06T11:57:23.791+0000][1536][gc,heap     ] GC(474) Survivor regions: 36->4(7)
[2024-02-06T11:57:23.791+0000][1536][gc,heap     ] GC(474) Old regions: 196->197
[2024-02-06T11:57:23.791+0000][1536][gc,heap     ] GC(474) Archive regions: 0->0
[2024-02-06T11:57:23.791+0000][1536][gc,heap     ] GC(474) Humongous regions: 2->2
[2024-02-06T11:57:23.791+0000][1536][gc,metaspace] GC(474) Metaspace: 132299K(138240K)->132299K(138240K) NonClass: 115247K(118976K)->115247K(118976K) Class: 17052K(19264K)->17052K(19264K)
[2024-02-06T11:57:23.791+0000][1536][gc          ] GC(474) Pause Young (Mixed) (G1 Evacuation Pause) 989M->810M(4040M) 418.679ms
[2024-02-06T11:57:23.791+0000][1536][gc,cpu      ] GC(474) User=0.12s Sys=0.58s Real=0.42s
[2024-02-06T11:57:23.791+0000][1536][safepoint   ] Safepoint "G1CollectForAllocation", Time since last: 263441900 ns, Reaching safepoint: 81500 ns, At safepoint: 419413600 ns, Total: 419495100 ns
[2024-02-06T11:57:40.503+0000][1536][gc,start    ] GC(475) Pause Young (Normal) (G1 Evacuation Pause)
[2024-02-06T11:57:40.503+0000][1536][gc,task     ] GC(475) Using 8 workers of 8 for evacuation
[2024-02-06T11:57:40.503+0000][1536][gc,age      ] GC(475) Desired survivor size 113246208 bytes, new threshold 15 (max threshold 15)
[2024-02-06T11:57:40.524+0000][1536][gc,phases   ] GC(475)   Pre Evacuate Collection Set: 0.2ms
[2024-02-06T11:57:40.524+0000][1536][gc,phases   ] GC(475)   Merge Heap Roots: 0.1ms
[2024-02-06T11:57:40.524+0000][1536][gc,phases   ] GC(475)   Evacuate Collection Set: 18.6ms
[2024-02-06T11:57:40.524+0000][1536][gc,phases   ] GC(475)   Post Evacuate Collection Set: 1.6ms
[2024-02-06T11:57:40.524+0000][1536][gc,phases   ] GC(475)   Other: 0.7ms
[2024-02-06T11:57:40.524+0000][1536][gc,age      ] GC(475) Age table with threshold 15 (max threshold 15)
[2024-02-06T11:57:40.524+0000][1536][gc,age      ] GC(475) - age   1:   44430104 bytes,   44430104 total
[2024-02-06T11:57:40.524+0000][1536][gc,age      ] GC(475) - age   2:     899800 bytes,   45329904 total
[2024-02-06T11:57:40.524+0000][1536][gc,heap     ] GC(475) Eden regions: 422->0(508)
[2024-02-06T11:57:40.524+0000][1536][gc,heap     ] GC(475) Survivor regions: 4->12(54)
[2024-02-06T11:57:40.524+0000][1536][gc,heap     ] GC(475) Old regions: 197->197
[2024-02-06T11:57:40.524+0000][1536][gc,heap     ] GC(475) Archive regions: 0->0
[2024-02-06T11:57:40.524+0000][1536][gc,heap     ] GC(475) Humongous regions: 2->2
[2024-02-06T11:57:40.524+0000][1536][gc,metaspace] GC(475) Metaspace: 132299K(138240K)->132299K(138240K) NonClass: 115247K(118976K)->115247K(118976K) Class: 17052K(19264K)->17052K(19264K)
[2024-02-06T11:57:40.524+0000][1536][gc          ] GC(475) Pause Young (Normal) (G1 Evacuation Pause) 2498M->841M(4040M) 21.663ms
[2024-02-06T11:57:40.525+0000][1536][gc,cpu      ] GC(475) User=0.11s Sys=0.00s Real=0.02s
[2024-02-06T11:57:40.525+0000][1536][safepoint   ] Safepoint "G1CollectForAllocation", Time since last: 16711079200 ns, Reaching safepoint: 106000 ns, At safepoint: 21809800 ns, Total: 21915800 ns
[2024-02-06T11:58:07.518+0000][1536][gc,start    ] GC(476) Pause Young (Normal) (G1 Evacuation Pause)
[2024-02-06T11:58:07.518+0000][1536][gc,task     ] GC(476) Using 8 workers of 8 for evacuation
[2024-02-06T11:58:07.518+0000][1536][gc,age      ] GC(476) Desired survivor size 136314880 bytes, new threshold 15 (max threshold 15)
[2024-02-06T11:58:07.560+0000][1536][gc,phases   ] GC(476)   Pre Evacuate Collection Set: 0.1ms
[2024-02-06T11:58:07.560+0000][1536][gc,phases   ] GC(476)   Merge Heap Roots: 0.1ms
[2024-02-06T11:58:07.560+0000][1536][gc,phases   ] GC(476)   Evacuate Collection Set: 40.3ms
[2024-02-06T11:58:07.560+0000][1536][gc,phases   ] GC(476)   Post Evacuate Collection Set: 1.4ms
[2024-02-06T11:58:07.560+0000][1536][gc,phases   ] GC(476)   Other: 0.2ms
[2024-02-06T11:58:07.560+0000][1536][gc,age      ] GC(476) Age table with threshold 15 (max threshold 15)
[2024-02-06T11:58:07.560+0000][1536][gc,age      ] GC(476) - age   1:   95254392 bytes,   95254392 total
[2024-02-06T11:58:07.560+0000][1536][gc,age      ] GC(476) - age   2:   35766384 bytes,  131020776 total
[2024-02-06T11:58:07.560+0000][1536][gc,age      ] GC(476) - age   3:     895584 bytes,  131916360 total
[2024-02-06T11:58:07.560+0000][1536][gc,heap     ] GC(476) Eden regions: 508->0(276)
[2024-02-06T11:58:07.560+0000][1536][gc,heap     ] GC(476) Survivor regions: 12->33(65)
[2024-02-06T11:58:07.560+0000][1536][gc,heap     ] GC(476) Old regions: 197->197
[2024-02-06T11:58:07.560+0000][1536][gc,heap     ] GC(476) Archive regions: 0->0
[2024-02-06T11:58:07.560+0000][1536][gc,heap     ] GC(476) Humongous regions: 2->2
[2024-02-06T11:58:07.560+0000][1536][gc,metaspace] GC(476) Metaspace: 132299K(138240K)->132299K(138240K) NonClass: 115247K(118976K)->115247K(118976K) Class: 17052K(19264K)->17052K(19264K)
[2024-02-06T11:58:07.560+0000][1536][gc          ] GC(476) Pause Young (Normal) (G1 Evacuation Pause) 2873M->926M(4040M) 42.707ms
[2024-02-06T11:58:07.560+0000][1536][gc,cpu      ] GC(476) User=0.22s Sys=0.02s Real=0.04s
[2024-02-06T11:58:07.561+0000][1536][safepoint   ] Safepoint "G1CollectForAllocation", Time since last: 26992944300 ns, Reaching safepoint: 52300 ns, At safepoint: 42915800 ns, Total: 42968100 ns
[2024-02-06T11:58:15.200+0000][1536][gc,start    ] GC(477) Pause Young (Concurrent Start) (G1 Evacuation Pause)
[2024-02-06T11:58:15.200+0000][1536][gc,task     ] GC(477) Using 8 workers of 8 for evacuation
[2024-02-06T11:58:15.200+0000][1536][gc,age      ] GC(477) Desired survivor size 81788928 bytes, new threshold 1 (max threshold 15)
[2024-02-06T11:58:15.419+0000][1536][gc,mmu      ] GC(477) MMU target violated: 201.0ms (200.0ms/201.0ms)
[2024-02-06T11:58:15.419+0000][1536][gc,phases   ] GC(477)   Pre Evacuate Collection Set: 0.5ms
[2024-02-06T11:58:15.419+0000][1536][gc,phases   ] GC(477)   Merge Heap Roots: 0.1ms
[2024-02-06T11:58:15.419+0000][1536][gc,phases   ] GC(477)   Evacuate Collection Set: 217.6ms
[2024-02-06T11:58:15.419+0000][1536][gc,phases   ] GC(477)   Post Evacuate Collection Set: 0.9ms
[2024-02-06T11:58:15.419+0000][1536][gc,phases   ] GC(477)   Other: 0.9ms
[2024-02-06T11:58:15.419+0000][1536][gc,age      ] GC(477) Age table with threshold 1 (max threshold 15)
[2024-02-06T11:58:15.419+0000][1536][gc,age      ] GC(477) - age   1:   54830888 bytes,   54830888 total
[2024-02-06T11:58:15.419+0000][1536][gc,heap     ] GC(477) Eden regions: 276->0(394)
[2024-02-06T11:58:15.419+0000][1536][gc,heap     ] GC(477) Survivor regions: 33->15(39)
[2024-02-06T11:58:15.419+0000][1536][gc,heap     ] GC(477) Old regions: 197->228
[2024-02-06T11:58:15.419+0000][1536][gc,heap     ] GC(477) Archive regions: 0->0
[2024-02-06T11:58:15.419+0000][1536][gc,heap     ] GC(477) Humongous regions: 2->2
[2024-02-06T11:58:15.420+0000][1536][gc,metaspace] GC(477) Metaspace: 132299K(138240K)->132299K(138240K) NonClass: 115247K(118976K)->115247K(118976K) Class: 17052K(19264K)->17052K(19264K)
[2024-02-06T11:58:15.420+0000][1536][gc          ] GC(477) Pause Young (Concurrent Start) (G1 Evacuation Pause) 2030M->979M(4040M) 220.691ms
[2024-02-06T11:58:15.420+0000][1536][gc          ] GC(478) Concurrent Mark Cycle
[2024-02-06T11:58:15.420+0000][1536][gc,cpu      ] GC(477) User=0.17s Sys=0.27s Real=0.22s
[2024-02-06T11:58:15.420+0000][1536][gc,marking  ] GC(478) Concurrent Clear Claimed Marks
[2024-02-06T11:58:15.420+0000][1536][gc,marking  ] GC(478) Concurrent Clear Claimed Marks 0.240ms
[2024-02-06T11:58:15.420+0000][1536][gc,marking  ] GC(478) Concurrent Scan Root Regions
[2024-02-06T11:58:15.420+0000][1536][safepoint   ] Safepoint "G1CollectForAllocation", Time since last: 7638383200 ns, Reaching safepoint: 85600 ns, At safepoint: 223177600 ns, Total: 223263200 ns
[2024-02-06T11:58:15.450+0000][1536][gc,marking  ] GC(478) Concurrent Scan Root Regions 29.132ms
[2024-02-06T11:58:15.450+0000][1536][gc,marking  ] GC(478) Concurrent Mark
[2024-02-06T11:58:15.450+0000][1536][gc,marking  ] GC(478) Concurrent Mark From Roots
[2024-02-06T11:58:15.450+0000][1536][gc,task     ] GC(478) Using 2 workers of 2 for marking
[2024-02-06T11:58:15.617+0000][1536][gc,marking  ] GC(478) Concurrent Mark From Roots 173.384ms
[2024-02-06T11:58:15.617+0000][1536][gc,marking  ] GC(478) Concurrent Preclean
[2024-02-06T11:58:15.617+0000][1536][gc,marking  ] GC(478) Concurrent Preclean 0.741ms
[2024-02-06T11:58:15.617+0000][1536][gc,start    ] GC(478) Pause Remark
[2024-02-06T11:58:15.634+0000][1536][gc          ] GC(478) Pause Remark 1003M->1003M(4040M) 10.658ms
[2024-02-06T11:58:15.634+0000][1536][gc,cpu      ] GC(478) User=0.09s Sys=0.02s Real=0.02s
[2024-02-06T11:58:15.634+0000][1536][safepoint   ] Safepoint "G1Concurrent", Time since last: 201382800 ns, Reaching safepoint: 41400 ns, At safepoint: 10813800 ns, Total: 10855200 ns
[2024-02-06T11:58:15.634+0000][1536][gc,marking  ] GC(478) Concurrent Mark 185.139ms
[2024-02-06T11:58:15.634+0000][1536][gc,marking  ] GC(478) Concurrent Rebuild Remembered Sets
[2024-02-06T11:58:15.764+0000][1536][gc,marking  ] GC(478) Concurrent Rebuild Remembered Sets 129.839ms
[2024-02-06T11:58:15.764+0000][1536][gc,start    ] GC(478) Pause Cleanup
[2024-02-06T11:58:15.766+0000][1536][gc          ] GC(478) Pause Cleanup 1015M->1015M(4040M) 1.869ms
[2024-02-06T11:58:15.766+0000][1536][gc,cpu      ] GC(478) User=0.00s Sys=0.02s Real=0.00s
[2024-02-06T11:58:15.766+0000][1536][safepoint   ] Safepoint "G1Concurrent", Time since last: 129975200 ns, Reaching safepoint: 53000 ns, At safepoint: 1982900 ns, Total: 2035900 ns
[2024-02-06T11:58:15.766+0000][1536][gc,marking  ] GC(478) Concurrent Cleanup for Next Mark
[2024-02-06T11:58:15.785+0000][1536][gc,marking  ] GC(478) Concurrent Cleanup for Next Mark 17.727ms
[2024-02-06T11:58:15.785+0000][1536][gc          ] GC(478) Concurrent Mark Cycle 364.432ms
[2024-02-06T11:58:53.681+0000][1536][gc,start    ] GC(479) Pause Young (Prepare Mixed) (G1 Evacuation Pause)
[2024-02-06T11:58:53.682+0000][1536][gc,task     ] GC(479) Using 8 workers of 8 for evacuation
[2024-02-06T11:58:53.682+0000][1536][gc,age      ] GC(479) Desired survivor size 134217728 bytes, new threshold 15 (max threshold 15)
[2024-02-06T11:58:53.714+0000][1536][gc,phases   ] GC(479)   Pre Evacuate Collection Set: 0.2ms
[2024-02-06T11:58:53.714+0000][1536][gc,phases   ] GC(479)   Merge Heap Roots: 0.2ms
[2024-02-06T11:58:53.714+0000][1536][gc,phases   ] GC(479)   Evacuate Collection Set: 30.3ms
[2024-02-06T11:58:53.714+0000][1536][gc,phases   ] GC(479)   Post Evacuate Collection Set: 1.4ms
[2024-02-06T11:58:53.714+0000][1536][gc,phases   ] GC(479)   Other: 0.2ms
[2024-02-06T11:58:53.714+0000][1536][gc,age      ] GC(479) Age table with threshold 15 (max threshold 15)
[2024-02-06T11:58:53.714+0000][1536][gc,age      ] GC(479) - age   1:   49283040 bytes,   49283040 total
[2024-02-06T11:58:53.714+0000][1536][gc,age      ] GC(479) - age   2:   51051472 bytes,  100334512 total
[2024-02-06T11:58:53.714+0000][1536][gc,heap     ] GC(479) Eden regions: 495->0(24)
[2024-02-06T11:58:53.714+0000][1536][gc,heap     ] GC(479) Survivor regions: 15->26(64)
[2024-02-06T11:58:53.714+0000][1536][gc,heap     ] GC(479) Old regions: 228->228
[2024-02-06T11:58:53.714+0000][1536][gc,heap     ] GC(479) Archive regions: 0->0
[2024-02-06T11:58:53.714+0000][1536][gc,heap     ] GC(479) Humongous regions: 2->2
[2024-02-06T11:58:53.714+0000][1536][gc,metaspace] GC(479) Metaspace: 132299K(138240K)->132299K(138240K) NonClass: 115247K(118976K)->115247K(118976K) Class: 17052K(19264K)->17052K(19264K)
[2024-02-06T11:58:53.714+0000][1536][gc          ] GC(479) Pause Young (Prepare Mixed) (G1 Evacuation Pause) 2959M->1020M(4040M) 32.747ms
[2024-02-06T11:58:53.714+0000][1536][gc,cpu      ] GC(479) User=0.14s Sys=0.03s Real=0.03s
[2024-02-06T11:58:53.714+0000][1536][safepoint   ] Safepoint "G1CollectForAllocation", Time since last: 37914600400 ns, Reaching safepoint: 81500 ns, At safepoint: 32908700 ns, Total: 32990200 ns
[2024-02-06T11:58:54.740+0000][1536][gc,start    ] GC(480) Pause Young (Mixed) (G1 Evacuation Pause)
[2024-02-06T11:58:54.740+0000][1536][gc,task     ] GC(480) Using 8 workers of 8 for evacuation
[2024-02-06T11:58:54.740+0000][1536][gc,age      ] GC(480) Desired survivor size 14680064 bytes, new threshold 1 (max threshold 15)
[2024-02-06T11:58:55.051+0000][1536][gc,mmu      ] GC(480) MMU target violated: 201.0ms (200.0ms/201.0ms)
[2024-02-06T11:58:55.051+0000][1536][gc,phases   ] GC(480)   Pre Evacuate Collection Set: 0.2ms
[2024-02-06T11:58:55.051+0000][1536][gc,phases   ] GC(480)   Merge Heap Roots: 0.2ms
[2024-02-06T11:58:55.051+0000][1536][gc,phases   ] GC(480)   Evacuate Collection Set: 311.5ms
[2024-02-06T11:58:55.051+0000][1536][gc,phases   ] GC(480)   Post Evacuate Collection Set: 0.8ms
[2024-02-06T11:58:55.051+0000][1536][gc,phases   ] GC(480)   Other: 0.7ms
[2024-02-06T11:58:55.051+0000][1536][gc,age      ] GC(480) Age table with threshold 1 (max threshold 15)
[2024-02-06T11:58:55.051+0000][1536][gc,age      ] GC(480) - age   1:    3672656 bytes,    3672656 total
[2024-02-06T11:58:55.051+0000][1536][gc,heap     ] GC(480) Eden regions: 24->0(577)
[2024-02-06T11:58:55.051+0000][1536][gc,heap     ] GC(480) Survivor regions: 26->4(7)
[2024-02-06T11:58:55.051+0000][1536][gc,heap     ] GC(480) Old regions: 228->215
[2024-02-06T11:58:55.051+0000][1536][gc,heap     ] GC(480) Archive regions: 0->0
[2024-02-06T11:58:55.051+0000][1536][gc,heap     ] GC(480) Humongous regions: 2->2
[2024-02-06T11:58:55.051+0000][1536][gc,metaspace] GC(480) Metaspace: 132299K(138240K)->132299K(138240K) NonClass: 115247K(118976K)->115247K(118976K) Class: 17052K(19264K)->17052K(19264K)
[2024-02-06T11:58:55.051+0000][1536][gc          ] GC(480) Pause Young (Mixed) (G1 Evacuation Pause) 1116M->880M(4040M) 313.589ms
[2024-02-06T11:58:55.051+0000][1536][gc,cpu      ] GC(480) User=0.22s Sys=0.58s Real=0.31s
[2024-02-06T11:58:55.054+0000][1536][safepoint   ] Safepoint "G1CollectForAllocation", Time since last: 1025560200 ns, Reaching safepoint: 65700 ns, At safepoint: 314175900 ns, Total: 314241600 ns
[2024-02-06T11:59:17.606+0000][1536][gc,start    ] GC(481) Pause Young (Normal) (G1 Evacuation Pause)
[2024-02-06T11:59:17.606+0000][1536][gc,task     ] GC(481) Using 8 workers of 8 for evacuation
[2024-02-06T11:59:17.606+0000][1536][gc,age      ] GC(481) Desired survivor size 153092096 bytes, new threshold 15 (max threshold 15)
[2024-02-06T11:59:17.652+0000][1536][gc,phases   ] GC(481)   Pre Evacuate Collection Set: 0.2ms
[2024-02-06T11:59:17.652+0000][1536][gc,phases   ] GC(481)   Merge Heap Roots: 0.1ms
[2024-02-06T11:59:17.652+0000][1536][gc,phases   ] GC(481)   Evacuate Collection Set: 43.1ms
[2024-02-06T11:59:17.652+0000][1536][gc,phases   ] GC(481)   Post Evacuate Collection Set: 1.1ms
[2024-02-06T11:59:17.652+0000][1536][gc,phases   ] GC(481)   Other: 0.2ms
[2024-02-06T11:59:17.652+0000][1536][gc,age      ] GC(481) Age table with threshold 15 (max threshold 15)
[2024-02-06T11:59:17.652+0000][1536][gc,age      ] GC(481) - age   1:  112650472 bytes,  112650472 total
[2024-02-06T11:59:17.652+0000][1536][gc,age      ] GC(481) - age   2:    2554248 bytes,  115204720 total
[2024-02-06T11:59:17.652+0000][1536][gc,heap     ] GC(481) Eden regions: 577->0(257)
[2024-02-06T11:59:17.652+0000][1536][gc,heap     ] GC(481) Survivor regions: 4->29(73)
[2024-02-06T11:59:17.652+0000][1536][gc,heap     ] GC(481) Old regions: 215->215
[2024-02-06T11:59:17.652+0000][1536][gc,heap     ] GC(481) Archive regions: 0->0
[2024-02-06T11:59:17.652+0000][1536][gc,heap     ] GC(481) Humongous regions: 2->2
[2024-02-06T11:59:17.652+0000][1536][gc,metaspace] GC(481) Metaspace: 132299K(138240K)->132299K(138240K) NonClass: 115247K(118976K)->115247K(118976K) Class: 17052K(19264K)->17052K(19264K)
[2024-02-06T11:59:17.652+0000][1536][gc          ] GC(481) Pause Young (Normal) (G1 Evacuation Pause) 3188M->979M(4040M) 45.075ms
[2024-02-06T11:59:17.652+0000][1536][gc,cpu      ] GC(481) User=0.17s Sys=0.14s Real=0.05s
[2024-02-06T11:59:17.652+0000][1536][safepoint   ] Safepoint "G1CollectForAllocation", Time since last: 22555701700 ns, Reaching safepoint: 131700 ns, At safepoint: 45359800 ns, Total: 45491500 ns
[2024-02-06T11:59:25.311+0000][1536][gc,start    ] GC(482) Pause Young (Normal) (G1 Evacuation Pause)
[2024-02-06T11:59:25.311+0000][1536][gc,task     ] GC(482) Using 8 workers of 8 for evacuation
[2024-02-06T11:59:25.311+0000][1536][gc,age      ] GC(482) Desired survivor size 75497472 bytes, new threshold 1 (max threshold 15)
[2024-02-06T11:59:25.463+0000][1536][gc,phases   ] GC(482)   Pre Evacuate Collection Set: 0.3ms
[2024-02-06T11:59:25.463+0000][1536][gc,phases   ] GC(482)   Merge Heap Roots: 0.3ms
[2024-02-06T11:59:25.463+0000][1536][gc,phases   ] GC(482)   Evacuate Collection Set: 149.3ms
[2024-02-06T11:59:25.463+0000][1536][gc,phases   ] GC(482)   Post Evacuate Collection Set: 1.3ms
[2024-02-06T11:59:25.463+0000][1536][gc,phases   ] GC(482)   Other: 0.4ms
[2024-02-06T11:59:25.463+0000][1536][gc,age      ] GC(482) Age table with threshold 1 (max threshold 15)
[2024-02-06T11:59:25.463+0000][1536][gc,age      ] GC(482) - age   1:   43962368 bytes,   43962368 total
[2024-02-06T11:59:25.463+0000][1536][gc,heap     ] GC(482) Eden regions: 257->0(540)
[2024-02-06T11:59:25.463+0000][1536][gc,heap     ] GC(482) Survivor regions: 29->12(36)
[2024-02-06T11:59:25.463+0000][1536][gc,heap     ] GC(482) Old regions: 215->242
[2024-02-06T11:59:25.463+0000][1536][gc,heap     ] GC(482) Archive regions: 0->0
[2024-02-06T11:59:25.463+0000][1536][gc,heap     ] GC(482) Humongous regions: 2->2
[2024-02-06T11:59:25.463+0000][1536][gc,metaspace] GC(482) Metaspace: 132299K(138240K)->132299K(138240K) NonClass: 115247K(118976K)->115247K(118976K) Class: 17052K(19264K)->17052K(19264K)
[2024-02-06T11:59:25.463+0000][1536][gc          ] GC(482) Pause Young (Normal) (G1 Evacuation Pause) 2007M->1021M(4040M) 152.185ms
[2024-02-06T11:59:25.463+0000][1536][gc,cpu      ] GC(482) User=0.25s Sys=0.62s Real=0.15s
[2024-02-06T11:59:25.463+0000][1536][safepoint   ] Safepoint "G1CollectForAllocation", Time since last: 7607397700 ns, Reaching safepoint: 48642200 ns, At safepoint: 152378400 ns, Total: 201020600 ns
[2024-02-06T12:00:00.187+0000][1536][safepoint   ] Safepoint "Cleanup", Time since last: 34263633900 ns, Reaching safepoint: 459806100 ns, At safepoint: 395100 ns, Total: 460201200 ns
[2024-02-06T12:00:03.040+0000][1536][gc,start    ] GC(483) Pause Young (Normal) (G1 Evacuation Pause)
[2024-02-06T12:00:03.040+0000][1536][gc,task     ] GC(483) Using 8 workers of 8 for evacuation
[2024-02-06T12:00:03.040+0000][1536][gc,age      ] GC(483) Desired survivor size 144703488 bytes, new threshold 15 (max threshold 15)
[2024-02-06T12:00:03.076+0000][1536][gc,phases   ] GC(483)   Pre Evacuate Collection Set: 0.2ms
[2024-02-06T12:00:03.076+0000][1536][gc,phases   ] GC(483)   Merge Heap Roots: 0.2ms
[2024-02-06T12:00:03.076+0000][1536][gc,phases   ] GC(483)   Evacuate Collection Set: 33.6ms
[2024-02-06T12:00:03.076+0000][1536][gc,phases   ] GC(483)   Post Evacuate Collection Set: 1.5ms
[2024-02-06T12:00:03.076+0000][1536][gc,phases   ] GC(483)   Other: 0.2ms
[2024-02-06T12:00:03.076+0000][1536][gc,age      ] GC(483) Age table with threshold 15 (max threshold 15)
[2024-02-06T12:00:03.076+0000][1536][gc,age      ] GC(483) - age   1:   59643376 bytes,   59643376 total
[2024-02-06T12:00:03.076+0000][1536][gc,age      ] GC(483) - age   2:   40329680 bytes,   99973056 total
[2024-02-06T12:00:03.076+0000][1536][gc,heap     ] GC(483) Eden regions: 540->0(532)
[2024-02-06T12:00:03.076+0000][1536][gc,heap     ] GC(483) Survivor regions: 12->25(69)
[2024-02-06T12:00:03.076+0000][1536][gc,heap     ] GC(483) Old regions: 242->242
[2024-02-06T12:00:03.076+0000][1536][gc,heap     ] GC(483) Archive regions: 0->0
[2024-02-06T12:00:03.076+0000][1536][gc,heap     ] GC(483) Humongous regions: 2->2
[2024-02-06T12:00:03.076+0000][1536][gc,metaspace] GC(483) Metaspace: 132300K(138240K)->132300K(138240K) NonClass: 115248K(118976K)->115248K(118976K) Class: 17052K(19264K)->17052K(19264K)
[2024-02-06T12:00:03.076+0000][1536][gc          ] GC(483) Pause Young (Normal) (G1 Evacuation Pause) 3181M->1075M(4040M) 36.137ms
[2024-02-06T12:00:03.076+0000][1536][gc,cpu      ] GC(483) User=0.25s Sys=0.00s Real=0.04s
[2024-02-06T12:00:03.076+0000][1536][safepoint   ] Safepoint "G1CollectForAllocation", Time since last: 2852794200 ns, Reaching safepoint: 107900 ns, At safepoint: 36278700 ns, Total: 36386600 ns
[2024-02-06T12:00:19.979+0000][1536][gc,start    ] GC(484) Pause Young (Concurrent Start) (G1 Evacuation Pause)
[2024-02-06T12:00:19.979+0000][1536][gc,task     ] GC(484) Using 8 workers of 8 for evacuation
[2024-02-06T12:00:19.979+0000][1536][gc,age      ] GC(484) Desired survivor size 146800640 bytes, new threshold 15 (max threshold 15)
[2024-02-06T12:00:20.037+0000][1536][gc,phases   ] GC(484)   Pre Evacuate Collection Set: 0.7ms
[2024-02-06T12:00:20.037+0000][1536][gc,phases   ] GC(484)   Merge Heap Roots: 0.2ms
[2024-02-06T12:00:20.037+0000][1536][gc,phases   ] GC(484)   Evacuate Collection Set: 55.2ms
[2024-02-06T12:00:20.037+0000][1536][gc,phases   ] GC(484)   Post Evacuate Collection Set: 1.4ms
[2024-02-06T12:00:20.037+0000][1536][gc,phases   ] GC(484)   Other: 0.2ms
[2024-02-06T12:00:20.037+0000][1536][gc,age      ] GC(484) Age table with threshold 15 (max threshold 15)
[2024-02-06T12:00:20.037+0000][1536][gc,age      ] GC(484) - age   1:   91348688 bytes,   91348688 total
[2024-02-06T12:00:20.037+0000][1536][gc,age      ] GC(484) - age   2:   53381560 bytes,  144730248 total
[2024-02-06T12:00:20.037+0000][1536][gc,age      ] GC(484) - age   3:   39784632 bytes,  184514880 total
[2024-02-06T12:00:20.037+0000][1536][gc,heap     ] GC(484) Eden regions: 532->0(122)
[2024-02-06T12:00:20.037+0000][1536][gc,heap     ] GC(484) Survivor regions: 25->47(70)
[2024-02-06T12:00:20.037+0000][1536][gc,heap     ] GC(484) Old regions: 242->242
[2024-02-06T12:00:20.037+0000][1536][gc,heap     ] GC(484) Archive regions: 0->0
[2024-02-06T12:00:20.038+0000][1536][gc,heap     ] GC(484) Humongous regions: 2->2
[2024-02-06T12:00:20.038+0000][1536][gc,metaspace] GC(484) Metaspace: 132300K(138240K)->132300K(138240K) NonClass: 115248K(118976K)->115248K(118976K) Class: 17052K(19264K)->17052K(19264K)
[2024-02-06T12:00:20.038+0000][1536][gc          ] GC(484) Pause Young (Concurrent Start) (G1 Evacuation Pause) 3203M->1161M(4040M) 58.282ms
[2024-02-06T12:00:20.038+0000][1536][gc,cpu      ] GC(484) User=0.28s Sys=0.02s Real=0.06s
[2024-02-06T12:00:20.038+0000][1536][gc          ] GC(485) Concurrent Mark Cycle
[2024-02-06T12:00:20.038+0000][1536][gc,marking  ] GC(485) Concurrent Clear Claimed Marks
[2024-02-06T12:00:20.038+0000][1536][safepoint   ] Safepoint "G1CollectForAllocation", Time since last: 16902744100 ns, Reaching safepoint: 81600 ns, At safepoint: 58560500 ns, Total: 58642100 ns
[2024-02-06T12:00:20.038+0000][1536][gc,marking  ] GC(485) Concurrent Clear Claimed Marks 0.217ms
[2024-02-06T12:00:20.038+0000][1536][gc,marking  ] GC(485) Concurrent Scan Root Regions
[2024-02-06T12:00:20.065+0000][1536][gc,marking  ] GC(485) Concurrent Scan Root Regions 36.052ms
[2024-02-06T12:00:20.065+0000][1536][gc,marking  ] GC(485) Concurrent Mark
[2024-02-06T12:00:20.065+0000][1536][gc,marking  ] GC(485) Concurrent Mark From Roots
[2024-02-06T12:00:20.065+0000][1536][gc,task     ] GC(485) Using 2 workers of 2 for marking
[2024-02-06T12:00:20.281+0000][1536][gc,marking  ] GC(485) Concurrent Mark From Roots 206.381ms
[2024-02-06T12:00:20.281+0000][1536][gc,marking  ] GC(485) Concurrent Preclean
[2024-02-06T12:00:20.282+0000][1536][gc,marking  ] GC(485) Concurrent Preclean 0.721ms
[2024-02-06T12:00:20.282+0000][1536][gc,start    ] GC(485) Pause Remark
[2024-02-06T12:00:20.286+0000][1536][gc          ] GC(485) Pause Remark 1201M->1201M(4040M) 12.303ms
[2024-02-06T12:00:20.286+0000][1536][gc,cpu      ] GC(485) User=0.00s Sys=0.00s Real=0.00s
[2024-02-06T12:00:20.286+0000][1536][safepoint   ] Safepoint "G1Concurrent", Time since last: 243470500 ns, Reaching safepoint: 33000 ns, At safepoint: 12469100 ns, Total: 12502100 ns
[2024-02-06T12:00:20.286+0000][1536][gc,marking  ] GC(485) Concurrent Mark 219.750ms
[2024-02-06T12:00:20.286+0000][1536][gc,marking  ] GC(485) Concurrent Rebuild Remembered Sets
[2024-02-06T12:00:20.400+0000][1536][gc,marking  ] GC(485) Concurrent Rebuild Remembered Sets 108.135ms
[2024-02-06T12:00:20.400+0000][1536][gc,start    ] GC(485) Pause Cleanup
[2024-02-06T12:00:20.400+0000][1536][gc          ] GC(485) Pause Cleanup 1204M->1204M(4040M) 1.176ms
[2024-02-06T12:00:20.400+0000][1536][gc,cpu      ] GC(485) User=0.00s Sys=0.00s Real=0.00s
[2024-02-06T12:00:20.400+0000][1536][safepoint   ] Safepoint "G1Concurrent", Time since last: 108278500 ns, Reaching safepoint: 28100 ns, At safepoint: 1253700 ns, Total: 1281800 ns
[2024-02-06T12:00:20.400+0000][1536][gc,marking  ] GC(485) Concurrent Cleanup for Next Mark
[2024-02-06T12:00:20.556+0000][1536][gc,marking  ] GC(485) Concurrent Cleanup for Next Mark 152.680ms
[2024-02-06T12:00:20.556+0000][1536][gc          ] GC(485) Concurrent Mark Cycle 518.475ms
[2024-02-06T12:00:30.945+0000][1536][gc,start    ] GC(486) Pause Young (Prepare Mixed) (G1 Evacuation Pause)
[2024-02-06T12:00:30.945+0000][1536][gc,task     ] GC(486) Using 8 workers of 8 for evacuation
[2024-02-06T12:00:30.945+0000][1536][gc,age      ] GC(486) Desired survivor size 62914560 bytes, new threshold 1 (max threshold 15)
[2024-02-06T12:00:31.217+0000][1536][gc,mmu      ] GC(486) MMU target violated: 201.0ms (200.0ms/201.0ms)
[2024-02-06T12:00:31.217+0000][1536][gc,phases   ] GC(486)   Pre Evacuate Collection Set: 1.3ms
[2024-02-06T12:00:31.217+0000][1536][gc,phases   ] GC(486)   Merge Heap Roots: 0.6ms
[2024-02-06T12:00:31.217+0000][1536][gc,phases   ] GC(486)   Evacuate Collection Set: 225.2ms
[2024-02-06T12:00:31.217+0000][1536][gc,phases   ] GC(486)   Post Evacuate Collection Set: 1.5ms
[2024-02-06T12:00:31.217+0000][1536][gc,phases   ] GC(486)   Other: 33.9ms
[2024-02-06T12:00:31.217+0000][1536][gc,age      ] GC(486) Age table with threshold 1 (max threshold 15)
[2024-02-06T12:00:31.217+0000][1536][gc,age      ] GC(486) - age   1:   35884976 bytes,   35884976 total
[2024-02-06T12:00:31.217+0000][1536][gc,heap     ] GC(486) Eden regions: 193->0(39)
[2024-02-06T12:00:31.217+0000][1536][gc,heap     ] GC(486) Survivor regions: 47->11(30)
[2024-02-06T12:00:31.217+0000][1536][gc,heap     ] GC(486) Old regions: 242->275
[2024-02-06T12:00:31.217+0000][1536][gc,heap     ] GC(486) Archive regions: 0->0
[2024-02-06T12:00:31.217+0000][1536][gc,heap     ] GC(486) Humongous regions: 2->2
[2024-02-06T12:00:31.217+0000][1536][gc,metaspace] GC(486) Metaspace: 132300K(138240K)->132300K(138240K) NonClass: 115248K(118976K)->115248K(118976K) Class: 17052K(19264K)->17052K(19264K)
[2024-02-06T12:00:31.217+0000][1536][gc          ] GC(486) Pause Young (Prepare Mixed) (G1 Evacuation Pause) 1933M->1150M(4040M) 262.728ms
[2024-02-06T12:00:31.217+0000][1536][gc,cpu      ] GC(486) User=0.11s Sys=0.59s Real=0.27s
[2024-02-06T12:00:31.218+0000][1536][safepoint   ] Safepoint "G1CollectForAllocation", Time since last: 10550776100 ns, Reaching safepoint: 176100 ns, At safepoint: 262941200 ns, Total: 263117300 ns
[2024-02-06T12:00:36.498+0000][1536][gc,start    ] GC(487) Pause Young (Mixed) (G1 Evacuation Pause)
[2024-02-06T12:00:36.498+0000][1536][gc,task     ] GC(487) Using 8 workers of 8 for evacuation
[2024-02-06T12:00:36.498+0000][1536][gc,age      ] GC(487) Desired survivor size 14680064 bytes, new threshold 1 (max threshold 15)
[2024-02-06T12:00:36.875+0000][1536][gc,mmu      ] GC(487) MMU target violated: 201.0ms (200.0ms/201.0ms)
[2024-02-06T12:00:36.875+0000][1536][gc,phases   ] GC(487)   Pre Evacuate Collection Set: 0.5ms
[2024-02-06T12:00:36.875+0000][1536][gc,phases   ] GC(487)   Merge Heap Roots: 0.7ms
[2024-02-06T12:00:36.875+0000][1536][gc,phases   ] GC(487)   Evacuate Collection Set: 373.1ms
[2024-02-06T12:00:36.875+0000][1536][gc,phases   ] GC(487)   Post Evacuate Collection Set: 4.0ms
[2024-02-06T12:00:36.875+0000][1536][gc,phases   ] GC(487)   Other: 0.4ms
[2024-02-06T12:00:36.875+0000][1536][gc,age      ] GC(487) Age table with threshold 1 (max threshold 15)
[2024-02-06T12:00:36.875+0000][1536][gc,age      ] GC(487) - age   1:    3005792 bytes,    3005792 total
[2024-02-06T12:00:36.875+0000][1536][gc,heap     ] GC(487) Eden regions: 39->0(47)
[2024-02-06T12:00:36.875+0000][1536][gc,heap     ] GC(487) Survivor regions: 11->3(7)
[2024-02-06T12:00:36.875+0000][1536][gc,heap     ] GC(487) Old regions: 275->206
[2024-02-06T12:00:36.875+0000][1536][gc,heap     ] GC(487) Archive regions: 0->0
[2024-02-06T12:00:36.875+0000][1536][gc,heap     ] GC(487) Humongous regions: 2->2
[2024-02-06T12:00:36.875+0000][1536][gc,metaspace] GC(487) Metaspace: 132300K(138240K)->132300K(138240K) NonClass: 115248K(118976K)->115248K(118976K) Class: 17052K(19264K)->17052K(19264K)
[2024-02-06T12:00:36.875+0000][1536][gc          ] GC(487) Pause Young (Mixed) (G1 Evacuation Pause) 1306M->842M(4040M) 379.034ms
[2024-02-06T12:00:36.875+0000][1536][gc,cpu      ] GC(487) User=0.17s Sys=0.98s Real=0.38s
[2024-02-06T12:00:36.875+0000][1536][safepoint   ] Safepoint "G1CollectForAllocation", Time since last: 5282786500 ns, Reaching safepoint: 215300 ns, At safepoint: 379478400 ns, Total: 379693700 ns
[2024-02-06T12:00:38.288+0000][1536][gc,start    ] GC(488) Pause Young (Mixed) (G1 Evacuation Pause)
[2024-02-06T12:00:38.288+0000][1536][gc,task     ] GC(488) Using 8 workers of 8 for evacuation
[2024-02-06T12:00:38.288+0000][1536][gc,age      ] GC(488) Desired survivor size 14680064 bytes, new threshold 15 (max threshold 15)
[2024-02-06T12:00:38.328+0000][1536][gc,phases   ] GC(488)   Pre Evacuate Collection Set: 0.4ms
[2024-02-06T12:00:38.328+0000][1536][gc,phases   ] GC(488)   Merge Heap Roots: 0.4ms
[2024-02-06T12:00:38.328+0000][1536][gc,phases   ] GC(488)   Evacuate Collection Set: 36.8ms
[2024-02-06T12:00:38.329+0000][1536][gc,phases   ] GC(488)   Post Evacuate Collection Set: 1.9ms
[2024-02-06T12:00:38.329+0000][1536][gc,phases   ] GC(488)   Other: 0.6ms
[2024-02-06T12:00:38.329+0000][1536][gc,age      ] GC(488) Age table with threshold 15 (max threshold 15)
[2024-02-06T12:00:38.329+0000][1536][gc,age      ] GC(488) - age   1:    5933056 bytes,    5933056 total
[2024-02-06T12:00:38.329+0000][1536][gc,age      ] GC(488) - age   2:    2624016 bytes,    8557072 total
[2024-02-06T12:00:38.329+0000][1536][gc,heap     ] GC(488) Eden regions: 47->0(488)
[2024-02-06T12:00:38.329+0000][1536][gc,heap     ] GC(488) Survivor regions: 3->3(7)
[2024-02-06T12:00:38.329+0000][1536][gc,heap     ] GC(488) Old regions: 206->205
[2024-02-06T12:00:38.329+0000][1536][gc,heap     ] GC(488) Archive regions: 0->0
[2024-02-06T12:00:38.329+0000][1536][gc,heap     ] GC(488) Humongous regions: 2->2
[2024-02-06T12:00:38.329+0000][1536][gc,metaspace] GC(488) Metaspace: 132300K(138240K)->132300K(138240K) NonClass: 115248K(118976K)->115248K(118976K) Class: 17052K(19264K)->17052K(19264K)
[2024-02-06T12:00:38.329+0000][1536][gc          ] GC(488) Pause Young (Mixed) (G1 Evacuation Pause) 1030M->837M(4040M) 40.815ms
[2024-02-06T12:00:38.329+0000][1536][gc,cpu      ] GC(488) User=0.05s Sys=0.17s Real=0.04s
[2024-02-06T12:00:38.329+0000][1536][safepoint   ] Safepoint "G1CollectForAllocation", Time since last: 1366414300 ns, Reaching safepoint: 41456000 ns, At safepoint: 42335700 ns, Total: 83791700 ns
[2024-02-06T12:01:12.837+0000][1536][gc,start    ] GC(489) Pause Young (Normal) (G1 Evacuation Pause)
[2024-02-06T12:01:12.837+0000][1536][gc,task     ] GC(489) Using 8 workers of 8 for evacuation
[2024-02-06T12:01:12.837+0000][1536][gc,age      ] GC(489) Desired survivor size 130023424 bytes, new threshold 15 (max threshold 15)
[2024-02-06T12:01:12.853+0000][1536][gc,phases   ] GC(489)   Pre Evacuate Collection Set: 0.6ms
[2024-02-06T12:01:12.868+0000][1536][gc,phases   ] GC(489)   Merge Heap Roots: 0.4ms
[2024-02-06T12:01:12.868+0000][1536][gc,phases   ] GC(489)   Evacuate Collection Set: 20.3ms
[2024-02-06T12:01:12.868+0000][1536][gc,phases   ] GC(489)   Post Evacuate Collection Set: 3.3ms
[2024-02-06T12:01:12.868+0000][1536][gc,phases   ] GC(489)   Other: 0.6ms
[2024-02-06T12:01:12.868+0000][1536][gc,age      ] GC(489) Age table with threshold 15 (max threshold 15)
[2024-02-06T12:01:12.868+0000][1536][gc,age      ] GC(489) - age   1:   53266512 bytes,   53266512 total
[2024-02-06T12:01:12.868+0000][1536][gc,age      ] GC(489) - age   2:    2756440 bytes,   56022952 total
[2024-02-06T12:01:12.868+0000][1536][gc,age      ] GC(489) - age   3:    1386464 bytes,   57409416 total
[2024-02-06T12:01:12.868+0000][1536][gc,heap     ] GC(489) Eden regions: 488->0(382)
[2024-02-06T12:01:12.868+0000][1536][gc,heap     ] GC(489) Survivor regions: 3->15(62)
[2024-02-06T12:01:12.868+0000][1536][gc,heap     ] GC(489) Old regions: 205->205
[2024-02-06T12:01:12.868+0000][1536][gc,heap     ] GC(489) Archive regions: 0->0
[2024-02-06T12:01:12.868+0000][1536][gc,heap     ] GC(489) Humongous regions: 2->2
[2024-02-06T12:01:12.868+0000][1536][gc,metaspace] GC(489) Metaspace: 132300K(138240K)->132300K(138240K) NonClass: 115248K(118976K)->115248K(118976K) Class: 17052K(19264K)->17052K(19264K)
[2024-02-06T12:01:12.868+0000][1536][gc          ] GC(489) Pause Young (Normal) (G1 Evacuation Pause) 2789M->884M(4040M) 26.353ms
[2024-02-06T12:01:12.868+0000][1536][gc,cpu      ] GC(489) User=0.14s Sys=0.00s Real=0.03s
[2024-02-06T12:01:12.868+0000][1536][safepoint   ] Safepoint "G1CollectForAllocation", Time since last: 34512163600 ns, Reaching safepoint: 156500 ns, At safepoint: 26651800 ns, Total: 26808300 ns
[2024-02-06T12:01:41.258+0000][1536][gc,start    ] GC(490) Pause Young (Normal) (G1 Evacuation Pause)
[2024-02-06T12:01:41.258+0000][1536][gc,task     ] GC(490) Using 8 workers of 8 for evacuation
[2024-02-06T12:01:41.258+0000][1536][gc,age      ] GC(490) Desired survivor size 104857600 bytes, new threshold 15 (max threshold 15)
[2024-02-06T12:01:41.293+0000][1536][gc,phases   ] GC(490)   Pre Evacuate Collection Set: 0.2ms
[2024-02-06T12:01:41.293+0000][1536][gc,phases   ] GC(490)   Merge Heap Roots: 0.3ms
[2024-02-06T12:01:41.293+0000][1536][gc,phases   ] GC(490)   Evacuate Collection Set: 22.3ms
[2024-02-06T12:01:41.293+0000][1536][gc,phases   ] GC(490)   Post Evacuate Collection Set: 1.0ms
[2024-02-06T12:01:41.293+0000][1536][gc,phases   ] GC(490)   Other: 0.4ms
[2024-02-06T12:01:41.293+0000][1536][gc,age      ] GC(490) Age table with threshold 15 (max threshold 15)
[2024-02-06T12:01:41.293+0000][1536][gc,age      ] GC(490) - age   1:   50606600 bytes,   50606600 total
[2024-02-06T12:01:41.293+0000][1536][gc,age      ] GC(490) - age   2:   45205048 bytes,   95811648 total
[2024-02-06T12:01:41.293+0000][1536][gc,age      ] GC(490) - age   3:    2751248 bytes,   98562896 total
[2024-02-06T12:01:41.293+0000][1536][gc,age      ] GC(490) - age   4:    1385688 bytes,   99948584 total
[2024-02-06T12:01:41.293+0000][1536][gc,heap     ] GC(490) Eden regions: 382->0(330)
[2024-02-06T12:01:41.293+0000][1536][gc,heap     ] GC(490) Survivor regions: 15->26(50)
[2024-02-06T12:01:41.293+0000][1536][gc,heap     ] GC(490) Old regions: 205->205
[2024-02-06T12:01:41.293+0000][1536][gc,heap     ] GC(490) Archive regions: 0->0
[2024-02-06T12:01:41.293+0000][1536][gc,heap     ] GC(490) Humongous regions: 2->2
[2024-02-06T12:01:41.293+0000][1536][gc,metaspace] GC(490) Metaspace: 132300K(138240K)->132300K(138240K) NonClass: 115248K(118976K)->115248K(118976K) Class: 17052K(19264K)->17052K(19264K)
[2024-02-06T12:01:41.293+0000][1536][gc          ] GC(490) Pause Young (Normal) (G1 Evacuation Pause) 2412M->928M(4040M) 24.648ms
[2024-02-06T12:01:41.293+0000][1536][gc,cpu      ] GC(490) User=0.22s Sys=0.00s Real=0.04s
[2024-02-06T12:01:41.293+0000][1536][safepoint   ] Safepoint "G1CollectForAllocation", Time since last: 28399614600 ns, Reaching safepoint: 177300 ns, At safepoint: 24770400 ns, Total: 24947700 ns
[2024-02-06T12:02:00.345+0000][1536][gc,start    ] GC(491) Pause Young (Normal) (G1 Evacuation Pause)
[2024-02-06T12:02:00.345+0000][1536][gc,task     ] GC(491) Using 8 workers of 8 for evacuation
[2024-02-06T12:02:00.345+0000][1536][gc,age      ] GC(491) Desired survivor size 94371840 bytes, new threshold 2 (max threshold 15)
[2024-02-06T12:02:00.408+0000][1536][gc,phases   ] GC(491)   Pre Evacuate Collection Set: 0.2ms
[2024-02-06T12:02:00.408+0000][1536][gc,phases   ] GC(491)   Merge Heap Roots: 0.2ms
[2024-02-06T12:02:00.408+0000][1536][gc,phases   ] GC(491)   Evacuate Collection Set: 59.0ms
[2024-02-06T12:02:00.408+0000][1536][gc,phases   ] GC(491)   Post Evacuate Collection Set: 0.9ms
[2024-02-06T12:02:00.408+0000][1536][gc,phases   ] GC(491)   Other: 2.7ms
[2024-02-06T12:02:00.408+0000][1536][gc,age      ] GC(491) Age table with threshold 2 (max threshold 15)
[2024-02-06T12:02:00.408+0000][1536][gc,age      ] GC(491) - age   1:   49050968 bytes,   49050968 total
[2024-02-06T12:02:00.408+0000][1536][gc,age      ] GC(491) - age   2:   40682992 bytes,   89733960 total
[2024-02-06T12:02:00.408+0000][1536][gc,heap     ] GC(491) Eden regions: 330->0(564)
[2024-02-06T12:02:00.408+0000][1536][gc,heap     ] GC(491) Survivor regions: 26->23(45)
[2024-02-06T12:02:00.408+0000][1536][gc,heap     ] GC(491) Old regions: 205->216
[2024-02-06T12:02:00.408+0000][1536][gc,heap     ] GC(491) Archive regions: 0->0
[2024-02-06T12:02:00.408+0000][1536][gc,heap     ] GC(491) Humongous regions: 2->2
[2024-02-06T12:02:00.408+0000][1536][gc,metaspace] GC(491) Metaspace: 132300K(138240K)->132300K(138240K) NonClass: 115248K(118976K)->115248K(118976K) Class: 17052K(19264K)->17052K(19264K)
[2024-02-06T12:02:00.408+0000][1536][gc          ] GC(491) Pause Young (Normal) (G1 Evacuation Pause) 2248M->962M(4040M) 63.293ms
[2024-02-06T12:02:00.408+0000][1536][gc,cpu      ] GC(491) User=0.14s Sys=0.19s Real=0.06s
[2024-02-06T12:02:00.409+0000][1536][safepoint   ] Safepoint "G1CollectForAllocation", Time since last: 19051667700 ns, Reaching safepoint: 116200 ns, At safepoint: 63496600 ns, Total: 63612800 ns
[2024-02-06T12:02:28.276+0000][1536][gc,start    ] GC(492) Pause Young (Normal) (G1 Evacuation Pause)
[2024-02-06T12:02:28.276+0000][1536][gc,task     ] GC(492) Using 8 workers of 8 for evacuation
[2024-02-06T12:02:28.276+0000][1536][gc,age      ] GC(492) Desired survivor size 155189248 bytes, new threshold 15 (max threshold 15)
[2024-02-06T12:02:28.447+0000][1536][gc,phases   ] GC(492)   Pre Evacuate Collection Set: 0.3ms
[2024-02-06T12:02:28.447+0000][1536][gc,phases   ] GC(492)   Merge Heap Roots: 0.3ms
[2024-02-06T12:02:28.447+0000][1536][gc,phases   ] GC(492)   Evacuate Collection Set: 163.4ms
[2024-02-06T12:02:28.447+0000][1536][gc,phases   ] GC(492)   Post Evacuate Collection Set: 0.9ms
[2024-02-06T12:02:28.447+0000][1536][gc,phases   ] GC(492)   Other: 0.3ms
[2024-02-06T12:02:28.447+0000][1536][gc,age      ] GC(492) Age table with threshold 15 (max threshold 15)
[2024-02-06T12:02:28.447+0000][1536][gc,age      ] GC(492) - age   1:   89807184 bytes,   89807184 total
[2024-02-06T12:02:28.447+0000][1536][gc,age      ] GC(492) - age   2:   35948248 bytes,  125755432 total
[2024-02-06T12:02:28.447+0000][1536][gc,age      ] GC(492) - age   3:   36810736 bytes,  162566168 total
[2024-02-06T12:02:28.447+0000][1536][gc,heap     ] GC(492) Eden regions: 564->0(186)
[2024-02-06T12:02:28.447+0000][1536][gc,heap     ] GC(492) Survivor regions: 23->41(74)
[2024-02-06T12:02:28.447+0000][1536][gc,heap     ] GC(492) Old regions: 216->216
[2024-02-06T12:02:28.447+0000][1536][gc,heap     ] GC(492) Archive regions: 0->0
[2024-02-06T12:02:28.447+0000][1536][gc,heap     ] GC(492) Humongous regions: 2->2
[2024-02-06T12:02:28.447+0000][1536][gc,metaspace] GC(492) Metaspace: 132300K(138240K)->132300K(138240K) NonClass: 115248K(118976K)->115248K(118976K) Class: 17052K(19264K)->17052K(19264K)
[2024-02-06T12:02:28.447+0000][1536][gc          ] GC(492) Pause Young (Normal) (G1 Evacuation Pause) 3218M->1032M(4040M) 165.505ms
[2024-02-06T12:02:28.447+0000][1536][gc,cpu      ] GC(492) User=0.12s Sys=0.45s Real=0.17s
[2024-02-06T12:02:28.447+0000][1536][safepoint   ] Safepoint "G1CollectForAllocation", Time since last: 27878251100 ns, Reaching safepoint: 398800 ns, At safepoint: 165706700 ns, Total: 166105500 ns
[2024-02-06T12:02:41.555+0000][1536][safepoint   ] Safepoint "Cleanup", Time since last: 13101399400 ns, Reaching safepoint: 406700 ns, At safepoint: 119700 ns, Total: 526400 ns
[2024-02-06T12:02:43.417+0000][1536][gc,start    ] GC(493) Pause Young (Concurrent Start) (G1 Evacuation Pause)
[2024-02-06T12:02:43.417+0000][1536][gc,task     ] GC(493) Using 8 workers of 8 for evacuation
[2024-02-06T12:02:43.417+0000][1536][gc,age      ] GC(493) Desired survivor size 60817408 bytes, new threshold 1 (max threshold 15)
[2024-02-06T12:02:43.806+0000][1536][gc,mmu      ] GC(493) MMU target violated: 201.0ms (200.0ms/201.0ms)
[2024-02-06T12:02:43.807+0000][1536][gc,phases   ] GC(493)   Pre Evacuate Collection Set: 94.0ms
[2024-02-06T12:02:43.807+0000][1536][gc,phases   ] GC(493)   Merge Heap Roots: 0.5ms
[2024-02-06T12:02:43.807+0000][1536][gc,phases   ] GC(493)   Evacuate Collection Set: 272.0ms
[2024-02-06T12:02:43.807+0000][1536][gc,phases   ] GC(493)   Post Evacuate Collection Set: 2.9ms
[2024-02-06T12:02:43.807+0000][1536][gc,phases   ] GC(493)   Other: 20.6ms
[2024-02-06T12:02:43.807+0000][1536][gc,age      ] GC(493) Age table with threshold 1 (max threshold 15)
[2024-02-06T12:02:43.807+0000][1536][gc,age      ] GC(493) - age   1:   19249088 bytes,   19249088 total
[2024-02-06T12:02:43.807+0000][1536][gc,heap     ] GC(493) Eden regions: 186->0(425)
[2024-02-06T12:02:43.807+0000][1536][gc,heap     ] GC(493) Survivor regions: 41->7(29)
[2024-02-06T12:02:43.807+0000][1536][gc,heap     ] GC(493) Old regions: 216->254
[2024-02-06T12:02:43.807+0000][1536][gc,heap     ] GC(493) Archive regions: 0->0
[2024-02-06T12:02:43.807+0000][1536][gc,heap     ] GC(493) Humongous regions: 2->2
[2024-02-06T12:02:43.807+0000][1536][gc,metaspace] GC(493) Metaspace: 132300K(138240K)->132300K(138240K) NonClass: 115248K(118976K)->115248K(118976K) Class: 17052K(19264K)->17052K(19264K)
[2024-02-06T12:02:43.807+0000][1536][gc          ] GC(493) Pause Young (Concurrent Start) (G1 Evacuation Pause) 1776M->1051M(4040M) 390.815ms
[2024-02-06T12:02:43.808+0000][1536][gc          ] GC(494) Concurrent Mark Cycle
[2024-02-06T12:02:43.808+0000][1536][gc,cpu      ] GC(493) User=0.17s Sys=0.80s Real=0.39s
[2024-02-06T12:02:43.808+0000][1536][gc,marking  ] GC(494) Concurrent Clear Claimed Marks
[2024-02-06T12:02:43.808+0000][1536][gc,marking  ] GC(494) Concurrent Clear Claimed Marks 0.344ms
[2024-02-06T12:02:43.808+0000][1536][gc,marking  ] GC(494) Concurrent Scan Root Regions
[2024-02-06T12:02:43.808+0000][1536][safepoint   ] Safepoint "G1CollectForAllocation", Time since last: 1861237400 ns, Reaching safepoint: 71400 ns, At safepoint: 391438300 ns, Total: 391509700 ns
[2024-02-06T12:02:43.893+0000][1536][gc,marking  ] GC(494) Concurrent Scan Root Regions 87.192ms
[2024-02-06T12:02:43.893+0000][1536][gc,marking  ] GC(494) Concurrent Mark
[2024-02-06T12:02:43.893+0000][1536][gc,marking  ] GC(494) Concurrent Mark From Roots
[2024-02-06T12:02:43.893+0000][1536][gc,task     ] GC(494) Using 2 workers of 2 for marking
[2024-02-06T12:02:44.494+0000][1536][gc,marking  ] GC(494) Concurrent Mark From Roots 599.535ms
[2024-02-06T12:02:44.494+0000][1536][gc,marking  ] GC(494) Concurrent Preclean
[2024-02-06T12:02:44.495+0000][1536][gc,marking  ] GC(494) Concurrent Preclean 0.892ms
[2024-02-06T12:02:44.495+0000][1536][gc,start    ] GC(494) Pause Remark
[2024-02-06T12:02:44.775+0000][1536][gc,mmu      ] GC(494) MMU target violated: 201.0ms (200.0ms/201.0ms)
[2024-02-06T12:02:44.775+0000][1536][gc          ] GC(494) Pause Remark 1111M->1111M(4040M) 278.626ms
[2024-02-06T12:02:44.775+0000][1536][gc,cpu      ] GC(494) User=0.17s Sys=0.27s Real=0.28s
[2024-02-06T12:02:44.775+0000][1536][safepoint   ] Safepoint "G1Concurrent", Time since last: 687792000 ns, Reaching safepoint: 59900 ns, At safepoint: 279148500 ns, Total: 279208400 ns
[2024-02-06T12:02:44.775+0000][1536][gc,marking  ] GC(494) Concurrent Mark 879.909ms
[2024-02-06T12:02:44.775+0000][1536][gc,marking  ] GC(494) Concurrent Rebuild Remembered Sets
[2024-02-06T12:02:45.054+0000][1536][gc,marking  ] GC(494) Concurrent Rebuild Remembered Sets 278.646ms
[2024-02-06T12:02:45.054+0000][1536][gc,start    ] GC(494) Pause Cleanup
[2024-02-06T12:02:45.054+0000][1536][gc          ] GC(494) Pause Cleanup 1139M->1139M(4040M) 0.439ms
[2024-02-06T12:02:45.054+0000][1536][gc,cpu      ] GC(494) User=0.00s Sys=0.00s Real=0.00s
[2024-02-06T12:02:45.054+0000][1536][safepoint   ] Safepoint "G1Concurrent", Time since last: 278977000 ns, Reaching safepoint: 87300 ns, At safepoint: 533300 ns, Total: 620600 ns
[2024-02-06T12:02:45.054+0000][1536][gc,marking  ] GC(494) Concurrent Cleanup for Next Mark
[2024-02-06T12:02:45.079+0000][1536][gc,marking  ] GC(494) Concurrent Cleanup for Next Mark 25.319ms
[2024-02-06T12:02:45.079+0000][1536][gc          ] GC(494) Concurrent Mark Cycle 1272.519ms
[2024-02-06T12:03:14.438+0000][1536][gc,start    ] GC(495) Pause Young (Prepare Mixed) (G1 Evacuation Pause)
[2024-02-06T12:03:14.438+0000][1536][gc,task     ] GC(495) Using 8 workers of 8 for evacuation
[2024-02-06T12:03:14.438+0000][1536][gc,age      ] GC(495) Desired survivor size 130023424 bytes, new threshold 15 (max threshold 15)
[2024-02-06T12:03:14.459+0000][1536][gc,phases   ] GC(495)   Pre Evacuate Collection Set: 0.3ms
[2024-02-06T12:03:14.459+0000][1536][gc,phases   ] GC(495)   Merge Heap Roots: 0.5ms
[2024-02-06T12:03:14.459+0000][1536][gc,phases   ] GC(495)   Evacuate Collection Set: 20.9ms
[2024-02-06T12:03:14.459+0000][1536][gc,phases   ] GC(495)   Post Evacuate Collection Set: 2.0ms
[2024-02-06T12:03:14.459+0000][1536][gc,phases   ] GC(495)   Other: 0.4ms
[2024-02-06T12:03:14.459+0000][1536][gc,age      ] GC(495) Age table with threshold 15 (max threshold 15)
[2024-02-06T12:03:14.459+0000][1536][gc,age      ] GC(495) - age   1:   57889976 bytes,   57889976 total
[2024-02-06T12:03:14.459+0000][1536][gc,age      ] GC(495) - age   2:   12369848 bytes,   70259824 total
[2024-02-06T12:03:14.459+0000][1536][gc,heap     ] GC(495) Eden regions: 486->0(32)
[2024-02-06T12:03:14.459+0000][1536][gc,heap     ] GC(495) Survivor regions: 7->18(62)
[2024-02-06T12:03:14.459+0000][1536][gc,heap     ] GC(495) Old regions: 254->254
[2024-02-06T12:03:14.459+0000][1536][gc,heap     ] GC(495) Archive regions: 0->0
[2024-02-06T12:03:14.459+0000][1536][gc,heap     ] GC(495) Humongous regions: 2->2
[2024-02-06T12:03:14.459+0000][1536][gc,metaspace] GC(495) Metaspace: 132300K(138240K)->132300K(138240K) NonClass: 115248K(118976K)->115248K(118976K) Class: 17052K(19264K)->17052K(19264K)
[2024-02-06T12:03:14.459+0000][1536][gc          ] GC(495) Pause Young (Prepare Mixed) (G1 Evacuation Pause) 2995M->1095M(4040M) 25.131ms
[2024-02-06T12:03:14.459+0000][1536][gc,cpu      ] GC(495) User=0.12s Sys=0.02s Real=0.02s
[2024-02-06T12:03:14.459+0000][1536][safepoint   ] Safepoint "G1CollectForAllocation", Time since last: 29383217000 ns, Reaching safepoint: 192900 ns, At safepoint: 25466100 ns, Total: 25659000 ns
[2024-02-06T12:03:22.763+0000][1536][gc,start    ] GC(496) Pause Young (Mixed) (G1 Evacuation Pause)
[2024-02-06T12:03:22.764+0000][1536][gc,task     ] GC(496) Using 8 workers of 8 for evacuation
[2024-02-06T12:03:22.764+0000][1536][gc,age      ] GC(496) Desired survivor size 14680064 bytes, new threshold 1 (max threshold 15)
[2024-02-06T12:03:24.245+0000][1536][gc,mmu      ] GC(496) MMU target violated: 201.0ms (200.0ms/201.0ms)
[2024-02-06T12:03:24.246+0000][1536][gc,phases   ] GC(496)   Pre Evacuate Collection Set: 0.2ms
[2024-02-06T12:03:24.246+0000][1536][gc,phases   ] GC(496)   Merge Heap Roots: 0.3ms
[2024-02-06T12:03:24.246+0000][1536][gc,phases   ] GC(496)   Evacuate Collection Set: 1358.7ms
[2024-02-06T12:03:24.246+0000][1536][gc,phases   ] GC(496)   Post Evacuate Collection Set: 73.7ms
[2024-02-06T12:03:24.252+0000][1536][gc,phases   ] GC(496)   Other: 48.9ms
[2024-02-06T12:03:24.252+0000][1536][gc,age      ] GC(496) Age table with threshold 1 (max threshold 15)
[2024-02-06T12:03:24.252+0000][1536][gc,age      ] GC(496) - age   1:    4760632 bytes,    4760632 total
[2024-02-06T12:03:24.253+0000][1536][gc,heap     ] GC(496) Eden regions: 32->0(110)
[2024-02-06T12:03:24.253+0000][1536][gc,heap     ] GC(496) Survivor regions: 18->3(7)
[2024-02-06T12:03:24.253+0000][1536][gc,heap     ] GC(496) Old regions: 254->216
[2024-02-06T12:03:24.253+0000][1536][gc,heap     ] GC(496) Archive regions: 0->0
[2024-02-06T12:03:24.253+0000][1536][gc,heap     ] GC(496) Humongous regions: 2->2
[2024-02-06T12:03:24.254+0000][1536][gc,metaspace] GC(496) Metaspace: 132300K(138240K)->132300K(138240K) NonClass: 115248K(118976K)->115248K(118976K) Class: 17052K(19264K)->17052K(19264K)
[2024-02-06T12:03:24.256+0000][1536][gc          ] GC(496) Pause Young (Mixed) (G1 Evacuation Pause) 1223M->881M(4040M) 1492.838ms
[2024-02-06T12:03:24.256+0000][1536][gc,cpu      ] GC(496) User=0.14s Sys=7.45s Real=1.49s
[2024-02-06T12:03:24.265+0000][1536][safepoint   ] Safepoint "G1CollectForAllocation", Time since last: 8300027200 ns, Reaching safepoint: 71200 ns, At safepoint: 1501273000 ns, Total: 1501344200 ns
[2024-02-06T12:03:29.243+0000][1536][gc,start    ] GC(497) Pause Young (Normal) (G1 Evacuation Pause)
[2024-02-06T12:03:29.258+0000][1536][gc,task     ] GC(497) Using 8 workers of 8 for evacuation
[2024-02-06T12:03:29.258+0000][1536][gc,age      ] GC(497) Desired survivor size 31457280 bytes, new threshold 15 (max threshold 15)
[2024-02-06T12:03:29.338+0000][1536][gc,phases   ] GC(497)   Pre Evacuate Collection Set: 0.8ms
[2024-02-06T12:03:29.338+0000][1536][gc,phases   ] GC(497)   Merge Heap Roots: 0.4ms
[2024-02-06T12:03:29.338+0000][1536][gc,phases   ] GC(497)   Evacuate Collection Set: 84.5ms
[2024-02-06T12:03:29.338+0000][1536][gc,phases   ] GC(497)   Post Evacuate Collection Set: 2.1ms
[2024-02-06T12:03:29.338+0000][1536][gc,phases   ] GC(497)   Other: 2.7ms
[2024-02-06T12:03:29.338+0000][1536][gc,age      ] GC(497) Age table with threshold 15 (max threshold 15)
[2024-02-06T12:03:29.338+0000][1536][gc,age      ] GC(497) - age   1:   11227200 bytes,   11227200 total
[2024-02-06T12:03:29.338+0000][1536][gc,age      ] GC(497) - age   2:    3481672 bytes,   14708872 total
[2024-02-06T12:03:29.338+0000][1536][gc,heap     ] GC(497) Eden regions: 110->0(155)
[2024-02-06T12:03:29.338+0000][1536][gc,heap     ] GC(497) Survivor regions: 3->5(15)
[2024-02-06T12:03:29.338+0000][1536][gc,heap     ] GC(497) Old regions: 216->216
[2024-02-06T12:03:29.338+0000][1536][gc,heap     ] GC(497) Archive regions: 0->0
[2024-02-06T12:03:29.338+0000][1536][gc,heap     ] GC(497) Humongous regions: 2->2
[2024-02-06T12:03:29.338+0000][1536][gc,metaspace] GC(497) Metaspace: 132300K(138240K)->132300K(138240K) NonClass: 115248K(118976K)->115248K(118976K) Class: 17052K(19264K)->17052K(19264K)
[2024-02-06T12:03:29.338+0000][1536][gc          ] GC(497) Pause Young (Normal) (G1 Evacuation Pause) 1321M->887M(4040M) 92.048ms
[2024-02-06T12:03:29.338+0000][1536][gc,cpu      ] GC(497) User=0.16s Sys=0.09s Real=0.10s
[2024-02-06T12:03:29.338+0000][1536][safepoint   ] Safepoint "G1CollectForAllocation", Time since last: 4952051500 ns, Reaching safepoint: 39686600 ns, At safepoint: 92538100 ns, Total: 132224700 ns
[2024-02-06T12:03:34.301+0000][1536][gc,start    ] GC(498) Pause Young (Normal) (G1 Evacuation Pause)
[2024-02-06T12:03:34.301+0000][1536][gc,task     ] GC(498) Using 8 workers of 8 for evacuation
[2024-02-06T12:03:34.301+0000][1536][gc,age      ] GC(498) Desired survivor size 41943040 bytes, new threshold 15 (max threshold 15)
[2024-02-06T12:03:34.316+0000][1536][gc,phases   ] GC(498)   Pre Evacuate Collection Set: 0.3ms
[2024-02-06T12:03:34.316+0000][1536][gc,phases   ] GC(498)   Merge Heap Roots: 0.3ms
[2024-02-06T12:03:34.316+0000][1536][gc,phases   ] GC(498)   Evacuate Collection Set: 12.7ms
[2024-02-06T12:03:34.316+0000][1536][gc,phases   ] GC(498)   Post Evacuate Collection Set: 1.8ms
[2024-02-06T12:03:34.316+0000][1536][gc,phases   ] GC(498)   Other: 2.7ms
[2024-02-06T12:03:34.316+0000][1536][gc,age      ] GC(498) Age table with threshold 15 (max threshold 15)
[2024-02-06T12:03:34.316+0000][1536][gc,age      ] GC(498) - age   1:   21470856 bytes,   21470856 total
[2024-02-06T12:03:34.316+0000][1536][gc,age      ] GC(498) - age   2:    8720456 bytes,   30191312 total
[2024-02-06T12:03:34.316+0000][1536][gc,age      ] GC(498) - age   3:    3086336 bytes,   33277648 total
[2024-02-06T12:03:34.316+0000][1536][gc,heap     ] GC(498) Eden regions: 155->0(164)
[2024-02-06T12:03:34.316+0000][1536][gc,heap     ] GC(498) Survivor regions: 5->9(20)
[2024-02-06T12:03:34.316+0000][1536][gc,heap     ] GC(498) Old regions: 216->216
[2024-02-06T12:03:34.316+0000][1536][gc,heap     ] GC(498) Archive regions: 0->0
[2024-02-06T12:03:34.316+0000][1536][gc,heap     ] GC(498) Humongous regions: 2->2
[2024-02-06T12:03:34.316+0000][1536][gc,metaspace] GC(498) Metaspace: 132300K(138240K)->132300K(138240K) NonClass: 115248K(118976K)->115248K(118976K) Class: 17052K(19264K)->17052K(19264K)
[2024-02-06T12:03:34.316+0000][1536][gc          ] GC(498) Pause Young (Normal) (G1 Evacuation Pause) 1507M->904M(4040M) 19.102ms
[2024-02-06T12:03:34.316+0000][1536][gc,cpu      ] GC(498) User=0.12s Sys=0.00s Real=0.01s
[2024-02-06T12:03:34.316+0000][1536][safepoint   ] Safepoint "G1CollectForAllocation", Time since last: 4954514600 ns, Reaching safepoint: 134500 ns, At safepoint: 19522900 ns, Total: 19657400 ns
[2024-02-06T12:03:39.102+0000][1536][gc,start    ] GC(499) Pause Young (Normal) (G1 Evacuation Pause)
[2024-02-06T12:03:39.102+0000][1536][gc,task     ] GC(499) Using 8 workers of 8 for evacuation
[2024-02-06T12:03:39.103+0000][1536][gc,age      ] GC(499) Desired survivor size 46137344 bytes, new threshold 15 (max threshold 15)
[2024-02-06T12:03:39.122+0000][1536][gc,phases   ] GC(499)   Pre Evacuate Collection Set: 0.3ms
[2024-02-06T12:03:39.122+0000][1536][gc,phases   ] GC(499)   Merge Heap Roots: 0.3ms
[2024-02-06T12:03:39.122+0000][1536][gc,phases   ] GC(499)   Evacuate Collection Set: 20.2ms
[2024-02-06T12:03:39.122+0000][1536][gc,phases   ] GC(499)   Post Evacuate Collection Set: 1.5ms
[2024-02-06T12:03:39.122+0000][1536][gc,phases   ] GC(499)   Other: 0.6ms
[2024-02-06T12:03:39.122+0000][1536][gc,age      ] GC(499) Age table with threshold 15 (max threshold 15)
[2024-02-06T12:03:39.122+0000][1536][gc,age      ] GC(499) - age   1:   37976600 bytes,   37976600 total
[2024-02-06T12:03:39.122+0000][1536][gc,age      ] GC(499) - age   2:   18661040 bytes,   56637640 total
[2024-02-06T12:03:39.122+0000][1536][gc,age      ] GC(499) - age   3:    8034584 bytes,   64672224 total
[2024-02-06T12:03:39.122+0000][1536][gc,age      ] GC(499) - age   4:    2275736 bytes,   66947960 total
[2024-02-06T12:03:39.122+0000][1536][gc,heap     ] GC(499) Eden regions: 164->0(48)
[2024-02-06T12:03:39.122+0000][1536][gc,heap     ] GC(499) Survivor regions: 9->18(22)
[2024-02-06T12:03:39.122+0000][1536][gc,heap     ] GC(499) Old regions: 216->216
[2024-02-06T12:03:39.122+0000][1536][gc,heap     ] GC(499) Archive regions: 0->0
[2024-02-06T12:03:39.122+0000][1536][gc,heap     ] GC(499) Humongous regions: 2->2
[2024-02-06T12:03:39.122+0000][1536][gc,metaspace] GC(499) Metaspace: 132300K(138240K)->132300K(138240K) NonClass: 115248K(118976K)->115248K(118976K) Class: 17052K(19264K)->17052K(19264K)
[2024-02-06T12:03:39.122+0000][1536][gc          ] GC(499) Pause Young (Normal) (G1 Evacuation Pause) 1560M->939M(4040M) 24.187ms
[2024-02-06T12:03:39.122+0000][1536][gc,cpu      ] GC(499) User=0.12s Sys=0.00s Real=0.02s
[2024-02-06T12:03:39.122+0000][1536][safepoint   ] Safepoint "G1CollectForAllocation", Time since last: 4778943200 ns, Reaching safepoint: 309500 ns, At safepoint: 24489400 ns, Total: 24798900 ns
[2024-02-06T12:03:40.203+0000][1536][gc,start    ] GC(500) Pause Young (Normal) (G1 Evacuation Pause)
[2024-02-06T12:03:40.203+0000][1536][gc,task     ] GC(500) Using 8 workers of 8 for evacuation
[2024-02-06T12:03:40.203+0000][1536][gc,age      ] GC(500) Desired survivor size 18874368 bytes, new threshold 1 (max threshold 15)
[2024-02-06T12:03:40.302+0000][1536][gc,phases   ] GC(500)   Pre Evacuate Collection Set: 0.2ms
[2024-02-06T12:03:40.302+0000][1536][gc,phases   ] GC(500)   Merge Heap Roots: 0.1ms
[2024-02-06T12:03:40.302+0000][1536][gc,phases   ] GC(500)   Evacuate Collection Set: 96.5ms
[2024-02-06T12:03:40.302+0000][1536][gc,phases   ] GC(500)   Post Evacuate Collection Set: 0.5ms
[2024-02-06T12:03:40.302+0000][1536][gc,phases   ] GC(500)   Other: 2.2ms
[2024-02-06T12:03:40.302+0000][1536][gc,age      ] GC(500) Age table with threshold 1 (max threshold 15)
[2024-02-06T12:03:40.302+0000][1536][gc,age      ] GC(500) - age   1:   15339712 bytes,   15339712 total
[2024-02-06T12:03:40.302+0000][1536][gc,heap     ] GC(500) Eden regions: 48->0(463)
[2024-02-06T12:03:40.303+0000][1536][gc,heap     ] GC(500) Survivor regions: 18->5(9)
[2024-02-06T12:03:40.303+0000][1536][gc,heap     ] GC(500) Old regions: 216->232
[2024-02-06T12:03:40.303+0000][1536][gc,heap     ] GC(500) Archive regions: 0->0
[2024-02-06T12:03:40.303+0000][1536][gc,heap     ] GC(500) Humongous regions: 2->2
[2024-02-06T12:03:40.303+0000][1536][gc,metaspace] GC(500) Metaspace: 132300K(138240K)->132300K(138240K) NonClass: 115248K(118976K)->115248K(118976K) Class: 17052K(19264K)->17052K(19264K)
[2024-02-06T12:03:40.303+0000][1536][gc          ] GC(500) Pause Young (Normal) (G1 Evacuation Pause) 1131M->954M(4040M) 99.854ms
[2024-02-06T12:03:40.303+0000][1536][gc,cpu      ] GC(500) User=0.05s Sys=0.20s Real=0.10s
[2024-02-06T12:03:40.303+0000][1536][safepoint   ] Safepoint "G1CollectForAllocation", Time since last: 1075803500 ns, Reaching safepoint: 108400 ns, At safepoint: 100596500 ns, Total: 100704900 ns
[2024-02-06T12:04:21.826+0000][1536][gc,start    ] GC(501) Pause Young (Normal) (G1 Evacuation Pause)
[2024-02-06T12:04:21.826+0000][1536][gc,task     ] GC(501) Using 8 workers of 8 for evacuation
[2024-02-06T12:04:21.826+0000][1536][gc,age      ] GC(501) Desired survivor size 123731968 bytes, new threshold 15 (max threshold 15)
[2024-02-06T12:04:21.870+0000][1536][gc,phases   ] GC(501)   Pre Evacuate Collection Set: 0.7ms
[2024-02-06T12:04:21.870+0000][1536][gc,phases   ] GC(501)   Merge Heap Roots: 0.6ms
[2024-02-06T12:04:21.870+0000][1536][gc,phases   ] GC(501)   Evacuate Collection Set: 37.9ms
[2024-02-06T12:04:21.871+0000][1536][gc,phases   ] GC(501)   Post Evacuate Collection Set: 3.0ms
[2024-02-06T12:04:21.871+0000][1536][gc,phases   ] GC(501)   Other: 2.2ms
[2024-02-06T12:04:21.871+0000][1536][gc,age      ] GC(501) Age table with threshold 15 (max threshold 15)
[2024-02-06T12:04:21.871+0000][1536][gc,age      ] GC(501) - age   1:   64981912 bytes,   64981912 total
[2024-02-06T12:04:21.871+0000][1536][gc,age      ] GC(501) - age   2:   13077144 bytes,   78059056 total
[2024-02-06T12:04:21.871+0000][1536][gc,heap     ] GC(501) Eden regions: 463->0(223)
[2024-02-06T12:04:21.871+0000][1536][gc,heap     ] GC(501) Survivor regions: 5->20(59)
[2024-02-06T12:04:21.871+0000][1536][gc,heap     ] GC(501) Old regions: 232->232
[2024-02-06T12:04:21.871+0000][1536][gc,heap     ] GC(501) Archive regions: 0->0
[2024-02-06T12:04:21.871+0000][1536][gc,heap     ] GC(501) Humongous regions: 2->2
[2024-02-06T12:04:21.871+0000][1536][gc,metaspace] GC(501) Metaspace: 132300K(138240K)->132300K(138240K) NonClass: 115248K(118976K)->115248K(118976K) Class: 17052K(19264K)->17052K(19264K)
[2024-02-06T12:04:21.871+0000][1536][gc          ] GC(501) Pause Young (Normal) (G1 Evacuation Pause) 2806M->1013M(4040M) 45.588ms
[2024-02-06T12:04:21.871+0000][1536][gc,cpu      ] GC(501) User=0.38s Sys=0.00s Real=0.05s
[2024-02-06T12:04:21.872+0000][1536][safepoint   ] Safepoint "G1CollectForAllocation", Time since last: 41485173900 ns, Reaching safepoint: 36683200 ns, At safepoint: 46155200 ns, Total: 82838400 ns
[2024-02-06T12:04:33.966+0000][1536][gc,start    ] GC(502) Pause Young (Normal) (G1 Evacuation Pause)
[2024-02-06T12:04:33.966+0000][1536][gc,task     ] GC(502) Using 8 workers of 8 for evacuation
[2024-02-06T12:04:33.966+0000][1536][gc,age      ] GC(502) Desired survivor size 65011712 bytes, new threshold 2 (max threshold 15)
[2024-02-06T12:04:34.020+0000][1536][gc,phases   ] GC(502)   Pre Evacuate Collection Set: 0.4ms
[2024-02-06T12:04:34.020+0000][1536][gc,phases   ] GC(502)   Merge Heap Roots: 0.4ms
[2024-02-06T12:04:34.020+0000][1536][gc,phases   ] GC(502)   Evacuate Collection Set: 51.2ms
[2024-02-06T12:04:34.020+0000][1536][gc,phases   ] GC(502)   Post Evacuate Collection Set: 1.9ms
[2024-02-06T12:04:34.020+0000][1536][gc,phases   ] GC(502)   Other: 0.4ms
[2024-02-06T12:04:34.020+0000][1536][gc,age      ] GC(502) Age table with threshold 2 (max threshold 15)
[2024-02-06T12:04:34.020+0000][1536][gc,age      ] GC(502) - age   1:   32172696 bytes,   32172696 total
[2024-02-06T12:04:34.020+0000][1536][gc,age      ] GC(502) - age   2:   58409624 bytes,   90582320 total
[2024-02-06T12:04:34.020+0000][1536][gc,heap     ] GC(502) Eden regions: 223->0(302)
[2024-02-06T12:04:34.020+0000][1536][gc,heap     ] GC(502) Survivor regions: 20->23(31)
[2024-02-06T12:04:34.020+0000][1536][gc,heap     ] GC(502) Old regions: 232->236
[2024-02-06T12:04:34.020+0000][1536][gc,heap     ] GC(502) Archive regions: 0->0
[2024-02-06T12:04:34.020+0000][1536][gc,heap     ] GC(502) Humongous regions: 2->2
[2024-02-06T12:04:34.020+0000][1536][gc,metaspace] GC(502) Metaspace: 132300K(138240K)->132300K(138240K) NonClass: 115248K(118976K)->115248K(118976K) Class: 17052K(19264K)->17052K(19264K)
[2024-02-06T12:04:34.020+0000][1536][gc          ] GC(502) Pause Young (Normal) (G1 Evacuation Pause) 1905M->1039M(4040M) 55.483ms
[2024-02-06T12:04:34.020+0000][1536][gc,cpu      ] GC(502) User=0.16s Sys=0.16s Real=0.05s
[2024-02-06T12:04:34.020+0000][1536][safepoint   ] Safepoint "G1CollectForAllocation", Time since last: 12095509900 ns, Reaching safepoint: 163400 ns, At safepoint: 56017200 ns, Total: 56180600 ns
[2024-02-06T12:05:02.656+0000][1536][gc,start    ] GC(503) Pause Young (Normal) (G1 Evacuation Pause)
[2024-02-06T12:05:02.656+0000][1536][gc,task     ] GC(503) Using 8 workers of 8 for evacuation
[2024-02-06T12:05:02.656+0000][1536][gc,age      ] GC(503) Desired survivor size 85983232 bytes, new threshold 2 (max threshold 15)
[2024-02-06T12:05:02.739+0000][1536][gc,phases   ] GC(503)   Pre Evacuate Collection Set: 0.1ms
[2024-02-06T12:05:02.739+0000][1536][gc,phases   ] GC(503)   Merge Heap Roots: 0.2ms
[2024-02-06T12:05:02.739+0000][1536][gc,phases   ] GC(503)   Evacuate Collection Set: 81.3ms
[2024-02-06T12:05:02.739+0000][1536][gc,phases   ] GC(503)   Post Evacuate Collection Set: 0.8ms
[2024-02-06T12:05:02.739+0000][1536][gc,phases   ] GC(503)   Other: 0.2ms
[2024-02-06T12:05:02.739+0000][1536][gc,age      ] GC(503) Age table with threshold 2 (max threshold 15)
[2024-02-06T12:05:02.739+0000][1536][gc,age      ] GC(503) - age   1:   35220544 bytes,   35220544 total
[2024-02-06T12:05:02.739+0000][1536][gc,age      ] GC(503) - age   2:   26618656 bytes,   61839200 total
[2024-02-06T12:05:02.739+0000][1536][gc,heap     ] GC(503) Eden regions: 302->0(472)
[2024-02-06T12:05:02.739+0000][1536][gc,heap     ] GC(503) Survivor regions: 23->16(41)
[2024-02-06T12:05:02.739+0000][1536][gc,heap     ] GC(503) Old regions: 236->248
[2024-02-06T12:05:02.739+0000][1536][gc,heap     ] GC(503) Archive regions: 0->0
[2024-02-06T12:05:02.739+0000][1536][gc,heap     ] GC(503) Humongous regions: 2->2
[2024-02-06T12:05:02.739+0000][1536][gc,metaspace] GC(503) Metaspace: 132300K(138240K)->132300K(138240K) NonClass: 115248K(118976K)->115248K(118976K) Class: 17052K(19264K)->17052K(19264K)
[2024-02-06T12:05:02.739+0000][1536][gc          ] GC(503) Pause Young (Normal) (G1 Evacuation Pause) 2247M->1061M(4040M) 82.900ms
[2024-02-06T12:05:02.739+0000][1536][gc,cpu      ] GC(503) User=0.20s Sys=0.12s Real=0.08s
[2024-02-06T12:05:02.740+0000][1536][safepoint   ] Safepoint "G1CollectForAllocation", Time since last: 28633119500 ns, Reaching safepoint: 96000 ns, At safepoint: 83027300 ns, Total: 83123300 ns
[2024-02-06T12:05:35.974+0000][1536][safepoint   ] Safepoint "Cleanup", Time since last: 33233799000 ns, Reaching safepoint: 165000 ns, At safepoint: 21600 ns, Total: 186600 ns
[2024-02-06T12:05:42.376+0000][1536][gc,start    ] GC(504) Pause Young (Normal) (G1 Evacuation Pause)
[2024-02-06T12:05:42.376+0000][1536][gc,task     ] GC(504) Using 8 workers of 8 for evacuation
[2024-02-06T12:05:42.376+0000][1536][gc,age      ] GC(504) Desired survivor size 127926272 bytes, new threshold 15 (max threshold 15)
[2024-02-06T12:05:42.423+0000][1536][gc,phases   ] GC(504)   Pre Evacuate Collection Set: 0.5ms
[2024-02-06T12:05:42.423+0000][1536][gc,phases   ] GC(504)   Merge Heap Roots: 0.5ms
[2024-02-06T12:05:42.423+0000][1536][gc,phases   ] GC(504)   Evacuate Collection Set: 35.3ms
[2024-02-06T12:05:42.423+0000][1536][gc,phases   ] GC(504)   Post Evacuate Collection Set: 2.2ms
[2024-02-06T12:05:42.423+0000][1536][gc,phases   ] GC(504)   Other: 0.5ms
[2024-02-06T12:05:42.423+0000][1536][gc,age      ] GC(504) Age table with threshold 15 (max threshold 15)
[2024-02-06T12:05:42.423+0000][1536][gc,age      ] GC(504) - age   1:   61626464 bytes,   61626464 total
[2024-02-06T12:05:42.423+0000][1536][gc,age      ] GC(504) - age   2:   23420896 bytes,   85047360 total
[2024-02-06T12:05:42.423+0000][1536][gc,age      ] GC(504) - age   3:   16915368 bytes,  101962728 total
[2024-02-06T12:05:42.423+0000][1536][gc,heap     ] GC(504) Eden regions: 472->0(474)
[2024-02-06T12:05:42.423+0000][1536][gc,heap     ] GC(504) Survivor regions: 16->27(61)
[2024-02-06T12:05:42.423+0000][1536][gc,heap     ] GC(504) Old regions: 248->248
[2024-02-06T12:05:42.423+0000][1536][gc,heap     ] GC(504) Archive regions: 0->0
[2024-02-06T12:05:42.423+0000][1536][gc,heap     ] GC(504) Humongous regions: 2->2
[2024-02-06T12:05:42.423+0000][1536][gc,metaspace] GC(504) Metaspace: 132300K(138240K)->132300K(138240K) NonClass: 115248K(118976K)->115248K(118976K) Class: 17052K(19264K)->17052K(19264K)
[2024-02-06T12:05:42.423+0000][1536][gc          ] GC(504) Pause Young (Normal) (G1 Evacuation Pause) 2949M->1102M(4040M) 40.037ms
[2024-02-06T12:05:42.423+0000][1536][gc,cpu      ] GC(504) User=0.34s Sys=0.02s Real=0.05s
[2024-02-06T12:05:42.423+0000][1536][safepoint   ] Safepoint "G1CollectForAllocation", Time since last: 6410336200 ns, Reaching safepoint: 192100 ns, At safepoint: 40400700 ns, Total: 40592800 ns
[2024-02-06T12:05:58.542+0000][1536][safepoint   ] Safepoint "Cleanup", Time since last: 16100904300 ns, Reaching safepoint: 16507600 ns, At safepoint: 79500 ns, Total: 16587100 ns
[2024-02-06T12:06:06.607+0000][1536][gc,start    ] GC(505) Pause Young (Concurrent Start) (G1 Evacuation Pause)
[2024-02-06T12:06:06.607+0000][1536][gc,task     ] GC(505) Using 8 workers of 8 for evacuation
[2024-02-06T12:06:06.607+0000][1536][gc,age      ] GC(505) Desired survivor size 132120576 bytes, new threshold 15 (max threshold 15)
[2024-02-06T12:06:06.828+0000][1536][gc,mmu      ] GC(505) MMU target violated: 201.0ms (200.0ms/201.0ms)
[2024-02-06T12:06:06.829+0000][1536][gc,phases   ] GC(505)   Pre Evacuate Collection Set: 13.6ms
[2024-02-06T12:06:06.829+0000][1536][gc,phases   ] GC(505)   Merge Heap Roots: 0.6ms
[2024-02-06T12:06:06.829+0000][1536][gc,phases   ] GC(505)   Evacuate Collection Set: 123.9ms
[2024-02-06T12:06:06.829+0000][1536][gc,phases   ] GC(505)   Post Evacuate Collection Set: 1.9ms
[2024-02-06T12:06:06.829+0000][1536][gc,phases   ] GC(505)   Other: 72.6ms
[2024-02-06T12:06:06.829+0000][1536][gc,age      ] GC(505) Age table with threshold 15 (max threshold 15)
[2024-02-06T12:06:06.829+0000][1536][gc,age      ] GC(505) - age   1:   68579152 bytes,   68579152 total
[2024-02-06T12:06:06.829+0000][1536][gc,age      ] GC(505) - age   2:   43019368 bytes,  111598520 total
[2024-02-06T12:06:06.829+0000][1536][gc,age      ] GC(505) - age   3:   19334216 bytes,  130932736 total
[2024-02-06T12:06:06.829+0000][1536][gc,age      ] GC(505) - age   4:   16158840 bytes,  147091576 total
[2024-02-06T12:06:06.829+0000][1536][gc,heap     ] GC(505) Eden regions: 474->0(132)
[2024-02-06T12:06:06.829+0000][1536][gc,heap     ] GC(505) Survivor regions: 27->37(63)
[2024-02-06T12:06:06.829+0000][1536][gc,heap     ] GC(505) Old regions: 248->248
[2024-02-06T12:06:06.829+0000][1536][gc,heap     ] GC(505) Archive regions: 0->0
[2024-02-06T12:06:06.829+0000][1536][gc,heap     ] GC(505) Humongous regions: 2->2
[2024-02-06T12:06:06.829+0000][1536][gc,metaspace] GC(505) Metaspace: 132300K(138240K)->132300K(138240K) NonClass: 115248K(118976K)->115248K(118976K) Class: 17052K(19264K)->17052K(19264K)
[2024-02-06T12:06:06.829+0000][1536][gc          ] GC(505) Pause Young (Concurrent Start) (G1 Evacuation Pause) 2998M->1145M(4040M) 213.394ms
[2024-02-06T12:06:06.829+0000][1536][gc          ] GC(506) Concurrent Mark Cycle
[2024-02-06T12:06:06.829+0000][1536][gc,cpu      ] GC(505) User=0.56s Sys=0.16s Real=0.22s
[2024-02-06T12:06:06.829+0000][1536][gc,marking  ] GC(506) Concurrent Clear Claimed Marks
[2024-02-06T12:06:06.829+0000][1536][safepoint   ] Safepoint "G1CollectForAllocation", Time since last: 8074089600 ns, Reaching safepoint: 148300 ns, At safepoint: 213911700 ns, Total: 214060000 ns
[2024-02-06T12:06:06.829+0000][1536][gc,marking  ] GC(506) Concurrent Clear Claimed Marks 0.338ms
[2024-02-06T12:06:06.829+0000][1536][gc,marking  ] GC(506) Concurrent Scan Root Regions
[2024-02-06T12:06:07.012+0000][1536][gc,marking  ] GC(506) Concurrent Scan Root Regions 181.660ms
[2024-02-06T12:06:07.012+0000][1536][gc,marking  ] GC(506) Concurrent Mark
[2024-02-06T12:06:07.012+0000][1536][gc,marking  ] GC(506) Concurrent Mark From Roots
[2024-02-06T12:06:07.012+0000][1536][gc,task     ] GC(506) Using 2 workers of 2 for marking
[2024-02-06T12:06:07.772+0000][1536][gc,marking  ] GC(506) Concurrent Mark From Roots 760.286ms
[2024-02-06T12:06:07.773+0000][1536][gc,marking  ] GC(506) Concurrent Preclean
[2024-02-06T12:06:07.773+0000][1536][gc,marking  ] GC(506) Concurrent Preclean 0.671ms
[2024-02-06T12:06:07.773+0000][1536][gc,start    ] GC(506) Pause Remark
[2024-02-06T12:06:07.979+0000][1536][gc,mmu      ] GC(506) MMU target violated: 201.0ms (200.0ms/201.0ms)
[2024-02-06T12:06:07.979+0000][1536][gc          ] GC(506) Pause Remark 1289M->1289M(4040M) 205.922ms
[2024-02-06T12:06:07.979+0000][1536][gc,cpu      ] GC(506) User=0.08s Sys=0.44s Real=0.21s
[2024-02-06T12:06:07.980+0000][1536][safepoint   ] Safepoint "G1Concurrent", Time since last: 942958100 ns, Reaching safepoint: 111500 ns, At safepoint: 206598100 ns, Total: 206709600 ns
[2024-02-06T12:06:07.980+0000][1536][gc,marking  ] GC(506) Concurrent Mark 967.855ms
[2024-02-06T12:06:07.980+0000][1536][gc,marking  ] GC(506) Concurrent Rebuild Remembered Sets
[2024-02-06T12:06:08.234+0000][1536][gc,marking  ] GC(506) Concurrent Rebuild Remembered Sets 255.243ms
[2024-02-06T12:06:08.234+0000][1536][gc,start    ] GC(506) Pause Cleanup
[2024-02-06T12:06:08.234+0000][1536][gc          ] GC(506) Pause Cleanup 1333M->1333M(4040M) 0.400ms
[2024-02-06T12:06:08.234+0000][1536][gc,cpu      ] GC(506) User=0.00s Sys=0.00s Real=0.00s
[2024-02-06T12:06:08.234+0000][1536][safepoint   ] Safepoint "G1Concurrent", Time since last: 255528300 ns, Reaching safepoint: 89200 ns, At safepoint: 523400 ns, Total: 612600 ns
[2024-02-06T12:06:08.234+0000][1536][gc,marking  ] GC(506) Concurrent Cleanup for Next Mark
[2024-02-06T12:06:08.394+0000][1536][gc,marking  ] GC(506) Concurrent Cleanup for Next Mark 159.072ms
[2024-02-06T12:06:08.394+0000][1536][gc          ] GC(506) Concurrent Mark Cycle 1565.396ms
[2024-02-06T12:06:33.352+0000][1536][gc,start    ] GC(507) Pause Young (Prepare Mixed) (G1 Evacuation Pause)
[2024-02-06T12:06:33.352+0000][1536][gc,task     ] GC(507) Using 8 workers of 8 for evacuation
[2024-02-06T12:06:33.353+0000][1536][gc,age      ] GC(507) Desired survivor size 67108864 bytes, new threshold 1 (max threshold 15)
[2024-02-06T12:06:33.747+0000][1536][gc,mmu      ] GC(507) MMU target violated: 201.0ms (200.0ms/201.0ms)
[2024-02-06T12:06:33.747+0000][1536][gc,phases   ] GC(507)   Pre Evacuate Collection Set: 0.4ms
[2024-02-06T12:06:33.747+0000][1536][gc,phases   ] GC(507)   Merge Heap Roots: 0.5ms
[2024-02-06T12:06:33.747+0000][1536][gc,phases   ] GC(507)   Evacuate Collection Set: 391.5ms
[2024-02-06T12:06:33.747+0000][1536][gc,phases   ] GC(507)   Post Evacuate Collection Set: 1.5ms
[2024-02-06T12:06:33.747+0000][1536][gc,phases   ] GC(507)   Other: 0.4ms
[2024-02-06T12:06:33.747+0000][1536][gc,age      ] GC(507) Age table with threshold 1 (max threshold 15)
[2024-02-06T12:06:33.747+0000][1536][gc,age      ] GC(507) - age   1:   52705056 bytes,   52705056 total
[2024-02-06T12:06:33.747+0000][1536][gc,heap     ] GC(507) Eden regions: 213->0(36)
[2024-02-06T12:06:33.747+0000][1536][gc,heap     ] GC(507) Survivor regions: 37->14(32)
[2024-02-06T12:06:33.747+0000][1536][gc,heap     ] GC(507) Old regions: 248->277
[2024-02-06T12:06:33.747+0000][1536][gc,heap     ] GC(507) Archive regions: 0->0
[2024-02-06T12:06:33.747+0000][1536][gc,heap     ] GC(507) Humongous regions: 2->2
[2024-02-06T12:06:33.747+0000][1536][gc,metaspace] GC(507) Metaspace: 132327K(138240K)->132327K(138240K) NonClass: 115275K(118976K)->115275K(118976K) Class: 17052K(19264K)->17052K(19264K)
[2024-02-06T12:06:33.747+0000][1536][gc          ] GC(507) Pause Young (Prepare Mixed) (G1 Evacuation Pause) 1997M->1169M(4040M) 394.673ms
[2024-02-06T12:06:33.747+0000][1536][gc,cpu      ] GC(507) User=0.09s Sys=0.59s Real=0.39s
[2024-02-06T12:06:33.747+0000][1536][safepoint   ] Safepoint "G1CollectForAllocation", Time since last: 25116037200 ns, Reaching safepoint: 161700 ns, At safepoint: 394900900 ns, Total: 395062600 ns
[2024-02-06T12:06:35.057+0000][1536][gc,start    ] GC(508) Pause Young (Mixed) (G1 Evacuation Pause)
[2024-02-06T12:06:35.057+0000][1536][gc,task     ] GC(508) Using 8 workers of 8 for evacuation
[2024-02-06T12:06:35.057+0000][1536][gc,age      ] GC(508) Desired survivor size 14680064 bytes, new threshold 1 (max threshold 15)
[2024-02-06T12:06:35.237+0000][1536][gc,phases   ] GC(508)   Pre Evacuate Collection Set: 0.2ms
[2024-02-06T12:06:35.237+0000][1536][gc,phases   ] GC(508)   Merge Heap Roots: 0.2ms
[2024-02-06T12:06:35.237+0000][1536][gc,phases   ] GC(508)   Evacuate Collection Set: 150.5ms
[2024-02-06T12:06:35.237+0000][1536][gc,phases   ] GC(508)   Merge Optional Heap Roots: 0.1ms
[2024-02-06T12:06:35.237+0000][1536][gc,phases   ] GC(508)   Evacuate Optional Collection Set: 26.1ms
[2024-02-06T12:06:35.237+0000][1536][gc,phases   ] GC(508)   Post Evacuate Collection Set: 1.9ms
[2024-02-06T12:06:35.237+0000][1536][gc,phases   ] GC(508)   Other: 0.2ms
[2024-02-06T12:06:35.237+0000][1536][gc,age      ] GC(508) Age table with threshold 1 (max threshold 15)
[2024-02-06T12:06:35.237+0000][1536][gc,age      ] GC(508) - age   1:    4264528 bytes,    4264528 total
[2024-02-06T12:06:35.237+0000][1536][gc,heap     ] GC(508) Eden regions: 36->0(47)
[2024-02-06T12:06:35.237+0000][1536][gc,heap     ] GC(508) Survivor regions: 14->3(7)
[2024-02-06T12:06:35.237+0000][1536][gc,heap     ] GC(508) Old regions: 277->221
[2024-02-06T12:06:35.237+0000][1536][gc,heap     ] GC(508) Archive regions: 0->0
[2024-02-06T12:06:35.237+0000][1536][gc,heap     ] GC(508) Humongous regions: 2->2
[2024-02-06T12:06:35.237+0000][1536][gc,metaspace] GC(508) Metaspace: 132327K(138240K)->132327K(138240K) NonClass: 115275K(118976K)->115275K(118976K) Class: 17052K(19264K)->17052K(19264K)
[2024-02-06T12:06:35.237+0000][1536][gc          ] GC(508) Pause Young (Mixed) (G1 Evacuation Pause) 1313M->898M(4040M) 179.695ms
[2024-02-06T12:06:35.237+0000][1536][gc,cpu      ] GC(508) User=0.12s Sys=0.44s Real=0.18s
[2024-02-06T12:06:35.237+0000][1536][safepoint   ] Safepoint "G1CollectForAllocation", Time since last: 1310244600 ns, Reaching safepoint: 47700 ns, At safepoint: 180075100 ns, Total: 180122800 ns
[2024-02-06T12:06:36.687+0000][1536][gc,start    ] GC(509) Pause Young (Mixed) (G1 Evacuation Pause)
[2024-02-06T12:06:36.687+0000][1536][gc,task     ] GC(509) Using 8 workers of 8 for evacuation
[2024-02-06T12:06:36.687+0000][1536][gc,age      ] GC(509) Desired survivor size 14680064 bytes, new threshold 15 (max threshold 15)
[2024-02-06T12:06:36.767+0000][1536][gc,phases   ] GC(509)   Pre Evacuate Collection Set: 0.3ms
[2024-02-06T12:06:36.767+0000][1536][gc,phases   ] GC(509)   Merge Heap Roots: 0.4ms
[2024-02-06T12:06:36.767+0000][1536][gc,phases   ] GC(509)   Evacuate Collection Set: 70.9ms
[2024-02-06T12:06:36.767+0000][1536][gc,phases   ] GC(509)   Post Evacuate Collection Set: 1.0ms
[2024-02-06T12:06:36.767+0000][1536][gc,phases   ] GC(509)   Other: 0.4ms
[2024-02-06T12:06:36.767+0000][1536][gc,age      ] GC(509) Age table with threshold 15 (max threshold 15)
[2024-02-06T12:06:36.767+0000][1536][gc,age      ] GC(509) - age   1:    7319944 bytes,    7319944 total
[2024-02-06T12:06:36.767+0000][1536][gc,age      ] GC(509) - age   2:    3239088 bytes,   10559032 total
[2024-02-06T12:06:36.767+0000][1536][gc,heap     ] GC(509) Eden regions: 47->0(538)
[2024-02-06T12:06:36.767+0000][1536][gc,heap     ] GC(509) Survivor regions: 3->3(7)
[2024-02-06T12:06:36.767+0000][1536][gc,heap     ] GC(509) Old regions: 221->207
[2024-02-06T12:06:36.767+0000][1536][gc,heap     ] GC(509) Archive regions: 0->0
[2024-02-06T12:06:36.767+0000][1536][gc,heap     ] GC(509) Humongous regions: 2->2
[2024-02-06T12:06:36.767+0000][1536][gc,metaspace] GC(509) Metaspace: 132327K(138240K)->132327K(138240K) NonClass: 115275K(118976K)->115275K(118976K) Class: 17052K(19264K)->17052K(19264K)
[2024-02-06T12:06:36.767+0000][1536][gc          ] GC(509) Pause Young (Mixed) (G1 Evacuation Pause) 1086M->846M(4040M) 73.648ms
[2024-02-06T12:06:36.767+0000][1536][gc,cpu      ] GC(509) User=0.14s Sys=0.33s Real=0.08s
[2024-02-06T12:06:36.767+0000][1536][safepoint   ] Safepoint "G1CollectForAllocation", Time since last: 1457865200 ns, Reaching safepoint: 205900 ns, At safepoint: 77958500 ns, Total: 78164400 ns
[2024-02-06T12:06:57.929+0000][1536][safepoint   ] Safepoint "Cleanup", Time since last: 21155027700 ns, Reaching safepoint: 87000 ns, At safepoint: 16300 ns, Total: 103300 ns
[2024-02-06T12:06:59.942+0000][1536][safepoint   ] Safepoint "Cleanup", Time since last: 2012802100 ns, Reaching safepoint: 153200 ns, At safepoint: 106200 ns, Total: 259400 ns
[2024-02-06T12:07:13.847+0000][1536][gc,start    ] GC(510) Pause Young (Normal) (G1 Evacuation Pause)
[2024-02-06T12:07:13.847+0000][1536][gc,task     ] GC(510) Using 8 workers of 8 for evacuation
[2024-02-06T12:07:13.847+0000][1536][gc,age      ] GC(510) Desired survivor size 142606336 bytes, new threshold 15 (max threshold 15)
[2024-02-06T12:07:13.880+0000][1536][gc,phases   ] GC(510)   Pre Evacuate Collection Set: 0.3ms
[2024-02-06T12:07:13.880+0000][1536][gc,phases   ] GC(510)   Merge Heap Roots: 0.4ms
[2024-02-06T12:07:13.880+0000][1536][gc,phases   ] GC(510)   Evacuate Collection Set: 23.4ms
[2024-02-06T12:07:13.880+0000][1536][gc,phases   ] GC(510)   Post Evacuate Collection Set: 2.5ms
[2024-02-06T12:07:13.880+0000][1536][gc,phases   ] GC(510)   Other: 3.0ms
[2024-02-06T12:07:13.880+0000][1536][gc,age      ] GC(510) Age table with threshold 15 (max threshold 15)
[2024-02-06T12:07:13.880+0000][1536][gc,age      ] GC(510) - age   1:   56253880 bytes,   56253880 total
[2024-02-06T12:07:13.880+0000][1536][gc,age      ] GC(510) - age   2:    6095776 bytes,   62349656 total
[2024-02-06T12:07:13.880+0000][1536][gc,age      ] GC(510) - age   3:    2344400 bytes,   64694056 total
[2024-02-06T12:07:13.880+0000][1536][gc,heap     ] GC(510) Eden regions: 538->0(398)
[2024-02-06T12:07:13.880+0000][1536][gc,heap     ] GC(510) Survivor regions: 3->16(68)
[2024-02-06T12:07:13.880+0000][1536][gc,heap     ] GC(510) Old regions: 207->207
[2024-02-06T12:07:13.880+0000][1536][gc,heap     ] GC(510) Archive regions: 0->0
[2024-02-06T12:07:13.880+0000][1536][gc,heap     ] GC(510) Humongous regions: 2->2
[2024-02-06T12:07:13.880+0000][1536][gc,metaspace] GC(510) Metaspace: 132327K(138240K)->132327K(138240K) NonClass: 115275K(118976K)->115275K(118976K) Class: 17052K(19264K)->17052K(19264K)
[2024-02-06T12:07:13.880+0000][1536][gc          ] GC(510) Pause Young (Normal) (G1 Evacuation Pause) 2998M->898M(4040M) 30.652ms
[2024-02-06T12:07:13.880+0000][1536][gc,cpu      ] GC(510) User=0.17s Sys=0.08s Real=0.03s
[2024-02-06T12:07:13.880+0000][1536][safepoint   ] Safepoint "G1CollectForAllocation", Time since last: 13916566100 ns, Reaching safepoint: 202500 ns, At safepoint: 30975000 ns, Total: 31177500 ns
[2024-02-06T12:08:00.195+0000][1536][safepoint   ] Safepoint "Cleanup", Time since last: 46305858400 ns, Reaching safepoint: 192500 ns, At safepoint: 50600 ns, Total: 243100 ns
[2024-02-06T12:08:11.202+0000][1536][gc,start    ] GC(511) Pause Young (Normal) (G1 Evacuation Pause)
[2024-02-06T12:08:11.202+0000][1536][gc,task     ] GC(511) Using 8 workers of 8 for evacuation
[2024-02-06T12:08:11.202+0000][1536][gc,age      ] GC(511) Desired survivor size 109051904 bytes, new threshold 15 (max threshold 15)
[2024-02-06T12:08:11.227+0000][1536][gc,phases   ] GC(511)   Pre Evacuate Collection Set: 0.3ms
[2024-02-06T12:08:11.227+0000][1536][gc,phases   ] GC(511)   Merge Heap Roots: 0.3ms
[2024-02-06T12:08:11.227+0000][1536][gc,phases   ] GC(511)   Evacuate Collection Set: 22.7ms
[2024-02-06T12:08:11.227+0000][1536][gc,phases   ] GC(511)   Post Evacuate Collection Set: 1.6ms
[2024-02-06T12:08:11.227+0000][1536][gc,phases   ] GC(511)   Other: 0.4ms
[2024-02-06T12:08:11.227+0000][1536][gc,age      ] GC(511) Age table with threshold 15 (max threshold 15)
[2024-02-06T12:08:11.227+0000][1536][gc,age      ] GC(511) - age   1:   47103920 bytes,   47103920 total
[2024-02-06T12:08:11.227+0000][1536][gc,age      ] GC(511) - age   2:   44136024 bytes,   91239944 total
[2024-02-06T12:08:11.227+0000][1536][gc,age      ] GC(511) - age   3:    2823104 bytes,   94063048 total
[2024-02-06T12:08:11.227+0000][1536][gc,age      ] GC(511) - age   4:    2088792 bytes,   96151840 total
[2024-02-06T12:08:11.227+0000][1536][gc,heap     ] GC(511) Eden regions: 398->0(467)
[2024-02-06T12:08:11.227+0000][1536][gc,heap     ] GC(511) Survivor regions: 16->25(52)
[2024-02-06T12:08:11.227+0000][1536][gc,heap     ] GC(511) Old regions: 207->207
[2024-02-06T12:08:11.227+0000][1536][gc,heap     ] GC(511) Archive regions: 0->0
[2024-02-06T12:08:11.227+0000][1536][gc,heap     ] GC(511) Humongous regions: 2->2
[2024-02-06T12:08:11.227+0000][1536][gc,metaspace] GC(511) Metaspace: 132327K(138240K)->132327K(138240K) NonClass: 115275K(118976K)->115275K(118976K) Class: 17052K(19264K)->17052K(19264K)
[2024-02-06T12:08:11.227+0000][1536][gc          ] GC(511) Pause Young (Normal) (G1 Evacuation Pause) 2490M->931M(4040M) 25.808ms
[2024-02-06T12:08:11.227+0000][1536][gc,cpu      ] GC(511) User=0.12s Sys=0.00s Real=0.03s
[2024-02-06T12:08:11.227+0000][1536][safepoint   ] Safepoint "G1CollectForAllocation", Time since last: 11005921300 ns, Reaching safepoint: 171500 ns, At safepoint: 26113200 ns, Total: 26284700 ns
[2024-02-06T12:08:32.665+0000][1536][gc,start    ] GC(512) Pause Young (Normal) (G1 Evacuation Pause)
[2024-02-06T12:08:32.665+0000][1536][gc,task     ] GC(512) Using 8 workers of 8 for evacuation
[2024-02-06T12:08:32.665+0000][1536][gc,age      ] GC(512) Desired survivor size 130023424 bytes, new threshold 15 (max threshold 15)
[2024-02-06T12:08:32.697+0000][1536][gc,phases   ] GC(512)   Pre Evacuate Collection Set: 0.3ms
[2024-02-06T12:08:32.698+0000][1536][gc,phases   ] GC(512)   Merge Heap Roots: 0.4ms
[2024-02-06T12:08:32.698+0000][1536][gc,phases   ] GC(512)   Evacuate Collection Set: 28.4ms
[2024-02-06T12:08:32.698+0000][1536][gc,phases   ] GC(512)   Post Evacuate Collection Set: 1.9ms
[2024-02-06T12:08:32.698+0000][1536][gc,phases   ] GC(512)   Other: 0.5ms
[2024-02-06T12:08:32.698+0000][1536][gc,age      ] GC(512) Age table with threshold 15 (max threshold 15)
[2024-02-06T12:08:32.698+0000][1536][gc,age      ] GC(512) - age   1:   60913992 bytes,   60913992 total
[2024-02-06T12:08:32.698+0000][1536][gc,age      ] GC(512) - age   2:   33537096 bytes,   94451088 total
[2024-02-06T12:08:32.698+0000][1536][gc,age      ] GC(512) - age   3:   29486784 bytes,  123937872 total
[2024-02-06T12:08:32.698+0000][1536][gc,age      ] GC(512) - age   4:    2440104 bytes,  126377976 total
[2024-02-06T12:08:32.698+0000][1536][gc,age      ] GC(512) - age   5:    2002232 bytes,  128380208 total
[2024-02-06T12:08:32.698+0000][1536][gc,heap     ] GC(512) Eden regions: 467->0(563)
[2024-02-06T12:08:32.698+0000][1536][gc,heap     ] GC(512) Survivor regions: 25->33(62)
[2024-02-06T12:08:32.698+0000][1536][gc,heap     ] GC(512) Old regions: 207->207
[2024-02-06T12:08:32.698+0000][1536][gc,heap     ] GC(512) Archive regions: 0->0
[2024-02-06T12:08:32.698+0000][1536][gc,heap     ] GC(512) Humongous regions: 2->2
[2024-02-06T12:08:32.699+0000][1536][gc,metaspace] GC(512) Metaspace: 132327K(138240K)->132327K(138240K) NonClass: 115275K(118976K)->115275K(118976K) Class: 17052K(19264K)->17052K(19264K)
[2024-02-06T12:08:32.699+0000][1536][gc          ] GC(512) Pause Young (Normal) (G1 Evacuation Pause) 2799M->966M(4040M) 32.944ms
[2024-02-06T12:08:32.699+0000][1536][gc,cpu      ] GC(512) User=0.25s Sys=0.00s Real=0.03s
[2024-02-06T12:08:32.699+0000][1536][safepoint   ] Safepoint "G1CollectForAllocation", Time since last: 21437517600 ns, Reaching safepoint: 139100 ns, At safepoint: 33471700 ns, Total: 33610800 ns
[2024-02-06T12:09:12.816+0000][1536][gc,start    ] GC(513) Pause Young (Normal) (G1 Evacuation Pause)
[2024-02-06T12:09:12.816+0000][1536][gc,task     ] GC(513) Using 8 workers of 8 for evacuation
[2024-02-06T12:09:12.816+0000][1536][gc,age      ] GC(513) Desired survivor size 157286400 bytes, new threshold 15 (max threshold 15)
[2024-02-06T12:09:13.798+0000][1536][gc,mmu      ] GC(513) MMU target violated: 201.0ms (200.0ms/201.0ms)
[2024-02-06T12:09:13.798+0000][1536][gc,phases   ] GC(513)   Pre Evacuate Collection Set: 0.4ms
[2024-02-06T12:09:13.798+0000][1536][gc,phases   ] GC(513)   Merge Heap Roots: 0.4ms
[2024-02-06T12:09:13.798+0000][1536][gc,phases   ] GC(513)   Evacuate Collection Set: 983.9ms
[2024-02-06T12:09:13.798+0000][1536][gc,phases   ] GC(513)   Post Evacuate Collection Set: 1.0ms
[2024-02-06T12:09:13.798+0000][1536][gc,phases   ] GC(513)   Other: 0.8ms
[2024-02-06T12:09:13.798+0000][1536][gc,age      ] GC(513) Age table with threshold 15 (max threshold 15)
[2024-02-06T12:09:13.798+0000][1536][gc,age      ] GC(513) - age   1:   98110192 bytes,   98110192 total
[2024-02-06T12:09:13.798+0000][1536][gc,age      ] GC(513) - age   2:   43525632 bytes,  141635824 total
[2024-02-06T12:09:13.798+0000][1536][gc,age      ] GC(513) - age   3:   21844376 bytes,  163480200 total
[2024-02-06T12:09:13.798+0000][1536][gc,age      ] GC(513) - age   4:   24920736 bytes,  188400936 total
[2024-02-06T12:09:13.798+0000][1536][gc,age      ] GC(513) - age   5:    2440104 bytes,  190841040 total
[2024-02-06T12:09:13.798+0000][1536][gc,age      ] GC(513) - age   6:    1910944 bytes,  192751984 total
[2024-02-06T12:09:13.798+0000][1536][gc,heap     ] GC(513) Eden regions: 563->0(2)
[2024-02-06T12:09:13.798+0000][1536][gc,heap     ] GC(513) Survivor regions: 33->48(75)
[2024-02-06T12:09:13.798+0000][1536][gc,heap     ] GC(513) Old regions: 207->207
[2024-02-06T12:09:13.798+0000][1536][gc,heap     ] GC(513) Archive regions: 0->0
[2024-02-06T12:09:13.798+0000][1536][gc,heap     ] GC(513) Humongous regions: 2->2
[2024-02-06T12:09:13.798+0000][1536][gc,metaspace] GC(513) Metaspace: 132327K(138240K)->132327K(138240K) NonClass: 115275K(118976K)->115275K(118976K) Class: 17052K(19264K)->17052K(19264K)
[2024-02-06T12:09:13.798+0000][1536][gc          ] GC(513) Pause Young (Normal) (G1 Evacuation Pause) 3218M->1024M(4040M) 986.794ms
[2024-02-06T12:09:13.798+0000][1536][gc,cpu      ] GC(513) User=0.12s Sys=1.03s Real=0.98s
[2024-02-06T12:09:13.798+0000][1536][safepoint   ] Safepoint "G1CollectForAllocation", Time since last: 40095810000 ns, Reaching safepoint: 21479100 ns, At safepoint: 987022200 ns, Total: 1008501300 ns
[2024-02-06T12:09:13.845+0000][1536][gc,start    ] GC(514) Pause Young (Concurrent Start) (G1 Evacuation Pause)
[2024-02-06T12:09:13.845+0000][1536][gc,task     ] GC(514) Using 8 workers of 8 for evacuation
[2024-02-06T12:09:13.845+0000][1536][gc,age      ] GC(514) Desired survivor size 14680064 bytes, new threshold 1 (max threshold 15)
[2024-02-06T12:09:14.156+0000][1536][gc,mmu      ] GC(514) MMU target violated: 201.0ms (200.0ms/201.0ms)
[2024-02-06T12:09:14.156+0000][1536][gc,phases   ] GC(514)   Pre Evacuate Collection Set: 0.4ms
[2024-02-06T12:09:14.156+0000][1536][gc,phases   ] GC(514)   Merge Heap Roots: 0.1ms
[2024-02-06T12:09:14.156+0000][1536][gc,phases   ] GC(514)   Evacuate Collection Set: 322.5ms
[2024-02-06T12:09:14.156+0000][1536][gc,phases   ] GC(514)   Post Evacuate Collection Set: 1.3ms
[2024-02-06T12:09:14.156+0000][1536][gc,phases   ] GC(514)   Other: 0.3ms
[2024-02-06T12:09:14.156+0000][1536][gc,age      ] GC(514) Age table with threshold 1 (max threshold 15)
[2024-02-06T12:09:14.156+0000][1536][gc,age      ] GC(514) - age   1:       8888 bytes,       8888 total
[2024-02-06T12:09:14.156+0000][1536][gc,heap     ] GC(514) Eden regions: 2->0(248)
[2024-02-06T12:09:14.156+0000][1536][gc,heap     ] GC(514) Survivor regions: 48->4(7)
[2024-02-06T12:09:14.156+0000][1536][gc,heap     ] GC(514) Old regions: 207->254
[2024-02-06T12:09:14.156+0000][1536][gc,heap     ] GC(514) Archive regions: 0->0
[2024-02-06T12:09:14.156+0000][1536][gc,heap     ] GC(514) Humongous regions: 2->2
[2024-02-06T12:09:14.156+0000][1536][gc,metaspace] GC(514) Metaspace: 132327K(138240K)->132327K(138240K) NonClass: 115275K(118976K)->115275K(118976K) Class: 17052K(19264K)->17052K(19264K)
[2024-02-06T12:09:14.156+0000][1536][gc          ] GC(514) Pause Young (Concurrent Start) (G1 Evacuation Pause) 1032M->1035M(4040M) 324.857ms
[2024-02-06T12:09:14.156+0000][1536][gc          ] GC(515) Concurrent Mark Cycle
[2024-02-06T12:09:14.156+0000][1536][gc,cpu      ] GC(514) User=0.19s Sys=0.27s Real=0.31s
[2024-02-06T12:09:14.156+0000][1536][gc,marking  ] GC(515) Concurrent Clear Claimed Marks
[2024-02-06T12:09:14.156+0000][1536][safepoint   ] Safepoint "G1CollectForAllocation", Time since last: 132600 ns, Reaching safepoint: 41064800 ns, At safepoint: 325052200 ns, Total: 366117000 ns
[2024-02-06T12:09:14.156+0000][1536][gc,marking  ] GC(515) Concurrent Clear Claimed Marks 0.198ms
[2024-02-06T12:09:14.156+0000][1536][gc,marking  ] GC(515) Concurrent Scan Root Regions
[2024-02-06T12:09:14.174+0000][1536][gc,marking  ] GC(515) Concurrent Scan Root Regions 14.633ms
[2024-02-06T12:09:14.174+0000][1536][gc,marking  ] GC(515) Concurrent Mark
[2024-02-06T12:09:14.174+0000][1536][gc,marking  ] GC(515) Concurrent Mark From Roots
[2024-02-06T12:09:14.174+0000][1536][gc,task     ] GC(515) Using 2 workers of 2 for marking
[2024-02-06T12:09:14.371+0000][1536][gc,marking  ] GC(515) Concurrent Mark From Roots 186.326ms
[2024-02-06T12:09:14.371+0000][1536][gc,marking  ] GC(515) Concurrent Preclean
[2024-02-06T12:09:14.371+0000][1536][gc,marking  ] GC(515) Concurrent Preclean 0.711ms
[2024-02-06T12:09:14.372+0000][1536][gc,start    ] GC(515) Pause Remark
[2024-02-06T12:09:14.389+0000][1536][gc          ] GC(515) Pause Remark 1041M->1041M(4040M) 18.454ms
[2024-02-06T12:09:14.389+0000][1536][gc,cpu      ] GC(515) User=0.00s Sys=0.00s Real=0.02s
[2024-02-06T12:09:14.389+0000][1536][safepoint   ] Safepoint "G1Concurrent", Time since last: 201956900 ns, Reaching safepoint: 32600 ns, At safepoint: 18578600 ns, Total: 18611200 ns
[2024-02-06T12:09:14.389+0000][1536][gc,marking  ] GC(515) Concurrent Mark 205.807ms
[2024-02-06T12:09:14.390+0000][1536][gc,marking  ] GC(515) Concurrent Rebuild Remembered Sets
[2024-02-06T12:09:14.640+0000][1536][gc,marking  ] GC(515) Concurrent Rebuild Remembered Sets 257.537ms
[2024-02-06T12:09:14.640+0000][1536][gc,start    ] GC(515) Pause Cleanup
[2024-02-06T12:09:14.640+0000][1536][gc          ] GC(515) Pause Cleanup 1041M->1041M(4040M) 0.697ms
[2024-02-06T12:09:14.640+0000][1536][gc,cpu      ] GC(515) User=0.00s Sys=0.00s Real=0.00s
[2024-02-06T12:09:14.640+0000][1536][safepoint   ] Safepoint "G1Concurrent", Time since last: 257703700 ns, Reaching safepoint: 71400 ns, At safepoint: 753800 ns, Total: 825200 ns
[2024-02-06T12:09:14.640+0000][1536][gc,marking  ] GC(515) Concurrent Cleanup for Next Mark
[2024-02-06T12:09:14.657+0000][1536][gc,marking  ] GC(515) Concurrent Cleanup for Next Mark 11.319ms
[2024-02-06T12:09:14.657+0000][1536][gc          ] GC(515) Concurrent Mark Cycle 490.630ms
[2024-02-06T12:09:35.291+0000][1536][gc,start    ] GC(516) Pause Young (Prepare Mixed) (G1 Evacuation Pause)
[2024-02-06T12:09:35.291+0000][1536][gc,task     ] GC(516) Using 8 workers of 8 for evacuation
[2024-02-06T12:09:35.291+0000][1536][gc,age      ] GC(516) Desired survivor size 67108864 bytes, new threshold 15 (max threshold 15)
[2024-02-06T12:09:35.316+0000][1536][gc,phases   ] GC(516)   Pre Evacuate Collection Set: 0.2ms
[2024-02-06T12:09:35.316+0000][1536][gc,phases   ] GC(516)   Merge Heap Roots: 0.2ms
[2024-02-06T12:09:35.316+0000][1536][gc,phases   ] GC(516)   Evacuate Collection Set: 17.9ms
[2024-02-06T12:09:35.316+0000][1536][gc,phases   ] GC(516)   Post Evacuate Collection Set: 1.2ms
[2024-02-06T12:09:35.316+0000][1536][gc,phases   ] GC(516)   Other: 0.2ms
[2024-02-06T12:09:35.316+0000][1536][gc,age      ] GC(516) Age table with threshold 15 (max threshold 15)
[2024-02-06T12:09:35.316+0000][1536][gc,age      ] GC(516) - age   1:   40537624 bytes,   40537624 total
[2024-02-06T12:09:35.316+0000][1536][gc,age      ] GC(516) - age   2:       3304 bytes,   40540928 total
[2024-02-06T12:09:35.316+0000][1536][gc,heap     ] GC(516) Eden regions: 248->0(39)
[2024-02-06T12:09:35.316+0000][1536][gc,heap     ] GC(516) Survivor regions: 4->11(32)
[2024-02-06T12:09:35.316+0000][1536][gc,heap     ] GC(516) Old regions: 254->254
[2024-02-06T12:09:35.316+0000][1536][gc,heap     ] GC(516) Archive regions: 0->0
[2024-02-06T12:09:35.316+0000][1536][gc,heap     ] GC(516) Humongous regions: 2->2
[2024-02-06T12:09:35.316+0000][1536][gc,metaspace] GC(516) Metaspace: 132327K(138240K)->132327K(138240K) NonClass: 115275K(118976K)->115275K(118976K) Class: 17052K(19264K)->17052K(19264K)
[2024-02-06T12:09:35.316+0000][1536][gc          ] GC(516) Pause Young (Prepare Mixed) (G1 Evacuation Pause) 2027M->1064M(4040M) 20.282ms
[2024-02-06T12:09:35.316+0000][1536][gc,cpu      ] GC(516) User=0.14s Sys=0.00s Real=0.03s
[2024-02-06T12:09:35.316+0000][1536][safepoint   ] Safepoint "G1CollectForAllocation", Time since last: 20647148400 ns, Reaching safepoint: 126100 ns, At safepoint: 20447000 ns, Total: 20573100 ns
[2024-02-06T12:09:36.316+0000][1536][gc,start    ] GC(517) Pause Young (Mixed) (G1 Evacuation Pause)
[2024-02-06T12:09:36.316+0000][1536][gc,task     ] GC(517) Using 8 workers of 8 for evacuation
[2024-02-06T12:09:36.316+0000][1536][gc,age      ] GC(517) Desired survivor size 14680064 bytes, new threshold 1 (max threshold 15)
[2024-02-06T12:09:36.523+0000][1536][gc,mmu      ] GC(517) MMU target violated: 201.0ms (200.0ms/201.0ms)
[2024-02-06T12:09:36.523+0000][1536][gc,phases   ] GC(517)   Pre Evacuate Collection Set: 0.2ms
[2024-02-06T12:09:36.523+0000][1536][gc,phases   ] GC(517)   Merge Heap Roots: 0.2ms
[2024-02-06T12:09:36.523+0000][1536][gc,phases   ] GC(517)   Evacuate Collection Set: 214.1ms
[2024-02-06T12:09:36.523+0000][1536][gc,phases   ] GC(517)   Post Evacuate Collection Set: 1.2ms
[2024-02-06T12:09:36.523+0000][1536][gc,phases   ] GC(517)   Other: 0.9ms
[2024-02-06T12:09:36.523+0000][1536][gc,age      ] GC(517) Age table with threshold 1 (max threshold 15)
[2024-02-06T12:09:36.523+0000][1536][gc,age      ] GC(517) - age   1:    5206928 bytes,    5206928 total
[2024-02-06T12:09:36.523+0000][1536][gc,heap     ] GC(517) Eden regions: 39->0(48)
[2024-02-06T12:09:36.523+0000][1536][gc,heap     ] GC(517) Survivor regions: 11->2(7)
[2024-02-06T12:09:36.523+0000][1536][gc,heap     ] GC(517) Old regions: 254->228
[2024-02-06T12:09:36.523+0000][1536][gc,heap     ] GC(517) Archive regions: 0->0
[2024-02-06T12:09:36.523+0000][1536][gc,heap     ] GC(517) Humongous regions: 2->2
[2024-02-06T12:09:36.523+0000][1536][gc,metaspace] GC(517) Metaspace: 132327K(138240K)->132327K(138240K) NonClass: 115275K(118976K)->115275K(118976K) Class: 17052K(19264K)->17052K(19264K)
[2024-02-06T12:09:36.523+0000][1536][gc          ] GC(517) Pause Young (Mixed) (G1 Evacuation Pause) 1220M->925M(4040M) 217.021ms
[2024-02-06T12:09:36.523+0000][1536][gc,cpu      ] GC(517) User=0.08s Sys=0.27s Real=0.21s
[2024-02-06T12:09:36.534+0000][1536][safepoint   ] Safepoint "G1CollectForAllocation", Time since last: 999424300 ns, Reaching safepoint: 109600 ns, At safepoint: 218315600 ns, Total: 218425200 ns
[2024-02-06T12:09:37.741+0000][1536][gc,start    ] GC(518) Pause Young (Mixed) (G1 Evacuation Pause)
[2024-02-06T12:09:37.741+0000][1536][gc,task     ] GC(518) Using 8 workers of 8 for evacuation
[2024-02-06T12:09:37.741+0000][1536][gc,age      ] GC(518) Desired survivor size 14680064 bytes, new threshold 15 (max threshold 15)
[2024-02-06T12:09:37.830+0000][1536][gc,phases   ] GC(518)   Pre Evacuate Collection Set: 0.3ms
[2024-02-06T12:09:37.830+0000][1536][gc,phases   ] GC(518)   Merge Heap Roots: 0.3ms
[2024-02-06T12:09:37.830+0000][1536][gc,phases   ] GC(518)   Evacuate Collection Set: 86.3ms
[2024-02-06T12:09:37.830+0000][1536][gc,phases   ] GC(518)   Post Evacuate Collection Set: 2.1ms
[2024-02-06T12:09:37.830+0000][1536][gc,phases   ] GC(518)   Other: 0.7ms
[2024-02-06T12:09:37.830+0000][1536][gc,age      ] GC(518) Age table with threshold 15 (max threshold 15)
[2024-02-06T12:09:37.830+0000][1536][gc,age      ] GC(518) - age   1:   10067336 bytes,   10067336 total
[2024-02-06T12:09:37.830+0000][1536][gc,age      ] GC(518) - age   2:    4256704 bytes,   14324040 total
[2024-02-06T12:09:37.831+0000][1536][gc,heap     ] GC(518) Eden regions: 48->0(353)
[2024-02-06T12:09:37.831+0000][1536][gc,heap     ] GC(518) Survivor regions: 2->4(7)
[2024-02-06T12:09:37.831+0000][1536][gc,heap     ] GC(518) Old regions: 228->216
[2024-02-06T12:09:37.831+0000][1536][gc,heap     ] GC(518) Archive regions: 0->0
[2024-02-06T12:09:37.831+0000][1536][gc,heap     ] GC(518) Humongous regions: 2->2
[2024-02-06T12:09:37.831+0000][1536][gc,metaspace] GC(518) Metaspace: 132327K(138240K)->132327K(138240K) NonClass: 115275K(118976K)->115275K(118976K) Class: 17052K(19264K)->17052K(19264K)
[2024-02-06T12:09:37.831+0000][1536][gc          ] GC(518) Pause Young (Mixed) (G1 Evacuation Pause) 1117M->885M(4040M) 90.594ms
[2024-02-06T12:09:37.831+0000][1536][gc,cpu      ] GC(518) User=0.31s Sys=0.12s Real=0.09s
[2024-02-06T12:09:37.833+0000][1536][safepoint   ] Safepoint "G1CollectForAllocation", Time since last: 1150095800 ns, Reaching safepoint: 56434100 ns, At safepoint: 92454700 ns, Total: 148888800 ns
[2024-02-06T12:09:47.936+0000][1536][gc,start    ] GC(519) Pause Young (Normal) (G1 Evacuation Pause)
[2024-02-06T12:09:47.936+0000][1536][gc,task     ] GC(519) Using 8 workers of 8 for evacuation
[2024-02-06T12:09:47.936+0000][1536][gc,age      ] GC(519) Desired survivor size 94371840 bytes, new threshold 15 (max threshold 15)
[2024-02-06T12:09:47.995+0000][1536][gc,phases   ] GC(519)   Pre Evacuate Collection Set: 0.4ms
[2024-02-06T12:09:47.995+0000][1536][gc,phases   ] GC(519)   Merge Heap Roots: 0.5ms
[2024-02-06T12:09:47.995+0000][1536][gc,phases   ] GC(519)   Evacuate Collection Set: 49.1ms
[2024-02-06T12:09:47.996+0000][1536][gc,phases   ] GC(519)   Post Evacuate Collection Set: 2.1ms
[2024-02-06T12:09:47.996+0000][1536][gc,phases   ] GC(519)   Other: 0.5ms
[2024-02-06T12:09:47.996+0000][1536][gc,age      ] GC(519) Age table with threshold 15 (max threshold 15)
[2024-02-06T12:09:47.996+0000][1536][gc,age      ] GC(519) - age   1:   55893544 bytes,   55893544 total
[2024-02-06T12:09:47.996+0000][1536][gc,age      ] GC(519) - age   2:    8235384 bytes,   64128928 total
[2024-02-06T12:09:47.996+0000][1536][gc,age      ] GC(519) - age   3:    3760816 bytes,   67889744 total
[2024-02-06T12:09:47.996+0000][1536][gc,heap     ] GC(519) Eden regions: 353->0(218)
[2024-02-06T12:09:47.996+0000][1536][gc,heap     ] GC(519) Survivor regions: 4->17(45)
[2024-02-06T12:09:47.996+0000][1536][gc,heap     ] GC(519) Old regions: 216->216
[2024-02-06T12:09:47.996+0000][1536][gc,heap     ] GC(519) Archive regions: 0->0
[2024-02-06T12:09:47.996+0000][1536][gc,heap     ] GC(519) Humongous regions: 2->2
[2024-02-06T12:09:47.996+0000][1536][gc,metaspace] GC(519) Metaspace: 132327K(138240K)->132327K(138240K) NonClass: 115275K(118976K)->115275K(118976K) Class: 17052K(19264K)->17052K(19264K)
[2024-02-06T12:09:47.996+0000][1536][gc          ] GC(519) Pause Young (Normal) (G1 Evacuation Pause) 2297M->936M(4040M) 53.867ms
[2024-02-06T12:09:47.996+0000][1536][gc,cpu      ] GC(519) User=0.44s Sys=0.02s Real=0.06s
[2024-02-06T12:09:47.997+0000][1536][safepoint   ] Safepoint "G1CollectForAllocation", Time since last: 10109593000 ns, Reaching safepoint: 128000 ns, At safepoint: 54604200 ns, Total: 54732200 ns
[2024-02-06T12:10:01.161+0000][1536][safepoint   ] Safepoint "Cleanup", Time since last: 13091398700 ns, Reaching safepoint: 72687500 ns, At safepoint: 326100 ns, Total: 73013600 ns
[2024-02-06T12:10:03.691+0000][1536][gc,start    ] GC(520) Pause Young (Normal) (G1 Evacuation Pause)
[2024-02-06T12:10:03.691+0000][1536][gc,task     ] GC(520) Using 8 workers of 8 for evacuation
[2024-02-06T12:10:03.707+0000][1536][gc,age      ] GC(520) Desired survivor size 62914560 bytes, new threshold 2 (max threshold 15)
[2024-02-06T12:10:03.781+0000][1536][gc,phases   ] GC(520)   Pre Evacuate Collection Set: 0.4ms
[2024-02-06T12:10:03.781+0000][1536][gc,phases   ] GC(520)   Merge Heap Roots: 0.4ms
[2024-02-06T12:10:03.781+0000][1536][gc,phases   ] GC(520)   Evacuate Collection Set: 76.0ms
[2024-02-06T12:10:03.781+0000][1536][gc,phases   ] GC(520)   Post Evacuate Collection Set: 1.3ms
[2024-02-06T12:10:03.781+0000][1536][gc,phases   ] GC(520)   Other: 0.9ms
[2024-02-06T12:10:03.781+0000][1536][gc,age      ] GC(520) Age table with threshold 2 (max threshold 15)
[2024-02-06T12:10:03.781+0000][1536][gc,age      ] GC(520) - age   1:   38730368 bytes,   38730368 total
[2024-02-06T12:10:03.781+0000][1536][gc,age      ] GC(520) - age   2:   50121296 bytes,   88851664 total
[2024-02-06T12:10:03.781+0000][1536][gc,heap     ] GC(520) Eden regions: 218->0(169)
[2024-02-06T12:10:03.781+0000][1536][gc,heap     ] GC(520) Survivor regions: 17->23(30)
[2024-02-06T12:10:03.781+0000][1536][gc,heap     ] GC(520) Old regions: 216->219
[2024-02-06T12:10:03.781+0000][1536][gc,heap     ] GC(520) Archive regions: 0->0
[2024-02-06T12:10:03.781+0000][1536][gc,heap     ] GC(520) Humongous regions: 2->2
[2024-02-06T12:10:03.781+0000][1536][gc,metaspace] GC(520) Metaspace: 132327K(138240K)->132327K(138240K) NonClass: 115275K(118976K)->115275K(118976K) Class: 17052K(19264K)->17052K(19264K)
[2024-02-06T12:10:03.781+0000][1536][gc          ] GC(520) Pause Young (Normal) (G1 Evacuation Pause) 1808M->972M(4040M) 79.759ms
[2024-02-06T12:10:03.781+0000][1536][gc,cpu      ] GC(520) User=0.44s Sys=0.06s Real=0.09s
[2024-02-06T12:10:03.781+0000][1536][safepoint   ] Safepoint "G1CollectForAllocation", Time since last: 2544157800 ns, Reaching safepoint: 168000 ns, At safepoint: 79977700 ns, Total: 80145700 ns
[2024-02-06T12:10:09.239+0000][1536][gc,start    ] GC(521) Pause Young (Concurrent Start) (G1 Evacuation Pause)
[2024-02-06T12:10:09.239+0000][1536][gc,task     ] GC(521) Using 8 workers of 8 for evacuation
[2024-02-06T12:10:09.239+0000][1536][gc,age      ] GC(521) Desired survivor size 50331648 bytes, new threshold 2 (max threshold 15)
[2024-02-06T12:10:09.293+0000][1536][gc,phases   ] GC(521)   Pre Evacuate Collection Set: 0.9ms
[2024-02-06T12:10:09.293+0000][1536][gc,phases   ] GC(521)   Merge Heap Roots: 0.4ms
[2024-02-06T12:10:09.293+0000][1536][gc,phases   ] GC(521)   Evacuate Collection Set: 55.0ms
[2024-02-06T12:10:09.293+0000][1536][gc,phases   ] GC(521)   Post Evacuate Collection Set: 0.9ms
[2024-02-06T12:10:09.293+0000][1536][gc,phases   ] GC(521)   Other: 0.3ms
[2024-02-06T12:10:09.293+0000][1536][gc,age      ] GC(521) Age table with threshold 2 (max threshold 15)
[2024-02-06T12:10:09.293+0000][1536][gc,age      ] GC(521) - age   1:   25811448 bytes,   25811448 total
[2024-02-06T12:10:09.293+0000][1536][gc,age      ] GC(521) - age   2:   34228592 bytes,   60040040 total
[2024-02-06T12:10:09.293+0000][1536][gc,heap     ] GC(521) Eden regions: 169->0(387)
[2024-02-06T12:10:09.293+0000][1536][gc,heap     ] GC(521) Survivor regions: 23->16(24)
[2024-02-06T12:10:09.293+0000][1536][gc,heap     ] GC(521) Old regions: 219->230
[2024-02-06T12:10:09.293+0000][1536][gc,heap     ] GC(521) Archive regions: 0->0
[2024-02-06T12:10:09.293+0000][1536][gc,heap     ] GC(521) Humongous regions: 2->2
[2024-02-06T12:10:09.293+0000][1536][gc,metaspace] GC(521) Metaspace: 132327K(138240K)->132327K(138240K) NonClass: 115275K(118976K)->115275K(118976K) Class: 17052K(19264K)->17052K(19264K)
[2024-02-06T12:10:09.293+0000][1536][gc          ] GC(521) Pause Young (Concurrent Start) (G1 Evacuation Pause) 1648M->991M(4040M) 58.069ms
[2024-02-06T12:10:09.293+0000][1536][gc          ] GC(522) Concurrent Mark Cycle
[2024-02-06T12:10:09.293+0000][1536][gc,cpu      ] GC(521) User=0.31s Sys=0.03s Real=0.05s
[2024-02-06T12:10:09.293+0000][1536][gc,marking  ] GC(522) Concurrent Clear Claimed Marks
[2024-02-06T12:10:09.293+0000][1536][safepoint   ] Safepoint "G1CollectForAllocation", Time since last: 5452313700 ns, Reaching safepoint: 252400 ns, At safepoint: 58453100 ns, Total: 58705500 ns
[2024-02-06T12:10:09.293+0000][1536][gc,marking  ] GC(522) Concurrent Clear Claimed Marks 0.280ms
[2024-02-06T12:10:09.293+0000][1536][gc,marking  ] GC(522) Concurrent Scan Root Regions
[2024-02-06T12:10:09.332+0000][1536][gc,marking  ] GC(522) Concurrent Scan Root Regions 34.723ms
[2024-02-06T12:10:09.332+0000][1536][gc,marking  ] GC(522) Concurrent Mark
[2024-02-06T12:10:09.332+0000][1536][gc,marking  ] GC(522) Concurrent Mark From Roots
[2024-02-06T12:10:09.332+0000][1536][gc,task     ] GC(522) Using 2 workers of 2 for marking
[2024-02-06T12:10:09.554+0000][1536][gc,marking  ] GC(522) Concurrent Mark From Roots 222.527ms
[2024-02-06T12:10:09.554+0000][1536][gc,marking  ] GC(522) Concurrent Preclean
[2024-02-06T12:10:09.555+0000][1536][gc,marking  ] GC(522) Concurrent Preclean 0.883ms
[2024-02-06T12:10:09.555+0000][1536][gc,start    ] GC(522) Pause Remark
[2024-02-06T12:10:09.555+0000][1536][gc          ] GC(522) Pause Remark 1044M->1044M(4040M) 13.850ms
[2024-02-06T12:10:09.555+0000][1536][gc,cpu      ] GC(522) User=0.00s Sys=0.00s Real=0.00s
[2024-02-06T12:10:09.555+0000][1536][safepoint   ] Safepoint "G1Concurrent", Time since last: 258455100 ns, Reaching safepoint: 89700 ns, At safepoint: 13983200 ns, Total: 14072900 ns
[2024-02-06T12:10:09.555+0000][1536][gc,marking  ] GC(522) Concurrent Mark 237.659ms
[2024-02-06T12:10:09.555+0000][1536][gc,marking  ] GC(522) Concurrent Rebuild Remembered Sets
[2024-02-06T12:10:09.728+0000][1536][gc,marking  ] GC(522) Concurrent Rebuild Remembered Sets 168.207ms
[2024-02-06T12:10:09.728+0000][1536][gc,start    ] GC(522) Pause Cleanup
[2024-02-06T12:10:09.728+0000][1536][gc          ] GC(522) Pause Cleanup 1075M->1075M(4040M) 0.939ms
[2024-02-06T12:10:09.728+0000][1536][gc,cpu      ] GC(522) User=0.00s Sys=0.00s Real=0.00s
[2024-02-06T12:10:09.728+0000][1536][safepoint   ] Safepoint "G1Concurrent", Time since last: 168347800 ns, Reaching safepoint: 67500 ns, At safepoint: 1054600 ns, Total: 1122100 ns
[2024-02-06T12:10:09.728+0000][1536][gc,marking  ] GC(522) Concurrent Cleanup for Next Mark
[2024-02-06T12:10:09.743+0000][1536][gc,marking  ] GC(522) Concurrent Cleanup for Next Mark 6.597ms
[2024-02-06T12:10:09.743+0000][1536][gc          ] GC(522) Concurrent Mark Cycle 448.967ms
[2024-02-06T12:10:30.803+0000][1536][gc,start    ] GC(523) Pause Young (Prepare Mixed) (G1 Evacuation Pause)
[2024-02-06T12:10:30.803+0000][1536][gc,task     ] GC(523) Using 8 workers of 8 for evacuation
[2024-02-06T12:10:30.803+0000][1536][gc,age      ] GC(523) Desired survivor size 134217728 bytes, new threshold 15 (max threshold 15)
[2024-02-06T12:10:30.862+0000][1536][gc,phases   ] GC(523)   Pre Evacuate Collection Set: 0.3ms
[2024-02-06T12:10:30.862+0000][1536][gc,phases   ] GC(523)   Merge Heap Roots: 0.3ms
[2024-02-06T12:10:30.862+0000][1536][gc,phases   ] GC(523)   Evacuate Collection Set: 57.4ms
[2024-02-06T12:10:30.862+0000][1536][gc,phases   ] GC(523)   Post Evacuate Collection Set: 1.6ms
[2024-02-06T12:10:30.862+0000][1536][gc,phases   ] GC(523)   Other: 0.3ms
[2024-02-06T12:10:30.862+0000][1536][gc,age      ] GC(523) Age table with threshold 15 (max threshold 15)
[2024-02-06T12:10:30.862+0000][1536][gc,age      ] GC(523) - age   1:   86174440 bytes,   86174440 total
[2024-02-06T12:10:30.862+0000][1536][gc,age      ] GC(523) - age   2:   18636392 bytes,  104810832 total
[2024-02-06T12:10:30.862+0000][1536][gc,age      ] GC(523) - age   3:   29047456 bytes,  133858288 total
[2024-02-06T12:10:30.862+0000][1536][gc,heap     ] GC(523) Eden regions: 490->0(16)
[2024-02-06T12:10:30.862+0000][1536][gc,heap     ] GC(523) Survivor regions: 16->34(64)
[2024-02-06T12:10:30.862+0000][1536][gc,heap     ] GC(523) Old regions: 230->230
[2024-02-06T12:10:30.862+0000][1536][gc,heap     ] GC(523) Archive regions: 0->0
[2024-02-06T12:10:30.862+0000][1536][gc,heap     ] GC(523) Humongous regions: 2->2
[2024-02-06T12:10:30.862+0000][1536][gc,metaspace] GC(523) Metaspace: 132327K(138240K)->132327K(138240K) NonClass: 115275K(118976K)->115275K(118976K) Class: 17052K(19264K)->17052K(19264K)
[2024-02-06T12:10:30.862+0000][1536][gc          ] GC(523) Pause Young (Prepare Mixed) (G1 Evacuation Pause) 2951M->1061M(4040M) 60.532ms
[2024-02-06T12:10:30.862+0000][1536][gc,cpu      ] GC(523) User=0.47s Sys=0.02s Real=0.06s
[2024-02-06T12:10:30.862+0000][1536][safepoint   ] Safepoint "G1CollectForAllocation", Time since last: 21063221300 ns, Reaching safepoint: 125100 ns, At safepoint: 60939400 ns, Total: 61064500 ns
[2024-02-06T12:10:31.189+0000][1536][gc,start    ] GC(524) Pause Young (Mixed) (G1 Evacuation Pause)
[2024-02-06T12:10:31.189+0000][1536][gc,task     ] GC(524) Using 8 workers of 8 for evacuation
[2024-02-06T12:10:31.189+0000][1536][gc,age      ] GC(524) Desired survivor size 14680064 bytes, new threshold 1 (max threshold 15)
[2024-02-06T12:10:31.350+0000][1536][gc,phases   ] GC(524)   Pre Evacuate Collection Set: 0.2ms
[2024-02-06T12:10:31.350+0000][1536][gc,phases   ] GC(524)   Merge Heap Roots: 0.2ms
[2024-02-06T12:10:31.350+0000][1536][gc,phases   ] GC(524)   Evacuate Collection Set: 174.5ms
[2024-02-06T12:10:31.350+0000][1536][gc,phases   ] GC(524)   Post Evacuate Collection Set: 1.2ms
[2024-02-06T12:10:31.350+0000][1536][gc,phases   ] GC(524)   Other: 0.7ms
[2024-02-06T12:10:31.350+0000][1536][gc,age      ] GC(524) Age table with threshold 1 (max threshold 15)
[2024-02-06T12:10:31.350+0000][1536][gc,age      ] GC(524) - age   1:    2832736 bytes,    2832736 total
[2024-02-06T12:10:31.350+0000][1536][gc,heap     ] GC(524) Eden regions: 16->0(579)
[2024-02-06T12:10:31.350+0000][1536][gc,heap     ] GC(524) Survivor regions: 34->4(7)
[2024-02-06T12:10:31.350+0000][1536][gc,heap     ] GC(524) Old regions: 230->216
[2024-02-06T12:10:31.350+0000][1536][gc,heap     ] GC(524) Archive regions: 0->0
[2024-02-06T12:10:31.350+0000][1536][gc,heap     ] GC(524) Humongous regions: 2->2
[2024-02-06T12:10:31.350+0000][1536][gc,metaspace] GC(524) Metaspace: 132327K(138240K)->132327K(138240K) NonClass: 115275K(118976K)->115275K(118976K) Class: 17052K(19264K)->17052K(19264K)
[2024-02-06T12:10:31.350+0000][1536][gc          ] GC(524) Pause Young (Mixed) (G1 Evacuation Pause) 1125M->887M(4040M) 177.107ms
[2024-02-06T12:10:31.350+0000][1536][gc,cpu      ] GC(524) User=0.12s Sys=0.17s Real=0.16s
[2024-02-06T12:10:31.367+0000][1536][safepoint   ] Safepoint "G1CollectForAllocation", Time since last: 325229900 ns, Reaching safepoint: 76000 ns, At safepoint: 177705000 ns, Total: 177781000 ns
[2024-02-06T12:11:07.225+0000][1536][gc,start    ] GC(525) Pause Young (Normal) (G1 Evacuation Pause)
[2024-02-06T12:11:07.225+0000][1536][gc,task     ] GC(525) Using 8 workers of 8 for evacuation
[2024-02-06T12:11:07.225+0000][1536][gc,age      ] GC(525) Desired survivor size 153092096 bytes, new threshold 15 (max threshold 15)
[2024-02-06T12:11:07.305+0000][1536][gc,phases   ] GC(525)   Pre Evacuate Collection Set: 0.5ms
[2024-02-06T12:11:07.305+0000][1536][gc,phases   ] GC(525)   Merge Heap Roots: 0.6ms
[2024-02-06T12:11:07.305+0000][1536][gc,phases   ] GC(525)   Evacuate Collection Set: 74.6ms
[2024-02-06T12:11:07.305+0000][1536][gc,phases   ] GC(525)   Post Evacuate Collection Set: 2.4ms
[2024-02-06T12:11:07.305+0000][1536][gc,phases   ] GC(525)   Other: 2.0ms
[2024-02-06T12:11:07.305+0000][1536][gc,age      ] GC(525) Age table with threshold 15 (max threshold 15)
[2024-02-06T12:11:07.305+0000][1536][gc,age      ] GC(525) - age   1:   95689192 bytes,   95689192 total
[2024-02-06T12:11:07.305+0000][1536][gc,age      ] GC(525) - age   2:    2040960 bytes,   97730152 total
[2024-02-06T12:11:07.305+0000][1536][gc,heap     ] GC(525) Eden regions: 579->0(556)
[2024-02-06T12:11:07.305+0000][1536][gc,heap     ] GC(525) Survivor regions: 4->25(73)
[2024-02-06T12:11:07.305+0000][1536][gc,heap     ] GC(525) Old regions: 216->216
[2024-02-06T12:11:07.305+0000][1536][gc,heap     ] GC(525) Archive regions: 0->0
[2024-02-06T12:11:07.305+0000][1536][gc,heap     ] GC(525) Humongous regions: 2->2
[2024-02-06T12:11:07.305+0000][1536][gc,metaspace] GC(525) Metaspace: 132327K(138240K)->132327K(138240K) NonClass: 115275K(118976K)->115275K(118976K) Class: 17052K(19264K)->17052K(19264K)
[2024-02-06T12:11:07.305+0000][1536][gc          ] GC(525) Pause Young (Normal) (G1 Evacuation Pause) 3203M->968M(4040M) 80.766ms
[2024-02-06T12:11:07.305+0000][1536][gc,cpu      ] GC(525) User=0.23s Sys=0.19s Real=0.08s
[2024-02-06T12:11:07.305+0000][1536][safepoint   ] Safepoint "G1CollectForAllocation", Time since last: 35858078000 ns, Reaching safepoint: 208300 ns, At safepoint: 81074800 ns, Total: 81283100 ns
[2024-02-06T12:11:32.559+0000][1536][gc,start    ] GC(526) Pause Young (Normal) (G1 Evacuation Pause)
[2024-02-06T12:11:32.559+0000][1536][gc,task     ] GC(526) Using 8 workers of 8 for evacuation
[2024-02-06T12:11:32.559+0000][1536][gc,age      ] GC(526) Desired survivor size 153092096 bytes, new threshold 15 (max threshold 15)
[2024-02-06T12:11:32.676+0000][1536][gc,phases   ] GC(526)   Pre Evacuate Collection Set: 0.4ms
[2024-02-06T12:11:32.676+0000][1536][gc,phases   ] GC(526)   Merge Heap Roots: 0.5ms
[2024-02-06T12:11:32.676+0000][1536][gc,phases   ] GC(526)   Evacuate Collection Set: 101.2ms
[2024-02-06T12:11:32.676+0000][1536][gc,phases   ] GC(526)   Post Evacuate Collection Set: 1.8ms
[2024-02-06T12:11:32.676+0000][1536][gc,phases   ] GC(526)   Other: 0.5ms
[2024-02-06T12:11:32.676+0000][1536][gc,age      ] GC(526) Age table with threshold 15 (max threshold 15)
[2024-02-06T12:11:32.676+0000][1536][gc,age      ] GC(526) - age   1:  110949632 bytes,  110949632 total
[2024-02-06T12:11:32.676+0000][1536][gc,age      ] GC(526) - age   2:   75465968 bytes,  186415600 total
[2024-02-06T12:11:32.676+0000][1536][gc,age      ] GC(526) - age   3:    1926888 bytes,  188342488 total
[2024-02-06T12:11:32.676+0000][1536][gc,heap     ] GC(526) Eden regions: 556->0(235)
[2024-02-06T12:11:32.676+0000][1536][gc,heap     ] GC(526) Survivor regions: 25->48(73)
[2024-02-06T12:11:32.676+0000][1536][gc,heap     ] GC(526) Old regions: 216->216
[2024-02-06T12:11:32.676+0000][1536][gc,heap     ] GC(526) Archive regions: 0->0
[2024-02-06T12:11:32.676+0000][1536][gc,heap     ] GC(526) Humongous regions: 2->2
[2024-02-06T12:11:32.676+0000][1536][gc,metaspace] GC(526) Metaspace: 132327K(138240K)->132327K(138240K) NonClass: 115275K(118976K)->115275K(118976K) Class: 17052K(19264K)->17052K(19264K)
[2024-02-06T12:11:32.676+0000][1536][gc          ] GC(526) Pause Young (Normal) (G1 Evacuation Pause) 3192M->1062M(4040M) 105.104ms
[2024-02-06T12:11:32.676+0000][1536][gc,cpu      ] GC(526) User=0.83s Sys=0.00s Real=0.12s
[2024-02-06T12:11:32.676+0000][1536][safepoint   ] Safepoint "G1CollectForAllocation", Time since last: 25265483200 ns, Reaching safepoint: 231300 ns, At safepoint: 105408700 ns, Total: 105640000 ns
[2024-02-06T12:11:53.533+0000][1536][gc,start    ] GC(527) Pause Young (Concurrent Start) (G1 Evacuation Pause)
[2024-02-06T12:11:53.533+0000][1536][gc,task     ] GC(527) Using 8 workers of 8 for evacuation
[2024-02-06T12:11:53.533+0000][1536][gc,age      ] GC(527) Desired survivor size 75497472 bytes, new threshold 1 (max threshold 15)
[2024-02-06T12:11:53.637+0000][1536][gc,phases   ] GC(527)   Pre Evacuate Collection Set: 0.4ms
[2024-02-06T12:11:53.637+0000][1536][gc,phases   ] GC(527)   Merge Heap Roots: 0.2ms
[2024-02-06T12:11:53.637+0000][1536][gc,phases   ] GC(527)   Evacuate Collection Set: 101.8ms
[2024-02-06T12:11:53.637+0000][1536][gc,phases   ] GC(527)   Post Evacuate Collection Set: 2.8ms
[2024-02-06T12:11:53.637+0000][1536][gc,phases   ] GC(527)   Other: 0.1ms
[2024-02-06T12:11:53.637+0000][1536][gc,age      ] GC(527) Age table with threshold 1 (max threshold 15)
[2024-02-06T12:11:53.637+0000][1536][gc,age      ] GC(527) - age   1:   36675312 bytes,   36675312 total
[2024-02-06T12:11:53.637+0000][1536][gc,heap     ] GC(527) Eden regions: 235->0(526)
[2024-02-06T12:11:53.637+0000][1536][gc,heap     ] GC(527) Survivor regions: 48->11(36)
[2024-02-06T12:11:53.637+0000][1536][gc,heap     ] GC(527) Old regions: 216->259
[2024-02-06T12:11:53.637+0000][1536][gc,heap     ] GC(527) Archive regions: 0->0
[2024-02-06T12:11:53.637+0000][1536][gc,heap     ] GC(527) Humongous regions: 2->2
[2024-02-06T12:11:53.637+0000][1536][gc,metaspace] GC(527) Metaspace: 132327K(138240K)->132327K(138240K) NonClass: 115275K(118976K)->115275K(118976K) Class: 17052K(19264K)->17052K(19264K)
[2024-02-06T12:11:53.637+0000][1536][gc          ] GC(527) Pause Young (Concurrent Start) (G1 Evacuation Pause) 2002M->1084M(4040M) 105.608ms
[2024-02-06T12:11:53.637+0000][1536][gc          ] GC(528) Concurrent Mark Cycle
[2024-02-06T12:11:53.637+0000][1536][gc,cpu      ] GC(527) User=0.36s Sys=0.20s Real=0.10s
[2024-02-06T12:11:53.637+0000][1536][gc,marking  ] GC(528) Concurrent Clear Claimed Marks
[2024-02-06T12:11:53.637+0000][1536][safepoint   ] Safepoint "G1CollectForAllocation", Time since last: 20863820300 ns, Reaching safepoint: 55600 ns, At safepoint: 105840900 ns, Total: 105896500 ns
[2024-02-06T12:11:53.637+0000][1536][gc,marking  ] GC(528) Concurrent Clear Claimed Marks 0.243ms
[2024-02-06T12:11:53.637+0000][1536][gc,marking  ] GC(528) Concurrent Scan Root Regions
[2024-02-06T12:11:53.694+0000][1536][gc,marking  ] GC(528) Concurrent Scan Root Regions 46.956ms
[2024-02-06T12:11:53.694+0000][1536][gc,marking  ] GC(528) Concurrent Mark
[2024-02-06T12:11:53.694+0000][1536][gc,marking  ] GC(528) Concurrent Mark From Roots
[2024-02-06T12:11:53.694+0000][1536][gc,task     ] GC(528) Using 2 workers of 2 for marking
[2024-02-06T12:11:53.891+0000][1536][gc,marking  ] GC(528) Concurrent Mark From Roots 197.634ms
[2024-02-06T12:11:53.891+0000][1536][gc,marking  ] GC(528) Concurrent Preclean
[2024-02-06T12:11:53.892+0000][1536][gc,marking  ] GC(528) Concurrent Preclean 0.872ms
[2024-02-06T12:11:53.892+0000][1536][gc,start    ] GC(528) Pause Remark
[2024-02-06T12:11:53.905+0000][1536][gc          ] GC(528) Pause Remark 1147M->1147M(4040M) 12.502ms
[2024-02-06T12:11:53.905+0000][1536][gc,cpu      ] GC(528) User=0.00s Sys=0.00s Real=0.01s
[2024-02-06T12:11:53.905+0000][1536][safepoint   ] Safepoint "G1Concurrent", Time since last: 245879700 ns, Reaching safepoint: 74200 ns, At safepoint: 12617900 ns, Total: 12692100 ns
[2024-02-06T12:11:53.905+0000][1536][gc,marking  ] GC(528) Concurrent Mark 211.457ms
[2024-02-06T12:11:53.905+0000][1536][gc,marking  ] GC(528) Concurrent Rebuild Remembered Sets
[2024-02-06T12:11:54.049+0000][1536][gc,marking  ] GC(528) Concurrent Rebuild Remembered Sets 144.204ms
[2024-02-06T12:11:54.049+0000][1536][gc,start    ] GC(528) Pause Cleanup
[2024-02-06T12:11:54.051+0000][1536][gc          ] GC(528) Pause Cleanup 1164M->1164M(4040M) 1.310ms
[2024-02-06T12:11:54.051+0000][1536][gc,cpu      ] GC(528) User=0.00s Sys=0.00s Real=0.00s
[2024-02-06T12:11:54.051+0000][1536][safepoint   ] Safepoint "G1Concurrent", Time since last: 144362100 ns, Reaching safepoint: 67200 ns, At safepoint: 1402000 ns, Total: 1469200 ns
[2024-02-06T12:11:54.051+0000][1536][gc,marking  ] GC(528) Concurrent Cleanup for Next Mark
[2024-02-06T12:11:54.065+0000][1536][gc,marking  ] GC(528) Concurrent Cleanup for Next Mark 14.096ms
[2024-02-06T12:11:54.065+0000][1536][gc          ] GC(528) Concurrent Mark Cycle 418.752ms
[2024-02-06T12:12:16.343+0000][1536][gc,start    ] GC(529) Pause Young (Prepare Mixed) (G1 Evacuation Pause)
[2024-02-06T12:12:16.343+0000][1536][gc,task     ] GC(529) Using 8 workers of 8 for evacuation
[2024-02-06T12:12:16.343+0000][1536][gc,age      ] GC(529) Desired survivor size 142606336 bytes, new threshold 15 (max threshold 15)
[2024-02-06T12:12:16.415+0000][1536][gc,phases   ] GC(529)   Pre Evacuate Collection Set: 0.3ms
[2024-02-06T12:12:16.415+0000][1536][gc,phases   ] GC(529)   Merge Heap Roots: 0.5ms
[2024-02-06T12:12:16.415+0000][1536][gc,phases   ] GC(529)   Evacuate Collection Set: 66.9ms
[2024-02-06T12:12:16.415+0000][1536][gc,phases   ] GC(529)   Post Evacuate Collection Set: 2.7ms
[2024-02-06T12:12:16.415+0000][1536][gc,phases   ] GC(529)   Other: 0.6ms
[2024-02-06T12:12:16.415+0000][1536][gc,age      ] GC(529) Age table with threshold 15 (max threshold 15)
[2024-02-06T12:12:16.415+0000][1536][gc,age      ] GC(529) - age   1:   86380856 bytes,   86380856 total
[2024-02-06T12:12:16.415+0000][1536][gc,age      ] GC(529) - age   2:   27764584 bytes,  114145440 total
[2024-02-06T12:12:16.415+0000][1536][gc,heap     ] GC(529) Eden regions: 526->0(21)
[2024-02-06T12:12:16.415+0000][1536][gc,heap     ] GC(529) Survivor regions: 11->29(68)
[2024-02-06T12:12:16.415+0000][1536][gc,heap     ] GC(529) Old regions: 259->259
[2024-02-06T12:12:16.415+0000][1536][gc,heap     ] GC(529) Archive regions: 0->0
[2024-02-06T12:12:16.415+0000][1536][gc,heap     ] GC(529) Humongous regions: 2->2
[2024-02-06T12:12:16.415+0000][1536][gc,metaspace] GC(529) Metaspace: 132327K(138240K)->132327K(138240K) NonClass: 115275K(118976K)->115275K(118976K) Class: 17052K(19264K)->17052K(19264K)
[2024-02-06T12:12:16.415+0000][1536][gc          ] GC(529) Pause Young (Prepare Mixed) (G1 Evacuation Pause) 3188M->1158M(4040M) 72.260ms
[2024-02-06T12:12:16.415+0000][1536][gc,cpu      ] GC(529) User=0.55s Sys=0.06s Real=0.07s
[2024-02-06T12:12:16.415+0000][1536][safepoint   ] Safepoint "G1CollectForAllocation", Time since last: 22293874900 ns, Reaching safepoint: 160500 ns, At safepoint: 72649600 ns, Total: 72810100 ns
[2024-02-06T12:12:17.229+0000][1536][gc,start    ] GC(530) Pause Young (Mixed) (G1 Evacuation Pause)
[2024-02-06T12:12:17.229+0000][1536][gc,task     ] GC(530) Using 8 workers of 8 for evacuation
[2024-02-06T12:12:17.229+0000][1536][gc,age      ] GC(530) Desired survivor size 14680064 bytes, new threshold 1 (max threshold 15)
[2024-02-06T12:12:17.389+0000][1536][gc,phases   ] GC(530)   Pre Evacuate Collection Set: 0.4ms
[2024-02-06T12:12:17.389+0000][1536][gc,phases   ] GC(530)   Merge Heap Roots: 0.5ms
[2024-02-06T12:12:17.389+0000][1536][gc,phases   ] GC(530)   Evacuate Collection Set: 158.0ms
[2024-02-06T12:12:17.389+0000][1536][gc,phases   ] GC(530)   Post Evacuate Collection Set: 0.9ms
[2024-02-06T12:12:17.390+0000][1536][gc,phases   ] GC(530)   Other: 0.9ms
[2024-02-06T12:12:17.390+0000][1536][gc,age      ] GC(530) Age table with threshold 1 (max threshold 15)
[2024-02-06T12:12:17.390+0000][1536][gc,age      ] GC(530) - age   1:    5633232 bytes,    5633232 total
[2024-02-06T12:12:17.390+0000][1536][gc,heap     ] GC(530) Eden regions: 21->0(555)
[2024-02-06T12:12:17.390+0000][1536][gc,heap     ] GC(530) Survivor regions: 29->4(7)
[2024-02-06T12:12:17.390+0000][1536][gc,heap     ] GC(530) Old regions: 259->233
[2024-02-06T12:12:17.390+0000][1536][gc,heap     ] GC(530) Archive regions: 0->0
[2024-02-06T12:12:17.390+0000][1536][gc,heap     ] GC(530) Humongous regions: 2->2
[2024-02-06T12:12:17.390+0000][1536][gc,metaspace] GC(530) Metaspace: 132327K(138240K)->132327K(138240K) NonClass: 115275K(118976K)->115275K(118976K) Class: 17052K(19264K)->17052K(19264K)
[2024-02-06T12:12:17.390+0000][1536][gc          ] GC(530) Pause Young (Mixed) (G1 Evacuation Pause) 1242M->952M(4040M) 161.151ms
[2024-02-06T12:12:17.390+0000][1536][gc,cpu      ] GC(530) User=0.61s Sys=0.47s Real=0.16s
[2024-02-06T12:12:17.390+0000][1536][safepoint   ] Safepoint "G1CollectForAllocation", Time since last: 811256600 ns, Reaching safepoint: 167900 ns, At safepoint: 161700900 ns, Total: 161868800 ns
[2024-02-06T12:13:00.086+0000][1536][gc,start    ] GC(531) Pause Young (Normal) (G1 Evacuation Pause)
[2024-02-06T12:13:00.096+0000][1536][gc,task     ] GC(531) Using 8 workers of 8 for evacuation
[2024-02-06T12:13:00.096+0000][1536][gc,age      ] GC(531) Desired survivor size 146800640 bytes, new threshold 15 (max threshold 15)
[2024-02-06T12:13:00.170+0000][1536][gc,phases   ] GC(531)   Pre Evacuate Collection Set: 0.3ms
[2024-02-06T12:13:00.170+0000][1536][gc,phases   ] GC(531)   Merge Heap Roots: 0.5ms
[2024-02-06T12:13:00.170+0000][1536][gc,phases   ] GC(531)   Evacuate Collection Set: 69.6ms
[2024-02-06T12:13:00.170+0000][1536][gc,phases   ] GC(531)   Post Evacuate Collection Set: 2.5ms
[2024-02-06T12:13:00.170+0000][1536][gc,phases   ] GC(531)   Other: 1.2ms
[2024-02-06T12:13:00.170+0000][1536][gc,age      ] GC(531) Age table with threshold 15 (max threshold 15)
[2024-02-06T12:13:00.170+0000][1536][gc,age      ] GC(531) - age   1:   88909592 bytes,   88909592 total
[2024-02-06T12:13:00.170+0000][1536][gc,age      ] GC(531) - age   2:    4662520 bytes,   93572112 total
[2024-02-06T12:13:00.170+0000][1536][gc,heap     ] GC(531) Eden regions: 555->0(535)
[2024-02-06T12:13:00.170+0000][1536][gc,heap     ] GC(531) Survivor regions: 4->24(70)
[2024-02-06T12:13:00.170+0000][1536][gc,heap     ] GC(531) Old regions: 233->233
[2024-02-06T12:13:00.171+0000][1536][gc,heap     ] GC(531) Archive regions: 0->0
[2024-02-06T12:13:00.171+0000][1536][gc,heap     ] GC(531) Humongous regions: 2->2
[2024-02-06T12:13:00.171+0000][1536][gc,metaspace] GC(531) Metaspace: 132327K(138240K)->132327K(138240K) NonClass: 115275K(118976K)->115275K(118976K) Class: 17052K(19264K)->17052K(19264K)
[2024-02-06T12:13:00.171+0000][1536][gc          ] GC(531) Pause Young (Normal) (G1 Evacuation Pause) 3172M->1031M(4040M) 75.510ms
[2024-02-06T12:13:00.171+0000][1536][gc,cpu      ] GC(531) User=0.34s Sys=0.05s Real=0.09s
[2024-02-06T12:13:00.171+0000][1536][safepoint   ] Safepoint "G1CollectForAllocation", Time since last: 42704135100 ns, Reaching safepoint: 137800 ns, At safepoint: 76555900 ns, Total: 76693700 ns
[2024-02-06T12:14:23.112+0000][1536][gc,start    ] GC(532) Pause Young (Normal) (G1 Evacuation Pause)
[2024-02-06T12:14:23.112+0000][1536][gc,task     ] GC(532) Using 8 workers of 8 for evacuation
[2024-02-06T12:14:23.112+0000][1536][gc,age      ] GC(532) Desired survivor size 146800640 bytes, new threshold 15 (max threshold 15)
[2024-02-06T12:14:23.233+0000][1536][gc,phases   ] GC(532)   Pre Evacuate Collection Set: 0.5ms
[2024-02-06T12:14:23.233+0000][1536][gc,phases   ] GC(532)   Merge Heap Roots: 0.6ms
[2024-02-06T12:14:23.233+0000][1536][gc,phases   ] GC(532)   Evacuate Collection Set: 117.0ms
[2024-02-06T12:14:23.233+0000][1536][gc,phases   ] GC(532)   Post Evacuate Collection Set: 2.2ms
[2024-02-06T12:14:23.233+0000][1536][gc,phases   ] GC(532)   Other: 0.6ms
[2024-02-06T12:14:23.233+0000][1536][gc,age      ] GC(532) Age table with threshold 15 (max threshold 15)
[2024-02-06T12:14:23.233+0000][1536][gc,age      ] GC(532) - age   1:   83721728 bytes,   83721728 total
[2024-02-06T12:14:23.233+0000][1536][gc,age      ] GC(532) - age   2:   74859632 bytes,  158581360 total
[2024-02-06T12:14:23.233+0000][1536][gc,age      ] GC(532) - age   3:    2036264 bytes,  160617624 total
[2024-02-06T12:14:23.233+0000][1536][gc,heap     ] GC(532) Eden regions: 535->0(520)
[2024-02-06T12:14:23.233+0000][1536][gc,heap     ] GC(532) Survivor regions: 24->40(70)
[2024-02-06T12:14:23.233+0000][1536][gc,heap     ] GC(532) Old regions: 233->233
[2024-02-06T12:14:23.233+0000][1536][gc,heap     ] GC(532) Archive regions: 0->0
[2024-02-06T12:14:23.233+0000][1536][gc,heap     ] GC(532) Humongous regions: 2->2
[2024-02-06T12:14:23.233+0000][1536][gc,metaspace] GC(532) Metaspace: 132327K(138240K)->132327K(138240K) NonClass: 115275K(118976K)->115275K(118976K) Class: 17052K(19264K)->17052K(19264K)
[2024-02-06T12:14:23.233+0000][1536][gc          ] GC(532) Pause Young (Normal) (G1 Evacuation Pause) 3171M->1095M(4040M) 121.904ms
[2024-02-06T12:14:23.235+0000][1536][gc,cpu      ] GC(532) User=0.77s Sys=0.08s Real=0.12s
[2024-02-06T12:14:23.235+0000][1536][safepoint   ] Safepoint "G1CollectForAllocation", Time since last: 82940409300 ns, Reaching safepoint: 208400 ns, At safepoint: 122643500 ns, Total: 122851900 ns
[2024-02-06T12:14:46.905+0000][1536][gc,start    ] GC(533) Pause Young (Concurrent Start) (G1 Evacuation Pause)
[2024-02-06T12:14:46.905+0000][1536][gc,task     ] GC(533) Using 8 workers of 8 for evacuation
[2024-02-06T12:14:46.905+0000][1536][gc,age      ] GC(533) Desired survivor size 146800640 bytes, new threshold 2 (max threshold 15)
[2024-02-06T12:14:47.027+0000][1536][gc,phases   ] GC(533)   Pre Evacuate Collection Set: 0.8ms
[2024-02-06T12:14:47.027+0000][1536][gc,phases   ] GC(533)   Merge Heap Roots: 0.5ms
[2024-02-06T12:14:47.027+0000][1536][gc,phases   ] GC(533)   Evacuate Collection Set: 115.1ms
[2024-02-06T12:14:47.027+0000][1536][gc,phases   ] GC(533)   Post Evacuate Collection Set: 1.5ms
[2024-02-06T12:14:47.027+0000][1536][gc,phases   ] GC(533)   Other: 0.6ms
[2024-02-06T12:14:47.027+0000][1536][gc,age      ] GC(533) Age table with threshold 2 (max threshold 15)
[2024-02-06T12:14:47.028+0000][1536][gc,age      ] GC(533) - age   1:   84578328 bytes,   84578328 total
[2024-02-06T12:14:47.028+0000][1536][gc,age      ] GC(533) - age   2:   67143248 bytes,  151721576 total
[2024-02-06T12:14:47.028+0000][1536][gc,heap     ] GC(533) Eden regions: 520->0(507)
[2024-02-06T12:14:47.028+0000][1536][gc,heap     ] GC(533) Survivor regions: 40->39(70)
[2024-02-06T12:14:47.028+0000][1536][gc,heap     ] GC(533) Old regions: 233->248
[2024-02-06T12:14:47.028+0000][1536][gc,heap     ] GC(533) Archive regions: 0->0
[2024-02-06T12:14:47.028+0000][1536][gc,heap     ] GC(533) Humongous regions: 2->2
[2024-02-06T12:14:47.028+0000][1536][gc,metaspace] GC(533) Metaspace: 132327K(138240K)->132327K(138240K) NonClass: 115275K(118976K)->115275K(118976K) Class: 17052K(19264K)->17052K(19264K)
[2024-02-06T12:14:47.028+0000][1536][gc          ] GC(533) Pause Young (Concurrent Start) (G1 Evacuation Pause) 3175M->1153M(4040M) 119.219ms
[2024-02-06T12:14:47.028+0000][1536][gc,cpu      ] GC(533) User=0.52s Sys=0.33s Real=0.12s
[2024-02-06T12:14:47.028+0000][1536][gc          ] GC(534) Concurrent Mark Cycle
[2024-02-06T12:14:47.028+0000][1536][gc,marking  ] GC(534) Concurrent Clear Claimed Marks
[2024-02-06T12:14:47.028+0000][1536][safepoint   ] Safepoint "G1CollectForAllocation", Time since last: 23673488600 ns, Reaching safepoint: 160400 ns, At safepoint: 119642100 ns, Total: 119802500 ns
[2024-02-06T12:14:47.028+0000][1536][gc,marking  ] GC(534) Concurrent Clear Claimed Marks 0.255ms
[2024-02-06T12:14:47.028+0000][1536][gc,marking  ] GC(534) Concurrent Scan Root Regions
[2024-02-06T12:14:47.068+0000][1536][gc,marking  ] GC(534) Concurrent Scan Root Regions 44.684ms
[2024-02-06T12:14:47.068+0000][1536][gc,marking  ] GC(534) Concurrent Mark
[2024-02-06T12:14:47.068+0000][1536][gc,marking  ] GC(534) Concurrent Mark From Roots
[2024-02-06T12:14:47.068+0000][1536][gc,task     ] GC(534) Using 2 workers of 2 for marking
[2024-02-06T12:14:47.280+0000][1536][gc,marking  ] GC(534) Concurrent Mark From Roots 208.001ms
[2024-02-06T12:14:47.280+0000][1536][gc,marking  ] GC(534) Concurrent Preclean
[2024-02-06T12:14:47.280+0000][1536][gc,marking  ] GC(534) Concurrent Preclean 0.811ms
[2024-02-06T12:14:47.280+0000][1536][gc,start    ] GC(534) Pause Remark
[2024-02-06T12:14:47.296+0000][1536][gc          ] GC(534) Pause Remark 1205M->1205M(4040M) 13.875ms
[2024-02-06T12:14:47.296+0000][1536][gc,cpu      ] GC(534) User=0.03s Sys=0.00s Real=0.02s
[2024-02-06T12:14:47.296+0000][1536][safepoint   ] Safepoint "G1Concurrent", Time since last: 253782700 ns, Reaching safepoint: 84000 ns, At safepoint: 14027000 ns, Total: 14111000 ns
[2024-02-06T12:14:47.296+0000][1536][gc,marking  ] GC(534) Concurrent Mark 223.127ms
[2024-02-06T12:14:47.296+0000][1536][gc,marking  ] GC(534) Concurrent Rebuild Remembered Sets
[2024-02-06T12:14:47.451+0000][1536][gc,marking  ] GC(534) Concurrent Rebuild Remembered Sets 157.671ms
[2024-02-06T12:14:47.451+0000][1536][gc,start    ] GC(534) Pause Cleanup
[2024-02-06T12:14:47.451+0000][1536][gc          ] GC(534) Pause Cleanup 1223M->1223M(4040M) 1.388ms
[2024-02-06T12:14:47.451+0000][1536][gc,cpu      ] GC(534) User=0.00s Sys=0.00s Real=0.00s
[2024-02-06T12:14:47.451+0000][1536][safepoint   ] Safepoint "G1Concurrent", Time since last: 157886700 ns, Reaching safepoint: 81000 ns, At safepoint: 1487000 ns, Total: 1568000 ns
[2024-02-06T12:14:47.451+0000][1536][gc,marking  ] GC(534) Concurrent Cleanup for Next Mark
[2024-02-06T12:14:47.472+0000][1536][gc,marking  ] GC(534) Concurrent Cleanup for Next Mark 15.934ms
[2024-02-06T12:14:47.472+0000][1536][gc          ] GC(534) Concurrent Mark Cycle 443.660ms
[2024-02-06T12:15:14.633+0000][1536][gc,start    ] GC(535) Pause Young (Prepare Mixed) (G1 Evacuation Pause)
[2024-02-06T12:15:14.633+0000][1536][gc,task     ] GC(535) Using 8 workers of 8 for evacuation
[2024-02-06T12:15:14.633+0000][1536][gc,age      ] GC(535) Desired survivor size 144703488 bytes, new threshold 2 (max threshold 15)
[2024-02-06T12:15:14.790+0000][1536][gc,phases   ] GC(535)   Pre Evacuate Collection Set: 0.4ms
[2024-02-06T12:15:14.790+0000][1536][gc,phases   ] GC(535)   Merge Heap Roots: 0.7ms
[2024-02-06T12:15:14.790+0000][1536][gc,phases   ] GC(535)   Evacuate Collection Set: 153.8ms
[2024-02-06T12:15:14.790+0000][1536][gc,phases   ] GC(535)   Post Evacuate Collection Set: 1.3ms
[2024-02-06T12:15:14.790+0000][1536][gc,phases   ] GC(535)   Other: 0.4ms
[2024-02-06T12:15:14.790+0000][1536][gc,age      ] GC(535) Age table with threshold 2 (max threshold 15)
[2024-02-06T12:15:14.790+0000][1536][gc,age      ] GC(535) - age   1:   81233680 bytes,   81233680 total
[2024-02-06T12:15:14.790+0000][1536][gc,age      ] GC(535) - age   2:   68952776 bytes,  150186456 total
[2024-02-06T12:15:14.790+0000][1536][gc,heap     ] GC(535) Eden regions: 507->0(12)
[2024-02-06T12:15:14.790+0000][1536][gc,heap     ] GC(535) Survivor regions: 39->38(69)
[2024-02-06T12:15:14.790+0000][1536][gc,heap     ] GC(535) Old regions: 248->262
[2024-02-06T12:15:14.790+0000][1536][gc,heap     ] GC(535) Archive regions: 0->0
[2024-02-06T12:15:14.790+0000][1536][gc,heap     ] GC(535) Humongous regions: 2->2
[2024-02-06T12:15:14.790+0000][1536][gc,metaspace] GC(535) Metaspace: 132327K(138240K)->132327K(138240K) NonClass: 115275K(118976K)->115275K(118976K) Class: 17052K(19264K)->17052K(19264K)
[2024-02-06T12:15:14.790+0000][1536][gc          ] GC(535) Pause Young (Prepare Mixed) (G1 Evacuation Pause) 3181M->1204M(4040M) 157.143ms
[2024-02-06T12:15:14.790+0000][1536][gc,cpu      ] GC(535) User=0.95s Sys=0.28s Real=0.16s
[2024-02-06T12:15:14.790+0000][1536][safepoint   ] Safepoint "G1CollectForAllocation", Time since last: 27177431000 ns, Reaching safepoint: 253000 ns, At safepoint: 157353700 ns, Total: 157606700 ns
[2024-02-06T12:15:15.056+0000][1536][gc,start    ] GC(536) Pause Young (Mixed) (G1 Evacuation Pause)
[2024-02-06T12:15:15.056+0000][1536][gc,task     ] GC(536) Using 8 workers of 8 for evacuation
[2024-02-06T12:15:15.056+0000][1536][gc,age      ] GC(536) Desired survivor size 14680064 bytes, new threshold 1 (max threshold 15)
[2024-02-06T12:15:15.261+0000][1536][gc,mmu      ] GC(536) MMU target violated: 201.0ms (200.0ms/201.0ms)
[2024-02-06T12:15:15.261+0000][1536][gc,phases   ] GC(536)   Pre Evacuate Collection Set: 0.3ms
[2024-02-06T12:15:15.261+0000][1536][gc,phases   ] GC(536)   Merge Heap Roots: 0.6ms
[2024-02-06T12:15:15.261+0000][1536][gc,phases   ] GC(536)   Evacuate Collection Set: 201.8ms
[2024-02-06T12:15:15.261+0000][1536][gc,phases   ] GC(536)   Post Evacuate Collection Set: 1.1ms
[2024-02-06T12:15:15.261+0000][1536][gc,phases   ] GC(536)   Other: 1.1ms
[2024-02-06T12:15:15.261+0000][1536][gc,age      ] GC(536) Age table with threshold 1 (max threshold 15)
[2024-02-06T12:15:15.261+0000][1536][gc,age      ] GC(536) - age   1:    2423112 bytes,    2423112 total
[2024-02-06T12:15:15.261+0000][1536][gc,heap     ] GC(536) Eden regions: 12->0(46)
[2024-02-06T12:15:15.261+0000][1536][gc,heap     ] GC(536) Survivor regions: 38->4(7)
[2024-02-06T12:15:15.261+0000][1536][gc,heap     ] GC(536) Old regions: 262->225
[2024-02-06T12:15:15.261+0000][1536][gc,heap     ] GC(536) Archive regions: 0->0
[2024-02-06T12:15:15.261+0000][1536][gc,heap     ] GC(536) Humongous regions: 2->2
[2024-02-06T12:15:15.261+0000][1536][gc,metaspace] GC(536) Metaspace: 132327K(138240K)->132327K(138240K) NonClass: 115275K(118976K)->115275K(118976K) Class: 17052K(19264K)->17052K(19264K)
[2024-02-06T12:15:15.261+0000][1536][gc          ] GC(536) Pause Young (Mixed) (G1 Evacuation Pause) 1252M->921M(4040M) 205.267ms
[2024-02-06T12:15:15.261+0000][1536][gc,cpu      ] GC(536) User=0.36s Sys=0.58s Real=0.20s
[2024-02-06T12:15:15.262+0000][1536][safepoint   ] Safepoint "G1CollectForAllocation", Time since last: 264985300 ns, Reaching safepoint: 572500 ns, At safepoint: 206806100 ns, Total: 207378600 ns
[2024-02-06T12:15:16.801+0000][1536][gc,start    ] GC(537) Pause Young (Mixed) (G1 Evacuation Pause)
[2024-02-06T12:15:16.801+0000][1536][gc,task     ] GC(537) Using 8 workers of 8 for evacuation
[2024-02-06T12:15:16.801+0000][1536][gc,age      ] GC(537) Desired survivor size 14680064 bytes, new threshold 15 (max threshold 15)
[2024-02-06T12:15:16.807+0000][1536][gc,phases   ] GC(537)   Pre Evacuate Collection Set: 0.2ms
[2024-02-06T12:15:16.807+0000][1536][gc,phases   ] GC(537)   Merge Heap Roots: 0.2ms
[2024-02-06T12:15:16.807+0000][1536][gc,phases   ] GC(537)   Evacuate Collection Set: 7.0ms
[2024-02-06T12:15:16.807+0000][1536][gc,phases   ] GC(537)   Post Evacuate Collection Set: 0.7ms
[2024-02-06T12:15:16.807+0000][1536][gc,phases   ] GC(537)   Other: 0.2ms
[2024-02-06T12:15:16.807+0000][1536][gc,age      ] GC(537) Age table with threshold 15 (max threshold 15)
[2024-02-06T12:15:16.807+0000][1536][gc,age      ] GC(537) - age   1:   11378176 bytes,   11378176 total
[2024-02-06T12:15:16.807+0000][1536][gc,age      ] GC(537) - age   2:    1946464 bytes,   13324640 total
[2024-02-06T12:15:16.807+0000][1536][gc,heap     ] GC(537) Eden regions: 46->0(559)
[2024-02-06T12:15:16.807+0000][1536][gc,heap     ] GC(537) Survivor regions: 4->4(7)
[2024-02-06T12:15:16.807+0000][1536][gc,heap     ] GC(537) Old regions: 225->226
[2024-02-06T12:15:16.807+0000][1536][gc,heap     ] GC(537) Archive regions: 0->0
[2024-02-06T12:15:16.807+0000][1536][gc,heap     ] GC(537) Humongous regions: 2->2
[2024-02-06T12:15:16.807+0000][1536][gc,metaspace] GC(537) Metaspace: 132327K(138240K)->132327K(138240K) NonClass: 115275K(118976K)->115275K(118976K) Class: 17052K(19264K)->17052K(19264K)
[2024-02-06T12:15:16.807+0000][1536][gc          ] GC(537) Pause Young (Mixed) (G1 Evacuation Pause) 1105M->927M(4040M) 8.796ms
[2024-02-06T12:15:16.807+0000][1536][gc,cpu      ] GC(537) User=0.00s Sys=0.00s Real=0.01s
[2024-02-06T12:15:16.807+0000][1536][safepoint   ] Safepoint "G1CollectForAllocation", Time since last: 1500355200 ns, Reaching safepoint: 37919600 ns, At safepoint: 8987900 ns, Total: 46907500 ns
[2024-02-06T12:15:50.985+0000][1536][gc,start    ] GC(538) Pause Young (Normal) (G1 Evacuation Pause)
[2024-02-06T12:15:50.985+0000][1536][gc,task     ] GC(538) Using 8 workers of 8 for evacuation
[2024-02-06T12:15:50.985+0000][1536][gc,age      ] GC(538) Desired survivor size 148897792 bytes, new threshold 15 (max threshold 15)
[2024-02-06T12:15:51.075+0000][1536][gc,phases   ] GC(538)   Pre Evacuate Collection Set: 0.4ms
[2024-02-06T12:15:51.075+0000][1536][gc,phases   ] GC(538)   Merge Heap Roots: 0.6ms
[2024-02-06T12:15:51.075+0000][1536][gc,phases   ] GC(538)   Evacuate Collection Set: 85.8ms
[2024-02-06T12:15:51.075+0000][1536][gc,phases   ] GC(538)   Post Evacuate Collection Set: 2.7ms
[2024-02-06T12:15:51.075+0000][1536][gc,phases   ] GC(538)   Other: 0.6ms
[2024-02-06T12:15:51.075+0000][1536][gc,age      ] GC(538) Age table with threshold 15 (max threshold 15)
[2024-02-06T12:15:51.075+0000][1536][gc,age      ] GC(538) - age   1:   89773416 bytes,   89773416 total
[2024-02-06T12:15:51.075+0000][1536][gc,age      ] GC(538) - age   2:   10121672 bytes,   99895088 total
[2024-02-06T12:15:51.075+0000][1536][gc,age      ] GC(538) - age   3:    1829200 bytes,  101724288 total
[2024-02-06T12:15:51.075+0000][1536][gc,heap     ] GC(538) Eden regions: 559->0(538)
[2024-02-06T12:15:51.075+0000][1536][gc,heap     ] GC(538) Survivor regions: 4->26(71)
[2024-02-06T12:15:51.076+0000][1536][gc,heap     ] GC(538) Old regions: 226->226
[2024-02-06T12:15:51.076+0000][1536][gc,heap     ] GC(538) Archive regions: 0->0
[2024-02-06T12:15:51.076+0000][1536][gc,heap     ] GC(538) Humongous regions: 2->2
[2024-02-06T12:15:51.076+0000][1536][gc,metaspace] GC(538) Metaspace: 132327K(138240K)->132327K(138240K) NonClass: 115275K(118976K)->115275K(118976K) Class: 17052K(19264K)->17052K(19264K)
[2024-02-06T12:15:51.076+0000][1536][gc          ] GC(538) Pause Young (Normal) (G1 Evacuation Pause) 3163M->1013M(4040M) 91.139ms
[2024-02-06T12:15:51.076+0000][1536][gc,cpu      ] GC(538) User=0.62s Sys=0.00s Real=0.09s
[2024-02-06T12:15:51.076+0000][1536][safepoint   ] Safepoint "G1CollectForAllocation", Time since last: 34174608100 ns, Reaching safepoint: 302700 ns, At safepoint: 91508400 ns, Total: 91811100 ns
[2024-02-06T12:16:06.204+0000][1536][safepoint   ] Safepoint "Cleanup", Time since last: 15126993400 ns, Reaching safepoint: 190200 ns, At safepoint: 87900 ns, Total: 278100 ns
[2024-02-06T12:16:11.390+0000][1536][gc,start    ] GC(539) Pause Young (Normal) (G1 Evacuation Pause)
[2024-02-06T12:16:11.390+0000][1536][gc,task     ] GC(539) Using 8 workers of 8 for evacuation
[2024-02-06T12:16:11.390+0000][1536][gc,age      ] GC(539) Desired survivor size 148897792 bytes, new threshold 15 (max threshold 15)
[2024-02-06T12:16:11.465+0000][1536][gc,phases   ] GC(539)   Pre Evacuate Collection Set: 0.2ms
[2024-02-06T12:16:11.465+0000][1536][gc,phases   ] GC(539)   Merge Heap Roots: 0.3ms
[2024-02-06T12:16:11.465+0000][1536][gc,phases   ] GC(539)   Evacuate Collection Set: 62.6ms
[2024-02-06T12:16:11.465+0000][1536][gc,phases   ] GC(539)   Post Evacuate Collection Set: 1.3ms
[2024-02-06T12:16:11.465+0000][1536][gc,phases   ] GC(539)   Other: 0.4ms
[2024-02-06T12:16:11.465+0000][1536][gc,age      ] GC(539) Age table with threshold 15 (max threshold 15)
[2024-02-06T12:16:11.465+0000][1536][gc,age      ] GC(539) - age   1:   90476280 bytes,   90476280 total
[2024-02-06T12:16:11.465+0000][1536][gc,age      ] GC(539) - age   2:   77291216 bytes,  167767496 total
[2024-02-06T12:16:11.465+0000][1536][gc,age      ] GC(539) - age   3:    7951808 bytes,  175719304 total
[2024-02-06T12:16:11.465+0000][1536][gc,age      ] GC(539) - age   4:    1537568 bytes,  177256872 total
[2024-02-06T12:16:11.465+0000][1536][gc,heap     ] GC(539) Eden regions: 538->0(519)
[2024-02-06T12:16:11.465+0000][1536][gc,heap     ] GC(539) Survivor regions: 26->45(71)
[2024-02-06T12:16:11.465+0000][1536][gc,heap     ] GC(539) Old regions: 226->226
[2024-02-06T12:16:11.465+0000][1536][gc,heap     ] GC(539) Archive regions: 0->0
[2024-02-06T12:16:11.465+0000][1536][gc,heap     ] GC(539) Humongous regions: 2->2
[2024-02-06T12:16:11.465+0000][1536][gc,metaspace] GC(539) Metaspace: 132328K(138240K)->132328K(138240K) NonClass: 115276K(118976K)->115276K(118976K) Class: 17052K(19264K)->17052K(19264K)
[2024-02-06T12:16:11.465+0000][1536][gc          ] GC(539) Pause Young (Normal) (G1 Evacuation Pause) 3165M->1089M(4040M) 65.377ms
[2024-02-06T12:16:11.465+0000][1536][gc,cpu      ] GC(539) User=0.56s Sys=0.03s Real=0.07s
[2024-02-06T12:16:11.465+0000][1536][safepoint   ] Safepoint "G1CollectForAllocation", Time since last: 5195817000 ns, Reaching safepoint: 175900 ns, At safepoint: 65594400 ns, Total: 65770300 ns
[2024-02-06T12:16:42.581+0000][1536][gc,start    ] GC(540) Pause Young (Concurrent Start) (G1 Evacuation Pause)
[2024-02-06T12:16:42.581+0000][1536][gc,task     ] GC(540) Using 8 workers of 8 for evacuation
[2024-02-06T12:16:42.581+0000][1536][gc,age      ] GC(540) Desired survivor size 148897792 bytes, new threshold 2 (max threshold 15)
[2024-02-06T12:16:42.667+0000][1536][gc,phases   ] GC(540)   Pre Evacuate Collection Set: 0.6ms
[2024-02-06T12:16:42.667+0000][1536][gc,phases   ] GC(540)   Merge Heap Roots: 0.4ms
[2024-02-06T12:16:42.667+0000][1536][gc,phases   ] GC(540)   Evacuate Collection Set: 80.2ms
[2024-02-06T12:16:42.667+0000][1536][gc,phases   ] GC(540)   Post Evacuate Collection Set: 1.2ms
[2024-02-06T12:16:42.667+0000][1536][gc,phases   ] GC(540)   Other: 0.3ms
[2024-02-06T12:16:42.667+0000][1536][gc,age      ] GC(540) Age table with threshold 2 (max threshold 15)
[2024-02-06T12:16:42.667+0000][1536][gc,age      ] GC(540) - age   1:   84446856 bytes,   84446856 total
[2024-02-06T12:16:42.667+0000][1536][gc,age      ] GC(540) - age   2:   77548560 bytes,  161995416 total
[2024-02-06T12:16:42.667+0000][1536][gc,heap     ] GC(540) Eden regions: 519->0(509)
[2024-02-06T12:16:42.667+0000][1536][gc,heap     ] GC(540) Survivor regions: 45->40(71)
[2024-02-06T12:16:42.667+0000][1536][gc,heap     ] GC(540) Old regions: 226->242
[2024-02-06T12:16:42.667+0000][1536][gc,heap     ] GC(540) Archive regions: 0->0
[2024-02-06T12:16:42.667+0000][1536][gc,heap     ] GC(540) Humongous regions: 2->2
[2024-02-06T12:16:42.667+0000][1536][gc,metaspace] GC(540) Metaspace: 132328K(138240K)->132328K(138240K) NonClass: 115276K(118976K)->115276K(118976K) Class: 17052K(19264K)->17052K(19264K)
[2024-02-06T12:16:42.667+0000][1536][gc          ] GC(540) Pause Young (Concurrent Start) (G1 Evacuation Pause) 3165M->1135M(4040M) 83.239ms
[2024-02-06T12:16:42.667+0000][1536][gc,cpu      ] GC(540) User=0.45s Sys=0.03s Real=0.09s
[2024-02-06T12:16:42.667+0000][1536][gc          ] GC(541) Concurrent Mark Cycle
[2024-02-06T12:16:42.667+0000][1536][gc,marking  ] GC(541) Concurrent Clear Claimed Marks
[2024-02-06T12:16:42.667+0000][1536][safepoint   ] Safepoint "G1CollectForAllocation", Time since last: 31119510900 ns, Reaching safepoint: 137600 ns, At safepoint: 83479700 ns, Total: 83617300 ns
[2024-02-06T12:16:42.667+0000][1536][gc,marking  ] GC(541) Concurrent Clear Claimed Marks 0.271ms
[2024-02-06T12:16:42.667+0000][1536][gc,marking  ] GC(541) Concurrent Scan Root Regions
[2024-02-06T12:16:42.719+0000][1536][gc,marking  ] GC(541) Concurrent Scan Root Regions 52.861ms
[2024-02-06T12:16:42.719+0000][1536][gc,marking  ] GC(541) Concurrent Mark
[2024-02-06T12:16:42.719+0000][1536][gc,marking  ] GC(541) Concurrent Mark From Roots
[2024-02-06T12:16:42.719+0000][1536][gc,task     ] GC(541) Using 2 workers of 2 for marking
[2024-02-06T12:16:42.920+0000][1536][gc,marking  ] GC(541) Concurrent Mark From Roots 201.593ms
[2024-02-06T12:16:42.920+0000][1536][gc,marking  ] GC(541) Concurrent Preclean
[2024-02-06T12:16:42.920+0000][1536][gc,marking  ] GC(541) Concurrent Preclean 1.228ms
[2024-02-06T12:16:42.920+0000][1536][gc,start    ] GC(541) Pause Remark
[2024-02-06T12:16:42.931+0000][1536][gc          ] GC(541) Pause Remark 1178M->1178M(4040M) 15.719ms
[2024-02-06T12:16:42.931+0000][1536][gc,cpu      ] GC(541) User=0.08s Sys=0.03s Real=0.01s
[2024-02-06T12:16:42.931+0000][1536][safepoint   ] Safepoint "G1Concurrent", Time since last: 256136600 ns, Reaching safepoint: 128600 ns, At safepoint: 16181900 ns, Total: 16310500 ns
[2024-02-06T12:16:42.931+0000][1536][gc,marking  ] GC(541) Concurrent Mark 219.351ms
[2024-02-06T12:16:42.931+0000][1536][gc,marking  ] GC(541) Concurrent Rebuild Remembered Sets
[2024-02-06T12:16:43.098+0000][1536][gc,marking  ] GC(541) Concurrent Rebuild Remembered Sets 159.963ms
[2024-02-06T12:16:43.098+0000][1536][gc,start    ] GC(541) Pause Cleanup
[2024-02-06T12:16:43.098+0000][1536][gc          ] GC(541) Pause Cleanup 1227M->1227M(4040M) 0.748ms
[2024-02-06T12:16:43.098+0000][1536][gc,cpu      ] GC(541) User=0.00s Sys=0.00s Real=0.00s
[2024-02-06T12:16:43.098+0000][1536][safepoint   ] Safepoint "G1Concurrent", Time since last: 160135400 ns, Reaching safepoint: 129300 ns, At safepoint: 846100 ns, Total: 975400 ns
[2024-02-06T12:16:43.098+0000][1536][gc,marking  ] GC(541) Concurrent Cleanup for Next Mark
[2024-02-06T12:16:43.098+0000][1536][gc,marking  ] GC(541) Concurrent Cleanup for Next Mark 5.447ms
[2024-02-06T12:16:43.098+0000][1536][gc          ] GC(541) Concurrent Mark Cycle 439.212ms
[2024-02-06T12:17:00.232+0000][1536][safepoint   ] Safepoint "Cleanup", Time since last: 17129327600 ns, Reaching safepoint: 223200 ns, At safepoint: 31200 ns, Total: 254400 ns
[2024-02-06T12:17:07.106+0000][1536][gc,start    ] GC(542) Pause Young (Prepare Mixed) (G1 Evacuation Pause)
[2024-02-06T12:17:07.106+0000][1536][gc,task     ] GC(542) Using 8 workers of 8 for evacuation
[2024-02-06T12:17:07.106+0000][1536][gc,age      ] GC(542) Desired survivor size 144703488 bytes, new threshold 2 (max threshold 15)
[2024-02-06T12:17:07.177+0000][1536][gc,phases   ] GC(542)   Pre Evacuate Collection Set: 0.2ms
[2024-02-06T12:17:07.177+0000][1536][gc,phases   ] GC(542)   Merge Heap Roots: 0.2ms
[2024-02-06T12:17:07.177+0000][1536][gc,phases   ] GC(542)   Evacuate Collection Set: 66.0ms
[2024-02-06T12:17:07.177+0000][1536][gc,phases   ] GC(542)   Post Evacuate Collection Set: 1.0ms
[2024-02-06T12:17:07.177+0000][1536][gc,phases   ] GC(542)   Other: 3.5ms
[2024-02-06T12:17:07.177+0000][1536][gc,age      ] GC(542) Age table with threshold 2 (max threshold 15)
[2024-02-06T12:17:07.177+0000][1536][gc,age      ] GC(542) - age   1:   72743760 bytes,   72743760 total
[2024-02-06T12:17:07.177+0000][1536][gc,age      ] GC(542) - age   2:   68845912 bytes,  141589672 total
[2024-02-06T12:17:07.177+0000][1536][gc,heap     ] GC(542) Eden regions: 509->0(14)
[2024-02-06T12:17:07.177+0000][1536][gc,heap     ] GC(542) Survivor regions: 40->36(69)
[2024-02-06T12:17:07.177+0000][1536][gc,heap     ] GC(542) Old regions: 242->258
[2024-02-06T12:17:07.177+0000][1536][gc,heap     ] GC(542) Archive regions: 0->0
[2024-02-06T12:17:07.177+0000][1536][gc,heap     ] GC(542) Humongous regions: 2->2
[2024-02-06T12:17:07.177+0000][1536][gc,metaspace] GC(542) Metaspace: 132328K(138240K)->132328K(138240K) NonClass: 115276K(118976K)->115276K(118976K) Class: 17052K(19264K)->17052K(19264K)
[2024-02-06T12:17:07.177+0000][1536][gc          ] GC(542) Pause Young (Prepare Mixed) (G1 Evacuation Pause) 3171M->1180M(4040M) 71.459ms
[2024-02-06T12:17:07.177+0000][1536][gc,cpu      ] GC(542) User=0.53s Sys=0.02s Real=0.07s
[2024-02-06T12:17:07.177+0000][1536][safepoint   ] Safepoint "G1CollectForAllocation", Time since last: 6873641800 ns, Reaching safepoint: 268400 ns, At safepoint: 71738700 ns, Total: 72007100 ns
[2024-02-06T12:17:07.581+0000][1536][gc,start    ] GC(543) Pause Young (Mixed) (G1 Evacuation Pause)
[2024-02-06T12:17:07.581+0000][1536][gc,task     ] GC(543) Using 8 workers of 8 for evacuation
[2024-02-06T12:17:07.581+0000][1536][gc,age      ] GC(543) Desired survivor size 14680064 bytes, new threshold 1 (max threshold 15)
[2024-02-06T12:17:07.693+0000][1536][gc,phases   ] GC(543)   Pre Evacuate Collection Set: 0.3ms
[2024-02-06T12:17:07.693+0000][1536][gc,phases   ] GC(543)   Merge Heap Roots: 0.4ms
[2024-02-06T12:17:07.693+0000][1536][gc,phases   ] GC(543)   Evacuate Collection Set: 109.7ms
[2024-02-06T12:17:07.693+0000][1536][gc,phases   ] GC(543)   Post Evacuate Collection Set: 1.3ms
[2024-02-06T12:17:07.693+0000][1536][gc,phases   ] GC(543)   Other: 0.3ms
[2024-02-06T12:17:07.693+0000][1536][gc,age      ] GC(543) Age table with threshold 1 (max threshold 15)
[2024-02-06T12:17:07.693+0000][1536][gc,age      ] GC(543) - age   1:    1969584 bytes,    1969584 total
[2024-02-06T12:17:07.693+0000][1536][gc,heap     ] GC(543) Eden regions: 14->0(561)
[2024-02-06T12:17:07.693+0000][1536][gc,heap     ] GC(543) Survivor regions: 36->4(7)
[2024-02-06T12:17:07.693+0000][1536][gc,heap     ] GC(543) Old regions: 258->223
[2024-02-06T12:17:07.693+0000][1536][gc,heap     ] GC(543) Archive regions: 0->0
[2024-02-06T12:17:07.693+0000][1536][gc,heap     ] GC(543) Humongous regions: 2->2
[2024-02-06T12:17:07.693+0000][1536][gc,metaspace] GC(543) Metaspace: 132328K(138240K)->132328K(138240K) NonClass: 115276K(118976K)->115276K(118976K) Class: 17052K(19264K)->17052K(19264K)
[2024-02-06T12:17:07.693+0000][1536][gc          ] GC(543) Pause Young (Mixed) (G1 Evacuation Pause) 1236M->916M(4040M) 112.454ms
[2024-02-06T12:17:07.693+0000][1536][gc,cpu      ] GC(543) User=0.28s Sys=0.38s Real=0.11s
[2024-02-06T12:17:07.693+0000][1536][safepoint   ] Safepoint "G1CollectForAllocation", Time since last: 369174600 ns, Reaching safepoint: 33927400 ns, At safepoint: 112725000 ns, Total: 146652400 ns
[2024-02-06T12:17:42.904+0000][1536][gc,start    ] GC(544) Pause Young (Normal) (G1 Evacuation Pause)
[2024-02-06T12:17:42.904+0000][1536][gc,task     ] GC(544) Using 8 workers of 8 for evacuation
[2024-02-06T12:17:42.904+0000][1536][gc,age      ] GC(544) Desired survivor size 148897792 bytes, new threshold 15 (max threshold 15)
[2024-02-06T12:17:42.937+0000][1536][gc,phases   ] GC(544)   Pre Evacuate Collection Set: 0.2ms
[2024-02-06T12:17:42.937+0000][1536][gc,phases   ] GC(544)   Merge Heap Roots: 0.2ms
[2024-02-06T12:17:42.937+0000][1536][gc,phases   ] GC(544)   Evacuate Collection Set: 31.2ms
[2024-02-06T12:17:42.937+0000][1536][gc,phases   ] GC(544)   Post Evacuate Collection Set: 1.7ms
[2024-02-06T12:17:42.937+0000][1536][gc,phases   ] GC(544)   Other: 0.2ms
[2024-02-06T12:17:42.937+0000][1536][gc,age      ] GC(544) Age table with threshold 15 (max threshold 15)
[2024-02-06T12:17:42.937+0000][1536][gc,age      ] GC(544) - age   1:   90330352 bytes,   90330352 total
[2024-02-06T12:17:42.937+0000][1536][gc,age      ] GC(544) - age   2:     911392 bytes,   91241744 total
[2024-02-06T12:17:42.937+0000][1536][gc,heap     ] GC(544) Eden regions: 561->0(543)
[2024-02-06T12:17:42.937+0000][1536][gc,heap     ] GC(544) Survivor regions: 4->23(71)
[2024-02-06T12:17:42.937+0000][1536][gc,heap     ] GC(544) Old regions: 223->223
[2024-02-06T12:17:42.937+0000][1536][gc,heap     ] GC(544) Archive regions: 0->0
[2024-02-06T12:17:42.937+0000][1536][gc,heap     ] GC(544) Humongous regions: 2->2
[2024-02-06T12:17:42.937+0000][1536][gc,metaspace] GC(544) Metaspace: 132328K(138240K)->132328K(138240K) NonClass: 115276K(118976K)->115276K(118976K) Class: 17052K(19264K)->17052K(19264K)
[2024-02-06T12:17:42.937+0000][1536][gc          ] GC(544) Pause Young (Normal) (G1 Evacuation Pause) 3160M->992M(4040M) 33.800ms
[2024-02-06T12:17:42.937+0000][1536][gc,cpu      ] GC(544) User=0.22s Sys=0.00s Real=0.03s
[2024-02-06T12:17:42.937+0000][1536][safepoint   ] Safepoint "G1CollectForAllocation", Time since last: 35210657200 ns, Reaching safepoint: 104000 ns, At safepoint: 34035800 ns, Total: 34139800 ns
[2024-02-06T12:18:10.076+0000][1536][gc,start    ] GC(545) Pause Young (Normal) (G1 Evacuation Pause)
[2024-02-06T12:18:10.076+0000][1536][gc,task     ] GC(545) Using 8 workers of 8 for evacuation
[2024-02-06T12:18:10.076+0000][1536][gc,age      ] GC(545) Desired survivor size 148897792 bytes, new threshold 15 (max threshold 15)
[2024-02-06T12:18:10.130+0000][1536][gc,phases   ] GC(545)   Pre Evacuate Collection Set: 0.1ms
[2024-02-06T12:18:10.130+0000][1536][gc,phases   ] GC(545)   Merge Heap Roots: 0.2ms
[2024-02-06T12:18:10.130+0000][1536][gc,phases   ] GC(545)   Evacuate Collection Set: 49.4ms
[2024-02-06T12:18:10.130+0000][1536][gc,phases   ] GC(545)   Post Evacuate Collection Set: 1.4ms
[2024-02-06T12:18:10.130+0000][1536][gc,phases   ] GC(545)   Other: 0.2ms
[2024-02-06T12:18:10.130+0000][1536][gc,age      ] GC(545) Age table with threshold 15 (max threshold 15)
[2024-02-06T12:18:10.130+0000][1536][gc,age      ] GC(545) - age   1:   84881808 bytes,   84881808 total
[2024-02-06T12:18:10.130+0000][1536][gc,age      ] GC(545) - age   2:   77037328 bytes,  161919136 total
[2024-02-06T12:18:10.130+0000][1536][gc,age      ] GC(545) - age   3:     698344 bytes,  162617480 total
[2024-02-06T12:18:10.130+0000][1536][gc,heap     ] GC(545) Eden regions: 543->0(526)
[2024-02-06T12:18:10.130+0000][1536][gc,heap     ] GC(545) Survivor regions: 23->41(71)
[2024-02-06T12:18:10.130+0000][1536][gc,heap     ] GC(545) Old regions: 223->223
[2024-02-06T12:18:10.130+0000][1536][gc,heap     ] GC(545) Archive regions: 0->0
[2024-02-06T12:18:10.130+0000][1536][gc,heap     ] GC(545) Humongous regions: 2->2
[2024-02-06T12:18:10.130+0000][1536][gc,metaspace] GC(545) Metaspace: 132328K(138240K)->132328K(138240K) NonClass: 115276K(118976K)->115276K(118976K) Class: 17052K(19264K)->17052K(19264K)
[2024-02-06T12:18:10.130+0000][1536][gc          ] GC(545) Pause Young (Normal) (G1 Evacuation Pause) 3164M->1063M(4040M) 52.003ms
[2024-02-06T12:18:10.130+0000][1536][gc,cpu      ] GC(545) User=0.36s Sys=0.02s Real=0.05s
[2024-02-06T12:18:10.131+0000][1536][safepoint   ] Safepoint "G1CollectForAllocation", Time since last: 27140559400 ns, Reaching safepoint: 97300 ns, At safepoint: 52541600 ns, Total: 52638900 ns
[2024-02-06T12:18:50.491+0000][1536][gc,start    ] GC(546) Pause Young (Concurrent Start) (G1 Evacuation Pause)
[2024-02-06T12:18:50.491+0000][1536][gc,task     ] GC(546) Using 8 workers of 8 for evacuation
[2024-02-06T12:18:50.491+0000][1536][gc,age      ] GC(546) Desired survivor size 148897792 bytes, new threshold 2 (max threshold 15)
[2024-02-06T12:18:50.561+0000][1536][gc,phases   ] GC(546)   Pre Evacuate Collection Set: 0.4ms
[2024-02-06T12:18:50.561+0000][1536][gc,phases   ] GC(546)   Merge Heap Roots: 0.2ms
[2024-02-06T12:18:50.561+0000][1536][gc,phases   ] GC(546)   Evacuate Collection Set: 61.1ms
[2024-02-06T12:18:50.561+0000][1536][gc,phases   ] GC(546)   Post Evacuate Collection Set: 1.5ms
[2024-02-06T12:18:50.561+0000][1536][gc,phases   ] GC(546)   Other: 0.7ms
[2024-02-06T12:18:50.561+0000][1536][gc,age      ] GC(546) Age table with threshold 2 (max threshold 15)
[2024-02-06T12:18:50.561+0000][1536][gc,age      ] GC(546) - age   1:   74260392 bytes,   74260392 total
[2024-02-06T12:18:50.561+0000][1536][gc,age      ] GC(546) - age   2:   69004392 bytes,  143264784 total
[2024-02-06T12:18:50.561+0000][1536][gc,heap     ] GC(546) Eden regions: 526->0(517)
[2024-02-06T12:18:50.561+0000][1536][gc,heap     ] GC(546) Survivor regions: 41->37(71)
[2024-02-06T12:18:50.561+0000][1536][gc,heap     ] GC(546) Old regions: 223->239
[2024-02-06T12:18:50.561+0000][1536][gc,heap     ] GC(546) Archive regions: 0->0
[2024-02-06T12:18:50.561+0000][1536][gc,heap     ] GC(546) Humongous regions: 2->2
[2024-02-06T12:18:50.561+0000][1536][gc,metaspace] GC(546) Metaspace: 132328K(138240K)->132328K(138240K) NonClass: 115276K(118976K)->115276K(118976K) Class: 17052K(19264K)->17052K(19264K)
[2024-02-06T12:18:50.561+0000][1536][gc          ] GC(546) Pause Young (Concurrent Start) (G1 Evacuation Pause) 3167M->1110M(4040M) 64.346ms
[2024-02-06T12:18:50.561+0000][1536][gc          ] GC(547) Concurrent Mark Cycle
[2024-02-06T12:18:50.561+0000][1536][gc,cpu      ] GC(546) User=0.41s Sys=0.05s Real=0.07s
[2024-02-06T12:18:50.561+0000][1536][gc,marking  ] GC(547) Concurrent Clear Claimed Marks
[2024-02-06T12:18:50.561+0000][1536][safepoint   ] Safepoint "G1CollectForAllocation", Time since last: 40365757300 ns, Reaching safepoint: 92500 ns, At safepoint: 64682900 ns, Total: 64775400 ns
[2024-02-06T12:18:50.562+0000][1536][gc,marking  ] GC(547) Concurrent Clear Claimed Marks 0.259ms
[2024-02-06T12:18:50.562+0000][1536][gc,marking  ] GC(547) Concurrent Scan Root Regions
[2024-02-06T12:18:50.589+0000][1536][gc,marking  ] GC(547) Concurrent Scan Root Regions 27.227ms
[2024-02-06T12:18:50.589+0000][1536][gc,marking  ] GC(547) Concurrent Mark
[2024-02-06T12:18:50.589+0000][1536][gc,marking  ] GC(547) Concurrent Mark From Roots
[2024-02-06T12:18:50.589+0000][1536][gc,task     ] GC(547) Using 2 workers of 2 for marking
[2024-02-06T12:18:50.755+0000][1536][gc,marking  ] GC(547) Concurrent Mark From Roots 180.017ms
[2024-02-06T12:18:50.755+0000][1536][gc,marking  ] GC(547) Concurrent Preclean
[2024-02-06T12:18:50.755+0000][1536][gc,marking  ] GC(547) Concurrent Preclean 0.677ms
[2024-02-06T12:18:50.755+0000][1536][gc,start    ] GC(547) Pause Remark
[2024-02-06T12:18:50.783+0000][1536][gc          ] GC(547) Pause Remark 1134M->1134M(4040M) 12.979ms
[2024-02-06T12:18:50.783+0000][1536][gc,cpu      ] GC(547) User=0.06s Sys=0.05s Real=0.03s
[2024-02-06T12:18:50.783+0000][1536][safepoint   ] Safepoint "G1Concurrent", Time since last: 208155000 ns, Reaching safepoint: 82500 ns, At safepoint: 13130800 ns, Total: 13213300 ns
[2024-02-06T12:18:50.783+0000][1536][gc,marking  ] GC(547) Concurrent Mark 194.037ms
[2024-02-06T12:18:50.783+0000][1536][gc,marking  ] GC(547) Concurrent Rebuild Remembered Sets
[2024-02-06T12:18:50.930+0000][1536][gc,marking  ] GC(547) Concurrent Rebuild Remembered Sets 147.948ms
[2024-02-06T12:18:50.930+0000][1536][gc,start    ] GC(547) Pause Cleanup
[2024-02-06T12:18:50.930+0000][1536][gc          ] GC(547) Pause Cleanup 1140M->1140M(4040M) 0.366ms
[2024-02-06T12:18:50.930+0000][1536][gc,cpu      ] GC(547) User=0.00s Sys=0.00s Real=0.00s
[2024-02-06T12:18:50.930+0000][1536][safepoint   ] Safepoint "G1Concurrent", Time since last: 148131500 ns, Reaching safepoint: 32200 ns, At safepoint: 472500 ns, Total: 504700 ns
[2024-02-06T12:18:50.930+0000][1536][gc,marking  ] GC(547) Concurrent Cleanup for Next Mark
[2024-02-06T12:18:50.950+0000][1536][gc,marking  ] GC(547) Concurrent Cleanup for Next Mark 18.351ms
[2024-02-06T12:18:50.950+0000][1536][gc          ] GC(547) Concurrent Mark Cycle 388.703ms
[2024-02-06T12:19:15.264+0000][1536][gc,start    ] GC(548) Pause Young (Prepare Mixed) (G1 Evacuation Pause)
[2024-02-06T12:19:15.264+0000][1536][gc,task     ] GC(548) Using 8 workers of 8 for evacuation
[2024-02-06T12:19:15.264+0000][1536][gc,age      ] GC(548) Desired survivor size 146800640 bytes, new threshold 15 (max threshold 15)
[2024-02-06T12:19:15.393+0000][1536][gc,phases   ] GC(548)   Pre Evacuate Collection Set: 0.5ms
[2024-02-06T12:19:15.393+0000][1536][gc,phases   ] GC(548)   Merge Heap Roots: 0.6ms
[2024-02-06T12:19:15.393+0000][1536][gc,phases   ] GC(548)   Evacuate Collection Set: 112.2ms
[2024-02-06T12:19:15.393+0000][1536][gc,phases   ] GC(548)   Post Evacuate Collection Set: 2.7ms
[2024-02-06T12:19:15.393+0000][1536][gc,phases   ] GC(548)   Other: 0.5ms
[2024-02-06T12:19:15.393+0000][1536][gc,age      ] GC(548) Age table with threshold 15 (max threshold 15)
[2024-02-06T12:19:15.393+0000][1536][gc,age      ] GC(548) - age   1:   82003688 bytes,   82003688 total
[2024-02-06T12:19:15.393+0000][1536][gc,age      ] GC(548) - age   2:   61085968 bytes,  143089656 total
[2024-02-06T12:19:15.394+0000][1536][gc,age      ] GC(548) - age   3:   58489856 bytes,  201579512 total
[2024-02-06T12:19:15.394+0000][1536][gc,heap     ] GC(548) Eden regions: 517->0(1)
[2024-02-06T12:19:15.394+0000][1536][gc,heap     ] GC(548) Survivor regions: 37->50(70)
[2024-02-06T12:19:15.394+0000][1536][gc,heap     ] GC(548) Old regions: 239->239
[2024-02-06T12:19:15.394+0000][1536][gc,heap     ] GC(548) Archive regions: 0->0
[2024-02-06T12:19:15.394+0000][1536][gc,heap     ] GC(548) Humongous regions: 2->2
[2024-02-06T12:19:15.394+0000][1536][gc,metaspace] GC(548) Metaspace: 132328K(138240K)->132328K(138240K) NonClass: 115276K(118976K)->115276K(118976K) Class: 17052K(19264K)->17052K(19264K)
[2024-02-06T12:19:15.394+0000][1536][gc          ] GC(548) Pause Young (Prepare Mixed) (G1 Evacuation Pause) 3178M->1162M(4040M) 117.698ms
[2024-02-06T12:19:15.394+0000][1536][gc,cpu      ] GC(548) User=1.00s Sys=0.05s Real=0.13s
[2024-02-06T12:19:15.394+0000][1536][safepoint   ] Safepoint "G1CollectForAllocation", Time since last: 24344068800 ns, Reaching safepoint: 268000 ns, At safepoint: 118128300 ns, Total: 118396300 ns
[2024-02-06T12:19:15.395+0000][1536][gc,start    ] GC(549) Pause Young (Mixed) (G1 Evacuation Pause)
[2024-02-06T12:19:15.395+0000][1536][gc,task     ] GC(549) Using 8 workers of 8 for evacuation
[2024-02-06T12:19:15.395+0000][1536][gc,age      ] GC(549) Desired survivor size 14680064 bytes, new threshold 1 (max threshold 15)
[2024-02-06T12:19:15.565+0000][1536][gc,phases   ] GC(549)   Pre Evacuate Collection Set: 0.3ms
[2024-02-06T12:19:15.565+0000][1536][gc,phases   ] GC(549)   Merge Heap Roots: 0.3ms
[2024-02-06T12:19:15.565+0000][1536][gc,phases   ] GC(549)   Evacuate Collection Set: 171.0ms
[2024-02-06T12:19:15.565+0000][1536][gc,phases   ] GC(549)   Post Evacuate Collection Set: 0.5ms
[2024-02-06T12:19:15.565+0000][1536][gc,phases   ] GC(549)   Other: 0.2ms
[2024-02-06T12:19:15.565+0000][1536][gc,age      ] GC(549) Age table with threshold 1 (max threshold 15)
[2024-02-06T12:19:15.565+0000][1536][gc,age      ] GC(549) - age   1:      10680 bytes,      10680 total
[2024-02-06T12:19:15.565+0000][1536][gc,heap     ] GC(549) Eden regions: 1->0(559)
[2024-02-06T12:19:15.565+0000][1536][gc,heap     ] GC(549) Survivor regions: 50->4(7)
[2024-02-06T12:19:15.565+0000][1536][gc,heap     ] GC(549) Old regions: 239->226
[2024-02-06T12:19:15.565+0000][1536][gc,heap     ] GC(549) Archive regions: 0->0
[2024-02-06T12:19:15.565+0000][1536][gc,heap     ] GC(549) Humongous regions: 2->2
[2024-02-06T12:19:15.565+0000][1536][gc,metaspace] GC(549) Metaspace: 132328K(138240K)->132328K(138240K) NonClass: 115276K(118976K)->115276K(118976K) Class: 17052K(19264K)->17052K(19264K)
[2024-02-06T12:19:15.565+0000][1536][gc          ] GC(549) Pause Young (Mixed) (G1 Evacuation Pause) 1166M->927M(4040M) 172.713ms
[2024-02-06T12:19:15.565+0000][1536][gc,cpu      ] GC(549) User=0.30s Sys=0.70s Real=0.17s
[2024-02-06T12:19:15.565+0000][1536][safepoint   ] Safepoint "G1CollectForAllocation", Time since last: 148600 ns, Reaching safepoint: 955200 ns, At safepoint: 172852400 ns, Total: 173807600 ns
[2024-02-06T12:19:54.805+0000][1536][gc,start    ] GC(550) Pause Young (Normal) (G1 Evacuation Pause)
[2024-02-06T12:19:54.805+0000][1536][gc,task     ] GC(550) Using 8 workers of 8 for evacuation
[2024-02-06T12:19:54.805+0000][1536][gc,age      ] GC(550) Desired survivor size 148897792 bytes, new threshold 15 (max threshold 15)
[2024-02-06T12:19:54.862+0000][1536][gc,phases   ] GC(550)   Pre Evacuate Collection Set: 0.3ms
[2024-02-06T12:19:54.862+0000][1536][gc,phases   ] GC(550)   Merge Heap Roots: 0.4ms
[2024-02-06T12:19:54.863+0000][1536][gc,phases   ] GC(550)   Evacuate Collection Set: 53.6ms
[2024-02-06T12:19:54.863+0000][1536][gc,phases   ] GC(550)   Post Evacuate Collection Set: 2.2ms
[2024-02-06T12:19:54.863+0000][1536][gc,phases   ] GC(550)   Other: 0.5ms
[2024-02-06T12:19:54.863+0000][1536][gc,age      ] GC(550) Age table with threshold 15 (max threshold 15)
[2024-02-06T12:19:54.863+0000][1536][gc,age      ] GC(550) - age   1:   99563840 bytes,   99563840 total
[2024-02-06T12:19:54.863+0000][1536][gc,age      ] GC(550) - age   2:       4960 bytes,   99568800 total
[2024-02-06T12:19:54.863+0000][1536][gc,heap     ] GC(550) Eden regions: 559->0(537)
[2024-02-06T12:19:54.863+0000][1536][gc,heap     ] GC(550) Survivor regions: 4->25(71)
[2024-02-06T12:19:54.863+0000][1536][gc,heap     ] GC(550) Old regions: 226->226
[2024-02-06T12:19:54.863+0000][1536][gc,heap     ] GC(550) Archive regions: 0->0
[2024-02-06T12:19:54.863+0000][1536][gc,heap     ] GC(550) Humongous regions: 2->2
[2024-02-06T12:19:54.863+0000][1536][gc,metaspace] GC(550) Metaspace: 132328K(138240K)->132328K(138240K) NonClass: 115276K(118976K)->115276K(118976K) Class: 17052K(19264K)->17052K(19264K)
[2024-02-06T12:19:54.863+0000][1536][gc          ] GC(550) Pause Young (Normal) (G1 Evacuation Pause) 3163M->1011M(4040M) 57.512ms
[2024-02-06T12:19:54.863+0000][1536][gc,cpu      ] GC(550) User=0.34s Sys=0.02s Real=0.06s
[2024-02-06T12:19:54.863+0000][1536][safepoint   ] Safepoint "G1CollectForAllocation", Time since last: 39237184700 ns, Reaching safepoint: 169600 ns, At safepoint: 58143100 ns, Total: 58312700 ns
[2024-02-06T12:20:16.323+0000][1536][gc,start    ] GC(551) Pause Young (Normal) (G1 Evacuation Pause)
[2024-02-06T12:20:16.323+0000][1536][gc,task     ] GC(551) Using 8 workers of 8 for evacuation
[2024-02-06T12:20:16.323+0000][1536][gc,age      ] GC(551) Desired survivor size 148897792 bytes, new threshold 15 (max threshold 15)
[2024-02-06T12:20:16.420+0000][1536][gc,phases   ] GC(551)   Pre Evacuate Collection Set: 0.4ms
[2024-02-06T12:20:16.420+0000][1536][gc,phases   ] GC(551)   Merge Heap Roots: 0.5ms
[2024-02-06T12:20:16.420+0000][1536][gc,phases   ] GC(551)   Evacuate Collection Set: 83.7ms
[2024-02-06T12:20:16.420+0000][1536][gc,phases   ] GC(551)   Post Evacuate Collection Set: 1.3ms
[2024-02-06T12:20:16.420+0000][1536][gc,phases   ] GC(551)   Other: 0.4ms
[2024-02-06T12:20:16.420+0000][1536][gc,age      ] GC(551) Age table with threshold 15 (max threshold 15)
[2024-02-06T12:20:16.420+0000][1536][gc,age      ] GC(551) - age   1:   87786320 bytes,   87786320 total
[2024-02-06T12:20:16.420+0000][1536][gc,age      ] GC(551) - age   2:   83596064 bytes,  171382384 total
[2024-02-06T12:20:16.420+0000][1536][gc,age      ] GC(551) - age   3:       4960 bytes,  171387344 total
[2024-02-06T12:20:16.420+0000][1536][gc,heap     ] GC(551) Eden regions: 537->0(521)
[2024-02-06T12:20:16.420+0000][1536][gc,heap     ] GC(551) Survivor regions: 25->43(71)
[2024-02-06T12:20:16.420+0000][1536][gc,heap     ] GC(551) Old regions: 226->226
[2024-02-06T12:20:16.420+0000][1536][gc,heap     ] GC(551) Archive regions: 0->0
[2024-02-06T12:20:16.420+0000][1536][gc,heap     ] GC(551) Humongous regions: 2->2
[2024-02-06T12:20:16.420+0000][1536][gc,metaspace] GC(551) Metaspace: 132328K(138240K)->132328K(138240K) NonClass: 115276K(118976K)->115276K(118976K) Class: 17052K(19264K)->17052K(19264K)
[2024-02-06T12:20:16.420+0000][1536][gc          ] GC(551) Pause Young (Normal) (G1 Evacuation Pause) 3159M->1082M(4040M) 87.083ms
[2024-02-06T12:20:16.420+0000][1536][gc,cpu      ] GC(551) User=0.72s Sys=0.02s Real=0.10s
[2024-02-06T12:20:16.420+0000][1536][safepoint   ] Safepoint "G1CollectForAllocation", Time since last: 21471596500 ns, Reaching safepoint: 147200 ns, At safepoint: 87339200 ns, Total: 87486400 ns
[2024-02-06T12:20:29.104+0000][1536][safepoint   ] Safepoint "Cleanup", Time since last: 12079638400 ns, Reaching safepoint: 601758200 ns, At safepoint: 145100 ns, Total: 601903300 ns
[2024-02-06T12:20:55.787+0000][1536][gc,start    ] GC(552) Pause Young (Concurrent Start) (G1 Evacuation Pause)
[2024-02-06T12:20:55.787+0000][1536][gc,task     ] GC(552) Using 8 workers of 8 for evacuation
[2024-02-06T12:20:55.787+0000][1536][gc,age      ] GC(552) Desired survivor size 148897792 bytes, new threshold 2 (max threshold 15)
[2024-02-06T12:20:55.893+0000][1536][gc,phases   ] GC(552)   Pre Evacuate Collection Set: 0.4ms
[2024-02-06T12:20:55.893+0000][1536][gc,phases   ] GC(552)   Merge Heap Roots: 0.2ms
[2024-02-06T12:20:55.893+0000][1536][gc,phases   ] GC(552)   Evacuate Collection Set: 109.2ms
[2024-02-06T12:20:55.893+0000][1536][gc,phases   ] GC(552)   Post Evacuate Collection Set: 1.5ms
[2024-02-06T12:20:55.893+0000][1536][gc,phases   ] GC(552)   Other: 0.2ms
[2024-02-06T12:20:55.893+0000][1536][gc,age      ] GC(552) Age table with threshold 2 (max threshold 15)
[2024-02-06T12:20:55.893+0000][1536][gc,age      ] GC(552) - age   1:   87758648 bytes,   87758648 total
[2024-02-06T12:20:55.893+0000][1536][gc,age      ] GC(552) - age   2:   74211904 bytes,  161970552 total
[2024-02-06T12:20:55.893+0000][1536][gc,heap     ] GC(552) Eden regions: 521->0(505)
[2024-02-06T12:20:55.893+0000][1536][gc,heap     ] GC(552) Survivor regions: 43->41(71)
[2024-02-06T12:20:55.893+0000][1536][gc,heap     ] GC(552) Old regions: 226->245
[2024-02-06T12:20:55.893+0000][1536][gc,heap     ] GC(552) Archive regions: 0->0
[2024-02-06T12:20:55.893+0000][1536][gc,heap     ] GC(552) Humongous regions: 2->2
[2024-02-06T12:20:55.893+0000][1536][gc,metaspace] GC(552) Metaspace: 132328K(138240K)->132328K(138240K) NonClass: 115276K(118976K)->115276K(118976K) Class: 17052K(19264K)->17052K(19264K)
[2024-02-06T12:20:55.893+0000][1536][gc          ] GC(552) Pause Young (Concurrent Start) (G1 Evacuation Pause) 3166M->1147M(4040M) 112.098ms
[2024-02-06T12:20:55.893+0000][1536][gc          ] GC(553) Concurrent Mark Cycle
[2024-02-06T12:20:55.893+0000][1536][gc,cpu      ] GC(552) User=0.44s Sys=0.36s Real=0.11s
[2024-02-06T12:20:55.893+0000][1536][gc,marking  ] GC(553) Concurrent Clear Claimed Marks
[2024-02-06T12:20:55.893+0000][1536][safepoint   ] Safepoint "G1CollectForAllocation", Time since last: 26682857200 ns, Reaching safepoint: 112900 ns, At safepoint: 112475900 ns, Total: 112588800 ns
[2024-02-06T12:20:55.893+0000][1536][gc,marking  ] GC(553) Concurrent Clear Claimed Marks 0.288ms
[2024-02-06T12:20:55.893+0000][1536][gc,marking  ] GC(553) Concurrent Scan Root Regions
[2024-02-06T12:20:55.998+0000][1536][gc,marking  ] GC(553) Concurrent Scan Root Regions 102.668ms
[2024-02-06T12:20:55.998+0000][1536][gc,marking  ] GC(553) Concurrent Mark
[2024-02-06T12:20:55.998+0000][1536][gc,marking  ] GC(553) Concurrent Mark From Roots
[2024-02-06T12:20:55.998+0000][1536][gc,task     ] GC(553) Using 2 workers of 2 for marking
[2024-02-06T12:20:56.358+0000][1536][gc,marking  ] GC(553) Concurrent Mark From Roots 356.832ms
[2024-02-06T12:20:56.358+0000][1536][gc,marking  ] GC(553) Concurrent Preclean
[2024-02-06T12:20:56.358+0000][1536][gc,marking  ] GC(553) Concurrent Preclean 0.980ms
[2024-02-06T12:20:56.358+0000][1536][gc,start    ] GC(553) Pause Remark
[2024-02-06T12:20:56.366+0000][1536][gc          ] GC(553) Pause Remark 1223M->1223M(4040M) 17.915ms
[2024-02-06T12:20:56.366+0000][1536][gc,cpu      ] GC(553) User=0.11s Sys=0.00s Real=0.01s
[2024-02-06T12:20:56.366+0000][1536][safepoint   ] Safepoint "G1Concurrent", Time since last: 460857600 ns, Reaching safepoint: 106500 ns, At safepoint: 18134100 ns, Total: 18240600 ns
[2024-02-06T12:20:56.366+0000][1536][gc,marking  ] GC(553) Concurrent Mark 376.312ms
[2024-02-06T12:20:56.366+0000][1536][gc,marking  ] GC(553) Concurrent Rebuild Remembered Sets
[2024-02-06T12:20:56.628+0000][1536][gc,marking  ] GC(553) Concurrent Rebuild Remembered Sets 248.399ms
[2024-02-06T12:20:56.691+0000][1536][gc,start    ] GC(553) Pause Cleanup
[2024-02-06T12:20:56.693+0000][1536][gc          ] GC(553) Pause Cleanup 1268M->1268M(4040M) 1.970ms
[2024-02-06T12:20:56.693+0000][1536][gc,cpu      ] GC(553) User=0.00s Sys=0.00s Real=0.00s
[2024-02-06T12:20:56.695+0000][1536][safepoint   ] Safepoint "G1Concurrent", Time since last: 248625300 ns, Reaching safepoint: 63338100 ns, At safepoint: 3458400 ns, Total: 66796500 ns
[2024-02-06T12:20:56.695+0000][1536][gc,marking  ] GC(553) Concurrent Cleanup for Next Mark
[2024-02-06T12:20:56.740+0000][1536][gc,marking  ] GC(553) Concurrent Cleanup for Next Mark 50.453ms
[2024-02-06T12:20:56.740+0000][1536][gc          ] GC(553) Concurrent Mark Cycle 845.476ms
[2024-02-06T12:21:26.537+0000][1536][gc,start    ] GC(554) Pause Young (Prepare Mixed) (G1 Evacuation Pause)
[2024-02-06T12:21:26.538+0000][1536][gc,task     ] GC(554) Using 8 workers of 8 for evacuation
[2024-02-06T12:21:26.538+0000][1536][gc,age      ] GC(554) Desired survivor size 144703488 bytes, new threshold 2 (max threshold 15)
[2024-02-06T12:21:26.639+0000][1536][gc,phases   ] GC(554)   Pre Evacuate Collection Set: 0.3ms
[2024-02-06T12:21:26.639+0000][1536][gc,phases   ] GC(554)   Merge Heap Roots: 0.5ms
[2024-02-06T12:21:26.639+0000][1536][gc,phases   ] GC(554)   Evacuate Collection Set: 103.7ms
[2024-02-06T12:21:26.639+0000][1536][gc,phases   ] GC(554)   Post Evacuate Collection Set: 1.7ms
[2024-02-06T12:21:26.639+0000][1536][gc,phases   ] GC(554)   Other: 0.5ms
[2024-02-06T12:21:26.639+0000][1536][gc,age      ] GC(554) Age table with threshold 2 (max threshold 15)
[2024-02-06T12:21:26.639+0000][1536][gc,age      ] GC(554) - age   1:   90887016 bytes,   90887016 total
[2024-02-06T12:21:26.639+0000][1536][gc,age      ] GC(554) - age   2:   71079416 bytes,  161966432 total
[2024-02-06T12:21:26.639+0000][1536][gc,heap     ] GC(554) Eden regions: 505->0(9)
[2024-02-06T12:21:26.639+0000][1536][gc,heap     ] GC(554) Survivor regions: 41->41(69)
[2024-02-06T12:21:26.639+0000][1536][gc,heap     ] GC(554) Old regions: 245->259
[2024-02-06T12:21:26.639+0000][1536][gc,heap     ] GC(554) Archive regions: 0->0
[2024-02-06T12:21:26.639+0000][1536][gc,heap     ] GC(554) Humongous regions: 2->2
[2024-02-06T12:21:26.639+0000][1536][gc,metaspace] GC(554) Metaspace: 132328K(138240K)->132328K(138240K) NonClass: 115276K(118976K)->115276K(118976K) Class: 17052K(19264K)->17052K(19264K)
[2024-02-06T12:21:26.639+0000][1536][gc          ] GC(554) Pause Young (Prepare Mixed) (G1 Evacuation Pause) 3167M->1204M(4040M) 107.436ms
[2024-02-06T12:21:26.639+0000][1536][gc,cpu      ] GC(554) User=0.59s Sys=0.09s Real=0.10s
[2024-02-06T12:21:26.639+0000][1536][safepoint   ] Safepoint "G1CollectForAllocation", Time since last: 29842633500 ns, Reaching safepoint: 129400 ns, At safepoint: 107820800 ns, Total: 107950200 ns
[2024-02-06T12:21:26.809+0000][1536][gc,start    ] GC(555) Pause Young (Mixed) (G1 Evacuation Pause)
[2024-02-06T12:21:26.809+0000][1536][gc,task     ] GC(555) Using 8 workers of 8 for evacuation
[2024-02-06T12:21:26.809+0000][1536][gc,age      ] GC(555) Desired survivor size 14680064 bytes, new threshold 1 (max threshold 15)
[2024-02-06T12:21:27.106+0000][1536][gc,mmu      ] GC(555) MMU target violated: 201.0ms (200.0ms/201.0ms)
[2024-02-06T12:21:27.106+0000][1536][gc,phases   ] GC(555)   Pre Evacuate Collection Set: 0.4ms
[2024-02-06T12:21:27.106+0000][1536][gc,phases   ] GC(555)   Merge Heap Roots: 0.6ms
[2024-02-06T12:21:27.106+0000][1536][gc,phases   ] GC(555)   Evacuate Collection Set: 302.3ms
[2024-02-06T12:21:27.106+0000][1536][gc,phases   ] GC(555)   Post Evacuate Collection Set: 1.2ms
[2024-02-06T12:21:27.106+0000][1536][gc,phases   ] GC(555)   Other: 0.6ms
[2024-02-06T12:21:27.106+0000][1536][gc,age      ] GC(555) Age table with threshold 1 (max threshold 15)
[2024-02-06T12:21:27.106+0000][1536][gc,age      ] GC(555) - age   1:    2708072 bytes,    2708072 total
[2024-02-06T12:21:27.106+0000][1536][gc,heap     ] GC(555) Eden regions: 9->0(548)
[2024-02-06T12:21:27.106+0000][1536][gc,heap     ] GC(555) Survivor regions: 41->4(7)
[2024-02-06T12:21:27.106+0000][1536][gc,heap     ] GC(555) Old regions: 259->232
[2024-02-06T12:21:27.106+0000][1536][gc,heap     ] GC(555) Archive regions: 0->0
[2024-02-06T12:21:27.106+0000][1536][gc,heap     ] GC(555) Humongous regions: 2->2
[2024-02-06T12:21:27.106+0000][1536][gc,metaspace] GC(555) Metaspace: 132328K(138240K)->132328K(138240K) NonClass: 115276K(118976K)->115276K(118976K) Class: 17052K(19264K)->17052K(19264K)
[2024-02-06T12:21:27.106+0000][1536][gc          ] GC(555) Pause Young (Mixed) (G1 Evacuation Pause) 1240M->950M(4040M) 305.572ms
[2024-02-06T12:21:27.106+0000][1536][gc,cpu      ] GC(555) User=0.48s Sys=0.86s Real=0.30s
[2024-02-06T12:21:27.116+0000][1536][safepoint   ] Safepoint "G1CollectForAllocation", Time since last: 114005800 ns, Reaching safepoint: 49696000 ns, At safepoint: 307534100 ns, Total: 357230100 ns
[2024-02-06T12:22:08.209+0000][1536][gc,start    ] GC(556) Pause Young (Normal) (G1 Evacuation Pause)
[2024-02-06T12:22:08.209+0000][1536][gc,task     ] GC(556) Using 8 workers of 8 for evacuation
[2024-02-06T12:22:08.209+0000][1536][gc,age      ] GC(556) Desired survivor size 144703488 bytes, new threshold 15 (max threshold 15)
[2024-02-06T12:22:08.275+0000][1536][gc,phases   ] GC(556)   Pre Evacuate Collection Set: 0.4ms
[2024-02-06T12:22:08.275+0000][1536][gc,phases   ] GC(556)   Merge Heap Roots: 0.5ms
[2024-02-06T12:22:08.275+0000][1536][gc,phases   ] GC(556)   Evacuate Collection Set: 57.9ms
[2024-02-06T12:22:08.275+0000][1536][gc,phases   ] GC(556)   Post Evacuate Collection Set: 2.2ms
[2024-02-06T12:22:08.275+0000][1536][gc,phases   ] GC(556)   Other: 0.7ms
[2024-02-06T12:22:08.275+0000][1536][gc,age      ] GC(556) Age table with threshold 15 (max threshold 15)
[2024-02-06T12:22:08.275+0000][1536][gc,age      ] GC(556) - age   1:   93053960 bytes,   93053960 total
[2024-02-06T12:22:08.275+0000][1536][gc,age      ] GC(556) - age   2:    2161048 bytes,   95215008 total
[2024-02-06T12:22:08.275+0000][1536][gc,heap     ] GC(556) Eden regions: 548->0(530)
[2024-02-06T12:22:08.275+0000][1536][gc,heap     ] GC(556) Survivor regions: 4->24(69)
[2024-02-06T12:22:08.275+0000][1536][gc,heap     ] GC(556) Old regions: 232->232
[2024-02-06T12:22:08.275+0000][1536][gc,heap     ] GC(556) Archive regions: 0->0
[2024-02-06T12:22:08.275+0000][1536][gc,heap     ] GC(556) Humongous regions: 2->2
[2024-02-06T12:22:08.275+0000][1536][gc,metaspace] GC(556) Metaspace: 132328K(138240K)->132328K(138240K) NonClass: 115276K(118976K)->115276K(118976K) Class: 17052K(19264K)->17052K(19264K)
[2024-02-06T12:22:08.275+0000][1536][gc          ] GC(556) Pause Young (Normal) (G1 Evacuation Pause) 3142M->1030M(4040M) 63.060ms
[2024-02-06T12:22:08.275+0000][1536][gc,cpu      ] GC(556) User=0.50s Sys=0.00s Real=0.07s
[2024-02-06T12:22:08.275+0000][1536][safepoint   ] Safepoint "G1CollectForAllocation", Time since last: 41097639700 ns, Reaching safepoint: 161400 ns, At safepoint: 63441700 ns, Total: 63603100 ns
[2024-02-06T12:22:45.921+0000][1536][gc,start    ] GC(557) Pause Young (Normal) (G1 Evacuation Pause)
[2024-02-06T12:22:45.921+0000][1536][gc,task     ] GC(557) Using 8 workers of 8 for evacuation
[2024-02-06T12:22:45.921+0000][1536][gc,age      ] GC(557) Desired survivor size 146800640 bytes, new threshold 15 (max threshold 15)
[2024-02-06T12:22:46.009+0000][1536][gc,phases   ] GC(557)   Pre Evacuate Collection Set: 0.3ms
[2024-02-06T12:22:46.009+0000][1536][gc,phases   ] GC(557)   Merge Heap Roots: 0.5ms
[2024-02-06T12:22:46.009+0000][1536][gc,phases   ] GC(557)   Evacuate Collection Set: 78.0ms
[2024-02-06T12:22:46.009+0000][1536][gc,phases   ] GC(557)   Post Evacuate Collection Set: 1.4ms
[2024-02-06T12:22:46.009+0000][1536][gc,phases   ] GC(557)   Other: 0.4ms
[2024-02-06T12:22:46.009+0000][1536][gc,age      ] GC(557) Age table with threshold 15 (max threshold 15)
[2024-02-06T12:22:46.009+0000][1536][gc,age      ] GC(557) - age   1:   89125976 bytes,   89125976 total
[2024-02-06T12:22:46.009+0000][1536][gc,age      ] GC(557) - age   2:   78150760 bytes,  167276736 total
[2024-02-06T12:22:46.009+0000][1536][gc,age      ] GC(557) - age   3:    2111512 bytes,  169388248 total
[2024-02-06T12:22:46.009+0000][1536][gc,heap     ] GC(557) Eden regions: 530->0(514)
[2024-02-06T12:22:46.009+0000][1536][gc,heap     ] GC(557) Survivor regions: 24->42(70)
[2024-02-06T12:22:46.009+0000][1536][gc,heap     ] GC(557) Old regions: 232->232
[2024-02-06T12:22:46.009+0000][1536][gc,heap     ] GC(557) Archive regions: 0->0
[2024-02-06T12:22:46.009+0000][1536][gc,heap     ] GC(557) Humongous regions: 2->2
[2024-02-06T12:22:46.009+0000][1536][gc,metaspace] GC(557) Metaspace: 132328K(138240K)->132328K(138240K) NonClass: 115276K(118976K)->115276K(118976K) Class: 17052K(19264K)->17052K(19264K)
[2024-02-06T12:22:46.009+0000][1536][gc          ] GC(557) Pause Young (Normal) (G1 Evacuation Pause) 3150M->1102M(4040M) 81.272ms
[2024-02-06T12:22:46.009+0000][1536][gc,cpu      ] GC(557) User=0.61s Sys=0.02s Real=0.09s
[2024-02-06T12:22:46.009+0000][1536][safepoint   ] Safepoint "G1CollectForAllocation", Time since last: 37649989600 ns, Reaching safepoint: 180500 ns, At safepoint: 81489600 ns, Total: 81670100 ns
[2024-02-06T12:23:21.222+0000][1536][gc,start    ] GC(558) Pause Young (Concurrent Start) (G1 Evacuation Pause)
[2024-02-06T12:23:21.222+0000][1536][gc,task     ] GC(558) Using 8 workers of 8 for evacuation
[2024-02-06T12:23:21.222+0000][1536][gc,age      ] GC(558) Desired survivor size 146800640 bytes, new threshold 2 (max threshold 15)
[2024-02-06T12:23:21.321+0000][1536][gc,phases   ] GC(558)   Pre Evacuate Collection Set: 0.6ms
[2024-02-06T12:23:21.321+0000][1536][gc,phases   ] GC(558)   Merge Heap Roots: 0.3ms
[2024-02-06T12:23:21.321+0000][1536][gc,phases   ] GC(558)   Evacuate Collection Set: 100.1ms
[2024-02-06T12:23:21.321+0000][1536][gc,phases   ] GC(558)   Post Evacuate Collection Set: 1.4ms
[2024-02-06T12:23:21.321+0000][1536][gc,phases   ] GC(558)   Other: 0.3ms
[2024-02-06T12:23:21.321+0000][1536][gc,age      ] GC(558) Age table with threshold 2 (max threshold 15)
[2024-02-06T12:23:21.321+0000][1536][gc,age      ] GC(558) - age   1:   83090968 bytes,   83090968 total
[2024-02-06T12:23:21.321+0000][1536][gc,age      ] GC(558) - age   2:   75720776 bytes,  158811744 total
[2024-02-06T12:23:21.321+0000][1536][gc,heap     ] GC(558) Eden regions: 514->0(501)
[2024-02-06T12:23:21.321+0000][1536][gc,heap     ] GC(558) Survivor regions: 42->40(70)
[2024-02-06T12:23:21.321+0000][1536][gc,heap     ] GC(558) Old regions: 232->249
[2024-02-06T12:23:21.321+0000][1536][gc,heap     ] GC(558) Archive regions: 0->0
[2024-02-06T12:23:21.321+0000][1536][gc,heap     ] GC(558) Humongous regions: 2->2
[2024-02-06T12:23:21.321+0000][1536][gc,metaspace] GC(558) Metaspace: 132328K(138240K)->132328K(138240K) NonClass: 115276K(118976K)->115276K(118976K) Class: 17052K(19264K)->17052K(19264K)
[2024-02-06T12:23:21.321+0000][1536][gc          ] GC(558) Pause Young (Concurrent Start) (G1 Evacuation Pause) 3158M->1158M(4040M) 103.159ms
[2024-02-06T12:23:21.321+0000][1536][gc          ] GC(559) Concurrent Mark Cycle
[2024-02-06T12:23:21.321+0000][1536][gc,cpu      ] GC(558) User=0.52s Sys=0.09s Real=0.10s
[2024-02-06T12:23:21.321+0000][1536][gc,marking  ] GC(559) Concurrent Clear Claimed Marks
[2024-02-06T12:23:21.321+0000][1536][safepoint   ] Safepoint "G1CollectForAllocation", Time since last: 35212370100 ns, Reaching safepoint: 135900 ns, At safepoint: 103435000 ns, Total: 103570900 ns
[2024-02-06T12:23:21.321+0000][1536][gc,marking  ] GC(559) Concurrent Clear Claimed Marks 0.289ms
[2024-02-06T12:23:21.321+0000][1536][gc,marking  ] GC(559) Concurrent Scan Root Regions
[2024-02-06T12:23:21.393+0000][1536][gc,marking  ] GC(559) Concurrent Scan Root Regions 69.784ms
[2024-02-06T12:23:21.393+0000][1536][gc,marking  ] GC(559) Concurrent Mark
[2024-02-06T12:23:21.393+0000][1536][gc,marking  ] GC(559) Concurrent Mark From Roots
[2024-02-06T12:23:21.393+0000][1536][gc,task     ] GC(559) Using 2 workers of 2 for marking
[2024-02-06T12:23:21.581+0000][1536][gc,marking  ] GC(559) Concurrent Mark From Roots 187.792ms
[2024-02-06T12:23:21.581+0000][1536][gc,marking  ] GC(559) Concurrent Preclean
[2024-02-06T12:23:21.581+0000][1536][gc,marking  ] GC(559) Concurrent Preclean 0.895ms
[2024-02-06T12:23:21.581+0000][1536][gc,start    ] GC(559) Pause Remark
[2024-02-06T12:23:21.592+0000][1536][gc          ] GC(559) Pause Remark 1192M->1192M(4040M) 13.492ms
[2024-02-06T12:23:21.592+0000][1536][gc,cpu      ] GC(559) User=0.00s Sys=0.00s Real=0.01s
[2024-02-06T12:23:21.592+0000][1536][safepoint   ] Safepoint "G1Concurrent", Time since last: 258897400 ns, Reaching safepoint: 107600 ns, At safepoint: 13604300 ns, Total: 13711900 ns
[2024-02-06T12:23:21.592+0000][1536][gc,marking  ] GC(559) Concurrent Mark 202.547ms
[2024-02-06T12:23:21.592+0000][1536][gc,marking  ] GC(559) Concurrent Rebuild Remembered Sets
[2024-02-06T12:23:21.711+0000][1536][gc,marking  ] GC(559) Concurrent Rebuild Remembered Sets 113.372ms
[2024-02-06T12:23:21.711+0000][1536][gc,start    ] GC(559) Pause Cleanup
[2024-02-06T12:23:21.712+0000][1536][gc          ] GC(559) Pause Cleanup 1198M->1198M(4040M) 0.844ms
[2024-02-06T12:23:21.712+0000][1536][gc,cpu      ] GC(559) User=0.00s Sys=0.00s Real=0.00s
[2024-02-06T12:23:21.712+0000][1536][safepoint   ] Safepoint "G1Concurrent", Time since last: 113476200 ns, Reaching safepoint: 56400 ns, At safepoint: 901100 ns, Total: 957500 ns
[2024-02-06T12:23:21.712+0000][1536][gc,marking  ] GC(559) Concurrent Cleanup for Next Mark
[2024-02-06T12:23:21.723+0000][1536][gc,marking  ] GC(559) Concurrent Cleanup for Next Mark 11.463ms
[2024-02-06T12:23:21.723+0000][1536][gc          ] GC(559) Concurrent Mark Cycle 398.793ms
[2024-02-06T12:23:41.949+0000][1536][gc,start    ] GC(560) Pause Young (Prepare Mixed) (G1 Evacuation Pause)
[2024-02-06T12:23:41.949+0000][1536][gc,task     ] GC(560) Using 8 workers of 8 for evacuation
[2024-02-06T12:23:41.949+0000][1536][gc,age      ] GC(560) Desired survivor size 142606336 bytes, new threshold 2 (max threshold 15)
[2024-02-06T12:23:42.047+0000][1536][gc,phases   ] GC(560)   Pre Evacuate Collection Set: 0.3ms
[2024-02-06T12:23:42.047+0000][1536][gc,phases   ] GC(560)   Merge Heap Roots: 0.4ms
[2024-02-06T12:23:42.047+0000][1536][gc,phases   ] GC(560)   Evacuate Collection Set: 93.9ms
[2024-02-06T12:23:42.047+0000][1536][gc,phases   ] GC(560)   Post Evacuate Collection Set: 1.1ms
[2024-02-06T12:23:42.047+0000][1536][gc,phases   ] GC(560)   Other: 1.7ms
[2024-02-06T12:23:42.047+0000][1536][gc,age      ] GC(560) Age table with threshold 2 (max threshold 15)
[2024-02-06T12:23:42.047+0000][1536][gc,age      ] GC(560) - age   1:   87903248 bytes,   87903248 total
[2024-02-06T12:23:42.047+0000][1536][gc,age      ] GC(560) - age   2:   69756648 bytes,  157659896 total
[2024-02-06T12:23:42.047+0000][1536][gc,heap     ] GC(560) Eden regions: 501->0(10)
[2024-02-06T12:23:42.047+0000][1536][gc,heap     ] GC(560) Survivor regions: 40->40(68)
[2024-02-06T12:23:42.047+0000][1536][gc,heap     ] GC(560) Old regions: 249->265
[2024-02-06T12:23:42.047+0000][1536][gc,heap     ] GC(560) Archive regions: 0->0
[2024-02-06T12:23:42.047+0000][1536][gc,heap     ] GC(560) Humongous regions: 2->2
[2024-02-06T12:23:42.047+0000][1536][gc,metaspace] GC(560) Metaspace: 132328K(138240K)->132328K(138240K) NonClass: 115276K(118976K)->115276K(118976K) Class: 17052K(19264K)->17052K(19264K)
[2024-02-06T12:23:42.047+0000][1536][gc          ] GC(560) Pause Young (Prepare Mixed) (G1 Evacuation Pause) 3162M->1223M(4040M) 97.834ms
[2024-02-06T12:23:42.047+0000][1536][gc,cpu      ] GC(560) User=0.52s Sys=0.12s Real=0.10s
[2024-02-06T12:23:42.047+0000][1536][safepoint   ] Safepoint "G1CollectForAllocation", Time since last: 20237186100 ns, Reaching safepoint: 114500 ns, At safepoint: 98044900 ns, Total: 98159400 ns
[2024-02-06T12:23:42.364+0000][1536][gc,start    ] GC(561) Pause Young (Mixed) (G1 Evacuation Pause)
[2024-02-06T12:23:42.364+0000][1536][gc,task     ] GC(561) Using 8 workers of 8 for evacuation
[2024-02-06T12:23:42.364+0000][1536][gc,age      ] GC(561) Desired survivor size 14680064 bytes, new threshold 1 (max threshold 15)
[2024-02-06T12:23:42.550+0000][1536][gc,phases   ] GC(561)   Pre Evacuate Collection Set: 0.2ms
[2024-02-06T12:23:42.550+0000][1536][gc,phases   ] GC(561)   Merge Heap Roots: 0.4ms
[2024-02-06T12:23:42.550+0000][1536][gc,phases   ] GC(561)   Evacuate Collection Set: 189.0ms
[2024-02-06T12:23:42.550+0000][1536][gc,phases   ] GC(561)   Post Evacuate Collection Set: 2.1ms
[2024-02-06T12:23:42.550+0000][1536][gc,phases   ] GC(561)   Other: 0.3ms
[2024-02-06T12:23:42.550+0000][1536][gc,age      ] GC(561) Age table with threshold 1 (max threshold 15)
[2024-02-06T12:23:42.550+0000][1536][gc,age      ] GC(561) - age   1:    1169144 bytes,    1169144 total
[2024-02-06T12:23:42.550+0000][1536][gc,heap     ] GC(561) Eden regions: 10->0(549)
[2024-02-06T12:23:42.550+0000][1536][gc,heap     ] GC(561) Survivor regions: 40->4(7)
[2024-02-06T12:23:42.550+0000][1536][gc,heap     ] GC(561) Old regions: 265->231
[2024-02-06T12:23:42.550+0000][1536][gc,heap     ] GC(561) Archive regions: 0->0
[2024-02-06T12:23:42.550+0000][1536][gc,heap     ] GC(561) Humongous regions: 2->2
[2024-02-06T12:23:42.550+0000][1536][gc,metaspace] GC(561) Metaspace: 132328K(138240K)->132328K(138240K) NonClass: 115276K(118976K)->115276K(118976K) Class: 17052K(19264K)->17052K(19264K)
[2024-02-06T12:23:42.550+0000][1536][gc          ] GC(561) Pause Young (Mixed) (G1 Evacuation Pause) 1263M->947M(4040M) 192.386ms
[2024-02-06T12:23:42.550+0000][1536][gc,cpu      ] GC(561) User=0.50s Sys=0.56s Real=0.19s
[2024-02-06T12:23:42.550+0000][1536][safepoint   ] Safepoint "G1CollectForAllocation", Time since last: 317275300 ns, Reaching safepoint: 145300 ns, At safepoint: 193017700 ns, Total: 193163000 ns
[2024-02-06T12:24:15.979+0000][1536][gc,start    ] GC(562) Pause Young (Normal) (G1 Evacuation Pause)
[2024-02-06T12:24:15.979+0000][1536][gc,task     ] GC(562) Using 8 workers of 8 for evacuation
[2024-02-06T12:24:15.979+0000][1536][gc,age      ] GC(562) Desired survivor size 146800640 bytes, new threshold 15 (max threshold 15)
[2024-02-06T12:24:16.058+0000][1536][gc,phases   ] GC(562)   Pre Evacuate Collection Set: 0.4ms
[2024-02-06T12:24:16.058+0000][1536][gc,phases   ] GC(562)   Merge Heap Roots: 0.5ms
[2024-02-06T12:24:16.058+0000][1536][gc,phases   ] GC(562)   Evacuate Collection Set: 67.1ms
[2024-02-06T12:24:16.058+0000][1536][gc,phases   ] GC(562)   Post Evacuate Collection Set: 2.5ms
[2024-02-06T12:24:16.058+0000][1536][gc,phases   ] GC(562)   Other: 0.5ms
[2024-02-06T12:24:16.058+0000][1536][gc,age      ] GC(562) Age table with threshold 15 (max threshold 15)
[2024-02-06T12:24:16.058+0000][1536][gc,age      ] GC(562) - age   1:   97189096 bytes,   97189096 total
[2024-02-06T12:24:16.058+0000][1536][gc,age      ] GC(562) - age   2:     521696 bytes,   97710792 total
[2024-02-06T12:24:16.058+0000][1536][gc,heap     ] GC(562) Eden regions: 549->0(530)
[2024-02-06T12:24:16.058+0000][1536][gc,heap     ] GC(562) Survivor regions: 4->25(70)
[2024-02-06T12:24:16.058+0000][1536][gc,heap     ] GC(562) Old regions: 231->231
[2024-02-06T12:24:16.058+0000][1536][gc,heap     ] GC(562) Archive regions: 0->0
[2024-02-06T12:24:16.059+0000][1536][gc,heap     ] GC(562) Humongous regions: 2->2
[2024-02-06T12:24:16.059+0000][1536][gc,metaspace] GC(562) Metaspace: 132328K(138240K)->132328K(138240K) NonClass: 115276K(118976K)->115276K(118976K) Class: 17052K(19264K)->17052K(19264K)
[2024-02-06T12:24:16.059+0000][1536][gc          ] GC(562) Pause Young (Normal) (G1 Evacuation Pause) 3143M->1029M(4040M) 71.851ms
[2024-02-06T12:24:16.059+0000][1536][gc,cpu      ] GC(562) User=0.58s Sys=0.00s Real=0.08s
[2024-02-06T12:24:16.059+0000][1536][safepoint   ] Safepoint "G1CollectForAllocation", Time since last: 33429298900 ns, Reaching safepoint: 213600 ns, At safepoint: 72106000 ns, Total: 72319600 ns
[2024-02-06T12:24:41.024+0000][1536][gc,start    ] GC(563) Pause Young (Normal) (G1 Evacuation Pause)
[2024-02-06T12:24:41.024+0000][1536][gc,task     ] GC(563) Using 8 workers of 8 for evacuation
[2024-02-06T12:24:41.024+0000][1536][gc,age      ] GC(563) Desired survivor size 146800640 bytes, new threshold 15 (max threshold 15)
[2024-02-06T12:24:41.132+0000][1536][gc,phases   ] GC(563)   Pre Evacuate Collection Set: 0.4ms
[2024-02-06T12:24:41.132+0000][1536][gc,phases   ] GC(563)   Merge Heap Roots: 0.5ms
[2024-02-06T12:24:41.132+0000][1536][gc,phases   ] GC(563)   Evacuate Collection Set: 93.1ms
[2024-02-06T12:24:41.132+0000][1536][gc,phases   ] GC(563)   Post Evacuate Collection Set: 1.5ms
[2024-02-06T12:24:41.132+0000][1536][gc,phases   ] GC(563)   Other: 2.8ms
[2024-02-06T12:24:41.132+0000][1536][gc,age      ] GC(563) Age table with threshold 15 (max threshold 15)
[2024-02-06T12:24:41.132+0000][1536][gc,age      ] GC(563) - age   1:   86401112 bytes,   86401112 total
[2024-02-06T12:24:41.132+0000][1536][gc,age      ] GC(563) - age   2:   78726256 bytes,  165127368 total
[2024-02-06T12:24:41.132+0000][1536][gc,age      ] GC(563) - age   3:     520464 bytes,  165647832 total
[2024-02-06T12:24:41.132+0000][1536][gc,heap     ] GC(563) Eden regions: 530->0(515)
[2024-02-06T12:24:41.132+0000][1536][gc,heap     ] GC(563) Survivor regions: 25->42(70)
[2024-02-06T12:24:41.132+0000][1536][gc,heap     ] GC(563) Old regions: 231->231
[2024-02-06T12:24:41.132+0000][1536][gc,heap     ] GC(563) Archive regions: 0->0
[2024-02-06T12:24:41.132+0000][1536][gc,heap     ] GC(563) Humongous regions: 2->2
[2024-02-06T12:24:41.132+0000][1536][gc,metaspace] GC(563) Metaspace: 132328K(138240K)->132328K(138240K) NonClass: 115276K(118976K)->115276K(118976K) Class: 17052K(19264K)->17052K(19264K)
[2024-02-06T12:24:41.132+0000][1536][gc          ] GC(563) Pause Young (Normal) (G1 Evacuation Pause) 3149M->1097M(4040M) 98.952ms
[2024-02-06T12:24:41.132+0000][1536][gc,cpu      ] GC(563) User=0.83s Sys=0.00s Real=0.11s
[2024-02-06T12:24:41.132+0000][1536][safepoint   ] Safepoint "G1CollectForAllocation", Time since last: 24973450700 ns, Reaching safepoint: 211600 ns, At safepoint: 99158600 ns, Total: 99370200 ns
[2024-02-06T12:25:07.621+0000][1536][gc,start    ] GC(564) Pause Young (Concurrent Start) (G1 Evacuation Pause)
[2024-02-06T12:25:07.621+0000][1536][gc,task     ] GC(564) Using 8 workers of 8 for evacuation
[2024-02-06T12:25:07.621+0000][1536][gc,age      ] GC(564) Desired survivor size 146800640 bytes, new threshold 2 (max threshold 15)
[2024-02-06T12:25:07.723+0000][1536][gc,phases   ] GC(564)   Pre Evacuate Collection Set: 0.9ms
[2024-02-06T12:25:07.723+0000][1536][gc,phases   ] GC(564)   Merge Heap Roots: 0.5ms
[2024-02-06T12:25:07.723+0000][1536][gc,phases   ] GC(564)   Evacuate Collection Set: 98.2ms
[2024-02-06T12:25:07.723+0000][1536][gc,phases   ] GC(564)   Post Evacuate Collection Set: 1.7ms
[2024-02-06T12:25:07.723+0000][1536][gc,phases   ] GC(564)   Other: 0.4ms
[2024-02-06T12:25:07.723+0000][1536][gc,age      ] GC(564) Age table with threshold 2 (max threshold 15)
[2024-02-06T12:25:07.723+0000][1536][gc,age      ] GC(564) - age   1:   83222032 bytes,   83222032 total
[2024-02-06T12:25:07.723+0000][1536][gc,age      ] GC(564) - age   2:   68922832 bytes,  152144864 total
[2024-02-06T12:25:07.723+0000][1536][gc,heap     ] GC(564) Eden regions: 515->0(504)
[2024-02-06T12:25:07.723+0000][1536][gc,heap     ] GC(564) Survivor regions: 42->39(70)
[2024-02-06T12:25:07.723+0000][1536][gc,heap     ] GC(564) Old regions: 231->248
[2024-02-06T12:25:07.723+0000][1536][gc,heap     ] GC(564) Archive regions: 0->0
[2024-02-06T12:25:07.723+0000][1536][gc,heap     ] GC(564) Humongous regions: 2->2
[2024-02-06T12:25:07.723+0000][1536][gc,metaspace] GC(564) Metaspace: 132328K(138240K)->132328K(138240K) NonClass: 115276K(118976K)->115276K(118976K) Class: 17052K(19264K)->17052K(19264K)
[2024-02-06T12:25:07.723+0000][1536][gc          ] GC(564) Pause Young (Concurrent Start) (G1 Evacuation Pause) 3157M->1151M(4040M) 102.346ms
[2024-02-06T12:25:07.723+0000][1536][gc          ] GC(565) Concurrent Mark Cycle
[2024-02-06T12:25:07.723+0000][1536][gc,cpu      ] GC(564) User=0.70s Sys=0.03s Real=0.10s
[2024-02-06T12:25:07.723+0000][1536][gc,marking  ] GC(565) Concurrent Clear Claimed Marks
[2024-02-06T12:25:07.723+0000][1536][safepoint   ] Safepoint "G1CollectForAllocation", Time since last: 26447634200 ns, Reaching safepoint: 41426400 ns, At safepoint: 102762000 ns, Total: 144188400 ns
[2024-02-06T12:25:07.724+0000][1536][gc,marking  ] GC(565) Concurrent Clear Claimed Marks 0.335ms
[2024-02-06T12:25:07.724+0000][1536][gc,marking  ] GC(565) Concurrent Scan Root Regions
[2024-02-06T12:25:07.777+0000][1536][gc,marking  ] GC(565) Concurrent Scan Root Regions 57.288ms
[2024-02-06T12:25:07.777+0000][1536][gc,marking  ] GC(565) Concurrent Mark
[2024-02-06T12:25:07.777+0000][1536][gc,marking  ] GC(565) Concurrent Mark From Roots
[2024-02-06T12:25:07.777+0000][1536][gc,task     ] GC(565) Using 2 workers of 2 for marking
[2024-02-06T12:25:08.069+0000][1536][gc,marking  ] GC(565) Concurrent Mark From Roots 291.321ms
[2024-02-06T12:25:08.069+0000][1536][gc,marking  ] GC(565) Concurrent Preclean
[2024-02-06T12:25:08.069+0000][1536][gc,marking  ] GC(565) Concurrent Preclean 1.011ms
[2024-02-06T12:25:08.069+0000][1536][gc,start    ] GC(565) Pause Remark
[2024-02-06T12:25:08.087+0000][1536][gc          ] GC(565) Pause Remark 1189M->1189M(4040M) 23.384ms
[2024-02-06T12:25:08.087+0000][1536][gc,cpu      ] GC(565) User=0.12s Sys=0.00s Real=0.02s
[2024-02-06T12:25:08.087+0000][1536][safepoint   ] Safepoint "G1Concurrent", Time since last: 349991600 ns, Reaching safepoint: 117700 ns, At safepoint: 23572600 ns, Total: 23690300 ns
[2024-02-06T12:25:08.087+0000][1536][gc,marking  ] GC(565) Concurrent Mark 316.239ms
[2024-02-06T12:25:08.087+0000][1536][gc,marking  ] GC(565) Concurrent Rebuild Remembered Sets
[2024-02-06T12:25:08.365+0000][1536][gc,marking  ] GC(565) Concurrent Rebuild Remembered Sets 267.507ms
[2024-02-06T12:25:08.365+0000][1536][gc,start    ] GC(565) Pause Cleanup
[2024-02-06T12:25:08.366+0000][1536][gc          ] GC(565) Pause Cleanup 1215M->1215M(4040M) 0.563ms
[2024-02-06T12:25:08.366+0000][1536][gc,cpu      ] GC(565) User=0.00s Sys=0.00s Real=0.00s
[2024-02-06T12:25:08.366+0000][1536][safepoint   ] Safepoint "G1Concurrent", Time since last: 267728800 ns, Reaching safepoint: 109500 ns, At safepoint: 692600 ns, Total: 802100 ns
[2024-02-06T12:25:08.366+0000][1536][gc,marking  ] GC(565) Concurrent Cleanup for Next Mark
[2024-02-06T12:25:08.372+0000][1536][gc,marking  ] GC(565) Concurrent Cleanup for Next Mark 10.486ms
[2024-02-06T12:25:08.372+0000][1536][gc          ] GC(565) Concurrent Mark Cycle 653.142ms
[2024-02-06T12:25:33.636+0000][1536][gc,start    ] GC(566) Pause Young (Prepare Mixed) (G1 Evacuation Pause)
[2024-02-06T12:25:33.636+0000][1536][gc,task     ] GC(566) Using 8 workers of 8 for evacuation
[2024-02-06T12:25:33.636+0000][1536][gc,age      ] GC(566) Desired survivor size 142606336 bytes, new threshold 2 (max threshold 15)
[2024-02-06T12:25:33.743+0000][1536][gc,phases   ] GC(566)   Pre Evacuate Collection Set: 0.3ms
[2024-02-06T12:25:33.744+0000][1536][gc,phases   ] GC(566)   Merge Heap Roots: 0.4ms
[2024-02-06T12:25:33.744+0000][1536][gc,phases   ] GC(566)   Evacuate Collection Set: 93.0ms
[2024-02-06T12:25:33.744+0000][1536][gc,phases   ] GC(566)   Post Evacuate Collection Set: 1.5ms
[2024-02-06T12:25:33.744+0000][1536][gc,phases   ] GC(566)   Other: 0.5ms
[2024-02-06T12:25:33.744+0000][1536][gc,age      ] GC(566) Age table with threshold 2 (max threshold 15)
[2024-02-06T12:25:33.744+0000][1536][gc,age      ] GC(566) - age   1:   93447512 bytes,   93447512 total
[2024-02-06T12:25:33.744+0000][1536][gc,age      ] GC(566) - age   2:   68198920 bytes,  161646432 total
[2024-02-06T12:25:33.744+0000][1536][gc,heap     ] GC(566) Eden regions: 504->0(9)
[2024-02-06T12:25:33.744+0000][1536][gc,heap     ] GC(566) Survivor regions: 39->41(68)
[2024-02-06T12:25:33.744+0000][1536][gc,heap     ] GC(566) Old regions: 248->262
[2024-02-06T12:25:33.744+0000][1536][gc,heap     ] GC(566) Archive regions: 0->0
[2024-02-06T12:25:33.744+0000][1536][gc,heap     ] GC(566) Humongous regions: 2->2
[2024-02-06T12:25:33.744+0000][1536][gc,metaspace] GC(566) Metaspace: 132335K(138240K)->132335K(138240K) NonClass: 115282K(118976K)->115282K(118976K) Class: 17052K(19264K)->17052K(19264K)
[2024-02-06T12:25:33.744+0000][1536][gc          ] GC(566) Pause Young (Prepare Mixed) (G1 Evacuation Pause) 3167M->1217M(4040M) 96.057ms
[2024-02-06T12:25:33.744+0000][1536][gc,cpu      ] GC(566) User=0.58s Sys=0.16s Real=0.11s
[2024-02-06T12:25:33.744+0000][1536][safepoint   ] Safepoint "G1CollectForAllocation", Time since last: 25281937600 ns, Reaching safepoint: 178900 ns, At safepoint: 96283000 ns, Total: 96461900 ns
[2024-02-06T12:25:33.972+0000][1536][gc,start    ] GC(567) Pause Young (Mixed) (G1 Evacuation Pause)
[2024-02-06T12:25:33.972+0000][1536][gc,task     ] GC(567) Using 8 workers of 8 for evacuation
[2024-02-06T12:25:33.972+0000][1536][gc,age      ] GC(567) Desired survivor size 14680064 bytes, new threshold 1 (max threshold 15)
[2024-02-06T12:25:34.160+0000][1536][gc,phases   ] GC(567)   Pre Evacuate Collection Set: 0.2ms
[2024-02-06T12:25:34.160+0000][1536][gc,phases   ] GC(567)   Merge Heap Roots: 0.3ms
[2024-02-06T12:25:34.160+0000][1536][gc,phases   ] GC(567)   Evacuate Collection Set: 172.9ms
[2024-02-06T12:25:34.160+0000][1536][gc,phases   ] GC(567)   Post Evacuate Collection Set: 2.3ms
[2024-02-06T12:25:34.160+0000][1536][gc,phases   ] GC(567)   Other: 0.2ms
[2024-02-06T12:25:34.160+0000][1536][gc,age      ] GC(567) Age table with threshold 1 (max threshold 15)
[2024-02-06T12:25:34.160+0000][1536][gc,age      ] GC(567) - age   1:    1724968 bytes,    1724968 total
[2024-02-06T12:25:34.160+0000][1536][gc,heap     ] GC(567) Eden regions: 9->0(542)
[2024-02-06T12:25:34.160+0000][1536][gc,heap     ] GC(567) Survivor regions: 41->4(7)
[2024-02-06T12:25:34.160+0000][1536][gc,heap     ] GC(567) Old regions: 262->230
[2024-02-06T12:25:34.160+0000][1536][gc,heap     ] GC(567) Archive regions: 0->0
[2024-02-06T12:25:34.160+0000][1536][gc,heap     ] GC(567) Humongous regions: 2->2
[2024-02-06T12:25:34.160+0000][1536][gc,metaspace] GC(567) Metaspace: 132335K(138240K)->132335K(138240K) NonClass: 115282K(118976K)->115282K(118976K) Class: 17052K(19264K)->17052K(19264K)
[2024-02-06T12:25:34.160+0000][1536][gc          ] GC(567) Pause Young (Mixed) (G1 Evacuation Pause) 1253M->942M(4040M) 176.342ms
[2024-02-06T12:25:34.160+0000][1536][gc,cpu      ] GC(567) User=0.36s Sys=0.69s Real=0.19s
[2024-02-06T12:25:34.165+0000][1536][safepoint   ] Safepoint "G1CollectForAllocation", Time since last: 241954000 ns, Reaching safepoint: 128400 ns, At safepoint: 179361100 ns, Total: 179489500 ns
[2024-02-06T12:25:37.193+0000][1536][safepoint   ] Safepoint "Cleanup", Time since last: 3026873700 ns, Reaching safepoint: 305000 ns, At safepoint: 122200 ns, Total: 427200 ns
[2024-02-06T12:25:59.842+0000][1536][gc,start    ] GC(568) Pause Young (Normal) (G1 Evacuation Pause)
[2024-02-06T12:25:59.842+0000][1536][gc,task     ] GC(568) Using 8 workers of 8 for evacuation
[2024-02-06T12:25:59.842+0000][1536][gc,age      ] GC(568) Desired survivor size 144703488 bytes, new threshold 15 (max threshold 15)
[2024-02-06T12:25:59.915+0000][1536][gc,phases   ] GC(568)   Pre Evacuate Collection Set: 0.3ms
[2024-02-06T12:25:59.915+0000][1536][gc,phases   ] GC(568)   Merge Heap Roots: 0.5ms
[2024-02-06T12:25:59.915+0000][1536][gc,phases   ] GC(568)   Evacuate Collection Set: 67.8ms
[2024-02-06T12:25:59.915+0000][1536][gc,phases   ] GC(568)   Post Evacuate Collection Set: 2.9ms
[2024-02-06T12:25:59.915+0000][1536][gc,phases   ] GC(568)   Other: 0.5ms
[2024-02-06T12:25:59.915+0000][1536][gc,age      ] GC(568) Age table with threshold 15 (max threshold 15)
[2024-02-06T12:25:59.916+0000][1536][gc,age      ] GC(568) - age   1:   89283776 bytes,   89283776 total
[2024-02-06T12:25:59.916+0000][1536][gc,age      ] GC(568) - age   2:     883016 bytes,   90166792 total
[2024-02-06T12:25:59.916+0000][1536][gc,heap     ] GC(568) Eden regions: 542->0(530)
[2024-02-06T12:25:59.916+0000][1536][gc,heap     ] GC(568) Survivor regions: 4->23(69)
[2024-02-06T12:25:59.916+0000][1536][gc,heap     ] GC(568) Old regions: 230->230
[2024-02-06T12:25:59.916+0000][1536][gc,heap     ] GC(568) Archive regions: 0->0
[2024-02-06T12:25:59.916+0000][1536][gc,heap     ] GC(568) Humongous regions: 2->2
[2024-02-06T12:25:59.916+0000][1536][gc,metaspace] GC(568) Metaspace: 132335K(138240K)->132335K(138240K) NonClass: 115282K(118976K)->115282K(118976K) Class: 17052K(19264K)->17052K(19264K)
[2024-02-06T12:25:59.916+0000][1536][gc          ] GC(568) Pause Young (Normal) (G1 Evacuation Pause) 3110M->1015M(4040M) 73.819ms
[2024-02-06T12:25:59.917+0000][1536][gc,cpu      ] GC(568) User=0.55s Sys=0.02s Real=0.08s
[2024-02-06T12:25:59.917+0000][1536][safepoint   ] Safepoint "G1CollectForAllocation", Time since last: 22608887100 ns, Reaching safepoint: 40357100 ns, At safepoint: 74508800 ns, Total: 114865900 ns
[2024-02-06T12:26:25.261+0000][1536][gc,start    ] GC(569) Pause Young (Normal) (G1 Evacuation Pause)
[2024-02-06T12:26:25.261+0000][1536][gc,task     ] GC(569) Using 8 workers of 8 for evacuation
[2024-02-06T12:26:25.261+0000][1536][gc,age      ] GC(569) Desired survivor size 146800640 bytes, new threshold 15 (max threshold 15)
[2024-02-06T12:26:25.324+0000][1536][gc,phases   ] GC(569)   Pre Evacuate Collection Set: 0.2ms
[2024-02-06T12:26:25.324+0000][1536][gc,phases   ] GC(569)   Merge Heap Roots: 0.3ms
[2024-02-06T12:26:25.324+0000][1536][gc,phases   ] GC(569)   Evacuate Collection Set: 59.7ms
[2024-02-06T12:26:25.324+0000][1536][gc,phases   ] GC(569)   Post Evacuate Collection Set: 2.1ms
[2024-02-06T12:26:25.324+0000][1536][gc,phases   ] GC(569)   Other: 0.2ms
[2024-02-06T12:26:25.324+0000][1536][gc,age      ] GC(569) Age table with threshold 15 (max threshold 15)
[2024-02-06T12:26:25.324+0000][1536][gc,age      ] GC(569) - age   1:   95906104 bytes,   95906104 total
[2024-02-06T12:26:25.324+0000][1536][gc,age      ] GC(569) - age   2:   71406528 bytes,  167312632 total
[2024-02-06T12:26:25.324+0000][1536][gc,age      ] GC(569) - age   3:     802496 bytes,  168115128 total
[2024-02-06T12:26:25.324+0000][1536][gc,heap     ] GC(569) Eden regions: 530->0(514)
[2024-02-06T12:26:25.324+0000][1536][gc,heap     ] GC(569) Survivor regions: 23->42(70)
[2024-02-06T12:26:25.324+0000][1536][gc,heap     ] GC(569) Old regions: 230->230
[2024-02-06T12:26:25.324+0000][1536][gc,heap     ] GC(569) Archive regions: 0->0
[2024-02-06T12:26:25.324+0000][1536][gc,heap     ] GC(569) Humongous regions: 2->2
[2024-02-06T12:26:25.324+0000][1536][gc,metaspace] GC(569) Metaspace: 132335K(138240K)->132335K(138240K) NonClass: 115282K(118976K)->115282K(118976K) Class: 17052K(19264K)->17052K(19264K)
[2024-02-06T12:26:25.324+0000][1536][gc          ] GC(569) Pause Young (Normal) (G1 Evacuation Pause) 3135M->1094M(4040M) 62.971ms
[2024-02-06T12:26:25.324+0000][1536][gc,cpu      ] GC(569) User=0.41s Sys=0.05s Real=0.06s
[2024-02-06T12:26:25.325+0000][1536][safepoint   ] Safepoint "G1CollectForAllocation", Time since last: 25344385700 ns, Reaching safepoint: 96300 ns, At safepoint: 63211500 ns, Total: 63307800 ns
[2024-02-06T12:26:54.879+0000][1536][gc,start    ] GC(570) Pause Young (Concurrent Start) (G1 Evacuation Pause)
[2024-02-06T12:26:54.879+0000][1536][gc,task     ] GC(570) Using 8 workers of 8 for evacuation
[2024-02-06T12:26:54.879+0000][1536][gc,age      ] GC(570) Desired survivor size 146800640 bytes, new threshold 2 (max threshold 15)
[2024-02-06T12:26:54.970+0000][1536][gc,phases   ] GC(570)   Pre Evacuate Collection Set: 0.5ms
[2024-02-06T12:26:54.970+0000][1536][gc,phases   ] GC(570)   Merge Heap Roots: 0.3ms
[2024-02-06T12:26:54.970+0000][1536][gc,phases   ] GC(570)   Evacuate Collection Set: 83.2ms
[2024-02-06T12:26:54.970+0000][1536][gc,phases   ] GC(570)   Post Evacuate Collection Set: 1.2ms
[2024-02-06T12:26:54.970+0000][1536][gc,phases   ] GC(570)   Other: 0.3ms
[2024-02-06T12:26:54.970+0000][1536][gc,age      ] GC(570) Age table with threshold 2 (max threshold 15)
[2024-02-06T12:26:54.970+0000][1536][gc,age      ] GC(570) - age   1:   84944896 bytes,   84944896 total
[2024-02-06T12:26:54.970+0000][1536][gc,age      ] GC(570) - age   2:   80022520 bytes,  164967416 total
[2024-02-06T12:26:54.970+0000][1536][gc,heap     ] GC(570) Eden regions: 514->0(503)
[2024-02-06T12:26:54.970+0000][1536][gc,heap     ] GC(570) Survivor regions: 42->42(70)
[2024-02-06T12:26:54.970+0000][1536][gc,heap     ] GC(570) Old regions: 230->244
[2024-02-06T12:26:54.970+0000][1536][gc,heap     ] GC(570) Archive regions: 0->0
[2024-02-06T12:26:54.970+0000][1536][gc,heap     ] GC(570) Humongous regions: 2->2
[2024-02-06T12:26:54.970+0000][1536][gc,metaspace] GC(570) Metaspace: 132335K(138240K)->132335K(138240K) NonClass: 115282K(118976K)->115282K(118976K) Class: 17052K(19264K)->17052K(19264K)
[2024-02-06T12:26:54.970+0000][1536][gc          ] GC(570) Pause Young (Concurrent Start) (G1 Evacuation Pause) 3150M->1148M(4040M) 86.014ms
[2024-02-06T12:26:54.970+0000][1536][gc          ] GC(571) Concurrent Mark Cycle
[2024-02-06T12:26:54.970+0000][1536][gc,cpu      ] GC(570) User=0.48s Sys=0.12s Real=0.09s
[2024-02-06T12:26:54.970+0000][1536][gc,marking  ] GC(571) Concurrent Clear Claimed Marks
[2024-02-06T12:26:54.970+0000][1536][safepoint   ] Safepoint "G1CollectForAllocation", Time since last: 29560552200 ns, Reaching safepoint: 99400 ns, At safepoint: 86476200 ns, Total: 86575600 ns
[2024-02-06T12:26:54.970+0000][1536][gc,marking  ] GC(571) Concurrent Clear Claimed Marks 0.338ms
[2024-02-06T12:26:54.970+0000][1536][gc,marking  ] GC(571) Concurrent Scan Root Regions
[2024-02-06T12:26:55.020+0000][1536][gc,marking  ] GC(571) Concurrent Scan Root Regions 49.400ms
[2024-02-06T12:26:55.020+0000][1536][gc,marking  ] GC(571) Concurrent Mark
[2024-02-06T12:26:55.020+0000][1536][gc,marking  ] GC(571) Concurrent Mark From Roots
[2024-02-06T12:26:55.020+0000][1536][gc,task     ] GC(571) Using 2 workers of 2 for marking
[2024-02-06T12:26:55.351+0000][1536][gc,marking  ] GC(571) Concurrent Mark From Roots 330.405ms
[2024-02-06T12:26:55.351+0000][1536][gc,marking  ] GC(571) Concurrent Preclean
[2024-02-06T12:26:55.351+0000][1536][gc,marking  ] GC(571) Concurrent Preclean 1.144ms
[2024-02-06T12:26:55.351+0000][1536][gc,start    ] GC(571) Pause Remark
[2024-02-06T12:26:55.371+0000][1536][gc          ] GC(571) Pause Remark 1224M->1224M(4040M) 17.920ms
[2024-02-06T12:26:55.371+0000][1536][gc,cpu      ] GC(571) User=0.11s Sys=0.00s Real=0.02s
[2024-02-06T12:26:55.372+0000][1536][safepoint   ] Safepoint "G1Concurrent", Time since last: 381350800 ns, Reaching safepoint: 57400 ns, At safepoint: 18592700 ns, Total: 18650100 ns
[2024-02-06T12:26:55.372+0000][1536][gc,marking  ] GC(571) Concurrent Mark 350.508ms
[2024-02-06T12:26:55.372+0000][1536][gc,marking  ] GC(571) Concurrent Rebuild Remembered Sets
[2024-02-06T12:26:55.599+0000][1536][gc,marking  ] GC(571) Concurrent Rebuild Remembered Sets 230.228ms
[2024-02-06T12:26:55.599+0000][1536][gc,start    ] GC(571) Pause Cleanup
[2024-02-06T12:26:55.603+0000][1536][gc          ] GC(571) Pause Cleanup 1272M->1272M(4040M) 0.766ms
[2024-02-06T12:26:55.603+0000][1536][gc,cpu      ] GC(571) User=0.00s Sys=0.00s Real=0.00s
[2024-02-06T12:26:55.603+0000][1536][safepoint   ] Safepoint "G1Concurrent", Time since last: 230540300 ns, Reaching safepoint: 85000 ns, At safepoint: 953600 ns, Total: 1038600 ns
[2024-02-06T12:26:55.603+0000][1536][gc,marking  ] GC(571) Concurrent Cleanup for Next Mark
[2024-02-06T12:26:55.607+0000][1536][gc,marking  ] GC(571) Concurrent Cleanup for Next Mark 9.839ms
[2024-02-06T12:26:55.607+0000][1536][gc          ] GC(571) Concurrent Mark Cycle 641.956ms
[2024-02-06T12:27:27.965+0000][1536][gc,start    ] GC(572) Pause Young (Prepare Mixed) (G1 Evacuation Pause)
[2024-02-06T12:27:27.965+0000][1536][gc,task     ] GC(572) Using 8 workers of 8 for evacuation
[2024-02-06T12:27:27.965+0000][1536][gc,age      ] GC(572) Desired survivor size 144703488 bytes, new threshold 2 (max threshold 15)
[2024-02-06T12:27:28.052+0000][1536][gc,phases   ] GC(572)   Pre Evacuate Collection Set: 0.2ms
[2024-02-06T12:27:28.052+0000][1536][gc,phases   ] GC(572)   Merge Heap Roots: 0.3ms
[2024-02-06T12:27:28.052+0000][1536][gc,phases   ] GC(572)   Evacuate Collection Set: 84.1ms
[2024-02-06T12:27:28.052+0000][1536][gc,phases   ] GC(572)   Post Evacuate Collection Set: 1.6ms
[2024-02-06T12:27:28.052+0000][1536][gc,phases   ] GC(572)   Other: 0.3ms
[2024-02-06T12:27:28.052+0000][1536][gc,age      ] GC(572) Age table with threshold 2 (max threshold 15)
[2024-02-06T12:27:28.052+0000][1536][gc,age      ] GC(572) - age   1:   81436800 bytes,   81436800 total
[2024-02-06T12:27:28.052+0000][1536][gc,age      ] GC(572) - age   2:   67750080 bytes,  149186880 total
[2024-02-06T12:27:28.052+0000][1536][gc,heap     ] GC(572) Eden regions: 503->0(13)
[2024-02-06T12:27:28.052+0000][1536][gc,heap     ] GC(572) Survivor regions: 42->37(69)
[2024-02-06T12:27:28.052+0000][1536][gc,heap     ] GC(572) Old regions: 244->260
[2024-02-06T12:27:28.052+0000][1536][gc,heap     ] GC(572) Archive regions: 0->0
[2024-02-06T12:27:28.052+0000][1536][gc,heap     ] GC(572) Humongous regions: 2->2
[2024-02-06T12:27:28.052+0000][1536][gc,metaspace] GC(572) Metaspace: 132335K(138240K)->132335K(138240K) NonClass: 115282K(118976K)->115282K(118976K) Class: 17052K(19264K)->17052K(19264K)
[2024-02-06T12:27:28.052+0000][1536][gc          ] GC(572) Pause Young (Prepare Mixed) (G1 Evacuation Pause) 3160M->1196M(4040M) 86.935ms
[2024-02-06T12:27:28.053+0000][1536][gc,cpu      ] GC(572) User=0.58s Sys=0.12s Real=0.09s
[2024-02-06T12:27:28.053+0000][1536][safepoint   ] Safepoint "G1CollectForAllocation", Time since last: 32361924100 ns, Reaching safepoint: 97000 ns, At safepoint: 87335800 ns, Total: 87432800 ns
[2024-02-06T12:27:28.735+0000][1536][gc,start    ] GC(573) Pause Young (Mixed) (G1 Evacuation Pause)
[2024-02-06T12:27:28.735+0000][1536][gc,task     ] GC(573) Using 8 workers of 8 for evacuation
[2024-02-06T12:27:28.735+0000][1536][gc,age      ] GC(573) Desired survivor size 14680064 bytes, new threshold 1 (max threshold 15)
[2024-02-06T12:27:29.020+0000][1536][gc,mmu      ] GC(573) MMU target violated: 201.0ms (200.0ms/201.0ms)
[2024-02-06T12:27:29.020+0000][1536][gc,phases   ] GC(573)   Pre Evacuate Collection Set: 0.3ms
[2024-02-06T12:27:29.020+0000][1536][gc,phases   ] GC(573)   Merge Heap Roots: 0.5ms
[2024-02-06T12:27:29.020+0000][1536][gc,phases   ] GC(573)   Evacuate Collection Set: 279.7ms
[2024-02-06T12:27:29.020+0000][1536][gc,phases   ] GC(573)   Post Evacuate Collection Set: 2.7ms
[2024-02-06T12:27:29.020+0000][1536][gc,phases   ] GC(573)   Other: 0.4ms
[2024-02-06T12:27:29.020+0000][1536][gc,age      ] GC(573) Age table with threshold 1 (max threshold 15)
[2024-02-06T12:27:29.020+0000][1536][gc,age      ] GC(573) - age   1:    3570616 bytes,    3570616 total
[2024-02-06T12:27:29.020+0000][1536][gc,heap     ] GC(573) Eden regions: 13->0(551)
[2024-02-06T12:27:29.020+0000][1536][gc,heap     ] GC(573) Survivor regions: 37->4(7)
[2024-02-06T12:27:29.020+0000][1536][gc,heap     ] GC(573) Old regions: 260->227
[2024-02-06T12:27:29.020+0000][1536][gc,heap     ] GC(573) Archive regions: 0->0
[2024-02-06T12:27:29.020+0000][1536][gc,heap     ] GC(573) Humongous regions: 2->2
[2024-02-06T12:27:29.020+0000][1536][gc,metaspace] GC(573) Metaspace: 132335K(138240K)->132335K(138240K) NonClass: 115282K(118976K)->115282K(118976K) Class: 17052K(19264K)->17052K(19264K)
[2024-02-06T12:27:29.020+0000][1536][gc          ] GC(573) Pause Young (Mixed) (G1 Evacuation Pause) 1248M->928M(4040M) 284.107ms
[2024-02-06T12:27:29.020+0000][1536][gc,cpu      ] GC(573) User=0.41s Sys=1.36s Real=0.29s
[2024-02-06T12:27:29.020+0000][1536][safepoint   ] Safepoint "G1CollectForAllocation", Time since last: 684089300 ns, Reaching safepoint: 201900 ns, At safepoint: 284558200 ns, Total: 284760100 ns
[2024-02-06T12:27:34.053+0000][1536][safepoint   ] Safepoint "Cleanup", Time since last: 5030582900 ns, Reaching safepoint: 233400 ns, At safepoint: 262100 ns, Total: 495500 ns
[2024-02-06T12:27:54.511+0000][1536][gc,start    ] GC(574) Pause Young (Normal) (G1 Evacuation Pause)
[2024-02-06T12:27:54.511+0000][1536][gc,task     ] GC(574) Using 8 workers of 8 for evacuation
[2024-02-06T12:27:54.511+0000][1536][gc,age      ] GC(574) Desired survivor size 146800640 bytes, new threshold 15 (max threshold 15)
[2024-02-06T12:27:54.562+0000][1536][gc,phases   ] GC(574)   Pre Evacuate Collection Set: 0.3ms
[2024-02-06T12:27:54.562+0000][1536][gc,phases   ] GC(574)   Merge Heap Roots: 0.3ms
[2024-02-06T12:27:54.562+0000][1536][gc,phases   ] GC(574)   Evacuate Collection Set: 38.3ms
[2024-02-06T12:27:54.562+0000][1536][gc,phases   ] GC(574)   Post Evacuate Collection Set: 1.4ms
[2024-02-06T12:27:54.562+0000][1536][gc,phases   ] GC(574)   Other: 0.3ms
[2024-02-06T12:27:54.562+0000][1536][gc,age      ] GC(574) Age table with threshold 15 (max threshold 15)
[2024-02-06T12:27:54.562+0000][1536][gc,age      ] GC(574) - age   1:   94988936 bytes,   94988936 total
[2024-02-06T12:27:54.562+0000][1536][gc,age      ] GC(574) - age   2:    1652888 bytes,   96641824 total
[2024-02-06T12:27:54.562+0000][1536][gc,heap     ] GC(574) Eden regions: 551->0(534)
[2024-02-06T12:27:54.562+0000][1536][gc,heap     ] GC(574) Survivor regions: 4->24(70)
[2024-02-06T12:27:54.562+0000][1536][gc,heap     ] GC(574) Old regions: 227->227
[2024-02-06T12:27:54.562+0000][1536][gc,heap     ] GC(574) Archive regions: 0->0
[2024-02-06T12:27:54.562+0000][1536][gc,heap     ] GC(574) Humongous regions: 2->2
[2024-02-06T12:27:54.562+0000][1536][gc,metaspace] GC(574) Metaspace: 132335K(138240K)->132335K(138240K) NonClass: 115282K(118976K)->115282K(118976K) Class: 17052K(19264K)->17052K(19264K)
[2024-02-06T12:27:54.562+0000][1536][gc          ] GC(574) Pause Young (Normal) (G1 Evacuation Pause) 3132M->1008M(4040M) 41.068ms
[2024-02-06T12:27:54.562+0000][1536][gc,cpu      ] GC(574) User=0.33s Sys=0.02s Real=0.05s
[2024-02-06T12:27:54.562+0000][1536][safepoint   ] Safepoint "G1CollectForAllocation", Time since last: 20468715400 ns, Reaching safepoint: 141000 ns, At safepoint: 41348900 ns, Total: 41489900 ns
[2024-02-06T12:28:31.125+0000][1536][gc,start    ] GC(575) Pause Young (Normal) (G1 Evacuation Pause)
[2024-02-06T12:28:31.125+0000][1536][gc,task     ] GC(575) Using 8 workers of 8 for evacuation
[2024-02-06T12:28:31.125+0000][1536][gc,age      ] GC(575) Desired survivor size 146800640 bytes, new threshold 15 (max threshold 15)
[2024-02-06T12:28:31.183+0000][1536][gc,phases   ] GC(575)   Pre Evacuate Collection Set: 0.2ms
[2024-02-06T12:28:31.183+0000][1536][gc,phases   ] GC(575)   Merge Heap Roots: 0.2ms
[2024-02-06T12:28:31.183+0000][1536][gc,phases   ] GC(575)   Evacuate Collection Set: 55.1ms
[2024-02-06T12:28:31.183+0000][1536][gc,phases   ] GC(575)   Post Evacuate Collection Set: 1.6ms
[2024-02-06T12:28:31.183+0000][1536][gc,phases   ] GC(575)   Other: 0.2ms
[2024-02-06T12:28:31.183+0000][1536][gc,age      ] GC(575) Age table with threshold 15 (max threshold 15)
[2024-02-06T12:28:31.183+0000][1536][gc,age      ] GC(575) - age   1:   89115048 bytes,   89115048 total
[2024-02-06T12:28:31.183+0000][1536][gc,age      ] GC(575) - age   2:   79604824 bytes,  168719872 total
[2024-02-06T12:28:31.183+0000][1536][gc,age      ] GC(575) - age   3:     750416 bytes,  169470288 total
[2024-02-06T12:28:31.183+0000][1536][gc,heap     ] GC(575) Eden regions: 534->0(519)
[2024-02-06T12:28:31.183+0000][1536][gc,heap     ] GC(575) Survivor regions: 24->42(70)
[2024-02-06T12:28:31.183+0000][1536][gc,heap     ] GC(575) Old regions: 227->227
[2024-02-06T12:28:31.183+0000][1536][gc,heap     ] GC(575) Archive regions: 0->0
[2024-02-06T12:28:31.183+0000][1536][gc,heap     ] GC(575) Humongous regions: 2->2
[2024-02-06T12:28:31.183+0000][1536][gc,metaspace] GC(575) Metaspace: 132335K(138240K)->132335K(138240K) NonClass: 115282K(118976K)->115282K(118976K) Class: 17052K(19264K)->17052K(19264K)
[2024-02-06T12:28:31.184+0000][1536][gc          ] GC(575) Pause Young (Normal) (G1 Evacuation Pause) 3144M->1080M(4040M) 58.379ms
[2024-02-06T12:28:31.184+0000][1536][gc,cpu      ] GC(575) User=0.36s Sys=0.00s Real=0.06s
[2024-02-06T12:28:31.184+0000][1536][safepoint   ] Safepoint "G1CollectForAllocation", Time since last: 36562442600 ns, Reaching safepoint: 160600 ns, At safepoint: 58592600 ns, Total: 58753200 ns
[2024-02-06T12:28:47.021+0000][1536][gc,start    ] GC(576) Pause Young (Concurrent Start) (G1 Evacuation Pause)
[2024-02-06T12:28:47.021+0000][1536][gc,task     ] GC(576) Using 8 workers of 8 for evacuation
[2024-02-06T12:28:47.021+0000][1536][gc,age      ] GC(576) Desired survivor size 148897792 bytes, new threshold 2 (max threshold 15)
[2024-02-06T12:28:47.122+0000][1536][gc,phases   ] GC(576)   Pre Evacuate Collection Set: 0.6ms
[2024-02-06T12:28:47.122+0000][1536][gc,phases   ] GC(576)   Merge Heap Roots: 0.3ms
[2024-02-06T12:28:47.122+0000][1536][gc,phases   ] GC(576)   Evacuate Collection Set: 92.3ms
[2024-02-06T12:28:47.122+0000][1536][gc,phases   ] GC(576)   Post Evacuate Collection Set: 1.2ms
[2024-02-06T12:28:47.122+0000][1536][gc,phases   ] GC(576)   Other: 0.6ms
[2024-02-06T12:28:47.122+0000][1536][gc,age      ] GC(576) Age table with threshold 2 (max threshold 15)
[2024-02-06T12:28:47.122+0000][1536][gc,age      ] GC(576) - age   1:   84775656 bytes,   84775656 total
[2024-02-06T12:28:47.122+0000][1536][gc,age      ] GC(576) - age   2:   73397880 bytes,  158173536 total
[2024-02-06T12:28:47.122+0000][1536][gc,heap     ] GC(576) Eden regions: 519->0(509)
[2024-02-06T12:28:47.122+0000][1536][gc,heap     ] GC(576) Survivor regions: 42->40(71)
[2024-02-06T12:28:47.122+0000][1536][gc,heap     ] GC(576) Old regions: 227->241
[2024-02-06T12:28:47.122+0000][1536][gc,heap     ] GC(576) Archive regions: 0->0
[2024-02-06T12:28:47.122+0000][1536][gc,heap     ] GC(576) Humongous regions: 2->2
[2024-02-06T12:28:47.122+0000][1536][gc,metaspace] GC(576) Metaspace: 132335K(138240K)->132335K(138240K) NonClass: 115282K(118976K)->115282K(118976K) Class: 17052K(19264K)->17052K(19264K)
[2024-02-06T12:28:47.122+0000][1536][gc          ] GC(576) Pause Young (Concurrent Start) (G1 Evacuation Pause) 3156M->1129M(4040M) 95.573ms
[2024-02-06T12:28:47.122+0000][1536][gc          ] GC(577) Concurrent Mark Cycle
[2024-02-06T12:28:47.122+0000][1536][gc,cpu      ] GC(576) User=0.47s Sys=0.12s Real=0.10s
[2024-02-06T12:28:47.122+0000][1536][gc,marking  ] GC(577) Concurrent Clear Claimed Marks
[2024-02-06T12:28:47.122+0000][1536][safepoint   ] Safepoint "G1CollectForAllocation", Time since last: 15843810800 ns, Reaching safepoint: 131400 ns, At safepoint: 95926900 ns, Total: 96058300 ns
[2024-02-06T12:28:47.122+0000][1536][gc,marking  ] GC(577) Concurrent Clear Claimed Marks 0.268ms
[2024-02-06T12:28:47.122+0000][1536][gc,marking  ] GC(577) Concurrent Scan Root Regions
[2024-02-06T12:28:47.170+0000][1536][gc,marking  ] GC(577) Concurrent Scan Root Regions 48.274ms
[2024-02-06T12:28:47.170+0000][1536][gc,marking  ] GC(577) Concurrent Mark
[2024-02-06T12:28:47.170+0000][1536][gc,marking  ] GC(577) Concurrent Mark From Roots
[2024-02-06T12:28:47.170+0000][1536][gc,task     ] GC(577) Using 2 workers of 2 for marking
[2024-02-06T12:28:47.475+0000][1536][gc,marking  ] GC(577) Concurrent Mark From Roots 313.551ms
[2024-02-06T12:28:47.475+0000][1536][gc,marking  ] GC(577) Concurrent Preclean
[2024-02-06T12:28:47.487+0000][1536][gc,marking  ] GC(577) Concurrent Preclean 1.409ms
[2024-02-06T12:28:47.488+0000][1536][gc,start    ] GC(577) Pause Remark
[2024-02-06T12:28:47.545+0000][1536][gc          ] GC(577) Pause Remark 1198M->1198M(4040M) 56.998ms
[2024-02-06T12:28:47.545+0000][1536][gc,cpu      ] GC(577) User=0.03s Sys=0.00s Real=0.06s
[2024-02-06T12:28:47.546+0000][1536][safepoint   ] Safepoint "G1Concurrent", Time since last: 363620100 ns, Reaching safepoint: 81500 ns, At safepoint: 58188500 ns, Total: 58270000 ns
[2024-02-06T12:28:47.546+0000][1536][gc,marking  ] GC(577) Concurrent Mark 373.591ms
[2024-02-06T12:28:47.546+0000][1536][gc,marking  ] GC(577) Concurrent Rebuild Remembered Sets
[2024-02-06T12:28:47.803+0000][1536][gc,marking  ] GC(577) Concurrent Rebuild Remembered Sets 257.106ms
[2024-02-06T12:28:47.803+0000][1536][gc,start    ] GC(577) Pause Cleanup
[2024-02-06T12:28:47.803+0000][1536][gc          ] GC(577) Pause Cleanup 1241M->1241M(4040M) 0.704ms
[2024-02-06T12:28:47.803+0000][1536][gc,cpu      ] GC(577) User=0.00s Sys=0.00s Real=0.00s
[2024-02-06T12:28:47.805+0000][1536][safepoint   ] Safepoint "G1Concurrent", Time since last: 257420400 ns, Reaching safepoint: 101100 ns, At safepoint: 1580000 ns, Total: 1681100 ns
[2024-02-06T12:28:47.805+0000][1536][gc,marking  ] GC(577) Concurrent Cleanup for Next Mark
[2024-02-06T12:28:47.835+0000][1536][gc,marking  ] GC(577) Concurrent Cleanup for Next Mark 30.104ms
[2024-02-06T12:28:47.835+0000][1536][gc          ] GC(577) Concurrent Mark Cycle 711.587ms
[2024-02-06T12:29:32.510+0000][1536][gc,start    ] GC(578) Pause Young (Prepare Mixed) (G1 Evacuation Pause)
[2024-02-06T12:29:32.510+0000][1536][gc,task     ] GC(578) Using 8 workers of 8 for evacuation
[2024-02-06T12:29:32.510+0000][1536][gc,age      ] GC(578) Desired survivor size 144703488 bytes, new threshold 2 (max threshold 15)
[2024-02-06T12:29:32.605+0000][1536][gc,phases   ] GC(578)   Pre Evacuate Collection Set: 0.1ms
[2024-02-06T12:29:32.605+0000][1536][gc,phases   ] GC(578)   Merge Heap Roots: 0.3ms
[2024-02-06T12:29:32.605+0000][1536][gc,phases   ] GC(578)   Evacuate Collection Set: 88.4ms
[2024-02-06T12:29:32.605+0000][1536][gc,phases   ] GC(578)   Post Evacuate Collection Set: 2.3ms
[2024-02-06T12:29:32.605+0000][1536][gc,phases   ] GC(578)   Other: 0.2ms
[2024-02-06T12:29:32.605+0000][1536][gc,age      ] GC(578) Age table with threshold 2 (max threshold 15)
[2024-02-06T12:29:32.605+0000][1536][gc,age      ] GC(578) - age   1:   90548344 bytes,   90548344 total
[2024-02-06T12:29:32.605+0000][1536][gc,age      ] GC(578) - age   2:   68295424 bytes,  158843768 total
[2024-02-06T12:29:32.605+0000][1536][gc,heap     ] GC(578) Eden regions: 509->0(10)
[2024-02-06T12:29:32.605+0000][1536][gc,heap     ] GC(578) Survivor regions: 40->40(69)
[2024-02-06T12:29:32.605+0000][1536][gc,heap     ] GC(578) Old regions: 241->255
[2024-02-06T12:29:32.605+0000][1536][gc,heap     ] GC(578) Archive regions: 0->0
[2024-02-06T12:29:32.605+0000][1536][gc,heap     ] GC(578) Humongous regions: 2->2
[2024-02-06T12:29:32.605+0000][1536][gc,metaspace] GC(578) Metaspace: 132335K(138240K)->132335K(138240K) NonClass: 115282K(118976K)->115282K(118976K) Class: 17052K(19264K)->17052K(19264K)
[2024-02-06T12:29:32.605+0000][1536][gc          ] GC(578) Pause Young (Prepare Mixed) (G1 Evacuation Pause) 3165M->1185M(4040M) 91.748ms
[2024-02-06T12:29:32.605+0000][1536][gc,cpu      ] GC(578) User=0.50s Sys=0.12s Real=0.10s
[2024-02-06T12:29:32.605+0000][1536][safepoint   ] Safepoint "G1CollectForAllocation", Time since last: 44707770800 ns, Reaching safepoint: 122600 ns, At safepoint: 91881100 ns, Total: 92003700 ns
[2024-02-06T12:29:33.224+0000][1536][gc,start    ] GC(579) Pause Young (Mixed) (G1 Evacuation Pause)
[2024-02-06T12:29:33.224+0000][1536][gc,task     ] GC(579) Using 8 workers of 8 for evacuation
[2024-02-06T12:29:33.224+0000][1536][gc,age      ] GC(579) Desired survivor size 14680064 bytes, new threshold 1 (max threshold 15)
[2024-02-06T12:29:33.400+0000][1536][gc,phases   ] GC(579)   Pre Evacuate Collection Set: 0.4ms
[2024-02-06T12:29:33.400+0000][1536][gc,phases   ] GC(579)   Merge Heap Roots: 0.7ms
[2024-02-06T12:29:33.400+0000][1536][gc,phases   ] GC(579)   Evacuate Collection Set: 173.0ms
[2024-02-06T12:29:33.400+0000][1536][gc,phases   ] GC(579)   Post Evacuate Collection Set: 1.7ms
[2024-02-06T12:29:33.400+0000][1536][gc,phases   ] GC(579)   Other: 0.9ms
[2024-02-06T12:29:33.400+0000][1536][gc,age      ] GC(579) Age table with threshold 1 (max threshold 15)
[2024-02-06T12:29:33.400+0000][1536][gc,age      ] GC(579) - age   1:    2022112 bytes,    2022112 total
[2024-02-06T12:29:33.400+0000][1536][gc,heap     ] GC(579) Eden regions: 10->0(550)
[2024-02-06T12:29:33.400+0000][1536][gc,heap     ] GC(579) Survivor regions: 40->4(7)
[2024-02-06T12:29:33.400+0000][1536][gc,heap     ] GC(579) Old regions: 255->227
[2024-02-06T12:29:33.400+0000][1536][gc,heap     ] GC(579) Archive regions: 0->0
[2024-02-06T12:29:33.400+0000][1536][gc,heap     ] GC(579) Humongous regions: 2->2
[2024-02-06T12:29:33.400+0000][1536][gc,metaspace] GC(579) Metaspace: 132335K(138240K)->132335K(138240K) NonClass: 115282K(118976K)->115282K(118976K) Class: 17052K(19264K)->17052K(19264K)
[2024-02-06T12:29:33.400+0000][1536][gc          ] GC(579) Pause Young (Mixed) (G1 Evacuation Pause) 1225M->930M(4040M) 177.266ms
[2024-02-06T12:29:33.400+0000][1536][gc,cpu      ] GC(579) User=0.41s Sys=0.92s Real=0.18s
[2024-02-06T12:29:33.401+0000][1536][safepoint   ] Safepoint "G1CollectForAllocation", Time since last: 603745100 ns, Reaching safepoint: 14884200 ns, At safepoint: 177864800 ns, Total: 192749000 ns
[2024-02-06T12:29:37.442+0000][1536][safepoint   ] Safepoint "Cleanup", Time since last: 4040802300 ns, Reaching safepoint: 167000 ns, At safepoint: 112800 ns, Total: 279800 ns
[2024-02-06T12:30:05.844+0000][1536][gc,start    ] GC(580) Pause Young (Normal) (G1 Evacuation Pause)
[2024-02-06T12:30:05.844+0000][1536][gc,task     ] GC(580) Using 8 workers of 8 for evacuation
[2024-02-06T12:30:05.844+0000][1536][gc,age      ] GC(580) Desired survivor size 146800640 bytes, new threshold 15 (max threshold 15)
[2024-02-06T12:30:05.887+0000][1536][gc,phases   ] GC(580)   Pre Evacuate Collection Set: 0.2ms
[2024-02-06T12:30:05.887+0000][1536][gc,phases   ] GC(580)   Merge Heap Roots: 0.3ms
[2024-02-06T12:30:05.887+0000][1536][gc,phases   ] GC(580)   Evacuate Collection Set: 40.4ms
[2024-02-06T12:30:05.887+0000][1536][gc,phases   ] GC(580)   Post Evacuate Collection Set: 1.5ms
[2024-02-06T12:30:05.887+0000][1536][gc,phases   ] GC(580)   Other: 0.3ms
[2024-02-06T12:30:05.887+0000][1536][gc,age      ] GC(580) Age table with threshold 15 (max threshold 15)
[2024-02-06T12:30:05.887+0000][1536][gc,age      ] GC(580) - age   1:   84965448 bytes,   84965448 total
[2024-02-06T12:30:05.887+0000][1536][gc,age      ] GC(580) - age   2:     855056 bytes,   85820504 total
[2024-02-06T12:30:05.887+0000][1536][gc,heap     ] GC(580) Eden regions: 550->0(537)
[2024-02-06T12:30:05.887+0000][1536][gc,heap     ] GC(580) Survivor regions: 4->22(70)
[2024-02-06T12:30:05.887+0000][1536][gc,heap     ] GC(580) Old regions: 227->227
[2024-02-06T12:30:05.887+0000][1536][gc,heap     ] GC(580) Archive regions: 0->0
[2024-02-06T12:30:05.887+0000][1536][gc,heap     ] GC(580) Humongous regions: 2->2
[2024-02-06T12:30:05.887+0000][1536][gc,metaspace] GC(580) Metaspace: 132335K(138240K)->132335K(138240K) NonClass: 115282K(118976K)->115282K(118976K) Class: 17052K(19264K)->17052K(19264K)
[2024-02-06T12:30:05.887+0000][1536][gc          ] GC(580) Pause Young (Normal) (G1 Evacuation Pause) 3130M->1001M(4040M) 43.142ms
[2024-02-06T12:30:05.887+0000][1536][gc,cpu      ] GC(580) User=0.23s Sys=0.02s Real=0.04s
[2024-02-06T12:30:05.887+0000][1536][safepoint   ] Safepoint "G1CollectForAllocation", Time since last: 28401934500 ns, Reaching safepoint: 74800 ns, At safepoint: 43323800 ns, Total: 43398600 ns
[2024-02-06T12:30:21.572+0000][1536][gc,start    ] GC(581) Pause Young (Normal) (G1 Evacuation Pause)
[2024-02-06T12:30:21.572+0000][1536][gc,task     ] GC(581) Using 8 workers of 8 for evacuation
[2024-02-06T12:30:21.572+0000][1536][gc,age      ] GC(581) Desired survivor size 146800640 bytes, new threshold 15 (max threshold 15)
[2024-02-06T12:30:21.631+0000][1536][gc,phases   ] GC(581)   Pre Evacuate Collection Set: 0.3ms
[2024-02-06T12:30:21.631+0000][1536][gc,phases   ] GC(581)   Merge Heap Roots: 0.3ms
[2024-02-06T12:30:21.631+0000][1536][gc,phases   ] GC(581)   Evacuate Collection Set: 61.0ms
[2024-02-06T12:30:21.631+0000][1536][gc,phases   ] GC(581)   Post Evacuate Collection Set: 1.4ms
[2024-02-06T12:30:21.631+0000][1536][gc,phases   ] GC(581)   Other: 0.4ms
[2024-02-06T12:30:21.631+0000][1536][gc,age      ] GC(581) Age table with threshold 15 (max threshold 15)
[2024-02-06T12:30:21.631+0000][1536][gc,age      ] GC(581) - age   1:   95364112 bytes,   95364112 total
[2024-02-06T12:30:21.631+0000][1536][gc,age      ] GC(581) - age   2:   69133368 bytes,  164497480 total
[2024-02-06T12:30:21.631+0000][1536][gc,age      ] GC(581) - age   3:     840920 bytes,  165338400 total
[2024-02-06T12:30:21.631+0000][1536][gc,heap     ] GC(581) Eden regions: 537->0(519)
[2024-02-06T12:30:21.631+0000][1536][gc,heap     ] GC(581) Survivor regions: 22->42(70)
[2024-02-06T12:30:21.631+0000][1536][gc,heap     ] GC(581) Old regions: 227->227
[2024-02-06T12:30:21.631+0000][1536][gc,heap     ] GC(581) Archive regions: 0->0
[2024-02-06T12:30:21.631+0000][1536][gc,heap     ] GC(581) Humongous regions: 2->2
[2024-02-06T12:30:21.631+0000][1536][gc,metaspace] GC(581) Metaspace: 132335K(138240K)->132335K(138240K) NonClass: 115282K(118976K)->115282K(118976K) Class: 17052K(19264K)->17052K(19264K)
[2024-02-06T12:30:21.631+0000][1536][gc          ] GC(581) Pause Young (Normal) (G1 Evacuation Pause) 3149M->1080M(4040M) 64.276ms
[2024-02-06T12:30:21.631+0000][1536][gc,cpu      ] GC(581) User=0.45s Sys=0.05s Real=0.06s
[2024-02-06T12:30:21.631+0000][1536][safepoint   ] Safepoint "G1CollectForAllocation", Time since last: 15683504600 ns, Reaching safepoint: 138700 ns, At safepoint: 64504700 ns, Total: 64643400 ns
[2024-02-06T12:31:15.955+0000][1536][safepoint   ] Safepoint "G1CollectForAllocation", Time since last: 54319182300 ns, Reaching safepoint: 103200 ns, At safepoint: 61500 ns, Total: 164700 ns
[2024-02-06T12:31:15.955+0000][1536][gc,start    ] GC(582) Pause Young (Concurrent Start) (GCLocker Initiated GC)
[2024-02-06T12:31:15.955+0000][1536][gc,task     ] GC(582) Using 8 workers of 8 for evacuation
[2024-02-06T12:31:15.955+0000][1536][gc,age      ] GC(582) Desired survivor size 148897792 bytes, new threshold 2 (max threshold 15)
[2024-02-06T12:31:16.033+0000][1536][gc,phases   ] GC(582)   Pre Evacuate Collection Set: 0.6ms
[2024-02-06T12:31:16.033+0000][1536][gc,phases   ] GC(582)   Merge Heap Roots: 0.2ms
[2024-02-06T12:31:16.034+0000][1536][gc,phases   ] GC(582)   Evacuate Collection Set: 75.5ms
[2024-02-06T12:31:16.034+0000][1536][gc,phases   ] GC(582)   Post Evacuate Collection Set: 1.3ms
[2024-02-06T12:31:16.034+0000][1536][gc,phases   ] GC(582)   Other: 0.1ms
[2024-02-06T12:31:16.034+0000][1536][gc,age      ] GC(582) Age table with threshold 2 (max threshold 15)
[2024-02-06T12:31:16.034+0000][1536][gc,age      ] GC(582) - age   1:   80737576 bytes,   80737576 total
[2024-02-06T12:31:16.034+0000][1536][gc,age      ] GC(582) - age   2:   83311720 bytes,  164049296 total
[2024-02-06T12:31:16.034+0000][1536][gc,heap     ] GC(582) Eden regions: 519->0(509)
[2024-02-06T12:31:16.034+0000][1536][gc,heap     ] GC(582) Survivor regions: 42->41(71)
[2024-02-06T12:31:16.034+0000][1536][gc,heap     ] GC(582) Old regions: 227->241
[2024-02-06T12:31:16.034+0000][1536][gc,heap     ] GC(582) Archive regions: 0->0
[2024-02-06T12:31:16.034+0000][1536][gc,heap     ] GC(582) Humongous regions: 2->2
[2024-02-06T12:31:16.034+0000][1536][gc,metaspace] GC(582) Metaspace: 132335K(138240K)->132335K(138240K) NonClass: 115282K(118976K)->115282K(118976K) Class: 17052K(19264K)->17052K(19264K)
[2024-02-06T12:31:16.034+0000][1536][gc          ] GC(582) Pause Young (Concurrent Start) (GCLocker Initiated GC) 3156M->1132M(4040M) 78.456ms
[2024-02-06T12:31:16.034+0000][1536][gc          ] GC(583) Concurrent Mark Cycle
[2024-02-06T12:31:16.034+0000][1536][gc,cpu      ] GC(582) User=0.61s Sys=0.02s Real=0.08s
[2024-02-06T12:31:16.034+0000][1536][gc,marking  ] GC(583) Concurrent Clear Claimed Marks
[2024-02-06T12:31:16.034+0000][1536][safepoint   ] Safepoint "G1CollectForAllocation", Time since last: 171200 ns, Reaching safepoint: 73700 ns, At safepoint: 78786500 ns, Total: 78860200 ns
[2024-02-06T12:31:16.034+0000][1536][gc,marking  ] GC(583) Concurrent Clear Claimed Marks 0.253ms
[2024-02-06T12:31:16.034+0000][1536][gc,marking  ] GC(583) Concurrent Scan Root Regions
[2024-02-06T12:31:16.101+0000][1536][gc,marking  ] GC(583) Concurrent Scan Root Regions 66.829ms
[2024-02-06T12:31:16.101+0000][1536][gc,marking  ] GC(583) Concurrent Mark
[2024-02-06T12:31:16.101+0000][1536][gc,marking  ] GC(583) Concurrent Mark From Roots
[2024-02-06T12:31:16.101+0000][1536][gc,task     ] GC(583) Using 2 workers of 2 for marking
[2024-02-06T12:31:16.496+0000][1536][gc,marking  ] GC(583) Concurrent Mark From Roots 399.920ms
[2024-02-06T12:31:16.496+0000][1536][gc,marking  ] GC(583) Concurrent Preclean
[2024-02-06T12:31:16.496+0000][1536][gc,marking  ] GC(583) Concurrent Preclean 1.094ms
[2024-02-06T12:31:16.496+0000][1536][gc,start    ] GC(583) Pause Remark
[2024-02-06T12:31:16.516+0000][1536][gc          ] GC(583) Pause Remark 1200M->1200M(4040M) 17.063ms
[2024-02-06T12:31:16.516+0000][1536][gc,cpu      ] GC(583) User=0.12s Sys=0.02s Real=0.02s
[2024-02-06T12:31:16.516+0000][1536][safepoint   ] Safepoint "G1Concurrent", Time since last: 468266300 ns, Reaching safepoint: 102200 ns, At safepoint: 17418100 ns, Total: 17520300 ns
[2024-02-06T12:31:16.516+0000][1536][gc,marking  ] GC(583) Concurrent Mark 418.819ms
[2024-02-06T12:31:16.516+0000][1536][gc,marking  ] GC(583) Concurrent Rebuild Remembered Sets
[2024-02-06T12:31:16.753+0000][1536][gc,marking  ] GC(583) Concurrent Rebuild Remembered Sets 246.560ms
[2024-02-06T12:31:16.753+0000][1536][gc,start    ] GC(583) Pause Cleanup
[2024-02-06T12:31:16.753+0000][1536][gc          ] GC(583) Pause Cleanup 1246M->1246M(4040M) 0.541ms
[2024-02-06T12:31:16.753+0000][1536][gc,cpu      ] GC(583) User=0.00s Sys=0.00s Real=0.00s
[2024-02-06T12:31:16.753+0000][1536][safepoint   ] Safepoint "G1Concurrent", Time since last: 246799800 ns, Reaching safepoint: 93000 ns, At safepoint: 721200 ns, Total: 814200 ns
[2024-02-06T12:31:16.753+0000][1536][gc,marking  ] GC(583) Concurrent Cleanup for Next Mark
[2024-02-06T12:31:16.795+0000][1536][gc,marking  ] GC(583) Concurrent Cleanup for Next Mark 27.713ms
[2024-02-06T12:31:16.795+0000][1536][gc          ] GC(583) Concurrent Mark Cycle 761.531ms
[2024-02-06T12:32:34.207+0000][1536][gc,start    ] GC(584) Pause Young (Prepare Mixed) (G1 Evacuation Pause)
[2024-02-06T12:32:34.208+0000][1536][gc,task     ] GC(584) Using 8 workers of 8 for evacuation
[2024-02-06T12:32:34.208+0000][1536][gc,age      ] GC(584) Desired survivor size 144703488 bytes, new threshold 2 (max threshold 15)
[2024-02-06T12:32:34.320+0000][1536][gc,phases   ] GC(584)   Pre Evacuate Collection Set: 0.4ms
[2024-02-06T12:32:34.320+0000][1536][gc,phases   ] GC(584)   Merge Heap Roots: 0.7ms
[2024-02-06T12:32:34.320+0000][1536][gc,phases   ] GC(584)   Evacuate Collection Set: 108.2ms
[2024-02-06T12:32:34.320+0000][1536][gc,phases   ] GC(584)   Post Evacuate Collection Set: 1.5ms
[2024-02-06T12:32:34.320+0000][1536][gc,phases   ] GC(584)   Other: 1.1ms
[2024-02-06T12:32:34.320+0000][1536][gc,age      ] GC(584) Age table with threshold 2 (max threshold 15)
[2024-02-06T12:32:34.320+0000][1536][gc,age      ] GC(584) - age   1:   86447928 bytes,   86447928 total
[2024-02-06T12:32:34.320+0000][1536][gc,age      ] GC(584) - age   2:   67201632 bytes,  153649560 total
[2024-02-06T12:32:34.320+0000][1536][gc,heap     ] GC(584) Eden regions: 509->0(11)
[2024-02-06T12:32:34.320+0000][1536][gc,heap     ] GC(584) Survivor regions: 41->39(69)
[2024-02-06T12:32:34.320+0000][1536][gc,heap     ] GC(584) Old regions: 241->257
[2024-02-06T12:32:34.320+0000][1536][gc,heap     ] GC(584) Archive regions: 0->0
[2024-02-06T12:32:34.320+0000][1536][gc,heap     ] GC(584) Humongous regions: 2->2
[2024-02-06T12:32:34.320+0000][1536][gc,metaspace] GC(584) Metaspace: 132335K(138240K)->132335K(138240K) NonClass: 115282K(118976K)->115282K(118976K) Class: 17052K(19264K)->17052K(19264K)
[2024-02-06T12:32:34.320+0000][1536][gc          ] GC(584) Pause Young (Prepare Mixed) (G1 Evacuation Pause) 3168M->1188M(4040M) 112.675ms
[2024-02-06T12:32:34.320+0000][1536][gc,cpu      ] GC(584) User=0.69s Sys=0.16s Real=0.11s
[2024-02-06T12:32:34.320+0000][1536][safepoint   ] Safepoint "G1CollectForAllocation", Time since last: 77439734800 ns, Reaching safepoint: 230200 ns, At safepoint: 112943300 ns, Total: 113173500 ns
[2024-02-06T12:32:34.689+0000][1536][gc,start    ] GC(585) Pause Young (Mixed) (G1 Evacuation Pause)
[2024-02-06T12:32:34.689+0000][1536][gc,task     ] GC(585) Using 8 workers of 8 for evacuation
[2024-02-06T12:32:34.689+0000][1536][gc,age      ] GC(585) Desired survivor size 14680064 bytes, new threshold 1 (max threshold 15)
[2024-02-06T12:32:34.797+0000][1536][gc,phases   ] GC(585)   Pre Evacuate Collection Set: 0.2ms
[2024-02-06T12:32:34.797+0000][1536][gc,phases   ] GC(585)   Merge Heap Roots: 0.3ms
[2024-02-06T12:32:34.797+0000][1536][gc,phases   ] GC(585)   Evacuate Collection Set: 100.1ms
[2024-02-06T12:32:34.797+0000][1536][gc,phases   ] GC(585)   Post Evacuate Collection Set: 0.7ms
[2024-02-06T12:32:34.797+0000][1536][gc,phases   ] GC(585)   Other: 0.3ms
[2024-02-06T12:32:34.797+0000][1536][gc,age      ] GC(585) Age table with threshold 1 (max threshold 15)
[2024-02-06T12:32:34.797+0000][1536][gc,age      ] GC(585) - age   1:    1528800 bytes,    1528800 total
[2024-02-06T12:32:34.797+0000][1536][gc,heap     ] GC(585) Eden regions: 11->0(552)
[2024-02-06T12:32:34.797+0000][1536][gc,heap     ] GC(585) Survivor regions: 39->4(7)
[2024-02-06T12:32:34.797+0000][1536][gc,heap     ] GC(585) Old regions: 257->228
[2024-02-06T12:32:34.797+0000][1536][gc,heap     ] GC(585) Archive regions: 0->0
[2024-02-06T12:32:34.797+0000][1536][gc,heap     ] GC(585) Humongous regions: 2->2
[2024-02-06T12:32:34.797+0000][1536][gc,metaspace] GC(585) Metaspace: 132335K(138240K)->132335K(138240K) NonClass: 115282K(118976K)->115282K(118976K) Class: 17052K(19264K)->17052K(19264K)
[2024-02-06T12:32:34.797+0000][1536][gc          ] GC(585) Pause Young (Mixed) (G1 Evacuation Pause) 1232M->936M(4040M) 102.098ms
[2024-02-06T12:32:34.797+0000][1536][gc,cpu      ] GC(585) User=0.28s Sys=0.42s Real=0.11s
[2024-02-06T12:32:34.798+0000][1536][safepoint   ] Safepoint "G1CollectForAllocation", Time since last: 373983000 ns, Reaching safepoint: 114600 ns, At safepoint: 105720400 ns, Total: 105835000 ns
[2024-02-06T12:34:03.454+0000][1536][gc,start    ] GC(586) Pause Young (Normal) (G1 Evacuation Pause)
[2024-02-06T12:34:03.454+0000][1536][gc,task     ] GC(586) Using 8 workers of 8 for evacuation
[2024-02-06T12:34:03.454+0000][1536][gc,age      ] GC(586) Desired survivor size 146800640 bytes, new threshold 15 (max threshold 15)
[2024-02-06T12:34:03.506+0000][1536][gc,phases   ] GC(586)   Pre Evacuate Collection Set: 0.6ms
[2024-02-06T12:34:03.506+0000][1536][gc,phases   ] GC(586)   Merge Heap Roots: 0.6ms
[2024-02-06T12:34:03.506+0000][1536][gc,phases   ] GC(586)   Evacuate Collection Set: 60.9ms
[2024-02-06T12:34:03.506+0000][1536][gc,phases   ] GC(586)   Post Evacuate Collection Set: 2.6ms
[2024-02-06T12:34:03.506+0000][1536][gc,phases   ] GC(586)   Other: 2.6ms
[2024-02-06T12:34:03.506+0000][1536][gc,age      ] GC(586) Age table with threshold 15 (max threshold 15)
[2024-02-06T12:34:03.522+0000][1536][gc,age      ] GC(586) - age   1:   88569424 bytes,   88569424 total
[2024-02-06T12:34:03.522+0000][1536][gc,age      ] GC(586) - age   2:     988664 bytes,   89558088 total
[2024-02-06T12:34:03.522+0000][1536][gc,heap     ] GC(586) Eden regions: 552->0(536)
[2024-02-06T12:34:03.522+0000][1536][gc,heap     ] GC(586) Survivor regions: 4->23(70)
[2024-02-06T12:34:03.522+0000][1536][gc,heap     ] GC(586) Old regions: 228->228
[2024-02-06T12:34:03.522+0000][1536][gc,heap     ] GC(586) Archive regions: 0->0
[2024-02-06T12:34:03.522+0000][1536][gc,heap     ] GC(586) Humongous regions: 2->2
[2024-02-06T12:34:03.522+0000][1536][gc,metaspace] GC(586) Metaspace: 132335K(138240K)->132335K(138240K) NonClass: 115282K(118976K)->115282K(118976K) Class: 17052K(19264K)->17052K(19264K)
[2024-02-06T12:34:03.522+0000][1536][gc          ] GC(586) Pause Young (Normal) (G1 Evacuation Pause) 3143M->1010M(4040M) 68.556ms
[2024-02-06T12:34:03.522+0000][1536][gc,cpu      ] GC(586) User=0.36s Sys=0.03s Real=0.07s
[2024-02-06T12:34:03.522+0000][1536][safepoint   ] Safepoint "G1CollectForAllocation", Time since last: 88653056200 ns, Reaching safepoint: 215200 ns, At safepoint: 69387200 ns, Total: 69602400 ns
[2024-02-06T12:34:29.181+0000][1536][gc,start    ] GC(587) Pause Young (Normal) (G1 Evacuation Pause)
[2024-02-06T12:34:29.181+0000][1536][gc,task     ] GC(587) Using 8 workers of 8 for evacuation
[2024-02-06T12:34:29.181+0000][1536][gc,age      ] GC(587) Desired survivor size 146800640 bytes, new threshold 15 (max threshold 15)
[2024-02-06T12:34:29.242+0000][1536][gc,phases   ] GC(587)   Pre Evacuate Collection Set: 0.2ms
[2024-02-06T12:34:29.242+0000][1536][gc,phases   ] GC(587)   Merge Heap Roots: 0.3ms
[2024-02-06T12:34:29.242+0000][1536][gc,phases   ] GC(587)   Evacuate Collection Set: 52.7ms
[2024-02-06T12:34:29.242+0000][1536][gc,phases   ] GC(587)   Post Evacuate Collection Set: 1.3ms
[2024-02-06T12:34:29.242+0000][1536][gc,phases   ] GC(587)   Other: 0.3ms
[2024-02-06T12:34:29.242+0000][1536][gc,age      ] GC(587) Age table with threshold 15 (max threshold 15)
[2024-02-06T12:34:29.242+0000][1536][gc,age      ] GC(587) - age   1:   84510856 bytes,   84510856 total
[2024-02-06T12:34:29.242+0000][1536][gc,age      ] GC(587) - age   2:   72970608 bytes,  157481464 total
[2024-02-06T12:34:29.242+0000][1536][gc,age      ] GC(587) - age   3:     920432 bytes,  158401896 total
[2024-02-06T12:34:29.242+0000][1536][gc,heap     ] GC(587) Eden regions: 536->0(523)
[2024-02-06T12:34:29.242+0000][1536][gc,heap     ] GC(587) Survivor regions: 23->40(70)
[2024-02-06T12:34:29.242+0000][1536][gc,heap     ] GC(587) Old regions: 228->228
[2024-02-06T12:34:29.242+0000][1536][gc,heap     ] GC(587) Archive regions: 0->0
[2024-02-06T12:34:29.242+0000][1536][gc,heap     ] GC(587) Humongous regions: 2->2
[2024-02-06T12:34:29.242+0000][1536][gc,metaspace] GC(587) Metaspace: 132335K(138240K)->132335K(138240K) NonClass: 115282K(118976K)->115282K(118976K) Class: 17052K(19264K)->17052K(19264K)
[2024-02-06T12:34:29.242+0000][1536][gc          ] GC(587) Pause Young (Normal) (G1 Evacuation Pause) 3154M->1079M(4040M) 55.148ms
[2024-02-06T12:34:29.242+0000][1536][gc,cpu      ] GC(587) User=0.36s Sys=0.06s Real=0.06s
[2024-02-06T12:34:29.242+0000][1536][safepoint   ] Safepoint "G1CollectForAllocation", Time since last: 25663510200 ns, Reaching safepoint: 93900 ns, At safepoint: 55349500 ns, Total: 55443400 ns
[2024-02-06T12:35:00.064+0000][1536][gc,start    ] GC(588) Pause Young (Concurrent Start) (G1 Evacuation Pause)
[2024-02-06T12:35:00.064+0000][1536][gc,task     ] GC(588) Using 8 workers of 8 for evacuation
[2024-02-06T12:35:00.064+0000][1536][gc,age      ] GC(588) Desired survivor size 148897792 bytes, new threshold 2 (max threshold 15)
[2024-02-06T12:35:00.150+0000][1536][gc,phases   ] GC(588)   Pre Evacuate Collection Set: 0.7ms
[2024-02-06T12:35:00.150+0000][1536][gc,phases   ] GC(588)   Merge Heap Roots: 0.5ms
[2024-02-06T12:35:00.150+0000][1536][gc,phases   ] GC(588)   Evacuate Collection Set: 88.4ms
[2024-02-06T12:35:00.150+0000][1536][gc,phases   ] GC(588)   Post Evacuate Collection Set: 1.4ms
[2024-02-06T12:35:00.150+0000][1536][gc,phases   ] GC(588)   Other: 0.5ms
[2024-02-06T12:35:00.150+0000][1536][gc,age      ] GC(588) Age table with threshold 2 (max threshold 15)
[2024-02-06T12:35:00.150+0000][1536][gc,age      ] GC(588) - age   1:   80231880 bytes,   80231880 total
[2024-02-06T12:35:00.150+0000][1536][gc,age      ] GC(588) - age   2:   69773856 bytes,  150005736 total
[2024-02-06T12:35:00.150+0000][1536][gc,heap     ] GC(588) Eden regions: 523->0(511)
[2024-02-06T12:35:00.150+0000][1536][gc,heap     ] GC(588) Survivor regions: 40->38(71)
[2024-02-06T12:35:00.150+0000][1536][gc,heap     ] GC(588) Old regions: 228->244
[2024-02-06T12:35:00.150+0000][1536][gc,heap     ] GC(588) Archive regions: 0->0
[2024-02-06T12:35:00.150+0000][1536][gc,heap     ] GC(588) Humongous regions: 2->2
[2024-02-06T12:35:00.150+0000][1536][gc,metaspace] GC(588) Metaspace: 132335K(138240K)->132335K(138240K) NonClass: 115282K(118976K)->115282K(118976K) Class: 17052K(19264K)->17052K(19264K)
[2024-02-06T12:35:00.150+0000][1536][gc          ] GC(588) Pause Young (Concurrent Start) (G1 Evacuation Pause) 3171M->1134M(4040M) 92.408ms
[2024-02-06T12:35:00.150+0000][1536][gc,cpu      ] GC(588) User=0.45s Sys=0.06s Real=0.09s
[2024-02-06T12:35:00.150+0000][1536][gc          ] GC(589) Concurrent Mark Cycle
[2024-02-06T12:35:00.150+0000][1536][gc,marking  ] GC(589) Concurrent Clear Claimed Marks
[2024-02-06T12:35:00.150+0000][1536][gc,marking  ] GC(589) Concurrent Clear Claimed Marks 0.210ms
[2024-02-06T12:35:00.150+0000][1536][gc,marking  ] GC(589) Concurrent Scan Root Regions
[2024-02-06T12:35:00.173+0000][1536][safepoint   ] Safepoint "G1CollectForAllocation", Time since last: 30825490400 ns, Reaching safepoint: 231700 ns, At safepoint: 106490400 ns, Total: 106722100 ns
[2024-02-06T12:35:00.207+0000][1536][gc,marking  ] GC(589) Concurrent Scan Root Regions 48.474ms
[2024-02-06T12:35:00.207+0000][1536][gc,marking  ] GC(589) Concurrent Mark
[2024-02-06T12:35:00.207+0000][1536][gc,marking  ] GC(589) Concurrent Mark From Roots
[2024-02-06T12:35:00.207+0000][1536][gc,task     ] GC(589) Using 2 workers of 2 for marking
[2024-02-06T12:35:00.508+0000][1536][gc,marking  ] GC(589) Concurrent Mark From Roots 298.940ms
[2024-02-06T12:35:00.508+0000][1536][gc,marking  ] GC(589) Concurrent Preclean
[2024-02-06T12:35:00.508+0000][1536][gc,marking  ] GC(589) Concurrent Preclean 1.356ms
[2024-02-06T12:35:00.508+0000][1536][gc,start    ] GC(589) Pause Remark
[2024-02-06T12:35:00.527+0000][1536][gc          ] GC(589) Pause Remark 1198M->1198M(4040M) 19.459ms
[2024-02-06T12:35:00.527+0000][1536][gc,cpu      ] GC(589) User=0.12s Sys=0.00s Real=0.02s
[2024-02-06T12:35:00.527+0000][1536][safepoint   ] Safepoint "G1Concurrent", Time since last: 335513100 ns, Reaching safepoint: 104500 ns, At safepoint: 19707600 ns, Total: 19812100 ns
[2024-02-06T12:35:00.527+0000][1536][gc,marking  ] GC(589) Concurrent Mark 320.371ms
[2024-02-06T12:35:00.527+0000][1536][gc,marking  ] GC(589) Concurrent Rebuild Remembered Sets
[2024-02-06T12:35:00.778+0000][1536][gc,marking  ] GC(589) Concurrent Rebuild Remembered Sets 251.569ms
[2024-02-06T12:35:00.778+0000][1536][gc,start    ] GC(589) Pause Cleanup
[2024-02-06T12:35:00.778+0000][1536][gc          ] GC(589) Pause Cleanup 1244M->1244M(4040M) 0.678ms
[2024-02-06T12:35:00.778+0000][1536][gc,cpu      ] GC(589) User=0.00s Sys=0.00s Real=0.00s
[2024-02-06T12:35:00.778+0000][1536][safepoint   ] Safepoint "G1Concurrent", Time since last: 251871300 ns, Reaching safepoint: 122600 ns, At safepoint: 826200 ns, Total: 948800 ns
[2024-02-06T12:35:00.778+0000][1536][gc,marking  ] GC(589) Concurrent Cleanup for Next Mark
[2024-02-06T12:35:00.803+0000][1536][gc,marking  ] GC(589) Concurrent Cleanup for Next Mark 21.054ms
[2024-02-06T12:35:00.803+0000][1536][gc          ] GC(589) Concurrent Mark Cycle 643.270ms
[2024-02-06T12:35:16.148+0000][1536][gc,start    ] GC(590) Pause Young (Prepare Mixed) (G1 Evacuation Pause)
[2024-02-06T12:35:16.148+0000][1536][gc,task     ] GC(590) Using 8 workers of 8 for evacuation
[2024-02-06T12:35:16.148+0000][1536][gc,age      ] GC(590) Desired survivor size 144703488 bytes, new threshold 2 (max threshold 15)
[2024-02-06T12:35:16.214+0000][1536][gc,phases   ] GC(590)   Pre Evacuate Collection Set: 0.2ms
[2024-02-06T12:35:16.214+0000][1536][gc,phases   ] GC(590)   Merge Heap Roots: 0.3ms
[2024-02-06T12:35:16.214+0000][1536][gc,phases   ] GC(590)   Evacuate Collection Set: 69.6ms
[2024-02-06T12:35:16.214+0000][1536][gc,phases   ] GC(590)   Post Evacuate Collection Set: 1.3ms
[2024-02-06T12:35:16.214+0000][1536][gc,phases   ] GC(590)   Other: 0.4ms
[2024-02-06T12:35:16.214+0000][1536][gc,age      ] GC(590) Age table with threshold 2 (max threshold 15)
[2024-02-06T12:35:16.214+0000][1536][gc,age      ] GC(590) - age   1:   87808656 bytes,   87808656 total
[2024-02-06T12:35:16.214+0000][1536][gc,age      ] GC(590) - age   2:   66245696 bytes,  154054352 total
[2024-02-06T12:35:16.214+0000][1536][gc,heap     ] GC(590) Eden regions: 511->0(11)
[2024-02-06T12:35:16.214+0000][1536][gc,heap     ] GC(590) Survivor regions: 38->39(69)
[2024-02-06T12:35:16.214+0000][1536][gc,heap     ] GC(590) Old regions: 244->258
[2024-02-06T12:35:16.214+0000][1536][gc,heap     ] GC(590) Archive regions: 0->0
[2024-02-06T12:35:16.214+0000][1536][gc,heap     ] GC(590) Humongous regions: 2->2
[2024-02-06T12:35:16.214+0000][1536][gc,metaspace] GC(590) Metaspace: 132335K(138240K)->132335K(138240K) NonClass: 115282K(118976K)->115282K(118976K) Class: 17052K(19264K)->17052K(19264K)
[2024-02-06T12:35:16.214+0000][1536][gc          ] GC(590) Pause Young (Prepare Mixed) (G1 Evacuation Pause) 3178M->1194M(4040M) 72.533ms
[2024-02-06T12:35:16.214+0000][1536][gc,cpu      ] GC(590) User=0.42s Sys=0.05s Real=0.07s
[2024-02-06T12:35:16.214+0000][1536][safepoint   ] Safepoint "G1CollectForAllocation", Time since last: 15370733800 ns, Reaching safepoint: 118500 ns, At safepoint: 72810000 ns, Total: 72928500 ns
[2024-02-06T12:35:16.400+0000][1536][gc,start    ] GC(591) Pause Young (Mixed) (G1 Evacuation Pause)
[2024-02-06T12:35:16.400+0000][1536][gc,task     ] GC(591) Using 8 workers of 8 for evacuation
[2024-02-06T12:35:16.400+0000][1536][gc,age      ] GC(591) Desired survivor size 14680064 bytes, new threshold 1 (max threshold 15)
[2024-02-06T12:35:16.541+0000][1536][gc,phases   ] GC(591)   Pre Evacuate Collection Set: 0.3ms
[2024-02-06T12:35:16.541+0000][1536][gc,phases   ] GC(591)   Merge Heap Roots: 0.4ms
[2024-02-06T12:35:16.541+0000][1536][gc,phases   ] GC(591)   Evacuate Collection Set: 141.5ms
[2024-02-06T12:35:16.541+0000][1536][gc,phases   ] GC(591)   Post Evacuate Collection Set: 0.9ms
[2024-02-06T12:35:16.541+0000][1536][gc,phases   ] GC(591)   Other: 0.5ms
[2024-02-06T12:35:16.541+0000][1536][gc,age      ] GC(591) Age table with threshold 1 (max threshold 15)
[2024-02-06T12:35:16.541+0000][1536][gc,age      ] GC(591) - age   1:    1786672 bytes,    1786672 total
[2024-02-06T12:35:16.541+0000][1536][gc,heap     ] GC(591) Eden regions: 11->0(551)
[2024-02-06T12:35:16.541+0000][1536][gc,heap     ] GC(591) Survivor regions: 39->4(7)
[2024-02-06T12:35:16.541+0000][1536][gc,heap     ] GC(591) Old regions: 258->229
[2024-02-06T12:35:16.541+0000][1536][gc,heap     ] GC(591) Archive regions: 0->0
[2024-02-06T12:35:16.541+0000][1536][gc,heap     ] GC(591) Humongous regions: 2->2
[2024-02-06T12:35:16.541+0000][1536][gc,metaspace] GC(591) Metaspace: 132335K(138240K)->132335K(138240K) NonClass: 115282K(118976K)->115282K(118976K) Class: 17052K(19264K)->17052K(19264K)
[2024-02-06T12:35:16.541+0000][1536][gc          ] GC(591) Pause Young (Mixed) (G1 Evacuation Pause) 1238M->939M(4040M) 144.141ms
[2024-02-06T12:35:16.541+0000][1536][gc,cpu      ] GC(591) User=0.42s Sys=0.42s Real=0.14s
[2024-02-06T12:35:16.545+0000][1536][safepoint   ] Safepoint "G1CollectForAllocation", Time since last: 173597600 ns, Reaching safepoint: 183300 ns, At safepoint: 145262000 ns, Total: 145445300 ns
[2024-02-06T12:35:34.143+0000][1536][gc,start    ] GC(592) Pause Young (Normal) (G1 Evacuation Pause)
[2024-02-06T12:35:34.143+0000][1536][gc,task     ] GC(592) Using 8 workers of 8 for evacuation
[2024-02-06T12:35:34.143+0000][1536][gc,age      ] GC(592) Desired survivor size 146800640 bytes, new threshold 15 (max threshold 15)
[2024-02-06T12:35:34.179+0000][1536][gc,phases   ] GC(592)   Pre Evacuate Collection Set: 0.3ms
[2024-02-06T12:35:34.179+0000][1536][gc,phases   ] GC(592)   Merge Heap Roots: 0.2ms
[2024-02-06T12:35:34.179+0000][1536][gc,phases   ] GC(592)   Evacuate Collection Set: 34.9ms
[2024-02-06T12:35:34.179+0000][1536][gc,phases   ] GC(592)   Post Evacuate Collection Set: 1.4ms
[2024-02-06T12:35:34.179+0000][1536][gc,phases   ] GC(592)   Other: 0.4ms
[2024-02-06T12:35:34.179+0000][1536][gc,age      ] GC(592) Age table with threshold 15 (max threshold 15)
[2024-02-06T12:35:34.179+0000][1536][gc,age      ] GC(592) - age   1:   93457120 bytes,   93457120 total
[2024-02-06T12:35:34.179+0000][1536][gc,age      ] GC(592) - age   2:     793408 bytes,   94250528 total
[2024-02-06T12:35:34.179+0000][1536][gc,heap     ] GC(592) Eden regions: 551->0(534)
[2024-02-06T12:35:34.179+0000][1536][gc,heap     ] GC(592) Survivor regions: 4->24(70)
[2024-02-06T12:35:34.179+0000][1536][gc,heap     ] GC(592) Old regions: 229->229
[2024-02-06T12:35:34.179+0000][1536][gc,heap     ] GC(592) Archive regions: 0->0
[2024-02-06T12:35:34.179+0000][1536][gc,heap     ] GC(592) Humongous regions: 2->2
[2024-02-06T12:35:34.179+0000][1536][gc,metaspace] GC(592) Metaspace: 132335K(138240K)->132335K(138240K) NonClass: 115282K(118976K)->115282K(118976K) Class: 17052K(19264K)->17052K(19264K)
[2024-02-06T12:35:34.179+0000][1536][gc          ] GC(592) Pause Young (Normal) (G1 Evacuation Pause) 3143M->1017M(4040M) 37.651ms
[2024-02-06T12:35:34.179+0000][1536][gc,cpu      ] GC(592) User=0.25s Sys=0.00s Real=0.04s
[2024-02-06T12:35:34.179+0000][1536][safepoint   ] Safepoint "G1CollectForAllocation", Time since last: 17601449700 ns, Reaching safepoint: 132200 ns, At safepoint: 37833600 ns, Total: 37965800 ns
[2024-02-06T12:35:59.167+0000][1536][gc,start    ] GC(593) Pause Young (Normal) (G1 Evacuation Pause)
[2024-02-06T12:35:59.167+0000][1536][gc,task     ] GC(593) Using 8 workers of 8 for evacuation
[2024-02-06T12:35:59.167+0000][1536][gc,age      ] GC(593) Desired survivor size 146800640 bytes, new threshold 15 (max threshold 15)
[2024-02-06T12:35:59.221+0000][1536][gc,phases   ] GC(593)   Pre Evacuate Collection Set: 0.2ms
[2024-02-06T12:35:59.221+0000][1536][gc,phases   ] GC(593)   Merge Heap Roots: 0.2ms
[2024-02-06T12:35:59.221+0000][1536][gc,phases   ] GC(593)   Evacuate Collection Set: 52.1ms
[2024-02-06T12:35:59.221+0000][1536][gc,phases   ] GC(593)   Post Evacuate Collection Set: 1.3ms
[2024-02-06T12:35:59.221+0000][1536][gc,phases   ] GC(593)   Other: 0.2ms
[2024-02-06T12:35:59.221+0000][1536][gc,age      ] GC(593) Age table with threshold 15 (max threshold 15)
[2024-02-06T12:35:59.221+0000][1536][gc,age      ] GC(593) - age   1:   83067696 bytes,   83067696 total
[2024-02-06T12:35:59.221+0000][1536][gc,age      ] GC(593) - age   2:   75357320 bytes,  158425016 total
[2024-02-06T12:35:59.221+0000][1536][gc,age      ] GC(593) - age   3:     792864 bytes,  159217880 total
[2024-02-06T12:35:59.221+0000][1536][gc,heap     ] GC(593) Eden regions: 534->0(520)
[2024-02-06T12:35:59.221+0000][1536][gc,heap     ] GC(593) Survivor regions: 24->41(70)
[2024-02-06T12:35:59.221+0000][1536][gc,heap     ] GC(593) Old regions: 229->229
[2024-02-06T12:35:59.221+0000][1536][gc,heap     ] GC(593) Archive regions: 0->0
[2024-02-06T12:35:59.221+0000][1536][gc,heap     ] GC(593) Humongous regions: 2->2
[2024-02-06T12:35:59.221+0000][1536][gc,metaspace] GC(593) Metaspace: 132335K(138240K)->132335K(138240K) NonClass: 115282K(118976K)->115282K(118976K) Class: 17052K(19264K)->17052K(19264K)
[2024-02-06T12:35:59.221+0000][1536][gc          ] GC(593) Pause Young (Normal) (G1 Evacuation Pause) 3153M->1084M(4040M) 54.537ms
[2024-02-06T12:35:59.221+0000][1536][gc,cpu      ] GC(593) User=0.41s Sys=0.05s Real=0.05s
[2024-02-06T12:35:59.221+0000][1536][safepoint   ] Safepoint "G1CollectForAllocation", Time since last: 24982532200 ns, Reaching safepoint: 113000 ns, At safepoint: 54746800 ns, Total: 54859800 ns
[2024-02-06T12:36:19.448+0000][1536][gc,start    ] GC(594) Pause Young (Concurrent Start) (G1 Evacuation Pause)
[2024-02-06T12:36:19.448+0000][1536][gc,task     ] GC(594) Using 8 workers of 8 for evacuation
[2024-02-06T12:36:19.448+0000][1536][gc,age      ] GC(594) Desired survivor size 148897792 bytes, new threshold 2 (max threshold 15)
[2024-02-06T12:36:19.522+0000][1536][gc,phases   ] GC(594)   Pre Evacuate Collection Set: 0.5ms
[2024-02-06T12:36:19.522+0000][1536][gc,phases   ] GC(594)   Merge Heap Roots: 0.3ms
[2024-02-06T12:36:19.522+0000][1536][gc,phases   ] GC(594)   Evacuate Collection Set: 77.7ms
[2024-02-06T12:36:19.522+0000][1536][gc,phases   ] GC(594)   Post Evacuate Collection Set: 1.3ms
[2024-02-06T12:36:19.522+0000][1536][gc,phases   ] GC(594)   Other: 0.3ms
[2024-02-06T12:36:19.522+0000][1536][gc,age      ] GC(594) Age table with threshold 2 (max threshold 15)
[2024-02-06T12:36:19.522+0000][1536][gc,age      ] GC(594) - age   1:   93412048 bytes,   93412048 total
[2024-02-06T12:36:19.522+0000][1536][gc,age      ] GC(594) - age   2:   67333704 bytes,  160745752 total
[2024-02-06T12:36:19.522+0000][1536][gc,heap     ] GC(594) Eden regions: 520->0(504)
[2024-02-06T12:36:19.522+0000][1536][gc,heap     ] GC(594) Survivor regions: 41->41(71)
[2024-02-06T12:36:19.522+0000][1536][gc,heap     ] GC(594) Old regions: 229->245
[2024-02-06T12:36:19.522+0000][1536][gc,heap     ] GC(594) Archive regions: 0->0
[2024-02-06T12:36:19.522+0000][1536][gc,heap     ] GC(594) Humongous regions: 2->2
[2024-02-06T12:36:19.522+0000][1536][gc,metaspace] GC(594) Metaspace: 132336K(138240K)->132336K(138240K) NonClass: 115283K(118976K)->115283K(118976K) Class: 17052K(19264K)->17052K(19264K)
[2024-02-06T12:36:19.522+0000][1536][gc          ] GC(594) Pause Young (Concurrent Start) (G1 Evacuation Pause) 3164M->1150M(4040M) 80.558ms
[2024-02-06T12:36:19.522+0000][1536][gc          ] GC(595) Concurrent Mark Cycle
[2024-02-06T12:36:19.522+0000][1536][gc,cpu      ] GC(594) User=0.52s Sys=0.06s Real=0.07s
[2024-02-06T12:36:19.522+0000][1536][gc,marking  ] GC(595) Concurrent Clear Claimed Marks
[2024-02-06T12:36:19.522+0000][1536][safepoint   ] Safepoint "G1CollectForAllocation", Time since last: 20227283800 ns, Reaching safepoint: 195700 ns, At safepoint: 80823400 ns, Total: 81019100 ns
[2024-02-06T12:36:19.522+0000][1536][gc,marking  ] GC(595) Concurrent Clear Claimed Marks 0.299ms
[2024-02-06T12:36:19.522+0000][1536][gc,marking  ] GC(595) Concurrent Scan Root Regions
[2024-02-06T12:36:19.578+0000][1536][gc,marking  ] GC(595) Concurrent Scan Root Regions 48.273ms
[2024-02-06T12:36:19.578+0000][1536][gc,marking  ] GC(595) Concurrent Mark
[2024-02-06T12:36:19.578+0000][1536][gc,marking  ] GC(595) Concurrent Mark From Roots
[2024-02-06T12:36:19.578+0000][1536][gc,task     ] GC(595) Using 2 workers of 2 for marking
[2024-02-06T12:36:19.911+0000][1536][gc,marking  ] GC(595) Concurrent Mark From Roots 338.781ms
[2024-02-06T12:36:19.911+0000][1536][gc,marking  ] GC(595) Concurrent Preclean
[2024-02-06T12:36:19.911+0000][1536][gc,marking  ] GC(595) Concurrent Preclean 0.989ms
[2024-02-06T12:36:19.911+0000][1536][gc,start    ] GC(595) Pause Remark
[2024-02-06T12:36:19.939+0000][1536][gc          ] GC(595) Pause Remark 1170M->1170M(4040M) 20.054ms
[2024-02-06T12:36:19.939+0000][1536][gc,cpu      ] GC(595) User=0.03s Sys=0.08s Real=0.03s
[2024-02-06T12:36:19.939+0000][1536][safepoint   ] Safepoint "G1Concurrent", Time since last: 388524400 ns, Reaching safepoint: 96600 ns, At safepoint: 20231800 ns, Total: 20328400 ns
[2024-02-06T12:36:19.939+0000][1536][gc,marking  ] GC(595) Concurrent Mark 360.345ms
[2024-02-06T12:36:19.939+0000][1536][gc,marking  ] GC(595) Concurrent Rebuild Remembered Sets
[2024-02-06T12:36:20.144+0000][1536][gc,marking  ] GC(595) Concurrent Rebuild Remembered Sets 217.488ms
[2024-02-06T12:36:20.144+0000][1536][gc,start    ] GC(595) Pause Cleanup
[2024-02-06T12:36:20.144+0000][1536][gc          ] GC(595) Pause Cleanup 1182M->1182M(4040M) 0.440ms
[2024-02-06T12:36:20.144+0000][1536][gc,cpu      ] GC(595) User=0.00s Sys=0.00s Real=0.00s
[2024-02-06T12:36:20.144+0000][1536][safepoint   ] Safepoint "G1Concurrent", Time since last: 217735200 ns, Reaching safepoint: 108000 ns, At safepoint: 568500 ns, Total: 676500 ns
[2024-02-06T12:36:20.144+0000][1536][gc,marking  ] GC(595) Concurrent Cleanup for Next Mark
[2024-02-06T12:36:20.160+0000][1536][gc,marking  ] GC(595) Concurrent Cleanup for Next Mark 9.572ms
[2024-02-06T12:36:20.160+0000][1536][gc          ] GC(595) Concurrent Mark Cycle 637.142ms
[2024-02-06T12:36:37.087+0000][1536][gc,start    ] GC(596) Pause Young (Prepare Mixed) (G1 Evacuation Pause)
[2024-02-06T12:36:37.087+0000][1536][gc,task     ] GC(596) Using 8 workers of 8 for evacuation
[2024-02-06T12:36:37.087+0000][1536][gc,age      ] GC(596) Desired survivor size 144703488 bytes, new threshold 2 (max threshold 15)
[2024-02-06T12:36:37.155+0000][1536][gc,phases   ] GC(596)   Pre Evacuate Collection Set: 0.2ms
[2024-02-06T12:36:37.155+0000][1536][gc,phases   ] GC(596)   Merge Heap Roots: 0.3ms
[2024-02-06T12:36:37.155+0000][1536][gc,phases   ] GC(596)   Evacuate Collection Set: 65.8ms
[2024-02-06T12:36:37.155+0000][1536][gc,phases   ] GC(596)   Post Evacuate Collection Set: 1.5ms
[2024-02-06T12:36:37.155+0000][1536][gc,phases   ] GC(596)   Other: 0.3ms
[2024-02-06T12:36:37.155+0000][1536][gc,age      ] GC(596) Age table with threshold 2 (max threshold 15)
[2024-02-06T12:36:37.155+0000][1536][gc,age      ] GC(596) - age   1:   77555776 bytes,   77555776 total
[2024-02-06T12:36:37.156+0000][1536][gc,age      ] GC(596) - age   2:   77807808 bytes,  155363584 total
[2024-02-06T12:36:37.156+0000][1536][gc,heap     ] GC(596) Eden regions: 504->0(10)
[2024-02-06T12:36:37.156+0000][1536][gc,heap     ] GC(596) Survivor regions: 41->40(69)
[2024-02-06T12:36:37.156+0000][1536][gc,heap     ] GC(596) Old regions: 245->258
[2024-02-06T12:36:37.156+0000][1536][gc,heap     ] GC(596) Archive regions: 0->0
[2024-02-06T12:36:37.156+0000][1536][gc,heap     ] GC(596) Humongous regions: 2->2
[2024-02-06T12:36:37.156+0000][1536][gc,metaspace] GC(596) Metaspace: 132336K(138240K)->132336K(138240K) NonClass: 115283K(118976K)->115283K(118976K) Class: 17052K(19264K)->17052K(19264K)
[2024-02-06T12:36:37.156+0000][1536][gc          ] GC(596) Pause Young (Prepare Mixed) (G1 Evacuation Pause) 3166M->1199M(4040M) 68.794ms
[2024-02-06T12:36:37.156+0000][1536][gc,cpu      ] GC(596) User=0.45s Sys=0.03s Real=0.07s
[2024-02-06T12:36:37.156+0000][1536][safepoint   ] Safepoint "G1CollectForAllocation", Time since last: 16929985800 ns, Reaching safepoint: 135500 ns, At safepoint: 69051900 ns, Total: 69187400 ns
[2024-02-06T12:36:37.543+0000][1536][gc,start    ] GC(597) Pause Young (Mixed) (G1 Evacuation Pause)
[2024-02-06T12:36:37.543+0000][1536][gc,task     ] GC(597) Using 8 workers of 8 for evacuation
[2024-02-06T12:36:37.543+0000][1536][gc,age      ] GC(597) Desired survivor size 14680064 bytes, new threshold 1 (max threshold 15)
[2024-02-06T12:36:37.636+0000][1536][gc,phases   ] GC(597)   Pre Evacuate Collection Set: 0.2ms
[2024-02-06T12:36:37.637+0000][1536][gc,phases   ] GC(597)   Merge Heap Roots: 0.3ms
[2024-02-06T12:36:37.637+0000][1536][gc,phases   ] GC(597)   Evacuate Collection Set: 92.1ms
[2024-02-06T12:36:37.637+0000][1536][gc,phases   ] GC(597)   Post Evacuate Collection Set: 1.0ms
[2024-02-06T12:36:37.637+0000][1536][gc,phases   ] GC(597)   Other: 0.2ms
[2024-02-06T12:36:37.637+0000][1536][gc,age      ] GC(597) Age table with threshold 1 (max threshold 15)
[2024-02-06T12:36:37.637+0000][1536][gc,age      ] GC(597) - age   1:    1140168 bytes,    1140168 total
[2024-02-06T12:36:37.637+0000][1536][gc,heap     ] GC(597) Eden regions: 10->0(555)
[2024-02-06T12:36:37.637+0000][1536][gc,heap     ] GC(597) Survivor regions: 40->4(7)
[2024-02-06T12:36:37.637+0000][1536][gc,heap     ] GC(597) Old regions: 258->227
[2024-02-06T12:36:37.637+0000][1536][gc,heap     ] GC(597) Archive regions: 0->0
[2024-02-06T12:36:37.637+0000][1536][gc,heap     ] GC(597) Humongous regions: 2->2
[2024-02-06T12:36:37.637+0000][1536][gc,metaspace] GC(597) Metaspace: 132336K(138240K)->132336K(138240K) NonClass: 115283K(118976K)->115283K(118976K) Class: 17052K(19264K)->17052K(19264K)
[2024-02-06T12:36:37.637+0000][1536][gc          ] GC(597) Pause Young (Mixed) (G1 Evacuation Pause) 1239M->931M(4040M) 94.307ms
[2024-02-06T12:36:37.637+0000][1536][gc,cpu      ] GC(597) User=0.55s Sys=0.16s Real=0.09s
[2024-02-06T12:36:37.637+0000][1536][safepoint   ] Safepoint "G1CollectForAllocation", Time since last: 385579700 ns, Reaching safepoint: 115000 ns, At safepoint: 94488700 ns, Total: 94603700 ns
[2024-02-06T12:36:55.839+0000][1536][gc,start    ] GC(598) Pause Young (Normal) (G1 Evacuation Pause)
[2024-02-06T12:36:55.839+0000][1536][gc,task     ] GC(598) Using 8 workers of 8 for evacuation
[2024-02-06T12:36:55.839+0000][1536][gc,age      ] GC(598) Desired survivor size 146800640 bytes, new threshold 15 (max threshold 15)
[2024-02-06T12:36:55.886+0000][1536][gc,phases   ] GC(598)   Pre Evacuate Collection Set: 0.5ms
[2024-02-06T12:36:55.886+0000][1536][gc,phases   ] GC(598)   Merge Heap Roots: 0.6ms
[2024-02-06T12:36:55.886+0000][1536][gc,phases   ] GC(598)   Evacuate Collection Set: 47.0ms
[2024-02-06T12:36:55.886+0000][1536][gc,phases   ] GC(598)   Post Evacuate Collection Set: 1.4ms
[2024-02-06T12:36:55.886+0000][1536][gc,phases   ] GC(598)   Other: 0.4ms
[2024-02-06T12:36:55.886+0000][1536][gc,age      ] GC(598) Age table with threshold 15 (max threshold 15)
[2024-02-06T12:36:55.886+0000][1536][gc,age      ] GC(598) - age   1:   90279464 bytes,   90279464 total
[2024-02-06T12:36:55.886+0000][1536][gc,age      ] GC(598) - age   2:     585528 bytes,   90864992 total
[2024-02-06T12:36:55.886+0000][1536][gc,heap     ] GC(598) Eden regions: 555->0(538)
[2024-02-06T12:36:55.886+0000][1536][gc,heap     ] GC(598) Survivor regions: 4->23(70)
[2024-02-06T12:36:55.886+0000][1536][gc,heap     ] GC(598) Old regions: 227->227
[2024-02-06T12:36:55.886+0000][1536][gc,heap     ] GC(598) Archive regions: 0->0
[2024-02-06T12:36:55.886+0000][1536][gc,heap     ] GC(598) Humongous regions: 2->2
[2024-02-06T12:36:55.886+0000][1536][gc,metaspace] GC(598) Metaspace: 132336K(138240K)->132336K(138240K) NonClass: 115283K(118976K)->115283K(118976K) Class: 17052K(19264K)->17052K(19264K)
[2024-02-06T12:36:55.886+0000][1536][gc          ] GC(598) Pause Young (Normal) (G1 Evacuation Pause) 3151M->1006M(4040M) 50.618ms
[2024-02-06T12:36:55.886+0000][1536][gc,cpu      ] GC(598) User=0.36s Sys=0.00s Real=0.05s
[2024-02-06T12:36:55.886+0000][1536][safepoint   ] Safepoint "G1CollectForAllocation", Time since last: 18207246300 ns, Reaching safepoint: 235900 ns, At safepoint: 50875600 ns, Total: 51111500 ns
[2024-02-06T12:37:12.460+0000][1536][gc,start    ] GC(599) Pause Young (Normal) (G1 Evacuation Pause)
[2024-02-06T12:37:12.460+0000][1536][gc,task     ] GC(599) Using 8 workers of 8 for evacuation
[2024-02-06T12:37:12.460+0000][1536][gc,age      ] GC(599) Desired survivor size 148897792 bytes, new threshold 15 (max threshold 15)
[2024-02-06T12:37:12.526+0000][1536][gc,phases   ] GC(599)   Pre Evacuate Collection Set: 0.3ms
[2024-02-06T12:37:12.526+0000][1536][gc,phases   ] GC(599)   Merge Heap Roots: 0.3ms
[2024-02-06T12:37:12.526+0000][1536][gc,phases   ] GC(599)   Evacuate Collection Set: 63.2ms
[2024-02-06T12:37:12.526+0000][1536][gc,phases   ] GC(599)   Post Evacuate Collection Set: 1.2ms
[2024-02-06T12:37:12.526+0000][1536][gc,phases   ] GC(599)   Other: 0.4ms
[2024-02-06T12:37:12.526+0000][1536][gc,age      ] GC(599) Age table with threshold 15 (max threshold 15)
[2024-02-06T12:37:12.526+0000][1536][gc,age      ] GC(599) - age   1:   97064736 bytes,   97064736 total
[2024-02-06T12:37:12.526+0000][1536][gc,age      ] GC(599) - age   2:   71297168 bytes,  168361904 total
[2024-02-06T12:37:12.526+0000][1536][gc,age      ] GC(599) - age   3:     503208 bytes,  168865112 total
[2024-02-06T12:37:12.526+0000][1536][gc,heap     ] GC(599) Eden regions: 538->0(519)
[2024-02-06T12:37:12.526+0000][1536][gc,heap     ] GC(599) Survivor regions: 23->42(71)
[2024-02-06T12:37:12.526+0000][1536][gc,heap     ] GC(599) Old regions: 227->227
[2024-02-06T12:37:12.526+0000][1536][gc,heap     ] GC(599) Archive regions: 0->0
[2024-02-06T12:37:12.526+0000][1536][gc,heap     ] GC(599) Humongous regions: 2->2
[2024-02-06T12:37:12.526+0000][1536][gc,metaspace] GC(599) Metaspace: 132338K(138240K)->132338K(138240K) NonClass: 115285K(118976K)->115285K(118976K) Class: 17052K(19264K)->17052K(19264K)
[2024-02-06T12:37:12.526+0000][1536][gc          ] GC(599) Pause Young (Normal) (G1 Evacuation Pause) 3158M->1081M(4040M) 65.847ms
[2024-02-06T12:37:12.526+0000][1536][gc,cpu      ] GC(599) User=0.38s Sys=0.02s Real=0.07s
[2024-02-06T12:37:12.526+0000][1536][safepoint   ] Safepoint "G1CollectForAllocation", Time since last: 16572232300 ns, Reaching safepoint: 127400 ns, At safepoint: 66087500 ns, Total: 66214900 ns
[2024-02-06T12:37:52.663+0000][1536][gc,start    ] GC(600) Pause Young (Concurrent Start) (G1 Evacuation Pause)
[2024-02-06T12:37:52.663+0000][1536][gc,task     ] GC(600) Using 8 workers of 8 for evacuation
[2024-02-06T12:37:52.663+0000][1536][gc,age      ] GC(600) Desired survivor size 148897792 bytes, new threshold 2 (max threshold 15)
[2024-02-06T12:37:52.746+0000][1536][gc,phases   ] GC(600)   Pre Evacuate Collection Set: 0.5ms
[2024-02-06T12:37:52.746+0000][1536][gc,phases   ] GC(600)   Merge Heap Roots: 0.3ms
[2024-02-06T12:37:52.746+0000][1536][gc,phases   ] GC(600)   Evacuate Collection Set: 80.3ms
[2024-02-06T12:37:52.746+0000][1536][gc,phases   ] GC(600)   Post Evacuate Collection Set: 1.5ms
[2024-02-06T12:37:52.746+0000][1536][gc,phases   ] GC(600)   Other: 0.2ms
[2024-02-06T12:37:52.746+0000][1536][gc,age      ] GC(600) Age table with threshold 2 (max threshold 15)
[2024-02-06T12:37:52.746+0000][1536][gc,age      ] GC(600) - age   1:   82153000 bytes,   82153000 total
[2024-02-06T12:37:52.746+0000][1536][gc,age      ] GC(600) - age   2:   82805960 bytes,  164958960 total
[2024-02-06T12:37:52.746+0000][1536][gc,heap     ] GC(600) Eden regions: 519->0(505)
[2024-02-06T12:37:52.746+0000][1536][gc,heap     ] GC(600) Survivor regions: 42->42(71)
[2024-02-06T12:37:52.746+0000][1536][gc,heap     ] GC(600) Old regions: 227->244
[2024-02-06T12:37:52.746+0000][1536][gc,heap     ] GC(600) Archive regions: 0->0
[2024-02-06T12:37:52.746+0000][1536][gc,heap     ] GC(600) Humongous regions: 2->2
[2024-02-06T12:37:52.746+0000][1536][gc,metaspace] GC(600) Metaspace: 132338K(138240K)->132338K(138240K) NonClass: 115285K(118976K)->115285K(118976K) Class: 17052K(19264K)->17052K(19264K)
[2024-02-06T12:37:52.746+0000][1536][gc          ] GC(600) Pause Young (Concurrent Start) (G1 Evacuation Pause) 3157M->1148M(4040M) 83.473ms
[2024-02-06T12:37:52.746+0000][1536][gc          ] GC(601) Concurrent Mark Cycle
[2024-02-06T12:37:52.746+0000][1536][gc,cpu      ] GC(600) User=0.59s Sys=0.00s Real=0.08s
[2024-02-06T12:37:52.746+0000][1536][gc,marking  ] GC(601) Concurrent Clear Claimed Marks
[2024-02-06T12:37:52.748+0000][1536][safepoint   ] Safepoint "G1CollectForAllocation", Time since last: 40129756400 ns, Reaching safepoint: 111600 ns, At safepoint: 83900700 ns, Total: 84012300 ns
[2024-02-06T12:37:52.748+0000][1536][gc,marking  ] GC(601) Concurrent Clear Claimed Marks 0.365ms
[2024-02-06T12:37:52.748+0000][1536][gc,marking  ] GC(601) Concurrent Scan Root Regions
[2024-02-06T12:37:52.818+0000][1536][gc,marking  ] GC(601) Concurrent Scan Root Regions 74.440ms
[2024-02-06T12:37:52.818+0000][1536][gc,marking  ] GC(601) Concurrent Mark
[2024-02-06T12:37:52.818+0000][1536][gc,marking  ] GC(601) Concurrent Mark From Roots
[2024-02-06T12:37:52.818+0000][1536][gc,task     ] GC(601) Using 2 workers of 2 for marking
[2024-02-06T12:37:53.136+0000][1536][gc,marking  ] GC(601) Concurrent Mark From Roots 318.046ms
[2024-02-06T12:37:53.136+0000][1536][gc,marking  ] GC(601) Concurrent Preclean
[2024-02-06T12:37:53.136+0000][1536][gc,marking  ] GC(601) Concurrent Preclean 1.059ms
[2024-02-06T12:37:53.136+0000][1536][gc,start    ] GC(601) Pause Remark
[2024-02-06T12:37:54.486+0000][1536][gc,mmu      ] GC(601) MMU target violated: 201.0ms (200.0ms/201.0ms)
[2024-02-06T12:37:54.486+0000][1536][gc          ] GC(601) Pause Remark 1230M->1230M(4040M) 1346.339ms
[2024-02-06T12:37:54.486+0000][1536][gc,cpu      ] GC(601) User=0.28s Sys=0.92s Real=1.35s
[2024-02-06T12:37:54.486+0000][1536][safepoint   ] Safepoint "G1Concurrent", Time since last: 393934100 ns, Reaching safepoint: 92300 ns, At safepoint: 1348603900 ns, Total: 1348696200 ns
[2024-02-06T12:37:54.491+0000][1536][gc,marking  ] GC(601) Concurrent Mark 1668.164ms
[2024-02-06T12:37:54.491+0000][1536][gc,marking  ] GC(601) Concurrent Rebuild Remembered Sets
[2024-02-06T12:37:55.786+0000][1536][gc,marking  ] GC(601) Concurrent Rebuild Remembered Sets 1297.408ms
[2024-02-06T12:37:55.786+0000][1536][gc,start    ] GC(601) Pause Cleanup
[2024-02-06T12:37:55.789+0000][1536][gc          ] GC(601) Pause Cleanup 1395M->1395M(4040M) 0.611ms
[2024-02-06T12:37:55.789+0000][1536][gc,cpu      ] GC(601) User=0.00s Sys=0.00s Real=0.00s
[2024-02-06T12:37:55.790+0000][1536][safepoint   ] Safepoint "G1Concurrent", Time since last: 1297918400 ns, Reaching safepoint: 154800 ns, At safepoint: 1511100 ns, Total: 1665900 ns
[2024-02-06T12:37:55.790+0000][1536][gc,marking  ] GC(601) Concurrent Cleanup for Next Mark
[2024-02-06T12:37:55.791+0000][1536][gc,marking  ] GC(601) Concurrent Cleanup for Next Mark 11.764ms
[2024-02-06T12:37:55.791+0000][1536][gc          ] GC(601) Concurrent Mark Cycle 3054.546ms
[2024-02-06T12:38:08.745+0000][1536][gc,start    ] GC(602) Pause Young (Prepare Mixed) (G1 Evacuation Pause)
[2024-02-06T12:38:08.745+0000][1536][gc,task     ] GC(602) Using 8 workers of 8 for evacuation
[2024-02-06T12:38:08.745+0000][1536][gc,age      ] GC(602) Desired survivor size 144703488 bytes, new threshold 2 (max threshold 15)
[2024-02-06T12:38:08.826+0000][1536][gc,phases   ] GC(602)   Pre Evacuate Collection Set: 0.2ms
[2024-02-06T12:38:08.826+0000][1536][gc,phases   ] GC(602)   Merge Heap Roots: 0.4ms
[2024-02-06T12:38:08.826+0000][1536][gc,phases   ] GC(602)   Evacuate Collection Set: 78.8ms
[2024-02-06T12:38:08.826+0000][1536][gc,phases   ] GC(602)   Post Evacuate Collection Set: 1.3ms
[2024-02-06T12:38:08.826+0000][1536][gc,phases   ] GC(602)   Other: 0.9ms
[2024-02-06T12:38:08.826+0000][1536][gc,age      ] GC(602) Age table with threshold 2 (max threshold 15)
[2024-02-06T12:38:08.826+0000][1536][gc,age      ] GC(602) - age   1:   82810872 bytes,   82810872 total
[2024-02-06T12:38:08.826+0000][1536][gc,age      ] GC(602) - age   2:   68845048 bytes,  151655920 total
[2024-02-06T12:38:08.826+0000][1536][gc,heap     ] GC(602) Eden regions: 505->0(11)
[2024-02-06T12:38:08.826+0000][1536][gc,heap     ] GC(602) Survivor regions: 42->39(69)
[2024-02-06T12:38:08.826+0000][1536][gc,heap     ] GC(602) Old regions: 244->260
[2024-02-06T12:38:08.826+0000][1536][gc,heap     ] GC(602) Archive regions: 0->0
[2024-02-06T12:38:08.826+0000][1536][gc,heap     ] GC(602) Humongous regions: 2->2
[2024-02-06T12:38:08.826+0000][1536][gc,metaspace] GC(602) Metaspace: 132334K(138240K)->132334K(138240K) NonClass: 115283K(118976K)->115283K(118976K) Class: 17051K(19264K)->17051K(19264K)
[2024-02-06T12:38:08.826+0000][1536][gc          ] GC(602) Pause Young (Prepare Mixed) (G1 Evacuation Pause) 3168M->1202M(4040M) 82.354ms
[2024-02-06T12:38:08.826+0000][1536][gc,cpu      ] GC(602) User=0.55s Sys=0.03s Real=0.08s
[2024-02-06T12:38:08.826+0000][1536][safepoint   ] Safepoint "G1CollectForAllocation", Time since last: 12956830900 ns, Reaching safepoint: 114900 ns, At safepoint: 82612400 ns, Total: 82727300 ns
[2024-02-06T12:38:08.964+0000][1536][gc,start    ] GC(603) Pause Young (Mixed) (G1 Evacuation Pause)
[2024-02-06T12:38:08.964+0000][1536][gc,task     ] GC(603) Using 8 workers of 8 for evacuation
[2024-02-06T12:38:08.964+0000][1536][gc,age      ] GC(603) Desired survivor size 14680064 bytes, new threshold 1 (max threshold 15)
[2024-02-06T12:38:09.077+0000][1536][gc,phases   ] GC(603)   Pre Evacuate Collection Set: 0.2ms
[2024-02-06T12:38:09.077+0000][1536][gc,phases   ] GC(603)   Merge Heap Roots: 0.3ms
[2024-02-06T12:38:09.077+0000][1536][gc,phases   ] GC(603)   Evacuate Collection Set: 113.1ms
[2024-02-06T12:38:09.077+0000][1536][gc,phases   ] GC(603)   Post Evacuate Collection Set: 1.1ms
[2024-02-06T12:38:09.077+0000][1536][gc,phases   ] GC(603)   Other: 0.3ms
[2024-02-06T12:38:09.077+0000][1536][gc,age      ] GC(603) Age table with threshold 1 (max threshold 15)
[2024-02-06T12:38:09.077+0000][1536][gc,age      ] GC(603) - age   1:    1493992 bytes,    1493992 total
[2024-02-06T12:38:09.077+0000][1536][gc,heap     ] GC(603) Eden regions: 11->0(553)
[2024-02-06T12:38:09.077+0000][1536][gc,heap     ] GC(603) Survivor regions: 39->4(7)
[2024-02-06T12:38:09.077+0000][1536][gc,heap     ] GC(603) Old regions: 260->230
[2024-02-06T12:38:09.077+0000][1536][gc,heap     ] GC(603) Archive regions: 0->0
[2024-02-06T12:38:09.077+0000][1536][gc,heap     ] GC(603) Humongous regions: 2->2
[2024-02-06T12:38:09.077+0000][1536][gc,metaspace] GC(603) Metaspace: 132334K(138240K)->132334K(138240K) NonClass: 115283K(118976K)->115283K(118976K) Class: 17051K(19264K)->17051K(19264K)
[2024-02-06T12:38:09.077+0000][1536][gc          ] GC(603) Pause Young (Mixed) (G1 Evacuation Pause) 1246M->942M(4040M) 115.290ms
[2024-02-06T12:38:09.077+0000][1536][gc,cpu      ] GC(603) User=0.39s Sys=0.34s Real=0.11s
[2024-02-06T12:38:09.077+0000][1536][safepoint   ] Safepoint "G1CollectForAllocation", Time since last: 138899800 ns, Reaching safepoint: 95700 ns, At safepoint: 115553000 ns, Total: 115648700 ns
[2024-02-06T12:38:35.558+0000][1536][gc,start    ] GC(604) Pause Young (Normal) (G1 Evacuation Pause)
[2024-02-06T12:38:35.558+0000][1536][gc,task     ] GC(604) Using 8 workers of 8 for evacuation
[2024-02-06T12:38:35.558+0000][1536][gc,age      ] GC(604) Desired survivor size 146800640 bytes, new threshold 15 (max threshold 15)
[2024-02-06T12:38:35.602+0000][1536][gc,phases   ] GC(604)   Pre Evacuate Collection Set: 0.2ms
[2024-02-06T12:38:35.602+0000][1536][gc,phases   ] GC(604)   Merge Heap Roots: 0.2ms
[2024-02-06T12:38:35.602+0000][1536][gc,phases   ] GC(604)   Evacuate Collection Set: 41.7ms
[2024-02-06T12:38:35.602+0000][1536][gc,phases   ] GC(604)   Post Evacuate Collection Set: 1.4ms
[2024-02-06T12:38:35.602+0000][1536][gc,phases   ] GC(604)   Other: 0.3ms
[2024-02-06T12:38:35.602+0000][1536][gc,age      ] GC(604) Age table with threshold 15 (max threshold 15)
[2024-02-06T12:38:35.603+0000][1536][gc,age      ] GC(604) - age   1:   91881216 bytes,   91881216 total
[2024-02-06T12:38:35.603+0000][1536][gc,age      ] GC(604) - age   2:     630704 bytes,   92511920 total
[2024-02-06T12:38:35.603+0000][1536][gc,heap     ] GC(604) Eden regions: 553->0(534)
[2024-02-06T12:38:35.603+0000][1536][gc,heap     ] GC(604) Survivor regions: 4->24(70)
[2024-02-06T12:38:35.603+0000][1536][gc,heap     ] GC(604) Old regions: 230->230
[2024-02-06T12:38:35.603+0000][1536][gc,heap     ] GC(604) Archive regions: 0->0
[2024-02-06T12:38:35.603+0000][1536][gc,heap     ] GC(604) Humongous regions: 2->2
[2024-02-06T12:38:35.603+0000][1536][gc,metaspace] GC(604) Metaspace: 132334K(138240K)->132334K(138240K) NonClass: 115283K(118976K)->115283K(118976K) Class: 17051K(19264K)->17051K(19264K)
[2024-02-06T12:38:35.603+0000][1536][gc          ] GC(604) Pause Young (Normal) (G1 Evacuation Pause) 3154M->1020M(4040M) 44.481ms
[2024-02-06T12:38:35.603+0000][1536][gc,cpu      ] GC(604) User=0.27s Sys=0.00s Real=0.04s
[2024-02-06T12:38:35.604+0000][1536][safepoint   ] Safepoint "G1CollectForAllocation", Time since last: 26474233300 ns, Reaching safepoint: 78400 ns, At safepoint: 45532400 ns, Total: 45610800 ns
[2024-02-06T12:39:16.893+0000][1536][gc,start    ] GC(605) Pause Young (Normal) (G1 Evacuation Pause)
[2024-02-06T12:39:16.893+0000][1536][gc,task     ] GC(605) Using 8 workers of 8 for evacuation
[2024-02-06T12:39:16.893+0000][1536][gc,age      ] GC(605) Desired survivor size 146800640 bytes, new threshold 15 (max threshold 15)
[2024-02-06T12:39:16.995+0000][1536][gc,phases   ] GC(605)   Pre Evacuate Collection Set: 0.5ms
[2024-02-06T12:39:16.995+0000][1536][gc,phases   ] GC(605)   Merge Heap Roots: 0.6ms
[2024-02-06T12:39:16.995+0000][1536][gc,phases   ] GC(605)   Evacuate Collection Set: 92.1ms
[2024-02-06T12:39:16.995+0000][1536][gc,phases   ] GC(605)   Post Evacuate Collection Set: 1.5ms
[2024-02-06T12:39:16.995+0000][1536][gc,phases   ] GC(605)   Other: 0.6ms
[2024-02-06T12:39:16.995+0000][1536][gc,age      ] GC(605) Age table with threshold 15 (max threshold 15)
[2024-02-06T12:39:16.995+0000][1536][gc,age      ] GC(605) - age   1:   90055760 bytes,   90055760 total
[2024-02-06T12:39:16.995+0000][1536][gc,age      ] GC(605) - age   2:   75984840 bytes,  166040600 total
[2024-02-06T12:39:16.995+0000][1536][gc,age      ] GC(605) - age   3:     608192 bytes,  166648792 total
[2024-02-06T12:39:16.995+0000][1536][gc,heap     ] GC(605) Eden regions: 534->0(517)
[2024-02-06T12:39:16.995+0000][1536][gc,heap     ] GC(605) Survivor regions: 24->42(70)
[2024-02-06T12:39:16.995+0000][1536][gc,heap     ] GC(605) Old regions: 230->230
[2024-02-06T12:39:16.995+0000][1536][gc,heap     ] GC(605) Archive regions: 0->0
[2024-02-06T12:39:16.995+0000][1536][gc,heap     ] GC(605) Humongous regions: 2->2
[2024-02-06T12:39:16.995+0000][1536][gc,metaspace] GC(605) Metaspace: 132334K(138240K)->132334K(138240K) NonClass: 115283K(118976K)->115283K(118976K) Class: 17051K(19264K)->17051K(19264K)
[2024-02-06T12:39:16.995+0000][1536][gc          ] GC(605) Pause Young (Normal) (G1 Evacuation Pause) 3156M->1093M(4040M) 96.243ms
[2024-02-06T12:39:16.995+0000][1536][gc,cpu      ] GC(605) User=0.67s Sys=0.06s Real=0.10s
[2024-02-06T12:39:16.995+0000][1536][safepoint   ] Safepoint "G1CollectForAllocation", Time since last: 41295612200 ns, Reaching safepoint: 195300 ns, At safepoint: 96588300 ns, Total: 96783600 ns
[2024-02-06T12:39:33.458+0000][1536][gc,start    ] GC(606) Pause Young (Concurrent Start) (G1 Evacuation Pause)
[2024-02-06T12:39:33.458+0000][1536][gc,task     ] GC(606) Using 8 workers of 8 for evacuation
[2024-02-06T12:39:33.458+0000][1536][gc,age      ] GC(606) Desired survivor size 146800640 bytes, new threshold 2 (max threshold 15)
[2024-02-06T12:39:33.554+0000][1536][gc,phases   ] GC(606)   Pre Evacuate Collection Set: 0.4ms
[2024-02-06T12:39:33.554+0000][1536][gc,phases   ] GC(606)   Merge Heap Roots: 0.3ms
[2024-02-06T12:39:33.554+0000][1536][gc,phases   ] GC(606)   Evacuate Collection Set: 81.0ms
[2024-02-06T12:39:33.554+0000][1536][gc,phases   ] GC(606)   Post Evacuate Collection Set: 1.4ms
[2024-02-06T12:39:33.554+0000][1536][gc,phases   ] GC(606)   Other: 0.3ms
[2024-02-06T12:39:33.554+0000][1536][gc,age      ] GC(606) Age table with threshold 2 (max threshold 15)
[2024-02-06T12:39:33.554+0000][1536][gc,age      ] GC(606) - age   1:   88323400 bytes,   88323400 total
[2024-02-06T12:39:33.554+0000][1536][gc,age      ] GC(606) - age   2:   75596664 bytes,  163920064 total
[2024-02-06T12:39:33.554+0000][1536][gc,heap     ] GC(606) Eden regions: 517->0(503)
[2024-02-06T12:39:33.554+0000][1536][gc,heap     ] GC(606) Survivor regions: 42->41(70)
[2024-02-06T12:39:33.554+0000][1536][gc,heap     ] GC(606) Old regions: 230->246
[2024-02-06T12:39:33.554+0000][1536][gc,heap     ] GC(606) Archive regions: 0->0
[2024-02-06T12:39:33.554+0000][1536][gc,heap     ] GC(606) Humongous regions: 2->2
[2024-02-06T12:39:33.554+0000][1536][gc,metaspace] GC(606) Metaspace: 132334K(138240K)->132334K(138240K) NonClass: 115283K(118976K)->115283K(118976K) Class: 17051K(19264K)->17051K(19264K)
[2024-02-06T12:39:33.554+0000][1536][gc          ] GC(606) Pause Young (Concurrent Start) (G1 Evacuation Pause) 3161M->1153M(4040M) 84.091ms
[2024-02-06T12:39:33.554+0000][1536][gc          ] GC(607) Concurrent Mark Cycle
[2024-02-06T12:39:33.554+0000][1536][gc,cpu      ] GC(606) User=0.66s Sys=0.02s Real=0.10s
[2024-02-06T12:39:33.554+0000][1536][gc,marking  ] GC(607) Concurrent Clear Claimed Marks
[2024-02-06T12:39:33.554+0000][1536][safepoint   ] Safepoint "G1CollectForAllocation", Time since last: 16474014500 ns, Reaching safepoint: 115100 ns, At safepoint: 84578300 ns, Total: 84693400 ns
[2024-02-06T12:39:33.554+0000][1536][gc,marking  ] GC(607) Concurrent Clear Claimed Marks 0.355ms
[2024-02-06T12:39:33.555+0000][1536][gc,marking  ] GC(607) Concurrent Scan Root Regions
[2024-02-06T12:39:33.614+0000][1536][gc,marking  ] GC(607) Concurrent Scan Root Regions 67.203ms
[2024-02-06T12:39:33.614+0000][1536][gc,marking  ] GC(607) Concurrent Mark
[2024-02-06T12:39:33.614+0000][1536][gc,marking  ] GC(607) Concurrent Mark From Roots
[2024-02-06T12:39:33.614+0000][1536][gc,task     ] GC(607) Using 2 workers of 2 for marking
[2024-02-06T12:39:33.936+0000][1536][gc,marking  ] GC(607) Concurrent Mark From Roots 315.736ms
[2024-02-06T12:39:33.936+0000][1536][gc,marking  ] GC(607) Concurrent Preclean
[2024-02-06T12:39:33.936+0000][1536][gc,marking  ] GC(607) Concurrent Preclean 1.013ms
[2024-02-06T12:39:33.936+0000][1536][gc,start    ] GC(607) Pause Remark
[2024-02-06T12:39:33.957+0000][1536][gc          ] GC(607) Pause Remark 1227M->1227M(4040M) 17.358ms
[2024-02-06T12:39:33.957+0000][1536][gc,cpu      ] GC(607) User=0.25s Sys=0.00s Real=0.02s
[2024-02-06T12:39:33.957+0000][1536][safepoint   ] Safepoint "G1Concurrent", Time since last: 384309500 ns, Reaching safepoint: 94700 ns, At safepoint: 17614500 ns, Total: 17709200 ns
[2024-02-06T12:39:33.957+0000][1536][gc,marking  ] GC(607) Concurrent Mark 334.731ms
[2024-02-06T12:39:33.957+0000][1536][gc,marking  ] GC(607) Concurrent Rebuild Remembered Sets
[2024-02-06T12:39:34.155+0000][1536][gc,marking  ] GC(607) Concurrent Rebuild Remembered Sets 206.171ms
[2024-02-06T12:39:34.155+0000][1536][gc,start    ] GC(607) Pause Cleanup
[2024-02-06T12:39:34.155+0000][1536][gc          ] GC(607) Pause Cleanup 1269M->1269M(4040M) 0.549ms
[2024-02-06T12:39:34.155+0000][1536][gc,cpu      ] GC(607) User=0.00s Sys=0.00s Real=0.00s
[2024-02-06T12:39:34.155+0000][1536][safepoint   ] Safepoint "G1Concurrent", Time since last: 206448000 ns, Reaching safepoint: 109200 ns, At safepoint: 675100 ns, Total: 784300 ns
[2024-02-06T12:39:34.155+0000][1536][gc,marking  ] GC(607) Concurrent Cleanup for Next Mark
[2024-02-06T12:39:34.193+0000][1536][gc,marking  ] GC(607) Concurrent Cleanup for Next Mark 28.978ms
[2024-02-06T12:39:34.193+0000][1536][gc          ] GC(607) Concurrent Mark Cycle 638.753ms
[2024-02-06T12:39:49.661+0000][1536][gc,start    ] GC(608) Pause Young (Prepare Mixed) (G1 Evacuation Pause)
[2024-02-06T12:39:49.661+0000][1536][gc,task     ] GC(608) Using 8 workers of 8 for evacuation
[2024-02-06T12:39:49.661+0000][1536][gc,age      ] GC(608) Desired survivor size 142606336 bytes, new threshold 2 (max threshold 15)
[2024-02-06T12:39:49.736+0000][1536][gc,phases   ] GC(608)   Pre Evacuate Collection Set: 0.2ms
[2024-02-06T12:39:49.736+0000][1536][gc,phases   ] GC(608)   Merge Heap Roots: 0.3ms
[2024-02-06T12:39:49.736+0000][1536][gc,phases   ] GC(608)   Evacuate Collection Set: 73.0ms
[2024-02-06T12:39:49.736+0000][1536][gc,phases   ] GC(608)   Post Evacuate Collection Set: 1.5ms
[2024-02-06T12:39:49.736+0000][1536][gc,phases   ] GC(608)   Other: 0.4ms
[2024-02-06T12:39:49.736+0000][1536][gc,age      ] GC(608) Age table with threshold 2 (max threshold 15)
[2024-02-06T12:39:49.736+0000][1536][gc,age      ] GC(608) - age   1:   72433080 bytes,   72433080 total
[2024-02-06T12:39:49.736+0000][1536][gc,age      ] GC(608) - age   2:   77110096 bytes,  149543176 total
[2024-02-06T12:39:49.736+0000][1536][gc,heap     ] GC(608) Eden regions: 503->0(12)
[2024-02-06T12:39:49.736+0000][1536][gc,heap     ] GC(608) Survivor regions: 41->38(68)
[2024-02-06T12:39:49.736+0000][1536][gc,heap     ] GC(608) Old regions: 246->260
[2024-02-06T12:39:49.736+0000][1536][gc,heap     ] GC(608) Archive regions: 0->0
[2024-02-06T12:39:49.737+0000][1536][gc,heap     ] GC(608) Humongous regions: 2->2
[2024-02-06T12:39:49.737+0000][1536][gc,metaspace] GC(608) Metaspace: 132334K(138240K)->132334K(138240K) NonClass: 115283K(118976K)->115283K(118976K) Class: 17051K(19264K)->17051K(19264K)
[2024-02-06T12:39:49.737+0000][1536][gc          ] GC(608) Pause Young (Prepare Mixed) (G1 Evacuation Pause) 3165M->1200M(4040M) 75.843ms
[2024-02-06T12:39:49.737+0000][1536][gc,cpu      ] GC(608) User=0.62s Sys=0.00s Real=0.08s
[2024-02-06T12:39:49.737+0000][1536][safepoint   ] Safepoint "G1CollectForAllocation", Time since last: 15497184700 ns, Reaching safepoint: 111900 ns, At safepoint: 76032200 ns, Total: 76144100 ns
[2024-02-06T12:39:50.050+0000][1536][gc,start    ] GC(609) Pause Young (Mixed) (G1 Evacuation Pause)
[2024-02-06T12:39:50.050+0000][1536][gc,task     ] GC(609) Using 8 workers of 8 for evacuation
[2024-02-06T12:39:50.050+0000][1536][gc,age      ] GC(609) Desired survivor size 14680064 bytes, new threshold 1 (max threshold 15)
[2024-02-06T12:39:50.228+0000][1536][gc,phases   ] GC(609)   Pre Evacuate Collection Set: 0.5ms
[2024-02-06T12:39:50.228+0000][1536][gc,phases   ] GC(609)   Merge Heap Roots: 0.4ms
[2024-02-06T12:39:50.228+0000][1536][gc,phases   ] GC(609)   Evacuate Collection Set: 170.1ms
[2024-02-06T12:39:50.228+0000][1536][gc,phases   ] GC(609)   Post Evacuate Collection Set: 1.9ms
[2024-02-06T12:39:50.228+0000][1536][gc,phases   ] GC(609)   Other: 0.4ms
[2024-02-06T12:39:50.228+0000][1536][gc,age      ] GC(609) Age table with threshold 1 (max threshold 15)
[2024-02-06T12:39:50.228+0000][1536][gc,age      ] GC(609) - age   1:    1763800 bytes,    1763800 total
[2024-02-06T12:39:50.228+0000][1536][gc,heap     ] GC(609) Eden regions: 12->0(554)
[2024-02-06T12:39:50.228+0000][1536][gc,heap     ] GC(609) Survivor regions: 38->4(7)
[2024-02-06T12:39:50.228+0000][1536][gc,heap     ] GC(609) Old regions: 260->228
[2024-02-06T12:39:50.228+0000][1536][gc,heap     ] GC(609) Archive regions: 0->0
[2024-02-06T12:39:50.228+0000][1536][gc,heap     ] GC(609) Humongous regions: 2->2
[2024-02-06T12:39:50.228+0000][1536][gc,metaspace] GC(609) Metaspace: 132334K(138240K)->132334K(138240K) NonClass: 115283K(118976K)->115283K(118976K) Class: 17051K(19264K)->17051K(19264K)
[2024-02-06T12:39:50.228+0000][1536][gc          ] GC(609) Pause Young (Mixed) (G1 Evacuation Pause) 1248M->933M(4040M) 173.805ms
[2024-02-06T12:39:50.228+0000][1536][gc,cpu      ] GC(609) User=0.59s Sys=0.36s Real=0.18s
[2024-02-06T12:39:50.231+0000][1536][safepoint   ] Safepoint "G1CollectForAllocation", Time since last: 316891700 ns, Reaching safepoint: 160100 ns, At safepoint: 176389400 ns, Total: 176549500 ns
[2024-02-06T12:40:00.295+0000][1536][safepoint   ] Safepoint "Cleanup", Time since last: 10063999400 ns, Reaching safepoint: 100000 ns, At safepoint: 63500 ns, Total: 163500 ns
[2024-02-06T12:40:07.358+0000][1536][gc,start    ] GC(610) Pause Young (Normal) (G1 Evacuation Pause)
[2024-02-06T12:40:07.358+0000][1536][gc,task     ] GC(610) Using 8 workers of 8 for evacuation
[2024-02-06T12:40:07.358+0000][1536][gc,age      ] GC(610) Desired survivor size 146800640 bytes, new threshold 15 (max threshold 15)
[2024-02-06T12:40:07.393+0000][1536][gc,phases   ] GC(610)   Pre Evacuate Collection Set: 0.4ms
[2024-02-06T12:40:07.393+0000][1536][gc,phases   ] GC(610)   Merge Heap Roots: 0.6ms
[2024-02-06T12:40:07.393+0000][1536][gc,phases   ] GC(610)   Evacuate Collection Set: 39.0ms
[2024-02-06T12:40:07.393+0000][1536][gc,phases   ] GC(610)   Post Evacuate Collection Set: 1.3ms
[2024-02-06T12:40:07.393+0000][1536][gc,phases   ] GC(610)   Other: 0.5ms
[2024-02-06T12:40:07.393+0000][1536][gc,age      ] GC(610) Age table with threshold 15 (max threshold 15)
[2024-02-06T12:40:07.393+0000][1536][gc,age      ] GC(610) - age   1:   96654944 bytes,   96654944 total
[2024-02-06T12:40:07.393+0000][1536][gc,age      ] GC(610) - age   2:    1101464 bytes,   97756408 total
[2024-02-06T12:40:07.393+0000][1536][gc,heap     ] GC(610) Eden regions: 554->0(534)
[2024-02-06T12:40:07.393+0000][1536][gc,heap     ] GC(610) Survivor regions: 4->25(70)
[2024-02-06T12:40:07.393+0000][1536][gc,heap     ] GC(610) Old regions: 228->228
[2024-02-06T12:40:07.393+0000][1536][gc,heap     ] GC(610) Archive regions: 0->0
[2024-02-06T12:40:07.393+0000][1536][gc,heap     ] GC(610) Humongous regions: 2->2
[2024-02-06T12:40:07.393+0000][1536][gc,metaspace] GC(610) Metaspace: 132334K(138240K)->132334K(138240K) NonClass: 115283K(118976K)->115283K(118976K) Class: 17051K(19264K)->17051K(19264K)
[2024-02-06T12:40:07.393+0000][1536][gc          ] GC(610) Pause Young (Normal) (G1 Evacuation Pause) 3149M->1014M(4040M) 42.608ms
[2024-02-06T12:40:07.393+0000][1536][gc,cpu      ] GC(610) User=0.34s Sys=0.02s Real=0.03s
[2024-02-06T12:40:07.393+0000][1536][safepoint   ] Safepoint "G1CollectForAllocation", Time since last: 7062323500 ns, Reaching safepoint: 301100 ns, At safepoint: 42921900 ns, Total: 43223000 ns
[2024-02-06T12:40:27.155+0000][1536][gc,start    ] GC(611) Pause Young (Normal) (G1 Evacuation Pause)
[2024-02-06T12:40:27.155+0000][1536][gc,task     ] GC(611) Using 8 workers of 8 for evacuation
[2024-02-06T12:40:27.155+0000][1536][gc,age      ] GC(611) Desired survivor size 146800640 bytes, new threshold 15 (max threshold 15)
[2024-02-06T12:40:27.251+0000][1536][gc,phases   ] GC(611)   Pre Evacuate Collection Set: 0.3ms
[2024-02-06T12:40:27.251+0000][1536][gc,phases   ] GC(611)   Merge Heap Roots: 0.4ms
[2024-02-06T12:40:27.251+0000][1536][gc,phases   ] GC(611)   Evacuate Collection Set: 93.2ms
[2024-02-06T12:40:27.251+0000][1536][gc,phases   ] GC(611)   Post Evacuate Collection Set: 1.5ms
[2024-02-06T12:40:27.251+0000][1536][gc,phases   ] GC(611)   Other: 0.4ms
[2024-02-06T12:40:27.251+0000][1536][gc,age      ] GC(611) Age table with threshold 15 (max threshold 15)
[2024-02-06T12:40:27.251+0000][1536][gc,age      ] GC(611) - age   1:   91194248 bytes,   91194248 total
[2024-02-06T12:40:27.251+0000][1536][gc,age      ] GC(611) - age   2:   79998264 bytes,  171192512 total
[2024-02-06T12:40:27.251+0000][1536][gc,age      ] GC(611) - age   3:    1101128 bytes,  172293640 total
[2024-02-06T12:40:27.251+0000][1536][gc,heap     ] GC(611) Eden regions: 534->0(518)
[2024-02-06T12:40:27.251+0000][1536][gc,heap     ] GC(611) Survivor regions: 25->43(70)
[2024-02-06T12:40:27.251+0000][1536][gc,heap     ] GC(611) Old regions: 228->228
[2024-02-06T12:40:27.252+0000][1536][gc,heap     ] GC(611) Archive regions: 0->0
[2024-02-06T12:40:27.252+0000][1536][gc,heap     ] GC(611) Humongous regions: 2->2
[2024-02-06T12:40:27.252+0000][1536][gc,metaspace] GC(611) Metaspace: 132334K(138240K)->132334K(138240K) NonClass: 115283K(118976K)->115283K(118976K) Class: 17051K(19264K)->17051K(19264K)
[2024-02-06T12:40:27.252+0000][1536][gc          ] GC(611) Pause Young (Normal) (G1 Evacuation Pause) 3150M->1089M(4040M) 96.821ms
[2024-02-06T12:40:27.252+0000][1536][gc,cpu      ] GC(611) User=0.86s Sys=0.00s Real=0.10s
[2024-02-06T12:40:27.252+0000][1536][safepoint   ] Safepoint "G1CollectForAllocation", Time since last: 19737947700 ns, Reaching safepoint: 16432800 ns, At safepoint: 97229800 ns, Total: 113662600 ns
[2024-02-06T12:40:29.252+0000][1536][safepoint   ] Safepoint "Cleanup", Time since last: 1999948200 ns, Reaching safepoint: 102300 ns, At safepoint: 18200 ns, Total: 120500 ns
[2024-02-06T12:40:43.714+0000][1536][gc,start    ] GC(612) Pause Young (Concurrent Start) (G1 Evacuation Pause)
[2024-02-06T12:40:43.714+0000][1536][gc,task     ] GC(612) Using 8 workers of 8 for evacuation
[2024-02-06T12:40:43.715+0000][1536][gc,age      ] GC(612) Desired survivor size 148897792 bytes, new threshold 2 (max threshold 15)
[2024-02-06T12:40:43.836+0000][1536][gc,phases   ] GC(612)   Pre Evacuate Collection Set: 0.7ms
[2024-02-06T12:40:43.836+0000][1536][gc,phases   ] GC(612)   Merge Heap Roots: 0.4ms
[2024-02-06T12:40:43.836+0000][1536][gc,phases   ] GC(612)   Evacuate Collection Set: 118.5ms
[2024-02-06T12:40:43.836+0000][1536][gc,phases   ] GC(612)   Post Evacuate Collection Set: 1.4ms
[2024-02-06T12:40:43.836+0000][1536][gc,phases   ] GC(612)   Other: 0.5ms
[2024-02-06T12:40:43.836+0000][1536][gc,age      ] GC(612) Age table with threshold 2 (max threshold 15)
[2024-02-06T12:40:43.836+0000][1536][gc,age      ] GC(612) - age   1:   83385616 bytes,   83385616 total
[2024-02-06T12:40:43.836+0000][1536][gc,age      ] GC(612) - age   2:   76974512 bytes,  160360128 total
[2024-02-06T12:40:43.836+0000][1536][gc,heap     ] GC(612) Eden regions: 518->0(507)
[2024-02-06T12:40:43.836+0000][1536][gc,heap     ] GC(612) Survivor regions: 43->40(71)
[2024-02-06T12:40:43.836+0000][1536][gc,heap     ] GC(612) Old regions: 228->244
[2024-02-06T12:40:43.836+0000][1536][gc,heap     ] GC(612) Archive regions: 0->0
[2024-02-06T12:40:43.836+0000][1536][gc,heap     ] GC(612) Humongous regions: 2->2
[2024-02-06T12:40:43.836+0000][1536][gc,metaspace] GC(612) Metaspace: 132334K(138240K)->132334K(138240K) NonClass: 115283K(118976K)->115283K(118976K) Class: 17051K(19264K)->17051K(19264K)
[2024-02-06T12:40:43.836+0000][1536][gc          ] GC(612) Pause Young (Concurrent Start) (G1 Evacuation Pause) 3161M->1143M(4040M) 121.979ms
[2024-02-06T12:40:43.836+0000][1536][gc          ] GC(613) Concurrent Mark Cycle
[2024-02-06T12:40:43.836+0000][1536][gc,cpu      ] GC(612) User=0.73s Sys=0.14s Real=0.12s
[2024-02-06T12:40:43.836+0000][1536][gc,marking  ] GC(613) Concurrent Clear Claimed Marks
[2024-02-06T12:40:43.837+0000][1536][safepoint   ] Safepoint "G1CollectForAllocation", Time since last: 14461697400 ns, Reaching safepoint: 311000 ns, At safepoint: 122383500 ns, Total: 122694500 ns
[2024-02-06T12:40:43.837+0000][1536][gc,marking  ] GC(613) Concurrent Clear Claimed Marks 0.261ms
[2024-02-06T12:40:43.837+0000][1536][gc,marking  ] GC(613) Concurrent Scan Root Regions
[2024-02-06T12:40:43.873+0000][1536][gc,marking  ] GC(613) Concurrent Scan Root Regions 42.987ms
[2024-02-06T12:40:43.873+0000][1536][gc,marking  ] GC(613) Concurrent Mark
[2024-02-06T12:40:43.873+0000][1536][gc,marking  ] GC(613) Concurrent Mark From Roots
[2024-02-06T12:40:43.873+0000][1536][gc,task     ] GC(613) Using 2 workers of 2 for marking
[2024-02-06T12:40:44.206+0000][1536][gc,marking  ] GC(613) Concurrent Mark From Roots 328.787ms
[2024-02-06T12:40:44.206+0000][1536][gc,marking  ] GC(613) Concurrent Preclean
[2024-02-06T12:40:44.206+0000][1536][gc,marking  ] GC(613) Concurrent Preclean 0.956ms
[2024-02-06T12:40:44.206+0000][1536][gc,start    ] GC(613) Pause Remark
[2024-02-06T12:40:44.211+0000][1536][gc          ] GC(613) Pause Remark 1211M->1211M(4040M) 17.034ms
[2024-02-06T12:40:44.211+0000][1536][gc,cpu      ] GC(613) User=0.00s Sys=0.00s Real=0.00s
[2024-02-06T12:40:44.227+0000][1536][safepoint   ] Safepoint "G1Concurrent", Time since last: 373074400 ns, Reaching safepoint: 62500 ns, At safepoint: 17254400 ns, Total: 17316900 ns
[2024-02-06T12:40:44.227+0000][1536][gc,marking  ] GC(613) Concurrent Mark 347.283ms
[2024-02-06T12:40:44.227+0000][1536][gc,marking  ] GC(613) Concurrent Rebuild Remembered Sets
[2024-02-06T12:40:44.456+0000][1536][gc,marking  ] GC(613) Concurrent Rebuild Remembered Sets 229.197ms
[2024-02-06T12:40:44.456+0000][1536][gc,start    ] GC(613) Pause Cleanup
[2024-02-06T12:40:44.456+0000][1536][gc          ] GC(613) Pause Cleanup 1249M->1249M(4040M) 0.594ms
[2024-02-06T12:40:44.456+0000][1536][gc,cpu      ] GC(613) User=0.00s Sys=0.00s Real=0.00s
[2024-02-06T12:40:44.456+0000][1536][safepoint   ] Safepoint "G1Concurrent", Time since last: 229435100 ns, Reaching safepoint: 95100 ns, At safepoint: 758700 ns, Total: 853800 ns
[2024-02-06T12:40:44.456+0000][1536][gc,marking  ] GC(613) Concurrent Cleanup for Next Mark
[2024-02-06T12:40:44.456+0000][1536][gc,marking  ] GC(613) Concurrent Cleanup for Next Mark 8.986ms
[2024-02-06T12:40:44.456+0000][1536][gc          ] GC(613) Concurrent Mark Cycle 630.150ms
[2024-02-06T12:41:01.959+0000][1536][gc,start    ] GC(614) Pause Young (Prepare Mixed) (G1 Evacuation Pause)
[2024-02-06T12:41:01.959+0000][1536][gc,task     ] GC(614) Using 8 workers of 8 for evacuation
[2024-02-06T12:41:01.959+0000][1536][gc,age      ] GC(614) Desired survivor size 144703488 bytes, new threshold 2 (max threshold 15)
[2024-02-06T12:41:02.048+0000][1536][gc,phases   ] GC(614)   Pre Evacuate Collection Set: 0.3ms
[2024-02-06T12:41:02.048+0000][1536][gc,phases   ] GC(614)   Merge Heap Roots: 0.4ms
[2024-02-06T12:41:02.048+0000][1536][gc,phases   ] GC(614)   Evacuate Collection Set: 85.8ms
[2024-02-06T12:41:02.048+0000][1536][gc,phases   ] GC(614)   Post Evacuate Collection Set: 1.9ms
[2024-02-06T12:41:02.048+0000][1536][gc,phases   ] GC(614)   Other: 0.3ms
[2024-02-06T12:41:02.048+0000][1536][gc,age      ] GC(614) Age table with threshold 2 (max threshold 15)
[2024-02-06T12:41:02.048+0000][1536][gc,age      ] GC(614) - age   1:   74775816 bytes,   74775816 total
[2024-02-06T12:41:02.048+0000][1536][gc,age      ] GC(614) - age   2:   69090488 bytes,  143866304 total
[2024-02-06T12:41:02.048+0000][1536][gc,heap     ] GC(614) Eden regions: 507->0(14)
[2024-02-06T12:41:02.048+0000][1536][gc,heap     ] GC(614) Survivor regions: 40->36(69)
[2024-02-06T12:41:02.048+0000][1536][gc,heap     ] GC(614) Old regions: 244->261
[2024-02-06T12:41:02.048+0000][1536][gc,heap     ] GC(614) Archive regions: 0->0
[2024-02-06T12:41:02.048+0000][1536][gc,heap     ] GC(614) Humongous regions: 2->2
[2024-02-06T12:41:02.048+0000][1536][gc,metaspace] GC(614) Metaspace: 132334K(138240K)->132334K(138240K) NonClass: 115283K(118976K)->115283K(118976K) Class: 17051K(19264K)->17051K(19264K)
[2024-02-06T12:41:02.048+0000][1536][gc          ] GC(614) Pause Young (Prepare Mixed) (G1 Evacuation Pause) 3171M->1193M(4040M) 89.136ms
[2024-02-06T12:41:02.048+0000][1536][gc,cpu      ] GC(614) User=0.55s Sys=0.11s Real=0.09s
[2024-02-06T12:41:02.048+0000][1536][safepoint   ] Safepoint "G1CollectForAllocation", Time since last: 17503352200 ns, Reaching safepoint: 157300 ns, At safepoint: 89435600 ns, Total: 89592900 ns
[2024-02-06T12:41:02.301+0000][1536][gc,start    ] GC(615) Pause Young (Mixed) (G1 Evacuation Pause)
[2024-02-06T12:41:02.301+0000][1536][gc,task     ] GC(615) Using 8 workers of 8 for evacuation
[2024-02-06T12:41:02.301+0000][1536][gc,age      ] GC(615) Desired survivor size 14680064 bytes, new threshold 1 (max threshold 15)
[2024-02-06T12:41:02.444+0000][1536][gc,phases   ] GC(615)   Pre Evacuate Collection Set: 0.3ms
[2024-02-06T12:41:02.444+0000][1536][gc,phases   ] GC(615)   Merge Heap Roots: 0.4ms
[2024-02-06T12:41:02.444+0000][1536][gc,phases   ] GC(615)   Evacuate Collection Set: 142.4ms
[2024-02-06T12:41:02.444+0000][1536][gc,phases   ] GC(615)   Post Evacuate Collection Set: 0.9ms
[2024-02-06T12:41:02.444+0000][1536][gc,phases   ] GC(615)   Other: 0.2ms
[2024-02-06T12:41:02.444+0000][1536][gc,age      ] GC(615) Age table with threshold 1 (max threshold 15)
[2024-02-06T12:41:02.444+0000][1536][gc,age      ] GC(615) - age   1:    2493760 bytes,    2493760 total
[2024-02-06T12:41:02.444+0000][1536][gc,heap     ] GC(615) Eden regions: 14->0(552)
[2024-02-06T12:41:02.444+0000][1536][gc,heap     ] GC(615) Survivor regions: 36->4(7)
[2024-02-06T12:41:02.444+0000][1536][gc,heap     ] GC(615) Old regions: 261->231
[2024-02-06T12:41:02.444+0000][1536][gc,heap     ] GC(615) Archive regions: 0->0
[2024-02-06T12:41:02.444+0000][1536][gc,heap     ] GC(615) Humongous regions: 2->2
[2024-02-06T12:41:02.444+0000][1536][gc,metaspace] GC(615) Metaspace: 132334K(138240K)->132334K(138240K) NonClass: 115283K(118976K)->115283K(118976K) Class: 17051K(19264K)->17051K(19264K)
[2024-02-06T12:41:02.444+0000][1536][gc          ] GC(615) Pause Young (Mixed) (G1 Evacuation Pause) 1249M->945M(4040M) 144.804ms
[2024-02-06T12:41:02.444+0000][1536][gc,cpu      ] GC(615) User=0.48s Sys=0.36s Real=0.14s
[2024-02-06T12:41:02.444+0000][1536][safepoint   ] Safepoint "G1CollectForAllocation", Time since last: 251551000 ns, Reaching safepoint: 163300 ns, At safepoint: 145138000 ns, Total: 145301300 ns
[2024-02-06T12:41:25.065+0000][1536][gc,start    ] GC(616) Pause Young (Normal) (G1 Evacuation Pause)
[2024-02-06T12:41:25.065+0000][1536][gc,task     ] GC(616) Using 8 workers of 8 for evacuation
[2024-02-06T12:41:25.065+0000][1536][gc,age      ] GC(616) Desired survivor size 146800640 bytes, new threshold 15 (max threshold 15)
[2024-02-06T12:41:25.131+0000][1536][gc,phases   ] GC(616)   Pre Evacuate Collection Set: 0.3ms
[2024-02-06T12:41:25.131+0000][1536][gc,phases   ] GC(616)   Merge Heap Roots: 0.3ms
[2024-02-06T12:41:25.131+0000][1536][gc,phases   ] GC(616)   Evacuate Collection Set: 50.6ms
[2024-02-06T12:41:25.131+0000][1536][gc,phases   ] GC(616)   Post Evacuate Collection Set: 1.5ms
[2024-02-06T12:41:25.131+0000][1536][gc,phases   ] GC(616)   Other: 0.3ms
[2024-02-06T12:41:25.131+0000][1536][gc,age      ] GC(616) Age table with threshold 15 (max threshold 15)
[2024-02-06T12:41:25.131+0000][1536][gc,age      ] GC(616) - age   1:   92773168 bytes,   92773168 total
[2024-02-06T12:41:25.131+0000][1536][gc,age      ] GC(616) - age   2:    1836272 bytes,   94609440 total
[2024-02-06T12:41:25.131+0000][1536][gc,heap     ] GC(616) Eden regions: 552->0(533)
[2024-02-06T12:41:25.131+0000][1536][gc,heap     ] GC(616) Survivor regions: 4->24(70)
[2024-02-06T12:41:25.131+0000][1536][gc,heap     ] GC(616) Old regions: 231->231
[2024-02-06T12:41:25.132+0000][1536][gc,heap     ] GC(616) Archive regions: 0->0
[2024-02-06T12:41:25.132+0000][1536][gc,heap     ] GC(616) Humongous regions: 2->2
[2024-02-06T12:41:25.132+0000][1536][gc,metaspace] GC(616) Metaspace: 132334K(138240K)->132334K(138240K) NonClass: 115283K(118976K)->115283K(118976K) Class: 17051K(19264K)->17051K(19264K)
[2024-02-06T12:41:25.132+0000][1536][gc          ] GC(616) Pause Young (Normal) (G1 Evacuation Pause) 3153M->1023M(4040M) 53.697ms
[2024-02-06T12:41:25.132+0000][1536][gc,cpu      ] GC(616) User=0.47s Sys=0.00s Real=0.07s
[2024-02-06T12:41:25.132+0000][1536][safepoint   ] Safepoint "G1CollectForAllocation", Time since last: 22630841900 ns, Reaching safepoint: 181000 ns, At safepoint: 53932600 ns, Total: 54113600 ns
[2024-02-06T12:42:09.085+0000][1536][gc,start    ] GC(617) Pause Young (Normal) (G1 Evacuation Pause)
[2024-02-06T12:42:09.085+0000][1536][gc,task     ] GC(617) Using 8 workers of 8 for evacuation
[2024-02-06T12:42:09.085+0000][1536][gc,age      ] GC(617) Desired survivor size 146800640 bytes, new threshold 15 (max threshold 15)
[2024-02-06T12:42:09.169+0000][1536][gc,phases   ] GC(617)   Pre Evacuate Collection Set: 0.3ms
[2024-02-06T12:42:09.169+0000][1536][gc,phases   ] GC(617)   Merge Heap Roots: 0.3ms
[2024-02-06T12:42:09.169+0000][1536][gc,phases   ] GC(617)   Evacuate Collection Set: 82.2ms
[2024-02-06T12:42:09.170+0000][1536][gc,phases   ] GC(617)   Post Evacuate Collection Set: 2.3ms
[2024-02-06T12:42:09.170+0000][1536][gc,phases   ] GC(617)   Other: 0.4ms
[2024-02-06T12:42:09.170+0000][1536][gc,age      ] GC(617) Age table with threshold 15 (max threshold 15)
[2024-02-06T12:42:09.170+0000][1536][gc,age      ] GC(617) - age   1:   86285872 bytes,   86285872 total
[2024-02-06T12:42:09.170+0000][1536][gc,age      ] GC(617) - age   2:   79383488 bytes,  165669360 total
[2024-02-06T12:42:09.170+0000][1536][gc,age      ] GC(617) - age   3:     938640 bytes,  166608000 total
[2024-02-06T12:42:09.170+0000][1536][gc,heap     ] GC(617) Eden regions: 533->0(516)
[2024-02-06T12:42:09.170+0000][1536][gc,heap     ] GC(617) Survivor regions: 24->42(70)
[2024-02-06T12:42:09.170+0000][1536][gc,heap     ] GC(617) Old regions: 231->231
[2024-02-06T12:42:09.170+0000][1536][gc,heap     ] GC(617) Archive regions: 0->0
[2024-02-06T12:42:09.170+0000][1536][gc,heap     ] GC(617) Humongous regions: 2->2
[2024-02-06T12:42:09.170+0000][1536][gc,metaspace] GC(617) Metaspace: 132334K(138240K)->132334K(138240K) NonClass: 115283K(118976K)->115283K(118976K) Class: 17051K(19264K)->17051K(19264K)
[2024-02-06T12:42:09.170+0000][1536][gc          ] GC(617) Pause Young (Normal) (G1 Evacuation Pause) 3155M->1093M(4040M) 86.296ms
[2024-02-06T12:42:09.170+0000][1536][gc,cpu      ] GC(617) User=0.61s Sys=0.00s Real=0.09s
[2024-02-06T12:42:09.171+0000][1536][safepoint   ] Safepoint "G1CollectForAllocation", Time since last: 43914244400 ns, Reaching safepoint: 38164100 ns, At safepoint: 86717200 ns, Total: 124881300 ns
[2024-02-06T12:42:35.710+0000][1536][gc,start    ] GC(618) Pause Young (Concurrent Start) (G1 Evacuation Pause)
[2024-02-06T12:42:35.710+0000][1536][gc,task     ] GC(618) Using 8 workers of 8 for evacuation
[2024-02-06T12:42:35.710+0000][1536][gc,age      ] GC(618) Desired survivor size 146800640 bytes, new threshold 2 (max threshold 15)
[2024-02-06T12:42:35.807+0000][1536][gc,phases   ] GC(618)   Pre Evacuate Collection Set: 2.6ms
[2024-02-06T12:42:35.808+0000][1536][gc,phases   ] GC(618)   Merge Heap Roots: 0.4ms
[2024-02-06T12:42:35.808+0000][1536][gc,phases   ] GC(618)   Evacuate Collection Set: 87.6ms
[2024-02-06T12:42:35.808+0000][1536][gc,phases   ] GC(618)   Post Evacuate Collection Set: 1.5ms
[2024-02-06T12:42:35.808+0000][1536][gc,phases   ] GC(618)   Other: 0.4ms
[2024-02-06T12:42:35.808+0000][1536][gc,age      ] GC(618) Age table with threshold 2 (max threshold 15)
[2024-02-06T12:42:35.808+0000][1536][gc,age      ] GC(618) - age   1:   86752312 bytes,   86752312 total
[2024-02-06T12:42:35.808+0000][1536][gc,age      ] GC(618) - age   2:   71394792 bytes,  158147104 total
[2024-02-06T12:42:35.808+0000][1536][gc,heap     ] GC(618) Eden regions: 516->0(504)
[2024-02-06T12:42:35.808+0000][1536][gc,heap     ] GC(618) Survivor regions: 42->40(70)
[2024-02-06T12:42:35.808+0000][1536][gc,heap     ] GC(618) Old regions: 231->246
[2024-02-06T12:42:35.808+0000][1536][gc,heap     ] GC(618) Archive regions: 0->0
[2024-02-06T12:42:35.808+0000][1536][gc,heap     ] GC(618) Humongous regions: 2->2
[2024-02-06T12:42:35.808+0000][1536][gc,metaspace] GC(618) Metaspace: 132334K(138240K)->132334K(138240K) NonClass: 115283K(118976K)->115283K(118976K) Class: 17051K(19264K)->17051K(19264K)
[2024-02-06T12:42:35.808+0000][1536][gc          ] GC(618) Pause Young (Concurrent Start) (G1 Evacuation Pause) 3157M->1148M(4040M) 93.181ms
[2024-02-06T12:42:35.808+0000][1536][gc          ] GC(619) Concurrent Mark Cycle
[2024-02-06T12:42:35.808+0000][1536][gc,cpu      ] GC(618) User=0.58s Sys=0.03s Real=0.10s
[2024-02-06T12:42:35.808+0000][1536][gc,marking  ] GC(619) Concurrent Clear Claimed Marks
[2024-02-06T12:42:35.808+0000][1536][gc,marking  ] GC(619) Concurrent Clear Claimed Marks 0.394ms
[2024-02-06T12:42:35.808+0000][1536][safepoint   ] Safepoint "G1CollectForAllocation", Time since last: 26544084400 ns, Reaching safepoint: 102300 ns, At safepoint: 93724300 ns, Total: 93826600 ns
[2024-02-06T12:42:35.808+0000][1536][gc,marking  ] GC(619) Concurrent Scan Root Regions
[2024-02-06T12:42:35.860+0000][1536][gc,marking  ] GC(619) Concurrent Scan Root Regions 62.722ms
[2024-02-06T12:42:35.860+0000][1536][gc,marking  ] GC(619) Concurrent Mark
[2024-02-06T12:42:35.860+0000][1536][gc,marking  ] GC(619) Concurrent Mark From Roots
[2024-02-06T12:42:35.860+0000][1536][gc,task     ] GC(619) Using 2 workers of 2 for marking
[2024-02-06T12:42:36.183+0000][1536][gc,marking  ] GC(619) Concurrent Mark From Roots 311.787ms
[2024-02-06T12:42:36.183+0000][1536][gc,marking  ] GC(619) Concurrent Preclean
[2024-02-06T12:42:36.185+0000][1536][gc,marking  ] GC(619) Concurrent Preclean 1.345ms
[2024-02-06T12:42:36.185+0000][1536][gc,start    ] GC(619) Pause Remark
[2024-02-06T12:42:36.201+0000][1536][gc          ] GC(619) Pause Remark 1208M->1208M(4040M) 20.747ms
[2024-02-06T12:42:36.201+0000][1536][gc,cpu      ] GC(619) User=0.02s Sys=0.00s Real=0.02s
[2024-02-06T12:42:36.201+0000][1536][safepoint   ] Safepoint "G1Concurrent", Time since last: 376189900 ns, Reaching safepoint: 135100 ns, At safepoint: 21513000 ns, Total: 21648100 ns
[2024-02-06T12:42:36.201+0000][1536][gc,marking  ] GC(619) Concurrent Mark 335.087ms
[2024-02-06T12:42:36.201+0000][1536][gc,marking  ] GC(619) Concurrent Rebuild Remembered Sets
[2024-02-06T12:42:36.482+0000][1536][gc,marking  ] GC(619) Concurrent Rebuild Remembered Sets 276.272ms
[2024-02-06T12:42:36.482+0000][1536][gc,start    ] GC(619) Pause Cleanup
[2024-02-06T12:42:36.482+0000][1536][gc          ] GC(619) Pause Cleanup 1258M->1258M(4040M) 0.732ms
[2024-02-06T12:42:36.482+0000][1536][gc,cpu      ] GC(619) User=0.00s Sys=0.00s Real=0.00s
[2024-02-06T12:42:36.482+0000][1536][safepoint   ] Safepoint "G1Concurrent", Time since last: 276528300 ns, Reaching safepoint: 132200 ns, At safepoint: 927900 ns, Total: 1060100 ns
[2024-02-06T12:42:36.482+0000][1536][gc,marking  ] GC(619) Concurrent Cleanup for Next Mark
[2024-02-06T12:42:36.492+0000][1536][gc,marking  ] GC(619) Concurrent Cleanup for Next Mark 9.881ms
[2024-02-06T12:42:36.492+0000][1536][gc          ] GC(619) Concurrent Mark Cycle 685.936ms
[2024-02-06T12:42:50.933+0000][1536][gc,start    ] GC(620) Pause Young (Prepare Mixed) (G1 Evacuation Pause)
[2024-02-06T12:42:50.933+0000][1536][gc,task     ] GC(620) Using 8 workers of 8 for evacuation
[2024-02-06T12:42:50.933+0000][1536][gc,age      ] GC(620) Desired survivor size 142606336 bytes, new threshold 2 (max threshold 15)
[2024-02-06T12:42:51.008+0000][1536][gc,phases   ] GC(620)   Pre Evacuate Collection Set: 0.2ms
[2024-02-06T12:42:51.008+0000][1536][gc,phases   ] GC(620)   Merge Heap Roots: 0.3ms
[2024-02-06T12:42:51.008+0000][1536][gc,phases   ] GC(620)   Evacuate Collection Set: 69.2ms
[2024-02-06T12:42:51.008+0000][1536][gc,phases   ] GC(620)   Post Evacuate Collection Set: 1.5ms
[2024-02-06T12:42:51.008+0000][1536][gc,phases   ] GC(620)   Other: 1.2ms
[2024-02-06T12:42:51.008+0000][1536][gc,age      ] GC(620) Age table with threshold 2 (max threshold 15)
[2024-02-06T12:42:51.008+0000][1536][gc,age      ] GC(620) - age   1:   79206656 bytes,   79206656 total
[2024-02-06T12:42:51.008+0000][1536][gc,age      ] GC(620) - age   2:   72882568 bytes,  152089224 total
[2024-02-06T12:42:51.008+0000][1536][gc,heap     ] GC(620) Eden regions: 504->0(11)
[2024-02-06T12:42:51.008+0000][1536][gc,heap     ] GC(620) Survivor regions: 40->39(68)
[2024-02-06T12:42:51.008+0000][1536][gc,heap     ] GC(620) Old regions: 246->259
[2024-02-06T12:42:51.008+0000][1536][gc,heap     ] GC(620) Archive regions: 0->0
[2024-02-06T12:42:51.008+0000][1536][gc,heap     ] GC(620) Humongous regions: 2->2
[2024-02-06T12:42:51.008+0000][1536][gc,metaspace] GC(620) Metaspace: 132334K(138240K)->132334K(138240K) NonClass: 115283K(118976K)->115283K(118976K) Class: 17051K(19264K)->17051K(19264K)
[2024-02-06T12:42:51.008+0000][1536][gc          ] GC(620) Pause Young (Prepare Mixed) (G1 Evacuation Pause) 3164M->1198M(4040M) 73.000ms
[2024-02-06T12:42:51.008+0000][1536][gc,cpu      ] GC(620) User=0.56s Sys=0.03s Real=0.07s
[2024-02-06T12:42:51.008+0000][1536][safepoint   ] Safepoint "G1CollectForAllocation", Time since last: 14451304000 ns, Reaching safepoint: 118400 ns, At safepoint: 73226700 ns, Total: 73345100 ns
[2024-02-06T12:42:51.212+0000][1536][gc,start    ] GC(621) Pause Young (Mixed) (G1 Evacuation Pause)
[2024-02-06T12:42:51.212+0000][1536][gc,task     ] GC(621) Using 8 workers of 8 for evacuation
[2024-02-06T12:42:51.212+0000][1536][gc,age      ] GC(621) Desired survivor size 14680064 bytes, new threshold 1 (max threshold 15)
[2024-02-06T12:42:51.330+0000][1536][gc,phases   ] GC(621)   Pre Evacuate Collection Set: 0.3ms
[2024-02-06T12:42:51.330+0000][1536][gc,phases   ] GC(621)   Merge Heap Roots: 0.3ms
[2024-02-06T12:42:51.330+0000][1536][gc,phases   ] GC(621)   Evacuate Collection Set: 118.7ms
[2024-02-06T12:42:51.330+0000][1536][gc,phases   ] GC(621)   Post Evacuate Collection Set: 1.0ms
[2024-02-06T12:42:51.330+0000][1536][gc,phases   ] GC(621)   Other: 1.3ms
[2024-02-06T12:42:51.330+0000][1536][gc,age      ] GC(621) Age table with threshold 1 (max threshold 15)
[2024-02-06T12:42:51.330+0000][1536][gc,age      ] GC(621) - age   1:    1613376 bytes,    1613376 total
[2024-02-06T12:42:51.330+0000][1536][gc,heap     ] GC(621) Eden regions: 11->0(554)
[2024-02-06T12:42:51.330+0000][1536][gc,heap     ] GC(621) Survivor regions: 39->4(7)
[2024-02-06T12:42:51.330+0000][1536][gc,heap     ] GC(621) Old regions: 259->229
[2024-02-06T12:42:51.330+0000][1536][gc,heap     ] GC(621) Archive regions: 0->0
[2024-02-06T12:42:51.330+0000][1536][gc,heap     ] GC(621) Humongous regions: 2->2
[2024-02-06T12:42:51.330+0000][1536][gc,metaspace] GC(621) Metaspace: 132334K(138240K)->132334K(138240K) NonClass: 115283K(118976K)->115283K(118976K) Class: 17051K(19264K)->17051K(19264K)
[2024-02-06T12:42:51.330+0000][1536][gc          ] GC(621) Pause Young (Mixed) (G1 Evacuation Pause) 1242M->938M(4040M) 122.270ms
[2024-02-06T12:42:51.330+0000][1536][gc,cpu      ] GC(621) User=0.44s Sys=0.33s Real=0.12s
[2024-02-06T12:42:51.330+0000][1536][safepoint   ] Safepoint "G1CollectForAllocation", Time since last: 203301700 ns, Reaching safepoint: 107600 ns, At safepoint: 123148600 ns, Total: 123256200 ns
[2024-02-06T12:43:29.704+0000][1536][gc,start    ] GC(622) Pause Young (Normal) (G1 Evacuation Pause)
[2024-02-06T12:43:29.704+0000][1536][gc,task     ] GC(622) Using 8 workers of 8 for evacuation
[2024-02-06T12:43:29.704+0000][1536][gc,age      ] GC(622) Desired survivor size 146800640 bytes, new threshold 15 (max threshold 15)
[2024-02-06T12:43:29.745+0000][1536][gc,phases   ] GC(622)   Pre Evacuate Collection Set: 0.3ms
[2024-02-06T12:43:29.745+0000][1536][gc,phases   ] GC(622)   Merge Heap Roots: 0.3ms
[2024-02-06T12:43:29.745+0000][1536][gc,phases   ] GC(622)   Evacuate Collection Set: 37.4ms
[2024-02-06T12:43:29.745+0000][1536][gc,phases   ] GC(622)   Post Evacuate Collection Set: 2.6ms
[2024-02-06T12:43:29.745+0000][1536][gc,phases   ] GC(622)   Other: 0.3ms
[2024-02-06T12:43:29.745+0000][1536][gc,age      ] GC(622) Age table with threshold 15 (max threshold 15)
[2024-02-06T12:43:29.745+0000][1536][gc,age      ] GC(622) - age   1:   90983088 bytes,   90983088 total
[2024-02-06T12:43:29.746+0000][1536][gc,age      ] GC(622) - age   2:    1069224 bytes,   92052312 total
[2024-02-06T12:43:29.746+0000][1536][gc,heap     ] GC(622) Eden regions: 554->0(536)
[2024-02-06T12:43:29.746+0000][1536][gc,heap     ] GC(622) Survivor regions: 4->23(70)
[2024-02-06T12:43:29.746+0000][1536][gc,heap     ] GC(622) Old regions: 229->229
[2024-02-06T12:43:29.746+0000][1536][gc,heap     ] GC(622) Archive regions: 0->0
[2024-02-06T12:43:29.746+0000][1536][gc,heap     ] GC(622) Humongous regions: 2->2
[2024-02-06T12:43:29.746+0000][1536][gc,metaspace] GC(622) Metaspace: 132334K(138240K)->132334K(138240K) NonClass: 115283K(118976K)->115283K(118976K) Class: 17051K(19264K)->17051K(19264K)
[2024-02-06T12:43:29.746+0000][1536][gc          ] GC(622) Pause Young (Normal) (G1 Evacuation Pause) 3154M->1014M(4040M) 41.595ms
[2024-02-06T12:43:29.746+0000][1536][gc,cpu      ] GC(622) User=0.25s Sys=0.00s Real=0.04s
[2024-02-06T12:43:29.746+0000][1536][safepoint   ] Safepoint "G1CollectForAllocation", Time since last: 38369050000 ns, Reaching safepoint: 149500 ns, At safepoint: 41894800 ns, Total: 42044300 ns
[2024-02-06T12:43:55.798+0000][1536][gc,start    ] GC(623) Pause Young (Normal) (G1 Evacuation Pause)
[2024-02-06T12:43:55.798+0000][1536][gc,task     ] GC(623) Using 8 workers of 8 for evacuation
[2024-02-06T12:43:55.798+0000][1536][gc,age      ] GC(623) Desired survivor size 146800640 bytes, new threshold 15 (max threshold 15)
[2024-02-06T12:43:55.875+0000][1536][gc,phases   ] GC(623)   Pre Evacuate Collection Set: 0.3ms
[2024-02-06T12:43:55.875+0000][1536][gc,phases   ] GC(623)   Merge Heap Roots: 0.3ms
[2024-02-06T12:43:55.875+0000][1536][gc,phases   ] GC(623)   Evacuate Collection Set: 65.3ms
[2024-02-06T12:43:55.875+0000][1536][gc,phases   ] GC(623)   Post Evacuate Collection Set: 5.0ms
[2024-02-06T12:43:55.875+0000][1536][gc,phases   ] GC(623)   Other: 0.3ms
[2024-02-06T12:43:55.875+0000][1536][gc,age      ] GC(623) Age table with threshold 15 (max threshold 15)
[2024-02-06T12:43:55.875+0000][1536][gc,age      ] GC(623) - age   1:   89800224 bytes,   89800224 total
[2024-02-06T12:43:55.875+0000][1536][gc,age      ] GC(623) - age   2:   76627648 bytes,  166427872 total
[2024-02-06T12:43:55.875+0000][1536][gc,age      ] GC(623) - age   3:    1005504 bytes,  167433376 total
[2024-02-06T12:43:55.875+0000][1536][gc,heap     ] GC(623) Eden regions: 536->0(518)
[2024-02-06T12:43:55.875+0000][1536][gc,heap     ] GC(623) Survivor regions: 23->42(70)
[2024-02-06T12:43:55.875+0000][1536][gc,heap     ] GC(623) Old regions: 229->229
[2024-02-06T12:43:55.875+0000][1536][gc,heap     ] GC(623) Archive regions: 0->0
[2024-02-06T12:43:55.875+0000][1536][gc,heap     ] GC(623) Humongous regions: 2->2
[2024-02-06T12:43:55.875+0000][1536][gc,metaspace] GC(623) Metaspace: 132334K(138240K)->132334K(138240K) NonClass: 115283K(118976K)->115283K(118976K) Class: 17051K(19264K)->17051K(19264K)
[2024-02-06T12:43:55.875+0000][1536][gc          ] GC(623) Pause Young (Normal) (G1 Evacuation Pause) 3158M->1087M(4040M) 71.672ms
[2024-02-06T12:43:55.875+0000][1536][gc,cpu      ] GC(623) User=0.42s Sys=0.11s Real=0.08s
[2024-02-06T12:43:55.875+0000][1536][safepoint   ] Safepoint "G1CollectForAllocation", Time since last: 26056907900 ns, Reaching safepoint: 105500 ns, At safepoint: 71862600 ns, Total: 71968100 ns
[2024-02-06T12:43:59.909+0000][1536][safepoint   ] Safepoint "Cleanup", Time since last: 4033252200 ns, Reaching safepoint: 196900 ns, At safepoint: 42000 ns, Total: 238900 ns
[2024-02-06T12:44:19.293+0000][1536][gc,start    ] GC(624) Pause Young (Concurrent Start) (G1 Evacuation Pause)
[2024-02-06T12:44:19.293+0000][1536][gc,task     ] GC(624) Using 8 workers of 8 for evacuation
[2024-02-06T12:44:19.293+0000][1536][gc,age      ] GC(624) Desired survivor size 146800640 bytes, new threshold 2 (max threshold 15)
[2024-02-06T12:44:19.414+0000][1536][gc,phases   ] GC(624)   Pre Evacuate Collection Set: 0.5ms
[2024-02-06T12:44:19.414+0000][1536][gc,phases   ] GC(624)   Merge Heap Roots: 0.2ms
[2024-02-06T12:44:19.414+0000][1536][gc,phases   ] GC(624)   Evacuate Collection Set: 109.7ms
[2024-02-06T12:44:19.414+0000][1536][gc,phases   ] GC(624)   Post Evacuate Collection Set: 1.6ms
[2024-02-06T12:44:19.414+0000][1536][gc,phases   ] GC(624)   Other: 0.2ms
[2024-02-06T12:44:19.414+0000][1536][gc,age      ] GC(624) Age table with threshold 2 (max threshold 15)
[2024-02-06T12:44:19.414+0000][1536][gc,age      ] GC(624) - age   1:   98144456 bytes,   98144456 total
[2024-02-06T12:44:19.414+0000][1536][gc,age      ] GC(624) - age   2:   73580560 bytes,  171725016 total
[2024-02-06T12:44:19.414+0000][1536][gc,heap     ] GC(624) Eden regions: 518->0(502)
[2024-02-06T12:44:19.414+0000][1536][gc,heap     ] GC(624) Survivor regions: 42->44(70)
[2024-02-06T12:44:19.414+0000][1536][gc,heap     ] GC(624) Old regions: 229->243
[2024-02-06T12:44:19.414+0000][1536][gc,heap     ] GC(624) Archive regions: 0->0
[2024-02-06T12:44:19.414+0000][1536][gc,heap     ] GC(624) Humongous regions: 2->2
[2024-02-06T12:44:19.414+0000][1536][gc,metaspace] GC(624) Metaspace: 132335K(138240K)->132335K(138240K) NonClass: 115283K(118976K)->115283K(118976K) Class: 17051K(19264K)->17051K(19264K)
[2024-02-06T12:44:19.414+0000][1536][gc          ] GC(624) Pause Young (Concurrent Start) (G1 Evacuation Pause) 3159M->1152M(4040M) 112.630ms
[2024-02-06T12:44:19.414+0000][1536][gc          ] GC(625) Concurrent Mark Cycle
[2024-02-06T12:44:19.414+0000][1536][gc,cpu      ] GC(624) User=0.50s Sys=0.42s Real=0.12s
[2024-02-06T12:44:19.414+0000][1536][gc,marking  ] GC(625) Concurrent Clear Claimed Marks
[2024-02-06T12:44:19.414+0000][1536][gc,marking  ] GC(625) Concurrent Clear Claimed Marks 0.280ms
[2024-02-06T12:44:19.414+0000][1536][safepoint   ] Safepoint "G1CollectForAllocation", Time since last: 19394074100 ns, Reaching safepoint: 134700 ns, At safepoint: 113059100 ns, Total: 113193800 ns
[2024-02-06T12:44:19.414+0000][1536][gc,marking  ] GC(625) Concurrent Scan Root Regions
[2024-02-06T12:44:19.475+0000][1536][gc,marking  ] GC(625) Concurrent Scan Root Regions 59.686ms
[2024-02-06T12:44:19.475+0000][1536][gc,marking  ] GC(625) Concurrent Mark
[2024-02-06T12:44:19.475+0000][1536][gc,marking  ] GC(625) Concurrent Mark From Roots
[2024-02-06T12:44:19.475+0000][1536][gc,task     ] GC(625) Using 2 workers of 2 for marking
[2024-02-06T12:44:19.809+0000][1536][gc,marking  ] GC(625) Concurrent Mark From Roots 336.348ms
[2024-02-06T12:44:19.809+0000][1536][gc,marking  ] GC(625) Concurrent Preclean
[2024-02-06T12:44:19.809+0000][1536][gc,marking  ] GC(625) Concurrent Preclean 1.459ms
[2024-02-06T12:44:19.809+0000][1536][gc,start    ] GC(625) Pause Remark
[2024-02-06T12:44:19.825+0000][1536][gc          ] GC(625) Pause Remark 1241M->1241M(4040M) 21.084ms
[2024-02-06T12:44:19.825+0000][1536][gc,cpu      ] GC(625) User=0.02s Sys=0.02s Real=0.02s
[2024-02-06T12:44:19.825+0000][1536][safepoint   ] Safepoint "G1Concurrent", Time since last: 397824700 ns, Reaching safepoint: 76300 ns, At safepoint: 21312100 ns, Total: 21388400 ns
[2024-02-06T12:44:19.825+0000][1536][gc,marking  ] GC(625) Concurrent Mark 359.486ms
[2024-02-06T12:44:19.825+0000][1536][gc,marking  ] GC(625) Concurrent Rebuild Remembered Sets
[2024-02-06T12:44:20.066+0000][1536][gc,marking  ] GC(625) Concurrent Rebuild Remembered Sets 243.347ms
[2024-02-06T12:44:20.066+0000][1536][gc,start    ] GC(625) Pause Cleanup
[2024-02-06T12:44:20.066+0000][1536][gc          ] GC(625) Pause Cleanup 1292M->1292M(4040M) 0.788ms
[2024-02-06T12:44:20.066+0000][1536][gc,cpu      ] GC(625) User=0.00s Sys=0.00s Real=0.00s
[2024-02-06T12:44:20.066+0000][1536][safepoint   ] Safepoint "G1Concurrent", Time since last: 243616800 ns, Reaching safepoint: 102500 ns, At safepoint: 1010100 ns, Total: 1112600 ns
[2024-02-06T12:44:20.066+0000][1536][gc,marking  ] GC(625) Concurrent Cleanup for Next Mark
[2024-02-06T12:44:20.102+0000][1536][gc,marking  ] GC(625) Concurrent Cleanup for Next Mark 28.087ms
[2024-02-06T12:44:20.102+0000][1536][gc          ] GC(625) Concurrent Mark Cycle 692.545ms
[2024-02-06T12:44:40.758+0000][1536][gc,start    ] GC(626) Pause Young (Prepare Mixed) (G1 Evacuation Pause)
[2024-02-06T12:44:40.758+0000][1536][gc,task     ] GC(626) Using 8 workers of 8 for evacuation
[2024-02-06T12:44:40.758+0000][1536][gc,age      ] GC(626) Desired survivor size 144703488 bytes, new threshold 2 (max threshold 15)
[2024-02-06T12:44:40.875+0000][1536][gc,phases   ] GC(626)   Pre Evacuate Collection Set: 0.3ms
[2024-02-06T12:44:40.875+0000][1536][gc,phases   ] GC(626)   Merge Heap Roots: 0.6ms
[2024-02-06T12:44:40.875+0000][1536][gc,phases   ] GC(626)   Evacuate Collection Set: 110.8ms
[2024-02-06T12:44:40.875+0000][1536][gc,phases   ] GC(626)   Post Evacuate Collection Set: 1.7ms
[2024-02-06T12:44:40.875+0000][1536][gc,phases   ] GC(626)   Other: 0.3ms
[2024-02-06T12:44:40.875+0000][1536][gc,age      ] GC(626) Age table with threshold 2 (max threshold 15)
[2024-02-06T12:44:40.875+0000][1536][gc,age      ] GC(626) - age   1:   78699952 bytes,   78699952 total
[2024-02-06T12:44:40.875+0000][1536][gc,age      ] GC(626) - age   2:   79761008 bytes,  158460960 total
[2024-02-06T12:44:40.875+0000][1536][gc,heap     ] GC(626) Eden regions: 502->0(10)
[2024-02-06T12:44:40.875+0000][1536][gc,heap     ] GC(626) Survivor regions: 44->40(69)
[2024-02-06T12:44:40.875+0000][1536][gc,heap     ] GC(626) Old regions: 243->258
[2024-02-06T12:44:40.875+0000][1536][gc,heap     ] GC(626) Archive regions: 0->0
[2024-02-06T12:44:40.875+0000][1536][gc,heap     ] GC(626) Humongous regions: 2->2
[2024-02-06T12:44:40.875+0000][1536][gc,metaspace] GC(626) Metaspace: 132335K(138240K)->132335K(138240K) NonClass: 115283K(118976K)->115283K(118976K) Class: 17051K(19264K)->17051K(19264K)
[2024-02-06T12:44:40.875+0000][1536][gc          ] GC(626) Pause Young (Prepare Mixed) (G1 Evacuation Pause) 3160M->1196M(4040M) 114.436ms
[2024-02-06T12:44:40.875+0000][1536][gc,cpu      ] GC(626) User=0.77s Sys=0.08s Real=0.12s
[2024-02-06T12:44:40.875+0000][1536][safepoint   ] Safepoint "G1CollectForAllocation", Time since last: 20680605500 ns, Reaching safepoint: 212800 ns, At safepoint: 114769300 ns, Total: 114982100 ns
[2024-02-06T12:44:41.075+0000][1536][gc,start    ] GC(627) Pause Young (Mixed) (G1 Evacuation Pause)
[2024-02-06T12:44:41.075+0000][1536][gc,task     ] GC(627) Using 8 workers of 8 for evacuation
[2024-02-06T12:44:41.075+0000][1536][gc,age      ] GC(627) Desired survivor size 14680064 bytes, new threshold 1 (max threshold 15)
[2024-02-06T12:44:41.244+0000][1536][gc,phases   ] GC(627)   Pre Evacuate Collection Set: 0.3ms
[2024-02-06T12:44:41.245+0000][1536][gc,phases   ] GC(627)   Merge Heap Roots: 0.5ms
[2024-02-06T12:44:41.245+0000][1536][gc,phases   ] GC(627)   Evacuate Collection Set: 159.9ms
[2024-02-06T12:44:41.245+0000][1536][gc,phases   ] GC(627)   Post Evacuate Collection Set: 1.6ms
[2024-02-06T12:44:41.245+0000][1536][gc,phases   ] GC(627)   Other: 0.5ms
[2024-02-06T12:44:41.245+0000][1536][gc,age      ] GC(627) Age table with threshold 1 (max threshold 15)
[2024-02-06T12:44:41.245+0000][1536][gc,age      ] GC(627) - age   1:    1662512 bytes,    1662512 total
[2024-02-06T12:44:41.245+0000][1536][gc,heap     ] GC(627) Eden regions: 10->0(553)
[2024-02-06T12:44:41.245+0000][1536][gc,heap     ] GC(627) Survivor regions: 40->4(7)
[2024-02-06T12:44:41.245+0000][1536][gc,heap     ] GC(627) Old regions: 258->229
[2024-02-06T12:44:41.245+0000][1536][gc,heap     ] GC(627) Archive regions: 0->0
[2024-02-06T12:44:41.245+0000][1536][gc,heap     ] GC(627) Humongous regions: 2->2
[2024-02-06T12:44:41.245+0000][1536][gc,metaspace] GC(627) Metaspace: 132335K(138240K)->132335K(138240K) NonClass: 115283K(118976K)->115283K(118976K) Class: 17051K(19264K)->17051K(19264K)
[2024-02-06T12:44:41.245+0000][1536][gc          ] GC(627) Pause Young (Mixed) (G1 Evacuation Pause) 1236M->940M(4040M) 163.465ms
[2024-02-06T12:44:41.245+0000][1536][gc,cpu      ] GC(627) User=0.45s Sys=0.75s Real=0.17s
[2024-02-06T12:44:41.246+0000][1536][safepoint   ] Safepoint "G1CollectForAllocation", Time since last: 205191700 ns, Reaching safepoint: 174400 ns, At safepoint: 164838100 ns, Total: 165012500 ns
[2024-02-06T12:45:04.671+0000][1536][gc,start    ] GC(628) Pause Young (Normal) (G1 Evacuation Pause)
[2024-02-06T12:45:04.671+0000][1536][gc,task     ] GC(628) Using 8 workers of 8 for evacuation
[2024-02-06T12:45:04.671+0000][1536][gc,age      ] GC(628) Desired survivor size 146800640 bytes, new threshold 15 (max threshold 15)
[2024-02-06T12:45:04.722+0000][1536][gc,phases   ] GC(628)   Pre Evacuate Collection Set: 0.3ms
[2024-02-06T12:45:04.722+0000][1536][gc,phases   ] GC(628)   Merge Heap Roots: 0.4ms
[2024-02-06T12:45:04.722+0000][1536][gc,phases   ] GC(628)   Evacuate Collection Set: 42.6ms
[2024-02-06T12:45:04.722+0000][1536][gc,phases   ] GC(628)   Post Evacuate Collection Set: 1.5ms
[2024-02-06T12:45:04.722+0000][1536][gc,phases   ] GC(628)   Other: 0.4ms
[2024-02-06T12:45:04.722+0000][1536][gc,age      ] GC(628) Age table with threshold 15 (max threshold 15)
[2024-02-06T12:45:04.722+0000][1536][gc,age      ] GC(628) - age   1:   92840360 bytes,   92840360 total
[2024-02-06T12:45:04.722+0000][1536][gc,age      ] GC(628) - age   2:     707520 bytes,   93547880 total
[2024-02-06T12:45:04.722+0000][1536][gc,heap     ] GC(628) Eden regions: 553->0(534)
[2024-02-06T12:45:04.722+0000][1536][gc,heap     ] GC(628) Survivor regions: 4->24(70)
[2024-02-06T12:45:04.722+0000][1536][gc,heap     ] GC(628) Old regions: 229->229
[2024-02-06T12:45:04.722+0000][1536][gc,heap     ] GC(628) Archive regions: 0->0
[2024-02-06T12:45:04.722+0000][1536][gc,heap     ] GC(628) Humongous regions: 2->2
[2024-02-06T12:45:04.722+0000][1536][gc,metaspace] GC(628) Metaspace: 132335K(138240K)->132335K(138240K) NonClass: 115283K(118976K)->115283K(118976K) Class: 17051K(19264K)->17051K(19264K)
[2024-02-06T12:45:04.722+0000][1536][gc          ] GC(628) Pause Young (Normal) (G1 Evacuation Pause) 3152M->1018M(4040M) 45.926ms
[2024-02-06T12:45:04.722+0000][1536][gc,cpu      ] GC(628) User=0.39s Sys=0.03s Real=0.05s
[2024-02-06T12:45:04.722+0000][1536][safepoint   ] Safepoint "G1CollectForAllocation", Time since last: 23430899300 ns, Reaching safepoint: 175200 ns, At safepoint: 46242700 ns, Total: 46417900 ns
[2024-02-06T12:45:22.301+0000][1536][gc,start    ] GC(629) Pause Young (Normal) (G1 Evacuation Pause)
[2024-02-06T12:45:22.301+0000][1536][gc,task     ] GC(629) Using 8 workers of 8 for evacuation
[2024-02-06T12:45:22.301+0000][1536][gc,age      ] GC(629) Desired survivor size 146800640 bytes, new threshold 15 (max threshold 15)
[2024-02-06T12:45:22.389+0000][1536][gc,phases   ] GC(629)   Pre Evacuate Collection Set: 0.3ms
[2024-02-06T12:45:22.389+0000][1536][gc,phases   ] GC(629)   Merge Heap Roots: 0.5ms
[2024-02-06T12:45:22.389+0000][1536][gc,phases   ] GC(629)   Evacuate Collection Set: 84.9ms
[2024-02-06T12:45:22.389+0000][1536][gc,phases   ] GC(629)   Post Evacuate Collection Set: 1.5ms
[2024-02-06T12:45:22.389+0000][1536][gc,phases   ] GC(629)   Other: 0.4ms
[2024-02-06T12:45:22.389+0000][1536][gc,age      ] GC(629) Age table with threshold 15 (max threshold 15)
[2024-02-06T12:45:22.389+0000][1536][gc,age      ] GC(629) - age   1:   93747648 bytes,   93747648 total
[2024-02-06T12:45:22.389+0000][1536][gc,age      ] GC(629) - age   2:   78130544 bytes,  171878192 total
[2024-02-06T12:45:22.389+0000][1536][gc,age      ] GC(629) - age   3:     633840 bytes,  172512032 total
[2024-02-06T12:45:22.389+0000][1536][gc,heap     ] GC(629) Eden regions: 534->0(516)
[2024-02-06T12:45:22.389+0000][1536][gc,heap     ] GC(629) Survivor regions: 24->43(70)
[2024-02-06T12:45:22.389+0000][1536][gc,heap     ] GC(629) Old regions: 229->229
[2024-02-06T12:45:22.389+0000][1536][gc,heap     ] GC(629) Archive regions: 0->0
[2024-02-06T12:45:22.389+0000][1536][gc,heap     ] GC(629) Humongous regions: 2->2
[2024-02-06T12:45:22.389+0000][1536][gc,metaspace] GC(629) Metaspace: 132335K(138240K)->132335K(138240K) NonClass: 115283K(118976K)->115283K(118976K) Class: 17051K(19264K)->17051K(19264K)
[2024-02-06T12:45:22.389+0000][1536][gc          ] GC(629) Pause Young (Normal) (G1 Evacuation Pause) 3154M->1096M(4040M) 88.425ms
[2024-02-06T12:45:22.389+0000][1536][gc,cpu      ] GC(629) User=0.61s Sys=0.02s Real=0.09s
[2024-02-06T12:45:22.389+0000][1536][safepoint   ] Safepoint "G1CollectForAllocation", Time since last: 17582161300 ns, Reaching safepoint: 157300 ns, At safepoint: 88760500 ns, Total: 88917800 ns
[2024-02-06T12:45:48.018+0000][1536][gc,start    ] GC(630) Pause Young (Concurrent Start) (G1 Evacuation Pause)
[2024-02-06T12:45:48.019+0000][1536][gc,task     ] GC(630) Using 8 workers of 8 for evacuation
[2024-02-06T12:45:48.019+0000][1536][gc,age      ] GC(630) Desired survivor size 146800640 bytes, new threshold 2 (max threshold 15)
[2024-02-06T12:45:48.106+0000][1536][gc,phases   ] GC(630)   Pre Evacuate Collection Set: 0.9ms
[2024-02-06T12:45:48.106+0000][1536][gc,phases   ] GC(630)   Merge Heap Roots: 0.6ms
[2024-02-06T12:45:48.106+0000][1536][gc,phases   ] GC(630)   Evacuate Collection Set: 83.8ms
[2024-02-06T12:45:48.106+0000][1536][gc,phases   ] GC(630)   Post Evacuate Collection Set: 1.5ms
[2024-02-06T12:45:48.106+0000][1536][gc,phases   ] GC(630)   Other: 0.5ms
[2024-02-06T12:45:48.106+0000][1536][gc,age      ] GC(630) Age table with threshold 2 (max threshold 15)
[2024-02-06T12:45:48.106+0000][1536][gc,age      ] GC(630) - age   1:   80283952 bytes,   80283952 total
[2024-02-06T12:45:48.106+0000][1536][gc,age      ] GC(630) - age   2:   78902976 bytes,  159186928 total
[2024-02-06T12:45:48.106+0000][1536][gc,heap     ] GC(630) Eden regions: 516->0(506)
[2024-02-06T12:45:48.106+0000][1536][gc,heap     ] GC(630) Survivor regions: 43->40(70)
[2024-02-06T12:45:48.106+0000][1536][gc,heap     ] GC(630) Old regions: 229->245
[2024-02-06T12:45:48.106+0000][1536][gc,heap     ] GC(630) Archive regions: 0->0
[2024-02-06T12:45:48.106+0000][1536][gc,heap     ] GC(630) Humongous regions: 2->2
[2024-02-06T12:45:48.106+0000][1536][gc,metaspace] GC(630) Metaspace: 132336K(138240K)->132336K(138240K) NonClass: 115285K(118976K)->115285K(118976K) Class: 17051K(19264K)->17051K(19264K)
[2024-02-06T12:45:48.106+0000][1536][gc          ] GC(630) Pause Young (Concurrent Start) (G1 Evacuation Pause) 3159M->1144M(4040M) 88.047ms
[2024-02-06T12:45:48.106+0000][1536][gc          ] GC(631) Concurrent Mark Cycle
[2024-02-06T12:45:48.106+0000][1536][gc,cpu      ] GC(630) User=0.58s Sys=0.02s Real=0.09s
[2024-02-06T12:45:48.106+0000][1536][gc,marking  ] GC(631) Concurrent Clear Claimed Marks
[2024-02-06T12:45:48.106+0000][1536][safepoint   ] Safepoint "G1CollectForAllocation", Time since last: 25624183100 ns, Reaching safepoint: 192800 ns, At safepoint: 88597000 ns, Total: 88789800 ns
[2024-02-06T12:45:48.106+0000][1536][gc,marking  ] GC(631) Concurrent Clear Claimed Marks 0.571ms
[2024-02-06T12:45:48.106+0000][1536][gc,marking  ] GC(631) Concurrent Scan Root Regions
[2024-02-06T12:45:48.166+0000][1536][gc,marking  ] GC(631) Concurrent Scan Root Regions 58.306ms
[2024-02-06T12:45:48.166+0000][1536][gc,marking  ] GC(631) Concurrent Mark
[2024-02-06T12:45:48.166+0000][1536][gc,marking  ] GC(631) Concurrent Mark From Roots
[2024-02-06T12:45:48.166+0000][1536][gc,task     ] GC(631) Using 2 workers of 2 for marking
[2024-02-06T12:45:48.544+0000][1536][gc,marking  ] GC(631) Concurrent Mark From Roots 377.388ms
[2024-02-06T12:45:48.544+0000][1536][gc,marking  ] GC(631) Concurrent Preclean
[2024-02-06T12:45:48.545+0000][1536][gc,marking  ] GC(631) Concurrent Preclean 1.020ms
[2024-02-06T12:45:48.545+0000][1536][gc,start    ] GC(631) Pause Remark
[2024-02-06T12:45:48.563+0000][1536][gc          ] GC(631) Pause Remark 1171M->1171M(4040M) 18.697ms
[2024-02-06T12:45:48.563+0000][1536][gc,cpu      ] GC(631) User=0.12s Sys=0.00s Real=0.02s
[2024-02-06T12:45:48.563+0000][1536][safepoint   ] Safepoint "G1Concurrent", Time since last: 437271100 ns, Reaching safepoint: 110300 ns, At safepoint: 18890200 ns, Total: 19000500 ns
[2024-02-06T12:45:48.563+0000][1536][gc,marking  ] GC(631) Concurrent Mark 397.673ms
[2024-02-06T12:45:48.563+0000][1536][gc,marking  ] GC(631) Concurrent Rebuild Remembered Sets
[2024-02-06T12:45:48.762+0000][1536][gc,marking  ] GC(631) Concurrent Rebuild Remembered Sets 214.210ms
[2024-02-06T12:45:48.884+0000][1536][gc,start    ] GC(631) Pause Cleanup
[2024-02-06T12:45:48.885+0000][1536][gc          ] GC(631) Pause Cleanup 1180M->1180M(4040M) 1.354ms
[2024-02-06T12:45:48.885+0000][1536][gc,cpu      ] GC(631) User=0.00s Sys=0.00s Real=0.00s
[2024-02-06T12:45:48.886+0000][1536][safepoint   ] Safepoint "G1Concurrent", Time since last: 320607900 ns, Reaching safepoint: 116800 ns, At safepoint: 1924400 ns, Total: 2041200 ns
[2024-02-06T12:45:48.886+0000][1536][gc,marking  ] GC(631) Concurrent Cleanup for Next Mark
[2024-02-06T12:45:48.920+0000][1536][gc,marking  ] GC(631) Concurrent Cleanup for Next Mark 33.671ms
[2024-02-06T12:45:48.920+0000][1536][gc          ] GC(631) Concurrent Mark Cycle 813.201ms
[2024-02-06T12:46:23.165+0000][1536][gc,start    ] GC(632) Pause Young (Prepare Mixed) (G1 Evacuation Pause)
[2024-02-06T12:46:23.165+0000][1536][gc,task     ] GC(632) Using 8 workers of 8 for evacuation
[2024-02-06T12:46:23.165+0000][1536][gc,age      ] GC(632) Desired survivor size 144703488 bytes, new threshold 2 (max threshold 15)
[2024-02-06T12:46:23.274+0000][1536][gc,phases   ] GC(632)   Pre Evacuate Collection Set: 0.4ms
[2024-02-06T12:46:23.274+0000][1536][gc,phases   ] GC(632)   Merge Heap Roots: 0.6ms
[2024-02-06T12:46:23.274+0000][1536][gc,phases   ] GC(632)   Evacuate Collection Set: 105.4ms
[2024-02-06T12:46:23.274+0000][1536][gc,phases   ] GC(632)   Post Evacuate Collection Set: 1.3ms
[2024-02-06T12:46:23.274+0000][1536][gc,phases   ] GC(632)   Other: 0.4ms
[2024-02-06T12:46:23.274+0000][1536][gc,age      ] GC(632) Age table with threshold 2 (max threshold 15)
[2024-02-06T12:46:23.274+0000][1536][gc,age      ] GC(632) - age   1:   87207000 bytes,   87207000 total
[2024-02-06T12:46:23.274+0000][1536][gc,age      ] GC(632) - age   2:   66681776 bytes,  153888776 total
[2024-02-06T12:46:23.274+0000][1536][gc,heap     ] GC(632) Eden regions: 506->0(11)
[2024-02-06T12:46:23.274+0000][1536][gc,heap     ] GC(632) Survivor regions: 40->39(69)
[2024-02-06T12:46:23.274+0000][1536][gc,heap     ] GC(632) Old regions: 245->260
[2024-02-06T12:46:23.274+0000][1536][gc,heap     ] GC(632) Archive regions: 0->0
[2024-02-06T12:46:23.274+0000][1536][gc,heap     ] GC(632) Humongous regions: 2->2
[2024-02-06T12:46:23.274+0000][1536][gc,metaspace] GC(632) Metaspace: 132336K(138240K)->132336K(138240K) NonClass: 115285K(118976K)->115285K(118976K) Class: 17051K(19264K)->17051K(19264K)
[2024-02-06T12:46:23.274+0000][1536][gc          ] GC(632) Pause Young (Prepare Mixed) (G1 Evacuation Pause) 3168M->1202M(4040M) 108.701ms
[2024-02-06T12:46:23.274+0000][1536][gc,cpu      ] GC(632) User=0.84s Sys=0.02s Real=0.11s
[2024-02-06T12:46:23.274+0000][1536][safepoint   ] Safepoint "G1CollectForAllocation", Time since last: 34278447600 ns, Reaching safepoint: 122800 ns, At safepoint: 109308900 ns, Total: 109431700 ns
[2024-02-06T12:46:23.413+0000][1536][gc,start    ] GC(633) Pause Young (Mixed) (G1 Evacuation Pause)
[2024-02-06T12:46:23.413+0000][1536][gc,task     ] GC(633) Using 8 workers of 8 for evacuation
[2024-02-06T12:46:23.414+0000][1536][gc,age      ] GC(633) Desired survivor size 14680064 bytes, new threshold 1 (max threshold 15)
[2024-02-06T12:46:23.535+0000][1536][gc,phases   ] GC(633)   Pre Evacuate Collection Set: 0.2ms
[2024-02-06T12:46:23.535+0000][1536][gc,phases   ] GC(633)   Merge Heap Roots: 0.3ms
[2024-02-06T12:46:23.535+0000][1536][gc,phases   ] GC(633)   Evacuate Collection Set: 117.9ms
[2024-02-06T12:46:23.535+0000][1536][gc,phases   ] GC(633)   Post Evacuate Collection Set: 1.4ms
[2024-02-06T12:46:23.535+0000][1536][gc,phases   ] GC(633)   Other: 1.0ms
[2024-02-06T12:46:23.535+0000][1536][gc,age      ] GC(633) Age table with threshold 1 (max threshold 15)
[2024-02-06T12:46:23.535+0000][1536][gc,age      ] GC(633) - age   1:    2189464 bytes,    2189464 total
[2024-02-06T12:46:23.535+0000][1536][gc,heap     ] GC(633) Eden regions: 11->0(550)
[2024-02-06T12:46:23.535+0000][1536][gc,heap     ] GC(633) Survivor regions: 39->4(7)
[2024-02-06T12:46:23.535+0000][1536][gc,heap     ] GC(633) Old regions: 260->232
[2024-02-06T12:46:23.535+0000][1536][gc,heap     ] GC(633) Archive regions: 0->0
[2024-02-06T12:46:23.535+0000][1536][gc,heap     ] GC(633) Humongous regions: 2->2
[2024-02-06T12:46:23.535+0000][1536][gc,metaspace] GC(633) Metaspace: 132336K(138240K)->132336K(138240K) NonClass: 115285K(118976K)->115285K(118976K) Class: 17051K(19264K)->17051K(19264K)
[2024-02-06T12:46:23.535+0000][1536][gc          ] GC(633) Pause Young (Mixed) (G1 Evacuation Pause) 1246M->950M(4040M) 121.252ms
[2024-02-06T12:46:23.535+0000][1536][gc,cpu      ] GC(633) User=0.39s Sys=0.41s Real=0.12s
[2024-02-06T12:46:23.535+0000][1536][safepoint   ] Safepoint "G1CollectForAllocation", Time since last: 139353200 ns, Reaching safepoint: 97600 ns, At safepoint: 121580800 ns, Total: 121678400 ns
[2024-02-06T12:46:52.256+0000][1536][gc,start    ] GC(634) Pause Young (Normal) (G1 Evacuation Pause)
[2024-02-06T12:46:52.256+0000][1536][gc,task     ] GC(634) Using 8 workers of 8 for evacuation
[2024-02-06T12:46:52.256+0000][1536][gc,age      ] GC(634) Desired survivor size 146800640 bytes, new threshold 15 (max threshold 15)
[2024-02-06T12:46:52.289+0000][1536][gc,phases   ] GC(634)   Pre Evacuate Collection Set: 0.2ms
[2024-02-06T12:46:52.289+0000][1536][gc,phases   ] GC(634)   Merge Heap Roots: 0.2ms
[2024-02-06T12:46:52.289+0000][1536][gc,phases   ] GC(634)   Evacuate Collection Set: 34.2ms
[2024-02-06T12:46:52.289+0000][1536][gc,phases   ] GC(634)   Post Evacuate Collection Set: 1.4ms
[2024-02-06T12:46:52.289+0000][1536][gc,phases   ] GC(634)   Other: 0.3ms
[2024-02-06T12:46:52.289+0000][1536][gc,age      ] GC(634) Age table with threshold 15 (max threshold 15)
[2024-02-06T12:46:52.289+0000][1536][gc,age      ] GC(634) - age   1:   88788560 bytes,   88788560 total
[2024-02-06T12:46:52.289+0000][1536][gc,age      ] GC(634) - age   2:    1453072 bytes,   90241632 total
[2024-02-06T12:46:52.289+0000][1536][gc,heap     ] GC(634) Eden regions: 550->0(532)
[2024-02-06T12:46:52.289+0000][1536][gc,heap     ] GC(634) Survivor regions: 4->23(70)
[2024-02-06T12:46:52.289+0000][1536][gc,heap     ] GC(634) Old regions: 232->232
[2024-02-06T12:46:52.289+0000][1536][gc,heap     ] GC(634) Archive regions: 0->0
[2024-02-06T12:46:52.289+0000][1536][gc,heap     ] GC(634) Humongous regions: 2->2
[2024-02-06T12:46:52.289+0000][1536][gc,metaspace] GC(634) Metaspace: 132336K(138240K)->132336K(138240K) NonClass: 115285K(118976K)->115285K(118976K) Class: 17051K(19264K)->17051K(19264K)
[2024-02-06T12:46:52.289+0000][1536][gc          ] GC(634) Pause Young (Normal) (G1 Evacuation Pause) 3150M->1023M(4040M) 37.048ms
[2024-02-06T12:46:52.289+0000][1536][gc,cpu      ] GC(634) User=0.25s Sys=0.00s Real=0.03s
[2024-02-06T12:46:52.289+0000][1536][safepoint   ] Safepoint "G1CollectForAllocation", Time since last: 28704623900 ns, Reaching safepoint: 16225500 ns, At safepoint: 37288200 ns, Total: 53513700 ns
[2024-02-06T12:47:03.374+0000][1536][safepoint   ] Safepoint "Cleanup", Time since last: 11080487400 ns, Reaching safepoint: 231400 ns, At safepoint: 88800 ns, Total: 320200 ns
[2024-02-06T12:47:10.905+0000][1536][gc,start    ] GC(635) Pause Young (Normal) (G1 Evacuation Pause)
[2024-02-06T12:47:10.905+0000][1536][gc,task     ] GC(635) Using 8 workers of 8 for evacuation
[2024-02-06T12:47:10.905+0000][1536][gc,age      ] GC(635) Desired survivor size 146800640 bytes, new threshold 15 (max threshold 15)
[2024-02-06T12:47:10.977+0000][1536][gc,phases   ] GC(635)   Pre Evacuate Collection Set: 0.3ms
[2024-02-06T12:47:10.977+0000][1536][gc,phases   ] GC(635)   Merge Heap Roots: 0.4ms
[2024-02-06T12:47:10.977+0000][1536][gc,phases   ] GC(635)   Evacuate Collection Set: 68.6ms
[2024-02-06T12:47:10.977+0000][1536][gc,phases   ] GC(635)   Post Evacuate Collection Set: 1.3ms
[2024-02-06T12:47:10.977+0000][1536][gc,phases   ] GC(635)   Other: 0.3ms
[2024-02-06T12:47:10.977+0000][1536][gc,age      ] GC(635) Age table with threshold 15 (max threshold 15)
[2024-02-06T12:47:10.977+0000][1536][gc,age      ] GC(635) - age   1:   81656576 bytes,   81656576 total
[2024-02-06T12:47:10.977+0000][1536][gc,age      ] GC(635) - age   2:   73967080 bytes,  155623656 total
[2024-02-06T12:47:10.977+0000][1536][gc,age      ] GC(635) - age   3:    1382424 bytes,  157006080 total
[2024-02-06T12:47:10.977+0000][1536][gc,heap     ] GC(635) Eden regions: 532->0(518)
[2024-02-06T12:47:10.977+0000][1536][gc,heap     ] GC(635) Survivor regions: 23->39(70)
[2024-02-06T12:47:10.977+0000][1536][gc,heap     ] GC(635) Old regions: 232->232
[2024-02-06T12:47:10.977+0000][1536][gc,heap     ] GC(635) Archive regions: 0->0
[2024-02-06T12:47:10.977+0000][1536][gc,heap     ] GC(635) Humongous regions: 2->2
[2024-02-06T12:47:10.977+0000][1536][gc,metaspace] GC(635) Metaspace: 132336K(138240K)->132336K(138240K) NonClass: 115285K(118976K)->115285K(118976K) Class: 17051K(19264K)->17051K(19264K)
[2024-02-06T12:47:10.977+0000][1536][gc          ] GC(635) Pause Young (Normal) (G1 Evacuation Pause) 3151M->1090M(4040M) 71.400ms
[2024-02-06T12:47:10.977+0000][1536][gc,cpu      ] GC(635) User=0.59s Sys=0.03s Real=0.07s
[2024-02-06T12:47:10.977+0000][1536][safepoint   ] Safepoint "G1CollectForAllocation", Time since last: 7531258500 ns, Reaching safepoint: 152900 ns, At safepoint: 71595900 ns, Total: 71748800 ns
[2024-02-06T12:47:48.711+0000][1536][gc,start    ] GC(636) Pause Young (Concurrent Start) (G1 Evacuation Pause)
[2024-02-06T12:47:48.712+0000][1536][gc,task     ] GC(636) Using 8 workers of 8 for evacuation
[2024-02-06T12:47:48.712+0000][1536][gc,age      ] GC(636) Desired survivor size 146800640 bytes, new threshold 2 (max threshold 15)
[2024-02-06T12:47:48.794+0000][1536][gc,phases   ] GC(636)   Pre Evacuate Collection Set: 0.5ms
[2024-02-06T12:47:48.794+0000][1536][gc,phases   ] GC(636)   Merge Heap Roots: 0.3ms
[2024-02-06T12:47:48.795+0000][1536][gc,phases   ] GC(636)   Evacuate Collection Set: 80.4ms
[2024-02-06T12:47:48.795+0000][1536][gc,phases   ] GC(636)   Post Evacuate Collection Set: 2.1ms
[2024-02-06T12:47:48.795+0000][1536][gc,phases   ] GC(636)   Other: 0.2ms
[2024-02-06T12:47:48.795+0000][1536][gc,age      ] GC(636) Age table with threshold 2 (max threshold 15)
[2024-02-06T12:47:48.795+0000][1536][gc,age      ] GC(636) - age   1:   86093048 bytes,   86093048 total
[2024-02-06T12:47:48.795+0000][1536][gc,age      ] GC(636) - age   2:   67496056 bytes,  153589104 total
[2024-02-06T12:47:48.795+0000][1536][gc,heap     ] GC(636) Eden regions: 518->0(504)
[2024-02-06T12:47:48.795+0000][1536][gc,heap     ] GC(636) Survivor regions: 39->39(70)
[2024-02-06T12:47:48.795+0000][1536][gc,heap     ] GC(636) Old regions: 232->248
[2024-02-06T12:47:48.795+0000][1536][gc,heap     ] GC(636) Archive regions: 0->0
[2024-02-06T12:47:48.795+0000][1536][gc,heap     ] GC(636) Humongous regions: 2->2
[2024-02-06T12:47:48.795+0000][1536][gc,metaspace] GC(636) Metaspace: 132336K(138240K)->132336K(138240K) NonClass: 115285K(118976K)->115285K(118976K) Class: 17051K(19264K)->17051K(19264K)
[2024-02-06T12:47:48.795+0000][1536][gc          ] GC(636) Pause Young (Concurrent Start) (G1 Evacuation Pause) 3162M->1154M(4040M) 84.150ms
[2024-02-06T12:47:48.795+0000][1536][gc          ] GC(637) Concurrent Mark Cycle
[2024-02-06T12:47:48.795+0000][1536][gc,cpu      ] GC(636) User=0.52s Sys=0.02s Real=0.08s
[2024-02-06T12:47:48.795+0000][1536][gc,marking  ] GC(637) Concurrent Clear Claimed Marks
[2024-02-06T12:47:48.795+0000][1536][safepoint   ] Safepoint "G1CollectForAllocation", Time since last: 37733963400 ns, Reaching safepoint: 97100 ns, At safepoint: 84500700 ns, Total: 84597800 ns
[2024-02-06T12:47:48.795+0000][1536][gc,marking  ] GC(637) Concurrent Clear Claimed Marks 0.269ms
[2024-02-06T12:47:48.795+0000][1536][gc,marking  ] GC(637) Concurrent Scan Root Regions
[2024-02-06T12:47:48.857+0000][1536][gc,marking  ] GC(637) Concurrent Scan Root Regions 61.188ms
[2024-02-06T12:47:48.857+0000][1536][gc,marking  ] GC(637) Concurrent Mark
[2024-02-06T12:47:48.857+0000][1536][gc,marking  ] GC(637) Concurrent Mark From Roots
[2024-02-06T12:47:48.857+0000][1536][gc,task     ] GC(637) Using 2 workers of 2 for marking
[2024-02-06T12:47:49.199+0000][1536][gc,marking  ] GC(637) Concurrent Mark From Roots 352.514ms
[2024-02-06T12:47:49.199+0000][1536][gc,marking  ] GC(637) Concurrent Preclean
[2024-02-06T12:47:49.199+0000][1536][gc,marking  ] GC(637) Concurrent Preclean 0.976ms
[2024-02-06T12:47:49.199+0000][1536][gc,start    ] GC(637) Pause Remark
[2024-02-06T12:47:49.217+0000][1536][gc          ] GC(637) Pause Remark 1230M->1226M(4040M) 21.190ms
[2024-02-06T12:47:49.217+0000][1536][gc,cpu      ] GC(637) User=0.12s Sys=0.00s Real=0.02s
[2024-02-06T12:47:49.217+0000][1536][safepoint   ] Safepoint "G1Concurrent", Time since last: 415018100 ns, Reaching safepoint: 112300 ns, At safepoint: 21362700 ns, Total: 21475000 ns
[2024-02-06T12:47:49.233+0000][1536][gc,marking  ] GC(637) Concurrent Mark 375.210ms
[2024-02-06T12:47:49.233+0000][1536][gc,marking  ] GC(637) Concurrent Rebuild Remembered Sets
[2024-02-06T12:47:49.463+0000][1536][gc,marking  ] GC(637) Concurrent Rebuild Remembered Sets 238.521ms
[2024-02-06T12:47:49.463+0000][1536][gc,start    ] GC(637) Pause Cleanup
[2024-02-06T12:47:49.463+0000][1536][gc          ] GC(637) Pause Cleanup 1264M->1264M(4040M) 0.444ms
[2024-02-06T12:47:49.463+0000][1536][gc,cpu      ] GC(637) User=0.00s Sys=0.00s Real=0.00s
[2024-02-06T12:47:49.463+0000][1536][safepoint   ] Safepoint "G1Concurrent", Time since last: 238775400 ns, Reaching safepoint: 100600 ns, At safepoint: 584300 ns, Total: 684900 ns
[2024-02-06T12:47:49.463+0000][1536][gc,marking  ] GC(637) Concurrent Cleanup for Next Mark
[2024-02-06T12:47:49.475+0000][1536][gc,marking  ] GC(637) Concurrent Cleanup for Next Mark 10.068ms
[2024-02-06T12:47:49.475+0000][1536][gc          ] GC(637) Concurrent Mark Cycle 686.435ms
[2024-02-06T12:48:12.324+0000][1536][gc,start    ] GC(638) Pause Young (Prepare Mixed) (G1 Evacuation Pause)
[2024-02-06T12:48:12.324+0000][1536][gc,task     ] GC(638) Using 8 workers of 8 for evacuation
[2024-02-06T12:48:12.324+0000][1536][gc,age      ] GC(638) Desired survivor size 142606336 bytes, new threshold 2 (max threshold 15)
[2024-02-06T12:48:12.401+0000][1536][gc,phases   ] GC(638)   Pre Evacuate Collection Set: 0.2ms
[2024-02-06T12:48:12.401+0000][1536][gc,phases   ] GC(638)   Merge Heap Roots: 0.3ms
[2024-02-06T12:48:12.401+0000][1536][gc,phases   ] GC(638)   Evacuate Collection Set: 66.7ms
[2024-02-06T12:48:12.401+0000][1536][gc,phases   ] GC(638)   Post Evacuate Collection Set: 1.3ms
[2024-02-06T12:48:12.401+0000][1536][gc,phases   ] GC(638)   Other: 3.2ms
[2024-02-06T12:48:12.401+0000][1536][gc,age      ] GC(638) Age table with threshold 2 (max threshold 15)
[2024-02-06T12:48:12.401+0000][1536][gc,age      ] GC(638) - age   1:   80029232 bytes,   80029232 total
[2024-02-06T12:48:12.401+0000][1536][gc,age      ] GC(638) - age   2:   72388360 bytes,  152417592 total
[2024-02-06T12:48:12.401+0000][1536][gc,heap     ] GC(638) Eden regions: 504->0(11)
[2024-02-06T12:48:12.401+0000][1536][gc,heap     ] GC(638) Survivor regions: 39->39(68)
[2024-02-06T12:48:12.401+0000][1536][gc,heap     ] GC(638) Old regions: 247->260
[2024-02-06T12:48:12.401+0000][1536][gc,heap     ] GC(638) Archive regions: 0->0
[2024-02-06T12:48:12.401+0000][1536][gc,heap     ] GC(638) Humongous regions: 2->2
[2024-02-06T12:48:12.401+0000][1536][gc,metaspace] GC(638) Metaspace: 132336K(138240K)->132336K(138240K) NonClass: 115285K(118976K)->115285K(118976K) Class: 17051K(19264K)->17051K(19264K)
[2024-02-06T12:48:12.401+0000][1536][gc          ] GC(638) Pause Young (Prepare Mixed) (G1 Evacuation Pause) 3166M->1202M(4040M) 72.220ms
[2024-02-06T12:48:12.401+0000][1536][gc,cpu      ] GC(638) User=0.50s Sys=0.06s Real=0.08s
[2024-02-06T12:48:12.401+0000][1536][safepoint   ] Safepoint "G1CollectForAllocation", Time since last: 22862893200 ns, Reaching safepoint: 141100 ns, At safepoint: 72455300 ns, Total: 72596400 ns
[2024-02-06T12:48:12.606+0000][1536][gc,start    ] GC(639) Pause Young (Mixed) (G1 Evacuation Pause)
[2024-02-06T12:48:12.606+0000][1536][gc,task     ] GC(639) Using 8 workers of 8 for evacuation
[2024-02-06T12:48:12.606+0000][1536][gc,age      ] GC(639) Desired survivor size 14680064 bytes, new threshold 1 (max threshold 15)
[2024-02-06T12:48:12.727+0000][1536][gc,phases   ] GC(639)   Pre Evacuate Collection Set: 0.3ms
[2024-02-06T12:48:12.727+0000][1536][gc,phases   ] GC(639)   Merge Heap Roots: 0.4ms
[2024-02-06T12:48:12.727+0000][1536][gc,phases   ] GC(639)   Evacuate Collection Set: 117.5ms
[2024-02-06T12:48:12.727+0000][1536][gc,phases   ] GC(639)   Post Evacuate Collection Set: 1.1ms
[2024-02-06T12:48:12.727+0000][1536][gc,phases   ] GC(639)   Other: 0.3ms
[2024-02-06T12:48:12.727+0000][1536][gc,age      ] GC(639) Age table with threshold 1 (max threshold 15)
[2024-02-06T12:48:12.727+0000][1536][gc,age      ] GC(639) - age   1:    1393360 bytes,    1393360 total
[2024-02-06T12:48:12.727+0000][1536][gc,heap     ] GC(639) Eden regions: 11->0(555)
[2024-02-06T12:48:12.727+0000][1536][gc,heap     ] GC(639) Survivor regions: 39->4(7)
[2024-02-06T12:48:12.727+0000][1536][gc,heap     ] GC(639) Old regions: 260->229
[2024-02-06T12:48:12.727+0000][1536][gc,heap     ] GC(639) Archive regions: 0->0
[2024-02-06T12:48:12.727+0000][1536][gc,heap     ] GC(639) Humongous regions: 2->2
[2024-02-06T12:48:12.727+0000][1536][gc,metaspace] GC(639) Metaspace: 132336K(138240K)->132336K(138240K) NonClass: 115285K(118976K)->115285K(118976K) Class: 17051K(19264K)->17051K(19264K)
[2024-02-06T12:48:12.727+0000][1536][gc          ] GC(639) Pause Young (Mixed) (G1 Evacuation Pause) 1246M->938M(4040M) 120.393ms
[2024-02-06T12:48:12.727+0000][1536][gc,cpu      ] GC(639) User=0.50s Sys=0.17s Real=0.12s
[2024-02-06T12:48:12.727+0000][1536][safepoint   ] Safepoint "G1CollectForAllocation", Time since last: 200886600 ns, Reaching safepoint: 151000 ns, At safepoint: 121276800 ns, Total: 121427800 ns
[2024-02-06T12:49:00.248+0000][1536][gc,start    ] GC(640) Pause Young (Normal) (G1 Evacuation Pause)
[2024-02-06T12:49:00.248+0000][1536][gc,task     ] GC(640) Using 8 workers of 8 for evacuation
[2024-02-06T12:49:00.248+0000][1536][gc,age      ] GC(640) Desired survivor size 146800640 bytes, new threshold 15 (max threshold 15)
[2024-02-06T12:49:00.307+0000][1536][gc,phases   ] GC(640)   Pre Evacuate Collection Set: 0.5ms
[2024-02-06T12:49:00.307+0000][1536][gc,phases   ] GC(640)   Merge Heap Roots: 0.6ms
[2024-02-06T12:49:00.307+0000][1536][gc,phases   ] GC(640)   Evacuate Collection Set: 55.2ms
[2024-02-06T12:49:00.307+0000][1536][gc,phases   ] GC(640)   Post Evacuate Collection Set: 1.4ms
[2024-02-06T12:49:00.307+0000][1536][gc,phases   ] GC(640)   Other: 0.6ms
[2024-02-06T12:49:00.307+0000][1536][gc,age      ] GC(640) Age table with threshold 15 (max threshold 15)
[2024-02-06T12:49:00.307+0000][1536][gc,age      ] GC(640) - age   1:   98011768 bytes,   98011768 total
[2024-02-06T12:49:00.307+0000][1536][gc,age      ] GC(640) - age   2:     891528 bytes,   98903296 total
[2024-02-06T12:49:00.307+0000][1536][gc,heap     ] GC(640) Eden regions: 555->0(533)
[2024-02-06T12:49:00.307+0000][1536][gc,heap     ] GC(640) Survivor regions: 4->25(70)
[2024-02-06T12:49:00.307+0000][1536][gc,heap     ] GC(640) Old regions: 229->229
[2024-02-06T12:49:00.307+0000][1536][gc,heap     ] GC(640) Archive regions: 0->0
[2024-02-06T12:49:00.307+0000][1536][gc,heap     ] GC(640) Humongous regions: 2->2
[2024-02-06T12:49:00.307+0000][1536][gc,metaspace] GC(640) Metaspace: 132337K(138240K)->132337K(138240K) NonClass: 115285K(118976K)->115285K(118976K) Class: 17051K(19264K)->17051K(19264K)
[2024-02-06T12:49:00.307+0000][1536][gc          ] GC(640) Pause Young (Normal) (G1 Evacuation Pause) 3158M->1022M(4040M) 58.903ms
[2024-02-06T12:49:00.307+0000][1536][gc,cpu      ] GC(640) User=0.48s Sys=0.00s Real=0.06s
[2024-02-06T12:49:00.307+0000][1536][safepoint   ] Safepoint "G1CollectForAllocation", Time since last: 47518588100 ns, Reaching safepoint: 208300 ns, At safepoint: 59103200 ns, Total: 59311500 ns
[2024-02-06T12:49:46.372+0000][1536][gc,start    ] GC(641) Pause Young (Normal) (G1 Evacuation Pause)
[2024-02-06T12:49:46.372+0000][1536][gc,task     ] GC(641) Using 8 workers of 8 for evacuation
[2024-02-06T12:49:46.372+0000][1536][gc,age      ] GC(641) Desired survivor size 146800640 bytes, new threshold 15 (max threshold 15)
[2024-02-06T12:49:46.480+0000][1536][gc,phases   ] GC(641)   Pre Evacuate Collection Set: 0.4ms
[2024-02-06T12:49:46.480+0000][1536][gc,phases   ] GC(641)   Merge Heap Roots: 0.6ms
[2024-02-06T12:49:46.480+0000][1536][gc,phases   ] GC(641)   Evacuate Collection Set: 95.0ms
[2024-02-06T12:49:46.480+0000][1536][gc,phases   ] GC(641)   Post Evacuate Collection Set: 2.5ms
[2024-02-06T12:49:46.480+0000][1536][gc,phases   ] GC(641)   Other: 0.6ms
[2024-02-06T12:49:46.480+0000][1536][gc,age      ] GC(641) Age table with threshold 15 (max threshold 15)
[2024-02-06T12:49:46.480+0000][1536][gc,age      ] GC(641) - age   1:   87203952 bytes,   87203952 total
[2024-02-06T12:49:46.480+0000][1536][gc,age      ] GC(641) - age   2:   78709616 bytes,  165913568 total
[2024-02-06T12:49:46.480+0000][1536][gc,age      ] GC(641) - age   3:     766552 bytes,  166680120 total
[2024-02-06T12:49:46.480+0000][1536][gc,heap     ] GC(641) Eden regions: 533->0(518)
[2024-02-06T12:49:46.480+0000][1536][gc,heap     ] GC(641) Survivor regions: 25->42(70)
[2024-02-06T12:49:46.480+0000][1536][gc,heap     ] GC(641) Old regions: 229->229
[2024-02-06T12:49:46.480+0000][1536][gc,heap     ] GC(641) Archive regions: 0->0
[2024-02-06T12:49:46.480+0000][1536][gc,heap     ] GC(641) Humongous regions: 2->2
[2024-02-06T12:49:46.480+0000][1536][gc,metaspace] GC(641) Metaspace: 132337K(138240K)->132337K(138240K) NonClass: 115285K(118976K)->115285K(118976K) Class: 17051K(19264K)->17051K(19264K)
[2024-02-06T12:49:46.480+0000][1536][gc          ] GC(641) Pause Young (Normal) (G1 Evacuation Pause) 3154M->1090M(4040M) 100.275ms
[2024-02-06T12:49:46.480+0000][1536][gc,cpu      ] GC(641) User=0.88s Sys=0.00s Real=0.11s
[2024-02-06T12:49:46.480+0000][1536][safepoint   ] Safepoint "G1CollectForAllocation", Time since last: 46074580000 ns, Reaching safepoint: 367200 ns, At safepoint: 100843500 ns, Total: 101210700 ns
[2024-02-06T12:50:15.033+0000][1536][gc,start    ] GC(642) Pause Young (Concurrent Start) (G1 Evacuation Pause)
[2024-02-06T12:50:15.033+0000][1536][gc,task     ] GC(642) Using 8 workers of 8 for evacuation
[2024-02-06T12:50:15.033+0000][1536][gc,age      ] GC(642) Desired survivor size 146800640 bytes, new threshold 2 (max threshold 15)
[2024-02-06T12:50:15.116+0000][1536][gc,phases   ] GC(642)   Pre Evacuate Collection Set: 0.5ms
[2024-02-06T12:50:15.116+0000][1536][gc,phases   ] GC(642)   Merge Heap Roots: 0.4ms
[2024-02-06T12:50:15.116+0000][1536][gc,phases   ] GC(642)   Evacuate Collection Set: 80.3ms
[2024-02-06T12:50:15.116+0000][1536][gc,phases   ] GC(642)   Post Evacuate Collection Set: 1.5ms
[2024-02-06T12:50:15.116+0000][1536][gc,phases   ] GC(642)   Other: 0.3ms
[2024-02-06T12:50:15.116+0000][1536][gc,age      ] GC(642) Age table with threshold 2 (max threshold 15)
[2024-02-06T12:50:15.116+0000][1536][gc,age      ] GC(642) - age   1:   83666904 bytes,   83666904 total
[2024-02-06T12:50:15.116+0000][1536][gc,age      ] GC(642) - age   2:   71770576 bytes,  155437480 total
[2024-02-06T12:50:15.116+0000][1536][gc,heap     ] GC(642) Eden regions: 518->0(506)
[2024-02-06T12:50:15.116+0000][1536][gc,heap     ] GC(642) Survivor regions: 42->39(70)
[2024-02-06T12:50:15.116+0000][1536][gc,heap     ] GC(642) Old regions: 229->245
[2024-02-06T12:50:15.116+0000][1536][gc,heap     ] GC(642) Archive regions: 0->0
[2024-02-06T12:50:15.116+0000][1536][gc,heap     ] GC(642) Humongous regions: 2->2
[2024-02-06T12:50:15.116+0000][1536][gc,metaspace] GC(642) Metaspace: 132337K(138240K)->132337K(138240K) NonClass: 115285K(118976K)->115285K(118976K) Class: 17051K(19264K)->17051K(19264K)
[2024-02-06T12:50:15.116+0000][1536][gc          ] GC(642) Pause Young (Concurrent Start) (G1 Evacuation Pause) 3162M->1142M(4040M) 83.517ms
[2024-02-06T12:50:15.116+0000][1536][gc          ] GC(643) Concurrent Mark Cycle
[2024-02-06T12:50:15.116+0000][1536][gc,cpu      ] GC(642) User=0.48s Sys=0.05s Real=0.08s
[2024-02-06T12:50:15.116+0000][1536][gc,marking  ] GC(643) Concurrent Clear Claimed Marks
[2024-02-06T12:50:15.116+0000][1536][safepoint   ] Safepoint "G1CollectForAllocation", Time since last: 28549751800 ns, Reaching safepoint: 168200 ns, At safepoint: 83988500 ns, Total: 84156700 ns
[2024-02-06T12:50:15.116+0000][1536][gc,marking  ] GC(643) Concurrent Clear Claimed Marks 0.346ms
[2024-02-06T12:50:15.116+0000][1536][gc,marking  ] GC(643) Concurrent Scan Root Regions
[2024-02-06T12:50:15.179+0000][1536][gc,marking  ] GC(643) Concurrent Scan Root Regions 61.409ms
[2024-02-06T12:50:15.179+0000][1536][gc,marking  ] GC(643) Concurrent Mark
[2024-02-06T12:50:15.179+0000][1536][gc,marking  ] GC(643) Concurrent Mark From Roots
[2024-02-06T12:50:15.179+0000][1536][gc,task     ] GC(643) Using 2 workers of 2 for marking
[2024-02-06T12:50:15.532+0000][1536][gc,marking  ] GC(643) Concurrent Mark From Roots 358.190ms
[2024-02-06T12:50:15.532+0000][1536][gc,marking  ] GC(643) Concurrent Preclean
[2024-02-06T12:50:15.532+0000][1536][gc,marking  ] GC(643) Concurrent Preclean 1.042ms
[2024-02-06T12:50:15.532+0000][1536][gc,start    ] GC(643) Pause Remark
[2024-02-06T12:50:15.549+0000][1536][gc          ] GC(643) Pause Remark 1228M->1228M(4040M) 19.389ms
[2024-02-06T12:50:15.549+0000][1536][gc,cpu      ] GC(643) User=0.00s Sys=0.00s Real=0.02s
[2024-02-06T12:50:15.549+0000][1536][safepoint   ] Safepoint "G1Concurrent", Time since last: 421049700 ns, Reaching safepoint: 91300 ns, At safepoint: 19617500 ns, Total: 19708800 ns
[2024-02-06T12:50:15.549+0000][1536][gc,marking  ] GC(643) Concurrent Mark 379.177ms
[2024-02-06T12:50:15.549+0000][1536][gc,marking  ] GC(643) Concurrent Rebuild Remembered Sets
[2024-02-06T12:50:15.794+0000][1536][gc,marking  ] GC(643) Concurrent Rebuild Remembered Sets 247.579ms
[2024-02-06T12:50:15.794+0000][1536][gc,start    ] GC(643) Pause Cleanup
[2024-02-06T12:50:15.794+0000][1536][gc          ] GC(643) Pause Cleanup 1266M->1266M(4040M) 0.479ms
[2024-02-06T12:50:15.794+0000][1536][gc,cpu      ] GC(643) User=0.00s Sys=0.00s Real=0.00s
[2024-02-06T12:50:15.794+0000][1536][safepoint   ] Safepoint "G1Concurrent", Time since last: 247794800 ns, Reaching safepoint: 50400 ns, At safepoint: 615600 ns, Total: 666000 ns
[2024-02-06T12:50:15.794+0000][1536][gc,marking  ] GC(643) Concurrent Cleanup for Next Mark
[2024-02-06T12:50:15.816+0000][1536][gc,marking  ] GC(643) Concurrent Cleanup for Next Mark 10.235ms
[2024-02-06T12:50:15.816+0000][1536][gc          ] GC(643) Concurrent Mark Cycle 699.978ms
[2024-02-06T12:50:34.459+0000][1536][gc,start    ] GC(644) Pause Young (Prepare Mixed) (G1 Evacuation Pause)
[2024-02-06T12:50:34.459+0000][1536][gc,task     ] GC(644) Using 8 workers of 8 for evacuation
[2024-02-06T12:50:34.459+0000][1536][gc,age      ] GC(644) Desired survivor size 144703488 bytes, new threshold 2 (max threshold 15)
[2024-02-06T12:50:34.522+0000][1536][gc,phases   ] GC(644)   Pre Evacuate Collection Set: 0.2ms
[2024-02-06T12:50:34.522+0000][1536][gc,phases   ] GC(644)   Merge Heap Roots: 0.4ms
[2024-02-06T12:50:34.522+0000][1536][gc,phases   ] GC(644)   Evacuate Collection Set: 69.8ms
[2024-02-06T12:50:34.522+0000][1536][gc,phases   ] GC(644)   Post Evacuate Collection Set: 1.6ms
[2024-02-06T12:50:34.522+0000][1536][gc,phases   ] GC(644)   Other: 0.3ms
[2024-02-06T12:50:34.522+0000][1536][gc,age      ] GC(644) Age table with threshold 2 (max threshold 15)
[2024-02-06T12:50:34.522+0000][1536][gc,age      ] GC(644) - age   1:   80252664 bytes,   80252664 total
[2024-02-06T12:50:34.522+0000][1536][gc,age      ] GC(644) - age   2:   66503904 bytes,  146756568 total
[2024-02-06T12:50:34.522+0000][1536][gc,heap     ] GC(644) Eden regions: 506->0(12)
[2024-02-06T12:50:34.522+0000][1536][gc,heap     ] GC(644) Survivor regions: 39->38(69)
[2024-02-06T12:50:34.522+0000][1536][gc,heap     ] GC(644) Old regions: 245->260
[2024-02-06T12:50:34.522+0000][1536][gc,heap     ] GC(644) Archive regions: 0->0
[2024-02-06T12:50:34.522+0000][1536][gc,heap     ] GC(644) Humongous regions: 2->2
[2024-02-06T12:50:34.522+0000][1536][gc,metaspace] GC(644) Metaspace: 132337K(138240K)->132337K(138240K) NonClass: 115285K(118976K)->115285K(118976K) Class: 17051K(19264K)->17051K(19264K)
[2024-02-06T12:50:34.522+0000][1536][gc          ] GC(644) Pause Young (Prepare Mixed) (G1 Evacuation Pause) 3166M->1194M(4040M) 72.702ms
[2024-02-06T12:50:34.522+0000][1536][gc,cpu      ] GC(644) User=0.50s Sys=0.00s Real=0.06s
[2024-02-06T12:50:34.522+0000][1536][safepoint   ] Safepoint "G1CollectForAllocation", Time since last: 18652783600 ns, Reaching safepoint: 55400 ns, At safepoint: 72890300 ns, Total: 72945700 ns
[2024-02-06T12:50:34.743+0000][1536][gc,start    ] GC(645) Pause Young (Mixed) (G1 Evacuation Pause)
[2024-02-06T12:50:34.743+0000][1536][gc,task     ] GC(645) Using 8 workers of 8 for evacuation
[2024-02-06T12:50:34.743+0000][1536][gc,age      ] GC(645) Desired survivor size 14680064 bytes, new threshold 1 (max threshold 15)
[2024-02-06T12:50:34.858+0000][1536][gc,phases   ] GC(645)   Pre Evacuate Collection Set: 0.2ms
[2024-02-06T12:50:34.858+0000][1536][gc,phases   ] GC(645)   Merge Heap Roots: 0.3ms
[2024-02-06T12:50:34.858+0000][1536][gc,phases   ] GC(645)   Evacuate Collection Set: 105.2ms
[2024-02-06T12:50:34.858+0000][1536][gc,phases   ] GC(645)   Post Evacuate Collection Set: 1.0ms
[2024-02-06T12:50:34.858+0000][1536][gc,phases   ] GC(645)   Other: 0.2ms
[2024-02-06T12:50:34.858+0000][1536][gc,age      ] GC(645) Age table with threshold 1 (max threshold 15)
[2024-02-06T12:50:34.858+0000][1536][gc,age      ] GC(645) - age   1:    2139264 bytes,    2139264 total
[2024-02-06T12:50:34.858+0000][1536][gc,heap     ] GC(645) Eden regions: 12->0(555)
[2024-02-06T12:50:34.858+0000][1536][gc,heap     ] GC(645) Survivor regions: 38->4(7)
[2024-02-06T12:50:34.858+0000][1536][gc,heap     ] GC(645) Old regions: 260->229
[2024-02-06T12:50:34.858+0000][1536][gc,heap     ] GC(645) Archive regions: 0->0
[2024-02-06T12:50:34.858+0000][1536][gc,heap     ] GC(645) Humongous regions: 2->2
[2024-02-06T12:50:34.858+0000][1536][gc,metaspace] GC(645) Metaspace: 132337K(138240K)->132337K(138240K) NonClass: 115285K(118976K)->115285K(118976K) Class: 17051K(19264K)->17051K(19264K)
[2024-02-06T12:50:34.858+0000][1536][gc          ] GC(645) Pause Young (Mixed) (G1 Evacuation Pause) 1242M->939M(4040M) 107.488ms
[2024-02-06T12:50:34.859+0000][1536][gc,cpu      ] GC(645) User=0.39s Sys=0.22s Real=0.12s
[2024-02-06T12:50:34.859+0000][1536][safepoint   ] Safepoint "G1CollectForAllocation", Time since last: 218568200 ns, Reaching safepoint: 116600 ns, At safepoint: 108617600 ns, Total: 108734200 ns
[2024-02-06T12:50:58.805+0000][1536][gc,start    ] GC(646) Pause Young (Normal) (G1 Evacuation Pause)
[2024-02-06T12:50:58.805+0000][1536][gc,task     ] GC(646) Using 8 workers of 8 for evacuation
[2024-02-06T12:50:58.805+0000][1536][gc,age      ] GC(646) Desired survivor size 146800640 bytes, new threshold 15 (max threshold 15)
[2024-02-06T12:50:58.837+0000][1536][gc,phases   ] GC(646)   Pre Evacuate Collection Set: 0.2ms
[2024-02-06T12:50:58.837+0000][1536][gc,phases   ] GC(646)   Merge Heap Roots: 0.2ms
[2024-02-06T12:50:58.837+0000][1536][gc,phases   ] GC(646)   Evacuate Collection Set: 30.5ms
[2024-02-06T12:50:58.837+0000][1536][gc,phases   ] GC(646)   Post Evacuate Collection Set: 1.1ms
[2024-02-06T12:50:58.837+0000][1536][gc,phases   ] GC(646)   Other: 0.2ms
[2024-02-06T12:50:58.837+0000][1536][gc,age      ] GC(646) Age table with threshold 15 (max threshold 15)
[2024-02-06T12:50:58.837+0000][1536][gc,age      ] GC(646) - age   1:   85378016 bytes,   85378016 total
[2024-02-06T12:50:58.837+0000][1536][gc,age      ] GC(646) - age   2:    1319912 bytes,   86697928 total
[2024-02-06T12:50:58.837+0000][1536][gc,heap     ] GC(646) Eden regions: 555->0(538)
[2024-02-06T12:50:58.837+0000][1536][gc,heap     ] GC(646) Survivor regions: 4->22(70)
[2024-02-06T12:50:58.837+0000][1536][gc,heap     ] GC(646) Old regions: 229->229
[2024-02-06T12:50:58.837+0000][1536][gc,heap     ] GC(646) Archive regions: 0->0
[2024-02-06T12:50:58.837+0000][1536][gc,heap     ] GC(646) Humongous regions: 2->2
[2024-02-06T12:50:58.837+0000][1536][gc,metaspace] GC(646) Metaspace: 132337K(138240K)->132337K(138240K) NonClass: 115285K(118976K)->115285K(118976K) Class: 17051K(19264K)->17051K(19264K)
[2024-02-06T12:50:58.837+0000][1536][gc          ] GC(646) Pause Young (Normal) (G1 Evacuation Pause) 3159M->1010M(4040M) 32.726ms
[2024-02-06T12:50:58.837+0000][1536][gc,cpu      ] GC(646) User=0.25s Sys=0.00s Real=0.03s
[2024-02-06T12:50:58.837+0000][1536][safepoint   ] Safepoint "G1CollectForAllocation", Time since last: 23946383700 ns, Reaching safepoint: 116800 ns, At safepoint: 32840200 ns, Total: 32957000 ns
[2024-02-06T12:51:27.007+0000][1536][safepoint   ] Safepoint "Cleanup", Time since last: 28168563400 ns, Reaching safepoint: 263800 ns, At safepoint: 35000 ns, Total: 298800 ns
[2024-02-06T12:51:44.248+0000][1536][gc,start    ] GC(647) Pause Young (Normal) (G1 Evacuation Pause)
[2024-02-06T12:51:44.248+0000][1536][gc,task     ] GC(647) Using 8 workers of 8 for evacuation
[2024-02-06T12:51:44.248+0000][1536][gc,age      ] GC(647) Desired survivor size 146800640 bytes, new threshold 15 (max threshold 15)
[2024-02-06T12:51:44.307+0000][1536][gc,phases   ] GC(647)   Pre Evacuate Collection Set: 0.2ms
[2024-02-06T12:51:44.307+0000][1536][gc,phases   ] GC(647)   Merge Heap Roots: 0.2ms
[2024-02-06T12:51:44.307+0000][1536][gc,phases   ] GC(647)   Evacuate Collection Set: 56.8ms
[2024-02-06T12:51:44.307+0000][1536][gc,phases   ] GC(647)   Post Evacuate Collection Set: 1.2ms
[2024-02-06T12:51:44.307+0000][1536][gc,phases   ] GC(647)   Other: 0.3ms
[2024-02-06T12:51:44.307+0000][1536][gc,age      ] GC(647) Age table with threshold 15 (max threshold 15)
[2024-02-06T12:51:44.307+0000][1536][gc,age      ] GC(647) - age   1:   94115864 bytes,   94115864 total
[2024-02-06T12:51:44.307+0000][1536][gc,age      ] GC(647) - age   2:   72627672 bytes,  166743536 total
[2024-02-06T12:51:44.307+0000][1536][gc,age      ] GC(647) - age   3:     614600 bytes,  167358136 total
[2024-02-06T12:51:44.307+0000][1536][gc,heap     ] GC(647) Eden regions: 538->0(518)
[2024-02-06T12:51:44.307+0000][1536][gc,heap     ] GC(647) Survivor regions: 22->42(70)
[2024-02-06T12:51:44.307+0000][1536][gc,heap     ] GC(647) Old regions: 229->229
[2024-02-06T12:51:44.307+0000][1536][gc,heap     ] GC(647) Archive regions: 0->0
[2024-02-06T12:51:44.307+0000][1536][gc,heap     ] GC(647) Humongous regions: 2->2
[2024-02-06T12:51:44.307+0000][1536][gc,metaspace] GC(647) Metaspace: 132337K(138240K)->132337K(138240K) NonClass: 115285K(118976K)->115285K(118976K) Class: 17051K(19264K)->17051K(19264K)
[2024-02-06T12:51:44.307+0000][1536][gc          ] GC(647) Pause Young (Normal) (G1 Evacuation Pause) 3162M->1091M(4040M) 59.284ms
[2024-02-06T12:51:44.307+0000][1536][gc,cpu      ] GC(647) User=0.45s Sys=0.02s Real=0.06s
[2024-02-06T12:51:44.307+0000][1536][safepoint   ] Safepoint "G1CollectForAllocation", Time since last: 17240067200 ns, Reaching safepoint: 127700 ns, At safepoint: 59493400 ns, Total: 59621100 ns
[2024-02-06T12:52:20.720+0000][1536][gc,start    ] GC(648) Pause Young (Concurrent Start) (G1 Evacuation Pause)
[2024-02-06T12:52:20.720+0000][1536][gc,task     ] GC(648) Using 8 workers of 8 for evacuation
[2024-02-06T12:52:20.721+0000][1536][gc,age      ] GC(648) Desired survivor size 146800640 bytes, new threshold 2 (max threshold 15)
[2024-02-06T12:52:20.815+0000][1536][gc,phases   ] GC(648)   Pre Evacuate Collection Set: 1.0ms
[2024-02-06T12:52:20.815+0000][1536][gc,phases   ] GC(648)   Merge Heap Roots: 0.5ms
[2024-02-06T12:52:20.815+0000][1536][gc,phases   ] GC(648)   Evacuate Collection Set: 90.7ms
[2024-02-06T12:52:20.815+0000][1536][gc,phases   ] GC(648)   Post Evacuate Collection Set: 1.6ms
[2024-02-06T12:52:20.815+0000][1536][gc,phases   ] GC(648)   Other: 0.3ms
[2024-02-06T12:52:20.815+0000][1536][gc,age      ] GC(648) Age table with threshold 2 (max threshold 15)
[2024-02-06T12:52:20.815+0000][1536][gc,age      ] GC(648) - age   1:   90161728 bytes,   90161728 total
[2024-02-06T12:52:20.815+0000][1536][gc,age      ] GC(648) - age   2:   74204632 bytes,  164366360 total
[2024-02-06T12:52:20.815+0000][1536][gc,heap     ] GC(648) Eden regions: 518->0(503)
[2024-02-06T12:52:20.815+0000][1536][gc,heap     ] GC(648) Survivor regions: 42->42(70)
[2024-02-06T12:52:20.815+0000][1536][gc,heap     ] GC(648) Old regions: 229->244
[2024-02-06T12:52:20.815+0000][1536][gc,heap     ] GC(648) Archive regions: 0->0
[2024-02-06T12:52:20.815+0000][1536][gc,heap     ] GC(648) Humongous regions: 2->2
[2024-02-06T12:52:20.815+0000][1536][gc,metaspace] GC(648) Metaspace: 132337K(138240K)->132337K(138240K) NonClass: 115285K(118976K)->115285K(118976K) Class: 17051K(19264K)->17051K(19264K)
[2024-02-06T12:52:20.815+0000][1536][gc          ] GC(648) Pause Young (Concurrent Start) (G1 Evacuation Pause) 3163M->1147M(4040M) 94.920ms
[2024-02-06T12:52:20.815+0000][1536][gc,cpu      ] GC(648) User=0.70s Sys=0.00s Real=0.10s
[2024-02-06T12:52:20.815+0000][1536][gc          ] GC(649) Concurrent Mark Cycle
[2024-02-06T12:52:20.815+0000][1536][gc,marking  ] GC(649) Concurrent Clear Claimed Marks
[2024-02-06T12:52:20.815+0000][1536][safepoint   ] Safepoint "G1CollectForAllocation", Time since last: 36412892200 ns, Reaching safepoint: 271500 ns, At safepoint: 95247300 ns, Total: 95518800 ns
[2024-02-06T12:52:20.815+0000][1536][gc,marking  ] GC(649) Concurrent Clear Claimed Marks 0.221ms
[2024-02-06T12:52:20.815+0000][1536][gc,marking  ] GC(649) Concurrent Scan Root Regions
[2024-02-06T12:52:20.865+0000][1536][gc,marking  ] GC(649) Concurrent Scan Root Regions 64.238ms
[2024-02-06T12:52:20.865+0000][1536][gc,marking  ] GC(649) Concurrent Mark
[2024-02-06T12:52:20.865+0000][1536][gc,marking  ] GC(649) Concurrent Mark From Roots
[2024-02-06T12:52:20.865+0000][1536][gc,task     ] GC(649) Using 2 workers of 2 for marking
[2024-02-06T12:52:21.224+0000][1536][gc,marking  ] GC(649) Concurrent Mark From Roots 349.542ms
[2024-02-06T12:52:21.224+0000][1536][gc,marking  ] GC(649) Concurrent Preclean
[2024-02-06T12:52:21.224+0000][1536][gc,marking  ] GC(649) Concurrent Preclean 1.012ms
[2024-02-06T12:52:21.231+0000][1536][gc,start    ] GC(649) Pause Remark
[2024-02-06T12:52:21.250+0000][1536][gc          ] GC(649) Pause Remark 1197M->1197M(4040M) 19.274ms
[2024-02-06T12:52:21.250+0000][1536][gc,cpu      ] GC(649) User=0.08s Sys=0.02s Real=0.02s
[2024-02-06T12:52:21.250+0000][1536][safepoint   ] Safepoint "G1Concurrent", Time since last: 415249500 ns, Reaching safepoint: 95800 ns, At safepoint: 19681600 ns, Total: 19777400 ns
[2024-02-06T12:52:21.250+0000][1536][gc,marking  ] GC(649) Concurrent Mark 370.568ms
[2024-02-06T12:52:21.250+0000][1536][gc,marking  ] GC(649) Concurrent Rebuild Remembered Sets
[2024-02-06T12:52:21.462+0000][1536][gc,marking  ] GC(649) Concurrent Rebuild Remembered Sets 212.728ms
[2024-02-06T12:52:21.462+0000][1536][gc,start    ] GC(649) Pause Cleanup
[2024-02-06T12:52:21.464+0000][1536][gc          ] GC(649) Pause Cleanup 1231M->1231M(4040M) 0.469ms
[2024-02-06T12:52:21.464+0000][1536][gc,cpu      ] GC(649) User=0.00s Sys=0.00s Real=0.00s
[2024-02-06T12:52:21.464+0000][1536][safepoint   ] Safepoint "G1Concurrent", Time since last: 212966100 ns, Reaching safepoint: 79900 ns, At safepoint: 597900 ns, Total: 677800 ns
[2024-02-06T12:52:21.464+0000][1536][gc,marking  ] GC(649) Concurrent Cleanup for Next Mark
[2024-02-06T12:52:21.474+0000][1536][gc,marking  ] GC(649) Concurrent Cleanup for Next Mark 9.911ms
[2024-02-06T12:52:21.474+0000][1536][gc          ] GC(649) Concurrent Mark Cycle 658.827ms
[2024-02-06T12:52:47.180+0000][1536][gc,start    ] GC(650) Pause Young (Prepare Mixed) (G1 Evacuation Pause)
[2024-02-06T12:52:47.180+0000][1536][gc,task     ] GC(650) Using 8 workers of 8 for evacuation
[2024-02-06T12:52:47.180+0000][1536][gc,age      ] GC(650) Desired survivor size 144703488 bytes, new threshold 2 (max threshold 15)
[2024-02-06T12:52:47.277+0000][1536][gc,phases   ] GC(650)   Pre Evacuate Collection Set: 0.3ms
[2024-02-06T12:52:47.277+0000][1536][gc,phases   ] GC(650)   Merge Heap Roots: 0.5ms
[2024-02-06T12:52:47.277+0000][1536][gc,phases   ] GC(650)   Evacuate Collection Set: 87.8ms
[2024-02-06T12:52:47.277+0000][1536][gc,phases   ] GC(650)   Post Evacuate Collection Set: 1.2ms
[2024-02-06T12:52:47.277+0000][1536][gc,phases   ] GC(650)   Other: 0.3ms
[2024-02-06T12:52:47.277+0000][1536][gc,age      ] GC(650) Age table with threshold 2 (max threshold 15)
[2024-02-06T12:52:47.277+0000][1536][gc,age      ] GC(650) - age   1:   81500288 bytes,   81500288 total
[2024-02-06T12:52:47.277+0000][1536][gc,age      ] GC(650) - age   2:   72661432 bytes,  154161720 total
[2024-02-06T12:52:47.277+0000][1536][gc,heap     ] GC(650) Eden regions: 503->0(11)
[2024-02-06T12:52:47.277+0000][1536][gc,heap     ] GC(650) Survivor regions: 42->39(69)
[2024-02-06T12:52:47.277+0000][1536][gc,heap     ] GC(650) Old regions: 244->258
[2024-02-06T12:52:47.277+0000][1536][gc,heap     ] GC(650) Archive regions: 0->0
[2024-02-06T12:52:47.277+0000][1536][gc,heap     ] GC(650) Humongous regions: 2->2
[2024-02-06T12:52:47.277+0000][1536][gc,metaspace] GC(650) Metaspace: 132337K(138240K)->132337K(138240K) NonClass: 115285K(118976K)->115285K(118976K) Class: 17051K(19264K)->17051K(19264K)
[2024-02-06T12:52:47.277+0000][1536][gc          ] GC(650) Pause Young (Prepare Mixed) (G1 Evacuation Pause) 3159M->1196M(4040M) 90.794ms
[2024-02-06T12:52:47.277+0000][1536][gc,cpu      ] GC(650) User=0.70s Sys=0.00s Real=0.10s
[2024-02-06T12:52:47.277+0000][1536][safepoint   ] Safepoint "G1CollectForAllocation", Time since last: 25722433500 ns, Reaching safepoint: 137600 ns, At safepoint: 91100500 ns, Total: 91238100 ns
[2024-02-06T12:52:47.565+0000][1536][gc,start    ] GC(651) Pause Young (Mixed) (G1 Evacuation Pause)
[2024-02-06T12:52:47.565+0000][1536][gc,task     ] GC(651) Using 8 workers of 8 for evacuation
[2024-02-06T12:52:47.565+0000][1536][gc,age      ] GC(651) Desired survivor size 14680064 bytes, new threshold 1 (max threshold 15)
[2024-02-06T12:52:47.690+0000][1536][gc,phases   ] GC(651)   Pre Evacuate Collection Set: 0.4ms
[2024-02-06T12:52:47.690+0000][1536][gc,phases   ] GC(651)   Merge Heap Roots: 0.4ms
[2024-02-06T12:52:47.690+0000][1536][gc,phases   ] GC(651)   Evacuate Collection Set: 113.7ms
[2024-02-06T12:52:47.690+0000][1536][gc,phases   ] GC(651)   Post Evacuate Collection Set: 0.9ms
[2024-02-06T12:52:47.690+0000][1536][gc,phases   ] GC(651)   Other: 2.7ms
[2024-02-06T12:52:47.690+0000][1536][gc,age      ] GC(651) Age table with threshold 1 (max threshold 15)
[2024-02-06T12:52:47.690+0000][1536][gc,age      ] GC(651) - age   1:    1356496 bytes,    1356496 total
[2024-02-06T12:52:47.690+0000][1536][gc,heap     ] GC(651) Eden regions: 11->0(555)
[2024-02-06T12:52:47.690+0000][1536][gc,heap     ] GC(651) Survivor regions: 39->4(7)
[2024-02-06T12:52:47.690+0000][1536][gc,heap     ] GC(651) Old regions: 258->226
[2024-02-06T12:52:47.690+0000][1536][gc,heap     ] GC(651) Archive regions: 0->0
[2024-02-06T12:52:47.690+0000][1536][gc,heap     ] GC(651) Humongous regions: 2->2
[2024-02-06T12:52:47.690+0000][1536][gc,metaspace] GC(651) Metaspace: 132337K(138240K)->132337K(138240K) NonClass: 115285K(118976K)->115285K(118976K) Class: 17051K(19264K)->17051K(19264K)
[2024-02-06T12:52:47.690+0000][1536][gc          ] GC(651) Pause Young (Mixed) (G1 Evacuation Pause) 1240M->928M(4040M) 118.700ms
[2024-02-06T12:52:47.690+0000][1536][gc,cpu      ] GC(651) User=0.61s Sys=0.19s Real=0.12s
[2024-02-06T12:52:47.690+0000][1536][safepoint   ] Safepoint "G1CollectForAllocation", Time since last: 292853000 ns, Reaching safepoint: 151800 ns, At safepoint: 119375500 ns, Total: 119527300 ns
[2024-02-06T12:53:04.323+0000][1536][gc,start    ] GC(652) Pause Young (Normal) (G1 Evacuation Pause)
[2024-02-06T12:53:04.323+0000][1536][gc,task     ] GC(652) Using 8 workers of 8 for evacuation
[2024-02-06T12:53:04.323+0000][1536][gc,age      ] GC(652) Desired survivor size 146800640 bytes, new threshold 15 (max threshold 15)
[2024-02-06T12:53:04.357+0000][1536][gc,phases   ] GC(652)   Pre Evacuate Collection Set: 0.2ms
[2024-02-06T12:53:04.357+0000][1536][gc,phases   ] GC(652)   Merge Heap Roots: 0.3ms
[2024-02-06T12:53:04.357+0000][1536][gc,phases   ] GC(652)   Evacuate Collection Set: 32.8ms
[2024-02-06T12:53:04.357+0000][1536][gc,phases   ] GC(652)   Post Evacuate Collection Set: 1.3ms
[2024-02-06T12:53:04.357+0000][1536][gc,phases   ] GC(652)   Other: 0.3ms
[2024-02-06T12:53:04.357+0000][1536][gc,age      ] GC(652) Age table with threshold 15 (max threshold 15)
[2024-02-06T12:53:04.357+0000][1536][gc,age      ] GC(652) - age   1:   82169384 bytes,   82169384 total
[2024-02-06T12:53:04.357+0000][1536][gc,age      ] GC(652) - age   2:     901120 bytes,   83070504 total
[2024-02-06T12:53:04.357+0000][1536][gc,heap     ] GC(652) Eden regions: 555->0(541)
[2024-02-06T12:53:04.357+0000][1536][gc,heap     ] GC(652) Survivor regions: 4->21(70)
[2024-02-06T12:53:04.357+0000][1536][gc,heap     ] GC(652) Old regions: 226->226
[2024-02-06T12:53:04.357+0000][1536][gc,heap     ] GC(652) Archive regions: 0->0
[2024-02-06T12:53:04.357+0000][1536][gc,heap     ] GC(652) Humongous regions: 2->2
[2024-02-06T12:53:04.357+0000][1536][gc,metaspace] GC(652) Metaspace: 132337K(138240K)->132337K(138240K) NonClass: 115285K(118976K)->115285K(118976K) Class: 17051K(19264K)->17051K(19264K)
[2024-02-06T12:53:04.357+0000][1536][gc          ] GC(652) Pause Young (Normal) (G1 Evacuation Pause) 3148M->994M(4040M) 35.476ms
[2024-02-06T12:53:04.357+0000][1536][gc,cpu      ] GC(652) User=0.25s Sys=0.00s Real=0.03s
[2024-02-06T12:53:04.357+0000][1536][safepoint   ] Safepoint "G1CollectForAllocation", Time since last: 16631771000 ns, Reaching safepoint: 157100 ns, At safepoint: 35686200 ns, Total: 35843300 ns
[2024-02-06T12:53:32.573+0000][1536][gc,start    ] GC(653) Pause Young (Normal) (G1 Evacuation Pause)
[2024-02-06T12:53:32.573+0000][1536][gc,task     ] GC(653) Using 8 workers of 8 for evacuation
[2024-02-06T12:53:32.573+0000][1536][gc,age      ] GC(653) Desired survivor size 148897792 bytes, new threshold 15 (max threshold 15)
[2024-02-06T12:53:32.639+0000][1536][gc,phases   ] GC(653)   Pre Evacuate Collection Set: 0.3ms
[2024-02-06T12:53:32.639+0000][1536][gc,phases   ] GC(653)   Merge Heap Roots: 0.3ms
[2024-02-06T12:53:32.639+0000][1536][gc,phases   ] GC(653)   Evacuate Collection Set: 64.5ms
[2024-02-06T12:53:32.639+0000][1536][gc,phases   ] GC(653)   Post Evacuate Collection Set: 1.4ms
[2024-02-06T12:53:32.639+0000][1536][gc,phases   ] GC(653)   Other: 0.5ms
[2024-02-06T12:53:32.639+0000][1536][gc,age      ] GC(653) Age table with threshold 15 (max threshold 15)
[2024-02-06T12:53:32.639+0000][1536][gc,age      ] GC(653) - age   1:   94419096 bytes,   94419096 total
[2024-02-06T12:53:32.639+0000][1536][gc,age      ] GC(653) - age   2:   68509536 bytes,  162928632 total
[2024-02-06T12:53:32.639+0000][1536][gc,age      ] GC(653) - age   3:     770384 bytes,  163699016 total
[2024-02-06T12:53:32.639+0000][1536][gc,heap     ] GC(653) Eden regions: 541->0(522)
[2024-02-06T12:53:32.639+0000][1536][gc,heap     ] GC(653) Survivor regions: 21->41(71)
[2024-02-06T12:53:32.639+0000][1536][gc,heap     ] GC(653) Old regions: 226->226
[2024-02-06T12:53:32.639+0000][1536][gc,heap     ] GC(653) Archive regions: 0->0
[2024-02-06T12:53:32.639+0000][1536][gc,heap     ] GC(653) Humongous regions: 2->2
[2024-02-06T12:53:32.639+0000][1536][gc,metaspace] GC(653) Metaspace: 132337K(138240K)->132337K(138240K) NonClass: 115285K(118976K)->115285K(118976K) Class: 17051K(19264K)->17051K(19264K)
[2024-02-06T12:53:32.639+0000][1536][gc          ] GC(653) Pause Young (Normal) (G1 Evacuation Pause) 3158M->1076M(4040M) 67.477ms
[2024-02-06T12:53:32.640+0000][1536][gc,cpu      ] GC(653) User=0.45s Sys=0.03s Real=0.07s
[2024-02-06T12:53:32.640+0000][1536][safepoint   ] Safepoint "G1CollectForAllocation", Time since last: 28214495200 ns, Reaching safepoint: 138500 ns, At safepoint: 67755200 ns, Total: 67893700 ns
[2024-02-06T12:54:06.556+0000][1536][gc,start    ] GC(654) Pause Young (Concurrent Start) (G1 Evacuation Pause)
[2024-02-06T12:54:06.556+0000][1536][gc,task     ] GC(654) Using 8 workers of 8 for evacuation
[2024-02-06T12:54:06.556+0000][1536][gc,age      ] GC(654) Desired survivor size 148897792 bytes, new threshold 2 (max threshold 15)
[2024-02-06T12:54:06.647+0000][1536][gc,phases   ] GC(654)   Pre Evacuate Collection Set: 0.5ms
[2024-02-06T12:54:06.648+0000][1536][gc,phases   ] GC(654)   Merge Heap Roots: 0.3ms
[2024-02-06T12:54:06.648+0000][1536][gc,phases   ] GC(654)   Evacuate Collection Set: 80.1ms
[2024-02-06T12:54:06.648+0000][1536][gc,phases   ] GC(654)   Post Evacuate Collection Set: 6.0ms
[2024-02-06T12:54:06.648+0000][1536][gc,phases   ] GC(654)   Other: 0.4ms
[2024-02-06T12:54:06.648+0000][1536][gc,age      ] GC(654) Age table with threshold 2 (max threshold 15)
[2024-02-06T12:54:06.648+0000][1536][gc,age      ] GC(654) - age   1:   81418312 bytes,   81418312 total
[2024-02-06T12:54:06.648+0000][1536][gc,age      ] GC(654) - age   2:   83635480 bytes,  165053792 total
[2024-02-06T12:54:06.648+0000][1536][gc,heap     ] GC(654) Eden regions: 522->0(510)
[2024-02-06T12:54:06.648+0000][1536][gc,heap     ] GC(654) Survivor regions: 41->42(71)
[2024-02-06T12:54:06.648+0000][1536][gc,heap     ] GC(654) Old regions: 226->239
[2024-02-06T12:54:06.648+0000][1536][gc,heap     ] GC(654) Archive regions: 0->0
[2024-02-06T12:54:06.648+0000][1536][gc,heap     ] GC(654) Humongous regions: 2->2
[2024-02-06T12:54:06.648+0000][1536][gc,metaspace] GC(654) Metaspace: 132341K(138240K)->132341K(138240K) NonClass: 115290K(118976K)->115290K(118976K) Class: 17051K(19264K)->17051K(19264K)
[2024-02-06T12:54:06.648+0000][1536][gc          ] GC(654) Pause Young (Concurrent Start) (G1 Evacuation Pause) 3164M->1131M(4040M) 87.756ms
[2024-02-06T12:54:06.648+0000][1536][gc          ] GC(655) Concurrent Mark Cycle
[2024-02-06T12:54:06.648+0000][1536][gc,cpu      ] GC(654) User=0.45s Sys=0.05s Real=0.09s
[2024-02-06T12:54:06.648+0000][1536][gc,marking  ] GC(655) Concurrent Clear Claimed Marks
[2024-02-06T12:54:06.648+0000][1536][safepoint   ] Safepoint "G1CollectForAllocation", Time since last: 33920037900 ns, Reaching safepoint: 183000 ns, At safepoint: 88118900 ns, Total: 88301900 ns
[2024-02-06T12:54:06.648+0000][1536][gc,marking  ] GC(655) Concurrent Clear Claimed Marks 0.272ms
[2024-02-06T12:54:06.648+0000][1536][gc,marking  ] GC(655) Concurrent Scan Root Regions
[2024-02-06T12:54:06.701+0000][1536][gc,marking  ] GC(655) Concurrent Scan Root Regions 52.260ms
[2024-02-06T12:54:06.701+0000][1536][gc,marking  ] GC(655) Concurrent Mark
[2024-02-06T12:54:06.701+0000][1536][gc,marking  ] GC(655) Concurrent Mark From Roots
[2024-02-06T12:54:06.701+0000][1536][gc,task     ] GC(655) Using 2 workers of 2 for marking
[2024-02-06T12:54:07.069+0000][1536][gc,marking  ] GC(655) Concurrent Mark From Roots 367.738ms
[2024-02-06T12:54:07.069+0000][1536][gc,marking  ] GC(655) Concurrent Preclean
[2024-02-06T12:54:07.069+0000][1536][gc,marking  ] GC(655) Concurrent Preclean 1.200ms
[2024-02-06T12:54:07.069+0000][1536][gc,start    ] GC(655) Pause Remark
[2024-02-06T12:54:07.087+0000][1536][gc          ] GC(655) Pause Remark 1199M->1191M(4040M) 17.355ms
[2024-02-06T12:54:07.087+0000][1536][gc,cpu      ] GC(655) User=0.08s Sys=0.02s Real=0.02s
[2024-02-06T12:54:07.087+0000][1536][safepoint   ] Safepoint "G1Concurrent", Time since last: 421554100 ns, Reaching safepoint: 102900 ns, At safepoint: 17512400 ns, Total: 17615300 ns
[2024-02-06T12:54:07.087+0000][1536][gc,marking  ] GC(655) Concurrent Mark 386.794ms
[2024-02-06T12:54:07.087+0000][1536][gc,marking  ] GC(655) Concurrent Rebuild Remembered Sets
[2024-02-06T12:54:07.287+0000][1536][gc,marking  ] GC(655) Concurrent Rebuild Remembered Sets 199.175ms
[2024-02-06T12:54:07.287+0000][1536][gc,start    ] GC(655) Pause Cleanup
[2024-02-06T12:54:07.288+0000][1536][gc          ] GC(655) Pause Cleanup 1231M->1231M(4040M) 0.479ms
[2024-02-06T12:54:07.288+0000][1536][gc,cpu      ] GC(655) User=0.00s Sys=0.00s Real=0.00s
[2024-02-06T12:54:07.288+0000][1536][safepoint   ] Safepoint "G1Concurrent", Time since last: 199376800 ns, Reaching safepoint: 124600 ns, At safepoint: 639600 ns, Total: 764200 ns
[2024-02-06T12:54:07.288+0000][1536][gc,marking  ] GC(655) Concurrent Cleanup for Next Mark
[2024-02-06T12:54:07.300+0000][1536][gc,marking  ] GC(655) Concurrent Cleanup for Next Mark 12.021ms
[2024-02-06T12:54:07.300+0000][1536][gc          ] GC(655) Concurrent Mark Cycle 651.788ms
[2024-02-06T12:54:45.196+0000][1536][gc,start    ] GC(656) Pause Young (Prepare Mixed) (G1 Evacuation Pause)
[2024-02-06T12:54:45.196+0000][1536][gc,task     ] GC(656) Using 8 workers of 8 for evacuation
[2024-02-06T12:54:45.196+0000][1536][gc,age      ] GC(656) Desired survivor size 144703488 bytes, new threshold 2 (max threshold 15)
[2024-02-06T12:54:45.269+0000][1536][gc,phases   ] GC(656)   Pre Evacuate Collection Set: 0.2ms
[2024-02-06T12:54:45.269+0000][1536][gc,phases   ] GC(656)   Merge Heap Roots: 0.4ms
[2024-02-06T12:54:45.269+0000][1536][gc,phases   ] GC(656)   Evacuate Collection Set: 68.6ms
[2024-02-06T12:54:45.269+0000][1536][gc,phases   ] GC(656)   Post Evacuate Collection Set: 1.6ms
[2024-02-06T12:54:45.269+0000][1536][gc,phases   ] GC(656)   Other: 0.3ms
[2024-02-06T12:54:45.269+0000][1536][gc,age      ] GC(656) Age table with threshold 2 (max threshold 15)
[2024-02-06T12:54:45.269+0000][1536][gc,age      ] GC(656) - age   1:   90338352 bytes,   90338352 total
[2024-02-06T12:54:45.269+0000][1536][gc,age      ] GC(656) - age   2:   68159160 bytes,  158497512 total
[2024-02-06T12:54:45.269+0000][1536][gc,heap     ] GC(656) Eden regions: 510->0(9)
[2024-02-06T12:54:45.269+0000][1536][gc,heap     ] GC(656) Survivor regions: 42->41(69)
[2024-02-06T12:54:45.269+0000][1536][gc,heap     ] GC(656) Old regions: 237->251
[2024-02-06T12:54:45.269+0000][1536][gc,heap     ] GC(656) Archive regions: 0->0
[2024-02-06T12:54:45.269+0000][1536][gc,heap     ] GC(656) Humongous regions: 2->2
[2024-02-06T12:54:45.269+0000][1536][gc,metaspace] GC(656) Metaspace: 132341K(138240K)->132341K(138240K) NonClass: 115290K(118976K)->115290K(118976K) Class: 17051K(19264K)->17051K(19264K)
[2024-02-06T12:54:45.269+0000][1536][gc          ] GC(656) Pause Young (Prepare Mixed) (G1 Evacuation Pause) 3163M->1174M(4040M) 71.765ms
[2024-02-06T12:54:45.269+0000][1536][gc,cpu      ] GC(656) User=0.41s Sys=0.08s Real=0.07s
[2024-02-06T12:54:45.269+0000][1536][safepoint   ] Safepoint "G1CollectForAllocation", Time since last: 37909421200 ns, Reaching safepoint: 119600 ns, At safepoint: 72104100 ns, Total: 72223700 ns
[2024-02-06T12:54:45.806+0000][1536][gc,start    ] GC(657) Pause Young (Mixed) (G1 Evacuation Pause)
[2024-02-06T12:54:45.807+0000][1536][gc,task     ] GC(657) Using 8 workers of 8 for evacuation
[2024-02-06T12:54:45.807+0000][1536][gc,age      ] GC(657) Desired survivor size 14680064 bytes, new threshold 1 (max threshold 15)
[2024-02-06T12:54:45.913+0000][1536][gc,phases   ] GC(657)   Pre Evacuate Collection Set: 0.2ms
[2024-02-06T12:54:45.913+0000][1536][gc,phases   ] GC(657)   Merge Heap Roots: 0.3ms
[2024-02-06T12:54:45.913+0000][1536][gc,phases   ] GC(657)   Evacuate Collection Set: 104.7ms
[2024-02-06T12:54:45.913+0000][1536][gc,phases   ] GC(657)   Post Evacuate Collection Set: 1.2ms
[2024-02-06T12:54:45.913+0000][1536][gc,phases   ] GC(657)   Other: 0.2ms
[2024-02-06T12:54:45.913+0000][1536][gc,age      ] GC(657) Age table with threshold 1 (max threshold 15)
[2024-02-06T12:54:45.913+0000][1536][gc,age      ] GC(657) - age   1:    1226432 bytes,    1226432 total
[2024-02-06T12:54:45.913+0000][1536][gc,heap     ] GC(657) Eden regions: 9->0(553)
[2024-02-06T12:54:45.913+0000][1536][gc,heap     ] GC(657) Survivor regions: 41->4(7)
[2024-02-06T12:54:45.913+0000][1536][gc,heap     ] GC(657) Old regions: 251->228
[2024-02-06T12:54:45.913+0000][1536][gc,heap     ] GC(657) Archive regions: 0->0
[2024-02-06T12:54:45.913+0000][1536][gc,heap     ] GC(657) Humongous regions: 2->2
[2024-02-06T12:54:45.913+0000][1536][gc,metaspace] GC(657) Metaspace: 132341K(138240K)->132341K(138240K) NonClass: 115290K(118976K)->115290K(118976K) Class: 17051K(19264K)->17051K(19264K)
[2024-02-06T12:54:45.913+0000][1536][gc          ] GC(657) Pause Young (Mixed) (G1 Evacuation Pause) 1210M->934M(4040M) 106.898ms
[2024-02-06T12:54:45.913+0000][1536][gc,cpu      ] GC(657) User=0.50s Sys=0.33s Real=0.11s
[2024-02-06T12:54:45.913+0000][1536][safepoint   ] Safepoint "G1CollectForAllocation", Time since last: 536409400 ns, Reaching safepoint: 89900 ns, At safepoint: 107037900 ns, Total: 107127800 ns
[2024-02-06T12:55:13.732+0000][1536][gc,start    ] GC(658) Pause Young (Normal) (G1 Evacuation Pause)
[2024-02-06T12:55:13.732+0000][1536][gc,task     ] GC(658) Using 8 workers of 8 for evacuation
[2024-02-06T12:55:13.732+0000][1536][gc,age      ] GC(658) Desired survivor size 146800640 bytes, new threshold 15 (max threshold 15)
[2024-02-06T12:55:13.777+0000][1536][gc,phases   ] GC(658)   Pre Evacuate Collection Set: 0.2ms
[2024-02-06T12:55:13.777+0000][1536][gc,phases   ] GC(658)   Merge Heap Roots: 0.3ms
[2024-02-06T12:55:13.778+0000][1536][gc,phases   ] GC(658)   Evacuate Collection Set: 43.2ms
[2024-02-06T12:55:13.778+0000][1536][gc,phases   ] GC(658)   Post Evacuate Collection Set: 1.7ms
[2024-02-06T12:55:13.778+0000][1536][gc,phases   ] GC(658)   Other: 0.3ms
[2024-02-06T12:55:13.778+0000][1536][gc,age      ] GC(658) Age table with threshold 15 (max threshold 15)
[2024-02-06T12:55:13.778+0000][1536][gc,age      ] GC(658) - age   1:   95949848 bytes,   95949848 total
[2024-02-06T12:55:13.778+0000][1536][gc,age      ] GC(658) - age   2:     611792 bytes,   96561640 total
[2024-02-06T12:55:13.778+0000][1536][gc,heap     ] GC(658) Eden regions: 553->0(533)
[2024-02-06T12:55:13.778+0000][1536][gc,heap     ] GC(658) Survivor regions: 4->25(70)
[2024-02-06T12:55:13.778+0000][1536][gc,heap     ] GC(658) Old regions: 228->228
[2024-02-06T12:55:13.778+0000][1536][gc,heap     ] GC(658) Archive regions: 0->0
[2024-02-06T12:55:13.778+0000][1536][gc,heap     ] GC(658) Humongous regions: 2->2
[2024-02-06T12:55:13.778+0000][1536][gc,metaspace] GC(658) Metaspace: 132341K(138240K)->132341K(138240K) NonClass: 115290K(118976K)->115290K(118976K) Class: 17051K(19264K)->17051K(19264K)
[2024-02-06T12:55:13.778+0000][1536][gc          ] GC(658) Pause Young (Normal) (G1 Evacuation Pause) 3146M->1015M(4040M) 46.466ms
[2024-02-06T12:55:13.778+0000][1536][gc,cpu      ] GC(658) User=0.36s Sys=0.00s Real=0.05s
[2024-02-06T12:55:13.778+0000][1536][safepoint   ] Safepoint "G1CollectForAllocation", Time since last: 27773222100 ns, Reaching safepoint: 44911700 ns, At safepoint: 46819500 ns, Total: 91731200 ns
[2024-02-06T12:55:59.913+0000][1536][gc,start    ] GC(659) Pause Young (Normal) (G1 Evacuation Pause)
[2024-02-06T12:55:59.913+0000][1536][gc,task     ] GC(659) Using 8 workers of 8 for evacuation
[2024-02-06T12:55:59.913+0000][1536][gc,age      ] GC(659) Desired survivor size 146800640 bytes, new threshold 15 (max threshold 15)
[2024-02-06T12:55:59.987+0000][1536][gc,phases   ] GC(659)   Pre Evacuate Collection Set: 0.2ms
[2024-02-06T12:55:59.987+0000][1536][gc,phases   ] GC(659)   Merge Heap Roots: 0.2ms
[2024-02-06T12:55:59.987+0000][1536][gc,phases   ] GC(659)   Evacuate Collection Set: 60.2ms
[2024-02-06T12:55:59.987+0000][1536][gc,phases   ] GC(659)   Post Evacuate Collection Set: 1.3ms
[2024-02-06T12:55:59.987+0000][1536][gc,phases   ] GC(659)   Other: 0.3ms
[2024-02-06T12:55:59.987+0000][1536][gc,age      ] GC(659) Age table with threshold 15 (max threshold 15)
[2024-02-06T12:55:59.987+0000][1536][gc,age      ] GC(659) - age   1:   90042800 bytes,   90042800 total
[2024-02-06T12:55:59.987+0000][1536][gc,age      ] GC(659) - age   2:   81472056 bytes,  171514856 total
[2024-02-06T12:55:59.987+0000][1536][gc,age      ] GC(659) - age   3:     497288 bytes,  172012144 total
[2024-02-06T12:55:59.987+0000][1536][gc,heap     ] GC(659) Eden regions: 533->0(517)
[2024-02-06T12:55:59.987+0000][1536][gc,heap     ] GC(659) Survivor regions: 25->43(70)
[2024-02-06T12:55:59.987+0000][1536][gc,heap     ] GC(659) Old regions: 228->228
[2024-02-06T12:55:59.987+0000][1536][gc,heap     ] GC(659) Archive regions: 0->0
[2024-02-06T12:55:59.987+0000][1536][gc,heap     ] GC(659) Humongous regions: 2->2
[2024-02-06T12:55:59.987+0000][1536][gc,metaspace] GC(659) Metaspace: 132341K(138240K)->132341K(138240K) NonClass: 115290K(118976K)->115290K(118976K) Class: 17051K(19264K)->17051K(19264K)
[2024-02-06T12:55:59.988+0000][1536][gc          ] GC(659) Pause Young (Normal) (G1 Evacuation Pause) 3147M->1090M(4040M) 62.952ms
[2024-02-06T12:55:59.988+0000][1536][gc,cpu      ] GC(659) User=0.59s Sys=0.00s Real=0.07s
[2024-02-06T12:55:59.988+0000][1536][safepoint   ] Safepoint "G1CollectForAllocation", Time since last: 46146505400 ns, Reaching safepoint: 155400 ns, At safepoint: 63844500 ns, Total: 63999900 ns
[2024-02-06T12:56:39.552+0000][1536][gc,start    ] GC(660) Pause Young (Concurrent Start) (G1 Evacuation Pause)
[2024-02-06T12:56:39.552+0000][1536][gc,task     ] GC(660) Using 8 workers of 8 for evacuation
[2024-02-06T12:56:39.552+0000][1536][gc,age      ] GC(660) Desired survivor size 146800640 bytes, new threshold 2 (max threshold 15)
[2024-02-06T12:56:39.691+0000][1536][gc,phases   ] GC(660)   Pre Evacuate Collection Set: 0.6ms
[2024-02-06T12:56:39.691+0000][1536][gc,phases   ] GC(660)   Merge Heap Roots: 0.5ms
[2024-02-06T12:56:39.691+0000][1536][gc,phases   ] GC(660)   Evacuate Collection Set: 137.7ms
[2024-02-06T12:56:39.691+0000][1536][gc,phases   ] GC(660)   Post Evacuate Collection Set: 1.5ms
[2024-02-06T12:56:39.691+0000][1536][gc,phases   ] GC(660)   Other: 0.6ms
[2024-02-06T12:56:39.691+0000][1536][gc,age      ] GC(660) Age table with threshold 2 (max threshold 15)
[2024-02-06T12:56:39.691+0000][1536][gc,age      ] GC(660) - age   1:   82748416 bytes,   82748416 total
[2024-02-06T12:56:39.691+0000][1536][gc,age      ] GC(660) - age   2:   76252808 bytes,  159001224 total
[2024-02-06T12:56:39.691+0000][1536][gc,heap     ] GC(660) Eden regions: 517->0(505)
[2024-02-06T12:56:39.691+0000][1536][gc,heap     ] GC(660) Survivor regions: 43->40(70)
[2024-02-06T12:56:39.691+0000][1536][gc,heap     ] GC(660) Old regions: 228->245
[2024-02-06T12:56:39.691+0000][1536][gc,heap     ] GC(660) Archive regions: 0->0
[2024-02-06T12:56:39.691+0000][1536][gc,heap     ] GC(660) Humongous regions: 2->2
[2024-02-06T12:56:39.691+0000][1536][gc,metaspace] GC(660) Metaspace: 132341K(138240K)->132341K(138240K) NonClass: 115290K(118976K)->115290K(118976K) Class: 17051K(19264K)->17051K(19264K)
[2024-02-06T12:56:39.691+0000][1536][gc          ] GC(660) Pause Young (Concurrent Start) (G1 Evacuation Pause) 3158M->1144M(4040M) 141.733ms
[2024-02-06T12:56:39.691+0000][1536][gc,cpu      ] GC(660) User=0.56s Sys=0.52s Real=0.14s
[2024-02-06T12:56:39.691+0000][1536][gc          ] GC(661) Concurrent Mark Cycle
[2024-02-06T12:56:39.691+0000][1536][gc,marking  ] GC(661) Concurrent Clear Claimed Marks
[2024-02-06T12:56:39.691+0000][1536][safepoint   ] Safepoint "G1CollectForAllocation", Time since last: 39563443000 ns, Reaching safepoint: 217800 ns, At safepoint: 142082300 ns, Total: 142300100 ns
[2024-02-06T12:56:39.691+0000][1536][gc,marking  ] GC(661) Concurrent Clear Claimed Marks 0.263ms
[2024-02-06T12:56:39.691+0000][1536][gc,marking  ] GC(661) Concurrent Scan Root Regions
[2024-02-06T12:56:39.768+0000][1536][gc,marking  ] GC(661) Concurrent Scan Root Regions 74.195ms
[2024-02-06T12:56:39.768+0000][1536][gc,marking  ] GC(661) Concurrent Mark
[2024-02-06T12:56:39.768+0000][1536][gc,marking  ] GC(661) Concurrent Mark From Roots
[2024-02-06T12:56:39.768+0000][1536][gc,task     ] GC(661) Using 2 workers of 2 for marking
[2024-02-06T12:56:40.099+0000][1536][gc,marking  ] GC(661) Concurrent Mark From Roots 337.604ms
[2024-02-06T12:56:40.099+0000][1536][gc,marking  ] GC(661) Concurrent Preclean
[2024-02-06T12:56:40.099+0000][1536][gc,marking  ] GC(661) Concurrent Preclean 1.022ms
[2024-02-06T12:56:40.099+0000][1536][gc,start    ] GC(661) Pause Remark
[2024-02-06T12:56:40.115+0000][1536][gc          ] GC(661) Pause Remark 1196M->1192M(4040M) 16.547ms
[2024-02-06T12:56:40.115+0000][1536][gc,cpu      ] GC(661) User=0.03s Sys=0.03s Real=0.02s
[2024-02-06T12:56:40.115+0000][1536][safepoint   ] Safepoint "G1Concurrent", Time since last: 413323400 ns, Reaching safepoint: 111200 ns, At safepoint: 16843600 ns, Total: 16954800 ns
[2024-02-06T12:56:40.115+0000][1536][gc,marking  ] GC(661) Concurrent Mark 355.819ms
[2024-02-06T12:56:40.115+0000][1536][gc,marking  ] GC(661) Concurrent Rebuild Remembered Sets
[2024-02-06T12:56:40.374+0000][1536][gc,marking  ] GC(661) Concurrent Rebuild Remembered Sets 258.352ms
[2024-02-06T12:56:40.374+0000][1536][gc,start    ] GC(661) Pause Cleanup
[2024-02-06T12:56:40.374+0000][1536][gc          ] GC(661) Pause Cleanup 1209M->1209M(4040M) 0.552ms
[2024-02-06T12:56:40.374+0000][1536][gc,cpu      ] GC(661) User=0.00s Sys=0.00s Real=0.00s
[2024-02-06T12:56:40.374+0000][1536][safepoint   ] Safepoint "G1Concurrent", Time since last: 258585300 ns, Reaching safepoint: 92300 ns, At safepoint: 702200 ns, Total: 794500 ns
[2024-02-06T12:56:40.374+0000][1536][gc,marking  ] GC(661) Concurrent Cleanup for Next Mark
[2024-02-06T12:56:40.405+0000][1536][gc,marking  ] GC(661) Concurrent Cleanup for Next Mark 21.162ms
[2024-02-06T12:56:40.405+0000][1536][gc          ] GC(661) Concurrent Mark Cycle 711.165ms
[2024-02-06T12:57:14.381+0000][1536][gc,start    ] GC(662) Pause Young (Prepare Mixed) (G1 Evacuation Pause)
[2024-02-06T12:57:14.381+0000][1536][gc,task     ] GC(662) Using 8 workers of 8 for evacuation
[2024-02-06T12:57:14.381+0000][1536][gc,age      ] GC(662) Desired survivor size 144703488 bytes, new threshold 2 (max threshold 15)
[2024-02-06T12:57:14.472+0000][1536][gc,phases   ] GC(662)   Pre Evacuate Collection Set: 0.4ms
[2024-02-06T12:57:14.472+0000][1536][gc,phases   ] GC(662)   Merge Heap Roots: 0.6ms
[2024-02-06T12:57:14.472+0000][1536][gc,phases   ] GC(662)   Evacuate Collection Set: 84.0ms
[2024-02-06T12:57:14.472+0000][1536][gc,phases   ] GC(662)   Post Evacuate Collection Set: 2.0ms
[2024-02-06T12:57:14.472+0000][1536][gc,phases   ] GC(662)   Other: 0.3ms
[2024-02-06T12:57:14.472+0000][1536][gc,age      ] GC(662) Age table with threshold 2 (max threshold 15)
[2024-02-06T12:57:14.472+0000][1536][gc,age      ] GC(662) - age   1:   81241488 bytes,   81241488 total
[2024-02-06T12:57:14.472+0000][1536][gc,age      ] GC(662) - age   2:   71998576 bytes,  153240064 total
[2024-02-06T12:57:14.472+0000][1536][gc,heap     ] GC(662) Eden regions: 505->0(11)
[2024-02-06T12:57:14.472+0000][1536][gc,heap     ] GC(662) Survivor regions: 40->39(69)
[2024-02-06T12:57:14.472+0000][1536][gc,heap     ] GC(662) Old regions: 244->259
[2024-02-06T12:57:14.472+0000][1536][gc,heap     ] GC(662) Archive regions: 0->0
[2024-02-06T12:57:14.472+0000][1536][gc,heap     ] GC(662) Humongous regions: 2->2
[2024-02-06T12:57:14.472+0000][1536][gc,metaspace] GC(662) Metaspace: 132341K(138240K)->132341K(138240K) NonClass: 115290K(118976K)->115290K(118976K) Class: 17051K(19264K)->17051K(19264K)
[2024-02-06T12:57:14.472+0000][1536][gc          ] GC(662) Pause Young (Prepare Mixed) (G1 Evacuation Pause) 3160M->1197M(4040M) 87.972ms
[2024-02-06T12:57:14.472+0000][1536][gc,cpu      ] GC(662) User=0.64s Sys=0.06s Real=0.09s
[2024-02-06T12:57:14.473+0000][1536][safepoint   ] Safepoint "G1CollectForAllocation", Time since last: 34000313500 ns, Reaching safepoint: 176500 ns, At safepoint: 88254400 ns, Total: 88430900 ns
[2024-02-06T12:57:14.688+0000][1536][gc,start    ] GC(663) Pause Young (Mixed) (G1 Evacuation Pause)
[2024-02-06T12:57:14.688+0000][1536][gc,task     ] GC(663) Using 8 workers of 8 for evacuation
[2024-02-06T12:57:14.688+0000][1536][gc,age      ] GC(663) Desired survivor size 14680064 bytes, new threshold 1 (max threshold 15)
[2024-02-06T12:57:14.819+0000][1536][gc,phases   ] GC(663)   Pre Evacuate Collection Set: 0.2ms
[2024-02-06T12:57:14.819+0000][1536][gc,phases   ] GC(663)   Merge Heap Roots: 0.3ms
[2024-02-06T12:57:14.819+0000][1536][gc,phases   ] GC(663)   Evacuate Collection Set: 137.1ms
[2024-02-06T12:57:14.819+0000][1536][gc,phases   ] GC(663)   Post Evacuate Collection Set: 3.2ms
[2024-02-06T12:57:14.819+0000][1536][gc,phases   ] GC(663)   Other: 0.8ms
[2024-02-06T12:57:14.819+0000][1536][gc,age      ] GC(663) Age table with threshold 1 (max threshold 15)
[2024-02-06T12:57:14.819+0000][1536][gc,age      ] GC(663) - age   1:    1698544 bytes,    1698544 total
[2024-02-06T12:57:14.819+0000][1536][gc,heap     ] GC(663) Eden regions: 11->0(545)
[2024-02-06T12:57:14.819+0000][1536][gc,heap     ] GC(663) Survivor regions: 39->4(7)
[2024-02-06T12:57:14.819+0000][1536][gc,heap     ] GC(663) Old regions: 259->232
[2024-02-06T12:57:14.819+0000][1536][gc,heap     ] GC(663) Archive regions: 0->0
[2024-02-06T12:57:14.819+0000][1536][gc,heap     ] GC(663) Humongous regions: 2->2
[2024-02-06T12:57:14.819+0000][1536][gc,metaspace] GC(663) Metaspace: 132341K(138240K)->132341K(138240K) NonClass: 115290K(118976K)->115290K(118976K) Class: 17051K(19264K)->17051K(19264K)
[2024-02-06T12:57:14.819+0000][1536][gc          ] GC(663) Pause Young (Mixed) (G1 Evacuation Pause) 1241M->951M(4040M) 142.111ms
[2024-02-06T12:57:14.819+0000][1536][gc,cpu      ] GC(663) User=0.30s Sys=0.41s Real=0.13s
[2024-02-06T12:57:14.819+0000][1536][safepoint   ] Safepoint "G1CollectForAllocation", Time since last: 200964600 ns, Reaching safepoint: 14116400 ns, At safepoint: 142658400 ns, Total: 156774800 ns
[2024-02-06T12:57:56.183+0000][1536][gc,start    ] GC(664) Pause Young (Normal) (G1 Evacuation Pause)
[2024-02-06T12:57:56.183+0000][1536][gc,task     ] GC(664) Using 8 workers of 8 for evacuation
[2024-02-06T12:57:56.183+0000][1536][gc,age      ] GC(664) Desired survivor size 144703488 bytes, new threshold 15 (max threshold 15)
[2024-02-06T12:57:56.228+0000][1536][gc,phases   ] GC(664)   Pre Evacuate Collection Set: 0.3ms
[2024-02-06T12:57:56.228+0000][1536][gc,phases   ] GC(664)   Merge Heap Roots: 0.3ms
[2024-02-06T12:57:56.228+0000][1536][gc,phases   ] GC(664)   Evacuate Collection Set: 44.4ms
[2024-02-06T12:57:56.228+0000][1536][gc,phases   ] GC(664)   Post Evacuate Collection Set: 1.6ms
[2024-02-06T12:57:56.228+0000][1536][gc,phases   ] GC(664)   Other: 0.3ms
[2024-02-06T12:57:56.228+0000][1536][gc,age      ] GC(664) Age table with threshold 15 (max threshold 15)
[2024-02-06T12:57:56.228+0000][1536][gc,age      ] GC(664) - age   1:   97350200 bytes,   97350200 total
[2024-02-06T12:57:56.228+0000][1536][gc,age      ] GC(664) - age   2:     859904 bytes,   98210104 total
[2024-02-06T12:57:56.228+0000][1536][gc,heap     ] GC(664) Eden regions: 545->0(527)
[2024-02-06T12:57:56.228+0000][1536][gc,heap     ] GC(664) Survivor regions: 4->25(69)
[2024-02-06T12:57:56.228+0000][1536][gc,heap     ] GC(664) Old regions: 232->232
[2024-02-06T12:57:56.228+0000][1536][gc,heap     ] GC(664) Archive regions: 0->0
[2024-02-06T12:57:56.228+0000][1536][gc,heap     ] GC(664) Humongous regions: 2->2
[2024-02-06T12:57:56.228+0000][1536][gc,metaspace] GC(664) Metaspace: 132341K(138240K)->132341K(138240K) NonClass: 115290K(118976K)->115290K(118976K) Class: 17051K(19264K)->17051K(19264K)
[2024-02-06T12:57:56.228+0000][1536][gc          ] GC(664) Pause Young (Normal) (G1 Evacuation Pause) 3131M->1035M(4040M) 47.355ms
[2024-02-06T12:57:56.228+0000][1536][gc,cpu      ] GC(664) User=0.34s Sys=0.00s Real=0.04s
[2024-02-06T12:57:56.228+0000][1536][safepoint   ] Safepoint "G1CollectForAllocation", Time since last: 41351961500 ns, Reaching safepoint: 125800 ns, At safepoint: 47666900 ns, Total: 47792700 ns
[2024-02-06T12:58:21.695+0000][1536][gc,start    ] GC(665) Pause Young (Normal) (G1 Evacuation Pause)
[2024-02-06T12:58:21.695+0000][1536][gc,task     ] GC(665) Using 8 workers of 8 for evacuation
[2024-02-06T12:58:21.695+0000][1536][gc,age      ] GC(665) Desired survivor size 144703488 bytes, new threshold 15 (max threshold 15)
[2024-02-06T12:58:21.764+0000][1536][gc,phases   ] GC(665)   Pre Evacuate Collection Set: 0.2ms
[2024-02-06T12:58:21.764+0000][1536][gc,phases   ] GC(665)   Merge Heap Roots: 0.3ms
[2024-02-06T12:58:21.764+0000][1536][gc,phases   ] GC(665)   Evacuate Collection Set: 67.9ms
[2024-02-06T12:58:21.764+0000][1536][gc,phases   ] GC(665)   Post Evacuate Collection Set: 1.3ms
[2024-02-06T12:58:21.764+0000][1536][gc,phases   ] GC(665)   Other: 0.3ms
[2024-02-06T12:58:21.764+0000][1536][gc,age      ] GC(665) Age table with threshold 15 (max threshold 15)
[2024-02-06T12:58:21.764+0000][1536][gc,age      ] GC(665) - age   1:   91146992 bytes,   91146992 total
[2024-02-06T12:58:21.765+0000][1536][gc,age      ] GC(665) - age   2:   78174784 bytes,  169321776 total
[2024-02-06T12:58:21.765+0000][1536][gc,age      ] GC(665) - age   3:     695904 bytes,  170017680 total
[2024-02-06T12:58:21.765+0000][1536][gc,heap     ] GC(665) Eden regions: 527->0(512)
[2024-02-06T12:58:21.765+0000][1536][gc,heap     ] GC(665) Survivor regions: 25->43(69)
[2024-02-06T12:58:21.765+0000][1536][gc,heap     ] GC(665) Old regions: 232->232
[2024-02-06T12:58:21.765+0000][1536][gc,heap     ] GC(665) Archive regions: 0->0
[2024-02-06T12:58:21.765+0000][1536][gc,heap     ] GC(665) Humongous regions: 2->2
[2024-02-06T12:58:21.765+0000][1536][gc,metaspace] GC(665) Metaspace: 132341K(138240K)->132341K(138240K) NonClass: 115290K(118976K)->115290K(118976K) Class: 17051K(19264K)->17051K(19264K)
[2024-02-06T12:58:21.765+0000][1536][gc          ] GC(665) Pause Young (Normal) (G1 Evacuation Pause) 3143M->1107M(4040M) 70.569ms
[2024-02-06T12:58:21.765+0000][1536][gc,cpu      ] GC(665) User=0.45s Sys=0.00s Real=0.07s
[2024-02-06T12:58:21.765+0000][1536][safepoint   ] Safepoint "G1CollectForAllocation", Time since last: 25464187900 ns, Reaching safepoint: 173300 ns, At safepoint: 70735600 ns, Total: 70908900 ns
[2024-02-06T12:58:43.356+0000][1536][gc,start    ] GC(666) Pause Young (Concurrent Start) (G1 Evacuation Pause)
[2024-02-06T12:58:43.356+0000][1536][gc,task     ] GC(666) Using 8 workers of 8 for evacuation
[2024-02-06T12:58:43.356+0000][1536][gc,age      ] GC(666) Desired survivor size 146800640 bytes, new threshold 2 (max threshold 15)
[2024-02-06T12:58:43.440+0000][1536][gc,phases   ] GC(666)   Pre Evacuate Collection Set: 0.4ms
[2024-02-06T12:58:43.440+0000][1536][gc,phases   ] GC(666)   Merge Heap Roots: 0.3ms
[2024-02-06T12:58:43.440+0000][1536][gc,phases   ] GC(666)   Evacuate Collection Set: 81.3ms
[2024-02-06T12:58:43.440+0000][1536][gc,phases   ] GC(666)   Post Evacuate Collection Set: 1.6ms
[2024-02-06T12:58:43.440+0000][1536][gc,phases   ] GC(666)   Other: 0.1ms
[2024-02-06T12:58:43.440+0000][1536][gc,age      ] GC(666) Age table with threshold 2 (max threshold 15)
[2024-02-06T12:58:43.440+0000][1536][gc,age      ] GC(666) - age   1:   88807456 bytes,   88807456 total
[2024-02-06T12:58:43.440+0000][1536][gc,age      ] GC(666) - age   2:   75384104 bytes,  164191560 total
[2024-02-06T12:58:43.440+0000][1536][gc,heap     ] GC(666) Eden regions: 512->0(499)
[2024-02-06T12:58:43.440+0000][1536][gc,heap     ] GC(666) Survivor regions: 43->42(70)
[2024-02-06T12:58:43.440+0000][1536][gc,heap     ] GC(666) Old regions: 232->248
[2024-02-06T12:58:43.440+0000][1536][gc,heap     ] GC(666) Archive regions: 0->0
[2024-02-06T12:58:43.440+0000][1536][gc,heap     ] GC(666) Humongous regions: 2->2
[2024-02-06T12:58:43.440+0000][1536][gc,metaspace] GC(666) Metaspace: 132341K(138240K)->132341K(138240K) NonClass: 115290K(118976K)->115290K(118976K) Class: 17051K(19264K)->17051K(19264K)
[2024-02-06T12:58:43.441+0000][1536][gc          ] GC(666) Pause Young (Concurrent Start) (G1 Evacuation Pause) 3155M->1164M(4040M) 84.156ms
[2024-02-06T12:58:43.441+0000][1536][gc          ] GC(667) Concurrent Mark Cycle
[2024-02-06T12:58:43.441+0000][1536][gc,cpu      ] GC(666) User=0.67s Sys=0.06s Real=0.09s
[2024-02-06T12:58:43.441+0000][1536][gc,marking  ] GC(667) Concurrent Clear Claimed Marks
[2024-02-06T12:58:43.441+0000][1536][safepoint   ] Safepoint "G1CollectForAllocation", Time since last: 21590602000 ns, Reaching safepoint: 97500 ns, At safepoint: 84451600 ns, Total: 84549100 ns
[2024-02-06T12:58:43.441+0000][1536][gc,marking  ] GC(667) Concurrent Clear Claimed Marks 0.273ms
[2024-02-06T12:58:43.441+0000][1536][gc,marking  ] GC(667) Concurrent Scan Root Regions
[2024-02-06T12:58:43.517+0000][1536][gc,marking  ] GC(667) Concurrent Scan Root Regions 77.148ms
[2024-02-06T12:58:43.517+0000][1536][gc,marking  ] GC(667) Concurrent Mark
[2024-02-06T12:58:43.517+0000][1536][gc,marking  ] GC(667) Concurrent Mark From Roots
[2024-02-06T12:58:43.517+0000][1536][gc,task     ] GC(667) Using 2 workers of 2 for marking
[2024-02-06T12:58:43.844+0000][1536][gc,marking  ] GC(667) Concurrent Mark From Roots 338.454ms
[2024-02-06T12:58:43.844+0000][1536][gc,marking  ] GC(667) Concurrent Preclean
[2024-02-06T12:58:43.844+0000][1536][gc,marking  ] GC(667) Concurrent Preclean 1.017ms
[2024-02-06T12:58:43.844+0000][1536][gc,start    ] GC(667) Pause Remark
[2024-02-06T12:58:43.880+0000][1536][gc          ] GC(667) Pause Remark 1248M->1248M(4040M) 22.710ms
[2024-02-06T12:58:43.880+0000][1536][gc,cpu      ] GC(667) User=0.14s Sys=0.00s Real=0.04s
[2024-02-06T12:58:43.880+0000][1536][safepoint   ] Safepoint "G1Concurrent", Time since last: 416988700 ns, Reaching safepoint: 111000 ns, At safepoint: 22887100 ns, Total: 22998100 ns
[2024-02-06T12:58:43.880+0000][1536][gc,marking  ] GC(667) Concurrent Mark 362.668ms
[2024-02-06T12:58:43.880+0000][1536][gc,marking  ] GC(667) Concurrent Rebuild Remembered Sets
[2024-02-06T12:58:44.142+0000][1536][gc,marking  ] GC(667) Concurrent Rebuild Remembered Sets 261.908ms
[2024-02-06T12:58:44.143+0000][1536][gc,start    ] GC(667) Pause Cleanup
[2024-02-06T12:58:44.143+0000][1536][gc          ] GC(667) Pause Cleanup 1290M->1290M(4040M) 0.781ms
[2024-02-06T12:58:44.143+0000][1536][gc,cpu      ] GC(667) User=0.00s Sys=0.00s Real=0.00s
[2024-02-06T12:58:44.143+0000][1536][safepoint   ] Safepoint "G1Concurrent", Time since last: 262164900 ns, Reaching safepoint: 83400 ns, At safepoint: 915800 ns, Total: 999200 ns
[2024-02-06T12:58:44.143+0000][1536][gc,marking  ] GC(667) Concurrent Cleanup for Next Mark
[2024-02-06T12:58:44.154+0000][1536][gc,marking  ] GC(667) Concurrent Cleanup for Next Mark 9.654ms
[2024-02-06T12:58:44.154+0000][1536][gc          ] GC(667) Concurrent Mark Cycle 713.157ms
[2024-02-06T12:59:03.374+0000][1536][gc,start    ] GC(668) Pause Young (Prepare Mixed) (G1 Evacuation Pause)
[2024-02-06T12:59:03.374+0000][1536][gc,task     ] GC(668) Using 8 workers of 8 for evacuation
[2024-02-06T12:59:03.374+0000][1536][gc,age      ] GC(668) Desired survivor size 142606336 bytes, new threshold 2 (max threshold 15)
[2024-02-06T12:59:03.453+0000][1536][gc,phases   ] GC(668)   Pre Evacuate Collection Set: 0.3ms
[2024-02-06T12:59:03.453+0000][1536][gc,phases   ] GC(668)   Merge Heap Roots: 0.3ms
[2024-02-06T12:59:03.454+0000][1536][gc,phases   ] GC(668)   Evacuate Collection Set: 76.2ms
[2024-02-06T12:59:03.454+0000][1536][gc,phases   ] GC(668)   Post Evacuate Collection Set: 1.3ms
[2024-02-06T12:59:03.454+0000][1536][gc,phases   ] GC(668)   Other: 0.7ms
[2024-02-06T12:59:03.454+0000][1536][gc,age      ] GC(668) Age table with threshold 2 (max threshold 15)
[2024-02-06T12:59:03.454+0000][1536][gc,age      ] GC(668) - age   1:   69449544 bytes,   69449544 total
[2024-02-06T12:59:03.454+0000][1536][gc,age      ] GC(668) - age   2:   77732048 bytes,  147181592 total
[2024-02-06T12:59:03.454+0000][1536][gc,heap     ] GC(668) Eden regions: 499->0(12)
[2024-02-06T12:59:03.454+0000][1536][gc,heap     ] GC(668) Survivor regions: 42->38(68)
[2024-02-06T12:59:03.454+0000][1536][gc,heap     ] GC(668) Old regions: 248->264
[2024-02-06T12:59:03.454+0000][1536][gc,heap     ] GC(668) Archive regions: 0->0
[2024-02-06T12:59:03.454+0000][1536][gc,heap     ] GC(668) Humongous regions: 2->2
[2024-02-06T12:59:03.454+0000][1536][gc,metaspace] GC(668) Metaspace: 132345K(138240K)->132345K(138240K) NonClass: 115294K(118976K)->115294K(118976K) Class: 17051K(19264K)->17051K(19264K)
[2024-02-06T12:59:03.454+0000][1536][gc          ] GC(668) Pause Young (Prepare Mixed) (G1 Evacuation Pause) 3160M->1212M(4040M) 79.355ms
[2024-02-06T12:59:03.454+0000][1536][gc,cpu      ] GC(668) User=0.55s Sys=0.05s Real=0.08s
[2024-02-06T12:59:03.454+0000][1536][safepoint   ] Safepoint "G1CollectForAllocation", Time since last: 19230328600 ns, Reaching safepoint: 134900 ns, At safepoint: 79789300 ns, Total: 79924200 ns
[2024-02-06T12:59:03.734+0000][1536][gc,start    ] GC(669) Pause Young (Mixed) (G1 Evacuation Pause)
[2024-02-06T12:59:03.734+0000][1536][gc,task     ] GC(669) Using 8 workers of 8 for evacuation
[2024-02-06T12:59:03.734+0000][1536][gc,age      ] GC(669) Desired survivor size 14680064 bytes, new threshold 1 (max threshold 15)
[2024-02-06T12:59:03.921+0000][1536][gc,phases   ] GC(669)   Pre Evacuate Collection Set: 0.3ms
[2024-02-06T12:59:03.921+0000][1536][gc,phases   ] GC(669)   Merge Heap Roots: 0.5ms
[2024-02-06T12:59:03.921+0000][1536][gc,phases   ] GC(669)   Evacuate Collection Set: 183.2ms
[2024-02-06T12:59:03.921+0000][1536][gc,phases   ] GC(669)   Post Evacuate Collection Set: 1.8ms
[2024-02-06T12:59:03.921+0000][1536][gc,phases   ] GC(669)   Other: 1.1ms
[2024-02-06T12:59:03.921+0000][1536][gc,age      ] GC(669) Age table with threshold 1 (max threshold 15)
[2024-02-06T12:59:03.921+0000][1536][gc,age      ] GC(669) - age   1:    1255368 bytes,    1255368 total
[2024-02-06T12:59:03.921+0000][1536][gc,heap     ] GC(669) Eden regions: 12->0(547)
[2024-02-06T12:59:03.921+0000][1536][gc,heap     ] GC(669) Survivor regions: 38->4(7)
[2024-02-06T12:59:03.922+0000][1536][gc,heap     ] GC(669) Old regions: 264->232
[2024-02-06T12:59:03.922+0000][1536][gc,heap     ] GC(669) Archive regions: 0->0
[2024-02-06T12:59:03.922+0000][1536][gc,heap     ] GC(669) Humongous regions: 2->2
[2024-02-06T12:59:03.922+0000][1536][gc,metaspace] GC(669) Metaspace: 132345K(138240K)->132345K(138240K) NonClass: 115294K(118976K)->115294K(118976K) Class: 17051K(19264K)->17051K(19264K)
[2024-02-06T12:59:03.922+0000][1536][gc          ] GC(669) Pause Young (Mixed) (G1 Evacuation Pause) 1260M->950M(4040M) 187.439ms
[2024-02-06T12:59:03.922+0000][1536][gc,cpu      ] GC(669) User=0.58s Sys=0.48s Real=0.19s
[2024-02-06T12:59:03.922+0000][1536][safepoint   ] Safepoint "G1CollectForAllocation", Time since last: 277584200 ns, Reaching safepoint: 2784500 ns, At safepoint: 188260400 ns, Total: 191044900 ns
[2024-02-06T12:59:42.018+0000][1536][gc,start    ] GC(670) Pause Young (Normal) (G1 Evacuation Pause)
[2024-02-06T12:59:42.018+0000][1536][gc,task     ] GC(670) Using 8 workers of 8 for evacuation
[2024-02-06T12:59:42.018+0000][1536][gc,age      ] GC(670) Desired survivor size 144703488 bytes, new threshold 15 (max threshold 15)
[2024-02-06T12:59:42.073+0000][1536][gc,phases   ] GC(670)   Pre Evacuate Collection Set: 0.2ms
[2024-02-06T12:59:42.073+0000][1536][gc,phases   ] GC(670)   Merge Heap Roots: 0.3ms
[2024-02-06T12:59:42.073+0000][1536][gc,phases   ] GC(670)   Evacuate Collection Set: 45.0ms
[2024-02-06T12:59:42.073+0000][1536][gc,phases   ] GC(670)   Post Evacuate Collection Set: 1.4ms
[2024-02-06T12:59:42.073+0000][1536][gc,phases   ] GC(670)   Other: 0.3ms
[2024-02-06T12:59:42.073+0000][1536][gc,age      ] GC(670) Age table with threshold 15 (max threshold 15)
[2024-02-06T12:59:42.073+0000][1536][gc,age      ] GC(670) - age   1:   97313504 bytes,   97313504 total
[2024-02-06T12:59:42.073+0000][1536][gc,age      ] GC(670) - age   2:     867512 bytes,   98181016 total
[2024-02-06T12:59:42.073+0000][1536][gc,heap     ] GC(670) Eden regions: 547->0(529)
[2024-02-06T12:59:42.073+0000][1536][gc,heap     ] GC(670) Survivor regions: 4->25(69)
[2024-02-06T12:59:42.073+0000][1536][gc,heap     ] GC(670) Old regions: 232->232
[2024-02-06T12:59:42.073+0000][1536][gc,heap     ] GC(670) Archive regions: 0->0
[2024-02-06T12:59:42.073+0000][1536][gc,heap     ] GC(670) Humongous regions: 2->2
[2024-02-06T12:59:42.073+0000][1536][gc,metaspace] GC(670) Metaspace: 132345K(138240K)->132345K(138240K) NonClass: 115294K(118976K)->115294K(118976K) Class: 17051K(19264K)->17051K(19264K)
[2024-02-06T12:59:42.073+0000][1536][gc          ] GC(670) Pause Young (Normal) (G1 Evacuation Pause) 3138M->1032M(4040M) 47.891ms
[2024-02-06T12:59:42.073+0000][1536][gc,cpu      ] GC(670) User=0.27s Sys=0.03s Real=0.06s
[2024-02-06T12:59:42.073+0000][1536][safepoint   ] Safepoint "G1CollectForAllocation", Time since last: 38104166900 ns, Reaching safepoint: 169200 ns, At safepoint: 48156800 ns, Total: 48326000 ns
[2024-02-06T13:00:07.503+0000][1536][gc,start    ] GC(671) Pause Young (Normal) (G1 Evacuation Pause)
[2024-02-06T13:00:07.503+0000][1536][gc,task     ] GC(671) Using 8 workers of 8 for evacuation
[2024-02-06T13:00:07.503+0000][1536][gc,age      ] GC(671) Desired survivor size 146800640 bytes, new threshold 15 (max threshold 15)
[2024-02-06T13:00:07.572+0000][1536][gc,phases   ] GC(671)   Pre Evacuate Collection Set: 0.3ms
[2024-02-06T13:00:07.572+0000][1536][gc,phases   ] GC(671)   Merge Heap Roots: 0.3ms
[2024-02-06T13:00:07.572+0000][1536][gc,phases   ] GC(671)   Evacuate Collection Set: 63.1ms
[2024-02-06T13:00:07.572+0000][1536][gc,phases   ] GC(671)   Post Evacuate Collection Set: 1.2ms
[2024-02-06T13:00:07.572+0000][1536][gc,phases   ] GC(671)   Other: 1.0ms
[2024-02-06T13:00:07.572+0000][1536][gc,age      ] GC(671) Age table with threshold 15 (max threshold 15)
[2024-02-06T13:00:07.572+0000][1536][gc,age      ] GC(671) - age   1:   89051768 bytes,   89051768 total
[2024-02-06T13:00:07.572+0000][1536][gc,age      ] GC(671) - age   2:   80725120 bytes,  169776888 total
[2024-02-06T13:00:07.572+0000][1536][gc,age      ] GC(671) - age   3:     635864 bytes,  170412752 total
[2024-02-06T13:00:07.572+0000][1536][gc,heap     ] GC(671) Eden regions: 529->0(513)
[2024-02-06T13:00:07.572+0000][1536][gc,heap     ] GC(671) Survivor regions: 25->43(70)
[2024-02-06T13:00:07.572+0000][1536][gc,heap     ] GC(671) Old regions: 232->232
[2024-02-06T13:00:07.572+0000][1536][gc,heap     ] GC(671) Archive regions: 0->0
[2024-02-06T13:00:07.572+0000][1536][gc,heap     ] GC(671) Humongous regions: 2->2
[2024-02-06T13:00:07.572+0000][1536][gc,metaspace] GC(671) Metaspace: 132347K(138240K)->132347K(138240K) NonClass: 115296K(118976K)->115296K(118976K) Class: 17051K(19264K)->17051K(19264K)
[2024-02-06T13:00:07.573+0000][1536][gc          ] GC(671) Pause Young (Normal) (G1 Evacuation Pause) 3148M->1105M(4040M) 66.458ms
[2024-02-06T13:00:07.573+0000][1536][gc,cpu      ] GC(671) User=0.34s Sys=0.02s Real=0.07s
[2024-02-06T13:00:07.573+0000][1536][safepoint   ] Safepoint "G1CollectForAllocation", Time since last: 25431139000 ns, Reaching safepoint: 102900 ns, At safepoint: 66728400 ns, Total: 66831300 ns
[2024-02-06T13:00:29.914+0000][1536][gc,start    ] GC(672) Pause Young (Concurrent Start) (G1 Evacuation Pause)
[2024-02-06T13:00:29.914+0000][1536][gc,task     ] GC(672) Using 8 workers of 8 for evacuation
[2024-02-06T13:00:29.914+0000][1536][gc,age      ] GC(672) Desired survivor size 146800640 bytes, new threshold 2 (max threshold 15)
[2024-02-06T13:00:30.035+0000][1536][gc,phases   ] GC(672)   Pre Evacuate Collection Set: 0.6ms
[2024-02-06T13:00:30.035+0000][1536][gc,phases   ] GC(672)   Merge Heap Roots: 0.3ms
[2024-02-06T13:00:30.035+0000][1536][gc,phases   ] GC(672)   Evacuate Collection Set: 106.7ms
[2024-02-06T13:00:30.035+0000][1536][gc,phases   ] GC(672)   Post Evacuate Collection Set: 1.7ms
[2024-02-06T13:00:30.035+0000][1536][gc,phases   ] GC(672)   Other: 3.0ms
[2024-02-06T13:00:30.036+0000][1536][gc,age      ] GC(672) Age table with threshold 2 (max threshold 15)
[2024-02-06T13:00:30.036+0000][1536][gc,age      ] GC(672) - age   1:   88272576 bytes,   88272576 total
[2024-02-06T13:00:30.036+0000][1536][gc,age      ] GC(672) - age   2:   75194600 bytes,  163467176 total
[2024-02-06T13:00:30.036+0000][1536][gc,heap     ] GC(672) Eden regions: 513->0(500)
[2024-02-06T13:00:30.036+0000][1536][gc,heap     ] GC(672) Survivor regions: 43->42(70)
[2024-02-06T13:00:30.036+0000][1536][gc,heap     ] GC(672) Old regions: 232->248
[2024-02-06T13:00:30.036+0000][1536][gc,heap     ] GC(672) Archive regions: 0->0
[2024-02-06T13:00:30.036+0000][1536][gc,heap     ] GC(672) Humongous regions: 2->2
[2024-02-06T13:00:30.036+0000][1536][gc,metaspace] GC(672) Metaspace: 132347K(138240K)->132347K(138240K) NonClass: 115296K(118976K)->115296K(118976K) Class: 17051K(19264K)->17051K(19264K)
[2024-02-06T13:00:30.036+0000][1536][gc          ] GC(672) Pause Young (Concurrent Start) (G1 Evacuation Pause) 3157M->1164M(4040M) 112.785ms
[2024-02-06T13:00:30.036+0000][1536][gc,cpu      ] GC(672) User=0.34s Sys=0.25s Real=0.12s
[2024-02-06T13:00:30.036+0000][1536][gc          ] GC(673) Concurrent Mark Cycle
[2024-02-06T13:00:30.036+0000][1536][gc,marking  ] GC(673) Concurrent Clear Claimed Marks
[2024-02-06T13:00:30.036+0000][1536][safepoint   ] Safepoint "G1CollectForAllocation", Time since last: 22350071100 ns, Reaching safepoint: 94900 ns, At safepoint: 112993000 ns, Total: 113087900 ns
[2024-02-06T13:00:30.037+0000][1536][gc,marking  ] GC(673) Concurrent Clear Claimed Marks 0.670ms
[2024-02-06T13:00:30.059+0000][1536][gc,marking  ] GC(673) Concurrent Scan Root Regions
[2024-02-06T13:00:30.202+0000][1536][gc,marking  ] GC(673) Concurrent Scan Root Regions 143.571ms
[2024-02-06T13:00:30.202+0000][1536][gc,marking  ] GC(673) Concurrent Mark
[2024-02-06T13:00:30.202+0000][1536][gc,marking  ] GC(673) Concurrent Mark From Roots
[2024-02-06T13:00:30.202+0000][1536][gc,task     ] GC(673) Using 2 workers of 2 for marking
[2024-02-06T13:00:31.161+0000][1536][gc,marking  ] GC(673) Concurrent Mark From Roots 966.273ms
[2024-02-06T13:00:31.161+0000][1536][gc,marking  ] GC(673) Concurrent Preclean
[2024-02-06T13:00:31.161+0000][1536][gc,marking  ] GC(673) Concurrent Preclean 1.020ms
[2024-02-06T13:00:31.161+0000][1536][gc,start    ] GC(673) Pause Remark
[2024-02-06T13:00:31.354+0000][1536][gc          ] GC(673) Pause Remark 1260M->1256M(4040M) 196.839ms
[2024-02-06T13:00:31.354+0000][1536][gc,cpu      ] GC(673) User=0.19s Sys=0.14s Real=0.19s
[2024-02-06T13:00:31.369+0000][1536][safepoint   ] Safepoint "G1Concurrent", Time since last: 1133365900 ns, Reaching safepoint: 114400 ns, At safepoint: 199041900 ns, Total: 199156300 ns
[2024-02-06T13:00:31.369+0000][1536][gc,marking  ] GC(673) Concurrent Mark 1166.836ms
[2024-02-06T13:00:31.369+0000][1536][gc,marking  ] GC(673) Concurrent Rebuild Remembered Sets
[2024-02-06T13:00:31.644+0000][1536][gc,marking  ] GC(673) Concurrent Rebuild Remembered Sets 274.688ms
[2024-02-06T13:00:31.644+0000][1536][gc,start    ] GC(673) Pause Cleanup
[2024-02-06T13:00:31.645+0000][1536][gc          ] GC(673) Pause Cleanup 1288M->1288M(4040M) 1.022ms
[2024-02-06T13:00:31.645+0000][1536][gc,cpu      ] GC(673) User=0.00s Sys=0.00s Real=0.00s
[2024-02-06T13:00:31.645+0000][1536][safepoint   ] Safepoint "G1Concurrent", Time since last: 275112900 ns, Reaching safepoint: 37900 ns, At safepoint: 1126700 ns, Total: 1164600 ns
[2024-02-06T13:00:31.645+0000][1536][gc,marking  ] GC(673) Concurrent Cleanup for Next Mark
[2024-02-06T13:00:31.794+0000][1536][gc,marking  ] GC(673) Concurrent Cleanup for Next Mark 148.785ms
[2024-02-06T13:00:31.794+0000][1536][gc          ] GC(673) Concurrent Mark Cycle 1757.829ms
[2024-02-06T13:00:52.444+0000][1536][gc,start    ] GC(674) Pause Young (Prepare Mixed) (G1 Evacuation Pause)
[2024-02-06T13:00:52.444+0000][1536][gc,task     ] GC(674) Using 8 workers of 8 for evacuation
[2024-02-06T13:00:52.444+0000][1536][gc,age      ] GC(674) Desired survivor size 142606336 bytes, new threshold 2 (max threshold 15)
[2024-02-06T13:00:52.624+0000][1536][gc,phases   ] GC(674)   Pre Evacuate Collection Set: 0.6ms
[2024-02-06T13:00:52.624+0000][1536][gc,phases   ] GC(674)   Merge Heap Roots: 0.7ms
[2024-02-06T13:00:52.624+0000][1536][gc,phases   ] GC(674)   Evacuate Collection Set: 166.7ms
[2024-02-06T13:00:52.624+0000][1536][gc,phases   ] GC(674)   Post Evacuate Collection Set: 1.9ms
[2024-02-06T13:00:52.624+0000][1536][gc,phases   ] GC(674)   Other: 3.3ms
[2024-02-06T13:00:52.624+0000][1536][gc,age      ] GC(674) Age table with threshold 2 (max threshold 15)
[2024-02-06T13:00:52.624+0000][1536][gc,age      ] GC(674) - age   1:   84551224 bytes,   84551224 total
[2024-02-06T13:00:52.624+0000][1536][gc,age      ] GC(674) - age   2:   73631240 bytes,  158182464 total
[2024-02-06T13:00:52.624+0000][1536][gc,heap     ] GC(674) Eden regions: 500->0(10)
[2024-02-06T13:00:52.624+0000][1536][gc,heap     ] GC(674) Survivor regions: 42->40(68)
[2024-02-06T13:00:52.624+0000][1536][gc,heap     ] GC(674) Old regions: 247->261
[2024-02-06T13:00:52.624+0000][1536][gc,heap     ] GC(674) Archive regions: 0->0
[2024-02-06T13:00:52.624+0000][1536][gc,heap     ] GC(674) Humongous regions: 2->2
[2024-02-06T13:00:52.624+0000][1536][gc,metaspace] GC(674) Metaspace: 132347K(138240K)->132347K(138240K) NonClass: 115296K(118976K)->115296K(118976K) Class: 17051K(19264K)->17051K(19264K)
[2024-02-06T13:00:52.624+0000][1536][gc          ] GC(674) Pause Young (Prepare Mixed) (G1 Evacuation Pause) 3160M->1206M(4040M) 173.856ms
[2024-02-06T13:00:52.624+0000][1536][gc,cpu      ] GC(674) User=0.50s Sys=0.28s Real=0.18s
[2024-02-06T13:00:52.624+0000][1536][safepoint   ] Safepoint "G1CollectForAllocation", Time since last: 20806684600 ns, Reaching safepoint: 253100 ns, At safepoint: 174089600 ns, Total: 174342700 ns
[2024-02-06T13:00:52.751+0000][1536][gc,start    ] GC(675) Pause Young (Mixed) (G1 Evacuation Pause)
[2024-02-06T13:00:52.751+0000][1536][gc,task     ] GC(675) Using 8 workers of 8 for evacuation
[2024-02-06T13:00:52.751+0000][1536][gc,age      ] GC(675) Desired survivor size 14680064 bytes, new threshold 1 (max threshold 15)
[2024-02-06T13:00:53.310+0000][1536][gc,mmu      ] GC(675) MMU target violated: 201.0ms (200.0ms/201.0ms)
[2024-02-06T13:00:53.310+0000][1536][gc,phases   ] GC(675)   Pre Evacuate Collection Set: 1.2ms
[2024-02-06T13:00:53.310+0000][1536][gc,phases   ] GC(675)   Merge Heap Roots: 0.9ms
[2024-02-06T13:00:53.310+0000][1536][gc,phases   ] GC(675)   Evacuate Collection Set: 545.5ms
[2024-02-06T13:00:53.310+0000][1536][gc,phases   ] GC(675)   Post Evacuate Collection Set: 2.0ms
[2024-02-06T13:00:53.310+0000][1536][gc,phases   ] GC(675)   Other: 4.5ms
[2024-02-06T13:00:53.310+0000][1536][gc,age      ] GC(675) Age table with threshold 1 (max threshold 15)
[2024-02-06T13:00:53.310+0000][1536][gc,age      ] GC(675) - age   1:    1847608 bytes,    1847608 total
[2024-02-06T13:00:53.310+0000][1536][gc,heap     ] GC(675) Eden regions: 10->0(546)
[2024-02-06T13:00:53.310+0000][1536][gc,heap     ] GC(675) Survivor regions: 40->4(7)
[2024-02-06T13:00:53.310+0000][1536][gc,heap     ] GC(675) Old regions: 261->233
[2024-02-06T13:00:53.310+0000][1536][gc,heap     ] GC(675) Archive regions: 0->0
[2024-02-06T13:00:53.310+0000][1536][gc,heap     ] GC(675) Humongous regions: 2->2
[2024-02-06T13:00:53.310+0000][1536][gc,metaspace] GC(675) Metaspace: 132347K(138240K)->132347K(138240K) NonClass: 115296K(118976K)->115296K(118976K) Class: 17051K(19264K)->17051K(19264K)
[2024-02-06T13:00:53.310+0000][1536][gc          ] GC(675) Pause Young (Mixed) (G1 Evacuation Pause) 1246M->953M(4040M) 554.320ms
[2024-02-06T13:00:53.310+0000][1536][gc,cpu      ] GC(675) User=0.39s Sys=2.72s Real=0.56s
[2024-02-06T13:00:53.311+0000][1536][safepoint   ] Safepoint "G1CollectForAllocation", Time since last: 129730700 ns, Reaching safepoint: 156200 ns, At safepoint: 554653100 ns, Total: 554809300 ns
[2024-02-06T13:01:25.858+0000][1536][gc,start    ] GC(676) Pause Young (Normal) (G1 Evacuation Pause)
[2024-02-06T13:01:25.858+0000][1536][gc,task     ] GC(676) Using 8 workers of 8 for evacuation
[2024-02-06T13:01:25.858+0000][1536][gc,age      ] GC(676) Desired survivor size 144703488 bytes, new threshold 15 (max threshold 15)
[2024-02-06T13:01:25.923+0000][1536][gc,phases   ] GC(676)   Pre Evacuate Collection Set: 0.6ms
[2024-02-06T13:01:25.923+0000][1536][gc,phases   ] GC(676)   Merge Heap Roots: 0.7ms
[2024-02-06T13:01:25.923+0000][1536][gc,phases   ] GC(676)   Evacuate Collection Set: 65.6ms
[2024-02-06T13:01:25.923+0000][1536][gc,phases   ] GC(676)   Post Evacuate Collection Set: 2.9ms
[2024-02-06T13:01:25.923+0000][1536][gc,phases   ] GC(676)   Other: 0.5ms
[2024-02-06T13:01:25.923+0000][1536][gc,age      ] GC(676) Age table with threshold 15 (max threshold 15)
[2024-02-06T13:01:25.923+0000][1536][gc,age      ] GC(676) - age   1:   90650392 bytes,   90650392 total
[2024-02-06T13:01:25.923+0000][1536][gc,age      ] GC(676) - age   2:     696440 bytes,   91346832 total
[2024-02-06T13:01:25.923+0000][1536][gc,heap     ] GC(676) Eden regions: 546->0(397)
[2024-02-06T13:01:25.923+0000][1536][gc,heap     ] GC(676) Survivor regions: 4->23(69)
[2024-02-06T13:01:25.923+0000][1536][gc,heap     ] GC(676) Old regions: 233->233
[2024-02-06T13:01:25.923+0000][1536][gc,heap     ] GC(676) Archive regions: 0->0
[2024-02-06T13:01:25.923+0000][1536][gc,heap     ] GC(676) Humongous regions: 2->2
[2024-02-06T13:01:25.923+0000][1536][gc,metaspace] GC(676) Metaspace: 132355K(138240K)->132355K(138240K) NonClass: 115303K(118976K)->115303K(118976K) Class: 17051K(19264K)->17051K(19264K)
[2024-02-06T13:01:25.923+0000][1536][gc          ] GC(676) Pause Young (Normal) (G1 Evacuation Pause) 3137M->1029M(4040M) 71.124ms
[2024-02-06T13:01:25.923+0000][1536][gc,cpu      ] GC(676) User=0.48s Sys=0.05s Real=0.07s
[2024-02-06T13:01:25.923+0000][1536][safepoint   ] Safepoint "G1CollectForAllocation", Time since last: 32548974400 ns, Reaching safepoint: 317100 ns, At safepoint: 71402300 ns, Total: 71719400 ns
[2024-02-06T13:01:53.764+0000][1536][gc,start    ] GC(677) Pause Young (Normal) (G1 Evacuation Pause)
[2024-02-06T13:01:53.764+0000][1536][gc,task     ] GC(677) Using 8 workers of 8 for evacuation
[2024-02-06T13:01:53.764+0000][1536][gc,age      ] GC(677) Desired survivor size 111149056 bytes, new threshold 15 (max threshold 15)
[2024-02-06T13:01:53.826+0000][1536][gc,phases   ] GC(677)   Pre Evacuate Collection Set: 0.2ms
[2024-02-06T13:01:53.826+0000][1536][gc,phases   ] GC(677)   Merge Heap Roots: 0.3ms
[2024-02-06T13:01:53.826+0000][1536][gc,phases   ] GC(677)   Evacuate Collection Set: 58.8ms
[2024-02-06T13:01:53.826+0000][1536][gc,phases   ] GC(677)   Post Evacuate Collection Set: 1.6ms
[2024-02-06T13:01:53.826+0000][1536][gc,phases   ] GC(677)   Other: 0.3ms
[2024-02-06T13:01:53.826+0000][1536][gc,age      ] GC(677) Age table with threshold 15 (max threshold 15)
[2024-02-06T13:01:53.826+0000][1536][gc,age      ] GC(677) - age   1:   69084848 bytes,   69084848 total
[2024-02-06T13:01:53.826+0000][1536][gc,age      ] GC(677) - age   2:   79935144 bytes,  149019992 total
[2024-02-06T13:01:53.826+0000][1536][gc,age      ] GC(677) - age   3:     656288 bytes,  149676280 total
[2024-02-06T13:01:53.827+0000][1536][gc,heap     ] GC(677) Eden regions: 397->0(266)
[2024-02-06T13:01:53.827+0000][1536][gc,heap     ] GC(677) Survivor regions: 23->38(53)
[2024-02-06T13:01:53.827+0000][1536][gc,heap     ] GC(677) Old regions: 233->233
[2024-02-06T13:01:53.827+0000][1536][gc,heap     ] GC(677) Archive regions: 0->0
[2024-02-06T13:01:53.827+0000][1536][gc,heap     ] GC(677) Humongous regions: 2->2
[2024-02-06T13:01:53.827+0000][1536][gc,metaspace] GC(677) Metaspace: 132355K(138240K)->132355K(138240K) NonClass: 115303K(118976K)->115303K(118976K) Class: 17051K(19264K)->17051K(19264K)
[2024-02-06T13:01:53.827+0000][1536][gc          ] GC(677) Pause Young (Normal) (G1 Evacuation Pause) 2617M->1088M(4040M) 61.754ms
[2024-02-06T13:01:53.827+0000][1536][gc,cpu      ] GC(677) User=0.42s Sys=0.00s Real=0.06s
[2024-02-06T13:01:53.827+0000][1536][safepoint   ] Safepoint "G1CollectForAllocation", Time since last: 27833537300 ns, Reaching safepoint: 95400 ns, At safepoint: 61981800 ns, Total: 62077200 ns
[2024-02-06T13:01:59.901+0000][1536][safepoint   ] Safepoint "Cleanup", Time since last: 6062665800 ns, Reaching safepoint: 11255700 ns, At safepoint: 87000 ns, Total: 11342700 ns
[2024-02-06T13:02:07.467+0000][1536][gc,start    ] GC(678) Pause Young (Normal) (G1 Evacuation Pause)
[2024-02-06T13:02:07.467+0000][1536][gc,task     ] GC(678) Using 8 workers of 8 for evacuation
[2024-02-06T13:02:07.467+0000][1536][gc,age      ] GC(678) Desired survivor size 79691776 bytes, new threshold 2 (max threshold 15)
[2024-02-06T13:02:07.566+0000][1536][gc,phases   ] GC(678)   Pre Evacuate Collection Set: 0.2ms
[2024-02-06T13:02:07.566+0000][1536][gc,phases   ] GC(678)   Merge Heap Roots: 0.3ms
[2024-02-06T13:02:07.566+0000][1536][gc,phases   ] GC(678)   Evacuate Collection Set: 90.7ms
[2024-02-06T13:02:07.566+0000][1536][gc,phases   ] GC(678)   Post Evacuate Collection Set: 1.2ms
[2024-02-06T13:02:07.566+0000][1536][gc,phases   ] GC(678)   Other: 0.2ms
[2024-02-06T13:02:07.566+0000][1536][gc,age      ] GC(678) Age table with threshold 2 (max threshold 15)
[2024-02-06T13:02:07.566+0000][1536][gc,age      ] GC(678) - age   1:   43129912 bytes,   43129912 total
[2024-02-06T13:02:07.566+0000][1536][gc,age      ] GC(678) - age   2:   62492360 bytes,  105622272 total
[2024-02-06T13:02:07.566+0000][1536][gc,heap     ] GC(678) Eden regions: 266->0(518)
[2024-02-06T13:02:07.566+0000][1536][gc,heap     ] GC(678) Survivor regions: 38->27(38)
[2024-02-06T13:02:07.566+0000][1536][gc,heap     ] GC(678) Old regions: 233->251
[2024-02-06T13:02:07.566+0000][1536][gc,heap     ] GC(678) Archive regions: 0->0
[2024-02-06T13:02:07.566+0000][1536][gc,heap     ] GC(678) Humongous regions: 2->2
[2024-02-06T13:02:07.566+0000][1536][gc,metaspace] GC(678) Metaspace: 132355K(138240K)->132355K(138240K) NonClass: 115303K(118976K)->115303K(118976K) Class: 17051K(19264K)->17051K(19264K)
[2024-02-06T13:02:07.566+0000][1536][gc          ] GC(678) Pause Young (Normal) (G1 Evacuation Pause) 2152M->1118M(4040M) 93.141ms
[2024-02-06T13:02:07.566+0000][1536][gc,cpu      ] GC(678) User=0.39s Sys=0.23s Real=0.10s
[2024-02-06T13:02:07.566+0000][1536][safepoint   ] Safepoint "G1CollectForAllocation", Time since last: 7573271900 ns, Reaching safepoint: 89400 ns, At safepoint: 93385200 ns, Total: 93474600 ns
[2024-02-06T13:02:44.338+0000][1536][gc,start    ] GC(679) Pause Young (Normal) (G1 Evacuation Pause)
[2024-02-06T13:02:44.338+0000][1536][gc,task     ] GC(679) Using 8 workers of 8 for evacuation
[2024-02-06T13:02:44.338+0000][1536][gc,age      ] GC(679) Desired survivor size 144703488 bytes, new threshold 15 (max threshold 15)
[2024-02-06T13:02:44.409+0000][1536][gc,phases   ] GC(679)   Pre Evacuate Collection Set: 0.3ms
[2024-02-06T13:02:44.409+0000][1536][gc,phases   ] GC(679)   Merge Heap Roots: 0.3ms
[2024-02-06T13:02:44.409+0000][1536][gc,phases   ] GC(679)   Evacuate Collection Set: 66.8ms
[2024-02-06T13:02:44.409+0000][1536][gc,phases   ] GC(679)   Post Evacuate Collection Set: 2.1ms
[2024-02-06T13:02:44.409+0000][1536][gc,phases   ] GC(679)   Other: 2.5ms
[2024-02-06T13:02:44.409+0000][1536][gc,age      ] GC(679) Age table with threshold 15 (max threshold 15)
[2024-02-06T13:02:44.409+0000][1536][gc,age      ] GC(679) - age   1:   91282888 bytes,   91282888 total
[2024-02-06T13:02:44.409+0000][1536][gc,age      ] GC(679) - age   2:   34134336 bytes,  125417224 total
[2024-02-06T13:02:44.409+0000][1536][gc,age      ] GC(679) - age   3:   51079784 bytes,  176497008 total
[2024-02-06T13:02:44.409+0000][1536][gc,heap     ] GC(679) Eden regions: 518->0(408)
[2024-02-06T13:02:44.409+0000][1536][gc,heap     ] GC(679) Survivor regions: 27->45(69)
[2024-02-06T13:02:44.409+0000][1536][gc,heap     ] GC(679) Old regions: 251->251
[2024-02-06T13:02:44.409+0000][1536][gc,heap     ] GC(679) Archive regions: 0->0
[2024-02-06T13:02:44.409+0000][1536][gc,heap     ] GC(679) Humongous regions: 2->2
[2024-02-06T13:02:44.409+0000][1536][gc,metaspace] GC(679) Metaspace: 132355K(138240K)->132355K(138240K) NonClass: 115303K(118976K)->115303K(118976K) Class: 17051K(19264K)->17051K(19264K)
[2024-02-06T13:02:44.409+0000][1536][gc          ] GC(679) Pause Young (Normal) (G1 Evacuation Pause) 3190M->1190M(4040M) 72.556ms
[2024-02-06T13:02:44.409+0000][1536][gc,cpu      ] GC(679) User=0.42s Sys=0.09s Real=0.07s
[2024-02-06T13:02:44.409+0000][1536][safepoint   ] Safepoint "G1CollectForAllocation", Time since last: 36770223700 ns, Reaching safepoint: 127400 ns, At safepoint: 72743200 ns, Total: 72870600 ns
[2024-02-06T13:03:00.635+0000][1536][safepoint   ] Safepoint "Cleanup", Time since last: 16121410900 ns, Reaching safepoint: 101604000 ns, At safepoint: 959800 ns, Total: 102563800 ns
[2024-02-06T13:03:05.761+0000][1536][gc,start    ] GC(680) Pause Young (Concurrent Start) (G1 Evacuation Pause)
[2024-02-06T13:03:05.761+0000][1536][gc,task     ] GC(680) Using 8 workers of 8 for evacuation
[2024-02-06T13:03:05.761+0000][1536][gc,age      ] GC(680) Desired survivor size 119537664 bytes, new threshold 2 (max threshold 15)
[2024-02-06T13:03:05.912+0000][1536][gc,phases   ] GC(680)   Pre Evacuate Collection Set: 0.7ms
[2024-02-06T13:03:05.912+0000][1536][gc,phases   ] GC(680)   Merge Heap Roots: 0.2ms
[2024-02-06T13:03:05.912+0000][1536][gc,phases   ] GC(680)   Evacuate Collection Set: 138.3ms
[2024-02-06T13:03:05.912+0000][1536][gc,phases   ] GC(680)   Post Evacuate Collection Set: 1.7ms
[2024-02-06T13:03:05.912+0000][1536][gc,phases   ] GC(680)   Other: 2.4ms
[2024-02-06T13:03:05.912+0000][1536][gc,age      ] GC(680) Age table with threshold 2 (max threshold 15)
[2024-02-06T13:03:05.912+0000][1536][gc,age      ] GC(680) - age   1:   70443448 bytes,   70443448 total
[2024-02-06T13:03:05.912+0000][1536][gc,age      ] GC(680) - age   2:   77810864 bytes,  148254312 total
[2024-02-06T13:03:05.912+0000][1536][gc,heap     ] GC(680) Eden regions: 408->0(450)
[2024-02-06T13:03:05.912+0000][1536][gc,heap     ] GC(680) Survivor regions: 45->37(57)
[2024-02-06T13:03:05.912+0000][1536][gc,heap     ] GC(680) Old regions: 251->269
[2024-02-06T13:03:05.912+0000][1536][gc,heap     ] GC(680) Archive regions: 0->0
[2024-02-06T13:03:05.912+0000][1536][gc,heap     ] GC(680) Humongous regions: 2->2
[2024-02-06T13:03:05.913+0000][1536][gc,metaspace] GC(680) Metaspace: 132358K(138240K)->132358K(138240K) NonClass: 115307K(118976K)->115307K(118976K) Class: 17051K(19264K)->17051K(19264K)
[2024-02-06T13:03:05.913+0000][1536][gc          ] GC(680) Pause Young (Concurrent Start) (G1 Evacuation Pause) 2822M->1231M(4040M) 143.851ms
[2024-02-06T13:03:05.913+0000][1536][gc          ] GC(681) Concurrent Mark Cycle
[2024-02-06T13:03:05.913+0000][1536][gc,cpu      ] GC(680) User=0.53s Sys=0.36s Real=0.15s
[2024-02-06T13:03:05.913+0000][1536][gc,marking  ] GC(681) Concurrent Clear Claimed Marks
[2024-02-06T13:03:05.913+0000][1536][safepoint   ] Safepoint "G1CollectForAllocation", Time since last: 5134446300 ns, Reaching safepoint: 126300 ns, At safepoint: 144177300 ns, Total: 144303600 ns
[2024-02-06T13:03:05.913+0000][1536][gc,marking  ] GC(681) Concurrent Clear Claimed Marks 0.274ms
[2024-02-06T13:03:05.913+0000][1536][gc,marking  ] GC(681) Concurrent Scan Root Regions
[2024-02-06T13:03:05.969+0000][1536][gc,marking  ] GC(681) Concurrent Scan Root Regions 58.622ms
[2024-02-06T13:03:05.969+0000][1536][gc,marking  ] GC(681) Concurrent Mark
[2024-02-06T13:03:05.969+0000][1536][gc,marking  ] GC(681) Concurrent Mark From Roots
[2024-02-06T13:03:05.969+0000][1536][gc,task     ] GC(681) Using 2 workers of 2 for marking
[2024-02-06T13:03:06.314+0000][1536][gc,marking  ] GC(681) Concurrent Mark From Roots 354.554ms
[2024-02-06T13:03:06.314+0000][1536][gc,marking  ] GC(681) Concurrent Preclean
[2024-02-06T13:03:06.314+0000][1536][gc,marking  ] GC(681) Concurrent Preclean 0.976ms
[2024-02-06T13:03:06.314+0000][1536][gc,start    ] GC(681) Pause Remark
[2024-02-06T13:03:06.379+0000][1536][gc          ] GC(681) Pause Remark 1299M->1299M(4040M) 51.307ms
[2024-02-06T13:03:06.379+0000][1536][gc,cpu      ] GC(681) User=0.03s Sys=0.16s Real=0.07s
[2024-02-06T13:03:06.379+0000][1536][safepoint   ] Safepoint "G1Concurrent", Time since last: 414517300 ns, Reaching safepoint: 101700 ns, At safepoint: 51710000 ns, Total: 51811700 ns
[2024-02-06T13:03:06.379+0000][1536][gc,marking  ] GC(681) Concurrent Mark 407.578ms
[2024-02-06T13:03:06.379+0000][1536][gc,marking  ] GC(681) Concurrent Rebuild Remembered Sets
[2024-02-06T13:03:06.646+0000][1536][gc,marking  ] GC(681) Concurrent Rebuild Remembered Sets 265.799ms
[2024-02-06T13:03:06.646+0000][1536][gc,start    ] GC(681) Pause Cleanup
[2024-02-06T13:03:06.647+0000][1536][gc          ] GC(681) Pause Cleanup 1340M->1340M(4040M) 1.058ms
[2024-02-06T13:03:06.647+0000][1536][gc,cpu      ] GC(681) User=0.00s Sys=0.00s Real=0.00s
[2024-02-06T13:03:06.647+0000][1536][safepoint   ] Safepoint "G1Concurrent", Time since last: 266001900 ns, Reaching safepoint: 106600 ns, At safepoint: 1238700 ns, Total: 1345300 ns
[2024-02-06T13:03:06.647+0000][1536][gc,marking  ] GC(681) Concurrent Cleanup for Next Mark
[2024-02-06T13:03:06.904+0000][1536][gc,marking  ] GC(681) Concurrent Cleanup for Next Mark 263.137ms
[2024-02-06T13:03:06.904+0000][1536][gc          ] GC(681) Concurrent Mark Cycle 997.209ms
[2024-02-06T13:04:01.059+0000][1536][safepoint   ] Safepoint "Cleanup", Time since last: 54411182400 ns, Reaching safepoint: 141600 ns, At safepoint: 16500 ns, Total: 158100 ns
[2024-02-06T13:04:14.556+0000][1536][gc,start    ] GC(682) Pause Young (Prepare Mixed) (G1 Evacuation Pause)
[2024-02-06T13:04:14.556+0000][1536][gc,task     ] GC(682) Using 8 workers of 8 for evacuation
[2024-02-06T13:04:14.556+0000][1536][gc,age      ] GC(682) Desired survivor size 138412032 bytes, new threshold 2 (max threshold 15)
[2024-02-06T13:04:14.669+0000][1536][gc,phases   ] GC(682)   Pre Evacuate Collection Set: 0.3ms
[2024-02-06T13:04:14.669+0000][1536][gc,phases   ] GC(682)   Merge Heap Roots: 0.4ms
[2024-02-06T13:04:14.669+0000][1536][gc,phases   ] GC(682)   Evacuate Collection Set: 110.7ms
[2024-02-06T13:04:14.669+0000][1536][gc,phases   ] GC(682)   Post Evacuate Collection Set: 1.5ms
[2024-02-06T13:04:14.669+0000][1536][gc,phases   ] GC(682)   Other: 1.6ms
[2024-02-06T13:04:14.669+0000][1536][gc,age      ] GC(682) Age table with threshold 2 (max threshold 15)
[2024-02-06T13:04:14.669+0000][1536][gc,age      ] GC(682) - age   1:   82587744 bytes,   82587744 total
[2024-02-06T13:04:14.669+0000][1536][gc,age      ] GC(682) - age   2:   56632528 bytes,  139220272 total
[2024-02-06T13:04:14.669+0000][1536][gc,heap     ] GC(682) Eden regions: 490->0(14)
[2024-02-06T13:04:14.669+0000][1536][gc,heap     ] GC(682) Survivor regions: 37->36(66)
[2024-02-06T13:04:14.669+0000][1536][gc,heap     ] GC(682) Old regions: 269->285
[2024-02-06T13:04:14.669+0000][1536][gc,heap     ] GC(682) Archive regions: 0->0
[2024-02-06T13:04:14.669+0000][1536][gc,heap     ] GC(682) Humongous regions: 2->2
[2024-02-06T13:04:14.669+0000][1536][gc,metaspace] GC(682) Metaspace: 132360K(138240K)->132360K(138240K) NonClass: 115309K(118976K)->115309K(118976K) Class: 17051K(19264K)->17051K(19264K)
[2024-02-06T13:04:14.669+0000][1536][gc          ] GC(682) Pause Young (Prepare Mixed) (G1 Evacuation Pause) 3191M->1289M(4040M) 114.922ms
[2024-02-06T13:04:14.669+0000][1536][gc,cpu      ] GC(682) User=0.36s Sys=0.33s Real=0.11s
[2024-02-06T13:04:14.669+0000][1536][safepoint   ] Safepoint "G1CollectForAllocation", Time since last: 13501711300 ns, Reaching safepoint: 132600 ns, At safepoint: 115205900 ns, Total: 115338500 ns
[2024-02-06T13:04:14.979+0000][1536][gc,start    ] GC(683) Pause Young (Mixed) (G1 Evacuation Pause)
[2024-02-06T13:04:14.979+0000][1536][gc,task     ] GC(683) Using 8 workers of 8 for evacuation
[2024-02-06T13:04:14.979+0000][1536][gc,age      ] GC(683) Desired survivor size 14680064 bytes, new threshold 1 (max threshold 15)
[2024-02-06T13:04:15.345+0000][1536][gc,mmu      ] GC(683) MMU target violated: 201.0ms (200.0ms/201.0ms)
[2024-02-06T13:04:15.345+0000][1536][gc,phases   ] GC(683)   Pre Evacuate Collection Set: 0.4ms
[2024-02-06T13:04:15.345+0000][1536][gc,phases   ] GC(683)   Merge Heap Roots: 0.6ms
[2024-02-06T13:04:15.345+0000][1536][gc,phases   ] GC(683)   Evacuate Collection Set: 358.3ms
[2024-02-06T13:04:15.345+0000][1536][gc,phases   ] GC(683)   Post Evacuate Collection Set: 1.0ms
[2024-02-06T13:04:15.345+0000][1536][gc,phases   ] GC(683)   Other: 0.5ms
[2024-02-06T13:04:15.345+0000][1536][gc,age      ] GC(683) Age table with threshold 1 (max threshold 15)
[2024-02-06T13:04:15.345+0000][1536][gc,age      ] GC(683) - age   1:    4107608 bytes,    4107608 total
[2024-02-06T13:04:15.345+0000][1536][gc,heap     ] GC(683) Eden regions: 14->0(46)
[2024-02-06T13:04:15.345+0000][1536][gc,heap     ] GC(683) Survivor regions: 36->4(7)
[2024-02-06T13:04:15.345+0000][1536][gc,heap     ] GC(683) Old regions: 285->248
[2024-02-06T13:04:15.345+0000][1536][gc,heap     ] GC(683) Archive regions: 0->0
[2024-02-06T13:04:15.345+0000][1536][gc,heap     ] GC(683) Humongous regions: 2->2
[2024-02-06T13:04:15.345+0000][1536][gc,metaspace] GC(683) Metaspace: 132360K(138240K)->132360K(138240K) NonClass: 115309K(118976K)->115309K(118976K) Class: 17051K(19264K)->17051K(19264K)
[2024-02-06T13:04:15.345+0000][1536][gc          ] GC(683) Pause Young (Mixed) (G1 Evacuation Pause) 1345M->1012M(4040M) 361.007ms
[2024-02-06T13:04:15.345+0000][1536][gc,cpu      ] GC(683) User=0.38s Sys=1.28s Real=0.37s
[2024-02-06T13:04:15.345+0000][1536][safepoint   ] Safepoint "G1CollectForAllocation", Time since last: 314632200 ns, Reaching safepoint: 155100 ns, At safepoint: 361556700 ns, Total: 361711800 ns
[2024-02-06T13:04:16.873+0000][1536][gc,start    ] GC(684) Pause Young (Mixed) (G1 Evacuation Pause)
[2024-02-06T13:04:16.873+0000][1536][gc,task     ] GC(684) Using 8 workers of 8 for evacuation
[2024-02-06T13:04:16.873+0000][1536][gc,age      ] GC(684) Desired survivor size 14680064 bytes, new threshold 15 (max threshold 15)
[2024-02-06T13:04:16.902+0000][1536][gc,phases   ] GC(684)   Pre Evacuate Collection Set: 0.8ms
[2024-02-06T13:04:16.902+0000][1536][gc,phases   ] GC(684)   Merge Heap Roots: 0.3ms
[2024-02-06T13:04:16.902+0000][1536][gc,phases   ] GC(684)   Evacuate Collection Set: 26.4ms
[2024-02-06T13:04:16.902+0000][1536][gc,phases   ] GC(684)   Post Evacuate Collection Set: 0.8ms
[2024-02-06T13:04:16.902+0000][1536][gc,phases   ] GC(684)   Other: 0.3ms
[2024-02-06T13:04:16.902+0000][1536][gc,age      ] GC(684) Age table with threshold 15 (max threshold 15)
[2024-02-06T13:04:16.902+0000][1536][gc,age      ] GC(684) - age   1:    8434632 bytes,    8434632 total
[2024-02-06T13:04:16.902+0000][1536][gc,age      ] GC(684) - age   2:    3154720 bytes,   11589352 total
[2024-02-06T13:04:16.902+0000][1536][gc,heap     ] GC(684) Eden regions: 46->0(548)
[2024-02-06T13:04:16.902+0000][1536][gc,heap     ] GC(684) Survivor regions: 4->4(7)
[2024-02-06T13:04:16.902+0000][1536][gc,heap     ] GC(684) Old regions: 248->238
[2024-02-06T13:04:16.902+0000][1536][gc,heap     ] GC(684) Archive regions: 0->0
[2024-02-06T13:04:16.902+0000][1536][gc,heap     ] GC(684) Humongous regions: 2->2
[2024-02-06T13:04:16.902+0000][1536][gc,metaspace] GC(684) Metaspace: 132360K(138240K)->132360K(138240K) NonClass: 115309K(118976K)->115309K(118976K) Class: 17051K(19264K)->17051K(19264K)
[2024-02-06T13:04:16.902+0000][1536][gc          ] GC(684) Pause Young (Mixed) (G1 Evacuation Pause) 1196M->972M(4040M) 29.003ms
[2024-02-06T13:04:16.902+0000][1536][gc,cpu      ] GC(684) User=0.16s Sys=0.05s Real=0.03s
[2024-02-06T13:04:16.902+0000][1536][safepoint   ] Safepoint "G1CollectForAllocation", Time since last: 1521125700 ns, Reaching safepoint: 109700 ns, At safepoint: 29155100 ns, Total: 29264800 ns
[2024-02-06T13:04:36.113+0000][1536][gc,start    ] GC(685) Pause Young (Normal) (G1 Evacuation Pause)
[2024-02-06T13:04:36.113+0000][1536][gc,task     ] GC(685) Using 8 workers of 8 for evacuation
[2024-02-06T13:04:36.113+0000][1536][gc,age      ] GC(685) Desired survivor size 144703488 bytes, new threshold 15 (max threshold 15)
[2024-02-06T13:04:36.159+0000][1536][gc,phases   ] GC(685)   Pre Evacuate Collection Set: 0.3ms
[2024-02-06T13:04:36.159+0000][1536][gc,phases   ] GC(685)   Merge Heap Roots: 0.3ms
[2024-02-06T13:04:36.159+0000][1536][gc,phases   ] GC(685)   Evacuate Collection Set: 36.0ms
[2024-02-06T13:04:36.159+0000][1536][gc,phases   ] GC(685)   Post Evacuate Collection Set: 1.5ms
[2024-02-06T13:04:36.159+0000][1536][gc,phases   ] GC(685)   Other: 0.3ms
[2024-02-06T13:04:36.159+0000][1536][gc,age      ] GC(685) Age table with threshold 15 (max threshold 15)
[2024-02-06T13:04:36.159+0000][1536][gc,age      ] GC(685) - age   1:   88720456 bytes,   88720456 total
[2024-02-06T13:04:36.159+0000][1536][gc,age      ] GC(685) - age   2:    6323920 bytes,   95044376 total
[2024-02-06T13:04:36.159+0000][1536][gc,age      ] GC(685) - age   3:    2614504 bytes,   97658880 total
[2024-02-06T13:04:36.159+0000][1536][gc,heap     ] GC(685) Eden regions: 548->0(529)
[2024-02-06T13:04:36.159+0000][1536][gc,heap     ] GC(685) Survivor regions: 4->24(69)
[2024-02-06T13:04:36.159+0000][1536][gc,heap     ] GC(685) Old regions: 238->238
[2024-02-06T13:04:36.159+0000][1536][gc,heap     ] GC(685) Archive regions: 0->0
[2024-02-06T13:04:36.159+0000][1536][gc,heap     ] GC(685) Humongous regions: 2->2
[2024-02-06T13:04:36.159+0000][1536][gc,metaspace] GC(685) Metaspace: 132360K(138240K)->132360K(138240K) NonClass: 115309K(118976K)->115309K(118976K) Class: 17051K(19264K)->17051K(19264K)
[2024-02-06T13:04:36.159+0000][1536][gc          ] GC(685) Pause Young (Normal) (G1 Evacuation Pause) 3164M->1054M(4040M) 38.983ms
[2024-02-06T13:04:36.159+0000][1536][gc,cpu      ] GC(685) User=0.27s Sys=0.06s Real=0.05s
[2024-02-06T13:04:36.159+0000][1536][safepoint   ] Safepoint "G1CollectForAllocation", Time since last: 19217690600 ns, Reaching safepoint: 131700 ns, At safepoint: 39169400 ns, Total: 39301100 ns
[2024-02-06T13:05:01.251+0000][1536][safepoint   ] Safepoint "Cleanup", Time since last: 24220938200 ns, Reaching safepoint: 869142300 ns, At safepoint: 1923100 ns, Total: 871065400 ns
[2024-02-06T13:05:13.595+0000][1536][gc,start    ] GC(686) Pause Young (Normal) (G1 Evacuation Pause)
[2024-02-06T13:05:13.595+0000][1536][gc,task     ] GC(686) Using 8 workers of 8 for evacuation
[2024-02-06T13:05:13.595+0000][1536][gc,age      ] GC(686) Desired survivor size 146800640 bytes, new threshold 15 (max threshold 15)
[2024-02-06T13:05:13.661+0000][1536][gc,phases   ] GC(686)   Pre Evacuate Collection Set: 0.2ms
[2024-02-06T13:05:13.661+0000][1536][gc,phases   ] GC(686)   Merge Heap Roots: 0.2ms
[2024-02-06T13:05:13.661+0000][1536][gc,phases   ] GC(686)   Evacuate Collection Set: 64.1ms
[2024-02-06T13:05:13.661+0000][1536][gc,phases   ] GC(686)   Post Evacuate Collection Set: 1.3ms
[2024-02-06T13:05:13.661+0000][1536][gc,phases   ] GC(686)   Other: 0.4ms
[2024-02-06T13:05:13.661+0000][1536][gc,age      ] GC(686) Age table with threshold 15 (max threshold 15)
[2024-02-06T13:05:13.661+0000][1536][gc,age      ] GC(686) - age   1:   84190304 bytes,   84190304 total
[2024-02-06T13:05:13.661+0000][1536][gc,age      ] GC(686) - age   2:   73340800 bytes,  157531104 total
[2024-02-06T13:05:13.661+0000][1536][gc,age      ] GC(686) - age   3:    5535216 bytes,  163066320 total
[2024-02-06T13:05:13.661+0000][1536][gc,age      ] GC(686) - age   4:    2317800 bytes,  165384120 total
[2024-02-06T13:05:13.661+0000][1536][gc,heap     ] GC(686) Eden regions: 529->0(512)
[2024-02-06T13:05:13.661+0000][1536][gc,heap     ] GC(686) Survivor regions: 24->42(70)
[2024-02-06T13:05:13.661+0000][1536][gc,heap     ] GC(686) Old regions: 238->238
[2024-02-06T13:05:13.661+0000][1536][gc,heap     ] GC(686) Archive regions: 0->0
[2024-02-06T13:05:13.661+0000][1536][gc,heap     ] GC(686) Humongous regions: 2->2
[2024-02-06T13:05:13.661+0000][1536][gc,metaspace] GC(686) Metaspace: 132361K(138240K)->132361K(138240K) NonClass: 115310K(118976K)->115310K(118976K) Class: 17051K(19264K)->17051K(19264K)
[2024-02-06T13:05:13.661+0000][1536][gc          ] GC(686) Pause Young (Normal) (G1 Evacuation Pause) 3170M->1123M(4040M) 66.629ms
[2024-02-06T13:05:13.661+0000][1536][gc,cpu      ] GC(686) User=0.36s Sys=0.11s Real=0.07s
[2024-02-06T13:05:13.661+0000][1536][safepoint   ] Safepoint "G1CollectForAllocation", Time since last: 12330194700 ns, Reaching safepoint: 12872500 ns, At safepoint: 67548700 ns, Total: 80421200 ns
[2024-02-06T13:05:59.199+0000][1536][gc,start    ] GC(687) Pause Young (Concurrent Start) (G1 Evacuation Pause)
[2024-02-06T13:05:59.199+0000][1536][gc,task     ] GC(687) Using 8 workers of 8 for evacuation
[2024-02-06T13:05:59.199+0000][1536][gc,age      ] GC(687) Desired survivor size 146800640 bytes, new threshold 2 (max threshold 15)
[2024-02-06T13:05:59.307+0000][1536][gc,phases   ] GC(687)   Pre Evacuate Collection Set: 0.9ms
[2024-02-06T13:05:59.307+0000][1536][gc,phases   ] GC(687)   Merge Heap Roots: 0.5ms
[2024-02-06T13:05:59.307+0000][1536][gc,phases   ] GC(687)   Evacuate Collection Set: 96.8ms
[2024-02-06T13:05:59.307+0000][1536][gc,phases   ] GC(687)   Post Evacuate Collection Set: 1.6ms
[2024-02-06T13:05:59.307+0000][1536][gc,phases   ] GC(687)   Other: 0.4ms
[2024-02-06T13:05:59.307+0000][1536][gc,age      ] GC(687) Age table with threshold 2 (max threshold 15)
[2024-02-06T13:05:59.307+0000][1536][gc,age      ] GC(687) - age   1:   88290336 bytes,   88290336 total
[2024-02-06T13:05:59.307+0000][1536][gc,age      ] GC(687) - age   2:   68370024 bytes,  156660360 total
[2024-02-06T13:05:59.307+0000][1536][gc,heap     ] GC(687) Eden regions: 512->0(499)
[2024-02-06T13:05:59.307+0000][1536][gc,heap     ] GC(687) Survivor regions: 42->40(70)
[2024-02-06T13:05:59.307+0000][1536][gc,heap     ] GC(687) Old regions: 238->253
[2024-02-06T13:05:59.307+0000][1536][gc,heap     ] GC(687) Archive regions: 0->0
[2024-02-06T13:05:59.307+0000][1536][gc,heap     ] GC(687) Humongous regions: 2->2
[2024-02-06T13:05:59.307+0000][1536][gc,metaspace] GC(687) Metaspace: 132365K(138240K)->132365K(138240K) NonClass: 115314K(118976K)->115314K(118976K) Class: 17051K(19264K)->17051K(19264K)
[2024-02-06T13:05:59.307+0000][1536][gc          ] GC(687) Pause Young (Concurrent Start) (G1 Evacuation Pause) 3171M->1176M(4040M) 101.063ms
[2024-02-06T13:05:59.307+0000][1536][gc,cpu      ] GC(687) User=0.58s Sys=0.20s Real=0.11s
[2024-02-06T13:05:59.307+0000][1536][gc          ] GC(688) Concurrent Mark Cycle
[2024-02-06T13:05:59.307+0000][1536][gc,marking  ] GC(688) Concurrent Clear Claimed Marks
[2024-02-06T13:05:59.307+0000][1536][safepoint   ] Safepoint "G1CollectForAllocation", Time since last: 45545492700 ns, Reaching safepoint: 210400 ns, At safepoint: 101481000 ns, Total: 101691400 ns
[2024-02-06T13:05:59.307+0000][1536][gc,marking  ] GC(688) Concurrent Clear Claimed Marks 0.231ms
[2024-02-06T13:05:59.307+0000][1536][gc,marking  ] GC(688) Concurrent Scan Root Regions
[2024-02-06T13:05:59.356+0000][1536][gc,marking  ] GC(688) Concurrent Scan Root Regions 50.243ms
[2024-02-06T13:05:59.356+0000][1536][gc,marking  ] GC(688) Concurrent Mark
[2024-02-06T13:05:59.356+0000][1536][gc,marking  ] GC(688) Concurrent Mark From Roots
[2024-02-06T13:05:59.356+0000][1536][gc,task     ] GC(688) Using 2 workers of 2 for marking
[2024-02-06T13:05:59.704+0000][1536][gc,marking  ] GC(688) Concurrent Mark From Roots 345.317ms
[2024-02-06T13:05:59.704+0000][1536][gc,marking  ] GC(688) Concurrent Preclean
[2024-02-06T13:05:59.704+0000][1536][gc,marking  ] GC(688) Concurrent Preclean 1.189ms
[2024-02-06T13:05:59.704+0000][1536][gc,start    ] GC(688) Pause Remark
[2024-02-06T13:05:59.724+0000][1536][gc          ] GC(688) Pause Remark 1244M->1244M(4040M) 18.179ms
[2024-02-06T13:05:59.725+0000][1536][gc,cpu      ] GC(688) User=0.05s Sys=0.03s Real=0.02s
[2024-02-06T13:05:59.725+0000][1536][safepoint   ] Safepoint "G1Concurrent", Time since last: 397174700 ns, Reaching safepoint: 47700 ns, At safepoint: 18395400 ns, Total: 18443100 ns
[2024-02-06T13:05:59.725+0000][1536][gc,marking  ] GC(688) Concurrent Mark 365.211ms
[2024-02-06T13:05:59.725+0000][1536][gc,marking  ] GC(688) Concurrent Rebuild Remembered Sets
[2024-02-06T13:05:59.986+0000][1536][gc,marking  ] GC(688) Concurrent Rebuild Remembered Sets 265.943ms
[2024-02-06T13:05:59.986+0000][1536][gc,start    ] GC(688) Pause Cleanup
[2024-02-06T13:05:59.986+0000][1536][gc          ] GC(688) Pause Cleanup 1260M->1260M(4040M) 0.616ms
[2024-02-06T13:05:59.986+0000][1536][gc,cpu      ] GC(688) User=0.00s Sys=0.00s Real=0.00s
[2024-02-06T13:05:59.986+0000][1536][safepoint   ] Safepoint "G1Concurrent", Time since last: 266193700 ns, Reaching safepoint: 93000 ns, At safepoint: 743000 ns, Total: 836000 ns
[2024-02-06T13:05:59.986+0000][1536][gc,marking  ] GC(688) Concurrent Cleanup for Next Mark
[2024-02-06T13:06:00.018+0000][1536][gc,marking  ] GC(688) Concurrent Cleanup for Next Mark 26.831ms
[2024-02-06T13:06:00.018+0000][1536][gc          ] GC(688) Concurrent Mark Cycle 709.871ms
[2024-02-06T13:06:18.972+0000][1536][gc,start    ] GC(689) Pause Young (Prepare Mixed) (G1 Evacuation Pause)
[2024-02-06T13:06:18.972+0000][1536][gc,task     ] GC(689) Using 8 workers of 8 for evacuation
[2024-02-06T13:06:18.972+0000][1536][gc,age      ] GC(689) Desired survivor size 142606336 bytes, new threshold 2 (max threshold 15)
[2024-02-06T13:06:19.050+0000][1536][gc,phases   ] GC(689)   Pre Evacuate Collection Set: 0.4ms
[2024-02-06T13:06:19.050+0000][1536][gc,phases   ] GC(689)   Merge Heap Roots: 0.6ms
[2024-02-06T13:06:19.050+0000][1536][gc,phases   ] GC(689)   Evacuate Collection Set: 77.1ms
[2024-02-06T13:06:19.050+0000][1536][gc,phases   ] GC(689)   Post Evacuate Collection Set: 1.5ms
[2024-02-06T13:06:19.050+0000][1536][gc,phases   ] GC(689)   Other: 3.8ms
[2024-02-06T13:06:19.050+0000][1536][gc,age      ] GC(689) Age table with threshold 2 (max threshold 15)
[2024-02-06T13:06:19.050+0000][1536][gc,age      ] GC(689) - age   1:   78344032 bytes,   78344032 total
[2024-02-06T13:06:19.050+0000][1536][gc,age      ] GC(689) - age   2:   71397680 bytes,  149741712 total
[2024-02-06T13:06:19.050+0000][1536][gc,heap     ] GC(689) Eden regions: 499->0(11)
[2024-02-06T13:06:19.050+0000][1536][gc,heap     ] GC(689) Survivor regions: 40->39(68)
[2024-02-06T13:06:19.050+0000][1536][gc,heap     ] GC(689) Old regions: 253->267
[2024-02-06T13:06:19.050+0000][1536][gc,heap     ] GC(689) Archive regions: 0->0
[2024-02-06T13:06:19.050+0000][1536][gc,heap     ] GC(689) Humongous regions: 2->2
[2024-02-06T13:06:19.050+0000][1536][gc,metaspace] GC(689) Metaspace: 132365K(138240K)->132365K(138240K) NonClass: 115314K(118976K)->115314K(118976K) Class: 17051K(19264K)->17051K(19264K)
[2024-02-06T13:06:19.050+0000][1536][gc          ] GC(689) Pause Young (Prepare Mixed) (G1 Evacuation Pause) 3172M->1227M(4040M) 83.987ms
[2024-02-06T13:06:19.050+0000][1536][gc,cpu      ] GC(689) User=0.45s Sys=0.08s Real=0.08s
[2024-02-06T13:06:19.066+0000][1536][safepoint   ] Safepoint "G1CollectForAllocation", Time since last: 18989361400 ns, Reaching safepoint: 235700 ns, At safepoint: 84252300 ns, Total: 84488000 ns
[2024-02-06T13:06:19.342+0000][1536][gc,start    ] GC(690) Pause Young (Mixed) (G1 Evacuation Pause)
[2024-02-06T13:06:19.342+0000][1536][gc,task     ] GC(690) Using 8 workers of 8 for evacuation
[2024-02-06T13:06:19.342+0000][1536][gc,age      ] GC(690) Desired survivor size 14680064 bytes, new threshold 1 (max threshold 15)
[2024-02-06T13:06:19.533+0000][1536][gc,phases   ] GC(690)   Pre Evacuate Collection Set: 0.4ms
[2024-02-06T13:06:19.533+0000][1536][gc,phases   ] GC(690)   Merge Heap Roots: 0.5ms
[2024-02-06T13:06:19.533+0000][1536][gc,phases   ] GC(690)   Evacuate Collection Set: 189.7ms
[2024-02-06T13:06:19.533+0000][1536][gc,phases   ] GC(690)   Post Evacuate Collection Set: 1.3ms
[2024-02-06T13:06:19.533+0000][1536][gc,phases   ] GC(690)   Other: 2.2ms
[2024-02-06T13:06:19.533+0000][1536][gc,age      ] GC(690) Age table with threshold 1 (max threshold 15)
[2024-02-06T13:06:19.533+0000][1536][gc,age      ] GC(690) - age   1:    1237784 bytes,    1237784 total
[2024-02-06T13:06:19.533+0000][1536][gc,heap     ] GC(690) Eden regions: 11->0(555)
[2024-02-06T13:06:19.537+0000][1536][gc,heap     ] GC(690) Survivor regions: 39->4(7)
[2024-02-06T13:06:19.537+0000][1536][gc,heap     ] GC(690) Old regions: 267->230
[2024-02-06T13:06:19.537+0000][1536][gc,heap     ] GC(690) Archive regions: 0->0
[2024-02-06T13:06:19.537+0000][1536][gc,heap     ] GC(690) Humongous regions: 2->2
[2024-02-06T13:06:19.537+0000][1536][gc,metaspace] GC(690) Metaspace: 132365K(138240K)->132365K(138240K) NonClass: 115314K(118976K)->115314K(118976K) Class: 17051K(19264K)->17051K(19264K)
[2024-02-06T13:06:19.537+0000][1536][gc          ] GC(690) Pause Young (Mixed) (G1 Evacuation Pause) 1271M->941M(4040M) 194.612ms
[2024-02-06T13:06:19.537+0000][1536][gc,cpu      ] GC(690) User=0.47s Sys=0.70s Real=0.19s
[2024-02-06T13:06:19.537+0000][1536][safepoint   ] Safepoint "G1CollectForAllocation", Time since last: 276280200 ns, Reaching safepoint: 99200 ns, At safepoint: 195291500 ns, Total: 195390700 ns
[2024-02-06T13:06:57.677+0000][1536][gc,start    ] GC(691) Pause Young (Normal) (G1 Evacuation Pause)
[2024-02-06T13:06:57.677+0000][1536][gc,task     ] GC(691) Using 8 workers of 8 for evacuation
[2024-02-06T13:06:57.677+0000][1536][gc,age      ] GC(691) Desired survivor size 146800640 bytes, new threshold 15 (max threshold 15)
[2024-02-06T13:06:57.759+0000][1536][gc,phases   ] GC(691)   Pre Evacuate Collection Set: 0.5ms
[2024-02-06T13:06:57.759+0000][1536][gc,phases   ] GC(691)   Merge Heap Roots: 0.5ms
[2024-02-06T13:06:57.759+0000][1536][gc,phases   ] GC(691)   Evacuate Collection Set: 65.7ms
[2024-02-06T13:06:57.759+0000][1536][gc,phases   ] GC(691)   Post Evacuate Collection Set: 3.9ms
[2024-02-06T13:06:57.759+0000][1536][gc,phases   ] GC(691)   Other: 0.6ms
[2024-02-06T13:06:57.759+0000][1536][gc,age      ] GC(691) Age table with threshold 15 (max threshold 15)
[2024-02-06T13:06:57.759+0000][1536][gc,age      ] GC(691) - age   1:   89096152 bytes,   89096152 total
[2024-02-06T13:06:57.759+0000][1536][gc,age      ] GC(691) - age   2:     857920 bytes,   89954072 total
[2024-02-06T13:06:57.759+0000][1536][gc,heap     ] GC(691) Eden regions: 555->0(537)
[2024-02-06T13:06:57.759+0000][1536][gc,heap     ] GC(691) Survivor regions: 4->23(70)
[2024-02-06T13:06:57.759+0000][1536][gc,heap     ] GC(691) Old regions: 230->230
[2024-02-06T13:06:57.759+0000][1536][gc,heap     ] GC(691) Archive regions: 0->0
[2024-02-06T13:06:57.759+0000][1536][gc,heap     ] GC(691) Humongous regions: 2->2
[2024-02-06T13:06:57.759+0000][1536][gc,metaspace] GC(691) Metaspace: 132365K(138240K)->132365K(138240K) NonClass: 115314K(118976K)->115314K(118976K) Class: 17051K(19264K)->17051K(19264K)
[2024-02-06T13:06:57.759+0000][1536][gc          ] GC(691) Pause Young (Normal) (G1 Evacuation Pause) 3161M->1017M(4040M) 72.795ms
[2024-02-06T13:06:57.759+0000][1536][gc,cpu      ] GC(691) User=0.56s Sys=0.03s Real=0.08s
[2024-02-06T13:06:57.759+0000][1536][safepoint   ] Safepoint "G1CollectForAllocation", Time since last: 38152482500 ns, Reaching safepoint: 237600 ns, At safepoint: 73516000 ns, Total: 73753600 ns
[2024-02-06T13:07:27.034+0000][1536][gc,start    ] GC(692) Pause Young (Normal) (G1 Evacuation Pause)
[2024-02-06T13:07:27.034+0000][1536][gc,task     ] GC(692) Using 8 workers of 8 for evacuation
[2024-02-06T13:07:27.034+0000][1536][gc,age      ] GC(692) Desired survivor size 146800640 bytes, new threshold 15 (max threshold 15)
[2024-02-06T13:07:27.116+0000][1536][gc,phases   ] GC(692)   Pre Evacuate Collection Set: 0.2ms
[2024-02-06T13:07:27.116+0000][1536][gc,phases   ] GC(692)   Merge Heap Roots: 0.2ms
[2024-02-06T13:07:27.116+0000][1536][gc,phases   ] GC(692)   Evacuate Collection Set: 77.0ms
[2024-02-06T13:07:27.116+0000][1536][gc,phases   ] GC(692)   Post Evacuate Collection Set: 1.1ms
[2024-02-06T13:07:27.116+0000][1536][gc,phases   ] GC(692)   Other: 0.3ms
[2024-02-06T13:07:27.116+0000][1536][gc,age      ] GC(692) Age table with threshold 15 (max threshold 15)
[2024-02-06T13:07:27.116+0000][1536][gc,age      ] GC(692) - age   1:   91801232 bytes,   91801232 total
[2024-02-06T13:07:27.116+0000][1536][gc,age      ] GC(692) - age   2:   74770832 bytes,  166572064 total
[2024-02-06T13:07:27.116+0000][1536][gc,age      ] GC(692) - age   3:     687616 bytes,  167259680 total
[2024-02-06T13:07:27.116+0000][1536][gc,heap     ] GC(692) Eden regions: 537->0(519)
[2024-02-06T13:07:27.116+0000][1536][gc,heap     ] GC(692) Survivor regions: 23->42(70)
[2024-02-06T13:07:27.116+0000][1536][gc,heap     ] GC(692) Old regions: 230->230
[2024-02-06T13:07:27.116+0000][1536][gc,heap     ] GC(692) Archive regions: 0->0
[2024-02-06T13:07:27.116+0000][1536][gc,heap     ] GC(692) Humongous regions: 2->2
[2024-02-06T13:07:27.116+0000][1536][gc,metaspace] GC(692) Metaspace: 132365K(138240K)->132365K(138240K) NonClass: 115314K(118976K)->115314K(118976K) Class: 17051K(19264K)->17051K(19264K)
[2024-02-06T13:07:27.116+0000][1536][gc          ] GC(692) Pause Young (Normal) (G1 Evacuation Pause) 3165M->1092M(4040M) 79.341ms
[2024-02-06T13:07:27.116+0000][1536][gc,cpu      ] GC(692) User=0.36s Sys=0.12s Real=0.08s
[2024-02-06T13:07:27.116+0000][1536][safepoint   ] Safepoint "G1CollectForAllocation", Time since last: 29273344600 ns, Reaching safepoint: 78900 ns, At safepoint: 79602700 ns, Total: 79681600 ns
[2024-02-06T13:07:52.842+0000][1536][gc,start    ] GC(693) Pause Young (Concurrent Start) (G1 Evacuation Pause)
[2024-02-06T13:07:52.842+0000][1536][gc,task     ] GC(693) Using 8 workers of 8 for evacuation
[2024-02-06T13:07:52.842+0000][1536][gc,age      ] GC(693) Desired survivor size 148897792 bytes, new threshold 2 (max threshold 15)
[2024-02-06T13:07:52.934+0000][1536][gc,phases   ] GC(693)   Pre Evacuate Collection Set: 0.5ms
[2024-02-06T13:07:52.934+0000][1536][gc,phases   ] GC(693)   Merge Heap Roots: 0.2ms
[2024-02-06T13:07:52.934+0000][1536][gc,phases   ] GC(693)   Evacuate Collection Set: 83.8ms
[2024-02-06T13:07:52.934+0000][1536][gc,phases   ] GC(693)   Post Evacuate Collection Set: 1.4ms
[2024-02-06T13:07:52.934+0000][1536][gc,phases   ] GC(693)   Other: 1.3ms
[2024-02-06T13:07:52.934+0000][1536][gc,age      ] GC(693) Age table with threshold 2 (max threshold 15)
[2024-02-06T13:07:52.934+0000][1536][gc,age      ] GC(693) - age   1:   86208472 bytes,   86208472 total
[2024-02-06T13:07:52.934+0000][1536][gc,age      ] GC(693) - age   2:   76090824 bytes,  162299296 total
[2024-02-06T13:07:52.934+0000][1536][gc,heap     ] GC(693) Eden regions: 519->0(504)
[2024-02-06T13:07:52.934+0000][1536][gc,heap     ] GC(693) Survivor regions: 42->42(71)
[2024-02-06T13:07:52.934+0000][1536][gc,heap     ] GC(693) Old regions: 230->246
[2024-02-06T13:07:52.934+0000][1536][gc,heap     ] GC(693) Archive regions: 0->0
[2024-02-06T13:07:52.934+0000][1536][gc,heap     ] GC(693) Humongous regions: 2->2
[2024-02-06T13:07:52.934+0000][1536][gc,metaspace] GC(693) Metaspace: 132365K(138240K)->132365K(138240K) NonClass: 115314K(118976K)->115314K(118976K) Class: 17051K(19264K)->17051K(19264K)
[2024-02-06T13:07:52.934+0000][1536][gc          ] GC(693) Pause Young (Concurrent Start) (G1 Evacuation Pause) 3168M->1155M(4040M) 87.644ms
[2024-02-06T13:07:52.934+0000][1536][gc          ] GC(694) Concurrent Mark Cycle
[2024-02-06T13:07:52.934+0000][1536][gc,cpu      ] GC(693) User=0.53s Sys=0.08s Real=0.09s
[2024-02-06T13:07:52.934+0000][1536][gc,marking  ] GC(694) Concurrent Clear Claimed Marks
[2024-02-06T13:07:52.934+0000][1536][safepoint   ] Safepoint "G1CollectForAllocation", Time since last: 25735049700 ns, Reaching safepoint: 151100 ns, At safepoint: 88002000 ns, Total: 88153100 ns
[2024-02-06T13:07:52.934+0000][1536][gc,marking  ] GC(694) Concurrent Clear Claimed Marks 0.230ms
[2024-02-06T13:07:52.934+0000][1536][gc,marking  ] GC(694) Concurrent Scan Root Regions
[2024-02-06T13:07:52.991+0000][1536][gc,marking  ] GC(694) Concurrent Scan Root Regions 58.706ms
[2024-02-06T13:07:52.991+0000][1536][gc,marking  ] GC(694) Concurrent Mark
[2024-02-06T13:07:52.991+0000][1536][gc,marking  ] GC(694) Concurrent Mark From Roots
[2024-02-06T13:07:52.991+0000][1536][gc,task     ] GC(694) Using 2 workers of 2 for marking
[2024-02-06T13:07:53.338+0000][1536][gc,marking  ] GC(694) Concurrent Mark From Roots 345.633ms
[2024-02-06T13:07:53.338+0000][1536][gc,marking  ] GC(694) Concurrent Preclean
[2024-02-06T13:07:53.345+0000][1536][gc,marking  ] GC(694) Concurrent Preclean 1.414ms
[2024-02-06T13:07:53.345+0000][1536][gc,start    ] GC(694) Pause Remark
[2024-02-06T13:07:53.362+0000][1536][gc          ] GC(694) Pause Remark 1247M->1247M(4040M) 17.880ms
[2024-02-06T13:07:53.362+0000][1536][gc,cpu      ] GC(694) User=0.12s Sys=0.00s Real=0.02s
[2024-02-06T13:07:53.362+0000][1536][safepoint   ] Safepoint "G1Concurrent", Time since last: 406213000 ns, Reaching safepoint: 102700 ns, At safepoint: 18104000 ns, Total: 18206700 ns
[2024-02-06T13:07:53.362+0000][1536][gc,marking  ] GC(694) Concurrent Mark 365.565ms
[2024-02-06T13:07:53.362+0000][1536][gc,marking  ] GC(694) Concurrent Rebuild Remembered Sets
[2024-02-06T13:07:53.617+0000][1536][gc,marking  ] GC(694) Concurrent Rebuild Remembered Sets 255.511ms
[2024-02-06T13:07:53.617+0000][1536][gc,start    ] GC(694) Pause Cleanup
[2024-02-06T13:07:53.617+0000][1536][gc          ] GC(694) Pause Cleanup 1295M->1295M(4040M) 1.188ms
[2024-02-06T13:07:53.617+0000][1536][gc,cpu      ] GC(694) User=0.00s Sys=0.00s Real=0.00s
[2024-02-06T13:07:53.617+0000][1536][safepoint   ] Safepoint "G1Concurrent", Time since last: 255754900 ns, Reaching safepoint: 104500 ns, At safepoint: 1359900 ns, Total: 1464400 ns
[2024-02-06T13:07:53.617+0000][1536][gc,marking  ] GC(694) Concurrent Cleanup for Next Mark
[2024-02-06T13:07:53.629+0000][1536][gc,marking  ] GC(694) Concurrent Cleanup for Next Mark 10.138ms
[2024-02-06T13:07:53.629+0000][1536][gc          ] GC(694) Concurrent Mark Cycle 692.265ms
[2024-02-06T13:08:29.083+0000][1536][gc,start    ] GC(695) Pause Young (Prepare Mixed) (G1 Evacuation Pause)
[2024-02-06T13:08:29.083+0000][1536][gc,task     ] GC(695) Using 8 workers of 8 for evacuation
[2024-02-06T13:08:29.083+0000][1536][gc,age      ] GC(695) Desired survivor size 144703488 bytes, new threshold 2 (max threshold 15)
[2024-02-06T13:08:29.157+0000][1536][gc,phases   ] GC(695)   Pre Evacuate Collection Set: 0.3ms
[2024-02-06T13:08:29.157+0000][1536][gc,phases   ] GC(695)   Merge Heap Roots: 0.4ms
[2024-02-06T13:08:29.157+0000][1536][gc,phases   ] GC(695)   Evacuate Collection Set: 78.1ms
[2024-02-06T13:08:29.157+0000][1536][gc,phases   ] GC(695)   Post Evacuate Collection Set: 1.3ms
[2024-02-06T13:08:29.157+0000][1536][gc,phases   ] GC(695)   Other: 1.1ms
[2024-02-06T13:08:29.157+0000][1536][gc,age      ] GC(695) Age table with threshold 2 (max threshold 15)
[2024-02-06T13:08:29.157+0000][1536][gc,age      ] GC(695) - age   1:   84591424 bytes,   84591424 total
[2024-02-06T13:08:29.157+0000][1536][gc,age      ] GC(695) - age   2:   68327656 bytes,  152919080 total
[2024-02-06T13:08:29.157+0000][1536][gc,heap     ] GC(695) Eden regions: 504->0(12)
[2024-02-06T13:08:29.157+0000][1536][gc,heap     ] GC(695) Survivor regions: 42->38(69)
[2024-02-06T13:08:29.157+0000][1536][gc,heap     ] GC(695) Old regions: 246->262
[2024-02-06T13:08:29.157+0000][1536][gc,heap     ] GC(695) Archive regions: 0->0
[2024-02-06T13:08:29.157+0000][1536][gc,heap     ] GC(695) Humongous regions: 2->2
[2024-02-06T13:08:29.157+0000][1536][gc,metaspace] GC(695) Metaspace: 132366K(138240K)->132366K(138240K) NonClass: 115314K(118976K)->115314K(118976K) Class: 17051K(19264K)->17051K(19264K)
[2024-02-06T13:08:29.157+0000][1536][gc          ] GC(695) Pause Young (Prepare Mixed) (G1 Evacuation Pause) 3171M->1204M(4040M) 81.721ms
[2024-02-06T13:08:29.157+0000][1536][gc,cpu      ] GC(695) User=0.39s Sys=0.16s Real=0.07s
[2024-02-06T13:08:29.157+0000][1536][safepoint   ] Safepoint "G1CollectForAllocation", Time since last: 35461397200 ns, Reaching safepoint: 173000 ns, At safepoint: 81989100 ns, Total: 82162100 ns
[2024-02-06T13:08:29.422+0000][1536][gc,start    ] GC(696) Pause Young (Mixed) (G1 Evacuation Pause)
[2024-02-06T13:08:29.422+0000][1536][gc,task     ] GC(696) Using 8 workers of 8 for evacuation
[2024-02-06T13:08:29.422+0000][1536][gc,age      ] GC(696) Desired survivor size 14680064 bytes, new threshold 1 (max threshold 15)
[2024-02-06T13:08:29.637+0000][1536][gc,mmu      ] GC(696) MMU target violated: 201.0ms (200.0ms/201.0ms)
[2024-02-06T13:08:29.637+0000][1536][gc,phases   ] GC(696)   Pre Evacuate Collection Set: 0.3ms
[2024-02-06T13:08:29.637+0000][1536][gc,phases   ] GC(696)   Merge Heap Roots: 0.5ms
[2024-02-06T13:08:29.637+0000][1536][gc,phases   ] GC(696)   Evacuate Collection Set: 213.1ms
[2024-02-06T13:08:29.637+0000][1536][gc,phases   ] GC(696)   Post Evacuate Collection Set: 1.0ms
[2024-02-06T13:08:29.637+0000][1536][gc,phases   ] GC(696)   Other: 0.5ms
[2024-02-06T13:08:29.637+0000][1536][gc,age      ] GC(696) Age table with threshold 1 (max threshold 15)
[2024-02-06T13:08:29.637+0000][1536][gc,age      ] GC(696) - age   1:    1673728 bytes,    1673728 total
[2024-02-06T13:08:29.637+0000][1536][gc,heap     ] GC(696) Eden regions: 12->0(550)
[2024-02-06T13:08:29.637+0000][1536][gc,heap     ] GC(696) Survivor regions: 38->4(7)
[2024-02-06T13:08:29.637+0000][1536][gc,heap     ] GC(696) Old regions: 262->233
[2024-02-06T13:08:29.637+0000][1536][gc,heap     ] GC(696) Archive regions: 0->0
[2024-02-06T13:08:29.637+0000][1536][gc,heap     ] GC(696) Humongous regions: 2->2
[2024-02-06T13:08:29.637+0000][1536][gc,metaspace] GC(696) Metaspace: 132366K(138240K)->132366K(138240K) NonClass: 115314K(118976K)->115314K(118976K) Class: 17051K(19264K)->17051K(19264K)
[2024-02-06T13:08:29.637+0000][1536][gc          ] GC(696) Pause Young (Mixed) (G1 Evacuation Pause) 1252M->952M(4040M) 215.817ms
[2024-02-06T13:08:29.637+0000][1536][gc,cpu      ] GC(696) User=0.45s Sys=0.83s Real=0.22s
[2024-02-06T13:08:29.638+0000][1536][safepoint   ] Safepoint "G1CollectForAllocation", Time since last: 256959800 ns, Reaching safepoint: 136300 ns, At safepoint: 216235200 ns, Total: 216371500 ns
[2024-02-06T13:09:16.674+0000][1536][gc,start    ] GC(697) Pause Young (Normal) (G1 Evacuation Pause)
[2024-02-06T13:09:16.674+0000][1536][gc,task     ] GC(697) Using 8 workers of 8 for evacuation
[2024-02-06T13:09:16.674+0000][1536][gc,age      ] GC(697) Desired survivor size 146800640 bytes, new threshold 15 (max threshold 15)
[2024-02-06T13:09:16.721+0000][1536][gc,phases   ] GC(697)   Pre Evacuate Collection Set: 0.2ms
[2024-02-06T13:09:16.721+0000][1536][gc,phases   ] GC(697)   Merge Heap Roots: 0.2ms
[2024-02-06T13:09:16.721+0000][1536][gc,phases   ] GC(697)   Evacuate Collection Set: 37.2ms
[2024-02-06T13:09:16.721+0000][1536][gc,phases   ] GC(697)   Post Evacuate Collection Set: 1.4ms
[2024-02-06T13:09:16.721+0000][1536][gc,phases   ] GC(697)   Other: 0.3ms
[2024-02-06T13:09:16.721+0000][1536][gc,age      ] GC(697) Age table with threshold 15 (max threshold 15)
[2024-02-06T13:09:16.721+0000][1536][gc,age      ] GC(697) - age   1:   89618360 bytes,   89618360 total
[2024-02-06T13:09:16.721+0000][1536][gc,age      ] GC(697) - age   2:     912352 bytes,   90530712 total
[2024-02-06T13:09:16.721+0000][1536][gc,heap     ] GC(697) Eden regions: 550->0(533)
[2024-02-06T13:09:16.721+0000][1536][gc,heap     ] GC(697) Survivor regions: 4->23(70)
[2024-02-06T13:09:16.721+0000][1536][gc,heap     ] GC(697) Old regions: 233->233
[2024-02-06T13:09:16.721+0000][1536][gc,heap     ] GC(697) Archive regions: 0->0
[2024-02-06T13:09:16.721+0000][1536][gc,heap     ] GC(697) Humongous regions: 2->2
[2024-02-06T13:09:16.721+0000][1536][gc,metaspace] GC(697) Metaspace: 132366K(138240K)->132366K(138240K) NonClass: 115315K(118976K)->115315K(118976K) Class: 17051K(19264K)->17051K(19264K)
[2024-02-06T13:09:16.721+0000][1536][gc          ] GC(697) Pause Young (Normal) (G1 Evacuation Pause) 3152M->1028M(4040M) 39.847ms
[2024-02-06T13:09:16.721+0000][1536][gc,cpu      ] GC(697) User=0.27s Sys=0.06s Real=0.05s
[2024-02-06T13:09:16.721+0000][1536][safepoint   ] Safepoint "G1CollectForAllocation", Time since last: 47042718300 ns, Reaching safepoint: 181400 ns, At safepoint: 39991400 ns, Total: 40172800 ns
[2024-02-06T13:09:59.231+0000][1536][gc,start    ] GC(698) Pause Young (Normal) (G1 Evacuation Pause)
[2024-02-06T13:09:59.231+0000][1536][gc,task     ] GC(698) Using 8 workers of 8 for evacuation
[2024-02-06T13:09:59.231+0000][1536][gc,age      ] GC(698) Desired survivor size 146800640 bytes, new threshold 15 (max threshold 15)
[2024-02-06T13:09:59.295+0000][1536][gc,phases   ] GC(698)   Pre Evacuate Collection Set: 0.3ms
[2024-02-06T13:09:59.295+0000][1536][gc,phases   ] GC(698)   Merge Heap Roots: 0.3ms
[2024-02-06T13:09:59.295+0000][1536][gc,phases   ] GC(698)   Evacuate Collection Set: 59.4ms
[2024-02-06T13:09:59.295+0000][1536][gc,phases   ] GC(698)   Post Evacuate Collection Set: 1.3ms
[2024-02-06T13:09:59.295+0000][1536][gc,phases   ] GC(698)   Other: 0.4ms
[2024-02-06T13:09:59.295+0000][1536][gc,age      ] GC(698) Age table with threshold 15 (max threshold 15)
[2024-02-06T13:09:59.295+0000][1536][gc,age      ] GC(698) - age   1:   85747480 bytes,   85747480 total
[2024-02-06T13:09:59.295+0000][1536][gc,age      ] GC(698) - age   2:   75222664 bytes,  160970144 total
[2024-02-06T13:09:59.295+0000][1536][gc,age      ] GC(698) - age   3:     865320 bytes,  161835464 total
[2024-02-06T13:09:59.295+0000][1536][gc,heap     ] GC(698) Eden regions: 533->0(517)
[2024-02-06T13:09:59.295+0000][1536][gc,heap     ] GC(698) Survivor regions: 23->41(70)
[2024-02-06T13:09:59.295+0000][1536][gc,heap     ] GC(698) Old regions: 233->233
[2024-02-06T13:09:59.295+0000][1536][gc,heap     ] GC(698) Archive regions: 0->0
[2024-02-06T13:09:59.295+0000][1536][gc,heap     ] GC(698) Humongous regions: 2->2
[2024-02-06T13:09:59.295+0000][1536][gc,metaspace] GC(698) Metaspace: 132366K(138240K)->132366K(138240K) NonClass: 115315K(118976K)->115315K(118976K) Class: 17051K(19264K)->17051K(19264K)
[2024-02-06T13:09:59.295+0000][1536][gc          ] GC(698) Pause Young (Normal) (G1 Evacuation Pause) 3160M->1099M(4040M) 62.587ms
[2024-02-06T13:09:59.295+0000][1536][gc,cpu      ] GC(698) User=0.48s Sys=0.00s Real=0.06s
[2024-02-06T13:09:59.295+0000][1536][safepoint   ] Safepoint "G1CollectForAllocation", Time since last: 42512081800 ns, Reaching safepoint: 237200 ns, At safepoint: 62887900 ns, Total: 63125100 ns
[2024-02-06T13:10:00.297+0000][1536][safepoint   ] Safepoint "Cleanup", Time since last: 1000165500 ns, Reaching safepoint: 161000 ns, At safepoint: 21500 ns, Total: 182500 ns
[2024-02-06T13:10:24.387+0000][1536][gc,start    ] GC(699) Pause Young (Concurrent Start) (G1 Evacuation Pause)
[2024-02-06T13:10:24.387+0000][1536][gc,task     ] GC(699) Using 8 workers of 8 for evacuation
[2024-02-06T13:10:24.387+0000][1536][gc,age      ] GC(699) Desired survivor size 146800640 bytes, new threshold 2 (max threshold 15)
[2024-02-06T13:10:24.483+0000][1536][gc,phases   ] GC(699)   Pre Evacuate Collection Set: 0.6ms
[2024-02-06T13:10:24.483+0000][1536][gc,phases   ] GC(699)   Merge Heap Roots: 0.3ms
[2024-02-06T13:10:24.483+0000][1536][gc,phases   ] GC(699)   Evacuate Collection Set: 85.1ms
[2024-02-06T13:10:24.483+0000][1536][gc,phases   ] GC(699)   Post Evacuate Collection Set: 1.6ms
[2024-02-06T13:10:24.483+0000][1536][gc,phases   ] GC(699)   Other: 0.3ms
[2024-02-06T13:10:24.483+0000][1536][gc,age      ] GC(699) Age table with threshold 2 (max threshold 15)
[2024-02-06T13:10:24.483+0000][1536][gc,age      ] GC(699) - age   1:   89154288 bytes,   89154288 total
[2024-02-06T13:10:24.483+0000][1536][gc,age      ] GC(699) - age   2:   71948304 bytes,  161102592 total
[2024-02-06T13:10:24.483+0000][1536][gc,heap     ] GC(699) Eden regions: 517->0(503)
[2024-02-06T13:10:24.483+0000][1536][gc,heap     ] GC(699) Survivor regions: 41->40(70)
[2024-02-06T13:10:24.483+0000][1536][gc,heap     ] GC(699) Old regions: 233->248
[2024-02-06T13:10:24.483+0000][1536][gc,heap     ] GC(699) Archive regions: 0->0
[2024-02-06T13:10:24.483+0000][1536][gc,heap     ] GC(699) Humongous regions: 2->2
[2024-02-06T13:10:24.483+0000][1536][gc,metaspace] GC(699) Metaspace: 132366K(138240K)->132366K(138240K) NonClass: 115315K(118976K)->115315K(118976K) Class: 17051K(19264K)->17051K(19264K)
[2024-02-06T13:10:24.483+0000][1536][gc          ] GC(699) Pause Young (Concurrent Start) (G1 Evacuation Pause) 3167M->1157M(4040M) 88.539ms
[2024-02-06T13:10:24.483+0000][1536][gc,cpu      ] GC(699) User=0.62s Sys=0.08s Real=0.10s
[2024-02-06T13:10:24.483+0000][1536][gc          ] GC(700) Concurrent Mark Cycle
[2024-02-06T13:10:24.483+0000][1536][gc,marking  ] GC(700) Concurrent Clear Claimed Marks
[2024-02-06T13:10:24.483+0000][1536][safepoint   ] Safepoint "G1CollectForAllocation", Time since last: 24101551000 ns, Reaching safepoint: 143100 ns, At safepoint: 88903300 ns, Total: 89046400 ns
[2024-02-06T13:10:24.483+0000][1536][gc,marking  ] GC(700) Concurrent Clear Claimed Marks 0.230ms
[2024-02-06T13:10:24.488+0000][1536][gc,marking  ] GC(700) Concurrent Scan Root Regions
[2024-02-06T13:10:24.555+0000][1536][gc,marking  ] GC(700) Concurrent Scan Root Regions 68.130ms
[2024-02-06T13:10:24.555+0000][1536][gc,marking  ] GC(700) Concurrent Mark
[2024-02-06T13:10:24.555+0000][1536][gc,marking  ] GC(700) Concurrent Mark From Roots
[2024-02-06T13:10:24.555+0000][1536][gc,task     ] GC(700) Using 2 workers of 2 for marking
[2024-02-06T13:10:24.911+0000][1536][gc,marking  ] GC(700) Concurrent Mark From Roots 363.818ms
[2024-02-06T13:10:24.911+0000][1536][gc,marking  ] GC(700) Concurrent Preclean
[2024-02-06T13:10:24.911+0000][1536][gc,marking  ] GC(700) Concurrent Preclean 1.392ms
[2024-02-06T13:10:24.911+0000][1536][gc,start    ] GC(700) Pause Remark
[2024-02-06T13:10:24.937+0000][1536][gc          ] GC(700) Pause Remark 1243M->1243M(4040M) 19.766ms
[2024-02-06T13:10:24.937+0000][1536][gc,cpu      ] GC(700) User=0.12s Sys=0.00s Real=0.03s
[2024-02-06T13:10:24.942+0000][1536][safepoint   ] Safepoint "G1Concurrent", Time since last: 433865600 ns, Reaching safepoint: 123800 ns, At safepoint: 21224600 ns, Total: 21348400 ns
[2024-02-06T13:10:24.942+0000][1536][gc,marking  ] GC(700) Concurrent Mark 386.912ms
[2024-02-06T13:10:24.942+0000][1536][gc,marking  ] GC(700) Concurrent Rebuild Remembered Sets
[2024-02-06T13:10:25.181+0000][1536][gc,marking  ] GC(700) Concurrent Rebuild Remembered Sets 238.177ms
[2024-02-06T13:10:25.181+0000][1536][gc,start    ] GC(700) Pause Cleanup
[2024-02-06T13:10:25.183+0000][1536][gc          ] GC(700) Pause Cleanup 1283M->1283M(4040M) 2.099ms
[2024-02-06T13:10:25.183+0000][1536][gc,cpu      ] GC(700) User=0.00s Sys=0.00s Real=0.00s
[2024-02-06T13:10:25.183+0000][1536][safepoint   ] Safepoint "G1Concurrent", Time since last: 238456200 ns, Reaching safepoint: 98900 ns, At safepoint: 2255000 ns, Total: 2353900 ns
[2024-02-06T13:10:25.183+0000][1536][gc,marking  ] GC(700) Concurrent Cleanup for Next Mark
[2024-02-06T13:10:25.194+0000][1536][gc,marking  ] GC(700) Concurrent Cleanup for Next Mark 10.679ms
[2024-02-06T13:10:25.194+0000][1536][gc          ] GC(700) Concurrent Mark Cycle 707.137ms
[2024-02-06T13:10:44.411+0000][1536][gc,start    ] GC(701) Pause Young (Prepare Mixed) (G1 Evacuation Pause)
[2024-02-06T13:10:44.411+0000][1536][gc,task     ] GC(701) Using 8 workers of 8 for evacuation
[2024-02-06T13:10:44.411+0000][1536][gc,age      ] GC(701) Desired survivor size 142606336 bytes, new threshold 2 (max threshold 15)
[2024-02-06T13:10:44.496+0000][1536][gc,phases   ] GC(701)   Pre Evacuate Collection Set: 0.3ms
[2024-02-06T13:10:44.496+0000][1536][gc,phases   ] GC(701)   Merge Heap Roots: 0.6ms
[2024-02-06T13:10:44.496+0000][1536][gc,phases   ] GC(701)   Evacuate Collection Set: 79.4ms
[2024-02-06T13:10:44.496+0000][1536][gc,phases   ] GC(701)   Post Evacuate Collection Set: 1.5ms
[2024-02-06T13:10:44.496+0000][1536][gc,phases   ] GC(701)   Other: 0.4ms
[2024-02-06T13:10:44.496+0000][1536][gc,age      ] GC(701) Age table with threshold 2 (max threshold 15)
[2024-02-06T13:10:44.496+0000][1536][gc,age      ] GC(701) - age   1:   79628880 bytes,   79628880 total
[2024-02-06T13:10:44.496+0000][1536][gc,age      ] GC(701) - age   2:   70492784 bytes,  150121664 total
[2024-02-06T13:10:44.496+0000][1536][gc,heap     ] GC(701) Eden regions: 503->0(13)
[2024-02-06T13:10:44.496+0000][1536][gc,heap     ] GC(701) Survivor regions: 40->37(68)
[2024-02-06T13:10:44.496+0000][1536][gc,heap     ] GC(701) Old regions: 248->263
[2024-02-06T13:10:44.496+0000][1536][gc,heap     ] GC(701) Archive regions: 0->0
[2024-02-06T13:10:44.496+0000][1536][gc,heap     ] GC(701) Humongous regions: 2->2
[2024-02-06T13:10:44.496+0000][1536][gc,metaspace] GC(701) Metaspace: 132366K(138240K)->132366K(138240K) NonClass: 115315K(118976K)->115315K(118976K) Class: 17051K(19264K)->17051K(19264K)
[2024-02-06T13:10:44.496+0000][1536][gc          ] GC(701) Pause Young (Prepare Mixed) (G1 Evacuation Pause) 3169M->1206M(4040M) 83.028ms
[2024-02-06T13:10:44.496+0000][1536][gc,cpu      ] GC(701) User=0.50s Sys=0.05s Real=0.09s
[2024-02-06T13:10:44.496+0000][1536][safepoint   ] Safepoint "G1CollectForAllocation", Time since last: 19238619700 ns, Reaching safepoint: 205700 ns, At safepoint: 83283100 ns, Total: 83488800 ns
[2024-02-06T13:10:45.216+0000][1536][gc,start    ] GC(702) Pause Young (Mixed) (G1 Evacuation Pause)
[2024-02-06T13:10:45.216+0000][1536][gc,task     ] GC(702) Using 8 workers of 8 for evacuation
[2024-02-06T13:10:45.216+0000][1536][gc,age      ] GC(702) Desired survivor size 14680064 bytes, new threshold 1 (max threshold 15)
[2024-02-06T13:10:45.397+0000][1536][gc,phases   ] GC(702)   Pre Evacuate Collection Set: 0.2ms
[2024-02-06T13:10:45.397+0000][1536][gc,phases   ] GC(702)   Merge Heap Roots: 0.3ms
[2024-02-06T13:10:45.397+0000][1536][gc,phases   ] GC(702)   Evacuate Collection Set: 185.6ms
[2024-02-06T13:10:45.397+0000][1536][gc,phases   ] GC(702)   Post Evacuate Collection Set: 1.2ms
[2024-02-06T13:10:45.397+0000][1536][gc,phases   ] GC(702)   Other: 1.0ms
[2024-02-06T13:10:45.397+0000][1536][gc,age      ] GC(702) Age table with threshold 1 (max threshold 15)
[2024-02-06T13:10:45.397+0000][1536][gc,age      ] GC(702) - age   1:    2407792 bytes,    2407792 total
[2024-02-06T13:10:45.397+0000][1536][gc,heap     ] GC(702) Eden regions: 13->0(554)
[2024-02-06T13:10:45.397+0000][1536][gc,heap     ] GC(702) Survivor regions: 37->4(7)
[2024-02-06T13:10:45.397+0000][1536][gc,heap     ] GC(702) Old regions: 263->230
[2024-02-06T13:10:45.397+0000][1536][gc,heap     ] GC(702) Archive regions: 0->0
[2024-02-06T13:10:45.397+0000][1536][gc,heap     ] GC(702) Humongous regions: 2->2
[2024-02-06T13:10:45.397+0000][1536][gc,metaspace] GC(702) Metaspace: 132366K(138240K)->132366K(138240K) NonClass: 115315K(118976K)->115315K(118976K) Class: 17051K(19264K)->17051K(19264K)
[2024-02-06T13:10:45.397+0000][1536][gc          ] GC(702) Pause Young (Mixed) (G1 Evacuation Pause) 1258M->942M(4040M) 188.744ms
[2024-02-06T13:10:45.397+0000][1536][gc,cpu      ] GC(702) User=0.44s Sys=0.45s Real=0.18s
[2024-02-06T13:10:45.408+0000][1536][safepoint   ] Safepoint "G1CollectForAllocation", Time since last: 712190000 ns, Reaching safepoint: 151600 ns, At safepoint: 189633100 ns, Total: 189784700 ns
[2024-02-06T13:11:32.398+0000][1536][gc,start    ] GC(703) Pause Young (Normal) (G1 Evacuation Pause)
[2024-02-06T13:11:32.398+0000][1536][gc,task     ] GC(703) Using 8 workers of 8 for evacuation
[2024-02-06T13:11:32.398+0000][1536][gc,age      ] GC(703) Desired survivor size 146800640 bytes, new threshold 15 (max threshold 15)
[2024-02-06T13:11:32.438+0000][1536][gc,phases   ] GC(703)   Pre Evacuate Collection Set: 0.2ms
[2024-02-06T13:11:32.438+0000][1536][gc,phases   ] GC(703)   Merge Heap Roots: 0.2ms
[2024-02-06T13:11:32.438+0000][1536][gc,phases   ] GC(703)   Evacuate Collection Set: 38.0ms
[2024-02-06T13:11:32.438+0000][1536][gc,phases   ] GC(703)   Post Evacuate Collection Set: 1.7ms
[2024-02-06T13:11:32.438+0000][1536][gc,phases   ] GC(703)   Other: 0.2ms
[2024-02-06T13:11:32.438+0000][1536][gc,age      ] GC(703) Age table with threshold 15 (max threshold 15)
[2024-02-06T13:11:32.438+0000][1536][gc,age      ] GC(703) - age   1:   92586696 bytes,   92586696 total
[2024-02-06T13:11:32.438+0000][1536][gc,age      ] GC(703) - age   2:    1666808 bytes,   94253504 total
[2024-02-06T13:11:32.438+0000][1536][gc,heap     ] GC(703) Eden regions: 554->0(534)
[2024-02-06T13:11:32.438+0000][1536][gc,heap     ] GC(703) Survivor regions: 4->24(70)
[2024-02-06T13:11:32.438+0000][1536][gc,heap     ] GC(703) Old regions: 230->230
[2024-02-06T13:11:32.438+0000][1536][gc,heap     ] GC(703) Archive regions: 0->0
[2024-02-06T13:11:32.438+0000][1536][gc,heap     ] GC(703) Humongous regions: 2->2
[2024-02-06T13:11:32.438+0000][1536][gc,metaspace] GC(703) Metaspace: 132368K(138240K)->132368K(138240K) NonClass: 115317K(118976K)->115317K(118976K) Class: 17051K(19264K)->17051K(19264K)
[2024-02-06T13:11:32.438+0000][1536][gc          ] GC(703) Pause Young (Normal) (G1 Evacuation Pause) 3158M->1022M(4040M) 40.781ms
[2024-02-06T13:11:32.438+0000][1536][gc,cpu      ] GC(703) User=0.30s Sys=0.00s Real=0.04s
[2024-02-06T13:11:32.438+0000][1536][safepoint   ] Safepoint "G1CollectForAllocation", Time since last: 46995307400 ns, Reaching safepoint: 76600 ns, At safepoint: 40910400 ns, Total: 40987000 ns
[2024-02-06T19:08:56.702+0000][1536][safepoint   ] Safepoint "Cleanup", Time since last: 21449957946300 ns, Reaching safepoint: 156245700 ns, At safepoint: 207300 ns, Total: 156453000 ns
[2024-02-06T19:08:59.840+0000][1536][safepoint   ] Safepoint "Cleanup", Time since last: 3156458500 ns, Reaching safepoint: 46888600 ns, At safepoint: 418700 ns, Total: 47307300 ns
[2024-02-06T19:09:01.908+0000][1536][safepoint   ] Safepoint "Cleanup", Time since last: 2021244500 ns, Reaching safepoint: 46916400 ns, At safepoint: 154900 ns, Total: 47071300 ns
[2024-02-06T19:09:05.916+0000][1536][safepoint   ] Safepoint "Cleanup", Time since last: 4007157900 ns, Reaching safepoint: 160400 ns, At safepoint: 4600 ns, Total: 165000 ns
[2024-02-06T19:09:14.064+0000][1536][safepoint   ] Safepoint "Cleanup", Time since last: 8032333300 ns, Reaching safepoint: 115928500 ns, At safepoint: 243200 ns, Total: 116171700 ns
[2024-02-06T19:10:14.033+0000][1536][gc,start    ] GC(704) Pause Young (Normal) (G1 Evacuation Pause)
[2024-02-06T19:10:14.064+0000][1536][gc,task     ] GC(704) Using 8 workers of 8 for evacuation
[2024-02-06T19:10:14.064+0000][1536][gc,age      ] GC(704) Desired survivor size 146800640 bytes, new threshold 15 (max threshold 15)
[2024-02-06T19:10:14.142+0000][1536][gc,phases   ] GC(704)   Pre Evacuate Collection Set: 1.6ms
[2024-02-06T19:10:14.142+0000][1536][gc,phases   ] GC(704)   Merge Heap Roots: 0.8ms
[2024-02-06T19:10:14.142+0000][1536][gc,phases   ] GC(704)   Evacuate Collection Set: 50.5ms
[2024-02-06T19:10:14.142+0000][1536][gc,phases   ] GC(704)   Post Evacuate Collection Set: 21.0ms
[2024-02-06T19:10:14.142+0000][1536][gc,phases   ] GC(704)   Other: 25.1ms
[2024-02-06T19:10:14.142+0000][1536][gc,age      ] GC(704) Age table with threshold 15 (max threshold 15)
[2024-02-06T19:10:14.142+0000][1536][gc,age      ] GC(704) - age   1:   69314384 bytes,   69314384 total
[2024-02-06T19:10:14.142+0000][1536][gc,age      ] GC(704) - age   2:   85538696 bytes,  154853080 total
[2024-02-06T19:10:14.142+0000][1536][gc,age      ] GC(704) - age   3:    1596368 bytes,  156449448 total
[2024-02-06T19:10:14.142+0000][1536][gc,heap     ] GC(704) Eden regions: 534->0(523)
[2024-02-06T19:10:14.142+0000][1536][gc,heap     ] GC(704) Survivor regions: 24->39(70)
[2024-02-06T19:10:14.142+0000][1536][gc,heap     ] GC(704) Old regions: 230->230
[2024-02-06T19:10:14.142+0000][1536][gc,heap     ] GC(704) Archive regions: 0->0
[2024-02-06T19:10:14.142+0000][1536][gc,heap     ] GC(704) Humongous regions: 2->2
[2024-02-06T19:10:14.142+0000][1536][gc,metaspace] GC(704) Metaspace: 132370K(138240K)->132370K(138240K) NonClass: 115319K(118976K)->115319K(118976K) Class: 17051K(19264K)->17051K(19264K)
[2024-02-06T19:10:14.142+0000][1536][gc          ] GC(704) Pause Young (Normal) (G1 Evacuation Pause) 3158M->1082M(4040M) 111.720ms
[2024-02-06T19:10:14.142+0000][1536][gc,cpu      ] GC(704) User=0.38s Sys=0.08s Real=0.19s
[2024-02-06T19:10:14.142+0000][1536][safepoint   ] Safepoint "G1CollectForAllocation", Time since last: 59712691400 ns, Reaching safepoint: 162538100 ns, At safepoint: 212067400 ns, Total: 374605500 ns
[2024-02-06T19:10:16.556+0000][1536][safepoint   ] Safepoint "Cleanup", Time since last: 1996303700 ns, Reaching safepoint: 407241800 ns, At safepoint: 1356800 ns, Total: 408598600 ns
[2024-02-06T19:10:19.680+0000][1536][safepoint   ] Safepoint "Cleanup", Time since last: 3000790100 ns, Reaching safepoint: 122914400 ns, At safepoint: 273700 ns, Total: 123188100 ns
[2024-02-06T19:10:21.768+0000][1536][safepoint   ] Safepoint "Cleanup", Time since last: 2000693400 ns, Reaching safepoint: 85959600 ns, At safepoint: 1309400 ns, Total: 87269000 ns
[2024-02-06T19:10:31.957+0000][1536][safepoint   ] Safepoint "Cleanup", Time since last: 10088768800 ns, Reaching safepoint: 99423100 ns, At safepoint: 1052000 ns, Total: 100475100 ns
[2024-02-06T19:11:47.105+0000][1536][gc,start    ] GC(705) Pause Young (Concurrent Start) (G1 Evacuation Pause)
[2024-02-06T19:11:47.105+0000][1536][gc,task     ] GC(705) Using 8 workers of 8 for evacuation
[2024-02-06T19:11:47.105+0000][1536][gc,age      ] GC(705) Desired survivor size 148897792 bytes, new threshold 2 (max threshold 15)
[2024-02-06T19:11:47.425+0000][1536][gc,mmu      ] GC(705) MMU target violated: 201.0ms (200.0ms/201.0ms)
[2024-02-06T19:11:47.425+0000][1536][gc,phases   ] GC(705)   Pre Evacuate Collection Set: 68.5ms
[2024-02-06T19:11:47.425+0000][1536][gc,phases   ] GC(705)   Merge Heap Roots: 0.8ms
[2024-02-06T19:11:47.425+0000][1536][gc,phases   ] GC(705)   Evacuate Collection Set: 153.5ms
[2024-02-06T19:11:47.425+0000][1536][gc,phases   ] GC(705)   Post Evacuate Collection Set: 1.3ms
[2024-02-06T19:11:47.425+0000][1536][gc,phases   ] GC(705)   Other: 95.6ms
[2024-02-06T19:11:47.425+0000][1536][gc,age      ] GC(705) Age table with threshold 2 (max threshold 15)
[2024-02-06T19:11:47.425+0000][1536][gc,age      ] GC(705) - age   1:   51238224 bytes,   51238224 total
[2024-02-06T19:11:47.425+0000][1536][gc,age      ] GC(705) - age   2:   54958584 bytes,  106196808 total
[2024-02-06T19:11:47.425+0000][1536][gc,heap     ] GC(705) Eden regions: 523->0(328)
[2024-02-06T19:11:47.425+0000][1536][gc,heap     ] GC(705) Survivor regions: 39->28(71)
[2024-02-06T19:11:47.425+0000][1536][gc,heap     ] GC(705) Old regions: 230->251
[2024-02-06T19:11:47.425+0000][1536][gc,heap     ] GC(705) Archive regions: 0->0
[2024-02-06T19:11:47.425+0000][1536][gc,heap     ] GC(705) Humongous regions: 2->2
[2024-02-06T19:11:47.425+0000][1536][gc,metaspace] GC(705) Metaspace: 132404K(138240K)->132404K(138240K) NonClass: 115346K(118976K)->115346K(118976K) Class: 17057K(19264K)->17057K(19264K)
[2024-02-06T19:11:47.426+0000][1536][gc          ] GC(705) Pause Young (Concurrent Start) (G1 Evacuation Pause) 3174M->1120M(4040M) 320.575ms
[2024-02-06T19:11:47.426+0000][1536][gc,cpu      ] GC(705) User=0.19s Sys=0.12s Real=0.32s
[2024-02-06T19:11:47.426+0000][1536][safepoint   ] Safepoint "G1CollectForAllocation", Time since last: 75070662000 ns, Reaching safepoint: 76864900 ns, At safepoint: 321098300 ns, Total: 397963200 ns
[2024-02-06T19:11:47.427+0000][1536][gc          ] GC(706) Concurrent Mark Cycle
[2024-02-06T19:11:47.427+0000][1536][gc,marking  ] GC(706) Concurrent Clear Claimed Marks
[2024-02-06T19:11:47.427+0000][1536][gc,marking  ] GC(706) Concurrent Clear Claimed Marks 0.178ms
[2024-02-06T19:11:47.427+0000][1536][gc,marking  ] GC(706) Concurrent Scan Root Regions
[2024-02-06T19:11:47.558+0000][1536][gc,marking  ] GC(706) Concurrent Scan Root Regions 130.824ms
[2024-02-06T19:11:47.558+0000][1536][gc,marking  ] GC(706) Concurrent Mark
[2024-02-06T19:11:47.558+0000][1536][gc,marking  ] GC(706) Concurrent Mark From Roots
[2024-02-06T19:11:47.558+0000][1536][gc,task     ] GC(706) Using 2 workers of 2 for marking
[2024-02-06T19:11:48.458+0000][1536][gc,marking  ] GC(706) Concurrent Mark From Roots 900.658ms
[2024-02-06T19:11:48.458+0000][1536][gc,marking  ] GC(706) Concurrent Preclean
[2024-02-06T19:11:48.459+0000][1536][gc,marking  ] GC(706) Concurrent Preclean 1.105ms
[2024-02-06T19:11:48.637+0000][1536][gc,start    ] GC(706) Pause Remark
[2024-02-06T19:11:49.170+0000][1536][gc,mmu      ] GC(706) MMU target violated: 201.0ms (200.0ms/201.0ms)
[2024-02-06T19:11:49.170+0000][1536][gc          ] GC(706) Pause Remark 1171M->1171M(4040M) 544.007ms
[2024-02-06T19:11:49.170+0000][1536][gc,cpu      ] GC(706) User=0.03s Sys=0.12s Real=0.53s
[2024-02-06T19:11:49.182+0000][1536][safepoint   ] Safepoint "G1Concurrent", Time since last: 1033412700 ns, Reaching safepoint: 177600600 ns, At safepoint: 544827000 ns, Total: 722427600 ns
[2024-02-06T19:11:49.182+0000][1536][gc,marking  ] GC(706) Concurrent Mark 1624.375ms
[2024-02-06T19:11:49.182+0000][1536][gc,marking  ] GC(706) Concurrent Rebuild Remembered Sets
[2024-02-06T19:11:49.363+0000][1536][gc,marking  ] GC(706) Concurrent Rebuild Remembered Sets 180.709ms
[2024-02-06T19:11:49.536+0000][1536][gc,start    ] GC(706) Pause Cleanup
[2024-02-06T19:11:49.536+0000][1536][gc          ] GC(706) Pause Cleanup 1184M->1184M(4040M) 0.693ms
[2024-02-06T19:11:49.536+0000][1536][gc,cpu      ] GC(706) User=0.00s Sys=0.00s Real=0.00s
[2024-02-06T19:11:49.537+0000][1536][safepoint   ] Safepoint "G1Concurrent", Time since last: 180875500 ns, Reaching safepoint: 173101700 ns, At safepoint: 1512300 ns, Total: 174614000 ns
[2024-02-06T19:11:49.537+0000][1536][gc,marking  ] GC(706) Concurrent Cleanup for Next Mark
[2024-02-06T19:11:49.692+0000][1536][gc,marking  ] GC(706) Concurrent Cleanup for Next Mark 154.092ms
[2024-02-06T19:11:49.692+0000][1536][gc          ] GC(706) Concurrent Mark Cycle 2265.121ms
[2024-02-06T19:12:41.038+0000][1536][safepoint   ] Safepoint "Cleanup", Time since last: 51393561800 ns, Reaching safepoint: 106413800 ns, At safepoint: 856400 ns, Total: 107270200 ns
[2024-02-06T19:12:57.449+0000][1536][gc,start    ] GC(707) Pause Young (Prepare Mixed) (G1 Evacuation Pause)
[2024-02-06T19:12:57.449+0000][1536][gc,task     ] GC(707) Using 8 workers of 8 for evacuation
[2024-02-06T19:12:57.449+0000][1536][gc,age      ] GC(707) Desired survivor size 115343360 bytes, new threshold 15 (max threshold 15)
[2024-02-06T19:12:57.527+0000][1536][gc,phases   ] GC(707)   Pre Evacuate Collection Set: 0.6ms
[2024-02-06T19:12:57.527+0000][1536][gc,phases   ] GC(707)   Merge Heap Roots: 0.8ms
[2024-02-06T19:12:57.527+0000][1536][gc,phases   ] GC(707)   Evacuate Collection Set: 75.2ms
[2024-02-06T19:12:57.527+0000][1536][gc,phases   ] GC(707)   Post Evacuate Collection Set: 2.9ms
[2024-02-06T19:12:57.527+0000][1536][gc,phases   ] GC(707)   Other: 0.6ms
[2024-02-06T19:12:57.527+0000][1536][gc,age      ] GC(707) Age table with threshold 15 (max threshold 15)
[2024-02-06T19:12:57.527+0000][1536][gc,age      ] GC(707) - age   1:   38045880 bytes,   38045880 total
[2024-02-06T19:12:57.527+0000][1536][gc,age      ] GC(707) - age   2:   31922152 bytes,   69968032 total
[2024-02-06T19:12:57.527+0000][1536][gc,age      ] GC(707) - age   3:   36474304 bytes,  106442336 total
[2024-02-06T19:12:57.527+0000][1536][gc,heap     ] GC(707) Eden regions: 408->0(22)
[2024-02-06T19:12:57.527+0000][1536][gc,heap     ] GC(707) Survivor regions: 28->28(55)
[2024-02-06T19:12:57.527+0000][1536][gc,heap     ] GC(707) Old regions: 251->251
[2024-02-06T19:12:57.527+0000][1536][gc,heap     ] GC(707) Archive regions: 0->0
[2024-02-06T19:12:57.527+0000][1536][gc,heap     ] GC(707) Humongous regions: 2->2
[2024-02-06T19:12:57.527+0000][1536][gc,metaspace] GC(707) Metaspace: 132404K(138240K)->132404K(138240K) NonClass: 115346K(118976K)->115346K(118976K) Class: 17057K(19264K)->17057K(19264K)
[2024-02-06T19:12:57.527+0000][1536][gc          ] GC(707) Pause Young (Prepare Mixed) (G1 Evacuation Pause) 2752M->1118M(4040M) 81.154ms
[2024-02-06T19:12:57.527+0000][1536][gc,cpu      ] GC(707) User=0.55s Sys=0.02s Real=0.08s
[2024-02-06T19:12:57.527+0000][1536][safepoint   ] Safepoint "G1CollectForAllocation", Time since last: 16313571200 ns, Reaching safepoint: 96983500 ns, At safepoint: 81827000 ns, Total: 178810500 ns
[2024-02-06T19:12:58.884+0000][1536][gc,start    ] GC(708) Pause Young (Mixed) (G1 Evacuation Pause)
[2024-02-06T19:12:58.884+0000][1536][gc,task     ] GC(708) Using 8 workers of 8 for evacuation
[2024-02-06T19:12:58.884+0000][1536][gc,age      ] GC(708) Desired survivor size 14680064 bytes, new threshold 1 (max threshold 15)
[2024-02-06T19:12:59.312+0000][1536][gc,mmu      ] GC(708) MMU target violated: 201.0ms (200.0ms/201.0ms)
[2024-02-06T19:12:59.312+0000][1536][gc,phases   ] GC(708)   Pre Evacuate Collection Set: 0.5ms
[2024-02-06T19:12:59.312+0000][1536][gc,phases   ] GC(708)   Merge Heap Roots: 0.7ms
[2024-02-06T19:12:59.312+0000][1536][gc,phases   ] GC(708)   Evacuate Collection Set: 425.0ms
[2024-02-06T19:12:59.312+0000][1536][gc,phases   ] GC(708)   Post Evacuate Collection Set: 3.7ms
[2024-02-06T19:12:59.312+0000][1536][gc,phases   ] GC(708)   Other: 2.9ms
[2024-02-06T19:12:59.312+0000][1536][gc,age      ] GC(708) Age table with threshold 1 (max threshold 15)
[2024-02-06T19:12:59.312+0000][1536][gc,age      ] GC(708) - age   1:    2345328 bytes,    2345328 total
[2024-02-06T19:12:59.312+0000][1536][gc,heap     ] GC(708) Eden regions: 22->0(46)
[2024-02-06T19:12:59.312+0000][1536][gc,heap     ] GC(708) Survivor regions: 28->4(7)
[2024-02-06T19:12:59.312+0000][1536][gc,heap     ] GC(708) Old regions: 251->196
[2024-02-06T19:12:59.312+0000][1536][gc,heap     ] GC(708) Archive regions: 0->0
[2024-02-06T19:12:59.312+0000][1536][gc,heap     ] GC(708) Humongous regions: 2->2
[2024-02-06T19:12:59.312+0000][1536][gc,metaspace] GC(708) Metaspace: 132404K(138240K)->132404K(138240K) NonClass: 115346K(118976K)->115346K(118976K) Class: 17057K(19264K)->17057K(19264K)
[2024-02-06T19:12:59.312+0000][1536][gc          ] GC(708) Pause Young (Mixed) (G1 Evacuation Pause) 1206M->807M(4040M) 433.138ms
[2024-02-06T19:12:59.312+0000][1536][gc,cpu      ] GC(708) User=0.16s Sys=0.62s Real=0.43s
[2024-02-06T19:12:59.312+0000][1536][safepoint   ] Safepoint "G1CollectForAllocation", Time since last: 1301057100 ns, Reaching safepoint: 52230600 ns, At safepoint: 434659100 ns, Total: 486889700 ns
[2024-02-06T19:13:08.537+0000][1536][gc,start    ] GC(709) Pause Young (Mixed) (G1 Evacuation Pause)
[2024-02-06T19:13:08.537+0000][1536][gc,task     ] GC(709) Using 8 workers of 8 for evacuation
[2024-02-06T19:13:08.537+0000][1536][gc,age      ] GC(709) Desired survivor size 14680064 bytes, new threshold 15 (max threshold 15)
[2024-02-06T19:13:08.562+0000][1536][gc,phases   ] GC(709)   Pre Evacuate Collection Set: 0.4ms
[2024-02-06T19:13:08.562+0000][1536][gc,phases   ] GC(709)   Merge Heap Roots: 0.5ms
[2024-02-06T19:13:08.562+0000][1536][gc,phases   ] GC(709)   Evacuate Collection Set: 20.8ms
[2024-02-06T19:13:08.562+0000][1536][gc,phases   ] GC(709)   Post Evacuate Collection Set: 0.9ms
[2024-02-06T19:13:08.562+0000][1536][gc,phases   ] GC(709)   Other: 2.6ms
[2024-02-06T19:13:08.562+0000][1536][gc,age      ] GC(709) Age table with threshold 15 (max threshold 15)
[2024-02-06T19:13:08.562+0000][1536][gc,age      ] GC(709) - age   1:    7637760 bytes,    7637760 total
[2024-02-06T19:13:08.562+0000][1536][gc,age      ] GC(709) - age   2:    1636440 bytes,    9274200 total
[2024-02-06T19:13:08.562+0000][1536][gc,heap     ] GC(709) Eden regions: 46->0(554)
[2024-02-06T19:13:08.562+0000][1536][gc,heap     ] GC(709) Survivor regions: 4->3(7)
[2024-02-06T19:13:08.562+0000][1536][gc,heap     ] GC(709) Old regions: 196->194
[2024-02-06T19:13:08.562+0000][1536][gc,heap     ] GC(709) Archive regions: 0->0
[2024-02-06T19:13:08.562+0000][1536][gc,heap     ] GC(709) Humongous regions: 2->2
[2024-02-06T19:13:08.562+0000][1536][gc,metaspace] GC(709) Metaspace: 132404K(138240K)->132404K(138240K) NonClass: 115346K(118976K)->115346K(118976K) Class: 17057K(19264K)->17057K(19264K)
[2024-02-06T19:13:08.562+0000][1536][gc          ] GC(709) Pause Young (Mixed) (G1 Evacuation Pause) 991M->795M(4040M) 25.700ms
[2024-02-06T19:13:08.562+0000][1536][gc,cpu      ] GC(709) User=0.05s Sys=0.03s Real=0.03s
[2024-02-06T19:13:08.564+0000][1536][safepoint   ] Safepoint "G1CollectForAllocation", Time since last: 9073116000 ns, Reaching safepoint: 145511800 ns, At safepoint: 26619100 ns, Total: 172130900 ns
[2024-02-06T19:13:45.110+0000][1536][gc,start    ] GC(710) Pause Young (Normal) (G1 Evacuation Pause)
[2024-02-06T19:13:45.110+0000][1536][gc,task     ] GC(710) Using 8 workers of 8 for evacuation
[2024-02-06T19:13:45.110+0000][1536][gc,age      ] GC(710) Desired survivor size 146800640 bytes, new threshold 15 (max threshold 15)
[2024-02-06T19:13:45.146+0000][1536][gc,phases   ] GC(710)   Pre Evacuate Collection Set: 0.3ms
[2024-02-06T19:13:45.146+0000][1536][gc,phases   ] GC(710)   Merge Heap Roots: 0.4ms
[2024-02-06T19:13:45.146+0000][1536][gc,phases   ] GC(710)   Evacuate Collection Set: 26.5ms
[2024-02-06T19:13:45.146+0000][1536][gc,phases   ] GC(710)   Post Evacuate Collection Set: 2.1ms
[2024-02-06T19:13:45.146+0000][1536][gc,phases   ] GC(710)   Other: 0.3ms
[2024-02-06T19:13:45.146+0000][1536][gc,age      ] GC(710) Age table with threshold 15 (max threshold 15)
[2024-02-06T19:13:45.146+0000][1536][gc,age      ] GC(710) - age   1:   50789648 bytes,   50789648 total
[2024-02-06T19:13:45.146+0000][1536][gc,age      ] GC(710) - age   2:    2478576 bytes,   53268224 total
[2024-02-06T19:13:45.146+0000][1536][gc,age      ] GC(710) - age   3:     424280 bytes,   53692504 total
[2024-02-06T19:13:45.146+0000][1536][gc,heap     ] GC(710) Eden regions: 554->0(578)
[2024-02-06T19:13:45.146+0000][1536][gc,heap     ] GC(710) Survivor regions: 3->14(70)
[2024-02-06T19:13:45.146+0000][1536][gc,heap     ] GC(710) Old regions: 194->194
[2024-02-06T19:13:45.146+0000][1536][gc,heap     ] GC(710) Archive regions: 0->0
[2024-02-06T19:13:45.146+0000][1536][gc,heap     ] GC(710) Humongous regions: 2->2
[2024-02-06T19:13:45.146+0000][1536][gc,metaspace] GC(710) Metaspace: 132404K(138240K)->132404K(138240K) NonClass: 115346K(118976K)->115346K(118976K) Class: 17057K(19264K)->17057K(19264K)
[2024-02-06T19:13:45.146+0000][1536][gc          ] GC(710) Pause Young (Normal) (G1 Evacuation Pause) 3011M->837M(4040M) 30.261ms
[2024-02-06T19:13:45.146+0000][1536][gc,cpu      ] GC(710) User=0.23s Sys=0.00s Real=0.04s
[2024-02-06T19:13:45.146+0000][1536][safepoint   ] Safepoint "G1CollectForAllocation", Time since last: 36551899900 ns, Reaching safepoint: 221300 ns, At safepoint: 30519200 ns, Total: 30740500 ns
[2024-02-06T19:14:11.373+0000][1536][safepoint   ] Safepoint "Cleanup", Time since last: 26226020000 ns, Reaching safepoint: 198000 ns, At safepoint: 92900 ns, Total: 290900 ns
[2024-02-06T19:14:19.397+0000][1536][gc,start    ] GC(711) Pause Young (Normal) (G1 Evacuation Pause)
[2024-02-06T19:14:19.397+0000][1536][gc,task     ] GC(711) Using 8 workers of 8 for evacuation
[2024-02-06T19:14:19.397+0000][1536][gc,age      ] GC(711) Desired survivor size 155189248 bytes, new threshold 15 (max threshold 15)
[2024-02-06T19:14:19.640+0000][1536][gc,mmu      ] GC(711) MMU target violated: 201.0ms (200.0ms/201.0ms)
[2024-02-06T19:14:19.640+0000][1536][gc,phases   ] GC(711)   Pre Evacuate Collection Set: 0.4ms
[2024-02-06T19:14:19.640+0000][1536][gc,phases   ] GC(711)   Merge Heap Roots: 0.6ms
[2024-02-06T19:14:19.640+0000][1536][gc,phases   ] GC(711)   Evacuate Collection Set: 236.8ms
[2024-02-06T19:14:19.640+0000][1536][gc,phases   ] GC(711)   Post Evacuate Collection Set: 1.2ms
[2024-02-06T19:14:19.640+0000][1536][gc,phases   ] GC(711)   Other: 0.5ms
[2024-02-06T19:14:19.640+0000][1536][gc,age      ] GC(711) Age table with threshold 15 (max threshold 15)
[2024-02-06T19:14:19.640+0000][1536][gc,age      ] GC(711) - age   1:   56263864 bytes,   56263864 total
[2024-02-06T19:14:19.640+0000][1536][gc,age      ] GC(711) - age   2:   30070616 bytes,   86334480 total
[2024-02-06T19:14:19.640+0000][1536][gc,age      ] GC(711) - age   3:    2004160 bytes,   88338640 total
[2024-02-06T19:14:19.640+0000][1536][gc,age      ] GC(711) - age   4:     363576 bytes,   88702216 total
[2024-02-06T19:14:19.640+0000][1536][gc,heap     ] GC(711) Eden regions: 578->0(116)
[2024-02-06T19:14:19.640+0000][1536][gc,heap     ] GC(711) Survivor regions: 14->23(74)
[2024-02-06T19:14:19.640+0000][1536][gc,heap     ] GC(711) Old regions: 194->194
[2024-02-06T19:14:19.640+0000][1536][gc,heap     ] GC(711) Archive regions: 0->0
[2024-02-06T19:14:19.640+0000][1536][gc,heap     ] GC(711) Humongous regions: 2->2
[2024-02-06T19:14:19.640+0000][1536][gc,metaspace] GC(711) Metaspace: 132404K(138240K)->132404K(138240K) NonClass: 115346K(118976K)->115346K(118976K) Class: 17057K(19264K)->17057K(19264K)
[2024-02-06T19:14:19.640+0000][1536][gc          ] GC(711) Pause Young (Normal) (G1 Evacuation Pause) 3149M->873M(4040M) 239.958ms
[2024-02-06T19:14:19.640+0000][1536][gc,cpu      ] GC(711) User=0.17s Sys=0.72s Real=0.24s
[2024-02-06T19:14:19.640+0000][1536][safepoint   ] Safepoint "G1CollectForAllocation", Time since last: 8032004100 ns, Reaching safepoint: 176000 ns, At safepoint: 240313800 ns, Total: 240489800 ns
[2024-02-06T19:14:23.002+0000][1536][gc,start    ] GC(712) Pause Young (Concurrent Start) (G1 Evacuation Pause)
[2024-02-06T19:14:23.002+0000][1536][gc,task     ] GC(712) Using 8 workers of 8 for evacuation
[2024-02-06T19:14:23.002+0000][1536][gc,age      ] GC(712) Desired survivor size 37748736 bytes, new threshold 1 (max threshold 15)
[2024-02-06T19:14:23.230+0000][1536][gc,mmu      ] GC(712) MMU target violated: 201.0ms (200.0ms/201.0ms)
[2024-02-06T19:14:23.230+0000][1536][gc,phases   ] GC(712)   Pre Evacuate Collection Set: 0.5ms
[2024-02-06T19:14:23.230+0000][1536][gc,phases   ] GC(712)   Merge Heap Roots: 0.2ms
[2024-02-06T19:14:23.230+0000][1536][gc,phases   ] GC(712)   Evacuate Collection Set: 223.4ms
[2024-02-06T19:14:23.230+0000][1536][gc,phases   ] GC(712)   Post Evacuate Collection Set: 1.5ms
[2024-02-06T19:14:23.230+0000][1536][gc,phases   ] GC(712)   Other: 0.9ms
[2024-02-06T19:14:23.230+0000][1536][gc,age      ] GC(712) Age table with threshold 1 (max threshold 15)
[2024-02-06T19:14:23.230+0000][1536][gc,age      ] GC(712) - age   1:   19167368 bytes,   19167368 total
[2024-02-06T19:14:23.230+0000][1536][gc,heap     ] GC(712) Eden regions: 116->0(349)
[2024-02-06T19:14:23.230+0000][1536][gc,heap     ] GC(712) Survivor regions: 23->7(18)
[2024-02-06T19:14:23.230+0000][1536][gc,heap     ] GC(712) Old regions: 194->213
[2024-02-06T19:14:23.230+0000][1536][gc,heap     ] GC(712) Archive regions: 0->0
[2024-02-06T19:14:23.230+0000][1536][gc,heap     ] GC(712) Humongous regions: 2->2
[2024-02-06T19:14:23.230+0000][1536][gc,metaspace] GC(712) Metaspace: 132404K(138240K)->132404K(138240K) NonClass: 115346K(118976K)->115346K(118976K) Class: 17057K(19264K)->17057K(19264K)
[2024-02-06T19:14:23.230+0000][1536][gc          ] GC(712) Pause Young (Concurrent Start) (G1 Evacuation Pause) 1337M->885M(4040M) 227.069ms
[2024-02-06T19:14:23.230+0000][1536][gc          ] GC(713) Concurrent Mark Cycle
[2024-02-06T19:14:23.230+0000][1536][gc,cpu      ] GC(712) User=0.22s Sys=0.52s Real=0.23s
[2024-02-06T19:14:23.230+0000][1536][gc,marking  ] GC(713) Concurrent Clear Claimed Marks
[2024-02-06T19:14:23.230+0000][1536][gc,marking  ] GC(713) Concurrent Clear Claimed Marks 0.397ms
[2024-02-06T19:14:23.230+0000][1536][gc,marking  ] GC(713) Concurrent Scan Root Regions
[2024-02-06T19:14:23.230+0000][1536][safepoint   ] Safepoint "G1CollectForAllocation", Time since last: 3365149000 ns, Reaching safepoint: 155900 ns, At safepoint: 227747100 ns, Total: 227903000 ns
[2024-02-06T19:14:23.266+0000][1536][gc,marking  ] GC(713) Concurrent Scan Root Regions 29.600ms
[2024-02-06T19:14:23.266+0000][1536][gc,marking  ] GC(713) Concurrent Mark
[2024-02-06T19:14:23.266+0000][1536][gc,marking  ] GC(713) Concurrent Mark From Roots
[2024-02-06T19:14:23.266+0000][1536][gc,task     ] GC(713) Using 2 workers of 2 for marking
[2024-02-06T19:14:23.488+0000][1536][gc,marking  ] GC(713) Concurrent Mark From Roots 220.382ms
[2024-02-06T19:14:23.488+0000][1536][gc,marking  ] GC(713) Concurrent Preclean
[2024-02-06T19:14:23.489+0000][1536][gc,marking  ] GC(713) Concurrent Preclean 0.667ms
[2024-02-06T19:14:23.489+0000][1536][gc,start    ] GC(713) Pause Remark
[2024-02-06T19:14:23.499+0000][1536][gc          ] GC(713) Pause Remark 933M->917M(4040M) 10.176ms
[2024-02-06T19:14:23.499+0000][1536][gc,cpu      ] GC(713) User=0.00s Sys=0.00s Real=0.01s
[2024-02-06T19:14:23.499+0000][1536][safepoint   ] Safepoint "G1Concurrent", Time since last: 250841200 ns, Reaching safepoint: 67700 ns, At safepoint: 10332700 ns, Total: 10400400 ns
[2024-02-06T19:14:23.499+0000][1536][gc,marking  ] GC(713) Concurrent Mark 231.609ms
[2024-02-06T19:14:23.499+0000][1536][gc,marking  ] GC(713) Concurrent Rebuild Remembered Sets
[2024-02-06T19:14:23.620+0000][1536][gc,marking  ] GC(713) Concurrent Rebuild Remembered Sets 120.437ms
[2024-02-06T19:14:23.620+0000][1536][gc,start    ] GC(713) Pause Cleanup
[2024-02-06T19:14:23.621+0000][1536][gc          ] GC(713) Pause Cleanup 932M->932M(4040M) 1.087ms
[2024-02-06T19:14:23.621+0000][1536][gc,cpu      ] GC(713) User=0.00s Sys=0.00s Real=0.00s
[2024-02-06T19:14:23.621+0000][1536][safepoint   ] Safepoint "G1Concurrent", Time since last: 120574600 ns, Reaching safepoint: 55800 ns, At safepoint: 1168300 ns, Total: 1224100 ns
[2024-02-06T19:14:23.621+0000][1536][gc,marking  ] GC(713) Concurrent Cleanup for Next Mark
[2024-02-06T19:14:23.639+0000][1536][gc,marking  ] GC(713) Concurrent Cleanup for Next Mark 17.405ms
[2024-02-06T19:14:23.639+0000][1536][gc          ] GC(713) Concurrent Mark Cycle 401.126ms
[2024-02-06T19:14:45.293+0000][1536][gc,start    ] GC(714) Pause Young (Prepare Mixed) (G1 Evacuation Pause)
[2024-02-06T19:14:45.293+0000][1536][gc,task     ] GC(714) Using 8 workers of 8 for evacuation
[2024-02-06T19:14:45.293+0000][1536][gc,age      ] GC(714) Desired survivor size 109051904 bytes, new threshold 15 (max threshold 15)
[2024-02-06T19:14:45.341+0000][1536][gc,phases   ] GC(714)   Pre Evacuate Collection Set: 0.4ms
[2024-02-06T19:14:45.341+0000][1536][gc,phases   ] GC(714)   Merge Heap Roots: 0.4ms
[2024-02-06T19:14:45.341+0000][1536][gc,phases   ] GC(714)   Evacuate Collection Set: 32.9ms
[2024-02-06T19:14:45.341+0000][1536][gc,phases   ] GC(714)   Post Evacuate Collection Set: 2.2ms
[2024-02-06T19:14:45.341+0000][1536][gc,phases   ] GC(714)   Other: 2.6ms
[2024-02-06T19:14:45.341+0000][1536][gc,age      ] GC(714) Age table with threshold 15 (max threshold 15)
[2024-02-06T19:14:45.341+0000][1536][gc,age      ] GC(714) - age   1:   55529392 bytes,   55529392 total
[2024-02-06T19:14:45.341+0000][1536][gc,age      ] GC(714) - age   2:    7826512 bytes,   63355904 total
[2024-02-06T19:14:45.341+0000][1536][gc,heap     ] GC(714) Eden regions: 407->0(34)
[2024-02-06T19:14:45.341+0000][1536][gc,heap     ] GC(714) Survivor regions: 7->16(52)
[2024-02-06T19:14:45.341+0000][1536][gc,heap     ] GC(714) Old regions: 209->209
[2024-02-06T19:14:45.341+0000][1536][gc,heap     ] GC(714) Archive regions: 0->0
[2024-02-06T19:14:45.341+0000][1536][gc,heap     ] GC(714) Humongous regions: 2->2
[2024-02-06T19:14:45.341+0000][1536][gc,metaspace] GC(714) Metaspace: 132404K(138240K)->132404K(138240K) NonClass: 115346K(118976K)->115346K(118976K) Class: 17057K(19264K)->17057K(19264K)
[2024-02-06T19:14:45.341+0000][1536][gc          ] GC(714) Pause Young (Prepare Mixed) (G1 Evacuation Pause) 2497M->907M(4040M) 39.459ms
[2024-02-06T19:14:45.341+0000][1536][gc,cpu      ] GC(714) User=0.38s Sys=0.00s Real=0.05s
[2024-02-06T19:14:45.341+0000][1536][safepoint   ] Safepoint "G1CollectForAllocation", Time since last: 21681011000 ns, Reaching safepoint: 170300 ns, At safepoint: 39929900 ns, Total: 40100200 ns
[2024-02-06T19:14:51.976+0000][1536][gc,start    ] GC(715) Pause Young (Mixed) (G1 Evacuation Pause)
[2024-02-06T19:14:51.976+0000][1536][gc,task     ] GC(715) Using 8 workers of 8 for evacuation
[2024-02-06T19:14:51.976+0000][1536][gc,age      ] GC(715) Desired survivor size 14680064 bytes, new threshold 1 (max threshold 15)
[2024-02-06T19:14:52.097+0000][1536][gc,phases   ] GC(715)   Pre Evacuate Collection Set: 0.2ms
[2024-02-06T19:14:52.097+0000][1536][gc,phases   ] GC(715)   Merge Heap Roots: 0.2ms
[2024-02-06T19:14:52.097+0000][1536][gc,phases   ] GC(715)   Evacuate Collection Set: 119.8ms
[2024-02-06T19:14:52.097+0000][1536][gc,phases   ] GC(715)   Post Evacuate Collection Set: 1.2ms
[2024-02-06T19:14:52.097+0000][1536][gc,phases   ] GC(715)   Other: 0.2ms
[2024-02-06T19:14:52.097+0000][1536][gc,age      ] GC(715) Age table with threshold 1 (max threshold 15)
[2024-02-06T19:14:52.097+0000][1536][gc,age      ] GC(715) - age   1:    6124920 bytes,    6124920 total
[2024-02-06T19:14:52.097+0000][1536][gc,heap     ] GC(715) Eden regions: 34->0(603)
[2024-02-06T19:14:52.097+0000][1536][gc,heap     ] GC(715) Survivor regions: 16->3(7)
[2024-02-06T19:14:52.097+0000][1536][gc,heap     ] GC(715) Old regions: 209->147
[2024-02-06T19:14:52.097+0000][1536][gc,heap     ] GC(715) Archive regions: 0->0
[2024-02-06T19:14:52.097+0000][1536][gc,heap     ] GC(715) Humongous regions: 2->2
[2024-02-06T19:14:52.097+0000][1536][gc,metaspace] GC(715) Metaspace: 132404K(138240K)->132404K(138240K) NonClass: 115346K(118976K)->115346K(118976K) Class: 17057K(19264K)->17057K(19264K)
[2024-02-06T19:14:52.097+0000][1536][gc          ] GC(715) Pause Young (Mixed) (G1 Evacuation Pause) 1043M->605M(4040M) 121.961ms
[2024-02-06T19:14:52.097+0000][1536][gc,cpu      ] GC(715) User=0.09s Sys=0.19s Real=0.12s
[2024-02-06T19:14:52.100+0000][1536][safepoint   ] Safepoint "G1CollectForAllocation", Time since last: 6634615500 ns, Reaching safepoint: 109300 ns, At safepoint: 122396800 ns, Total: 122506100 ns
[2024-02-06T19:15:22.874+0000][1536][gc,start    ] GC(716) Pause Young (Normal) (G1 Evacuation Pause)
[2024-02-06T19:15:22.874+0000][1536][gc,task     ] GC(716) Using 8 workers of 8 for evacuation
[2024-02-06T19:15:22.874+0000][1536][gc,age      ] GC(716) Desired survivor size 159383552 bytes, new threshold 15 (max threshold 15)
[2024-02-06T19:15:23.197+0000][1536][gc,mmu      ] GC(716) MMU target violated: 201.0ms (200.0ms/201.0ms)
[2024-02-06T19:15:23.197+0000][1536][gc,phases   ] GC(716)   Pre Evacuate Collection Set: 0.4ms
[2024-02-06T19:15:23.197+0000][1536][gc,phases   ] GC(716)   Merge Heap Roots: 0.6ms
[2024-02-06T19:15:23.197+0000][1536][gc,phases   ] GC(716)   Evacuate Collection Set: 323.9ms
[2024-02-06T19:15:23.197+0000][1536][gc,phases   ] GC(716)   Post Evacuate Collection Set: 0.8ms
[2024-02-06T19:15:23.197+0000][1536][gc,phases   ] GC(716)   Other: 0.5ms
[2024-02-06T19:15:23.197+0000][1536][gc,age      ] GC(716) Age table with threshold 15 (max threshold 15)
[2024-02-06T19:15:23.197+0000][1536][gc,age      ] GC(716) - age   1:   78892072 bytes,   78892072 total
[2024-02-06T19:15:23.197+0000][1536][gc,age      ] GC(716) - age   2:    1775520 bytes,   80667592 total
[2024-02-06T19:15:23.197+0000][1536][gc,heap     ] GC(716) Eden regions: 603->0(67)
[2024-02-06T19:15:23.197+0000][1536][gc,heap     ] GC(716) Survivor regions: 3->20(76)
[2024-02-06T19:15:23.197+0000][1536][gc,heap     ] GC(716) Old regions: 147->147
[2024-02-06T19:15:23.197+0000][1536][gc,heap     ] GC(716) Archive regions: 0->0
[2024-02-06T19:15:23.197+0000][1536][gc,heap     ] GC(716) Humongous regions: 2->2
[2024-02-06T19:15:23.197+0000][1536][gc,metaspace] GC(716) Metaspace: 132404K(138240K)->132404K(138240K) NonClass: 115346K(118976K)->115346K(118976K) Class: 17057K(19264K)->17057K(19264K)
[2024-02-06T19:15:23.197+0000][1536][gc          ] GC(716) Pause Young (Normal) (G1 Evacuation Pause) 3017M->674M(4040M) 326.611ms
[2024-02-06T19:15:23.197+0000][1536][gc,cpu      ] GC(716) User=0.02s Sys=1.64s Real=0.32s
[2024-02-06T19:15:23.197+0000][1536][safepoint   ] Safepoint "G1CollectForAllocation", Time since last: 30774495300 ns, Reaching safepoint: 183200 ns, At safepoint: 326799900 ns, Total: 326983100 ns
[2024-02-06T19:15:25.350+0000][1536][gc,start    ] GC(717) Pause Young (Normal) (G1 Evacuation Pause)
[2024-02-06T19:15:25.350+0000][1536][gc,task     ] GC(717) Using 8 workers of 8 for evacuation
[2024-02-06T19:15:25.350+0000][1536][gc,age      ] GC(717) Desired survivor size 23068672 bytes, new threshold 1 (max threshold 15)
[2024-02-06T19:15:25.437+0000][1536][gc,phases   ] GC(717)   Pre Evacuate Collection Set: 0.3ms
[2024-02-06T19:15:25.437+0000][1536][gc,phases   ] GC(717)   Merge Heap Roots: 0.3ms
[2024-02-06T19:15:25.437+0000][1536][gc,phases   ] GC(717)   Evacuate Collection Set: 73.1ms
[2024-02-06T19:15:25.437+0000][1536][gc,phases   ] GC(717)   Post Evacuate Collection Set: 2.8ms
[2024-02-06T19:15:25.437+0000][1536][gc,phases   ] GC(717)   Other: 0.3ms
[2024-02-06T19:15:25.437+0000][1536][gc,age      ] GC(717) Age table with threshold 1 (max threshold 15)
[2024-02-06T19:15:25.437+0000][1536][gc,age      ] GC(717) - age   1:   11750272 bytes,   11750272 total
[2024-02-06T19:15:25.437+0000][1536][gc,heap     ] GC(717) Eden regions: 67->0(447)
[2024-02-06T19:15:25.437+0000][1536][gc,heap     ] GC(717) Survivor regions: 20->4(11)
[2024-02-06T19:15:25.437+0000][1536][gc,heap     ] GC(717) Old regions: 147->165
[2024-02-06T19:15:25.437+0000][1536][gc,heap     ] GC(717) Archive regions: 0->0
[2024-02-06T19:15:25.437+0000][1536][gc,heap     ] GC(717) Humongous regions: 2->2
[2024-02-06T19:15:25.437+0000][1536][gc,metaspace] GC(717) Metaspace: 132404K(138240K)->132404K(138240K) NonClass: 115346K(118976K)->115346K(118976K) Class: 17057K(19264K)->17057K(19264K)
[2024-02-06T19:15:25.437+0000][1536][gc          ] GC(717) Pause Young (Normal) (G1 Evacuation Pause) 942M->683M(4040M) 78.063ms
[2024-02-06T19:15:25.437+0000][1536][gc,cpu      ] GC(717) User=0.36s Sys=0.14s Real=0.09s
[2024-02-06T19:15:25.437+0000][1536][safepoint   ] Safepoint "G1CollectForAllocation", Time since last: 2162065500 ns, Reaching safepoint: 156800 ns, At safepoint: 79234400 ns, Total: 79391200 ns
[2024-02-06T19:15:41.147+0000][1536][gc,start    ] GC(718) Pause Young (Normal) (G1 Evacuation Pause)
[2024-02-06T19:15:41.147+0000][1536][gc,task     ] GC(718) Using 8 workers of 8 for evacuation
[2024-02-06T19:15:41.147+0000][1536][gc,age      ] GC(718) Desired survivor size 119537664 bytes, new threshold 15 (max threshold 15)
[2024-02-06T19:15:41.181+0000][1536][gc,phases   ] GC(718)   Pre Evacuate Collection Set: 0.4ms
[2024-02-06T19:15:41.181+0000][1536][gc,phases   ] GC(718)   Merge Heap Roots: 0.5ms
[2024-02-06T19:15:41.182+0000][1536][gc,phases   ] GC(718)   Evacuate Collection Set: 27.8ms
[2024-02-06T19:15:41.182+0000][1536][gc,phases   ] GC(718)   Post Evacuate Collection Set: 2.0ms
[2024-02-06T19:15:41.182+0000][1536][gc,phases   ] GC(718)   Other: 0.6ms
[2024-02-06T19:15:41.182+0000][1536][gc,age      ] GC(718) Age table with threshold 15 (max threshold 15)
[2024-02-06T19:15:41.182+0000][1536][gc,age      ] GC(718) - age   1:   63617584 bytes,   63617584 total
[2024-02-06T19:15:41.182+0000][1536][gc,age      ] GC(718) - age   2:    5196048 bytes,   68813632 total
[2024-02-06T19:15:41.182+0000][1536][gc,heap     ] GC(718) Eden regions: 447->0(265)
[2024-02-06T19:15:41.182+0000][1536][gc,heap     ] GC(718) Survivor regions: 4->18(57)
[2024-02-06T19:15:41.182+0000][1536][gc,heap     ] GC(718) Old regions: 165->165
[2024-02-06T19:15:41.182+0000][1536][gc,heap     ] GC(718) Archive regions: 0->0
[2024-02-06T19:15:41.182+0000][1536][gc,heap     ] GC(718) Humongous regions: 2->2
[2024-02-06T19:15:41.182+0000][1536][gc,metaspace] GC(718) Metaspace: 132404K(138240K)->132404K(138240K) NonClass: 115346K(118976K)->115346K(118976K) Class: 17057K(19264K)->17057K(19264K)
[2024-02-06T19:15:41.183+0000][1536][gc          ] GC(718) Pause Young (Normal) (G1 Evacuation Pause) 2471M->737M(4040M) 32.698ms
[2024-02-06T19:15:41.183+0000][1536][gc,cpu      ] GC(718) User=0.25s Sys=0.00s Real=0.04s
[2024-02-06T19:15:41.183+0000][1536][safepoint   ] Safepoint "G1CollectForAllocation", Time since last: 15707742900 ns, Reaching safepoint: 267400 ns, At safepoint: 33178200 ns, Total: 33445600 ns
[2024-02-06T19:15:49.942+0000][1536][gc,start    ] GC(719) Pause Young (Normal) (G1 Evacuation Pause)
[2024-02-06T19:15:49.942+0000][1536][gc,task     ] GC(719) Using 8 workers of 8 for evacuation
[2024-02-06T19:15:49.942+0000][1536][gc,age      ] GC(719) Desired survivor size 75497472 bytes, new threshold 15 (max threshold 15)
[2024-02-06T19:15:49.973+0000][1536][gc,phases   ] GC(719)   Pre Evacuate Collection Set: 0.5ms
[2024-02-06T19:15:49.973+0000][1536][gc,phases   ] GC(719)   Merge Heap Roots: 0.3ms
[2024-02-06T19:15:49.973+0000][1536][gc,phases   ] GC(719)   Evacuate Collection Set: 33.9ms
[2024-02-06T19:15:49.973+0000][1536][gc,phases   ] GC(719)   Post Evacuate Collection Set: 1.7ms
[2024-02-06T19:15:49.973+0000][1536][gc,phases   ] GC(719)   Other: 2.8ms
[2024-02-06T19:15:49.973+0000][1536][gc,age      ] GC(719) Age table with threshold 15 (max threshold 15)
[2024-02-06T19:15:49.973+0000][1536][gc,age      ] GC(719) - age   1:   45610368 bytes,   45610368 total
[2024-02-06T19:15:49.973+0000][1536][gc,age      ] GC(719) - age   2:   40789976 bytes,   86400344 total
[2024-02-06T19:15:49.973+0000][1536][gc,age      ] GC(719) - age   3:    4451336 bytes,   90851680 total
[2024-02-06T19:15:49.973+0000][1536][gc,heap     ] GC(719) Eden regions: 265->0(297)
[2024-02-06T19:15:49.973+0000][1536][gc,heap     ] GC(719) Survivor regions: 18->23(36)
[2024-02-06T19:15:49.973+0000][1536][gc,heap     ] GC(719) Old regions: 165->165
[2024-02-06T19:15:49.973+0000][1536][gc,heap     ] GC(719) Archive regions: 0->0
[2024-02-06T19:15:49.973+0000][1536][gc,heap     ] GC(719) Humongous regions: 2->2
[2024-02-06T19:15:49.973+0000][1536][gc,metaspace] GC(719) Metaspace: 132404K(138240K)->132404K(138240K) NonClass: 115346K(118976K)->115346K(118976K) Class: 17057K(19264K)->17057K(19264K)
[2024-02-06T19:15:49.973+0000][1536][gc          ] GC(719) Pause Young (Normal) (G1 Evacuation Pause) 1797M->759M(4040M) 40.093ms
[2024-02-06T19:15:49.973+0000][1536][gc,cpu      ] GC(719) User=0.25s Sys=0.00s Real=0.03s
[2024-02-06T19:15:49.973+0000][1536][safepoint   ] Safepoint "G1CollectForAllocation", Time since last: 8762701200 ns, Reaching safepoint: 231000 ns, At safepoint: 40434100 ns, Total: 40665100 ns
[2024-02-06T19:15:58.813+0000][1536][gc,start    ] GC(720) Pause Young (Normal) (G1 Evacuation Pause)
[2024-02-06T19:15:58.813+0000][1536][gc,task     ] GC(720) Using 8 workers of 8 for evacuation
[2024-02-06T19:15:58.813+0000][1536][gc,age      ] GC(720) Desired survivor size 83886080 bytes, new threshold 2 (max threshold 15)
[2024-02-06T19:15:58.866+0000][1536][gc,phases   ] GC(720)   Pre Evacuate Collection Set: 0.2ms
[2024-02-06T19:15:58.866+0000][1536][gc,phases   ] GC(720)   Merge Heap Roots: 0.1ms
[2024-02-06T19:15:58.866+0000][1536][gc,phases   ] GC(720)   Evacuate Collection Set: 45.6ms
[2024-02-06T19:15:58.866+0000][1536][gc,phases   ] GC(720)   Post Evacuate Collection Set: 1.1ms
[2024-02-06T19:15:58.866+0000][1536][gc,phases   ] GC(720)   Other: 0.2ms
[2024-02-06T19:15:58.866+0000][1536][gc,age      ] GC(720) Age table with threshold 2 (max threshold 15)
[2024-02-06T19:15:58.866+0000][1536][gc,age      ] GC(720) - age   1:   45592784 bytes,   45592784 total
[2024-02-06T19:15:58.866+0000][1536][gc,age      ] GC(720) - age   2:   31075248 bytes,   76668032 total
[2024-02-06T19:15:58.866+0000][1536][gc,heap     ] GC(720) Eden regions: 297->0(540)
[2024-02-06T19:15:58.866+0000][1536][gc,heap     ] GC(720) Survivor regions: 23->21(40)
[2024-02-06T19:15:58.866+0000][1536][gc,heap     ] GC(720) Old regions: 165->173
[2024-02-06T19:15:58.866+0000][1536][gc,heap     ] GC(720) Archive regions: 0->0
[2024-02-06T19:15:58.866+0000][1536][gc,heap     ] GC(720) Humongous regions: 2->2
[2024-02-06T19:15:58.866+0000][1536][gc,metaspace] GC(720) Metaspace: 132404K(138240K)->132404K(138240K) NonClass: 115346K(118976K)->115346K(118976K) Class: 17057K(19264K)->17057K(19264K)
[2024-02-06T19:15:58.866+0000][1536][gc          ] GC(720) Pause Young (Normal) (G1 Evacuation Pause) 1947M->783M(4040M) 47.534ms
[2024-02-06T19:15:58.866+0000][1536][gc,cpu      ] GC(720) User=0.25s Sys=0.03s Real=0.05s
[2024-02-06T19:15:58.866+0000][1536][safepoint   ] Safepoint "G1CollectForAllocation", Time since last: 8832898500 ns, Reaching safepoint: 111400 ns, At safepoint: 47731400 ns, Total: 47842800 ns
[2024-02-06T19:16:54.894+0000][1536][gc,start    ] GC(721) Pause Young (Normal) (G1 Evacuation Pause)
[2024-02-06T19:16:54.894+0000][1536][gc,task     ] GC(721) Using 8 workers of 8 for evacuation
[2024-02-06T19:16:54.894+0000][1536][gc,age      ] GC(721) Desired survivor size 148897792 bytes, new threshold 15 (max threshold 15)
[2024-02-06T19:16:54.954+0000][1536][gc,phases   ] GC(721)   Pre Evacuate Collection Set: 0.5ms
[2024-02-06T19:16:54.954+0000][1536][gc,phases   ] GC(721)   Merge Heap Roots: 0.5ms
[2024-02-06T19:16:54.954+0000][1536][gc,phases   ] GC(721)   Evacuate Collection Set: 57.1ms
[2024-02-06T19:16:54.954+0000][1536][gc,phases   ] GC(721)   Post Evacuate Collection Set: 2.6ms
[2024-02-06T19:16:54.954+0000][1536][gc,phases   ] GC(721)   Other: 0.7ms
[2024-02-06T19:16:54.954+0000][1536][gc,age      ] GC(721) Age table with threshold 15 (max threshold 15)
[2024-02-06T19:16:54.954+0000][1536][gc,age      ] GC(721) - age   1:   90651528 bytes,   90651528 total
[2024-02-06T19:16:54.954+0000][1536][gc,age      ] GC(721) - age   2:   18081160 bytes,  108732688 total
[2024-02-06T19:16:54.954+0000][1536][gc,age      ] GC(721) - age   3:   16443792 bytes,  125176480 total
[2024-02-06T19:16:54.954+0000][1536][gc,heap     ] GC(721) Eden regions: 540->0(443)
[2024-02-06T19:16:54.954+0000][1536][gc,heap     ] GC(721) Survivor regions: 21->32(71)
[2024-02-06T19:16:54.954+0000][1536][gc,heap     ] GC(721) Old regions: 173->173
[2024-02-06T19:16:54.954+0000][1536][gc,heap     ] GC(721) Archive regions: 0->0
[2024-02-06T19:16:54.954+0000][1536][gc,heap     ] GC(721) Humongous regions: 2->2
[2024-02-06T19:16:54.954+0000][1536][gc,metaspace] GC(721) Metaspace: 132404K(138240K)->132404K(138240K) NonClass: 115346K(118976K)->115346K(118976K) Class: 17057K(19264K)->17057K(19264K)
[2024-02-06T19:16:54.954+0000][1536][gc          ] GC(721) Pause Young (Normal) (G1 Evacuation Pause) 2943M->827M(4040M) 62.979ms
[2024-02-06T19:16:54.954+0000][1536][gc,cpu      ] GC(721) User=0.39s Sys=0.00s Real=0.06s
[2024-02-06T19:16:54.954+0000][1536][safepoint   ] Safepoint "G1CollectForAllocation", Time since last: 55983682300 ns, Reaching safepoint: 42814900 ns, At safepoint: 63616500 ns, Total: 106431400 ns
[2024-02-06T19:17:08.460+0000][1536][gc,start    ] GC(722) Pause Young (Normal) (G1 Evacuation Pause)
[2024-02-06T19:17:08.460+0000][1536][gc,task     ] GC(722) Using 8 workers of 8 for evacuation
[2024-02-06T19:17:08.460+0000][1536][gc,age      ] GC(722) Desired survivor size 125829120 bytes, new threshold 15 (max threshold 15)
[2024-02-06T19:17:08.522+0000][1536][gc,phases   ] GC(722)   Pre Evacuate Collection Set: 0.3ms
[2024-02-06T19:17:08.522+0000][1536][gc,phases   ] GC(722)   Merge Heap Roots: 0.5ms
[2024-02-06T19:17:08.522+0000][1536][gc,phases   ] GC(722)   Evacuate Collection Set: 62.5ms
[2024-02-06T19:17:08.522+0000][1536][gc,phases   ] GC(722)   Post Evacuate Collection Set: 2.1ms
[2024-02-06T19:17:08.522+0000][1536][gc,phases   ] GC(722)   Other: 0.4ms
[2024-02-06T19:17:08.522+0000][1536][gc,age      ] GC(722) Age table with threshold 15 (max threshold 15)
[2024-02-06T19:17:08.522+0000][1536][gc,age      ] GC(722) - age   1:   74116496 bytes,   74116496 total
[2024-02-06T19:17:08.522+0000][1536][gc,age      ] GC(722) - age   2:   49184400 bytes,  123300896 total
[2024-02-06T19:17:08.522+0000][1536][gc,age      ] GC(722) - age   3:   15370408 bytes,  138671304 total
[2024-02-06T19:17:08.522+0000][1536][gc,age      ] GC(722) - age   4:   15634464 bytes,  154305768 total
[2024-02-06T19:17:08.522+0000][1536][gc,heap     ] GC(722) Eden regions: 443->0(452)
[2024-02-06T19:17:08.522+0000][1536][gc,heap     ] GC(722) Survivor regions: 32->39(60)
[2024-02-06T19:17:08.522+0000][1536][gc,heap     ] GC(722) Old regions: 173->173
[2024-02-06T19:17:08.522+0000][1536][gc,heap     ] GC(722) Archive regions: 0->0
[2024-02-06T19:17:08.522+0000][1536][gc,heap     ] GC(722) Humongous regions: 2->2
[2024-02-06T19:17:08.522+0000][1536][gc,metaspace] GC(722) Metaspace: 132404K(138240K)->132404K(138240K) NonClass: 115346K(118976K)->115346K(118976K) Class: 17057K(19264K)->17057K(19264K)
[2024-02-06T19:17:08.522+0000][1536][gc          ] GC(722) Pause Young (Normal) (G1 Evacuation Pause) 2599M->855M(4040M) 67.195ms
[2024-02-06T19:17:08.522+0000][1536][gc,cpu      ] GC(722) User=0.47s Sys=0.02s Real=0.06s
[2024-02-06T19:17:08.522+0000][1536][safepoint   ] Safepoint "G1CollectForAllocation", Time since last: 13502536100 ns, Reaching safepoint: 156600 ns, At safepoint: 70070900 ns, Total: 70227500 ns
[2024-02-06T19:17:25.200+0000][1536][gc,start    ] GC(723) Pause Young (Normal) (G1 Evacuation Pause)
[2024-02-06T19:17:25.200+0000][1536][gc,task     ] GC(723) Using 8 workers of 8 for evacuation
[2024-02-06T19:17:25.200+0000][1536][gc,age      ] GC(723) Desired survivor size 130023424 bytes, new threshold 3 (max threshold 15)
[2024-02-06T19:17:25.256+0000][1536][gc,phases   ] GC(723)   Pre Evacuate Collection Set: 0.2ms
[2024-02-06T19:17:25.256+0000][1536][gc,phases   ] GC(723)   Merge Heap Roots: 0.2ms
[2024-02-06T19:17:25.256+0000][1536][gc,phases   ] GC(723)   Evacuate Collection Set: 53.2ms
[2024-02-06T19:17:25.256+0000][1536][gc,phases   ] GC(723)   Post Evacuate Collection Set: 1.0ms
[2024-02-06T19:17:25.256+0000][1536][gc,phases   ] GC(723)   Other: 2.0ms
[2024-02-06T19:17:25.256+0000][1536][gc,age      ] GC(723) Age table with threshold 3 (max threshold 15)
[2024-02-06T19:17:25.256+0000][1536][gc,age      ] GC(723) - age   1:   75798184 bytes,   75798184 total
[2024-02-06T19:17:25.256+0000][1536][gc,age      ] GC(723) - age   2:   43034288 bytes,  118832472 total
[2024-02-06T19:17:25.256+0000][1536][gc,age      ] GC(723) - age   3:   32612896 bytes,  151445368 total
[2024-02-06T19:17:25.256+0000][1536][gc,heap     ] GC(723) Eden regions: 452->0(568)
[2024-02-06T19:17:25.256+0000][1536][gc,heap     ] GC(723) Survivor regions: 39->38(62)
[2024-02-06T19:17:25.256+0000][1536][gc,heap     ] GC(723) Old regions: 173->181
[2024-02-06T19:17:25.256+0000][1536][gc,heap     ] GC(723) Archive regions: 0->0
[2024-02-06T19:17:25.256+0000][1536][gc,heap     ] GC(723) Humongous regions: 2->2
[2024-02-06T19:17:25.256+0000][1536][gc,metaspace] GC(723) Metaspace: 132404K(138240K)->132404K(138240K) NonClass: 115346K(118976K)->115346K(118976K) Class: 17057K(19264K)->17057K(19264K)
[2024-02-06T19:17:25.256+0000][1536][gc          ] GC(723) Pause Young (Normal) (G1 Evacuation Pause) 2663M->881M(4040M) 56.974ms
[2024-02-06T19:17:25.256+0000][1536][gc,cpu      ] GC(723) User=0.25s Sys=0.06s Real=0.06s
[2024-02-06T19:17:25.256+0000][1536][safepoint   ] Safepoint "G1CollectForAllocation", Time since last: 16668523000 ns, Reaching safepoint: 106600 ns, At safepoint: 57272000 ns, Total: 57378600 ns
[2024-02-06T19:18:08.271+0000][1536][safepoint   ] Safepoint "Cleanup", Time since last: 41332042400 ns, Reaching safepoint: 1675792300 ns, At safepoint: 9475900 ns, Total: 1685268200 ns
[2024-02-06T19:18:13.319+0000][1536][safepoint   ] Safepoint "Cleanup", Time since last: 5029700100 ns, Reaching safepoint: 15739500 ns, At safepoint: 110500 ns, Total: 15850000 ns
[2024-02-06T19:18:20.608+0000][1536][safepoint   ] Safepoint "Cleanup", Time since last: 7046784000 ns, Reaching safepoint: 241385800 ns, At safepoint: 1166300 ns, Total: 242552100 ns
[2024-02-06T19:18:42.061+0000][1536][gc,start    ] GC(724) Pause Young (Normal) (G1 Evacuation Pause)
[2024-02-06T19:18:42.061+0000][1536][gc,task     ] GC(724) Using 8 workers of 8 for evacuation
[2024-02-06T19:18:42.061+0000][1536][gc,age      ] GC(724) Desired survivor size 159383552 bytes, new threshold 15 (max threshold 15)
[2024-02-06T19:18:42.589+0000][1536][gc,mmu      ] GC(724) MMU target violated: 201.0ms (200.0ms/201.0ms)
[2024-02-06T19:18:42.589+0000][1536][gc,phases   ] GC(724)   Pre Evacuate Collection Set: 0.5ms
[2024-02-06T19:18:42.589+0000][1536][gc,phases   ] GC(724)   Merge Heap Roots: 0.6ms
[2024-02-06T19:18:42.589+0000][1536][gc,phases   ] GC(724)   Evacuate Collection Set: 518.9ms
[2024-02-06T19:18:42.589+0000][1536][gc,phases   ] GC(724)   Post Evacuate Collection Set: 0.8ms
[2024-02-06T19:18:42.589+0000][1536][gc,phases   ] GC(724)   Other: 3.0ms
[2024-02-06T19:18:42.589+0000][1536][gc,age      ] GC(724) Age table with threshold 15 (max threshold 15)
[2024-02-06T19:18:42.589+0000][1536][gc,age      ] GC(724) - age   1:   95243128 bytes,   95243128 total
[2024-02-06T19:18:42.589+0000][1536][gc,age      ] GC(724) - age   2:   41547800 bytes,  136790928 total
[2024-02-06T19:18:42.589+0000][1536][gc,age      ] GC(724) - age   3:   23082976 bytes,  159873904 total
[2024-02-06T19:18:42.589+0000][1536][gc,age      ] GC(724) - age   4:   30187048 bytes,  190060952 total
[2024-02-06T19:18:42.589+0000][1536][gc,heap     ] GC(724) Eden regions: 568->0(2)
[2024-02-06T19:18:42.589+0000][1536][gc,heap     ] GC(724) Survivor regions: 38->48(76)
[2024-02-06T19:18:42.589+0000][1536][gc,heap     ] GC(724) Old regions: 181->181
[2024-02-06T19:18:42.589+0000][1536][gc,heap     ] GC(724) Archive regions: 0->0
[2024-02-06T19:18:42.589+0000][1536][gc,heap     ] GC(724) Humongous regions: 2->2
[2024-02-06T19:18:42.589+0000][1536][gc,metaspace] GC(724) Metaspace: 132411K(138240K)->132411K(138240K) NonClass: 115353K(118976K)->115353K(118976K) Class: 17058K(19264K)->17058K(19264K)
[2024-02-06T19:18:42.589+0000][1536][gc          ] GC(724) Pause Young (Normal) (G1 Evacuation Pause) 3153M->920M(4040M) 524.150ms
[2024-02-06T19:18:42.589+0000][1536][gc,cpu      ] GC(724) User=0.33s Sys=2.53s Real=0.53s
[2024-02-06T19:18:42.589+0000][1536][safepoint   ] Safepoint "G1CollectForAllocation", Time since last: 21456437900 ns, Reaching safepoint: 157500 ns, At safepoint: 524362200 ns, Total: 524519700 ns
[2024-02-06T19:18:42.589+0000][1536][gc,start    ] GC(725) Pause Young (Concurrent Start) (G1 Evacuation Pause)
[2024-02-06T19:18:42.589+0000][1536][gc,task     ] GC(725) Using 8 workers of 8 for evacuation
[2024-02-06T19:18:42.589+0000][1536][gc,age      ] GC(725) Desired survivor size 14680064 bytes, new threshold 1 (max threshold 15)
[2024-02-06T19:18:42.923+0000][1536][gc,mmu      ] GC(725) MMU target violated: 201.0ms (200.0ms/201.0ms)
[2024-02-06T19:18:42.923+0000][1536][gc,phases   ] GC(725)   Pre Evacuate Collection Set: 0.7ms
[2024-02-06T19:18:42.923+0000][1536][gc,phases   ] GC(725)   Merge Heap Roots: 0.1ms
[2024-02-06T19:18:42.923+0000][1536][gc,phases   ] GC(725)   Evacuate Collection Set: 330.4ms
[2024-02-06T19:18:42.923+0000][1536][gc,phases   ] GC(725)   Post Evacuate Collection Set: 1.5ms
[2024-02-06T19:18:42.923+0000][1536][gc,phases   ] GC(725)   Other: 0.3ms
[2024-02-06T19:18:42.923+0000][1536][gc,age      ] GC(725) Age table with threshold 1 (max threshold 15)
[2024-02-06T19:18:42.923+0000][1536][gc,age      ] GC(725) - age   1:       2688 bytes,       2688 total
[2024-02-06T19:18:42.923+0000][1536][gc,heap     ] GC(725) Eden regions: 2->0(528)
[2024-02-06T19:18:42.923+0000][1536][gc,heap     ] GC(725) Survivor regions: 48->3(7)
[2024-02-06T19:18:42.923+0000][1536][gc,heap     ] GC(725) Old regions: 181->227
[2024-02-06T19:18:42.923+0000][1536][gc,heap     ] GC(725) Archive regions: 0->0
[2024-02-06T19:18:42.923+0000][1536][gc,heap     ] GC(725) Humongous regions: 2->2
[2024-02-06T19:18:42.923+0000][1536][gc,metaspace] GC(725) Metaspace: 132411K(138240K)->132411K(138240K) NonClass: 115353K(118976K)->115353K(118976K) Class: 17058K(19264K)->17058K(19264K)
[2024-02-06T19:18:42.923+0000][1536][gc          ] GC(725) Pause Young (Concurrent Start) (G1 Evacuation Pause) 928M->923M(4040M) 333.095ms
[2024-02-06T19:18:42.923+0000][1536][gc          ] GC(726) Concurrent Mark Cycle
[2024-02-06T19:18:42.923+0000][1536][gc,cpu      ] GC(725) User=0.08s Sys=1.09s Real=0.33s
[2024-02-06T19:18:42.923+0000][1536][gc,marking  ] GC(726) Concurrent Clear Claimed Marks
[2024-02-06T19:18:42.923+0000][1536][gc,marking  ] GC(726) Concurrent Clear Claimed Marks 0.222ms
[2024-02-06T19:18:42.923+0000][1536][gc,marking  ] GC(726) Concurrent Scan Root Regions
[2024-02-06T19:18:42.925+0000][1536][safepoint   ] Safepoint "G1CollectForAllocation", Time since last: 197500 ns, Reaching safepoint: 29500 ns, At safepoint: 334562300 ns, Total: 334591800 ns
[2024-02-06T19:18:42.940+0000][1536][gc,marking  ] GC(726) Concurrent Scan Root Regions 16.072ms
[2024-02-06T19:18:42.940+0000][1536][gc,marking  ] GC(726) Concurrent Mark
[2024-02-06T19:18:42.940+0000][1536][gc,marking  ] GC(726) Concurrent Mark From Roots
[2024-02-06T19:18:42.940+0000][1536][gc,task     ] GC(726) Using 2 workers of 2 for marking
[2024-02-06T19:18:43.109+0000][1536][gc,marking  ] GC(726) Concurrent Mark From Roots 170.302ms
[2024-02-06T19:18:43.109+0000][1536][gc,marking  ] GC(726) Concurrent Preclean
[2024-02-06T19:18:43.110+0000][1536][gc,marking  ] GC(726) Concurrent Preclean 0.683ms
[2024-02-06T19:18:43.110+0000][1536][gc,start    ] GC(726) Pause Remark
[2024-02-06T19:18:43.119+0000][1536][gc          ] GC(726) Pause Remark 971M->971M(4040M) 8.645ms
[2024-02-06T19:18:43.119+0000][1536][gc,cpu      ] GC(726) User=0.00s Sys=0.00s Real=0.01s
[2024-02-06T19:18:43.119+0000][1536][safepoint   ] Safepoint "G1Concurrent", Time since last: 186061400 ns, Reaching safepoint: 56100 ns, At safepoint: 8824400 ns, Total: 8880500 ns
[2024-02-06T19:18:43.119+0000][1536][gc,marking  ] GC(726) Concurrent Mark 180.000ms
[2024-02-06T19:18:43.119+0000][1536][gc,marking  ] GC(726) Concurrent Rebuild Remembered Sets
[2024-02-06T19:18:43.252+0000][1536][gc,marking  ] GC(726) Concurrent Rebuild Remembered Sets 132.690ms
[2024-02-06T19:18:43.252+0000][1536][gc,start    ] GC(726) Pause Cleanup
[2024-02-06T19:18:43.252+0000][1536][gc          ] GC(726) Pause Cleanup 1003M->1003M(4040M) 0.221ms
[2024-02-06T19:18:43.252+0000][1536][gc,cpu      ] GC(726) User=0.00s Sys=0.00s Real=0.00s
[2024-02-06T19:18:43.252+0000][1536][safepoint   ] Safepoint "G1Concurrent", Time since last: 132799100 ns, Reaching safepoint: 109300 ns, At safepoint: 280800 ns, Total: 390100 ns
[2024-02-06T19:18:43.252+0000][1536][gc,marking  ] GC(726) Concurrent Cleanup for Next Mark
[2024-02-06T19:18:44.207+0000][1536][gc,marking  ] GC(726) Concurrent Cleanup for Next Mark 934.615ms
[2024-02-06T19:18:44.266+0000][1536][gc          ] GC(726) Concurrent Mark Cycle 1358.541ms
[2024-02-06T19:19:03.052+0000][1536][gc,start    ] GC(727) Pause Young (Prepare Mixed) (G1 Evacuation Pause)
[2024-02-06T19:19:03.083+0000][1536][gc,task     ] GC(727) Using 8 workers of 8 for evacuation
[2024-02-06T19:19:03.083+0000][1536][gc,age      ] GC(727) Desired survivor size 153092096 bytes, new threshold 15 (max threshold 15)
[2024-02-06T19:19:03.214+0000][1536][gc,phases   ] GC(727)   Pre Evacuate Collection Set: 1.4ms
[2024-02-06T19:19:03.214+0000][1536][gc,phases   ] GC(727)   Merge Heap Roots: 2.2ms
[2024-02-06T19:19:03.214+0000][1536][gc,phases   ] GC(727)   Evacuate Collection Set: 105.6ms
[2024-02-06T19:19:03.214+0000][1536][gc,phases   ] GC(727)   Post Evacuate Collection Set: 3.8ms
[2024-02-06T19:19:03.214+0000][1536][gc,phases   ] GC(727)   Other: 36.2ms
[2024-02-06T19:19:03.214+0000][1536][gc,age      ] GC(727) Age table with threshold 15 (max threshold 15)
[2024-02-06T19:19:03.214+0000][1536][gc,age      ] GC(727) - age   1:   95889032 bytes,   95889032 total
[2024-02-06T19:19:03.214+0000][1536][gc,age      ] GC(727) - age   2:       1648 bytes,   95890680 total
[2024-02-06T19:19:03.214+0000][1536][gc,heap     ] GC(727) Eden regions: 576->0(26)
[2024-02-06T19:19:03.214+0000][1536][gc,heap     ] GC(727) Survivor regions: 3->24(73)
[2024-02-06T19:19:03.214+0000][1536][gc,heap     ] GC(727) Old regions: 227->227
[2024-02-06T19:19:03.214+0000][1536][gc,heap     ] GC(727) Archive regions: 0->0
[2024-02-06T19:19:03.214+0000][1536][gc,heap     ] GC(727) Humongous regions: 2->2
[2024-02-06T19:19:03.214+0000][1536][gc,metaspace] GC(727) Metaspace: 132411K(138240K)->132411K(138240K) NonClass: 115353K(118976K)->115353K(118976K) Class: 17058K(19264K)->17058K(19264K)
[2024-02-06T19:19:03.214+0000][1536][gc          ] GC(727) Pause Young (Prepare Mixed) (G1 Evacuation Pause) 3227M->1009M(4040M) 188.453ms
[2024-02-06T19:19:03.214+0000][1536][gc,cpu      ] GC(727) User=0.47s Sys=0.06s Real=0.18s
[2024-02-06T19:19:03.214+0000][1536][safepoint   ] Safepoint "G1CollectForAllocation", Time since last: 19781589500 ns, Reaching safepoint: 326400 ns, At safepoint: 189971800 ns, Total: 190298200 ns
[2024-02-06T19:19:03.755+0000][1536][gc,start    ] GC(728) Pause Young (Mixed) (G1 Evacuation Pause)
[2024-02-06T19:19:03.755+0000][1536][gc,task     ] GC(728) Using 8 workers of 8 for evacuation
[2024-02-06T19:19:03.755+0000][1536][gc,age      ] GC(728) Desired survivor size 14680064 bytes, new threshold 1 (max threshold 15)
[2024-02-06T19:19:03.974+0000][1536][gc,mmu      ] GC(728) MMU target violated: 201.0ms (200.0ms/201.0ms)
[2024-02-06T19:19:03.974+0000][1536][gc,phases   ] GC(728)   Pre Evacuate Collection Set: 0.1ms
[2024-02-06T19:19:03.974+0000][1536][gc,phases   ] GC(728)   Merge Heap Roots: 0.3ms
[2024-02-06T19:19:03.974+0000][1536][gc,phases   ] GC(728)   Evacuate Collection Set: 211.8ms
[2024-02-06T19:19:03.974+0000][1536][gc,phases   ] GC(728)   Post Evacuate Collection Set: 1.5ms
[2024-02-06T19:19:03.974+0000][1536][gc,phases   ] GC(728)   Other: 0.2ms
[2024-02-06T19:19:03.974+0000][1536][gc,age      ] GC(728) Age table with threshold 1 (max threshold 15)
[2024-02-06T19:19:03.974+0000][1536][gc,age      ] GC(728) - age   1:    5756256 bytes,    5756256 total
[2024-02-06T19:19:03.974+0000][1536][gc,heap     ] GC(728) Eden regions: 26->0(588)
[2024-02-06T19:19:03.974+0000][1536][gc,heap     ] GC(728) Survivor regions: 24->3(7)
[2024-02-06T19:19:03.974+0000][1536][gc,heap     ] GC(728) Old regions: 227->207
[2024-02-06T19:19:03.974+0000][1536][gc,heap     ] GC(728) Archive regions: 0->0
[2024-02-06T19:19:03.974+0000][1536][gc,heap     ] GC(728) Humongous regions: 2->2
[2024-02-06T19:19:03.974+0000][1536][gc,metaspace] GC(728) Metaspace: 132411K(138240K)->132411K(138240K) NonClass: 115353K(118976K)->115353K(118976K) Class: 17058K(19264K)->17058K(19264K)
[2024-02-06T19:19:03.974+0000][1536][gc          ] GC(728) Pause Young (Mixed) (G1 Evacuation Pause) 1113M->847M(4040M) 214.089ms
[2024-02-06T19:19:03.974+0000][1536][gc,cpu      ] GC(728) User=0.25s Sys=0.41s Real=0.22s
[2024-02-06T19:19:03.976+0000][1536][safepoint   ] Safepoint "G1CollectForAllocation", Time since last: 536039400 ns, Reaching safepoint: 160200 ns, At safepoint: 214692000 ns, Total: 214852200 ns
[2024-02-06T19:19:22.732+0000][1536][gc,start    ] GC(729) Pause Young (Concurrent Start) (G1 Evacuation Pause)
[2024-02-06T19:19:22.732+0000][1536][gc,task     ] GC(729) Using 8 workers of 8 for evacuation
[2024-02-06T19:19:22.732+0000][1536][gc,age      ] GC(729) Desired survivor size 155189248 bytes, new threshold 15 (max threshold 15)
[2024-02-06T19:19:22.802+0000][1536][gc,phases   ] GC(729)   Pre Evacuate Collection Set: 0.5ms
[2024-02-06T19:19:22.802+0000][1536][gc,phases   ] GC(729)   Merge Heap Roots: 0.2ms
[2024-02-06T19:19:22.802+0000][1536][gc,phases   ] GC(729)   Evacuate Collection Set: 61.6ms
[2024-02-06T19:19:22.802+0000][1536][gc,phases   ] GC(729)   Post Evacuate Collection Set: 1.0ms
[2024-02-06T19:19:22.802+0000][1536][gc,phases   ] GC(729)   Other: 0.2ms
[2024-02-06T19:19:22.802+0000][1536][gc,age      ] GC(729) Age table with threshold 15 (max threshold 15)
[2024-02-06T19:19:22.802+0000][1536][gc,age      ] GC(729) - age   1:  106884792 bytes,  106884792 total
[2024-02-06T19:19:22.802+0000][1536][gc,age      ] GC(729) - age   2:    4734816 bytes,  111619608 total
[2024-02-06T19:19:22.802+0000][1536][gc,heap     ] GC(729) Eden regions: 588->0(239)
[2024-02-06T19:19:22.802+0000][1536][gc,heap     ] GC(729) Survivor regions: 3->28(74)
[2024-02-06T19:19:22.802+0000][1536][gc,heap     ] GC(729) Old regions: 207->207
[2024-02-06T19:19:22.802+0000][1536][gc,heap     ] GC(729) Archive regions: 0->0
[2024-02-06T19:19:22.802+0000][1536][gc,heap     ] GC(729) Humongous regions: 2->2
[2024-02-06T19:19:22.802+0000][1536][gc,metaspace] GC(729) Metaspace: 132411K(138240K)->132411K(138240K) NonClass: 115353K(118976K)->115353K(118976K) Class: 17058K(19264K)->17058K(19264K)
[2024-02-06T19:19:22.802+0000][1536][gc          ] GC(729) Pause Young (Concurrent Start) (G1 Evacuation Pause) 3199M->945M(4040M) 64.005ms
[2024-02-06T19:19:22.802+0000][1536][gc          ] GC(730) Concurrent Mark Cycle
[2024-02-06T19:19:22.802+0000][1536][gc,cpu      ] GC(729) User=0.34s Sys=0.08s Real=0.07s
[2024-02-06T19:19:22.802+0000][1536][gc,marking  ] GC(730) Concurrent Clear Claimed Marks
[2024-02-06T19:19:22.802+0000][1536][safepoint   ] Safepoint "G1CollectForAllocation", Time since last: 18769742500 ns, Reaching safepoint: 150700 ns, At safepoint: 64263600 ns, Total: 64414300 ns
[2024-02-06T19:19:22.802+0000][1536][gc,marking  ] GC(730) Concurrent Clear Claimed Marks 0.207ms
[2024-02-06T19:19:22.802+0000][1536][gc,marking  ] GC(730) Concurrent Scan Root Regions
[2024-02-06T19:19:22.887+0000][1536][gc,marking  ] GC(730) Concurrent Scan Root Regions 78.151ms
[2024-02-06T19:19:22.888+0000][1536][gc,marking  ] GC(730) Concurrent Mark
[2024-02-06T19:19:22.888+0000][1536][gc,marking  ] GC(730) Concurrent Mark From Roots
[2024-02-06T19:19:22.888+0000][1536][gc,task     ] GC(730) Using 2 workers of 2 for marking
[2024-02-06T19:19:23.525+0000][1536][gc,marking  ] GC(730) Concurrent Mark From Roots 637.764ms
[2024-02-06T19:19:23.525+0000][1536][gc,marking  ] GC(730) Concurrent Preclean
[2024-02-06T19:19:23.525+0000][1536][gc,marking  ] GC(730) Concurrent Preclean 0.691ms
[2024-02-06T19:19:23.525+0000][1536][gc,start    ] GC(730) Pause Remark
[2024-02-06T19:19:23.748+0000][1536][gc,mmu      ] GC(730) MMU target violated: 201.0ms (200.0ms/201.0ms)
[2024-02-06T19:19:23.748+0000][1536][gc          ] GC(730) Pause Remark 1090M->1090M(4040M) 236.313ms
[2024-02-06T19:19:23.748+0000][1536][gc,cpu      ] GC(730) User=0.25s Sys=0.08s Real=0.22s
[2024-02-06T19:19:23.764+0000][1536][safepoint   ] Safepoint "G1Concurrent", Time since last: 716842100 ns, Reaching safepoint: 64200 ns, At safepoint: 237845100 ns, Total: 237909300 ns
[2024-02-06T19:19:23.764+0000][1536][gc,marking  ] GC(730) Concurrent Mark 876.696ms
[2024-02-06T19:19:23.764+0000][1536][gc,marking  ] GC(730) Concurrent Rebuild Remembered Sets
[2024-02-06T19:19:24.005+0000][1536][gc,marking  ] GC(730) Concurrent Rebuild Remembered Sets 240.571ms
[2024-02-06T19:19:24.005+0000][1536][gc,start    ] GC(730) Pause Cleanup
[2024-02-06T19:19:24.007+0000][1536][gc          ] GC(730) Pause Cleanup 1122M->1122M(4040M) 2.054ms
[2024-02-06T19:19:24.007+0000][1536][gc,cpu      ] GC(730) User=0.00s Sys=0.00s Real=0.00s
[2024-02-06T19:19:24.007+0000][1536][safepoint   ] Safepoint "G1Concurrent", Time since last: 241068600 ns, Reaching safepoint: 28300 ns, At safepoint: 2176900 ns, Total: 2205200 ns
[2024-02-06T19:19:24.007+0000][1536][gc,marking  ] GC(730) Concurrent Cleanup for Next Mark
[2024-02-06T19:19:24.015+0000][1536][gc,marking  ] GC(730) Concurrent Cleanup for Next Mark 7.692ms
[2024-02-06T19:19:24.015+0000][1536][gc          ] GC(730) Concurrent Mark Cycle 1206.024ms
[2024-02-06T19:19:34.518+0000][1536][gc,start    ] GC(731) Pause Young (Prepare Mixed) (G1 Evacuation Pause)
[2024-02-06T19:19:34.518+0000][1536][gc,task     ] GC(731) Using 8 workers of 8 for evacuation
[2024-02-06T19:19:34.518+0000][1536][gc,age      ] GC(731) Desired survivor size 88080384 bytes, new threshold 1 (max threshold 15)
[2024-02-06T19:19:34.565+0000][1536][gc,phases   ] GC(731)   Pre Evacuate Collection Set: 0.2ms
[2024-02-06T19:19:34.565+0000][1536][gc,phases   ] GC(731)   Merge Heap Roots: 0.2ms
[2024-02-06T19:19:34.565+0000][1536][gc,phases   ] GC(731)   Evacuate Collection Set: 43.7ms
[2024-02-06T19:19:34.565+0000][1536][gc,phases   ] GC(731)   Post Evacuate Collection Set: 1.2ms
[2024-02-06T19:19:34.565+0000][1536][gc,phases   ] GC(731)   Other: 0.5ms
[2024-02-06T19:19:34.565+0000][1536][gc,age      ] GC(731) Age table with threshold 1 (max threshold 15)
[2024-02-06T19:19:34.565+0000][1536][gc,age      ] GC(731) - age   1:   40043592 bytes,   40043592 total
[2024-02-06T19:19:34.565+0000][1536][gc,heap     ] GC(731) Eden regions: 302->0(38)
[2024-02-06T19:19:34.565+0000][1536][gc,heap     ] GC(731) Survivor regions: 28->12(42)
[2024-02-06T19:19:34.565+0000][1536][gc,heap     ] GC(731) Old regions: 207->227
[2024-02-06T19:19:34.565+0000][1536][gc,heap     ] GC(731) Archive regions: 0->0
[2024-02-06T19:19:34.565+0000][1536][gc,heap     ] GC(731) Humongous regions: 2->2
[2024-02-06T19:19:34.565+0000][1536][gc,metaspace] GC(731) Metaspace: 132411K(138240K)->132411K(138240K) NonClass: 115353K(118976K)->115353K(118976K) Class: 17058K(19264K)->17058K(19264K)
[2024-02-06T19:19:34.565+0000][1536][gc          ] GC(731) Pause Young (Prepare Mixed) (G1 Evacuation Pause) 2153M->960M(4040M) 45.982ms
[2024-02-06T19:19:34.565+0000][1536][gc,cpu      ] GC(731) User=0.16s Sys=0.11s Real=0.05s
[2024-02-06T19:19:34.565+0000][1536][safepoint   ] Safepoint "G1CollectForAllocation", Time since last: 10511884200 ns, Reaching safepoint: 92200 ns, At safepoint: 46153400 ns, Total: 46245600 ns
[2024-02-06T19:19:40.832+0000][1536][gc,start    ] GC(732) Pause Young (Mixed) (G1 Evacuation Pause)
[2024-02-06T19:19:40.832+0000][1536][gc,task     ] GC(732) Using 8 workers of 8 for evacuation
[2024-02-06T19:19:40.832+0000][1536][gc,age      ] GC(732) Desired survivor size 14680064 bytes, new threshold 1 (max threshold 15)
[2024-02-06T19:19:40.917+0000][1536][gc,phases   ] GC(732)   Pre Evacuate Collection Set: 0.2ms
[2024-02-06T19:19:40.917+0000][1536][gc,phases   ] GC(732)   Merge Heap Roots: 0.2ms
[2024-02-06T19:19:40.917+0000][1536][gc,phases   ] GC(732)   Evacuate Collection Set: 92.6ms
[2024-02-06T19:19:40.917+0000][1536][gc,phases   ] GC(732)   Post Evacuate Collection Set: 0.9ms
[2024-02-06T19:19:40.917+0000][1536][gc,phases   ] GC(732)   Other: 0.2ms
[2024-02-06T19:19:40.917+0000][1536][gc,age      ] GC(732) Age table with threshold 1 (max threshold 15)
[2024-02-06T19:19:40.917+0000][1536][gc,age      ] GC(732) - age   1:    3746184 bytes,    3746184 total
[2024-02-06T19:19:40.917+0000][1536][gc,heap     ] GC(732) Eden regions: 38->0(599)
[2024-02-06T19:19:40.917+0000][1536][gc,heap     ] GC(732) Survivor regions: 12->2(7)
[2024-02-06T19:19:40.917+0000][1536][gc,heap     ] GC(732) Old regions: 227->197
[2024-02-06T19:19:40.917+0000][1536][gc,heap     ] GC(732) Archive regions: 0->0
[2024-02-06T19:19:40.917+0000][1536][gc,heap     ] GC(732) Humongous regions: 2->2
[2024-02-06T19:19:40.917+0000][1536][gc,metaspace] GC(732) Metaspace: 132411K(138240K)->132411K(138240K) NonClass: 115353K(118976K)->115353K(118976K) Class: 17058K(19264K)->17058K(19264K)
[2024-02-06T19:19:40.917+0000][1536][gc          ] GC(732) Pause Young (Mixed) (G1 Evacuation Pause) 1112M->801M(4040M) 94.225ms
[2024-02-06T19:19:40.917+0000][1536][gc,cpu      ] GC(732) User=0.11s Sys=0.14s Real=0.09s
[2024-02-06T19:19:40.917+0000][1536][safepoint   ] Safepoint "G1CollectForAllocation", Time since last: 6267950000 ns, Reaching safepoint: 362900 ns, At safepoint: 94697000 ns, Total: 95059900 ns
[2024-02-06T19:20:07.583+0000][1536][gc,start    ] GC(733) Pause Young (Concurrent Start) (G1 Evacuation Pause)
[2024-02-06T19:20:07.583+0000][1536][gc,task     ] GC(733) Using 8 workers of 8 for evacuation
[2024-02-06T19:20:07.583+0000][1536][gc,age      ] GC(733) Desired survivor size 159383552 bytes, new threshold 15 (max threshold 15)
[2024-02-06T19:20:07.605+0000][1536][gc,phases   ] GC(733)   Pre Evacuate Collection Set: 0.3ms
[2024-02-06T19:20:07.605+0000][1536][gc,phases   ] GC(733)   Merge Heap Roots: 0.2ms
[2024-02-06T19:20:07.605+0000][1536][gc,phases   ] GC(733)   Evacuate Collection Set: 15.0ms
[2024-02-06T19:20:07.605+0000][1536][gc,phases   ] GC(733)   Post Evacuate Collection Set: 1.4ms
[2024-02-06T19:20:07.605+0000][1536][gc,phases   ] GC(733)   Other: 0.1ms
[2024-02-06T19:20:07.605+0000][1536][gc,age      ] GC(733) Age table with threshold 15 (max threshold 15)
[2024-02-06T19:20:07.605+0000][1536][gc,age      ] GC(733) - age   1:   72989880 bytes,   72989880 total
[2024-02-06T19:20:07.605+0000][1536][gc,age      ] GC(733) - age   2:    2169280 bytes,   75159160 total
