[2024-05-26T13:58:33.034+0000][20776][gc,init] CardTable entry size: 512
[2024-05-26T13:58:33.034+0000][20776][gc     ] Using G1
[2024-05-26T13:58:33.751+0000][20776][gc,init] Version: 18.0.2+9-61 (release)
[2024-05-26T13:58:33.751+0000][20776][gc,init] CPUs: 8 total, 8 available
[2024-05-26T13:58:33.751+0000][20776][gc,init] Memory: 8079M
[2024-05-26T13:58:33.751+0000][20776][gc,init] Large Page Support: Disabled
[2024-05-26T13:58:33.751+0000][20776][gc,init] NUMA Support: Disabled
[2024-05-26T13:58:33.751+0000][20776][gc,init] Compressed Oops: Enabled (Zero based)
[2024-05-26T13:58:33.751+0000][20776][gc,init] Heap Region Size: 4M
[2024-05-26T13:58:33.751+0000][20776][gc,init] Heap Min Capacity: 4040M
[2024-05-26T13:58:33.759+0000][20776][gc,init] Heap Initial Capacity: 4040M
[2024-05-26T13:58:33.759+0000][20776][gc,init] Heap Max Capacity: 4040M
[2024-05-26T13:58:33.759+0000][20776][gc,init] Pre-touch: Enabled
[2024-05-26T13:58:33.759+0000][20776][gc,init] Parallel Workers: 8
[2024-05-26T13:58:33.759+0000][20776][gc,init] Concurrent Workers: 2
[2024-05-26T13:58:33.759+0000][20776][gc,init] Concurrent Refinement Workers: 8
[2024-05-26T13:58:33.759+0000][20776][gc,init] Periodic GC: Disabled
[2024-05-26T13:58:33.759+0000][20776][gc,metaspace] CDS archive(s) mapped at: [0x0000000800000000-0x0000000800ba0000-0x0000000800ba0000), size 12189696, SharedBaseAddress: 0x0000000800000000, ArchiveRelocationMode: 0.
[2024-05-26T13:58:33.759+0000][20776][gc,metaspace] Compressed class space mapped at: 0x0000000800c00000-0x0000000840c00000, reserved size: 1073741824
[2024-05-26T13:58:33.759+0000][20776][gc,metaspace] Narrow klass base: 0x0000000800000000, Narrow klass shift: 0, Narrow klass range: 0x100000000
[2024-05-26T13:58:34.468+0000][20776][safepoint   ] Safepoint "ICBufferFull", Time since last: 663223700 ns, Reaching safepoint: 114200 ns, At safepoint: 2400 ns, Total: 116600 ns
[2024-05-26T13:58:35.158+0000][20776][safepoint   ] Safepoint "ICBufferFull", Time since last: 679254800 ns, Reaching safepoint: 9944300 ns, At safepoint: 75300 ns, Total: 10019600 ns
[2024-05-26T13:58:36.087+0000][20776][safepoint   ] Safepoint "ICBufferFull", Time since last: 929364600 ns, Reaching safepoint: 221700 ns, At safepoint: 44700 ns, Total: 266400 ns
[2024-05-26T13:58:37.626+0000][20776][safepoint   ] Safepoint "Cleanup", Time since last: 1538064700 ns, Reaching safepoint: 319200 ns, At safepoint: 63200 ns, Total: 382400 ns
[2024-05-26T13:58:39.300+0000][20776][safepoint   ] Safepoint "Cleanup", Time since last: 1673644600 ns, Reaching safepoint: 124500 ns, At safepoint: 2900 ns, Total: 127400 ns
[2024-05-26T13:58:40.314+0000][20776][safepoint   ] Safepoint "Cleanup", Time since last: 1013514100 ns, Reaching safepoint: 279900 ns, At safepoint: 48200 ns, Total: 328100 ns
[2024-05-26T13:58:41.315+0000][20776][safepoint   ] Safepoint "Cleanup", Time since last: 1001521600 ns, Reaching safepoint: 160700 ns, At safepoint: 46000 ns, Total: 206700 ns
[2024-05-26T13:58:41.365+0000][20776][gc,start    ] GC(0) Pause Young (Normal) (G1 Evacuation Pause)
[2024-05-26T13:58:41.383+0000][20776][gc,task     ] GC(0) Using 8 workers of 8 for evacuation
[2024-05-26T13:58:41.383+0000][20776][gc,age      ] GC(0) Desired survivor size 14680064 bytes, new threshold 15 (max threshold 15)
[2024-05-26T13:58:41.410+0000][20776][gc,phases   ] GC(0)   Pre Evacuate Collection Set: 0.8ms
[2024-05-26T13:58:41.410+0000][20776][gc,phases   ] GC(0)   Merge Heap Roots: 0.3ms
[2024-05-26T13:58:41.410+0000][20776][gc,phases   ] GC(0)   Evacuate Collection Set: 22.5ms
[2024-05-26T13:58:41.410+0000][20776][gc,phases   ] GC(0)   Post Evacuate Collection Set: 2.6ms
[2024-05-26T13:58:41.410+0000][20776][gc,phases   ] GC(0)   Other: 1.8ms
[2024-05-26T13:58:41.410+0000][20776][gc,age      ] GC(0) Age table with threshold 15 (max threshold 15)
[2024-05-26T13:58:41.410+0000][20776][gc,age      ] GC(0) - age   1:   13071328 bytes,   13071328 total
[2024-05-26T13:58:41.410+0000][20776][gc,heap     ] GC(0) Eden regions: 50->0(46)
[2024-05-26T13:58:41.410+0000][20776][gc,heap     ] GC(0) Survivor regions: 0->4(7)
[2024-05-26T13:58:41.411+0000][20776][gc,heap     ] GC(0) Old regions: 0->0
[2024-05-26T13:58:41.411+0000][20776][gc,heap     ] GC(0) Archive regions: 0->0
[2024-05-26T13:58:41.411+0000][20776][gc,heap     ] GC(0) Humongous regions: 0->0
[2024-05-26T13:58:41.435+0000][20776][gc,metaspace] GC(0) Metaspace: 17062K(17408K)->17062K(17408K) NonClass: 15105K(15296K)->15105K(15296K) Class: 1956K(2112K)->1956K(2112K)
[2024-05-26T13:58:41.435+0000][20776][gc          ] GC(0) Pause Young (Normal) (G1 Evacuation Pause) 200M->12M(4040M) 63.386ms
[2024-05-26T13:58:41.435+0000][20776][gc,cpu      ] GC(0) User=0.12s Sys=0.00s Real=0.07s
[2024-05-26T13:58:41.435+0000][20776][safepoint   ] Safepoint "G1CollectForAllocation", Time since last: 56471600 ns, Reaching safepoint: 151600 ns, At safepoint: 63702800 ns, Total: 63854400 ns
[2024-05-26T13:58:42.777+0000][20776][safepoint   ] Safepoint "Cleanup", Time since last: 1341152000 ns, Reaching safepoint: 151900 ns, At safepoint: 4800 ns, Total: 156700 ns
[2024-05-26T13:58:43.594+0000][20776][gc,start    ] GC(1) Pause Young (Concurrent Start) (Metadata GC Threshold)
[2024-05-26T13:58:43.597+0000][20776][gc,task     ] GC(1) Using 8 workers of 8 for evacuation
[2024-05-26T13:58:43.597+0000][20776][gc,age      ] GC(1) Desired survivor size 14680064 bytes, new threshold 15 (max threshold 15)
[2024-05-26T13:58:43.604+0000][20776][gc,phases   ] GC(1)   Pre Evacuate Collection Set: 0.3ms
[2024-05-26T13:58:43.604+0000][20776][gc,phases   ] GC(1)   Merge Heap Roots: 0.1ms
[2024-05-26T13:58:43.604+0000][20776][gc,phases   ] GC(1)   Evacuate Collection Set: 6.4ms
[2024-05-26T13:58:43.604+0000][20776][gc,phases   ] GC(1)   Post Evacuate Collection Set: 1.0ms
[2024-05-26T13:58:43.604+0000][20776][gc,phases   ] GC(1)   Other: 0.1ms
[2024-05-26T13:58:43.604+0000][20776][gc,age      ] GC(1) Age table with threshold 15 (max threshold 15)
[2024-05-26T13:58:43.604+0000][20776][gc,age      ] GC(1) - age   1:    2146768 bytes,    2146768 total
[2024-05-26T13:58:43.604+0000][20776][gc,age      ] GC(1) - age   2:   11312320 bytes,   13459088 total
[2024-05-26T13:58:43.604+0000][20776][gc,heap     ] GC(1) Eden regions: 21->0(46)
[2024-05-26T13:58:43.604+0000][20776][gc,heap     ] GC(1) Survivor regions: 4->4(7)
[2024-05-26T13:58:43.604+0000][20776][gc,heap     ] GC(1) Old regions: 0->0
[2024-05-26T13:58:43.604+0000][20776][gc,heap     ] GC(1) Archive regions: 0->0
[2024-05-26T13:58:43.604+0000][20776][gc,heap     ] GC(1) Humongous regions: 0->0
[2024-05-26T13:58:43.604+0000][20776][gc,metaspace] GC(1) Metaspace: 21029K(21504K)->21029K(21504K) NonClass: 18677K(18944K)->18677K(18944K) Class: 2352K(2560K)->2352K(2560K)
[2024-05-26T13:58:43.604+0000][20776][gc          ] GC(1) Pause Young (Concurrent Start) (Metadata GC Threshold) 96M->13M(4040M) 8.103ms
[2024-05-26T13:58:43.604+0000][20776][gc,cpu      ] GC(1) User=0.02s Sys=0.00s Real=0.01s
[2024-05-26T13:58:43.604+0000][20776][gc          ] GC(2) Concurrent Mark Cycle
[2024-05-26T13:58:43.604+0000][20776][safepoint   ] Safepoint "CollectForMetadataAllocation", Time since last: 819804500 ns, Reaching safepoint: 60500 ns, At safepoint: 8198400 ns, Total: 8258900 ns
[2024-05-26T13:58:43.604+0000][20776][gc,marking  ] GC(2) Concurrent Clear Claimed Marks
[2024-05-26T13:58:43.605+0000][20776][gc,marking  ] GC(2) Concurrent Clear Claimed Marks 0.068ms
[2024-05-26T13:58:43.605+0000][20776][gc,marking  ] GC(2) Concurrent Scan Root Regions
[2024-05-26T13:58:43.609+0000][20776][gc,marking  ] GC(2) Concurrent Scan Root Regions 4.144ms
[2024-05-26T13:58:43.609+0000][20776][gc,marking  ] GC(2) Concurrent Mark
[2024-05-26T13:58:43.609+0000][20776][gc,marking  ] GC(2) Concurrent Mark From Roots
[2024-05-26T13:58:43.609+0000][20776][gc,task     ] GC(2) Using 2 workers of 2 for marking
[2024-05-26T13:58:43.610+0000][20776][gc,marking  ] GC(2) Concurrent Mark From Roots 0.250ms
[2024-05-26T13:58:43.610+0000][20776][gc,marking  ] GC(2) Concurrent Preclean
[2024-05-26T13:58:43.610+0000][20776][gc,marking  ] GC(2) Concurrent Preclean 0.018ms
[2024-05-26T13:58:43.610+0000][20776][gc,start    ] GC(2) Pause Remark
[2024-05-26T13:58:43.612+0000][20776][gc          ] GC(2) Pause Remark 15M->15M(4040M) 2.087ms
[2024-05-26T13:58:43.612+0000][20776][gc,cpu      ] GC(2) User=0.00s Sys=0.00s Real=0.00s
[2024-05-26T13:58:43.612+0000][20776][safepoint   ] Safepoint "G1Concurrent", Time since last: 4707800 ns, Reaching safepoint: 59100 ns, At safepoint: 2160200 ns, Total: 2219300 ns
[2024-05-26T13:58:43.612+0000][20776][gc,marking  ] GC(2) Concurrent Mark 2.697ms
[2024-05-26T13:58:43.612+0000][20776][gc,marking  ] GC(2) Concurrent Rebuild Remembered Sets
[2024-05-26T13:58:43.612+0000][20776][gc,marking  ] GC(2) Concurrent Rebuild Remembered Sets 0.013ms
[2024-05-26T13:58:43.612+0000][20776][gc,start    ] GC(2) Pause Cleanup
[2024-05-26T13:58:43.612+0000][20776][gc          ] GC(2) Pause Cleanup 15M->15M(4040M) 0.042ms
[2024-05-26T13:58:43.612+0000][20776][gc,cpu      ] GC(2) User=0.00s Sys=0.00s Real=0.00s
[2024-05-26T13:58:43.612+0000][20776][safepoint   ] Safepoint "G1Concurrent", Time since last: 141600 ns, Reaching safepoint: 83100 ns, At safepoint: 107300 ns, Total: 190400 ns
[2024-05-26T13:58:43.612+0000][20776][gc,marking  ] GC(2) Concurrent Cleanup for Next Mark
[2024-05-26T13:58:43.614+0000][20776][gc,marking  ] GC(2) Concurrent Cleanup for Next Mark 6.585ms
[2024-05-26T13:58:43.614+0000][20776][gc          ] GC(2) Concurrent Mark Cycle 13.995ms
[2024-05-26T13:58:45.239+0000][20776][safepoint   ] Safepoint "ICBufferFull", Time since last: 1626048400 ns, Reaching safepoint: 185100 ns, At safepoint: 2700 ns, Total: 187800 ns
[2024-05-26T13:58:46.186+0000][20776][gc,start    ] GC(3) Pause Young (Normal) (G1 Evacuation Pause)
[2024-05-26T13:58:46.186+0000][20776][gc,task     ] GC(3) Using 8 workers of 8 for evacuation
[2024-05-26T13:58:46.186+0000][20776][gc,age      ] GC(3) Desired survivor size 14680064 bytes, new threshold 15 (max threshold 15)
[2024-05-26T13:58:46.196+0000][20776][gc,phases   ] GC(3)   Pre Evacuate Collection Set: 0.1ms
[2024-05-26T13:58:46.196+0000][20776][gc,phases   ] GC(3)   Merge Heap Roots: 0.1ms
[2024-05-26T13:58:46.196+0000][20776][gc,phases   ] GC(3)   Evacuate Collection Set: 8.1ms
[2024-05-26T13:58:46.196+0000][20776][gc,phases   ] GC(3)   Post Evacuate Collection Set: 1.2ms
[2024-05-26T13:58:46.196+0000][20776][gc,phases   ] GC(3)   Other: 0.1ms
[2024-05-26T13:58:46.196+0000][20776][gc,age      ] GC(3) Age table with threshold 15 (max threshold 15)
[2024-05-26T13:58:46.196+0000][20776][gc,age      ] GC(3) - age   1:    4368720 bytes,    4368720 total
[2024-05-26T13:58:46.196+0000][20776][gc,age      ] GC(3) - age   2:    2112776 bytes,    6481496 total
[2024-05-26T13:58:46.196+0000][20776][gc,age      ] GC(3) - age   3:   11308088 bytes,   17789584 total
[2024-05-26T13:58:46.196+0000][20776][gc,heap     ] GC(3) Eden regions: 46->0(63)
[2024-05-26T13:58:46.196+0000][20776][gc,heap     ] GC(3) Survivor regions: 4->5(7)
[2024-05-26T13:58:46.196+0000][20776][gc,heap     ] GC(3) Old regions: 0->0
[2024-05-26T13:58:46.196+0000][20776][gc,heap     ] GC(3) Archive regions: 0->0
[2024-05-26T13:58:46.196+0000][20776][gc,heap     ] GC(3) Humongous regions: 0->0
[2024-05-26T13:58:46.196+0000][20776][gc,metaspace] GC(3) Metaspace: 24439K(25024K)->24439K(25024K) NonClass: 21590K(21888K)->21590K(21888K) Class: 2848K(3136K)->2848K(3136K)
[2024-05-26T13:58:46.196+0000][20776][gc          ] GC(3) Pause Young (Normal) (G1 Evacuation Pause) 197M->18M(4040M) 9.808ms
[2024-05-26T13:58:46.196+0000][20776][gc,cpu      ] GC(3) User=0.02s Sys=0.00s Real=0.01s
[2024-05-26T13:58:46.196+0000][20776][safepoint   ] Safepoint "G1CollectForAllocation", Time since last: 947571100 ns, Reaching safepoint: 103200 ns, At safepoint: 9856100 ns, Total: 9959300 ns
[2024-05-26T13:58:47.202+0000][20776][safepoint   ] Safepoint "Cleanup", Time since last: 1005748600 ns, Reaching safepoint: 87000 ns, At safepoint: 67300 ns, Total: 154300 ns
[2024-05-26T13:58:48.210+0000][20776][safepoint   ] Safepoint "Cleanup", Time since last: 1007406700 ns, Reaching safepoint: 133800 ns, At safepoint: 11400 ns, Total: 145200 ns
[2024-05-26T13:58:50.232+0000][20776][safepoint   ] Safepoint "Cleanup", Time since last: 2022296900 ns, Reaching safepoint: 150300 ns, At safepoint: 15100 ns, Total: 165400 ns
[2024-05-26T13:58:51.439+0000][20776][safepoint   ] Safepoint "Cleanup", Time since last: 1206559700 ns, Reaching safepoint: 95300 ns, At safepoint: 54300 ns, Total: 149600 ns
[2024-05-26T13:58:51.490+0000][20776][gc,start    ] GC(4) Pause Young (Normal) (G1 Evacuation Pause)
[2024-05-26T13:58:51.490+0000][20776][gc,task     ] GC(4) Using 8 workers of 8 for evacuation
[2024-05-26T13:58:51.490+0000][20776][gc,age      ] GC(4) Desired survivor size 18874368 bytes, new threshold 15 (max threshold 15)
[2024-05-26T13:58:51.501+0000][20776][gc,phases   ] GC(4)   Pre Evacuate Collection Set: 0.1ms
[2024-05-26T13:58:51.501+0000][20776][gc,phases   ] GC(4)   Merge Heap Roots: 0.1ms
[2024-05-26T13:58:51.501+0000][20776][gc,phases   ] GC(4)   Evacuate Collection Set: 9.6ms
[2024-05-26T13:58:51.501+0000][20776][gc,phases   ] GC(4)   Post Evacuate Collection Set: 1.3ms
[2024-05-26T13:58:51.501+0000][20776][gc,phases   ] GC(4)   Other: 0.1ms
[2024-05-26T13:58:51.501+0000][20776][gc,age      ] GC(4) Age table with threshold 15 (max threshold 15)
[2024-05-26T13:58:51.501+0000][20776][gc,age      ] GC(4) - age   1:    3005640 bytes,    3005640 total
[2024-05-26T13:58:51.501+0000][20776][gc,age      ] GC(4) - age   2:    4108024 bytes,    7113664 total
[2024-05-26T13:58:51.501+0000][20776][gc,age      ] GC(4) - age   3:    2112488 bytes,    9226152 total
[2024-05-26T13:58:51.501+0000][20776][gc,age      ] GC(4) - age   4:   11308072 bytes,   20534224 total
[2024-05-26T13:58:51.501+0000][20776][gc,heap     ] GC(4) Eden regions: 63->0(600)
[2024-05-26T13:58:51.501+0000][20776][gc,heap     ] GC(4) Survivor regions: 5->6(9)
[2024-05-26T13:58:51.501+0000][20776][gc,heap     ] GC(4) Old regions: 0->0
[2024-05-26T13:58:51.501+0000][20776][gc,heap     ] GC(4) Archive regions: 0->0
[2024-05-26T13:58:51.501+0000][20776][gc,heap     ] GC(4) Humongous regions: 0->0
[2024-05-26T13:58:51.501+0000][20776][gc,metaspace] GC(4) Metaspace: 25098K(25728K)->25098K(25728K) NonClass: 22170K(22528K)->22170K(22528K) Class: 2927K(3200K)->2927K(3200K)
[2024-05-26T13:58:51.501+0000][20776][gc          ] GC(4) Pause Young (Normal) (G1 Evacuation Pause) 270M->20M(4040M) 11.411ms
[2024-05-26T13:58:51.501+0000][20776][gc,cpu      ] GC(4) User=0.12s Sys=0.00s Real=0.01s
[2024-05-26T13:58:51.501+0000][20776][safepoint   ] Safepoint "G1CollectForAllocation", Time since last: 51399200 ns, Reaching safepoint: 83600 ns, At safepoint: 11499100 ns, Total: 11582700 ns
[2024-05-26T13:58:52.515+0000][20776][safepoint   ] Safepoint "Cleanup", Time since last: 1013237300 ns, Reaching safepoint: 68200 ns, At safepoint: 6800 ns, Total: 75000 ns
[2024-05-26T13:58:54.517+0000][20776][safepoint   ] Safepoint "Cleanup", Time since last: 2001334800 ns, Reaching safepoint: 107600 ns, At safepoint: 4300 ns, Total: 111900 ns
[2024-05-26T13:58:56.240+0000][20776][safepoint   ] Safepoint "Cleanup", Time since last: 1723386800 ns, Reaching safepoint: 221100 ns, At safepoint: 6200 ns, Total: 227300 ns
[2024-05-26T13:58:58.250+0000][20776][safepoint   ] Safepoint "Cleanup", Time since last: 2009844300 ns, Reaching safepoint: 115900 ns, At safepoint: 5900 ns, Total: 121800 ns
[2024-05-26T13:58:59.264+0000][20776][safepoint   ] Safepoint "Cleanup", Time since last: 1013925700 ns, Reaching safepoint: 251000 ns, At safepoint: 68600 ns, Total: 319600 ns
[2024-05-26T13:59:00.278+0000][20776][safepoint   ] Safepoint "Cleanup", Time since last: 1013863600 ns, Reaching safepoint: 133000 ns, At safepoint: 31900 ns, Total: 164900 ns
[2024-05-26T13:59:01.579+0000][20776][safepoint   ] Safepoint "Cleanup", Time since last: 1300295900 ns, Reaching safepoint: 101100 ns, At safepoint: 6800 ns, Total: 107900 ns
[2024-05-26T13:59:02.589+0000][20776][safepoint   ] Safepoint "Cleanup", Time since last: 1009600500 ns, Reaching safepoint: 758600 ns, At safepoint: 6900 ns, Total: 765500 ns
[2024-05-26T13:59:03.599+0000][20776][safepoint   ] Safepoint "Cleanup", Time since last: 1009335000 ns, Reaching safepoint: 112500 ns, At safepoint: 6400 ns, Total: 118900 ns
[2024-05-26T13:59:04.607+0000][20776][safepoint   ] Safepoint "Cleanup", Time since last: 1008212800 ns, Reaching safepoint: 134400 ns, At safepoint: 6200 ns, Total: 140600 ns
[2024-05-26T13:59:05.616+0000][20776][safepoint   ] Safepoint "Cleanup", Time since last: 1009560500 ns, Reaching safepoint: 612000 ns, At safepoint: 11200 ns, Total: 623200 ns
[2024-05-26T13:59:05.744+0000][20776][gc,start    ] GC(5) Pause Young (Concurrent Start) (Metadata GC Threshold)
[2024-05-26T13:59:05.744+0000][20776][gc,task     ] GC(5) Using 8 workers of 8 for evacuation
[2024-05-26T13:59:05.744+0000][20776][gc,age      ] GC(5) Desired survivor size 159383552 bytes, new threshold 15 (max threshold 15)
[2024-05-26T13:59:05.764+0000][20776][gc,phases   ] GC(5)   Pre Evacuate Collection Set: 0.2ms
[2024-05-26T13:59:05.764+0000][20776][gc,phases   ] GC(5)   Merge Heap Roots: 0.1ms
[2024-05-26T13:59:05.764+0000][20776][gc,phases   ] GC(5)   Evacuate Collection Set: 17.2ms
[2024-05-26T13:59:05.764+0000][20776][gc,phases   ] GC(5)   Post Evacuate Collection Set: 1.6ms
[2024-05-26T13:59:05.764+0000][20776][gc,phases   ] GC(5)   Other: 0.1ms
[2024-05-26T13:59:05.764+0000][20776][gc,age      ] GC(5) Age table with threshold 15 (max threshold 15)
[2024-05-26T13:59:05.764+0000][20776][gc,age      ] GC(5) - age   1:    8846360 bytes,    8846360 total
[2024-05-26T13:59:05.764+0000][20776][gc,age      ] GC(5) - age   2:    2516112 bytes,   11362472 total
[2024-05-26T13:59:05.764+0000][20776][gc,age      ] GC(5) - age   3:    4090176 bytes,   15452648 total
[2024-05-26T13:59:05.764+0000][20776][gc,age      ] GC(5) - age   4:    2106968 bytes,   17559616 total
[2024-05-26T13:59:05.764+0000][20776][gc,age      ] GC(5) - age   5:   10989936 bytes,   28549552 total
[2024-05-26T13:59:05.764+0000][20776][gc,heap     ] GC(5) Eden regions: 173->0(390)
[2024-05-26T13:59:05.764+0000][20776][gc,heap     ] GC(5) Survivor regions: 6->8(76)
[2024-05-26T13:59:05.764+0000][20776][gc,heap     ] GC(5) Old regions: 0->0
[2024-05-26T13:59:05.764+0000][20776][gc,heap     ] GC(5) Archive regions: 0->0
[2024-05-26T13:59:05.764+0000][20776][gc,heap     ] GC(5) Humongous regions: 0->0
[2024-05-26T13:59:05.764+0000][20776][gc,metaspace] GC(5) Metaspace: 35268K(36096K)->35268K(36096K) NonClass: 31092K(31616K)->31092K(31616K) Class: 4176K(4480K)->4176K(4480K)
[2024-05-26T13:59:05.764+0000][20776][gc          ] GC(5) Pause Young (Concurrent Start) (Metadata GC Threshold) 708M->29M(4040M) 19.564ms
[2024-05-26T13:59:05.764+0000][20776][gc,cpu      ] GC(5) User=0.09s Sys=0.00s Real=0.02s
[2024-05-26T13:59:05.764+0000][20776][gc          ] GC(6) Concurrent Mark Cycle
[2024-05-26T13:59:05.764+0000][20776][gc,marking  ] GC(6) Concurrent Clear Claimed Marks
[2024-05-26T13:59:05.764+0000][20776][safepoint   ] Safepoint "CollectForMetadataAllocation", Time since last: 127465300 ns, Reaching safepoint: 198100 ns, At safepoint: 19721400 ns, Total: 19919500 ns
[2024-05-26T13:59:05.764+0000][20776][gc,marking  ] GC(6) Concurrent Clear Claimed Marks 0.071ms
[2024-05-26T13:59:05.764+0000][20776][gc,marking  ] GC(6) Concurrent Scan Root Regions
[2024-05-26T13:59:05.773+0000][20776][gc,marking  ] GC(6) Concurrent Scan Root Regions 9.333ms
[2024-05-26T13:59:05.773+0000][20776][gc,marking  ] GC(6) Concurrent Mark
[2024-05-26T13:59:05.773+0000][20776][gc,marking  ] GC(6) Concurrent Mark From Roots
[2024-05-26T13:59:05.773+0000][20776][gc,task     ] GC(6) Using 2 workers of 2 for marking
[2024-05-26T13:59:05.774+0000][20776][gc,marking  ] GC(6) Concurrent Mark From Roots 0.659ms
[2024-05-26T13:59:05.774+0000][20776][gc,marking  ] GC(6) Concurrent Preclean
[2024-05-26T13:59:05.774+0000][20776][gc,marking  ] GC(6) Concurrent Preclean 0.017ms
[2024-05-26T13:59:05.774+0000][20776][gc,start    ] GC(6) Pause Remark
[2024-05-26T13:59:05.777+0000][20776][gc          ] GC(6) Pause Remark 31M->31M(4040M) 2.323ms
[2024-05-26T13:59:05.777+0000][20776][gc,cpu      ] GC(6) User=0.00s Sys=0.00s Real=0.00s
[2024-05-26T13:59:05.777+0000][20776][safepoint   ] Safepoint "G1Concurrent", Time since last: 10398600 ns, Reaching safepoint: 111300 ns, At safepoint: 2445500 ns, Total: 2556800 ns
[2024-05-26T13:59:05.778+0000][20776][gc,marking  ] GC(6) Concurrent Mark 3.440ms
[2024-05-26T13:59:05.778+0000][20776][gc,marking  ] GC(6) Concurrent Rebuild Remembered Sets
[2024-05-26T13:59:05.778+0000][20776][gc,marking  ] GC(6) Concurrent Rebuild Remembered Sets 0.015ms
[2024-05-26T13:59:05.778+0000][20776][gc,start    ] GC(6) Pause Cleanup
[2024-05-26T13:59:05.778+0000][20776][gc          ] GC(6) Pause Cleanup 31M->31M(4040M) 0.031ms
[2024-05-26T13:59:05.778+0000][20776][gc,cpu      ] GC(6) User=0.00s Sys=0.00s Real=0.00s
[2024-05-26T13:59:05.778+0000][20776][safepoint   ] Safepoint "G1Concurrent", Time since last: 203200 ns, Reaching safepoint: 62200 ns, At safepoint: 103500 ns, Total: 165700 ns
[2024-05-26T13:59:05.778+0000][20776][gc,marking  ] GC(6) Concurrent Cleanup for Next Mark
[2024-05-26T13:59:05.785+0000][20776][gc,marking  ] GC(6) Concurrent Cleanup for Next Mark 7.176ms
[2024-05-26T13:59:05.785+0000][20776][gc          ] GC(6) Concurrent Mark Cycle 20.714ms
[2024-05-26T13:59:06.905+0000][20776][safepoint   ] Safepoint "Cleanup", Time since last: 1126942900 ns, Reaching safepoint: 159100 ns, At safepoint: 2400 ns, Total: 161500 ns
[2024-05-26T13:59:08.546+0000][20776][safepoint   ] Safepoint "Cleanup", Time since last: 1641080500 ns, Reaching safepoint: 196800 ns, At safepoint: 10200 ns, Total: 207000 ns
[2024-05-26T13:59:09.561+0000][20776][safepoint   ] Safepoint "Cleanup", Time since last: 1014280500 ns, Reaching safepoint: 108100 ns, At safepoint: 7100 ns, Total: 115200 ns
[2024-05-26T13:59:11.467+0000][20776][safepoint   ] Safepoint "Cleanup", Time since last: 1906711500 ns, Reaching safepoint: 249400 ns, At safepoint: 6800 ns, Total: 256200 ns
[2024-05-26T13:59:12.471+0000][20776][safepoint   ] Safepoint "Cleanup", Time since last: 1003603600 ns, Reaching safepoint: 75500 ns, At safepoint: 6700 ns, Total: 82200 ns
[2024-05-26T13:59:13.485+0000][20776][safepoint   ] Safepoint "Cleanup", Time since last: 1013307500 ns, Reaching safepoint: 91200 ns, At safepoint: 5800 ns, Total: 97000 ns
[2024-05-26T13:59:14.497+0000][20776][safepoint   ] Safepoint "Cleanup", Time since last: 1011918700 ns, Reaching safepoint: 88800 ns, At safepoint: 6900 ns, Total: 95700 ns
[2024-05-26T13:59:15.508+0000][20776][safepoint   ] Safepoint "Cleanup", Time since last: 1011095100 ns, Reaching safepoint: 183500 ns, At safepoint: 21500 ns, Total: 205000 ns
[2024-05-26T13:59:17.136+0000][20776][safepoint   ] Safepoint "Cleanup", Time since last: 1627566900 ns, Reaching safepoint: 176600 ns, At safepoint: 60500 ns, Total: 237100 ns
[2024-05-26T13:59:17.432+0000][20776][gc,start    ] GC(7) Pause Young (Concurrent Start) (Metadata GC Threshold)
[2024-05-26T13:59:17.432+0000][20776][gc,task     ] GC(7) Using 8 workers of 8 for evacuation
[2024-05-26T13:59:17.432+0000][20776][gc,age      ] GC(7) Desired survivor size 104857600 bytes, new threshold 15 (max threshold 15)
[2024-05-26T13:59:17.479+0000][20776][gc,phases   ] GC(7)   Pre Evacuate Collection Set: 0.4ms
[2024-05-26T13:59:17.479+0000][20776][gc,phases   ] GC(7)   Merge Heap Roots: 0.1ms
[2024-05-26T13:59:17.479+0000][20776][gc,phases   ] GC(7)   Evacuate Collection Set: 43.1ms
[2024-05-26T13:59:17.479+0000][20776][gc,phases   ] GC(7)   Post Evacuate Collection Set: 3.0ms
[2024-05-26T13:59:17.479+0000][20776][gc,phases   ] GC(7)   Other: 0.2ms
[2024-05-26T13:59:17.479+0000][20776][gc,age      ] GC(7) Age table with threshold 15 (max threshold 15)
[2024-05-26T13:59:17.479+0000][20776][gc,age      ] GC(7) - age   1:   24400832 bytes,   24400832 total
[2024-05-26T13:59:17.479+0000][20776][gc,age      ] GC(7) - age   2:    8645512 bytes,   33046344 total
[2024-05-26T13:59:17.479+0000][20776][gc,age      ] GC(7) - age   3:    2510624 bytes,   35556968 total
[2024-05-26T13:59:17.479+0000][20776][gc,age      ] GC(7) - age   4:    4060920 bytes,   39617888 total
[2024-05-26T13:59:17.479+0000][20776][gc,age      ] GC(7) - age   5:    2089208 bytes,   41707096 total
[2024-05-26T13:59:17.479+0000][20776][gc,age      ] GC(7) - age   6:   10931416 bytes,   52638512 total
[2024-05-26T13:59:17.479+0000][20776][gc,heap     ] GC(7) Eden regions: 108->0(146)
[2024-05-26T13:59:17.479+0000][20776][gc,heap     ] GC(7) Survivor regions: 8->14(50)
[2024-05-26T13:59:17.479+0000][20776][gc,heap     ] GC(7) Old regions: 0->0
[2024-05-26T13:59:17.479+0000][20776][gc,heap     ] GC(7) Archive regions: 0->0
[2024-05-26T13:59:17.479+0000][20776][gc,heap     ] GC(7) Humongous regions: 0->0
[2024-05-26T13:59:17.479+0000][20776][gc,metaspace] GC(7) Metaspace: 58864K(60288K)->58864K(60288K) NonClass: 51344K(52160K)->51344K(52160K) Class: 7520K(8128K)->7520K(8128K)
[2024-05-26T13:59:17.479+0000][20776][gc          ] GC(7) Pause Young (Concurrent Start) (Metadata GC Threshold) 461M->52M(4040M) 47.613ms
[2024-05-26T13:59:17.479+0000][20776][gc          ] GC(8) Concurrent Mark Cycle
[2024-05-26T13:59:17.479+0000][20776][gc,cpu      ] GC(7) User=0.38s Sys=0.00s Real=0.05s
[2024-05-26T13:59:17.479+0000][20776][gc,marking  ] GC(8) Concurrent Clear Claimed Marks
[2024-05-26T13:59:17.479+0000][20776][safepoint   ] Safepoint "CollectForMetadataAllocation", Time since last: 308594000 ns, Reaching safepoint: 88700 ns, At safepoint: 47920000 ns, Total: 48008700 ns
[2024-05-26T13:59:17.479+0000][20776][gc,marking  ] GC(8) Concurrent Clear Claimed Marks 0.150ms
[2024-05-26T13:59:17.479+0000][20776][gc,marking  ] GC(8) Concurrent Scan Root Regions
[2024-05-26T13:59:17.526+0000][20776][gc,marking  ] GC(8) Concurrent Scan Root Regions 38.740ms
[2024-05-26T13:59:17.526+0000][20776][gc,marking  ] GC(8) Concurrent Mark
[2024-05-26T13:59:17.526+0000][20776][gc,marking  ] GC(8) Concurrent Mark From Roots
[2024-05-26T13:59:17.526+0000][20776][gc,task     ] GC(8) Using 2 workers of 2 for marking
[2024-05-26T13:59:17.526+0000][20776][gc,marking  ] GC(8) Concurrent Mark From Roots 0.464ms
[2024-05-26T13:59:17.526+0000][20776][gc,marking  ] GC(8) Concurrent Preclean
[2024-05-26T13:59:17.526+0000][20776][gc,marking  ] GC(8) Concurrent Preclean 0.039ms
[2024-05-26T13:59:17.526+0000][20776][gc,start    ] GC(8) Pause Remark
[2024-05-26T13:59:17.526+0000][20776][gc          ] GC(8) Pause Remark 56M->56M(4040M) 4.596ms
[2024-05-26T13:59:17.526+0000][20776][gc,cpu      ] GC(8) User=0.00s Sys=0.00s Real=0.00s
[2024-05-26T13:59:17.526+0000][20776][safepoint   ] Safepoint "G1Concurrent", Time since last: 39597700 ns, Reaching safepoint: 708000 ns, At safepoint: 4815600 ns, Total: 5523600 ns
[2024-05-26T13:59:17.526+0000][20776][gc,marking  ] GC(8) Concurrent Mark 6.277ms
[2024-05-26T13:59:17.526+0000][20776][gc,marking  ] GC(8) Concurrent Rebuild Remembered Sets
[2024-05-26T13:59:17.526+0000][20776][gc,marking  ] GC(8) Concurrent Rebuild Remembered Sets 0.024ms
[2024-05-26T13:59:17.526+0000][20776][gc,start    ] GC(8) Pause Cleanup
[2024-05-26T13:59:17.526+0000][20776][gc          ] GC(8) Pause Cleanup 56M->56M(4040M) 0.053ms
[2024-05-26T13:59:17.526+0000][20776][gc,cpu      ] GC(8) User=0.00s Sys=0.00s Real=0.00s
[2024-05-26T13:59:17.526+0000][20776][safepoint   ] Safepoint "G1Concurrent", Time since last: 223100 ns, Reaching safepoint: 92800 ns, At safepoint: 214000 ns, Total: 306800 ns
[2024-05-26T13:59:17.526+0000][20776][gc,marking  ] GC(8) Concurrent Cleanup for Next Mark
[2024-05-26T13:59:17.540+0000][20776][gc,marking  ] GC(8) Concurrent Cleanup for Next Mark 7.016ms
[2024-05-26T13:59:17.540+0000][20776][gc          ] GC(8) Concurrent Mark Cycle 53.053ms
[2024-05-26T13:59:19.552+0000][20776][safepoint   ] Safepoint "Cleanup", Time since last: 2013465400 ns, Reaching safepoint: 170400 ns, At safepoint: 18600 ns, Total: 189000 ns
[2024-05-26T13:59:21.153+0000][20776][safepoint   ] Safepoint "Cleanup", Time since last: 1607997400 ns, Reaching safepoint: 92500 ns, At safepoint: 14200 ns, Total: 106700 ns
[2024-05-26T13:59:23.035+0000][20776][safepoint   ] Safepoint "Cleanup", Time since last: 1874780600 ns, Reaching safepoint: 324700 ns, At safepoint: 24400 ns, Total: 349100 ns
[2024-05-26T13:59:24.340+0000][20776][safepoint   ] Safepoint "Cleanup", Time since last: 1305354400 ns, Reaching safepoint: 857900 ns, At safepoint: 74200 ns, Total: 932100 ns
[2024-05-26T13:59:25.349+0000][20776][safepoint   ] Safepoint "Cleanup", Time since last: 1007146400 ns, Reaching safepoint: 277400 ns, At safepoint: 17700 ns, Total: 295100 ns
[2024-05-26T13:59:27.200+0000][20776][safepoint   ] Safepoint "Cleanup", Time since last: 1863376100 ns, Reaching safepoint: 138900 ns, At safepoint: 16500 ns, Total: 155400 ns
[2024-05-26T13:59:28.911+0000][20776][safepoint   ] Safepoint "Cleanup", Time since last: 1699242100 ns, Reaching safepoint: 314500 ns, At safepoint: 19500 ns, Total: 334000 ns
[2024-05-26T13:59:29.474+0000][20776][gc,start    ] GC(9) Pause Young (Concurrent Start) (Metadata GC Threshold)
[2024-05-26T13:59:29.474+0000][20776][gc,task     ] GC(9) Using 8 workers of 8 for evacuation
[2024-05-26T13:59:29.474+0000][20776][gc,age      ] GC(9) Desired survivor size 41943040 bytes, new threshold 6 (max threshold 15)
[2024-05-26T13:59:29.540+0000][20776][gc,phases   ] GC(9)   Pre Evacuate Collection Set: 0.4ms
[2024-05-26T13:59:29.540+0000][20776][gc,phases   ] GC(9)   Merge Heap Roots: 0.1ms
[2024-05-26T13:59:29.540+0000][20776][gc,phases   ] GC(9)   Evacuate Collection Set: 57.4ms
[2024-05-26T13:59:29.540+0000][20776][gc,phases   ] GC(9)   Post Evacuate Collection Set: 4.0ms
[2024-05-26T13:59:29.540+0000][20776][gc,phases   ] GC(9)   Other: 0.1ms
[2024-05-26T13:59:29.540+0000][20776][gc,age      ] GC(9) Age table with threshold 6 (max threshold 15)
[2024-05-26T13:59:29.540+0000][20776][gc,age      ] GC(9) - age   1:   16824840 bytes,   16824840 total
[2024-05-26T13:59:29.540+0000][20776][gc,age      ] GC(9) - age   2:   23876424 bytes,   40701264 total
[2024-05-26T13:59:29.540+0000][20776][gc,age      ] GC(9) - age   3:    8613176 bytes,   49314440 total
[2024-05-26T13:59:29.540+0000][20776][gc,age      ] GC(9) - age   4:    2501688 bytes,   51816128 total
[2024-05-26T13:59:29.540+0000][20776][gc,age      ] GC(9) - age   5:    4047352 bytes,   55863480 total
[2024-05-26T13:59:29.540+0000][20776][gc,age      ] GC(9) - age   6:    2083896 bytes,   57947376 total
[2024-05-26T13:59:29.540+0000][20776][gc,heap     ] GC(9) Eden regions: 116->0(72)
[2024-05-26T13:59:29.540+0000][20776][gc,heap     ] GC(9) Survivor regions: 14->15(20)
[2024-05-26T13:59:29.540+0000][20776][gc,heap     ] GC(9) Old regions: 0->3
[2024-05-26T13:59:29.540+0000][20776][gc,heap     ] GC(9) Archive regions: 0->0
[2024-05-26T13:59:29.540+0000][20776][gc,heap     ] GC(9) Humongous regions: 0->0
[2024-05-26T13:59:29.540+0000][20776][gc,metaspace] GC(9) Metaspace: 97910K(100928K)->97910K(100928K) NonClass: 84688K(86208K)->84688K(86208K) Class: 13222K(14720K)->13222K(14720K)
[2024-05-26T13:59:29.540+0000][20776][gc          ] GC(9) Pause Young (Concurrent Start) (Metadata GC Threshold) 516M->71M(4040M) 62.576ms
[2024-05-26T13:59:29.540+0000][20776][gc,cpu      ] GC(9) User=0.45s Sys=0.06s Real=0.07s
[2024-05-26T13:59:29.540+0000][20776][gc          ] GC(10) Concurrent Mark Cycle
[2024-05-26T13:59:29.540+0000][20776][gc,marking  ] GC(10) Concurrent Clear Claimed Marks
[2024-05-26T13:59:29.540+0000][20776][safepoint   ] Safepoint "CollectForMetadataAllocation", Time since last: 570012000 ns, Reaching safepoint: 91900 ns, At safepoint: 62783500 ns, Total: 62875400 ns
[2024-05-26T13:59:29.540+0000][20776][gc,marking  ] GC(10) Concurrent Clear Claimed Marks 0.198ms
[2024-05-26T13:59:29.540+0000][20776][gc,marking  ] GC(10) Concurrent Scan Root Regions
[2024-05-26T13:59:29.587+0000][20776][gc,marking  ] GC(10) Concurrent Scan Root Regions 49.222ms
[2024-05-26T13:59:29.587+0000][20776][gc,marking  ] GC(10) Concurrent Mark
[2024-05-26T13:59:29.587+0000][20776][gc,marking  ] GC(10) Concurrent Mark From Roots
[2024-05-26T13:59:29.587+0000][20776][gc,task     ] GC(10) Using 2 workers of 2 for marking
[2024-05-26T13:59:29.587+0000][20776][gc,marking  ] GC(10) Concurrent Mark From Roots 0.495ms
[2024-05-26T13:59:29.587+0000][20776][gc,marking  ] GC(10) Concurrent Preclean
[2024-05-26T13:59:29.587+0000][20776][gc,marking  ] GC(10) Concurrent Preclean 0.023ms
[2024-05-26T13:59:29.587+0000][20776][gc,start    ] GC(10) Pause Remark
[2024-05-26T13:59:29.587+0000][20776][gc          ] GC(10) Pause Remark 74M->74M(4040M) 4.587ms
[2024-05-26T13:59:29.587+0000][20776][gc,cpu      ] GC(10) User=0.00s Sys=0.00s Real=0.00s
[2024-05-26T13:59:29.587+0000][20776][safepoint   ] Safepoint "G1Concurrent", Time since last: 50127500 ns, Reaching safepoint: 102100 ns, At safepoint: 4728000 ns, Total: 4830100 ns
[2024-05-26T13:59:29.587+0000][20776][gc,marking  ] GC(10) Concurrent Mark 5.539ms
[2024-05-26T13:59:29.587+0000][20776][gc,marking  ] GC(10) Concurrent Rebuild Remembered Sets
[2024-05-26T13:59:29.635+0000][20776][gc,marking  ] GC(10) Concurrent Rebuild Remembered Sets 37.333ms
[2024-05-26T13:59:29.635+0000][20776][gc,start    ] GC(10) Pause Cleanup
[2024-05-26T13:59:29.635+0000][20776][gc          ] GC(10) Pause Cleanup 75M->75M(4040M) 0.282ms
[2024-05-26T13:59:29.635+0000][20776][gc,cpu      ] GC(10) User=0.00s Sys=0.00s Real=0.00s
[2024-05-26T13:59:29.635+0000][20776][safepoint   ] Safepoint "G1Concurrent", Time since last: 37572500 ns, Reaching safepoint: 81200 ns, At safepoint: 420400 ns, Total: 501600 ns
[2024-05-26T13:59:29.635+0000][20776][gc,marking  ] GC(10) Concurrent Cleanup for Next Mark
[2024-05-26T13:59:29.643+0000][20776][gc,marking  ] GC(10) Concurrent Cleanup for Next Mark 7.290ms
[2024-05-26T13:59:29.643+0000][20776][gc          ] GC(10) Concurrent Mark Cycle 100.633ms
[2024-05-26T13:59:30.988+0000][20776][safepoint   ] Safepoint "ICBufferFull", Time since last: 1352183400 ns, Reaching safepoint: 261100 ns, At safepoint: 50200 ns, Total: 311300 ns
[2024-05-26T13:59:31.587+0000][20776][safepoint   ] Safepoint "ICBufferFull", Time since last: 609299100 ns, Reaching safepoint: 189900 ns, At safepoint: 49500 ns, Total: 239400 ns
[2024-05-26T13:59:32.715+0000][20776][safepoint   ] Safepoint "Cleanup", Time since last: 1115668800 ns, Reaching safepoint: 163300 ns, At safepoint: 16900 ns, Total: 180200 ns
[2024-05-26T13:59:33.265+0000][20776][safepoint   ] Safepoint "ICBufferFull", Time since last: 552257500 ns, Reaching safepoint: 257200 ns, At safepoint: 16000 ns, Total: 273200 ns
[2024-05-26T13:59:34.650+0000][20776][safepoint   ] Safepoint "Cleanup", Time since last: 1382263500 ns, Reaching safepoint: 373000 ns, At safepoint: 67400 ns, Total: 440400 ns
[2024-05-26T13:59:35.889+0000][20776][safepoint   ] Safepoint "Cleanup", Time since last: 1237819900 ns, Reaching safepoint: 161800 ns, At safepoint: 10300 ns, Total: 172100 ns
[2024-05-26T13:59:36.905+0000][20776][safepoint   ] Safepoint "Cleanup", Time since last: 1015865800 ns, Reaching safepoint: 186400 ns, At safepoint: 16200 ns, Total: 202600 ns
[2024-05-26T13:59:38.403+0000][20776][safepoint   ] Safepoint "Cleanup", Time since last: 1497940300 ns, Reaching safepoint: 261500 ns, At safepoint: 9700 ns, Total: 271200 ns
[2024-05-26T13:59:39.415+0000][20776][safepoint   ] Safepoint "Cleanup", Time since last: 1012171000 ns, Reaching safepoint: 98000 ns, At safepoint: 19900 ns, Total: 117900 ns
[2024-05-26T13:59:40.778+0000][20776][safepoint   ] Safepoint "Cleanup", Time since last: 1362725700 ns, Reaching safepoint: 199600 ns, At safepoint: 29400 ns, Total: 229000 ns
[2024-05-26T13:59:41.790+0000][20776][safepoint   ] Safepoint "Cleanup", Time since last: 1011297200 ns, Reaching safepoint: 188400 ns, At safepoint: 28900 ns, Total: 217300 ns
[2024-05-26T13:59:42.800+0000][20776][safepoint   ] Safepoint "Cleanup", Time since last: 1010084000 ns, Reaching safepoint: 787500 ns, At safepoint: 19100 ns, Total: 806600 ns
[2024-05-26T13:59:43.818+0000][20776][safepoint   ] Safepoint "Cleanup", Time since last: 1017742100 ns, Reaching safepoint: 89500 ns, At safepoint: 15500 ns, Total: 105000 ns
[2024-05-26T13:59:45.497+0000][20776][safepoint   ] Safepoint "ICBufferFull", Time since last: 1680573700 ns, Reaching safepoint: 216300 ns, At safepoint: 17900 ns, Total: 234200 ns
[2024-05-26T13:59:45.786+0000][20776][safepoint   ] Safepoint "ICBufferFull", Time since last: 295772900 ns, Reaching safepoint: 212000 ns, At safepoint: 17600 ns, Total: 229600 ns
[2024-05-26T13:59:46.445+0000][20776][safepoint   ] Safepoint "ICBufferFull", Time since last: 652511400 ns, Reaching safepoint: 188000 ns, At safepoint: 72000 ns, Total: 260000 ns
[2024-05-26T13:59:47.720+0000][20776][safepoint   ] Safepoint "Cleanup", Time since last: 1282164800 ns, Reaching safepoint: 172300 ns, At safepoint: 17200 ns, Total: 189500 ns
[2024-05-26T13:59:48.771+0000][20776][safepoint   ] Safepoint "Cleanup", Time since last: 1041011600 ns, Reaching safepoint: 125500 ns, At safepoint: 67700 ns, Total: 193200 ns
[2024-05-26T13:59:48.820+0000][20776][safepoint   ] Safepoint "ICBufferFull", Time since last: 56708400 ns, Reaching safepoint: 263600 ns, At safepoint: 8800 ns, Total: 272400 ns
[2024-05-26T13:59:49.281+0000][20776][safepoint   ] Safepoint "ICBufferFull", Time since last: 453346200 ns, Reaching safepoint: 195200 ns, At safepoint: 9300 ns, Total: 204500 ns
[2024-05-26T13:59:50.266+0000][20776][gc,start    ] GC(11) Pause Young (Normal) (G1 Evacuation Pause)
[2024-05-26T13:59:50.266+0000][20776][gc,task     ] GC(11) Using 8 workers of 8 for evacuation
[2024-05-26T13:59:50.266+0000][20776][gc,age      ] GC(11) Desired survivor size 29360128 bytes, new threshold 2 (max threshold 15)
[2024-05-26T13:59:50.342+0000][20776][gc,phases   ] GC(11)   Pre Evacuate Collection Set: 0.3ms
[2024-05-26T13:59:50.342+0000][20776][gc,phases   ] GC(11)   Merge Heap Roots: 0.2ms
[2024-05-26T13:59:50.342+0000][20776][gc,phases   ] GC(11)   Evacuate Collection Set: 71.5ms
[2024-05-26T13:59:50.342+0000][20776][gc,phases   ] GC(11)   Post Evacuate Collection Set: 2.9ms
[2024-05-26T13:59:50.342+0000][20776][gc,phases   ] GC(11)   Other: 0.3ms
[2024-05-26T13:59:50.342+0000][20776][gc,age      ] GC(11) Age table with threshold 2 (max threshold 15)
[2024-05-26T13:59:50.342+0000][20776][gc,age      ] GC(11) - age   1:   17552552 bytes,   17552552 total
[2024-05-26T13:59:50.342+0000][20776][gc,age      ] GC(11) - age   2:   16222408 bytes,   33774960 total
[2024-05-26T13:59:50.342+0000][20776][gc,heap     ] GC(11) Eden regions: 93->0(189)
[2024-05-26T13:59:50.342+0000][20776][gc,heap     ] GC(11) Survivor regions: 15->10(14)
[2024-05-26T13:59:50.342+0000][20776][gc,heap     ] GC(11) Old regions: 3->13
[2024-05-26T13:59:50.342+0000][20776][gc,heap     ] GC(11) Archive regions: 0->0
[2024-05-26T13:59:50.342+0000][20776][gc,heap     ] GC(11) Humongous regions: 2->2
[2024-05-26T13:59:50.342+0000][20776][gc,metaspace] GC(11) Metaspace: 115722K(119040K)->115722K(119040K) NonClass: 99992K(101696K)->99992K(101696K) Class: 15730K(17344K)->15730K(17344K)
[2024-05-26T13:59:50.342+0000][20776][gc          ] GC(11) Pause Young (Normal) (G1 Evacuation Pause) 451M->99M(4040M) 75.828ms
[2024-05-26T13:59:50.342+0000][20776][gc,cpu      ] GC(11) User=0.42s Sys=0.06s Real=0.08s
[2024-05-26T13:59:50.342+0000][20776][safepoint   ] Safepoint "G1CollectForAllocation", Time since last: 984499500 ns, Reaching safepoint: 201200 ns, At safepoint: 76063400 ns, Total: 76264600 ns
[2024-05-26T13:59:52.346+0000][20776][safepoint   ] Safepoint "Cleanup", Time since last: 2003182800 ns, Reaching safepoint: 160900 ns, At safepoint: 10600 ns, Total: 171500 ns
[2024-05-26T13:59:53.357+0000][20776][safepoint   ] Safepoint "Cleanup", Time since last: 1011029900 ns, Reaching safepoint: 158800 ns, At safepoint: 22800 ns, Total: 181600 ns
[2024-05-26T13:59:54.360+0000][20776][safepoint   ] Safepoint "Cleanup", Time since last: 1002722700 ns, Reaching safepoint: 109700 ns, At safepoint: 23300 ns, Total: 133000 ns
[2024-05-26T13:59:55.372+0000][20776][safepoint   ] Safepoint "Cleanup", Time since last: 1011406000 ns, Reaching safepoint: 161900 ns, At safepoint: 15900 ns, Total: 177800 ns
[2024-05-26T13:59:56.517+0000][20776][safepoint   ] Safepoint "Cleanup", Time since last: 1150665300 ns, Reaching safepoint: 112800 ns, At safepoint: 20100 ns, Total: 132900 ns
[2024-05-26T13:59:58.101+0000][20776][safepoint   ] Safepoint "Cleanup", Time since last: 1561992200 ns, Reaching safepoint: 15898000 ns, At safepoint: 73900 ns, Total: 15971900 ns
[2024-05-26T13:59:59.171+0000][20776][safepoint   ] Safepoint "Cleanup", Time since last: 1007438400 ns, Reaching safepoint: 62578600 ns, At safepoint: 117700 ns, Total: 62696300 ns
[2024-05-26T14:00:00.221+0000][20776][safepoint   ] Safepoint "Cleanup", Time since last: 1000630500 ns, Reaching safepoint: 49852900 ns, At safepoint: 78100 ns, Total: 49931000 ns
[2024-05-26T14:00:01.251+0000][20776][safepoint   ] Safepoint "Cleanup", Time since last: 1012150800 ns, Reaching safepoint: 16993200 ns, At safepoint: 76900 ns, Total: 17070100 ns
[2024-05-26T14:00:02.253+0000][20776][safepoint   ] Safepoint "Cleanup", Time since last: 1002103900 ns, Reaching safepoint: 128400 ns, At safepoint: 55100 ns, Total: 183500 ns
[2024-05-26T14:00:03.260+0000][20776][safepoint   ] Safepoint "Cleanup", Time since last: 1007253100 ns, Reaching safepoint: 167800 ns, At safepoint: 32600 ns, Total: 200400 ns
[2024-05-26T14:00:04.265+0000][20776][safepoint   ] Safepoint "Cleanup", Time since last: 1004183400 ns, Reaching safepoint: 104800 ns, At safepoint: 54100 ns, Total: 158900 ns
[2024-05-26T14:00:05.269+0000][20776][safepoint   ] Safepoint "Cleanup", Time since last: 1003719500 ns, Reaching safepoint: 91100 ns, At safepoint: 21500 ns, Total: 112600 ns
[2024-05-26T14:00:06.290+0000][20776][safepoint   ] Safepoint "Cleanup", Time since last: 1006242200 ns, Reaching safepoint: 15419100 ns, At safepoint: 20700 ns, Total: 15439800 ns
[2024-05-26T14:00:07.341+0000][20776][safepoint   ] Safepoint "Cleanup", Time since last: 1003990600 ns, Reaching safepoint: 47048100 ns, At safepoint: 201000 ns, Total: 47249100 ns
[2024-05-26T14:00:08.378+0000][20776][safepoint   ] Safepoint "Cleanup", Time since last: 1011863400 ns, Reaching safepoint: 24339800 ns, At safepoint: 99700 ns, Total: 24439500 ns
[2024-05-26T14:00:09.386+0000][20776][safepoint   ] Safepoint "Cleanup", Time since last: 1008531800 ns, Reaching safepoint: 152500 ns, At safepoint: 15200 ns, Total: 167700 ns
[2024-05-26T14:00:10.388+0000][20776][safepoint   ] Safepoint "Cleanup", Time since last: 1001593100 ns, Reaching safepoint: 229400 ns, At safepoint: 16400 ns, Total: 245800 ns
[2024-05-26T14:00:11.393+0000][20776][safepoint   ] Safepoint "Cleanup", Time since last: 1004268400 ns, Reaching safepoint: 212100 ns, At safepoint: 22800 ns, Total: 234900 ns
[2024-05-26T14:00:12.432+0000][20776][safepoint   ] Safepoint "Cleanup", Time since last: 1007965700 ns, Reaching safepoint: 31524600 ns, At safepoint: 67000 ns, Total: 31591600 ns
[2024-05-26T14:00:14.484+0000][20776][safepoint   ] Safepoint "Cleanup", Time since last: 2016611800 ns, Reaching safepoint: 35157100 ns, At safepoint: 111400 ns, Total: 35268500 ns
[2024-05-26T14:00:15.538+0000][20776][safepoint   ] Safepoint "Cleanup", Time since last: 1002978100 ns, Reaching safepoint: 50570600 ns, At safepoint: 116000 ns, Total: 50686600 ns
[2024-05-26T14:00:16.572+0000][20776][safepoint   ] Safepoint "Cleanup", Time since last: 1002658500 ns, Reaching safepoint: 31340200 ns, At safepoint: 130100 ns, Total: 31470300 ns
[2024-05-26T14:00:17.631+0000][20776][safepoint   ] Safepoint "Cleanup", Time since last: 1011711300 ns, Reaching safepoint: 46995800 ns, At safepoint: 249100 ns, Total: 47244900 ns
[2024-05-26T14:00:18.632+0000][20776][safepoint   ] Safepoint "Cleanup", Time since last: 1000642500 ns, Reaching safepoint: 180600 ns, At safepoint: 59200 ns, Total: 239800 ns
[2024-05-26T14:00:19.688+0000][20776][safepoint   ] Safepoint "Cleanup", Time since last: 1009533300 ns, Reaching safepoint: 46944500 ns, At safepoint: 124600 ns, Total: 47069100 ns
[2024-05-26T14:00:20.696+0000][20776][safepoint   ] Safepoint "Cleanup", Time since last: 1007248900 ns, Reaching safepoint: 227300 ns, At safepoint: 55500 ns, Total: 282800 ns
[2024-05-26T14:00:21.706+0000][20776][safepoint   ] Safepoint "Cleanup", Time since last: 1010402500 ns, Reaching safepoint: 212600 ns, At safepoint: 93400 ns, Total: 306000 ns
[2024-05-26T14:00:22.718+0000][20776][safepoint   ] Safepoint "Cleanup", Time since last: 1010879600 ns, Reaching safepoint: 151700 ns, At safepoint: 33200 ns, Total: 184900 ns
[2024-05-26T14:00:23.741+0000][20776][safepoint   ] Safepoint "Cleanup", Time since last: 1007937400 ns, Reaching safepoint: 15999300 ns, At safepoint: 105400 ns, Total: 16104700 ns
[2024-05-26T14:00:24.773+0000][20776][safepoint   ] Safepoint "Cleanup", Time since last: 1015364800 ns, Reaching safepoint: 15543900 ns, At safepoint: 97200 ns, Total: 15641100 ns
[2024-05-26T14:00:25.816+0000][20776][safepoint   ] Safepoint "Cleanup", Time since last: 1012196600 ns, Reaching safepoint: 31208500 ns, At safepoint: 108800 ns, Total: 31317300 ns
[2024-05-26T14:00:26.890+0000][20776][safepoint   ] Safepoint "Cleanup", Time since last: 1013163100 ns, Reaching safepoint: 60426700 ns, At safepoint: 146100 ns, Total: 60572800 ns
[2024-05-26T14:00:27.960+0000][20776][safepoint   ] Safepoint "Cleanup", Time since last: 1005311700 ns, Reaching safepoint: 64462500 ns, At safepoint: 250300 ns, Total: 64712800 ns
[2024-05-26T14:00:29.514+0000][20776][safepoint   ] Safepoint "Cleanup", Time since last: 1553452900 ns, Reaching safepoint: 122500 ns, At safepoint: 9700 ns, Total: 132200 ns
[2024-05-26T14:00:30.544+0000][20776][safepoint   ] Safepoint "Cleanup", Time since last: 1014535200 ns, Reaching safepoint: 15412600 ns, At safepoint: 121700 ns, Total: 15534300 ns
[2024-05-26T14:00:31.546+0000][20776][safepoint   ] Safepoint "Cleanup", Time since last: 1002217800 ns, Reaching safepoint: 144400 ns, At safepoint: 121500 ns, Total: 265900 ns
[2024-05-26T14:00:32.598+0000][20776][safepoint   ] Safepoint "Cleanup", Time since last: 1015871800 ns, Reaching safepoint: 35293800 ns, At safepoint: 40400 ns, Total: 35334200 ns
[2024-05-26T14:00:33.630+0000][20776][safepoint   ] Safepoint "Cleanup", Time since last: 1016559200 ns, Reaching safepoint: 15905500 ns, At safepoint: 98500 ns, Total: 16004000 ns
[2024-05-26T14:00:34.705+0000][20776][safepoint   ] Safepoint "Cleanup", Time since last: 1010499500 ns, Reaching safepoint: 63794100 ns, At safepoint: 331600 ns, Total: 64125700 ns
[2024-05-26T14:00:35.820+0000][20776][safepoint   ] Safepoint "Cleanup", Time since last: 1018175700 ns, Reaching safepoint: 96671400 ns, At safepoint: 156000 ns, Total: 96827400 ns
[2024-05-26T14:00:37.861+0000][20776][safepoint   ] Safepoint "Cleanup", Time since last: 2011148000 ns, Reaching safepoint: 30446300 ns, At safepoint: 125200 ns, Total: 30571500 ns
[2024-05-26T14:00:37.904+0000][20776][gc,start    ] GC(12) Pause Young (Normal) (G1 Evacuation Pause)
[2024-05-26T14:00:37.904+0000][20776][gc,task     ] GC(12) Using 8 workers of 8 for evacuation
[2024-05-26T14:00:37.904+0000][20776][gc,age      ] GC(12) Desired survivor size 48234496 bytes, new threshold 15 (max threshold 15)
[2024-05-26T14:00:37.977+0000][20776][gc,phases   ] GC(12)   Pre Evacuate Collection Set: 0.3ms
[2024-05-26T14:00:37.977+0000][20776][gc,phases   ] GC(12)   Merge Heap Roots: 0.4ms
[2024-05-26T14:00:37.977+0000][20776][gc,phases   ] GC(12)   Evacuate Collection Set: 69.2ms
[2024-05-26T14:00:37.977+0000][20776][gc,phases   ] GC(12)   Post Evacuate Collection Set: 2.3ms
[2024-05-26T14:00:37.977+0000][20776][gc,phases   ] GC(12)   Other: 0.3ms
[2024-05-26T14:00:37.977+0000][20776][gc,age      ] GC(12) Age table with threshold 15 (max threshold 15)
[2024-05-26T14:00:37.977+0000][20776][gc,age      ] GC(12) - age   1:   62995960 bytes,   62995960 total
[2024-05-26T14:00:37.977+0000][20776][gc,age      ] GC(12) - age   2:   12880048 bytes,   75876008 total
[2024-05-26T14:00:37.977+0000][20776][gc,age      ] GC(12) - age   3:   16210840 bytes,   92086848 total
[2024-05-26T14:00:37.977+0000][20776][gc,heap     ] GC(12) Eden regions: 173->0(122)
[2024-05-26T14:00:37.977+0000][20776][gc,heap     ] GC(12) Survivor regions: 10->23(23)
[2024-05-26T14:00:37.977+0000][20776][gc,heap     ] GC(12) Old regions: 13->13
[2024-05-26T14:00:37.977+0000][20776][gc,heap     ] GC(12) Archive regions: 0->0
[2024-05-26T14:00:37.977+0000][20776][gc,heap     ] GC(12) Humongous regions: 2->2
[2024-05-26T14:00:37.977+0000][20776][gc,metaspace] GC(12) Metaspace: 118372K(121664K)->118372K(121664K) NonClass: 102359K(104064K)->102359K(104064K) Class: 16012K(17600K)->16012K(17600K)
[2024-05-26T14:00:37.977+0000][20776][gc          ] GC(12) Pause Young (Normal) (G1 Evacuation Pause) 791M->151M(4040M) 73.002ms
[2024-05-26T14:00:37.977+0000][20776][gc,cpu      ] GC(12) User=0.44s Sys=0.08s Real=0.07s
[2024-05-26T14:00:37.977+0000][20776][safepoint   ] Safepoint "G1CollectForAllocation", Time since last: 16958300 ns, Reaching safepoint: 25663100 ns, At safepoint: 73144600 ns, Total: 98807700 ns
[2024-05-26T14:00:39.984+0000][20776][safepoint   ] Safepoint "Cleanup", Time since last: 2006934200 ns, Reaching safepoint: 266300 ns, At safepoint: 21100 ns, Total: 287400 ns
[2024-05-26T14:00:41.008+0000][20776][safepoint   ] Safepoint "Cleanup", Time since last: 1022982200 ns, Reaching safepoint: 208500 ns, At safepoint: 65200 ns, Total: 273700 ns
[2024-05-26T14:00:42.025+0000][20776][safepoint   ] Safepoint "Cleanup", Time since last: 1016745200 ns, Reaching safepoint: 196000 ns, At safepoint: 19100 ns, Total: 215100 ns
[2024-05-26T14:00:43.038+0000][20776][safepoint   ] Safepoint "Cleanup", Time since last: 1012877400 ns, Reaching safepoint: 679200 ns, At safepoint: 102300 ns, Total: 781500 ns
[2024-05-26T14:00:44.088+0000][20776][safepoint   ] Safepoint "Cleanup", Time since last: 1017338500 ns, Reaching safepoint: 32472600 ns, At safepoint: 88600 ns, Total: 32561200 ns
[2024-05-26T14:00:46.168+0000][20776][safepoint   ] Safepoint "Cleanup", Time since last: 2017884400 ns, Reaching safepoint: 61976200 ns, At safepoint: 131400 ns, Total: 62107600 ns
[2024-05-26T14:00:48.293+0000][20776][safepoint   ] Safepoint "Cleanup", Time since last: 2011181900 ns, Reaching safepoint: 113647300 ns, At safepoint: 64600 ns, Total: 113711900 ns
[2024-05-26T14:00:49.359+0000][20776][safepoint   ] Safepoint "Cleanup", Time since last: 1001311500 ns, Reaching safepoint: 64377000 ns, At safepoint: 667500 ns, Total: 65044500 ns
[2024-05-26T14:00:50.399+0000][20776][safepoint   ] Safepoint "Cleanup", Time since last: 1008296400 ns, Reaching safepoint: 31761700 ns, At safepoint: 138200 ns, Total: 31899900 ns
[2024-05-26T14:00:51.463+0000][20776][safepoint   ] Safepoint "Cleanup", Time since last: 1010336700 ns, Reaching safepoint: 52881200 ns, At safepoint: 184500 ns, Total: 53065700 ns
[2024-05-26T14:00:52.469+0000][20776][safepoint   ] Safepoint "Cleanup", Time since last: 1006201600 ns, Reaching safepoint: 164200 ns, At safepoint: 38100 ns, Total: 202300 ns
[2024-05-26T14:00:53.480+0000][20776][safepoint   ] Safepoint "Cleanup", Time since last: 1011068000 ns, Reaching safepoint: 166300 ns, At safepoint: 85200 ns, Total: 251500 ns
[2024-05-26T14:00:54.490+0000][20776][safepoint   ] Safepoint "Cleanup", Time since last: 1009071200 ns, Reaching safepoint: 252900 ns, At safepoint: 78100 ns, Total: 331000 ns
[2024-05-26T14:00:55.530+0000][20776][safepoint   ] Safepoint "Cleanup", Time since last: 1006802200 ns, Reaching safepoint: 32965200 ns, At safepoint: 115900 ns, Total: 33081100 ns
[2024-05-26T14:00:56.593+0000][20776][safepoint   ] Safepoint "Cleanup", Time since last: 1014354900 ns, Reaching safepoint: 48295500 ns, At safepoint: 110800 ns, Total: 48406300 ns
[2024-05-26T14:00:57.612+0000][20776][safepoint   ] Safepoint "Cleanup", Time since last: 1019117100 ns, Reaching safepoint: 144500 ns, At safepoint: 66800 ns, Total: 211300 ns
[2024-05-26T14:00:58.623+0000][20776][safepoint   ] Safepoint "Cleanup", Time since last: 1011012600 ns, Reaching safepoint: 179200 ns, At safepoint: 81700 ns, Total: 260900 ns
[2024-05-26T14:00:59.648+0000][20776][safepoint   ] Safepoint "Cleanup", Time since last: 1024381100 ns, Reaching safepoint: 136200 ns, At safepoint: 104800 ns, Total: 241000 ns
[2024-05-26T14:01:00.725+0000][20776][safepoint   ] Safepoint "Cleanup", Time since last: 1026182000 ns, Reaching safepoint: 50475300 ns, At safepoint: 140000 ns, Total: 50615300 ns
[2024-05-26T14:01:01.752+0000][20776][safepoint   ] Safepoint "Cleanup", Time since last: 1007451600 ns, Reaching safepoint: 19693800 ns, At safepoint: 102000 ns, Total: 19795800 ns
[2024-05-26T14:01:02.763+0000][20776][safepoint   ] Safepoint "Cleanup", Time since last: 1010886500 ns, Reaching safepoint: 119600 ns, At safepoint: 27800 ns, Total: 147400 ns
[2024-05-26T14:01:03.777+0000][20776][safepoint   ] Safepoint "Cleanup", Time since last: 1013893700 ns, Reaching safepoint: 210000 ns, At safepoint: 100000 ns, Total: 310000 ns
[2024-05-26T14:01:04.796+0000][20776][safepoint   ] Safepoint "Cleanup", Time since last: 1018625600 ns, Reaching safepoint: 101400 ns, At safepoint: 38900 ns, Total: 140300 ns
[2024-05-26T14:01:06.825+0000][20776][safepoint   ] Safepoint "Cleanup", Time since last: 2029124800 ns, Reaching safepoint: 66800 ns, At safepoint: 40000 ns, Total: 106800 ns
[2024-05-26T14:01:07.838+0000][20776][safepoint   ] Safepoint "Cleanup", Time since last: 1013138300 ns, Reaching safepoint: 197800 ns, At safepoint: 93700 ns, Total: 291500 ns
[2024-05-26T14:01:10.872+0000][20776][safepoint   ] Safepoint "Cleanup", Time since last: 3033028600 ns, Reaching safepoint: 75500 ns, At safepoint: 48700 ns, Total: 124200 ns
[2024-05-26T14:01:14.892+0000][20776][safepoint   ] Safepoint "Cleanup", Time since last: 4020217800 ns, Reaching safepoint: 59800 ns, At safepoint: 94900 ns, Total: 154700 ns
[2024-05-26T14:01:20.924+0000][20776][safepoint   ] Safepoint "Cleanup", Time since last: 6031766300 ns, Reaching safepoint: 119200 ns, At safepoint: 23600 ns, Total: 142800 ns
[2024-05-26T14:01:21.934+0000][20776][safepoint   ] Safepoint "Cleanup", Time since last: 1009752300 ns, Reaching safepoint: 81900 ns, At safepoint: 59300 ns, Total: 141200 ns
[2024-05-26T14:01:26.976+0000][20776][safepoint   ] Safepoint "Cleanup", Time since last: 5041619400 ns, Reaching safepoint: 656800 ns, At safepoint: 24300 ns, Total: 681100 ns
[2024-05-26T14:01:32.027+0000][20776][safepoint   ] Safepoint "Cleanup", Time since last: 5050715500 ns, Reaching safepoint: 91200 ns, At safepoint: 28700 ns, Total: 119900 ns
[2024-05-26T14:01:33.028+0000][20776][safepoint   ] Safepoint "Cleanup", Time since last: 1001187600 ns, Reaching safepoint: 108600 ns, At safepoint: 17800 ns, Total: 126400 ns
[2024-05-26T14:01:34.037+0000][20776][safepoint   ] Safepoint "Cleanup", Time since last: 1008611700 ns, Reaching safepoint: 72900 ns, At safepoint: 16200 ns, Total: 89100 ns
[2024-05-26T14:01:35.039+0000][20776][safepoint   ] Safepoint "Cleanup", Time since last: 1001668200 ns, Reaching safepoint: 98100 ns, At safepoint: 100400 ns, Total: 198500 ns
[2024-05-26T14:01:38.048+0000][20776][safepoint   ] Safepoint "Cleanup", Time since last: 3009061500 ns, Reaching safepoint: 134600 ns, At safepoint: 79800 ns, Total: 214400 ns
[2024-05-26T14:01:39.061+0000][20776][safepoint   ] Safepoint "Cleanup", Time since last: 1012914200 ns, Reaching safepoint: 76300 ns, At safepoint: 55000 ns, Total: 131300 ns
[2024-05-26T14:01:41.080+0000][20776][safepoint   ] Safepoint "Cleanup", Time since last: 2018209100 ns, Reaching safepoint: 167900 ns, At safepoint: 68900 ns, Total: 236800 ns
[2024-05-26T14:01:42.099+0000][20776][safepoint   ] Safepoint "Cleanup", Time since last: 1019116100 ns, Reaching safepoint: 118600 ns, At safepoint: 63900 ns, Total: 182500 ns
[2024-05-26T14:01:45.109+0000][20776][safepoint   ] Safepoint "Cleanup", Time since last: 3009966600 ns, Reaching safepoint: 148900 ns, At safepoint: 52000 ns, Total: 200900 ns
[2024-05-26T14:01:46.113+0000][20776][safepoint   ] Safepoint "Cleanup", Time since last: 1003681300 ns, Reaching safepoint: 82100 ns, At safepoint: 90400 ns, Total: 172500 ns
[2024-05-26T14:01:48.125+0000][20776][safepoint   ] Safepoint "Cleanup", Time since last: 2011538500 ns, Reaching safepoint: 138200 ns, At safepoint: 66800 ns, Total: 205000 ns
[2024-05-26T14:01:51.146+0000][20776][safepoint   ] Safepoint "Cleanup", Time since last: 3021088300 ns, Reaching safepoint: 80300 ns, At safepoint: 96700 ns, Total: 177000 ns
[2024-05-26T14:01:58.203+0000][20776][safepoint   ] Safepoint "Cleanup", Time since last: 7057187700 ns, Reaching safepoint: 124300 ns, At safepoint: 64600 ns, Total: 188900 ns
[2024-05-26T14:02:01.254+0000][20776][safepoint   ] Safepoint "Cleanup", Time since last: 3050594100 ns, Reaching safepoint: 90200 ns, At safepoint: 51600 ns, Total: 141800 ns
[2024-05-26T14:02:03.279+0000][20776][safepoint   ] Safepoint "Cleanup", Time since last: 2024688800 ns, Reaching safepoint: 153000 ns, At safepoint: 66400 ns, Total: 219400 ns
[2024-05-26T14:02:04.287+0000][20776][safepoint   ] Safepoint "Cleanup", Time since last: 1007207400 ns, Reaching safepoint: 143100 ns, At safepoint: 69700 ns, Total: 212800 ns
[2024-05-26T14:02:07.310+0000][20776][safepoint   ] Safepoint "Cleanup", Time since last: 3022958500 ns, Reaching safepoint: 134100 ns, At safepoint: 64400 ns, Total: 198500 ns
[2024-05-26T14:02:08.326+0000][20776][safepoint   ] Safepoint "Cleanup", Time since last: 1016376600 ns, Reaching safepoint: 142500 ns, At safepoint: 53800 ns, Total: 196300 ns
[2024-05-26T14:02:12.351+0000][20776][safepoint   ] Safepoint "Cleanup", Time since last: 4024885000 ns, Reaching safepoint: 140000 ns, At safepoint: 81400 ns, Total: 221400 ns
[2024-05-26T14:02:14.371+0000][20776][safepoint   ] Safepoint "Cleanup", Time since last: 2019615700 ns, Reaching safepoint: 153400 ns, At safepoint: 49900 ns, Total: 203300 ns
[2024-05-26T14:02:16.386+0000][20776][safepoint   ] Safepoint "Cleanup", Time since last: 2013652400 ns, Reaching safepoint: 685700 ns, At safepoint: 70400 ns, Total: 756100 ns
[2024-05-26T14:02:20.427+0000][20776][safepoint   ] Safepoint "Cleanup", Time since last: 4041284000 ns, Reaching safepoint: 193400 ns, At safepoint: 62200 ns, Total: 255600 ns
[2024-05-26T14:02:30.512+0000][20776][safepoint   ] Safepoint "Cleanup", Time since last: 10084977200 ns, Reaching safepoint: 135100 ns, At safepoint: 10500 ns, Total: 145600 ns
[2024-05-26T14:02:35.570+0000][20776][safepoint   ] Safepoint "Cleanup", Time since last: 5057016400 ns, Reaching safepoint: 76200 ns, At safepoint: 11000 ns, Total: 87200 ns
[2024-05-26T14:02:42.668+0000][20776][safepoint   ] Safepoint "Cleanup", Time since last: 7098665600 ns, Reaching safepoint: 216200 ns, At safepoint: 100300 ns, Total: 316500 ns
[2024-05-26T14:02:46.681+0000][20776][safepoint   ] Safepoint "Cleanup", Time since last: 4012200900 ns, Reaching safepoint: 87500 ns, At safepoint: 62200 ns, Total: 149700 ns
[2024-05-26T14:02:49.739+0000][20776][safepoint   ] Safepoint "Cleanup", Time since last: 3058304500 ns, Reaching safepoint: 745000 ns, At safepoint: 53200 ns, Total: 798200 ns
[2024-05-26T14:02:57.841+0000][20776][safepoint   ] Safepoint "Cleanup", Time since last: 8100928900 ns, Reaching safepoint: 115400 ns, At safepoint: 61900 ns, Total: 177300 ns
[2024-05-26T14:03:01.877+0000][20776][safepoint   ] Safepoint "Cleanup", Time since last: 4035613300 ns, Reaching safepoint: 89200 ns, At safepoint: 49800 ns, Total: 139000 ns
[2024-05-26T14:03:21.012+0000][20776][safepoint   ] Safepoint "Cleanup", Time since last: 19134630900 ns, Reaching safepoint: 706700 ns, At safepoint: 46100 ns, Total: 752800 ns
[2024-05-26T14:03:28.104+0000][20776][safepoint   ] Safepoint "Cleanup", Time since last: 7092092900 ns, Reaching safepoint: 93900 ns, At safepoint: 57000 ns, Total: 150900 ns
[2024-05-26T14:03:35.161+0000][20776][safepoint   ] Safepoint "Cleanup", Time since last: 7056607200 ns, Reaching safepoint: 105500 ns, At safepoint: 44200 ns, Total: 149700 ns
[2024-05-26T14:03:46.292+0000][20776][safepoint   ] Safepoint "Cleanup", Time since last: 11130581400 ns, Reaching safepoint: 73900 ns, At safepoint: 21500 ns, Total: 95400 ns
[2024-05-26T14:03:49.318+0000][20776][safepoint   ] Safepoint "Cleanup", Time since last: 3026033800 ns, Reaching safepoint: 130100 ns, At safepoint: 40400 ns, Total: 170500 ns
[2024-05-26T14:04:16.561+0000][20776][safepoint   ] Safepoint "Cleanup", Time since last: 27242555700 ns, Reaching safepoint: 176500 ns, At safepoint: 40400 ns, Total: 216900 ns
[2024-05-26T14:04:19.612+0000][20776][safepoint   ] Safepoint "Cleanup", Time since last: 3051008800 ns, Reaching safepoint: 105700 ns, At safepoint: 57100 ns, Total: 162800 ns
[2024-05-26T14:04:20.619+0000][20776][safepoint   ] Safepoint "Cleanup", Time since last: 1006777900 ns, Reaching safepoint: 114500 ns, At safepoint: 56300 ns, Total: 170800 ns
[2024-05-26T14:04:21.641+0000][20776][safepoint   ] Safepoint "Cleanup", Time since last: 1022216000 ns, Reaching safepoint: 109400 ns, At safepoint: 42800 ns, Total: 152200 ns
[2024-05-26T14:04:34.821+0000][20776][safepoint   ] Safepoint "Cleanup", Time since last: 13179946800 ns, Reaching safepoint: 176300 ns, At safepoint: 44300 ns, Total: 220600 ns
[2024-05-26T14:04:41.870+0000][20776][safepoint   ] Safepoint "Cleanup", Time since last: 7048775100 ns, Reaching safepoint: 75800 ns, At safepoint: 57000 ns, Total: 132800 ns
[2024-05-26T14:04:46.925+0000][20776][safepoint   ] Safepoint "Cleanup", Time since last: 5054009700 ns, Reaching safepoint: 168200 ns, At safepoint: 54600 ns, Total: 222800 ns
[2024-05-26T14:04:47.926+0000][20776][safepoint   ] Safepoint "Cleanup", Time since last: 1000918200 ns, Reaching safepoint: 126100 ns, At safepoint: 50800 ns, Total: 176900 ns
[2024-05-26T14:04:49.962+0000][20776][safepoint   ] Safepoint "Cleanup", Time since last: 2036263900 ns, Reaching safepoint: 157200 ns, At safepoint: 47000 ns, Total: 204200 ns
[2024-05-26T14:04:52.990+0000][20776][safepoint   ] Safepoint "Cleanup", Time since last: 3027248000 ns, Reaching safepoint: 138100 ns, At safepoint: 41600 ns, Total: 179700 ns
[2024-05-26T14:05:05.132+0000][20776][safepoint   ] Safepoint "Cleanup", Time since last: 12141848600 ns, Reaching safepoint: 127700 ns, At safepoint: 55400 ns, Total: 183100 ns
[2024-05-26T14:06:04.659+0000][20776][safepoint   ] Safepoint "Cleanup", Time since last: 59526887300 ns, Reaching safepoint: 148100 ns, At safepoint: 55900 ns, Total: 204000 ns
[2024-05-26T14:06:21.827+0000][20776][safepoint   ] Safepoint "Cleanup", Time since last: 17168625200 ns, Reaching safepoint: 78400 ns, At safepoint: 24200 ns, Total: 102600 ns
[2024-05-26T14:06:33.758+0000][20776][safepoint   ] Safepoint "Cleanup", Time since last: 11930769000 ns, Reaching safepoint: 122900 ns, At safepoint: 40500 ns, Total: 163400 ns
[2024-05-26T14:06:34.091+0000][20776][safepoint   ] Safepoint "ICBufferFull", Time since last: 332806400 ns, Reaching safepoint: 281400 ns, At safepoint: 88500 ns, Total: 369900 ns
[2024-05-26T14:06:34.400+0000][20776][safepoint   ] Safepoint "ICBufferFull", Time since last: 309398900 ns, Reaching safepoint: 159500 ns, At safepoint: 35800 ns, Total: 195300 ns
[2024-05-26T14:06:34.714+0000][20776][safepoint   ] Safepoint "ICBufferFull", Time since last: 312383500 ns, Reaching safepoint: 302900 ns, At safepoint: 52700 ns, Total: 355600 ns
[2024-05-26T14:06:34.998+0000][20776][safepoint   ] Safepoint "ICBufferFull", Time since last: 283902400 ns, Reaching safepoint: 835300 ns, At safepoint: 27300 ns, Total: 862600 ns
[2024-05-26T14:06:35.443+0000][20776][safepoint   ] Safepoint "ICBufferFull", Time since last: 443796400 ns, Reaching safepoint: 167200 ns, At safepoint: 15900 ns, Total: 183100 ns
[2024-05-26T14:06:37.303+0000][20776][safepoint   ] Safepoint "Cleanup", Time since last: 1860682600 ns, Reaching safepoint: 94500 ns, At safepoint: 22400 ns, Total: 116900 ns
[2024-05-26T14:06:38.312+0000][20776][safepoint   ] Safepoint "Cleanup", Time since last: 1008163500 ns, Reaching safepoint: 119700 ns, At safepoint: 7500 ns, Total: 127200 ns
[2024-05-26T14:06:39.322+0000][20776][safepoint   ] Safepoint "Cleanup", Time since last: 1009745100 ns, Reaching safepoint: 124600 ns, At safepoint: 8000 ns, Total: 132600 ns
[2024-05-26T14:06:43.129+0000][20776][safepoint   ] Safepoint "Cleanup", Time since last: 3807592400 ns, Reaching safepoint: 90200 ns, At safepoint: 6800 ns, Total: 97000 ns
[2024-05-26T14:06:44.135+0000][20776][safepoint   ] Safepoint "Cleanup", Time since last: 1005671600 ns, Reaching safepoint: 58100 ns, At safepoint: 49900 ns, Total: 108000 ns
[2024-05-26T14:06:44.527+0000][20776][safepoint   ] Safepoint "ICBufferFull", Time since last: 371051100 ns, Reaching safepoint: 19549100 ns, At safepoint: 1919200 ns, Total: 21468300 ns
[2024-05-26T14:06:44.534+0000][20776][gc,start    ] GC(13) Pause Young (Normal) (G1 Evacuation Pause)
[2024-05-26T14:06:44.534+0000][20776][gc,task     ] GC(13) Using 8 workers of 8 for evacuation
[2024-05-26T14:06:44.534+0000][20776][gc,age      ] GC(13) Desired survivor size 35651584 bytes, new threshold 1 (max threshold 15)
[2024-05-26T14:06:44.625+0000][20776][gc,phases   ] GC(13)   Pre Evacuate Collection Set: 0.2ms
[2024-05-26T14:06:44.626+0000][20776][gc,phases   ] GC(13)   Merge Heap Roots: 0.1ms
[2024-05-26T14:06:44.626+0000][20776][gc,phases   ] GC(13)   Evacuate Collection Set: 88.8ms
[2024-05-26T14:06:44.626+0000][20776][gc,phases   ] GC(13)   Post Evacuate Collection Set: 2.0ms
[2024-05-26T14:06:44.626+0000][20776][gc,phases   ] GC(13)   Other: 0.2ms
[2024-05-26T14:06:44.626+0000][20776][gc,age      ] GC(13) Age table with threshold 1 (max threshold 15)
[2024-05-26T14:06:44.626+0000][20776][gc,age      ] GC(13) - age   1:   47620832 bytes,   47620832 total
[2024-05-26T14:06:44.626+0000][20776][gc,heap     ] GC(13) Eden regions: 111->0(154)
[2024-05-26T14:06:44.626+0000][20776][gc,heap     ] GC(13) Survivor regions: 23->14(17)
[2024-05-26T14:06:44.626+0000][20776][gc,heap     ] GC(13) Old regions: 13->35
[2024-05-26T14:06:44.626+0000][20776][gc,heap     ] GC(13) Archive regions: 0->0
[2024-05-26T14:06:44.626+0000][20776][gc,heap     ] GC(13) Humongous regions: 2->2
[2024-05-26T14:06:44.626+0000][20776][gc,metaspace] GC(13) Metaspace: 121310K(124672K)->121310K(124672K) NonClass: 104958K(106688K)->104958K(106688K) Class: 16351K(17984K)->16351K(17984K)
[2024-05-26T14:06:44.626+0000][20776][gc          ] GC(13) Pause Young (Normal) (G1 Evacuation Pause) 595M->202M(4040M) 91.846ms
[2024-05-26T14:06:44.626+0000][20776][gc,cpu      ] GC(13) User=0.64s Sys=0.09s Real=0.09s
[2024-05-26T14:06:44.626+0000][20776][safepoint   ] Safepoint "G1CollectForAllocation", Time since last: 6153000 ns, Reaching safepoint: 96600 ns, At safepoint: 92042500 ns, Total: 92139100 ns
[2024-05-26T14:06:46.129+0000][20776][safepoint   ] Safepoint "Cleanup", Time since last: 1503276500 ns, Reaching safepoint: 268200 ns, At safepoint: 11400 ns, Total: 279600 ns
[2024-05-26T14:06:47.374+0000][20776][safepoint   ] Safepoint "Cleanup", Time since last: 1244716900 ns, Reaching safepoint: 160800 ns, At safepoint: 42800 ns, Total: 203600 ns
[2024-05-26T14:06:48.758+0000][20776][safepoint   ] Safepoint "Cleanup", Time since last: 1383164100 ns, Reaching safepoint: 211000 ns, At safepoint: 38100 ns, Total: 249100 ns
[2024-05-26T14:06:49.771+0000][20776][safepoint   ] Safepoint "Cleanup", Time since last: 1013244900 ns, Reaching safepoint: 165100 ns, At safepoint: 45600 ns, Total: 210700 ns
[2024-05-26T14:06:50.726+0000][20776][safepoint   ] Safepoint "ICBufferFull", Time since last: 954798700 ns, Reaching safepoint: 192100 ns, At safepoint: 43600 ns, Total: 235700 ns
[2024-05-26T14:06:51.337+0000][20776][safepoint   ] Safepoint "ICBufferFull", Time since last: 603548800 ns, Reaching safepoint: 424600 ns, At safepoint: 7358400 ns, Total: 7783000 ns
[2024-05-26T14:06:51.608+0000][20776][safepoint   ] Safepoint "ICBufferFull", Time since last: 270065200 ns, Reaching safepoint: 134200 ns, At safepoint: 8400 ns, Total: 142600 ns
[2024-05-26T14:06:52.306+0000][20776][safepoint   ] Safepoint "ICBufferFull", Time since last: 698167700 ns, Reaching safepoint: 253000 ns, At safepoint: 26200 ns, Total: 279200 ns
[2024-05-26T14:06:53.324+0000][20776][safepoint   ] Safepoint "Cleanup", Time since last: 1017592100 ns, Reaching safepoint: 89600 ns, At safepoint: 64500 ns, Total: 154100 ns
[2024-05-26T14:06:53.971+0000][20776][safepoint   ] Safepoint "ICBufferFull", Time since last: 602228700 ns, Reaching safepoint: 43716500 ns, At safepoint: 1285200 ns, Total: 45001700 ns
[2024-05-26T14:06:55.797+0000][20776][safepoint   ] Safepoint "Cleanup", Time since last: 1826045900 ns, Reaching safepoint: 359400 ns, At safepoint: 19000 ns, Total: 378400 ns
[2024-05-26T14:06:56.798+0000][20776][safepoint   ] Safepoint "Cleanup", Time since last: 1000182600 ns, Reaching safepoint: 167300 ns, At safepoint: 9800 ns, Total: 177100 ns
[2024-05-26T14:06:57.805+0000][20776][safepoint   ] Safepoint "Cleanup", Time since last: 1006304900 ns, Reaching safepoint: 152000 ns, At safepoint: 13400 ns, Total: 165400 ns
[2024-05-26T14:06:59.808+0000][20776][safepoint   ] Safepoint "Cleanup", Time since last: 2003327700 ns, Reaching safepoint: 190700 ns, At safepoint: 61000 ns, Total: 251700 ns
[2024-05-26T14:07:00.816+0000][20776][safepoint   ] Safepoint "Cleanup", Time since last: 1007622900 ns, Reaching safepoint: 77300 ns, At safepoint: 50800 ns, Total: 128100 ns
[2024-05-26T14:07:01.817+0000][20776][safepoint   ] Safepoint "Cleanup", Time since last: 1001220600 ns, Reaching safepoint: 125400 ns, At safepoint: 35000 ns, Total: 160400 ns
[2024-05-26T14:07:02.820+0000][20776][safepoint   ] Safepoint "Cleanup", Time since last: 1002583100 ns, Reaching safepoint: 114300 ns, At safepoint: 50100 ns, Total: 164400 ns
[2024-05-26T14:07:03.833+0000][20776][safepoint   ] Safepoint "Cleanup", Time since last: 1012897700 ns, Reaching safepoint: 130300 ns, At safepoint: 24800 ns, Total: 155100 ns
[2024-05-26T14:07:04.844+0000][20776][safepoint   ] Safepoint "Cleanup", Time since last: 1010868200 ns, Reaching safepoint: 181600 ns, At safepoint: 68800 ns, Total: 250400 ns
[2024-05-26T14:07:05.861+0000][20776][safepoint   ] Safepoint "Cleanup", Time since last: 1016951400 ns, Reaching safepoint: 303500 ns, At safepoint: 55100 ns, Total: 358600 ns
[2024-05-26T14:07:06.877+0000][20776][safepoint   ] Safepoint "Cleanup", Time since last: 1015907500 ns, Reaching safepoint: 95100 ns, At safepoint: 63800 ns, Total: 158900 ns
[2024-05-26T14:07:07.880+0000][20776][safepoint   ] Safepoint "Cleanup", Time since last: 1001911100 ns, Reaching safepoint: 101600 ns, At safepoint: 79600 ns, Total: 181200 ns
[2024-05-26T14:07:08.893+0000][20776][safepoint   ] Safepoint "Cleanup", Time since last: 1012957800 ns, Reaching safepoint: 117100 ns, At safepoint: 79300 ns, Total: 196400 ns
[2024-05-26T14:07:09.894+0000][20776][safepoint   ] Safepoint "Cleanup", Time since last: 1001305000 ns, Reaching safepoint: 89300 ns, At safepoint: 27600 ns, Total: 116900 ns
[2024-05-26T14:07:11.909+0000][20776][safepoint   ] Safepoint "Cleanup", Time since last: 2015097200 ns, Reaching safepoint: 127200 ns, At safepoint: 61000 ns, Total: 188200 ns
[2024-05-26T14:07:12.917+0000][20776][safepoint   ] Safepoint "Cleanup", Time since last: 1007703300 ns, Reaching safepoint: 151900 ns, At safepoint: 52800 ns, Total: 204700 ns
[2024-05-26T14:07:14.930+0000][20776][safepoint   ] Safepoint "Cleanup", Time since last: 2012516400 ns, Reaching safepoint: 84500 ns, At safepoint: 71200 ns, Total: 155700 ns
[2024-05-26T14:07:16.954+0000][20776][safepoint   ] Safepoint "Cleanup", Time since last: 2023935300 ns, Reaching safepoint: 145000 ns, At safepoint: 57000 ns, Total: 202000 ns
[2024-05-26T14:07:17.961+0000][20776][safepoint   ] Safepoint "Cleanup", Time since last: 1007170700 ns, Reaching safepoint: 122000 ns, At safepoint: 64900 ns, Total: 186900 ns
[2024-05-26T14:07:18.975+0000][20776][safepoint   ] Safepoint "Cleanup", Time since last: 1013051400 ns, Reaching safepoint: 120500 ns, At safepoint: 16800 ns, Total: 137300 ns
[2024-05-26T14:07:20.979+0000][20776][safepoint   ] Safepoint "Cleanup", Time since last: 2004127500 ns, Reaching safepoint: 152500 ns, At safepoint: 53800 ns, Total: 206300 ns
[2024-05-26T14:07:22.979+0000][20776][safepoint   ] Safepoint "Cleanup", Time since last: 2000174500 ns, Reaching safepoint: 270200 ns, At safepoint: 12800 ns, Total: 283000 ns
[2024-05-26T14:07:23.992+0000][20776][safepoint   ] Safepoint "Cleanup", Time since last: 1011833000 ns, Reaching safepoint: 112400 ns, At safepoint: 10200 ns, Total: 122600 ns
[2024-05-26T14:07:25.007+0000][20776][safepoint   ] Safepoint "Cleanup", Time since last: 1015213400 ns, Reaching safepoint: 101600 ns, At safepoint: 8400 ns, Total: 110000 ns
[2024-05-26T14:07:27.020+0000][20776][safepoint   ] Safepoint "Cleanup", Time since last: 2012784300 ns, Reaching safepoint: 104500 ns, At safepoint: 9600 ns, Total: 114100 ns
[2024-05-26T14:07:30.066+0000][20776][safepoint   ] Safepoint "Cleanup", Time since last: 3045955100 ns, Reaching safepoint: 203900 ns, At safepoint: 8100 ns, Total: 212000 ns
[2024-05-26T14:07:31.070+0000][20776][safepoint   ] Safepoint "Cleanup", Time since last: 1004017100 ns, Reaching safepoint: 178100 ns, At safepoint: 8200 ns, Total: 186300 ns
[2024-05-26T14:07:32.076+0000][20776][safepoint   ] Safepoint "Cleanup", Time since last: 1005562000 ns, Reaching safepoint: 115100 ns, At safepoint: 14100 ns, Total: 129200 ns
[2024-05-26T14:07:33.078+0000][20776][safepoint   ] Safepoint "Cleanup", Time since last: 1001673300 ns, Reaching safepoint: 148300 ns, At safepoint: 9100 ns, Total: 157400 ns
[2024-05-26T14:07:35.096+0000][20776][safepoint   ] Safepoint "Cleanup", Time since last: 2018444100 ns, Reaching safepoint: 152100 ns, At safepoint: 13400 ns, Total: 165500 ns
[2024-05-26T14:07:36.100+0000][20776][safepoint   ] Safepoint "Cleanup", Time since last: 1003426500 ns, Reaching safepoint: 162100 ns, At safepoint: 23400 ns, Total: 185500 ns
[2024-05-26T14:07:37.107+0000][20776][safepoint   ] Safepoint "Cleanup", Time since last: 1006616500 ns, Reaching safepoint: 148100 ns, At safepoint: 15600 ns, Total: 163700 ns
[2024-05-26T14:07:38.107+0000][20776][safepoint   ] Safepoint "Cleanup", Time since last: 1000261100 ns, Reaching safepoint: 129100 ns, At safepoint: 12000 ns, Total: 141100 ns
[2024-05-26T14:07:39.112+0000][20776][safepoint   ] Safepoint "Cleanup", Time since last: 1005339600 ns, Reaching safepoint: 101400 ns, At safepoint: 16800 ns, Total: 118200 ns
[2024-05-26T14:07:40.113+0000][20776][safepoint   ] Safepoint "Cleanup", Time since last: 1000545400 ns, Reaching safepoint: 129100 ns, At safepoint: 10700 ns, Total: 139800 ns
[2024-05-26T14:07:42.130+0000][20776][safepoint   ] Safepoint "Cleanup", Time since last: 2016820500 ns, Reaching safepoint: 171800 ns, At safepoint: 11200 ns, Total: 183000 ns
[2024-05-26T14:07:45.150+0000][20776][safepoint   ] Safepoint "Cleanup", Time since last: 3019653000 ns, Reaching safepoint: 185800 ns, At safepoint: 10400 ns, Total: 196200 ns
[2024-05-26T14:07:47.153+0000][20776][safepoint   ] Safepoint "Cleanup", Time since last: 2003130300 ns, Reaching safepoint: 148300 ns, At safepoint: 61000 ns, Total: 209300 ns
[2024-05-26T14:07:48.166+0000][20776][safepoint   ] Safepoint "Cleanup", Time since last: 1012720500 ns, Reaching safepoint: 160800 ns, At safepoint: 13100 ns, Total: 173900 ns
[2024-05-26T14:07:50.211+0000][20776][safepoint   ] Safepoint "Cleanup", Time since last: 2044247200 ns, Reaching safepoint: 166900 ns, At safepoint: 12700 ns, Total: 179600 ns
[2024-05-26T14:07:51.213+0000][20776][safepoint   ] Safepoint "Cleanup", Time since last: 1002196000 ns, Reaching safepoint: 156200 ns, At safepoint: 10100 ns, Total: 166300 ns
[2024-05-26T14:07:52.219+0000][20776][safepoint   ] Safepoint "Cleanup", Time since last: 1005853700 ns, Reaching safepoint: 117900 ns, At safepoint: 28400 ns, Total: 146300 ns
[2024-05-26T14:07:54.242+0000][20776][safepoint   ] Safepoint "Cleanup", Time since last: 2022539400 ns, Reaching safepoint: 158100 ns, At safepoint: 10300 ns, Total: 168400 ns
[2024-05-26T14:07:55.246+0000][20776][safepoint   ] Safepoint "Cleanup", Time since last: 1003894400 ns, Reaching safepoint: 159100 ns, At safepoint: 11800 ns, Total: 170900 ns
[2024-05-26T14:07:57.265+0000][20776][safepoint   ] Safepoint "Cleanup", Time since last: 2019277900 ns, Reaching safepoint: 114400 ns, At safepoint: 11700 ns, Total: 126100 ns
[2024-05-26T14:07:58.274+0000][20776][safepoint   ] Safepoint "Cleanup", Time since last: 1009060600 ns, Reaching safepoint: 159900 ns, At safepoint: 10500 ns, Total: 170400 ns
[2024-05-26T14:08:00.282+0000][20776][safepoint   ] Safepoint "Cleanup", Time since last: 2007432600 ns, Reaching safepoint: 126600 ns, At safepoint: 48300 ns, Total: 174900 ns
[2024-05-26T14:08:03.289+0000][20776][safepoint   ] Safepoint "Cleanup", Time since last: 3006608900 ns, Reaching safepoint: 117600 ns, At safepoint: 68600 ns, Total: 186200 ns
[2024-05-26T14:08:05.299+0000][20776][safepoint   ] Safepoint "Cleanup", Time since last: 2010602300 ns, Reaching safepoint: 120200 ns, At safepoint: 44000 ns, Total: 164200 ns
[2024-05-26T14:08:06.308+0000][20776][safepoint   ] Safepoint "Cleanup", Time since last: 1008581300 ns, Reaching safepoint: 129700 ns, At safepoint: 13300 ns, Total: 143000 ns
[2024-05-26T14:08:07.311+0000][20776][safepoint   ] Safepoint "Cleanup", Time since last: 1002688000 ns, Reaching safepoint: 119700 ns, At safepoint: 11300 ns, Total: 131000 ns
[2024-05-26T14:08:08.027+0000][20776][safepoint   ] Safepoint "ICBufferFull", Time since last: 715499400 ns, Reaching safepoint: 192500 ns, At safepoint: 7400 ns, Total: 199900 ns
[2024-05-26T14:08:09.512+0000][20776][safepoint   ] Safepoint "Cleanup", Time since last: 1485086500 ns, Reaching safepoint: 145600 ns, At safepoint: 61200 ns, Total: 206800 ns
[2024-05-26T14:08:10.516+0000][20776][safepoint   ] Safepoint "Cleanup", Time since last: 1003541100 ns, Reaching safepoint: 137800 ns, At safepoint: 23300 ns, Total: 161100 ns
[2024-05-26T14:08:11.532+0000][20776][safepoint   ] Safepoint "Cleanup", Time since last: 1016153300 ns, Reaching safepoint: 134000 ns, At safepoint: 18800 ns, Total: 152800 ns
[2024-05-26T14:08:12.533+0000][20776][safepoint   ] Safepoint "Cleanup", Time since last: 1000957400 ns, Reaching safepoint: 214700 ns, At safepoint: 17300 ns, Total: 232000 ns
[2024-05-26T14:08:13.550+0000][20776][safepoint   ] Safepoint "Cleanup", Time since last: 1016629700 ns, Reaching safepoint: 147100 ns, At safepoint: 9900 ns, Total: 157000 ns
[2024-05-26T14:08:14.550+0000][20776][safepoint   ] Safepoint "Cleanup", Time since last: 1000328900 ns, Reaching safepoint: 95800 ns, At safepoint: 56600 ns, Total: 152400 ns
[2024-05-26T14:08:15.564+0000][20776][safepoint   ] Safepoint "Cleanup", Time since last: 1013766300 ns, Reaching safepoint: 117100 ns, At safepoint: 10800 ns, Total: 127900 ns
[2024-05-26T14:08:17.587+0000][20776][safepoint   ] Safepoint "Cleanup", Time since last: 1982456700 ns, Reaching safepoint: 40309300 ns, At safepoint: 91800 ns, Total: 40401100 ns
[2024-05-26T14:08:18.600+0000][20776][safepoint   ] Safepoint "Cleanup", Time since last: 1001205000 ns, Reaching safepoint: 12357300 ns, At safepoint: 84200 ns, Total: 12441500 ns
[2024-05-26T14:08:20.088+0000][20776][safepoint   ] Safepoint "Cleanup", Time since last: 1486645300 ns, Reaching safepoint: 158500 ns, At safepoint: 16100 ns, Total: 174600 ns
[2024-05-26T14:08:21.098+0000][20776][safepoint   ] Safepoint "Cleanup", Time since last: 1010509400 ns, Reaching safepoint: 301900 ns, At safepoint: 41600 ns, Total: 343500 ns
[2024-05-26T14:08:22.100+0000][20776][safepoint   ] Safepoint "Cleanup", Time since last: 1001706100 ns, Reaching safepoint: 141500 ns, At safepoint: 11000 ns, Total: 152500 ns
[2024-05-26T14:08:23.114+0000][20776][safepoint   ] Safepoint "Cleanup", Time since last: 1013741900 ns, Reaching safepoint: 90700 ns, At safepoint: 15600 ns, Total: 106300 ns
[2024-05-26T14:08:24.130+0000][20776][safepoint   ] Safepoint "Cleanup", Time since last: 1015785400 ns, Reaching safepoint: 156200 ns, At safepoint: 13400 ns, Total: 169600 ns
[2024-05-26T14:08:25.141+0000][20776][safepoint   ] Safepoint "Cleanup", Time since last: 1010839300 ns, Reaching safepoint: 187300 ns, At safepoint: 19200 ns, Total: 206500 ns
[2024-05-26T14:08:27.158+0000][20776][safepoint   ] Safepoint "Cleanup", Time since last: 2016506100 ns, Reaching safepoint: 180000 ns, At safepoint: 18900 ns, Total: 198900 ns
[2024-05-26T14:08:28.160+0000][20776][safepoint   ] Safepoint "Cleanup", Time since last: 1001481400 ns, Reaching safepoint: 255000 ns, At safepoint: 20600 ns, Total: 275600 ns
[2024-05-26T14:08:29.171+0000][20776][safepoint   ] Safepoint "Cleanup", Time since last: 1011127000 ns, Reaching safepoint: 158900 ns, At safepoint: 15500 ns, Total: 174400 ns
[2024-05-26T14:08:30.176+0000][20776][safepoint   ] Safepoint "Cleanup", Time since last: 1004711200 ns, Reaching safepoint: 176100 ns, At safepoint: 80400 ns, Total: 256500 ns
[2024-05-26T14:08:31.194+0000][20776][safepoint   ] Safepoint "Cleanup", Time since last: 1017397800 ns, Reaching safepoint: 133400 ns, At safepoint: 8400 ns, Total: 141800 ns
[2024-05-26T14:08:32.195+0000][20776][safepoint   ] Safepoint "Cleanup", Time since last: 1001372700 ns, Reaching safepoint: 175400 ns, At safepoint: 12300 ns, Total: 187700 ns
[2024-05-26T14:08:35.218+0000][20776][safepoint   ] Safepoint "Cleanup", Time since last: 3022805900 ns, Reaching safepoint: 144600 ns, At safepoint: 12900 ns, Total: 157500 ns
[2024-05-26T14:08:35.565+0000][20776][gc,start    ] GC(14) Pause Young (Normal) (G1 Evacuation Pause)
[2024-05-26T14:08:35.565+0000][20776][gc,task     ] GC(14) Using 8 workers of 8 for evacuation
[2024-05-26T14:08:35.565+0000][20776][gc,age      ] GC(14) Desired survivor size 44040192 bytes, new threshold 1 (max threshold 15)
[2024-05-26T14:08:35.589+0000][20776][gc,phases   ] GC(14)   Pre Evacuate Collection Set: 0.2ms
[2024-05-26T14:08:35.589+0000][20776][gc,phases   ] GC(14)   Merge Heap Roots: 0.2ms
[2024-05-26T14:08:35.589+0000][20776][gc,phases   ] GC(14)   Evacuate Collection Set: 22.5ms
[2024-05-26T14:08:35.589+0000][20776][gc,phases   ] GC(14)   Post Evacuate Collection Set: 1.7ms
[2024-05-26T14:08:35.589+0000][20776][gc,phases   ] GC(14)   Other: 0.2ms
[2024-05-26T14:08:35.589+0000][20776][gc,age      ] GC(14) Age table with threshold 1 (max threshold 15)
[2024-05-26T14:08:35.589+0000][20776][gc,age      ] GC(14) - age   1:    7808216 bytes,    7808216 total
[2024-05-26T14:08:35.589+0000][20776][gc,heap     ] GC(14) Eden regions: 154->0(495)
[2024-05-26T14:08:35.589+0000][20776][gc,heap     ] GC(14) Survivor regions: 14->3(21)
[2024-05-26T14:08:35.589+0000][20776][gc,heap     ] GC(14) Old regions: 35->48
[2024-05-26T14:08:35.589+0000][20776][gc,heap     ] GC(14) Archive regions: 0->0
[2024-05-26T14:08:35.589+0000][20776][gc,heap     ] GC(14) Humongous regions: 2->2
[2024-05-26T14:08:35.589+0000][20776][gc,metaspace] GC(14) Metaspace: 128370K(132032K)->128370K(132032K) NonClass: 111156K(113088K)->111156K(113088K) Class: 17213K(18944K)->17213K(18944K)
[2024-05-26T14:08:35.589+0000][20776][gc          ] GC(14) Pause Young (Normal) (G1 Evacuation Pause) 818M->209M(4040M) 25.081ms
[2024-05-26T14:08:35.589+0000][20776][gc,cpu      ] GC(14) User=0.12s Sys=0.02s Real=0.02s
[2024-05-26T14:08:35.590+0000][20776][safepoint   ] Safepoint "G1CollectForAllocation", Time since last: 346223400 ns, Reaching safepoint: 152000 ns, At safepoint: 25194300 ns, Total: 25346300 ns
[2024-05-26T14:08:36.595+0000][20776][safepoint   ] Safepoint "Cleanup", Time since last: 1004920900 ns, Reaching safepoint: 176300 ns, At safepoint: 49200 ns, Total: 225500 ns
[2024-05-26T14:08:38.621+0000][20776][safepoint   ] Safepoint "Cleanup", Time since last: 2025837000 ns, Reaching safepoint: 101700 ns, At safepoint: 62400 ns, Total: 164100 ns
[2024-05-26T14:08:41.629+0000][20776][safepoint   ] Safepoint "Cleanup", Time since last: 3007724400 ns, Reaching safepoint: 70200 ns, At safepoint: 21800 ns, Total: 92000 ns
[2024-05-26T14:08:42.643+0000][20776][safepoint   ] Safepoint "Cleanup", Time since last: 1013806500 ns, Reaching safepoint: 125500 ns, At safepoint: 75500 ns, Total: 201000 ns
[2024-05-26T14:08:43.644+0000][20776][safepoint   ] Safepoint "Cleanup", Time since last: 1000744600 ns, Reaching safepoint: 143600 ns, At safepoint: 67100 ns, Total: 210700 ns
[2024-05-26T14:08:44.660+0000][20776][safepoint   ] Safepoint "Cleanup", Time since last: 1015990300 ns, Reaching safepoint: 124300 ns, At safepoint: 40300 ns, Total: 164600 ns
[2024-05-26T14:08:45.661+0000][20776][safepoint   ] Safepoint "Cleanup", Time since last: 1000890400 ns, Reaching safepoint: 157900 ns, At safepoint: 60900 ns, Total: 218800 ns
[2024-05-26T14:08:47.666+0000][20776][safepoint   ] Safepoint "Cleanup", Time since last: 2005235900 ns, Reaching safepoint: 162800 ns, At safepoint: 69100 ns, Total: 231900 ns
[2024-05-26T14:08:48.673+0000][20776][safepoint   ] Safepoint "Cleanup", Time since last: 1006528700 ns, Reaching safepoint: 143200 ns, At safepoint: 55300 ns, Total: 198500 ns
[2024-05-26T14:08:50.683+0000][20776][safepoint   ] Safepoint "Cleanup", Time since last: 2010069400 ns, Reaching safepoint: 103500 ns, At safepoint: 40200 ns, Total: 143700 ns
[2024-05-26T14:08:52.695+0000][20776][safepoint   ] Safepoint "Cleanup", Time since last: 2011843400 ns, Reaching safepoint: 154400 ns, At safepoint: 62800 ns, Total: 217200 ns
[2024-05-26T14:08:53.697+0000][20776][safepoint   ] Safepoint "Cleanup", Time since last: 1001260800 ns, Reaching safepoint: 82400 ns, At safepoint: 30500 ns, Total: 112900 ns
[2024-05-26T14:08:54.715+0000][20776][safepoint   ] Safepoint "Cleanup", Time since last: 1018621100 ns, Reaching safepoint: 96400 ns, At safepoint: 59000 ns, Total: 155400 ns
[2024-05-26T14:08:55.730+0000][20776][safepoint   ] Safepoint "Cleanup", Time since last: 1014842100 ns, Reaching safepoint: 137000 ns, At safepoint: 57700 ns, Total: 194700 ns
[2024-05-26T14:08:56.743+0000][20776][safepoint   ] Safepoint "Cleanup", Time since last: 1012234800 ns, Reaching safepoint: 109600 ns, At safepoint: 65000 ns, Total: 174600 ns
[2024-05-26T14:08:59.766+0000][20776][safepoint   ] Safepoint "Cleanup", Time since last: 3022964400 ns, Reaching safepoint: 74600 ns, At safepoint: 57400 ns, Total: 132000 ns
[2024-05-26T14:09:00.780+0000][20776][safepoint   ] Safepoint "Cleanup", Time since last: 1014033900 ns, Reaching safepoint: 172400 ns, At safepoint: 65500 ns, Total: 237900 ns
[2024-05-26T14:09:01.788+0000][20776][safepoint   ] Safepoint "Cleanup", Time since last: 1007431700 ns, Reaching safepoint: 161400 ns, At safepoint: 51800 ns, Total: 213200 ns
[2024-05-26T14:09:02.793+0000][20776][safepoint   ] Safepoint "Cleanup", Time since last: 1004502600 ns, Reaching safepoint: 104900 ns, At safepoint: 64100 ns, Total: 169000 ns
[2024-05-26T14:09:03.804+0000][20776][safepoint   ] Safepoint "Cleanup", Time since last: 1011119400 ns, Reaching safepoint: 150900 ns, At safepoint: 67600 ns, Total: 218500 ns
[2024-05-26T14:09:05.813+0000][20776][safepoint   ] Safepoint "Cleanup", Time since last: 2008473700 ns, Reaching safepoint: 100900 ns, At safepoint: 15600 ns, Total: 116500 ns
[2024-05-26T14:09:06.827+0000][20776][safepoint   ] Safepoint "Cleanup", Time since last: 1013974900 ns, Reaching safepoint: 125900 ns, At safepoint: 58800 ns, Total: 184700 ns
[2024-05-26T14:09:11.894+0000][20776][safepoint   ] Safepoint "Cleanup", Time since last: 5067093800 ns, Reaching safepoint: 93700 ns, At safepoint: 16600 ns, Total: 110300 ns
[2024-05-26T14:09:12.898+0000][20776][safepoint   ] Safepoint "Cleanup", Time since last: 1003609300 ns, Reaching safepoint: 130600 ns, At safepoint: 49200 ns, Total: 179800 ns
[2024-05-26T14:09:13.915+0000][20776][safepoint   ] Safepoint "Cleanup", Time since last: 1017380000 ns, Reaching safepoint: 88400 ns, At safepoint: 56200 ns, Total: 144600 ns
[2024-05-26T14:09:14.920+0000][20776][safepoint   ] Safepoint "Cleanup", Time since last: 1004267600 ns, Reaching safepoint: 160400 ns, At safepoint: 51900 ns, Total: 212300 ns
[2024-05-26T14:09:15.920+0000][20776][safepoint   ] Safepoint "Cleanup", Time since last: 1000223000 ns, Reaching safepoint: 98600 ns, At safepoint: 75000 ns, Total: 173600 ns
[2024-05-26T14:09:17.947+0000][20776][safepoint   ] Safepoint "Cleanup", Time since last: 2026426900 ns, Reaching safepoint: 125400 ns, At safepoint: 73500 ns, Total: 198900 ns
[2024-05-26T14:09:19.967+0000][20776][safepoint   ] Safepoint "Cleanup", Time since last: 2019756600 ns, Reaching safepoint: 148900 ns, At safepoint: 74400 ns, Total: 223300 ns
[2024-05-26T14:09:22.979+0000][20776][safepoint   ] Safepoint "Cleanup", Time since last: 3012349000 ns, Reaching safepoint: 105300 ns, At safepoint: 77400 ns, Total: 182700 ns
[2024-05-26T14:09:23.992+0000][20776][safepoint   ] Safepoint "Cleanup", Time since last: 1012713600 ns, Reaching safepoint: 115900 ns, At safepoint: 65200 ns, Total: 181100 ns
[2024-05-26T14:09:25.001+0000][20776][safepoint   ] Safepoint "Cleanup", Time since last: 1009071900 ns, Reaching safepoint: 132100 ns, At safepoint: 32400 ns, Total: 164500 ns
[2024-05-26T14:09:27.028+0000][20776][safepoint   ] Safepoint "Cleanup", Time since last: 2026093200 ns, Reaching safepoint: 128200 ns, At safepoint: 57300 ns, Total: 185500 ns
[2024-05-26T14:09:30.050+0000][20776][safepoint   ] Safepoint "Cleanup", Time since last: 3021940000 ns, Reaching safepoint: 84100 ns, At safepoint: 12600 ns, Total: 96700 ns
[2024-05-26T14:09:31.056+0000][20776][safepoint   ] Safepoint "Cleanup", Time since last: 1005831600 ns, Reaching safepoint: 80400 ns, At safepoint: 23000 ns, Total: 103400 ns
[2024-05-26T14:09:34.083+0000][20776][safepoint   ] Safepoint "Cleanup", Time since last: 3026882200 ns, Reaching safepoint: 111000 ns, At safepoint: 56300 ns, Total: 167300 ns
[2024-05-26T14:09:36.096+0000][20776][safepoint   ] Safepoint "Cleanup", Time since last: 2012803400 ns, Reaching safepoint: 137100 ns, At safepoint: 62600 ns, Total: 199700 ns
[2024-05-26T14:09:37.104+0000][20776][safepoint   ] Safepoint "Cleanup", Time since last: 1008333800 ns, Reaching safepoint: 157800 ns, At safepoint: 69300 ns, Total: 227100 ns
[2024-05-26T14:09:38.107+0000][20776][safepoint   ] Safepoint "Cleanup", Time since last: 1002588200 ns, Reaching safepoint: 142900 ns, At safepoint: 30700 ns, Total: 173600 ns
[2024-05-26T14:09:39.118+0000][20776][safepoint   ] Safepoint "Cleanup", Time since last: 1010815800 ns, Reaching safepoint: 193400 ns, At safepoint: 67500 ns, Total: 260900 ns
[2024-05-26T14:09:40.123+0000][20776][safepoint   ] Safepoint "Cleanup", Time since last: 1004480100 ns, Reaching safepoint: 63200 ns, At safepoint: 18000 ns, Total: 81200 ns
[2024-05-26T14:09:42.148+0000][20776][safepoint   ] Safepoint "Cleanup", Time since last: 2025135200 ns, Reaching safepoint: 123100 ns, At safepoint: 19300 ns, Total: 142400 ns
[2024-05-26T14:09:43.150+0000][20776][safepoint   ] Safepoint "Cleanup", Time since last: 1001678100 ns, Reaching safepoint: 77800 ns, At safepoint: 57600 ns, Total: 135400 ns
[2024-05-26T14:09:45.176+0000][20776][safepoint   ] Safepoint "Cleanup", Time since last: 2026051900 ns, Reaching safepoint: 165100 ns, At safepoint: 65300 ns, Total: 230400 ns
[2024-05-26T14:09:48.225+0000][20776][safepoint   ] Safepoint "Cleanup", Time since last: 3048375400 ns, Reaching safepoint: 133900 ns, At safepoint: 72900 ns, Total: 206800 ns
[2024-05-26T14:09:49.242+0000][20776][safepoint   ] Safepoint "Cleanup", Time since last: 1017009700 ns, Reaching safepoint: 79200 ns, At safepoint: 43800 ns, Total: 123000 ns
[2024-05-26T14:09:50.243+0000][20776][safepoint   ] Safepoint "Cleanup", Time since last: 1000602900 ns, Reaching safepoint: 90400 ns, At safepoint: 57900 ns, Total: 148300 ns
[2024-05-26T14:09:53.280+0000][20776][safepoint   ] Safepoint "Cleanup", Time since last: 3037667600 ns, Reaching safepoint: 103700 ns, At safepoint: 65500 ns, Total: 169200 ns
[2024-05-26T14:09:54.284+0000][20776][safepoint   ] Safepoint "Cleanup", Time since last: 1004139600 ns, Reaching safepoint: 87000 ns, At safepoint: 23600 ns, Total: 110600 ns
[2024-05-26T14:09:57.293+0000][20776][safepoint   ] Safepoint "Cleanup", Time since last: 3008667900 ns, Reaching safepoint: 113700 ns, At safepoint: 67100 ns, Total: 180800 ns
[2024-05-26T14:09:58.306+0000][20776][safepoint   ] Safepoint "Cleanup", Time since last: 1012379700 ns, Reaching safepoint: 86000 ns, At safepoint: 67600 ns, Total: 153600 ns
[2024-05-26T14:10:00.335+0000][20776][safepoint   ] Safepoint "Cleanup", Time since last: 2028747800 ns, Reaching safepoint: 108000 ns, At safepoint: 68600 ns, Total: 176600 ns
[2024-05-26T14:10:01.346+0000][20776][safepoint   ] Safepoint "Cleanup", Time since last: 1011187500 ns, Reaching safepoint: 120600 ns, At safepoint: 56200 ns, Total: 176800 ns
[2024-05-26T14:10:03.372+0000][20776][safepoint   ] Safepoint "Cleanup", Time since last: 2025490200 ns, Reaching safepoint: 99600 ns, At safepoint: 26900 ns, Total: 126500 ns
[2024-05-26T14:10:04.381+0000][20776][safepoint   ] Safepoint "Cleanup", Time since last: 1009438300 ns, Reaching safepoint: 112900 ns, At safepoint: 57100 ns, Total: 170000 ns
[2024-05-26T14:10:05.526+0000][20776][safepoint   ] Safepoint "Cleanup", Time since last: 1143842900 ns, Reaching safepoint: 247000 ns, At safepoint: 14100 ns, Total: 261100 ns
[2024-05-26T14:10:06.539+0000][20776][safepoint   ] Safepoint "Cleanup", Time since last: 1012735500 ns, Reaching safepoint: 158700 ns, At safepoint: 9100 ns, Total: 167800 ns
[2024-05-26T14:10:09.573+0000][20776][safepoint   ] Safepoint "Cleanup", Time since last: 3034312400 ns, Reaching safepoint: 139000 ns, At safepoint: 9600 ns, Total: 148600 ns
[2024-05-26T14:10:10.580+0000][20776][safepoint   ] Safepoint "Cleanup", Time since last: 1007228900 ns, Reaching safepoint: 88600 ns, At safepoint: 17900 ns, Total: 106500 ns
[2024-05-26T14:10:12.601+0000][20776][safepoint   ] Safepoint "Cleanup", Time since last: 2020753900 ns, Reaching safepoint: 159100 ns, At safepoint: 14600 ns, Total: 173700 ns
[2024-05-26T14:10:14.619+0000][20776][safepoint   ] Safepoint "Cleanup", Time since last: 2017258000 ns, Reaching safepoint: 180800 ns, At safepoint: 8800 ns, Total: 189600 ns
[2024-05-26T14:10:18.662+0000][20776][safepoint   ] Safepoint "Cleanup", Time since last: 4043597000 ns, Reaching safepoint: 106800 ns, At safepoint: 14700 ns, Total: 121500 ns
[2024-05-26T14:10:20.684+0000][20776][safepoint   ] Safepoint "Cleanup", Time since last: 2021876100 ns, Reaching safepoint: 182700 ns, At safepoint: 27100 ns, Total: 209800 ns
[2024-05-26T14:10:21.686+0000][20776][safepoint   ] Safepoint "Cleanup", Time since last: 1001190100 ns, Reaching safepoint: 159000 ns, At safepoint: 11100 ns, Total: 170100 ns
[2024-05-26T14:10:24.714+0000][20776][safepoint   ] Safepoint "Cleanup", Time since last: 3028516000 ns, Reaching safepoint: 74200 ns, At safepoint: 8800 ns, Total: 83000 ns
[2024-05-26T14:10:25.726+0000][20776][safepoint   ] Safepoint "Cleanup", Time since last: 1011791400 ns, Reaching safepoint: 95600 ns, At safepoint: 10100 ns, Total: 105700 ns
[2024-05-26T14:10:26.737+0000][20776][safepoint   ] Safepoint "Cleanup", Time since last: 1010969300 ns, Reaching safepoint: 158400 ns, At safepoint: 56500 ns, Total: 214900 ns
[2024-05-26T14:10:27.745+0000][20776][safepoint   ] Safepoint "Cleanup", Time since last: 1007711300 ns, Reaching safepoint: 115600 ns, At safepoint: 15800 ns, Total: 131400 ns
[2024-05-26T14:10:30.782+0000][20776][safepoint   ] Safepoint "Cleanup", Time since last: 3036435000 ns, Reaching safepoint: 99900 ns, At safepoint: 11000 ns, Total: 110900 ns
[2024-05-26T14:10:32.793+0000][20776][safepoint   ] Safepoint "Cleanup", Time since last: 2010941900 ns, Reaching safepoint: 178400 ns, At safepoint: 13500 ns, Total: 191900 ns
[2024-05-26T14:10:34.797+0000][20776][safepoint   ] Safepoint "Cleanup", Time since last: 2003784500 ns, Reaching safepoint: 152600 ns, At safepoint: 17100 ns, Total: 169700 ns
[2024-05-26T14:10:36.815+0000][20776][safepoint   ] Safepoint "Cleanup", Time since last: 2017729300 ns, Reaching safepoint: 118300 ns, At safepoint: 10500 ns, Total: 128800 ns
[2024-05-26T14:10:42.855+0000][20776][safepoint   ] Safepoint "Cleanup", Time since last: 6039761400 ns, Reaching safepoint: 173900 ns, At safepoint: 10900 ns, Total: 184800 ns
[2024-05-26T14:10:43.866+0000][20776][safepoint   ] Safepoint "Cleanup", Time since last: 1011480200 ns, Reaching safepoint: 160200 ns, At safepoint: 14000 ns, Total: 174200 ns
[2024-05-26T14:10:44.869+0000][20776][safepoint   ] Safepoint "Cleanup", Time since last: 1002077600 ns, Reaching safepoint: 175200 ns, At safepoint: 12700 ns, Total: 187900 ns
[2024-05-26T14:10:45.882+0000][20776][safepoint   ] Safepoint "Cleanup", Time since last: 1013415500 ns, Reaching safepoint: 115800 ns, At safepoint: 10500 ns, Total: 126300 ns
[2024-05-26T14:10:48.907+0000][20776][safepoint   ] Safepoint "Cleanup", Time since last: 3024225800 ns, Reaching safepoint: 122800 ns, At safepoint: 9000 ns, Total: 131800 ns
[2024-05-26T14:10:49.920+0000][20776][safepoint   ] Safepoint "Cleanup", Time since last: 1012717100 ns, Reaching safepoint: 162800 ns, At safepoint: 15900 ns, Total: 178700 ns
[2024-05-26T14:10:51.944+0000][20776][safepoint   ] Safepoint "Cleanup", Time since last: 2024935000 ns, Reaching safepoint: 151600 ns, At safepoint: 12200 ns, Total: 163800 ns
[2024-05-26T14:10:53.973+0000][20776][safepoint   ] Safepoint "Cleanup", Time since last: 2027855500 ns, Reaching safepoint: 103000 ns, At safepoint: 46700 ns, Total: 149700 ns
[2024-05-26T14:10:54.978+0000][20776][safepoint   ] Safepoint "Cleanup", Time since last: 1005103500 ns, Reaching safepoint: 70200 ns, At safepoint: 20700 ns, Total: 90900 ns
[2024-05-26T14:10:55.989+0000][20776][safepoint   ] Safepoint "Cleanup", Time since last: 1010553100 ns, Reaching safepoint: 142000 ns, At safepoint: 32700 ns, Total: 174700 ns
[2024-05-26T14:10:56.993+0000][20776][safepoint   ] Safepoint "Cleanup", Time since last: 1004209000 ns, Reaching safepoint: 178500 ns, At safepoint: 56800 ns, Total: 235300 ns
[2024-05-26T14:11:01.017+0000][20776][safepoint   ] Safepoint "Cleanup", Time since last: 4024381500 ns, Reaching safepoint: 111200 ns, At safepoint: 10200 ns, Total: 121400 ns
[2024-05-26T14:11:02.033+0000][20776][safepoint   ] Safepoint "Cleanup", Time since last: 1015229300 ns, Reaching safepoint: 222400 ns, At safepoint: 16500 ns, Total: 238900 ns
[2024-05-26T14:11:03.034+0000][20776][safepoint   ] Safepoint "Cleanup", Time since last: 1001083300 ns, Reaching safepoint: 155400 ns, At safepoint: 7900 ns, Total: 163300 ns
[2024-05-26T14:11:04.044+0000][20776][safepoint   ] Safepoint "Cleanup", Time since last: 1009313000 ns, Reaching safepoint: 139700 ns, At safepoint: 11800 ns, Total: 151500 ns
[2024-05-26T14:11:05.052+0000][20776][safepoint   ] Safepoint "Cleanup", Time since last: 1008294400 ns, Reaching safepoint: 153400 ns, At safepoint: 61000 ns, Total: 214400 ns
[2024-05-26T14:11:06.066+0000][20776][safepoint   ] Safepoint "Cleanup", Time since last: 1014079300 ns, Reaching safepoint: 105200 ns, At safepoint: 77400 ns, Total: 182600 ns
[2024-05-26T14:11:07.081+0000][20776][safepoint   ] Safepoint "Cleanup", Time since last: 1014386800 ns, Reaching safepoint: 133700 ns, At safepoint: 19500 ns, Total: 153200 ns
[2024-05-26T14:11:09.085+0000][20776][safepoint   ] Safepoint "Cleanup", Time since last: 2003922700 ns, Reaching safepoint: 156300 ns, At safepoint: 10100 ns, Total: 166400 ns
[2024-05-26T14:11:12.103+0000][20776][safepoint   ] Safepoint "Cleanup", Time since last: 3017728700 ns, Reaching safepoint: 107000 ns, At safepoint: 11800 ns, Total: 118800 ns
[2024-05-26T14:11:13.110+0000][20776][safepoint   ] Safepoint "Cleanup", Time since last: 1007138500 ns, Reaching safepoint: 86200 ns, At safepoint: 26700 ns, Total: 112900 ns
[2024-05-26T14:11:14.131+0000][20776][safepoint   ] Safepoint "Cleanup", Time since last: 1020793000 ns, Reaching safepoint: 117900 ns, At safepoint: 12200 ns, Total: 130100 ns
[2024-05-26T14:11:18.149+0000][20776][safepoint   ] Safepoint "Cleanup", Time since last: 4017901900 ns, Reaching safepoint: 123600 ns, At safepoint: 8900 ns, Total: 132500 ns
[2024-05-26T14:11:19.158+0000][20776][safepoint   ] Safepoint "Cleanup", Time since last: 1008938000 ns, Reaching safepoint: 140800 ns, At safepoint: 10200 ns, Total: 151000 ns
[2024-05-26T14:11:21.175+0000][20776][safepoint   ] Safepoint "Cleanup", Time since last: 2017065700 ns, Reaching safepoint: 61100 ns, At safepoint: 6700 ns, Total: 67800 ns
[2024-05-26T14:11:24.193+0000][20776][safepoint   ] Safepoint "Cleanup", Time since last: 3017183500 ns, Reaching safepoint: 125800 ns, At safepoint: 8500 ns, Total: 134300 ns
[2024-05-26T14:11:25.196+0000][20776][safepoint   ] Safepoint "Cleanup", Time since last: 1003628500 ns, Reaching safepoint: 142600 ns, At safepoint: 10700 ns, Total: 153300 ns
[2024-05-26T14:11:27.201+0000][20776][safepoint   ] Safepoint "Cleanup", Time since last: 2004143000 ns, Reaching safepoint: 169500 ns, At safepoint: 9400 ns, Total: 178900 ns
[2024-05-26T14:11:30.231+0000][20776][safepoint   ] Safepoint "Cleanup", Time since last: 3030146500 ns, Reaching safepoint: 134000 ns, At safepoint: 10400 ns, Total: 144400 ns
[2024-05-26T14:11:31.245+0000][20776][safepoint   ] Safepoint "Cleanup", Time since last: 1013722000 ns, Reaching safepoint: 197100 ns, At safepoint: 11800 ns, Total: 208900 ns
[2024-05-26T14:11:32.260+0000][20776][safepoint   ] Safepoint "Cleanup", Time since last: 1014912100 ns, Reaching safepoint: 372600 ns, At safepoint: 58100 ns, Total: 430700 ns
[2024-05-26T14:11:33.261+0000][20776][safepoint   ] Safepoint "Cleanup", Time since last: 1000140200 ns, Reaching safepoint: 154500 ns, At safepoint: 13400 ns, Total: 167900 ns
[2024-05-26T14:11:34.268+0000][20776][safepoint   ] Safepoint "Cleanup", Time since last: 1006672600 ns, Reaching safepoint: 146300 ns, At safepoint: 13500 ns, Total: 159800 ns
[2024-05-26T14:11:35.283+0000][20776][safepoint   ] Safepoint "Cleanup", Time since last: 1015074500 ns, Reaching safepoint: 146100 ns, At safepoint: 9500 ns, Total: 155600 ns
[2024-05-26T14:11:37.213+0000][20776][safepoint   ] Safepoint "Cleanup", Time since last: 1929848400 ns, Reaching safepoint: 251100 ns, At safepoint: 13900 ns, Total: 265000 ns
[2024-05-26T14:11:39.146+0000][20776][safepoint   ] Safepoint "Cleanup", Time since last: 1933301500 ns, Reaching safepoint: 112400 ns, At safepoint: 9700 ns, Total: 122100 ns
[2024-05-26T14:11:42.193+0000][20776][safepoint   ] Safepoint "Cleanup", Time since last: 3046833300 ns, Reaching safepoint: 77900 ns, At safepoint: 12300 ns, Total: 90200 ns
[2024-05-26T14:11:43.205+0000][20776][safepoint   ] Safepoint "Cleanup", Time since last: 1011836200 ns, Reaching safepoint: 95800 ns, At safepoint: 12000 ns, Total: 107800 ns
[2024-05-26T14:11:45.223+0000][20776][safepoint   ] Safepoint "Cleanup", Time since last: 2017483100 ns, Reaching safepoint: 137900 ns, At safepoint: 8200 ns, Total: 146100 ns
[2024-05-26T14:11:48.234+0000][20776][safepoint   ] Safepoint "Cleanup", Time since last: 3011581100 ns, Reaching safepoint: 63700 ns, At safepoint: 14800 ns, Total: 78500 ns
[2024-05-26T14:11:49.247+0000][20776][safepoint   ] Safepoint "Cleanup", Time since last: 1012114700 ns, Reaching safepoint: 151700 ns, At safepoint: 11700 ns, Total: 163400 ns
[2024-05-26T14:11:53.302+0000][20776][safepoint   ] Safepoint "Cleanup", Time since last: 4054658800 ns, Reaching safepoint: 700900 ns, At safepoint: 15200 ns, Total: 716100 ns
[2024-05-26T14:11:55.321+0000][20776][safepoint   ] Safepoint "Cleanup", Time since last: 2018591100 ns, Reaching safepoint: 144700 ns, At safepoint: 9000 ns, Total: 153700 ns
[2024-05-26T14:12:01.357+0000][20776][safepoint   ] Safepoint "Cleanup", Time since last: 6035929400 ns, Reaching safepoint: 120700 ns, At safepoint: 15300 ns, Total: 136000 ns
[2024-05-26T14:12:03.365+0000][20776][safepoint   ] Safepoint "Cleanup", Time since last: 2007960700 ns, Reaching safepoint: 115700 ns, At safepoint: 63600 ns, Total: 179300 ns
[2024-05-26T14:12:04.381+0000][20776][safepoint   ] Safepoint "Cleanup", Time since last: 1015435700 ns, Reaching safepoint: 88700 ns, At safepoint: 12000 ns, Total: 100700 ns
[2024-05-26T14:12:05.382+0000][20776][safepoint   ] Safepoint "Cleanup", Time since last: 1001792900 ns, Reaching safepoint: 101400 ns, At safepoint: 13300 ns, Total: 114700 ns
[2024-05-26T14:12:06.385+0000][20776][safepoint   ] Safepoint "Cleanup", Time since last: 1002521000 ns, Reaching safepoint: 69500 ns, At safepoint: 19400 ns, Total: 88900 ns
[2024-05-26T14:12:07.395+0000][20776][safepoint   ] Safepoint "Cleanup", Time since last: 1010250500 ns, Reaching safepoint: 91600 ns, At safepoint: 20400 ns, Total: 112000 ns
[2024-05-26T14:12:08.404+0000][20776][safepoint   ] Safepoint "Cleanup", Time since last: 1008424700 ns, Reaching safepoint: 148300 ns, At safepoint: 69800 ns, Total: 218100 ns
[2024-05-26T14:12:09.419+0000][20776][safepoint   ] Safepoint "Cleanup", Time since last: 1015040900 ns, Reaching safepoint: 56900 ns, At safepoint: 9100 ns, Total: 66000 ns
[2024-05-26T14:12:11.441+0000][20776][safepoint   ] Safepoint "Cleanup", Time since last: 2021511800 ns, Reaching safepoint: 125700 ns, At safepoint: 12900 ns, Total: 138600 ns
[2024-05-26T14:12:12.445+0000][20776][safepoint   ] Safepoint "Cleanup", Time since last: 1003724500 ns, Reaching safepoint: 110600 ns, At safepoint: 10700 ns, Total: 121300 ns
[2024-05-26T14:12:13.453+0000][20776][safepoint   ] Safepoint "Cleanup", Time since last: 1008098600 ns, Reaching safepoint: 654700 ns, At safepoint: 7200 ns, Total: 661900 ns
[2024-05-26T14:12:15.466+0000][20776][safepoint   ] Safepoint "Cleanup", Time since last: 2012692500 ns, Reaching safepoint: 147900 ns, At safepoint: 64700 ns, Total: 212600 ns
[2024-05-26T14:12:18.479+0000][20776][safepoint   ] Safepoint "Cleanup", Time since last: 3012300500 ns, Reaching safepoint: 134000 ns, At safepoint: 8000 ns, Total: 142000 ns
[2024-05-26T14:12:19.488+0000][20776][safepoint   ] Safepoint "Cleanup", Time since last: 1009472800 ns, Reaching safepoint: 79400 ns, At safepoint: 9800 ns, Total: 89200 ns
[2024-05-26T14:12:21.501+0000][20776][safepoint   ] Safepoint "Cleanup", Time since last: 2012616100 ns, Reaching safepoint: 172700 ns, At safepoint: 24900 ns, Total: 197600 ns
[2024-05-26T14:12:27.565+0000][20776][safepoint   ] Safepoint "Cleanup", Time since last: 6063448000 ns, Reaching safepoint: 160000 ns, At safepoint: 73300 ns, Total: 233300 ns
[2024-05-26T14:12:28.569+0000][20776][safepoint   ] Safepoint "Cleanup", Time since last: 1003732400 ns, Reaching safepoint: 81200 ns, At safepoint: 58500 ns, Total: 139700 ns
[2024-05-26T14:12:31.609+0000][20776][safepoint   ] Safepoint "Cleanup", Time since last: 3039855800 ns, Reaching safepoint: 145900 ns, At safepoint: 10700 ns, Total: 156600 ns
[2024-05-26T14:12:34.635+0000][20776][safepoint   ] Safepoint "Cleanup", Time since last: 3025733700 ns, Reaching safepoint: 145200 ns, At safepoint: 15100 ns, Total: 160300 ns
[2024-05-26T14:12:36.656+0000][20776][safepoint   ] Safepoint "Cleanup", Time since last: 2021509900 ns, Reaching safepoint: 71400 ns, At safepoint: 66600 ns, Total: 138000 ns
[2024-05-26T14:12:42.693+0000][20776][safepoint   ] Safepoint "Cleanup", Time since last: 6036987700 ns, Reaching safepoint: 157700 ns, At safepoint: 9400 ns, Total: 167100 ns
[2024-05-26T14:12:43.707+0000][20776][safepoint   ] Safepoint "Cleanup", Time since last: 1014000500 ns, Reaching safepoint: 178400 ns, At safepoint: 9700 ns, Total: 188100 ns
[2024-05-26T14:12:44.719+0000][20776][safepoint   ] Safepoint "Cleanup", Time since last: 1011442200 ns, Reaching safepoint: 194800 ns, At safepoint: 13700 ns, Total: 208500 ns
[2024-05-26T14:12:48.770+0000][20776][safepoint   ] Safepoint "Cleanup", Time since last: 4050801900 ns, Reaching safepoint: 109600 ns, At safepoint: 11700 ns, Total: 121300 ns
[2024-05-26T14:12:49.773+0000][20776][safepoint   ] Safepoint "Cleanup", Time since last: 1002535500 ns, Reaching safepoint: 99500 ns, At safepoint: 11300 ns, Total: 110800 ns
[2024-05-26T14:12:54.807+0000][20776][safepoint   ] Safepoint "Cleanup", Time since last: 5034158300 ns, Reaching safepoint: 660200 ns, At safepoint: 10100 ns, Total: 670300 ns
[2024-05-26T14:12:57.826+0000][20776][safepoint   ] Safepoint "Cleanup", Time since last: 3018276600 ns, Reaching safepoint: 134000 ns, At safepoint: 10500 ns, Total: 144500 ns
[2024-05-26T14:13:00.860+0000][20776][safepoint   ] Safepoint "Cleanup", Time since last: 3033539000 ns, Reaching safepoint: 96700 ns, At safepoint: 8400 ns, Total: 105100 ns
[2024-05-26T14:13:01.862+0000][20776][safepoint   ] Safepoint "Cleanup", Time since last: 1002100100 ns, Reaching safepoint: 135400 ns, At safepoint: 12800 ns, Total: 148200 ns
[2024-05-26T14:13:03.883+0000][20776][safepoint   ] Safepoint "Cleanup", Time since last: 2021225600 ns, Reaching safepoint: 120800 ns, At safepoint: 70100 ns, Total: 190900 ns
[2024-05-26T14:13:04.896+0000][20776][safepoint   ] Safepoint "Cleanup", Time since last: 1012226400 ns, Reaching safepoint: 104900 ns, At safepoint: 11800 ns, Total: 116700 ns
[2024-05-26T14:13:06.915+0000][20776][safepoint   ] Safepoint "Cleanup", Time since last: 2018931400 ns, Reaching safepoint: 150800 ns, At safepoint: 11300 ns, Total: 162100 ns
[2024-05-26T14:13:07.926+0000][20776][safepoint   ] Safepoint "Cleanup", Time since last: 1010626400 ns, Reaching safepoint: 167300 ns, At safepoint: 14200 ns, Total: 181500 ns
[2024-05-26T14:13:09.951+0000][20776][safepoint   ] Safepoint "Cleanup", Time since last: 2024770900 ns, Reaching safepoint: 177200 ns, At safepoint: 65200 ns, Total: 242400 ns
[2024-05-26T14:13:12.995+0000][20776][safepoint   ] Safepoint "Cleanup", Time since last: 3044510900 ns, Reaching safepoint: 108400 ns, At safepoint: 16000 ns, Total: 124400 ns
[2024-05-26T14:13:19.056+0000][20776][safepoint   ] Safepoint "Cleanup", Time since last: 6060929600 ns, Reaching safepoint: 101600 ns, At safepoint: 9000 ns, Total: 110600 ns
[2024-05-26T14:13:22.074+0000][20776][safepoint   ] Safepoint "Cleanup", Time since last: 3017506800 ns, Reaching safepoint: 131300 ns, At safepoint: 14300 ns, Total: 145600 ns
[2024-05-26T14:13:24.091+0000][20776][safepoint   ] Safepoint "Cleanup", Time since last: 2016891000 ns, Reaching safepoint: 147400 ns, At safepoint: 88900 ns, Total: 236300 ns
[2024-05-26T14:13:25.102+0000][20776][safepoint   ] Safepoint "Cleanup", Time since last: 1010947200 ns, Reaching safepoint: 125900 ns, At safepoint: 4600 ns, Total: 130500 ns
[2024-05-26T14:13:28.119+0000][20776][safepoint   ] Safepoint "Cleanup", Time since last: 3016776000 ns, Reaching safepoint: 189300 ns, At safepoint: 13900 ns, Total: 203200 ns
[2024-05-26T14:13:30.806+0000][20776][safepoint   ] Safepoint "Cleanup", Time since last: 2686301200 ns, Reaching safepoint: 104900 ns, At safepoint: 66700 ns, Total: 171600 ns
[2024-05-26T14:13:31.828+0000][20776][safepoint   ] Safepoint "Cleanup", Time since last: 1022257300 ns, Reaching safepoint: 180900 ns, At safepoint: 11300 ns, Total: 192200 ns
[2024-05-26T14:13:32.837+0000][20776][safepoint   ] Safepoint "Cleanup", Time since last: 1008244100 ns, Reaching safepoint: 223300 ns, At safepoint: 16000 ns, Total: 239300 ns
[2024-05-26T14:13:33.848+0000][20776][safepoint   ] Safepoint "Cleanup", Time since last: 1011145500 ns, Reaching safepoint: 162100 ns, At safepoint: 17400 ns, Total: 179500 ns
[2024-05-26T14:13:34.863+0000][20776][safepoint   ] Safepoint "Cleanup", Time since last: 1014823200 ns, Reaching safepoint: 135500 ns, At safepoint: 19400 ns, Total: 154900 ns
[2024-05-26T14:13:36.881+0000][20776][safepoint   ] Safepoint "Cleanup", Time since last: 2017064200 ns, Reaching safepoint: 671900 ns, At safepoint: 17000 ns, Total: 688900 ns
[2024-05-26T14:13:37.887+0000][20776][safepoint   ] Safepoint "Cleanup", Time since last: 1005803100 ns, Reaching safepoint: 179900 ns, At safepoint: 17400 ns, Total: 197300 ns
[2024-05-26T14:13:39.904+0000][20776][safepoint   ] Safepoint "Cleanup", Time since last: 2016904900 ns, Reaching safepoint: 165900 ns, At safepoint: 15300 ns, Total: 181200 ns
[2024-05-26T14:13:43.932+0000][20776][safepoint   ] Safepoint "Cleanup", Time since last: 4028075900 ns, Reaching safepoint: 110700 ns, At safepoint: 12100 ns, Total: 122800 ns
[2024-05-26T14:13:44.939+0000][20776][safepoint   ] Safepoint "Cleanup", Time since last: 1006968500 ns, Reaching safepoint: 119200 ns, At safepoint: 15100 ns, Total: 134300 ns
[2024-05-26T14:13:45.952+0000][20776][safepoint   ] Safepoint "Cleanup", Time since last: 1012480000 ns, Reaching safepoint: 74600 ns, At safepoint: 36900 ns, Total: 111500 ns
[2024-05-26T14:13:49.986+0000][20776][safepoint   ] Safepoint "Cleanup", Time since last: 4034374300 ns, Reaching safepoint: 187000 ns, At safepoint: 80700 ns, Total: 267700 ns
[2024-05-26T14:13:57.046+0000][20776][safepoint   ] Safepoint "Cleanup", Time since last: 7059455000 ns, Reaching safepoint: 109100 ns, At safepoint: 20100 ns, Total: 129200 ns
[2024-05-26T14:13:58.074+0000][20776][safepoint   ] Safepoint "Cleanup", Time since last: 1028231000 ns, Reaching safepoint: 116300 ns, At safepoint: 53700 ns, Total: 170000 ns
[2024-05-26T14:14:01.092+0000][20776][safepoint   ] Safepoint "Cleanup", Time since last: 3017150200 ns, Reaching safepoint: 158100 ns, At safepoint: 70200 ns, Total: 228300 ns
[2024-05-26T14:14:02.102+0000][20776][safepoint   ] Safepoint "Cleanup", Time since last: 1010095300 ns, Reaching safepoint: 170600 ns, At safepoint: 19500 ns, Total: 190100 ns
[2024-05-26T14:14:03.117+0000][20776][safepoint   ] Safepoint "Cleanup", Time since last: 1014848100 ns, Reaching safepoint: 165900 ns, At safepoint: 11900 ns, Total: 177800 ns
[2024-05-26T14:14:07.141+0000][20776][safepoint   ] Safepoint "Cleanup", Time since last: 4023447100 ns, Reaching safepoint: 174200 ns, At safepoint: 17300 ns, Total: 191500 ns
[2024-05-26T14:14:09.172+0000][20776][safepoint   ] Safepoint "Cleanup", Time since last: 2030995800 ns, Reaching safepoint: 180200 ns, At safepoint: 13100 ns, Total: 193300 ns
[2024-05-26T14:14:10.175+0000][20776][safepoint   ] Safepoint "Cleanup", Time since last: 1003532700 ns, Reaching safepoint: 199100 ns, At safepoint: 13800 ns, Total: 212900 ns
[2024-05-26T14:14:11.178+0000][20776][safepoint   ] Safepoint "Cleanup", Time since last: 1002106200 ns, Reaching safepoint: 117500 ns, At safepoint: 10400 ns, Total: 127900 ns
[2024-05-26T14:14:16.221+0000][20776][safepoint   ] Safepoint "Cleanup", Time since last: 5043363600 ns, Reaching safepoint: 168500 ns, At safepoint: 20400 ns, Total: 188900 ns
[2024-05-26T14:14:17.236+0000][20776][safepoint   ] Safepoint "Cleanup", Time since last: 1014254600 ns, Reaching safepoint: 146600 ns, At safepoint: 12700 ns, Total: 159300 ns
[2024-05-26T14:14:18.244+0000][20776][safepoint   ] Safepoint "Cleanup", Time since last: 1008329800 ns, Reaching safepoint: 144200 ns, At safepoint: 8300 ns, Total: 152500 ns
[2024-05-26T14:14:32.363+0000][20776][safepoint   ] Safepoint "Cleanup", Time since last: 14118839500 ns, Reaching safepoint: 163100 ns, At safepoint: 16300 ns, Total: 179400 ns
[2024-05-26T14:14:33.371+0000][20776][safepoint   ] Safepoint "Cleanup", Time since last: 1008110600 ns, Reaching safepoint: 153500 ns, At safepoint: 13100 ns, Total: 166600 ns
[2024-05-26T14:14:34.387+0000][20776][safepoint   ] Safepoint "Cleanup", Time since last: 1015088600 ns, Reaching safepoint: 148900 ns, At safepoint: 15100 ns, Total: 164000 ns
[2024-05-26T14:14:35.401+0000][20776][safepoint   ] Safepoint "Cleanup", Time since last: 1014326100 ns, Reaching safepoint: 167300 ns, At safepoint: 12800 ns, Total: 180100 ns
[2024-05-26T14:14:37.435+0000][20776][safepoint   ] Safepoint "Cleanup", Time since last: 2034022000 ns, Reaching safepoint: 182300 ns, At safepoint: 11700 ns, Total: 194000 ns
[2024-05-26T14:14:38.438+0000][20776][safepoint   ] Safepoint "Cleanup", Time since last: 1002143300 ns, Reaching safepoint: 132800 ns, At safepoint: 46900 ns, Total: 179700 ns
[2024-05-26T14:14:39.444+0000][20776][safepoint   ] Safepoint "Cleanup", Time since last: 1006583600 ns, Reaching safepoint: 111800 ns, At safepoint: 83400 ns, Total: 195200 ns
[2024-05-26T14:14:44.489+0000][20776][safepoint   ] Safepoint "Cleanup", Time since last: 5044233700 ns, Reaching safepoint: 694600 ns, At safepoint: 20600 ns, Total: 715200 ns
[2024-05-26T14:14:45.498+0000][20776][safepoint   ] Safepoint "Cleanup", Time since last: 1008663000 ns, Reaching safepoint: 127300 ns, At safepoint: 12800 ns, Total: 140100 ns
[2024-05-26T14:14:48.522+0000][20776][safepoint   ] Safepoint "Cleanup", Time since last: 3023443900 ns, Reaching safepoint: 146400 ns, At safepoint: 9200 ns, Total: 155600 ns
[2024-05-26T14:14:49.526+0000][20776][safepoint   ] Safepoint "Cleanup", Time since last: 1004006700 ns, Reaching safepoint: 210000 ns, At safepoint: 16300 ns, Total: 226300 ns
[2024-05-26T14:14:55.586+0000][20776][safepoint   ] Safepoint "Cleanup", Time since last: 6060105800 ns, Reaching safepoint: 119000 ns, At safepoint: 15100 ns, Total: 134100 ns
[2024-05-26T14:14:57.599+0000][20776][safepoint   ] Safepoint "Cleanup", Time since last: 2012771400 ns, Reaching safepoint: 172400 ns, At safepoint: 9400 ns, Total: 181800 ns
[2024-05-26T14:15:00.633+0000][20776][safepoint   ] Safepoint "Cleanup", Time since last: 3033378400 ns, Reaching safepoint: 136400 ns, At safepoint: 11500 ns, Total: 147900 ns
[2024-05-26T14:15:02.643+0000][20776][safepoint   ] Safepoint "Cleanup", Time since last: 2009755600 ns, Reaching safepoint: 88300 ns, At safepoint: 45300 ns, Total: 133600 ns
[2024-05-26T14:15:03.654+0000][20776][safepoint   ] Safepoint "Cleanup", Time since last: 1010915300 ns, Reaching safepoint: 114300 ns, At safepoint: 7800 ns, Total: 122100 ns
[2024-05-26T14:15:04.669+0000][20776][safepoint   ] Safepoint "Cleanup", Time since last: 1014864000 ns, Reaching safepoint: 163600 ns, At safepoint: 78100 ns, Total: 241700 ns
[2024-05-26T14:15:05.682+0000][20776][safepoint   ] Safepoint "Cleanup", Time since last: 1013181200 ns, Reaching safepoint: 159700 ns, At safepoint: 12900 ns, Total: 172600 ns
[2024-05-26T14:15:06.691+0000][20776][safepoint   ] Safepoint "Cleanup", Time since last: 1009051000 ns, Reaching safepoint: 154200 ns, At safepoint: 13900 ns, Total: 168100 ns
[2024-05-26T14:15:08.702+0000][20776][safepoint   ] Safepoint "Cleanup", Time since last: 2009840500 ns, Reaching safepoint: 206800 ns, At safepoint: 17200 ns, Total: 224000 ns
[2024-05-26T14:15:09.716+0000][20776][safepoint   ] Safepoint "Cleanup", Time since last: 1014442800 ns, Reaching safepoint: 142200 ns, At safepoint: 8600 ns, Total: 150800 ns
[2024-05-26T14:15:13.758+0000][20776][safepoint   ] Safepoint "Cleanup", Time since last: 4041669000 ns, Reaching safepoint: 138900 ns, At safepoint: 14800 ns, Total: 153700 ns
[2024-05-26T14:15:15.785+0000][20776][safepoint   ] Safepoint "Cleanup", Time since last: 2026572300 ns, Reaching safepoint: 188100 ns, At safepoint: 17300 ns, Total: 205400 ns
[2024-05-26T14:15:18.798+0000][20776][safepoint   ] Safepoint "Cleanup", Time since last: 3013276900 ns, Reaching safepoint: 115200 ns, At safepoint: 13100 ns, Total: 128300 ns
[2024-05-26T14:15:20.819+0000][20776][safepoint   ] Safepoint "Cleanup", Time since last: 2020585000 ns, Reaching safepoint: 143300 ns, At safepoint: 16700 ns, Total: 160000 ns
[2024-05-26T14:15:24.855+0000][20776][safepoint   ] Safepoint "Cleanup", Time since last: 4035645800 ns, Reaching safepoint: 62200 ns, At safepoint: 61500 ns, Total: 123700 ns
[2024-05-26T14:15:26.890+0000][20776][safepoint   ] Safepoint "Cleanup", Time since last: 2035669400 ns, Reaching safepoint: 133500 ns, At safepoint: 9700 ns, Total: 143200 ns
[2024-05-26T14:15:27.909+0000][20776][safepoint   ] Safepoint "Cleanup", Time since last: 1018066700 ns, Reaching safepoint: 143500 ns, At safepoint: 9600 ns, Total: 153100 ns
[2024-05-26T14:15:30.937+0000][20776][safepoint   ] Safepoint "Cleanup", Time since last: 3028361500 ns, Reaching safepoint: 182100 ns, At safepoint: 15900 ns, Total: 198000 ns
[2024-05-26T14:15:32.960+0000][20776][safepoint   ] Safepoint "Cleanup", Time since last: 2022381000 ns, Reaching safepoint: 73600 ns, At safepoint: 7200 ns, Total: 80800 ns
[2024-05-26T14:15:33.963+0000][20776][safepoint   ] Safepoint "Cleanup", Time since last: 1003588200 ns, Reaching safepoint: 179800 ns, At safepoint: 9900 ns, Total: 189700 ns
[2024-05-26T14:15:36.981+0000][20776][safepoint   ] Safepoint "Cleanup", Time since last: 3017548700 ns, Reaching safepoint: 141300 ns, At safepoint: 11400 ns, Total: 152700 ns
[2024-05-26T14:15:44.082+0000][20776][safepoint   ] Safepoint "Cleanup", Time since last: 7101110000 ns, Reaching safepoint: 194000 ns, At safepoint: 98500 ns, Total: 292500 ns
[2024-05-26T14:15:45.086+0000][20776][safepoint   ] Safepoint "Cleanup", Time since last: 1003048600 ns, Reaching safepoint: 169400 ns, At safepoint: 13600 ns, Total: 183000 ns
[2024-05-26T14:15:49.119+0000][20776][safepoint   ] Safepoint "Cleanup", Time since last: 4033419400 ns, Reaching safepoint: 128500 ns, At safepoint: 7600 ns, Total: 136100 ns
[2024-05-26T14:15:51.129+0000][20776][safepoint   ] Safepoint "Cleanup", Time since last: 2009551400 ns, Reaching safepoint: 207500 ns, At safepoint: 92200 ns, Total: 299700 ns
[2024-05-26T14:15:52.137+0000][20776][safepoint   ] Safepoint "Cleanup", Time since last: 1007962500 ns, Reaching safepoint: 166100 ns, At safepoint: 13400 ns, Total: 179500 ns
[2024-05-26T14:15:56.178+0000][20776][safepoint   ] Safepoint "Cleanup", Time since last: 4040907300 ns, Reaching safepoint: 181900 ns, At safepoint: 74900 ns, Total: 256800 ns
[2024-05-26T14:16:05.218+0000][20776][safepoint   ] Safepoint "Cleanup", Time since last: 9039304300 ns, Reaching safepoint: 175700 ns, At safepoint: 17600 ns, Total: 193300 ns
[2024-05-26T14:16:07.233+0000][20776][safepoint   ] Safepoint "Cleanup", Time since last: 2015200900 ns, Reaching safepoint: 128800 ns, At safepoint: 11200 ns, Total: 140000 ns
[2024-05-26T14:16:14.287+0000][20776][safepoint   ] Safepoint "Cleanup", Time since last: 7053382700 ns, Reaching safepoint: 275500 ns, At safepoint: 22500 ns, Total: 298000 ns
[2024-05-26T14:16:19.329+0000][20776][safepoint   ] Safepoint "Cleanup", Time since last: 5041914100 ns, Reaching safepoint: 148500 ns, At safepoint: 12800 ns, Total: 161300 ns
[2024-05-26T14:16:22.360+0000][20776][safepoint   ] Safepoint "Cleanup", Time since last: 3031056700 ns, Reaching safepoint: 123300 ns, At safepoint: 8700 ns, Total: 132000 ns
[2024-05-26T14:16:24.379+0000][20776][safepoint   ] Safepoint "Cleanup", Time since last: 2018258100 ns, Reaching safepoint: 110700 ns, At safepoint: 13600 ns, Total: 124300 ns
[2024-05-26T14:16:25.380+0000][20776][safepoint   ] Safepoint "Cleanup", Time since last: 1001427300 ns, Reaching safepoint: 243200 ns, At safepoint: 20500 ns, Total: 263700 ns
[2024-05-26T14:16:26.394+0000][20776][safepoint   ] Safepoint "Cleanup", Time since last: 1013057600 ns, Reaching safepoint: 136200 ns, At safepoint: 11900 ns, Total: 148100 ns
[2024-05-26T14:16:33.428+0000][20776][safepoint   ] Safepoint "Cleanup", Time since last: 7034196800 ns, Reaching safepoint: 192900 ns, At safepoint: 17900 ns, Total: 210800 ns
[2024-05-26T14:16:36.450+0000][20776][safepoint   ] Safepoint "Cleanup", Time since last: 3021367900 ns, Reaching safepoint: 161200 ns, At safepoint: 16000 ns, Total: 177200 ns
[2024-05-26T14:16:37.462+0000][20776][safepoint   ] Safepoint "Cleanup", Time since last: 1011759800 ns, Reaching safepoint: 219300 ns, At safepoint: 13700 ns, Total: 233000 ns
[2024-05-26T14:16:40.480+0000][20776][safepoint   ] Safepoint "Cleanup", Time since last: 3017961500 ns, Reaching safepoint: 135400 ns, At safepoint: 13800 ns, Total: 149200 ns
[2024-05-26T14:16:43.501+0000][20776][safepoint   ] Safepoint "Cleanup", Time since last: 3021237300 ns, Reaching safepoint: 123200 ns, At safepoint: 57300 ns, Total: 180500 ns
[2024-05-26T14:16:44.503+0000][20776][safepoint   ] Safepoint "Cleanup", Time since last: 1001960800 ns, Reaching safepoint: 177800 ns, At safepoint: 43200 ns, Total: 221000 ns
[2024-05-26T14:16:49.541+0000][20776][safepoint   ] Safepoint "Cleanup", Time since last: 5037613200 ns, Reaching safepoint: 151600 ns, At safepoint: 11900 ns, Total: 163500 ns
[2024-05-26T14:16:50.546+0000][20776][safepoint   ] Safepoint "Cleanup", Time since last: 1004943000 ns, Reaching safepoint: 198100 ns, At safepoint: 20500 ns, Total: 218600 ns
[2024-05-26T14:16:51.562+0000][20776][safepoint   ] Safepoint "Cleanup", Time since last: 1015555000 ns, Reaching safepoint: 195300 ns, At safepoint: 57900 ns, Total: 253200 ns
[2024-05-26T14:16:54.580+0000][20776][safepoint   ] Safepoint "Cleanup", Time since last: 3018196600 ns, Reaching safepoint: 175300 ns, At safepoint: 20700 ns, Total: 196000 ns
[2024-05-26T14:16:55.583+0000][20776][safepoint   ] Safepoint "Cleanup", Time since last: 1002364500 ns, Reaching safepoint: 128200 ns, At safepoint: 9900 ns, Total: 138100 ns
[2024-05-26T14:16:56.586+0000][20776][safepoint   ] Safepoint "Cleanup", Time since last: 1003264200 ns, Reaching safepoint: 172900 ns, At safepoint: 25800 ns, Total: 198700 ns
[2024-05-26T14:16:57.597+0000][20776][safepoint   ] Safepoint "Cleanup", Time since last: 1010656800 ns, Reaching safepoint: 109600 ns, At safepoint: 54500 ns, Total: 164100 ns
[2024-05-26T14:16:59.617+0000][20776][safepoint   ] Safepoint "Cleanup", Time since last: 2019851200 ns, Reaching safepoint: 189500 ns, At safepoint: 16500 ns, Total: 206000 ns
[2024-05-26T14:17:01.626+0000][20776][safepoint   ] Safepoint "Cleanup", Time since last: 2008306000 ns, Reaching safepoint: 130900 ns, At safepoint: 19700 ns, Total: 150600 ns
[2024-05-26T14:17:04.648+0000][20776][safepoint   ] Safepoint "Cleanup", Time since last: 3022323800 ns, Reaching safepoint: 127500 ns, At safepoint: 12800 ns, Total: 140300 ns
[2024-05-26T14:17:13.711+0000][20776][safepoint   ] Safepoint "Cleanup", Time since last: 9063215200 ns, Reaching safepoint: 78100 ns, At safepoint: 10700 ns, Total: 88800 ns
[2024-05-26T14:17:14.718+0000][20776][safepoint   ] Safepoint "Cleanup", Time since last: 1006609700 ns, Reaching safepoint: 69000 ns, At safepoint: 19000 ns, Total: 88000 ns
[2024-05-26T14:17:19.754+0000][20776][safepoint   ] Safepoint "Cleanup", Time since last: 5035398800 ns, Reaching safepoint: 149800 ns, At safepoint: 78200 ns, Total: 228000 ns
[2024-05-26T14:17:20.765+0000][20776][safepoint   ] Safepoint "Cleanup", Time since last: 1011425100 ns, Reaching safepoint: 227800 ns, At safepoint: 16500 ns, Total: 244300 ns
[2024-05-26T14:17:21.778+0000][20776][safepoint   ] Safepoint "Cleanup", Time since last: 1012355500 ns, Reaching safepoint: 108400 ns, At safepoint: 12300 ns, Total: 120700 ns
[2024-05-26T14:17:22.780+0000][20776][safepoint   ] Safepoint "Cleanup", Time since last: 1001454400 ns, Reaching safepoint: 183100 ns, At safepoint: 15100 ns, Total: 198200 ns
[2024-05-26T14:17:25.808+0000][20776][safepoint   ] Safepoint "Cleanup", Time since last: 3027891600 ns, Reaching safepoint: 122700 ns, At safepoint: 16000 ns, Total: 138700 ns
[2024-05-26T14:17:26.825+0000][20776][safepoint   ] Safepoint "Cleanup", Time since last: 1017444900 ns, Reaching safepoint: 68100 ns, At safepoint: 9600 ns, Total: 77700 ns
[2024-05-26T14:17:28.831+0000][20776][safepoint   ] Safepoint "Cleanup", Time since last: 2006136900 ns, Reaching safepoint: 193000 ns, At safepoint: 24600 ns, Total: 217600 ns
[2024-05-26T14:17:34.866+0000][20776][safepoint   ] Safepoint "Cleanup", Time since last: 6034203100 ns, Reaching safepoint: 675700 ns, At safepoint: 20700 ns, Total: 696400 ns
[2024-05-26T14:17:38.903+0000][20776][safepoint   ] Safepoint "Cleanup", Time since last: 4036431900 ns, Reaching safepoint: 186300 ns, At safepoint: 56000 ns, Total: 242300 ns
[2024-05-26T14:17:39.909+0000][20776][safepoint   ] Safepoint "Cleanup", Time since last: 1005596400 ns, Reaching safepoint: 125600 ns, At safepoint: 20300 ns, Total: 145900 ns
[2024-05-26T14:17:43.937+0000][20776][safepoint   ] Safepoint "Cleanup", Time since last: 4027677000 ns, Reaching safepoint: 140800 ns, At safepoint: 32800 ns, Total: 173600 ns
[2024-05-26T14:17:44.938+0000][20776][safepoint   ] Safepoint "Cleanup", Time since last: 1001384500 ns, Reaching safepoint: 138000 ns, At safepoint: 11800 ns, Total: 149800 ns
[2024-05-26T14:17:57.060+0000][20776][safepoint   ] Safepoint "Cleanup", Time since last: 12121998600 ns, Reaching safepoint: 211700 ns, At safepoint: 18600 ns, Total: 230300 ns
[2024-05-26T14:17:58.070+0000][20776][safepoint   ] Safepoint "Cleanup", Time since last: 1009325700 ns, Reaching safepoint: 155500 ns, At safepoint: 10800 ns, Total: 166300 ns
[2024-05-26T14:18:07.123+0000][20776][safepoint   ] Safepoint "Cleanup", Time since last: 9053236100 ns, Reaching safepoint: 130900 ns, At safepoint: 10200 ns, Total: 141100 ns
[2024-05-26T14:18:08.137+0000][20776][safepoint   ] Safepoint "Cleanup", Time since last: 1013215100 ns, Reaching safepoint: 169400 ns, At safepoint: 18400 ns, Total: 187800 ns
[2024-05-26T14:18:09.148+0000][20776][safepoint   ] Safepoint "Cleanup", Time since last: 1010946800 ns, Reaching safepoint: 166800 ns, At safepoint: 16700 ns, Total: 183500 ns
[2024-05-26T14:18:14.171+0000][20776][safepoint   ] Safepoint "Cleanup", Time since last: 5023227600 ns, Reaching safepoint: 163000 ns, At safepoint: 13200 ns, Total: 176200 ns
[2024-05-26T14:18:20.212+0000][20776][safepoint   ] Safepoint "Cleanup", Time since last: 6040166600 ns, Reaching safepoint: 180200 ns, At safepoint: 22800 ns, Total: 203000 ns
[2024-05-26T14:18:21.227+0000][20776][safepoint   ] Safepoint "Cleanup", Time since last: 1015169000 ns, Reaching safepoint: 197000 ns, At safepoint: 93300 ns, Total: 290300 ns
[2024-05-26T14:18:22.242+0000][20776][safepoint   ] Safepoint "Cleanup", Time since last: 1015528100 ns, Reaching safepoint: 171500 ns, At safepoint: 8300 ns, Total: 179800 ns
[2024-05-26T14:18:23.246+0000][20776][safepoint   ] Safepoint "Cleanup", Time since last: 1003013500 ns, Reaching safepoint: 136800 ns, At safepoint: 13000 ns, Total: 149800 ns
[2024-05-26T14:18:26.274+0000][20776][safepoint   ] Safepoint "Cleanup", Time since last: 3028442300 ns, Reaching safepoint: 135300 ns, At safepoint: 8600 ns, Total: 143900 ns
[2024-05-26T14:18:27.286+0000][20776][safepoint   ] Safepoint "Cleanup", Time since last: 1011134500 ns, Reaching safepoint: 149800 ns, At safepoint: 12800 ns, Total: 162600 ns
[2024-05-26T14:18:28.299+0000][20776][safepoint   ] Safepoint "Cleanup", Time since last: 1013061800 ns, Reaching safepoint: 138900 ns, At safepoint: 14000 ns, Total: 152900 ns
[2024-05-26T14:18:29.309+0000][20776][safepoint   ] Safepoint "Cleanup", Time since last: 1009293900 ns, Reaching safepoint: 141300 ns, At safepoint: 30200 ns, Total: 171500 ns
[2024-05-26T14:18:32.346+0000][20776][safepoint   ] Safepoint "Cleanup", Time since last: 3037141000 ns, Reaching safepoint: 125500 ns, At safepoint: 77400 ns, Total: 202900 ns
[2024-05-26T14:18:35.371+0000][20776][safepoint   ] Safepoint "Cleanup", Time since last: 3024583800 ns, Reaching safepoint: 118400 ns, At safepoint: 11300 ns, Total: 129700 ns
[2024-05-26T14:18:39.401+0000][20776][safepoint   ] Safepoint "Cleanup", Time since last: 4030652200 ns, Reaching safepoint: 170400 ns, At safepoint: 10800 ns, Total: 181200 ns
[2024-05-26T14:18:44.458+0000][20776][safepoint   ] Safepoint "Cleanup", Time since last: 5056779200 ns, Reaching safepoint: 112800 ns, At safepoint: 10400 ns, Total: 123200 ns
[2024-05-26T14:18:47.484+0000][20776][safepoint   ] Safepoint "Cleanup", Time since last: 3025235600 ns, Reaching safepoint: 162000 ns, At safepoint: 10100 ns, Total: 172100 ns
[2024-05-26T14:18:52.165+0000][20776][safepoint   ] Safepoint "Cleanup", Time since last: 4681046700 ns, Reaching safepoint: 200100 ns, At safepoint: 53800 ns, Total: 253900 ns
[2024-05-26T14:18:54.177+0000][20776][safepoint   ] Safepoint "Cleanup", Time since last: 2012092600 ns, Reaching safepoint: 205800 ns, At safepoint: 17800 ns, Total: 223600 ns
[2024-05-26T14:18:55.192+0000][20776][safepoint   ] Safepoint "Cleanup", Time since last: 1014982600 ns, Reaching safepoint: 123200 ns, At safepoint: 9200 ns, Total: 132400 ns
[2024-05-26T14:18:56.197+0000][20776][safepoint   ] Safepoint "Cleanup", Time since last: 1004469900 ns, Reaching safepoint: 158200 ns, At safepoint: 13100 ns, Total: 171300 ns
[2024-05-26T14:18:57.210+0000][20776][safepoint   ] Safepoint "Cleanup", Time since last: 1012950800 ns, Reaching safepoint: 186600 ns, At safepoint: 22900 ns, Total: 209500 ns
[2024-05-26T14:19:04.182+0000][20776][gc,start    ] GC(15) Pause Young (Normal) (G1 Evacuation Pause)
[2024-05-26T14:19:04.182+0000][20776][gc,task     ] GC(15) Using 8 workers of 8 for evacuation
[2024-05-26T14:19:04.182+0000][20776][gc,age      ] GC(15) Desired survivor size 132120576 bytes, new threshold 15 (max threshold 15)
[2024-05-26T14:19:04.193+0000][20776][gc,phases   ] GC(15)   Pre Evacuate Collection Set: 0.1ms
[2024-05-26T14:19:04.193+0000][20776][gc,phases   ] GC(15)   Merge Heap Roots: 0.2ms
[2024-05-26T14:19:04.193+0000][20776][gc,phases   ] GC(15)   Evacuate Collection Set: 8.0ms
[2024-05-26T14:19:04.193+0000][20776][gc,phases   ] GC(15)   Post Evacuate Collection Set: 2.4ms
[2024-05-26T14:19:04.193+0000][20776][gc,phases   ] GC(15)   Other: 0.2ms
[2024-05-26T14:19:04.193+0000][20776][gc,age      ] GC(15) Age table with threshold 15 (max threshold 15)
[2024-05-26T14:19:04.193+0000][20776][gc,age      ] GC(15) - age   1:    4122088 bytes,    4122088 total
[2024-05-26T14:19:04.193+0000][20776][gc,age      ] GC(15) - age   2:    4224936 bytes,    8347024 total
[2024-05-26T14:19:04.193+0000][20776][gc,heap     ] GC(15) Eden regions: 495->0(603)
[2024-05-26T14:19:04.193+0000][20776][gc,heap     ] GC(15) Survivor regions: 3->3(63)
[2024-05-26T14:19:04.193+0000][20776][gc,heap     ] GC(15) Old regions: 48->48
[2024-05-26T14:19:04.193+0000][20776][gc,heap     ] GC(15) Archive regions: 0->0
[2024-05-26T14:19:04.193+0000][20776][gc,heap     ] GC(15) Humongous regions: 2->2
[2024-05-26T14:19:04.193+0000][20776][gc,metaspace] GC(15) Metaspace: 130187K(133888K)->130187K(133888K) NonClass: 112895K(114816K)->112895K(114816K) Class: 17292K(19072K)->17292K(19072K)
[2024-05-26T14:19:04.193+0000][20776][gc          ] GC(15) Pause Young (Normal) (G1 Evacuation Pause) 2189M->207M(4040M) 11.180ms
[2024-05-26T14:19:04.193+0000][20776][gc,cpu      ] GC(15) User=0.00s Sys=0.00s Real=0.01s
[2024-05-26T14:19:04.193+0000][20776][safepoint   ] Safepoint "G1CollectForAllocation", Time since last: 6971753200 ns, Reaching safepoint: 32200 ns, At safepoint: 11320900 ns, Total: 11353100 ns
[2024-05-26T14:19:07.217+0000][20776][safepoint   ] Safepoint "Cleanup", Time since last: 3023183100 ns, Reaching safepoint: 149500 ns, At safepoint: 8300 ns, Total: 157800 ns
[2024-05-26T14:19:09.237+0000][20776][safepoint   ] Safepoint "Cleanup", Time since last: 2020265700 ns, Reaching safepoint: 182100 ns, At safepoint: 19400 ns, Total: 201500 ns
[2024-05-26T14:19:14.274+0000][20776][safepoint   ] Safepoint "Cleanup", Time since last: 5036375600 ns, Reaching safepoint: 131000 ns, At safepoint: 8200 ns, Total: 139200 ns
[2024-05-26T14:19:20.313+0000][20776][safepoint   ] Safepoint "Cleanup", Time since last: 6038714800 ns, Reaching safepoint: 148000 ns, At safepoint: 9900 ns, Total: 157900 ns
[2024-05-26T14:19:21.319+0000][20776][safepoint   ] Safepoint "Cleanup", Time since last: 1006371100 ns, Reaching safepoint: 202800 ns, At safepoint: 11700 ns, Total: 214500 ns
[2024-05-26T14:19:34.437+0000][20776][safepoint   ] Safepoint "Cleanup", Time since last: 13117426400 ns, Reaching safepoint: 167000 ns, At safepoint: 11700 ns, Total: 178700 ns
[2024-05-26T14:19:35.451+0000][20776][safepoint   ] Safepoint "Cleanup", Time since last: 1013666300 ns, Reaching safepoint: 135100 ns, At safepoint: 19800 ns, Total: 154900 ns
[2024-05-26T14:19:38.473+0000][20776][safepoint   ] Safepoint "Cleanup", Time since last: 3022206900 ns, Reaching safepoint: 174400 ns, At safepoint: 13400 ns, Total: 187800 ns
[2024-05-26T14:19:39.482+0000][20776][safepoint   ] Safepoint "Cleanup", Time since last: 1008904500 ns, Reaching safepoint: 165500 ns, At safepoint: 13800 ns, Total: 179300 ns
[2024-05-26T14:19:40.497+0000][20776][safepoint   ] Safepoint "Cleanup", Time since last: 1015088200 ns, Reaching safepoint: 175200 ns, At safepoint: 19400 ns, Total: 194600 ns
[2024-05-26T14:19:44.547+0000][20776][safepoint   ] Safepoint "Cleanup", Time since last: 4049772500 ns, Reaching safepoint: 784400 ns, At safepoint: 25400 ns, Total: 809800 ns
[2024-05-26T14:19:45.558+0000][20776][safepoint   ] Safepoint "Cleanup", Time since last: 1009580900 ns, Reaching safepoint: 175000 ns, At safepoint: 14300 ns, Total: 189300 ns
[2024-05-26T14:19:49.596+0000][20776][safepoint   ] Safepoint "Cleanup", Time since last: 4037917200 ns, Reaching safepoint: 126100 ns, At safepoint: 7700 ns, Total: 133800 ns
[2024-05-26T14:19:52.619+0000][20776][safepoint   ] Safepoint "Cleanup", Time since last: 3023156300 ns, Reaching safepoint: 93100 ns, At safepoint: 11600 ns, Total: 104700 ns
[2024-05-26T14:19:55.646+0000][20776][safepoint   ] Safepoint "Cleanup", Time since last: 3027189000 ns, Reaching safepoint: 138000 ns, At safepoint: 10600 ns, Total: 148600 ns
[2024-05-26T14:19:56.660+0000][20776][safepoint   ] Safepoint "Cleanup", Time since last: 1013743200 ns, Reaching safepoint: 117000 ns, At safepoint: 16200 ns, Total: 133200 ns
[2024-05-26T14:19:57.675+0000][20776][safepoint   ] Safepoint "Cleanup", Time since last: 1014249800 ns, Reaching safepoint: 184200 ns, At safepoint: 10900 ns, Total: 195100 ns
[2024-05-26T14:20:03.726+0000][20776][safepoint   ] Safepoint "Cleanup", Time since last: 6050802600 ns, Reaching safepoint: 198900 ns, At safepoint: 19300 ns, Total: 218200 ns
[2024-05-26T14:20:04.732+0000][20776][safepoint   ] Safepoint "Cleanup", Time since last: 1005925200 ns, Reaching safepoint: 98400 ns, At safepoint: 11500 ns, Total: 109900 ns
[2024-05-26T14:20:07.760+0000][20776][safepoint   ] Safepoint "Cleanup", Time since last: 3028001700 ns, Reaching safepoint: 112500 ns, At safepoint: 12700 ns, Total: 125200 ns
[2024-05-26T14:20:09.786+0000][20776][safepoint   ] Safepoint "Cleanup", Time since last: 2025857800 ns, Reaching safepoint: 148500 ns, At safepoint: 26400 ns, Total: 174900 ns
[2024-05-26T14:20:13.817+0000][20776][safepoint   ] Safepoint "Cleanup", Time since last: 4031079300 ns, Reaching safepoint: 173700 ns, At safepoint: 16600 ns, Total: 190300 ns
[2024-05-26T14:20:14.820+0000][20776][safepoint   ] Safepoint "Cleanup", Time since last: 1002921700 ns, Reaching safepoint: 694300 ns, At safepoint: 10200 ns, Total: 704500 ns
[2024-05-26T14:20:16.829+0000][20776][safepoint   ] Safepoint "Cleanup", Time since last: 2008165900 ns, Reaching safepoint: 208300 ns, At safepoint: 15200 ns, Total: 223500 ns
[2024-05-26T14:20:21.861+0000][20776][safepoint   ] Safepoint "Cleanup", Time since last: 5031656000 ns, Reaching safepoint: 140200 ns, At safepoint: 21100 ns, Total: 161300 ns
[2024-05-26T14:20:22.864+0000][20776][safepoint   ] Safepoint "Cleanup", Time since last: 1002953500 ns, Reaching safepoint: 148100 ns, At safepoint: 10000 ns, Total: 158100 ns
[2024-05-26T14:20:26.889+0000][20776][safepoint   ] Safepoint "Cleanup", Time since last: 4024976500 ns, Reaching safepoint: 194200 ns, At safepoint: 16900 ns, Total: 211100 ns
[2024-05-26T14:20:27.892+0000][20776][safepoint   ] Safepoint "Cleanup", Time since last: 1002652700 ns, Reaching safepoint: 129400 ns, At safepoint: 17700 ns, Total: 147100 ns
[2024-05-26T14:20:28.906+0000][20776][safepoint   ] Safepoint "Cleanup", Time since last: 1014331500 ns, Reaching safepoint: 127100 ns, At safepoint: 14900 ns, Total: 142000 ns
[2024-05-26T14:20:29.918+0000][20776][safepoint   ] Safepoint "Cleanup", Time since last: 1011250900 ns, Reaching safepoint: 125100 ns, At safepoint: 14000 ns, Total: 139100 ns
[2024-05-26T14:20:31.935+0000][20776][safepoint   ] Safepoint "Cleanup", Time since last: 2017112400 ns, Reaching safepoint: 158900 ns, At safepoint: 9900 ns, Total: 168800 ns
[2024-05-26T14:20:32.953+0000][20776][safepoint   ] Safepoint "Cleanup", Time since last: 1017408700 ns, Reaching safepoint: 68700 ns, At safepoint: 14400 ns, Total: 83100 ns
[2024-05-26T14:20:33.954+0000][20776][safepoint   ] Safepoint "Cleanup", Time since last: 1001684500 ns, Reaching safepoint: 152000 ns, At safepoint: 30000 ns, Total: 182000 ns
[2024-05-26T14:20:34.968+0000][20776][safepoint   ] Safepoint "Cleanup", Time since last: 1013471800 ns, Reaching safepoint: 125500 ns, At safepoint: 54600 ns, Total: 180100 ns
[2024-05-26T14:20:35.974+0000][20776][safepoint   ] Safepoint "Cleanup", Time since last: 1006040400 ns, Reaching safepoint: 171300 ns, At safepoint: 16500 ns, Total: 187800 ns
[2024-05-26T14:20:38.997+0000][20776][safepoint   ] Safepoint "Cleanup", Time since last: 3022531600 ns, Reaching safepoint: 188900 ns, At safepoint: 54500 ns, Total: 243400 ns
[2024-05-26T14:20:44.048+0000][20776][safepoint   ] Safepoint "Cleanup", Time since last: 5050398700 ns, Reaching safepoint: 93600 ns, At safepoint: 10600 ns, Total: 104200 ns
[2024-05-26T14:20:45.067+0000][20776][safepoint   ] Safepoint "Cleanup", Time since last: 1018861300 ns, Reaching safepoint: 170500 ns, At safepoint: 12700 ns, Total: 183200 ns
[2024-05-26T14:20:46.069+0000][20776][safepoint   ] Safepoint "Cleanup", Time since last: 1002273100 ns, Reaching safepoint: 91100 ns, At safepoint: 73400 ns, Total: 164500 ns
[2024-05-26T14:20:49.085+0000][20776][safepoint   ] Safepoint "Cleanup", Time since last: 3016122700 ns, Reaching safepoint: 185800 ns, At safepoint: 10000 ns, Total: 195800 ns
[2024-05-26T14:20:57.161+0000][20776][safepoint   ] Safepoint "Cleanup", Time since last: 8075004000 ns, Reaching safepoint: 213000 ns, At safepoint: 16200 ns, Total: 229200 ns
[2024-05-26T14:21:02.186+0000][20776][safepoint   ] Safepoint "Cleanup", Time since last: 5025342300 ns, Reaching safepoint: 165700 ns, At safepoint: 11200 ns, Total: 176900 ns
[2024-05-26T14:21:03.205+0000][20776][safepoint   ] Safepoint "Cleanup", Time since last: 1018560100 ns, Reaching safepoint: 121200 ns, At safepoint: 26800 ns, Total: 148000 ns
[2024-05-26T14:21:10.278+0000][20776][safepoint   ] Safepoint "Cleanup", Time since last: 7072411900 ns, Reaching safepoint: 134100 ns, At safepoint: 11200 ns, Total: 145300 ns
[2024-05-26T14:21:14.308+0000][20776][safepoint   ] Safepoint "Cleanup", Time since last: 4030319200 ns, Reaching safepoint: 177600 ns, At safepoint: 9400 ns, Total: 187000 ns
[2024-05-26T14:21:16.333+0000][20776][safepoint   ] Safepoint "Cleanup", Time since last: 2024854600 ns, Reaching safepoint: 143100 ns, At safepoint: 8800 ns, Total: 151900 ns
[2024-05-26T14:21:29.440+0000][20776][safepoint   ] Safepoint "Cleanup", Time since last: 13107077500 ns, Reaching safepoint: 221300 ns, At safepoint: 18700 ns, Total: 240000 ns
[2024-05-26T14:21:33.461+0000][20776][safepoint   ] Safepoint "Cleanup", Time since last: 4020781300 ns, Reaching safepoint: 176500 ns, At safepoint: 15200 ns, Total: 191700 ns
[2024-05-26T14:21:34.462+0000][20776][safepoint   ] Safepoint "Cleanup", Time since last: 1000634300 ns, Reaching safepoint: 110700 ns, At safepoint: 62500 ns, Total: 173200 ns
[2024-05-26T14:21:35.472+0000][20776][safepoint   ] Safepoint "Cleanup", Time since last: 1009330400 ns, Reaching safepoint: 202100 ns, At safepoint: 16100 ns, Total: 218200 ns
[2024-05-26T14:21:38.501+0000][20776][safepoint   ] Safepoint "Cleanup", Time since last: 3029440300 ns, Reaching safepoint: 181800 ns, At safepoint: 9000 ns, Total: 190800 ns
[2024-05-26T14:21:39.510+0000][20776][safepoint   ] Safepoint "Cleanup", Time since last: 1009055900 ns, Reaching safepoint: 669900 ns, At safepoint: 15300 ns, Total: 685200 ns
[2024-05-26T14:21:44.551+0000][20776][safepoint   ] Safepoint "Cleanup", Time since last: 5039600400 ns, Reaching safepoint: 216500 ns, At safepoint: 15000 ns, Total: 231500 ns
[2024-05-26T14:21:51.605+0000][20776][safepoint   ] Safepoint "Cleanup", Time since last: 7054417500 ns, Reaching safepoint: 120400 ns, At safepoint: 7700 ns, Total: 128100 ns
[2024-05-26T14:21:53.609+0000][20776][safepoint   ] Safepoint "Cleanup", Time since last: 2003122500 ns, Reaching safepoint: 169800 ns, At safepoint: 9200 ns, Total: 179000 ns
[2024-05-26T14:21:54.623+0000][20776][safepoint   ] Safepoint "Cleanup", Time since last: 1014445400 ns, Reaching safepoint: 132800 ns, At safepoint: 11200 ns, Total: 144000 ns
[2024-05-26T14:21:55.639+0000][20776][safepoint   ] Safepoint "Cleanup", Time since last: 1015688500 ns, Reaching safepoint: 133100 ns, At safepoint: 6200 ns, Total: 139300 ns
[2024-05-26T14:21:56.648+0000][20776][safepoint   ] Safepoint "Cleanup", Time since last: 1008661900 ns, Reaching safepoint: 139100 ns, At safepoint: 10700 ns, Total: 149800 ns
[2024-05-26T14:21:57.653+0000][20776][safepoint   ] Safepoint "Cleanup", Time since last: 1004770200 ns, Reaching safepoint: 145800 ns, At safepoint: 71400 ns, Total: 217200 ns
[2024-05-26T14:22:09.782+0000][20776][safepoint   ] Safepoint "Cleanup", Time since last: 12128881100 ns, Reaching safepoint: 152100 ns, At safepoint: 16700 ns, Total: 168800 ns
[2024-05-26T14:22:11.805+0000][20776][safepoint   ] Safepoint "Cleanup", Time since last: 2022541900 ns, Reaching safepoint: 220200 ns, At safepoint: 24900 ns, Total: 245100 ns
[2024-05-26T14:22:12.820+0000][20776][safepoint   ] Safepoint "Cleanup", Time since last: 1015011800 ns, Reaching safepoint: 185900 ns, At safepoint: 26100 ns, Total: 212000 ns
[2024-05-26T14:22:13.833+0000][20776][safepoint   ] Safepoint "Cleanup", Time since last: 1012570100 ns, Reaching safepoint: 123200 ns, At safepoint: 10100 ns, Total: 133300 ns
[2024-05-26T14:22:14.849+0000][20776][safepoint   ] Safepoint "Cleanup", Time since last: 1016286300 ns, Reaching safepoint: 125400 ns, At safepoint: 12100 ns, Total: 137500 ns
[2024-05-26T14:22:15.863+0000][20776][safepoint   ] Safepoint "Cleanup", Time since last: 1014160900 ns, Reaching safepoint: 156100 ns, At safepoint: 18400 ns, Total: 174500 ns
[2024-05-26T14:22:16.867+0000][20776][safepoint   ] Safepoint "Cleanup", Time since last: 1003185600 ns, Reaching safepoint: 253200 ns, At safepoint: 26500 ns, Total: 279700 ns
[2024-05-26T14:22:17.871+0000][20776][safepoint   ] Safepoint "Cleanup", Time since last: 1004189000 ns, Reaching safepoint: 168200 ns, At safepoint: 16000 ns, Total: 184200 ns
[2024-05-26T14:22:19.893+0000][20776][safepoint   ] Safepoint "Cleanup", Time since last: 2021533200 ns, Reaching safepoint: 152800 ns, At safepoint: 10900 ns, Total: 163700 ns
[2024-05-26T14:22:20.899+0000][20776][safepoint   ] Safepoint "Cleanup", Time since last: 1005348900 ns, Reaching safepoint: 157200 ns, At safepoint: 18100 ns, Total: 175300 ns
[2024-05-26T14:22:21.909+0000][20776][safepoint   ] Safepoint "Cleanup", Time since last: 1010715300 ns, Reaching safepoint: 200200 ns, At safepoint: 21800 ns, Total: 222000 ns
[2024-05-26T14:22:25.937+0000][20776][safepoint   ] Safepoint "Cleanup", Time since last: 4027929900 ns, Reaching safepoint: 191800 ns, At safepoint: 16600 ns, Total: 208400 ns
[2024-05-26T14:22:31.993+0000][20776][safepoint   ] Safepoint "Cleanup", Time since last: 6055266300 ns, Reaching safepoint: 133800 ns, At safepoint: 12300 ns, Total: 146100 ns
[2024-05-26T14:22:35.033+0000][20776][safepoint   ] Safepoint "Cleanup", Time since last: 3039730900 ns, Reaching safepoint: 148100 ns, At safepoint: 9100 ns, Total: 157200 ns
[2024-05-26T14:22:36.046+0000][20776][safepoint   ] Safepoint "Cleanup", Time since last: 1013421000 ns, Reaching safepoint: 126600 ns, At safepoint: 8600 ns, Total: 135200 ns
[2024-05-26T14:22:38.059+0000][20776][safepoint   ] Safepoint "Cleanup", Time since last: 2012445600 ns, Reaching safepoint: 218000 ns, At safepoint: 15000 ns, Total: 233000 ns
[2024-05-26T14:22:39.512+0000][20776][safepoint   ] Safepoint "Cleanup", Time since last: 1452953500 ns, Reaching safepoint: 164800 ns, At safepoint: 10000 ns, Total: 174800 ns
[2024-05-26T14:22:44.966+0000][20776][safepoint   ] Safepoint "Cleanup", Time since last: 5453297300 ns, Reaching safepoint: 171500 ns, At safepoint: 67600 ns, Total: 239100 ns
[2024-05-26T14:22:52.041+0000][20776][safepoint   ] Safepoint "Cleanup", Time since last: 7075272200 ns, Reaching safepoint: 106200 ns, At safepoint: 59200 ns, Total: 165400 ns
[2024-05-26T14:22:53.043+0000][20776][safepoint   ] Safepoint "Cleanup", Time since last: 1001557600 ns, Reaching safepoint: 198800 ns, At safepoint: 57900 ns, Total: 256700 ns
[2024-05-26T14:23:09.207+0000][20776][safepoint   ] Safepoint "Cleanup", Time since last: 16163801400 ns, Reaching safepoint: 171800 ns, At safepoint: 64400 ns, Total: 236200 ns
[2024-05-26T14:23:10.214+0000][20776][safepoint   ] Safepoint "Cleanup", Time since last: 1006356400 ns, Reaching safepoint: 182700 ns, At safepoint: 56200 ns, Total: 238900 ns
[2024-05-26T14:23:15.243+0000][20776][safepoint   ] Safepoint "Cleanup", Time since last: 5029379000 ns, Reaching safepoint: 137800 ns, At safepoint: 60000 ns, Total: 197800 ns
[2024-05-26T14:23:16.249+0000][20776][safepoint   ] Safepoint "Cleanup", Time since last: 1005278900 ns, Reaching safepoint: 85800 ns, At safepoint: 39800 ns, Total: 125600 ns
[2024-05-26T14:23:17.264+0000][20776][safepoint   ] Safepoint "Cleanup", Time since last: 1015584200 ns, Reaching safepoint: 133700 ns, At safepoint: 104400 ns, Total: 238100 ns
[2024-05-26T14:23:22.307+0000][20776][safepoint   ] Safepoint "Cleanup", Time since last: 5042636500 ns, Reaching safepoint: 146200 ns, At safepoint: 48100 ns, Total: 194300 ns
[2024-05-26T14:23:27.355+0000][20776][safepoint   ] Safepoint "Cleanup", Time since last: 5047589800 ns, Reaching safepoint: 215900 ns, At safepoint: 67300 ns, Total: 283200 ns
[2024-05-26T14:23:34.415+0000][20776][safepoint   ] Safepoint "Cleanup", Time since last: 7059518400 ns, Reaching safepoint: 145700 ns, At safepoint: 83000 ns, Total: 228700 ns
[2024-05-26T14:47:00.510+0000][20776][safepoint   ] Safepoint "Cleanup", Time since last: 1406103524700 ns, Reaching safepoint: 293100 ns, At safepoint: 25600 ns, Total: 318700 ns
[2024-05-26T14:47:02.530+0000][20776][safepoint   ] Safepoint "Cleanup", Time since last: 2019768100 ns, Reaching safepoint: 210400 ns, At safepoint: 38100 ns, Total: 248500 ns
[2024-05-26T14:47:03.536+0000][20776][safepoint   ] Safepoint "Cleanup", Time since last: 1006043800 ns, Reaching safepoint: 760500 ns, At safepoint: 54900 ns, Total: 815400 ns
[2024-05-26T14:47:05.799+0000][20776][safepoint   ] Safepoint "Cleanup", Time since last: 2008726500 ns, Reaching safepoint: 253441300 ns, At safepoint: 567500 ns, Total: 254008800 ns
[2024-05-26T14:47:06.812+0000][20776][safepoint   ] Safepoint "Cleanup", Time since last: 1012118400 ns, Reaching safepoint: 173900 ns, At safepoint: 16800 ns, Total: 190700 ns
[2024-05-26T14:47:07.821+0000][20776][safepoint   ] Safepoint "Cleanup", Time since last: 1008785900 ns, Reaching safepoint: 484600 ns, At safepoint: 73800 ns, Total: 558400 ns
[2024-05-26T14:47:08.822+0000][20776][safepoint   ] Safepoint "Cleanup", Time since last: 1000871400 ns, Reaching safepoint: 142800 ns, At safepoint: 7200 ns, Total: 150000 ns
[2024-05-26T14:47:09.838+0000][20776][safepoint   ] Safepoint "Cleanup", Time since last: 1015421400 ns, Reaching safepoint: 128800 ns, At safepoint: 22100 ns, Total: 150900 ns
[2024-05-26T14:47:10.842+0000][20776][safepoint   ] Safepoint "Cleanup", Time since last: 1003599900 ns, Reaching safepoint: 160100 ns, At safepoint: 54100 ns, Total: 214200 ns
[2024-05-26T14:47:11.846+0000][20776][safepoint   ] Safepoint "Cleanup", Time since last: 1004014500 ns, Reaching safepoint: 131800 ns, At safepoint: 51100 ns, Total: 182900 ns
[2024-05-26T14:47:12.856+0000][20776][safepoint   ] Safepoint "Cleanup", Time since last: 1010053000 ns, Reaching safepoint: 89400 ns, At safepoint: 18200 ns, Total: 107600 ns
[2024-05-26T14:47:14.887+0000][20776][safepoint   ] Safepoint "Cleanup", Time since last: 2030840700 ns, Reaching safepoint: 161900 ns, At safepoint: 56100 ns, Total: 218000 ns
[2024-05-26T14:47:17.929+0000][20776][safepoint   ] Safepoint "Cleanup", Time since last: 3042169500 ns, Reaching safepoint: 126700 ns, At safepoint: 41000 ns, Total: 167700 ns
[2024-05-26T14:47:20.962+0000][20776][safepoint   ] Safepoint "Cleanup", Time since last: 3032944800 ns, Reaching safepoint: 88000 ns, At safepoint: 11400 ns, Total: 99400 ns
[2024-05-26T14:47:24.001+0000][20776][safepoint   ] Safepoint "Cleanup", Time since last: 3038936200 ns, Reaching safepoint: 149600 ns, At safepoint: 54600 ns, Total: 204200 ns
[2024-05-26T14:47:25.002+0000][20776][safepoint   ] Safepoint "Cleanup", Time since last: 1000391500 ns, Reaching safepoint: 140900 ns, At safepoint: 14000 ns, Total: 154900 ns
[2024-05-26T14:47:30.079+0000][20776][safepoint   ] Safepoint "Cleanup", Time since last: 5076585600 ns, Reaching safepoint: 97900 ns, At safepoint: 40500 ns, Total: 138400 ns
[2024-05-26T14:47:32.110+0000][20776][safepoint   ] Safepoint "Cleanup", Time since last: 2030804600 ns, Reaching safepoint: 81200 ns, At safepoint: 20700 ns, Total: 101900 ns
[2024-05-26T14:47:33.125+0000][20776][safepoint   ] Safepoint "Cleanup", Time since last: 1015280100 ns, Reaching safepoint: 120300 ns, At safepoint: 43500 ns, Total: 163800 ns
[2024-05-26T14:47:36.171+0000][20776][safepoint   ] Safepoint "Cleanup", Time since last: 3045973200 ns, Reaching safepoint: 161200 ns, At safepoint: 54700 ns, Total: 215900 ns
[2024-05-26T14:47:42.257+0000][20776][safepoint   ] Safepoint "Cleanup", Time since last: 6085155200 ns, Reaching safepoint: 106000 ns, At safepoint: 48300 ns, Total: 154300 ns
[2024-05-26T14:48:00.534+0000][20776][safepoint   ] Safepoint "Cleanup", Time since last: 18277064400 ns, Reaching safepoint: 92400 ns, At safepoint: 64900 ns, Total: 157300 ns
[2024-05-26T14:48:01.549+0000][20776][safepoint   ] Safepoint "Cleanup", Time since last: 1015225200 ns, Reaching safepoint: 139800 ns, At safepoint: 70300 ns, Total: 210100 ns
[2024-05-26T14:48:09.659+0000][20776][safepoint   ] Safepoint "Cleanup", Time since last: 8109517100 ns, Reaching safepoint: 162400 ns, At safepoint: 55800 ns, Total: 218200 ns
[2024-05-26T14:48:15.751+0000][20776][safepoint   ] Safepoint "Cleanup", Time since last: 6092115100 ns, Reaching safepoint: 152500 ns, At safepoint: 81500 ns, Total: 234000 ns
[2024-05-26T14:48:18.797+0000][20776][safepoint   ] Safepoint "Cleanup", Time since last: 3045919000 ns, Reaching safepoint: 135900 ns, At safepoint: 54700 ns, Total: 190600 ns
[2024-05-26T14:48:19.813+0000][20776][safepoint   ] Safepoint "Cleanup", Time since last: 1015208000 ns, Reaching safepoint: 150600 ns, At safepoint: 79000 ns, Total: 229600 ns
[2024-05-26T14:48:24.890+0000][20776][safepoint   ] Safepoint "Cleanup", Time since last: 5076489400 ns, Reaching safepoint: 144500 ns, At safepoint: 48900 ns, Total: 193400 ns
[2024-05-26T14:48:30.560+0000][20776][safepoint   ] Safepoint "Cleanup", Time since last: 5670506600 ns, Reaching safepoint: 174000 ns, At safepoint: 7000 ns, Total: 181000 ns
[2024-05-26T14:48:32.591+0000][20776][safepoint   ] Safepoint "Cleanup", Time since last: 2030639400 ns, Reaching safepoint: 159100 ns, At safepoint: 24600 ns, Total: 183700 ns
[2024-05-26T14:48:42.699+0000][20776][safepoint   ] Safepoint "Cleanup", Time since last: 10106415400 ns, Reaching safepoint: 912200 ns, At safepoint: 11300 ns, Total: 923500 ns
[2024-05-26T14:48:43.713+0000][20776][safepoint   ] Safepoint "Cleanup", Time since last: 1014229500 ns, Reaching safepoint: 153000 ns, At safepoint: 8100 ns, Total: 161100 ns
[2024-05-26T14:48:45.724+0000][20776][safepoint   ] Safepoint "Cleanup", Time since last: 2010403600 ns, Reaching safepoint: 124600 ns, At safepoint: 14000 ns, Total: 138600 ns
[2024-05-26T14:48:48.748+0000][20776][safepoint   ] Safepoint "Cleanup", Time since last: 3024105400 ns, Reaching safepoint: 122800 ns, At safepoint: 10500 ns, Total: 133300 ns
[2024-05-26T14:48:49.763+0000][20776][safepoint   ] Safepoint "Cleanup", Time since last: 1015247900 ns, Reaching safepoint: 159000 ns, At safepoint: 15200 ns, Total: 174200 ns
[2024-05-26T14:48:54.821+0000][20776][safepoint   ] Safepoint "Cleanup", Time since last: 5057727200 ns, Reaching safepoint: 140100 ns, At safepoint: 11800 ns, Total: 151900 ns
[2024-05-26T14:48:59.850+0000][20776][safepoint   ] Safepoint "Cleanup", Time since last: 5029184200 ns, Reaching safepoint: 95600 ns, At safepoint: 17000 ns, Total: 112600 ns
[2024-05-26T14:49:00.856+0000][20776][safepoint   ] Safepoint "Cleanup", Time since last: 1005781300 ns, Reaching safepoint: 130100 ns, At safepoint: 12900 ns, Total: 143000 ns
[2024-05-26T14:49:06.890+0000][20776][safepoint   ] Safepoint "Cleanup", Time since last: 6034157900 ns, Reaching safepoint: 178300 ns, At safepoint: 25500 ns, Total: 203800 ns
[2024-05-26T14:49:12.930+0000][20776][safepoint   ] Safepoint "Cleanup", Time since last: 6039007500 ns, Reaching safepoint: 160400 ns, At safepoint: 40900 ns, Total: 201300 ns
[2024-05-26T14:49:18.977+0000][20776][safepoint   ] Safepoint "Cleanup", Time since last: 6046584100 ns, Reaching safepoint: 130700 ns, At safepoint: 11500 ns, Total: 142200 ns
[2024-05-26T14:49:19.989+0000][20776][safepoint   ] Safepoint "Cleanup", Time since last: 1011936900 ns, Reaching safepoint: 174900 ns, At safepoint: 13400 ns, Total: 188300 ns
[2024-05-26T14:49:25.023+0000][20776][safepoint   ] Safepoint "Cleanup", Time since last: 5034105700 ns, Reaching safepoint: 117900 ns, At safepoint: 10800 ns, Total: 128700 ns
[2024-05-26T14:49:31.064+0000][20776][safepoint   ] Safepoint "Cleanup", Time since last: 6040979100 ns, Reaching safepoint: 82500 ns, At safepoint: 10400 ns, Total: 92900 ns
[2024-05-26T14:49:41.118+0000][20776][safepoint   ] Safepoint "Cleanup", Time since last: 10054318900 ns, Reaching safepoint: 178200 ns, At safepoint: 15400 ns, Total: 193600 ns
[2024-05-26T14:49:48.188+0000][20776][safepoint   ] Safepoint "Cleanup", Time since last: 7069291400 ns, Reaching safepoint: 129300 ns, At safepoint: 11100 ns, Total: 140400 ns
[2024-05-26T14:49:51.233+0000][20776][safepoint   ] Safepoint "Cleanup", Time since last: 3045195100 ns, Reaching safepoint: 148900 ns, At safepoint: 12600 ns, Total: 161500 ns
[2024-05-26T14:50:00.291+0000][20776][safepoint   ] Safepoint "Cleanup", Time since last: 9057787600 ns, Reaching safepoint: 133700 ns, At safepoint: 26500 ns, Total: 160200 ns
[2024-05-26T14:50:01.301+0000][20776][safepoint   ] Safepoint "Cleanup", Time since last: 1009611000 ns, Reaching safepoint: 146800 ns, At safepoint: 19300 ns, Total: 166100 ns
[2024-05-26T14:50:06.345+0000][20776][safepoint   ] Safepoint "Cleanup", Time since last: 5043499600 ns, Reaching safepoint: 131200 ns, At safepoint: 8400 ns, Total: 139600 ns
[2024-05-26T14:50:07.353+0000][20776][safepoint   ] Safepoint "Cleanup", Time since last: 1007755800 ns, Reaching safepoint: 94400 ns, At safepoint: 11500 ns, Total: 105900 ns
[2024-05-26T14:50:09.372+0000][20776][safepoint   ] Safepoint "Cleanup", Time since last: 2019500700 ns, Reaching safepoint: 163400 ns, At safepoint: 62700 ns, Total: 226100 ns
[2024-05-26T14:50:12.387+0000][20776][safepoint   ] Safepoint "Cleanup", Time since last: 3014824500 ns, Reaching safepoint: 159700 ns, At safepoint: 8100 ns, Total: 167800 ns
[2024-05-26T14:50:24.461+0000][20776][safepoint   ] Safepoint "Cleanup", Time since last: 12073327200 ns, Reaching safepoint: 69800 ns, At safepoint: 7400 ns, Total: 77200 ns
[2024-05-26T14:50:30.491+0000][20776][safepoint   ] Safepoint "Cleanup", Time since last: 6029892800 ns, Reaching safepoint: 105600 ns, At safepoint: 19900 ns, Total: 125500 ns
[2024-05-26T14:50:40.546+0000][20776][safepoint   ] Safepoint "Cleanup", Time since last: 10054800100 ns, Reaching safepoint: 104500 ns, At safepoint: 29500 ns, Total: 134000 ns
[2024-05-26T14:50:42.570+0000][20776][safepoint   ] Safepoint "Cleanup", Time since last: 2023933900 ns, Reaching safepoint: 83500 ns, At safepoint: 27500 ns, Total: 111000 ns
[2024-05-26T14:50:43.571+0000][20776][safepoint   ] Safepoint "Cleanup", Time since last: 1000785200 ns, Reaching safepoint: 106600 ns, At safepoint: 17400 ns, Total: 124000 ns
[2024-05-26T14:50:48.617+0000][20776][safepoint   ] Safepoint "Cleanup", Time since last: 5046301400 ns, Reaching safepoint: 99400 ns, At safepoint: 10000 ns, Total: 109400 ns
[2024-05-26T14:50:49.623+0000][20776][safepoint   ] Safepoint "Cleanup", Time since last: 1005642100 ns, Reaching safepoint: 122600 ns, At safepoint: 15500 ns, Total: 138100 ns
[2024-05-26T14:50:59.713+0000][20776][safepoint   ] Safepoint "Cleanup", Time since last: 10089820800 ns, Reaching safepoint: 110200 ns, At safepoint: 10900 ns, Total: 121100 ns
[2024-05-26T14:51:00.718+0000][20776][safepoint   ] Safepoint "Cleanup", Time since last: 1005123800 ns, Reaching safepoint: 88800 ns, At safepoint: 13700 ns, Total: 102500 ns
[2024-05-26T14:51:01.728+0000][20776][safepoint   ] Safepoint "Cleanup", Time since last: 1009935700 ns, Reaching safepoint: 90700 ns, At safepoint: 23900 ns, Total: 114600 ns
[2024-05-26T14:51:12.844+0000][20776][safepoint   ] Safepoint "Cleanup", Time since last: 11115769500 ns, Reaching safepoint: 79700 ns, At safepoint: 9600 ns, Total: 89300 ns
[2024-05-26T14:51:18.909+0000][20776][safepoint   ] Safepoint "Cleanup", Time since last: 6064796700 ns, Reaching safepoint: 134000 ns, At safepoint: 21400 ns, Total: 155400 ns
[2024-05-26T14:51:19.919+0000][20776][safepoint   ] Safepoint "Cleanup", Time since last: 1010177600 ns, Reaching safepoint: 123200 ns, At safepoint: 16000 ns, Total: 139200 ns
[2024-05-26T14:51:24.960+0000][20776][safepoint   ] Safepoint "Cleanup", Time since last: 5040972500 ns, Reaching safepoint: 152900 ns, At safepoint: 61300 ns, Total: 214200 ns
[2024-05-26T14:51:27.974+0000][20776][safepoint   ] Safepoint "Cleanup", Time since last: 3013906100 ns, Reaching safepoint: 153300 ns, At safepoint: 14200 ns, Total: 167500 ns
[2024-05-26T14:51:37.060+0000][20776][safepoint   ] Safepoint "Cleanup", Time since last: 9085818300 ns, Reaching safepoint: 90900 ns, At safepoint: 14700 ns, Total: 105600 ns
[2024-05-26T14:51:43.114+0000][20776][safepoint   ] Safepoint "Cleanup", Time since last: 6053386500 ns, Reaching safepoint: 88800 ns, At safepoint: 13000 ns, Total: 101800 ns
[2024-05-26T14:51:49.161+0000][20776][safepoint   ] Safepoint "Cleanup", Time since last: 6046965400 ns, Reaching safepoint: 121700 ns, At safepoint: 13100 ns, Total: 134800 ns
[2024-05-26T14:51:55.205+0000][20776][safepoint   ] Safepoint "Cleanup", Time since last: 6044330700 ns, Reaching safepoint: 65800 ns, At safepoint: 9400 ns, Total: 75200 ns
[2024-05-26T14:52:00.248+0000][20776][safepoint   ] Safepoint "Cleanup", Time since last: 5042534200 ns, Reaching safepoint: 105800 ns, At safepoint: 11100 ns, Total: 116900 ns
[2024-05-26T14:52:02.263+0000][20776][safepoint   ] Safepoint "Cleanup", Time since last: 2015010800 ns, Reaching safepoint: 145100 ns, At safepoint: 18700 ns, Total: 163800 ns
[2024-05-26T14:52:07.310+0000][20776][safepoint   ] Safepoint "Cleanup", Time since last: 5046426100 ns, Reaching safepoint: 95300 ns, At safepoint: 15400 ns, Total: 110700 ns
[2024-05-26T14:52:10.340+0000][20776][safepoint   ] Safepoint "Cleanup", Time since last: 3030043400 ns, Reaching safepoint: 86500 ns, At safepoint: 58300 ns, Total: 144800 ns
[2024-05-26T14:52:11.350+0000][20776][safepoint   ] Safepoint "Cleanup", Time since last: 1009913200 ns, Reaching safepoint: 101000 ns, At safepoint: 13700 ns, Total: 114700 ns
[2024-05-26T14:52:13.360+0000][20776][safepoint   ] Safepoint "Cleanup", Time since last: 2010230300 ns, Reaching safepoint: 130800 ns, At safepoint: 17700 ns, Total: 148500 ns
[2024-05-26T14:52:26.441+0000][20776][safepoint   ] Safepoint "Cleanup", Time since last: 13080652600 ns, Reaching safepoint: 691900 ns, At safepoint: 22300 ns, Total: 714200 ns
[2024-05-26T14:52:37.521+0000][20776][safepoint   ] Safepoint "Cleanup", Time since last: 11079312900 ns, Reaching safepoint: 138200 ns, At safepoint: 15300 ns, Total: 153500 ns
[2024-05-26T14:52:42.580+0000][20776][safepoint   ] Safepoint "Cleanup", Time since last: 5058650700 ns, Reaching safepoint: 73300 ns, At safepoint: 13800 ns, Total: 87100 ns
[2024-05-26T14:52:44.596+0000][20776][safepoint   ] Safepoint "Cleanup", Time since last: 2015537600 ns, Reaching safepoint: 254500 ns, At safepoint: 23200 ns, Total: 277700 ns
[2024-05-26T14:52:48.616+0000][20776][safepoint   ] Safepoint "Cleanup", Time since last: 4019962200 ns, Reaching safepoint: 70500 ns, At safepoint: 14800 ns, Total: 85300 ns
[2024-05-26T14:52:50.635+0000][20776][safepoint   ] Safepoint "Cleanup", Time since last: 2019580900 ns, Reaching safepoint: 157100 ns, At safepoint: 60800 ns, Total: 217900 ns
[2024-05-26T14:52:52.662+0000][20776][safepoint   ] Safepoint "Cleanup", Time since last: 2026414300 ns, Reaching safepoint: 178100 ns, At safepoint: 100700 ns, Total: 278800 ns
[2024-05-26T14:52:54.677+0000][20776][safepoint   ] Safepoint "Cleanup", Time since last: 2014638500 ns, Reaching safepoint: 123100 ns, At safepoint: 65300 ns, Total: 188400 ns
[2024-05-26T14:52:56.694+0000][20776][safepoint   ] Safepoint "Cleanup", Time since last: 2017224000 ns, Reaching safepoint: 182600 ns, At safepoint: 21700 ns, Total: 204300 ns
[2024-05-26T14:52:59.713+0000][20776][safepoint   ] Safepoint "Cleanup", Time since last: 3018473100 ns, Reaching safepoint: 197600 ns, At safepoint: 19200 ns, Total: 216800 ns
[2024-05-26T14:53:00.718+0000][20776][safepoint   ] Safepoint "Cleanup", Time since last: 1004369300 ns, Reaching safepoint: 178700 ns, At safepoint: 19000 ns, Total: 197700 ns
[2024-05-26T14:53:01.733+0000][20776][safepoint   ] Safepoint "Cleanup", Time since last: 1014961400 ns, Reaching safepoint: 99400 ns, At safepoint: 65800 ns, Total: 165200 ns
[2024-05-26T14:53:29.966+0000][20776][safepoint   ] Safepoint "Cleanup", Time since last: 28232670800 ns, Reaching safepoint: 141700 ns, At safepoint: 30900 ns, Total: 172600 ns
[2024-05-26T14:53:30.982+0000][20776][safepoint   ] Safepoint "Cleanup", Time since last: 1016521000 ns, Reaching safepoint: 87300 ns, At safepoint: 12000 ns, Total: 99300 ns
[2024-05-26T14:53:38.047+0000][20776][safepoint   ] Safepoint "Cleanup", Time since last: 7064075400 ns, Reaching safepoint: 156400 ns, At safepoint: 23100 ns, Total: 179500 ns
[2024-05-26T14:53:40.077+0000][20776][safepoint   ] Safepoint "Cleanup", Time since last: 2030381500 ns, Reaching safepoint: 783000 ns, At safepoint: 10300 ns, Total: 793300 ns
[2024-05-26T14:54:00.275+0000][20776][safepoint   ] Safepoint "Cleanup", Time since last: 20197349500 ns, Reaching safepoint: 134600 ns, At safepoint: 41800 ns, Total: 176400 ns
[2024-05-26T14:54:10.345+0000][20776][safepoint   ] Safepoint "Cleanup", Time since last: 10069736800 ns, Reaching safepoint: 92800 ns, At safepoint: 15000 ns, Total: 107800 ns
[2024-05-26T14:54:28.503+0000][20776][safepoint   ] Safepoint "Cleanup", Time since last: 18158016800 ns, Reaching safepoint: 88300 ns, At safepoint: 16300 ns, Total: 104600 ns
[2024-05-26T14:54:30.513+0000][20776][safepoint   ] Safepoint "Cleanup", Time since last: 2010008000 ns, Reaching safepoint: 145100 ns, At safepoint: 12200 ns, Total: 157300 ns
[2024-05-26T14:54:40.597+0000][20776][safepoint   ] Safepoint "Cleanup", Time since last: 10082987300 ns, Reaching safepoint: 176300 ns, At safepoint: 14600 ns, Total: 190900 ns
[2024-05-26T14:54:49.693+0000][20776][safepoint   ] Safepoint "Cleanup", Time since last: 9096723400 ns, Reaching safepoint: 180300 ns, At safepoint: 21200 ns, Total: 201500 ns
[2024-05-26T14:54:50.697+0000][20776][safepoint   ] Safepoint "Cleanup", Time since last: 1003282000 ns, Reaching safepoint: 183800 ns, At safepoint: 20300 ns, Total: 204100 ns
[2024-05-26T14:54:59.775+0000][20776][safepoint   ] Safepoint "Cleanup", Time since last: 9077677700 ns, Reaching safepoint: 143300 ns, At safepoint: 16500 ns, Total: 159800 ns
[2024-05-26T14:55:00.788+0000][20776][safepoint   ] Safepoint "Cleanup", Time since last: 1013410800 ns, Reaching safepoint: 93800 ns, At safepoint: 33100 ns, Total: 126900 ns
[2024-05-26T14:55:01.803+0000][20776][safepoint   ] Safepoint "Cleanup", Time since last: 1014877600 ns, Reaching safepoint: 91800 ns, At safepoint: 13400 ns, Total: 105200 ns
[2024-05-26T14:55:19.974+0000][20776][safepoint   ] Safepoint "Cleanup", Time since last: 18170041300 ns, Reaching safepoint: 122600 ns, At safepoint: 78100 ns, Total: 200700 ns
[2024-05-26T14:55:30.061+0000][20776][safepoint   ] Safepoint "Cleanup", Time since last: 10087186100 ns, Reaching safepoint: 214800 ns, At safepoint: 21800 ns, Total: 236600 ns
[2024-05-26T14:55:31.498+0000][20776][gc,start    ] GC(16) Pause Young (Normal) (G1 Evacuation Pause)
[2024-05-26T14:55:31.498+0000][20776][gc,task     ] GC(16) Using 8 workers of 8 for evacuation
[2024-05-26T14:55:31.498+0000][20776][gc,age      ] GC(16) Desired survivor size 159383552 bytes, new threshold 15 (max threshold 15)
[2024-05-26T14:55:31.515+0000][20776][gc,phases   ] GC(16)   Pre Evacuate Collection Set: 0.3ms
[2024-05-26T14:55:31.515+0000][20776][gc,phases   ] GC(16)   Merge Heap Roots: 0.3ms
[2024-05-26T14:55:31.515+0000][20776][gc,phases   ] GC(16)   Evacuate Collection Set: 11.3ms
[2024-05-26T14:55:31.515+0000][20776][gc,phases   ] GC(16)   Post Evacuate Collection Set: 5.4ms
[2024-05-26T14:55:31.515+0000][20776][gc,phases   ] GC(16)   Other: 0.3ms
[2024-05-26T14:55:31.515+0000][20776][gc,age      ] GC(16) Age table with threshold 15 (max threshold 15)
[2024-05-26T14:55:31.515+0000][20776][gc,age      ] GC(16) - age   1:    2175240 bytes,    2175240 total
[2024-05-26T14:55:31.515+0000][20776][gc,age      ] GC(16) - age   2:     843616 bytes,    3018856 total
[2024-05-26T14:55:31.515+0000][20776][gc,age      ] GC(16) - age   3:    3835336 bytes,    6854192 total
[2024-05-26T14:55:31.515+0000][20776][gc,heap     ] GC(16) Eden regions: 603->0(604)
[2024-05-26T14:55:31.515+0000][20776][gc,heap     ] GC(16) Survivor regions: 3->2(76)
[2024-05-26T14:55:31.515+0000][20776][gc,heap     ] GC(16) Old regions: 48->48
[2024-05-26T14:55:31.515+0000][20776][gc,heap     ] GC(16) Archive regions: 0->0
[2024-05-26T14:55:31.515+0000][20776][gc,heap     ] GC(16) Humongous regions: 2->2
[2024-05-26T14:55:31.515+0000][20776][gc,metaspace] GC(16) Metaspace: 130478K(134208K)->130478K(134208K) NonClass: 113178K(115136K)->113178K(115136K) Class: 17299K(19072K)->17299K(19072K)
[2024-05-26T14:55:31.515+0000][20776][gc          ] GC(16) Pause Young (Normal) (G1 Evacuation Pause) 2619M->205M(4040M) 18.014ms
[2024-05-26T14:55:31.515+0000][20776][gc,cpu      ] GC(16) User=0.00s Sys=0.02s Real=0.02s
[2024-05-26T14:55:31.515+0000][20776][safepoint   ] Safepoint "G1CollectForAllocation", Time since last: 1436805000 ns, Reaching safepoint: 128400 ns, At safepoint: 18173200 ns, Total: 18301600 ns
[2024-05-26T14:55:32.525+0000][20776][safepoint   ] Safepoint "Cleanup", Time since last: 1008322500 ns, Reaching safepoint: 201000 ns, At safepoint: 8800 ns, Total: 209800 ns
[2024-05-26T14:55:39.589+0000][20776][safepoint   ] Safepoint "Cleanup", Time since last: 7064638000 ns, Reaching safepoint: 119900 ns, At safepoint: 13400 ns, Total: 133300 ns
[2024-05-26T14:55:40.593+0000][20776][safepoint   ] Safepoint "Cleanup", Time since last: 1003355900 ns, Reaching safepoint: 96800 ns, At safepoint: 10900 ns, Total: 107700 ns
[2024-05-26T14:56:01.818+0000][20776][safepoint   ] Safepoint "Cleanup", Time since last: 21224705500 ns, Reaching safepoint: 729100 ns, At safepoint: 27700 ns, Total: 756800 ns
[2024-05-26T14:56:07.871+0000][20776][safepoint   ] Safepoint "Cleanup", Time since last: 6052406800 ns, Reaching safepoint: 97500 ns, At safepoint: 9400 ns, Total: 106900 ns
[2024-05-26T14:56:08.874+0000][20776][safepoint   ] Safepoint "Cleanup", Time since last: 1003108200 ns, Reaching safepoint: 159600 ns, At safepoint: 14600 ns, Total: 174200 ns
[2024-05-26T14:56:09.884+0000][20776][safepoint   ] Safepoint "Cleanup", Time since last: 1009230200 ns, Reaching safepoint: 171100 ns, At safepoint: 14600 ns, Total: 185700 ns
[2024-05-26T14:56:20.983+0000][20776][safepoint   ] Safepoint "Cleanup", Time since last: 11099539100 ns, Reaching safepoint: 201900 ns, At safepoint: 19200 ns, Total: 221100 ns
[2024-05-26T14:56:30.067+0000][20776][safepoint   ] Safepoint "Cleanup", Time since last: 9083928900 ns, Reaching safepoint: 139300 ns, At safepoint: 21900 ns, Total: 161200 ns
[2024-05-26T14:56:33.103+0000][20776][safepoint   ] Safepoint "Cleanup", Time since last: 3035589700 ns, Reaching safepoint: 117100 ns, At safepoint: 12700 ns, Total: 129800 ns
[2024-05-26T14:56:35.112+0000][20776][safepoint   ] Safepoint "Cleanup", Time since last: 2008892400 ns, Reaching safepoint: 143700 ns, At safepoint: 90900 ns, Total: 234600 ns
[2024-05-26T14:56:38.146+0000][20776][safepoint   ] Safepoint "Cleanup", Time since last: 3033419300 ns, Reaching safepoint: 88500 ns, At safepoint: 15300 ns, Total: 103800 ns
[2024-05-26T14:56:51.276+0000][20776][safepoint   ] Safepoint "Cleanup", Time since last: 13129660800 ns, Reaching safepoint: 205900 ns, At safepoint: 22000 ns, Total: 227900 ns
[2024-05-26T14:56:52.282+0000][20776][safepoint   ] Safepoint "Cleanup", Time since last: 1006260500 ns, Reaching safepoint: 104100 ns, At safepoint: 12600 ns, Total: 116700 ns
[2024-05-26T14:57:00.363+0000][20776][safepoint   ] Safepoint "Cleanup", Time since last: 8081054400 ns, Reaching safepoint: 167900 ns, At safepoint: 80100 ns, Total: 248000 ns
[2024-05-26T14:57:02.372+0000][20776][safepoint   ] Safepoint "Cleanup", Time since last: 2008941700 ns, Reaching safepoint: 116900 ns, At safepoint: 22500 ns, Total: 139400 ns
[2024-05-26T14:57:08.421+0000][20776][safepoint   ] Safepoint "Cleanup", Time since last: 6048421900 ns, Reaching safepoint: 246500 ns, At safepoint: 20000 ns, Total: 266500 ns
[2024-05-26T14:57:10.454+0000][20776][safepoint   ] Safepoint "Cleanup", Time since last: 2032424400 ns, Reaching safepoint: 98000 ns, At safepoint: 15500 ns, Total: 113500 ns
[2024-05-26T14:57:12.468+0000][20776][safepoint   ] Safepoint "Cleanup", Time since last: 2014884800 ns, Reaching safepoint: 176300 ns, At safepoint: 69000 ns, Total: 245300 ns
[2024-05-26T14:57:14.497+0000][20776][safepoint   ] Safepoint "Cleanup", Time since last: 2028266600 ns, Reaching safepoint: 137600 ns, At safepoint: 10900 ns, Total: 148500 ns
[2024-05-26T14:57:21.565+0000][20776][safepoint   ] Safepoint "Cleanup", Time since last: 7067530100 ns, Reaching safepoint: 202500 ns, At safepoint: 21100 ns, Total: 223600 ns
[2024-05-26T14:57:32.639+0000][20776][safepoint   ] Safepoint "Cleanup", Time since last: 11074419500 ns, Reaching safepoint: 109200 ns, At safepoint: 8700 ns, Total: 117900 ns
[2024-05-26T14:57:39.693+0000][20776][safepoint   ] Safepoint "Cleanup", Time since last: 7052944400 ns, Reaching safepoint: 151400 ns, At safepoint: 20000 ns, Total: 171400 ns
[2024-05-26T14:57:40.707+0000][20776][safepoint   ] Safepoint "Cleanup", Time since last: 1014653200 ns, Reaching safepoint: 162300 ns, At safepoint: 27600 ns, Total: 189900 ns
[2024-05-26T14:57:45.746+0000][20776][safepoint   ] Safepoint "Cleanup", Time since last: 5038438200 ns, Reaching safepoint: 136000 ns, At safepoint: 10700 ns, Total: 146700 ns
[2024-05-26T14:57:51.792+0000][20776][safepoint   ] Safepoint "Cleanup", Time since last: 6045497300 ns, Reaching safepoint: 189500 ns, At safepoint: 15100 ns, Total: 204600 ns
[2024-05-26T14:57:52.797+0000][20776][safepoint   ] Safepoint "Cleanup", Time since last: 1005328900 ns, Reaching safepoint: 156300 ns, At safepoint: 16000 ns, Total: 172300 ns
[2024-05-26T14:57:59.847+0000][20776][safepoint   ] Safepoint "Cleanup", Time since last: 7049271400 ns, Reaching safepoint: 189600 ns, At safepoint: 20100 ns, Total: 209700 ns
[2024-05-26T14:58:00.857+0000][20776][safepoint   ] Safepoint "Cleanup", Time since last: 1009989400 ns, Reaching safepoint: 151700 ns, At safepoint: 26800 ns, Total: 178500 ns
[2024-05-26T14:58:01.860+0000][20776][safepoint   ] Safepoint "Cleanup", Time since last: 1002914900 ns, Reaching safepoint: 173800 ns, At safepoint: 17100 ns, Total: 190900 ns
[2024-05-26T14:58:02.861+0000][20776][safepoint   ] Safepoint "Cleanup", Time since last: 1001159900 ns, Reaching safepoint: 146400 ns, At safepoint: 11000 ns, Total: 157400 ns
[2024-05-26T14:58:20.977+0000][20776][safepoint   ] Safepoint "Cleanup", Time since last: 18115556600 ns, Reaching safepoint: 191900 ns, At safepoint: 17000 ns, Total: 208900 ns
[2024-05-26T14:58:29.043+0000][20776][safepoint   ] Safepoint "Cleanup", Time since last: 8065932700 ns, Reaching safepoint: 214100 ns, At safepoint: 20200 ns, Total: 234300 ns
[2024-05-26T14:58:45.144+0000][20776][safepoint   ] Safepoint "Cleanup", Time since last: 16100976700 ns, Reaching safepoint: 223900 ns, At safepoint: 20100 ns, Total: 244000 ns
[2024-05-26T14:58:50.166+0000][20776][safepoint   ] Safepoint "Cleanup", Time since last: 5021338500 ns, Reaching safepoint: 151800 ns, At safepoint: 49700 ns, Total: 201500 ns
[2024-05-26T14:59:00.261+0000][20776][safepoint   ] Safepoint "Cleanup", Time since last: 10094722400 ns, Reaching safepoint: 166200 ns, At safepoint: 11700 ns, Total: 177900 ns
[2024-05-26T14:59:03.283+0000][20776][safepoint   ] Safepoint "Cleanup", Time since last: 3021869800 ns, Reaching safepoint: 96800 ns, At safepoint: 8300 ns, Total: 105100 ns
[2024-05-26T14:59:15.362+0000][20776][safepoint   ] Safepoint "Cleanup", Time since last: 12079291800 ns, Reaching safepoint: 120600 ns, At safepoint: 10400 ns, Total: 131000 ns
[2024-05-26T14:59:20.377+0000][20776][safepoint   ] Safepoint "Cleanup", Time since last: 5014451200 ns, Reaching safepoint: 184400 ns, At safepoint: 17900 ns, Total: 202300 ns
[2024-05-26T14:59:22.388+0000][20776][safepoint   ] Safepoint "Cleanup", Time since last: 2010651100 ns, Reaching safepoint: 187300 ns, At safepoint: 70800 ns, Total: 258100 ns
[2024-05-26T14:59:23.508+0000][20776][safepoint   ] Safepoint "Cleanup", Time since last: 1119415200 ns, Reaching safepoint: 231800 ns, At safepoint: 723400 ns, Total: 955200 ns
[2024-05-26T14:59:24.510+0000][20776][safepoint   ] Safepoint "Cleanup", Time since last: 1001314400 ns, Reaching safepoint: 359800 ns, At safepoint: 22100 ns, Total: 381900 ns
[2024-05-26T14:59:25.521+0000][20776][safepoint   ] Safepoint "Cleanup", Time since last: 1010358700 ns, Reaching safepoint: 281600 ns, At safepoint: 20800 ns, Total: 302400 ns
[2024-05-26T14:59:26.525+0000][20776][safepoint   ] Safepoint "Cleanup", Time since last: 1004684000 ns, Reaching safepoint: 103200 ns, At safepoint: 70500 ns, Total: 173700 ns
[2024-05-26T14:59:31.565+0000][20776][safepoint   ] Safepoint "Cleanup", Time since last: 5039352800 ns, Reaching safepoint: 160900 ns, At safepoint: 22300 ns, Total: 183200 ns
[2024-05-26T14:59:32.581+0000][20776][safepoint   ] Safepoint "Cleanup", Time since last: 1016110400 ns, Reaching safepoint: 150000 ns, At safepoint: 47200 ns, Total: 197200 ns
[2024-05-26T14:59:38.644+0000][20776][safepoint   ] Safepoint "Cleanup", Time since last: 6062444400 ns, Reaching safepoint: 122000 ns, At safepoint: 9400 ns, Total: 131400 ns
[2024-05-26T14:59:42.686+0000][20776][safepoint   ] Safepoint "Cleanup", Time since last: 4041560700 ns, Reaching safepoint: 155700 ns, At safepoint: 13800 ns, Total: 169500 ns
[2024-05-26T14:59:44.693+0000][20776][safepoint   ] Safepoint "Cleanup", Time since last: 2006975900 ns, Reaching safepoint: 100700 ns, At safepoint: 12700 ns, Total: 113400 ns
[2024-05-26T14:59:45.705+0000][20776][safepoint   ] Safepoint "Cleanup", Time since last: 1012426900 ns, Reaching safepoint: 125600 ns, At safepoint: 10400 ns, Total: 136000 ns
[2024-05-26T14:59:50.767+0000][20776][safepoint   ] Safepoint "Cleanup", Time since last: 5061340600 ns, Reaching safepoint: 65600 ns, At safepoint: 18500 ns, Total: 84100 ns
[2024-05-26T14:59:56.802+0000][20776][safepoint   ] Safepoint "Cleanup", Time since last: 6034645300 ns, Reaching safepoint: 152800 ns, At safepoint: 27600 ns, Total: 180400 ns
[2024-05-26T14:59:59.812+0000][20776][safepoint   ] Safepoint "Cleanup", Time since last: 3010718400 ns, Reaching safepoint: 124100 ns, At safepoint: 20400 ns, Total: 144500 ns
[2024-05-26T15:00:02.833+0000][20776][safepoint   ] Safepoint "Cleanup", Time since last: 3020978700 ns, Reaching safepoint: 128000 ns, At safepoint: 11400 ns, Total: 139400 ns
[2024-05-26T15:00:07.889+0000][20776][safepoint   ] Safepoint "Cleanup", Time since last: 5055061300 ns, Reaching safepoint: 177400 ns, At safepoint: 37500 ns, Total: 214900 ns
[2024-05-26T15:00:08.895+0000][20776][safepoint   ] Safepoint "Cleanup", Time since last: 1005922400 ns, Reaching safepoint: 144400 ns, At safepoint: 12700 ns, Total: 157100 ns
[2024-05-26T15:00:10.915+0000][20776][safepoint   ] Safepoint "Cleanup", Time since last: 2020359000 ns, Reaching safepoint: 213200 ns, At safepoint: 25000 ns, Total: 238200 ns
[2024-05-26T15:00:28.041+0000][20776][safepoint   ] Safepoint "Cleanup", Time since last: 17125812500 ns, Reaching safepoint: 126700 ns, At safepoint: 11400 ns, Total: 138100 ns
[2024-05-26T15:00:38.148+0000][20776][safepoint   ] Safepoint "Cleanup", Time since last: 10074244300 ns, Reaching safepoint: 32857000 ns, At safepoint: 464300 ns, Total: 33321300 ns
[2024-05-26T15:00:39.210+0000][20776][safepoint   ] Safepoint "Cleanup", Time since last: 1008542500 ns, Reaching safepoint: 51630900 ns, At safepoint: 1428700 ns, Total: 53059600 ns
[2024-05-26T15:00:40.241+0000][20776][safepoint   ] Safepoint "Cleanup", Time since last: 1030418600 ns, Reaching safepoint: 158800 ns, At safepoint: 55900 ns, Total: 214700 ns
[2024-05-26T15:00:41.247+0000][20776][safepoint   ] Safepoint "Cleanup", Time since last: 1005492500 ns, Reaching safepoint: 221200 ns, At safepoint: 97500 ns, Total: 318700 ns
[2024-05-26T15:00:42.268+0000][20776][safepoint   ] Safepoint "Cleanup", Time since last: 1021397800 ns, Reaching safepoint: 154300 ns, At safepoint: 89300 ns, Total: 243600 ns
[2024-05-26T15:00:43.276+0000][20776][safepoint   ] Safepoint "Cleanup", Time since last: 1007548000 ns, Reaching safepoint: 134600 ns, At safepoint: 54200 ns, Total: 188800 ns
[2024-05-26T15:00:46.309+0000][20776][safepoint   ] Safepoint "Cleanup", Time since last: 3032412500 ns, Reaching safepoint: 168400 ns, At safepoint: 34500 ns, Total: 202900 ns
[2024-05-26T15:00:47.312+0000][20776][safepoint   ] Safepoint "Cleanup", Time since last: 1002499200 ns, Reaching safepoint: 79800 ns, At safepoint: 9200 ns, Total: 89000 ns
[2024-05-26T15:00:48.312+0000][20776][safepoint   ] Safepoint "Cleanup", Time since last: 1000264500 ns, Reaching safepoint: 93500 ns, At safepoint: 31800 ns, Total: 125300 ns
[2024-05-26T15:00:51.338+0000][20776][safepoint   ] Safepoint "Cleanup", Time since last: 3025745700 ns, Reaching safepoint: 110700 ns, At safepoint: 21100 ns, Total: 131800 ns
[2024-05-26T15:00:52.351+0000][20776][safepoint   ] Safepoint "Cleanup", Time since last: 1012822600 ns, Reaching safepoint: 75300 ns, At safepoint: 13700 ns, Total: 89000 ns
[2024-05-26T15:00:53.368+0000][20776][safepoint   ] Safepoint "Cleanup", Time since last: 1016718500 ns, Reaching safepoint: 161300 ns, At safepoint: 28700 ns, Total: 190000 ns
[2024-05-26T15:00:55.385+0000][20776][safepoint   ] Safepoint "Cleanup", Time since last: 2017225600 ns, Reaching safepoint: 276300 ns, At safepoint: 23400 ns, Total: 299700 ns
[2024-05-26T15:00:56.400+0000][20776][safepoint   ] Safepoint "Cleanup", Time since last: 1014500400 ns, Reaching safepoint: 114000 ns, At safepoint: 13300 ns, Total: 127300 ns
[2024-05-26T15:00:59.419+0000][20776][safepoint   ] Safepoint "Cleanup", Time since last: 3018554300 ns, Reaching safepoint: 176300 ns, At safepoint: 22200 ns, Total: 198500 ns
[2024-05-26T15:01:00.670+0000][20776][safepoint   ] Safepoint "Cleanup", Time since last: 1251485000 ns, Reaching safepoint: 205300 ns, At safepoint: 16500 ns, Total: 221800 ns
[2024-05-26T15:01:02.691+0000][20776][safepoint   ] Safepoint "Cleanup", Time since last: 2020643400 ns, Reaching safepoint: 77400 ns, At safepoint: 54800 ns, Total: 132200 ns
[2024-05-26T15:01:10.194+0000][20776][safepoint   ] Safepoint "Cleanup", Time since last: 7502588600 ns, Reaching safepoint: 113200 ns, At safepoint: 10800 ns, Total: 124000 ns
[2024-05-26T15:01:15.233+0000][20776][safepoint   ] Safepoint "Cleanup", Time since last: 5038873100 ns, Reaching safepoint: 167800 ns, At safepoint: 14300 ns, Total: 182100 ns
[2024-05-26T15:01:27.331+0000][20776][safepoint   ] Safepoint "Cleanup", Time since last: 12097787300 ns, Reaching safepoint: 130000 ns, At safepoint: 64900 ns, Total: 194900 ns
[2024-05-26T15:01:30.335+0000][20776][safepoint   ] Safepoint "Cleanup", Time since last: 3004234500 ns, Reaching safepoint: 137800 ns, At safepoint: 20000 ns, Total: 157800 ns
[2024-05-26T15:01:31.335+0000][20776][safepoint   ] Safepoint "Cleanup", Time since last: 1000125200 ns, Reaching safepoint: 173500 ns, At safepoint: 85400 ns, Total: 258900 ns
[2024-05-26T15:01:33.347+0000][20776][safepoint   ] Safepoint "Cleanup", Time since last: 2011060600 ns, Reaching safepoint: 133600 ns, At safepoint: 13300 ns, Total: 146900 ns
[2024-05-26T15:01:36.371+0000][20776][safepoint   ] Safepoint "Cleanup", Time since last: 3024294600 ns, Reaching safepoint: 114800 ns, At safepoint: 15200 ns, Total: 130000 ns
[2024-05-26T15:01:40.407+0000][20776][safepoint   ] Safepoint "Cleanup", Time since last: 4035619900 ns, Reaching safepoint: 146300 ns, At safepoint: 32700 ns, Total: 179000 ns
[2024-05-26T15:01:41.410+0000][20776][safepoint   ] Safepoint "Cleanup", Time since last: 1002469400 ns, Reaching safepoint: 166800 ns, At safepoint: 18900 ns, Total: 185700 ns
[2024-05-26T15:01:51.468+0000][20776][safepoint   ] Safepoint "Cleanup", Time since last: 10057996200 ns, Reaching safepoint: 92200 ns, At safepoint: 12600 ns, Total: 104800 ns
[2024-05-26T15:01:57.497+0000][20776][safepoint   ] Safepoint "Cleanup", Time since last: 6028543600 ns, Reaching safepoint: 196900 ns, At safepoint: 24400 ns, Total: 221300 ns
[2024-05-26T15:02:00.512+0000][20776][safepoint   ] Safepoint "Cleanup", Time since last: 3015864300 ns, Reaching safepoint: 163200 ns, At safepoint: 17900 ns, Total: 181100 ns
[2024-05-26T15:02:10.590+0000][20776][safepoint   ] Safepoint "Cleanup", Time since last: 10077920900 ns, Reaching safepoint: 113400 ns, At safepoint: 73300 ns, Total: 186700 ns
[2024-05-26T15:02:11.595+0000][20776][safepoint   ] Safepoint "Cleanup", Time since last: 1003772800 ns, Reaching safepoint: 167200 ns, At safepoint: 16800 ns, Total: 184000 ns
[2024-05-26T15:02:14.611+0000][20776][safepoint   ] Safepoint "Cleanup", Time since last: 3017246100 ns, Reaching safepoint: 140900 ns, At safepoint: 15600 ns, Total: 156500 ns
[2024-05-26T15:02:18.657+0000][20776][safepoint   ] Safepoint "Cleanup", Time since last: 4044948500 ns, Reaching safepoint: 141700 ns, At safepoint: 11600 ns, Total: 153300 ns
[2024-05-26T15:02:20.677+0000][20776][safepoint   ] Safepoint "Cleanup", Time since last: 2020000100 ns, Reaching safepoint: 179200 ns, At safepoint: 22000 ns, Total: 201200 ns
[2024-05-26T15:02:50.977+0000][20776][safepoint   ] Safepoint "Cleanup", Time since last: 30299379600 ns, Reaching safepoint: 214600 ns, At safepoint: 66800 ns, Total: 281400 ns
[2024-05-26T15:03:00.017+0000][20776][safepoint   ] Safepoint "Cleanup", Time since last: 9039386400 ns, Reaching safepoint: 85700 ns, At safepoint: 83400 ns, Total: 169100 ns
[2024-05-26T15:03:05.039+0000][20776][safepoint   ] Safepoint "Cleanup", Time since last: 5022733400 ns, Reaching safepoint: 195500 ns, At safepoint: 61500 ns, Total: 257000 ns
[2024-05-26T15:03:15.102+0000][20776][safepoint   ] Safepoint "Cleanup", Time since last: 10062372600 ns, Reaching safepoint: 151500 ns, At safepoint: 57000 ns, Total: 208500 ns
[2024-05-26T15:03:16.117+0000][20776][safepoint   ] Safepoint "Cleanup", Time since last: 1014407100 ns, Reaching safepoint: 151500 ns, At safepoint: 80600 ns, Total: 232100 ns
[2024-05-26T15:03:39.337+0000][20776][safepoint   ] Safepoint "Cleanup", Time since last: 23220170200 ns, Reaching safepoint: 193900 ns, At safepoint: 28300 ns, Total: 222200 ns
[2024-05-26T15:03:56.481+0000][20776][safepoint   ] Safepoint "Cleanup", Time since last: 17143750500 ns, Reaching safepoint: 131200 ns, At safepoint: 71200 ns, Total: 202400 ns
[2024-05-26T15:03:57.483+0000][20776][safepoint   ] Safepoint "Cleanup", Time since last: 1001773900 ns, Reaching safepoint: 99800 ns, At safepoint: 54700 ns, Total: 154500 ns
[2024-05-26T15:03:58.484+0000][20776][safepoint   ] Safepoint "Cleanup", Time since last: 1000878200 ns, Reaching safepoint: 204300 ns, At safepoint: 25200 ns, Total: 229500 ns
[2024-05-26T15:04:00.511+0000][20776][safepoint   ] Safepoint "Cleanup", Time since last: 2026349500 ns, Reaching safepoint: 235400 ns, At safepoint: 81600 ns, Total: 317000 ns
[2024-05-26T15:04:02.518+0000][20776][safepoint   ] Safepoint "Cleanup", Time since last: 2007676000 ns, Reaching safepoint: 153300 ns, At safepoint: 53400 ns, Total: 206700 ns
[2024-05-26T15:04:09.582+0000][20776][safepoint   ] Safepoint "Cleanup", Time since last: 7063085800 ns, Reaching safepoint: 73800 ns, At safepoint: 19900 ns, Total: 93700 ns
[2024-05-26T15:04:14.609+0000][20776][safepoint   ] Safepoint "Cleanup", Time since last: 5026698000 ns, Reaching safepoint: 125500 ns, At safepoint: 49200 ns, Total: 174700 ns
[2024-05-26T15:04:21.688+0000][20776][safepoint   ] Safepoint "Cleanup", Time since last: 7079279100 ns, Reaching safepoint: 166500 ns, At safepoint: 80100 ns, Total: 246600 ns
[2024-05-26T15:04:23.713+0000][20776][safepoint   ] Safepoint "Cleanup", Time since last: 2024739200 ns, Reaching safepoint: 172100 ns, At safepoint: 55400 ns, Total: 227500 ns
[2024-05-26T15:04:32.766+0000][20776][safepoint   ] Safepoint "Cleanup", Time since last: 9053006300 ns, Reaching safepoint: 75900 ns, At safepoint: 60900 ns, Total: 136800 ns
[2024-05-26T15:04:45.878+0000][20776][safepoint   ] Safepoint "Cleanup", Time since last: 13111310700 ns, Reaching safepoint: 107500 ns, At safepoint: 32700 ns, Total: 140200 ns
[2024-05-26T15:04:53.977+0000][20776][safepoint   ] Safepoint "Cleanup", Time since last: 8098617100 ns, Reaching safepoint: 108500 ns, At safepoint: 49600 ns, Total: 158100 ns
[2024-05-26T15:04:58.135+0000][20776][safepoint   ] Safepoint "Cleanup", Time since last: 4158132300 ns, Reaching safepoint: 145600 ns, At safepoint: 11300 ns, Total: 156900 ns
[2024-05-26T15:05:00.148+0000][20776][safepoint   ] Safepoint "Cleanup", Time since last: 2012444900 ns, Reaching safepoint: 185900 ns, At safepoint: 12500 ns, Total: 198400 ns
[2024-05-26T15:05:01.162+0000][20776][safepoint   ] Safepoint "Cleanup", Time since last: 1014192200 ns, Reaching safepoint: 96400 ns, At safepoint: 30700 ns, Total: 127100 ns
[2024-05-26T15:05:09.252+0000][20776][safepoint   ] Safepoint "Cleanup", Time since last: 8089533500 ns, Reaching safepoint: 119500 ns, At safepoint: 12100 ns, Total: 131600 ns
[2024-05-26T15:05:21.373+0000][20776][safepoint   ] Safepoint "Cleanup", Time since last: 12121574000 ns, Reaching safepoint: 120500 ns, At safepoint: 37800 ns, Total: 158300 ns
[2024-05-26T15:05:22.375+0000][20776][safepoint   ] Safepoint "Cleanup", Time since last: 1001238000 ns, Reaching safepoint: 149200 ns, At safepoint: 11200 ns, Total: 160400 ns
[2024-05-26T15:05:33.451+0000][20776][safepoint   ] Safepoint "Cleanup", Time since last: 11075942000 ns, Reaching safepoint: 127300 ns, At safepoint: 11800 ns, Total: 139100 ns
[2024-05-26T15:05:47.551+0000][20776][safepoint   ] Safepoint "Cleanup", Time since last: 14100553100 ns, Reaching safepoint: 102700 ns, At safepoint: 27900 ns, Total: 130600 ns
[2024-05-26T15:05:57.644+0000][20776][safepoint   ] Safepoint "Cleanup", Time since last: 10092464300 ns, Reaching safepoint: 112500 ns, At safepoint: 9600 ns, Total: 122100 ns
[2024-05-26T15:06:04.704+0000][20776][safepoint   ] Safepoint "Cleanup", Time since last: 7060197000 ns, Reaching safepoint: 176900 ns, At safepoint: 15700 ns, Total: 192600 ns
[2024-05-26T15:06:09.735+0000][20776][safepoint   ] Safepoint "Cleanup", Time since last: 5030295700 ns, Reaching safepoint: 109300 ns, At safepoint: 24300 ns, Total: 133600 ns
[2024-05-26T15:06:27.871+0000][20776][safepoint   ] Safepoint "Cleanup", Time since last: 18135945000 ns, Reaching safepoint: 116700 ns, At safepoint: 46000 ns, Total: 162700 ns
[2024-05-26T15:06:28.883+0000][20776][safepoint   ] Safepoint "Cleanup", Time since last: 1012096200 ns, Reaching safepoint: 72600 ns, At safepoint: 26300 ns, Total: 98900 ns
[2024-05-26T15:06:33.953+0000][20776][safepoint   ] Safepoint "Cleanup", Time since last: 5069647100 ns, Reaching safepoint: 221600 ns, At safepoint: 70900 ns, Total: 292500 ns
[2024-05-26T15:06:34.956+0000][20776][safepoint   ] Safepoint "Cleanup", Time since last: 1002295800 ns, Reaching safepoint: 153500 ns, At safepoint: 66700 ns, Total: 220200 ns
[2024-05-26T15:06:38.984+0000][20776][safepoint   ] Safepoint "Cleanup", Time since last: 4028734900 ns, Reaching safepoint: 99100 ns, At safepoint: 49500 ns, Total: 148600 ns
[2024-05-26T15:06:49.075+0000][20776][safepoint   ] Safepoint "Cleanup", Time since last: 10090625600 ns, Reaching safepoint: 83900 ns, At safepoint: 9300 ns, Total: 93200 ns
[2024-05-26T15:06:50.079+0000][20776][safepoint   ] Safepoint "Cleanup", Time since last: 1003330400 ns, Reaching safepoint: 124600 ns, At safepoint: 29700 ns, Total: 154300 ns
[2024-05-26T15:06:52.095+0000][20776][safepoint   ] Safepoint "Cleanup", Time since last: 2015871100 ns, Reaching safepoint: 145800 ns, At safepoint: 11900 ns, Total: 157700 ns
[2024-05-26T15:06:55.126+0000][20776][safepoint   ] Safepoint "Cleanup", Time since last: 3031399300 ns, Reaching safepoint: 107400 ns, At safepoint: 10900 ns, Total: 118300 ns
[2024-05-26T15:07:00.184+0000][20776][safepoint   ] Safepoint "Cleanup", Time since last: 5057139200 ns, Reaching safepoint: 185500 ns, At safepoint: 9900 ns, Total: 195400 ns
[2024-05-26T15:07:06.234+0000][20776][safepoint   ] Safepoint "Cleanup", Time since last: 6050243200 ns, Reaching safepoint: 79600 ns, At safepoint: 9000 ns, Total: 88600 ns
[2024-05-26T15:07:09.266+0000][20776][safepoint   ] Safepoint "Cleanup", Time since last: 3032678800 ns, Reaching safepoint: 88200 ns, At safepoint: 22900 ns, Total: 111100 ns
[2024-05-26T15:07:19.352+0000][20776][safepoint   ] Safepoint "Cleanup", Time since last: 10084739700 ns, Reaching safepoint: 172700 ns, At safepoint: 15100 ns, Total: 187800 ns
[2024-05-26T15:07:24.399+0000][20776][safepoint   ] Safepoint "Cleanup", Time since last: 5047345700 ns, Reaching safepoint: 180400 ns, At safepoint: 14700 ns, Total: 195100 ns
[2024-05-26T15:07:27.424+0000][20776][safepoint   ] Safepoint "Cleanup", Time since last: 3024780100 ns, Reaching safepoint: 128700 ns, At safepoint: 6400 ns, Total: 135100 ns
[2024-05-26T15:07:47.966+0000][20776][gc,start    ] GC(17) Pause Young (Normal) (G1 Evacuation Pause)
[2024-05-26T15:07:47.966+0000][20776][gc,task     ] GC(17) Using 8 workers of 8 for evacuation
[2024-05-26T15:07:47.966+0000][20776][gc,age      ] GC(17) Desired survivor size 159383552 bytes, new threshold 15 (max threshold 15)
[2024-05-26T15:07:47.979+0000][20776][gc,phases   ] GC(17)   Pre Evacuate Collection Set: 0.3ms
[2024-05-26T15:07:47.979+0000][20776][gc,phases   ] GC(17)   Merge Heap Roots: 0.3ms
[2024-05-26T15:07:47.979+0000][20776][gc,phases   ] GC(17)   Evacuate Collection Set: 10.8ms
[2024-05-26T15:07:47.979+0000][20776][gc,phases   ] GC(17)   Post Evacuate Collection Set: 1.7ms
[2024-05-26T15:07:47.979+0000][20776][gc,phases   ] GC(17)   Other: 0.3ms
[2024-05-26T15:07:47.979+0000][20776][gc,age      ] GC(17) Age table with threshold 15 (max threshold 15)
[2024-05-26T15:07:47.979+0000][20776][gc,age      ] GC(17) - age   1:    4485096 bytes,    4485096 total
[2024-05-26T15:07:47.979+0000][20776][gc,age      ] GC(17) - age   2:     587144 bytes,    5072240 total
[2024-05-26T15:07:47.979+0000][20776][gc,age      ] GC(17) - age   3:     553488 bytes,    5625728 total
[2024-05-26T15:07:47.979+0000][20776][gc,age      ] GC(17) - age   4:    3629720 bytes,    9255448 total
[2024-05-26T15:07:47.980+0000][20776][gc,heap     ] GC(17) Eden regions: 604->0(603)
[2024-05-26T15:07:47.980+0000][20776][gc,heap     ] GC(17) Survivor regions: 2->3(76)
[2024-05-26T15:07:47.980+0000][20776][gc,heap     ] GC(17) Old regions: 48->48
[2024-05-26T15:07:47.980+0000][20776][gc,heap     ] GC(17) Archive regions: 0->0
[2024-05-26T15:07:47.980+0000][20776][gc,heap     ] GC(17) Humongous regions: 2->2
[2024-05-26T15:07:47.980+0000][20776][gc,metaspace] GC(17) Metaspace: 131160K(134848K)->131160K(134848K) NonClass: 113769K(115712K)->113769K(115712K) Class: 17390K(19136K)->17390K(19136K)
[2024-05-26T15:07:47.980+0000][20776][gc          ] GC(17) Pause Young (Normal) (G1 Evacuation Pause) 2621M->207M(4040M) 13.834ms
[2024-05-26T15:07:47.980+0000][20776][gc,cpu      ] GC(17) User=0.02s Sys=0.00s Real=0.01s
[2024-05-26T15:07:47.980+0000][20776][safepoint   ] Safepoint "G1CollectForAllocation", Time since last: 20541564900 ns, Reaching safepoint: 157400 ns, At safepoint: 14011900 ns, Total: 14169300 ns
[2024-05-26T15:07:52.005+0000][20776][safepoint   ] Safepoint "Cleanup", Time since last: 4024809700 ns, Reaching safepoint: 207300 ns, At safepoint: 29300 ns, Total: 236600 ns
[2024-05-26T15:07:57.019+0000][20776][safepoint   ] Safepoint "Cleanup", Time since last: 5014285400 ns, Reaching safepoint: 111800 ns, At safepoint: 19100 ns, Total: 130900 ns
[2024-05-26T15:08:00.042+0000][20776][safepoint   ] Safepoint "Cleanup", Time since last: 3022260800 ns, Reaching safepoint: 128900 ns, At safepoint: 9200 ns, Total: 138100 ns
[2024-05-26T15:08:11.156+0000][20776][safepoint   ] Safepoint "Cleanup", Time since last: 11113752200 ns, Reaching safepoint: 110500 ns, At safepoint: 11900 ns, Total: 122400 ns
[2024-05-26T15:08:23.240+0000][20776][safepoint   ] Safepoint "Cleanup", Time since last: 12083853100 ns, Reaching safepoint: 146900 ns, At safepoint: 16700 ns, Total: 163600 ns
[2024-05-26T15:08:40.375+0000][20776][safepoint   ] Safepoint "Cleanup", Time since last: 17135442800 ns, Reaching safepoint: 176500 ns, At safepoint: 17400 ns, Total: 193900 ns
[2024-05-26T15:09:00.512+0000][20776][safepoint   ] Safepoint "Cleanup", Time since last: 20136977800 ns, Reaching safepoint: 146800 ns, At safepoint: 19600 ns, Total: 166400 ns
[2024-05-26T15:09:02.536+0000][20776][safepoint   ] Safepoint "Cleanup", Time since last: 2023445100 ns, Reaching safepoint: 119000 ns, At safepoint: 11600 ns, Total: 130600 ns
[2024-05-26T15:09:03.556+0000][20776][safepoint   ] Safepoint "Cleanup", Time since last: 1020007800 ns, Reaching safepoint: 133400 ns, At safepoint: 14200 ns, Total: 147600 ns
[2024-05-26T15:09:10.639+0000][20776][safepoint   ] Safepoint "Cleanup", Time since last: 7082473700 ns, Reaching safepoint: 138900 ns, At safepoint: 20000 ns, Total: 158900 ns
[2024-05-26T15:09:15.697+0000][20776][safepoint   ] Safepoint "Cleanup", Time since last: 5058714300 ns, Reaching safepoint: 96800 ns, At safepoint: 68800 ns, Total: 165600 ns
[2024-05-26T15:09:21.745+0000][20776][safepoint   ] Safepoint "Cleanup", Time since last: 6046783900 ns, Reaching safepoint: 105700 ns, At safepoint: 17300 ns, Total: 123000 ns
[2024-05-26T15:09:27.795+0000][20776][safepoint   ] Safepoint "Cleanup", Time since last: 6049926000 ns, Reaching safepoint: 142000 ns, At safepoint: 11500 ns, Total: 153500 ns
[2024-05-26T15:09:30.824+0000][20776][safepoint   ] Safepoint "Cleanup", Time since last: 3029616700 ns, Reaching safepoint: 146000 ns, At safepoint: 12400 ns, Total: 158400 ns
[2024-05-26T15:09:33.850+0000][20776][safepoint   ] Safepoint "Cleanup", Time since last: 3024586400 ns, Reaching safepoint: 649900 ns, At safepoint: 55100 ns, Total: 705000 ns
[2024-05-26T15:10:00.085+0000][20776][safepoint   ] Safepoint "Cleanup", Time since last: 26234838000 ns, Reaching safepoint: 133200 ns, At safepoint: 9600 ns, Total: 142800 ns
[2024-05-26T15:10:03.118+0000][20776][safepoint   ] Safepoint "Cleanup", Time since last: 3033062000 ns, Reaching safepoint: 109400 ns, At safepoint: 13600 ns, Total: 123000 ns
[2024-05-26T15:10:16.232+0000][20776][safepoint   ] Safepoint "Cleanup", Time since last: 13113689900 ns, Reaching safepoint: 145400 ns, At safepoint: 38300 ns, Total: 183700 ns
[2024-05-26T15:10:40.399+0000][20776][safepoint   ] Safepoint "Cleanup", Time since last: 24166902100 ns, Reaching safepoint: 186300 ns, At safepoint: 16800 ns, Total: 203100 ns
[2024-05-26T15:10:41.414+0000][20776][safepoint   ] Safepoint "Cleanup", Time since last: 1015517400 ns, Reaching safepoint: 116600 ns, At safepoint: 15100 ns, Total: 131700 ns
[2024-05-26T15:10:45.450+0000][20776][safepoint   ] Safepoint "Cleanup", Time since last: 4035211100 ns, Reaching safepoint: 147600 ns, At safepoint: 58700 ns, Total: 206300 ns
[2024-05-26T15:10:47.470+0000][20776][safepoint   ] Safepoint "Cleanup", Time since last: 2019586700 ns, Reaching safepoint: 129600 ns, At safepoint: 13100 ns, Total: 142700 ns
[2024-05-26T15:10:51.498+0000][20776][safepoint   ] Safepoint "Cleanup", Time since last: 4028446400 ns, Reaching safepoint: 183700 ns, At safepoint: 18800 ns, Total: 202500 ns
[2024-05-26T15:11:00.591+0000][20776][safepoint   ] Safepoint "Cleanup", Time since last: 9092221800 ns, Reaching safepoint: 156300 ns, At safepoint: 27300 ns, Total: 183600 ns
[2024-05-26T15:11:02.606+0000][20776][safepoint   ] Safepoint "Cleanup", Time since last: 2015403900 ns, Reaching safepoint: 177100 ns, At safepoint: 83600 ns, Total: 260700 ns
[2024-05-26T15:11:03.622+0000][20776][safepoint   ] Safepoint "Cleanup", Time since last: 1015747000 ns, Reaching safepoint: 112700 ns, At safepoint: 69200 ns, Total: 181900 ns
[2024-05-26T15:11:04.633+0000][20776][safepoint   ] Safepoint "Cleanup", Time since last: 1010332900 ns, Reaching safepoint: 744800 ns, At safepoint: 54600 ns, Total: 799400 ns
[2024-05-26T15:11:09.646+0000][20776][safepoint   ] Safepoint "Cleanup", Time since last: 5012568500 ns, Reaching safepoint: 141600 ns, At safepoint: 26600 ns, Total: 168200 ns
[2024-05-26T15:11:10.656+0000][20776][safepoint   ] Safepoint "Cleanup", Time since last: 1010140500 ns, Reaching safepoint: 153300 ns, At safepoint: 46000 ns, Total: 199300 ns
[2024-05-26T15:11:15.702+0000][20776][safepoint   ] Safepoint "Cleanup", Time since last: 5045103100 ns, Reaching safepoint: 120700 ns, At safepoint: 16600 ns, Total: 137300 ns
[2024-05-26T15:11:28.821+0000][20776][safepoint   ] Safepoint "Cleanup", Time since last: 13119433300 ns, Reaching safepoint: 145300 ns, At safepoint: 32200 ns, Total: 177500 ns
[2024-05-26T15:12:10.144+0000][20776][safepoint   ] Safepoint "Cleanup", Time since last: 41322290900 ns, Reaching safepoint: 154900 ns, At safepoint: 11300 ns, Total: 166200 ns
[2024-05-26T15:12:16.187+0000][20776][safepoint   ] Safepoint "Cleanup", Time since last: 6043593500 ns, Reaching safepoint: 125000 ns, At safepoint: 21800 ns, Total: 146800 ns
[2024-05-26T15:12:35.332+0000][20776][safepoint   ] Safepoint "Cleanup", Time since last: 19144582900 ns, Reaching safepoint: 121300 ns, At safepoint: 41600 ns, Total: 162900 ns
[2024-05-26T15:12:41.375+0000][20776][safepoint   ] Safepoint "Cleanup", Time since last: 6042368400 ns, Reaching safepoint: 76200 ns, At safepoint: 11100 ns, Total: 87300 ns
[2024-05-26T15:12:52.462+0000][20776][safepoint   ] Safepoint "Cleanup", Time since last: 11087477100 ns, Reaching safepoint: 256600 ns, At safepoint: 18800 ns, Total: 275400 ns
[2024-05-26T15:13:00.532+0000][20776][safepoint   ] Safepoint "Cleanup", Time since last: 8069402800 ns, Reaching safepoint: 145800 ns, At safepoint: 11500 ns, Total: 157300 ns
[2024-05-26T15:13:11.646+0000][20776][safepoint   ] Safepoint "Cleanup", Time since last: 11114096700 ns, Reaching safepoint: 187700 ns, At safepoint: 24600 ns, Total: 212300 ns
[2024-05-26T15:13:16.682+0000][20776][safepoint   ] Safepoint "Cleanup", Time since last: 5035985400 ns, Reaching safepoint: 100400 ns, At safepoint: 12900 ns, Total: 113300 ns
[2024-05-26T15:13:33.841+0000][20776][safepoint   ] Safepoint "Cleanup", Time since last: 17158704800 ns, Reaching safepoint: 113600 ns, At safepoint: 14800 ns, Total: 128400 ns
[2024-05-26T15:13:46.959+0000][20776][safepoint   ] Safepoint "Cleanup", Time since last: 13118125200 ns, Reaching safepoint: 164100 ns, At safepoint: 23800 ns, Total: 187900 ns
[2024-05-26T15:14:07.143+0000][20776][safepoint   ] Safepoint "Cleanup", Time since last: 20183106500 ns, Reaching safepoint: 241900 ns, At safepoint: 30600 ns, Total: 272500 ns
[2024-05-26T15:14:10.167+0000][20776][safepoint   ] Safepoint "Cleanup", Time since last: 3024013700 ns, Reaching safepoint: 142600 ns, At safepoint: 12000 ns, Total: 154600 ns
[2024-05-26T15:14:28.328+0000][20776][safepoint   ] Safepoint "Cleanup", Time since last: 18160924000 ns, Reaching safepoint: 88500 ns, At safepoint: 18800 ns, Total: 107300 ns
[2024-05-26T15:14:30.344+0000][20776][safepoint   ] Safepoint "Cleanup", Time since last: 2015190800 ns, Reaching safepoint: 282600 ns, At safepoint: 77700 ns, Total: 360300 ns
[2024-05-26T15:14:40.424+0000][20776][safepoint   ] Safepoint "Cleanup", Time since last: 10079945100 ns, Reaching safepoint: 100700 ns, At safepoint: 36800 ns, Total: 137500 ns
[2024-05-26T15:14:47.620+0000][20776][safepoint   ] Safepoint "Cleanup", Time since last: 7195737000 ns, Reaching safepoint: 120200 ns, At safepoint: 10800 ns, Total: 131000 ns
[2024-05-26T15:14:58.715+0000][20776][safepoint   ] Safepoint "Cleanup", Time since last: 11094935800 ns, Reaching safepoint: 77400 ns, At safepoint: 48200 ns, Total: 125600 ns
[2024-05-26T15:15:00.738+0000][20776][safepoint   ] Safepoint "Cleanup", Time since last: 2023431000 ns, Reaching safepoint: 135300 ns, At safepoint: 13500 ns, Total: 148800 ns
[2024-05-26T15:15:01.753+0000][20776][safepoint   ] Safepoint "Cleanup", Time since last: 1014606300 ns, Reaching safepoint: 119600 ns, At safepoint: 14800 ns, Total: 134400 ns
[2024-05-26T15:15:03.777+0000][20776][safepoint   ] Safepoint "Cleanup", Time since last: 2024164600 ns, Reaching safepoint: 163500 ns, At safepoint: 15300 ns, Total: 178800 ns
[2024-05-26T15:15:22.896+0000][20776][safepoint   ] Safepoint "Cleanup", Time since last: 19118860700 ns, Reaching safepoint: 156300 ns, At safepoint: 12400 ns, Total: 168700 ns
[2024-05-26T15:15:28.958+0000][20776][safepoint   ] Safepoint "Cleanup", Time since last: 6061139500 ns, Reaching safepoint: 157700 ns, At safepoint: 30600 ns, Total: 188300 ns
[2024-05-26T15:15:29.958+0000][20776][safepoint   ] Safepoint "Cleanup", Time since last: 1000647000 ns, Reaching safepoint: 132700 ns, At safepoint: 13800 ns, Total: 146500 ns
[2024-05-26T15:15:56.165+0000][20776][safepoint   ] Safepoint "Cleanup", Time since last: 26205900200 ns, Reaching safepoint: 161500 ns, At safepoint: 79600 ns, Total: 241100 ns
[2024-05-26T15:15:59.174+0000][20776][safepoint   ] Safepoint "Cleanup", Time since last: 3009506300 ns, Reaching safepoint: 140700 ns, At safepoint: 11500 ns, Total: 152200 ns
[2024-05-26T15:16:00.186+0000][20776][safepoint   ] Safepoint "Cleanup", Time since last: 1011843200 ns, Reaching safepoint: 179000 ns, At safepoint: 8800 ns, Total: 187800 ns
[2024-05-26T15:16:01.196+0000][20776][safepoint   ] Safepoint "Cleanup", Time since last: 1009570400 ns, Reaching safepoint: 134900 ns, At safepoint: 11500 ns, Total: 146400 ns
[2024-05-26T15:16:05.234+0000][20776][safepoint   ] Safepoint "Cleanup", Time since last: 4038012400 ns, Reaching safepoint: 133800 ns, At safepoint: 12600 ns, Total: 146400 ns
[2024-05-26T15:16:11.300+0000][20776][safepoint   ] Safepoint "Cleanup", Time since last: 6065547500 ns, Reaching safepoint: 141200 ns, At safepoint: 62700 ns, Total: 203900 ns
[2024-05-26T15:16:25.376+0000][20776][safepoint   ] Safepoint "Cleanup", Time since last: 14075513000 ns, Reaching safepoint: 136100 ns, At safepoint: 92500 ns, Total: 228600 ns
[2024-05-26T15:17:00.651+0000][20776][safepoint   ] Safepoint "Cleanup", Time since last: 35275312700 ns, Reaching safepoint: 212100 ns, At safepoint: 18300 ns, Total: 230400 ns
[2024-05-26T15:17:02.659+0000][20776][safepoint   ] Safepoint "Cleanup", Time since last: 2007553000 ns, Reaching safepoint: 218900 ns, At safepoint: 24400 ns, Total: 243300 ns
[2024-05-26T15:17:10.724+0000][20776][safepoint   ] Safepoint "Cleanup", Time since last: 8064459300 ns, Reaching safepoint: 268900 ns, At safepoint: 28900 ns, Total: 297800 ns
[2024-05-26T15:17:17.781+0000][20776][safepoint   ] Safepoint "Cleanup", Time since last: 7056606400 ns, Reaching safepoint: 93700 ns, At safepoint: 15400 ns, Total: 109100 ns
[2024-05-26T15:17:21.836+0000][20776][safepoint   ] Safepoint "Cleanup", Time since last: 4055150300 ns, Reaching safepoint: 213100 ns, At safepoint: 48400 ns, Total: 261500 ns
[2024-05-26T15:17:24.863+0000][20776][safepoint   ] Safepoint "Cleanup", Time since last: 3027229200 ns, Reaching safepoint: 119500 ns, At safepoint: 25300 ns, Total: 144800 ns
[2024-05-26T15:17:29.889+0000][20776][safepoint   ] Safepoint "Cleanup", Time since last: 5025634900 ns, Reaching safepoint: 95700 ns, At safepoint: 24600 ns, Total: 120300 ns
[2024-05-26T15:17:31.905+0000][20776][safepoint   ] Safepoint "Cleanup", Time since last: 2015939100 ns, Reaching safepoint: 120300 ns, At safepoint: 13600 ns, Total: 133900 ns
[2024-05-26T15:17:33.929+0000][20776][safepoint   ] Safepoint "Cleanup", Time since last: 2023816000 ns, Reaching safepoint: 181400 ns, At safepoint: 21100 ns, Total: 202500 ns
[2024-05-26T15:18:00.166+0000][20776][safepoint   ] Safepoint "Cleanup", Time since last: 26236431000 ns, Reaching safepoint: 137900 ns, At safepoint: 25000 ns, Total: 162900 ns
[2024-05-26T15:18:30.399+0000][20776][safepoint   ] Safepoint "Cleanup", Time since last: 30233469500 ns, Reaching safepoint: 75500 ns, At safepoint: 16000 ns, Total: 91500 ns
[2024-05-26T15:18:31.412+0000][20776][safepoint   ] Safepoint "Cleanup", Time since last: 1012733500 ns, Reaching safepoint: 128600 ns, At safepoint: 12200 ns, Total: 140800 ns
[2024-05-26T15:18:59.600+0000][20776][safepoint   ] Safepoint "Cleanup", Time since last: 28187994800 ns, Reaching safepoint: 164300 ns, At safepoint: 12600 ns, Total: 176900 ns
[2024-05-26T15:19:01.620+0000][20776][safepoint   ] Safepoint "Cleanup", Time since last: 2019683100 ns, Reaching safepoint: 173700 ns, At safepoint: 10400 ns, Total: 184100 ns
[2024-05-26T15:19:40.934+0000][20776][safepoint   ] Safepoint "Cleanup", Time since last: 39313342900 ns, Reaching safepoint: 107500 ns, At safepoint: 13000 ns, Total: 120500 ns
[2024-05-26T15:19:57.102+0000][20776][safepoint   ] Safepoint "Cleanup", Time since last: 16168433700 ns, Reaching safepoint: 133600 ns, At safepoint: 11500 ns, Total: 145100 ns
[2024-05-26T15:20:05.185+0000][20776][safepoint   ] Safepoint "Cleanup", Time since last: 8082881700 ns, Reaching safepoint: 116200 ns, At safepoint: 14200 ns, Total: 130400 ns
[2024-05-26T15:20:18.279+0000][20776][safepoint   ] Safepoint "Cleanup", Time since last: 13093204000 ns, Reaching safepoint: 90900 ns, At safepoint: 68300 ns, Total: 159200 ns
[2024-05-26T15:20:30.425+0000][20776][safepoint   ] Safepoint "Cleanup", Time since last: 12146144700 ns, Reaching safepoint: 134200 ns, At safepoint: 12200 ns, Total: 146400 ns
[2024-05-26T15:20:37.485+0000][20776][safepoint   ] Safepoint "Cleanup", Time since last: 7059897500 ns, Reaching safepoint: 106500 ns, At safepoint: 13500 ns, Total: 120000 ns
[2024-05-26T15:21:00.694+0000][20776][safepoint   ] Safepoint "Cleanup", Time since last: 23209299000 ns, Reaching safepoint: 111700 ns, At safepoint: 12000 ns, Total: 123700 ns
[2024-05-26T15:21:03.714+0000][20776][safepoint   ] Safepoint "Cleanup", Time since last: 3019262700 ns, Reaching safepoint: 136600 ns, At safepoint: 68500 ns, Total: 205100 ns
[2024-05-26T15:21:20.549+0000][20776][gc,start    ] GC(18) Pause Young (Normal) (G1 Evacuation Pause)
[2024-05-26T15:21:20.551+0000][20776][gc,task     ] GC(18) Using 8 workers of 8 for evacuation
[2024-05-26T15:21:20.551+0000][20776][gc,age      ] GC(18) Desired survivor size 159383552 bytes, new threshold 15 (max threshold 15)
[2024-05-26T15:21:20.564+0000][20776][gc,phases   ] GC(18)   Pre Evacuate Collection Set: 0.2ms
[2024-05-26T15:21:20.564+0000][20776][gc,phases   ] GC(18)   Merge Heap Roots: 0.3ms
[2024-05-26T15:21:20.564+0000][20776][gc,phases   ] GC(18)   Evacuate Collection Set: 10.1ms
[2024-05-26T15:21:20.565+0000][20776][gc,phases   ] GC(18)   Post Evacuate Collection Set: 1.7ms
[2024-05-26T15:21:20.565+0000][20776][gc,phases   ] GC(18)   Other: 1.1ms
[2024-05-26T15:21:20.565+0000][20776][gc,age      ] GC(18) Age table with threshold 15 (max threshold 15)
[2024-05-26T15:21:20.565+0000][20776][gc,age      ] GC(18) - age   1:    1593568 bytes,    1593568 total
[2024-05-26T15:21:20.565+0000][20776][gc,age      ] GC(18) - age   2:    1485984 bytes,    3079552 total
[2024-05-26T15:21:20.565+0000][20776][gc,age      ] GC(18) - age   3:     547624 bytes,    3627176 total
[2024-05-26T15:21:20.565+0000][20776][gc,age      ] GC(18) - age   4:     542888 bytes,    4170064 total
[2024-05-26T15:21:20.565+0000][20776][gc,age      ] GC(18) - age   5:    3629720 bytes,    7799784 total
[2024-05-26T15:21:20.565+0000][20776][gc,heap     ] GC(18) Eden regions: 603->0(603)
[2024-05-26T15:21:20.565+0000][20776][gc,heap     ] GC(18) Survivor regions: 3->3(76)
[2024-05-26T15:21:20.565+0000][20776][gc,heap     ] GC(18) Old regions: 48->48
[2024-05-26T15:21:20.565+0000][20776][gc,heap     ] GC(18) Archive regions: 0->0
[2024-05-26T15:21:20.565+0000][20776][gc,heap     ] GC(18) Humongous regions: 2->2
[2024-05-26T15:21:20.565+0000][20776][gc,metaspace] GC(18) Metaspace: 131309K(135040K)->131309K(135040K) NonClass: 113911K(115840K)->113911K(115840K) Class: 17397K(19200K)->17397K(19200K)
[2024-05-26T15:21:20.565+0000][20776][gc          ] GC(18) Pause Young (Normal) (G1 Evacuation Pause) 2619M->205M(4040M) 16.283ms
[2024-05-26T15:21:20.565+0000][20776][gc,cpu      ] GC(18) User=0.11s Sys=0.02s Real=0.02s
[2024-05-26T15:21:20.565+0000][20776][safepoint   ] Safepoint "G1CollectForAllocation", Time since last: 16835163800 ns, Reaching safepoint: 172200 ns, At safepoint: 16403900 ns, Total: 16576100 ns
[2024-05-26T15:22:04.300+0000][20776][safepoint   ] Safepoint "Cleanup", Time since last: 43734218400 ns, Reaching safepoint: 388800 ns, At safepoint: 39400 ns, Total: 428200 ns
[2024-05-26T15:22:17.425+0000][20776][safepoint   ] Safepoint "Cleanup", Time since last: 13124416600 ns, Reaching safepoint: 70900 ns, At safepoint: 24900 ns, Total: 95800 ns
[2024-05-26T15:22:18.435+0000][20776][safepoint   ] Safepoint "Cleanup", Time since last: 1009997400 ns, Reaching safepoint: 79100 ns, At safepoint: 21700 ns, Total: 100800 ns
[2024-05-26T15:22:33.582+0000][20776][safepoint   ] Safepoint "Cleanup", Time since last: 15147479300 ns, Reaching safepoint: 166100 ns, At safepoint: 13700 ns, Total: 179800 ns
[2024-05-26T15:22:51.379+0000][20776][safepoint   ] Safepoint "Cleanup", Time since last: 17796701000 ns, Reaching safepoint: 165700 ns, At safepoint: 15000 ns, Total: 180700 ns
[2024-05-26T15:23:00.449+0000][20776][safepoint   ] Safepoint "Cleanup", Time since last: 9069577600 ns, Reaching safepoint: 295700 ns, At safepoint: 11600 ns, Total: 307300 ns
[2024-05-26T15:23:03.495+0000][20776][safepoint   ] Safepoint "Cleanup", Time since last: 3046070300 ns, Reaching safepoint: 87700 ns, At safepoint: 15000 ns, Total: 102700 ns
[2024-05-26T15:23:33.708+0000][20776][safepoint   ] Safepoint "Cleanup", Time since last: 30212522200 ns, Reaching safepoint: 131500 ns, At safepoint: 8900 ns, Total: 140400 ns
[2024-05-26T15:23:56.879+0000][20776][safepoint   ] Safepoint "Cleanup", Time since last: 23170854100 ns, Reaching safepoint: 194900 ns, At safepoint: 48400 ns, Total: 243300 ns
[2024-05-26T15:23:59.882+0000][20776][safepoint   ] Safepoint "Cleanup", Time since last: 3002440900 ns, Reaching safepoint: 817000 ns, At safepoint: 62300 ns, Total: 879300 ns
[2024-05-26T15:24:00.890+0000][20776][safepoint   ] Safepoint "Cleanup", Time since last: 1007290200 ns, Reaching safepoint: 141200 ns, At safepoint: 44400 ns, Total: 185600 ns
[2024-05-26T15:24:33.089+0000][20776][safepoint   ] Safepoint "Cleanup", Time since last: 32198547400 ns, Reaching safepoint: 329400 ns, At safepoint: 78000 ns, Total: 407400 ns
[2024-05-26T15:24:48.228+0000][20776][safepoint   ] Safepoint "Cleanup", Time since last: 15139513700 ns, Reaching safepoint: 141800 ns, At safepoint: 26900 ns, Total: 168700 ns
[2024-05-26T15:25:00.324+0000][20776][safepoint   ] Safepoint "Cleanup", Time since last: 12095167900 ns, Reaching safepoint: 134400 ns, At safepoint: 24300 ns, Total: 158700 ns
[2024-05-26T15:25:13.421+0000][20776][safepoint   ] Safepoint "Cleanup", Time since last: 13097055400 ns, Reaching safepoint: 278400 ns, At safepoint: 26300 ns, Total: 304700 ns
[2024-05-26T15:25:37.599+0000][20776][safepoint   ] Safepoint "Cleanup", Time since last: 24177841900 ns, Reaching safepoint: 110000 ns, At safepoint: 21100 ns, Total: 131100 ns
[2024-05-26T15:26:00.749+0000][20776][safepoint   ] Safepoint "Cleanup", Time since last: 23149901600 ns, Reaching safepoint: 165500 ns, At safepoint: 35000 ns, Total: 200500 ns
[2024-05-26T15:26:06.816+0000][20776][safepoint   ] Safepoint "Cleanup", Time since last: 6066313600 ns, Reaching safepoint: 99700 ns, At safepoint: 24200 ns, Total: 123900 ns
[2024-05-26T15:26:31.012+0000][20776][safepoint   ] Safepoint "Cleanup", Time since last: 24196084500 ns, Reaching safepoint: 89600 ns, At safepoint: 16000 ns, Total: 105600 ns
[2024-05-26T15:26:34.045+0000][20776][safepoint   ] Safepoint "Cleanup", Time since last: 3033111500 ns, Reaching safepoint: 110800 ns, At safepoint: 39000 ns, Total: 149800 ns
[2024-05-26T15:26:49.190+0000][20776][safepoint   ] Safepoint "Cleanup", Time since last: 15144732700 ns, Reaching safepoint: 100300 ns, At safepoint: 26400 ns, Total: 126700 ns
[2024-05-26T15:27:00.284+0000][20776][safepoint   ] Safepoint "Cleanup", Time since last: 11094285500 ns, Reaching safepoint: 160400 ns, At safepoint: 28200 ns, Total: 188600 ns
[2024-05-26T15:27:01.305+0000][20776][safepoint   ] Safepoint "Cleanup", Time since last: 1020539300 ns, Reaching safepoint: 122500 ns, At safepoint: 32600 ns, Total: 155100 ns
[2024-05-26T15:27:02.317+0000][20776][safepoint   ] Safepoint "Cleanup", Time since last: 1011945000 ns, Reaching safepoint: 100800 ns, At safepoint: 40600 ns, Total: 141400 ns
[2024-05-26T15:27:09.364+0000][20776][safepoint   ] Safepoint "Cleanup", Time since last: 7045383600 ns, Reaching safepoint: 947800 ns, At safepoint: 83500 ns, Total: 1031300 ns
[2024-05-26T15:27:19.409+0000][20776][safepoint   ] Safepoint "Cleanup", Time since last: 10045586000 ns, Reaching safepoint: 88400 ns, At safepoint: 52100 ns, Total: 140500 ns
[2024-05-26T15:27:33.532+0000][20776][safepoint   ] Safepoint "Cleanup", Time since last: 14122300900 ns, Reaching safepoint: 99000 ns, At safepoint: 41100 ns, Total: 140100 ns
[2024-05-26T15:27:37.559+0000][20776][safepoint   ] Safepoint "Cleanup", Time since last: 4026822200 ns, Reaching safepoint: 114000 ns, At safepoint: 46100 ns, Total: 160100 ns
[2024-05-26T15:27:39.592+0000][20776][safepoint   ] Safepoint "Cleanup", Time since last: 2033517900 ns, Reaching safepoint: 101800 ns, At safepoint: 18100 ns, Total: 119900 ns
[2024-05-26T15:27:42.619+0000][20776][safepoint   ] Safepoint "Cleanup", Time since last: 3026662600 ns, Reaching safepoint: 94000 ns, At safepoint: 18300 ns, Total: 112300 ns
[2024-05-26T15:27:45.661+0000][20776][safepoint   ] Safepoint "Cleanup", Time since last: 3041183200 ns, Reaching safepoint: 116800 ns, At safepoint: 30500 ns, Total: 147300 ns
[2024-05-26T15:27:48.685+0000][20776][safepoint   ] Safepoint "Cleanup", Time since last: 3024318900 ns, Reaching safepoint: 148500 ns, At safepoint: 70600 ns, Total: 219100 ns
[2024-05-26T15:28:00.028+0000][20776][safepoint   ] Safepoint "Cleanup", Time since last: 11343132100 ns, Reaching safepoint: 116700 ns, At safepoint: 51800 ns, Total: 168500 ns
[2024-05-26T15:28:01.046+0000][20776][safepoint   ] Safepoint "Cleanup", Time since last: 1016998400 ns, Reaching safepoint: 164600 ns, At safepoint: 14700 ns, Total: 179300 ns
[2024-05-26T15:28:27.295+0000][20776][safepoint   ] Safepoint "Cleanup", Time since last: 26249199300 ns, Reaching safepoint: 189600 ns, At safepoint: 14000 ns, Total: 203600 ns
[2024-05-26T15:28:30.320+0000][20776][safepoint   ] Safepoint "Cleanup", Time since last: 3024839800 ns, Reaching safepoint: 84400 ns, At safepoint: 16900 ns, Total: 101300 ns
[2024-05-26T15:28:50.501+0000][20776][safepoint   ] Safepoint "Cleanup", Time since last: 20180808700 ns, Reaching safepoint: 173100 ns, At safepoint: 20800 ns, Total: 193900 ns
[2024-05-26T15:28:54.527+0000][20776][safepoint   ] Safepoint "Cleanup", Time since last: 4026343100 ns, Reaching safepoint: 135200 ns, At safepoint: 8800 ns, Total: 144000 ns
[2024-05-26T15:29:00.576+0000][20776][safepoint   ] Safepoint "Cleanup", Time since last: 6048245200 ns, Reaching safepoint: 79100 ns, At safepoint: 13400 ns, Total: 92500 ns
[2024-05-26T15:29:03.595+0000][20776][safepoint   ] Safepoint "Cleanup", Time since last: 3019194200 ns, Reaching safepoint: 74000 ns, At safepoint: 9800 ns, Total: 83800 ns
[2024-05-26T15:29:33.854+0000][20776][safepoint   ] Safepoint "Cleanup", Time since last: 30258888200 ns, Reaching safepoint: 179900 ns, At safepoint: 13300 ns, Total: 193200 ns
[2024-05-26T15:29:43.950+0000][20776][safepoint   ] Safepoint "Cleanup", Time since last: 10095585500 ns, Reaching safepoint: 142300 ns, At safepoint: 12800 ns, Total: 155100 ns
[2024-05-26T15:30:00.100+0000][20776][safepoint   ] Safepoint "Cleanup", Time since last: 16149908100 ns, Reaching safepoint: 104300 ns, At safepoint: 17800 ns, Total: 122100 ns
[2024-05-26T15:30:07.151+0000][20776][safepoint   ] Safepoint "Cleanup", Time since last: 7050941000 ns, Reaching safepoint: 152500 ns, At safepoint: 80200 ns, Total: 232700 ns
[2024-05-26T15:30:26.343+0000][20776][safepoint   ] Safepoint "Cleanup", Time since last: 19191829500 ns, Reaching safepoint: 160200 ns, At safepoint: 15400 ns, Total: 175600 ns
[2024-05-26T15:30:34.425+0000][20776][safepoint   ] Safepoint "Cleanup", Time since last: 8082226100 ns, Reaching safepoint: 517600 ns, At safepoint: 35500 ns, Total: 553100 ns
[2024-05-26T15:31:01.706+0000][20776][safepoint   ] Safepoint "Cleanup", Time since last: 27279785500 ns, Reaching safepoint: 303800 ns, At safepoint: 111000 ns, Total: 414800 ns
[2024-05-26T15:32:32.511+0000][20776][safepoint   ] Safepoint "Cleanup", Time since last: 90804869700 ns, Reaching safepoint: 85100 ns, At safepoint: 67900 ns, Total: 153000 ns
[2024-05-26T15:33:00.746+0000][20776][safepoint   ] Safepoint "Cleanup", Time since last: 28234684800 ns, Reaching safepoint: 174000 ns, At safepoint: 52100 ns, Total: 226100 ns
[2024-05-26T15:33:50.179+0000][20776][safepoint   ] Safepoint "Cleanup", Time since last: 49433015100 ns, Reaching safepoint: 88400 ns, At safepoint: 13600 ns, Total: 102000 ns
[2024-05-26T15:34:00.263+0000][20776][safepoint   ] Safepoint "Cleanup", Time since last: 10083458100 ns, Reaching safepoint: 127500 ns, At safepoint: 12300 ns, Total: 139800 ns
[2024-05-26T15:34:02.286+0000][20776][safepoint   ] Safepoint "Cleanup", Time since last: 2022874900 ns, Reaching safepoint: 133500 ns, At safepoint: 22200 ns, Total: 155700 ns
[2024-05-26T15:34:04.296+0000][20776][safepoint   ] Safepoint "Cleanup", Time since last: 2009756500 ns, Reaching safepoint: 80700 ns, At safepoint: 29800 ns, Total: 110500 ns
[2024-05-26T15:34:55.211+0000][20776][gc,start    ] GC(19) Pause Young (Normal) (G1 Evacuation Pause)
[2024-05-26T15:34:55.211+0000][20776][gc,task     ] GC(19) Using 8 workers of 8 for evacuation
[2024-05-26T15:34:55.211+0000][20776][gc,age      ] GC(19) Desired survivor size 159383552 bytes, new threshold 15 (max threshold 15)
[2024-05-26T15:34:55.232+0000][20776][gc,phases   ] GC(19)   Pre Evacuate Collection Set: 0.4ms
[2024-05-26T15:34:55.232+0000][20776][gc,phases   ] GC(19)   Merge Heap Roots: 0.5ms
[2024-05-26T15:34:55.232+0000][20776][gc,phases   ] GC(19)   Evacuate Collection Set: 17.3ms
[2024-05-26T15:34:55.232+0000][20776][gc,phases   ] GC(19)   Post Evacuate Collection Set: 2.8ms
[2024-05-26T15:34:55.232+0000][20776][gc,phases   ] GC(19)   Other: 0.4ms
[2024-05-26T15:34:55.232+0000][20776][gc,age      ] GC(19) Age table with threshold 15 (max threshold 15)
[2024-05-26T15:34:55.232+0000][20776][gc,age      ] GC(19) - age   1:    1619448 bytes,    1619448 total
[2024-05-26T15:34:55.232+0000][20776][gc,age      ] GC(19) - age   2:     196096 bytes,    1815544 total
[2024-05-26T15:34:55.232+0000][20776][gc,age      ] GC(19) - age   3:    1482432 bytes,    3297976 total
[2024-05-26T15:34:55.232+0000][20776][gc,age      ] GC(19) - age   4:     547544 bytes,    3845520 total
[2024-05-26T15:34:55.232+0000][20776][gc,age      ] GC(19) - age   5:     542720 bytes,    4388240 total
[2024-05-26T15:34:55.232+0000][20776][gc,age      ] GC(19) - age   6:    3446848 bytes,    7835088 total
[2024-05-26T15:34:55.232+0000][20776][gc,heap     ] GC(19) Eden regions: 603->0(603)
[2024-05-26T15:34:55.232+0000][20776][gc,heap     ] GC(19) Survivor regions: 3->3(76)
[2024-05-26T15:34:55.232+0000][20776][gc,heap     ] GC(19) Old regions: 48->48
[2024-05-26T15:34:55.232+0000][20776][gc,heap     ] GC(19) Archive regions: 0->0
[2024-05-26T15:34:55.232+0000][20776][gc,heap     ] GC(19) Humongous regions: 2->2
[2024-05-26T15:34:55.232+0000][20776][gc,metaspace] GC(19) Metaspace: 131379K(135104K)->131379K(135104K) NonClass: 113980K(115904K)->113980K(115904K) Class: 17399K(19200K)->17399K(19200K)
[2024-05-26T15:34:55.232+0000][20776][gc          ] GC(19) Pause Young (Normal) (G1 Evacuation Pause) 2617M->205M(4040M) 22.324ms
[2024-05-26T15:34:55.232+0000][20776][gc,cpu      ] GC(19) User=0.05s Sys=0.00s Real=0.02s
[2024-05-26T15:34:55.232+0000][20776][safepoint   ] Safepoint "G1CollectForAllocation", Time since last: 50914764700 ns, Reaching safepoint: 177400 ns, At safepoint: 22521000 ns, Total: 22698400 ns
[2024-05-26T15:35:01.285+0000][20776][safepoint   ] Safepoint "Cleanup", Time since last: 6051590300 ns, Reaching safepoint: 95100 ns, At safepoint: 15100 ns, Total: 110200 ns
[2024-05-26T15:35:13.394+0000][20776][safepoint   ] Safepoint "Cleanup", Time since last: 12109194600 ns, Reaching safepoint: 149500 ns, At safepoint: 8700 ns, Total: 158200 ns
[2024-05-26T15:35:27.543+0000][20776][safepoint   ] Safepoint "Cleanup", Time since last: 14148421600 ns, Reaching safepoint: 216500 ns, At safepoint: 29700 ns, Total: 246200 ns
[2024-05-26T15:36:22.938+0000][20776][safepoint   ] Safepoint "Cleanup", Time since last: 55395041500 ns, Reaching safepoint: 127800 ns, At safepoint: 29500 ns, Total: 157300 ns
[2024-05-26T15:36:32.006+0000][20776][safepoint   ] Safepoint "Cleanup", Time since last: 9067647800 ns, Reaching safepoint: 106400 ns, At safepoint: 23700 ns, Total: 130100 ns
[2024-05-26T15:36:34.020+0000][20776][safepoint   ] Safepoint "Cleanup", Time since last: 2014591200 ns, Reaching safepoint: 140200 ns, At safepoint: 12400 ns, Total: 152600 ns
[2024-05-26T15:36:56.204+0000][20776][safepoint   ] Safepoint "Cleanup", Time since last: 22182933200 ns, Reaching safepoint: 194900 ns, At safepoint: 18300 ns, Total: 213200 ns
[2024-05-26T15:36:57.213+0000][20776][safepoint   ] Safepoint "Cleanup", Time since last: 1009037800 ns, Reaching safepoint: 210700 ns, At safepoint: 56100 ns, Total: 266800 ns
[2024-05-26T15:37:14.336+0000][20776][safepoint   ] Safepoint "Cleanup", Time since last: 17122996100 ns, Reaching safepoint: 213500 ns, At safepoint: 28600 ns, Total: 242100 ns
[2024-05-26T15:37:33.510+0000][20776][safepoint   ] Safepoint "Cleanup", Time since last: 19173521100 ns, Reaching safepoint: 163500 ns, At safepoint: 15400 ns, Total: 178900 ns
[2024-05-26T15:38:00.711+0000][20776][safepoint   ] Safepoint "Cleanup", Time since last: 27200963300 ns, Reaching safepoint: 160000 ns, At safepoint: 29100 ns, Total: 189100 ns
[2024-05-26T15:38:08.745+0000][20776][safepoint   ] Safepoint "Cleanup", Time since last: 8034056800 ns, Reaching safepoint: 77200 ns, At safepoint: 11800 ns, Total: 89000 ns
[2024-05-26T15:38:31.976+0000][20776][safepoint   ] Safepoint "Cleanup", Time since last: 23230299400 ns, Reaching safepoint: 112300 ns, At safepoint: 8300 ns, Total: 120600 ns
[2024-05-26T15:38:32.981+0000][20776][safepoint   ] Safepoint "Cleanup", Time since last: 1004806500 ns, Reaching safepoint: 174800 ns, At safepoint: 9900 ns, Total: 184700 ns
[2024-05-26T15:38:33.996+0000][20776][safepoint   ] Safepoint "Cleanup", Time since last: 1015163500 ns, Reaching safepoint: 167300 ns, At safepoint: 15500 ns, Total: 182800 ns
[2024-05-26T15:38:38.044+0000][20776][safepoint   ] Safepoint "Cleanup", Time since last: 4047872200 ns, Reaching safepoint: 93500 ns, At safepoint: 12300 ns, Total: 105800 ns
[2024-05-26T15:38:39.044+0000][20776][safepoint   ] Safepoint "Cleanup", Time since last: 1000081400 ns, Reaching safepoint: 140500 ns, At safepoint: 10300 ns, Total: 150800 ns
[2024-05-26T15:38:50.150+0000][20776][safepoint   ] Safepoint "Cleanup", Time since last: 11105845200 ns, Reaching safepoint: 81700 ns, At safepoint: 18400 ns, Total: 100100 ns
[2024-05-26T15:38:56.187+0000][20776][safepoint   ] Safepoint "Cleanup", Time since last: 6036733700 ns, Reaching safepoint: 182300 ns, At safepoint: 14900 ns, Total: 197200 ns
[2024-05-26T15:39:00.222+0000][20776][safepoint   ] Safepoint "Cleanup", Time since last: 4034899600 ns, Reaching safepoint: 112800 ns, At safepoint: 11200 ns, Total: 124000 ns
[2024-05-26T15:39:21.388+0000][20776][safepoint   ] Safepoint "Cleanup", Time since last: 21166011000 ns, Reaching safepoint: 101600 ns, At safepoint: 14800 ns, Total: 116400 ns
[2024-05-26T15:39:32.462+0000][20776][safepoint   ] Safepoint "Cleanup", Time since last: 11073608900 ns, Reaching safepoint: 161400 ns, At safepoint: 14300 ns, Total: 175700 ns
[2024-05-26T15:40:00.651+0000][20776][safepoint   ] Safepoint "Cleanup", Time since last: 28188731500 ns, Reaching safepoint: 176100 ns, At safepoint: 10900 ns, Total: 187000 ns
[2024-05-26T15:40:50.078+0000][20776][safepoint   ] Safepoint "Cleanup", Time since last: 49426938100 ns, Reaching safepoint: 133000 ns, At safepoint: 76000 ns, Total: 209000 ns
[2024-05-26T15:41:33.392+0000][20776][safepoint   ] Safepoint "Cleanup", Time since last: 43313614000 ns, Reaching safepoint: 163500 ns, At safepoint: 16300 ns, Total: 179800 ns
[2024-05-26T15:41:39.458+0000][20776][safepoint   ] Safepoint "Cleanup", Time since last: 6066553900 ns, Reaching safepoint: 189800 ns, At safepoint: 19300 ns, Total: 209100 ns
[2024-05-26T15:41:56.606+0000][20776][safepoint   ] Safepoint "Cleanup", Time since last: 17146756500 ns, Reaching safepoint: 121400 ns, At safepoint: 9800 ns, Total: 131200 ns
[2024-05-26T15:42:02.652+0000][20776][safepoint   ] Safepoint "Cleanup", Time since last: 6046121900 ns, Reaching safepoint: 71800 ns, At safepoint: 52200 ns, Total: 124000 ns
[2024-05-26T15:42:14.785+0000][20776][safepoint   ] Safepoint "Cleanup", Time since last: 12132674000 ns, Reaching safepoint: 109600 ns, At safepoint: 16600 ns, Total: 126200 ns
[2024-05-26T15:42:48.066+0000][20776][safepoint   ] Safepoint "Cleanup", Time since last: 33281015200 ns, Reaching safepoint: 173100 ns, At safepoint: 13400 ns, Total: 186500 ns
[2024-05-26T15:44:00.606+0000][20776][safepoint   ] Safepoint "Cleanup", Time since last: 72539989300 ns, Reaching safepoint: 147100 ns, At safepoint: 12100 ns, Total: 159200 ns
[2024-05-26T15:44:15.692+0000][20776][safepoint   ] Safepoint "Cleanup", Time since last: 15085821200 ns, Reaching safepoint: 153100 ns, At safepoint: 19300 ns, Total: 172400 ns
[2024-05-26T15:44:27.775+0000][20776][safepoint   ] Safepoint "Cleanup", Time since last: 12082728700 ns, Reaching safepoint: 176000 ns, At safepoint: 23100 ns, Total: 199100 ns
[2024-05-26T15:44:28.792+0000][20776][safepoint   ] Safepoint "Cleanup", Time since last: 1017339300 ns, Reaching safepoint: 186700 ns, At safepoint: 20900 ns, Total: 207600 ns
[2024-05-26T15:44:56.006+0000][20776][safepoint   ] Safepoint "Cleanup", Time since last: 27213891300 ns, Reaching safepoint: 116700 ns, At safepoint: 67900 ns, Total: 184600 ns
[2024-05-26T15:45:06.107+0000][20776][safepoint   ] Safepoint "Cleanup", Time since last: 10100102300 ns, Reaching safepoint: 162500 ns, At safepoint: 67100 ns, Total: 229600 ns
[2024-05-26T15:46:44.881+0000][20776][safepoint   ] Safepoint "Cleanup", Time since last: 98774034300 ns, Reaching safepoint: 177500 ns, At safepoint: 58700 ns, Total: 236200 ns
[2024-05-26T15:46:57.995+0000][20776][safepoint   ] Safepoint "Cleanup", Time since last: 13114173800 ns, Reaching safepoint: 135200 ns, At safepoint: 48100 ns, Total: 183300 ns
[2024-05-26T15:47:00.007+0000][20776][safepoint   ] Safepoint "Cleanup", Time since last: 2011074800 ns, Reaching safepoint: 119000 ns, At safepoint: 40100 ns, Total: 159100 ns
[2024-05-26T15:47:03.034+0000][20776][safepoint   ] Safepoint "Cleanup", Time since last: 3027105500 ns, Reaching safepoint: 137900 ns, At safepoint: 46400 ns, Total: 184300 ns
[2024-05-26T15:47:06.057+0000][20776][safepoint   ] Safepoint "Cleanup", Time since last: 3023302500 ns, Reaching safepoint: 269800 ns, At safepoint: 51900 ns, Total: 321700 ns
[2024-05-26T15:47:08.077+0000][20776][safepoint   ] Safepoint "Cleanup", Time since last: 2019583200 ns, Reaching safepoint: 157500 ns, At safepoint: 43300 ns, Total: 200800 ns
[2024-05-26T15:48:27.922+0000][20776][safepoint   ] Safepoint "Cleanup", Time since last: 85293553200 ns, Reaching safepoint: 228400 ns, At safepoint: 12600 ns, Total: 241000 ns
[2024-05-26T15:48:32.942+0000][20776][safepoint   ] Safepoint "Cleanup", Time since last: 5019916900 ns, Reaching safepoint: 59800 ns, At safepoint: 5800 ns, Total: 65600 ns
[2024-05-26T15:49:20.302+0000][20776][gc,start    ] GC(20) Pause Young (Normal) (G1 Evacuation Pause)
[2024-05-26T15:49:20.302+0000][20776][gc,task     ] GC(20) Using 8 workers of 8 for evacuation
[2024-05-26T15:49:20.302+0000][20776][gc,age      ] GC(20) Desired survivor size 159383552 bytes, new threshold 15 (max threshold 15)
[2024-05-26T15:49:20.364+0000][20776][gc,phases   ] GC(20)   Pre Evacuate Collection Set: 0.8ms
[2024-05-26T15:49:20.364+0000][20776][gc,phases   ] GC(20)   Merge Heap Roots: 43.3ms
[2024-05-26T15:49:20.364+0000][20776][gc,phases   ] GC(20)   Evacuate Collection Set: 12.5ms
[2024-05-26T15:49:20.364+0000][20776][gc,phases   ] GC(20)   Post Evacuate Collection Set: 2.9ms
[2024-05-26T15:49:20.364+0000][20776][gc,phases   ] GC(20)   Other: 1.5ms
[2024-05-26T15:49:20.364+0000][20776][gc,age      ] GC(20) Age table with threshold 15 (max threshold 15)
[2024-05-26T15:49:20.364+0000][20776][gc,age      ] GC(20) - age   1:    1643688 bytes,    1643688 total
[2024-05-26T15:49:20.364+0000][20776][gc,age      ] GC(20) - age   2:      98368 bytes,    1742056 total
[2024-05-26T15:49:20.364+0000][20776][gc,age      ] GC(20) - age   3:     174824 bytes,    1916880 total
[2024-05-26T15:49:20.364+0000][20776][gc,age      ] GC(20) - age   4:    1473768 bytes,    3390648 total
[2024-05-26T15:49:20.364+0000][20776][gc,age      ] GC(20) - age   5:     547464 bytes,    3938112 total
[2024-05-26T15:49:20.364+0000][20776][gc,age      ] GC(20) - age   6:     542096 bytes,    4480208 total
[2024-05-26T15:49:20.364+0000][20776][gc,age      ] GC(20) - age   7:    3446640 bytes,    7926848 total
[2024-05-26T15:49:20.364+0000][20776][gc,heap     ] GC(20) Eden regions: 603->0(603)
[2024-05-26T15:49:20.364+0000][20776][gc,heap     ] GC(20) Survivor regions: 3->3(76)
[2024-05-26T15:49:20.364+0000][20776][gc,heap     ] GC(20) Old regions: 48->48
[2024-05-26T15:49:20.364+0000][20776][gc,heap     ] GC(20) Archive regions: 0->0
[2024-05-26T15:49:20.364+0000][20776][gc,heap     ] GC(20) Humongous regions: 2->2
[2024-05-26T15:49:20.364+0000][20776][gc,metaspace] GC(20) Metaspace: 131419K(135168K)->131419K(135168K) NonClass: 114020K(115968K)->114020K(115968K) Class: 17399K(19200K)->17399K(19200K)
[2024-05-26T15:49:20.364+0000][20776][gc          ] GC(20) Pause Young (Normal) (G1 Evacuation Pause) 2617M->205M(4040M) 63.536ms
[2024-05-26T15:49:20.364+0000][20776][gc,cpu      ] GC(20) User=0.00s Sys=0.00s Real=0.06s
[2024-05-26T15:49:20.364+0000][20776][safepoint   ] Safepoint "G1CollectForAllocation", Time since last: 47361366400 ns, Reaching safepoint: 151400 ns, At safepoint: 63669600 ns, Total: 63821000 ns
[2024-05-26T15:49:38.579+0000][20776][safepoint   ] Safepoint "Cleanup", Time since last: 18211463400 ns, Reaching safepoint: 74300 ns, At safepoint: 13500 ns, Total: 87800 ns
[2024-05-26T15:50:20.910+0000][20776][safepoint   ] Safepoint "Cleanup", Time since last: 42331235600 ns, Reaching safepoint: 67200 ns, At safepoint: 16200 ns, Total: 83400 ns
[2024-05-26T15:50:23.926+0000][20776][safepoint   ] Safepoint "Cleanup", Time since last: 3015355900 ns, Reaching safepoint: 56500 ns, At safepoint: 7600 ns, Total: 64100 ns
[2024-05-26T15:50:26.946+0000][20776][safepoint   ] Safepoint "Cleanup", Time since last: 3020241400 ns, Reaching safepoint: 206000 ns, At safepoint: 30500 ns, Total: 236500 ns
[2024-05-26T15:50:35.997+0000][20776][safepoint   ] Safepoint "Cleanup", Time since last: 9050662500 ns, Reaching safepoint: 620000 ns, At safepoint: 58600 ns, Total: 678600 ns
[2024-05-26T15:51:39.460+0000][20776][safepoint   ] Safepoint "Cleanup", Time since last: 63462375000 ns, Reaching safepoint: 158100 ns, At safepoint: 26500 ns, Total: 184600 ns
[2024-05-26T15:51:51.541+0000][20776][safepoint   ] Safepoint "Cleanup", Time since last: 12080493700 ns, Reaching safepoint: 180500 ns, At safepoint: 30600 ns, Total: 211100 ns
[2024-05-26T15:52:06.658+0000][20776][safepoint   ] Safepoint "Cleanup", Time since last: 15117061000 ns, Reaching safepoint: 119300 ns, At safepoint: 17500 ns, Total: 136800 ns
[2024-05-26T15:52:09.689+0000][20776][safepoint   ] Safepoint "Cleanup", Time since last: 3030704200 ns, Reaching safepoint: 128200 ns, At safepoint: 8200 ns, Total: 136400 ns
[2024-05-26T15:52:18.751+0000][20776][safepoint   ] Safepoint "Cleanup", Time since last: 9061789400 ns, Reaching safepoint: 180100 ns, At safepoint: 15100 ns, Total: 195200 ns
[2024-05-26T15:53:23.317+0000][20776][safepoint   ] Safepoint "Cleanup", Time since last: 64566611400 ns, Reaching safepoint: 119600 ns, At safepoint: 9400 ns, Total: 129000 ns
[2024-05-26T15:53:25.329+0000][20776][safepoint   ] Safepoint "Cleanup", Time since last: 2012058700 ns, Reaching safepoint: 59600 ns, At safepoint: 12600 ns, Total: 72200 ns
[2024-05-26T15:53:43.507+0000][20776][safepoint   ] Safepoint "Cleanup", Time since last: 18177230000 ns, Reaching safepoint: 133700 ns, At safepoint: 15600 ns, Total: 149300 ns
[2024-05-26T15:53:49.578+0000][20776][safepoint   ] Safepoint "Cleanup", Time since last: 6071255900 ns, Reaching safepoint: 105400 ns, At safepoint: 21200 ns, Total: 126600 ns
[2024-05-26T15:54:12.761+0000][20776][safepoint   ] Safepoint "Cleanup", Time since last: 23182198900 ns, Reaching safepoint: 189600 ns, At safepoint: 12900 ns, Total: 202500 ns
[2024-05-26T15:54:22.474+0000][20776][safepoint   ] Safepoint "Cleanup", Time since last: 9713335300 ns, Reaching safepoint: 108000 ns, At safepoint: 10300 ns, Total: 118300 ns
[2024-05-26T15:54:24.482+0000][20776][safepoint   ] Safepoint "Cleanup", Time since last: 2007535600 ns, Reaching safepoint: 157700 ns, At safepoint: 13700 ns, Total: 171400 ns
[2024-05-26T15:54:33.564+0000][20776][safepoint   ] Safepoint "Cleanup", Time since last: 9082229200 ns, Reaching safepoint: 111400 ns, At safepoint: 10400 ns, Total: 121800 ns
[2024-05-26T15:54:34.569+0000][20776][safepoint   ] Safepoint "Cleanup", Time since last: 1004477600 ns, Reaching safepoint: 148500 ns, At safepoint: 11100 ns, Total: 159600 ns
[2024-05-26T15:56:01.131+0000][20776][safepoint   ] Safepoint "Cleanup", Time since last: 86561994200 ns, Reaching safepoint: 264800 ns, At safepoint: 77600 ns, Total: 342400 ns
[2024-05-26T15:56:13.216+0000][20776][safepoint   ] Safepoint "Cleanup", Time since last: 12084705200 ns, Reaching safepoint: 116200 ns, At safepoint: 71600 ns, Total: 187800 ns
[2024-05-26T15:56:28.348+0000][20776][safepoint   ] Safepoint "Cleanup", Time since last: 15132143600 ns, Reaching safepoint: 120600 ns, At safepoint: 11300 ns, Total: 131900 ns
[2024-05-26T15:56:35.400+0000][20776][safepoint   ] Safepoint "Cleanup", Time since last: 7051199600 ns, Reaching safepoint: 99000 ns, At safepoint: 27900 ns, Total: 126900 ns
[2024-05-26T15:57:13.768+0000][20776][safepoint   ] Safepoint "Cleanup", Time since last: 38368248500 ns, Reaching safepoint: 96400 ns, At safepoint: 21500 ns, Total: 117900 ns
[2024-05-26T15:57:24.859+0000][20776][safepoint   ] Safepoint "Cleanup", Time since last: 11090481500 ns, Reaching safepoint: 86100 ns, At safepoint: 15700 ns, Total: 101800 ns
[2024-05-26T15:57:45.987+0000][20776][safepoint   ] Safepoint "Cleanup", Time since last: 21128103900 ns, Reaching safepoint: 724600 ns, At safepoint: 66100 ns, Total: 790700 ns
[2024-05-26T15:58:23.253+0000][20776][safepoint   ] Safepoint "Cleanup", Time since last: 37265479500 ns, Reaching safepoint: 136500 ns, At safepoint: 38000 ns, Total: 174500 ns
[2024-05-26T15:58:28.295+0000][20776][safepoint   ] Safepoint "Cleanup", Time since last: 5041682500 ns, Reaching safepoint: 91900 ns, At safepoint: 94100 ns, Total: 186000 ns
[2024-05-26T15:59:21.681+0000][20776][safepoint   ] Safepoint "Cleanup", Time since last: 53385942200 ns, Reaching safepoint: 115200 ns, At safepoint: 43700 ns, Total: 158900 ns
[2024-05-26T15:59:22.692+0000][20776][safepoint   ] Safepoint "Cleanup", Time since last: 1010356100 ns, Reaching safepoint: 169300 ns, At safepoint: 50600 ns, Total: 219900 ns
[2024-05-26T15:59:37.590+0000][20776][gc,start    ] GC(21) Pause Young (Normal) (G1 Evacuation Pause)
[2024-05-26T15:59:37.590+0000][20776][gc,task     ] GC(21) Using 8 workers of 8 for evacuation
[2024-05-26T15:59:37.590+0000][20776][gc,age      ] GC(21) Desired survivor size 159383552 bytes, new threshold 15 (max threshold 15)
[2024-05-26T15:59:37.601+0000][20776][gc,phases   ] GC(21)   Pre Evacuate Collection Set: 0.5ms
[2024-05-26T15:59:37.601+0000][20776][gc,phases   ] GC(21)   Merge Heap Roots: 0.7ms
[2024-05-26T15:59:37.601+0000][20776][gc,phases   ] GC(21)   Evacuate Collection Set: 6.6ms
[2024-05-26T15:59:37.601+0000][20776][gc,phases   ] GC(21)   Post Evacuate Collection Set: 2.0ms
[2024-05-26T15:59:37.601+0000][20776][gc,phases   ] GC(21)   Other: 0.8ms
[2024-05-26T15:59:37.601+0000][20776][gc,age      ] GC(21) Age table with threshold 15 (max threshold 15)
[2024-05-26T15:59:37.601+0000][20776][gc,age      ] GC(21) - age   1:    1235344 bytes,    1235344 total
[2024-05-26T15:59:37.601+0000][20776][gc,age      ] GC(21) - age   2:     292608 bytes,    1527952 total
[2024-05-26T15:59:37.601+0000][20776][gc,age      ] GC(21) - age   3:      79464 bytes,    1607416 total
[2024-05-26T15:59:37.601+0000][20776][gc,age      ] GC(21) - age   4:     174544 bytes,    1781960 total
[2024-05-26T15:59:37.601+0000][20776][gc,age      ] GC(21) - age   5:    1473584 bytes,    3255544 total
[2024-05-26T15:59:37.601+0000][20776][gc,age      ] GC(21) - age   6:     547464 bytes,    3803008 total
[2024-05-26T15:59:37.601+0000][20776][gc,age      ] GC(21) - age   7:     541824 bytes,    4344832 total
[2024-05-26T15:59:37.601+0000][20776][gc,age      ] GC(21) - age   8:    3446600 bytes,    7791432 total
[2024-05-26T15:59:37.601+0000][20776][gc,heap     ] GC(21) Eden regions: 603->0(603)
[2024-05-26T15:59:37.601+0000][20776][gc,heap     ] GC(21) Survivor regions: 3->3(76)
[2024-05-26T15:59:37.601+0000][20776][gc,heap     ] GC(21) Old regions: 48->48
[2024-05-26T15:59:37.601+0000][20776][gc,heap     ] GC(21) Archive regions: 0->0
[2024-05-26T15:59:37.601+0000][20776][gc,heap     ] GC(21) Humongous regions: 2->2
[2024-05-26T15:59:37.601+0000][20776][gc,metaspace] GC(21) Metaspace: 131441K(135232K)->131441K(135232K) NonClass: 114042K(116032K)->114042K(116032K) Class: 17399K(19200K)->17399K(19200K)
[2024-05-26T15:59:37.601+0000][20776][gc          ] GC(21) Pause Young (Normal) (G1 Evacuation Pause) 2617M->205M(4040M) 10.896ms
[2024-05-26T15:59:37.601+0000][20776][gc,cpu      ] GC(21) User=0.08s Sys=0.00s Real=0.01s
[2024-05-26T15:59:37.601+0000][20776][safepoint   ] Safepoint "G1CollectForAllocation", Time since last: 14898239400 ns, Reaching safepoint: 164300 ns, At safepoint: 10989700 ns, Total: 11154000 ns
[2024-05-26T15:59:38.603+0000][20776][safepoint   ] Safepoint "Cleanup", Time since last: 1001337900 ns, Reaching safepoint: 108400 ns, At safepoint: 12800 ns, Total: 121200 ns
[2024-05-26T15:59:40.622+0000][20776][safepoint   ] Safepoint "Cleanup", Time since last: 2019225500 ns, Reaching safepoint: 127900 ns, At safepoint: 15000 ns, Total: 142900 ns
[2024-05-26T16:00:24.000+0000][20776][safepoint   ] Safepoint "Cleanup", Time since last: 43377981300 ns, Reaching safepoint: 157600 ns, At safepoint: 17000 ns, Total: 174600 ns
[2024-05-26T16:00:26.027+0000][20776][safepoint   ] Safepoint "Cleanup", Time since last: 2026464600 ns, Reaching safepoint: 165700 ns, At safepoint: 14200 ns, Total: 179900 ns
[2024-05-26T16:00:52.277+0000][20776][safepoint   ] Safepoint "Cleanup", Time since last: 26250191800 ns, Reaching safepoint: 105800 ns, At safepoint: 10300 ns, Total: 116100 ns
[2024-05-26T16:00:53.292+0000][20776][safepoint   ] Safepoint "Cleanup", Time since last: 1014628300 ns, Reaching safepoint: 135400 ns, At safepoint: 12200 ns, Total: 147600 ns
[2024-05-26T16:01:11.484+0000][20776][safepoint   ] Safepoint "Cleanup", Time since last: 18176601900 ns, Reaching safepoint: 15898500 ns, At safepoint: 58600 ns, Total: 15957100 ns
[2024-05-26T16:01:22.576+0000][20776][safepoint   ] Safepoint "Cleanup", Time since last: 11091263900 ns, Reaching safepoint: 145000 ns, At safepoint: 22800 ns, Total: 167800 ns
[2024-05-26T16:01:23.577+0000][20776][safepoint   ] Safepoint "Cleanup", Time since last: 1001287200 ns, Reaching safepoint: 95600 ns, At safepoint: 24800 ns, Total: 120400 ns
[2024-05-26T16:01:27.603+0000][20776][safepoint   ] Safepoint "Cleanup", Time since last: 4025893800 ns, Reaching safepoint: 168300 ns, At safepoint: 23500 ns, Total: 191800 ns
[2024-05-26T16:02:04.818+0000][20776][safepoint   ] Safepoint "Cleanup", Time since last: 37214408100 ns, Reaching safepoint: 122500 ns, At safepoint: 7100 ns, Total: 129600 ns
[2024-05-26T16:02:23.947+0000][20776][safepoint   ] Safepoint "Cleanup", Time since last: 19129049400 ns, Reaching safepoint: 155400 ns, At safepoint: 23100 ns, Total: 178500 ns
[2024-05-26T16:02:42.048+0000][20776][safepoint   ] Safepoint "Cleanup", Time since last: 18100801100 ns, Reaching safepoint: 149000 ns, At safepoint: 10600 ns, Total: 159600 ns
[2024-05-26T16:02:53.114+0000][20776][safepoint   ] Safepoint "Cleanup", Time since last: 11065938200 ns, Reaching safepoint: 580700 ns, At safepoint: 27500 ns, Total: 608200 ns
[2024-05-26T16:02:59.152+0000][20776][safepoint   ] Safepoint "Cleanup", Time since last: 6037408900 ns, Reaching safepoint: 124300 ns, At safepoint: 22000 ns, Total: 146300 ns
[2024-05-26T16:03:08.207+0000][20776][safepoint   ] Safepoint "Cleanup", Time since last: 9055040500 ns, Reaching safepoint: 279800 ns, At safepoint: 21400 ns, Total: 301200 ns
[2024-05-26T16:03:15.250+0000][20776][safepoint   ] Safepoint "Cleanup", Time since last: 7042151900 ns, Reaching safepoint: 81200 ns, At safepoint: 16900 ns, Total: 98100 ns
[2024-05-26T16:03:23.326+0000][20776][safepoint   ] Safepoint "Cleanup", Time since last: 8075866000 ns, Reaching safepoint: 141100 ns, At safepoint: 12500 ns, Total: 153600 ns
[2024-05-26T16:03:29.385+0000][20776][safepoint   ] Safepoint "Cleanup", Time since last: 6059638700 ns, Reaching safepoint: 155400 ns, At safepoint: 10600 ns, Total: 166000 ns
[2024-05-26T16:03:38.465+0000][20776][safepoint   ] Safepoint "Cleanup", Time since last: 9078910000 ns, Reaching safepoint: 149800 ns, At safepoint: 11600 ns, Total: 161400 ns
[2024-05-26T16:04:23.814+0000][20776][safepoint   ] Safepoint "Cleanup", Time since last: 45349668900 ns, Reaching safepoint: 70000 ns, At safepoint: 11100 ns, Total: 81100 ns
[2024-05-26T16:05:13.236+0000][20776][safepoint   ] Safepoint "Cleanup", Time since last: 49421078300 ns, Reaching safepoint: 79500 ns, At safepoint: 11500 ns, Total: 91000 ns
[2024-05-26T16:05:17.278+0000][20776][safepoint   ] Safepoint "Cleanup", Time since last: 4042044900 ns, Reaching safepoint: 114300 ns, At safepoint: 12700 ns, Total: 127000 ns
[2024-05-26T16:05:23.344+0000][20776][safepoint   ] Safepoint "Cleanup", Time since last: 6066580500 ns, Reaching safepoint: 149500 ns, At safepoint: 16300 ns, Total: 165800 ns
[2024-05-26T16:05:54.603+0000][20776][safepoint   ] Safepoint "Cleanup", Time since last: 31258688500 ns, Reaching safepoint: 165800 ns, At safepoint: 14000 ns, Total: 179800 ns
[2024-05-26T16:06:05.656+0000][20776][safepoint   ] Safepoint "Cleanup", Time since last: 11052480700 ns, Reaching safepoint: 95100 ns, At safepoint: 11600 ns, Total: 106700 ns
[2024-05-26T16:06:11.710+0000][20776][safepoint   ] Safepoint "Cleanup", Time since last: 6053905100 ns, Reaching safepoint: 126600 ns, At safepoint: 13300 ns, Total: 139900 ns
[2024-05-26T16:06:22.769+0000][20776][safepoint   ] Safepoint "Cleanup", Time since last: 11059089000 ns, Reaching safepoint: 182300 ns, At safepoint: 21400 ns, Total: 203700 ns
[2024-05-26T16:06:50.985+0000][20776][safepoint   ] Safepoint "Cleanup", Time since last: 28215643000 ns, Reaching safepoint: 100200 ns, At safepoint: 15600 ns, Total: 115800 ns
[2024-05-26T16:06:51.991+0000][20776][safepoint   ] Safepoint "Cleanup", Time since last: 1005903900 ns, Reaching safepoint: 154100 ns, At safepoint: 11700 ns, Total: 165800 ns
[2024-05-26T16:06:54.017+0000][20776][safepoint   ] Safepoint "Cleanup", Time since last: 2025950100 ns, Reaching safepoint: 126400 ns, At safepoint: 10200 ns, Total: 136600 ns
[2024-05-26T16:07:31.280+0000][20776][safepoint   ] Safepoint "Cleanup", Time since last: 37262471300 ns, Reaching safepoint: 157800 ns, At safepoint: 12400 ns, Total: 170200 ns
[2024-05-26T16:07:39.323+0000][20776][safepoint   ] Safepoint "Cleanup", Time since last: 8042745500 ns, Reaching safepoint: 63200 ns, At safepoint: 10500 ns, Total: 73700 ns
[2024-05-26T16:07:48.389+0000][20776][safepoint   ] Safepoint "Cleanup", Time since last: 9066436200 ns, Reaching safepoint: 84800 ns, At safepoint: 6500 ns, Total: 91300 ns
[2024-05-26T16:08:59.962+0000][20776][safepoint   ] Safepoint "Cleanup", Time since last: 71572808500 ns, Reaching safepoint: 146400 ns, At safepoint: 17500 ns, Total: 163900 ns
[2024-05-26T16:09:07.004+0000][20776][safepoint   ] Safepoint "Cleanup", Time since last: 7041990800 ns, Reaching safepoint: 72300 ns, At safepoint: 13600 ns, Total: 85900 ns
[2024-05-26T16:09:25.152+0000][20776][safepoint   ] Safepoint "Cleanup", Time since last: 18147455500 ns, Reaching safepoint: 85100 ns, At safepoint: 10100 ns, Total: 95200 ns
[2024-05-26T16:09:36.242+0000][20776][safepoint   ] Safepoint "Cleanup", Time since last: 11090702100 ns, Reaching safepoint: 67700 ns, At safepoint: 10500 ns, Total: 78200 ns
[2024-05-26T16:09:44.435+0000][20776][gc,start    ] GC(22) Pause Young (Normal) (G1 Evacuation Pause)
[2024-05-26T16:09:44.436+0000][20776][gc,task     ] GC(22) Using 8 workers of 8 for evacuation
[2024-05-26T16:09:44.436+0000][20776][gc,age      ] GC(22) Desired survivor size 159383552 bytes, new threshold 15 (max threshold 15)
[2024-05-26T16:09:44.454+0000][20776][gc,phases   ] GC(22)   Pre Evacuate Collection Set: 1.1ms
[2024-05-26T16:09:44.454+0000][20776][gc,phases   ] GC(22)   Merge Heap Roots: 0.3ms
[2024-05-26T16:09:44.454+0000][20776][gc,phases   ] GC(22)   Evacuate Collection Set: 9.6ms
[2024-05-26T16:09:44.454+0000][20776][gc,phases   ] GC(22)   Post Evacuate Collection Set: 3.1ms
[2024-05-26T16:09:44.454+0000][20776][gc,phases   ] GC(22)   Other: 2.5ms
[2024-05-26T16:09:44.454+0000][20776][gc,age      ] GC(22) Age table with threshold 15 (max threshold 15)
[2024-05-26T16:09:44.454+0000][20776][gc,age      ] GC(22) - age   1:    1156224 bytes,    1156224 total
[2024-05-26T16:09:44.454+0000][20776][gc,age      ] GC(22) - age   2:       6432 bytes,    1162656 total
[2024-05-26T16:09:44.454+0000][20776][gc,age      ] GC(22) - age   3:      66152 bytes,    1228808 total
[2024-05-26T16:09:44.454+0000][20776][gc,age      ] GC(22) - age   4:      79432 bytes,    1308240 total
[2024-05-26T16:09:44.454+0000][20776][gc,age      ] GC(22) - age   5:      98984 bytes,    1407224 total
[2024-05-26T16:09:44.454+0000][20776][gc,age      ] GC(22) - age   6:    1356096 bytes,    2763320 total
[2024-05-26T16:09:44.454+0000][20776][gc,age      ] GC(22) - age   7:     547464 bytes,    3310784 total
[2024-05-26T16:09:44.454+0000][20776][gc,age      ] GC(22) - age   8:     541560 bytes,    3852344 total
[2024-05-26T16:09:44.454+0000][20776][gc,age      ] GC(22) - age   9:    3297920 bytes,    7150264 total
[2024-05-26T16:09:44.454+0000][20776][gc,heap     ] GC(22) Eden regions: 603->0(604)
[2024-05-26T16:09:44.454+0000][20776][gc,heap     ] GC(22) Survivor regions: 3->2(76)
[2024-05-26T16:09:44.454+0000][20776][gc,heap     ] GC(22) Old regions: 48->48
[2024-05-26T16:09:44.454+0000][20776][gc,heap     ] GC(22) Archive regions: 0->0
[2024-05-26T16:09:44.454+0000][20776][gc,heap     ] GC(22) Humongous regions: 2->2
[2024-05-26T16:09:44.454+0000][20776][gc,metaspace] GC(22) Metaspace: 131501K(135232K)->131501K(135232K) NonClass: 114102K(116032K)->114102K(116032K) Class: 17399K(19200K)->17399K(19200K)
[2024-05-26T16:09:44.454+0000][20776][gc          ] GC(22) Pause Young (Normal) (G1 Evacuation Pause) 2617M->205M(4040M) 19.332ms
[2024-05-26T16:09:44.454+0000][20776][gc,cpu      ] GC(22) User=0.02s Sys=0.02s Real=0.02s
[2024-05-26T16:09:44.454+0000][20776][safepoint   ] Safepoint "G1CollectForAllocation", Time since last: 8192418300 ns, Reaching safepoint: 168100 ns, At safepoint: 19468500 ns, Total: 19636600 ns
[2024-05-26T16:10:03.602+0000][20776][safepoint   ] Safepoint "Cleanup", Time since last: 19147570300 ns, Reaching safepoint: 155500 ns, At safepoint: 18800 ns, Total: 174300 ns
[2024-05-26T16:10:12.673+0000][20776][safepoint   ] Safepoint "Cleanup", Time since last: 9070723300 ns, Reaching safepoint: 115000 ns, At safepoint: 16900 ns, Total: 131900 ns
[2024-05-26T16:10:23.795+0000][20776][safepoint   ] Safepoint "Cleanup", Time since last: 11121933300 ns, Reaching safepoint: 121000 ns, At safepoint: 6800 ns, Total: 127800 ns
[2024-05-26T16:11:23.321+0000][20776][safepoint   ] Safepoint "Cleanup", Time since last: 59525289200 ns, Reaching safepoint: 116100 ns, At safepoint: 16200 ns, Total: 132300 ns
[2024-05-26T16:12:23.799+0000][20776][safepoint   ] Safepoint "Cleanup", Time since last: 60477931800 ns, Reaching safepoint: 101000 ns, At safepoint: 15500 ns, Total: 116500 ns
[2024-05-26T16:13:13.193+0000][20776][safepoint   ] Safepoint "Cleanup", Time since last: 49394601800 ns, Reaching safepoint: 125600 ns, At safepoint: 16300 ns, Total: 141900 ns
[2024-05-26T16:13:51.537+0000][20776][safepoint   ] Safepoint "Cleanup", Time since last: 38343307500 ns, Reaching safepoint: 121200 ns, At safepoint: 68400 ns, Total: 189600 ns
[2024-05-26T16:13:54.566+0000][20776][safepoint   ] Safepoint "Cleanup", Time since last: 3028604000 ns, Reaching safepoint: 92800 ns, At safepoint: 18400 ns, Total: 111200 ns
[2024-05-26T16:14:23.826+0000][20776][safepoint   ] Safepoint "Cleanup", Time since last: 29260498600 ns, Reaching safepoint: 105100 ns, At safepoint: 20400 ns, Total: 125500 ns
[2024-05-26T16:14:39.949+0000][20776][safepoint   ] Safepoint "Cleanup", Time since last: 16122423400 ns, Reaching safepoint: 108700 ns, At safepoint: 41400 ns, Total: 150100 ns
[2024-05-26T16:14:42.974+0000][20776][safepoint   ] Safepoint "Cleanup", Time since last: 3025229200 ns, Reaching safepoint: 102900 ns, At safepoint: 17300 ns, Total: 120200 ns
[2024-05-26T16:15:19.284+0000][20776][safepoint   ] Safepoint "Cleanup", Time since last: 36309673400 ns, Reaching safepoint: 245600 ns, At safepoint: 27000 ns, Total: 272600 ns
[2024-05-26T16:15:43.493+0000][20776][safepoint   ] Safepoint "Cleanup", Time since last: 24208638700 ns, Reaching safepoint: 161900 ns, At safepoint: 13700 ns, Total: 175600 ns
[2024-05-26T16:16:27.962+0000][20776][safepoint   ] Safepoint "Cleanup", Time since last: 44469534700 ns, Reaching safepoint: 140600 ns, At safepoint: 9900 ns, Total: 150500 ns
[2024-05-26T16:16:40.076+0000][20776][safepoint   ] Safepoint "Cleanup", Time since last: 12113770600 ns, Reaching safepoint: 120800 ns, At safepoint: 13400 ns, Total: 134200 ns
[2024-05-26T16:16:41.091+0000][20776][safepoint   ] Safepoint "Cleanup", Time since last: 1014663000 ns, Reaching safepoint: 133400 ns, At safepoint: 34400 ns, Total: 167800 ns
[2024-05-26T16:17:23.422+0000][20776][safepoint   ] Safepoint "Cleanup", Time since last: 42330314100 ns, Reaching safepoint: 70100 ns, At safepoint: 21100 ns, Total: 91200 ns
[2024-05-26T16:17:32.493+0000][20776][safepoint   ] Safepoint "Cleanup", Time since last: 9071403300 ns, Reaching safepoint: 114000 ns, At safepoint: 61600 ns, Total: 175600 ns
[2024-05-26T16:17:41.012+0000][20776][safepoint   ] Safepoint "Cleanup", Time since last: 8516666800 ns, Reaching safepoint: 2003000 ns, At safepoint: 25600 ns, Total: 2028600 ns
[2024-05-26T16:18:33.955+0000][20776][safepoint   ] Safepoint "Cleanup", Time since last: 52943177600 ns, Reaching safepoint: 155700 ns, At safepoint: 10400 ns, Total: 166100 ns
[2024-05-26T16:18:49.089+0000][20776][safepoint   ] Safepoint "Cleanup", Time since last: 15133287400 ns, Reaching safepoint: 81800 ns, At safepoint: 9800 ns, Total: 91600 ns
[2024-05-26T16:18:55.120+0000][20776][safepoint   ] Safepoint "Cleanup", Time since last: 6030537600 ns, Reaching safepoint: 116500 ns, At safepoint: 19800 ns, Total: 136300 ns
[2024-05-26T16:18:56.134+0000][20776][safepoint   ] Safepoint "Cleanup", Time since last: 1014519000 ns, Reaching safepoint: 114900 ns, At safepoint: 11400 ns, Total: 126300 ns
[2024-05-26T16:19:01.188+0000][20776][safepoint   ] Safepoint "Cleanup", Time since last: 5053368400 ns, Reaching safepoint: 170500 ns, At safepoint: 10800 ns, Total: 181300 ns
[2024-05-26T16:19:23.326+0000][20776][safepoint   ] Safepoint "Cleanup", Time since last: 22138443600 ns, Reaching safepoint: 117500 ns, At safepoint: 13600 ns, Total: 131100 ns
[2024-05-26T16:20:01.282+0000][20776][gc,start    ] GC(23) Pause Young (Normal) (G1 Evacuation Pause)
[2024-05-26T16:20:01.282+0000][20776][gc,task     ] GC(23) Using 8 workers of 8 for evacuation
[2024-05-26T16:20:01.282+0000][20776][gc,age      ] GC(23) Desired survivor size 159383552 bytes, new threshold 15 (max threshold 15)
[2024-05-26T16:20:01.295+0000][20776][gc,phases   ] GC(23)   Pre Evacuate Collection Set: 0.2ms
[2024-05-26T16:20:01.295+0000][20776][gc,phases   ] GC(23)   Merge Heap Roots: 0.2ms
[2024-05-26T16:20:01.295+0000][20776][gc,phases   ] GC(23)   Evacuate Collection Set: 10.7ms
[2024-05-26T16:20:01.295+0000][20776][gc,phases   ] GC(23)   Post Evacuate Collection Set: 1.6ms
[2024-05-26T16:20:01.295+0000][20776][gc,phases   ] GC(23)   Other: 0.3ms
[2024-05-26T16:20:01.295+0000][20776][gc,age      ] GC(23) Age table with threshold 15 (max threshold 15)
[2024-05-26T16:20:01.295+0000][20776][gc,age      ] GC(23) - age   1:     917344 bytes,     917344 total
[2024-05-26T16:20:01.295+0000][20776][gc,age      ] GC(23) - age   2:     258096 bytes,    1175440 total
[2024-05-26T16:20:01.295+0000][20776][gc,age      ] GC(23) - age   3:       4224 bytes,    1179664 total
[2024-05-26T16:20:01.295+0000][20776][gc,age      ] GC(23) - age   4:      62736 bytes,    1242400 total
[2024-05-26T16:20:01.295+0000][20776][gc,age      ] GC(23) - age   5:      79352 bytes,    1321752 total
[2024-05-26T16:20:01.295+0000][20776][gc,age      ] GC(23) - age   6:      97632 bytes,    1419384 total
[2024-05-26T16:20:01.295+0000][20776][gc,age      ] GC(23) - age   7:    1354328 bytes,    2773712 total
[2024-05-26T16:20:01.295+0000][20776][gc,age      ] GC(23) - age   8:     547464 bytes,    3321176 total
[2024-05-26T16:20:01.295+0000][20776][gc,age      ] GC(23) - age   9:     541504 bytes,    3862680 total
[2024-05-26T16:20:01.295+0000][20776][gc,age      ] GC(23) - age  10:    3297768 bytes,    7160448 total
[2024-05-26T16:20:01.295+0000][20776][gc,heap     ] GC(23) Eden regions: 604->0(604)
[2024-05-26T16:20:01.295+0000][20776][gc,heap     ] GC(23) Survivor regions: 2->2(76)
[2024-05-26T16:20:01.295+0000][20776][gc,heap     ] GC(23) Old regions: 48->48
[2024-05-26T16:20:01.295+0000][20776][gc,heap     ] GC(23) Archive regions: 0->0
[2024-05-26T16:20:01.295+0000][20776][gc,heap     ] GC(23) Humongous regions: 2->2
[2024-05-26T16:20:01.295+0000][20776][gc,metaspace] GC(23) Metaspace: 131546K(135296K)->131546K(135296K) NonClass: 114147K(116096K)->114147K(116096K) Class: 17399K(19200K)->17399K(19200K)
[2024-05-26T16:20:01.296+0000][20776][gc          ] GC(23) Pause Young (Normal) (G1 Evacuation Pause) 2621M->205M(4040M) 13.337ms
[2024-05-26T16:20:01.296+0000][20776][gc,cpu      ] GC(23) User=0.06s Sys=0.02s Real=0.01s
[2024-05-26T16:20:01.296+0000][20776][safepoint   ] Safepoint "G1CollectForAllocation", Time since last: 37956312800 ns, Reaching safepoint: 112600 ns, At safepoint: 13481800 ns, Total: 13594400 ns
[2024-05-26T16:22:23.501+0000][20776][safepoint   ] Safepoint "Cleanup", Time since last: 142204743000 ns, Reaching safepoint: 89100 ns, At safepoint: 19900 ns, Total: 109000 ns
[2024-05-26T16:22:43.689+0000][20776][safepoint   ] Safepoint "Cleanup", Time since last: 20188254200 ns, Reaching safepoint: 94200 ns, At safepoint: 16100 ns, Total: 110300 ns
[2024-05-26T16:23:51.302+0000][20776][safepoint   ] Safepoint "Cleanup", Time since last: 67612415400 ns, Reaching safepoint: 206900 ns, At safepoint: 76700 ns, Total: 283600 ns
[2024-05-26T16:24:23.594+0000][20776][safepoint   ] Safepoint "Cleanup", Time since last: 32291735900 ns, Reaching safepoint: 240900 ns, At safepoint: 43200 ns, Total: 284100 ns
[2024-05-26T16:24:40.759+0000][20776][safepoint   ] Safepoint "Cleanup", Time since last: 17164411000 ns, Reaching safepoint: 120900 ns, At safepoint: 14000 ns, Total: 134900 ns
[2024-05-26T16:25:24.200+0000][20776][safepoint   ] Safepoint "Cleanup", Time since last: 43441336500 ns, Reaching safepoint: 153400 ns, At safepoint: 92000 ns, Total: 245400 ns
[2024-05-26T16:26:23.674+0000][20776][safepoint   ] Safepoint "Cleanup", Time since last: 59473488500 ns, Reaching safepoint: 108300 ns, At safepoint: 18600 ns, Total: 126900 ns
[2024-05-26T16:27:30.214+0000][20776][safepoint   ] Safepoint "Cleanup", Time since last: 66540311400 ns, Reaching safepoint: 124100 ns, At safepoint: 53400 ns, Total: 177500 ns
[2024-05-26T16:28:32.733+0000][20776][safepoint   ] Safepoint "Cleanup", Time since last: 62518470400 ns, Reaching safepoint: 83900 ns, At safepoint: 18500 ns, Total: 102400 ns
[2024-05-26T16:28:52.901+0000][20776][safepoint   ] Safepoint "Cleanup", Time since last: 20168140300 ns, Reaching safepoint: 217100 ns, At safepoint: 24300 ns, Total: 241400 ns
[2024-05-26T16:29:13.100+0000][20776][safepoint   ] Safepoint "Cleanup", Time since last: 20198615100 ns, Reaching safepoint: 186000 ns, At safepoint: 66700 ns, Total: 252700 ns
[2024-05-26T16:29:24.232+0000][20776][safepoint   ] Safepoint "Cleanup", Time since last: 11102467800 ns, Reaching safepoint: 29532500 ns, At safepoint: 78200 ns, Total: 29610700 ns
[2024-05-26T16:29:34.322+0000][20776][safepoint   ] Safepoint "Cleanup", Time since last: 10089300800 ns, Reaching safepoint: 91000 ns, At safepoint: 26500 ns, Total: 117500 ns
[2024-05-26T16:29:54.455+0000][20776][safepoint   ] Safepoint "Cleanup", Time since last: 20133087000 ns, Reaching safepoint: 234500 ns, At safepoint: 82100 ns, Total: 316600 ns
[2024-05-26T16:30:21.797+0000][20776][gc,start    ] GC(24) Pause Young (Normal) (G1 Evacuation Pause)
[2024-05-26T16:30:21.815+0000][20776][gc,task     ] GC(24) Using 8 workers of 8 for evacuation
[2024-05-26T16:30:21.815+0000][20776][gc,age      ] GC(24) Desired survivor size 159383552 bytes, new threshold 15 (max threshold 15)
[2024-05-26T16:30:21.830+0000][20776][gc,phases   ] GC(24)   Pre Evacuate Collection Set: 1.6ms
[2024-05-26T16:30:21.830+0000][20776][gc,phases   ] GC(24)   Merge Heap Roots: 1.0ms
[2024-05-26T16:30:21.830+0000][20776][gc,phases   ] GC(24)   Evacuate Collection Set: 9.2ms
[2024-05-26T16:30:21.830+0000][20776][gc,phases   ] GC(24)   Post Evacuate Collection Set: 1.8ms
[2024-05-26T16:30:21.830+0000][20776][gc,phases   ] GC(24)   Other: 1.2ms
[2024-05-26T16:30:21.830+0000][20776][gc,age      ] GC(24) Age table with threshold 15 (max threshold 15)
[2024-05-26T16:30:21.830+0000][20776][gc,age      ] GC(24) - age   1:    1551608 bytes,    1551608 total
[2024-05-26T16:30:21.830+0000][20776][gc,age      ] GC(24) - age   2:     281896 bytes,    1833504 total
[2024-05-26T16:30:21.830+0000][20776][gc,age      ] GC(24) - age   3:     256688 bytes,    2090192 total
[2024-05-26T16:30:21.830+0000][20776][gc,age      ] GC(24) - age   4:       4224 bytes,    2094416 total
[2024-05-26T16:30:21.830+0000][20776][gc,age      ] GC(24) - age   5:      62616 bytes,    2157032 total
[2024-05-26T16:30:21.830+0000][20776][gc,age      ] GC(24) - age   6:      79352 bytes,    2236384 total
[2024-05-26T16:30:21.830+0000][20776][gc,age      ] GC(24) - age   7:      97592 bytes,    2333976 total
[2024-05-26T16:30:21.830+0000][20776][gc,age      ] GC(24) - age   8:    1354288 bytes,    3688264 total
[2024-05-26T16:30:21.830+0000][20776][gc,age      ] GC(24) - age   9:     547176 bytes,    4235440 total
[2024-05-26T16:30:21.830+0000][20776][gc,age      ] GC(24) - age  10:     541408 bytes,    4776848 total
[2024-05-26T16:30:21.830+0000][20776][gc,age      ] GC(24) - age  11:    3297656 bytes,    8074504 total
[2024-05-26T16:30:21.830+0000][20776][gc,heap     ] GC(24) Eden regions: 604->0(603)
[2024-05-26T16:30:21.830+0000][20776][gc,heap     ] GC(24) Survivor regions: 2->3(76)
[2024-05-26T16:30:21.830+0000][20776][gc,heap     ] GC(24) Old regions: 48->48
[2024-05-26T16:30:21.830+0000][20776][gc,heap     ] GC(24) Archive regions: 0->0
[2024-05-26T16:30:21.830+0000][20776][gc,heap     ] GC(24) Humongous regions: 2->2
[2024-05-26T16:30:21.830+0000][20776][gc,metaspace] GC(24) Metaspace: 131562K(135296K)->131562K(135296K) NonClass: 114163K(116096K)->114163K(116096K) Class: 17399K(19200K)->17399K(19200K)
[2024-05-26T16:30:21.831+0000][20776][gc          ] GC(24) Pause Young (Normal) (G1 Evacuation Pause) 2621M->206M(4040M) 32.625ms
[2024-05-26T16:30:21.831+0000][20776][gc,cpu      ] GC(24) User=0.02s Sys=0.02s Real=0.03s
[2024-05-26T16:30:21.831+0000][20776][safepoint   ] Safepoint "G1CollectForAllocation", Time since last: 27342719300 ns, Reaching safepoint: 129300 ns, At safepoint: 32771800 ns, Total: 32901100 ns
[2024-05-26T16:30:23.842+0000][20776][safepoint   ] Safepoint "Cleanup", Time since last: 2011137000 ns, Reaching safepoint: 128200 ns, At safepoint: 15000 ns, Total: 143200 ns
[2024-05-26T16:31:51.629+0000][20776][safepoint   ] Safepoint "Cleanup", Time since last: 87786566100 ns, Reaching safepoint: 133500 ns, At safepoint: 11100 ns, Total: 144600 ns
[2024-05-26T16:31:53.646+0000][20776][safepoint   ] Safepoint "Cleanup", Time since last: 2017027700 ns, Reaching safepoint: 115100 ns, At safepoint: 55300 ns, Total: 170400 ns
[2024-05-26T16:31:54.647+0000][20776][safepoint   ] Safepoint "Cleanup", Time since last: 1000522500 ns, Reaching safepoint: 141400 ns, At safepoint: 12900 ns, Total: 154300 ns
[2024-05-26T16:34:23.857+0000][20776][safepoint   ] Safepoint "Cleanup", Time since last: 149210734300 ns, Reaching safepoint: 67500 ns, At safepoint: 8100 ns, Total: 75600 ns
[2024-05-26T16:35:24.313+0000][20776][safepoint   ] Safepoint "Cleanup", Time since last: 60436507900 ns, Reaching safepoint: 19163900 ns, At safepoint: 75400 ns, Total: 19239300 ns
[2024-05-26T16:35:56.599+0000][20776][safepoint   ] Safepoint "Cleanup", Time since last: 32285330700 ns, Reaching safepoint: 152700 ns, At safepoint: 12300 ns, Total: 165000 ns
[2024-05-26T16:36:11.679+0000][20776][safepoint   ] Safepoint "Cleanup", Time since last: 15080327700 ns, Reaching safepoint: 108000 ns, At safepoint: 10900 ns, Total: 118900 ns
[2024-05-26T16:36:23.779+0000][20776][safepoint   ] Safepoint "Cleanup", Time since last: 12100018400 ns, Reaching safepoint: 167700 ns, At safepoint: 14400 ns, Total: 182100 ns
[2024-05-26T16:37:58.659+0000][20776][safepoint   ] Safepoint "Cleanup", Time since last: 94880081800 ns, Reaching safepoint: 97200 ns, At safepoint: 12300 ns, Total: 109500 ns
[2024-05-26T16:38:07.731+0000][20776][safepoint   ] Safepoint "Cleanup", Time since last: 9071300700 ns, Reaching safepoint: 106500 ns, At safepoint: 13700 ns, Total: 120200 ns
[2024-05-26T16:38:23.865+0000][20776][safepoint   ] Safepoint "Cleanup", Time since last: 16133995800 ns, Reaching safepoint: 257200 ns, At safepoint: 13900 ns, Total: 271100 ns
[2024-05-26T16:38:41.044+0000][20776][safepoint   ] Safepoint "Cleanup", Time since last: 17178510800 ns, Reaching safepoint: 131500 ns, At safepoint: 16100 ns, Total: 147600 ns
[2024-05-26T16:38:54.143+0000][20776][safepoint   ] Safepoint "Cleanup", Time since last: 13098828000 ns, Reaching safepoint: 96400 ns, At safepoint: 13900 ns, Total: 110300 ns
[2024-05-26T16:39:24.390+0000][20776][safepoint   ] Safepoint "Cleanup", Time since last: 30246853600 ns, Reaching safepoint: 711500 ns, At safepoint: 18700 ns, Total: 730200 ns
[2024-05-26T16:40:00.665+0000][20776][safepoint   ] Safepoint "Cleanup", Time since last: 36274668700 ns, Reaching safepoint: 114900 ns, At safepoint: 20300 ns, Total: 135200 ns
[2024-05-26T16:40:11.439+0000][20776][safepoint   ] Safepoint "Cleanup", Time since last: 10774031800 ns, Reaching safepoint: 95300 ns, At safepoint: 8600 ns, Total: 103900 ns
[2024-05-26T16:40:16.484+0000][20776][safepoint   ] Safepoint "Cleanup", Time since last: 5045114800 ns, Reaching safepoint: 122800 ns, At safepoint: 24400 ns, Total: 147200 ns
[2024-05-26T16:40:17.497+0000][20776][safepoint   ] Safepoint "Cleanup", Time since last: 1012388300 ns, Reaching safepoint: 127100 ns, At safepoint: 9600 ns, Total: 136700 ns
[2024-05-26T16:40:19.517+0000][20776][safepoint   ] Safepoint "Cleanup", Time since last: 2019794400 ns, Reaching safepoint: 111500 ns, At safepoint: 52600 ns, Total: 164100 ns
[2024-05-26T16:40:20.522+0000][20776][safepoint   ] Safepoint "Cleanup", Time since last: 1004634500 ns, Reaching safepoint: 131100 ns, At safepoint: 11800 ns, Total: 142900 ns
[2024-05-26T16:40:22.538+0000][20776][safepoint   ] Safepoint "Cleanup", Time since last: 2016076800 ns, Reaching safepoint: 61000 ns, At safepoint: 13900 ns, Total: 74900 ns
[2024-05-26T16:40:43.525+0000][20776][gc,start    ] GC(25) Pause Young (Normal) (G1 Evacuation Pause)
[2024-05-26T16:40:43.525+0000][20776][gc,task     ] GC(25) Using 8 workers of 8 for evacuation
[2024-05-26T16:40:43.525+0000][20776][gc,age      ] GC(25) Desired survivor size 159383552 bytes, new threshold 15 (max threshold 15)
[2024-05-26T16:40:43.535+0000][20776][gc,phases   ] GC(25)   Pre Evacuate Collection Set: 0.2ms
[2024-05-26T16:40:43.536+0000][20776][gc,phases   ] GC(25)   Merge Heap Roots: 0.2ms
[2024-05-26T16:40:43.536+0000][20776][gc,phases   ] GC(25)   Evacuate Collection Set: 8.9ms
[2024-05-26T16:40:43.536+0000][20776][gc,phases   ] GC(25)   Post Evacuate Collection Set: 1.7ms
[2024-05-26T16:40:43.536+0000][20776][gc,phases   ] GC(25)   Other: 0.2ms
[2024-05-26T16:40:43.536+0000][20776][gc,age      ] GC(25) Age table with threshold 15 (max threshold 15)
[2024-05-26T16:40:43.536+0000][20776][gc,age      ] GC(25) - age   1:    1067984 bytes,    1067984 total
[2024-05-26T16:40:43.536+0000][20776][gc,age      ] GC(25) - age   2:      12040 bytes,    1080024 total
[2024-05-26T16:40:43.536+0000][20776][gc,age      ] GC(25) - age   3:     280432 bytes,    1360456 total
[2024-05-26T16:40:43.536+0000][20776][gc,age      ] GC(25) - age   4:     256608 bytes,    1617064 total
[2024-05-26T16:40:43.536+0000][20776][gc,age      ] GC(25) - age   5:       4224 bytes,    1621288 total
[2024-05-26T16:40:43.536+0000][20776][gc,age      ] GC(25) - age   6:      62616 bytes,    1683904 total
[2024-05-26T16:40:43.536+0000][20776][gc,age      ] GC(25) - age   7:      79272 bytes,    1763176 total
[2024-05-26T16:40:43.536+0000][20776][gc,age      ] GC(25) - age   8:      97592 bytes,    1860768 total
[2024-05-26T16:40:43.536+0000][20776][gc,age      ] GC(25) - age   9:    1354288 bytes,    3215056 total
[2024-05-26T16:40:43.536+0000][20776][gc,age      ] GC(25) - age  10:     547096 bytes,    3762152 total
[2024-05-26T16:40:43.536+0000][20776][gc,age      ] GC(25) - age  11:     541408 bytes,    4303560 total
[2024-05-26T16:40:43.536+0000][20776][gc,age      ] GC(25) - age  12:    3297656 bytes,    7601216 total
[2024-05-26T16:40:43.536+0000][20776][gc,heap     ] GC(25) Eden regions: 603->0(604)
[2024-05-26T16:40:43.536+0000][20776][gc,heap     ] GC(25) Survivor regions: 3->2(76)
[2024-05-26T16:40:43.536+0000][20776][gc,heap     ] GC(25) Old regions: 48->48
[2024-05-26T16:40:43.536+0000][20776][gc,heap     ] GC(25) Archive regions: 0->0
[2024-05-26T16:40:43.536+0000][20776][gc,heap     ] GC(25) Humongous regions: 2->2
[2024-05-26T16:40:43.536+0000][20776][gc,metaspace] GC(25) Metaspace: 131631K(135424K)->131631K(135424K) NonClass: 114232K(116224K)->114232K(116224K) Class: 17399K(19200K)->17399K(19200K)
[2024-05-26T16:40:43.536+0000][20776][gc          ] GC(25) Pause Young (Normal) (G1 Evacuation Pause) 2618M->205M(4040M) 11.683ms
[2024-05-26T16:40:43.536+0000][20776][gc,cpu      ] GC(25) User=0.00s Sys=0.00s Real=0.01s
[2024-05-26T16:40:43.536+0000][20776][safepoint   ] Safepoint "G1CollectForAllocation", Time since last: 20986610300 ns, Reaching safepoint: 119700 ns, At safepoint: 11795000 ns, Total: 11914700 ns
[2024-05-26T16:40:52.595+0000][20776][safepoint   ] Safepoint "Cleanup", Time since last: 9058432200 ns, Reaching safepoint: 141500 ns, At safepoint: 11300 ns, Total: 152800 ns
[2024-05-26T16:42:24.337+0000][20776][safepoint   ] Safepoint "Cleanup", Time since last: 91742351200 ns, Reaching safepoint: 105800 ns, At safepoint: 48500 ns, Total: 154300 ns
[2024-05-26T16:42:59.617+0000][20776][safepoint   ] Safepoint "Cleanup", Time since last: 35279524500 ns, Reaching safepoint: 88600 ns, At safepoint: 11100 ns, Total: 99700 ns
[2024-05-26T16:43:58.011+0000][20776][safepoint   ] Safepoint "Cleanup", Time since last: 58394209800 ns, Reaching safepoint: 183700 ns, At safepoint: 16200 ns, Total: 199900 ns
[2024-05-26T16:44:24.175+0000][20776][safepoint   ] Safepoint "Cleanup", Time since last: 26163394400 ns, Reaching safepoint: 72800 ns, At safepoint: 12700 ns, Total: 85500 ns
[2024-05-26T16:44:33.224+0000][20776][safepoint   ] Safepoint "Cleanup", Time since last: 9049180500 ns, Reaching safepoint: 99900 ns, At safepoint: 11200 ns, Total: 111100 ns
[2024-05-26T16:45:11.487+0000][20776][safepoint   ] Safepoint "Cleanup", Time since last: 38262403100 ns, Reaching safepoint: 206400 ns, At safepoint: 46700 ns, Total: 253100 ns
[2024-05-26T16:48:23.783+0000][20776][safepoint   ] Safepoint "Cleanup", Time since last: 192296183400 ns, Reaching safepoint: 159400 ns, At safepoint: 19000 ns, Total: 178400 ns
[2024-05-26T16:49:34.111+0000][20776][safepoint   ] Safepoint "Cleanup", Time since last: 70327920900 ns, Reaching safepoint: 88000 ns, At safepoint: 61600 ns, Total: 149600 ns
[2024-05-26T16:49:48.208+0000][20776][safepoint   ] Safepoint "Cleanup", Time since last: 14096797300 ns, Reaching safepoint: 140600 ns, At safepoint: 7800 ns, Total: 148400 ns
[2024-05-26T16:49:51.224+0000][20776][safepoint   ] Safepoint "Cleanup", Time since last: 3015325600 ns, Reaching safepoint: 180500 ns, At safepoint: 14000 ns, Total: 194500 ns
[2024-05-26T16:50:24.388+0000][20776][safepoint   ] Safepoint "Cleanup", Time since last: 33163933100 ns, Reaching safepoint: 208300 ns, At safepoint: 14700 ns, Total: 223000 ns
[2024-05-26T16:50:47.502+0000][20776][safepoint   ] Safepoint "Cleanup", Time since last: 23113557700 ns, Reaching safepoint: 168100 ns, At safepoint: 13800 ns, Total: 181900 ns
[2024-05-26T16:50:53.888+0000][20776][gc,start    ] GC(26) Pause Young (Normal) (G1 Evacuation Pause)
[2024-05-26T16:50:53.923+0000][20776][gc,task     ] GC(26) Using 8 workers of 8 for evacuation
[2024-05-26T16:50:53.923+0000][20776][gc,age      ] GC(26) Desired survivor size 159383552 bytes, new threshold 15 (max threshold 15)
[2024-05-26T16:50:54.008+0000][20776][gc,phases   ] GC(26)   Pre Evacuate Collection Set: 13.6ms
[2024-05-26T16:50:54.008+0000][20776][gc,phases   ] GC(26)   Merge Heap Roots: 1.0ms
[2024-05-26T16:50:54.008+0000][20776][gc,phases   ] GC(26)   Evacuate Collection Set: 63.2ms
[2024-05-26T16:50:54.008+0000][20776][gc,phases   ] GC(26)   Post Evacuate Collection Set: 5.9ms
[2024-05-26T16:50:54.008+0000][20776][gc,phases   ] GC(26)   Other: 18.2ms
[2024-05-26T16:50:54.008+0000][20776][gc,age      ] GC(26) Age table with threshold 15 (max threshold 15)
[2024-05-26T16:50:54.008+0000][20776][gc,age      ] GC(26) - age   1:     910968 bytes,     910968 total
[2024-05-26T16:50:54.008+0000][20776][gc,age      ] GC(26) - age   2:       5016 bytes,     915984 total
[2024-05-26T16:50:54.008+0000][20776][gc,age      ] GC(26) - age   3:      10168 bytes,     926152 total
[2024-05-26T16:50:54.008+0000][20776][gc,age      ] GC(26) - age   4:     280352 bytes,    1206504 total
[2024-05-26T16:50:54.008+0000][20776][gc,age      ] GC(26) - age   5:     256608 bytes,    1463112 total
[2024-05-26T16:50:54.008+0000][20776][gc,age      ] GC(26) - age   6:       4224 bytes,    1467336 total
[2024-05-26T16:50:54.008+0000][20776][gc,age      ] GC(26) - age   7:      62616 bytes,    1529952 total
[2024-05-26T16:50:54.008+0000][20776][gc,age      ] GC(26) - age   8:      79192 bytes,    1609144 total
[2024-05-26T16:50:54.008+0000][20776][gc,age      ] GC(26) - age   9:      97592 bytes,    1706736 total
[2024-05-26T16:50:54.008+0000][20776][gc,age      ] GC(26) - age  10:    1354288 bytes,    3061024 total
[2024-05-26T16:50:54.008+0000][20776][gc,age      ] GC(26) - age  11:     547096 bytes,    3608120 total
[2024-05-26T16:50:54.008+0000][20776][gc,age      ] GC(26) - age  12:     541408 bytes,    4149528 total
[2024-05-26T16:50:54.008+0000][20776][gc,age      ] GC(26) - age  13:    3297656 bytes,    7447184 total
[2024-05-26T16:50:54.008+0000][20776][gc,heap     ] GC(26) Eden regions: 604->0(604)
[2024-05-26T16:50:54.008+0000][20776][gc,heap     ] GC(26) Survivor regions: 2->2(76)
[2024-05-26T16:50:54.008+0000][20776][gc,heap     ] GC(26) Old regions: 48->48
[2024-05-26T16:50:54.008+0000][20776][gc,heap     ] GC(26) Archive regions: 0->0
[2024-05-26T16:50:54.008+0000][20776][gc,heap     ] GC(26) Humongous regions: 2->2
[2024-05-26T16:50:54.014+0000][20776][gc,metaspace] GC(26) Metaspace: 131633K(135424K)->131633K(135424K) NonClass: 114234K(116224K)->114234K(116224K) Class: 17399K(19200K)->17399K(19200K)
[2024-05-26T16:50:54.015+0000][20776][gc          ] GC(26) Pause Young (Normal) (G1 Evacuation Pause) 2621M->205M(4040M) 125.438ms
[2024-05-26T16:50:54.015+0000][20776][gc,cpu      ] GC(26) User=0.06s Sys=0.33s Real=0.13s
[2024-05-26T16:50:54.015+0000][20776][safepoint   ] Safepoint "G1CollectForAllocation", Time since last: 6386479300 ns, Reaching safepoint: 132700 ns, At safepoint: 126546700 ns, Total: 126679400 ns
[2024-05-26T16:53:00.639+0000][20776][safepoint   ] Safepoint "Cleanup", Time since last: 126623778400 ns, Reaching safepoint: 176200 ns, At safepoint: 58000 ns, Total: 234200 ns
[2024-05-26T16:53:50.885+0000][20776][safepoint   ] Safepoint "Cleanup", Time since last: 50245696900 ns, Reaching safepoint: 105800 ns, At safepoint: 45100 ns, Total: 150900 ns
[2024-05-26T16:54:22.047+0000][20776][safepoint   ] Safepoint "Cleanup", Time since last: 31161879700 ns, Reaching safepoint: 123800 ns, At safepoint: 12700 ns, Total: 136500 ns
[2024-05-26T16:54:43.130+0000][20776][safepoint   ] Safepoint "Cleanup", Time since last: 21083232900 ns, Reaching safepoint: 84700 ns, At safepoint: 8500 ns, Total: 93200 ns
[2024-05-26T16:56:48.801+0000][20776][safepoint   ] Safepoint "Cleanup", Time since last: 125670969100 ns, Reaching safepoint: 110200 ns, At safepoint: 11600 ns, Total: 121800 ns
[2024-05-26T16:58:24.605+0000][20776][safepoint   ] Safepoint "Cleanup", Time since last: 95803162200 ns, Reaching safepoint: 103000 ns, At safepoint: 9000 ns, Total: 112000 ns
[2024-05-26T17:00:22.575+0000][20776][safepoint   ] Safepoint "Cleanup", Time since last: 117970638100 ns, Reaching safepoint: 166100 ns, At safepoint: 18600 ns, Total: 184700 ns
[2024-05-26T17:01:07.711+0000][20776][gc,start    ] GC(27) Pause Young (Normal) (G1 Evacuation Pause)
[2024-05-26T17:01:07.711+0000][20776][gc,task     ] GC(27) Using 8 workers of 8 for evacuation
[2024-05-26T17:01:07.711+0000][20776][gc,age      ] GC(27) Desired survivor size 159383552 bytes, new threshold 15 (max threshold 15)
[2024-05-26T17:01:07.732+0000][20776][gc,phases   ] GC(27)   Pre Evacuate Collection Set: 5.3ms
[2024-05-26T17:01:07.732+0000][20776][gc,phases   ] GC(27)   Merge Heap Roots: 0.3ms
[2024-05-26T17:01:07.732+0000][20776][gc,phases   ] GC(27)   Evacuate Collection Set: 13.0ms
[2024-05-26T17:01:07.732+0000][20776][gc,phases   ] GC(27)   Post Evacuate Collection Set: 1.6ms
[2024-05-26T17:01:07.732+0000][20776][gc,phases   ] GC(27)   Other: 0.3ms
[2024-05-26T17:01:07.732+0000][20776][gc,age      ] GC(27) Age table with threshold 15 (max threshold 15)
[2024-05-26T17:01:07.732+0000][20776][gc,age      ] GC(27) - age   1:     854544 bytes,     854544 total
[2024-05-26T17:01:07.732+0000][20776][gc,age      ] GC(27) - age   2:       3144 bytes,     857688 total
[2024-05-26T17:01:07.732+0000][20776][gc,age      ] GC(27) - age   3:       3800 bytes,     861488 total
[2024-05-26T17:01:07.732+0000][20776][gc,age      ] GC(27) - age   4:      10016 bytes,     871504 total
[2024-05-26T17:01:07.732+0000][20776][gc,age      ] GC(27) - age   5:     280352 bytes,    1151856 total
[2024-05-26T17:01:07.732+0000][20776][gc,age      ] GC(27) - age   6:     256240 bytes,    1408096 total
[2024-05-26T17:01:07.732+0000][20776][gc,age      ] GC(27) - age   7:       4040 bytes,    1412136 total
[2024-05-26T17:01:07.732+0000][20776][gc,age      ] GC(27) - age   8:      62616 bytes,    1474752 total
[2024-05-26T17:01:07.732+0000][20776][gc,age      ] GC(27) - age   9:      79064 bytes,    1553816 total
[2024-05-26T17:01:07.732+0000][20776][gc,age      ] GC(27) - age  10:      97592 bytes,    1651408 total
[2024-05-26T17:01:07.732+0000][20776][gc,age      ] GC(27) - age  11:    1354288 bytes,    3005696 total
[2024-05-26T17:01:07.732+0000][20776][gc,age      ] GC(27) - age  12:     547096 bytes,    3552792 total
[2024-05-26T17:01:07.732+0000][20776][gc,age      ] GC(27) - age  13:     541408 bytes,    4094200 total
[2024-05-26T17:01:07.732+0000][20776][gc,age      ] GC(27) - age  14:    3297656 bytes,    7391856 total
[2024-05-26T17:01:07.732+0000][20776][gc,heap     ] GC(27) Eden regions: 604->0(604)
[2024-05-26T17:01:07.732+0000][20776][gc,heap     ] GC(27) Survivor regions: 2->2(76)
[2024-05-26T17:01:07.732+0000][20776][gc,heap     ] GC(27) Old regions: 48->48
[2024-05-26T17:01:07.732+0000][20776][gc,heap     ] GC(27) Archive regions: 0->0
[2024-05-26T17:01:07.732+0000][20776][gc,heap     ] GC(27) Humongous regions: 2->2
[2024-05-26T17:01:07.732+0000][20776][gc,metaspace] GC(27) Metaspace: 131646K(135424K)->131646K(135424K) NonClass: 114245K(116224K)->114245K(116224K) Class: 17401K(19200K)->17401K(19200K)
[2024-05-26T17:01:07.732+0000][20776][gc          ] GC(27) Pause Young (Normal) (G1 Evacuation Pause) 2621M->205M(4040M) 20.867ms
[2024-05-26T17:01:07.732+0000][20776][gc,cpu      ] GC(27) User=0.03s Sys=0.03s Real=0.02s
[2024-05-26T17:01:07.732+0000][20776][safepoint   ] Safepoint "G1CollectForAllocation", Time since last: 45135705000 ns, Reaching safepoint: 139900 ns, At safepoint: 20953800 ns, Total: 21093700 ns
[2024-05-26T17:01:23.906+0000][20776][safepoint   ] Safepoint "Cleanup", Time since last: 16174215500 ns, Reaching safepoint: 104500 ns, At safepoint: 11700 ns, Total: 116200 ns
[2024-05-26T17:02:04.228+0000][20776][safepoint   ] Safepoint "Cleanup", Time since last: 40321110600 ns, Reaching safepoint: 148600 ns, At safepoint: 12600 ns, Total: 161200 ns
[2024-05-26T17:02:16.314+0000][20776][safepoint   ] Safepoint "Cleanup", Time since last: 12086435600 ns, Reaching safepoint: 166200 ns, At safepoint: 69800 ns, Total: 236000 ns
[2024-05-26T17:02:24.384+0000][20776][safepoint   ] Safepoint "Cleanup", Time since last: 8069544500 ns, Reaching safepoint: 168600 ns, At safepoint: 16000 ns, Total: 184600 ns
[2024-05-26T17:03:23.853+0000][20776][safepoint   ] Safepoint "Cleanup", Time since last: 59468561200 ns, Reaching safepoint: 158600 ns, At safepoint: 16100 ns, Total: 174700 ns
[2024-05-26T17:04:24.343+0000][20776][safepoint   ] Safepoint "Cleanup", Time since last: 60490429200 ns, Reaching safepoint: 201300 ns, At safepoint: 15400 ns, Total: 216700 ns
[2024-05-26T17:04:47.509+0000][20776][safepoint   ] Safepoint "Cleanup", Time since last: 23165851200 ns, Reaching safepoint: 147100 ns, At safepoint: 12600 ns, Total: 159700 ns
[2024-05-26T17:04:53.558+0000][20776][safepoint   ] Safepoint "Cleanup", Time since last: 6048556500 ns, Reaching safepoint: 74600 ns, At safepoint: 53000 ns, Total: 127600 ns
[2024-05-26T17:05:23.813+0000][20776][safepoint   ] Safepoint "Cleanup", Time since last: 30254854000 ns, Reaching safepoint: 101200 ns, At safepoint: 17700 ns, Total: 118900 ns
[2024-05-26T17:06:53.492+0000][20776][safepoint   ] Safepoint "Cleanup", Time since last: 89678813500 ns, Reaching safepoint: 113200 ns, At safepoint: 18100 ns, Total: 131300 ns
[2024-05-26T17:06:56.536+0000][20776][safepoint   ] Safepoint "Cleanup", Time since last: 3043517100 ns, Reaching safepoint: 138900 ns, At safepoint: 16100 ns, Total: 155000 ns
[2024-05-26T17:07:23.754+0000][20776][safepoint   ] Safepoint "Cleanup", Time since last: 27218282300 ns, Reaching safepoint: 112400 ns, At safepoint: 9600 ns, Total: 122000 ns
[2024-05-26T17:07:31.803+0000][20776][safepoint   ] Safepoint "Cleanup", Time since last: 8048779700 ns, Reaching safepoint: 180200 ns, At safepoint: 63400 ns, Total: 243600 ns
[2024-05-26T17:07:32.804+0000][20776][safepoint   ] Safepoint "Cleanup", Time since last: 1000707200 ns, Reaching safepoint: 112800 ns, At safepoint: 47500 ns, Total: 160300 ns
[2024-05-26T17:07:38.837+0000][20776][safepoint   ] Safepoint "Cleanup", Time since last: 6032049600 ns, Reaching safepoint: 297800 ns, At safepoint: 373000 ns, Total: 670800 ns
[2024-05-26T17:07:59.952+0000][20776][safepoint   ] Safepoint "Cleanup", Time since last: 21115071300 ns, Reaching safepoint: 138400 ns, At safepoint: 19100 ns, Total: 157500 ns
[2024-05-26T17:09:54.873+0000][20776][safepoint   ] Safepoint "Cleanup", Time since last: 114920967400 ns, Reaching safepoint: 127500 ns, At safepoint: 7500 ns, Total: 135000 ns
[2024-05-26T17:10:10.021+0000][20776][safepoint   ] Safepoint "Cleanup", Time since last: 15147613900 ns, Reaching safepoint: 75800 ns, At safepoint: 8300 ns, Total: 84100 ns
[2024-05-26T17:11:03.113+0000][20776][gc,start    ] GC(28) Pause Young (Normal) (G1 Evacuation Pause)
[2024-05-26T17:11:03.113+0000][20776][gc,task     ] GC(28) Using 8 workers of 8 for evacuation
[2024-05-26T17:11:03.113+0000][20776][gc,age      ] GC(28) Desired survivor size 159383552 bytes, new threshold 15 (max threshold 15)
[2024-05-26T17:11:03.125+0000][20776][gc,phases   ] GC(28)   Pre Evacuate Collection Set: 0.2ms
[2024-05-26T17:11:03.125+0000][20776][gc,phases   ] GC(28)   Merge Heap Roots: 0.8ms
[2024-05-26T17:11:03.125+0000][20776][gc,phases   ] GC(28)   Evacuate Collection Set: 8.7ms
[2024-05-26T17:11:03.125+0000][20776][gc,phases   ] GC(28)   Post Evacuate Collection Set: 1.3ms
[2024-05-26T17:11:03.125+0000][20776][gc,phases   ] GC(28)   Other: 0.6ms
[2024-05-26T17:11:03.125+0000][20776][gc,age      ] GC(28) Age table with threshold 15 (max threshold 15)
[2024-05-26T17:11:03.125+0000][20776][gc,age      ] GC(28) - age   1:    1467336 bytes,    1467336 total
[2024-05-26T17:11:03.125+0000][20776][gc,age      ] GC(28) - age   2:       7264 bytes,    1474600 total
[2024-05-26T17:11:03.125+0000][20776][gc,age      ] GC(28) - age   3:       1312 bytes,    1475912 total
[2024-05-26T17:11:03.125+0000][20776][gc,age      ] GC(28) - age   4:       3800 bytes,    1479712 total
[2024-05-26T17:11:03.125+0000][20776][gc,age      ] GC(28) - age   5:       3584 bytes,    1483296 total
[2024-05-26T17:11:03.125+0000][20776][gc,age      ] GC(28) - age   6:     101264 bytes,    1584560 total
[2024-05-26T17:11:03.125+0000][20776][gc,age      ] GC(28) - age   7:     246912 bytes,    1831472 total
[2024-05-26T17:11:03.125+0000][20776][gc,age      ] GC(28) - age   8:       4040 bytes,    1835512 total
[2024-05-26T17:11:03.125+0000][20776][gc,age      ] GC(28) - age   9:      62616 bytes,    1898128 total
[2024-05-26T17:11:03.125+0000][20776][gc,age      ] GC(28) - age  10:      79064 bytes,    1977192 total
[2024-05-26T17:11:03.125+0000][20776][gc,age      ] GC(28) - age  11:      97592 bytes,    2074784 total
[2024-05-26T17:11:03.125+0000][20776][gc,age      ] GC(28) - age  12:    1222808 bytes,    3297592 total
[2024-05-26T17:11:03.125+0000][20776][gc,age      ] GC(28) - age  13:     547096 bytes,    3844688 total
[2024-05-26T17:11:03.125+0000][20776][gc,age      ] GC(28) - age  14:     541136 bytes,    4385824 total
[2024-05-26T17:11:03.125+0000][20776][gc,age      ] GC(28) - age  15:    3297160 bytes,    7682984 total
[2024-05-26T17:11:03.125+0000][20776][gc,heap     ] GC(28) Eden regions: 604->0(603)
[2024-05-26T17:11:03.125+0000][20776][gc,heap     ] GC(28) Survivor regions: 2->3(76)
[2024-05-26T17:11:03.125+0000][20776][gc,heap     ] GC(28) Old regions: 48->48
[2024-05-26T17:11:03.125+0000][20776][gc,heap     ] GC(28) Archive regions: 0->0
[2024-05-26T17:11:03.125+0000][20776][gc,heap     ] GC(28) Humongous regions: 2->2
[2024-05-26T17:11:03.125+0000][20776][gc,metaspace] GC(28) Metaspace: 131664K(135424K)->131664K(135424K) NonClass: 114262K(116224K)->114262K(116224K) Class: 17401K(19200K)->17401K(19200K)
[2024-05-26T17:11:03.125+0000][20776][gc          ] GC(28) Pause Young (Normal) (G1 Evacuation Pause) 2621M->205M(4040M) 12.327ms
[2024-05-26T17:11:03.125+0000][20776][gc,cpu      ] GC(28) User=0.09s Sys=0.00s Real=0.01s
[2024-05-26T17:11:03.125+0000][20776][safepoint   ] Safepoint "G1CollectForAllocation", Time since last: 53092285900 ns, Reaching safepoint: 112000 ns, At safepoint: 12473300 ns, Total: 12585300 ns
[2024-05-26T17:11:04.134+0000][20776][safepoint   ] Safepoint "Cleanup", Time since last: 1007917800 ns, Reaching safepoint: 108800 ns, At safepoint: 83900 ns, Total: 192700 ns
[2024-05-26T17:11:58.529+0000][20776][safepoint   ] Safepoint "Cleanup", Time since last: 54378229300 ns, Reaching safepoint: 17167300 ns, At safepoint: 71600 ns, Total: 17238900 ns
[2024-05-26T17:12:23.791+0000][20776][safepoint   ] Safepoint "Cleanup", Time since last: 25261618700 ns, Reaching safepoint: 70000 ns, At safepoint: 12700 ns, Total: 82700 ns
[2024-05-26T17:13:27.320+0000][20776][safepoint   ] Safepoint "Cleanup", Time since last: 63528872100 ns, Reaching safepoint: 155300 ns, At safepoint: 8600 ns, Total: 163900 ns
[2024-05-26T17:14:51.022+0000][20776][safepoint   ] Safepoint "Cleanup", Time since last: 83701574700 ns, Reaching safepoint: 118300 ns, At safepoint: 42900 ns, Total: 161200 ns
[2024-05-26T17:15:22.250+0000][20776][safepoint   ] Safepoint "Cleanup", Time since last: 31228553400 ns, Reaching safepoint: 142800 ns, At safepoint: 10300 ns, Total: 153100 ns
[2024-05-26T17:15:53.555+0000][20776][safepoint   ] Safepoint "Cleanup", Time since last: 31304515800 ns, Reaching safepoint: 119800 ns, At safepoint: 20200 ns, Total: 140000 ns
[2024-05-26T17:16:04.653+0000][20776][safepoint   ] Safepoint "Cleanup", Time since last: 11098046600 ns, Reaching safepoint: 129100 ns, At safepoint: 15200 ns, Total: 144300 ns
[2024-05-26T17:16:42.000+0000][20776][safepoint   ] Safepoint "Cleanup", Time since last: 37346916300 ns, Reaching safepoint: 151000 ns, At safepoint: 12900 ns, Total: 163900 ns
[2024-05-26T17:16:58.100+0000][20776][safepoint   ] Safepoint "Cleanup", Time since last: 16099188400 ns, Reaching safepoint: 71900 ns, At safepoint: 12100 ns, Total: 84000 ns
[2024-05-26T17:16:59.101+0000][20776][safepoint   ] Safepoint "Cleanup", Time since last: 1001101600 ns, Reaching safepoint: 89400 ns, At safepoint: 13300 ns, Total: 102700 ns
[2024-05-26T17:17:04.148+0000][20776][safepoint   ] Safepoint "Cleanup", Time since last: 5046897900 ns, Reaching safepoint: 146100 ns, At safepoint: 14600 ns, Total: 160700 ns
[2024-05-26T17:18:09.724+0000][20776][safepoint   ] Safepoint "Cleanup", Time since last: 65575942100 ns, Reaching safepoint: 93100 ns, At safepoint: 14600 ns, Total: 107700 ns
[2024-05-26T17:18:23.904+0000][20776][safepoint   ] Safepoint "Cleanup", Time since last: 14179921100 ns, Reaching safepoint: 103100 ns, At safepoint: 17700 ns, Total: 120800 ns
[2024-05-26T17:18:55.216+0000][20776][safepoint   ] Safepoint "Cleanup", Time since last: 31311535600 ns, Reaching safepoint: 105200 ns, At safepoint: 16400 ns, Total: 121600 ns
[2024-05-26T17:19:22.421+0000][20776][safepoint   ] Safepoint "Cleanup", Time since last: 27205529400 ns, Reaching safepoint: 143400 ns, At safepoint: 5300 ns, Total: 148700 ns
[2024-05-26T17:19:26.455+0000][20776][safepoint   ] Safepoint "Cleanup", Time since last: 4033800400 ns, Reaching safepoint: 167100 ns, At safepoint: 17000 ns, Total: 184100 ns
[2024-05-26T17:19:59.665+0000][20776][safepoint   ] Safepoint "Cleanup", Time since last: 33210108900 ns, Reaching safepoint: 329100 ns, At safepoint: 36100 ns, Total: 365200 ns
[2024-05-26T17:21:11.161+0000][20776][safepoint   ] Safepoint "Cleanup", Time since last: 71494954600 ns, Reaching safepoint: 248800 ns, At safepoint: 26000 ns, Total: 274800 ns
[2024-05-26T17:21:13.129+0000][20776][gc,start    ] GC(29) Pause Young (Normal) (G1 Evacuation Pause)
[2024-05-26T17:21:13.129+0000][20776][gc,task     ] GC(29) Using 8 workers of 8 for evacuation
[2024-05-26T17:21:13.129+0000][20776][gc,age      ] GC(29) Desired survivor size 159383552 bytes, new threshold 15 (max threshold 15)
[2024-05-26T17:21:13.153+0000][20776][gc,phases   ] GC(29)   Pre Evacuate Collection Set: 0.4ms
[2024-05-26T17:21:13.153+0000][20776][gc,phases   ] GC(29)   Merge Heap Roots: 0.4ms
[2024-05-26T17:21:13.153+0000][20776][gc,phases   ] GC(29)   Evacuate Collection Set: 20.4ms
[2024-05-26T17:21:13.153+0000][20776][gc,phases   ] GC(29)   Post Evacuate Collection Set: 1.9ms
[2024-05-26T17:21:13.153+0000][20776][gc,phases   ] GC(29)   Other: 0.6ms
[2024-05-26T17:21:13.153+0000][20776][gc,age      ] GC(29) Age table with threshold 15 (max threshold 15)
[2024-05-26T17:21:13.153+0000][20776][gc,age      ] GC(29) - age   1:     833816 bytes,     833816 total
[2024-05-26T17:21:13.153+0000][20776][gc,age      ] GC(29) - age   2:     243960 bytes,    1077776 total
[2024-05-26T17:21:13.153+0000][20776][gc,age      ] GC(29) - age   3:       6688 bytes,    1084464 total
[2024-05-26T17:21:13.153+0000][20776][gc,age      ] GC(29) - age   4:       1312 bytes,    1085776 total
[2024-05-26T17:21:13.153+0000][20776][gc,age      ] GC(29) - age   5:       3720 bytes,    1089496 total
[2024-05-26T17:21:13.153+0000][20776][gc,age      ] GC(29) - age   6:       3584 bytes,    1093080 total
[2024-05-26T17:21:13.153+0000][20776][gc,age      ] GC(29) - age   7:      83784 bytes,    1176864 total
[2024-05-26T17:21:13.153+0000][20776][gc,age      ] GC(29) - age   8:     246880 bytes,    1423744 total
[2024-05-26T17:21:13.153+0000][20776][gc,age      ] GC(29) - age   9:       3960 bytes,    1427704 total
[2024-05-26T17:21:13.153+0000][20776][gc,age      ] GC(29) - age  10:      62616 bytes,    1490320 total
[2024-05-26T17:21:13.153+0000][20776][gc,age      ] GC(29) - age  11:      78984 bytes,    1569304 total
[2024-05-26T17:21:13.153+0000][20776][gc,age      ] GC(29) - age  12:      97592 bytes,    1666896 total
[2024-05-26T17:21:13.153+0000][20776][gc,age      ] GC(29) - age  13:    1222808 bytes,    2889704 total
[2024-05-26T17:21:13.153+0000][20776][gc,age      ] GC(29) - age  14:     547096 bytes,    3436800 total
[2024-05-26T17:21:13.153+0000][20776][gc,age      ] GC(29) - age  15:     541136 bytes,    3977936 total
[2024-05-26T17:21:13.153+0000][20776][gc,heap     ] GC(29) Eden regions: 603->0(604)
[2024-05-26T17:21:13.153+0000][20776][gc,heap     ] GC(29) Survivor regions: 3->2(76)
[2024-05-26T17:21:13.153+0000][20776][gc,heap     ] GC(29) Old regions: 48->49
[2024-05-26T17:21:13.153+0000][20776][gc,heap     ] GC(29) Archive regions: 0->0
[2024-05-26T17:21:13.153+0000][20776][gc,heap     ] GC(29) Humongous regions: 2->2
[2024-05-26T17:21:13.153+0000][20776][gc,metaspace] GC(29) Metaspace: 131668K(135424K)->131668K(135424K) NonClass: 114266K(116224K)->114266K(116224K) Class: 17401K(19200K)->17401K(19200K)
[2024-05-26T17:21:13.153+0000][20776][gc          ] GC(29) Pause Young (Normal) (G1 Evacuation Pause) 2617M->205M(4040M) 24.446ms
[2024-05-26T17:21:13.153+0000][20776][gc,cpu      ] GC(29) User=0.03s Sys=0.00s Real=0.02s
[2024-05-26T17:21:13.153+0000][20776][safepoint   ] Safepoint "G1CollectForAllocation", Time since last: 1967820300 ns, Reaching safepoint: 199900 ns, At safepoint: 24586500 ns, Total: 24786400 ns
[2024-05-26T17:21:29.053+0000][20776][safepoint   ] Safepoint "Cleanup", Time since last: 15899212200 ns, Reaching safepoint: 87400 ns, At safepoint: 5700 ns, Total: 93100 ns
[2024-05-26T17:22:25.447+0000][20776][safepoint   ] Safepoint "Cleanup", Time since last: 56393718100 ns, Reaching safepoint: 166300 ns, At safepoint: 14400 ns, Total: 180700 ns
[2024-05-26T17:22:37.562+0000][20776][safepoint   ] Safepoint "Cleanup", Time since last: 12115416100 ns, Reaching safepoint: 120800 ns, At safepoint: 10200 ns, Total: 131000 ns
[2024-05-26T17:22:52.708+0000][20776][safepoint   ] Safepoint "Cleanup", Time since last: 15145640800 ns, Reaching safepoint: 115900 ns, At safepoint: 32000 ns, Total: 147900 ns
[2024-05-26T17:23:08.878+0000][20776][safepoint   ] Safepoint "Cleanup", Time since last: 16169278700 ns, Reaching safepoint: 91900 ns, At safepoint: 23900 ns, Total: 115800 ns
[2024-05-26T17:23:41.120+0000][20776][safepoint   ] Safepoint "Cleanup", Time since last: 32242592300 ns, Reaching safepoint: 134900 ns, At safepoint: 41000 ns, Total: 175900 ns
[2024-05-26T17:25:16.732+0000][20776][safepoint   ] Safepoint "Cleanup", Time since last: 95611094100 ns, Reaching safepoint: 110000 ns, At safepoint: 10700 ns, Total: 120700 ns
[2024-05-26T17:25:23.763+0000][20776][safepoint   ] Safepoint "Cleanup", Time since last: 7031325800 ns, Reaching safepoint: 720300 ns, At safepoint: 5700 ns, Total: 726000 ns
[2024-05-26T17:28:17.024+0000][20776][safepoint   ] Safepoint "Cleanup", Time since last: 173260578800 ns, Reaching safepoint: 74100 ns, At safepoint: 9300 ns, Total: 83400 ns
[2024-05-26T17:29:06.468+0000][20776][safepoint   ] Safepoint "Cleanup", Time since last: 49428007800 ns, Reaching safepoint: 15592700 ns, At safepoint: 76900 ns, Total: 15669600 ns
[2024-05-26T17:29:24.594+0000][20776][safepoint   ] Safepoint "Cleanup", Time since last: 18125597900 ns, Reaching safepoint: 109300 ns, At safepoint: 51300 ns, Total: 160600 ns
[2024-05-26T17:29:51.755+0000][20776][safepoint   ] Safepoint "Cleanup", Time since last: 27161499700 ns, Reaching safepoint: 258900 ns, At safepoint: 19000 ns, Total: 277900 ns
[2024-05-26T17:30:48.297+0000][20776][safepoint   ] Safepoint "Cleanup", Time since last: 56541781400 ns, Reaching safepoint: 83200 ns, At safepoint: 15300 ns, Total: 98500 ns
[2024-05-26T17:31:18.489+0000][20776][gc,start    ] GC(30) Pause Young (Normal) (G1 Evacuation Pause)
[2024-05-26T17:31:18.489+0000][20776][gc,task     ] GC(30) Using 8 workers of 8 for evacuation
[2024-05-26T17:31:18.489+0000][20776][gc,age      ] GC(30) Desired survivor size 159383552 bytes, new threshold 15 (max threshold 15)
[2024-05-26T17:31:18.497+0000][20776][gc,phases   ] GC(30)   Pre Evacuate Collection Set: 0.2ms
[2024-05-26T17:31:18.497+0000][20776][gc,phases   ] GC(30)   Merge Heap Roots: 0.2ms
[2024-05-26T17:31:18.497+0000][20776][gc,phases   ] GC(30)   Evacuate Collection Set: 5.8ms
[2024-05-26T17:31:18.497+0000][20776][gc,phases   ] GC(30)   Post Evacuate Collection Set: 1.8ms
[2024-05-26T17:31:18.497+0000][20776][gc,phases   ] GC(30)   Other: 0.2ms
[2024-05-26T17:31:18.497+0000][20776][gc,age      ] GC(30) Age table with threshold 15 (max threshold 15)
[2024-05-26T17:31:18.497+0000][20776][gc,age      ] GC(30) - age   1:    1676200 bytes,    1676200 total
[2024-05-26T17:31:18.497+0000][20776][gc,age      ] GC(30) - age   2:     199880 bytes,    1876080 total
[2024-05-26T17:31:18.498+0000][20776][gc,age      ] GC(30) - age   3:     242128 bytes,    2118208 total
[2024-05-26T17:31:18.498+0000][20776][gc,age      ] GC(30) - age   4:       6608 bytes,    2124816 total
[2024-05-26T17:31:18.498+0000][20776][gc,age      ] GC(30) - age   5:       1312 bytes,    2126128 total
[2024-05-26T17:31:18.498+0000][20776][gc,age      ] GC(30) - age   6:       3720 bytes,    2129848 total
[2024-05-26T17:31:18.498+0000][20776][gc,age      ] GC(30) - age   7:       3584 bytes,    2133432 total
[2024-05-26T17:31:18.498+0000][20776][gc,age      ] GC(30) - age   8:      83784 bytes,    2217216 total
[2024-05-26T17:31:18.498+0000][20776][gc,age      ] GC(30) - age   9:     246880 bytes,    2464096 total
[2024-05-26T17:31:18.498+0000][20776][gc,age      ] GC(30) - age  10:       3960 bytes,    2468056 total
[2024-05-26T17:31:18.498+0000][20776][gc,age      ] GC(30) - age  11:      62616 bytes,    2530672 total
[2024-05-26T17:31:18.498+0000][20776][gc,age      ] GC(30) - age  12:      78984 bytes,    2609656 total
[2024-05-26T17:31:18.498+0000][20776][gc,age      ] GC(30) - age  13:      97512 bytes,    2707168 total
[2024-05-26T17:31:18.498+0000][20776][gc,age      ] GC(30) - age  14:    1222808 bytes,    3929976 total
[2024-05-26T17:31:18.498+0000][20776][gc,age      ] GC(30) - age  15:     547096 bytes,    4477072 total
[2024-05-26T17:31:18.498+0000][20776][gc,heap     ] GC(30) Eden regions: 604->0(604)
[2024-05-26T17:31:18.498+0000][20776][gc,heap     ] GC(30) Survivor regions: 2->2(76)
[2024-05-26T17:31:18.498+0000][20776][gc,heap     ] GC(30) Old regions: 49->49
[2024-05-26T17:31:18.498+0000][20776][gc,heap     ] GC(30) Archive regions: 0->0
[2024-05-26T17:31:18.498+0000][20776][gc,heap     ] GC(30) Humongous regions: 2->2
[2024-05-26T17:31:18.498+0000][20776][gc,metaspace] GC(30) Metaspace: 131670K(135424K)->131670K(135424K) NonClass: 114269K(116224K)->114269K(116224K) Class: 17401K(19200K)->17401K(19200K)
[2024-05-26T17:31:18.498+0000][20776][gc          ] GC(30) Pause Young (Normal) (G1 Evacuation Pause) 2621M->206M(4040M) 8.545ms
[2024-05-26T17:31:18.498+0000][20776][gc,cpu      ] GC(30) User=0.09s Sys=0.02s Real=0.01s
[2024-05-26T17:31:18.498+0000][20776][safepoint   ] Safepoint "G1CollectForAllocation", Time since last: 30191711400 ns, Reaching safepoint: 97100 ns, At safepoint: 8656400 ns, Total: 8753500 ns
[2024-05-26T17:31:24.559+0000][20776][safepoint   ] Safepoint "Cleanup", Time since last: 6060908200 ns, Reaching safepoint: 207300 ns, At safepoint: 37500 ns, Total: 244800 ns
[2024-05-26T17:31:32.641+0000][20776][safepoint   ] Safepoint "Cleanup", Time since last: 8081349100 ns, Reaching safepoint: 162800 ns, At safepoint: 24500 ns, Total: 187300 ns
[2024-05-26T17:32:26.160+0000][20776][safepoint   ] Safepoint "Cleanup", Time since last: 53519518800 ns, Reaching safepoint: 105300 ns, At safepoint: 54100 ns, Total: 159400 ns
[2024-05-26T17:33:24.657+0000][20776][safepoint   ] Safepoint "Cleanup", Time since last: 58496720400 ns, Reaching safepoint: 155700 ns, At safepoint: 55900 ns, Total: 211600 ns
[2024-05-26T17:33:55.886+0000][20776][safepoint   ] Safepoint "Cleanup", Time since last: 31229018200 ns, Reaching safepoint: 99200 ns, At safepoint: 22900 ns, Total: 122100 ns
[2024-05-26T17:34:26.135+0000][20776][safepoint   ] Safepoint "Cleanup", Time since last: 30248654400 ns, Reaching safepoint: 124200 ns, At safepoint: 35700 ns, Total: 159900 ns
[2024-05-26T17:35:24.611+0000][20776][safepoint   ] Safepoint "Cleanup", Time since last: 58476234000 ns, Reaching safepoint: 91700 ns, At safepoint: 18800 ns, Total: 110500 ns
[2024-05-26T17:35:25.622+0000][20776][safepoint   ] Safepoint "Cleanup", Time since last: 1010043000 ns, Reaching safepoint: 166800 ns, At safepoint: 50400 ns, Total: 217200 ns
[2024-05-26T17:37:24.573+0000][20776][safepoint   ] Safepoint "Cleanup", Time since last: 118951365500 ns, Reaching safepoint: 230000 ns, At safepoint: 17600 ns, Total: 247600 ns
[2024-05-26T17:39:24.515+0000][20776][safepoint   ] Safepoint "Cleanup", Time since last: 119942065600 ns, Reaching safepoint: 127000 ns, At safepoint: 13700 ns, Total: 140700 ns
[2024-05-26T17:41:18.924+0000][20776][gc,start    ] GC(31) Pause Young (Normal) (G1 Evacuation Pause)
[2024-05-26T17:41:18.924+0000][20776][gc,task     ] GC(31) Using 8 workers of 8 for evacuation
[2024-05-26T17:41:18.924+0000][20776][gc,age      ] GC(31) Desired survivor size 159383552 bytes, new threshold 15 (max threshold 15)
[2024-05-26T17:41:18.932+0000][20776][gc,phases   ] GC(31)   Pre Evacuate Collection Set: 0.1ms
[2024-05-26T17:41:18.932+0000][20776][gc,phases   ] GC(31)   Merge Heap Roots: 0.6ms
[2024-05-26T17:41:18.932+0000][20776][gc,phases   ] GC(31)   Evacuate Collection Set: 3.8ms
[2024-05-26T17:41:18.932+0000][20776][gc,phases   ] GC(31)   Post Evacuate Collection Set: 2.1ms
[2024-05-26T17:41:18.932+0000][20776][gc,phases   ] GC(31)   Other: 2.2ms
[2024-05-26T17:41:18.932+0000][20776][gc,age      ] GC(31) Age table with threshold 15 (max threshold 15)
[2024-05-26T17:41:18.932+0000][20776][gc,age      ] GC(31) - age   1:    2045392 bytes,    2045392 total
[2024-05-26T17:41:18.932+0000][20776][gc,age      ] GC(31) - age   2:      27240 bytes,    2072632 total
[2024-05-26T17:41:18.932+0000][20776][gc,age      ] GC(31) - age   3:     198632 bytes,    2271264 total
[2024-05-26T17:41:18.932+0000][20776][gc,age      ] GC(31) - age   4:     241960 bytes,    2513224 total
[2024-05-26T17:41:18.932+0000][20776][gc,age      ] GC(31) - age   5:       6528 bytes,    2519752 total
[2024-05-26T17:41:18.932+0000][20776][gc,age      ] GC(31) - age   6:       1312 bytes,    2521064 total
[2024-05-26T17:41:18.932+0000][20776][gc,age      ] GC(31) - age   7:       3720 bytes,    2524784 total
[2024-05-26T17:41:18.932+0000][20776][gc,age      ] GC(31) - age   8:       3504 bytes,    2528288 total
[2024-05-26T17:41:18.932+0000][20776][gc,age      ] GC(31) - age   9:      83784 bytes,    2612072 total
[2024-05-26T17:41:18.932+0000][20776][gc,age      ] GC(31) - age  10:     246800 bytes,    2858872 total
[2024-05-26T17:41:18.932+0000][20776][gc,age      ] GC(31) - age  11:       3960 bytes,    2862832 total
[2024-05-26T17:41:18.932+0000][20776][gc,age      ] GC(31) - age  12:      62616 bytes,    2925448 total
[2024-05-26T17:41:18.932+0000][20776][gc,age      ] GC(31) - age  13:      78984 bytes,    3004432 total
[2024-05-26T17:41:18.932+0000][20776][gc,age      ] GC(31) - age  14:      97512 bytes,    3101944 total
[2024-05-26T17:41:18.932+0000][20776][gc,age      ] GC(31) - age  15:    1222808 bytes,    4324752 total
[2024-05-26T17:41:18.932+0000][20776][gc,heap     ] GC(31) Eden regions: 604->0(604)
[2024-05-26T17:41:18.932+0000][20776][gc,heap     ] GC(31) Survivor regions: 2->2(76)
[2024-05-26T17:41:18.932+0000][20776][gc,heap     ] GC(31) Old regions: 49->49
[2024-05-26T17:41:18.933+0000][20776][gc,heap     ] GC(31) Archive regions: 0->0
[2024-05-26T17:41:18.933+0000][20776][gc,heap     ] GC(31) Humongous regions: 2->2
[2024-05-26T17:41:18.933+0000][20776][gc,metaspace] GC(31) Metaspace: 131722K(135488K)->131722K(135488K) NonClass: 114320K(116288K)->114320K(116288K) Class: 17401K(19200K)->17401K(19200K)
[2024-05-26T17:41:18.933+0000][20776][gc          ] GC(31) Pause Young (Normal) (G1 Evacuation Pause) 2622M->206M(4040M) 9.235ms
[2024-05-26T17:41:18.933+0000][20776][gc,cpu      ] GC(31) User=0.06s Sys=0.03s Real=0.01s
[2024-05-26T17:41:18.933+0000][20776][safepoint   ] Safepoint "G1CollectForAllocation", Time since last: 114408112900 ns, Reaching safepoint: 75900 ns, At safepoint: 9374800 ns, Total: 9450700 ns
[2024-05-26T17:41:24.952+0000][20776][safepoint   ] Safepoint "Cleanup", Time since last: 6019079300 ns, Reaching safepoint: 60000 ns, At safepoint: 9100 ns, Total: 69100 ns
[2024-05-26T17:42:24.367+0000][20776][safepoint   ] Safepoint "Cleanup", Time since last: 59415158700 ns, Reaching safepoint: 195300 ns, At safepoint: 19700 ns, Total: 215000 ns
[2024-05-26T17:43:37.923+0000][20776][safepoint   ] Safepoint "Cleanup", Time since last: 73555272900 ns, Reaching safepoint: 135000 ns, At safepoint: 20400 ns, Total: 155400 ns
[2024-05-26T17:43:40.956+0000][20776][safepoint   ] Safepoint "Cleanup", Time since last: 3033092300 ns, Reaching safepoint: 73700 ns, At safepoint: 15300 ns, Total: 89000 ns
[2024-05-26T17:44:17.237+0000][20776][safepoint   ] Safepoint "Cleanup", Time since last: 36280739300 ns, Reaching safepoint: 105600 ns, At safepoint: 111900 ns, Total: 217500 ns
[2024-05-26T17:44:24.302+0000][20776][safepoint   ] Safepoint "Cleanup", Time since last: 7064400600 ns, Reaching safepoint: 251700 ns, At safepoint: 16900 ns, Total: 268600 ns
[2024-05-26T17:44:26.320+0000][20776][safepoint   ] Safepoint "Cleanup", Time since last: 2018495200 ns, Reaching safepoint: 92700 ns, At safepoint: 14500 ns, Total: 107200 ns
[2024-05-26T17:45:08.648+0000][20776][safepoint   ] Safepoint "Cleanup", Time since last: 42327253700 ns, Reaching safepoint: 81000 ns, At safepoint: 10500 ns, Total: 91500 ns
[2024-05-26T17:45:54.029+0000][20776][safepoint   ] Safepoint "Cleanup", Time since last: 45381449500 ns, Reaching safepoint: 82400 ns, At safepoint: 13900 ns, Total: 96300 ns
[2024-05-26T17:47:03.666+0000][20776][safepoint   ] Safepoint "Cleanup", Time since last: 69636170400 ns, Reaching safepoint: 177000 ns, At safepoint: 17400 ns, Total: 194400 ns
[2024-05-26T17:47:22.846+0000][20776][safepoint   ] Safepoint "Cleanup", Time since last: 19179662600 ns, Reaching safepoint: 115000 ns, At safepoint: 14900 ns, Total: 129900 ns
[2024-05-26T17:47:24.858+0000][20776][safepoint   ] Safepoint "Cleanup", Time since last: 2012332300 ns, Reaching safepoint: 114900 ns, At safepoint: 12400 ns, Total: 127300 ns
[2024-05-26T17:50:32.596+0000][20776][safepoint   ] Safepoint "Cleanup", Time since last: 187737850600 ns, Reaching safepoint: 219300 ns, At safepoint: 21300 ns, Total: 240600 ns
[2024-05-26T17:51:29.412+0000][20776][gc,start    ] GC(32) Pause Young (Normal) (G1 Evacuation Pause)
[2024-05-26T17:51:29.413+0000][20776][gc,task     ] GC(32) Using 8 workers of 8 for evacuation
[2024-05-26T17:51:29.413+0000][20776][gc,age      ] GC(32) Desired survivor size 159383552 bytes, new threshold 15 (max threshold 15)
[2024-05-26T17:51:29.420+0000][20776][gc,phases   ] GC(32)   Pre Evacuate Collection Set: 0.2ms
[2024-05-26T17:51:29.420+0000][20776][gc,phases   ] GC(32)   Merge Heap Roots: 0.2ms
[2024-05-26T17:51:29.420+0000][20776][gc,phases   ] GC(32)   Evacuate Collection Set: 3.8ms
[2024-05-26T17:51:29.420+0000][20776][gc,phases   ] GC(32)   Post Evacuate Collection Set: 2.1ms
[2024-05-26T17:51:29.420+0000][20776][gc,phases   ] GC(32)   Other: 0.6ms
[2024-05-26T17:51:29.420+0000][20776][gc,age      ] GC(32) Age table with threshold 15 (max threshold 15)
[2024-05-26T17:51:29.420+0000][20776][gc,age      ] GC(32) - age   1:    1515360 bytes,    1515360 total
[2024-05-26T17:51:29.420+0000][20776][gc,age      ] GC(32) - age   2:       3536 bytes,    1518896 total
[2024-05-26T17:51:29.420+0000][20776][gc,age      ] GC(32) - age   3:      24856 bytes,    1543752 total
[2024-05-26T17:51:29.420+0000][20776][gc,age      ] GC(32) - age   4:     198552 bytes,    1742304 total
[2024-05-26T17:51:29.420+0000][20776][gc,age      ] GC(32) - age   5:     241880 bytes,    1984184 total
[2024-05-26T17:51:29.420+0000][20776][gc,age      ] GC(32) - age   6:       6528 bytes,    1990712 total
[2024-05-26T17:51:29.420+0000][20776][gc,age      ] GC(32) - age   7:       1312 bytes,    1992024 total
[2024-05-26T17:51:29.420+0000][20776][gc,age      ] GC(32) - age   8:       3720 bytes,    1995744 total
[2024-05-26T17:51:29.420+0000][20776][gc,age      ] GC(32) - age   9:       3504 bytes,    1999248 total
[2024-05-26T17:51:29.420+0000][20776][gc,age      ] GC(32) - age  10:      83784 bytes,    2083032 total
[2024-05-26T17:51:29.420+0000][20776][gc,age      ] GC(32) - age  11:     246720 bytes,    2329752 total
[2024-05-26T17:51:29.420+0000][20776][gc,age      ] GC(32) - age  12:       3960 bytes,    2333712 total
[2024-05-26T17:51:29.420+0000][20776][gc,age      ] GC(32) - age  13:      62616 bytes,    2396328 total
[2024-05-26T17:51:29.420+0000][20776][gc,age      ] GC(32) - age  14:      78984 bytes,    2475312 total
[2024-05-26T17:51:29.420+0000][20776][gc,age      ] GC(32) - age  15:      97512 bytes,    2572824 total
[2024-05-26T17:51:29.420+0000][20776][gc,heap     ] GC(32) Eden regions: 604->0(605)
[2024-05-26T17:51:29.420+0000][20776][gc,heap     ] GC(32) Survivor regions: 2->1(76)
[2024-05-26T17:51:29.420+0000][20776][gc,heap     ] GC(32) Old regions: 49->49
[2024-05-26T17:51:29.420+0000][20776][gc,heap     ] GC(32) Archive regions: 0->0
[2024-05-26T17:51:29.420+0000][20776][gc,heap     ] GC(32) Humongous regions: 2->2
[2024-05-26T17:51:29.420+0000][20776][gc,metaspace] GC(32) Metaspace: 131734K(135488K)->131734K(135488K) NonClass: 114332K(116288K)->114332K(116288K) Class: 17401K(19200K)->17401K(19200K)
[2024-05-26T17:51:29.421+0000][20776][gc          ] GC(32) Pause Young (Normal) (G1 Evacuation Pause) 2622M->206M(4040M) 9.255ms
[2024-05-26T17:51:29.421+0000][20776][gc,cpu      ] GC(32) User=0.00s Sys=0.00s Real=0.02s
[2024-05-26T17:51:29.421+0000][20776][safepoint   ] Safepoint "G1CollectForAllocation", Time since last: 56815791000 ns, Reaching safepoint: 113800 ns, At safepoint: 9385300 ns, Total: 9499100 ns
[2024-05-26T17:55:24.200+0000][20776][safepoint   ] Safepoint "Cleanup", Time since last: 234778298300 ns, Reaching safepoint: 164800 ns, At safepoint: 13500 ns, Total: 178300 ns
[2024-05-26T17:59:24.396+0000][20776][safepoint   ] Safepoint "Cleanup", Time since last: 240196035200 ns, Reaching safepoint: 708400 ns, At safepoint: 38300 ns, Total: 746700 ns
[2024-05-26T17:59:34.476+0000][20776][safepoint   ] Safepoint "Cleanup", Time since last: 10079430600 ns, Reaching safepoint: 75700 ns, At safepoint: 16500 ns, Total: 92200 ns
[2024-05-26T18:00:25.208+0000][20776][safepoint   ] Safepoint "Cleanup", Time since last: 50732451700 ns, Reaching safepoint: 226700 ns, At safepoint: 41800 ns, Total: 268500 ns
[2024-05-26T18:00:46.371+0000][20776][safepoint   ] Safepoint "Cleanup", Time since last: 21162264900 ns, Reaching safepoint: 83400 ns, At safepoint: 59200 ns, Total: 142600 ns
[2024-05-26T18:01:24.717+0000][20776][safepoint   ] Safepoint "Cleanup", Time since last: 38345329000 ns, Reaching safepoint: 69500 ns, At safepoint: 10000 ns, Total: 79500 ns
[2024-05-26T18:01:28.149+0000][20776][gc,start    ] GC(33) Pause Young (Normal) (G1 Evacuation Pause)
[2024-05-26T18:01:28.149+0000][20776][gc,task     ] GC(33) Using 8 workers of 8 for evacuation
[2024-05-26T18:01:28.149+0000][20776][gc,age      ] GC(33) Desired survivor size 159383552 bytes, new threshold 15 (max threshold 15)
[2024-05-26T18:01:28.154+0000][20776][gc,phases   ] GC(33)   Pre Evacuate Collection Set: 0.5ms
[2024-05-26T18:01:28.154+0000][20776][gc,phases   ] GC(33)   Merge Heap Roots: 0.1ms
[2024-05-26T18:01:28.154+0000][20776][gc,phases   ] GC(33)   Evacuate Collection Set: 2.7ms
[2024-05-26T18:01:28.154+0000][20776][gc,phases   ] GC(33)   Post Evacuate Collection Set: 1.4ms
[2024-05-26T18:01:28.154+0000][20776][gc,phases   ] GC(33)   Other: 0.3ms
[2024-05-26T18:01:28.154+0000][20776][gc,age      ] GC(33) Age table with threshold 15 (max threshold 15)
[2024-05-26T18:01:28.154+0000][20776][gc,age      ] GC(33) - age   1:    1161992 bytes,    1161992 total
[2024-05-26T18:01:28.154+0000][20776][gc,age      ] GC(33) - age   2:       4896 bytes,    1166888 total
[2024-05-26T18:01:28.154+0000][20776][gc,age      ] GC(33) - age   3:       1488 bytes,    1168376 total
[2024-05-26T18:01:28.154+0000][20776][gc,age      ] GC(33) - age   4:      24696 bytes,    1193072 total
[2024-05-26T18:01:28.154+0000][20776][gc,age      ] GC(33) - age   5:     198552 bytes,    1391624 total
[2024-05-26T18:01:28.154+0000][20776][gc,age      ] GC(33) - age   6:     241880 bytes,    1633504 total
[2024-05-26T18:01:28.154+0000][20776][gc,age      ] GC(33) - age   7:       6056 bytes,    1639560 total
[2024-05-26T18:01:28.154+0000][20776][gc,age      ] GC(33) - age   8:       1312 bytes,    1640872 total
[2024-05-26T18:01:28.154+0000][20776][gc,age      ] GC(33) - age   9:       3720 bytes,    1644592 total
[2024-05-26T18:01:28.154+0000][20776][gc,age      ] GC(33) - age  10:       3504 bytes,    1648096 total
[2024-05-26T18:01:28.154+0000][20776][gc,age      ] GC(33) - age  11:      83784 bytes,    1731880 total
[2024-05-26T18:01:28.154+0000][20776][gc,age      ] GC(33) - age  12:     246720 bytes,    1978600 total
[2024-05-26T18:01:28.154+0000][20776][gc,age      ] GC(33) - age  13:       3960 bytes,    1982560 total
[2024-05-26T18:01:28.154+0000][20776][gc,age      ] GC(33) - age  14:      62616 bytes,    2045176 total
[2024-05-26T18:01:28.154+0000][20776][gc,age      ] GC(33) - age  15:      78984 bytes,    2124160 total
[2024-05-26T18:01:28.155+0000][20776][gc,heap     ] GC(33) Eden regions: 605->0(605)
[2024-05-26T18:01:28.155+0000][20776][gc,heap     ] GC(33) Survivor regions: 1->1(76)
[2024-05-26T18:01:28.155+0000][20776][gc,heap     ] GC(33) Old regions: 49->49
[2024-05-26T18:01:28.155+0000][20776][gc,heap     ] GC(33) Archive regions: 0->0
[2024-05-26T18:01:28.155+0000][20776][gc,heap     ] GC(33) Humongous regions: 2->2
[2024-05-26T18:01:28.155+0000][20776][gc,metaspace] GC(33) Metaspace: 131739K(135488K)->131739K(135488K) NonClass: 114337K(116288K)->114337K(116288K) Class: 17401K(19200K)->17401K(19200K)
[2024-05-26T18:01:28.155+0000][20776][gc          ] GC(33) Pause Young (Normal) (G1 Evacuation Pause) 2626M->205M(4040M) 5.636ms
[2024-05-26T18:01:28.155+0000][20776][gc,cpu      ] GC(33) User=0.00s Sys=0.00s Real=0.01s
[2024-05-26T18:01:28.156+0000][20776][safepoint   ] Safepoint "G1CollectForAllocation", Time since last: 3432491900 ns, Reaching safepoint: 152200 ns, At safepoint: 6566800 ns, Total: 6719000 ns
[2024-05-26T18:03:48.441+0000][20776][safepoint   ] Safepoint "Cleanup", Time since last: 140284819800 ns, Reaching safepoint: 166600 ns, At safepoint: 12200 ns, Total: 178800 ns
[2024-05-26T18:06:24.716+0000][20776][safepoint   ] Safepoint "Cleanup", Time since last: 156274517100 ns, Reaching safepoint: 126100 ns, At safepoint: 57400 ns, Total: 183500 ns
[2024-05-26T18:06:56.996+0000][20776][safepoint   ] Safepoint "Cleanup", Time since last: 32280598700 ns, Reaching safepoint: 95600 ns, At safepoint: 50700 ns, Total: 146300 ns
[2024-05-26T18:06:58.013+0000][20776][safepoint   ] Safepoint "Cleanup", Time since last: 1017073100 ns, Reaching safepoint: 90000 ns, At safepoint: 54400 ns, Total: 144400 ns
[2024-05-26T18:07:00.044+0000][20776][safepoint   ] Safepoint "Cleanup", Time since last: 2030254200 ns, Reaching safepoint: 126300 ns, At safepoint: 16800 ns, Total: 143100 ns
[2024-05-26T18:07:32.302+0000][20776][safepoint   ] Safepoint "Cleanup", Time since last: 32257950700 ns, Reaching safepoint: 185200 ns, At safepoint: 15700 ns, Total: 200900 ns
[2024-05-26T18:09:07.049+0000][20776][safepoint   ] Safepoint "Cleanup", Time since last: 94746384800 ns, Reaching safepoint: 125300 ns, At safepoint: 17500 ns, Total: 142800 ns
[2024-05-26T18:10:24.578+0000][20776][safepoint   ] Safepoint "Cleanup", Time since last: 77529746700 ns, Reaching safepoint: 154500 ns, At safepoint: 23700 ns, Total: 178200 ns
[2024-05-26T18:11:23.356+0000][20776][gc,start    ] GC(34) Pause Young (Normal) (G1 Evacuation Pause)
[2024-05-26T18:11:23.356+0000][20776][gc,task     ] GC(34) Using 8 workers of 8 for evacuation
[2024-05-26T18:11:23.356+0000][20776][gc,age      ] GC(34) Desired survivor size 159383552 bytes, new threshold 15 (max threshold 15)
[2024-05-26T18:11:23.370+0000][20776][gc,phases   ] GC(34)   Pre Evacuate Collection Set: 0.3ms
[2024-05-26T18:11:23.370+0000][20776][gc,phases   ] GC(34)   Merge Heap Roots: 1.1ms
[2024-05-26T18:11:23.370+0000][20776][gc,phases   ] GC(34)   Evacuate Collection Set: 4.3ms
[2024-05-26T18:11:23.370+0000][20776][gc,phases   ] GC(34)   Post Evacuate Collection Set: 5.8ms
[2024-05-26T18:11:23.371+0000][20776][gc,phases   ] GC(34)   Other: 2.4ms
[2024-05-26T18:11:23.371+0000][20776][gc,age      ] GC(34) Age table with threshold 15 (max threshold 15)
[2024-05-26T18:11:23.371+0000][20776][gc,age      ] GC(34) - age   1:    1316608 bytes,    1316608 total
[2024-05-26T18:11:23.371+0000][20776][gc,age      ] GC(34) - age   2:       1888 bytes,    1318496 total
[2024-05-26T18:11:23.371+0000][20776][gc,age      ] GC(34) - age   3:       2280 bytes,    1320776 total
[2024-05-26T18:11:23.371+0000][20776][gc,age      ] GC(34) - age   4:       1352 bytes,    1322128 total
[2024-05-26T18:11:23.371+0000][20776][gc,age      ] GC(34) - age   5:      24488 bytes,    1346616 total
[2024-05-26T18:11:23.371+0000][20776][gc,age      ] GC(34) - age   6:      22720 bytes,    1369336 total
[2024-05-26T18:11:23.371+0000][20776][gc,age      ] GC(34) - age   7:     167472 bytes,    1536808 total
[2024-05-26T18:11:23.371+0000][20776][gc,age      ] GC(34) - age   8:       6056 bytes,    1542864 total
[2024-05-26T18:11:23.371+0000][20776][gc,age      ] GC(34) - age   9:       1312 bytes,    1544176 total
[2024-05-26T18:11:23.371+0000][20776][gc,age      ] GC(34) - age  10:       3640 bytes,    1547816 total
[2024-05-26T18:11:23.371+0000][20776][gc,age      ] GC(34) - age  11:       3504 bytes,    1551320 total
[2024-05-26T18:11:23.371+0000][20776][gc,age      ] GC(34) - age  12:      83752 bytes,    1635072 total
[2024-05-26T18:11:23.371+0000][20776][gc,age      ] GC(34) - age  13:     238264 bytes,    1873336 total
[2024-05-26T18:11:23.371+0000][20776][gc,age      ] GC(34) - age  14:       3960 bytes,    1877296 total
[2024-05-26T18:11:23.371+0000][20776][gc,age      ] GC(34) - age  15:      62616 bytes,    1939912 total
[2024-05-26T18:11:23.371+0000][20776][gc,heap     ] GC(34) Eden regions: 605->0(605)
[2024-05-26T18:11:23.371+0000][20776][gc,heap     ] GC(34) Survivor regions: 1->1(76)
[2024-05-26T18:11:23.371+0000][20776][gc,heap     ] GC(34) Old regions: 49->49
[2024-05-26T18:11:23.371+0000][20776][gc,heap     ] GC(34) Archive regions: 0->0
[2024-05-26T18:11:23.371+0000][20776][gc,heap     ] GC(34) Humongous regions: 2->2
[2024-05-26T18:11:23.371+0000][20776][gc,metaspace] GC(34) Metaspace: 131752K(135488K)->131752K(135488K) NonClass: 114351K(116288K)->114351K(116288K) Class: 17401K(19200K)->17401K(19200K)
[2024-05-26T18:11:23.371+0000][20776][gc          ] GC(34) Pause Young (Normal) (G1 Evacuation Pause) 2625M->205M(4040M) 14.851ms
[2024-05-26T18:11:23.371+0000][20776][gc,cpu      ] GC(34) User=0.02s Sys=0.05s Real=0.02s
[2024-05-26T18:11:23.371+0000][20776][safepoint   ] Safepoint "G1CollectForAllocation", Time since last: 58777547900 ns, Reaching safepoint: 173500 ns, At safepoint: 15184400 ns, Total: 15357900 ns
[2024-05-26T18:11:24.377+0000][20776][safepoint   ] Safepoint "Cleanup", Time since last: 1005059200 ns, Reaching safepoint: 149600 ns, At safepoint: 23100 ns, Total: 172700 ns
[2024-05-26T18:12:24.952+0000][20776][safepoint   ] Safepoint "Cleanup", Time since last: 60575470700 ns, Reaching safepoint: 95100 ns, At safepoint: 24800 ns, Total: 119900 ns
[2024-05-26T18:13:24.421+0000][20776][safepoint   ] Safepoint "Cleanup", Time since last: 59468674600 ns, Reaching safepoint: 78300 ns, At safepoint: 19300 ns, Total: 97600 ns
[2024-05-26T18:14:24.927+0000][20776][safepoint   ] Safepoint "Cleanup", Time since last: 60505974700 ns, Reaching safepoint: 68500 ns, At safepoint: 58900 ns, Total: 127400 ns
[2024-05-26T18:15:10.337+0000][20776][safepoint   ] Safepoint "Cleanup", Time since last: 45410171500 ns, Reaching safepoint: 170800 ns, At safepoint: 54800 ns, Total: 225600 ns
[2024-05-26T18:15:24.444+0000][20776][safepoint   ] Safepoint "Cleanup", Time since last: 14106893400 ns, Reaching safepoint: 157800 ns, At safepoint: 18200 ns, Total: 176000 ns
[2024-05-26T18:15:39.533+0000][20776][safepoint   ] Safepoint "Cleanup", Time since last: 15088900300 ns, Reaching safepoint: 140800 ns, At safepoint: 23400 ns, Total: 164200 ns
[2024-05-26T18:16:24.842+0000][20776][safepoint   ] Safepoint "Cleanup", Time since last: 45308669900 ns, Reaching safepoint: 98900 ns, At safepoint: 12600 ns, Total: 111500 ns
[2024-05-26T18:16:58.118+0000][20776][safepoint   ] Safepoint "Cleanup", Time since last: 33275684200 ns, Reaching safepoint: 100500 ns, At safepoint: 11600 ns, Total: 112100 ns
[2024-05-26T18:18:24.742+0000][20776][safepoint   ] Safepoint "Cleanup", Time since last: 86623599800 ns, Reaching safepoint: 184200 ns, At safepoint: 68500 ns, Total: 252700 ns
[2024-05-26T18:20:24.604+0000][20776][safepoint   ] Safepoint "Cleanup", Time since last: 119861862400 ns, Reaching safepoint: 129100 ns, At safepoint: 14700 ns, Total: 143800 ns
[2024-05-26T18:21:24.348+0000][20776][gc,start    ] GC(35) Pause Young (Normal) (G1 Evacuation Pause)
[2024-05-26T18:21:24.348+0000][20776][gc,task     ] GC(35) Using 8 workers of 8 for evacuation
[2024-05-26T18:21:24.348+0000][20776][gc,age      ] GC(35) Desired survivor size 159383552 bytes, new threshold 15 (max threshold 15)
[2024-05-26T18:21:24.354+0000][20776][gc,phases   ] GC(35)   Pre Evacuate Collection Set: 0.3ms
[2024-05-26T18:21:24.354+0000][20776][gc,phases   ] GC(35)   Merge Heap Roots: 0.2ms
[2024-05-26T18:21:24.354+0000][20776][gc,phases   ] GC(35)   Evacuate Collection Set: 4.4ms
[2024-05-26T18:21:24.354+0000][20776][gc,phases   ] GC(35)   Post Evacuate Collection Set: 1.2ms
[2024-05-26T18:21:24.354+0000][20776][gc,phases   ] GC(35)   Other: 0.8ms
[2024-05-26T18:21:24.354+0000][20776][gc,age      ] GC(35) Age table with threshold 15 (max threshold 15)
[2024-05-26T18:21:24.354+0000][20776][gc,age      ] GC(35) - age   1:    1115144 bytes,    1115144 total
[2024-05-26T18:21:24.354+0000][20776][gc,age      ] GC(35) - age   2:     211128 bytes,    1326272 total
[2024-05-26T18:21:24.354+0000][20776][gc,age      ] GC(35) - age   3:        896 bytes,    1327168 total
[2024-05-26T18:21:24.354+0000][20776][gc,age      ] GC(35) - age   4:       2200 bytes,    1329368 total
[2024-05-26T18:21:24.354+0000][20776][gc,age      ] GC(35) - age   5:       1352 bytes,    1330720 total
[2024-05-26T18:21:24.354+0000][20776][gc,age      ] GC(35) - age   6:      24432 bytes,    1355152 total
[2024-05-26T18:21:24.354+0000][20776][gc,age      ] GC(35) - age   7:       2704 bytes,    1357856 total
[2024-05-26T18:21:24.354+0000][20776][gc,age      ] GC(35) - age   8:     166168 bytes,    1524024 total
[2024-05-26T18:21:24.354+0000][20776][gc,age      ] GC(35) - age   9:       5976 bytes,    1530000 total
[2024-05-26T18:21:24.354+0000][20776][gc,age      ] GC(35) - age  10:       1312 bytes,    1531312 total
[2024-05-26T18:21:24.354+0000][20776][gc,age      ] GC(35) - age  11:       3640 bytes,    1534952 total
[2024-05-26T18:21:24.354+0000][20776][gc,age      ] GC(35) - age  12:       3504 bytes,    1538456 total
[2024-05-26T18:21:24.354+0000][20776][gc,age      ] GC(35) - age  13:      83688 bytes,    1622144 total
[2024-05-26T18:21:24.354+0000][20776][gc,age      ] GC(35) - age  14:     238160 bytes,    1860304 total
[2024-05-26T18:21:24.354+0000][20776][gc,age      ] GC(35) - age  15:       3880 bytes,    1864184 total
[2024-05-26T18:21:24.354+0000][20776][gc,heap     ] GC(35) Eden regions: 605->0(605)
[2024-05-26T18:21:24.354+0000][20776][gc,heap     ] GC(35) Survivor regions: 1->1(76)
[2024-05-26T18:21:24.354+0000][20776][gc,heap     ] GC(35) Old regions: 49->49
[2024-05-26T18:21:24.354+0000][20776][gc,heap     ] GC(35) Archive regions: 0->0
[2024-05-26T18:21:24.354+0000][20776][gc,heap     ] GC(35) Humongous regions: 2->2
[2024-05-26T18:21:24.354+0000][20776][gc,metaspace] GC(35) Metaspace: 131766K(135488K)->131766K(135488K) NonClass: 114365K(116288K)->114365K(116288K) Class: 17401K(19200K)->17401K(19200K)
[2024-05-26T18:21:24.354+0000][20776][gc          ] GC(35) Pause Young (Normal) (G1 Evacuation Pause) 2625M->205M(4040M) 7.336ms
[2024-05-26T18:21:24.355+0000][20776][gc,cpu      ] GC(35) User=0.11s Sys=0.02s Real=0.01s
[2024-05-26T18:21:24.355+0000][20776][safepoint   ] Safepoint "G1CollectForAllocation", Time since last: 59743426200 ns, Reaching safepoint: 163600 ns, At safepoint: 7455100 ns, Total: 7618700 ns
[2024-05-26T18:22:24.801+0000][20776][safepoint   ] Safepoint "Cleanup", Time since last: 60446173400 ns, Reaching safepoint: 173300 ns, At safepoint: 14300 ns, Total: 187600 ns
[2024-05-26T18:25:25.200+0000][20776][safepoint   ] Safepoint "Cleanup", Time since last: 180397890600 ns, Reaching safepoint: 239200 ns, At safepoint: 90000 ns, Total: 329200 ns
[2024-05-26T18:29:24.943+0000][20776][safepoint   ] Safepoint "Cleanup", Time since last: 239732470600 ns, Reaching safepoint: 10469600 ns, At safepoint: 69700 ns, Total: 10539300 ns
[2024-05-26T18:29:34.018+0000][20776][safepoint   ] Safepoint "Cleanup", Time since last: 9075185600 ns, Reaching safepoint: 189900 ns, At safepoint: 26800 ns, Total: 216700 ns
[2024-05-26T18:31:15.766+0000][20776][safepoint   ] Safepoint "Cleanup", Time since last: 101747262000 ns, Reaching safepoint: 154500 ns, At safepoint: 25800 ns, Total: 180300 ns
[2024-05-26T18:31:24.858+0000][20776][safepoint   ] Safepoint "Cleanup", Time since last: 9092266600 ns, Reaching safepoint: 170300 ns, At safepoint: 20500 ns, Total: 190800 ns
[2024-05-26T18:31:26.205+0000][20776][gc,start    ] GC(36) Pause Young (Normal) (G1 Evacuation Pause)
[2024-05-26T18:31:26.205+0000][20776][gc,task     ] GC(36) Using 8 workers of 8 for evacuation
[2024-05-26T18:31:26.205+0000][20776][gc,age      ] GC(36) Desired survivor size 159383552 bytes, new threshold 15 (max threshold 15)
[2024-05-26T18:31:26.215+0000][20776][gc,phases   ] GC(36)   Pre Evacuate Collection Set: 0.3ms
[2024-05-26T18:31:26.215+0000][20776][gc,phases   ] GC(36)   Merge Heap Roots: 0.4ms
[2024-05-26T18:31:26.215+0000][20776][gc,phases   ] GC(36)   Evacuate Collection Set: 5.0ms
[2024-05-26T18:31:26.215+0000][20776][gc,phases   ] GC(36)   Post Evacuate Collection Set: 3.6ms
[2024-05-26T18:31:26.215+0000][20776][gc,phases   ] GC(36)   Other: 0.3ms
[2024-05-26T18:31:26.215+0000][20776][gc,age      ] GC(36) Age table with threshold 15 (max threshold 15)
[2024-05-26T18:31:26.215+0000][20776][gc,age      ] GC(36) - age   1:    1472912 bytes,    1472912 total
[2024-05-26T18:31:26.215+0000][20776][gc,age      ] GC(36) - age   2:     197856 bytes,    1670768 total
[2024-05-26T18:31:26.215+0000][20776][gc,age      ] GC(36) - age   3:     209632 bytes,    1880400 total
[2024-05-26T18:31:26.215+0000][20776][gc,age      ] GC(36) - age   4:        816 bytes,    1881216 total
[2024-05-26T18:31:26.215+0000][20776][gc,age      ] GC(36) - age   5:       2200 bytes,    1883416 total
[2024-05-26T18:31:26.215+0000][20776][gc,age      ] GC(36) - age   6:       1272 bytes,    1884688 total
[2024-05-26T18:31:26.215+0000][20776][gc,age      ] GC(36) - age   7:      24432 bytes,    1909120 total
[2024-05-26T18:31:26.215+0000][20776][gc,age      ] GC(36) - age   8:       2704 bytes,    1911824 total
[2024-05-26T18:31:26.215+0000][20776][gc,age      ] GC(36) - age   9:     166168 bytes,    2077992 total
[2024-05-26T18:31:26.215+0000][20776][gc,age      ] GC(36) - age  10:       5976 bytes,    2083968 total
[2024-05-26T18:31:26.215+0000][20776][gc,age      ] GC(36) - age  11:       1312 bytes,    2085280 total
[2024-05-26T18:31:26.215+0000][20776][gc,age      ] GC(36) - age  12:       3640 bytes,    2088920 total
[2024-05-26T18:31:26.215+0000][20776][gc,age      ] GC(36) - age  13:       3504 bytes,    2092424 total
[2024-05-26T18:31:26.215+0000][20776][gc,age      ] GC(36) - age  14:      83688 bytes,    2176112 total
[2024-05-26T18:31:26.215+0000][20776][gc,age      ] GC(36) - age  15:     238160 bytes,    2414272 total
[2024-05-26T18:31:26.215+0000][20776][gc,heap     ] GC(36) Eden regions: 605->0(605)
[2024-05-26T18:31:26.215+0000][20776][gc,heap     ] GC(36) Survivor regions: 1->1(76)
[2024-05-26T18:31:26.215+0000][20776][gc,heap     ] GC(36) Old regions: 49->49
[2024-05-26T18:31:26.215+0000][20776][gc,heap     ] GC(36) Archive regions: 0->0
[2024-05-26T18:31:26.215+0000][20776][gc,heap     ] GC(36) Humongous regions: 2->2
[2024-05-26T18:31:26.215+0000][20776][gc,metaspace] GC(36) Metaspace: 131798K(135552K)->131798K(135552K) NonClass: 114397K(116352K)->114397K(116352K) Class: 17401K(19200K)->17401K(19200K)
[2024-05-26T18:31:26.215+0000][20776][gc          ] GC(36) Pause Young (Normal) (G1 Evacuation Pause) 2625M->206M(4040M) 10.380ms
[2024-05-26T18:31:26.216+0000][20776][gc,cpu      ] GC(36) User=0.06s Sys=0.02s Real=0.01s
[2024-05-26T18:31:26.216+0000][20776][safepoint   ] Safepoint "G1CollectForAllocation", Time since last: 1346950300 ns, Reaching safepoint: 124300 ns, At safepoint: 10534200 ns, Total: 10658500 ns
[2024-05-26T18:32:24.657+0000][20776][safepoint   ] Safepoint "Cleanup", Time since last: 58441139700 ns, Reaching safepoint: 133600 ns, At safepoint: 16600 ns, Total: 150200 ns
[2024-05-26T18:33:25.070+0000][20776][safepoint   ] Safepoint "Cleanup", Time since last: 60412428000 ns, Reaching safepoint: 171700 ns, At safepoint: 50100 ns, Total: 221800 ns
[2024-05-26T18:36:09.905+0000][20776][safepoint   ] Safepoint "Cleanup", Time since last: 164844852700 ns, Reaching safepoint: 356000 ns, At safepoint: 58300 ns, Total: 414300 ns
[2024-05-26T18:36:13.930+0000][20776][safepoint   ] Safepoint "Cleanup", Time since last: 4024170500 ns, Reaching safepoint: 103600 ns, At safepoint: 145500 ns, Total: 249100 ns
[2024-05-26T18:36:16.955+0000][20776][safepoint   ] Safepoint "Cleanup", Time since last: 3024322900 ns, Reaching safepoint: 123400 ns, At safepoint: 22200 ns, Total: 145600 ns
[2024-05-26T18:36:17.959+0000][20776][safepoint   ] Safepoint "Cleanup", Time since last: 1003808500 ns, Reaching safepoint: 751500 ns, At safepoint: 21000 ns, Total: 772500 ns
[2024-05-26T18:37:09.390+0000][20776][safepoint   ] Safepoint "Cleanup", Time since last: 51430780500 ns, Reaching safepoint: 80300 ns, At safepoint: 26300 ns, Total: 106600 ns
[2024-05-26T18:38:31.959+0000][20776][safepoint   ] Safepoint "Cleanup", Time since last: 82569031900 ns, Reaching safepoint: 134100 ns, At safepoint: 17500 ns, Total: 151600 ns
[2024-05-26T18:38:37.986+0000][20776][safepoint   ] Safepoint "Cleanup", Time since last: 6026677100 ns, Reaching safepoint: 77400 ns, At safepoint: 12300 ns, Total: 89700 ns
[2024-05-26T18:41:10.014+0000][20776][safepoint   ] Safepoint "Cleanup", Time since last: 152028055000 ns, Reaching safepoint: 99500 ns, At safepoint: 14900 ns, Total: 114400 ns
[2024-05-26T18:41:40.214+0000][20776][safepoint   ] Safepoint "Cleanup", Time since last: 30199850200 ns, Reaching safepoint: 107200 ns, At safepoint: 78100 ns, Total: 185300 ns
[2024-05-26T18:42:09.433+0000][20776][safepoint   ] Safepoint "Cleanup", Time since last: 29218118900 ns, Reaching safepoint: 124300 ns, At safepoint: 36800 ns, Total: 161100 ns
[2024-05-26T18:43:39.052+0000][20776][safepoint   ] Safepoint "Cleanup", Time since last: 89618743300 ns, Reaching safepoint: 85300 ns, At safepoint: 57000 ns, Total: 142300 ns
[2024-05-26T18:46:05.656+0000][20776][gc,start    ] GC(37) Pause Young (Normal) (G1 Evacuation Pause)
[2024-05-26T18:46:05.656+0000][20776][gc,task     ] GC(37) Using 8 workers of 8 for evacuation
[2024-05-26T18:46:05.656+0000][20776][gc,age      ] GC(37) Desired survivor size 159383552 bytes, new threshold 15 (max threshold 15)
[2024-05-26T18:46:05.667+0000][20776][gc,phases   ] GC(37)   Pre Evacuate Collection Set: 0.2ms
[2024-05-26T18:46:05.667+0000][20776][gc,phases   ] GC(37)   Merge Heap Roots: 0.2ms
[2024-05-26T18:46:05.667+0000][20776][gc,phases   ] GC(37)   Evacuate Collection Set: 5.3ms
[2024-05-26T18:46:05.667+0000][20776][gc,phases   ] GC(37)   Post Evacuate Collection Set: 4.3ms
[2024-05-26T18:46:05.667+0000][20776][gc,phases   ] GC(37)   Other: 0.6ms
[2024-05-26T18:46:05.667+0000][20776][gc,age      ] GC(37) Age table with threshold 15 (max threshold 15)
[2024-05-26T18:46:05.667+0000][20776][gc,age      ] GC(37) - age   1:    1999536 bytes,    1999536 total
[2024-05-26T18:46:05.667+0000][20776][gc,age      ] GC(37) - age   2:      10792 bytes,    2010328 total
[2024-05-26T18:46:05.667+0000][20776][gc,age      ] GC(37) - age   3:       1088 bytes,    2011416 total
[2024-05-26T18:46:05.667+0000][20776][gc,age      ] GC(37) - age   4:     208336 bytes,    2219752 total
[2024-05-26T18:46:05.667+0000][20776][gc,age      ] GC(37) - age   5:        816 bytes,    2220568 total
[2024-05-26T18:46:05.667+0000][20776][gc,age      ] GC(37) - age   6:       2200 bytes,    2222768 total
[2024-05-26T18:46:05.667+0000][20776][gc,age      ] GC(37) - age   7:       1272 bytes,    2224040 total
[2024-05-26T18:46:05.667+0000][20776][gc,age      ] GC(37) - age   8:      24352 bytes,    2248392 total
[2024-05-26T18:46:05.667+0000][20776][gc,age      ] GC(37) - age   9:       2672 bytes,    2251064 total
[2024-05-26T18:46:05.667+0000][20776][gc,age      ] GC(37) - age  10:     137336 bytes,    2388400 total
[2024-05-26T18:46:05.667+0000][20776][gc,age      ] GC(37) - age  11:       5976 bytes,    2394376 total
[2024-05-26T18:46:05.667+0000][20776][gc,age      ] GC(37) - age  12:       1312 bytes,    2395688 total
[2024-05-26T18:46:05.667+0000][20776][gc,age      ] GC(37) - age  13:       3560 bytes,    2399248 total
[2024-05-26T18:46:05.667+0000][20776][gc,age      ] GC(37) - age  14:       3504 bytes,    2402752 total
[2024-05-26T18:46:05.667+0000][20776][gc,age      ] GC(37) - age  15:      83504 bytes,    2486256 total
[2024-05-26T18:46:05.667+0000][20776][gc,heap     ] GC(37) Eden regions: 605->0(605)
[2024-05-26T18:46:05.667+0000][20776][gc,heap     ] GC(37) Survivor regions: 1->1(76)
[2024-05-26T18:46:05.667+0000][20776][gc,heap     ] GC(37) Old regions: 49->49
[2024-05-26T18:46:05.667+0000][20776][gc,heap     ] GC(37) Archive regions: 0->0
[2024-05-26T18:46:05.667+0000][20776][gc,heap     ] GC(37) Humongous regions: 2->2
[2024-05-26T18:46:05.667+0000][20776][gc,metaspace] GC(37) Metaspace: 131873K(135616K)->131873K(135616K) NonClass: 114472K(116416K)->114472K(116416K) Class: 17401K(19200K)->17401K(19200K)
[2024-05-26T18:46:05.667+0000][20776][gc          ] GC(37) Pause Young (Normal) (G1 Evacuation Pause) 2626M->206M(4040M) 11.354ms
[2024-05-26T18:46:05.667+0000][20776][gc,cpu      ] GC(37) User=0.00s Sys=0.00s Real=0.01s
[2024-05-26T18:46:05.667+0000][20776][safepoint   ] Safepoint "G1CollectForAllocation", Time since last: 146604472800 ns, Reaching safepoint: 154700 ns, At safepoint: 11506900 ns, Total: 11661600 ns
[2024-05-26T18:48:09.692+0000][20776][safepoint   ] Safepoint "Cleanup", Time since last: 124024536700 ns, Reaching safepoint: 101400 ns, At safepoint: 11400 ns, Total: 112800 ns
[2024-05-26T18:49:34.295+0000][20776][safepoint   ] Safepoint "Cleanup", Time since last: 84602959900 ns, Reaching safepoint: 205200 ns, At safepoint: 23200 ns, Total: 228400 ns
[2024-05-26T18:51:10.041+0000][20776][safepoint   ] Safepoint "Cleanup", Time since last: 95745669400 ns, Reaching safepoint: 134300 ns, At safepoint: 16100 ns, Total: 150400 ns
[2024-05-26T19:06:52.070+0000][20776][safepoint   ] Safepoint "Cleanup", Time since last: 942037520500 ns, Reaching safepoint: 451500 ns, At safepoint: 54700 ns, Total: 506200 ns
[2024-05-26T19:06:53.085+0000][20776][safepoint   ] Safepoint "Cleanup", Time since last: 1014503700 ns, Reaching safepoint: 533800 ns, At safepoint: 20000 ns, Total: 553800 ns
[2024-05-26T19:06:57.118+0000][20776][safepoint   ] Safepoint "Cleanup", Time since last: 4032647100 ns, Reaching safepoint: 120900 ns, At safepoint: 20600 ns, Total: 141500 ns
[2024-05-26T19:07:01.157+0000][20776][safepoint   ] Safepoint "Cleanup", Time since last: 4038489500 ns, Reaching safepoint: 131300 ns, At safepoint: 27700 ns, Total: 159000 ns
[2024-05-26T19:07:04.177+0000][20776][safepoint   ] Safepoint "Cleanup", Time since last: 3020151100 ns, Reaching safepoint: 133000 ns, At safepoint: 4500 ns, Total: 137500 ns
[2024-05-26T19:07:15.289+0000][20776][safepoint   ] Safepoint "Cleanup", Time since last: 11112224400 ns, Reaching safepoint: 161700 ns, At safepoint: 24700 ns, Total: 186400 ns
[2024-05-26T19:07:16.300+0000][20776][safepoint   ] Safepoint "Cleanup", Time since last: 1010428600 ns, Reaching safepoint: 63400 ns, At safepoint: 22600 ns, Total: 86000 ns
[2024-05-26T19:07:24.390+0000][20776][safepoint   ] Safepoint "Cleanup", Time since last: 8089940900 ns, Reaching safepoint: 102300 ns, At safepoint: 21900 ns, Total: 124200 ns
[2024-05-26T19:07:51.674+0000][20776][safepoint   ] Safepoint "Cleanup", Time since last: 27284171600 ns, Reaching safepoint: 163100 ns, At safepoint: 24300 ns, Total: 187400 ns
[2024-05-26T19:07:53.675+0000][20776][safepoint   ] Safepoint "Cleanup", Time since last: 2000177200 ns, Reaching safepoint: 168500 ns, At safepoint: 27900 ns, Total: 196400 ns
[2024-05-26T19:08:58.370+0000][20776][safepoint   ] Safepoint "Cleanup", Time since last: 64695310500 ns, Reaching safepoint: 118700 ns, At safepoint: 20400 ns, Total: 139100 ns
[2024-05-26T19:09:51.945+0000][20776][safepoint   ] Safepoint "Cleanup", Time since last: 53574121800 ns, Reaching safepoint: 157200 ns, At safepoint: 19100 ns, Total: 176300 ns
[2024-05-26T19:10:51.556+0000][20776][safepoint   ] Safepoint "Cleanup", Time since last: 59611136300 ns, Reaching safepoint: 114500 ns, At safepoint: 52400 ns, Total: 166900 ns
[2024-05-26T19:12:51.797+0000][20776][safepoint   ] Safepoint "Cleanup", Time since last: 120240420000 ns, Reaching safepoint: 56000 ns, At safepoint: 7000 ns, Total: 63000 ns
[2024-05-26T19:14:34.000+0000][20776][gc,start    ] GC(38) Pause Young (Normal) (G1 Evacuation Pause)
[2024-05-26T19:14:34.000+0000][20776][gc,task     ] GC(38) Using 8 workers of 8 for evacuation
[2024-05-26T19:14:34.000+0000][20776][gc,age      ] GC(38) Desired survivor size 159383552 bytes, new threshold 15 (max threshold 15)
[2024-05-26T19:14:34.013+0000][20776][gc,phases   ] GC(38)   Pre Evacuate Collection Set: 0.2ms
[2024-05-26T19:14:34.013+0000][20776][gc,phases   ] GC(38)   Merge Heap Roots: 0.9ms
[2024-05-26T19:14:34.013+0000][20776][gc,phases   ] GC(38)   Evacuate Collection Set: 5.1ms
[2024-05-26T19:14:34.013+0000][20776][gc,phases   ] GC(38)   Post Evacuate Collection Set: 3.7ms
[2024-05-26T19:14:34.013+0000][20776][gc,phases   ] GC(38)   Other: 2.8ms
[2024-05-26T19:14:34.013+0000][20776][gc,age      ] GC(38) Age table with threshold 15 (max threshold 15)
[2024-05-26T19:14:34.013+0000][20776][gc,age      ] GC(38) - age   1:    1743160 bytes,    1743160 total
[2024-05-26T19:14:34.013+0000][20776][gc,age      ] GC(38) - age   2:      36312 bytes,    1779472 total
[2024-05-26T19:14:34.013+0000][20776][gc,age      ] GC(38) - age   3:        848 bytes,    1780320 total
[2024-05-26T19:14:34.013+0000][20776][gc,age      ] GC(38) - age   4:        528 bytes,    1780848 total
[2024-05-26T19:14:34.013+0000][20776][gc,age      ] GC(38) - age   5:     133608 bytes,    1914456 total
[2024-05-26T19:14:34.013+0000][20776][gc,age      ] GC(38) - age   6:        424 bytes,    1914880 total
[2024-05-26T19:14:34.013+0000][20776][gc,age      ] GC(38) - age   7:       2200 bytes,    1917080 total
[2024-05-26T19:14:34.013+0000][20776][gc,age      ] GC(38) - age   8:       1272 bytes,    1918352 total
[2024-05-26T19:14:34.013+0000][20776][gc,age      ] GC(38) - age   9:      24272 bytes,    1942624 total
[2024-05-26T19:14:34.013+0000][20776][gc,age      ] GC(38) - age  10:       2672 bytes,    1945296 total
[2024-05-26T19:14:34.013+0000][20776][gc,age      ] GC(38) - age  11:     137224 bytes,    2082520 total
[2024-05-26T19:14:34.013+0000][20776][gc,age      ] GC(38) - age  12:       5976 bytes,    2088496 total
[2024-05-26T19:14:34.013+0000][20776][gc,age      ] GC(38) - age  13:       1312 bytes,    2089808 total
[2024-05-26T19:14:34.013+0000][20776][gc,age      ] GC(38) - age  14:       3560 bytes,    2093368 total
[2024-05-26T19:14:34.013+0000][20776][gc,age      ] GC(38) - age  15:       3504 bytes,    2096872 total
[2024-05-26T19:14:34.013+0000][20776][gc,heap     ] GC(38) Eden regions: 605->0(605)
[2024-05-26T19:14:34.013+0000][20776][gc,heap     ] GC(38) Survivor regions: 1->1(76)
[2024-05-26T19:14:34.013+0000][20776][gc,heap     ] GC(38) Old regions: 49->50
[2024-05-26T19:14:34.013+0000][20776][gc,heap     ] GC(38) Archive regions: 0->0
[2024-05-26T19:14:34.013+0000][20776][gc,heap     ] GC(38) Humongous regions: 2->2
[2024-05-26T19:14:34.013+0000][20776][gc,metaspace] GC(38) Metaspace: 131929K(135680K)->131929K(135680K) NonClass: 114516K(116480K)->114516K(116480K) Class: 17412K(19200K)->17412K(19200K)
[2024-05-26T19:14:34.013+0000][20776][gc          ] GC(38) Pause Young (Normal) (G1 Evacuation Pause) 2626M->206M(4040M) 13.321ms
[2024-05-26T19:14:34.013+0000][20776][gc,cpu      ] GC(38) User=0.05s Sys=0.00s Real=0.01s
[2024-05-26T19:14:34.013+0000][20776][safepoint   ] Safepoint "G1CollectForAllocation", Time since last: 102203586400 ns, Reaching safepoint: 96300 ns, At safepoint: 13462900 ns, Total: 13559200 ns
[2024-05-26T19:14:35.025+0000][20776][safepoint   ] Safepoint "Cleanup", Time since last: 1011402500 ns, Reaching safepoint: 158500 ns, At safepoint: 67500 ns, Total: 226000 ns
[2024-05-26T19:15:49.793+0000][20776][safepoint   ] Safepoint "Cleanup", Time since last: 74767786100 ns, Reaching safepoint: 168500 ns, At safepoint: 61500 ns, Total: 230000 ns
[2024-05-26T19:16:18.096+0000][20776][safepoint   ] Safepoint "Cleanup", Time since last: 28302218100 ns, Reaching safepoint: 114400 ns, At safepoint: 90000 ns, Total: 204400 ns
[2024-05-26T19:16:53.488+0000][20776][safepoint   ] Safepoint "Cleanup", Time since last: 35392219000 ns, Reaching safepoint: 95000 ns, At safepoint: 56800 ns, Total: 151800 ns
[2024-05-26T19:16:55.499+0000][20776][safepoint   ] Safepoint "Cleanup", Time since last: 2010950900 ns, Reaching safepoint: 125500 ns, At safepoint: 73400 ns, Total: 198900 ns
[2024-05-26T19:18:19.392+0000][20776][safepoint   ] Safepoint "Cleanup", Time since last: 83892448700 ns, Reaching safepoint: 154500 ns, At safepoint: 91100 ns, Total: 245600 ns
[2024-05-26T19:18:51.741+0000][20776][safepoint   ] Safepoint "Cleanup", Time since last: 32348569100 ns, Reaching safepoint: 178300 ns, At safepoint: 65500 ns, Total: 243800 ns
[2024-05-26T19:21:05.102+0000][20776][safepoint   ] Safepoint "Cleanup", Time since last: 133361101300 ns, Reaching safepoint: 97000 ns, At safepoint: 61400 ns, Total: 158400 ns
[2024-05-26T19:22:20.873+0000][20776][safepoint   ] Safepoint "Cleanup", Time since last: 75770363300 ns, Reaching safepoint: 162000 ns, At safepoint: 17700 ns, Total: 179700 ns
[2024-05-26T19:23:41.699+0000][20776][safepoint   ] Safepoint "Cleanup", Time since last: 80826681600 ns, Reaching safepoint: 140100 ns, At safepoint: 91400 ns, Total: 231500 ns
[2024-05-26T19:24:48.381+0000][20776][safepoint   ] Safepoint "Cleanup", Time since last: 66681039100 ns, Reaching safepoint: 77900 ns, At safepoint: 9000 ns, Total: 86900 ns
[2024-05-26T19:24:49.391+0000][20776][safepoint   ] Safepoint "Cleanup", Time since last: 1010494400 ns, Reaching safepoint: 137300 ns, At safepoint: 31600 ns, Total: 168900 ns
[2024-05-26T19:24:51.409+0000][20776][safepoint   ] Safepoint "Cleanup", Time since last: 2017636700 ns, Reaching safepoint: 119800 ns, At safepoint: 57600 ns, Total: 177400 ns
[2024-05-26T19:27:51.402+0000][20776][safepoint   ] Safepoint "Cleanup", Time since last: 179992431000 ns, Reaching safepoint: 190800 ns, At safepoint: 64400 ns, Total: 255200 ns
[2024-05-26T19:28:23.496+0000][20776][gc,start    ] GC(39) Pause Young (Normal) (G1 Evacuation Pause)
[2024-05-26T19:28:23.496+0000][20776][gc,task     ] GC(39) Using 8 workers of 8 for evacuation
[2024-05-26T19:28:23.496+0000][20776][gc,age      ] GC(39) Desired survivor size 159383552 bytes, new threshold 15 (max threshold 15)
[2024-05-26T19:28:23.503+0000][20776][gc,phases   ] GC(39)   Pre Evacuate Collection Set: 0.3ms
[2024-05-26T19:28:23.503+0000][20776][gc,phases   ] GC(39)   Merge Heap Roots: 0.3ms
[2024-05-26T19:28:23.503+0000][20776][gc,phases   ] GC(39)   Evacuate Collection Set: 4.9ms
[2024-05-26T19:28:23.503+0000][20776][gc,phases   ] GC(39)   Post Evacuate Collection Set: 1.2ms
[2024-05-26T19:28:23.503+0000][20776][gc,phases   ] GC(39)   Other: 0.4ms
[2024-05-26T19:28:23.503+0000][20776][gc,age      ] GC(39) Age table with threshold 15 (max threshold 15)
[2024-05-26T19:28:23.503+0000][20776][gc,age      ] GC(39) - age   1:    1966672 bytes,    1966672 total
[2024-05-26T19:28:23.503+0000][20776][gc,age      ] GC(39) - age   2:     591608 bytes,    2558280 total
[2024-05-26T19:28:23.503+0000][20776][gc,age      ] GC(39) - age   3:      34432 bytes,    2592712 total
[2024-05-26T19:28:23.503+0000][20776][gc,age      ] GC(39) - age   4:        688 bytes,    2593400 total
[2024-05-26T19:28:23.503+0000][20776][gc,age      ] GC(39) - age   5:        528 bytes,    2593928 total
[2024-05-26T19:28:23.503+0000][20776][gc,age      ] GC(39) - age   6:     133608 bytes,    2727536 total
[2024-05-26T19:28:23.503+0000][20776][gc,age      ] GC(39) - age   7:        424 bytes,    2727960 total
[2024-05-26T19:28:23.503+0000][20776][gc,age      ] GC(39) - age   8:       2200 bytes,    2730160 total
[2024-05-26T19:28:23.503+0000][20776][gc,age      ] GC(39) - age   9:       1272 bytes,    2731432 total
[2024-05-26T19:28:23.503+0000][20776][gc,age      ] GC(39) - age  10:      24272 bytes,    2755704 total
[2024-05-26T19:28:23.503+0000][20776][gc,age      ] GC(39) - age  11:       2672 bytes,    2758376 total
[2024-05-26T19:28:23.503+0000][20776][gc,age      ] GC(39) - age  12:     137008 bytes,    2895384 total
[2024-05-26T19:28:23.503+0000][20776][gc,age      ] GC(39) - age  13:       5864 bytes,    2901248 total
[2024-05-26T19:28:23.503+0000][20776][gc,age      ] GC(39) - age  14:       1312 bytes,    2902560 total
[2024-05-26T19:28:23.503+0000][20776][gc,age      ] GC(39) - age  15:       3560 bytes,    2906120 total
[2024-05-26T19:28:23.503+0000][20776][gc,heap     ] GC(39) Eden regions: 605->0(605)
[2024-05-26T19:28:23.503+0000][20776][gc,heap     ] GC(39) Survivor regions: 1->1(76)
[2024-05-26T19:28:23.503+0000][20776][gc,heap     ] GC(39) Old regions: 50->50
[2024-05-26T19:28:23.503+0000][20776][gc,heap     ] GC(39) Archive regions: 0->0
[2024-05-26T19:28:23.503+0000][20776][gc,heap     ] GC(39) Humongous regions: 2->2
[2024-05-26T19:28:23.503+0000][20776][gc,metaspace] GC(39) Metaspace: 131933K(135680K)->131933K(135680K) NonClass: 114520K(116480K)->114520K(116480K) Class: 17412K(19200K)->17412K(19200K)
[2024-05-26T19:28:23.503+0000][20776][gc          ] GC(39) Pause Young (Normal) (G1 Evacuation Pause) 2626M->207M(4040M) 7.546ms
[2024-05-26T19:28:23.503+0000][20776][gc,cpu      ] GC(39) User=0.00s Sys=0.00s Real=0.01s
[2024-05-26T19:28:23.503+0000][20776][safepoint   ] Safepoint "G1CollectForAllocation", Time since last: 32093901700 ns, Reaching safepoint: 173100 ns, At safepoint: 7655300 ns, Total: 7828400 ns
[2024-05-26T19:35:51.248+0000][20776][safepoint   ] Safepoint "Cleanup", Time since last: 447744836500 ns, Reaching safepoint: 99000 ns, At safepoint: 12400 ns, Total: 111400 ns
[2024-05-26T19:39:51.764+0000][20776][safepoint   ] Safepoint "Cleanup", Time since last: 240515692300 ns, Reaching safepoint: 124400 ns, At safepoint: 12200 ns, Total: 136600 ns
[2024-05-26T19:40:09.961+0000][20776][safepoint   ] Safepoint "Cleanup", Time since last: 18196955900 ns, Reaching safepoint: 149200 ns, At safepoint: 11800 ns, Total: 161000 ns
[2024-05-26T19:40:10.974+0000][20776][safepoint   ] Safepoint "Cleanup", Time since last: 1012229400 ns, Reaching safepoint: 206400 ns, At safepoint: 13200 ns, Total: 219600 ns
[2024-05-26T19:40:51.387+0000][20776][safepoint   ] Safepoint "Cleanup", Time since last: 40413452600 ns, Reaching safepoint: 115700 ns, At safepoint: 18500 ns, Total: 134200 ns
[2024-05-26T19:40:52.401+0000][20776][safepoint   ] Safepoint "Cleanup", Time since last: 1013748700 ns, Reaching safepoint: 146200 ns, At safepoint: 13600 ns, Total: 159800 ns
[2024-05-26T19:42:03.877+0000][20776][gc,start    ] GC(40) Pause Young (Normal) (G1 Evacuation Pause)
[2024-05-26T19:42:03.879+0000][20776][gc,task     ] GC(40) Using 8 workers of 8 for evacuation
[2024-05-26T19:42:03.879+0000][20776][gc,age      ] GC(40) Desired survivor size 159383552 bytes, new threshold 15 (max threshold 15)
[2024-05-26T19:42:03.886+0000][20776][gc,phases   ] GC(40)   Pre Evacuate Collection Set: 0.2ms
[2024-05-26T19:42:03.886+0000][20776][gc,phases   ] GC(40)   Merge Heap Roots: 0.2ms
[2024-05-26T19:42:03.886+0000][20776][gc,phases   ] GC(40)   Evacuate Collection Set: 3.9ms
[2024-05-26T19:42:03.886+0000][20776][gc,phases   ] GC(40)   Post Evacuate Collection Set: 2.5ms
[2024-05-26T19:42:03.886+0000][20776][gc,phases   ] GC(40)   Other: 0.2ms
[2024-05-26T19:42:03.886+0000][20776][gc,age      ] GC(40) Age table with threshold 15 (max threshold 15)
[2024-05-26T19:42:03.886+0000][20776][gc,age      ] GC(40) - age   1:    1491320 bytes,    1491320 total
[2024-05-26T19:42:03.886+0000][20776][gc,age      ] GC(40) - age   2:     334824 bytes,    1826144 total
[2024-05-26T19:42:03.886+0000][20776][gc,age      ] GC(40) - age   3:     590712 bytes,    2416856 total
[2024-05-26T19:42:03.886+0000][20776][gc,age      ] GC(40) - age   4:      34352 bytes,    2451208 total
[2024-05-26T19:42:03.886+0000][20776][gc,age      ] GC(40) - age   5:        568 bytes,    2451776 total
[2024-05-26T19:42:03.886+0000][20776][gc,age      ] GC(40) - age   6:        528 bytes,    2452304 total
[2024-05-26T19:42:03.886+0000][20776][gc,age      ] GC(40) - age   7:     133608 bytes,    2585912 total
[2024-05-26T19:42:03.886+0000][20776][gc,age      ] GC(40) - age   8:        424 bytes,    2586336 total
[2024-05-26T19:42:03.886+0000][20776][gc,age      ] GC(40) - age   9:       2120 bytes,    2588456 total
[2024-05-26T19:42:03.886+0000][20776][gc,age      ] GC(40) - age  10:       1272 bytes,    2589728 total
[2024-05-26T19:42:03.886+0000][20776][gc,age      ] GC(40) - age  11:      24272 bytes,    2614000 total
[2024-05-26T19:42:03.886+0000][20776][gc,age      ] GC(40) - age  12:       2672 bytes,    2616672 total
[2024-05-26T19:42:03.886+0000][20776][gc,age      ] GC(40) - age  13:     137008 bytes,    2753680 total
[2024-05-26T19:42:03.886+0000][20776][gc,age      ] GC(40) - age  14:       5864 bytes,    2759544 total
[2024-05-26T19:42:03.886+0000][20776][gc,age      ] GC(40) - age  15:       1312 bytes,    2760856 total
[2024-05-26T19:42:03.886+0000][20776][gc,heap     ] GC(40) Eden regions: 605->0(605)
[2024-05-26T19:42:03.886+0000][20776][gc,heap     ] GC(40) Survivor regions: 1->1(76)
[2024-05-26T19:42:03.886+0000][20776][gc,heap     ] GC(40) Old regions: 50->50
[2024-05-26T19:42:03.886+0000][20776][gc,heap     ] GC(40) Archive regions: 0->0
[2024-05-26T19:42:03.886+0000][20776][gc,heap     ] GC(40) Humongous regions: 2->2
[2024-05-26T19:42:03.886+0000][20776][gc,metaspace] GC(40) Metaspace: 131934K(135680K)->131934K(135680K) NonClass: 114521K(116480K)->114521K(116480K) Class: 17412K(19200K)->17412K(19200K)
[2024-05-26T19:42:03.886+0000][20776][gc          ] GC(40) Pause Young (Normal) (G1 Evacuation Pause) 2627M->207M(4040M) 9.364ms
[2024-05-26T19:42:03.886+0000][20776][gc,cpu      ] GC(40) User=0.05s Sys=0.05s Real=0.01s
[2024-05-26T19:42:03.886+0000][20776][safepoint   ] Safepoint "G1CollectForAllocation", Time since last: 71475651900 ns, Reaching safepoint: 122900 ns, At safepoint: 9832000 ns, Total: 9954900 ns
[2024-05-26T19:42:55.458+0000][20776][safepoint   ] Safepoint "Cleanup", Time since last: 51570771400 ns, Reaching safepoint: 125400 ns, At safepoint: 16800 ns, Total: 142200 ns
[2024-05-26T19:50:51.725+0000][20776][safepoint   ] Safepoint "Cleanup", Time since last: 476266644400 ns, Reaching safepoint: 145800 ns, At safepoint: 9100 ns, Total: 154900 ns
[2024-05-26T19:51:52.358+0000][20776][safepoint   ] Safepoint "Cleanup", Time since last: 60632885000 ns, Reaching safepoint: 176300 ns, At safepoint: 27100 ns, Total: 203400 ns
[2024-05-26T19:55:48.043+0000][20776][gc,start    ] GC(41) Pause Young (Normal) (G1 Evacuation Pause)
[2024-05-26T19:55:48.043+0000][20776][gc,task     ] GC(41) Using 8 workers of 8 for evacuation
[2024-05-26T19:55:48.043+0000][20776][gc,age      ] GC(41) Desired survivor size 159383552 bytes, new threshold 15 (max threshold 15)
[2024-05-26T19:55:48.051+0000][20776][gc,phases   ] GC(41)   Pre Evacuate Collection Set: 0.2ms
[2024-05-26T19:55:48.051+0000][20776][gc,phases   ] GC(41)   Merge Heap Roots: 0.3ms
[2024-05-26T19:55:48.051+0000][20776][gc,phases   ] GC(41)   Evacuate Collection Set: 3.5ms
[2024-05-26T19:55:48.051+0000][20776][gc,phases   ] GC(41)   Post Evacuate Collection Set: 2.9ms
[2024-05-26T19:55:48.051+0000][20776][gc,phases   ] GC(41)   Other: 0.2ms
[2024-05-26T19:55:48.051+0000][20776][gc,age      ] GC(41) Age table with threshold 15 (max threshold 15)
[2024-05-26T19:55:48.051+0000][20776][gc,age      ] GC(41) - age   1:     849632 bytes,     849632 total
[2024-05-26T19:55:48.051+0000][20776][gc,age      ] GC(41) - age   2:      35096 bytes,     884728 total
[2024-05-26T19:55:48.051+0000][20776][gc,age      ] GC(41) - age   3:     333016 bytes,    1217744 total
[2024-05-26T19:55:48.051+0000][20776][gc,age      ] GC(41) - age   4:     590712 bytes,    1808456 total
[2024-05-26T19:55:48.051+0000][20776][gc,age      ] GC(41) - age   5:      34352 bytes,    1842808 total
[2024-05-26T19:55:48.051+0000][20776][gc,age      ] GC(41) - age   6:        528 bytes,    1843336 total
[2024-05-26T19:55:48.051+0000][20776][gc,age      ] GC(41) - age   7:        528 bytes,    1843864 total
[2024-05-26T19:55:48.051+0000][20776][gc,age      ] GC(41) - age   8:     133608 bytes,    1977472 total
[2024-05-26T19:55:48.051+0000][20776][gc,age      ] GC(41) - age   9:        424 bytes,    1977896 total
[2024-05-26T19:55:48.051+0000][20776][gc,age      ] GC(41) - age  10:       2120 bytes,    1980016 total
[2024-05-26T19:55:48.051+0000][20776][gc,age      ] GC(41) - age  11:       1272 bytes,    1981288 total
[2024-05-26T19:55:48.051+0000][20776][gc,age      ] GC(41) - age  12:      24272 bytes,    2005560 total
[2024-05-26T19:55:48.051+0000][20776][gc,age      ] GC(41) - age  13:       2592 bytes,    2008152 total
[2024-05-26T19:55:48.051+0000][20776][gc,age      ] GC(41) - age  14:     137008 bytes,    2145160 total
[2024-05-26T19:55:48.051+0000][20776][gc,age      ] GC(41) - age  15:       5784 bytes,    2150944 total
[2024-05-26T19:55:48.051+0000][20776][gc,heap     ] GC(41) Eden regions: 605->0(605)
[2024-05-26T19:55:48.051+0000][20776][gc,heap     ] GC(41) Survivor regions: 1->1(76)
[2024-05-26T19:55:48.051+0000][20776][gc,heap     ] GC(41) Old regions: 50->50
[2024-05-26T19:55:48.051+0000][20776][gc,heap     ] GC(41) Archive regions: 0->0
[2024-05-26T19:55:48.051+0000][20776][gc,heap     ] GC(41) Humongous regions: 2->2
[2024-05-26T19:55:48.051+0000][20776][gc,metaspace] GC(41) Metaspace: 131934K(135680K)->131934K(135680K) NonClass: 114521K(116480K)->114521K(116480K) Class: 17412K(19200K)->17412K(19200K)
[2024-05-26T19:55:48.051+0000][20776][gc          ] GC(41) Pause Young (Normal) (G1 Evacuation Pause) 2627M->206M(4040M) 7.550ms
[2024-05-26T19:55:48.051+0000][20776][gc,cpu      ] GC(41) User=0.00s Sys=0.00s Real=0.01s
[2024-05-26T19:55:48.051+0000][20776][safepoint   ] Safepoint "G1CollectForAllocation", Time since last: 235685544100 ns, Reaching safepoint: 150800 ns, At safepoint: 7652700 ns, Total: 7803500 ns
[2024-05-26T19:56:33.508+0000][20776][safepoint   ] Safepoint "Cleanup", Time since last: 45457006400 ns, Reaching safepoint: 122100 ns, At safepoint: 5900 ns, Total: 128000 ns
[2024-05-26T19:58:51.993+0000][20776][safepoint   ] Safepoint "Cleanup", Time since last: 138484815900 ns, Reaching safepoint: 174900 ns, At safepoint: 17200 ns, Total: 192100 ns
[2024-05-26T19:59:51.631+0000][20776][safepoint   ] Safepoint "Cleanup", Time since last: 59637323200 ns, Reaching safepoint: 129500 ns, At safepoint: 9300 ns, Total: 138800 ns
[2024-05-26T20:00:52.280+0000][20776][safepoint   ] Safepoint "Cleanup", Time since last: 60649368000 ns, Reaching safepoint: 178700 ns, At safepoint: 23500 ns, Total: 202200 ns
[2024-05-26T20:00:58.354+0000][20776][safepoint   ] Safepoint "Cleanup", Time since last: 6073289100 ns, Reaching safepoint: 186900 ns, At safepoint: 28900 ns, Total: 215800 ns
[2024-05-26T20:02:51.508+0000][20776][safepoint   ] Safepoint "Cleanup", Time since last: 113154053100 ns, Reaching safepoint: 165800 ns, At safepoint: 10300 ns, Total: 176100 ns
[2024-05-26T20:03:40.033+0000][20776][safepoint   ] Safepoint "Cleanup", Time since last: 48524549000 ns, Reaching safepoint: 165000 ns, At safepoint: 16300 ns, Total: 181300 ns
[2024-05-26T21:12:15.277+0000][20776][safepoint   ] Safepoint "Cleanup", Time since last: 4115253928100 ns, Reaching safepoint: 340700 ns, At safepoint: 45300 ns, Total: 386000 ns
[2024-05-26T21:12:16.302+0000][20776][safepoint   ] Safepoint "Cleanup", Time since last: 1008900000 ns, Reaching safepoint: 15734600 ns, At safepoint: 95000 ns, Total: 15829600 ns
[2024-05-26T21:12:19.334+0000][20776][safepoint   ] Safepoint "Cleanup", Time since last: 3030844500 ns, Reaching safepoint: 233700 ns, At safepoint: 49100 ns, Total: 282800 ns
[2024-05-26T21:12:21.354+0000][20776][safepoint   ] Safepoint "Cleanup", Time since last: 2020168500 ns, Reaching safepoint: 82400 ns, At safepoint: 15900 ns, Total: 98300 ns
[2024-05-26T21:12:23.371+0000][20776][safepoint   ] Safepoint "Cleanup", Time since last: 2016349300 ns, Reaching safepoint: 124100 ns, At safepoint: 6900 ns, Total: 131000 ns
[2024-05-27T00:14:11.575+0000][20776][safepoint   ] Safepoint "Cleanup", Time since last: 10908025725000 ns, Reaching safepoint: 187492200 ns, At safepoint: 5005300 ns, Total: 192497500 ns
[2024-05-27T00:14:13.580+0000][20776][safepoint   ] Safepoint "Cleanup", Time since last: 2000491700 ns, Reaching safepoint: 166100 ns, At safepoint: 13300 ns, Total: 179400 ns
[2024-05-27T00:14:14.585+0000][20776][safepoint   ] Safepoint "Cleanup", Time since last: 1004087400 ns, Reaching safepoint: 169400 ns, At safepoint: 20200 ns, Total: 189600 ns
[2024-05-27T00:14:15.588+0000][20776][safepoint   ] Safepoint "Cleanup", Time since last: 1003672200 ns, Reaching safepoint: 80000 ns, At safepoint: 12100 ns, Total: 92100 ns
[2024-05-27T19:22:57.894+0000][20776][safepoint   ] Safepoint "Cleanup", Time since last: 68927165204100 ns, Reaching safepoint: 750211600 ns, At safepoint: 578700 ns, Total: 750790300 ns
[2024-05-27T19:22:58.981+0000][20776][safepoint   ] Safepoint "Cleanup", Time since last: 1009845700 ns, Reaching safepoint: 73206500 ns, At safepoint: 10575700 ns, Total: 83782200 ns
[2024-05-27T19:23:00.591+0000][20776][safepoint   ] Safepoint "Cleanup", Time since last: 1603296800 ns, Reaching safepoint: 120200 ns, At safepoint: 17200 ns, Total: 137400 ns
[2024-05-27T19:23:01.592+0000][20776][safepoint   ] Safepoint "Cleanup", Time since last: 1000791400 ns, Reaching safepoint: 91600 ns, At safepoint: 9200 ns, Total: 100800 ns
[2024-05-27T19:23:03.164+0000][20776][safepoint   ] Safepoint "Cleanup", Time since last: 1546239500 ns, Reaching safepoint: 25041600 ns, At safepoint: 83000 ns, Total: 25124600 ns
[2024-05-27T19:23:05.170+0000][20776][safepoint   ] Safepoint "Cleanup", Time since last: 2006428100 ns, Reaching safepoint: 163900 ns, At safepoint: 25100 ns, Total: 189000 ns
[2024-05-27T19:23:06.177+0000][20776][safepoint   ] Safepoint "Cleanup", Time since last: 1006661000 ns, Reaching safepoint: 140000 ns, At safepoint: 52500 ns, Total: 192500 ns
[2024-05-27T19:23:07.657+0000][20776][safepoint   ] Safepoint "Cleanup", Time since last: 1479598000 ns, Reaching safepoint: 125700 ns, At safepoint: 12200 ns, Total: 137900 ns
[2024-05-27T19:23:19.740+0000][20776][safepoint   ] Safepoint "Cleanup", Time since last: 12083314100 ns, Reaching safepoint: 96000 ns, At safepoint: 18400 ns, Total: 114400 ns
[2024-05-27T19:23:25.776+0000][20776][safepoint   ] Safepoint "Cleanup", Time since last: 6035209900 ns, Reaching safepoint: 134400 ns, At safepoint: 20400 ns, Total: 154800 ns
[2024-05-27T19:23:31.812+0000][20776][safepoint   ] Safepoint "Cleanup", Time since last: 6036306600 ns, Reaching safepoint: 116000 ns, At safepoint: 8700 ns, Total: 124700 ns
[2024-05-27T19:23:33.838+0000][20776][safepoint   ] Safepoint "Cleanup", Time since last: 2025687800 ns, Reaching safepoint: 125600 ns, At safepoint: 5900 ns, Total: 131500 ns
[2024-05-27T19:23:37.858+0000][20776][safepoint   ] Safepoint "Cleanup", Time since last: 4019667700 ns, Reaching safepoint: 82100 ns, At safepoint: 8000 ns, Total: 90100 ns
[2024-05-27T19:23:52.998+0000][20776][safepoint   ] Safepoint "Cleanup", Time since last: 15140639900 ns, Reaching safepoint: 109500 ns, At safepoint: 27100 ns, Total: 136600 ns
[2024-05-27T19:23:55.216+0000][20776][gc,start    ] GC(42) Pause Young (Normal) (G1 Evacuation Pause)
[2024-05-27T19:23:55.241+0000][20776][gc,task     ] GC(42) Using 8 workers of 8 for evacuation
[2024-05-27T19:23:55.241+0000][20776][gc,age      ] GC(42) Desired survivor size 159383552 bytes, new threshold 15 (max threshold 15)
[2024-05-27T19:23:55.290+0000][20776][gc,phases   ] GC(42)   Pre Evacuate Collection Set: 3.2ms
[2024-05-27T19:23:55.290+0000][20776][gc,phases   ] GC(42)   Merge Heap Roots: 1.2ms
[2024-05-27T19:23:55.290+0000][20776][gc,phases   ] GC(42)   Evacuate Collection Set: 13.9ms
[2024-05-27T19:23:55.290+0000][20776][gc,phases   ] GC(42)   Post Evacuate Collection Set: 28.3ms
[2024-05-27T19:23:55.290+0000][20776][gc,phases   ] GC(42)   Other: 22.3ms
[2024-05-27T19:23:55.290+0000][20776][gc,age      ] GC(42) Age table with threshold 15 (max threshold 15)
[2024-05-27T19:23:55.290+0000][20776][gc,age      ] GC(42) - age   1:    3029240 bytes,    3029240 total
[2024-05-27T19:23:55.290+0000][20776][gc,age      ] GC(42) - age   2:       1880 bytes,    3031120 total
[2024-05-27T19:23:55.290+0000][20776][gc,age      ] GC(42) - age   3:       1184 bytes,    3032304 total
[2024-05-27T19:23:55.290+0000][20776][gc,age      ] GC(42) - age   4:       1320 bytes,    3033624 total
[2024-05-27T19:23:55.290+0000][20776][gc,age      ] GC(42) - age   5:     166328 bytes,    3199952 total
[2024-05-27T19:23:55.290+0000][20776][gc,age      ] GC(42) - age   6:      11000 bytes,    3210952 total
[2024-05-27T19:23:55.290+0000][20776][gc,age      ] GC(42) - age   7:        528 bytes,    3211480 total
[2024-05-27T19:23:55.290+0000][20776][gc,age      ] GC(42) - age   8:        408 bytes,    3211888 total
[2024-05-27T19:23:55.290+0000][20776][gc,age      ] GC(42) - age   9:       2384 bytes,    3214272 total
[2024-05-27T19:23:55.290+0000][20776][gc,age      ] GC(42) - age  10:        264 bytes,    3214536 total
[2024-05-27T19:23:55.290+0000][20776][gc,age      ] GC(42) - age  11:       2064 bytes,    3216600 total
[2024-05-27T19:23:55.290+0000][20776][gc,age      ] GC(42) - age  12:       1272 bytes,    3217872 total
[2024-05-27T19:23:55.290+0000][20776][gc,age      ] GC(42) - age  13:      24192 bytes,    3242064 total
[2024-05-27T19:23:55.290+0000][20776][gc,age      ] GC(42) - age  14:       2592 bytes,    3244656 total
[2024-05-27T19:23:55.290+0000][20776][gc,age      ] GC(42) - age  15:       5920 bytes,    3250576 total
[2024-05-27T19:23:55.290+0000][20776][gc,heap     ] GC(42) Eden regions: 605->0(605)
[2024-05-27T19:23:55.290+0000][20776][gc,heap     ] GC(42) Survivor regions: 1->1(76)
[2024-05-27T19:23:55.290+0000][20776][gc,heap     ] GC(42) Old regions: 50->50
[2024-05-27T19:23:55.290+0000][20776][gc,heap     ] GC(42) Archive regions: 0->0
[2024-05-27T19:23:55.290+0000][20776][gc,heap     ] GC(42) Humongous regions: 2->2
[2024-05-27T19:23:55.290+0000][20776][gc,metaspace] GC(42) Metaspace: 132322K(136064K)->132322K(136064K) NonClass: 114850K(116800K)->114850K(116800K) Class: 17472K(19264K)->17472K(19264K)
[2024-05-27T19:23:55.290+0000][20776][gc          ] GC(42) Pause Young (Normal) (G1 Evacuation Pause) 2626M->207M(4040M) 70.844ms
[2024-05-27T19:23:55.290+0000][20776][gc,cpu      ] GC(42) User=0.05s Sys=0.16s Real=0.07s
[2024-05-27T19:23:55.290+0000][20776][safepoint   ] Safepoint "G1CollectForAllocation", Time since last: 2220996800 ns, Reaching safepoint: 73900 ns, At safepoint: 72003500 ns, Total: 72077400 ns
[2024-05-27T19:23:57.311+0000][20776][safepoint   ] Safepoint "Cleanup", Time since last: 2019472800 ns, Reaching safepoint: 95800 ns, At safepoint: 20100 ns, Total: 115900 ns
[2024-05-27T19:23:58.314+0000][20776][safepoint   ] Safepoint "Cleanup", Time since last: 1002790100 ns, Reaching safepoint: 109500 ns, At safepoint: 22700 ns, Total: 132200 ns
[2024-05-27T19:23:59.327+0000][20776][safepoint   ] Safepoint "Cleanup", Time since last: 1013212500 ns, Reaching safepoint: 94800 ns, At safepoint: 16700 ns, Total: 111500 ns
[2024-05-27T19:24:01.343+0000][20776][safepoint   ] Safepoint "Cleanup", Time since last: 2015075000 ns, Reaching safepoint: 65800 ns, At safepoint: 13100 ns, Total: 78900 ns
[2024-05-27T19:24:31.518+0000][20776][safepoint   ] Safepoint "Cleanup", Time since last: 30175132400 ns, Reaching safepoint: 84800 ns, At safepoint: 11700 ns, Total: 96500 ns
[2024-05-27T19:24:37.550+0000][20776][safepoint   ] Safepoint "Cleanup", Time since last: 6031806200 ns, Reaching safepoint: 164000 ns, At safepoint: 22600 ns, Total: 186600 ns
[2024-05-27T19:24:59.730+0000][20776][safepoint   ] Safepoint "Cleanup", Time since last: 22179582600 ns, Reaching safepoint: 140900 ns, At safepoint: 24400 ns, Total: 165300 ns
[2024-05-27T19:25:13.853+0000][20776][safepoint   ] Safepoint "Cleanup", Time since last: 14123563400 ns, Reaching safepoint: 100500 ns, At safepoint: 26500 ns, Total: 127000 ns
[2024-05-27T19:25:59.187+0000][20776][safepoint   ] Safepoint "Cleanup", Time since last: 45333185500 ns, Reaching safepoint: 86800 ns, At safepoint: 9900 ns, Total: 96700 ns
[2024-05-27T19:26:41.490+0000][20776][safepoint   ] Safepoint "Cleanup", Time since last: 42303394100 ns, Reaching safepoint: 239600 ns, At safepoint: 33100 ns, Total: 272700 ns
[2024-05-27T19:27:01.651+0000][20776][safepoint   ] Safepoint "Cleanup", Time since last: 20160755800 ns, Reaching safepoint: 196400 ns, At safepoint: 25100 ns, Total: 221500 ns
[2024-05-27T19:29:02.527+0000][20776][safepoint   ] Safepoint "Cleanup", Time since last: 120875852800 ns, Reaching safepoint: 149600 ns, At safepoint: 15400 ns, Total: 165000 ns
[2024-05-27T19:29:34.731+0000][20776][safepoint   ] Safepoint "Cleanup", Time since last: 32203479200 ns, Reaching safepoint: 110600 ns, At safepoint: 28100 ns, Total: 138700 ns
[2024-05-27T19:32:14.880+0000][20776][safepoint   ] Safepoint "Cleanup", Time since last: 160148486300 ns, Reaching safepoint: 146200 ns, At safepoint: 36400 ns, Total: 182600 ns
[2024-05-27T19:32:20.912+0000][20776][safepoint   ] Safepoint "Cleanup", Time since last: 6032272900 ns, Reaching safepoint: 81600 ns, At safepoint: 19200 ns, Total: 100800 ns
[2024-05-27T19:32:26.950+0000][20776][safepoint   ] Safepoint "Cleanup", Time since last: 6037815900 ns, Reaching safepoint: 107800 ns, At safepoint: 25300 ns, Total: 133100 ns
[2024-05-27T19:32:59.140+0000][20776][safepoint   ] Safepoint "Cleanup", Time since last: 32189332900 ns, Reaching safepoint: 358700 ns, At safepoint: 98000 ns, Total: 456700 ns
[2024-05-27T19:33:04.196+0000][20776][safepoint   ] Safepoint "Cleanup", Time since last: 5055868400 ns, Reaching safepoint: 68800 ns, At safepoint: 25700 ns, Total: 94500 ns
[2024-05-27T19:33:06.204+0000][20776][safepoint   ] Safepoint "Cleanup", Time since last: 2007428600 ns, Reaching safepoint: 752200 ns, At safepoint: 20600 ns, Total: 772800 ns
[2024-05-27T19:33:12.250+0000][20776][safepoint   ] Safepoint "Cleanup", Time since last: 6046383200 ns, Reaching safepoint: 187300 ns, At safepoint: 52500 ns, Total: 239800 ns
[2024-05-27T19:33:15.271+0000][20776][safepoint   ] Safepoint "Cleanup", Time since last: 3019879400 ns, Reaching safepoint: 106300 ns, At safepoint: 21700 ns, Total: 128000 ns
[2024-05-27T19:33:59.601+0000][20776][safepoint   ] Safepoint "Cleanup", Time since last: 44330599200 ns, Reaching safepoint: 131600 ns, At safepoint: 15800 ns, Total: 147400 ns
[2024-05-27T19:34:36.878+0000][20776][safepoint   ] Safepoint "Cleanup", Time since last: 37276360900 ns, Reaching safepoint: 196300 ns, At safepoint: 21600 ns, Total: 217900 ns
[2024-05-27T19:35:22.195+0000][20776][safepoint   ] Safepoint "Cleanup", Time since last: 45316601000 ns, Reaching safepoint: 193000 ns, At safepoint: 24600 ns, Total: 217600 ns
[2024-05-27T19:36:45.732+0000][20776][safepoint   ] Safepoint "Cleanup", Time since last: 83536869400 ns, Reaching safepoint: 86000 ns, At safepoint: 18800 ns, Total: 104800 ns
[2024-05-27T19:37:03.849+0000][20776][safepoint   ] Safepoint "Cleanup", Time since last: 18117216500 ns, Reaching safepoint: 143800 ns, At safepoint: 57600 ns, Total: 201400 ns
[2024-05-27T19:37:49.152+0000][20776][safepoint   ] Safepoint "Cleanup", Time since last: 45303125300 ns, Reaching safepoint: 144000 ns, At safepoint: 19900 ns, Total: 163900 ns
[2024-05-27T19:37:58.221+0000][20776][safepoint   ] Safepoint "Cleanup", Time since last: 9068285200 ns, Reaching safepoint: 147100 ns, At safepoint: 78500 ns, Total: 225600 ns
[2024-05-27T19:37:59.228+0000][20776][safepoint   ] Safepoint "Cleanup", Time since last: 1006503300 ns, Reaching safepoint: 145200 ns, At safepoint: 80300 ns, Total: 225500 ns
[2024-05-27T19:37:59.830+0000][20776][gc,start    ] GC(43) Pause Young (Normal) (G1 Evacuation Pause)
[2024-05-27T19:37:59.830+0000][20776][gc,task     ] GC(43) Using 8 workers of 8 for evacuation
[2024-05-27T19:37:59.830+0000][20776][gc,age      ] GC(43) Desired survivor size 159383552 bytes, new threshold 15 (max threshold 15)
[2024-05-27T19:37:59.844+0000][20776][gc,phases   ] GC(43)   Pre Evacuate Collection Set: 1.0ms
[2024-05-27T19:37:59.844+0000][20776][gc,phases   ] GC(43)   Merge Heap Roots: 0.3ms
[2024-05-27T19:37:59.844+0000][20776][gc,phases   ] GC(43)   Evacuate Collection Set: 12.0ms
[2024-05-27T19:37:59.844+0000][20776][gc,phases   ] GC(43)   Post Evacuate Collection Set: 1.2ms
[2024-05-27T19:37:59.844+0000][20776][gc,phases   ] GC(43)   Other: 0.6ms
[2024-05-27T19:37:59.844+0000][20776][gc,age      ] GC(43) Age table with threshold 15 (max threshold 15)
[2024-05-27T19:37:59.844+0000][20776][gc,age      ] GC(43) - age   1:    1792456 bytes,    1792456 total
[2024-05-27T19:37:59.844+0000][20776][gc,age      ] GC(43) - age   2:    1798560 bytes,    3591016 total
[2024-05-27T19:37:59.844+0000][20776][gc,age      ] GC(43) - age   3:       1400 bytes,    3592416 total
[2024-05-27T19:37:59.844+0000][20776][gc,age      ] GC(43) - age   4:       1040 bytes,    3593456 total
[2024-05-27T19:37:59.844+0000][20776][gc,age      ] GC(43) - age   5:        920 bytes,    3594376 total
[2024-05-27T19:37:59.844+0000][20776][gc,age      ] GC(43) - age   6:     166064 bytes,    3760440 total
[2024-05-27T19:37:59.844+0000][20776][gc,age      ] GC(43) - age   7:      11000 bytes,    3771440 total
[2024-05-27T19:37:59.845+0000][20776][gc,age      ] GC(43) - age   8:        528 bytes,    3771968 total
[2024-05-27T19:37:59.845+0000][20776][gc,age      ] GC(43) - age   9:        408 bytes,    3772376 total
[2024-05-27T19:37:59.845+0000][20776][gc,age      ] GC(43) - age  10:       2384 bytes,    3774760 total
[2024-05-27T19:37:59.845+0000][20776][gc,age      ] GC(43) - age  11:        264 bytes,    3775024 total
[2024-05-27T19:37:59.845+0000][20776][gc,age      ] GC(43) - age  12:       1984 bytes,    3777008 total
[2024-05-27T19:37:59.845+0000][20776][gc,age      ] GC(43) - age  13:       1272 bytes,    3778280 total
[2024-05-27T19:37:59.845+0000][20776][gc,age      ] GC(43) - age  14:      24192 bytes,    3802472 total
[2024-05-27T19:37:59.845+0000][20776][gc,age      ] GC(43) - age  15:       2592 bytes,    3805064 total
[2024-05-27T19:37:59.845+0000][20776][gc,heap     ] GC(43) Eden regions: 605->0(605)
[2024-05-27T19:37:59.845+0000][20776][gc,heap     ] GC(43) Survivor regions: 1->1(76)
[2024-05-27T19:37:59.845+0000][20776][gc,heap     ] GC(43) Old regions: 50->50
[2024-05-27T19:37:59.845+0000][20776][gc,heap     ] GC(43) Archive regions: 0->0
[2024-05-27T19:37:59.845+0000][20776][gc,heap     ] GC(43) Humongous regions: 2->2
[2024-05-27T19:37:59.845+0000][20776][gc,metaspace] GC(43) Metaspace: 132330K(136064K)->132330K(136064K) NonClass: 114858K(116800K)->114858K(116800K) Class: 17472K(19264K)->17472K(19264K)
[2024-05-27T19:37:59.845+0000][20776][gc          ] GC(43) Pause Young (Normal) (G1 Evacuation Pause) 2627M->208M(4040M) 15.740ms
[2024-05-27T19:37:59.845+0000][20776][gc,cpu      ] GC(43) User=0.00s Sys=0.02s Real=0.02s
[2024-05-27T19:37:59.845+0000][20776][safepoint   ] Safepoint "G1CollectForAllocation", Time since last: 602026000 ns, Reaching safepoint: 112500 ns, At safepoint: 16373500 ns, Total: 16486000 ns
[2024-05-27T19:38:03.870+0000][20776][safepoint   ] Safepoint "Cleanup", Time since last: 4024134800 ns, Reaching safepoint: 202200 ns, At safepoint: 29400 ns, Total: 231600 ns
[2024-05-27T19:38:15.950+0000][20776][safepoint   ] Safepoint "Cleanup", Time since last: 12079780600 ns, Reaching safepoint: 230100 ns, At safepoint: 104300 ns, Total: 334400 ns
[2024-05-27T19:38:34.095+0000][20776][safepoint   ] Safepoint "Cleanup", Time since last: 18143238900 ns, Reaching safepoint: 727800 ns, At safepoint: 98900 ns, Total: 826700 ns
[2024-05-27T19:38:45.168+0000][20776][safepoint   ] Safepoint "Cleanup", Time since last: 11073276600 ns, Reaching safepoint: 139000 ns, At safepoint: 56600 ns, Total: 195600 ns
[2024-05-27T19:39:10.333+0000][20776][safepoint   ] Safepoint "Cleanup", Time since last: 25165027000 ns, Reaching safepoint: 136600 ns, At safepoint: 22500 ns, Total: 159100 ns
[2024-05-27T19:39:41.556+0000][20776][safepoint   ] Safepoint "Cleanup", Time since last: 31221480100 ns, Reaching safepoint: 704000 ns, At safepoint: 39000 ns, Total: 743000 ns
[2024-05-27T19:39:59.693+0000][20776][safepoint   ] Safepoint "Cleanup", Time since last: 18136932400 ns, Reaching safepoint: 196300 ns, At safepoint: 82600 ns, Total: 278900 ns
[2024-05-27T19:47:48.158+0000][20776][safepoint   ] Safepoint "Cleanup", Time since last: 468405293000 ns, Reaching safepoint: 176400 ns, At safepoint: 90900 ns, Total: 267300 ns
[2024-05-27T19:48:17.399+0000][20776][safepoint   ] Safepoint "Cleanup", Time since last: 29237017500 ns, Reaching safepoint: 107200 ns, At safepoint: 14400 ns, Total: 121600 ns
[2024-05-27T19:49:33.857+0000][20776][safepoint   ] Safepoint "Cleanup", Time since last: 76465963000 ns, Reaching safepoint: 150300 ns, At safepoint: 11600 ns, Total: 161900 ns
[2024-05-27T19:49:44.947+0000][20776][safepoint   ] Safepoint "Cleanup", Time since last: 11090361200 ns, Reaching safepoint: 143400 ns, At safepoint: 6200 ns, Total: 149600 ns
[2024-05-27T19:50:27.256+0000][20776][safepoint   ] Safepoint "Cleanup", Time since last: 42309269600 ns, Reaching safepoint: 128400 ns, At safepoint: 58400 ns, Total: 186800 ns
[2024-05-27T19:52:18.071+0000][20776][safepoint   ] Safepoint "Cleanup", Time since last: 110814230500 ns, Reaching safepoint: 258300 ns, At safepoint: 89000 ns, Total: 347300 ns
[2024-05-27T19:52:33.492+0000][20776][gc,start    ] GC(44) Pause Young (Normal) (G1 Evacuation Pause)
[2024-05-27T19:52:33.492+0000][20776][gc,task     ] GC(44) Using 8 workers of 8 for evacuation
[2024-05-27T19:52:33.492+0000][20776][gc,age      ] GC(44) Desired survivor size 159383552 bytes, new threshold 15 (max threshold 15)
[2024-05-27T19:52:33.502+0000][20776][gc,phases   ] GC(44)   Pre Evacuate Collection Set: 0.3ms
[2024-05-27T19:52:33.502+0000][20776][gc,phases   ] GC(44)   Merge Heap Roots: 2.4ms
[2024-05-27T19:52:33.502+0000][20776][gc,phases   ] GC(44)   Evacuate Collection Set: 4.8ms
[2024-05-27T19:52:33.502+0000][20776][gc,phases   ] GC(44)   Post Evacuate Collection Set: 2.1ms
[2024-05-27T19:52:33.502+0000][20776][gc,phases   ] GC(44)   Other: 0.4ms
[2024-05-27T19:52:33.502+0000][20776][gc,age      ] GC(44) Age table with threshold 15 (max threshold 15)
[2024-05-27T19:52:33.502+0000][20776][gc,age      ] GC(44) - age   1:    1637704 bytes,    1637704 total
[2024-05-27T19:52:33.502+0000][20776][gc,age      ] GC(44) - age   2:      87976 bytes,    1725680 total
[2024-05-27T19:52:33.502+0000][20776][gc,age      ] GC(44) - age   3:    1641072 bytes,    3366752 total
[2024-05-27T19:52:33.502+0000][20776][gc,age      ] GC(44) - age   4:       1120 bytes,    3367872 total
[2024-05-27T19:52:33.502+0000][20776][gc,age      ] GC(44) - age   5:       1040 bytes,    3368912 total
[2024-05-27T19:52:33.502+0000][20776][gc,age      ] GC(44) - age   6:        864 bytes,    3369776 total
[2024-05-27T19:52:33.502+0000][20776][gc,age      ] GC(44) - age   7:     165944 bytes,    3535720 total
[2024-05-27T19:52:33.502+0000][20776][gc,age      ] GC(44) - age   8:      10976 bytes,    3546696 total
[2024-05-27T19:52:33.502+0000][20776][gc,age      ] GC(44) - age   9:        376 bytes,    3547072 total
[2024-05-27T19:52:33.502+0000][20776][gc,age      ] GC(44) - age  10:        408 bytes,    3547480 total
[2024-05-27T19:52:33.502+0000][20776][gc,age      ] GC(44) - age  11:       2384 bytes,    3549864 total
[2024-05-27T19:52:33.502+0000][20776][gc,age      ] GC(44) - age  12:        264 bytes,    3550128 total
[2024-05-27T19:52:33.502+0000][20776][gc,age      ] GC(44) - age  13:       1984 bytes,    3552112 total
[2024-05-27T19:52:33.502+0000][20776][gc,age      ] GC(44) - age  14:       1272 bytes,    3553384 total
[2024-05-27T19:52:33.502+0000][20776][gc,age      ] GC(44) - age  15:      24192 bytes,    3577576 total
[2024-05-27T19:52:33.502+0000][20776][gc,heap     ] GC(44) Eden regions: 605->0(605)
[2024-05-27T19:52:33.502+0000][20776][gc,heap     ] GC(44) Survivor regions: 1->1(76)
[2024-05-27T19:52:33.502+0000][20776][gc,heap     ] GC(44) Old regions: 50->50
[2024-05-27T19:52:33.502+0000][20776][gc,heap     ] GC(44) Archive regions: 0->0
[2024-05-27T19:52:33.502+0000][20776][gc,heap     ] GC(44) Humongous regions: 2->2
[2024-05-27T19:52:33.502+0000][20776][gc,metaspace] GC(44) Metaspace: 132332K(136064K)->132332K(136064K) NonClass: 114860K(116800K)->114860K(116800K) Class: 17472K(19264K)->17472K(19264K)
[2024-05-27T19:52:33.503+0000][20776][gc          ] GC(44) Pause Young (Normal) (G1 Evacuation Pause) 2628M->207M(4040M) 10.940ms
[2024-05-27T19:52:33.503+0000][20776][gc,cpu      ] GC(44) User=0.00s Sys=0.02s Real=0.01s
[2024-05-27T19:52:33.503+0000][20776][safepoint   ] Safepoint "G1CollectForAllocation", Time since last: 15420845600 ns, Reaching safepoint: 140100 ns, At safepoint: 11467800 ns, Total: 11607900 ns
[2024-05-27T19:54:18.257+0000][20776][safepoint   ] Safepoint "Cleanup", Time since last: 104753697200 ns, Reaching safepoint: 158500 ns, At safepoint: 30300 ns, Total: 188800 ns
[2024-05-27T19:54:54.509+0000][20776][safepoint   ] Safepoint "Cleanup", Time since last: 36250565600 ns, Reaching safepoint: 697400 ns, At safepoint: 37400 ns, Total: 734800 ns
[2024-05-27T19:55:04.579+0000][20776][safepoint   ] Safepoint "Cleanup", Time since last: 10069919500 ns, Reaching safepoint: 86900 ns, At safepoint: 14700 ns, Total: 101600 ns
[2024-05-27T19:56:03.992+0000][20776][safepoint   ] Safepoint "Cleanup", Time since last: 59413456100 ns, Reaching safepoint: 106900 ns, At safepoint: 11200 ns, Total: 118100 ns
[2024-05-27T19:58:46.255+0000][20776][safepoint   ] Safepoint "Cleanup", Time since last: 162262294700 ns, Reaching safepoint: 112900 ns, At safepoint: 21700 ns, Total: 134600 ns
[2024-05-27T19:59:04.410+0000][20776][safepoint   ] Safepoint "Cleanup", Time since last: 18154907500 ns, Reaching safepoint: 120100 ns, At safepoint: 14100 ns, Total: 134200 ns
[2024-05-27T19:59:18.494+0000][20776][safepoint   ] Safepoint "Cleanup", Time since last: 14083893100 ns, Reaching safepoint: 101500 ns, At safepoint: 11900 ns, Total: 113400 ns
[2024-05-27T20:03:15.221+0000][20776][safepoint   ] Safepoint "Cleanup", Time since last: 236727522400 ns, Reaching safepoint: 103700 ns, At safepoint: 13800 ns, Total: 117500 ns
[2024-05-27T20:03:18.254+0000][20776][safepoint   ] Safepoint "Cleanup", Time since last: 3032720400 ns, Reaching safepoint: 255600 ns, At safepoint: 47900 ns, Total: 303500 ns
[2024-05-27T20:04:11.688+0000][20776][safepoint   ] Safepoint "Cleanup", Time since last: 53433423100 ns, Reaching safepoint: 129300 ns, At safepoint: 15500 ns, Total: 144800 ns
[2024-05-27T20:05:13.085+0000][20776][safepoint   ] Safepoint "Cleanup", Time since last: 61396855600 ns, Reaching safepoint: 127900 ns, At safepoint: 31700 ns, Total: 159600 ns
[2024-05-27T20:05:18.116+0000][20776][safepoint   ] Safepoint "Cleanup", Time since last: 5031108800 ns, Reaching safepoint: 89400 ns, At safepoint: 12900 ns, Total: 102300 ns
[2024-05-27T20:06:17.606+0000][20776][safepoint   ] Safepoint "Cleanup", Time since last: 59489344200 ns, Reaching safepoint: 139200 ns, At safepoint: 19700 ns, Total: 158900 ns
[2024-05-27T20:06:23.052+0000][20776][gc,start    ] GC(45) Pause Young (Normal) (G1 Evacuation Pause)
[2024-05-27T20:06:23.052+0000][20776][gc,task     ] GC(45) Using 8 workers of 8 for evacuation
[2024-05-27T20:06:23.052+0000][20776][gc,age      ] GC(45) Desired survivor size 159383552 bytes, new threshold 15 (max threshold 15)
[2024-05-27T20:06:23.062+0000][20776][gc,phases   ] GC(45)   Pre Evacuate Collection Set: 0.3ms
[2024-05-27T20:06:23.062+0000][20776][gc,phases   ] GC(45)   Merge Heap Roots: 0.3ms
[2024-05-27T20:06:23.062+0000][20776][gc,phases   ] GC(45)   Evacuate Collection Set: 7.1ms
[2024-05-27T20:06:23.062+0000][20776][gc,phases   ] GC(45)   Post Evacuate Collection Set: 2.2ms
[2024-05-27T20:06:23.062+0000][20776][gc,phases   ] GC(45)   Other: 0.4ms
[2024-05-27T20:06:23.062+0000][20776][gc,age      ] GC(45) Age table with threshold 15 (max threshold 15)
[2024-05-27T20:06:23.062+0000][20776][gc,age      ] GC(45) - age   1:    1184688 bytes,    1184688 total
[2024-05-27T20:06:23.062+0000][20776][gc,age      ] GC(45) - age   2:     179464 bytes,    1364152 total
[2024-05-27T20:06:23.062+0000][20776][gc,age      ] GC(45) - age   3:      84328 bytes,    1448480 total
[2024-05-27T20:06:23.062+0000][20776][gc,age      ] GC(45) - age   4:    1638176 bytes,    3086656 total
[2024-05-27T20:06:23.062+0000][20776][gc,age      ] GC(45) - age   5:       1040 bytes,    3087696 total
[2024-05-27T20:06:23.062+0000][20776][gc,age      ] GC(45) - age   6:        928 bytes,    3088624 total
[2024-05-27T20:06:23.062+0000][20776][gc,age      ] GC(45) - age   7:        784 bytes,    3089408 total
[2024-05-27T20:06:23.062+0000][20776][gc,age      ] GC(45) - age   8:     165944 bytes,    3255352 total
[2024-05-27T20:06:23.062+0000][20776][gc,age      ] GC(45) - age   9:      10976 bytes,    3266328 total
[2024-05-27T20:06:23.062+0000][20776][gc,age      ] GC(45) - age  10:        376 bytes,    3266704 total
[2024-05-27T20:06:23.062+0000][20776][gc,age      ] GC(45) - age  11:        408 bytes,    3267112 total
[2024-05-27T20:06:23.062+0000][20776][gc,age      ] GC(45) - age  12:       2304 bytes,    3269416 total
[2024-05-27T20:06:23.062+0000][20776][gc,age      ] GC(45) - age  13:        264 bytes,    3269680 total
[2024-05-27T20:06:23.062+0000][20776][gc,age      ] GC(45) - age  14:       1984 bytes,    3271664 total
[2024-05-27T20:06:23.062+0000][20776][gc,age      ] GC(45) - age  15:       1272 bytes,    3272936 total
[2024-05-27T20:06:23.062+0000][20776][gc,heap     ] GC(45) Eden regions: 605->0(605)
[2024-05-27T20:06:23.062+0000][20776][gc,heap     ] GC(45) Survivor regions: 1->1(76)
[2024-05-27T20:06:23.062+0000][20776][gc,heap     ] GC(45) Old regions: 50->50
[2024-05-27T20:06:23.062+0000][20776][gc,heap     ] GC(45) Archive regions: 0->0
[2024-05-27T20:06:23.062+0000][20776][gc,heap     ] GC(45) Humongous regions: 2->2
[2024-05-27T20:06:23.062+0000][20776][gc,metaspace] GC(45) Metaspace: 132340K(136064K)->132340K(136064K) NonClass: 114868K(116800K)->114868K(116800K) Class: 17472K(19264K)->17472K(19264K)
[2024-05-27T20:06:23.062+0000][20776][gc          ] GC(45) Pause Young (Normal) (G1 Evacuation Pause) 2627M->207M(4040M) 10.816ms
[2024-05-27T20:06:23.062+0000][20776][gc,cpu      ] GC(45) User=0.09s Sys=0.00s Real=0.01s
[2024-05-27T20:06:23.062+0000][20776][safepoint   ] Safepoint "G1CollectForAllocation", Time since last: 5445994000 ns, Reaching safepoint: 142000 ns, At safepoint: 10957700 ns, Total: 11099700 ns
[2024-05-27T20:07:17.417+0000][20776][safepoint   ] Safepoint "Cleanup", Time since last: 54353993000 ns, Reaching safepoint: 90500 ns, At safepoint: 16000 ns, Total: 106500 ns
[2024-05-27T20:07:44.603+0000][20776][safepoint   ] Safepoint "Cleanup", Time since last: 27185906800 ns, Reaching safepoint: 111700 ns, At safepoint: 24800 ns, Total: 136500 ns
[2024-05-27T20:08:17.851+0000][20776][safepoint   ] Safepoint "Cleanup", Time since last: 33247722100 ns, Reaching safepoint: 135800 ns, At safepoint: 14200 ns, Total: 150000 ns
[2024-05-27T20:09:18.260+0000][20776][safepoint   ] Safepoint "Cleanup", Time since last: 60408701500 ns, Reaching safepoint: 151900 ns, At safepoint: 12400 ns, Total: 164300 ns
[2024-05-27T20:09:34.358+0000][20776][safepoint   ] Safepoint "Cleanup", Time since last: 16086057500 ns, Reaching safepoint: 11828900 ns, At safepoint: 68600 ns, Total: 11897500 ns
[2024-05-27T20:11:18.147+0000][20776][safepoint   ] Safepoint "Cleanup", Time since last: 103789687000 ns, Reaching safepoint: 108700 ns, At safepoint: 26600 ns, Total: 135300 ns
[2024-05-27T20:13:16.039+0000][20776][safepoint   ] Safepoint "Cleanup", Time since last: 117891443600 ns, Reaching safepoint: 228000 ns, At safepoint: 72300 ns, Total: 300300 ns
[2024-05-27T20:13:18.052+0000][20776][safepoint   ] Safepoint "Cleanup", Time since last: 2012702800 ns, Reaching safepoint: 144800 ns, At safepoint: 44800 ns, Total: 189600 ns
[2024-05-27T20:17:17.783+0000][20776][safepoint   ] Safepoint "Cleanup", Time since last: 239730807300 ns, Reaching safepoint: 122200 ns, At safepoint: 77100 ns, Total: 199300 ns
[2024-05-27T20:18:14.143+0000][20776][safepoint   ] Safepoint "Cleanup", Time since last: 56359797400 ns, Reaching safepoint: 167600 ns, At safepoint: 68200 ns, Total: 235800 ns
[2024-05-27T20:20:01.491+0000][20776][gc,start    ] GC(46) Pause Young (Normal) (G1 Evacuation Pause)
[2024-05-27T20:20:01.491+0000][20776][gc,task     ] GC(46) Using 8 workers of 8 for evacuation
[2024-05-27T20:20:01.491+0000][20776][gc,age      ] GC(46) Desired survivor size 159383552 bytes, new threshold 15 (max threshold 15)
[2024-05-27T20:20:01.505+0000][20776][gc,phases   ] GC(46)   Pre Evacuate Collection Set: 0.3ms
[2024-05-27T20:20:01.505+0000][20776][gc,phases   ] GC(46)   Merge Heap Roots: 0.9ms
[2024-05-27T20:20:01.505+0000][20776][gc,phases   ] GC(46)   Evacuate Collection Set: 6.6ms
[2024-05-27T20:20:01.505+0000][20776][gc,phases   ] GC(46)   Post Evacuate Collection Set: 5.9ms
[2024-05-27T20:20:01.505+0000][20776][gc,phases   ] GC(46)   Other: 0.3ms
[2024-05-27T20:20:01.505+0000][20776][gc,age      ] GC(46) Age table with threshold 15 (max threshold 15)
[2024-05-27T20:20:01.505+0000][20776][gc,age      ] GC(46) - age   1:     957128 bytes,     957128 total
[2024-05-27T20:20:01.505+0000][20776][gc,age      ] GC(46) - age   2:     239744 bytes,    1196872 total
[2024-05-27T20:20:01.505+0000][20776][gc,age      ] GC(46) - age   3:     178280 bytes,    1375152 total
[2024-05-27T20:20:01.505+0000][20776][gc,age      ] GC(46) - age   4:      84248 bytes,    1459400 total
[2024-05-27T20:20:01.505+0000][20776][gc,age      ] GC(46) - age   5:    1638096 bytes,    3097496 total
[2024-05-27T20:20:01.505+0000][20776][gc,age      ] GC(46) - age   6:        880 bytes,    3098376 total
[2024-05-27T20:20:01.505+0000][20776][gc,age      ] GC(46) - age   7:        848 bytes,    3099224 total
[2024-05-27T20:20:01.505+0000][20776][gc,age      ] GC(46) - age   8:        784 bytes,    3100008 total
[2024-05-27T20:20:01.505+0000][20776][gc,age      ] GC(46) - age   9:     165944 bytes,    3265952 total
[2024-05-27T20:20:01.505+0000][20776][gc,age      ] GC(46) - age  10:      10976 bytes,    3276928 total
[2024-05-27T20:20:01.505+0000][20776][gc,age      ] GC(46) - age  11:        376 bytes,    3277304 total
[2024-05-27T20:20:01.505+0000][20776][gc,age      ] GC(46) - age  12:        408 bytes,    3277712 total
[2024-05-27T20:20:01.505+0000][20776][gc,age      ] GC(46) - age  13:       2304 bytes,    3280016 total
[2024-05-27T20:20:01.505+0000][20776][gc,age      ] GC(46) - age  14:        264 bytes,    3280280 total
[2024-05-27T20:20:01.505+0000][20776][gc,age      ] GC(46) - age  15:       1984 bytes,    3282264 total
[2024-05-27T20:20:01.505+0000][20776][gc,heap     ] GC(46) Eden regions: 605->0(605)
[2024-05-27T20:20:01.505+0000][20776][gc,heap     ] GC(46) Survivor regions: 1->1(76)
[2024-05-27T20:20:01.505+0000][20776][gc,heap     ] GC(46) Old regions: 50->50
[2024-05-27T20:20:01.505+0000][20776][gc,heap     ] GC(46) Archive regions: 0->0
[2024-05-27T20:20:01.505+0000][20776][gc,heap     ] GC(46) Humongous regions: 2->2
[2024-05-27T20:20:01.505+0000][20776][gc,metaspace] GC(46) Metaspace: 132371K(136064K)->132371K(136064K) NonClass: 114899K(116800K)->114899K(116800K) Class: 17472K(19264K)->17472K(19264K)
[2024-05-27T20:20:01.506+0000][20776][gc          ] GC(46) Pause Young (Normal) (G1 Evacuation Pause) 2627M->207M(4040M) 15.080ms
[2024-05-27T20:20:01.506+0000][20776][gc,cpu      ] GC(46) User=0.11s Sys=0.02s Real=0.02s
[2024-05-27T20:20:01.506+0000][20776][safepoint   ] Safepoint "G1CollectForAllocation", Time since last: 107347444900 ns, Reaching safepoint: 202300 ns, At safepoint: 15386300 ns, Total: 15588600 ns
[2024-05-27T20:20:14.663+0000][20776][safepoint   ] Safepoint "Cleanup", Time since last: 13131191700 ns, Reaching safepoint: 25684200 ns, At safepoint: 50900 ns, Total: 25735100 ns
[2024-05-27T20:20:17.679+0000][20776][safepoint   ] Safepoint "Cleanup", Time since last: 3015872900 ns, Reaching safepoint: 113100 ns, At safepoint: 16200 ns, Total: 129300 ns
[2024-05-27T20:20:25.753+0000][20776][safepoint   ] Safepoint "Cleanup", Time since last: 8074174200 ns, Reaching safepoint: 101200 ns, At safepoint: 16200 ns, Total: 117400 ns
[2024-05-27T20:20:44.894+0000][20776][safepoint   ] Safepoint "Cleanup", Time since last: 19140217600 ns, Reaching safepoint: 182000 ns, At safepoint: 35100 ns, Total: 217100 ns
[2024-05-27T20:21:18.131+0000][20776][safepoint   ] Safepoint "Cleanup", Time since last: 33237666400 ns, Reaching safepoint: 145700 ns, At safepoint: 26900 ns, Total: 172600 ns
[2024-05-27T20:22:07.504+0000][20776][safepoint   ] Safepoint "Cleanup", Time since last: 49372398300 ns, Reaching safepoint: 88500 ns, At safepoint: 17700 ns, Total: 106200 ns
[2024-05-27T20:22:58.894+0000][20776][safepoint   ] Safepoint "Cleanup", Time since last: 51389452800 ns, Reaching safepoint: 123500 ns, At safepoint: 15900 ns, Total: 139400 ns
[2024-05-27T20:23:01.915+0000][20776][safepoint   ] Safepoint "Cleanup", Time since last: 3020741100 ns, Reaching safepoint: 145200 ns, At safepoint: 17400 ns, Total: 162600 ns
[2024-05-27T20:23:04.950+0000][20776][safepoint   ] Safepoint "Cleanup", Time since last: 3035428200 ns, Reaching safepoint: 160800 ns, At safepoint: 20400 ns, Total: 181200 ns
[2024-05-27T20:24:18.467+0000][20776][safepoint   ] Safepoint "Cleanup", Time since last: 73516348300 ns, Reaching safepoint: 134800 ns, At safepoint: 45400 ns, Total: 180200 ns
[2024-05-27T20:25:17.909+0000][20776][safepoint   ] Safepoint "Cleanup", Time since last: 59441687900 ns, Reaching safepoint: 178000 ns, At safepoint: 17300 ns, Total: 195300 ns
[2024-05-27T20:26:18.385+0000][20776][safepoint   ] Safepoint "Cleanup", Time since last: 60476337600 ns, Reaching safepoint: 135200 ns, At safepoint: 19900 ns, Total: 155100 ns
[2024-05-27T20:31:03.565+0000][20776][safepoint   ] Safepoint "Cleanup", Time since last: 285180012600 ns, Reaching safepoint: 325000 ns, At safepoint: 66300 ns, Total: 391300 ns
[2024-05-27T20:31:18.674+0000][20776][safepoint   ] Safepoint "Cleanup", Time since last: 15108169100 ns, Reaching safepoint: 140200 ns, At safepoint: 64500 ns, Total: 204700 ns
[2024-05-27T20:32:27.167+0000][20776][safepoint   ] Safepoint "Cleanup", Time since last: 68492878100 ns, Reaching safepoint: 102400 ns, At safepoint: 31300 ns, Total: 133700 ns
[2024-05-27T20:33:18.559+0000][20776][safepoint   ] Safepoint "Cleanup", Time since last: 51392065500 ns, Reaching safepoint: 105700 ns, At safepoint: 24900 ns, Total: 130600 ns
[2024-05-27T20:33:27.441+0000][20776][gc,start    ] GC(47) Pause Young (Normal) (G1 Evacuation Pause)
[2024-05-27T20:33:27.441+0000][20776][gc,task     ] GC(47) Using 8 workers of 8 for evacuation
[2024-05-27T20:33:27.441+0000][20776][gc,age      ] GC(47) Desired survivor size 159383552 bytes, new threshold 15 (max threshold 15)
[2024-05-27T20:33:27.447+0000][20776][gc,phases   ] GC(47)   Pre Evacuate Collection Set: 0.3ms
[2024-05-27T20:33:27.448+0000][20776][gc,phases   ] GC(47)   Merge Heap Roots: 0.2ms
[2024-05-27T20:33:27.448+0000][20776][gc,phases   ] GC(47)   Evacuate Collection Set: 4.8ms
[2024-05-27T20:33:27.448+0000][20776][gc,phases   ] GC(47)   Post Evacuate Collection Set: 2.0ms
[2024-05-27T20:33:27.448+0000][20776][gc,phases   ] GC(47)   Other: 0.3ms
[2024-05-27T20:33:27.448+0000][20776][gc,age      ] GC(47) Age table with threshold 15 (max threshold 15)
[2024-05-27T20:33:27.448+0000][20776][gc,age      ] GC(47) - age   1:    1443032 bytes,    1443032 total
[2024-05-27T20:33:27.448+0000][20776][gc,age      ] GC(47) - age   2:       2872 bytes,    1445904 total
[2024-05-27T20:33:27.448+0000][20776][gc,age      ] GC(47) - age   3:      76408 bytes,    1522312 total
[2024-05-27T20:33:27.448+0000][20776][gc,age      ] GC(47) - age   4:     177272 bytes,    1699584 total
[2024-05-27T20:33:27.448+0000][20776][gc,age      ] GC(47) - age   5:      24536 bytes,    1724120 total
[2024-05-27T20:33:27.448+0000][20776][gc,age      ] GC(47) - age   6:    1620904 bytes,    3345024 total
[2024-05-27T20:33:27.448+0000][20776][gc,age      ] GC(47) - age   7:        880 bytes,    3345904 total
[2024-05-27T20:33:27.448+0000][20776][gc,age      ] GC(47) - age   8:        848 bytes,    3346752 total
[2024-05-27T20:33:27.448+0000][20776][gc,age      ] GC(47) - age   9:        784 bytes,    3347536 total
[2024-05-27T20:33:27.448+0000][20776][gc,age      ] GC(47) - age  10:     165944 bytes,    3513480 total
[2024-05-27T20:33:27.448+0000][20776][gc,age      ] GC(47) - age  11:      10936 bytes,    3524416 total
[2024-05-27T20:33:27.448+0000][20776][gc,age      ] GC(47) - age  12:        376 bytes,    3524792 total
[2024-05-27T20:33:27.448+0000][20776][gc,age      ] GC(47) - age  13:        408 bytes,    3525200 total
[2024-05-27T20:33:27.448+0000][20776][gc,age      ] GC(47) - age  14:       2304 bytes,    3527504 total
[2024-05-27T20:33:27.448+0000][20776][gc,age      ] GC(47) - age  15:        264 bytes,    3527768 total
[2024-05-27T20:33:27.448+0000][20776][gc,heap     ] GC(47) Eden regions: 605->0(605)
[2024-05-27T20:33:27.448+0000][20776][gc,heap     ] GC(47) Survivor regions: 1->1(76)
[2024-05-27T20:33:27.448+0000][20776][gc,heap     ] GC(47) Old regions: 50->50
[2024-05-27T20:33:27.448+0000][20776][gc,heap     ] GC(47) Archive regions: 0->0
[2024-05-27T20:33:27.448+0000][20776][gc,heap     ] GC(47) Humongous regions: 2->2
[2024-05-27T20:33:27.448+0000][20776][gc,metaspace] GC(47) Metaspace: 132387K(136128K)->132387K(136128K) NonClass: 114915K(116864K)->114915K(116864K) Class: 17472K(19264K)->17472K(19264K)
[2024-05-27T20:33:27.448+0000][20776][gc          ] GC(47) Pause Young (Normal) (G1 Evacuation Pause) 2627M->207M(4040M) 8.300ms
[2024-05-27T20:33:27.448+0000][20776][gc,cpu      ] GC(47) User=0.03s Sys=0.00s Real=0.01s
[2024-05-27T20:33:27.448+0000][20776][safepoint   ] Safepoint "G1CollectForAllocation", Time since last: 8881148600 ns, Reaching safepoint: 143000 ns, At safepoint: 8453300 ns, Total: 8596300 ns
[2024-05-27T20:33:51.592+0000][20776][safepoint   ] Safepoint "Cleanup", Time since last: 24143443400 ns, Reaching safepoint: 98200 ns, At safepoint: 22000 ns, Total: 120200 ns
[2024-05-27T20:36:18.807+0000][20776][safepoint   ] Safepoint "Cleanup", Time since last: 147214535900 ns, Reaching safepoint: 153600 ns, At safepoint: 51300 ns, Total: 204900 ns
[2024-05-27T20:36:19.809+0000][20776][safepoint   ] Safepoint "Cleanup", Time since last: 1001471700 ns, Reaching safepoint: 184800 ns, At safepoint: 24600 ns, Total: 209400 ns
[2024-05-27T20:38:18.732+0000][20776][safepoint   ] Safepoint "Cleanup", Time since last: 118922700800 ns, Reaching safepoint: 159900 ns, At safepoint: 12300 ns, Total: 172200 ns
[2024-05-27T20:38:44.929+0000][20776][safepoint   ] Safepoint "Cleanup", Time since last: 26197093700 ns, Reaching safepoint: 193000 ns, At safepoint: 20800 ns, Total: 213800 ns
[2024-05-27T20:42:18.419+0000][20776][safepoint   ] Safepoint "Cleanup", Time since last: 213490046400 ns, Reaching safepoint: 147800 ns, At safepoint: 13200 ns, Total: 161000 ns
[2024-05-27T20:43:53.085+0000][20776][safepoint   ] Safepoint "Cleanup", Time since last: 94665496300 ns, Reaching safepoint: 189800 ns, At safepoint: 75100 ns, Total: 264900 ns
[2024-05-27T20:44:18.259+0000][20776][safepoint   ] Safepoint "Cleanup", Time since last: 25173676300 ns, Reaching safepoint: 133400 ns, At safepoint: 74200 ns, Total: 207600 ns
[2024-05-27T20:47:00.192+0000][20776][gc,start    ] GC(48) Pause Young (Normal) (G1 Evacuation Pause)
[2024-05-27T20:47:00.192+0000][20776][gc,task     ] GC(48) Using 8 workers of 8 for evacuation
[2024-05-27T20:47:00.192+0000][20776][gc,age      ] GC(48) Desired survivor size 159383552 bytes, new threshold 15 (max threshold 15)
[2024-05-27T20:47:00.209+0000][20776][gc,phases   ] GC(48)   Pre Evacuate Collection Set: 0.3ms
[2024-05-27T20:47:00.209+0000][20776][gc,phases   ] GC(48)   Merge Heap Roots: 0.5ms
[2024-05-27T20:47:00.209+0000][20776][gc,phases   ] GC(48)   Evacuate Collection Set: 10.1ms
[2024-05-27T20:47:00.210+0000][20776][gc,phases   ] GC(48)   Post Evacuate Collection Set: 5.6ms
[2024-05-27T20:47:00.210+0000][20776][gc,phases   ] GC(48)   Other: 0.5ms
[2024-05-27T20:47:00.210+0000][20776][gc,age      ] GC(48) Age table with threshold 15 (max threshold 15)
[2024-05-27T20:47:00.210+0000][20776][gc,age      ] GC(48) - age   1:    1450888 bytes,    1450888 total
[2024-05-27T20:47:00.210+0000][20776][gc,age      ] GC(48) - age   2:     463320 bytes,    1914208 total
[2024-05-27T20:47:00.210+0000][20776][gc,age      ] GC(48) - age   3:       1584 bytes,    1915792 total
[2024-05-27T20:47:00.210+0000][20776][gc,age      ] GC(48) - age   4:      76152 bytes,    1991944 total
[2024-05-27T20:47:00.210+0000][20776][gc,age      ] GC(48) - age   5:     177192 bytes,    2169136 total
[2024-05-27T20:47:00.210+0000][20776][gc,age      ] GC(48) - age   6:      24536 bytes,    2193672 total
[2024-05-27T20:47:00.210+0000][20776][gc,age      ] GC(48) - age   7:    1620824 bytes,    3814496 total
[2024-05-27T20:47:00.210+0000][20776][gc,age      ] GC(48) - age   8:        800 bytes,    3815296 total
[2024-05-27T20:47:00.210+0000][20776][gc,age      ] GC(48) - age   9:        848 bytes,    3816144 total
[2024-05-27T20:47:00.210+0000][20776][gc,age      ] GC(48) - age  10:        784 bytes,    3816928 total
[2024-05-27T20:47:00.210+0000][20776][gc,age      ] GC(48) - age  11:     165944 bytes,    3982872 total
[2024-05-27T20:47:00.210+0000][20776][gc,age      ] GC(48) - age  12:      10936 bytes,    3993808 total
[2024-05-27T20:47:00.210+0000][20776][gc,age      ] GC(48) - age  13:        376 bytes,    3994184 total
[2024-05-27T20:47:00.210+0000][20776][gc,age      ] GC(48) - age  14:        408 bytes,    3994592 total
[2024-05-27T20:47:00.210+0000][20776][gc,age      ] GC(48) - age  15:       2304 bytes,    3996896 total
[2024-05-27T20:47:00.210+0000][20776][gc,heap     ] GC(48) Eden regions: 605->0(604)
[2024-05-27T20:47:00.210+0000][20776][gc,heap     ] GC(48) Survivor regions: 1->2(76)
[2024-05-27T20:47:00.210+0000][20776][gc,heap     ] GC(48) Old regions: 50->50
[2024-05-27T20:47:00.210+0000][20776][gc,heap     ] GC(48) Archive regions: 0->0
[2024-05-27T20:47:00.210+0000][20776][gc,heap     ] GC(48) Humongous regions: 2->2
[2024-05-27T20:47:00.210+0000][20776][gc,metaspace] GC(48) Metaspace: 132389K(136128K)->132389K(136128K) NonClass: 114917K(116864K)->114917K(116864K) Class: 17472K(19264K)->17472K(19264K)
[2024-05-27T20:47:00.210+0000][20776][gc          ] GC(48) Pause Young (Normal) (G1 Evacuation Pause) 2627M->208M(4040M) 18.251ms
[2024-05-27T20:47:00.210+0000][20776][gc,cpu      ] GC(48) User=0.03s Sys=0.02s Real=0.02s
[2024-05-27T20:47:00.210+0000][20776][safepoint   ] Safepoint "G1CollectForAllocation", Time since last: 161932842900 ns, Reaching safepoint: 165200 ns, At safepoint: 18481400 ns, Total: 18646600 ns
[2024-05-27T20:48:56.097+0000][20776][safepoint   ] Safepoint "Cleanup", Time since last: 115886653900 ns, Reaching safepoint: 284700 ns, At safepoint: 34400 ns, Total: 319100 ns
[2024-05-27T20:50:18.732+0000][20776][safepoint   ] Safepoint "Cleanup", Time since last: 82634562200 ns, Reaching safepoint: 84500 ns, At safepoint: 9700 ns, Total: 94200 ns
[2024-05-27T20:51:21.192+0000][20776][safepoint   ] Safepoint "Cleanup", Time since last: 62459834800 ns, Reaching safepoint: 115600 ns, At safepoint: 30700 ns, Total: 146300 ns
[2024-05-27T21:12:56.235+0000][20776][safepoint   ] Safepoint "Cleanup", Time since last: 1294162844300 ns, Reaching safepoint: 875634900 ns, At safepoint: 14571600 ns, Total: 890206500 ns
[2024-05-27T21:12:57.249+0000][20776][safepoint   ] Safepoint "Cleanup", Time since last: 1012893800 ns, Reaching safepoint: 236300 ns, At safepoint: 60600 ns, Total: 296900 ns
[2024-05-27T21:14:29.914+0000][20776][safepoint   ] Safepoint "Cleanup", Time since last: 92664619100 ns, Reaching safepoint: 202700 ns, At safepoint: 91500 ns, Total: 294200 ns
[2024-05-27T21:14:30.914+0000][20776][safepoint   ] Safepoint "Cleanup", Time since last: 1000039000 ns, Reaching safepoint: 124100 ns, At safepoint: 68300 ns, Total: 192400 ns
[2024-05-27T21:14:31.915+0000][20776][safepoint   ] Safepoint "Cleanup", Time since last: 1000534500 ns, Reaching safepoint: 125600 ns, At safepoint: 67000 ns, Total: 192600 ns
[2024-05-27T21:14:32.931+0000][20776][safepoint   ] Safepoint "Cleanup", Time since last: 1015708700 ns, Reaching safepoint: 161200 ns, At safepoint: 60800 ns, Total: 222000 ns
[2024-05-27T21:14:35.950+0000][20776][safepoint   ] Safepoint "Cleanup", Time since last: 3018467400 ns, Reaching safepoint: 291500 ns, At safepoint: 111100 ns, Total: 402600 ns
[2024-05-27T21:14:36.954+0000][20776][safepoint   ] Safepoint "Cleanup", Time since last: 1004143300 ns, Reaching safepoint: 105900 ns, At safepoint: 25600 ns, Total: 131500 ns
[2024-05-27T21:14:37.963+0000][20776][safepoint   ] Safepoint "Cleanup", Time since last: 1008713400 ns, Reaching safepoint: 108500 ns, At safepoint: 20100 ns, Total: 128600 ns
[2024-05-27T21:14:53.098+0000][20776][safepoint   ] Safepoint "Cleanup", Time since last: 15135061600 ns, Reaching safepoint: 136600 ns, At safepoint: 43900 ns, Total: 180500 ns
[2024-05-27T21:14:55.115+0000][20776][safepoint   ] Safepoint "Cleanup", Time since last: 2016718800 ns, Reaching safepoint: 81200 ns, At safepoint: 12300 ns, Total: 93500 ns
[2024-05-27T21:14:56.118+0000][20776][safepoint   ] Safepoint "Cleanup", Time since last: 1002601900 ns, Reaching safepoint: 159400 ns, At safepoint: 53400 ns, Total: 212800 ns
[2024-05-27T21:14:57.134+0000][20776][safepoint   ] Safepoint "Cleanup", Time since last: 1016180900 ns, Reaching safepoint: 137800 ns, At safepoint: 34700 ns, Total: 172500 ns
[2024-05-27T21:15:00.145+0000][20776][safepoint   ] Safepoint "Cleanup", Time since last: 3010179400 ns, Reaching safepoint: 249100 ns, At safepoint: 45800 ns, Total: 294900 ns
[2024-05-27T21:15:03.168+0000][20776][safepoint   ] Safepoint "Cleanup", Time since last: 3023479100 ns, Reaching safepoint: 194500 ns, At safepoint: 91600 ns, Total: 286100 ns
[2024-05-27T21:15:06.200+0000][20776][safepoint   ] Safepoint "Cleanup", Time since last: 3031629400 ns, Reaching safepoint: 183000 ns, At safepoint: 89200 ns, Total: 272200 ns
[2024-05-27T21:15:07.202+0000][20776][safepoint   ] Safepoint "Cleanup", Time since last: 1001210600 ns, Reaching safepoint: 173900 ns, At safepoint: 39600 ns, Total: 213500 ns
[2024-05-27T21:15:13.259+0000][20776][safepoint   ] Safepoint "Cleanup", Time since last: 6057261200 ns, Reaching safepoint: 105400 ns, At safepoint: 50500 ns, Total: 155900 ns
[2024-05-27T21:15:23.315+0000][20776][safepoint   ] Safepoint "Cleanup", Time since last: 10055785300 ns, Reaching safepoint: 119600 ns, At safepoint: 36100 ns, Total: 155700 ns
[2024-05-27T21:16:11.733+0000][20776][gc,start    ] GC(49) Pause Young (Normal) (G1 Evacuation Pause)
[2024-05-27T21:16:11.733+0000][20776][gc,task     ] GC(49) Using 8 workers of 8 for evacuation
[2024-05-27T21:16:11.733+0000][20776][gc,age      ] GC(49) Desired survivor size 159383552 bytes, new threshold 15 (max threshold 15)
[2024-05-27T21:16:11.741+0000][20776][gc,phases   ] GC(49)   Pre Evacuate Collection Set: 0.2ms
[2024-05-27T21:16:11.741+0000][20776][gc,phases   ] GC(49)   Merge Heap Roots: 0.2ms
[2024-05-27T21:16:11.741+0000][20776][gc,phases   ] GC(49)   Evacuate Collection Set: 5.1ms
[2024-05-27T21:16:11.741+0000][20776][gc,phases   ] GC(49)   Post Evacuate Collection Set: 2.6ms
[2024-05-27T21:16:11.741+0000][20776][gc,phases   ] GC(49)   Other: 0.3ms
[2024-05-27T21:16:11.741+0000][20776][gc,age      ] GC(49) Age table with threshold 15 (max threshold 15)
[2024-05-27T21:16:11.741+0000][20776][gc,age      ] GC(49) - age   1:    2735608 bytes,    2735608 total
[2024-05-27T21:16:11.741+0000][20776][gc,age      ] GC(49) - age   2:       1864 bytes,    2737472 total
[2024-05-27T21:16:11.741+0000][20776][gc,age      ] GC(49) - age   3:     243512 bytes,    2980984 total
[2024-05-27T21:16:11.741+0000][20776][gc,age      ] GC(49) - age   4:       1376 bytes,    2982360 total
[2024-05-27T21:16:11.741+0000][20776][gc,age      ] GC(49) - age   5:       2344 bytes,    2984704 total
[2024-05-27T21:16:11.741+0000][20776][gc,age      ] GC(49) - age   6:      30112 bytes,    3014816 total
[2024-05-27T21:16:11.741+0000][20776][gc,age      ] GC(49) - age   7:      24352 bytes,    3039168 total
[2024-05-27T21:16:11.741+0000][20776][gc,age      ] GC(49) - age   8:    1587560 bytes,    4626728 total
[2024-05-27T21:16:11.741+0000][20776][gc,age      ] GC(49) - age   9:        800 bytes,    4627528 total
[2024-05-27T21:16:11.741+0000][20776][gc,age      ] GC(49) - age  10:        848 bytes,    4628376 total
[2024-05-27T21:16:11.741+0000][20776][gc,age      ] GC(49) - age  11:        784 bytes,    4629160 total
[2024-05-27T21:16:11.741+0000][20776][gc,age      ] GC(49) - age  12:     165912 bytes,    4795072 total
[2024-05-27T21:16:11.741+0000][20776][gc,age      ] GC(49) - age  13:      10936 bytes,    4806008 total
[2024-05-27T21:16:11.741+0000][20776][gc,age      ] GC(49) - age  14:        376 bytes,    4806384 total
[2024-05-27T21:16:11.741+0000][20776][gc,age      ] GC(49) - age  15:        408 bytes,    4806792 total
[2024-05-27T21:16:11.742+0000][20776][gc,heap     ] GC(49) Eden regions: 604->0(604)
[2024-05-27T21:16:11.742+0000][20776][gc,heap     ] GC(49) Survivor regions: 2->2(76)
[2024-05-27T21:16:11.742+0000][20776][gc,heap     ] GC(49) Old regions: 50->50
[2024-05-27T21:16:11.742+0000][20776][gc,heap     ] GC(49) Archive regions: 0->0
[2024-05-27T21:16:11.742+0000][20776][gc,heap     ] GC(49) Humongous regions: 2->2
[2024-05-27T21:16:11.742+0000][20776][gc,metaspace] GC(49) Metaspace: 132409K(136128K)->132409K(136128K) NonClass: 114937K(116864K)->114937K(116864K) Class: 17472K(19264K)->17472K(19264K)
[2024-05-27T21:16:11.742+0000][20776][gc          ] GC(49) Pause Young (Normal) (G1 Evacuation Pause) 2624M->209M(4040M) 8.880ms
[2024-05-27T21:16:11.742+0000][20776][gc,cpu      ] GC(49) User=0.00s Sys=0.00s Real=0.01s
[2024-05-27T21:16:11.742+0000][20776][safepoint   ] Safepoint "G1CollectForAllocation", Time since last: 48418358900 ns, Reaching safepoint: 143700 ns, At safepoint: 8988700 ns, Total: 9132400 ns
[2024-05-27T21:18:10.590+0000][20776][safepoint   ] Safepoint "Cleanup", Time since last: 118847344200 ns, Reaching safepoint: 108200 ns, At safepoint: 24500 ns, Total: 132700 ns
[2024-05-27T21:18:24.699+0000][20776][safepoint   ] Safepoint "Cleanup", Time since last: 14109384000 ns, Reaching safepoint: 170200 ns, At safepoint: 72000 ns, Total: 242200 ns
[2024-05-27T21:19:34.213+0000][20776][safepoint   ] Safepoint "Cleanup", Time since last: 69513770100 ns, Reaching safepoint: 131200 ns, At safepoint: 66100 ns, Total: 197300 ns
[2024-05-27T21:19:56.381+0000][20776][safepoint   ] Safepoint "Cleanup", Time since last: 22167113100 ns, Reaching safepoint: 141700 ns, At safepoint: 42900 ns, Total: 184600 ns
[2024-05-27T21:22:59.595+0000][20776][safepoint   ] Safepoint "Cleanup", Time since last: 183214126700 ns, Reaching safepoint: 133900 ns, At safepoint: 70400 ns, Total: 204300 ns
[2024-05-27T21:23:04.627+0000][20776][safepoint   ] Safepoint "Cleanup", Time since last: 5031377100 ns, Reaching safepoint: 122400 ns, At safepoint: 36500 ns, Total: 158900 ns
[2024-05-27T21:23:05.628+0000][20776][safepoint   ] Safepoint "Cleanup", Time since last: 1001456600 ns, Reaching safepoint: 87100 ns, At safepoint: 12300 ns, Total: 99400 ns
[2024-05-27T21:23:56.969+0000][20776][safepoint   ] Safepoint "Cleanup", Time since last: 51340360200 ns, Reaching safepoint: 139300 ns, At safepoint: 14700 ns, Total: 154000 ns
[2024-05-27T21:27:56.715+0000][20776][safepoint   ] Safepoint "Cleanup", Time since last: 239746434400 ns, Reaching safepoint: 177800 ns, At safepoint: 22100 ns, Total: 199900 ns
[2024-05-27T21:28:13.838+0000][20776][safepoint   ] Safepoint "Cleanup", Time since last: 17122310700 ns, Reaching safepoint: 121600 ns, At safepoint: 21700 ns, Total: 143300 ns
[2024-05-27T21:28:19.876+0000][20776][safepoint   ] Safepoint "Cleanup", Time since last: 6037654400 ns, Reaching safepoint: 171200 ns, At safepoint: 22500 ns, Total: 193700 ns
[2024-05-27T21:28:57.126+0000][20776][safepoint   ] Safepoint "Cleanup", Time since last: 37249940300 ns, Reaching safepoint: 73600 ns, At safepoint: 9700 ns, Total: 83300 ns
[2024-05-27T21:29:26.293+0000][20776][safepoint   ] Safepoint "Cleanup", Time since last: 29166654000 ns, Reaching safepoint: 154600 ns, At safepoint: 16900 ns, Total: 171500 ns
[2024-05-27T21:29:34.579+0000][20776][gc,start    ] GC(50) Pause Young (Normal) (G1 Evacuation Pause)
[2024-05-27T21:29:34.579+0000][20776][gc,task     ] GC(50) Using 8 workers of 8 for evacuation
[2024-05-27T21:29:34.579+0000][20776][gc,age      ] GC(50) Desired survivor size 159383552 bytes, new threshold 15 (max threshold 15)
[2024-05-27T21:29:34.588+0000][20776][gc,phases   ] GC(50)   Pre Evacuate Collection Set: 0.3ms
[2024-05-27T21:29:34.588+0000][20776][gc,phases   ] GC(50)   Merge Heap Roots: 0.3ms
[2024-05-27T21:29:34.588+0000][20776][gc,phases   ] GC(50)   Evacuate Collection Set: 7.1ms
[2024-05-27T21:29:34.588+0000][20776][gc,phases   ] GC(50)   Post Evacuate Collection Set: 1.2ms
[2024-05-27T21:29:34.588+0000][20776][gc,phases   ] GC(50)   Other: 0.3ms
[2024-05-27T21:29:34.588+0000][20776][gc,age      ] GC(50) Age table with threshold 15 (max threshold 15)
[2024-05-27T21:29:34.588+0000][20776][gc,age      ] GC(50) - age   1:    1669440 bytes,    1669440 total
[2024-05-27T21:29:34.588+0000][20776][gc,age      ] GC(50) - age   2:     523160 bytes,    2192600 total
[2024-05-27T21:29:34.588+0000][20776][gc,age      ] GC(50) - age   3:        632 bytes,    2193232 total
[2024-05-27T21:29:34.588+0000][20776][gc,age      ] GC(50) - age   4:     143880 bytes,    2337112 total
[2024-05-27T21:29:34.588+0000][20776][gc,age      ] GC(50) - age   5:       1256 bytes,    2338368 total
[2024-05-27T21:29:34.589+0000][20776][gc,age      ] GC(50) - age   6:       1096 bytes,    2339464 total
[2024-05-27T21:29:34.589+0000][20776][gc,age      ] GC(50) - age   7:      19360 bytes,    2358824 total
[2024-05-27T21:29:34.589+0000][20776][gc,age      ] GC(50) - age   8:      20440 bytes,    2379264 total
[2024-05-27T21:29:34.589+0000][20776][gc,age      ] GC(50) - age   9:    1587560 bytes,    3966824 total
[2024-05-27T21:29:34.589+0000][20776][gc,age      ] GC(50) - age  10:        800 bytes,    3967624 total
[2024-05-27T21:29:34.589+0000][20776][gc,age      ] GC(50) - age  11:        848 bytes,    3968472 total
[2024-05-27T21:29:34.589+0000][20776][gc,age      ] GC(50) - age  12:        784 bytes,    3969256 total
[2024-05-27T21:29:34.589+0000][20776][gc,age      ] GC(50) - age  13:     165912 bytes,    4135168 total
[2024-05-27T21:29:34.589+0000][20776][gc,age      ] GC(50) - age  14:      10936 bytes,    4146104 total
[2024-05-27T21:29:34.589+0000][20776][gc,age      ] GC(50) - age  15:        376 bytes,    4146480 total
[2024-05-27T21:29:34.589+0000][20776][gc,heap     ] GC(50) Eden regions: 604->0(604)
[2024-05-27T21:29:34.589+0000][20776][gc,heap     ] GC(50) Survivor regions: 2->2(76)
[2024-05-27T21:29:34.589+0000][20776][gc,heap     ] GC(50) Old regions: 50->50
[2024-05-27T21:29:34.589+0000][20776][gc,heap     ] GC(50) Archive regions: 0->0
[2024-05-27T21:29:34.589+0000][20776][gc,heap     ] GC(50) Humongous regions: 2->2
[2024-05-27T21:29:34.589+0000][20776][gc,metaspace] GC(50) Metaspace: 132413K(136128K)->132413K(136128K) NonClass: 114941K(116864K)->114941K(116864K) Class: 17472K(19264K)->17472K(19264K)
[2024-05-27T21:29:34.589+0000][20776][gc          ] GC(50) Pause Young (Normal) (G1 Evacuation Pause) 2625M->208M(4040M) 9.737ms
[2024-05-27T21:29:34.589+0000][20776][gc,cpu      ] GC(50) User=0.02s Sys=0.02s Real=0.01s
[2024-05-27T21:29:34.589+0000][20776][safepoint   ] Safepoint "G1CollectForAllocation", Time since last: 8286351000 ns, Reaching safepoint: 162200 ns, At safepoint: 9849300 ns, Total: 10011500 ns
[2024-05-27T21:29:53.724+0000][20776][safepoint   ] Safepoint "Cleanup", Time since last: 19134692200 ns, Reaching safepoint: 204000 ns, At safepoint: 17800 ns, Total: 221800 ns
[2024-05-27T21:31:36.514+0000][20776][safepoint   ] Safepoint "Cleanup", Time since last: 102790278500 ns, Reaching safepoint: 131300 ns, At safepoint: 15500 ns, Total: 146800 ns
[2024-05-27T21:31:56.645+0000][20776][safepoint   ] Safepoint "Cleanup", Time since last: 20130572700 ns, Reaching safepoint: 148200 ns, At safepoint: 27300 ns, Total: 175500 ns
[2024-05-27T21:37:57.253+0000][20776][safepoint   ] Safepoint "Cleanup", Time since last: 360608126600 ns, Reaching safepoint: 145100 ns, At safepoint: 73500 ns, Total: 218600 ns
[2024-05-27T21:38:45.621+0000][20776][safepoint   ] Safepoint "Cleanup", Time since last: 48367503700 ns, Reaching safepoint: 90300 ns, At safepoint: 11800 ns, Total: 102100 ns
[2024-05-27T21:39:33.916+0000][20776][safepoint   ] Safepoint "Cleanup", Time since last: 48294510100 ns, Reaching safepoint: 191600 ns, At safepoint: 22900 ns, Total: 214500 ns
[2024-05-27T21:40:04.132+0000][20776][safepoint   ] Safepoint "Cleanup", Time since last: 30216202200 ns, Reaching safepoint: 87400 ns, At safepoint: 14700 ns, Total: 102100 ns
[2024-05-27T21:40:21.243+0000][20776][safepoint   ] Safepoint "Cleanup", Time since last: 17110913100 ns, Reaching safepoint: 57900 ns, At safepoint: 55600 ns, Total: 113500 ns
[2024-05-27T21:40:27.275+0000][20776][safepoint   ] Safepoint "Cleanup", Time since last: 6032206200 ns, Reaching safepoint: 167600 ns, At safepoint: 13800 ns, Total: 181400 ns
[2024-05-27T21:42:54.302+0000][20776][gc,start    ] GC(51) Pause Young (Normal) (G1 Evacuation Pause)
[2024-05-27T21:42:54.302+0000][20776][gc,task     ] GC(51) Using 8 workers of 8 for evacuation
[2024-05-27T21:42:54.302+0000][20776][gc,age      ] GC(51) Desired survivor size 159383552 bytes, new threshold 15 (max threshold 15)
[2024-05-27T21:42:54.312+0000][20776][gc,phases   ] GC(51)   Pre Evacuate Collection Set: 0.2ms
[2024-05-27T21:42:54.312+0000][20776][gc,phases   ] GC(51)   Merge Heap Roots: 0.2ms
[2024-05-27T21:42:54.312+0000][20776][gc,phases   ] GC(51)   Evacuate Collection Set: 5.1ms
[2024-05-27T21:42:54.312+0000][20776][gc,phases   ] GC(51)   Post Evacuate Collection Set: 4.4ms
[2024-05-27T21:42:54.312+0000][20776][gc,phases   ] GC(51)   Other: 0.2ms
[2024-05-27T21:42:54.312+0000][20776][gc,age      ] GC(51) Age table with threshold 15 (max threshold 15)
[2024-05-27T21:42:54.312+0000][20776][gc,age      ] GC(51) - age   1:    1615688 bytes,    1615688 total
[2024-05-27T21:42:54.312+0000][20776][gc,age      ] GC(51) - age   2:     492840 bytes,    2108528 total
[2024-05-27T21:42:54.312+0000][20776][gc,age      ] GC(51) - age   3:     520832 bytes,    2629360 total
[2024-05-27T21:42:54.312+0000][20776][gc,age      ] GC(51) - age   4:        512 bytes,    2629872 total
[2024-05-27T21:42:54.312+0000][20776][gc,age      ] GC(51) - age   5:     143688 bytes,    2773560 total
[2024-05-27T21:42:54.312+0000][20776][gc,age      ] GC(51) - age   6:       1256 bytes,    2774816 total
[2024-05-27T21:42:54.312+0000][20776][gc,age      ] GC(51) - age   7:       1016 bytes,    2775832 total
[2024-05-27T21:42:54.312+0000][20776][gc,age      ] GC(51) - age   8:      19280 bytes,    2795112 total
[2024-05-27T21:42:54.312+0000][20776][gc,age      ] GC(51) - age   9:      20440 bytes,    2815552 total
[2024-05-27T21:42:54.312+0000][20776][gc,age      ] GC(51) - age  10:    1587560 bytes,    4403112 total
[2024-05-27T21:42:54.312+0000][20776][gc,age      ] GC(51) - age  11:        800 bytes,    4403912 total
[2024-05-27T21:42:54.312+0000][20776][gc,age      ] GC(51) - age  12:        848 bytes,    4404760 total
[2024-05-27T21:42:54.312+0000][20776][gc,age      ] GC(51) - age  13:        784 bytes,    4405544 total
[2024-05-27T21:42:54.312+0000][20776][gc,age      ] GC(51) - age  14:     165912 bytes,    4571456 total
[2024-05-27T21:42:54.312+0000][20776][gc,age      ] GC(51) - age  15:      10936 bytes,    4582392 total
[2024-05-27T21:42:54.312+0000][20776][gc,heap     ] GC(51) Eden regions: 604->0(604)
[2024-05-27T21:42:54.312+0000][20776][gc,heap     ] GC(51) Survivor regions: 2->2(76)
[2024-05-27T21:42:54.312+0000][20776][gc,heap     ] GC(51) Old regions: 50->50
[2024-05-27T21:42:54.312+0000][20776][gc,heap     ] GC(51) Archive regions: 0->0
[2024-05-27T21:42:54.312+0000][20776][gc,heap     ] GC(51) Humongous regions: 2->2
[2024-05-27T21:42:54.312+0000][20776][gc,metaspace] GC(51) Metaspace: 132418K(136128K)->132418K(136128K) NonClass: 114946K(116864K)->114946K(116864K) Class: 17472K(19264K)->17472K(19264K)
[2024-05-27T21:42:54.312+0000][20776][gc          ] GC(51) Pause Young (Normal) (G1 Evacuation Pause) 2624M->208M(4040M) 10.823ms
[2024-05-27T21:42:54.312+0000][20776][gc,cpu      ] GC(51) User=0.12s Sys=0.00s Real=0.01s
[2024-05-27T21:42:54.312+0000][20776][safepoint   ] Safepoint "G1CollectForAllocation", Time since last: 147026206300 ns, Reaching safepoint: 179900 ns, At safepoint: 10954300 ns, Total: 11134200 ns
[2024-05-27T21:42:55.320+0000][20776][safepoint   ] Safepoint "Cleanup", Time since last: 1006786600 ns, Reaching safepoint: 110200 ns, At safepoint: 89100 ns, Total: 199300 ns
[2024-05-27T21:49:26.100+0000][20776][safepoint   ] Safepoint "Cleanup", Time since last: 390780312800 ns, Reaching safepoint: 265300 ns, At safepoint: 103800 ns, Total: 369100 ns
[2024-05-27T21:49:34.167+0000][20776][safepoint   ] Safepoint "Cleanup", Time since last: 8064000300 ns, Reaching safepoint: 2531300 ns, At safepoint: 26500 ns, Total: 2557800 ns
[2024-05-27T21:49:36.170+0000][20776][safepoint   ] Safepoint "Cleanup", Time since last: 2003019600 ns, Reaching safepoint: 140300 ns, At safepoint: 40300 ns, Total: 180600 ns
[2024-05-27T21:49:54.265+0000][20776][safepoint   ] Safepoint "Cleanup", Time since last: 18094693400 ns, Reaching safepoint: 196400 ns, At safepoint: 87100 ns, Total: 283500 ns
[2024-05-27T21:51:01.045+0000][20776][safepoint   ] Safepoint "Cleanup", Time since last: 66771025200 ns, Reaching safepoint: 16456900 ns, At safepoint: 1940400 ns, Total: 18397300 ns
[2024-05-27T21:52:43.764+0000][20776][safepoint   ] Safepoint "Cleanup", Time since last: 102718594600 ns, Reaching safepoint: 185500 ns, At safepoint: 38800 ns, Total: 224300 ns
[2024-05-27T21:53:06.948+0000][20776][safepoint   ] Safepoint "Cleanup", Time since last: 23183193700 ns, Reaching safepoint: 101500 ns, At safepoint: 20400 ns, Total: 121900 ns
[2024-05-27T21:53:14.009+0000][20776][safepoint   ] Safepoint "Cleanup", Time since last: 7061166500 ns, Reaching safepoint: 718300 ns, At safepoint: 28800 ns, Total: 747100 ns
[2024-05-27T21:56:44.993+0000][20776][gc,start    ] GC(52) Pause Young (Normal) (G1 Evacuation Pause)
[2024-05-27T21:56:44.993+0000][20776][gc,task     ] GC(52) Using 8 workers of 8 for evacuation
[2024-05-27T21:56:44.993+0000][20776][gc,age      ] GC(52) Desired survivor size 159383552 bytes, new threshold 15 (max threshold 15)
[2024-05-27T21:56:45.006+0000][20776][gc,phases   ] GC(52)   Pre Evacuate Collection Set: 0.6ms
[2024-05-27T21:56:45.006+0000][20776][gc,phases   ] GC(52)   Merge Heap Roots: 1.0ms
[2024-05-27T21:56:45.006+0000][20776][gc,phases   ] GC(52)   Evacuate Collection Set: 9.0ms
[2024-05-27T21:56:45.006+0000][20776][gc,phases   ] GC(52)   Post Evacuate Collection Set: 1.8ms
[2024-05-27T21:56:45.006+0000][20776][gc,phases   ] GC(52)   Other: 0.3ms
[2024-05-27T21:56:45.006+0000][20776][gc,age      ] GC(52) Age table with threshold 15 (max threshold 15)
[2024-05-27T21:56:45.006+0000][20776][gc,age      ] GC(52) - age   1:    2341928 bytes,    2341928 total
[2024-05-27T21:56:45.006+0000][20776][gc,age      ] GC(52) - age   2:       3152 bytes,    2345080 total
[2024-05-27T21:56:45.006+0000][20776][gc,age      ] GC(52) - age   3:     305504 bytes,    2650584 total
[2024-05-27T21:56:45.006+0000][20776][gc,age      ] GC(52) - age   4:     311448 bytes,    2962032 total
[2024-05-27T21:56:45.006+0000][20776][gc,age      ] GC(52) - age   5:        432 bytes,    2962464 total
[2024-05-27T21:56:45.006+0000][20776][gc,age      ] GC(52) - age   6:     143400 bytes,    3105864 total
[2024-05-27T21:56:45.006+0000][20776][gc,age      ] GC(52) - age   7:       1256 bytes,    3107120 total
[2024-05-27T21:56:45.006+0000][20776][gc,age      ] GC(52) - age   8:       1016 bytes,    3108136 total
[2024-05-27T21:56:45.006+0000][20776][gc,age      ] GC(52) - age   9:      10864 bytes,    3119000 total
[2024-05-27T21:56:45.006+0000][20776][gc,age      ] GC(52) - age  10:      20360 bytes,    3139360 total
[2024-05-27T21:56:45.006+0000][20776][gc,age      ] GC(52) - age  11:    1587536 bytes,    4726896 total
[2024-05-27T21:56:45.006+0000][20776][gc,age      ] GC(52) - age  12:        800 bytes,    4727696 total
[2024-05-27T21:56:45.006+0000][20776][gc,age      ] GC(52) - age  13:        848 bytes,    4728544 total
[2024-05-27T21:56:45.006+0000][20776][gc,age      ] GC(52) - age  14:        784 bytes,    4729328 total
[2024-05-27T21:56:45.006+0000][20776][gc,age      ] GC(52) - age  15:     165912 bytes,    4895240 total
[2024-05-27T21:56:45.006+0000][20776][gc,heap     ] GC(52) Eden regions: 604->0(604)
[2024-05-27T21:56:45.006+0000][20776][gc,heap     ] GC(52) Survivor regions: 2->2(76)
[2024-05-27T21:56:45.006+0000][20776][gc,heap     ] GC(52) Old regions: 50->50
[2024-05-27T21:56:45.006+0000][20776][gc,heap     ] GC(52) Archive regions: 0->0
[2024-05-27T21:56:45.006+0000][20776][gc,heap     ] GC(52) Humongous regions: 2->2
[2024-05-27T21:56:45.006+0000][20776][gc,metaspace] GC(52) Metaspace: 132433K(136128K)->132433K(136128K) NonClass: 114961K(116864K)->114961K(116864K) Class: 17472K(19264K)->17472K(19264K)
[2024-05-27T21:56:45.006+0000][20776][gc          ] GC(52) Pause Young (Normal) (G1 Evacuation Pause) 2624M->209M(4040M) 13.935ms
[2024-05-27T21:56:45.006+0000][20776][gc,cpu      ] GC(52) User=0.00s Sys=0.00s Real=0.01s
[2024-05-27T21:56:45.006+0000][20776][safepoint   ] Safepoint "G1CollectForAllocation", Time since last: 210983148600 ns, Reaching safepoint: 165600 ns, At safepoint: 14124700 ns, Total: 14290300 ns
[2024-05-27T22:00:57.804+0000][20776][safepoint   ] Safepoint "Cleanup", Time since last: 252796658800 ns, Reaching safepoint: 129400 ns, At safepoint: 13600 ns, Total: 143000 ns
[2024-05-27T22:05:03.541+0000][20776][safepoint   ] Safepoint "Cleanup", Time since last: 245736354300 ns, Reaching safepoint: 109100 ns, At safepoint: 11800 ns, Total: 120900 ns
[2024-05-27T22:08:45.152+0000][20776][safepoint   ] Safepoint "Cleanup", Time since last: 221610993900 ns, Reaching safepoint: 129300 ns, At safepoint: 11500 ns, Total: 140800 ns
[2024-05-27T22:10:28.793+0000][20776][gc,start    ] GC(53) Pause Young (Normal) (G1 Evacuation Pause)
[2024-05-27T22:10:28.793+0000][20776][gc,task     ] GC(53) Using 8 workers of 8 for evacuation
[2024-05-27T22:10:28.793+0000][20776][gc,age      ] GC(53) Desired survivor size 159383552 bytes, new threshold 15 (max threshold 15)
[2024-05-27T22:10:28.801+0000][20776][gc,phases   ] GC(53)   Pre Evacuate Collection Set: 2.5ms
[2024-05-27T22:10:28.801+0000][20776][gc,phases   ] GC(53)   Merge Heap Roots: 0.2ms
[2024-05-27T22:10:28.801+0000][20776][gc,phases   ] GC(53)   Evacuate Collection Set: 4.5ms
[2024-05-27T22:10:28.801+0000][20776][gc,phases   ] GC(53)   Post Evacuate Collection Set: 1.3ms
[2024-05-27T22:10:28.801+0000][20776][gc,phases   ] GC(53)   Other: 0.2ms
[2024-05-27T22:10:28.802+0000][20776][gc,age      ] GC(53) Age table with threshold 15 (max threshold 15)
[2024-05-27T22:10:28.802+0000][20776][gc,age      ] GC(53) - age   1:    2111424 bytes,    2111424 total
[2024-05-27T22:10:28.802+0000][20776][gc,age      ] GC(53) - age   2:     298872 bytes,    2410296 total
[2024-05-27T22:10:28.802+0000][20776][gc,age      ] GC(53) - age   3:       1360 bytes,    2411656 total
[2024-05-27T22:10:28.802+0000][20776][gc,age      ] GC(53) - age   4:     230088 bytes,    2641744 total
[2024-05-27T22:10:28.802+0000][20776][gc,age      ] GC(53) - age   5:     310952 bytes,    2952696 total
[2024-05-27T22:10:28.802+0000][20776][gc,age      ] GC(53) - age   6:        432 bytes,    2953128 total
[2024-05-27T22:10:28.802+0000][20776][gc,age      ] GC(53) - age   7:     143400 bytes,    3096528 total
[2024-05-27T22:10:28.802+0000][20776][gc,age      ] GC(53) - age   8:       1256 bytes,    3097784 total
[2024-05-27T22:10:28.802+0000][20776][gc,age      ] GC(53) - age   9:       1016 bytes,    3098800 total
[2024-05-27T22:10:28.802+0000][20776][gc,age      ] GC(53) - age  10:      10824 bytes,    3109624 total
[2024-05-27T22:10:28.802+0000][20776][gc,age      ] GC(53) - age  11:      20360 bytes,    3129984 total
[2024-05-27T22:10:28.802+0000][20776][gc,age      ] GC(53) - age  12:    1587536 bytes,    4717520 total
[2024-05-27T22:10:28.802+0000][20776][gc,age      ] GC(53) - age  13:        800 bytes,    4718320 total
[2024-05-27T22:10:28.802+0000][20776][gc,age      ] GC(53) - age  14:        848 bytes,    4719168 total
[2024-05-27T22:10:28.802+0000][20776][gc,age      ] GC(53) - age  15:        784 bytes,    4719952 total
[2024-05-27T22:10:28.802+0000][20776][gc,heap     ] GC(53) Eden regions: 604->0(604)
[2024-05-27T22:10:28.802+0000][20776][gc,heap     ] GC(53) Survivor regions: 2->2(76)
[2024-05-27T22:10:28.802+0000][20776][gc,heap     ] GC(53) Old regions: 50->50
[2024-05-27T22:10:28.802+0000][20776][gc,heap     ] GC(53) Archive regions: 0->0
[2024-05-27T22:10:28.802+0000][20776][gc,heap     ] GC(53) Humongous regions: 2->2
[2024-05-27T22:10:28.802+0000][20776][gc,metaspace] GC(53) Metaspace: 132437K(136128K)->132437K(136128K) NonClass: 114965K(116864K)->114965K(116864K) Class: 17472K(19264K)->17472K(19264K)
[2024-05-27T22:10:28.802+0000][20776][gc          ] GC(53) Pause Young (Normal) (G1 Evacuation Pause) 2625M->209M(4040M) 9.070ms
[2024-05-27T22:10:28.802+0000][20776][gc,cpu      ] GC(53) User=0.00s Sys=0.00s Real=0.01s
[2024-05-27T22:10:28.802+0000][20776][safepoint   ] Safepoint "G1CollectForAllocation", Time since last: 103641639200 ns, Reaching safepoint: 120900 ns, At safepoint: 9214100 ns, Total: 9335000 ns
[2024-05-27T22:10:58.031+0000][20776][safepoint   ] Safepoint "Cleanup", Time since last: 29227833200 ns, Reaching safepoint: 174800 ns, At safepoint: 12900 ns, Total: 187700 ns
[2024-05-27T22:11:40.931+0000][20776][safepoint   ] Safepoint "Cleanup", Time since last: 42899682200 ns, Reaching safepoint: 1102500 ns, At safepoint: 57200 ns, Total: 1159700 ns
[2024-05-27T22:11:41.940+0000][20776][safepoint   ] Safepoint "Cleanup", Time since last: 1008137300 ns, Reaching safepoint: 323000 ns, At safepoint: 21300 ns, Total: 344300 ns
[2024-05-27T22:19:57.436+0000][20776][safepoint   ] Safepoint "Cleanup", Time since last: 495496200100 ns, Reaching safepoint: 254000 ns, At safepoint: 71600 ns, Total: 325600 ns
[2024-05-27T22:20:00.474+0000][20776][safepoint   ] Safepoint "Cleanup", Time since last: 3037804900 ns, Reaching safepoint: 152100 ns, At safepoint: 37100 ns, Total: 189200 ns
[2024-05-28T01:25:25.488+0000][20776][safepoint   ] Safepoint "Cleanup", Time since last: 11124620223400 ns, Reaching safepoint: 397437100 ns, At safepoint: 4730300 ns, Total: 402167400 ns
[2024-05-28T01:25:27.223+0000][20776][gc,start    ] GC(54) Pause Young (Normal) (G1 Evacuation Pause)
[2024-05-28T01:25:27.223+0000][20776][gc,task     ] GC(54) Using 8 workers of 8 for evacuation
[2024-05-28T01:25:27.223+0000][20776][gc,age      ] GC(54) Desired survivor size 159383552 bytes, new threshold 15 (max threshold 15)
[2024-05-28T01:25:27.270+0000][20776][gc,phases   ] GC(54)   Pre Evacuate Collection Set: 0.9ms
[2024-05-28T01:25:27.270+0000][20776][gc,phases   ] GC(54)   Merge Heap Roots: 1.1ms
[2024-05-28T01:25:27.270+0000][20776][gc,phases   ] GC(54)   Evacuate Collection Set: 37.0ms
[2024-05-28T01:25:27.270+0000][20776][gc,phases   ] GC(54)   Post Evacuate Collection Set: 10.7ms
[2024-05-28T01:25:27.270+0000][20776][gc,phases   ] GC(54)   Other: 1.2ms
[2024-05-28T01:25:27.270+0000][20776][gc,age      ] GC(54) Age table with threshold 15 (max threshold 15)
[2024-05-28T01:25:27.270+0000][20776][gc,age      ] GC(54) - age   1:    2888640 bytes,    2888640 total
[2024-05-28T01:25:27.270+0000][20776][gc,age      ] GC(54) - age   2:     106432 bytes,    2995072 total
[2024-05-28T01:25:27.270+0000][20776][gc,age      ] GC(54) - age   3:     295160 bytes,    3290232 total
[2024-05-28T01:25:27.270+0000][20776][gc,age      ] GC(54) - age   4:       1360 bytes,    3291592 total
[2024-05-28T01:25:27.270+0000][20776][gc,age      ] GC(54) - age   5:      24800 bytes,    3316392 total
[2024-05-28T01:25:27.270+0000][20776][gc,age      ] GC(54) - age   6:     310688 bytes,    3627080 total
[2024-05-28T01:25:27.270+0000][20776][gc,age      ] GC(54) - age   7:        272 bytes,    3627352 total
[2024-05-28T01:25:27.270+0000][20776][gc,age      ] GC(54) - age   8:     143400 bytes,    3770752 total
[2024-05-28T01:25:27.270+0000][20776][gc,age      ] GC(54) - age   9:       1256 bytes,    3772008 total
[2024-05-28T01:25:27.270+0000][20776][gc,age      ] GC(54) - age  10:       1016 bytes,    3773024 total
[2024-05-28T01:25:27.270+0000][20776][gc,age      ] GC(54) - age  11:      10672 bytes,    3783696 total
[2024-05-28T01:25:27.270+0000][20776][gc,age      ] GC(54) - age  12:      20280 bytes,    3803976 total
[2024-05-28T01:25:27.270+0000][20776][gc,age      ] GC(54) - age  13:    1577440 bytes,    5381416 total
[2024-05-28T01:25:27.270+0000][20776][gc,age      ] GC(54) - age  14:        800 bytes,    5382216 total
[2024-05-28T01:25:27.270+0000][20776][gc,age      ] GC(54) - age  15:        848 bytes,    5383064 total
[2024-05-28T01:25:27.270+0000][20776][gc,heap     ] GC(54) Eden regions: 604->0(604)
[2024-05-28T01:25:27.270+0000][20776][gc,heap     ] GC(54) Survivor regions: 2->2(76)
[2024-05-28T01:25:27.270+0000][20776][gc,heap     ] GC(54) Old regions: 50->50
[2024-05-28T01:25:27.270+0000][20776][gc,heap     ] GC(54) Archive regions: 0->0
[2024-05-28T01:25:27.270+0000][20776][gc,heap     ] GC(54) Humongous regions: 2->2
[2024-05-28T01:25:27.270+0000][20776][gc,metaspace] GC(54) Metaspace: 132442K(136128K)->132442K(136128K) NonClass: 114969K(116864K)->114969K(116864K) Class: 17472K(19264K)->17472K(19264K)
[2024-05-28T01:25:27.270+0000][20776][gc          ] GC(54) Pause Young (Normal) (G1 Evacuation Pause) 2625M->209M(4040M) 55.012ms
[2024-05-28T01:25:27.270+0000][20776][gc,cpu      ] GC(54) User=0.16s Sys=0.06s Real=0.05s
[2024-05-28T01:25:27.270+0000][20776][safepoint   ] Safepoint "G1CollectForAllocation", Time since last: 1740260400 ns, Reaching safepoint: 426600 ns, At safepoint: 56381000 ns, Total: 56807600 ns
[2024-05-28T01:25:28.502+0000][20776][safepoint   ] Safepoint "Cleanup", Time since last: 1217281700 ns, Reaching safepoint: 1180400 ns, At safepoint: 76100 ns, Total: 1256500 ns
[2024-05-28T01:25:30.556+0000][20776][safepoint   ] Safepoint "Cleanup", Time since last: 2021481100 ns, Reaching safepoint: 31306800 ns, At safepoint: 58300 ns, Total: 31365100 ns
[2024-05-28T01:25:31.558+0000][20776][safepoint   ] Safepoint "Cleanup", Time since last: 1001353200 ns, Reaching safepoint: 90200 ns, At safepoint: 49700 ns, Total: 139900 ns
[2024-05-28T01:25:32.565+0000][20776][safepoint   ] Safepoint "Cleanup", Time since last: 1007449700 ns, Reaching safepoint: 206000 ns, At safepoint: 55200 ns, Total: 261200 ns
[2024-05-28T07:19:48.250+0000][20776][safepoint   ] Safepoint "Cleanup", Time since last: 21261252143100 ns, Reaching safepoint: 16625400 ns, At safepoint: 478900 ns, Total: 17104300 ns
[2024-05-28T07:19:49.792+0000][20776][safepoint   ] Safepoint "Cleanup", Time since last: 1004201800 ns, Reaching safepoint: 518002700 ns, At safepoint: 19668200 ns, Total: 537670900 ns
[2024-05-28T07:19:51.813+0000][20776][safepoint   ] Safepoint "Cleanup", Time since last: 2020212100 ns, Reaching safepoint: 78000 ns, At safepoint: 8500 ns, Total: 86500 ns
[2024-05-28T07:20:20.465+0000][20776][safepoint   ] Safepoint "Cleanup", Time since last: 27209928200 ns, Reaching safepoint: 125400 ns, At safepoint: 21000 ns, Total: 146400 ns
[2024-05-28T07:20:21.492+0000][20776][safepoint   ] Safepoint "Cleanup", Time since last: 1011165800 ns, Reaching safepoint: 15390300 ns, At safepoint: 29800 ns, Total: 15420100 ns
[2024-05-28T07:20:22.190+0000][20776][safepoint   ] Safepoint "ICBufferFull", Time since last: 678681300 ns, Reaching safepoint: 19941100 ns, At safepoint: 185100 ns, Total: 20126200 ns
[2024-05-28T07:20:22.191+0000][20776][safepoint   ] Safepoint "ICBufferFull", Time since last: 66000 ns, Reaching safepoint: 406600 ns, At safepoint: 80300 ns, Total: 486900 ns
[2024-05-28T07:20:22.192+0000][20776][safepoint   ] Safepoint "ICBufferFull", Time since last: 284500 ns, Reaching safepoint: 510500 ns, At safepoint: 681800 ns, Total: 1192300 ns
[2024-05-28T07:20:22.192+0000][20776][safepoint   ] Safepoint "ICBufferFull", Time since last: 209100 ns, Reaching safepoint: 135700 ns, At safepoint: 142700 ns, Total: 278400 ns
[2024-05-28T07:20:22.339+0000][20776][safepoint   ] Safepoint "ICBufferFull", Time since last: 146644000 ns, Reaching safepoint: 149300 ns, At safepoint: 10700 ns, Total: 160000 ns
[2024-05-28T07:20:23.355+0000][20776][safepoint   ] Safepoint "Cleanup", Time since last: 1013656300 ns, Reaching safepoint: 1001700 ns, At safepoint: 21000 ns, Total: 1022700 ns
[2024-05-28T07:20:24.366+0000][20776][safepoint   ] Safepoint "Cleanup", Time since last: 1011192000 ns, Reaching safepoint: 564500 ns, At safepoint: 34000 ns, Total: 598500 ns
[2024-05-28T07:20:25.376+0000][20776][safepoint   ] Safepoint "Cleanup", Time since last: 1009138300 ns, Reaching safepoint: 158200 ns, At safepoint: 30100 ns, Total: 188300 ns
[2024-05-28T07:20:26.383+0000][20776][safepoint   ] Safepoint "Cleanup", Time since last: 1006802200 ns, Reaching safepoint: 144700 ns, At safepoint: 6700 ns, Total: 151400 ns
[2024-05-28T07:20:28.390+0000][20776][safepoint   ] Safepoint "Cleanup", Time since last: 2006724400 ns, Reaching safepoint: 156500 ns, At safepoint: 6600 ns, Total: 163100 ns
[2024-05-28T07:20:29.393+0000][20776][safepoint   ] Safepoint "Cleanup", Time since last: 1003074500 ns, Reaching safepoint: 158700 ns, At safepoint: 22200 ns, Total: 180900 ns
[2024-05-28T07:20:30.405+0000][20776][safepoint   ] Safepoint "Cleanup", Time since last: 1011530900 ns, Reaching safepoint: 804700 ns, At safepoint: 5000 ns, Total: 809700 ns
[2024-05-28T07:20:31.412+0000][20776][safepoint   ] Safepoint "Cleanup", Time since last: 1006263300 ns, Reaching safepoint: 126900 ns, At safepoint: 21500 ns, Total: 148400 ns
[2024-05-28T07:20:33.432+0000][20776][safepoint   ] Safepoint "Cleanup", Time since last: 2019923000 ns, Reaching safepoint: 75000 ns, At safepoint: 8800 ns, Total: 83800 ns
[2024-05-28T07:20:34.442+0000][20776][safepoint   ] Safepoint "Cleanup", Time since last: 1010530100 ns, Reaching safepoint: 118300 ns, At safepoint: 14600 ns, Total: 132900 ns
[2024-05-28T07:20:36.464+0000][20776][safepoint   ] Safepoint "Cleanup", Time since last: 2022294300 ns, Reaching safepoint: 150600 ns, At safepoint: 21400 ns, Total: 172000 ns
[2024-05-28T07:20:39.499+0000][20776][safepoint   ] Safepoint "Cleanup", Time since last: 3033539900 ns, Reaching safepoint: 147700 ns, At safepoint: 20800 ns, Total: 168500 ns
[2024-05-28T07:20:50.614+0000][20776][safepoint   ] Safepoint "Cleanup", Time since last: 11114987600 ns, Reaching safepoint: 151000 ns, At safepoint: 20600 ns, Total: 171600 ns
[2024-05-28T07:20:51.623+0000][20776][safepoint   ] Safepoint "Cleanup", Time since last: 1008873100 ns, Reaching safepoint: 108400 ns, At safepoint: 6900 ns, Total: 115300 ns
[2024-05-28T07:20:54.652+0000][20776][safepoint   ] Safepoint "Cleanup", Time since last: 3028834900 ns, Reaching safepoint: 129100 ns, At safepoint: 5300 ns, Total: 134400 ns
[2024-05-28T07:21:00.714+0000][20776][safepoint   ] Safepoint "Cleanup", Time since last: 6061733600 ns, Reaching safepoint: 119900 ns, At safepoint: 18400 ns, Total: 138300 ns
[2024-05-28T07:21:15.882+0000][20776][safepoint   ] Safepoint "Cleanup", Time since last: 15168036200 ns, Reaching safepoint: 90900 ns, At safepoint: 22300 ns, Total: 113200 ns
[2024-05-28T07:21:18.914+0000][20776][safepoint   ] Safepoint "Cleanup", Time since last: 3032176300 ns, Reaching safepoint: 161700 ns, At safepoint: 7600 ns, Total: 169300 ns
[2024-05-28T07:21:21.939+0000][20776][safepoint   ] Safepoint "Cleanup", Time since last: 3024735400 ns, Reaching safepoint: 136500 ns, At safepoint: 19900 ns, Total: 156400 ns
[2024-05-28T07:21:24.977+0000][20776][safepoint   ] Safepoint "Cleanup", Time since last: 3037852200 ns, Reaching safepoint: 150000 ns, At safepoint: 21100 ns, Total: 171100 ns
[2024-05-28T07:21:31.037+0000][20776][safepoint   ] Safepoint "Cleanup", Time since last: 6060465000 ns, Reaching safepoint: 132000 ns, At safepoint: 13000 ns, Total: 145000 ns
[2024-05-28T07:21:37.107+0000][20776][safepoint   ] Safepoint "Cleanup", Time since last: 6068832500 ns, Reaching safepoint: 126300 ns, At safepoint: 8300 ns, Total: 134600 ns
[2024-05-28T07:21:49.242+0000][20776][safepoint   ] Safepoint "Cleanup", Time since last: 12134889500 ns, Reaching safepoint: 96500 ns, At safepoint: 15800 ns, Total: 112300 ns
[2024-05-28T07:21:50.254+0000][20776][safepoint   ] Safepoint "Cleanup", Time since last: 1012338300 ns, Reaching safepoint: 168000 ns, At safepoint: 18000 ns, Total: 186000 ns
[2024-05-28T07:21:51.264+0000][20776][safepoint   ] Safepoint "Cleanup", Time since last: 1009335900 ns, Reaching safepoint: 101000 ns, At safepoint: 11700 ns, Total: 112700 ns
[2024-05-28T07:21:55.317+0000][20776][safepoint   ] Safepoint "Cleanup", Time since last: 4052953200 ns, Reaching safepoint: 102300 ns, At safepoint: 17600 ns, Total: 119900 ns
[2024-05-28T07:21:58.352+0000][20776][safepoint   ] Safepoint "Cleanup", Time since last: 3035287700 ns, Reaching safepoint: 90600 ns, At safepoint: 10100 ns, Total: 100700 ns
[2024-05-28T07:22:03.407+0000][20776][safepoint   ] Safepoint "Cleanup", Time since last: 5054965100 ns, Reaching safepoint: 128000 ns, At safepoint: 115100 ns, Total: 243100 ns
[2024-05-28T07:22:12.511+0000][20776][safepoint   ] Safepoint "Cleanup", Time since last: 9104101900 ns, Reaching safepoint: 128100 ns, At safepoint: 16700 ns, Total: 144800 ns
[2024-05-28T07:22:13.522+0000][20776][safepoint   ] Safepoint "Cleanup", Time since last: 1010659100 ns, Reaching safepoint: 132200 ns, At safepoint: 11400 ns, Total: 143600 ns
[2024-05-28T07:22:23.621+0000][20776][safepoint   ] Safepoint "Cleanup", Time since last: 10098680200 ns, Reaching safepoint: 140400 ns, At safepoint: 13700 ns, Total: 154100 ns
[2024-05-28T07:22:50.931+0000][20776][safepoint   ] Safepoint "Cleanup", Time since last: 27310200600 ns, Reaching safepoint: 142200 ns, At safepoint: 18500 ns, Total: 160700 ns
[2024-05-28T07:23:01.009+0000][20776][safepoint   ] Safepoint "Cleanup", Time since last: 10077180800 ns, Reaching safepoint: 98800 ns, At safepoint: 5700 ns, Total: 104500 ns
[2024-05-28T07:23:07.075+0000][20776][safepoint   ] Safepoint "Cleanup", Time since last: 6066592600 ns, Reaching safepoint: 111600 ns, At safepoint: 5800 ns, Total: 117400 ns
[2024-05-28T07:24:50.949+0000][20776][safepoint   ] Safepoint "Cleanup", Time since last: 103873663900 ns, Reaching safepoint: 69200 ns, At safepoint: 11400 ns, Total: 80600 ns
[2024-05-28T07:25:20.232+0000][20776][safepoint   ] Safepoint "Cleanup", Time since last: 29282171600 ns, Reaching safepoint: 158600 ns, At safepoint: 17200 ns, Total: 175800 ns
[2024-05-28T07:25:37.419+0000][20776][safepoint   ] Safepoint "Cleanup", Time since last: 17187708000 ns, Reaching safepoint: 207100 ns, At safepoint: 22100 ns, Total: 229200 ns
[2024-05-28T07:25:39.439+0000][20776][safepoint   ] Safepoint "Cleanup", Time since last: 2019049200 ns, Reaching safepoint: 123000 ns, At safepoint: 19400 ns, Total: 142400 ns
[2024-05-28T07:25:50.574+0000][20776][safepoint   ] Safepoint "Cleanup", Time since last: 11135299100 ns, Reaching safepoint: 73500 ns, At safepoint: 10900 ns, Total: 84400 ns
[2024-05-28T07:26:11.822+0000][20776][safepoint   ] Safepoint "Cleanup", Time since last: 21247637300 ns, Reaching safepoint: 147400 ns, At safepoint: 15600 ns, Total: 163000 ns
[2024-05-28T07:26:51.231+0000][20776][safepoint   ] Safepoint "Cleanup", Time since last: 39409458900 ns, Reaching safepoint: 172900 ns, At safepoint: 13800 ns, Total: 186700 ns
[2024-05-28T07:27:52.893+0000][20776][safepoint   ] Safepoint "Cleanup", Time since last: 61660978400 ns, Reaching safepoint: 129600 ns, At safepoint: 6000 ns, Total: 135600 ns
[2024-05-28T07:28:49.510+0000][20776][safepoint   ] Safepoint "Cleanup", Time since last: 56616760300 ns, Reaching safepoint: 139000 ns, At safepoint: 21200 ns, Total: 160200 ns
[2024-05-28T07:28:52.551+0000][20776][safepoint   ] Safepoint "Cleanup", Time since last: 3041407100 ns, Reaching safepoint: 144500 ns, At safepoint: 78300 ns, Total: 222800 ns
[2024-05-28T07:29:02.288+0000][20776][gc,start    ] GC(55) Pause Young (Normal) (G1 Evacuation Pause)
[2024-05-28T07:29:02.313+0000][20776][gc,task     ] GC(55) Using 8 workers of 8 for evacuation
[2024-05-28T07:29:02.313+0000][20776][gc,age      ] GC(55) Desired survivor size 159383552 bytes, new threshold 15 (max threshold 15)
[2024-05-28T07:29:02.388+0000][20776][gc,phases   ] GC(55)   Pre Evacuate Collection Set: 9.8ms
[2024-05-28T07:29:02.388+0000][20776][gc,phases   ] GC(55)   Merge Heap Roots: 1.7ms
[2024-05-28T07:29:02.388+0000][20776][gc,phases   ] GC(55)   Evacuate Collection Set: 33.1ms
[2024-05-28T07:29:02.388+0000][20776][gc,phases   ] GC(55)   Post Evacuate Collection Set: 18.9ms
[2024-05-28T07:29:02.388+0000][20776][gc,phases   ] GC(55)   Other: 22.2ms
[2024-05-28T07:29:02.388+0000][20776][gc,age      ] GC(55) Age table with threshold 15 (max threshold 15)
[2024-05-28T07:29:02.388+0000][20776][gc,age      ] GC(55) - age   1:    4585016 bytes,    4585016 total
[2024-05-28T07:29:02.388+0000][20776][gc,age      ] GC(55) - age   2:     168352 bytes,    4753368 total
[2024-05-28T07:29:02.388+0000][20776][gc,age      ] GC(55) - age   3:       1240 bytes,    4754608 total
[2024-05-28T07:29:02.388+0000][20776][gc,age      ] GC(55) - age   4:      11208 bytes,    4765816 total
[2024-05-28T07:29:02.388+0000][20776][gc,age      ] GC(55) - age   5:       1360 bytes,    4767176 total
[2024-05-28T07:29:02.388+0000][20776][gc,age      ] GC(55) - age   6:       9752 bytes,    4776928 total
[2024-05-28T07:29:02.388+0000][20776][gc,age      ] GC(55) - age   7:     152680 bytes,    4929608 total
[2024-05-28T07:29:02.388+0000][20776][gc,age      ] GC(55) - age   8:        232 bytes,    4929840 total
[2024-05-28T07:29:02.388+0000][20776][gc,age      ] GC(55) - age   9:     132688 bytes,    5062528 total
[2024-05-28T07:29:02.388+0000][20776][gc,age      ] GC(55) - age  10:       1176 bytes,    5063704 total
[2024-05-28T07:29:02.388+0000][20776][gc,age      ] GC(55) - age  11:       1016 bytes,    5064720 total
[2024-05-28T07:29:02.388+0000][20776][gc,age      ] GC(55) - age  12:      10320 bytes,    5075040 total
[2024-05-28T07:29:02.388+0000][20776][gc,age      ] GC(55) - age  13:       2440 bytes,    5077480 total
[2024-05-28T07:29:02.388+0000][20776][gc,age      ] GC(55) - age  14:     750272 bytes,    5827752 total
[2024-05-28T07:29:02.388+0000][20776][gc,age      ] GC(55) - age  15:        800 bytes,    5828552 total
[2024-05-28T07:29:02.388+0000][20776][gc,heap     ] GC(55) Eden regions: 604->0(604)
[2024-05-28T07:29:02.388+0000][20776][gc,heap     ] GC(55) Survivor regions: 2->2(76)
[2024-05-28T07:29:02.388+0000][20776][gc,heap     ] GC(55) Old regions: 50->50
[2024-05-28T07:29:02.388+0000][20776][gc,heap     ] GC(55) Archive regions: 0->0
[2024-05-28T07:29:02.388+0000][20776][gc,heap     ] GC(55) Humongous regions: 2->2
[2024-05-28T07:29:02.399+0000][20776][gc,metaspace] GC(55) Metaspace: 133590K(137344K)->133590K(137344K) NonClass: 115908K(117888K)->115908K(117888K) Class: 17681K(19456K)->17681K(19456K)
[2024-05-28T07:29:02.399+0000][20776][gc          ] GC(55) Pause Young (Normal) (G1 Evacuation Pause) 2625M->210M(4040M) 110.399ms
[2024-05-28T07:29:02.399+0000][20776][gc,cpu      ] GC(55) User=0.06s Sys=0.06s Real=0.11s
[2024-05-28T07:29:02.399+0000][20776][safepoint   ] Safepoint "G1CollectForAllocation", Time since last: 9736844100 ns, Reaching safepoint: 115600 ns, At safepoint: 111238500 ns, Total: 111354100 ns
[2024-05-28T07:29:31.714+0000][20776][safepoint   ] Safepoint "Cleanup", Time since last: 29314277500 ns, Reaching safepoint: 157900 ns, At safepoint: 43200 ns, Total: 201100 ns
[2024-05-28T07:29:50.925+0000][20776][safepoint   ] Safepoint "Cleanup", Time since last: 19210763400 ns, Reaching safepoint: 133800 ns, At safepoint: 79000 ns, Total: 212800 ns
[2024-05-28T07:31:51.048+0000][20776][safepoint   ] Safepoint "Cleanup", Time since last: 120122918300 ns, Reaching safepoint: 104200 ns, At safepoint: 60400 ns, Total: 164600 ns
[2024-05-28T07:31:54.088+0000][20776][safepoint   ] Safepoint "Cleanup", Time since last: 3040374800 ns, Reaching safepoint: 113500 ns, At safepoint: 77900 ns, Total: 191400 ns
[2024-05-28T07:32:02.155+0000][20776][safepoint   ] Safepoint "Cleanup", Time since last: 8065991500 ns, Reaching safepoint: 73900 ns, At safepoint: 9900 ns, Total: 83800 ns
[2024-05-28T07:32:33.456+0000][20776][safepoint   ] Safepoint "Cleanup", Time since last: 31301552000 ns, Reaching safepoint: 115400 ns, At safepoint: 9200 ns, Total: 124600 ns
[2024-05-28T07:32:42.526+0000][20776][safepoint   ] Safepoint "Cleanup", Time since last: 9070004100 ns, Reaching safepoint: 145000 ns, At safepoint: 16100 ns, Total: 161100 ns
[2024-05-28T07:32:51.609+0000][20776][safepoint   ] Safepoint "Cleanup", Time since last: 9082373900 ns, Reaching safepoint: 130900 ns, At safepoint: 14000 ns, Total: 144900 ns
[2024-05-28T07:33:25.889+0000][20776][safepoint   ] Safepoint "Cleanup", Time since last: 34280312900 ns, Reaching safepoint: 134700 ns, At safepoint: 40000 ns, Total: 174700 ns
[2024-05-28T07:33:28.919+0000][20776][safepoint   ] Safepoint "Cleanup", Time since last: 3028931200 ns, Reaching safepoint: 731100 ns, At safepoint: 51000 ns, Total: 782100 ns
[2024-05-28T07:36:51.643+0000][20776][safepoint   ] Safepoint "Cleanup", Time since last: 202723445100 ns, Reaching safepoint: 164600 ns, At safepoint: 13500 ns, Total: 178100 ns
[2024-05-28T07:39:35.332+0000][20776][gc,start    ] GC(56) Pause Young (Normal) (G1 Evacuation Pause)
[2024-05-28T07:39:35.332+0000][20776][gc,task     ] GC(56) Using 8 workers of 8 for evacuation
[2024-05-28T07:39:35.332+0000][20776][gc,age      ] GC(56) Desired survivor size 159383552 bytes, new threshold 15 (max threshold 15)
[2024-05-28T07:39:35.363+0000][20776][gc,phases   ] GC(56)   Pre Evacuate Collection Set: 0.8ms
[2024-05-28T07:39:35.363+0000][20776][gc,phases   ] GC(56)   Merge Heap Roots: 1.4ms
[2024-05-28T07:39:35.363+0000][20776][gc,phases   ] GC(56)   Evacuate Collection Set: 22.0ms
[2024-05-28T07:39:35.363+0000][20776][gc,phases   ] GC(56)   Post Evacuate Collection Set: 5.9ms
[2024-05-28T07:39:35.363+0000][20776][gc,phases   ] GC(56)   Other: 0.4ms
[2024-05-28T07:39:35.363+0000][20776][gc,age      ] GC(56) Age table with threshold 15 (max threshold 15)
[2024-05-28T07:39:35.363+0000][20776][gc,age      ] GC(56) - age   1:    1733976 bytes,    1733976 total
[2024-05-28T07:39:35.363+0000][20776][gc,age      ] GC(56) - age   2:    2583152 bytes,    4317128 total
[2024-05-28T07:39:35.363+0000][20776][gc,age      ] GC(56) - age   3:     166360 bytes,    4483488 total
[2024-05-28T07:39:35.363+0000][20776][gc,age      ] GC(56) - age   4:       1176 bytes,    4484664 total
[2024-05-28T07:39:35.363+0000][20776][gc,age      ] GC(56) - age   5:       9800 bytes,    4494464 total
[2024-05-28T07:39:35.363+0000][20776][gc,age      ] GC(56) - age   6:       1360 bytes,    4495824 total
[2024-05-28T07:39:35.363+0000][20776][gc,age      ] GC(56) - age   7:       9752 bytes,    4505576 total
[2024-05-28T07:39:35.363+0000][20776][gc,age      ] GC(56) - age   8:     152648 bytes,    4658224 total
[2024-05-28T07:39:35.363+0000][20776][gc,age      ] GC(56) - age   9:        232 bytes,    4658456 total
[2024-05-28T07:39:35.363+0000][20776][gc,age      ] GC(56) - age  10:     132688 bytes,    4791144 total
[2024-05-28T07:39:35.363+0000][20776][gc,age      ] GC(56) - age  11:       1176 bytes,    4792320 total
[2024-05-28T07:39:35.363+0000][20776][gc,age      ] GC(56) - age  12:       1016 bytes,    4793336 total
[2024-05-28T07:39:35.363+0000][20776][gc,age      ] GC(56) - age  13:      10320 bytes,    4803656 total
[2024-05-28T07:39:35.363+0000][20776][gc,age      ] GC(56) - age  14:       2440 bytes,    4806096 total
[2024-05-28T07:39:35.363+0000][20776][gc,age      ] GC(56) - age  15:     746560 bytes,    5552656 total
[2024-05-28T07:39:35.363+0000][20776][gc,heap     ] GC(56) Eden regions: 604->0(604)
[2024-05-28T07:39:35.363+0000][20776][gc,heap     ] GC(56) Survivor regions: 2->2(76)
[2024-05-28T07:39:35.363+0000][20776][gc,heap     ] GC(56) Old regions: 50->50
[2024-05-28T07:39:35.363+0000][20776][gc,heap     ] GC(56) Archive regions: 0->0
[2024-05-28T07:39:35.363+0000][20776][gc,heap     ] GC(56) Humongous regions: 2->2
[2024-05-28T07:39:35.363+0000][20776][gc,metaspace] GC(56) Metaspace: 133601K(137344K)->133601K(137344K) NonClass: 115919K(117888K)->115919K(117888K) Class: 17681K(19456K)->17681K(19456K)
[2024-05-28T07:39:35.363+0000][20776][gc          ] GC(56) Pause Young (Normal) (G1 Evacuation Pause) 2626M->210M(4040M) 31.291ms
[2024-05-28T07:39:35.363+0000][20776][gc,cpu      ] GC(56) User=0.03s Sys=0.11s Real=0.03s
[2024-05-28T07:39:35.363+0000][20776][safepoint   ] Safepoint "G1CollectForAllocation", Time since last: 163689583300 ns, Reaching safepoint: 95100 ns, At safepoint: 31401600 ns, Total: 31496700 ns
[2024-05-28T07:41:58.575+0000][20776][safepoint   ] Safepoint "Cleanup", Time since last: 143210784200 ns, Reaching safepoint: 387100 ns, At safepoint: 32600 ns, Total: 419700 ns
[2024-05-28T07:42:50.990+0000][20776][safepoint   ] Safepoint "Cleanup", Time since last: 52414564300 ns, Reaching safepoint: 79900 ns, At safepoint: 11200 ns, Total: 91100 ns
[2024-05-28T07:43:44.417+0000][20776][safepoint   ] Safepoint "Cleanup", Time since last: 53427766600 ns, Reaching safepoint: 152900 ns, At safepoint: 10600 ns, Total: 163500 ns
[2024-05-28T07:43:45.429+0000][20776][safepoint   ] Safepoint "Cleanup", Time since last: 1011321000 ns, Reaching safepoint: 334300 ns, At safepoint: 36900 ns, Total: 371200 ns
[2024-05-28T07:43:47.446+0000][20776][safepoint   ] Safepoint "Cleanup", Time since last: 2016192000 ns, Reaching safepoint: 122200 ns, At safepoint: 9300 ns, Total: 131500 ns
[2024-05-28T07:44:03.591+0000][20776][safepoint   ] Safepoint "Cleanup", Time since last: 16145024100 ns, Reaching safepoint: 175300 ns, At safepoint: 36000 ns, Total: 211300 ns
[2024-05-28T07:46:39.805+0000][20776][safepoint   ] Safepoint "Cleanup", Time since last: 156214467100 ns, Reaching safepoint: 104700 ns, At safepoint: 14800 ns, Total: 119500 ns
[2024-05-28T07:46:48.868+0000][20776][safepoint   ] Safepoint "Cleanup", Time since last: 9063038900 ns, Reaching safepoint: 97100 ns, At safepoint: 10000 ns, Total: 107100 ns
[2024-05-28T07:46:51.896+0000][20776][safepoint   ] Safepoint "Cleanup", Time since last: 3027017300 ns, Reaching safepoint: 69300 ns, At safepoint: 24700 ns, Total: 94000 ns
[2024-05-28T07:47:55.455+0000][20776][safepoint   ] Safepoint "Cleanup", Time since last: 63558999900 ns, Reaching safepoint: 80000 ns, At safepoint: 46200 ns, Total: 126200 ns
[2024-05-28T07:49:34.466+0000][20776][safepoint   ] Safepoint "Cleanup", Time since last: 99011483100 ns, Reaching safepoint: 65100 ns, At safepoint: 78700 ns, Total: 143800 ns
[2024-05-28T07:49:39.944+0000][20776][gc,start    ] GC(57) Pause Young (Normal) (G1 Evacuation Pause)
[2024-05-28T07:49:39.944+0000][20776][gc,task     ] GC(57) Using 8 workers of 8 for evacuation
[2024-05-28T07:49:39.944+0000][20776][gc,age      ] GC(57) Desired survivor size 159383552 bytes, new threshold 15 (max threshold 15)
[2024-05-28T07:49:39.954+0000][20776][gc,phases   ] GC(57)   Pre Evacuate Collection Set: 0.2ms
[2024-05-28T07:49:39.954+0000][20776][gc,phases   ] GC(57)   Merge Heap Roots: 0.1ms
[2024-05-28T07:49:39.954+0000][20776][gc,phases   ] GC(57)   Evacuate Collection Set: 7.4ms
[2024-05-28T07:49:39.955+0000][20776][gc,phases   ] GC(57)   Post Evacuate Collection Set: 1.5ms
[2024-05-28T07:49:39.955+0000][20776][gc,phases   ] GC(57)   Other: 0.7ms
[2024-05-28T07:49:39.955+0000][20776][gc,age      ] GC(57) Age table with threshold 15 (max threshold 15)
[2024-05-28T07:49:39.955+0000][20776][gc,age      ] GC(57) - age   1:    3439840 bytes,    3439840 total
[2024-05-28T07:49:39.955+0000][20776][gc,age      ] GC(57) - age   2:     119312 bytes,    3559152 total
[2024-05-28T07:49:39.955+0000][20776][gc,age      ] GC(57) - age   3:    1996344 bytes,    5555496 total
[2024-05-28T07:49:39.955+0000][20776][gc,age      ] GC(57) - age   4:     166280 bytes,    5721776 total
[2024-05-28T07:49:39.955+0000][20776][gc,age      ] GC(57) - age   5:       1096 bytes,    5722872 total
[2024-05-28T07:49:39.955+0000][20776][gc,age      ] GC(57) - age   6:       1704 bytes,    5724576 total
[2024-05-28T07:49:39.955+0000][20776][gc,age      ] GC(57) - age   7:       1360 bytes,    5725936 total
[2024-05-28T07:49:39.955+0000][20776][gc,age      ] GC(57) - age   8:       9752 bytes,    5735688 total
[2024-05-28T07:49:39.955+0000][20776][gc,age      ] GC(57) - age   9:     152648 bytes,    5888336 total
[2024-05-28T07:49:39.955+0000][20776][gc,age      ] GC(57) - age  10:        232 bytes,    5888568 total
[2024-05-28T07:49:39.955+0000][20776][gc,age      ] GC(57) - age  11:     132688 bytes,    6021256 total
[2024-05-28T07:49:39.955+0000][20776][gc,age      ] GC(57) - age  12:       1176 bytes,    6022432 total
[2024-05-28T07:49:39.955+0000][20776][gc,age      ] GC(57) - age  13:        936 bytes,    6023368 total
[2024-05-28T07:49:39.955+0000][20776][gc,age      ] GC(57) - age  14:      10320 bytes,    6033688 total
[2024-05-28T07:49:39.955+0000][20776][gc,age      ] GC(57) - age  15:       2408 bytes,    6036096 total
[2024-05-28T07:49:39.955+0000][20776][gc,heap     ] GC(57) Eden regions: 604->0(604)
[2024-05-28T07:49:39.955+0000][20776][gc,heap     ] GC(57) Survivor regions: 2->2(76)
[2024-05-28T07:49:39.955+0000][20776][gc,heap     ] GC(57) Old regions: 50->50
[2024-05-28T07:49:39.955+0000][20776][gc,heap     ] GC(57) Archive regions: 0->0
[2024-05-28T07:49:39.955+0000][20776][gc,heap     ] GC(57) Humongous regions: 2->2
[2024-05-28T07:49:39.955+0000][20776][gc,metaspace] GC(57) Metaspace: 133622K(137344K)->133622K(137344K) NonClass: 115940K(117888K)->115940K(117888K) Class: 17681K(19456K)->17681K(19456K)
[2024-05-28T07:49:39.955+0000][20776][gc          ] GC(57) Pause Young (Normal) (G1 Evacuation Pause) 2626M->211M(4040M) 10.341ms
[2024-05-28T07:49:39.955+0000][20776][gc,cpu      ] GC(57) User=0.12s Sys=0.00s Real=0.01s
[2024-05-28T07:49:39.955+0000][20776][safepoint   ] Safepoint "G1CollectForAllocation", Time since last: 5478761700 ns, Reaching safepoint: 77700 ns, At safepoint: 10448600 ns, Total: 10526300 ns
[2024-05-28T07:50:04.108+0000][20776][safepoint   ] Safepoint "Cleanup", Time since last: 24152545800 ns, Reaching safepoint: 105400 ns, At safepoint: 13100 ns, Total: 118500 ns
[2024-05-28T07:51:50.985+0000][20776][safepoint   ] Safepoint "Cleanup", Time since last: 106876988100 ns, Reaching safepoint: 143400 ns, At safepoint: 11200 ns, Total: 154600 ns
[2024-05-28T07:52:30.334+0000][20776][safepoint   ] Safepoint "Cleanup", Time since last: 39348640300 ns, Reaching safepoint: 160500 ns, At safepoint: 17400 ns, Total: 177900 ns
[2024-05-28T07:52:32.355+0000][20776][safepoint   ] Safepoint "Cleanup", Time since last: 2020466000 ns, Reaching safepoint: 150300 ns, At safepoint: 13200 ns, Total: 163500 ns
[2024-05-28T07:52:40.449+0000][20776][safepoint   ] Safepoint "Cleanup", Time since last: 8094139200 ns, Reaching safepoint: 88200 ns, At safepoint: 9100 ns, Total: 97300 ns
[2024-05-28T07:52:51.573+0000][20776][safepoint   ] Safepoint "Cleanup", Time since last: 11123283400 ns, Reaching safepoint: 151500 ns, At safepoint: 20900 ns, Total: 172400 ns
[2024-05-28T07:55:17.160+0000][20776][safepoint   ] Safepoint "Cleanup", Time since last: 145587543000 ns, Reaching safepoint: 158100 ns, At safepoint: 12600 ns, Total: 170700 ns
[2024-05-28T07:56:51.192+0000][20776][safepoint   ] Safepoint "Cleanup", Time since last: 94030975700 ns, Reaching safepoint: 133000 ns, At safepoint: 20800 ns, Total: 153800 ns
[2024-05-28T07:58:59.553+0000][20776][safepoint   ] Safepoint "Cleanup", Time since last: 128361384500 ns, Reaching safepoint: 68900 ns, At safepoint: 10700 ns, Total: 79600 ns
[2024-05-28T07:59:34.831+0000][20776][safepoint   ] Safepoint "Cleanup", Time since last: 35278142100 ns, Reaching safepoint: 150200 ns, At safepoint: 20500 ns, Total: 170700 ns
[2024-05-28T07:59:57.045+0000][20776][safepoint   ] Safepoint "Cleanup", Time since last: 22213697900 ns, Reaching safepoint: 146000 ns, At safepoint: 38000 ns, Total: 184000 ns
[2024-05-28T08:00:02.024+0000][20776][gc,start    ] GC(58) Pause Young (Normal) (G1 Evacuation Pause)
[2024-05-28T08:00:02.038+0000][20776][gc,task     ] GC(58) Using 8 workers of 8 for evacuation
[2024-05-28T08:00:02.038+0000][20776][gc,age      ] GC(58) Desired survivor size 159383552 bytes, new threshold 15 (max threshold 15)
[2024-05-28T08:00:02.103+0000][20776][gc,phases   ] GC(58)   Pre Evacuate Collection Set: 7.4ms
[2024-05-28T08:00:02.103+0000][20776][gc,phases   ] GC(58)   Merge Heap Roots: 1.5ms
[2024-05-28T08:00:02.103+0000][20776][gc,phases   ] GC(58)   Evacuate Collection Set: 17.2ms
[2024-05-28T08:00:02.103+0000][20776][gc,phases   ] GC(58)   Post Evacuate Collection Set: 38.4ms
[2024-05-28T08:00:02.103+0000][20776][gc,phases   ] GC(58)   Other: 12.0ms
[2024-05-28T08:00:02.103+0000][20776][gc,age      ] GC(58) Age table with threshold 15 (max threshold 15)
[2024-05-28T08:00:02.103+0000][20776][gc,age      ] GC(58) - age   1:    1904072 bytes,    1904072 total
[2024-05-28T08:00:02.103+0000][20776][gc,age      ] GC(58) - age   2:     770200 bytes,    2674272 total
[2024-05-28T08:00:02.103+0000][20776][gc,age      ] GC(58) - age   3:       4920 bytes,    2679192 total
[2024-05-28T08:00:02.103+0000][20776][gc,age      ] GC(58) - age   4:    1988840 bytes,    4668032 total
[2024-05-28T08:00:02.103+0000][20776][gc,age      ] GC(58) - age   5:     166120 bytes,    4834152 total
[2024-05-28T08:00:02.103+0000][20776][gc,age      ] GC(58) - age   6:       1016 bytes,    4835168 total
[2024-05-28T08:00:02.103+0000][20776][gc,age      ] GC(58) - age   7:       1648 bytes,    4836816 total
[2024-05-28T08:00:02.103+0000][20776][gc,age      ] GC(58) - age   8:       1360 bytes,    4838176 total
[2024-05-28T08:00:02.103+0000][20776][gc,age      ] GC(58) - age   9:       9752 bytes,    4847928 total
[2024-05-28T08:00:02.103+0000][20776][gc,age      ] GC(58) - age  10:     152648 bytes,    5000576 total
[2024-05-28T08:00:02.103+0000][20776][gc,age      ] GC(58) - age  11:        232 bytes,    5000808 total
[2024-05-28T08:00:02.103+0000][20776][gc,age      ] GC(58) - age  12:     132688 bytes,    5133496 total
[2024-05-28T08:00:02.103+0000][20776][gc,age      ] GC(58) - age  13:       1176 bytes,    5134672 total
[2024-05-28T08:00:02.103+0000][20776][gc,age      ] GC(58) - age  14:        936 bytes,    5135608 total
[2024-05-28T08:00:02.103+0000][20776][gc,age      ] GC(58) - age  15:      10320 bytes,    5145928 total
[2024-05-28T08:00:02.103+0000][20776][gc,heap     ] GC(58) Eden regions: 604->0(604)
[2024-05-28T08:00:02.103+0000][20776][gc,heap     ] GC(58) Survivor regions: 2->2(76)
[2024-05-28T08:00:02.103+0000][20776][gc,heap     ] GC(58) Old regions: 50->50
[2024-05-28T08:00:02.103+0000][20776][gc,heap     ] GC(58) Archive regions: 0->0
[2024-05-28T08:00:02.103+0000][20776][gc,heap     ] GC(58) Humongous regions: 2->2
[2024-05-28T08:00:02.111+0000][20776][gc,metaspace] GC(58) Metaspace: 133628K(137344K)->133628K(137344K) NonClass: 115947K(117888K)->115947K(117888K) Class: 17681K(19456K)->17681K(19456K)
[2024-05-28T08:00:02.112+0000][20776][gc          ] GC(58) Pause Young (Normal) (G1 Evacuation Pause) 2627M->210M(4040M) 87.307ms
[2024-05-28T08:00:02.112+0000][20776][gc,cpu      ] GC(58) User=0.06s Sys=0.05s Real=0.09s
[2024-05-28T08:00:02.112+0000][20776][safepoint   ] Safepoint "G1CollectForAllocation", Time since last: 4958607200 ns, Reaching safepoint: 14315000 ns, At safepoint: 93909500 ns, Total: 108224500 ns
[2024-05-28T08:02:22.128+0000][20776][safepoint   ] Safepoint "Cleanup", Time since last: 140016167900 ns, Reaching safepoint: 109800 ns, At safepoint: 7300 ns, Total: 117100 ns
[2024-05-28T08:02:24.145+0000][20776][safepoint   ] Safepoint "Cleanup", Time since last: 2016595600 ns, Reaching safepoint: 109400 ns, At safepoint: 12400 ns, Total: 121800 ns
[2024-05-28T08:10:37.681+0000][20776][gc,start    ] GC(59) Pause Young (Normal) (G1 Evacuation Pause)
[2024-05-28T08:10:37.681+0000][20776][gc,task     ] GC(59) Using 8 workers of 8 for evacuation
[2024-05-28T08:10:37.681+0000][20776][gc,age      ] GC(59) Desired survivor size 159383552 bytes, new threshold 15 (max threshold 15)
[2024-05-28T08:10:37.694+0000][20776][gc,phases   ] GC(59)   Pre Evacuate Collection Set: 1.1ms
[2024-05-28T08:10:37.694+0000][20776][gc,phases   ] GC(59)   Merge Heap Roots: 0.4ms
[2024-05-28T08:10:37.694+0000][20776][gc,phases   ] GC(59)   Evacuate Collection Set: 7.2ms
[2024-05-28T08:10:37.694+0000][20776][gc,phases   ] GC(59)   Post Evacuate Collection Set: 1.4ms
[2024-05-28T08:10:37.694+0000][20776][gc,phases   ] GC(59)   Other: 3.1ms
[2024-05-28T08:10:37.694+0000][20776][gc,age      ] GC(59) Age table with threshold 15 (max threshold 15)
[2024-05-28T08:10:37.694+0000][20776][gc,age      ] GC(59) - age   1:    1421248 bytes,    1421248 total
[2024-05-28T08:10:37.694+0000][20776][gc,age      ] GC(59) - age   2:     592608 bytes,    2013856 total
[2024-05-28T08:10:37.694+0000][20776][gc,age      ] GC(59) - age   3:     767424 bytes,    2781280 total
[2024-05-28T08:10:37.694+0000][20776][gc,age      ] GC(59) - age   4:       4920 bytes,    2786200 total
[2024-05-28T08:10:37.694+0000][20776][gc,age      ] GC(59) - age   5:    1988632 bytes,    4774832 total
[2024-05-28T08:10:37.694+0000][20776][gc,age      ] GC(59) - age   6:     166120 bytes,    4940952 total
[2024-05-28T08:10:37.694+0000][20776][gc,age      ] GC(59) - age   7:       1016 bytes,    4941968 total
[2024-05-28T08:10:37.694+0000][20776][gc,age      ] GC(59) - age   8:       1648 bytes,    4943616 total
[2024-05-28T08:10:37.694+0000][20776][gc,age      ] GC(59) - age   9:       1360 bytes,    4944976 total
[2024-05-28T08:10:37.694+0000][20776][gc,age      ] GC(59) - age  10:       9752 bytes,    4954728 total
[2024-05-28T08:10:37.694+0000][20776][gc,age      ] GC(59) - age  11:     152648 bytes,    5107376 total
[2024-05-28T08:10:37.694+0000][20776][gc,age      ] GC(59) - age  12:        232 bytes,    5107608 total
[2024-05-28T08:10:37.694+0000][20776][gc,age      ] GC(59) - age  13:     132688 bytes,    5240296 total
[2024-05-28T08:10:37.694+0000][20776][gc,age      ] GC(59) - age  14:       1176 bytes,    5241472 total
[2024-05-28T08:10:37.694+0000][20776][gc,age      ] GC(59) - age  15:        936 bytes,    5242408 total
[2024-05-28T08:10:37.694+0000][20776][gc,heap     ] GC(59) Eden regions: 604->0(604)
[2024-05-28T08:10:37.694+0000][20776][gc,heap     ] GC(59) Survivor regions: 2->2(76)
[2024-05-28T08:10:37.694+0000][20776][gc,heap     ] GC(59) Old regions: 50->50
[2024-05-28T08:10:37.694+0000][20776][gc,heap     ] GC(59) Archive regions: 0->0
[2024-05-28T08:10:37.694+0000][20776][gc,heap     ] GC(59) Humongous regions: 2->2
[2024-05-28T08:10:37.694+0000][20776][gc,metaspace] GC(59) Metaspace: 133630K(137344K)->133630K(137344K) NonClass: 115948K(117888K)->115948K(117888K) Class: 17681K(19456K)->17681K(19456K)
[2024-05-28T08:10:37.695+0000][20776][gc          ] GC(59) Pause Young (Normal) (G1 Evacuation Pause) 2626M->210M(4040M) 13.773ms
[2024-05-28T08:10:37.695+0000][20776][gc,cpu      ] GC(59) User=0.00s Sys=0.02s Real=0.01s
[2024-05-28T08:10:37.695+0000][20776][safepoint   ] Safepoint "G1CollectForAllocation", Time since last: 493535897100 ns, Reaching safepoint: 188700 ns, At safepoint: 14336400 ns, Total: 14525100 ns
[2024-05-28T08:13:45.294+0000][20776][safepoint   ] Safepoint "Cleanup", Time since last: 187583330700 ns, Reaching safepoint: 15587700 ns, At safepoint: 42800 ns, Total: 15630500 ns
[2024-05-28T08:13:46.297+0000][20776][safepoint   ] Safepoint "Cleanup", Time since last: 1003008600 ns, Reaching safepoint: 554600 ns, At safepoint: 52100 ns, Total: 606700 ns
[2024-05-28T08:15:51.294+0000][20776][safepoint   ] Safepoint "Cleanup", Time since last: 124995538400 ns, Reaching safepoint: 279000 ns, At safepoint: 72500 ns, Total: 351500 ns
[2024-05-28T08:19:50.219+0000][20776][safepoint   ] Safepoint "Cleanup", Time since last: 238924983900 ns, Reaching safepoint: 273100 ns, At safepoint: 35500 ns, Total: 308600 ns
[2024-05-28T08:19:53.252+0000][20776][safepoint   ] Safepoint "Cleanup", Time since last: 3032513000 ns, Reaching safepoint: 133100 ns, At safepoint: 43000 ns, Total: 176100 ns
[2024-05-28T08:19:57.278+0000][20776][safepoint   ] Safepoint "Cleanup", Time since last: 4025965000 ns, Reaching safepoint: 139400 ns, At safepoint: 25300 ns, Total: 164700 ns
[2024-05-28T08:20:58.230+0000][20776][gc,start    ] GC(60) Pause Young (Normal) (G1 Evacuation Pause)
[2024-05-28T08:20:58.231+0000][20776][gc,task     ] GC(60) Using 8 workers of 8 for evacuation
[2024-05-28T08:20:58.231+0000][20776][gc,age      ] GC(60) Desired survivor size 159383552 bytes, new threshold 15 (max threshold 15)
[2024-05-28T08:20:58.242+0000][20776][gc,phases   ] GC(60)   Pre Evacuate Collection Set: 0.3ms
[2024-05-28T08:20:58.242+0000][20776][gc,phases   ] GC(60)   Merge Heap Roots: 0.3ms
[2024-05-28T08:20:58.242+0000][20776][gc,phases   ] GC(60)   Evacuate Collection Set: 8.0ms
[2024-05-28T08:20:58.242+0000][20776][gc,phases   ] GC(60)   Post Evacuate Collection Set: 1.7ms
[2024-05-28T08:20:58.242+0000][20776][gc,phases   ] GC(60)   Other: 0.4ms
[2024-05-28T08:20:58.242+0000][20776][gc,age      ] GC(60) Age table with threshold 15 (max threshold 15)
[2024-05-28T08:20:58.242+0000][20776][gc,age      ] GC(60) - age   1:    1680320 bytes,    1680320 total
[2024-05-28T08:20:58.242+0000][20776][gc,age      ] GC(60) - age   2:       1888 bytes,    1682208 total
[2024-05-28T08:20:58.242+0000][20776][gc,age      ] GC(60) - age   3:     190128 bytes,    1872336 total
[2024-05-28T08:20:58.242+0000][20776][gc,age      ] GC(60) - age   4:     435584 bytes,    2307920 total
[2024-05-28T08:20:58.242+0000][20776][gc,age      ] GC(60) - age   5:       4840 bytes,    2312760 total
[2024-05-28T08:20:58.242+0000][20776][gc,age      ] GC(60) - age   6:    1987336 bytes,    4300096 total
[2024-05-28T08:20:58.243+0000][20776][gc,age      ] GC(60) - age   7:     165792 bytes,    4465888 total
[2024-05-28T08:20:58.243+0000][20776][gc,age      ] GC(60) - age   8:       1016 bytes,    4466904 total
[2024-05-28T08:20:58.243+0000][20776][gc,age      ] GC(60) - age   9:       1648 bytes,    4468552 total
[2024-05-28T08:20:58.243+0000][20776][gc,age      ] GC(60) - age  10:       1360 bytes,    4469912 total
[2024-05-28T08:20:58.243+0000][20776][gc,age      ] GC(60) - age  11:       9752 bytes,    4479664 total
[2024-05-28T08:20:58.243+0000][20776][gc,age      ] GC(60) - age  12:     152648 bytes,    4632312 total
[2024-05-28T08:20:58.243+0000][20776][gc,age      ] GC(60) - age  13:        232 bytes,    4632544 total
[2024-05-28T08:20:58.243+0000][20776][gc,age      ] GC(60) - age  14:       1600 bytes,    4634144 total
[2024-05-28T08:20:58.243+0000][20776][gc,age      ] GC(60) - age  15:       1176 bytes,    4635320 total
[2024-05-28T08:20:58.243+0000][20776][gc,heap     ] GC(60) Eden regions: 604->0(604)
[2024-05-28T08:20:58.243+0000][20776][gc,heap     ] GC(60) Survivor regions: 2->2(76)
[2024-05-28T08:20:58.243+0000][20776][gc,heap     ] GC(60) Old regions: 50->50
[2024-05-28T08:20:58.243+0000][20776][gc,heap     ] GC(60) Archive regions: 0->0
[2024-05-28T08:20:58.243+0000][20776][gc,heap     ] GC(60) Humongous regions: 2->2
[2024-05-28T08:20:58.243+0000][20776][gc,metaspace] GC(60) Metaspace: 133640K(137344K)->133640K(137344K) NonClass: 115958K(117888K)->115958K(117888K) Class: 17681K(19456K)->17681K(19456K)
[2024-05-28T08:20:58.243+0000][20776][gc          ] GC(60) Pause Young (Normal) (G1 Evacuation Pause) 2626M->209M(4040M) 12.154ms
[2024-05-28T08:20:58.243+0000][20776][gc,cpu      ] GC(60) User=0.00s Sys=0.02s Real=0.01s
[2024-05-28T08:20:58.243+0000][20776][safepoint   ] Safepoint "G1CollectForAllocation", Time since last: 60952913100 ns, Reaching safepoint: 108600 ns, At safepoint: 12676700 ns, Total: 12785300 ns
[2024-05-28T08:21:00.256+0000][20776][safepoint   ] Safepoint "Cleanup", Time since last: 2011824600 ns, Reaching safepoint: 204400 ns, At safepoint: 33400 ns, Total: 237800 ns
[2024-05-28T08:21:01.285+0000][20776][safepoint   ] Safepoint "Cleanup", Time since last: 1007779800 ns, Reaching safepoint: 21629000 ns, At safepoint: 58300 ns, Total: 21687300 ns
[2024-05-28T08:21:02.295+0000][20776][safepoint   ] Safepoint "Cleanup", Time since last: 1009722200 ns, Reaching safepoint: 271400 ns, At safepoint: 89200 ns, Total: 360600 ns
[2024-05-28T08:21:04.300+0000][20776][safepoint   ] Safepoint "Cleanup", Time since last: 2004978500 ns, Reaching safepoint: 125700 ns, At safepoint: 74800 ns, Total: 200500 ns
[2024-05-28T08:21:07.318+0000][20776][safepoint   ] Safepoint "Cleanup", Time since last: 3017331400 ns, Reaching safepoint: 134700 ns, At safepoint: 49400 ns, Total: 184100 ns
[2024-05-28T08:21:09.329+0000][20776][safepoint   ] Safepoint "Cleanup", Time since last: 2010349700 ns, Reaching safepoint: 229500 ns, At safepoint: 34400 ns, Total: 263900 ns
[2024-05-28T08:21:11.334+0000][20776][safepoint   ] Safepoint "Cleanup", Time since last: 2005725000 ns, Reaching safepoint: 118600 ns, At safepoint: 17600 ns, Total: 136200 ns
[2024-05-28T08:21:13.354+0000][20776][safepoint   ] Safepoint "Cleanup", Time since last: 2019357300 ns, Reaching safepoint: 160700 ns, At safepoint: 21800 ns, Total: 182500 ns
[2024-05-28T08:21:19.382+0000][20776][safepoint   ] Safepoint "Cleanup", Time since last: 6028177200 ns, Reaching safepoint: 175800 ns, At safepoint: 73800 ns, Total: 249600 ns
[2024-05-28T08:21:20.393+0000][20776][safepoint   ] Safepoint "Cleanup", Time since last: 1010045800 ns, Reaching safepoint: 273600 ns, At safepoint: 89300 ns, Total: 362900 ns
[2024-05-28T08:21:22.409+0000][20776][safepoint   ] Safepoint "Cleanup", Time since last: 2015862400 ns, Reaching safepoint: 97200 ns, At safepoint: 30900 ns, Total: 128100 ns
[2024-05-28T08:21:24.431+0000][20776][safepoint   ] Safepoint "Cleanup", Time since last: 2006166100 ns, Reaching safepoint: 15672300 ns, At safepoint: 62400 ns, Total: 15734700 ns
[2024-05-28T08:21:25.445+0000][20776][safepoint   ] Safepoint "Cleanup", Time since last: 1014188700 ns, Reaching safepoint: 157300 ns, At safepoint: 12600 ns, Total: 169900 ns
[2024-05-28T08:21:50.597+0000][20776][safepoint   ] Safepoint "Cleanup", Time since last: 25151755300 ns, Reaching safepoint: 317900 ns, At safepoint: 24000 ns, Total: 341900 ns
[2024-05-28T08:21:51.601+0000][20776][safepoint   ] Safepoint "Cleanup", Time since last: 1003681300 ns, Reaching safepoint: 169800 ns, At safepoint: 20200 ns, Total: 190000 ns
[2024-05-28T08:21:52.607+0000][20776][safepoint   ] Safepoint "Cleanup", Time since last: 1005865500 ns, Reaching safepoint: 134600 ns, At safepoint: 17200 ns, Total: 151800 ns
[2024-05-28T08:21:56.632+0000][20776][safepoint   ] Safepoint "Cleanup", Time since last: 4024672500 ns, Reaching safepoint: 98900 ns, At safepoint: 17200 ns, Total: 116100 ns
[2024-05-28T08:21:59.651+0000][20776][safepoint   ] Safepoint "Cleanup", Time since last: 3018577600 ns, Reaching safepoint: 163200 ns, At safepoint: 23800 ns, Total: 187000 ns
[2024-05-28T08:22:00.651+0000][20776][safepoint   ] Safepoint "Cleanup", Time since last: 1000273900 ns, Reaching safepoint: 139600 ns, At safepoint: 17500 ns, Total: 157100 ns
[2024-05-28T08:22:19.814+0000][20776][safepoint   ] Safepoint "Cleanup", Time since last: 19163262700 ns, Reaching safepoint: 124400 ns, At safepoint: 41700 ns, Total: 166100 ns
[2024-05-28T08:22:38.967+0000][20776][safepoint   ] Safepoint "Cleanup", Time since last: 19152877600 ns, Reaching safepoint: 94300 ns, At safepoint: 12700 ns, Total: 107000 ns
[2024-05-28T08:22:51.064+0000][20776][safepoint   ] Safepoint "Cleanup", Time since last: 12096253400 ns, Reaching safepoint: 94700 ns, At safepoint: 23700 ns, Total: 118400 ns
[2024-05-28T08:22:52.065+0000][20776][safepoint   ] Safepoint "Cleanup", Time since last: 1000835500 ns, Reaching safepoint: 147400 ns, At safepoint: 11600 ns, Total: 159000 ns
[2024-05-28T08:23:43.463+0000][20776][safepoint   ] Safepoint "Cleanup", Time since last: 51397967900 ns, Reaching safepoint: 256000 ns, At safepoint: 26800 ns, Total: 282800 ns
[2024-05-28T08:23:44.468+0000][20776][safepoint   ] Safepoint "Cleanup", Time since last: 1004436500 ns, Reaching safepoint: 95300 ns, At safepoint: 46800 ns, Total: 142100 ns
[2024-05-28T08:24:26.812+0000][20776][safepoint   ] Safepoint "Cleanup", Time since last: 42344668300 ns, Reaching safepoint: 151400 ns, At safepoint: 19100 ns, Total: 170500 ns
[2024-05-28T08:25:00.011+0000][20776][safepoint   ] Safepoint "Cleanup", Time since last: 33198890300 ns, Reaching safepoint: 152400 ns, At safepoint: 13300 ns, Total: 165700 ns
[2024-05-28T08:25:51.366+0000][20776][safepoint   ] Safepoint "Cleanup", Time since last: 51354061600 ns, Reaching safepoint: 185300 ns, At safepoint: 23600 ns, Total: 208900 ns
[2024-05-28T08:26:05.493+0000][20776][safepoint   ] Safepoint "Cleanup", Time since last: 14126612000 ns, Reaching safepoint: 155200 ns, At safepoint: 23100 ns, Total: 178300 ns
[2024-05-28T08:28:51.691+0000][20776][safepoint   ] Safepoint "Cleanup", Time since last: 166197960900 ns, Reaching safepoint: 126500 ns, At safepoint: 55900 ns, Total: 182400 ns
[2024-05-28T08:30:48.401+0000][20776][gc,start    ] GC(61) Pause Young (Normal) (G1 Evacuation Pause)
[2024-05-28T08:30:48.401+0000][20776][gc,task     ] GC(61) Using 8 workers of 8 for evacuation
[2024-05-28T08:30:48.401+0000][20776][gc,age      ] GC(61) Desired survivor size 159383552 bytes, new threshold 15 (max threshold 15)
[2024-05-28T08:30:48.412+0000][20776][gc,phases   ] GC(61)   Pre Evacuate Collection Set: 0.2ms
[2024-05-28T08:30:48.412+0000][20776][gc,phases   ] GC(61)   Merge Heap Roots: 0.2ms
[2024-05-28T08:30:48.412+0000][20776][gc,phases   ] GC(61)   Evacuate Collection Set: 8.6ms
[2024-05-28T08:30:48.412+0000][20776][gc,phases   ] GC(61)   Post Evacuate Collection Set: 1.6ms
[2024-05-28T08:30:48.412+0000][20776][gc,phases   ] GC(61)   Other: 0.3ms
[2024-05-28T08:30:48.412+0000][20776][gc,age      ] GC(61) Age table with threshold 15 (max threshold 15)
[2024-05-28T08:30:48.412+0000][20776][gc,age      ] GC(61) - age   1:    3586880 bytes,    3586880 total
[2024-05-28T08:30:48.412+0000][20776][gc,age      ] GC(61) - age   2:     137360 bytes,    3724240 total
[2024-05-28T08:30:48.412+0000][20776][gc,age      ] GC(61) - age   3:        400 bytes,    3724640 total
[2024-05-28T08:30:48.412+0000][20776][gc,age      ] GC(61) - age   4:      46944 bytes,    3771584 total
[2024-05-28T08:30:48.412+0000][20776][gc,age      ] GC(61) - age   5:     340736 bytes,    4112320 total
[2024-05-28T08:30:48.412+0000][20776][gc,age      ] GC(61) - age   6:       4760 bytes,    4117080 total
[2024-05-28T08:30:48.412+0000][20776][gc,age      ] GC(61) - age   7:    1947656 bytes,    6064736 total
[2024-05-28T08:30:48.412+0000][20776][gc,age      ] GC(61) - age   8:     165792 bytes,    6230528 total
[2024-05-28T08:30:48.412+0000][20776][gc,age      ] GC(61) - age   9:       1016 bytes,    6231544 total
[2024-05-28T08:30:48.412+0000][20776][gc,age      ] GC(61) - age  10:       1648 bytes,    6233192 total
[2024-05-28T08:30:48.412+0000][20776][gc,age      ] GC(61) - age  11:       1280 bytes,    6234472 total
[2024-05-28T08:30:48.412+0000][20776][gc,age      ] GC(61) - age  12:       9752 bytes,    6244224 total
[2024-05-28T08:30:48.412+0000][20776][gc,age      ] GC(61) - age  13:     152648 bytes,    6396872 total
[2024-05-28T08:30:48.412+0000][20776][gc,age      ] GC(61) - age  14:        232 bytes,    6397104 total
[2024-05-28T08:30:48.412+0000][20776][gc,age      ] GC(61) - age  15:       1520 bytes,    6398624 total
[2024-05-28T08:30:48.412+0000][20776][gc,heap     ] GC(61) Eden regions: 604->0(604)
[2024-05-28T08:30:48.412+0000][20776][gc,heap     ] GC(61) Survivor regions: 2->2(76)
[2024-05-28T08:30:48.412+0000][20776][gc,heap     ] GC(61) Old regions: 50->50
[2024-05-28T08:30:48.412+0000][20776][gc,heap     ] GC(61) Archive regions: 0->0
[2024-05-28T08:30:48.412+0000][20776][gc,heap     ] GC(61) Humongous regions: 2->2
[2024-05-28T08:30:48.412+0000][20776][gc,metaspace] GC(61) Metaspace: 133751K(137472K)->133751K(137472K) NonClass: 116060K(118016K)->116060K(118016K) Class: 17691K(19456K)->17691K(19456K)
[2024-05-28T08:30:48.412+0000][20776][gc          ] GC(61) Pause Young (Normal) (G1 Evacuation Pause) 2625M->211M(4040M) 11.572ms
[2024-05-28T08:30:48.412+0000][20776][gc,cpu      ] GC(61) User=0.08s Sys=0.02s Real=0.01s
[2024-05-28T08:30:48.412+0000][20776][safepoint   ] Safepoint "G1CollectForAllocation", Time since last: 116710412000 ns, Reaching safepoint: 175000 ns, At safepoint: 11823100 ns, Total: 11998100 ns
[2024-05-28T08:30:51.436+0000][20776][safepoint   ] Safepoint "Cleanup", Time since last: 3022552600 ns, Reaching safepoint: 143200 ns, At safepoint: 57300 ns, Total: 200500 ns
[2024-05-28T08:31:51.896+0000][20776][safepoint   ] Safepoint "Cleanup", Time since last: 60460028300 ns, Reaching safepoint: 192000 ns, At safepoint: 100600 ns, Total: 292600 ns
[2024-05-28T08:37:50.459+0000][20776][safepoint   ] Safepoint "Cleanup", Time since last: 358562807400 ns, Reaching safepoint: 353300 ns, At safepoint: 16900 ns, Total: 370200 ns
[2024-05-28T08:39:51.365+0000][20776][safepoint   ] Safepoint "Cleanup", Time since last: 120904964400 ns, Reaching safepoint: 136600 ns, At safepoint: 23700 ns, Total: 160300 ns
[2024-05-28T08:41:17.183+0000][20776][gc,start    ] GC(62) Pause Young (Normal) (G1 Evacuation Pause)
[2024-05-28T08:41:17.185+0000][20776][gc,task     ] GC(62) Using 8 workers of 8 for evacuation
[2024-05-28T08:41:17.185+0000][20776][gc,age      ] GC(62) Desired survivor size 159383552 bytes, new threshold 15 (max threshold 15)
[2024-05-28T08:41:17.194+0000][20776][gc,phases   ] GC(62)   Pre Evacuate Collection Set: 0.2ms
[2024-05-28T08:41:17.194+0000][20776][gc,phases   ] GC(62)   Merge Heap Roots: 0.2ms
[2024-05-28T08:41:17.194+0000][20776][gc,phases   ] GC(62)   Evacuate Collection Set: 5.9ms
[2024-05-28T08:41:17.194+0000][20776][gc,phases   ] GC(62)   Post Evacuate Collection Set: 1.8ms
[2024-05-28T08:41:17.194+0000][20776][gc,phases   ] GC(62)   Other: 0.2ms
[2024-05-28T08:41:17.194+0000][20776][gc,age      ] GC(62) Age table with threshold 15 (max threshold 15)
[2024-05-28T08:41:17.194+0000][20776][gc,age      ] GC(62) - age   1:    1644112 bytes,    1644112 total
[2024-05-28T08:41:17.194+0000][20776][gc,age      ] GC(62) - age   2:    1170920 bytes,    2815032 total
[2024-05-28T08:41:17.194+0000][20776][gc,age      ] GC(62) - age   3:     135048 bytes,    2950080 total
[2024-05-28T08:41:17.194+0000][20776][gc,age      ] GC(62) - age   4:        400 bytes,    2950480 total
[2024-05-28T08:41:17.194+0000][20776][gc,age      ] GC(62) - age   5:       2752 bytes,    2953232 total
[2024-05-28T08:41:17.194+0000][20776][gc,age      ] GC(62) - age   6:     336304 bytes,    3289536 total
[2024-05-28T08:41:17.194+0000][20776][gc,age      ] GC(62) - age   7:       4720 bytes,    3294256 total
[2024-05-28T08:41:17.194+0000][20776][gc,age      ] GC(62) - age   8:    1947656 bytes,    5241912 total
[2024-05-28T08:41:17.194+0000][20776][gc,age      ] GC(62) - age   9:     165792 bytes,    5407704 total
[2024-05-28T08:41:17.194+0000][20776][gc,age      ] GC(62) - age  10:       1016 bytes,    5408720 total
[2024-05-28T08:41:17.194+0000][20776][gc,age      ] GC(62) - age  11:       1648 bytes,    5410368 total
[2024-05-28T08:41:17.194+0000][20776][gc,age      ] GC(62) - age  12:       1280 bytes,    5411648 total
[2024-05-28T08:41:17.194+0000][20776][gc,age      ] GC(62) - age  13:       9672 bytes,    5421320 total
[2024-05-28T08:41:17.194+0000][20776][gc,age      ] GC(62) - age  14:     152568 bytes,    5573888 total
[2024-05-28T08:41:17.194+0000][20776][gc,age      ] GC(62) - age  15:        232 bytes,    5574120 total
[2024-05-28T08:41:17.194+0000][20776][gc,heap     ] GC(62) Eden regions: 604->0(604)
[2024-05-28T08:41:17.194+0000][20776][gc,heap     ] GC(62) Survivor regions: 2->2(76)
[2024-05-28T08:41:17.194+0000][20776][gc,heap     ] GC(62) Old regions: 50->50
[2024-05-28T08:41:17.194+0000][20776][gc,heap     ] GC(62) Archive regions: 0->0
[2024-05-28T08:41:17.194+0000][20776][gc,heap     ] GC(62) Humongous regions: 2->2
[2024-05-28T08:41:17.194+0000][20776][gc,metaspace] GC(62) Metaspace: 133756K(137472K)->133756K(137472K) NonClass: 116064K(118016K)->116064K(118016K) Class: 17691K(19456K)->17691K(19456K)
[2024-05-28T08:41:17.194+0000][20776][gc          ] GC(62) Pause Young (Normal) (G1 Evacuation Pause) 2627M->211M(4040M) 10.849ms
[2024-05-28T08:41:17.194+0000][20776][gc,cpu      ] GC(62) User=0.00s Sys=0.00s Real=0.01s
[2024-05-28T08:41:17.194+0000][20776][safepoint   ] Safepoint "G1CollectForAllocation", Time since last: 85818967400 ns, Reaching safepoint: 137100 ns, At safepoint: 11005300 ns, Total: 11142400 ns
[2024-05-28T08:42:47.778+0000][20776][safepoint   ] Safepoint "Cleanup", Time since last: 90582764400 ns, Reaching safepoint: 212400 ns, At safepoint: 81000 ns, Total: 293400 ns
[2024-05-28T08:42:51.813+0000][20776][safepoint   ] Safepoint "Cleanup", Time since last: 4034786800 ns, Reaching safepoint: 169200 ns, At safepoint: 81700 ns, Total: 250900 ns
[2024-05-28T08:46:50.516+0000][20776][safepoint   ] Safepoint "Cleanup", Time since last: 238703407000 ns, Reaching safepoint: 186700 ns, At safepoint: 48800 ns, Total: 235500 ns
[2024-05-28T08:47:53.912+0000][20776][safepoint   ] Safepoint "Cleanup", Time since last: 63395762500 ns, Reaching safepoint: 100100 ns, At safepoint: 35600 ns, Total: 135700 ns
[2024-05-28T08:51:30.111+0000][20776][gc,start    ] GC(63) Pause Young (Normal) (G1 Evacuation Pause)
[2024-05-28T08:51:30.111+0000][20776][gc,task     ] GC(63) Using 8 workers of 8 for evacuation
[2024-05-28T08:51:30.111+0000][20776][gc,age      ] GC(63) Desired survivor size 159383552 bytes, new threshold 15 (max threshold 15)
[2024-05-28T08:51:30.123+0000][20776][gc,phases   ] GC(63)   Pre Evacuate Collection Set: 0.3ms
[2024-05-28T08:51:30.123+0000][20776][gc,phases   ] GC(63)   Merge Heap Roots: 0.5ms
[2024-05-28T08:51:30.123+0000][20776][gc,phases   ] GC(63)   Evacuate Collection Set: 9.9ms
[2024-05-28T08:51:30.123+0000][20776][gc,phases   ] GC(63)   Post Evacuate Collection Set: 1.8ms
[2024-05-28T08:51:30.123+0000][20776][gc,phases   ] GC(63)   Other: 0.3ms
[2024-05-28T08:51:30.123+0000][20776][gc,age      ] GC(63) Age table with threshold 15 (max threshold 15)
[2024-05-28T08:51:30.123+0000][20776][gc,age      ] GC(63) - age   1:    2348968 bytes,    2348968 total
[2024-05-28T08:51:30.123+0000][20776][gc,age      ] GC(63) - age   2:     120360 bytes,    2469328 total
[2024-05-28T08:51:30.123+0000][20776][gc,age      ] GC(63) - age   3:     435568 bytes,    2904896 total
[2024-05-28T08:51:30.123+0000][20776][gc,age      ] GC(63) - age   4:     135008 bytes,    3039904 total
[2024-05-28T08:51:30.123+0000][20776][gc,age      ] GC(63) - age   5:        320 bytes,    3040224 total
[2024-05-28T08:51:30.123+0000][20776][gc,age      ] GC(63) - age   6:       2672 bytes,    3042896 total
[2024-05-28T08:51:30.123+0000][20776][gc,age      ] GC(63) - age   7:     336304 bytes,    3379200 total
[2024-05-28T08:51:30.124+0000][20776][gc,age      ] GC(63) - age   8:       4720 bytes,    3383920 total
[2024-05-28T08:51:30.124+0000][20776][gc,age      ] GC(63) - age   9:    1947656 bytes,    5331576 total
[2024-05-28T08:51:30.124+0000][20776][gc,age      ] GC(63) - age  10:     165712 bytes,    5497288 total
[2024-05-28T08:51:30.124+0000][20776][gc,age      ] GC(63) - age  11:       1016 bytes,    5498304 total
[2024-05-28T08:51:30.124+0000][20776][gc,age      ] GC(63) - age  12:       1624 bytes,    5499928 total
[2024-05-28T08:51:30.124+0000][20776][gc,age      ] GC(63) - age  13:       1200 bytes,    5501128 total
[2024-05-28T08:51:30.124+0000][20776][gc,age      ] GC(63) - age  14:       9672 bytes,    5510800 total
[2024-05-28T08:51:30.124+0000][20776][gc,age      ] GC(63) - age  15:     152568 bytes,    5663368 total
[2024-05-28T08:51:30.124+0000][20776][gc,heap     ] GC(63) Eden regions: 604->0(604)
[2024-05-28T08:51:30.124+0000][20776][gc,heap     ] GC(63) Survivor regions: 2->2(76)
[2024-05-28T08:51:30.124+0000][20776][gc,heap     ] GC(63) Old regions: 50->50
[2024-05-28T08:51:30.124+0000][20776][gc,heap     ] GC(63) Archive regions: 0->0
[2024-05-28T08:51:30.124+0000][20776][gc,heap     ] GC(63) Humongous regions: 2->2
[2024-05-28T08:51:30.124+0000][20776][gc,metaspace] GC(63) Metaspace: 133756K(137472K)->133756K(137472K) NonClass: 116064K(118016K)->116064K(118016K) Class: 17691K(19456K)->17691K(19456K)
[2024-05-28T08:51:30.124+0000][20776][gc          ] GC(63) Pause Young (Normal) (G1 Evacuation Pause) 2627M->211M(4040M) 13.378ms
[2024-05-28T08:51:30.124+0000][20776][gc,cpu      ] GC(63) User=0.06s Sys=0.00s Real=0.01s
[2024-05-28T08:51:30.124+0000][20776][safepoint   ] Safepoint "G1CollectForAllocation", Time since last: 216198341000 ns, Reaching safepoint: 159100 ns, At safepoint: 13589800 ns, Total: 13748900 ns
[2024-05-28T08:54:51.809+0000][20776][safepoint   ] Safepoint "Cleanup", Time since last: 201684243700 ns, Reaching safepoint: 163300 ns, At safepoint: 20000 ns, Total: 183300 ns
[2024-05-28T08:56:51.573+0000][20776][safepoint   ] Safepoint "Cleanup", Time since last: 119764392800 ns, Reaching safepoint: 89300 ns, At safepoint: 13700 ns, Total: 103000 ns
[2024-05-28T09:01:55.142+0000][20776][gc,start    ] GC(64) Pause Young (Normal) (G1 Evacuation Pause)
[2024-05-28T09:01:55.142+0000][20776][gc,task     ] GC(64) Using 8 workers of 8 for evacuation
[2024-05-28T09:01:55.142+0000][20776][gc,age      ] GC(64) Desired survivor size 159383552 bytes, new threshold 15 (max threshold 15)
[2024-05-28T09:01:55.151+0000][20776][gc,phases   ] GC(64)   Pre Evacuate Collection Set: 0.2ms
[2024-05-28T09:01:55.151+0000][20776][gc,phases   ] GC(64)   Merge Heap Roots: 0.2ms
[2024-05-28T09:01:55.151+0000][20776][gc,phases   ] GC(64)   Evacuate Collection Set: 6.4ms
[2024-05-28T09:01:55.151+0000][20776][gc,phases   ] GC(64)   Post Evacuate Collection Set: 1.9ms
[2024-05-28T09:01:55.151+0000][20776][gc,phases   ] GC(64)   Other: 0.2ms
[2024-05-28T09:01:55.151+0000][20776][gc,age      ] GC(64) Age table with threshold 15 (max threshold 15)
[2024-05-28T09:01:55.151+0000][20776][gc,age      ] GC(64) - age   1:    1405136 bytes,    1405136 total
[2024-05-28T09:01:55.151+0000][20776][gc,age      ] GC(64) - age   2:     448864 bytes,    1854000 total
[2024-05-28T09:01:55.151+0000][20776][gc,age      ] GC(64) - age   3:      81656 bytes,    1935656 total
[2024-05-28T09:01:55.151+0000][20776][gc,age      ] GC(64) - age   4:     422632 bytes,    2358288 total
[2024-05-28T09:01:55.151+0000][20776][gc,age      ] GC(64) - age   5:     134872 bytes,    2493160 total
[2024-05-28T09:01:55.151+0000][20776][gc,age      ] GC(64) - age   6:        240 bytes,    2493400 total
[2024-05-28T09:01:55.151+0000][20776][gc,age      ] GC(64) - age   7:       2672 bytes,    2496072 total
[2024-05-28T09:01:55.151+0000][20776][gc,age      ] GC(64) - age   8:     304000 bytes,    2800072 total
[2024-05-28T09:01:55.151+0000][20776][gc,age      ] GC(64) - age   9:       4640 bytes,    2804712 total
[2024-05-28T09:01:55.151+0000][20776][gc,age      ] GC(64) - age  10:    1947624 bytes,    4752336 total
[2024-05-28T09:01:55.151+0000][20776][gc,age      ] GC(64) - age  11:     165712 bytes,    4918048 total
[2024-05-28T09:01:55.151+0000][20776][gc,age      ] GC(64) - age  12:        936 bytes,    4918984 total
[2024-05-28T09:01:55.151+0000][20776][gc,age      ] GC(64) - age  13:       1624 bytes,    4920608 total
[2024-05-28T09:01:55.151+0000][20776][gc,age      ] GC(64) - age  14:       1200 bytes,    4921808 total
[2024-05-28T09:01:55.151+0000][20776][gc,age      ] GC(64) - age  15:       9672 bytes,    4931480 total
[2024-05-28T09:01:55.151+0000][20776][gc,heap     ] GC(64) Eden regions: 604->0(604)
[2024-05-28T09:01:55.151+0000][20776][gc,heap     ] GC(64) Survivor regions: 2->2(76)
[2024-05-28T09:01:55.151+0000][20776][gc,heap     ] GC(64) Old regions: 50->50
[2024-05-28T09:01:55.151+0000][20776][gc,heap     ] GC(64) Archive regions: 0->0
[2024-05-28T09:01:55.151+0000][20776][gc,heap     ] GC(64) Humongous regions: 2->2
[2024-05-28T09:01:55.151+0000][20776][gc,metaspace] GC(64) Metaspace: 133756K(137472K)->133756K(137472K) NonClass: 116064K(118016K)->116064K(118016K) Class: 17691K(19456K)->17691K(19456K)
[2024-05-28T09:01:55.151+0000][20776][gc          ] GC(64) Pause Young (Normal) (G1 Evacuation Pause) 2627M->210M(4040M) 9.398ms
[2024-05-28T09:01:55.151+0000][20776][gc,cpu      ] GC(64) User=0.00s Sys=0.00s Real=0.01s
[2024-05-28T09:01:55.151+0000][20776][safepoint   ] Safepoint "G1CollectForAllocation", Time since last: 303568437500 ns, Reaching safepoint: 133800 ns, At safepoint: 9543900 ns, Total: 9677700 ns
[2024-05-28T09:06:42.027+0000][20776][safepoint   ] Safepoint "Cleanup", Time since last: 286875572800 ns, Reaching safepoint: 202900 ns, At safepoint: 58200 ns, Total: 261100 ns
[2024-05-28T09:06:43.031+0000][20776][safepoint   ] Safepoint "Cleanup", Time since last: 1003040200 ns, Reaching safepoint: 257200 ns, At safepoint: 34300 ns, Total: 291500 ns
[2024-05-28T09:12:08.812+0000][20776][gc,start    ] GC(65) Pause Young (Normal) (G1 Evacuation Pause)
[2024-05-28T09:12:08.812+0000][20776][gc,task     ] GC(65) Using 8 workers of 8 for evacuation
[2024-05-28T09:12:08.812+0000][20776][gc,age      ] GC(65) Desired survivor size 159383552 bytes, new threshold 15 (max threshold 15)
[2024-05-28T09:12:08.819+0000][20776][gc,phases   ] GC(65)   Pre Evacuate Collection Set: 0.1ms
[2024-05-28T09:12:08.819+0000][20776][gc,phases   ] GC(65)   Merge Heap Roots: 0.1ms
[2024-05-28T09:12:08.819+0000][20776][gc,phases   ] GC(65)   Evacuate Collection Set: 4.9ms
[2024-05-28T09:12:08.819+0000][20776][gc,phases   ] GC(65)   Post Evacuate Collection Set: 1.2ms
[2024-05-28T09:12:08.819+0000][20776][gc,phases   ] GC(65)   Other: 0.1ms
[2024-05-28T09:12:08.819+0000][20776][gc,age      ] GC(65) Age table with threshold 15 (max threshold 15)
[2024-05-28T09:12:08.819+0000][20776][gc,age      ] GC(65) - age   1:    1976864 bytes,    1976864 total
[2024-05-28T09:12:08.819+0000][20776][gc,age      ] GC(65) - age   2:     229792 bytes,    2206656 total
[2024-05-28T09:12:08.819+0000][20776][gc,age      ] GC(65) - age   3:     445896 bytes,    2652552 total
[2024-05-28T09:12:08.819+0000][20776][gc,age      ] GC(65) - age   4:      81576 bytes,    2734128 total
[2024-05-28T09:12:08.819+0000][20776][gc,age      ] GC(65) - age   5:     422352 bytes,    3156480 total
[2024-05-28T09:12:08.819+0000][20776][gc,age      ] GC(65) - age   6:     134792 bytes,    3291272 total
[2024-05-28T09:12:08.819+0000][20776][gc,age      ] GC(65) - age   7:        240 bytes,    3291512 total
[2024-05-28T09:12:08.819+0000][20776][gc,age      ] GC(65) - age   8:       2672 bytes,    3294184 total
[2024-05-28T09:12:08.819+0000][20776][gc,age      ] GC(65) - age   9:     303776 bytes,    3597960 total
[2024-05-28T09:12:08.819+0000][20776][gc,age      ] GC(65) - age  10:       4584 bytes,    3602544 total
[2024-05-28T09:12:08.819+0000][20776][gc,age      ] GC(65) - age  11:    1947624 bytes,    5550168 total
[2024-05-28T09:12:08.819+0000][20776][gc,age      ] GC(65) - age  12:     165712 bytes,    5715880 total
[2024-05-28T09:12:08.819+0000][20776][gc,age      ] GC(65) - age  13:        936 bytes,    5716816 total
[2024-05-28T09:12:08.819+0000][20776][gc,age      ] GC(65) - age  14:       1624 bytes,    5718440 total
[2024-05-28T09:12:08.819+0000][20776][gc,age      ] GC(65) - age  15:       1120 bytes,    5719560 total
[2024-05-28T09:12:08.819+0000][20776][gc,heap     ] GC(65) Eden regions: 604->0(604)
[2024-05-28T09:12:08.819+0000][20776][gc,heap     ] GC(65) Survivor regions: 2->2(76)
[2024-05-28T09:12:08.819+0000][20776][gc,heap     ] GC(65) Old regions: 50->50
[2024-05-28T09:12:08.819+0000][20776][gc,heap     ] GC(65) Archive regions: 0->0
[2024-05-28T09:12:08.819+0000][20776][gc,heap     ] GC(65) Humongous regions: 2->2
[2024-05-28T09:12:08.819+0000][20776][gc,metaspace] GC(65) Metaspace: 133756K(137472K)->133756K(137472K) NonClass: 116065K(118016K)->116065K(118016K) Class: 17691K(19456K)->17691K(19456K)
[2024-05-28T09:12:08.819+0000][20776][gc          ] GC(65) Pause Young (Normal) (G1 Evacuation Pause) 2626M->211M(4040M) 6.875ms
[2024-05-28T09:12:08.819+0000][20776][gc,cpu      ] GC(65) User=0.00s Sys=0.00s Real=0.01s
[2024-05-28T09:12:08.819+0000][20776][safepoint   ] Safepoint "G1CollectForAllocation", Time since last: 325781555100 ns, Reaching safepoint: 597200 ns, At safepoint: 6997100 ns, Total: 7594300 ns
[2024-05-28T09:12:52.110+0000][20776][safepoint   ] Safepoint "Cleanup", Time since last: 43289805400 ns, Reaching safepoint: 144000 ns, At safepoint: 25900 ns, Total: 169900 ns
[2024-05-28T09:13:21.295+0000][20776][safepoint   ] Safepoint "Cleanup", Time since last: 29184873100 ns, Reaching safepoint: 124800 ns, At safepoint: 15100 ns, Total: 139900 ns
[2024-05-28T09:22:27.809+0000][20776][gc,start    ] GC(66) Pause Young (Normal) (G1 Evacuation Pause)
[2024-05-28T09:22:27.809+0000][20776][gc,task     ] GC(66) Using 8 workers of 8 for evacuation
[2024-05-28T09:22:27.809+0000][20776][gc,age      ] GC(66) Desired survivor size 159383552 bytes, new threshold 15 (max threshold 15)
[2024-05-28T09:22:27.818+0000][20776][gc,phases   ] GC(66)   Pre Evacuate Collection Set: 0.3ms
[2024-05-28T09:22:27.818+0000][20776][gc,phases   ] GC(66)   Merge Heap Roots: 0.2ms
[2024-05-28T09:22:27.818+0000][20776][gc,phases   ] GC(66)   Evacuate Collection Set: 4.5ms
[2024-05-28T09:22:27.818+0000][20776][gc,phases   ] GC(66)   Post Evacuate Collection Set: 3.6ms
[2024-05-28T09:22:27.818+0000][20776][gc,phases   ] GC(66)   Other: 0.3ms
[2024-05-28T09:22:27.818+0000][20776][gc,age      ] GC(66) Age table with threshold 15 (max threshold 15)
[2024-05-28T09:22:27.818+0000][20776][gc,age      ] GC(66) - age   1:    1521592 bytes,    1521592 total
[2024-05-28T09:22:27.818+0000][20776][gc,age      ] GC(66) - age   2:       2272 bytes,    1523864 total
[2024-05-28T09:22:27.818+0000][20776][gc,age      ] GC(66) - age   3:      26016 bytes,    1549880 total
[2024-05-28T09:22:27.818+0000][20776][gc,age      ] GC(66) - age   4:     424352 bytes,    1974232 total
[2024-05-28T09:22:27.818+0000][20776][gc,age      ] GC(66) - age   5:      81576 bytes,    2055808 total
[2024-05-28T09:22:27.818+0000][20776][gc,age      ] GC(66) - age   6:     412736 bytes,    2468544 total
[2024-05-28T09:22:27.818+0000][20776][gc,age      ] GC(66) - age   7:     134096 bytes,    2602640 total
[2024-05-28T09:22:27.818+0000][20776][gc,age      ] GC(66) - age   8:        240 bytes,    2602880 total
[2024-05-28T09:22:27.818+0000][20776][gc,age      ] GC(66) - age   9:       2552 bytes,    2605432 total
[2024-05-28T09:22:27.818+0000][20776][gc,age      ] GC(66) - age  10:     295480 bytes,    2900912 total
[2024-05-28T09:22:27.818+0000][20776][gc,age      ] GC(66) - age  11:       4584 bytes,    2905496 total
[2024-05-28T09:22:27.818+0000][20776][gc,age      ] GC(66) - age  12:    1947544 bytes,    4853040 total
[2024-05-28T09:22:27.818+0000][20776][gc,age      ] GC(66) - age  13:     165520 bytes,    5018560 total
[2024-05-28T09:22:27.818+0000][20776][gc,age      ] GC(66) - age  14:        936 bytes,    5019496 total
[2024-05-28T09:22:27.818+0000][20776][gc,age      ] GC(66) - age  15:       1544 bytes,    5021040 total
[2024-05-28T09:22:27.818+0000][20776][gc,heap     ] GC(66) Eden regions: 604->0(604)
[2024-05-28T09:22:27.818+0000][20776][gc,heap     ] GC(66) Survivor regions: 2->2(76)
[2024-05-28T09:22:27.818+0000][20776][gc,heap     ] GC(66) Old regions: 50->50
[2024-05-28T09:22:27.818+0000][20776][gc,heap     ] GC(66) Archive regions: 0->0
[2024-05-28T09:22:27.818+0000][20776][gc,heap     ] GC(66) Humongous regions: 2->2
[2024-05-28T09:22:27.818+0000][20776][gc,metaspace] GC(66) Metaspace: 133758K(137472K)->133758K(137472K) NonClass: 116066K(118016K)->116066K(118016K) Class: 17691K(19456K)->17691K(19456K)
[2024-05-28T09:22:27.818+0000][20776][gc          ] GC(66) Pause Young (Normal) (G1 Evacuation Pause) 2627M->210M(4040M) 9.474ms
[2024-05-28T09:22:27.818+0000][20776][gc,cpu      ] GC(66) User=0.12s Sys=0.00s Real=0.01s
[2024-05-28T09:22:27.818+0000][20776][safepoint   ] Safepoint "G1CollectForAllocation", Time since last: 546513940800 ns, Reaching safepoint: 169100 ns, At safepoint: 9720200 ns, Total: 9889300 ns
[2024-05-28T09:32:44.222+0000][20776][gc,start    ] GC(67) Pause Young (Normal) (G1 Evacuation Pause)
[2024-05-28T09:32:44.222+0000][20776][gc,task     ] GC(67) Using 8 workers of 8 for evacuation
[2024-05-28T09:32:44.222+0000][20776][gc,age      ] GC(67) Desired survivor size 159383552 bytes, new threshold 15 (max threshold 15)
[2024-05-28T09:32:44.229+0000][20776][gc,phases   ] GC(67)   Pre Evacuate Collection Set: 0.2ms
[2024-05-28T09:32:44.229+0000][20776][gc,phases   ] GC(67)   Merge Heap Roots: 0.1ms
[2024-05-28T09:32:44.229+0000][20776][gc,phases   ] GC(67)   Evacuate Collection Set: 5.4ms
[2024-05-28T09:32:44.229+0000][20776][gc,phases   ] GC(67)   Post Evacuate Collection Set: 1.2ms
[2024-05-28T09:32:44.230+0000][20776][gc,phases   ] GC(67)   Other: 0.2ms
[2024-05-28T09:32:44.230+0000][20776][gc,age      ] GC(67) Age table with threshold 15 (max threshold 15)
[2024-05-28T09:32:44.230+0000][20776][gc,age      ] GC(67) - age   1:    2097576 bytes,    2097576 total
[2024-05-28T09:32:44.230+0000][20776][gc,age      ] GC(67) - age   2:     241952 bytes,    2339528 total
[2024-05-28T09:32:44.230+0000][20776][gc,age      ] GC(67) - age   3:        984 bytes,    2340512 total
[2024-05-28T09:32:44.230+0000][20776][gc,age      ] GC(67) - age   4:        504 bytes,    2341016 total
[2024-05-28T09:32:44.230+0000][20776][gc,age      ] GC(67) - age   5:     424080 bytes,    2765096 total
[2024-05-28T09:32:44.230+0000][20776][gc,age      ] GC(67) - age   6:      81464 bytes,    2846560 total
[2024-05-28T09:32:44.230+0000][20776][gc,age      ] GC(67) - age   7:     412592 bytes,    3259152 total
[2024-05-28T09:32:44.230+0000][20776][gc,age      ] GC(67) - age   8:     134096 bytes,    3393248 total
[2024-05-28T09:32:44.230+0000][20776][gc,age      ] GC(67) - age   9:        240 bytes,    3393488 total
[2024-05-28T09:32:44.230+0000][20776][gc,age      ] GC(67) - age  10:       2552 bytes,    3396040 total
[2024-05-28T09:32:44.230+0000][20776][gc,age      ] GC(67) - age  11:     295480 bytes,    3691520 total
[2024-05-28T09:32:44.230+0000][20776][gc,age      ] GC(67) - age  12:       4584 bytes,    3696104 total
[2024-05-28T09:32:44.230+0000][20776][gc,age      ] GC(67) - age  13:    1947544 bytes,    5643648 total
[2024-05-28T09:32:44.230+0000][20776][gc,age      ] GC(67) - age  14:     165520 bytes,    5809168 total
[2024-05-28T09:32:44.230+0000][20776][gc,age      ] GC(67) - age  15:        936 bytes,    5810104 total
[2024-05-28T09:32:44.230+0000][20776][gc,heap     ] GC(67) Eden regions: 604->0(604)
[2024-05-28T09:32:44.230+0000][20776][gc,heap     ] GC(67) Survivor regions: 2->2(76)
[2024-05-28T09:32:44.230+0000][20776][gc,heap     ] GC(67) Old regions: 50->50
[2024-05-28T09:32:44.230+0000][20776][gc,heap     ] GC(67) Archive regions: 0->0
[2024-05-28T09:32:44.230+0000][20776][gc,heap     ] GC(67) Humongous regions: 2->2
[2024-05-28T09:32:44.230+0000][20776][gc,metaspace] GC(67) Metaspace: 133758K(137472K)->133758K(137472K) NonClass: 116066K(118016K)->116066K(118016K) Class: 17691K(19456K)->17691K(19456K)
[2024-05-28T09:32:44.230+0000][20776][gc          ] GC(67) Pause Young (Normal) (G1 Evacuation Pause) 2626M->211M(4040M) 7.553ms
[2024-05-28T09:32:44.230+0000][20776][gc,cpu      ] GC(67) User=0.00s Sys=0.00s Real=0.01s
[2024-05-28T09:32:44.230+0000][20776][safepoint   ] Safepoint "G1CollectForAllocation", Time since last: 616403918200 ns, Reaching safepoint: 208500 ns, At safepoint: 7686600 ns, Total: 7895100 ns
[2024-05-28T09:40:57.338+0000][20776][safepoint   ] Safepoint "Cleanup", Time since last: 493117782100 ns, Reaching safepoint: 606400 ns, At safepoint: 68300 ns, Total: 674700 ns
[2024-05-28T09:40:59.362+0000][20776][safepoint   ] Safepoint "Cleanup", Time since last: 2023592700 ns, Reaching safepoint: 451700 ns, At safepoint: 60900 ns, Total: 512600 ns
[2024-05-28T09:47:32.765+0000][20776][safepoint   ] Safepoint "Cleanup", Time since last: 393401510800 ns, Reaching safepoint: 246600 ns, At safepoint: 56300 ns, Total: 302900 ns
[2024-05-28T09:49:51.601+0000][20776][gc,start    ] GC(68) Pause Young (Normal) (G1 Evacuation Pause)
[2024-05-28T09:49:51.601+0000][20776][gc,task     ] GC(68) Using 8 workers of 8 for evacuation
[2024-05-28T09:49:51.601+0000][20776][gc,age      ] GC(68) Desired survivor size 159383552 bytes, new threshold 15 (max threshold 15)
[2024-05-28T09:49:51.607+0000][20776][gc,phases   ] GC(68)   Pre Evacuate Collection Set: 2.4ms
[2024-05-28T09:49:51.608+0000][20776][gc,phases   ] GC(68)   Merge Heap Roots: 0.1ms
[2024-05-28T09:49:51.608+0000][20776][gc,phases   ] GC(68)   Evacuate Collection Set: 2.7ms
[2024-05-28T09:49:51.608+0000][20776][gc,phases   ] GC(68)   Post Evacuate Collection Set: 1.8ms
[2024-05-28T09:49:51.608+0000][20776][gc,phases   ] GC(68)   Other: 0.1ms
[2024-05-28T09:49:51.608+0000][20776][gc,age      ] GC(68) Age table with threshold 15 (max threshold 15)
[2024-05-28T09:49:51.608+0000][20776][gc,age      ] GC(68) - age   1:    1511016 bytes,    1511016 total
[2024-05-28T09:49:51.608+0000][20776][gc,age      ] GC(68) - age   2:       2768 bytes,    1513784 total
[2024-05-28T09:49:51.608+0000][20776][gc,age      ] GC(68) - age   3:     133800 bytes,    1647584 total
[2024-05-28T09:49:51.608+0000][20776][gc,age      ] GC(68) - age   4:        984 bytes,    1648568 total
[2024-05-28T09:49:51.608+0000][20776][gc,age      ] GC(68) - age   5:        392 bytes,    1648960 total
[2024-05-28T09:49:51.608+0000][20776][gc,age      ] GC(68) - age   6:       1576 bytes,    1650536 total
[2024-05-28T09:49:51.608+0000][20776][gc,age      ] GC(68) - age   7:      81464 bytes,    1732000 total
[2024-05-28T09:49:51.608+0000][20776][gc,age      ] GC(68) - age   8:     342832 bytes,    2074832 total
[2024-05-28T09:49:51.608+0000][20776][gc,age      ] GC(68) - age   9:     134096 bytes,    2208928 total
[2024-05-28T09:49:51.608+0000][20776][gc,age      ] GC(68) - age  10:        240 bytes,    2209168 total
[2024-05-28T09:49:51.608+0000][20776][gc,age      ] GC(68) - age  11:       2512 bytes,    2211680 total
[2024-05-28T09:49:51.608+0000][20776][gc,age      ] GC(68) - age  12:     269504 bytes,    2481184 total
[2024-05-28T09:49:51.608+0000][20776][gc,age      ] GC(68) - age  13:       4584 bytes,    2485768 total
[2024-05-28T09:49:51.608+0000][20776][gc,age      ] GC(68) - age  14:    1899000 bytes,    4384768 total
[2024-05-28T09:49:51.608+0000][20776][gc,age      ] GC(68) - age  15:     147712 bytes,    4532480 total
[2024-05-28T09:49:51.608+0000][20776][gc,heap     ] GC(68) Eden regions: 604->0(604)
[2024-05-28T09:49:51.608+0000][20776][gc,heap     ] GC(68) Survivor regions: 2->2(76)
[2024-05-28T09:49:51.608+0000][20776][gc,heap     ] GC(68) Old regions: 50->50
[2024-05-28T09:49:51.608+0000][20776][gc,heap     ] GC(68) Archive regions: 0->0
[2024-05-28T09:49:51.608+0000][20776][gc,heap     ] GC(68) Humongous regions: 2->2
[2024-05-28T09:49:51.608+0000][20776][gc,metaspace] GC(68) Metaspace: 133762K(137472K)->133762K(137472K) NonClass: 116071K(118016K)->116071K(118016K) Class: 17691K(19456K)->17691K(19456K)
[2024-05-28T09:49:51.608+0000][20776][gc          ] GC(68) Pause Young (Normal) (G1 Evacuation Pause) 2627M->210M(4040M) 7.624ms
[2024-05-28T09:49:51.608+0000][20776][gc,cpu      ] GC(68) User=0.00s Sys=0.00s Real=0.01s
[2024-05-28T09:49:51.608+0000][20776][safepoint   ] Safepoint "G1CollectForAllocation", Time since last: 138835878900 ns, Reaching safepoint: 128100 ns, At safepoint: 7739900 ns, Total: 7868000 ns
[2024-05-28T09:53:57.295+0000][20776][safepoint   ] Safepoint "Cleanup", Time since last: 245686756000 ns, Reaching safepoint: 146000 ns, At safepoint: 30700 ns, Total: 176700 ns
[2024-05-28T09:55:55.101+0000][20776][safepoint   ] Safepoint "Cleanup", Time since last: 117804794500 ns, Reaching safepoint: 152000 ns, At safepoint: 38000 ns, Total: 190000 ns
[2024-05-28T09:57:58.930+0000][20776][safepoint   ] Safepoint "Cleanup", Time since last: 123829372600 ns, Reaching safepoint: 90700 ns, At safepoint: 13500 ns, Total: 104200 ns
[2024-05-28T09:58:59.340+0000][20776][safepoint   ] Safepoint "Cleanup", Time since last: 60410093200 ns, Reaching safepoint: 117200 ns, At safepoint: 34300 ns, Total: 151500 ns
[2024-05-28T09:59:34.506+0000][20776][safepoint   ] Safepoint "Cleanup", Time since last: 35165972900 ns, Reaching safepoint: 177200 ns, At safepoint: 20800 ns, Total: 198000 ns
[2024-05-28T09:59:59.665+0000][20776][safepoint   ] Safepoint "Cleanup", Time since last: 25158042200 ns, Reaching safepoint: 221500 ns, At safepoint: 17300 ns, Total: 238800 ns
[2024-05-28T10:00:42.675+0000][20776][gc,start    ] GC(69) Pause Young (Normal) (G1 Evacuation Pause)
[2024-05-28T10:00:42.675+0000][20776][gc,task     ] GC(69) Using 8 workers of 8 for evacuation
[2024-05-28T10:00:42.675+0000][20776][gc,age      ] GC(69) Desired survivor size 159383552 bytes, new threshold 15 (max threshold 15)
[2024-05-28T10:00:42.686+0000][20776][gc,phases   ] GC(69)   Pre Evacuate Collection Set: 0.2ms
[2024-05-28T10:00:42.686+0000][20776][gc,phases   ] GC(69)   Merge Heap Roots: 0.3ms
[2024-05-28T10:00:42.686+0000][20776][gc,phases   ] GC(69)   Evacuate Collection Set: 5.1ms
[2024-05-28T10:00:42.686+0000][20776][gc,phases   ] GC(69)   Post Evacuate Collection Set: 4.3ms
[2024-05-28T10:00:42.686+0000][20776][gc,phases   ] GC(69)   Other: 0.2ms
[2024-05-28T10:00:42.686+0000][20776][gc,age      ] GC(69) Age table with threshold 15 (max threshold 15)
[2024-05-28T10:00:42.686+0000][20776][gc,age      ] GC(69) - age   1:    1222968 bytes,    1222968 total
[2024-05-28T10:00:42.686+0000][20776][gc,age      ] GC(69) - age   2:     428432 bytes,    1651400 total
[2024-05-28T10:00:42.686+0000][20776][gc,age      ] GC(69) - age   3:        584 bytes,    1651984 total
[2024-05-28T10:00:42.686+0000][20776][gc,age      ] GC(69) - age   4:     133624 bytes,    1785608 total
[2024-05-28T10:00:42.686+0000][20776][gc,age      ] GC(69) - age   5:        928 bytes,    1786536 total
[2024-05-28T10:00:42.686+0000][20776][gc,age      ] GC(69) - age   6:        336 bytes,    1786872 total
[2024-05-28T10:00:42.686+0000][20776][gc,age      ] GC(69) - age   7:       1320 bytes,    1788192 total
[2024-05-28T10:00:42.686+0000][20776][gc,age      ] GC(69) - age   8:      81304 bytes,    1869496 total
[2024-05-28T10:00:42.686+0000][20776][gc,age      ] GC(69) - age   9:     342832 bytes,    2212328 total
[2024-05-28T10:00:42.686+0000][20776][gc,age      ] GC(69) - age  10:     134096 bytes,    2346424 total
[2024-05-28T10:00:42.686+0000][20776][gc,age      ] GC(69) - age  11:        240 bytes,    2346664 total
[2024-05-28T10:00:42.686+0000][20776][gc,age      ] GC(69) - age  12:       2432 bytes,    2349096 total
[2024-05-28T10:00:42.686+0000][20776][gc,age      ] GC(69) - age  13:     269480 bytes,    2618576 total
[2024-05-28T10:00:42.686+0000][20776][gc,age      ] GC(69) - age  14:       4584 bytes,    2623160 total
[2024-05-28T10:00:42.686+0000][20776][gc,age      ] GC(69) - age  15:    1898920 bytes,    4522080 total
[2024-05-28T10:00:42.686+0000][20776][gc,heap     ] GC(69) Eden regions: 604->0(604)
[2024-05-28T10:00:42.686+0000][20776][gc,heap     ] GC(69) Survivor regions: 2->2(76)
[2024-05-28T10:00:42.686+0000][20776][gc,heap     ] GC(69) Old regions: 50->50
[2024-05-28T10:00:42.686+0000][20776][gc,heap     ] GC(69) Archive regions: 0->0
[2024-05-28T10:00:42.686+0000][20776][gc,heap     ] GC(69) Humongous regions: 2->2
[2024-05-28T10:00:42.686+0000][20776][gc,metaspace] GC(69) Metaspace: 133768K(137472K)->133768K(137472K) NonClass: 116076K(118016K)->116076K(118016K) Class: 17691K(19456K)->17691K(19456K)
[2024-05-28T10:00:42.686+0000][20776][gc          ] GC(69) Pause Young (Normal) (G1 Evacuation Pause) 2626M->210M(4040M) 10.748ms
[2024-05-28T10:00:42.686+0000][20776][gc,cpu      ] GC(69) User=0.05s Sys=0.00s Real=0.01s
[2024-05-28T10:00:42.686+0000][20776][safepoint   ] Safepoint "G1CollectForAllocation", Time since last: 43010603800 ns, Reaching safepoint: 141800 ns, At safepoint: 10870100 ns, Total: 11011900 ns
[2024-05-28T10:07:59.625+0000][20776][safepoint   ] Safepoint "Cleanup", Time since last: 436938387900 ns, Reaching safepoint: 407500 ns, At safepoint: 26400 ns, Total: 433900 ns
[2024-05-28T10:09:34.162+0000][20776][safepoint   ] Safepoint "Cleanup", Time since last: 94536485600 ns, Reaching safepoint: 177700 ns, At safepoint: 84800 ns, Total: 262500 ns
[2024-05-28T10:10:55.664+0000][20776][safepoint   ] Safepoint "Cleanup", Time since last: 81502471800 ns, Reaching safepoint: 114900 ns, At safepoint: 70500 ns, Total: 185400 ns
[2024-05-28T10:11:20.130+0000][20776][gc,start    ] GC(70) Pause Young (Normal) (G1 Evacuation Pause)
[2024-05-28T10:11:20.130+0000][20776][gc,task     ] GC(70) Using 8 workers of 8 for evacuation
[2024-05-28T10:11:20.130+0000][20776][gc,age      ] GC(70) Desired survivor size 159383552 bytes, new threshold 15 (max threshold 15)
[2024-05-28T10:11:20.139+0000][20776][gc,phases   ] GC(70)   Pre Evacuate Collection Set: 0.2ms
[2024-05-28T10:11:20.139+0000][20776][gc,phases   ] GC(70)   Merge Heap Roots: 0.2ms
[2024-05-28T10:11:20.139+0000][20776][gc,phases   ] GC(70)   Evacuate Collection Set: 4.8ms
[2024-05-28T10:11:20.139+0000][20776][gc,phases   ] GC(70)   Post Evacuate Collection Set: 3.3ms
[2024-05-28T10:11:20.139+0000][20776][gc,phases   ] GC(70)   Other: 0.2ms
[2024-05-28T10:11:20.139+0000][20776][gc,age      ] GC(70) Age table with threshold 15 (max threshold 15)
[2024-05-28T10:11:20.139+0000][20776][gc,age      ] GC(70) - age   1:    2249816 bytes,    2249816 total
[2024-05-28T10:11:20.139+0000][20776][gc,age      ] GC(70) - age   2:      77368 bytes,    2327184 total
[2024-05-28T10:11:20.139+0000][20776][gc,age      ] GC(70) - age   3:     426256 bytes,    2753440 total
[2024-05-28T10:11:20.139+0000][20776][gc,age      ] GC(70) - age   4:        584 bytes,    2754024 total
[2024-05-28T10:11:20.139+0000][20776][gc,age      ] GC(70) - age   5:     133544 bytes,    2887568 total
[2024-05-28T10:11:20.139+0000][20776][gc,age      ] GC(70) - age   6:        848 bytes,    2888416 total
[2024-05-28T10:11:20.139+0000][20776][gc,age      ] GC(70) - age   7:        256 bytes,    2888672 total
[2024-05-28T10:11:20.139+0000][20776][gc,age      ] GC(70) - age   8:       1320 bytes,    2889992 total
[2024-05-28T10:11:20.139+0000][20776][gc,age      ] GC(70) - age   9:      81304 bytes,    2971296 total
[2024-05-28T10:11:20.139+0000][20776][gc,age      ] GC(70) - age  10:     342832 bytes,    3314128 total
[2024-05-28T10:11:20.140+0000][20776][gc,age      ] GC(70) - age  11:     134072 bytes,    3448200 total
[2024-05-28T10:11:20.140+0000][20776][gc,age      ] GC(70) - age  12:        240 bytes,    3448440 total
[2024-05-28T10:11:20.140+0000][20776][gc,age      ] GC(70) - age  13:       2432 bytes,    3450872 total
[2024-05-28T10:11:20.140+0000][20776][gc,age      ] GC(70) - age  14:     269440 bytes,    3720312 total
[2024-05-28T10:11:20.140+0000][20776][gc,age      ] GC(70) - age  15:       4504 bytes,    3724816 total
[2024-05-28T10:11:20.140+0000][20776][gc,heap     ] GC(70) Eden regions: 604->0(605)
[2024-05-28T10:11:20.140+0000][20776][gc,heap     ] GC(70) Survivor regions: 2->1(76)
[2024-05-28T10:11:20.140+0000][20776][gc,heap     ] GC(70) Old regions: 50->50
[2024-05-28T10:11:20.140+0000][20776][gc,heap     ] GC(70) Archive regions: 0->0
[2024-05-28T10:11:20.140+0000][20776][gc,heap     ] GC(70) Humongous regions: 2->2
[2024-05-28T10:11:20.140+0000][20776][gc,metaspace] GC(70) Metaspace: 133770K(137472K)->133770K(137472K) NonClass: 116079K(118016K)->116079K(118016K) Class: 17691K(19456K)->17691K(19456K)
[2024-05-28T10:11:20.140+0000][20776][gc          ] GC(70) Pause Young (Normal) (G1 Evacuation Pause) 2626M->211M(4040M) 9.421ms
[2024-05-28T10:11:20.140+0000][20776][gc,cpu      ] GC(70) User=0.03s Sys=0.05s Real=0.01s
[2024-05-28T10:11:20.140+0000][20776][safepoint   ] Safepoint "G1CollectForAllocation", Time since last: 24465640800 ns, Reaching safepoint: 80300 ns, At safepoint: 9583100 ns, Total: 9663400 ns
[2024-05-28T10:27:18.857+0000][20776][safepoint   ] Safepoint "Cleanup", Time since last: 958726967300 ns, Reaching safepoint: 210700 ns, At safepoint: 10100 ns, Total: 220800 ns
[2024-05-28T10:28:13.204+0000][20776][safepoint   ] Safepoint "Cleanup", Time since last: 54346313000 ns, Reaching safepoint: 171900 ns, At safepoint: 9000 ns, Total: 180900 ns
[2024-05-28T10:28:48.385+0000][20776][safepoint   ] Safepoint "Cleanup", Time since last: 35180539200 ns, Reaching safepoint: 131400 ns, At safepoint: 21700 ns, Total: 153100 ns
[2024-05-28T10:32:25.167+0000][20776][gc,start    ] GC(71) Pause Young (Normal) (G1 Evacuation Pause)
[2024-05-28T10:32:25.167+0000][20776][gc,task     ] GC(71) Using 8 workers of 8 for evacuation
[2024-05-28T10:32:25.167+0000][20776][gc,age      ] GC(71) Desired survivor size 159383552 bytes, new threshold 15 (max threshold 15)
[2024-05-28T10:32:25.177+0000][20776][gc,phases   ] GC(71)   Pre Evacuate Collection Set: 0.2ms
[2024-05-28T10:32:25.177+0000][20776][gc,phases   ] GC(71)   Merge Heap Roots: 0.1ms
[2024-05-28T10:32:25.177+0000][20776][gc,phases   ] GC(71)   Evacuate Collection Set: 6.7ms
[2024-05-28T10:32:25.177+0000][20776][gc,phases   ] GC(71)   Post Evacuate Collection Set: 1.4ms
[2024-05-28T10:32:25.177+0000][20776][gc,phases   ] GC(71)   Other: 2.3ms
[2024-05-28T10:32:25.177+0000][20776][gc,age      ] GC(71) Age table with threshold 15 (max threshold 15)
[2024-05-28T10:32:25.177+0000][20776][gc,age      ] GC(71) - age   1:    2156088 bytes,    2156088 total
[2024-05-28T10:32:25.177+0000][20776][gc,age      ] GC(71) - age   2:     105816 bytes,    2261904 total
[2024-05-28T10:32:25.177+0000][20776][gc,age      ] GC(71) - age   3:       2208 bytes,    2264112 total
[2024-05-28T10:32:25.177+0000][20776][gc,age      ] GC(71) - age   4:     206144 bytes,    2470256 total
[2024-05-28T10:32:25.177+0000][20776][gc,age      ] GC(71) - age   5:        320 bytes,    2470576 total
[2024-05-28T10:32:25.177+0000][20776][gc,age      ] GC(71) - age   6:     132408 bytes,    2602984 total
[2024-05-28T10:32:25.177+0000][20776][gc,age      ] GC(71) - age   7:        768 bytes,    2603752 total
[2024-05-28T10:32:25.177+0000][20776][gc,age      ] GC(71) - age   8:        176 bytes,    2603928 total
[2024-05-28T10:32:25.177+0000][20776][gc,age      ] GC(71) - age   9:       1320 bytes,    2605248 total
[2024-05-28T10:32:25.177+0000][20776][gc,age      ] GC(71) - age  10:      81304 bytes,    2686552 total
[2024-05-28T10:32:25.177+0000][20776][gc,age      ] GC(71) - age  11:     333768 bytes,    3020320 total
[2024-05-28T10:32:25.177+0000][20776][gc,age      ] GC(71) - age  12:     134072 bytes,    3154392 total
[2024-05-28T10:32:25.177+0000][20776][gc,age      ] GC(71) - age  13:        240 bytes,    3154632 total
[2024-05-28T10:32:25.177+0000][20776][gc,age      ] GC(71) - age  14:       2432 bytes,    3157064 total
[2024-05-28T10:32:25.177+0000][20776][gc,age      ] GC(71) - age  15:     269440 bytes,    3426504 total
[2024-05-28T10:32:25.177+0000][20776][gc,heap     ] GC(71) Eden regions: 605->0(605)
[2024-05-28T10:32:25.178+0000][20776][gc,heap     ] GC(71) Survivor regions: 1->1(76)
[2024-05-28T10:32:25.178+0000][20776][gc,heap     ] GC(71) Old regions: 50->50
[2024-05-28T10:32:25.178+0000][20776][gc,heap     ] GC(71) Archive regions: 0->0
[2024-05-28T10:32:25.178+0000][20776][gc,heap     ] GC(71) Humongous regions: 2->2
[2024-05-28T10:32:25.178+0000][20776][gc,metaspace] GC(71) Metaspace: 133771K(137472K)->133771K(137472K) NonClass: 116079K(118016K)->116079K(118016K) Class: 17691K(19456K)->17691K(19456K)
[2024-05-28T10:32:25.178+0000][20776][gc          ] GC(71) Pause Young (Normal) (G1 Evacuation Pause) 2631M->211M(4040M) 11.140ms
[2024-05-28T10:32:25.178+0000][20776][gc,cpu      ] GC(71) User=0.00s Sys=0.00s Real=0.01s
[2024-05-28T10:32:25.178+0000][20776][safepoint   ] Safepoint "G1CollectForAllocation", Time since last: 216781916600 ns, Reaching safepoint: 144700 ns, At safepoint: 11239200 ns, Total: 11383900 ns
[2024-05-28T10:46:09.962+0000][20776][gc,start    ] GC(72) Pause Young (Normal) (G1 Evacuation Pause)
[2024-05-28T10:46:09.962+0000][20776][gc,task     ] GC(72) Using 8 workers of 8 for evacuation
[2024-05-28T10:46:09.962+0000][20776][gc,age      ] GC(72) Desired survivor size 159383552 bytes, new threshold 15 (max threshold 15)
[2024-05-28T10:46:09.976+0000][20776][gc,phases   ] GC(72)   Pre Evacuate Collection Set: 0.3ms
[2024-05-28T10:46:09.976+0000][20776][gc,phases   ] GC(72)   Merge Heap Roots: 0.4ms
[2024-05-28T10:46:09.976+0000][20776][gc,phases   ] GC(72)   Evacuate Collection Set: 7.1ms
[2024-05-28T10:46:09.976+0000][20776][gc,phases   ] GC(72)   Post Evacuate Collection Set: 5.7ms
[2024-05-28T10:46:09.976+0000][20776][gc,phases   ] GC(72)   Other: 0.3ms
[2024-05-28T10:46:09.976+0000][20776][gc,age      ] GC(72) Age table with threshold 15 (max threshold 15)
[2024-05-28T10:46:09.976+0000][20776][gc,age      ] GC(72) - age   1:    1428880 bytes,    1428880 total
[2024-05-28T10:46:09.976+0000][20776][gc,age      ] GC(72) - age   2:     494584 bytes,    1923464 total
[2024-05-28T10:46:09.976+0000][20776][gc,age      ] GC(72) - age   3:      78112 bytes,    2001576 total
[2024-05-28T10:46:09.976+0000][20776][gc,age      ] GC(72) - age   4:        960 bytes,    2002536 total
[2024-05-28T10:46:09.976+0000][20776][gc,age      ] GC(72) - age   5:     203568 bytes,    2206104 total
[2024-05-28T10:46:09.976+0000][20776][gc,age      ] GC(72) - age   6:        144 bytes,    2206248 total
[2024-05-28T10:46:09.976+0000][20776][gc,age      ] GC(72) - age   7:     132408 bytes,    2338656 total
[2024-05-28T10:46:09.976+0000][20776][gc,age      ] GC(72) - age   8:        768 bytes,    2339424 total
[2024-05-28T10:46:09.976+0000][20776][gc,age      ] GC(72) - age   9:        176 bytes,    2339600 total
[2024-05-28T10:46:09.976+0000][20776][gc,age      ] GC(72) - age  10:       1320 bytes,    2340920 total
[2024-05-28T10:46:09.976+0000][20776][gc,age      ] GC(72) - age  11:      81304 bytes,    2422224 total
[2024-05-28T10:46:09.976+0000][20776][gc,age      ] GC(72) - age  12:     333544 bytes,    2755768 total
[2024-05-28T10:46:09.976+0000][20776][gc,age      ] GC(72) - age  13:     134072 bytes,    2889840 total
[2024-05-28T10:46:09.976+0000][20776][gc,age      ] GC(72) - age  14:        240 bytes,    2890080 total
[2024-05-28T10:46:09.976+0000][20776][gc,age      ] GC(72) - age  15:       2432 bytes,    2892512 total
[2024-05-28T10:46:09.976+0000][20776][gc,heap     ] GC(72) Eden regions: 605->0(605)
[2024-05-28T10:46:09.976+0000][20776][gc,heap     ] GC(72) Survivor regions: 1->1(76)
[2024-05-28T10:46:09.976+0000][20776][gc,heap     ] GC(72) Old regions: 50->50
[2024-05-28T10:46:09.976+0000][20776][gc,heap     ] GC(72) Archive regions: 0->0
[2024-05-28T10:46:09.977+0000][20776][gc,heap     ] GC(72) Humongous regions: 2->2
[2024-05-28T10:46:09.977+0000][20776][gc,metaspace] GC(72) Metaspace: 133778K(137472K)->133778K(137472K) NonClass: 116086K(118016K)->116086K(118016K) Class: 17691K(19456K)->17691K(19456K)
[2024-05-28T10:46:09.977+0000][20776][gc          ] GC(72) Pause Young (Normal) (G1 Evacuation Pause) 2631M->210M(4040M) 15.030ms
[2024-05-28T10:46:09.977+0000][20776][gc,cpu      ] GC(72) User=0.08s Sys=0.02s Real=0.02s
[2024-05-28T10:46:09.977+0000][20776][safepoint   ] Safepoint "G1CollectForAllocation", Time since last: 824783919500 ns, Reaching safepoint: 399100 ns, At safepoint: 15247100 ns, Total: 15646200 ns
[2024-05-28T10:55:59.677+0000][20776][safepoint   ] Safepoint "Cleanup", Time since last: 589698679800 ns, Reaching safepoint: 1136700 ns, At safepoint: 80000 ns, Total: 1216700 ns
[2024-05-28T10:56:01.683+0000][20776][safepoint   ] Safepoint "Cleanup", Time since last: 2005421600 ns, Reaching safepoint: 133000 ns, At safepoint: 59200 ns, Total: 192200 ns
[2024-05-28T10:59:43.994+0000][20776][gc,start    ] GC(73) Pause Young (Normal) (G1 Evacuation Pause)
[2024-05-28T10:59:43.994+0000][20776][gc,task     ] GC(73) Using 8 workers of 8 for evacuation
[2024-05-28T10:59:43.994+0000][20776][gc,age      ] GC(73) Desired survivor size 159383552 bytes, new threshold 15 (max threshold 15)
[2024-05-28T10:59:44.005+0000][20776][gc,phases   ] GC(73)   Pre Evacuate Collection Set: 0.3ms
[2024-05-28T10:59:44.005+0000][20776][gc,phases   ] GC(73)   Merge Heap Roots: 0.2ms
[2024-05-28T10:59:44.005+0000][20776][gc,phases   ] GC(73)   Evacuate Collection Set: 8.2ms
[2024-05-28T10:59:44.005+0000][20776][gc,phases   ] GC(73)   Post Evacuate Collection Set: 1.8ms
[2024-05-28T10:59:44.005+0000][20776][gc,phases   ] GC(73)   Other: 0.3ms
[2024-05-28T10:59:44.005+0000][20776][gc,age      ] GC(73) Age table with threshold 15 (max threshold 15)
[2024-05-28T10:59:44.005+0000][20776][gc,age      ] GC(73) - age   1:    1934264 bytes,    1934264 total
[2024-05-28T10:59:44.005+0000][20776][gc,age      ] GC(73) - age   2:     298968 bytes,    2233232 total
[2024-05-28T10:59:44.005+0000][20776][gc,age      ] GC(73) - age   3:     493336 bytes,    2726568 total
[2024-05-28T10:59:44.005+0000][20776][gc,age      ] GC(73) - age   4:      78032 bytes,    2804600 total
[2024-05-28T10:59:44.005+0000][20776][gc,age      ] GC(73) - age   5:        880 bytes,    2805480 total
[2024-05-28T10:59:44.005+0000][20776][gc,age      ] GC(73) - age   6:     203568 bytes,    3009048 total
[2024-05-28T10:59:44.005+0000][20776][gc,age      ] GC(73) - age   7:        144 bytes,    3009192 total
[2024-05-28T10:59:44.005+0000][20776][gc,age      ] GC(73) - age   8:     132328 bytes,    3141520 total
[2024-05-28T10:59:44.005+0000][20776][gc,age      ] GC(73) - age   9:        768 bytes,    3142288 total
[2024-05-28T10:59:44.005+0000][20776][gc,age      ] GC(73) - age  10:        176 bytes,    3142464 total
[2024-05-28T10:59:44.005+0000][20776][gc,age      ] GC(73) - age  11:       1320 bytes,    3143784 total
[2024-05-28T10:59:44.005+0000][20776][gc,age      ] GC(73) - age  12:      81304 bytes,    3225088 total
[2024-05-28T10:59:44.005+0000][20776][gc,age      ] GC(73) - age  13:     332136 bytes,    3557224 total
[2024-05-28T10:59:44.005+0000][20776][gc,age      ] GC(73) - age  14:     134072 bytes,    3691296 total
[2024-05-28T10:59:44.005+0000][20776][gc,age      ] GC(73) - age  15:        240 bytes,    3691536 total
[2024-05-28T10:59:44.005+0000][20776][gc,heap     ] GC(73) Eden regions: 605->0(605)
[2024-05-28T10:59:44.005+0000][20776][gc,heap     ] GC(73) Survivor regions: 1->1(76)
[2024-05-28T10:59:44.005+0000][20776][gc,heap     ] GC(73) Old regions: 50->50
[2024-05-28T10:59:44.005+0000][20776][gc,heap     ] GC(73) Archive regions: 0->0
[2024-05-28T10:59:44.005+0000][20776][gc,heap     ] GC(73) Humongous regions: 2->2
[2024-05-28T10:59:44.005+0000][20776][gc,metaspace] GC(73) Metaspace: 133814K(137536K)->133814K(137536K) NonClass: 116119K(118080K)->116119K(118080K) Class: 17695K(19456K)->17695K(19456K)
[2024-05-28T10:59:44.006+0000][20776][gc          ] GC(73) Pause Young (Normal) (G1 Evacuation Pause) 2630M->211M(4040M) 11.534ms
[2024-05-28T10:59:44.006+0000][20776][gc,cpu      ] GC(73) User=0.05s Sys=0.03s Real=0.01s
[2024-05-28T10:59:44.006+0000][20776][safepoint   ] Safepoint "G1CollectForAllocation", Time since last: 222311231400 ns, Reaching safepoint: 296700 ns, At safepoint: 12373400 ns, Total: 12670100 ns
[2024-05-28T10:59:45.011+0000][20776][safepoint   ] Safepoint "Cleanup", Time since last: 1004419600 ns, Reaching safepoint: 84900 ns, At safepoint: 10900 ns, Total: 95800 ns
[2024-05-28T11:02:41.150+0000][20776][safepoint   ] Safepoint "Cleanup", Time since last: 176138251700 ns, Reaching safepoint: 126800 ns, At safepoint: 70700 ns, Total: 197500 ns
[2024-05-28T11:13:04.039+0000][20776][gc,start    ] GC(74) Pause Young (Normal) (G1 Evacuation Pause)
[2024-05-28T11:13:04.039+0000][20776][gc,task     ] GC(74) Using 8 workers of 8 for evacuation
[2024-05-28T11:13:04.039+0000][20776][gc,age      ] GC(74) Desired survivor size 159383552 bytes, new threshold 15 (max threshold 15)
[2024-05-28T11:13:04.045+0000][20776][gc,phases   ] GC(74)   Pre Evacuate Collection Set: 0.1ms
[2024-05-28T11:13:04.045+0000][20776][gc,phases   ] GC(74)   Merge Heap Roots: 0.1ms
[2024-05-28T11:13:04.045+0000][20776][gc,phases   ] GC(74)   Evacuate Collection Set: 3.9ms
[2024-05-28T11:13:04.045+0000][20776][gc,phases   ] GC(74)   Post Evacuate Collection Set: 2.2ms
[2024-05-28T11:13:04.045+0000][20776][gc,phases   ] GC(74)   Other: 0.2ms
[2024-05-28T11:13:04.045+0000][20776][gc,age      ] GC(74) Age table with threshold 15 (max threshold 15)
[2024-05-28T11:13:04.045+0000][20776][gc,age      ] GC(74) - age   1:    1268456 bytes,    1268456 total
[2024-05-28T11:13:04.045+0000][20776][gc,age      ] GC(74) - age   2:      92536 bytes,    1360992 total
[2024-05-28T11:13:04.045+0000][20776][gc,age      ] GC(74) - age   3:     298088 bytes,    1659080 total
[2024-05-28T11:13:04.045+0000][20776][gc,age      ] GC(74) - age   4:     493096 bytes,    2152176 total
[2024-05-28T11:13:04.045+0000][20776][gc,age      ] GC(74) - age   5:      78032 bytes,    2230208 total
[2024-05-28T11:13:04.045+0000][20776][gc,age      ] GC(74) - age   6:        880 bytes,    2231088 total
[2024-05-28T11:13:04.045+0000][20776][gc,age      ] GC(74) - age   7:     203360 bytes,    2434448 total
[2024-05-28T11:13:04.045+0000][20776][gc,age      ] GC(74) - age   8:        144 bytes,    2434592 total
[2024-05-28T11:13:04.045+0000][20776][gc,age      ] GC(74) - age   9:     132272 bytes,    2566864 total
[2024-05-28T11:13:04.045+0000][20776][gc,age      ] GC(74) - age  10:        672 bytes,    2567536 total
[2024-05-28T11:13:04.045+0000][20776][gc,age      ] GC(74) - age  11:        176 bytes,    2567712 total
[2024-05-28T11:13:04.045+0000][20776][gc,age      ] GC(74) - age  12:       1264 bytes,    2568976 total
[2024-05-28T11:13:04.045+0000][20776][gc,age      ] GC(74) - age  13:      81224 bytes,    2650200 total
[2024-05-28T11:13:04.045+0000][20776][gc,age      ] GC(74) - age  14:     332136 bytes,    2982336 total
[2024-05-28T11:13:04.045+0000][20776][gc,age      ] GC(74) - age  15:     134072 bytes,    3116408 total
[2024-05-28T11:13:04.045+0000][20776][gc,heap     ] GC(74) Eden regions: 605->0(605)
[2024-05-28T11:13:04.045+0000][20776][gc,heap     ] GC(74) Survivor regions: 1->1(76)
[2024-05-28T11:13:04.045+0000][20776][gc,heap     ] GC(74) Old regions: 50->50
[2024-05-28T11:13:04.045+0000][20776][gc,heap     ] GC(74) Archive regions: 0->0
[2024-05-28T11:13:04.045+0000][20776][gc,heap     ] GC(74) Humongous regions: 2->2
[2024-05-28T11:13:04.045+0000][20776][gc,metaspace] GC(74) Metaspace: 133814K(137536K)->133814K(137536K) NonClass: 116119K(118080K)->116119K(118080K) Class: 17695K(19456K)->17695K(19456K)
[2024-05-28T11:13:04.058+0000][20776][gc          ] GC(74) Pause Young (Normal) (G1 Evacuation Pause) 2631M->211M(4040M) 6.971ms
[2024-05-28T11:13:04.058+0000][20776][gc,cpu      ] GC(74) User=0.00s Sys=0.05s Real=0.02s
[2024-05-28T11:13:04.058+0000][20776][safepoint   ] Safepoint "G1CollectForAllocation", Time since last: 622888435300 ns, Reaching safepoint: 208400 ns, At safepoint: 20963100 ns, Total: 21171500 ns
[2024-05-28T14:23:44.501+0000][20776][safepoint   ] Safepoint "Cleanup", Time since last: 11440451358299 ns, Reaching safepoint: 1384201 ns, At safepoint: 19700 ns, Total: 1403901 ns
[2024-05-28T19:44:29.110+0000][20776][safepoint   ] Safepoint "Cleanup", Time since last: 19250182463600 ns, Reaching safepoint: 26785500 ns, At safepoint: 4970700 ns, Total: 31756200 ns
[2024-05-28T19:44:30.122+0000][20776][safepoint   ] Safepoint "Cleanup", Time since last: 1009443600 ns, Reaching safepoint: 150899 ns, At safepoint: 10601 ns, Total: 161500 ns
[2024-05-28T19:44:31.333+0000][20776][safepoint   ] Safepoint "Cleanup", Time since last: 1210732500 ns, Reaching safepoint: 75700 ns, At safepoint: 9099 ns, Total: 84799 ns
[2024-05-28T19:44:33.336+0000][20776][safepoint   ] Safepoint "Cleanup", Time since last: 2002145501 ns, Reaching safepoint: 986400 ns, At safepoint: 12400 ns, Total: 998800 ns
[2024-05-28T19:44:39.366+0000][20776][safepoint   ] Safepoint "Cleanup", Time since last: 6029139300 ns, Reaching safepoint: 151100 ns, At safepoint: 21700 ns, Total: 172800 ns
[2024-05-28T19:44:41.368+0000][20776][safepoint   ] Safepoint "Cleanup", Time since last: 2001642400 ns, Reaching safepoint: 136300 ns, At safepoint: 23600 ns, Total: 159900 ns
[2024-05-28T19:45:28.638+0000][20776][safepoint   ] Safepoint "Cleanup", Time since last: 47270624300 ns, Reaching safepoint: 160100 ns, At safepoint: 33200 ns, Total: 193300 ns
[2024-05-28T19:45:39.432+0000][20776][gc,start    ] GC(75) Pause Young (Normal) (G1 Evacuation Pause)
[2024-05-28T19:45:39.432+0000][20776][gc,task     ] GC(75) Using 8 workers of 8 for evacuation
[2024-05-28T19:45:39.432+0000][20776][gc,age      ] GC(75) Desired survivor size 159383552 bytes, new threshold 15 (max threshold 15)
[2024-05-28T19:45:39.466+0000][20776][gc,phases   ] GC(75)   Pre Evacuate Collection Set: 0.2ms
[2024-05-28T19:45:39.466+0000][20776][gc,phases   ] GC(75)   Merge Heap Roots: 0.1ms
[2024-05-28T19:45:39.466+0000][20776][gc,phases   ] GC(75)   Evacuate Collection Set: 22.5ms
[2024-05-28T19:45:39.466+0000][20776][gc,phases   ] GC(75)   Post Evacuate Collection Set: 2.5ms
[2024-05-28T19:45:39.466+0000][20776][gc,phases   ] GC(75)   Other: 0.7ms
[2024-05-28T19:45:39.466+0000][20776][gc,age      ] GC(75) Age table with threshold 15 (max threshold 15)
[2024-05-28T19:45:39.466+0000][20776][gc,age      ] GC(75) - age   1:    2126224 bytes,    2126224 total
[2024-05-28T19:45:39.466+0000][20776][gc,age      ] GC(75) - age   2:       2328 bytes,    2128552 total
[2024-05-28T19:45:39.466+0000][20776][gc,age      ] GC(75) - age   3:      54920 bytes,    2183472 total
[2024-05-28T19:45:39.466+0000][20776][gc,age      ] GC(75) - age   4:      29248 bytes,    2212720 total
[2024-05-28T19:45:39.466+0000][20776][gc,age      ] GC(75) - age   5:      44864 bytes,    2257584 total
[2024-05-28T19:45:39.466+0000][20776][gc,age      ] GC(75) - age   6:      74504 bytes,    2332088 total
[2024-05-28T19:45:39.466+0000][20776][gc,age      ] GC(75) - age   7:        880 bytes,    2332968 total
[2024-05-28T19:45:39.466+0000][20776][gc,age      ] GC(75) - age   8:      17792 bytes,    2350760 total
[2024-05-28T19:45:39.466+0000][20776][gc,age      ] GC(75) - age   9:        144 bytes,    2350904 total
[2024-05-28T19:45:39.466+0000][20776][gc,age      ] GC(75) - age  10:     132272 bytes,    2483176 total
[2024-05-28T19:45:39.466+0000][20776][gc,age      ] GC(75) - age  11:        672 bytes,    2483848 total
[2024-05-28T19:45:39.466+0000][20776][gc,age      ] GC(75) - age  12:        176 bytes,    2484024 total
[2024-05-28T19:45:39.466+0000][20776][gc,age      ] GC(75) - age  13:       1056 bytes,    2485080 total
[2024-05-28T19:45:39.466+0000][20776][gc,age      ] GC(75) - age  14:      81224 bytes,    2566304 total
[2024-05-28T19:45:39.466+0000][20776][gc,age      ] GC(75) - age  15:     293768 bytes,    2860072 total
[2024-05-28T19:45:39.466+0000][20776][gc,heap     ] GC(75) Eden regions: 605->0(605)
[2024-05-28T19:45:39.466+0000][20776][gc,heap     ] GC(75) Survivor regions: 1->1(76)
[2024-05-28T19:45:39.466+0000][20776][gc,heap     ] GC(75) Old regions: 50->50
[2024-05-28T19:45:39.466+0000][20776][gc,heap     ] GC(75) Archive regions: 0->0
[2024-05-28T19:45:39.466+0000][20776][gc,heap     ] GC(75) Humongous regions: 2->2
[2024-05-28T19:45:39.466+0000][20776][gc,metaspace] GC(75) Metaspace: 133844K(137536K)->133844K(137536K) NonClass: 116149K(118080K)->116149K(118080K) Class: 17695K(19456K)->17695K(19456K)
[2024-05-28T19:45:39.466+0000][20776][gc          ] GC(75) Pause Young (Normal) (G1 Evacuation Pause) 2631M->210M(4040M) 26.457ms
[2024-05-28T19:45:39.466+0000][20776][gc,cpu      ] GC(75) User=0.03s Sys=0.09s Real=0.06s
[2024-05-28T19:45:39.466+0000][20776][safepoint   ] Safepoint "G1CollectForAllocation", Time since last: 10776884000 ns, Reaching safepoint: 100200 ns, At safepoint: 51508100 ns, Total: 51608300 ns
[2024-05-28T19:54:28.599+0000][20776][safepoint   ] Safepoint "Cleanup", Time since last: 529131569099 ns, Reaching safepoint: 147201 ns, At safepoint: 23700 ns, Total: 170901 ns
[2024-05-28T19:58:28.285+0000][20776][safepoint   ] Safepoint "Cleanup", Time since last: 239686001400 ns, Reaching safepoint: 502199 ns, At safepoint: 54301 ns, Total: 556500 ns
[2024-05-28T19:59:46.866+0000][20776][gc,start    ] GC(76) Pause Young (Normal) (G1 Evacuation Pause)
[2024-05-28T19:59:46.877+0000][20776][gc,task     ] GC(76) Using 8 workers of 8 for evacuation
[2024-05-28T19:59:46.877+0000][20776][gc,age      ] GC(76) Desired survivor size 159383552 bytes, new threshold 15 (max threshold 15)
[2024-05-28T19:59:46.960+0000][20776][gc,phases   ] GC(76)   Pre Evacuate Collection Set: 6.5ms
[2024-05-28T19:59:46.960+0000][20776][gc,phases   ] GC(76)   Merge Heap Roots: 1.0ms
[2024-05-28T19:59:46.960+0000][20776][gc,phases   ] GC(76)   Evacuate Collection Set: 46.2ms
[2024-05-28T19:59:46.960+0000][20776][gc,phases   ] GC(76)   Post Evacuate Collection Set: 23.9ms
[2024-05-28T19:59:46.960+0000][20776][gc,phases   ] GC(76)   Other: 12.8ms
[2024-05-28T19:59:46.960+0000][20776][gc,age      ] GC(76) Age table with threshold 15 (max threshold 15)
[2024-05-28T19:59:46.960+0000][20776][gc,age      ] GC(76) - age   1:    1315184 bytes,    1315184 total
[2024-05-28T19:59:46.960+0000][20776][gc,age      ] GC(76) - age   2:    1003680 bytes,    2318864 total
[2024-05-28T19:59:46.960+0000][20776][gc,age      ] GC(76) - age   3:       1552 bytes,    2320416 total
[2024-05-28T19:59:46.960+0000][20776][gc,age      ] GC(76) - age   4:      54776 bytes,    2375192 total
[2024-05-28T19:59:46.960+0000][20776][gc,age      ] GC(76) - age   5:        232 bytes,    2375424 total
[2024-05-28T19:59:46.960+0000][20776][gc,age      ] GC(76) - age   6:      40768 bytes,    2416192 total
[2024-05-28T19:59:46.960+0000][20776][gc,age      ] GC(76) - age   7:      74504 bytes,    2490696 total
[2024-05-28T19:59:46.960+0000][20776][gc,age      ] GC(76) - age   8:        880 bytes,    2491576 total
[2024-05-28T19:59:46.960+0000][20776][gc,age      ] GC(76) - age   9:      16816 bytes,    2508392 total
[2024-05-28T19:59:46.960+0000][20776][gc,age      ] GC(76) - age  10:        144 bytes,    2508536 total
[2024-05-28T19:59:46.960+0000][20776][gc,age      ] GC(76) - age  11:     132272 bytes,    2640808 total
[2024-05-28T19:59:46.960+0000][20776][gc,age      ] GC(76) - age  12:        672 bytes,    2641480 total
[2024-05-28T19:59:46.960+0000][20776][gc,age      ] GC(76) - age  13:        176 bytes,    2641656 total
[2024-05-28T19:59:46.961+0000][20776][gc,age      ] GC(76) - age  14:       1056 bytes,    2642712 total
[2024-05-28T19:59:46.961+0000][20776][gc,age      ] GC(76) - age  15:      81224 bytes,    2723936 total
[2024-05-28T19:59:46.961+0000][20776][gc,heap     ] GC(76) Eden regions: 605->0(605)
[2024-05-28T19:59:46.961+0000][20776][gc,heap     ] GC(76) Survivor regions: 1->1(76)
[2024-05-28T19:59:46.961+0000][20776][gc,heap     ] GC(76) Old regions: 50->51
[2024-05-28T19:59:46.961+0000][20776][gc,heap     ] GC(76) Archive regions: 0->0
[2024-05-28T19:59:46.961+0000][20776][gc,heap     ] GC(76) Humongous regions: 2->2
[2024-05-28T19:59:46.961+0000][20776][gc,metaspace] GC(76) Metaspace: 133845K(137536K)->133845K(137536K) NonClass: 116150K(118080K)->116150K(118080K) Class: 17695K(19456K)->17695K(19456K)
[2024-05-28T19:59:46.961+0000][20776][gc          ] GC(76) Pause Young (Normal) (G1 Evacuation Pause) 2630M->211M(4040M) 95.325ms
[2024-05-28T19:59:46.961+0000][20776][gc,cpu      ] GC(76) User=0.03s Sys=0.19s Real=0.10s
[2024-05-28T19:59:46.961+0000][20776][safepoint   ] Safepoint "G1CollectForAllocation", Time since last: 78570858600 ns, Reaching safepoint: 100600 ns, At safepoint: 106101100 ns, Total: 106201700 ns
[2024-05-28T20:09:34.670+0000][20776][safepoint   ] Safepoint "Cleanup", Time since last: 587691803600 ns, Reaching safepoint: 8255200 ns, At safepoint: 471999 ns, Total: 8727199 ns
[2024-05-28T20:10:28.240+0000][20776][safepoint   ] Safepoint "Cleanup", Time since last: 53576616201 ns, Reaching safepoint: 247900 ns, At safepoint: 26000 ns, Total: 273900 ns
[2024-05-28T20:13:37.460+0000][20776][gc,start    ] GC(77) Pause Young (Normal) (G1 Evacuation Pause)
[2024-05-28T20:13:37.476+0000][20776][gc,task     ] GC(77) Using 8 workers of 8 for evacuation
[2024-05-28T20:13:37.476+0000][20776][gc,age      ] GC(77) Desired survivor size 159383552 bytes, new threshold 15 (max threshold 15)
[2024-05-28T20:13:37.562+0000][20776][gc,phases   ] GC(77)   Pre Evacuate Collection Set: 6.7ms
[2024-05-28T20:13:37.562+0000][20776][gc,phases   ] GC(77)   Merge Heap Roots: 1.5ms
[2024-05-28T20:13:37.562+0000][20776][gc,phases   ] GC(77)   Evacuate Collection Set: 51.6ms
[2024-05-28T20:13:37.562+0000][20776][gc,phases   ] GC(77)   Post Evacuate Collection Set: 22.9ms
[2024-05-28T20:13:37.562+0000][20776][gc,phases   ] GC(77)   Other: 9.2ms
[2024-05-28T20:13:37.562+0000][20776][gc,age      ] GC(77) Age table with threshold 15 (max threshold 15)
[2024-05-28T20:13:37.562+0000][20776][gc,age      ] GC(77) - age   1:    1768896 bytes,    1768896 total
[2024-05-28T20:13:37.562+0000][20776][gc,age      ] GC(77) - age   2:     175328 bytes,    1944224 total
[2024-05-28T20:13:37.562+0000][20776][gc,age      ] GC(77) - age   3:    1002056 bytes,    2946280 total
[2024-05-28T20:13:37.562+0000][20776][gc,age      ] GC(77) - age   4:       1472 bytes,    2947752 total
[2024-05-28T20:13:37.562+0000][20776][gc,age      ] GC(77) - age   5:      54584 bytes,    3002336 total
[2024-05-28T20:13:37.562+0000][20776][gc,age      ] GC(77) - age   6:        152 bytes,    3002488 total
[2024-05-28T20:13:37.562+0000][20776][gc,age      ] GC(77) - age   7:      40768 bytes,    3043256 total
[2024-05-28T20:13:37.562+0000][20776][gc,age      ] GC(77) - age   8:      74504 bytes,    3117760 total
[2024-05-28T20:13:37.562+0000][20776][gc,age      ] GC(77) - age   9:        880 bytes,    3118640 total
[2024-05-28T20:13:37.562+0000][20776][gc,age      ] GC(77) - age  10:      16736 bytes,    3135376 total
[2024-05-28T20:13:37.562+0000][20776][gc,age      ] GC(77) - age  11:        144 bytes,    3135520 total
[2024-05-28T20:13:37.562+0000][20776][gc,age      ] GC(77) - age  12:     132272 bytes,    3267792 total
[2024-05-28T20:13:37.562+0000][20776][gc,age      ] GC(77) - age  13:        672 bytes,    3268464 total
[2024-05-28T20:13:37.562+0000][20776][gc,age      ] GC(77) - age  14:        176 bytes,    3268640 total
[2024-05-28T20:13:37.562+0000][20776][gc,age      ] GC(77) - age  15:       1056 bytes,    3269696 total
[2024-05-28T20:13:37.562+0000][20776][gc,heap     ] GC(77) Eden regions: 605->0(605)
[2024-05-28T20:13:37.562+0000][20776][gc,heap     ] GC(77) Survivor regions: 1->1(76)
[2024-05-28T20:13:37.562+0000][20776][gc,heap     ] GC(77) Old regions: 51->51
[2024-05-28T20:13:37.562+0000][20776][gc,heap     ] GC(77) Archive regions: 0->0
[2024-05-28T20:13:37.562+0000][20776][gc,heap     ] GC(77) Humongous regions: 2->2
[2024-05-28T20:13:37.570+0000][20776][gc,metaspace] GC(77) Metaspace: 133845K(137536K)->133845K(137536K) NonClass: 116150K(118080K)->116150K(118080K) Class: 17695K(19456K)->17695K(19456K)
[2024-05-28T20:13:37.570+0000][20776][gc          ] GC(77) Pause Young (Normal) (G1 Evacuation Pause) 2631M->211M(4040M) 109.428ms
[2024-05-28T20:13:37.570+0000][20776][gc,cpu      ] GC(77) User=0.03s Sys=0.14s Real=0.12s
[2024-05-28T20:13:37.570+0000][20776][safepoint   ] Safepoint "G1CollectForAllocation", Time since last: 189210322599 ns, Reaching safepoint: 208901 ns, At safepoint: 119949400 ns, Total: 120158301 ns
[2024-05-28T20:14:01.856+0000][20776][safepoint   ] Safepoint "Cleanup", Time since last: 24253178500 ns, Reaching safepoint: 32339000 ns, At safepoint: 83499 ns, Total: 32422499 ns
[2024-05-28T20:27:15.107+0000][20776][gc,start    ] GC(78) Pause Young (Normal) (G1 Evacuation Pause)
[2024-05-28T20:27:15.107+0000][20776][gc,task     ] GC(78) Using 8 workers of 8 for evacuation
[2024-05-28T20:27:15.107+0000][20776][gc,age      ] GC(78) Desired survivor size 159383552 bytes, new threshold 15 (max threshold 15)
[2024-05-28T20:27:15.127+0000][20776][gc,phases   ] GC(78)   Pre Evacuate Collection Set: 0.4ms
[2024-05-28T20:27:15.128+0000][20776][gc,phases   ] GC(78)   Merge Heap Roots: 0.4ms
[2024-05-28T20:27:15.128+0000][20776][gc,phases   ] GC(78)   Evacuate Collection Set: 12.7ms
[2024-05-28T20:27:15.128+0000][20776][gc,phases   ] GC(78)   Post Evacuate Collection Set: 3.9ms
[2024-05-28T20:27:15.128+0000][20776][gc,phases   ] GC(78)   Other: 2.7ms
[2024-05-28T20:27:15.128+0000][20776][gc,age      ] GC(78) Age table with threshold 15 (max threshold 15)
[2024-05-28T20:27:15.128+0000][20776][gc,age      ] GC(78) - age   1:    1557152 bytes,    1557152 total
[2024-05-28T20:27:15.128+0000][20776][gc,age      ] GC(78) - age   2:      27960 bytes,    1585112 total
[2024-05-28T20:27:15.128+0000][20776][gc,age      ] GC(78) - age   3:     172880 bytes,    1757992 total
[2024-05-28T20:27:15.128+0000][20776][gc,age      ] GC(78) - age   4:     993080 bytes,    2751072 total
[2024-05-28T20:27:15.128+0000][20776][gc,age      ] GC(78) - age   5:       1288 bytes,    2752360 total
[2024-05-28T20:27:15.128+0000][20776][gc,age      ] GC(78) - age   6:      54584 bytes,    2806944 total
[2024-05-28T20:27:15.128+0000][20776][gc,age      ] GC(78) - age   7:        152 bytes,    2807096 total
[2024-05-28T20:27:15.128+0000][20776][gc,age      ] GC(78) - age   8:      40768 bytes,    2847864 total
[2024-05-28T20:27:15.128+0000][20776][gc,age      ] GC(78) - age   9:      74424 bytes,    2922288 total
[2024-05-28T20:27:15.128+0000][20776][gc,age      ] GC(78) - age  10:        800 bytes,    2923088 total
[2024-05-28T20:27:15.128+0000][20776][gc,age      ] GC(78) - age  11:      16736 bytes,    2939824 total
[2024-05-28T20:27:15.128+0000][20776][gc,age      ] GC(78) - age  12:        144 bytes,    2939968 total
[2024-05-28T20:27:15.128+0000][20776][gc,age      ] GC(78) - age  13:     132272 bytes,    3072240 total
[2024-05-28T20:27:15.128+0000][20776][gc,age      ] GC(78) - age  14:        672 bytes,    3072912 total
[2024-05-28T20:27:15.128+0000][20776][gc,age      ] GC(78) - age  15:        176 bytes,    3073088 total
[2024-05-28T20:27:15.128+0000][20776][gc,heap     ] GC(78) Eden regions: 605->0(605)
[2024-05-28T20:27:15.128+0000][20776][gc,heap     ] GC(78) Survivor regions: 1->1(76)
[2024-05-28T20:27:15.128+0000][20776][gc,heap     ] GC(78) Old regions: 51->51
[2024-05-28T20:27:15.128+0000][20776][gc,heap     ] GC(78) Archive regions: 0->0
[2024-05-28T20:27:15.128+0000][20776][gc,heap     ] GC(78) Humongous regions: 2->2
[2024-05-28T20:27:15.128+0000][20776][gc,metaspace] GC(78) Metaspace: 133846K(137536K)->133846K(137536K) NonClass: 116151K(118080K)->116151K(118080K) Class: 17695K(19456K)->17695K(19456K)
[2024-05-28T20:27:15.128+0000][20776][gc          ] GC(78) Pause Young (Normal) (G1 Evacuation Pause) 2631M->211M(4040M) 21.900ms
[2024-05-28T20:27:15.128+0000][20776][gc,cpu      ] GC(78) User=0.03s Sys=0.00s Real=0.02s
[2024-05-28T20:27:15.129+0000][20776][safepoint   ] Safepoint "G1CollectForAllocation", Time since last: 793250476401 ns, Reaching safepoint: 513800 ns, At safepoint: 22130900 ns, Total: 22644700 ns
[2024-05-28T20:29:34.564+0000][20776][safepoint   ] Safepoint "Cleanup", Time since last: 139434667299 ns, Reaching safepoint: 216201 ns, At safepoint: 64400 ns, Total: 280601 ns
[2024-05-28T20:36:28.857+0000][20776][safepoint   ] Safepoint "Cleanup", Time since last: 414293258700 ns, Reaching safepoint: 841900 ns, At safepoint: 25900 ns, Total: 867800 ns
[2024-05-28T20:40:46.335+0000][20776][gc,start    ] GC(79) Pause Young (Normal) (G1 Evacuation Pause)
[2024-05-28T20:40:46.335+0000][20776][gc,task     ] GC(79) Using 8 workers of 8 for evacuation
[2024-05-28T20:40:46.335+0000][20776][gc,age      ] GC(79) Desired survivor size 159383552 bytes, new threshold 15 (max threshold 15)
[2024-05-28T20:40:46.350+0000][20776][gc,phases   ] GC(79)   Pre Evacuate Collection Set: 0.4ms
[2024-05-28T20:40:46.350+0000][20776][gc,phases   ] GC(79)   Merge Heap Roots: 0.4ms
[2024-05-28T20:40:46.350+0000][20776][gc,phases   ] GC(79)   Evacuate Collection Set: 9.2ms
[2024-05-28T20:40:46.350+0000][20776][gc,phases   ] GC(79)   Post Evacuate Collection Set: 3.4ms
[2024-05-28T20:40:46.350+0000][20776][gc,phases   ] GC(79)   Other: 0.6ms
[2024-05-28T20:40:46.350+0000][20776][gc,age      ] GC(79) Age table with threshold 15 (max threshold 15)
[2024-05-28T20:40:46.350+0000][20776][gc,age      ] GC(79) - age   1:    1349968 bytes,    1349968 total
[2024-05-28T20:40:46.350+0000][20776][gc,age      ] GC(79) - age   2:      11680 bytes,    1361648 total
[2024-05-28T20:40:46.350+0000][20776][gc,age      ] GC(79) - age   3:      26272 bytes,    1387920 total
[2024-05-28T20:40:46.350+0000][20776][gc,age      ] GC(79) - age   4:     172800 bytes,    1560720 total
[2024-05-28T20:40:46.350+0000][20776][gc,age      ] GC(79) - age   5:     993080 bytes,    2553800 total
[2024-05-28T20:40:46.350+0000][20776][gc,age      ] GC(79) - age   6:       1288 bytes,    2555088 total
[2024-05-28T20:40:46.350+0000][20776][gc,age      ] GC(79) - age   7:      54504 bytes,    2609592 total
[2024-05-28T20:40:46.350+0000][20776][gc,age      ] GC(79) - age   8:        152 bytes,    2609744 total
[2024-05-28T20:40:46.350+0000][20776][gc,age      ] GC(79) - age   9:      40768 bytes,    2650512 total
[2024-05-28T20:40:46.350+0000][20776][gc,age      ] GC(79) - age  10:      74424 bytes,    2724936 total
[2024-05-28T20:40:46.350+0000][20776][gc,age      ] GC(79) - age  11:        720 bytes,    2725656 total
[2024-05-28T20:40:46.350+0000][20776][gc,age      ] GC(79) - age  12:      16736 bytes,    2742392 total
[2024-05-28T20:40:46.350+0000][20776][gc,age      ] GC(79) - age  13:        144 bytes,    2742536 total
[2024-05-28T20:40:46.351+0000][20776][gc,age      ] GC(79) - age  14:     132272 bytes,    2874808 total
[2024-05-28T20:40:46.351+0000][20776][gc,age      ] GC(79) - age  15:        672 bytes,    2875480 total
[2024-05-28T20:40:46.351+0000][20776][gc,heap     ] GC(79) Eden regions: 605->0(605)
[2024-05-28T20:40:46.351+0000][20776][gc,heap     ] GC(79) Survivor regions: 1->1(76)
[2024-05-28T20:40:46.351+0000][20776][gc,heap     ] GC(79) Old regions: 51->51
[2024-05-28T20:40:46.351+0000][20776][gc,heap     ] GC(79) Archive regions: 0->0
[2024-05-28T20:40:46.351+0000][20776][gc,heap     ] GC(79) Humongous regions: 2->2
[2024-05-28T20:40:46.351+0000][20776][gc,metaspace] GC(79) Metaspace: 133847K(137536K)->133847K(137536K) NonClass: 116152K(118080K)->116152K(118080K) Class: 17695K(19456K)->17695K(19456K)
[2024-05-28T20:40:46.351+0000][20776][gc          ] GC(79) Pause Young (Normal) (G1 Evacuation Pause) 2631M->211M(4040M) 15.490ms
[2024-05-28T20:40:46.351+0000][20776][gc,cpu      ] GC(79) User=0.12s Sys=0.00s Real=0.02s
[2024-05-28T20:40:46.351+0000][20776][safepoint   ] Safepoint "G1CollectForAllocation", Time since last: 257477060200 ns, Reaching safepoint: 395899 ns, At safepoint: 15824200 ns, Total: 16220099 ns
[2024-05-28T20:45:53.534+0000][20776][safepoint   ] Safepoint "Cleanup", Time since last: 307181526001 ns, Reaching safepoint: 1077700 ns, At safepoint: 81600 ns, Total: 1159300 ns
[2024-05-28T20:53:47.211+0000][20776][safepoint   ] Safepoint "Cleanup", Time since last: 479149503000 ns, Reaching safepoint: 16551300 ns, At safepoint: 9756600 ns, Total: 26307900 ns
[2024-05-28T20:54:46.802+0000][20776][safepoint   ] Safepoint "Cleanup", Time since last: 59602779700 ns, Reaching safepoint: 233400 ns, At safepoint: 15000 ns, Total: 248400 ns
[2024-05-28T20:55:21.024+0000][20776][safepoint   ] Safepoint "Cleanup", Time since last: 34220978300 ns, Reaching safepoint: 160400 ns, At safepoint: 30700 ns, Total: 191100 ns
[2024-05-28T20:58:05.946+0000][20776][gc,start    ] GC(80) Pause Young (Normal) (G1 Evacuation Pause)
[2024-05-28T20:58:05.971+0000][20776][gc,task     ] GC(80) Using 8 workers of 8 for evacuation
[2024-05-28T20:58:05.971+0000][20776][gc,age      ] GC(80) Desired survivor size 159383552 bytes, new threshold 15 (max threshold 15)
[2024-05-28T20:58:06.118+0000][20776][gc,phases   ] GC(80)   Pre Evacuate Collection Set: 22.6ms
[2024-05-28T20:58:06.118+0000][20776][gc,phases   ] GC(80)   Merge Heap Roots: 2.2ms
[2024-05-28T20:58:06.118+0000][20776][gc,phases   ] GC(80)   Evacuate Collection Set: 80.8ms
[2024-05-28T20:58:06.118+0000][20776][gc,phases   ] GC(80)   Post Evacuate Collection Set: 32.8ms
[2024-05-28T20:58:06.118+0000][20776][gc,phases   ] GC(80)   Other: 30.5ms
[2024-05-28T20:58:06.118+0000][20776][gc,age      ] GC(80) Age table with threshold 15 (max threshold 15)
[2024-05-28T20:58:06.118+0000][20776][gc,age      ] GC(80) - age   1:    2162752 bytes,    2162752 total
[2024-05-28T20:58:06.118+0000][20776][gc,age      ] GC(80) - age   2:       3584 bytes,    2166336 total
[2024-05-28T20:58:06.118+0000][20776][gc,age      ] GC(80) - age   3:       9568 bytes,    2175904 total
[2024-05-28T20:58:06.118+0000][20776][gc,age      ] GC(80) - age   4:       1328 bytes,    2177232 total
[2024-05-28T20:58:06.118+0000][20776][gc,age      ] GC(80) - age   5:       1640 bytes,    2178872 total
[2024-05-28T20:58:06.118+0000][20776][gc,age      ] GC(80) - age   6:     706312 bytes,    2885184 total
[2024-05-28T20:58:06.118+0000][20776][gc,age      ] GC(80) - age   7:       1208 bytes,    2886392 total
[2024-05-28T20:58:06.118+0000][20776][gc,age      ] GC(80) - age   8:      54504 bytes,    2940896 total
[2024-05-28T20:58:06.118+0000][20776][gc,age      ] GC(80) - age   9:        152 bytes,    2941048 total
[2024-05-28T20:58:06.118+0000][20776][gc,age      ] GC(80) - age  10:      40768 bytes,    2981816 total
[2024-05-28T20:58:06.118+0000][20776][gc,age      ] GC(80) - age  11:      74424 bytes,    3056240 total
[2024-05-28T20:58:06.118+0000][20776][gc,age      ] GC(80) - age  12:        720 bytes,    3056960 total
[2024-05-28T20:58:06.118+0000][20776][gc,age      ] GC(80) - age  13:      16736 bytes,    3073696 total
[2024-05-28T20:58:06.118+0000][20776][gc,age      ] GC(80) - age  14:        144 bytes,    3073840 total
[2024-05-28T20:58:06.118+0000][20776][gc,age      ] GC(80) - age  15:       1104 bytes,    3074944 total
[2024-05-28T20:58:06.118+0000][20776][gc,heap     ] GC(80) Eden regions: 605->0(605)
[2024-05-28T20:58:06.118+0000][20776][gc,heap     ] GC(80) Survivor regions: 1->1(76)
[2024-05-28T20:58:06.118+0000][20776][gc,heap     ] GC(80) Old regions: 51->51
[2024-05-28T20:58:06.118+0000][20776][gc,heap     ] GC(80) Archive regions: 0->0
[2024-05-28T20:58:06.118+0000][20776][gc,heap     ] GC(80) Humongous regions: 2->2
[2024-05-28T20:58:06.133+0000][20776][gc,metaspace] GC(80) Metaspace: 133851K(137536K)->133851K(137536K) NonClass: 116156K(118080K)->116156K(118080K) Class: 17695K(19456K)->17695K(19456K)
[2024-05-28T20:58:06.133+0000][20776][gc          ] GC(80) Pause Young (Normal) (G1 Evacuation Pause) 2631M->211M(4040M) 187.117ms
[2024-05-28T20:58:06.133+0000][20776][gc,cpu      ] GC(80) User=0.03s Sys=0.08s Real=0.19s
[2024-05-28T20:58:06.133+0000][20776][safepoint   ] Safepoint "G1CollectForAllocation", Time since last: 164914274200 ns, Reaching safepoint: 310600 ns, At safepoint: 195099000 ns, Total: 195409600 ns
[2024-05-28T21:09:35.025+0000][20776][safepoint   ] Safepoint "Cleanup", Time since last: 688891666499 ns, Reaching safepoint: 283501 ns, At safepoint: 15500 ns, Total: 299001 ns
[2024-05-28T21:11:30.214+0000][20776][gc,start    ] GC(81) Pause Young (Normal) (G1 Evacuation Pause)
[2024-05-28T21:11:30.215+0000][20776][gc,task     ] GC(81) Using 8 workers of 8 for evacuation
[2024-05-28T21:11:30.215+0000][20776][gc,age      ] GC(81) Desired survivor size 159383552 bytes, new threshold 15 (max threshold 15)
[2024-05-28T21:11:30.236+0000][20776][gc,phases   ] GC(81)   Pre Evacuate Collection Set: 0.4ms
[2024-05-28T21:11:30.236+0000][20776][gc,phases   ] GC(81)   Merge Heap Roots: 0.2ms
[2024-05-28T21:11:30.236+0000][20776][gc,phases   ] GC(81)   Evacuate Collection Set: 15.7ms
[2024-05-28T21:11:30.236+0000][20776][gc,phases   ] GC(81)   Post Evacuate Collection Set: 3.9ms
[2024-05-28T21:11:30.236+0000][20776][gc,phases   ] GC(81)   Other: 1.0ms
[2024-05-28T21:11:30.236+0000][20776][gc,age      ] GC(81) Age table with threshold 15 (max threshold 15)
[2024-05-28T21:11:30.236+0000][20776][gc,age      ] GC(81) - age   1:    1542176 bytes,    1542176 total
[2024-05-28T21:11:30.236+0000][20776][gc,age      ] GC(81) - age   2:     494184 bytes,    2036360 total
[2024-05-28T21:11:30.236+0000][20776][gc,age      ] GC(81) - age   3:       1040 bytes,    2037400 total
[2024-05-28T21:11:30.236+0000][20776][gc,age      ] GC(81) - age   4:       9376 bytes,    2046776 total
[2024-05-28T21:11:30.236+0000][20776][gc,age      ] GC(81) - age   5:       1328 bytes,    2048104 total
[2024-05-28T21:11:30.236+0000][20776][gc,age      ] GC(81) - age   6:       1144 bytes,    2049248 total
[2024-05-28T21:11:30.236+0000][20776][gc,age      ] GC(81) - age   7:     706312 bytes,    2755560 total
[2024-05-28T21:11:30.236+0000][20776][gc,age      ] GC(81) - age   8:       1208 bytes,    2756768 total
[2024-05-28T21:11:30.236+0000][20776][gc,age      ] GC(81) - age   9:      54424 bytes,    2811192 total
[2024-05-28T21:11:30.236+0000][20776][gc,age      ] GC(81) - age  10:        152 bytes,    2811344 total
[2024-05-28T21:11:30.237+0000][20776][gc,age      ] GC(81) - age  11:      40688 bytes,    2852032 total
[2024-05-28T21:11:30.237+0000][20776][gc,age      ] GC(81) - age  12:      74424 bytes,    2926456 total
[2024-05-28T21:11:30.237+0000][20776][gc,age      ] GC(81) - age  13:        640 bytes,    2927096 total
[2024-05-28T21:11:30.237+0000][20776][gc,age      ] GC(81) - age  14:      16736 bytes,    2943832 total
[2024-05-28T21:11:30.237+0000][20776][gc,age      ] GC(81) - age  15:        144 bytes,    2943976 total
[2024-05-28T21:11:30.237+0000][20776][gc,heap     ] GC(81) Eden regions: 605->0(605)
[2024-05-28T21:11:30.237+0000][20776][gc,heap     ] GC(81) Survivor regions: 1->1(76)
[2024-05-28T21:11:30.237+0000][20776][gc,heap     ] GC(81) Old regions: 51->51
[2024-05-28T21:11:30.237+0000][20776][gc,heap     ] GC(81) Archive regions: 0->0
[2024-05-28T21:11:30.237+0000][20776][gc,heap     ] GC(81) Humongous regions: 2->2
[2024-05-28T21:11:30.237+0000][20776][gc,metaspace] GC(81) Metaspace: 133852K(137536K)->133852K(137536K) NonClass: 116157K(118080K)->116157K(118080K) Class: 17695K(19456K)->17695K(19456K)
[2024-05-28T21:11:30.238+0000][20776][gc          ] GC(81) Pause Young (Normal) (G1 Evacuation Pause) 2631M->211M(4040M) 22.685ms
[2024-05-28T21:11:30.238+0000][20776][gc,cpu      ] GC(81) User=0.05s Sys=0.00s Real=0.02s
[2024-05-28T21:11:30.238+0000][20776][safepoint   ] Safepoint "G1CollectForAllocation", Time since last: 115189156399 ns, Reaching safepoint: 107400 ns, At safepoint: 23778001 ns, Total: 23885401 ns
[2024-05-28T21:24:56.287+0000][20776][gc,start    ] GC(82) Pause Young (Normal) (G1 Evacuation Pause)
[2024-05-28T21:24:56.288+0000][20776][gc,task     ] GC(82) Using 8 workers of 8 for evacuation
[2024-05-28T21:24:56.288+0000][20776][gc,age      ] GC(82) Desired survivor size 159383552 bytes, new threshold 15 (max threshold 15)
[2024-05-28T21:24:56.320+0000][20776][gc,phases   ] GC(82)   Pre Evacuate Collection Set: 1.0ms
[2024-05-28T21:24:56.320+0000][20776][gc,phases   ] GC(82)   Merge Heap Roots: 1.2ms
[2024-05-28T21:24:56.320+0000][20776][gc,phases   ] GC(82)   Evacuate Collection Set: 25.9ms
[2024-05-28T21:24:56.320+0000][20776][gc,phases   ] GC(82)   Post Evacuate Collection Set: 3.8ms
[2024-05-28T21:24:56.320+0000][20776][gc,phases   ] GC(82)   Other: 0.6ms
[2024-05-28T21:24:56.320+0000][20776][gc,age      ] GC(82) Age table with threshold 15 (max threshold 15)
[2024-05-28T21:24:56.320+0000][20776][gc,age      ] GC(82) - age   1:    1505120 bytes,    1505120 total
[2024-05-28T21:24:56.320+0000][20776][gc,age      ] GC(82) - age   2:     271912 bytes,    1777032 total
[2024-05-28T21:24:56.320+0000][20776][gc,age      ] GC(82) - age   3:     492360 bytes,    2269392 total
[2024-05-28T21:24:56.320+0000][20776][gc,age      ] GC(82) - age   4:        976 bytes,    2270368 total
[2024-05-28T21:24:56.320+0000][20776][gc,age      ] GC(82) - age   5:       9376 bytes,    2279744 total
[2024-05-28T21:24:56.320+0000][20776][gc,age      ] GC(82) - age   6:       1128 bytes,    2280872 total
[2024-05-28T21:24:56.320+0000][20776][gc,age      ] GC(82) - age   7:       1144 bytes,    2282016 total
[2024-05-28T21:24:56.320+0000][20776][gc,age      ] GC(82) - age   8:     706024 bytes,    2988040 total
[2024-05-28T21:24:56.320+0000][20776][gc,age      ] GC(82) - age   9:       1208 bytes,    2989248 total
[2024-05-28T21:24:56.320+0000][20776][gc,age      ] GC(82) - age  10:      54424 bytes,    3043672 total
[2024-05-28T21:24:56.320+0000][20776][gc,age      ] GC(82) - age  11:        152 bytes,    3043824 total
[2024-05-28T21:24:56.320+0000][20776][gc,age      ] GC(82) - age  12:      40688 bytes,    3084512 total
[2024-05-28T21:24:56.320+0000][20776][gc,age      ] GC(82) - age  13:      74424 bytes,    3158936 total
[2024-05-28T21:24:56.320+0000][20776][gc,age      ] GC(82) - age  14:        640 bytes,    3159576 total
[2024-05-28T21:24:56.320+0000][20776][gc,age      ] GC(82) - age  15:      16656 bytes,    3176232 total
[2024-05-28T21:24:56.320+0000][20776][gc,heap     ] GC(82) Eden regions: 605->0(605)
[2024-05-28T21:24:56.320+0000][20776][gc,heap     ] GC(82) Survivor regions: 1->1(76)
[2024-05-28T21:24:56.320+0000][20776][gc,heap     ] GC(82) Old regions: 51->51
[2024-05-28T21:24:56.320+0000][20776][gc,heap     ] GC(82) Archive regions: 0->0
[2024-05-28T21:24:56.320+0000][20776][gc,heap     ] GC(82) Humongous regions: 2->2
[2024-05-28T21:24:56.320+0000][20776][gc,metaspace] GC(82) Metaspace: 133864K(137536K)->133864K(137536K) NonClass: 116169K(118080K)->116169K(118080K) Class: 17695K(19456K)->17695K(19456K)
[2024-05-28T21:24:56.320+0000][20776][gc          ] GC(82) Pause Young (Normal) (G1 Evacuation Pause) 2631M->211M(4040M) 33.494ms
[2024-05-28T21:24:56.320+0000][20776][gc,cpu      ] GC(82) User=0.02s Sys=0.05s Real=0.03s
[2024-05-28T21:24:56.321+0000][20776][safepoint   ] Safepoint "G1CollectForAllocation", Time since last: 806046169099 ns, Reaching safepoint: 2571001 ns, At safepoint: 33672100 ns, Total: 36243101 ns
[2024-05-28T21:26:21.239+0000][20776][safepoint   ] Safepoint "Cleanup", Time since last: 84917224700 ns, Reaching safepoint: 805199 ns, At safepoint: 60200 ns, Total: 865399 ns
[2024-05-28T21:29:21.156+0000][20776][safepoint   ] Safepoint "Cleanup", Time since last: 179870011101 ns, Reaching safepoint: 47120500 ns, At safepoint: 59800 ns, Total: 47180300 ns
[2024-05-28T21:29:34.276+0000][20776][safepoint   ] Safepoint "Cleanup", Time since last: 13119888200 ns, Reaching safepoint: 308300 ns, At safepoint: 39399 ns, Total: 347699 ns
[2024-05-28T21:30:52.089+0000][20776][safepoint   ] Safepoint "Cleanup", Time since last: 77812658201 ns, Reaching safepoint: 257600 ns, At safepoint: 30500 ns, Total: 288100 ns
[2024-05-28T21:34:21.292+0000][20776][safepoint   ] Safepoint "Cleanup", Time since last: 209202449199 ns, Reaching safepoint: 90700 ns, At safepoint: 28001 ns, Total: 118701 ns
[2024-05-28T21:38:15.918+0000][20776][gc,start    ] GC(83) Pause Young (Normal) (G1 Evacuation Pause)
[2024-05-28T21:38:15.918+0000][20776][gc,task     ] GC(83) Using 8 workers of 8 for evacuation
[2024-05-28T21:38:15.918+0000][20776][gc,age      ] GC(83) Desired survivor size 159383552 bytes, new threshold 15 (max threshold 15)
[2024-05-28T21:38:15.930+0000][20776][gc,phases   ] GC(83)   Pre Evacuate Collection Set: 0.8ms
[2024-05-28T21:38:15.930+0000][20776][gc,phases   ] GC(83)   Merge Heap Roots: 0.2ms
[2024-05-28T21:38:15.930+0000][20776][gc,phases   ] GC(83)   Evacuate Collection Set: 7.3ms
[2024-05-28T21:38:15.930+0000][20776][gc,phases   ] GC(83)   Post Evacuate Collection Set: 1.5ms
[2024-05-28T21:38:15.930+0000][20776][gc,phases   ] GC(83)   Other: 2.3ms
[2024-05-28T21:38:15.930+0000][20776][gc,age      ] GC(83) Age table with threshold 15 (max threshold 15)
[2024-05-28T21:38:15.930+0000][20776][gc,age      ] GC(83) - age   1:    1767112 bytes,    1767112 total
[2024-05-28T21:38:15.930+0000][20776][gc,age      ] GC(83) - age   2:      36016 bytes,    1803128 total
[2024-05-28T21:38:15.930+0000][20776][gc,age      ] GC(83) - age   3:     270432 bytes,    2073560 total
[2024-05-28T21:38:15.930+0000][20776][gc,age      ] GC(83) - age   4:     492280 bytes,    2565840 total
[2024-05-28T21:38:15.930+0000][20776][gc,age      ] GC(83) - age   5:        896 bytes,    2566736 total
[2024-05-28T21:38:15.930+0000][20776][gc,age      ] GC(83) - age   6:       9376 bytes,    2576112 total
[2024-05-28T21:38:15.930+0000][20776][gc,age      ] GC(83) - age   7:       1016 bytes,    2577128 total
[2024-05-28T21:38:15.930+0000][20776][gc,age      ] GC(83) - age   8:       1144 bytes,    2578272 total
[2024-05-28T21:38:15.930+0000][20776][gc,age      ] GC(83) - age   9:     706024 bytes,    3284296 total
[2024-05-28T21:38:15.930+0000][20776][gc,age      ] GC(83) - age  10:       1128 bytes,    3285424 total
[2024-05-28T21:38:15.930+0000][20776][gc,age      ] GC(83) - age  11:      54424 bytes,    3339848 total
[2024-05-28T21:38:15.930+0000][20776][gc,age      ] GC(83) - age  12:         72 bytes,    3339920 total
[2024-05-28T21:38:15.930+0000][20776][gc,age      ] GC(83) - age  13:      40688 bytes,    3380608 total
[2024-05-28T21:38:15.930+0000][20776][gc,age      ] GC(83) - age  14:      74424 bytes,    3455032 total
[2024-05-28T21:38:15.930+0000][20776][gc,age      ] GC(83) - age  15:        640 bytes,    3455672 total
[2024-05-28T21:38:15.930+0000][20776][gc,heap     ] GC(83) Eden regions: 605->0(605)
[2024-05-28T21:38:15.930+0000][20776][gc,heap     ] GC(83) Survivor regions: 1->1(76)
[2024-05-28T21:38:15.930+0000][20776][gc,heap     ] GC(83) Old regions: 51->51
[2024-05-28T21:38:15.930+0000][20776][gc,heap     ] GC(83) Archive regions: 0->0
[2024-05-28T21:38:15.930+0000][20776][gc,heap     ] GC(83) Humongous regions: 2->2
[2024-05-28T21:38:15.930+0000][20776][gc,metaspace] GC(83) Metaspace: 133866K(137536K)->133866K(137536K) NonClass: 116171K(118080K)->116171K(118080K) Class: 17695K(19456K)->17695K(19456K)
[2024-05-28T21:38:15.930+0000][20776][gc          ] GC(83) Pause Young (Normal) (G1 Evacuation Pause) 2631M->211M(4040M) 12.678ms
[2024-05-28T21:38:15.930+0000][20776][gc,cpu      ] GC(83) User=0.00s Sys=0.00s Real=0.01s
[2024-05-28T21:38:15.930+0000][20776][safepoint   ] Safepoint "G1CollectForAllocation", Time since last: 234626076300 ns, Reaching safepoint: 110700 ns, At safepoint: 12829300 ns, Total: 12940000 ns
[2024-05-28T21:44:36.748+0000][20776][safepoint   ] Safepoint "Cleanup", Time since last: 380816930200 ns, Reaching safepoint: 293300 ns, At safepoint: 38299 ns, Total: 331599 ns
[2024-05-28T21:51:21.251+0000][20776][gc,start    ] GC(84) Pause Young (Normal) (G1 Evacuation Pause)
[2024-05-28T21:51:21.251+0000][20776][gc,task     ] GC(84) Using 8 workers of 8 for evacuation
[2024-05-28T21:51:21.251+0000][20776][gc,age      ] GC(84) Desired survivor size 159383552 bytes, new threshold 15 (max threshold 15)
[2024-05-28T21:51:21.274+0000][20776][gc,phases   ] GC(84)   Pre Evacuate Collection Set: 0.3ms
[2024-05-28T21:51:21.274+0000][20776][gc,phases   ] GC(84)   Merge Heap Roots: 1.9ms
[2024-05-28T21:51:21.274+0000][20776][gc,phases   ] GC(84)   Evacuate Collection Set: 14.4ms
[2024-05-28T21:51:21.274+0000][20776][gc,phases   ] GC(84)   Post Evacuate Collection Set: 4.6ms
[2024-05-28T21:51:21.274+0000][20776][gc,phases   ] GC(84)   Other: 1.4ms
[2024-05-28T21:51:21.274+0000][20776][gc,age      ] GC(84) Age table with threshold 15 (max threshold 15)
[2024-05-28T21:51:21.274+0000][20776][gc,age      ] GC(84) - age   1:    1604352 bytes,    1604352 total
[2024-05-28T21:51:21.274+0000][20776][gc,age      ] GC(84) - age   2:       3312 bytes,    1607664 total
[2024-05-28T21:51:21.274+0000][20776][gc,age      ] GC(84) - age   3:       1488 bytes,    1609152 total
[2024-05-28T21:51:21.274+0000][20776][gc,age      ] GC(84) - age   4:      76896 bytes,    1686048 total
[2024-05-28T21:51:21.274+0000][20776][gc,age      ] GC(84) - age   5:     284824 bytes,    1970872 total
[2024-05-28T21:51:21.274+0000][20776][gc,age      ] GC(84) - age   6:        816 bytes,    1971688 total
[2024-05-28T21:51:21.274+0000][20776][gc,age      ] GC(84) - age   7:       9216 bytes,    1980904 total
[2024-05-28T21:51:21.274+0000][20776][gc,age      ] GC(84) - age   8:        936 bytes,    1981840 total
[2024-05-28T21:51:21.274+0000][20776][gc,age      ] GC(84) - age   9:       1144 bytes,    1982984 total
[2024-05-28T21:51:21.274+0000][20776][gc,age      ] GC(84) - age  10:     693816 bytes,    2676800 total
[2024-05-28T21:51:21.274+0000][20776][gc,age      ] GC(84) - age  11:       1048 bytes,    2677848 total
[2024-05-28T21:51:21.275+0000][20776][gc,age      ] GC(84) - age  12:      54424 bytes,    2732272 total
[2024-05-28T21:51:21.275+0000][20776][gc,age      ] GC(84) - age  13:         72 bytes,    2732344 total
[2024-05-28T21:51:21.275+0000][20776][gc,age      ] GC(84) - age  14:      40648 bytes,    2772992 total
[2024-05-28T21:51:21.275+0000][20776][gc,age      ] GC(84) - age  15:      74424 bytes,    2847416 total
[2024-05-28T21:51:21.275+0000][20776][gc,heap     ] GC(84) Eden regions: 605->0(605)
[2024-05-28T21:51:21.275+0000][20776][gc,heap     ] GC(84) Survivor regions: 1->1(76)
[2024-05-28T21:51:21.275+0000][20776][gc,heap     ] GC(84) Old regions: 51->51
[2024-05-28T21:51:21.275+0000][20776][gc,heap     ] GC(84) Archive regions: 0->0
[2024-05-28T21:51:21.275+0000][20776][gc,heap     ] GC(84) Humongous regions: 2->2
[2024-05-28T21:51:21.275+0000][20776][gc,metaspace] GC(84) Metaspace: 133879K(137536K)->133879K(137536K) NonClass: 116184K(118080K)->116184K(118080K) Class: 17695K(19456K)->17695K(19456K)
[2024-05-28T21:51:21.275+0000][20776][gc          ] GC(84) Pause Young (Normal) (G1 Evacuation Pause) 2631M->211M(4040M) 24.026ms
[2024-05-28T21:51:21.275+0000][20776][gc,cpu      ] GC(84) User=0.02s Sys=0.02s Real=0.02s
[2024-05-28T21:51:21.275+0000][20776][safepoint   ] Safepoint "G1CollectForAllocation", Time since last: 404502263601 ns, Reaching safepoint: 430000 ns, At safepoint: 24246000 ns, Total: 24676000 ns
[2024-05-28T21:59:34.582+0000][20776][safepoint   ] Safepoint "Cleanup", Time since last: 493306480500 ns, Reaching safepoint: 963200 ns, At safepoint: 34600 ns, Total: 997800 ns
[2024-05-28T22:04:52.278+0000][20776][gc,start    ] GC(85) Pause Young (Normal) (G1 Evacuation Pause)
[2024-05-28T22:04:52.278+0000][20776][gc,task     ] GC(85) Using 8 workers of 8 for evacuation
[2024-05-28T22:04:52.278+0000][20776][gc,age      ] GC(85) Desired survivor size 159383552 bytes, new threshold 15 (max threshold 15)
[2024-05-28T22:04:52.292+0000][20776][gc,phases   ] GC(85)   Pre Evacuate Collection Set: 0.3ms
[2024-05-28T22:04:52.292+0000][20776][gc,phases   ] GC(85)   Merge Heap Roots: 0.4ms
[2024-05-28T22:04:52.292+0000][20776][gc,phases   ] GC(85)   Evacuate Collection Set: 7.7ms
[2024-05-28T22:04:52.292+0000][20776][gc,phases   ] GC(85)   Post Evacuate Collection Set: 4.4ms
[2024-05-28T22:04:52.292+0000][20776][gc,phases   ] GC(85)   Other: 0.3ms
[2024-05-28T22:04:52.292+0000][20776][gc,age      ] GC(85) Age table with threshold 15 (max threshold 15)
[2024-05-28T22:04:52.292+0000][20776][gc,age      ] GC(85) - age   1:    1561752 bytes,    1561752 total
[2024-05-28T22:04:52.292+0000][20776][gc,age      ] GC(85) - age   2:     417912 bytes,    1979664 total
[2024-05-28T22:04:52.292+0000][20776][gc,age      ] GC(85) - age   3:        432 bytes,    1980096 total
[2024-05-28T22:04:52.292+0000][20776][gc,age      ] GC(85) - age   4:       1360 bytes,    1981456 total
[2024-05-28T22:04:52.292+0000][20776][gc,age      ] GC(85) - age   5:      76560 bytes,    2058016 total
[2024-05-28T22:04:52.292+0000][20776][gc,age      ] GC(85) - age   6:     284824 bytes,    2342840 total
[2024-05-28T22:04:52.292+0000][20776][gc,age      ] GC(85) - age   7:        736 bytes,    2343576 total
[2024-05-28T22:04:52.292+0000][20776][gc,age      ] GC(85) - age   8:       9216 bytes,    2352792 total
[2024-05-28T22:04:52.292+0000][20776][gc,age      ] GC(85) - age   9:        936 bytes,    2353728 total
[2024-05-28T22:04:52.292+0000][20776][gc,age      ] GC(85) - age  10:       1144 bytes,    2354872 total
[2024-05-28T22:04:52.292+0000][20776][gc,age      ] GC(85) - age  11:     693736 bytes,    3048608 total
[2024-05-28T22:04:52.292+0000][20776][gc,age      ] GC(85) - age  12:       1048 bytes,    3049656 total
[2024-05-28T22:04:52.292+0000][20776][gc,age      ] GC(85) - age  13:      54424 bytes,    3104080 total
[2024-05-28T22:04:52.292+0000][20776][gc,age      ] GC(85) - age  14:         72 bytes,    3104152 total
[2024-05-28T22:04:52.292+0000][20776][gc,age      ] GC(85) - age  15:      40648 bytes,    3144800 total
[2024-05-28T22:04:52.292+0000][20776][gc,heap     ] GC(85) Eden regions: 605->0(605)
[2024-05-28T22:04:52.292+0000][20776][gc,heap     ] GC(85) Survivor regions: 1->1(76)
[2024-05-28T22:04:52.292+0000][20776][gc,heap     ] GC(85) Old regions: 51->51
[2024-05-28T22:04:52.292+0000][20776][gc,heap     ] GC(85) Archive regions: 0->0
[2024-05-28T22:04:52.292+0000][20776][gc,heap     ] GC(85) Humongous regions: 2->2
[2024-05-28T22:04:52.292+0000][20776][gc,metaspace] GC(85) Metaspace: 133880K(137536K)->133880K(137536K) NonClass: 116185K(118080K)->116185K(118080K) Class: 17695K(19456K)->17695K(19456K)
[2024-05-28T22:04:52.292+0000][20776][gc          ] GC(85) Pause Young (Normal) (G1 Evacuation Pause) 2631M->211M(4040M) 14.022ms
[2024-05-28T22:04:52.292+0000][20776][gc,cpu      ] GC(85) User=0.00s Sys=0.00s Real=0.01s
[2024-05-28T22:04:52.292+0000][20776][safepoint   ] Safepoint "G1CollectForAllocation", Time since last: 317695635500 ns, Reaching safepoint: 224600 ns, At safepoint: 14773500 ns, Total: 14998100 ns
[2024-05-29T01:08:31.131+0000][20776][safepoint   ] Safepoint "Cleanup", Time since last: 11018849545700 ns, Reaching safepoint: 2972600 ns, At safepoint: 98200 ns, Total: 3070800 ns
[2024-05-29T01:08:32.155+0000][20776][safepoint   ] Safepoint "Cleanup", Time since last: 1002352200 ns, Reaching safepoint: 15684300 ns, At safepoint: 2324900 ns, Total: 18009200 ns
[2024-05-29T19:34:55.332+0000][20776][safepoint   ] Safepoint "Cleanup", Time since last: 66388387683700 ns, Reaching safepoint: 380767300 ns, At safepoint: 569100 ns, Total: 381336400 ns
[2024-05-29T19:34:56.366+0000][20776][safepoint   ] Safepoint "Cleanup", Time since last: 1041207800 ns, Reaching safepoint: 31309900 ns, At safepoint: 1791600 ns, Total: 33101500 ns
[2024-05-29T19:34:57.608+0000][20776][safepoint   ] Safepoint "Cleanup", Time since last: 1005051100 ns, Reaching safepoint: 234607600 ns, At safepoint: 847500 ns, Total: 235455100 ns
[2024-05-29T19:35:00.703+0000][20776][safepoint   ] Safepoint "Cleanup", Time since last: 3015863700 ns, Reaching safepoint: 78119700 ns, At safepoint: 40100 ns, Total: 78159800 ns
[2024-05-29T19:35:01.712+0000][20776][safepoint   ] Safepoint "Cleanup", Time since last: 1009710500 ns, Reaching safepoint: 216800 ns, At safepoint: 53900 ns, Total: 270700 ns
[2024-05-29T19:37:18.164+0000][20776][safepoint   ] Safepoint "Cleanup", Time since last: 136449008200 ns, Reaching safepoint: 1787000 ns, At safepoint: 62900 ns, Total: 1849900 ns
[2024-05-29T19:37:19.179+0000][20776][safepoint   ] Safepoint "Cleanup", Time since last: 1015649100 ns, Reaching safepoint: 457900 ns, At safepoint: 60500 ns, Total: 518400 ns
[2024-05-29T19:37:21.198+0000][20776][safepoint   ] Safepoint "Cleanup", Time since last: 2018191300 ns, Reaching safepoint: 555000 ns, At safepoint: 51500 ns, Total: 606500 ns
[2024-05-29T19:37:23.201+0000][20776][safepoint   ] Safepoint "Cleanup", Time since last: 2002403800 ns, Reaching safepoint: 132500 ns, At safepoint: 41400 ns, Total: 173900 ns
[2024-05-29T19:37:47.444+0000][20776][safepoint   ] Safepoint "Cleanup", Time since last: 24242553300 ns, Reaching safepoint: 181000 ns, At safepoint: 51200 ns, Total: 232200 ns
[2024-05-29T19:37:51.463+0000][20776][safepoint   ] Safepoint "Cleanup", Time since last: 4019375800 ns, Reaching safepoint: 131200 ns, At safepoint: 41500 ns, Total: 172700 ns
[2024-05-29T19:39:34.385+0000][20776][safepoint   ] Safepoint "Cleanup", Time since last: 102902534800 ns, Reaching safepoint: 18968800 ns, At safepoint: 35500 ns, Total: 19004300 ns
[2024-05-29T19:39:35.423+0000][20776][safepoint   ] Safepoint "Cleanup", Time since last: 1038142600 ns, Reaching safepoint: 272000 ns, At safepoint: 62100 ns, Total: 334100 ns
[2024-05-29T19:39:36.446+0000][20776][safepoint   ] Safepoint "Cleanup", Time since last: 1022054200 ns, Reaching safepoint: 139900 ns, At safepoint: 20200 ns, Total: 160100 ns
[2024-05-29T19:39:40.491+0000][20776][safepoint   ] Safepoint "Cleanup", Time since last: 4045392400 ns, Reaching safepoint: 172100 ns, At safepoint: 51800 ns, Total: 223900 ns
[2024-05-29T19:39:46.543+0000][20776][safepoint   ] Safepoint "Cleanup", Time since last: 6050973000 ns, Reaching safepoint: 126000 ns, At safepoint: 49700 ns, Total: 175700 ns
[2024-05-29T19:39:53.600+0000][20776][safepoint   ] Safepoint "Cleanup", Time since last: 7057178500 ns, Reaching safepoint: 156600 ns, At safepoint: 58000 ns, Total: 214600 ns
[2024-05-29T19:39:54.603+0000][20776][safepoint   ] Safepoint "Cleanup", Time since last: 1002900100 ns, Reaching safepoint: 94400 ns, At safepoint: 22100 ns, Total: 116500 ns
[2024-05-29T19:39:55.609+0000][20776][safepoint   ] Safepoint "Cleanup", Time since last: 1005856500 ns, Reaching safepoint: 97300 ns, At safepoint: 24400 ns, Total: 121700 ns
[2024-05-29T19:39:59.629+0000][20776][safepoint   ] Safepoint "Cleanup", Time since last: 4019940900 ns, Reaching safepoint: 73100 ns, At safepoint: 15700 ns, Total: 88800 ns
[2024-05-29T19:40:04.675+0000][20776][safepoint   ] Safepoint "Cleanup", Time since last: 5046429300 ns, Reaching safepoint: 84000 ns, At safepoint: 14400 ns, Total: 98400 ns
[2024-05-29T19:40:12.725+0000][20776][safepoint   ] Safepoint "Cleanup", Time since last: 8049756600 ns, Reaching safepoint: 176400 ns, At safepoint: 29000 ns, Total: 205400 ns
[2024-05-29T19:40:13.733+0000][20776][safepoint   ] Safepoint "Cleanup", Time since last: 1007434100 ns, Reaching safepoint: 102400 ns, At safepoint: 19800 ns, Total: 122200 ns
[2024-05-29T19:40:28.838+0000][20776][safepoint   ] Safepoint "Cleanup", Time since last: 15104543000 ns, Reaching safepoint: 128100 ns, At safepoint: 79600 ns, Total: 207700 ns
[2024-05-29T19:40:48.994+0000][20776][safepoint   ] Safepoint "Cleanup", Time since last: 20156022500 ns, Reaching safepoint: 117600 ns, At safepoint: 44100 ns, Total: 161700 ns
[2024-05-29T19:40:57.073+0000][20776][safepoint   ] Safepoint "Cleanup", Time since last: 8078994500 ns, Reaching safepoint: 142900 ns, At safepoint: 78500 ns, Total: 221400 ns
[2024-05-29T19:41:10.194+0000][20776][safepoint   ] Safepoint "Cleanup", Time since last: 13120158500 ns, Reaching safepoint: 155900 ns, At safepoint: 73400 ns, Total: 229300 ns
[2024-05-29T19:41:16.247+0000][20776][safepoint   ] Safepoint "Cleanup", Time since last: 6053263300 ns, Reaching safepoint: 156100 ns, At safepoint: 42800 ns, Total: 198900 ns
[2024-05-29T19:41:58.587+0000][20776][safepoint   ] Safepoint "Cleanup", Time since last: 42339773200 ns, Reaching safepoint: 139600 ns, At safepoint: 31600 ns, Total: 171200 ns
[2024-05-29T19:42:04.637+0000][20776][safepoint   ] Safepoint "Cleanup", Time since last: 6049498400 ns, Reaching safepoint: 118100 ns, At safepoint: 23200 ns, Total: 141300 ns
[2024-05-29T19:42:06.656+0000][20776][safepoint   ] Safepoint "Cleanup", Time since last: 2019598400 ns, Reaching safepoint: 131400 ns, At safepoint: 18200 ns, Total: 149600 ns
[2024-05-29T19:42:19.788+0000][20776][safepoint   ] Safepoint "Cleanup", Time since last: 13131337900 ns, Reaching safepoint: 188100 ns, At safepoint: 74800 ns, Total: 262900 ns
[2024-05-29T19:42:41.984+0000][20776][safepoint   ] Safepoint "Cleanup", Time since last: 22195667000 ns, Reaching safepoint: 99800 ns, At safepoint: 32300 ns, Total: 132100 ns
[2024-05-29T19:44:16.734+0000][20776][safepoint   ] Safepoint "Cleanup", Time since last: 94750609200 ns, Reaching safepoint: 131100 ns, At safepoint: 23400 ns, Total: 154500 ns
[2024-05-29T19:44:17.738+0000][20776][safepoint   ] Safepoint "Cleanup", Time since last: 1003671300 ns, Reaching safepoint: 87800 ns, At safepoint: 16400 ns, Total: 104200 ns
[2024-05-29T19:44:32.855+0000][20776][safepoint   ] Safepoint "Cleanup", Time since last: 15116778000 ns, Reaching safepoint: 109700 ns, At safepoint: 16900 ns, Total: 126600 ns
[2024-05-29T19:44:41.940+0000][20776][safepoint   ] Safepoint "Cleanup", Time since last: 9084561900 ns, Reaching safepoint: 82300 ns, At safepoint: 42400 ns, Total: 124700 ns
[2024-05-29T19:45:10.180+0000][20776][safepoint   ] Safepoint "Cleanup", Time since last: 28240159600 ns, Reaching safepoint: 100600 ns, At safepoint: 14700 ns, Total: 115300 ns
[2024-05-29T19:45:17.261+0000][20776][safepoint   ] Safepoint "Cleanup", Time since last: 7080879900 ns, Reaching safepoint: 93700 ns, At safepoint: 19200 ns, Total: 112900 ns
[2024-05-29T19:45:34.506+0000][20776][gc,start    ] GC(86) Pause Young (Normal) (G1 Evacuation Pause)
[2024-05-29T19:45:34.532+0000][20776][gc,task     ] GC(86) Using 8 workers of 8 for evacuation
[2024-05-29T19:45:34.532+0000][20776][gc,age      ] GC(86) Desired survivor size 159383552 bytes, new threshold 15 (max threshold 15)
[2024-05-29T19:45:34.630+0000][20776][gc,phases   ] GC(86)   Pre Evacuate Collection Set: 15.2ms
[2024-05-29T19:45:34.630+0000][20776][gc,phases   ] GC(86)   Merge Heap Roots: 1.3ms
[2024-05-29T19:45:34.630+0000][20776][gc,phases   ] GC(86)   Evacuate Collection Set: 47.1ms
[2024-05-29T19:45:34.630+0000][20776][gc,phases   ] GC(86)   Post Evacuate Collection Set: 23.2ms
[2024-05-29T19:45:34.630+0000][20776][gc,phases   ] GC(86)   Other: 26.8ms
[2024-05-29T19:45:34.630+0000][20776][gc,age      ] GC(86) Age table with threshold 15 (max threshold 15)
[2024-05-29T19:45:34.630+0000][20776][gc,age      ] GC(86) - age   1:    3334792 bytes,    3334792 total
[2024-05-29T19:45:34.630+0000][20776][gc,age      ] GC(86) - age   2:       1744 bytes,    3336536 total
[2024-05-29T19:45:34.630+0000][20776][gc,age      ] GC(86) - age   3:     146128 bytes,    3482664 total
[2024-05-29T19:45:34.630+0000][20776][gc,age      ] GC(86) - age   4:        352 bytes,    3483016 total
[2024-05-29T19:45:34.630+0000][20776][gc,age      ] GC(86) - age   5:       1280 bytes,    3484296 total
[2024-05-29T19:45:34.630+0000][20776][gc,age      ] GC(86) - age   6:        928 bytes,    3485224 total
[2024-05-29T19:45:34.630+0000][20776][gc,age      ] GC(86) - age   7:        648 bytes,    3485872 total
[2024-05-29T19:45:34.630+0000][20776][gc,age      ] GC(86) - age   8:        736 bytes,    3486608 total
[2024-05-29T19:45:34.630+0000][20776][gc,age      ] GC(86) - age   9:        416 bytes,    3487024 total
[2024-05-29T19:45:34.630+0000][20776][gc,age      ] GC(86) - age  10:        816 bytes,    3487840 total
[2024-05-29T19:45:34.631+0000][20776][gc,age      ] GC(86) - age  11:        984 bytes,    3488824 total
[2024-05-29T19:45:34.631+0000][20776][gc,age      ] GC(86) - age  12:     382048 bytes,    3870872 total
[2024-05-29T19:45:34.631+0000][20776][gc,age      ] GC(86) - age  13:       1008 bytes,    3871880 total
[2024-05-29T19:45:34.631+0000][20776][gc,age      ] GC(86) - age  14:      54040 bytes,    3925920 total
[2024-05-29T19:45:34.631+0000][20776][gc,age      ] GC(86) - age  15:         72 bytes,    3925992 total
[2024-05-29T19:45:34.631+0000][20776][gc,heap     ] GC(86) Eden regions: 605->0(604)
[2024-05-29T19:45:34.631+0000][20776][gc,heap     ] GC(86) Survivor regions: 1->2(76)
[2024-05-29T19:45:34.631+0000][20776][gc,heap     ] GC(86) Old regions: 51->51
[2024-05-29T19:45:34.631+0000][20776][gc,heap     ] GC(86) Archive regions: 0->0
[2024-05-29T19:45:34.631+0000][20776][gc,heap     ] GC(86) Humongous regions: 2->2
[2024-05-29T19:45:34.631+0000][20776][gc,metaspace] GC(86) Metaspace: 134367K(138112K)->134367K(138112K) NonClass: 116614K(118528K)->116614K(118528K) Class: 17752K(19584K)->17752K(19584K)
[2024-05-29T19:45:34.631+0000][20776][gc          ] GC(86) Pause Young (Normal) (G1 Evacuation Pause) 2631M->212M(4040M) 125.537ms
[2024-05-29T19:45:34.631+0000][20776][gc,cpu      ] GC(86) User=0.08s Sys=0.14s Real=0.12s
[2024-05-29T19:45:34.631+0000][20776][safepoint   ] Safepoint "G1CollectForAllocation", Time since last: 17244496500 ns, Reaching safepoint: 129400 ns, At safepoint: 126423400 ns, Total: 126552800 ns
[2024-05-29T19:48:47.542+0000][20776][safepoint   ] Safepoint "Cleanup", Time since last: 192909651100 ns, Reaching safepoint: 145100 ns, At safepoint: 27500 ns, Total: 172600 ns
[2024-05-29T19:48:56.629+0000][20776][safepoint   ] Safepoint "Cleanup", Time since last: 9087013100 ns, Reaching safepoint: 102400 ns, At safepoint: 21800 ns, Total: 124200 ns
[2024-05-29T19:53:56.325+0000][20776][safepoint   ] Safepoint "Cleanup", Time since last: 299695510300 ns, Reaching safepoint: 168200 ns, At safepoint: 36900 ns, Total: 205100 ns
[2024-05-29T19:59:01.102+0000][20776][safepoint   ] Safepoint "Cleanup", Time since last: 304776862800 ns, Reaching safepoint: 172200 ns, At safepoint: 19600 ns, Total: 191800 ns
[2024-05-29T19:59:14.191+0000][20776][gc,start    ] GC(87) Pause Young (Normal) (G1 Evacuation Pause)
[2024-05-29T19:59:14.191+0000][20776][gc,task     ] GC(87) Using 8 workers of 8 for evacuation
[2024-05-29T19:59:14.191+0000][20776][gc,age      ] GC(87) Desired survivor size 159383552 bytes, new threshold 15 (max threshold 15)
[2024-05-29T19:59:14.203+0000][20776][gc,phases   ] GC(87)   Pre Evacuate Collection Set: 0.3ms
[2024-05-29T19:59:14.203+0000][20776][gc,phases   ] GC(87)   Merge Heap Roots: 0.2ms
[2024-05-29T19:59:14.203+0000][20776][gc,phases   ] GC(87)   Evacuate Collection Set: 8.7ms
[2024-05-29T19:59:14.203+0000][20776][gc,phases   ] GC(87)   Post Evacuate Collection Set: 2.1ms
[2024-05-29T19:59:14.203+0000][20776][gc,phases   ] GC(87)   Other: 0.3ms
[2024-05-29T19:59:14.203+0000][20776][gc,age      ] GC(87) Age table with threshold 15 (max threshold 15)
[2024-05-29T19:59:14.203+0000][20776][gc,age      ] GC(87) - age   1:    1793304 bytes,    1793304 total
[2024-05-29T19:59:14.203+0000][20776][gc,age      ] GC(87) - age   2:    1341808 bytes,    3135112 total
[2024-05-29T19:59:14.203+0000][20776][gc,age      ] GC(87) - age   3:        384 bytes,    3135496 total
[2024-05-29T19:59:14.203+0000][20776][gc,age      ] GC(87) - age   4:     145424 bytes,    3280920 total
[2024-05-29T19:59:14.203+0000][20776][gc,age      ] GC(87) - age   5:        352 bytes,    3281272 total
[2024-05-29T19:59:14.203+0000][20776][gc,age      ] GC(87) - age   6:       1280 bytes,    3282552 total
[2024-05-29T19:59:14.203+0000][20776][gc,age      ] GC(87) - age   7:        848 bytes,    3283400 total
[2024-05-29T19:59:14.203+0000][20776][gc,age      ] GC(87) - age   8:        648 bytes,    3284048 total
[2024-05-29T19:59:14.203+0000][20776][gc,age      ] GC(87) - age   9:        736 bytes,    3284784 total
[2024-05-29T19:59:14.203+0000][20776][gc,age      ] GC(87) - age  10:        416 bytes,    3285200 total
[2024-05-29T19:59:14.203+0000][20776][gc,age      ] GC(87) - age  11:        816 bytes,    3286016 total
[2024-05-29T19:59:14.203+0000][20776][gc,age      ] GC(87) - age  12:        984 bytes,    3287000 total
[2024-05-29T19:59:14.203+0000][20776][gc,age      ] GC(87) - age  13:     382048 bytes,    3669048 total
[2024-05-29T19:59:14.203+0000][20776][gc,age      ] GC(87) - age  14:       1008 bytes,    3670056 total
[2024-05-29T19:59:14.203+0000][20776][gc,age      ] GC(87) - age  15:      54040 bytes,    3724096 total
[2024-05-29T19:59:14.203+0000][20776][gc,heap     ] GC(87) Eden regions: 604->0(605)
[2024-05-29T19:59:14.203+0000][20776][gc,heap     ] GC(87) Survivor regions: 2->1(76)
[2024-05-29T19:59:14.203+0000][20776][gc,heap     ] GC(87) Old regions: 51->51
[2024-05-29T19:59:14.203+0000][20776][gc,heap     ] GC(87) Archive regions: 0->0
[2024-05-29T19:59:14.203+0000][20776][gc,heap     ] GC(87) Humongous regions: 2->2
[2024-05-29T19:59:14.203+0000][20776][gc,metaspace] GC(87) Metaspace: 134369K(138112K)->134369K(138112K) NonClass: 116616K(118528K)->116616K(118528K) Class: 17752K(19584K)->17752K(19584K)
[2024-05-29T19:59:14.204+0000][20776][gc          ] GC(87) Pause Young (Normal) (G1 Evacuation Pause) 2628M->212M(4040M) 12.487ms
[2024-05-29T19:59:14.204+0000][20776][gc,cpu      ] GC(87) User=0.06s Sys=0.00s Real=0.01s
[2024-05-29T19:59:14.204+0000][20776][safepoint   ] Safepoint "G1CollectForAllocation", Time since last: 13088763700 ns, Reaching safepoint: 123500 ns, At safepoint: 13168000 ns, Total: 13291500 ns
[2024-05-29T20:11:26.742+0000][20776][safepoint   ] Safepoint "Cleanup", Time since last: 732538366700 ns, Reaching safepoint: 559900 ns, At safepoint: 81000 ns, Total: 640900 ns
[2024-05-29T20:12:57.172+0000][20776][gc,start    ] GC(88) Pause Young (Normal) (G1 Evacuation Pause)
[2024-05-29T20:12:57.172+0000][20776][gc,task     ] GC(88) Using 8 workers of 8 for evacuation
[2024-05-29T20:12:57.172+0000][20776][gc,age      ] GC(88) Desired survivor size 159383552 bytes, new threshold 15 (max threshold 15)
[2024-05-29T20:12:57.188+0000][20776][gc,phases   ] GC(88)   Pre Evacuate Collection Set: 0.4ms
[2024-05-29T20:12:57.188+0000][20776][gc,phases   ] GC(88)   Merge Heap Roots: 0.5ms
[2024-05-29T20:12:57.188+0000][20776][gc,phases   ] GC(88)   Evacuate Collection Set: 7.6ms
[2024-05-29T20:12:57.188+0000][20776][gc,phases   ] GC(88)   Post Evacuate Collection Set: 5.7ms
[2024-05-29T20:12:57.188+0000][20776][gc,phases   ] GC(88)   Other: 0.4ms
[2024-05-29T20:12:57.188+0000][20776][gc,age      ] GC(88) Age table with threshold 15 (max threshold 15)
[2024-05-29T20:12:57.188+0000][20776][gc,age      ] GC(88) - age   1:     916192 bytes,     916192 total
[2024-05-29T20:12:57.188+0000][20776][gc,age      ] GC(88) - age   2:     166136 bytes,    1082328 total
[2024-05-29T20:12:57.188+0000][20776][gc,age      ] GC(88) - age   3:    1339000 bytes,    2421328 total
[2024-05-29T20:12:57.188+0000][20776][gc,age      ] GC(88) - age   4:        224 bytes,    2421552 total
[2024-05-29T20:12:57.188+0000][20776][gc,age      ] GC(88) - age   5:     145264 bytes,    2566816 total
[2024-05-29T20:12:57.188+0000][20776][gc,age      ] GC(88) - age   6:        352 bytes,    2567168 total
[2024-05-29T20:12:57.188+0000][20776][gc,age      ] GC(88) - age   7:       1280 bytes,    2568448 total
[2024-05-29T20:12:57.188+0000][20776][gc,age      ] GC(88) - age   8:        848 bytes,    2569296 total
[2024-05-29T20:12:57.188+0000][20776][gc,age      ] GC(88) - age   9:        648 bytes,    2569944 total
[2024-05-29T20:12:57.188+0000][20776][gc,age      ] GC(88) - age  10:        736 bytes,    2570680 total
[2024-05-29T20:12:57.188+0000][20776][gc,age      ] GC(88) - age  11:        416 bytes,    2571096 total
[2024-05-29T20:12:57.188+0000][20776][gc,age      ] GC(88) - age  12:        816 bytes,    2571912 total
[2024-05-29T20:12:57.188+0000][20776][gc,age      ] GC(88) - age  13:        984 bytes,    2572896 total
[2024-05-29T20:12:57.188+0000][20776][gc,age      ] GC(88) - age  14:     382008 bytes,    2954904 total
[2024-05-29T20:12:57.188+0000][20776][gc,age      ] GC(88) - age  15:       1008 bytes,    2955912 total
[2024-05-29T20:12:57.188+0000][20776][gc,heap     ] GC(88) Eden regions: 605->0(605)
[2024-05-29T20:12:57.188+0000][20776][gc,heap     ] GC(88) Survivor regions: 1->1(76)
[2024-05-29T20:12:57.188+0000][20776][gc,heap     ] GC(88) Old regions: 51->51
[2024-05-29T20:12:57.188+0000][20776][gc,heap     ] GC(88) Archive regions: 0->0
[2024-05-29T20:12:57.189+0000][20776][gc,heap     ] GC(88) Humongous regions: 2->2
[2024-05-29T20:12:57.189+0000][20776][gc,metaspace] GC(88) Metaspace: 134372K(138112K)->134372K(138112K) NonClass: 116619K(118528K)->116619K(118528K) Class: 17752K(19584K)->17752K(19584K)
[2024-05-29T20:12:57.189+0000][20776][gc          ] GC(88) Pause Young (Normal) (G1 Evacuation Pause) 2632M->211M(4040M) 16.543ms
[2024-05-29T20:12:57.189+0000][20776][gc,cpu      ] GC(88) User=0.02s Sys=0.05s Real=0.02s
[2024-05-29T20:12:57.189+0000][20776][safepoint   ] Safepoint "G1CollectForAllocation", Time since last: 90429028700 ns, Reaching safepoint: 179100 ns, At safepoint: 16888600 ns, Total: 17067700 ns
[2024-05-29T20:23:57.774+0000][20776][safepoint   ] Safepoint "Cleanup", Time since last: 660578400400 ns, Reaching safepoint: 6683600 ns, At safepoint: 68600 ns, Total: 6752200 ns
[2024-05-29T20:24:26.042+0000][20776][safepoint   ] Safepoint "Cleanup", Time since last: 28268179000 ns, Reaching safepoint: 190700 ns, At safepoint: 66700 ns, Total: 257400 ns
[2024-05-29T20:24:29.055+0000][20776][safepoint   ] Safepoint "Cleanup", Time since last: 3012302200 ns, Reaching safepoint: 470900 ns, At safepoint: 87700 ns, Total: 558600 ns
[2024-05-29T20:26:35.294+0000][20776][gc,start    ] GC(89) Pause Young (Normal) (G1 Evacuation Pause)
[2024-05-29T20:26:35.297+0000][20776][gc,task     ] GC(89) Using 8 workers of 8 for evacuation
[2024-05-29T20:26:35.297+0000][20776][gc,age      ] GC(89) Desired survivor size 159383552 bytes, new threshold 15 (max threshold 15)
[2024-05-29T20:26:35.395+0000][20776][gc,phases   ] GC(89)   Pre Evacuate Collection Set: 12.7ms
[2024-05-29T20:26:35.395+0000][20776][gc,phases   ] GC(89)   Merge Heap Roots: 1.5ms
[2024-05-29T20:26:35.395+0000][20776][gc,phases   ] GC(89)   Evacuate Collection Set: 64.2ms
[2024-05-29T20:26:35.395+0000][20776][gc,phases   ] GC(89)   Post Evacuate Collection Set: 14.3ms
[2024-05-29T20:26:35.395+0000][20776][gc,phases   ] GC(89)   Other: 8.1ms
[2024-05-29T20:26:35.395+0000][20776][gc,age      ] GC(89) Age table with threshold 15 (max threshold 15)
[2024-05-29T20:26:35.395+0000][20776][gc,age      ] GC(89) - age   1:    1213688 bytes,    1213688 total
[2024-05-29T20:26:35.395+0000][20776][gc,age      ] GC(89) - age   2:      15088 bytes,    1228776 total
[2024-05-29T20:26:35.395+0000][20776][gc,age      ] GC(89) - age   3:     164904 bytes,    1393680 total
[2024-05-29T20:26:35.395+0000][20776][gc,age      ] GC(89) - age   4:    1338496 bytes,    2732176 total
[2024-05-29T20:26:35.395+0000][20776][gc,age      ] GC(89) - age   5:        224 bytes,    2732400 total
[2024-05-29T20:26:35.395+0000][20776][gc,age      ] GC(89) - age   6:     145184 bytes,    2877584 total
[2024-05-29T20:26:35.395+0000][20776][gc,age      ] GC(89) - age   7:        352 bytes,    2877936 total
[2024-05-29T20:26:35.395+0000][20776][gc,age      ] GC(89) - age   8:       1200 bytes,    2879136 total
[2024-05-29T20:26:35.395+0000][20776][gc,age      ] GC(89) - age   9:        768 bytes,    2879904 total
[2024-05-29T20:26:35.395+0000][20776][gc,age      ] GC(89) - age  10:        648 bytes,    2880552 total
[2024-05-29T20:26:35.395+0000][20776][gc,age      ] GC(89) - age  11:        736 bytes,    2881288 total
[2024-05-29T20:26:35.395+0000][20776][gc,age      ] GC(89) - age  12:        416 bytes,    2881704 total
[2024-05-29T20:26:35.395+0000][20776][gc,age      ] GC(89) - age  13:        816 bytes,    2882520 total
[2024-05-29T20:26:35.395+0000][20776][gc,age      ] GC(89) - age  14:        984 bytes,    2883504 total
[2024-05-29T20:26:35.395+0000][20776][gc,age      ] GC(89) - age  15:     382008 bytes,    3265512 total
[2024-05-29T20:26:35.395+0000][20776][gc,heap     ] GC(89) Eden regions: 605->0(605)
[2024-05-29T20:26:35.396+0000][20776][gc,heap     ] GC(89) Survivor regions: 1->1(76)
[2024-05-29T20:26:35.396+0000][20776][gc,heap     ] GC(89) Old regions: 51->51
[2024-05-29T20:26:35.396+0000][20776][gc,heap     ] GC(89) Archive regions: 0->0
[2024-05-29T20:26:35.396+0000][20776][gc,heap     ] GC(89) Humongous regions: 2->2
[2024-05-29T20:26:35.396+0000][20776][gc,metaspace] GC(89) Metaspace: 134373K(138112K)->134373K(138112K) NonClass: 116621K(118528K)->116621K(118528K) Class: 17752K(19584K)->17752K(19584K)
[2024-05-29T20:26:35.396+0000][20776][gc          ] GC(89) Pause Young (Normal) (G1 Evacuation Pause) 2631M->211M(4040M) 101.966ms
[2024-05-29T20:26:35.396+0000][20776][gc,cpu      ] GC(89) User=0.03s Sys=0.23s Real=0.10s
[2024-05-29T20:26:35.396+0000][20776][safepoint   ] Safepoint "G1CollectForAllocation", Time since last: 126237972000 ns, Reaching safepoint: 269900 ns, At safepoint: 103114700 ns, Total: 103384600 ns
[2024-05-29T20:27:45.924+0000][20776][safepoint   ] Safepoint "Cleanup", Time since last: 70527193000 ns, Reaching safepoint: 189800 ns, At safepoint: 43500 ns, Total: 233300 ns
[2024-05-29T20:27:49.942+0000][20776][safepoint   ] Safepoint "Cleanup", Time since last: 4018253100 ns, Reaching safepoint: 437000 ns, At safepoint: 30900 ns, Total: 467900 ns
[2024-05-29T20:29:16.731+0000][20776][safepoint   ] Safepoint "Cleanup", Time since last: 86788138100 ns, Reaching safepoint: 158400 ns, At safepoint: 12400 ns, Total: 170800 ns
[2024-05-29T20:29:20.769+0000][20776][safepoint   ] Safepoint "Cleanup", Time since last: 4037592300 ns, Reaching safepoint: 152800 ns, At safepoint: 15200 ns, Total: 168000 ns
[2024-05-29T20:29:21.780+0000][20776][safepoint   ] Safepoint "Cleanup", Time since last: 1010959600 ns, Reaching safepoint: 82300 ns, At safepoint: 14600 ns, Total: 96900 ns
[2024-05-29T20:31:26.988+0000][20776][safepoint   ] Safepoint "Cleanup", Time since last: 125191824400 ns, Reaching safepoint: 15916600 ns, At safepoint: 61800 ns, Total: 15978400 ns
[2024-05-29T20:33:48.134+0000][20776][safepoint   ] Safepoint "Cleanup", Time since last: 141145607000 ns, Reaching safepoint: 88200 ns, At safepoint: 18100 ns, Total: 106300 ns
[2024-05-29T20:33:50.162+0000][20776][safepoint   ] Safepoint "Cleanup", Time since last: 2027818500 ns, Reaching safepoint: 139000 ns, At safepoint: 63800 ns, Total: 202800 ns
[2024-05-29T20:35:01.820+0000][20776][safepoint   ] Safepoint "Cleanup", Time since last: 71658138900 ns, Reaching safepoint: 77000 ns, At safepoint: 16400 ns, Total: 93400 ns
[2024-05-29T20:36:56.783+0000][20776][safepoint   ] Safepoint "Cleanup", Time since last: 114963288000 ns, Reaching safepoint: 174900 ns, At safepoint: 18100 ns, Total: 193000 ns
[2024-05-29T20:37:31.046+0000][20776][safepoint   ] Safepoint "Cleanup", Time since last: 34262161300 ns, Reaching safepoint: 154300 ns, At safepoint: 12200 ns, Total: 166500 ns
[2024-05-29T20:39:39.853+0000][20776][gc,start    ] GC(90) Pause Young (Normal) (G1 Evacuation Pause)
[2024-05-29T20:39:39.853+0000][20776][gc,task     ] GC(90) Using 8 workers of 8 for evacuation
[2024-05-29T20:39:39.853+0000][20776][gc,age      ] GC(90) Desired survivor size 159383552 bytes, new threshold 15 (max threshold 15)
[2024-05-29T20:39:39.865+0000][20776][gc,phases   ] GC(90)   Pre Evacuate Collection Set: 0.3ms
[2024-05-29T20:39:39.865+0000][20776][gc,phases   ] GC(90)   Merge Heap Roots: 0.5ms
[2024-05-29T20:39:39.865+0000][20776][gc,phases   ] GC(90)   Evacuate Collection Set: 8.5ms
[2024-05-29T20:39:39.865+0000][20776][gc,phases   ] GC(90)   Post Evacuate Collection Set: 1.6ms
[2024-05-29T20:39:39.865+0000][20776][gc,phases   ] GC(90)   Other: 0.4ms
[2024-05-29T20:39:39.866+0000][20776][gc,age      ] GC(90) Age table with threshold 15 (max threshold 15)
[2024-05-29T20:39:39.866+0000][20776][gc,age      ] GC(90) - age   1:    2437456 bytes,    2437456 total
[2024-05-29T20:39:39.866+0000][20776][gc,age      ] GC(90) - age   2:      12904 bytes,    2450360 total
[2024-05-29T20:39:39.866+0000][20776][gc,age      ] GC(90) - age   3:       2144 bytes,    2452504 total
[2024-05-29T20:39:39.866+0000][20776][gc,age      ] GC(90) - age   4:        824 bytes,    2453328 total
[2024-05-29T20:39:39.866+0000][20776][gc,age      ] GC(90) - age   5:    1099304 bytes,    3552632 total
[2024-05-29T20:39:39.866+0000][20776][gc,age      ] GC(90) - age   6:        224 bytes,    3552856 total
[2024-05-29T20:39:39.866+0000][20776][gc,age      ] GC(90) - age   7:     137048 bytes,    3689904 total
[2024-05-29T20:39:39.866+0000][20776][gc,age      ] GC(90) - age   8:        352 bytes,    3690256 total
[2024-05-29T20:39:39.866+0000][20776][gc,age      ] GC(90) - age   9:       1120 bytes,    3691376 total
[2024-05-29T20:39:39.866+0000][20776][gc,age      ] GC(90) - age  10:        768 bytes,    3692144 total
[2024-05-29T20:39:39.866+0000][20776][gc,age      ] GC(90) - age  11:        624 bytes,    3692768 total
[2024-05-29T20:39:39.866+0000][20776][gc,age      ] GC(90) - age  12:        736 bytes,    3693504 total
[2024-05-29T20:39:39.866+0000][20776][gc,age      ] GC(90) - age  13:        256 bytes,    3693760 total
[2024-05-29T20:39:39.866+0000][20776][gc,age      ] GC(90) - age  14:        816 bytes,    3694576 total
[2024-05-29T20:39:39.866+0000][20776][gc,age      ] GC(90) - age  15:        928 bytes,    3695504 total
[2024-05-29T20:39:39.866+0000][20776][gc,heap     ] GC(90) Eden regions: 605->0(605)
[2024-05-29T20:39:39.866+0000][20776][gc,heap     ] GC(90) Survivor regions: 1->1(76)
[2024-05-29T20:39:39.866+0000][20776][gc,heap     ] GC(90) Old regions: 51->51
[2024-05-29T20:39:39.866+0000][20776][gc,heap     ] GC(90) Archive regions: 0->0
[2024-05-29T20:39:39.866+0000][20776][gc,heap     ] GC(90) Humongous regions: 2->2
[2024-05-29T20:39:39.866+0000][20776][gc,metaspace] GC(90) Metaspace: 134376K(138112K)->134376K(138112K) NonClass: 116623K(118528K)->116623K(118528K) Class: 17752K(19584K)->17752K(19584K)
[2024-05-29T20:39:39.866+0000][20776][gc          ] GC(90) Pause Young (Normal) (G1 Evacuation Pause) 2631M->212M(4040M) 12.139ms
[2024-05-29T20:39:39.866+0000][20776][gc,cpu      ] GC(90) User=0.09s Sys=0.00s Real=0.01s
[2024-05-29T20:39:39.866+0000][20776][safepoint   ] Safepoint "G1CollectForAllocation", Time since last: 128807938500 ns, Reaching safepoint: 168700 ns, At safepoint: 12381500 ns, Total: 12550200 ns
[2024-05-29T20:50:46.290+0000][20776][safepoint   ] Safepoint "Cleanup", Time since last: 672080142200 ns, Reaching safepoint: 12500900 ns, At safepoint: 50400 ns, Total: 12551300 ns
[2024-05-29T20:53:51.470+0000][20776][gc,start    ] GC(91) Pause Young (Normal) (G1 Evacuation Pause)
[2024-05-29T20:53:51.470+0000][20776][gc,task     ] GC(91) Using 8 workers of 8 for evacuation
[2024-05-29T20:53:51.470+0000][20776][gc,age      ] GC(91) Desired survivor size 159383552 bytes, new threshold 15 (max threshold 15)
[2024-05-29T20:53:51.530+0000][20776][gc,phases   ] GC(91)   Pre Evacuate Collection Set: 1.9ms
[2024-05-29T20:53:51.530+0000][20776][gc,phases   ] GC(91)   Merge Heap Roots: 0.5ms
[2024-05-29T20:53:51.530+0000][20776][gc,phases   ] GC(91)   Evacuate Collection Set: 52.0ms
[2024-05-29T20:53:51.530+0000][20776][gc,phases   ] GC(91)   Post Evacuate Collection Set: 3.6ms
[2024-05-29T20:53:51.530+0000][20776][gc,phases   ] GC(91)   Other: 1.9ms
[2024-05-29T20:53:51.530+0000][20776][gc,age      ] GC(91) Age table with threshold 15 (max threshold 15)
[2024-05-29T20:53:51.530+0000][20776][gc,age      ] GC(91) - age   1:    2117968 bytes,    2117968 total
[2024-05-29T20:53:51.530+0000][20776][gc,age      ] GC(91) - age   2:     718272 bytes,    2836240 total
[2024-05-29T20:53:51.530+0000][20776][gc,age      ] GC(91) - age   3:      11448 bytes,    2847688 total
[2024-05-29T20:53:51.530+0000][20776][gc,age      ] GC(91) - age   4:       2080 bytes,    2849768 total
[2024-05-29T20:53:51.530+0000][20776][gc,age      ] GC(91) - age   5:        456 bytes,    2850224 total
[2024-05-29T20:53:51.530+0000][20776][gc,age      ] GC(91) - age   6:    1099032 bytes,    3949256 total
[2024-05-29T20:53:51.530+0000][20776][gc,age      ] GC(91) - age   7:        224 bytes,    3949480 total
[2024-05-29T20:53:51.530+0000][20776][gc,age      ] GC(91) - age   8:     137048 bytes,    4086528 total
[2024-05-29T20:53:51.530+0000][20776][gc,age      ] GC(91) - age   9:        272 bytes,    4086800 total
[2024-05-29T20:53:51.530+0000][20776][gc,age      ] GC(91) - age  10:       1120 bytes,    4087920 total
[2024-05-29T20:53:51.530+0000][20776][gc,age      ] GC(91) - age  11:        768 bytes,    4088688 total
[2024-05-29T20:53:51.530+0000][20776][gc,age      ] GC(91) - age  12:        416 bytes,    4089104 total
[2024-05-29T20:53:51.530+0000][20776][gc,age      ] GC(91) - age  13:        736 bytes,    4089840 total
[2024-05-29T20:53:51.530+0000][20776][gc,age      ] GC(91) - age  14:        256 bytes,    4090096 total
[2024-05-29T20:53:51.530+0000][20776][gc,age      ] GC(91) - age  15:        736 bytes,    4090832 total
[2024-05-29T20:53:51.530+0000][20776][gc,heap     ] GC(91) Eden regions: 605->0(604)
[2024-05-29T20:53:51.530+0000][20776][gc,heap     ] GC(91) Survivor regions: 1->2(76)
[2024-05-29T20:53:51.530+0000][20776][gc,heap     ] GC(91) Old regions: 51->51
[2024-05-29T20:53:51.530+0000][20776][gc,heap     ] GC(91) Archive regions: 0->0
[2024-05-29T20:53:51.530+0000][20776][gc,heap     ] GC(91) Humongous regions: 2->2
[2024-05-29T20:53:51.530+0000][20776][gc,metaspace] GC(91) Metaspace: 134378K(138112K)->134378K(138112K) NonClass: 116625K(118528K)->116625K(118528K) Class: 17752K(19584K)->17752K(19584K)
[2024-05-29T20:53:51.531+0000][20776][gc          ] GC(91) Pause Young (Normal) (G1 Evacuation Pause) 2632M->212M(4040M) 60.498ms
[2024-05-29T20:53:51.531+0000][20776][gc,cpu      ] GC(91) User=0.00s Sys=0.11s Real=0.06s
[2024-05-29T20:53:51.531+0000][20776][safepoint   ] Safepoint "G1CollectForAllocation", Time since last: 185192846400 ns, Reaching safepoint: 140000 ns, At safepoint: 61138000 ns, Total: 61278000 ns
[2024-05-29T20:59:45.312+0000][20776][safepoint   ] Safepoint "Cleanup", Time since last: 353780603900 ns, Reaching safepoint: 179000 ns, At safepoint: 25300 ns, Total: 204300 ns
[2024-05-29T21:06:47.425+0000][20776][gc,start    ] GC(92) Pause Young (Normal) (G1 Evacuation Pause)
[2024-05-29T21:06:47.426+0000][20776][gc,task     ] GC(92) Using 8 workers of 8 for evacuation
[2024-05-29T21:06:47.426+0000][20776][gc,age      ] GC(92) Desired survivor size 159383552 bytes, new threshold 15 (max threshold 15)
[2024-05-29T21:06:47.431+0000][20776][gc,phases   ] GC(92)   Pre Evacuate Collection Set: 0.6ms
[2024-05-29T21:06:47.431+0000][20776][gc,phases   ] GC(92)   Merge Heap Roots: 0.2ms
[2024-05-29T21:06:47.431+0000][20776][gc,phases   ] GC(92)   Evacuate Collection Set: 3.2ms
[2024-05-29T21:06:47.431+0000][20776][gc,phases   ] GC(92)   Post Evacuate Collection Set: 0.8ms
[2024-05-29T21:06:47.431+0000][20776][gc,phases   ] GC(92)   Other: 0.2ms
[2024-05-29T21:06:47.431+0000][20776][gc,age      ] GC(92) Age table with threshold 15 (max threshold 15)
[2024-05-29T21:06:47.431+0000][20776][gc,age      ] GC(92) - age   1:    1283800 bytes,    1283800 total
[2024-05-29T21:06:47.431+0000][20776][gc,age      ] GC(92) - age   2:     260992 bytes,    1544792 total
[2024-05-29T21:06:47.431+0000][20776][gc,age      ] GC(92) - age   3:     715160 bytes,    2259952 total
[2024-05-29T21:06:47.431+0000][20776][gc,age      ] GC(92) - age   4:      11384 bytes,    2271336 total
[2024-05-29T21:06:47.431+0000][20776][gc,age      ] GC(92) - age   5:       2080 bytes,    2273416 total
[2024-05-29T21:06:47.431+0000][20776][gc,age      ] GC(92) - age   6:        376 bytes,    2273792 total
[2024-05-29T21:06:47.431+0000][20776][gc,age      ] GC(92) - age   7:    1098952 bytes,    3372744 total
[2024-05-29T21:06:47.431+0000][20776][gc,age      ] GC(92) - age   8:        144 bytes,    3372888 total
[2024-05-29T21:06:47.431+0000][20776][gc,age      ] GC(92) - age   9:     137048 bytes,    3509936 total
[2024-05-29T21:06:47.431+0000][20776][gc,age      ] GC(92) - age  10:        192 bytes,    3510128 total
[2024-05-29T21:06:47.431+0000][20776][gc,age      ] GC(92) - age  11:       1120 bytes,    3511248 total
[2024-05-29T21:06:47.431+0000][20776][gc,age      ] GC(92) - age  12:        768 bytes,    3512016 total
[2024-05-29T21:06:47.431+0000][20776][gc,age      ] GC(92) - age  13:        416 bytes,    3512432 total
[2024-05-29T21:06:47.431+0000][20776][gc,age      ] GC(92) - age  14:        736 bytes,    3513168 total
[2024-05-29T21:06:47.431+0000][20776][gc,age      ] GC(92) - age  15:        256 bytes,    3513424 total
[2024-05-29T21:06:47.431+0000][20776][gc,heap     ] GC(92) Eden regions: 604->0(605)
[2024-05-29T21:06:47.431+0000][20776][gc,heap     ] GC(92) Survivor regions: 2->1(76)
[2024-05-29T21:06:47.431+0000][20776][gc,heap     ] GC(92) Old regions: 51->51
[2024-05-29T21:06:47.431+0000][20776][gc,heap     ] GC(92) Archive regions: 0->0
[2024-05-29T21:06:47.431+0000][20776][gc,heap     ] GC(92) Humongous regions: 2->2
[2024-05-29T21:06:47.431+0000][20776][gc,metaspace] GC(92) Metaspace: 134378K(138112K)->134378K(138112K) NonClass: 116626K(118528K)->116626K(118528K) Class: 17752K(19584K)->17752K(19584K)
[2024-05-29T21:06:47.431+0000][20776][gc          ] GC(92) Pause Young (Normal) (G1 Evacuation Pause) 2628M->212M(4040M) 5.767ms
[2024-05-29T21:06:47.431+0000][20776][gc,cpu      ] GC(92) User=0.00s Sys=0.00s Real=0.01s
[2024-05-29T21:06:47.431+0000][20776][safepoint   ] Safepoint "G1CollectForAllocation", Time since last: 422113746900 ns, Reaching safepoint: 63000 ns, At safepoint: 5891800 ns, Total: 5954800 ns
[2024-05-29T21:13:57.017+0000][20776][safepoint   ] Safepoint "Cleanup", Time since last: 429584967200 ns, Reaching safepoint: 263600 ns, At safepoint: 20700 ns, Total: 284300 ns
[2024-05-29T21:19:45.996+0000][20776][gc,start    ] GC(93) Pause Young (Normal) (G1 Evacuation Pause)
[2024-05-29T21:19:45.996+0000][20776][gc,task     ] GC(93) Using 8 workers of 8 for evacuation
[2024-05-29T21:19:45.996+0000][20776][gc,age      ] GC(93) Desired survivor size 159383552 bytes, new threshold 15 (max threshold 15)
[2024-05-29T21:19:46.005+0000][20776][gc,phases   ] GC(93)   Pre Evacuate Collection Set: 0.4ms
[2024-05-29T21:19:46.005+0000][20776][gc,phases   ] GC(93)   Merge Heap Roots: 0.2ms
[2024-05-29T21:19:46.005+0000][20776][gc,phases   ] GC(93)   Evacuate Collection Set: 6.5ms
[2024-05-29T21:19:46.005+0000][20776][gc,phases   ] GC(93)   Post Evacuate Collection Set: 1.4ms
[2024-05-29T21:19:46.005+0000][20776][gc,phases   ] GC(93)   Other: 0.2ms
[2024-05-29T21:19:46.005+0000][20776][gc,age      ] GC(93) Age table with threshold 15 (max threshold 15)
[2024-05-29T21:19:46.005+0000][20776][gc,age      ] GC(93) - age   1:    1166584 bytes,    1166584 total
[2024-05-29T21:19:46.005+0000][20776][gc,age      ] GC(93) - age   2:     254728 bytes,    1421312 total
[2024-05-29T21:19:46.005+0000][20776][gc,age      ] GC(93) - age   3:     259112 bytes,    1680424 total
[2024-05-29T21:19:46.005+0000][20776][gc,age      ] GC(93) - age   4:     715040 bytes,    2395464 total
[2024-05-29T21:19:46.005+0000][20776][gc,age      ] GC(93) - age   5:      11384 bytes,    2406848 total
[2024-05-29T21:19:46.005+0000][20776][gc,age      ] GC(93) - age   6:       2080 bytes,    2408928 total
[2024-05-29T21:19:46.005+0000][20776][gc,age      ] GC(93) - age   7:        376 bytes,    2409304 total
[2024-05-29T21:19:46.005+0000][20776][gc,age      ] GC(93) - age   8:    1098952 bytes,    3508256 total
[2024-05-29T21:19:46.005+0000][20776][gc,age      ] GC(93) - age   9:         64 bytes,    3508320 total
[2024-05-29T21:19:46.005+0000][20776][gc,age      ] GC(93) - age  10:     137048 bytes,    3645368 total
[2024-05-29T21:19:46.005+0000][20776][gc,age      ] GC(93) - age  11:        192 bytes,    3645560 total
[2024-05-29T21:19:46.005+0000][20776][gc,age      ] GC(93) - age  12:       1040 bytes,    3646600 total
[2024-05-29T21:19:46.005+0000][20776][gc,age      ] GC(93) - age  13:        688 bytes,    3647288 total
[2024-05-29T21:19:46.005+0000][20776][gc,age      ] GC(93) - age  14:        416 bytes,    3647704 total
[2024-05-29T21:19:46.005+0000][20776][gc,age      ] GC(93) - age  15:        736 bytes,    3648440 total
[2024-05-29T21:19:46.005+0000][20776][gc,heap     ] GC(93) Eden regions: 605->0(605)
[2024-05-29T21:19:46.005+0000][20776][gc,heap     ] GC(93) Survivor regions: 1->1(76)
[2024-05-29T21:19:46.005+0000][20776][gc,heap     ] GC(93) Old regions: 51->51
[2024-05-29T21:19:46.005+0000][20776][gc,heap     ] GC(93) Archive regions: 0->0
[2024-05-29T21:19:46.006+0000][20776][gc,heap     ] GC(93) Humongous regions: 2->2
[2024-05-29T21:19:46.006+0000][20776][gc,metaspace] GC(93) Metaspace: 134378K(138112K)->134378K(138112K) NonClass: 116626K(118528K)->116626K(118528K) Class: 17752K(19584K)->17752K(19584K)
[2024-05-29T21:19:46.006+0000][20776][gc          ] GC(93) Pause Young (Normal) (G1 Evacuation Pause) 2632M->212M(4040M) 9.224ms
[2024-05-29T21:19:46.006+0000][20776][gc,cpu      ] GC(93) User=0.11s Sys=0.00s Real=0.01s
[2024-05-29T21:19:46.006+0000][20776][safepoint   ] Safepoint "G1CollectForAllocation", Time since last: 348979255900 ns, Reaching safepoint: 395900 ns, At safepoint: 9452600 ns, Total: 9848500 ns
[2024-05-29T21:23:43.071+0000][20776][safepoint   ] Safepoint "Cleanup", Time since last: 237065079700 ns, Reaching safepoint: 152300 ns, At safepoint: 16700 ns, Total: 169000 ns
[2024-05-29T21:32:34.459+0000][20776][gc,start    ] GC(94) Pause Young (Normal) (G1 Evacuation Pause)
[2024-05-29T21:32:34.459+0000][20776][gc,task     ] GC(94) Using 8 workers of 8 for evacuation
[2024-05-29T21:32:34.460+0000][20776][gc,age      ] GC(94) Desired survivor size 159383552 bytes, new threshold 15 (max threshold 15)
[2024-05-29T21:32:34.489+0000][20776][gc,phases   ] GC(94)   Pre Evacuate Collection Set: 0.9ms
[2024-05-29T21:32:34.489+0000][20776][gc,phases   ] GC(94)   Merge Heap Roots: 0.2ms
[2024-05-29T21:32:34.489+0000][20776][gc,phases   ] GC(94)   Evacuate Collection Set: 26.0ms
[2024-05-29T21:32:34.489+0000][20776][gc,phases   ] GC(94)   Post Evacuate Collection Set: 2.8ms
[2024-05-29T21:32:34.489+0000][20776][gc,phases   ] GC(94)   Other: 0.3ms
[2024-05-29T21:32:34.489+0000][20776][gc,age      ] GC(94) Age table with threshold 15 (max threshold 15)
[2024-05-29T21:32:34.489+0000][20776][gc,age      ] GC(94) - age   1:    1523024 bytes,    1523024 total
[2024-05-29T21:32:34.489+0000][20776][gc,age      ] GC(94) - age   2:      31280 bytes,    1554304 total
[2024-05-29T21:32:34.489+0000][20776][gc,age      ] GC(94) - age   3:     252232 bytes,    1806536 total
[2024-05-29T21:32:34.489+0000][20776][gc,age      ] GC(94) - age   4:     259032 bytes,    2065568 total
[2024-05-29T21:32:34.489+0000][20776][gc,age      ] GC(94) - age   5:     714864 bytes,    2780432 total
[2024-05-29T21:32:34.489+0000][20776][gc,age      ] GC(94) - age   6:      11288 bytes,    2791720 total
[2024-05-29T21:32:34.489+0000][20776][gc,age      ] GC(94) - age   7:       1920 bytes,    2793640 total
[2024-05-29T21:32:34.489+0000][20776][gc,age      ] GC(94) - age   8:        376 bytes,    2794016 total
[2024-05-29T21:32:34.489+0000][20776][gc,age      ] GC(94) - age   9:    1098872 bytes,    3892888 total
[2024-05-29T21:32:34.489+0000][20776][gc,age      ] GC(94) - age  10:         64 bytes,    3892952 total
[2024-05-29T21:32:34.489+0000][20776][gc,age      ] GC(94) - age  11:     136912 bytes,    4029864 total
[2024-05-29T21:32:34.489+0000][20776][gc,age      ] GC(94) - age  12:         80 bytes,    4029944 total
[2024-05-29T21:32:34.489+0000][20776][gc,age      ] GC(94) - age  13:       1040 bytes,    4030984 total
[2024-05-29T21:32:34.489+0000][20776][gc,age      ] GC(94) - age  14:        688 bytes,    4031672 total
[2024-05-29T21:32:34.489+0000][20776][gc,age      ] GC(94) - age  15:        256 bytes,    4031928 total
[2024-05-29T21:32:34.489+0000][20776][gc,heap     ] GC(94) Eden regions: 605->0(604)
[2024-05-29T21:32:34.489+0000][20776][gc,heap     ] GC(94) Survivor regions: 1->2(76)
[2024-05-29T21:32:34.489+0000][20776][gc,heap     ] GC(94) Old regions: 51->51
[2024-05-29T21:32:34.489+0000][20776][gc,heap     ] GC(94) Archive regions: 0->0
[2024-05-29T21:32:34.489+0000][20776][gc,heap     ] GC(94) Humongous regions: 2->2
[2024-05-29T21:32:34.489+0000][20776][gc,metaspace] GC(94) Metaspace: 134380K(138112K)->134380K(138112K) NonClass: 116627K(118528K)->116627K(118528K) Class: 17752K(19584K)->17752K(19584K)
[2024-05-29T21:32:34.491+0000][20776][gc          ] GC(94) Pause Young (Normal) (G1 Evacuation Pause) 2632M->213M(4040M) 31.401ms
[2024-05-29T21:32:34.491+0000][20776][gc,cpu      ] GC(94) User=0.08s Sys=0.03s Real=0.03s
[2024-05-29T21:32:34.491+0000][20776][safepoint   ] Safepoint "G1CollectForAllocation", Time since last: 531386807800 ns, Reaching safepoint: 947100 ns, At safepoint: 32215000 ns, Total: 33162100 ns
[2024-05-29T21:37:43.923+0000][20776][safepoint   ] Safepoint "Cleanup", Time since last: 309432050500 ns, Reaching safepoint: 138800 ns, At safepoint: 75800 ns, Total: 214600 ns
[2024-05-29T21:45:06.204+0000][20776][gc,start    ] GC(95) Pause Young (Normal) (G1 Evacuation Pause)
[2024-05-29T21:45:06.204+0000][20776][gc,task     ] GC(95) Using 8 workers of 8 for evacuation
[2024-05-29T21:45:06.204+0000][20776][gc,age      ] GC(95) Desired survivor size 159383552 bytes, new threshold 15 (max threshold 15)
[2024-05-29T21:45:06.218+0000][20776][gc,phases   ] GC(95)   Pre Evacuate Collection Set: 0.4ms
[2024-05-29T21:45:06.218+0000][20776][gc,phases   ] GC(95)   Merge Heap Roots: 0.3ms
[2024-05-29T21:45:06.218+0000][20776][gc,phases   ] GC(95)   Evacuate Collection Set: 5.5ms
[2024-05-29T21:45:06.218+0000][20776][gc,phases   ] GC(95)   Post Evacuate Collection Set: 5.0ms
[2024-05-29T21:45:06.218+0000][20776][gc,phases   ] GC(95)   Other: 2.5ms
[2024-05-29T21:45:06.218+0000][20776][gc,age      ] GC(95) Age table with threshold 15 (max threshold 15)
[2024-05-29T21:45:06.218+0000][20776][gc,age      ] GC(95) - age   1:    1965296 bytes,    1965296 total
[2024-05-29T21:45:06.218+0000][20776][gc,age      ] GC(95) - age   2:       2328 bytes,    1967624 total
[2024-05-29T21:45:06.218+0000][20776][gc,age      ] GC(95) - age   3:       1056 bytes,    1968680 total
[2024-05-29T21:45:06.218+0000][20776][gc,age      ] GC(95) - age   4:      75792 bytes,    2044472 total
[2024-05-29T21:45:06.218+0000][20776][gc,age      ] GC(95) - age   5:     249800 bytes,    2294272 total
[2024-05-29T21:45:06.218+0000][20776][gc,age      ] GC(95) - age   6:     618896 bytes,    2913168 total
[2024-05-29T21:45:06.218+0000][20776][gc,age      ] GC(95) - age   7:       3112 bytes,    2916280 total
[2024-05-29T21:45:06.218+0000][20776][gc,age      ] GC(95) - age   8:       1920 bytes,    2918200 total
[2024-05-29T21:45:06.218+0000][20776][gc,age      ] GC(95) - age   9:        376 bytes,    2918576 total
[2024-05-29T21:45:06.218+0000][20776][gc,age      ] GC(95) - age  10:     967784 bytes,    3886360 total
[2024-05-29T21:45:06.218+0000][20776][gc,age      ] GC(95) - age  11:         64 bytes,    3886424 total
[2024-05-29T21:45:06.218+0000][20776][gc,age      ] GC(95) - age  12:     136832 bytes,    4023256 total
[2024-05-29T21:45:06.218+0000][20776][gc,age      ] GC(95) - age  13:         80 bytes,    4023336 total
[2024-05-29T21:45:06.218+0000][20776][gc,age      ] GC(95) - age  14:       1040 bytes,    4024376 total
[2024-05-29T21:45:06.218+0000][20776][gc,age      ] GC(95) - age  15:        688 bytes,    4025064 total
[2024-05-29T21:45:06.218+0000][20776][gc,heap     ] GC(95) Eden regions: 604->0(604)
[2024-05-29T21:45:06.218+0000][20776][gc,heap     ] GC(95) Survivor regions: 2->2(76)
[2024-05-29T21:45:06.218+0000][20776][gc,heap     ] GC(95) Old regions: 51->51
[2024-05-29T21:45:06.218+0000][20776][gc,heap     ] GC(95) Archive regions: 0->0
[2024-05-29T21:45:06.218+0000][20776][gc,heap     ] GC(95) Humongous regions: 2->2
[2024-05-29T21:45:06.218+0000][20776][gc,metaspace] GC(95) Metaspace: 134381K(138112K)->134381K(138112K) NonClass: 116628K(118528K)->116628K(118528K) Class: 17752K(19584K)->17752K(19584K)
[2024-05-29T21:45:06.218+0000][20776][gc          ] GC(95) Pause Young (Normal) (G1 Evacuation Pause) 2629M->212M(4040M) 14.392ms
[2024-05-29T21:45:06.218+0000][20776][gc,cpu      ] GC(95) User=0.00s Sys=0.05s Real=0.01s
[2024-05-29T21:45:06.219+0000][20776][safepoint   ] Safepoint "G1CollectForAllocation", Time since last: 442280893500 ns, Reaching safepoint: 349200 ns, At safepoint: 14614300 ns, Total: 14963500 ns
[2024-05-29T21:56:43.160+0000][20776][safepoint   ] Safepoint "Cleanup", Time since last: 696940575000 ns, Reaching safepoint: 267100 ns, At safepoint: 41200 ns, Total: 308300 ns
[2024-05-29T21:57:49.368+0000][20776][gc,start    ] GC(96) Pause Young (Normal) (G1 Evacuation Pause)
[2024-05-29T21:57:49.369+0000][20776][gc,task     ] GC(96) Using 8 workers of 8 for evacuation
[2024-05-29T21:57:49.369+0000][20776][gc,age      ] GC(96) Desired survivor size 159383552 bytes, new threshold 15 (max threshold 15)
[2024-05-29T21:57:49.383+0000][20776][gc,phases   ] GC(96)   Pre Evacuate Collection Set: 1.8ms
[2024-05-29T21:57:49.383+0000][20776][gc,phases   ] GC(96)   Merge Heap Roots: 0.2ms
[2024-05-29T21:57:49.383+0000][20776][gc,phases   ] GC(96)   Evacuate Collection Set: 8.4ms
[2024-05-29T21:57:49.383+0000][20776][gc,phases   ] GC(96)   Post Evacuate Collection Set: 2.9ms
[2024-05-29T21:57:49.383+0000][20776][gc,phases   ] GC(96)   Other: 0.3ms
[2024-05-29T21:57:49.383+0000][20776][gc,age      ] GC(96) Age table with threshold 15 (max threshold 15)
[2024-05-29T21:57:49.383+0000][20776][gc,age      ] GC(96) - age   1:    1952584 bytes,    1952584 total
[2024-05-29T21:57:49.383+0000][20776][gc,age      ] GC(96) - age   2:     419616 bytes,    2372200 total
[2024-05-29T21:57:49.384+0000][20776][gc,age      ] GC(96) - age   3:        808 bytes,    2373008 total
[2024-05-29T21:57:49.384+0000][20776][gc,age      ] GC(96) - age   4:       1056 bytes,    2374064 total
[2024-05-29T21:57:49.384+0000][20776][gc,age      ] GC(96) - age   5:      75536 bytes,    2449600 total
[2024-05-29T21:57:49.384+0000][20776][gc,age      ] GC(96) - age   6:     249640 bytes,    2699240 total
[2024-05-29T21:57:49.384+0000][20776][gc,age      ] GC(96) - age   7:     618816 bytes,    3318056 total
[2024-05-29T21:57:49.384+0000][20776][gc,age      ] GC(96) - age   8:       3112 bytes,    3321168 total
[2024-05-29T21:57:49.384+0000][20776][gc,age      ] GC(96) - age   9:       1920 bytes,    3323088 total
[2024-05-29T21:57:49.384+0000][20776][gc,age      ] GC(96) - age  10:        376 bytes,    3323464 total
[2024-05-29T21:57:49.384+0000][20776][gc,age      ] GC(96) - age  11:     967784 bytes,    4291248 total
[2024-05-29T21:57:49.384+0000][20776][gc,age      ] GC(96) - age  12:         64 bytes,    4291312 total
[2024-05-29T21:57:49.384+0000][20776][gc,age      ] GC(96) - age  13:     136832 bytes,    4428144 total
[2024-05-29T21:57:49.384+0000][20776][gc,age      ] GC(96) - age  15:       1040 bytes,    4429184 total
[2024-05-29T21:57:49.384+0000][20776][gc,heap     ] GC(96) Eden regions: 604->0(604)
[2024-05-29T21:57:49.384+0000][20776][gc,heap     ] GC(96) Survivor regions: 2->2(76)
[2024-05-29T21:57:49.384+0000][20776][gc,heap     ] GC(96) Old regions: 51->51
[2024-05-29T21:57:49.384+0000][20776][gc,heap     ] GC(96) Archive regions: 0->0
[2024-05-29T21:57:49.384+0000][20776][gc,heap     ] GC(96) Humongous regions: 2->2
[2024-05-29T21:57:49.384+0000][20776][gc,metaspace] GC(96) Metaspace: 134381K(138112K)->134381K(138112K) NonClass: 116628K(118528K)->116628K(118528K) Class: 17752K(19584K)->17752K(19584K)
[2024-05-29T21:57:49.384+0000][20776][gc          ] GC(96) Pause Young (Normal) (G1 Evacuation Pause) 2628M->213M(4040M) 16.639ms
[2024-05-29T21:57:49.384+0000][20776][gc,cpu      ] GC(96) User=0.00s Sys=0.00s Real=0.02s
[2024-05-29T21:57:49.384+0000][20776][safepoint   ] Safepoint "G1CollectForAllocation", Time since last: 66208002800 ns, Reaching safepoint: 152300 ns, At safepoint: 16804500 ns, Total: 16956800 ns
[2024-05-29T22:10:38.897+0000][20776][gc,start    ] GC(97) Pause Young (Normal) (G1 Evacuation Pause)
[2024-05-29T22:10:38.897+0000][20776][gc,task     ] GC(97) Using 8 workers of 8 for evacuation
[2024-05-29T22:10:38.897+0000][20776][gc,age      ] GC(97) Desired survivor size 159383552 bytes, new threshold 15 (max threshold 15)
[2024-05-29T22:10:38.907+0000][20776][gc,phases   ] GC(97)   Pre Evacuate Collection Set: 2.2ms
[2024-05-29T22:10:38.907+0000][20776][gc,phases   ] GC(97)   Merge Heap Roots: 0.1ms
[2024-05-29T22:10:38.907+0000][20776][gc,phases   ] GC(97)   Evacuate Collection Set: 4.4ms
[2024-05-29T22:10:38.907+0000][20776][gc,phases   ] GC(97)   Post Evacuate Collection Set: 3.8ms
[2024-05-29T22:10:38.907+0000][20776][gc,phases   ] GC(97)   Other: 0.2ms
[2024-05-29T22:10:38.907+0000][20776][gc,age      ] GC(97) Age table with threshold 15 (max threshold 15)
[2024-05-29T22:10:38.907+0000][20776][gc,age      ] GC(97) - age   1:    1424368 bytes,    1424368 total
[2024-05-29T22:10:38.907+0000][20776][gc,age      ] GC(97) - age   2:      31640 bytes,    1456008 total
[2024-05-29T22:10:38.907+0000][20776][gc,age      ] GC(97) - age   3:     416344 bytes,    1872352 total
[2024-05-29T22:10:38.907+0000][20776][gc,age      ] GC(97) - age   4:        576 bytes,    1872928 total
[2024-05-29T22:10:38.907+0000][20776][gc,age      ] GC(97) - age   5:        896 bytes,    1873824 total
[2024-05-29T22:10:38.907+0000][20776][gc,age      ] GC(97) - age   6:      75456 bytes,    1949280 total
[2024-05-29T22:10:38.907+0000][20776][gc,age      ] GC(97) - age   7:     249640 bytes,    2198920 total
[2024-05-29T22:10:38.907+0000][20776][gc,age      ] GC(97) - age   8:     618664 bytes,    2817584 total
[2024-05-29T22:10:38.907+0000][20776][gc,age      ] GC(97) - age   9:       3112 bytes,    2820696 total
[2024-05-29T22:10:38.907+0000][20776][gc,age      ] GC(97) - age  10:       1920 bytes,    2822616 total
[2024-05-29T22:10:38.907+0000][20776][gc,age      ] GC(97) - age  11:        376 bytes,    2822992 total
[2024-05-29T22:10:38.907+0000][20776][gc,age      ] GC(97) - age  12:     967704 bytes,    3790696 total
[2024-05-29T22:10:38.907+0000][20776][gc,age      ] GC(97) - age  13:         64 bytes,    3790760 total
[2024-05-29T22:10:38.907+0000][20776][gc,age      ] GC(97) - age  14:     136832 bytes,    3927592 total
[2024-05-29T22:10:38.907+0000][20776][gc,heap     ] GC(97) Eden regions: 604->0(604)
[2024-05-29T22:10:38.907+0000][20776][gc,heap     ] GC(97) Survivor regions: 2->2(76)
[2024-05-29T22:10:38.907+0000][20776][gc,heap     ] GC(97) Old regions: 51->51
[2024-05-29T22:10:38.907+0000][20776][gc,heap     ] GC(97) Archive regions: 0->0
[2024-05-29T22:10:38.907+0000][20776][gc,heap     ] GC(97) Humongous regions: 2->2
[2024-05-29T22:10:38.907+0000][20776][gc,metaspace] GC(97) Metaspace: 134381K(138112K)->134381K(138112K) NonClass: 116628K(118528K)->116628K(118528K) Class: 17752K(19584K)->17752K(19584K)
[2024-05-29T22:10:38.907+0000][20776][gc          ] GC(97) Pause Young (Normal) (G1 Evacuation Pause) 2629M->212M(4040M) 11.161ms
[2024-05-29T22:10:38.907+0000][20776][gc,cpu      ] GC(97) User=0.08s Sys=0.00s Real=0.01s
[2024-05-29T22:10:38.907+0000][20776][safepoint   ] Safepoint "G1CollectForAllocation", Time since last: 769511410100 ns, Reaching safepoint: 344800 ns, At safepoint: 11307900 ns, Total: 11652700 ns
[2024-05-29T22:23:16.878+0000][20776][gc,start    ] GC(98) Pause Young (Normal) (G1 Evacuation Pause)
[2024-05-29T22:23:16.878+0000][20776][gc,task     ] GC(98) Using 8 workers of 8 for evacuation
[2024-05-29T22:23:16.878+0000][20776][gc,age      ] GC(98) Desired survivor size 159383552 bytes, new threshold 15 (max threshold 15)
[2024-05-29T22:23:16.896+0000][20776][gc,phases   ] GC(98)   Pre Evacuate Collection Set: 0.3ms
[2024-05-29T22:23:16.896+0000][20776][gc,phases   ] GC(98)   Merge Heap Roots: 0.2ms
[2024-05-29T22:23:16.896+0000][20776][gc,phases   ] GC(98)   Evacuate Collection Set: 15.5ms
[2024-05-29T22:23:16.896+0000][20776][gc,phases   ] GC(98)   Post Evacuate Collection Set: 1.2ms
[2024-05-29T22:23:16.896+0000][20776][gc,phases   ] GC(98)   Other: 0.7ms
[2024-05-29T22:23:16.896+0000][20776][gc,age      ] GC(98) Age table with threshold 15 (max threshold 15)
[2024-05-29T22:23:16.896+0000][20776][gc,age      ] GC(98) - age   1:    1022184 bytes,    1022184 total
[2024-05-29T22:23:16.896+0000][20776][gc,age      ] GC(98) - age   2:       2944 bytes,    1025128 total
[2024-05-29T22:23:16.896+0000][20776][gc,age      ] GC(98) - age   3:      29512 bytes,    1054640 total
[2024-05-29T22:23:16.896+0000][20776][gc,age      ] GC(98) - age   4:     416344 bytes,    1470984 total
[2024-05-29T22:23:16.896+0000][20776][gc,age      ] GC(98) - age   5:        576 bytes,    1471560 total
[2024-05-29T22:23:16.896+0000][20776][gc,age      ] GC(98) - age   6:        896 bytes,    1472456 total
[2024-05-29T22:23:16.896+0000][20776][gc,age      ] GC(98) - age   7:      75296 bytes,    1547752 total
[2024-05-29T22:23:16.896+0000][20776][gc,age      ] GC(98) - age   8:     249640 bytes,    1797392 total
[2024-05-29T22:23:16.896+0000][20776][gc,age      ] GC(98) - age   9:     618664 bytes,    2416056 total
[2024-05-29T22:23:16.896+0000][20776][gc,age      ] GC(98) - age  10:       3112 bytes,    2419168 total
[2024-05-29T22:23:16.896+0000][20776][gc,age      ] GC(98) - age  11:       1840 bytes,    2421008 total
[2024-05-29T22:23:16.896+0000][20776][gc,age      ] GC(98) - age  12:        376 bytes,    2421384 total
[2024-05-29T22:23:16.896+0000][20776][gc,age      ] GC(98) - age  13:     967624 bytes,    3389008 total
[2024-05-29T22:23:16.896+0000][20776][gc,age      ] GC(98) - age  14:         64 bytes,    3389072 total
[2024-05-29T22:23:16.896+0000][20776][gc,age      ] GC(98) - age  15:     136832 bytes,    3525904 total
[2024-05-29T22:23:16.896+0000][20776][gc,heap     ] GC(98) Eden regions: 604->0(605)
[2024-05-29T22:23:16.896+0000][20776][gc,heap     ] GC(98) Survivor regions: 2->1(76)
[2024-05-29T22:23:16.896+0000][20776][gc,heap     ] GC(98) Old regions: 51->51
[2024-05-29T22:23:16.896+0000][20776][gc,heap     ] GC(98) Archive regions: 0->0
[2024-05-29T22:23:16.896+0000][20776][gc,heap     ] GC(98) Humongous regions: 2->2
[2024-05-29T22:23:16.897+0000][20776][gc,metaspace] GC(98) Metaspace: 134381K(138112K)->134381K(138112K) NonClass: 116628K(118528K)->116628K(118528K) Class: 17752K(19584K)->17752K(19584K)
[2024-05-29T22:23:16.897+0000][20776][gc          ] GC(98) Pause Young (Normal) (G1 Evacuation Pause) 2628M->212M(4040M) 18.424ms
[2024-05-29T22:23:16.897+0000][20776][gc,cpu      ] GC(98) User=0.02s Sys=0.00s Real=0.02s
[2024-05-29T22:23:16.897+0000][20776][safepoint   ] Safepoint "G1CollectForAllocation", Time since last: 757969768600 ns, Reaching safepoint: 305100 ns, At safepoint: 18572000 ns, Total: 18877100 ns
[2024-05-29T22:30:44.269+0000][20776][safepoint   ] Safepoint "Cleanup", Time since last: 447372474200 ns, Reaching safepoint: 204800 ns, At safepoint: 21400 ns, Total: 226200 ns
[2024-05-29T22:31:43.764+0000][20776][safepoint   ] Safepoint "Cleanup", Time since last: 59494144800 ns, Reaching safepoint: 119900 ns, At safepoint: 88600 ns, Total: 208500 ns
[2024-05-29T22:35:51.850+0000][20776][gc,start    ] GC(99) Pause Young (Normal) (G1 Evacuation Pause)
[2024-05-29T22:35:51.850+0000][20776][gc,task     ] GC(99) Using 8 workers of 8 for evacuation
[2024-05-29T22:35:51.850+0000][20776][gc,age      ] GC(99) Desired survivor size 159383552 bytes, new threshold 15 (max threshold 15)
[2024-05-29T22:35:51.878+0000][20776][gc,phases   ] GC(99)   Pre Evacuate Collection Set: 0.4ms
[2024-05-29T22:35:51.878+0000][20776][gc,phases   ] GC(99)   Merge Heap Roots: 0.3ms
[2024-05-29T22:35:51.878+0000][20776][gc,phases   ] GC(99)   Evacuate Collection Set: 25.0ms
[2024-05-29T22:35:51.878+0000][20776][gc,phases   ] GC(99)   Post Evacuate Collection Set: 2.4ms
[2024-05-29T22:35:51.878+0000][20776][gc,phases   ] GC(99)   Other: 0.8ms
[2024-05-29T22:35:51.879+0000][20776][gc,age      ] GC(99) Age table with threshold 15 (max threshold 15)
[2024-05-29T22:35:51.879+0000][20776][gc,age      ] GC(99) - age   1:    1745864 bytes,    1745864 total
[2024-05-29T22:35:51.879+0000][20776][gc,age      ] GC(99) - age   2:       2008 bytes,    1747872 total
[2024-05-29T22:35:51.879+0000][20776][gc,age      ] GC(99) - age   3:        320 bytes,    1748192 total
[2024-05-29T22:35:51.879+0000][20776][gc,age      ] GC(99) - age   4:        520 bytes,    1748712 total
[2024-05-29T22:35:51.879+0000][20776][gc,age      ] GC(99) - age   5:     182520 bytes,    1931232 total
[2024-05-29T22:35:51.879+0000][20776][gc,age      ] GC(99) - age   6:        536 bytes,    1931768 total
[2024-05-29T22:35:51.879+0000][20776][gc,age      ] GC(99) - age   7:        896 bytes,    1932664 total
[2024-05-29T22:35:51.879+0000][20776][gc,age      ] GC(99) - age   8:      74896 bytes,    2007560 total
[2024-05-29T22:35:51.879+0000][20776][gc,age      ] GC(99) - age   9:     249640 bytes,    2257200 total
[2024-05-29T22:35:51.879+0000][20776][gc,age      ] GC(99) - age  10:     614824 bytes,    2872024 total
[2024-05-29T22:35:51.879+0000][20776][gc,age      ] GC(99) - age  11:       3032 bytes,    2875056 total
[2024-05-29T22:35:51.879+0000][20776][gc,age      ] GC(99) - age  12:       1840 bytes,    2876896 total
[2024-05-29T22:35:51.879+0000][20776][gc,age      ] GC(99) - age  13:        376 bytes,    2877272 total
[2024-05-29T22:35:51.879+0000][20776][gc,age      ] GC(99) - age  14:     967560 bytes,    3844832 total
[2024-05-29T22:35:51.879+0000][20776][gc,age      ] GC(99) - age  15:         64 bytes,    3844896 total
[2024-05-29T22:35:51.879+0000][20776][gc,heap     ] GC(99) Eden regions: 605->0(604)
[2024-05-29T22:35:51.879+0000][20776][gc,heap     ] GC(99) Survivor regions: 1->2(76)
[2024-05-29T22:35:51.879+0000][20776][gc,heap     ] GC(99) Old regions: 51->51
[2024-05-29T22:35:51.879+0000][20776][gc,heap     ] GC(99) Archive regions: 0->0
[2024-05-29T22:35:51.879+0000][20776][gc,heap     ] GC(99) Humongous regions: 2->2
[2024-05-29T22:35:51.879+0000][20776][gc,metaspace] GC(99) Metaspace: 134381K(138112K)->134381K(138112K) NonClass: 116628K(118528K)->116628K(118528K) Class: 17752K(19584K)->17752K(19584K)
[2024-05-29T22:35:51.880+0000][20776][gc          ] GC(99) Pause Young (Normal) (G1 Evacuation Pause) 2632M->213M(4040M) 29.887ms
[2024-05-29T22:35:51.880+0000][20776][gc,cpu      ] GC(99) User=0.05s Sys=0.06s Real=0.03s
[2024-05-29T22:35:51.880+0000][20776][safepoint   ] Safepoint "G1CollectForAllocation", Time since last: 248085879000 ns, Reaching safepoint: 285000 ns, At safepoint: 31147900 ns, Total: 31432900 ns
[2024-05-29T22:37:43.766+0000][20776][safepoint   ] Safepoint "Cleanup", Time since last: 111884929500 ns, Reaching safepoint: 147300 ns, At safepoint: 14500 ns, Total: 161800 ns
[2024-05-29T22:38:32.196+0000][20776][safepoint   ] Safepoint "Cleanup", Time since last: 48429641500 ns, Reaching safepoint: 169000 ns, At safepoint: 82900 ns, Total: 251900 ns
[2024-05-29T22:43:43.660+0000][20776][safepoint   ] Safepoint "Cleanup", Time since last: 311464357400 ns, Reaching safepoint: 282500 ns, At safepoint: 95300 ns, Total: 377800 ns
[2024-05-29T22:48:21.836+0000][20776][gc,start    ] GC(100) Pause Young (Normal) (G1 Evacuation Pause)
[2024-05-29T22:48:21.836+0000][20776][gc,task     ] GC(100) Using 8 workers of 8 for evacuation
[2024-05-29T22:48:21.837+0000][20776][gc,age      ] GC(100) Desired survivor size 159383552 bytes, new threshold 15 (max threshold 15)
[2024-05-29T22:48:21.848+0000][20776][gc,phases   ] GC(100)   Pre Evacuate Collection Set: 0.7ms
[2024-05-29T22:48:21.848+0000][20776][gc,phases   ] GC(100)   Merge Heap Roots: 0.3ms
[2024-05-29T22:48:21.848+0000][20776][gc,phases   ] GC(100)   Evacuate Collection Set: 8.0ms
[2024-05-29T22:48:21.848+0000][20776][gc,phases   ] GC(100)   Post Evacuate Collection Set: 3.0ms
[2024-05-29T22:48:21.848+0000][20776][gc,phases   ] GC(100)   Other: 0.3ms
[2024-05-29T22:48:21.848+0000][20776][gc,age      ] GC(100) Age table with threshold 15 (max threshold 15)
[2024-05-29T22:48:21.848+0000][20776][gc,age      ] GC(100) - age   1:    2106880 bytes,    2106880 total
[2024-05-29T22:48:21.848+0000][20776][gc,age      ] GC(100) - age   2:     225936 bytes,    2332816 total
[2024-05-29T22:48:21.848+0000][20776][gc,age      ] GC(100) - age   3:        376 bytes,    2333192 total
[2024-05-29T22:48:21.848+0000][20776][gc,age      ] GC(100) - age   4:        320 bytes,    2333512 total
[2024-05-29T22:48:21.848+0000][20776][gc,age      ] GC(100) - age   5:        520 bytes,    2334032 total
[2024-05-29T22:48:21.848+0000][20776][gc,age      ] GC(100) - age   6:     146104 bytes,    2480136 total
[2024-05-29T22:48:21.849+0000][20776][gc,age      ] GC(100) - age   7:        336 bytes,    2480472 total
[2024-05-29T22:48:21.849+0000][20776][gc,age      ] GC(100) - age   8:        736 bytes,    2481208 total
[2024-05-29T22:48:21.849+0000][20776][gc,age      ] GC(100) - age   9:      74864 bytes,    2556072 total
[2024-05-29T22:48:21.849+0000][20776][gc,age      ] GC(100) - age  10:     249640 bytes,    2805712 total
[2024-05-29T22:48:21.849+0000][20776][gc,age      ] GC(100) - age  11:     606248 bytes,    3411960 total
[2024-05-29T22:48:21.849+0000][20776][gc,age      ] GC(100) - age  12:       3032 bytes,    3414992 total
[2024-05-29T22:48:21.849+0000][20776][gc,age      ] GC(100) - age  13:       1760 bytes,    3416752 total
[2024-05-29T22:48:21.849+0000][20776][gc,age      ] GC(100) - age  14:        376 bytes,    3417128 total
[2024-05-29T22:48:21.849+0000][20776][gc,age      ] GC(100) - age  15:     967560 bytes,    4384688 total
[2024-05-29T22:48:21.849+0000][20776][gc,heap     ] GC(100) Eden regions: 604->0(604)
[2024-05-29T22:48:21.849+0000][20776][gc,heap     ] GC(100) Survivor regions: 2->2(76)
[2024-05-29T22:48:21.849+0000][20776][gc,heap     ] GC(100) Old regions: 51->51
[2024-05-29T22:48:21.849+0000][20776][gc,heap     ] GC(100) Archive regions: 0->0
[2024-05-29T22:48:21.849+0000][20776][gc,heap     ] GC(100) Humongous regions: 2->2
[2024-05-29T22:48:21.849+0000][20776][gc,metaspace] GC(100) Metaspace: 134381K(138112K)->134381K(138112K) NonClass: 116628K(118528K)->116628K(118528K) Class: 17752K(19584K)->17752K(19584K)
[2024-05-29T22:48:21.849+0000][20776][gc          ] GC(100) Pause Young (Normal) (G1 Evacuation Pause) 2629M->213M(4040M) 13.432ms
[2024-05-29T22:48:21.849+0000][20776][gc,cpu      ] GC(100) User=0.03s Sys=0.00s Real=0.01s
[2024-05-29T22:48:21.849+0000][20776][safepoint   ] Safepoint "G1CollectForAllocation", Time since last: 278175004400 ns, Reaching safepoint: 285300 ns, At safepoint: 13539100 ns, Total: 13824400 ns
[2024-05-29T22:48:44.064+0000][20776][safepoint   ] Safepoint "Cleanup", Time since last: 22214022100 ns, Reaching safepoint: 142100 ns, At safepoint: 32200 ns, Total: 174300 ns
[2024-05-29T22:49:44.495+0000][20776][safepoint   ] Safepoint "Cleanup", Time since last: 60431390300 ns, Reaching safepoint: 107300 ns, At safepoint: 20800 ns, Total: 128100 ns
[2024-05-29T22:50:46.044+0000][20776][safepoint   ] Safepoint "Cleanup", Time since last: 61548708200 ns, Reaching safepoint: 91300 ns, At safepoint: 7700 ns, Total: 99000 ns
[2024-05-29T23:00:02.530+0000][20776][safepoint   ] Safepoint "Cleanup", Time since last: 556486392200 ns, Reaching safepoint: 441200 ns, At safepoint: 21800 ns, Total: 463000 ns
[2024-05-30T02:01:59.026+0000][20776][safepoint   ] Safepoint "Cleanup", Time since last: 10916430966000 ns, Reaching safepoint: 63259100 ns, At safepoint: 10158600 ns, Total: 73417700 ns
[2024-05-30T02:02:00.032+0000][20776][safepoint   ] Safepoint "Cleanup", Time since last: 1005813000 ns, Reaching safepoint: 585300 ns, At safepoint: 29600 ns, Total: 614900 ns
[2024-05-30T19:53:28.402+0000][20776][gc,start    ] GC(101) Pause Young (Normal) (G1 Evacuation Pause)
[2024-05-30T19:53:28.447+0000][20776][gc,task     ] GC(101) Using 8 workers of 8 for evacuation
[2024-05-30T19:53:28.447+0000][20776][gc,age      ] GC(101) Desired survivor size 159383552 bytes, new threshold 15 (max threshold 15)
[2024-05-30T19:53:28.543+0000][20776][gc,phases   ] GC(101)   Pre Evacuate Collection Set: 1.0ms
[2024-05-30T19:53:28.543+0000][20776][gc,phases   ] GC(101)   Merge Heap Roots: 0.5ms
[2024-05-30T19:53:28.543+0000][20776][gc,phases   ] GC(101)   Evacuate Collection Set: 70.1ms
[2024-05-30T19:53:28.543+0000][20776][gc,phases   ] GC(101)   Post Evacuate Collection Set: 23.5ms
[2024-05-30T19:53:28.543+0000][20776][gc,phases   ] GC(101)   Other: 26.3ms
[2024-05-30T19:53:28.543+0000][20776][gc,age      ] GC(101) Age table with threshold 15 (max threshold 15)
[2024-05-30T19:53:28.543+0000][20776][gc,age      ] GC(101) - age   1:    3089264 bytes,    3089264 total
[2024-05-30T19:53:28.543+0000][20776][gc,age      ] GC(101) - age   2:      36696 bytes,    3125960 total
[2024-05-30T19:53:28.543+0000][20776][gc,age      ] GC(101) - age   3:      81568 bytes,    3207528 total
[2024-05-30T19:53:28.543+0000][20776][gc,age      ] GC(101) - age   4:        376 bytes,    3207904 total
[2024-05-30T19:53:28.543+0000][20776][gc,age      ] GC(101) - age   5:        240 bytes,    3208144 total
[2024-05-30T19:53:28.543+0000][20776][gc,age      ] GC(101) - age   6:        440 bytes,    3208584 total
[2024-05-30T19:53:28.543+0000][20776][gc,age      ] GC(101) - age   7:     137792 bytes,    3346376 total
[2024-05-30T19:53:28.543+0000][20776][gc,age      ] GC(101) - age   8:        216 bytes,    3346592 total
[2024-05-30T19:53:28.543+0000][20776][gc,age      ] GC(101) - age   9:        736 bytes,    3347328 total
[2024-05-30T19:53:28.543+0000][20776][gc,age      ] GC(101) - age  10:      74864 bytes,    3422192 total
[2024-05-30T19:53:28.543+0000][20776][gc,age      ] GC(101) - age  11:     249528 bytes,    3671720 total
[2024-05-30T19:53:28.543+0000][20776][gc,age      ] GC(101) - age  12:     606088 bytes,    4277808 total
[2024-05-30T19:53:28.544+0000][20776][gc,age      ] GC(101) - age  13:       2952 bytes,    4280760 total
[2024-05-30T19:53:28.544+0000][20776][gc,age      ] GC(101) - age  14:       1760 bytes,    4282520 total
[2024-05-30T19:53:28.544+0000][20776][gc,age      ] GC(101) - age  15:        344 bytes,    4282864 total
[2024-05-30T19:53:28.544+0000][20776][gc,heap     ] GC(101) Eden regions: 604->0(604)
[2024-05-30T19:53:28.544+0000][20776][gc,heap     ] GC(101) Survivor regions: 2->2(76)
[2024-05-30T19:53:28.544+0000][20776][gc,heap     ] GC(101) Old regions: 51->51
[2024-05-30T19:53:28.544+0000][20776][gc,heap     ] GC(101) Archive regions: 0->0
[2024-05-30T19:53:28.544+0000][20776][gc,heap     ] GC(101) Humongous regions: 2->2
[2024-05-30T19:53:28.544+0000][20776][gc,metaspace] GC(101) Metaspace: 134400K(138176K)->134400K(138176K) NonClass: 116647K(118592K)->116647K(118592K) Class: 17752K(19584K)->17752K(19584K)
[2024-05-30T19:53:28.544+0000][20776][gc          ] GC(101) Pause Young (Normal) (G1 Evacuation Pause) 2629M->214M(4040M) 166.490ms
[2024-05-30T19:53:28.544+0000][20776][gc,cpu      ] GC(101) User=0.06s Sys=0.03s Real=0.17s
[2024-05-30T19:53:28.544+0000][20776][safepoint   ] Safepoint "G1CollectForAllocation", Time since last: 64294191789700 ns, Reaching safepoint: 46950100 ns, At safepoint: 186287300 ns, Total: 233237400 ns
[2024-05-30T19:53:29.610+0000][20776][safepoint   ] Safepoint "Cleanup", Time since last: 1002567400 ns, Reaching safepoint: 62597800 ns, At safepoint: 81000 ns, Total: 62678800 ns
[2024-05-30T19:53:31.735+0000][20776][safepoint   ] Safepoint "Cleanup", Time since last: 2015264400 ns, Reaching safepoint: 109698900 ns, At safepoint: 215200 ns, Total: 109914100 ns
[2024-05-30T19:53:32.816+0000][20776][safepoint   ] Safepoint "Cleanup", Time since last: 1002363400 ns, Reaching safepoint: 78131000 ns, At safepoint: 100700 ns, Total: 78231700 ns
[2024-05-30T19:53:33.830+0000][20776][safepoint   ] Safepoint "Cleanup", Time since last: 1014214000 ns, Reaching safepoint: 119200 ns, At safepoint: 20400 ns, Total: 139600 ns
[2024-05-30T19:53:34.833+0000][20776][safepoint   ] Safepoint "Cleanup", Time since last: 1002296000 ns, Reaching safepoint: 66700 ns, At safepoint: 8700 ns, Total: 75400 ns
[2024-05-30T19:53:39.877+0000][20776][safepoint   ] Safepoint "Cleanup", Time since last: 5044718100 ns, Reaching safepoint: 78000 ns, At safepoint: 14100 ns, Total: 92100 ns
[2024-05-30T19:53:56.100+0000][20776][safepoint   ] Safepoint "Cleanup", Time since last: 16222945500 ns, Reaching safepoint: 125700 ns, At safepoint: 6600 ns, Total: 132300 ns
[2024-05-30T19:54:22.409+0000][20776][safepoint   ] Safepoint "Cleanup", Time since last: 26308640700 ns, Reaching safepoint: 104200 ns, At safepoint: 56200 ns, Total: 160400 ns
[2024-05-30T19:55:27.115+0000][20776][safepoint   ] Safepoint "Cleanup", Time since last: 64705244100 ns, Reaching safepoint: 129300 ns, At safepoint: 19000 ns, Total: 148300 ns
[2024-05-30T20:01:11.093+0000][20776][safepoint   ] Safepoint "Cleanup", Time since last: 343977943400 ns, Reaching safepoint: 155600 ns, At safepoint: 7900 ns, Total: 163500 ns
[2024-05-30T20:01:26.253+0000][20776][safepoint   ] Safepoint "Cleanup", Time since last: 15160513300 ns, Reaching safepoint: 100500 ns, At safepoint: 40500 ns, Total: 141000 ns
[2024-05-30T20:01:27.257+0000][20776][safepoint   ] Safepoint "Cleanup", Time since last: 1003402700 ns, Reaching safepoint: 131900 ns, At safepoint: 32100 ns, Total: 164000 ns
[2024-05-30T20:02:22.724+0000][20776][safepoint   ] Safepoint "Cleanup", Time since last: 55466657900 ns, Reaching safepoint: 227500 ns, At safepoint: 25500 ns, Total: 253000 ns
[2024-05-30T20:02:23.746+0000][20776][safepoint   ] Safepoint "Cleanup", Time since last: 1021744200 ns, Reaching safepoint: 236800 ns, At safepoint: 37900 ns, Total: 274700 ns
[2024-05-30T20:02:25.756+0000][20776][safepoint   ] Safepoint "Cleanup", Time since last: 2009722200 ns, Reaching safepoint: 80500 ns, At safepoint: 15600 ns, Total: 96100 ns
[2024-05-30T20:02:27.505+0000][20776][safepoint   ] Safepoint "Cleanup", Time since last: 1749735100 ns, Reaching safepoint: 170300 ns, At safepoint: 13000 ns, Total: 183300 ns
[2024-05-30T20:02:28.517+0000][20776][safepoint   ] Safepoint "Cleanup", Time since last: 1011448000 ns, Reaching safepoint: 161200 ns, At safepoint: 15300 ns, Total: 176500 ns
[2024-05-30T20:02:29.520+0000][20776][safepoint   ] Safepoint "Cleanup", Time since last: 1002912100 ns, Reaching safepoint: 122000 ns, At safepoint: 14000 ns, Total: 136000 ns
[2024-05-30T20:02:30.524+0000][20776][safepoint   ] Safepoint "Cleanup", Time since last: 1003837900 ns, Reaching safepoint: 225800 ns, At safepoint: 23300 ns, Total: 249100 ns
[2024-05-30T20:02:31.529+0000][20776][safepoint   ] Safepoint "Cleanup", Time since last: 1004856900 ns, Reaching safepoint: 111400 ns, At safepoint: 23100 ns, Total: 134500 ns
[2024-05-30T20:02:32.531+0000][20776][safepoint   ] Safepoint "Cleanup", Time since last: 1001181600 ns, Reaching safepoint: 142300 ns, At safepoint: 17900 ns, Total: 160200 ns
[2024-05-30T20:02:35.554+0000][20776][safepoint   ] Safepoint "Cleanup", Time since last: 3022856300 ns, Reaching safepoint: 88000 ns, At safepoint: 11300 ns, Total: 99300 ns
[2024-05-30T20:03:30.035+0000][20776][safepoint   ] Safepoint "Cleanup", Time since last: 54480980100 ns, Reaching safepoint: 183700 ns, At safepoint: 17500 ns, Total: 201200 ns
[2024-05-30T20:04:18.433+0000][20776][safepoint   ] Safepoint "Cleanup", Time since last: 48397450400 ns, Reaching safepoint: 301200 ns, At safepoint: 62600 ns, Total: 363800 ns
[2024-05-30T20:04:48.735+0000][20776][safepoint   ] Safepoint "Cleanup", Time since last: 30302709200 ns, Reaching safepoint: 97900 ns, At safepoint: 28400 ns, Total: 126300 ns
[2024-05-30T20:04:49.747+0000][20776][safepoint   ] Safepoint "Cleanup", Time since last: 1011337700 ns, Reaching safepoint: 174500 ns, At safepoint: 74100 ns, Total: 248600 ns
[2024-05-30T20:06:24.606+0000][20776][safepoint   ] Safepoint "Cleanup", Time since last: 94858564000 ns, Reaching safepoint: 295500 ns, At safepoint: 72000 ns, Total: 367500 ns
[2024-05-30T20:06:30.656+0000][20776][safepoint   ] Safepoint "Cleanup", Time since last: 6049359100 ns, Reaching safepoint: 366200 ns, At safepoint: 110200 ns, Total: 476400 ns
[2024-05-30T20:07:00.213+0000][20776][gc,start    ] GC(102) Pause Young (Normal) (G1 Evacuation Pause)
[2024-05-30T20:07:00.214+0000][20776][gc,task     ] GC(102) Using 8 workers of 8 for evacuation
[2024-05-30T20:07:00.214+0000][20776][gc,age      ] GC(102) Desired survivor size 159383552 bytes, new threshold 15 (max threshold 15)
[2024-05-30T20:07:00.229+0000][20776][gc,phases   ] GC(102)   Pre Evacuate Collection Set: 0.4ms
[2024-05-30T20:07:00.229+0000][20776][gc,phases   ] GC(102)   Merge Heap Roots: 1.0ms
[2024-05-30T20:07:00.229+0000][20776][gc,phases   ] GC(102)   Evacuate Collection Set: 9.0ms
[2024-05-30T20:07:00.229+0000][20776][gc,phases   ] GC(102)   Post Evacuate Collection Set: 4.0ms
[2024-05-30T20:07:00.229+0000][20776][gc,phases   ] GC(102)   Other: 0.8ms
[2024-05-30T20:07:00.229+0000][20776][gc,age      ] GC(102) Age table with threshold 15 (max threshold 15)
[2024-05-30T20:07:00.229+0000][20776][gc,age      ] GC(102) - age   1:    3105648 bytes,    3105648 total
[2024-05-30T20:07:00.229+0000][20776][gc,age      ] GC(102) - age   2:     275824 bytes,    3381472 total
[2024-05-30T20:07:00.229+0000][20776][gc,age      ] GC(102) - age   3:       8656 bytes,    3390128 total
[2024-05-30T20:07:00.229+0000][20776][gc,age      ] GC(102) - age   4:       6744 bytes,    3396872 total
[2024-05-30T20:07:00.229+0000][20776][gc,age      ] GC(102) - age   5:        376 bytes,    3397248 total
[2024-05-30T20:07:00.229+0000][20776][gc,age      ] GC(102) - age   6:        240 bytes,    3397488 total
[2024-05-30T20:07:00.229+0000][20776][gc,age      ] GC(102) - age   7:        360 bytes,    3397848 total
[2024-05-30T20:07:00.229+0000][20776][gc,age      ] GC(102) - age   8:     137496 bytes,    3535344 total
[2024-05-30T20:07:00.229+0000][20776][gc,age      ] GC(102) - age   9:        160 bytes,    3535504 total
[2024-05-30T20:07:00.229+0000][20776][gc,age      ] GC(102) - age  10:        736 bytes,    3536240 total
[2024-05-30T20:07:00.229+0000][20776][gc,age      ] GC(102) - age  11:        104 bytes,    3536344 total
[2024-05-30T20:07:00.229+0000][20776][gc,age      ] GC(102) - age  12:      40280 bytes,    3576624 total
[2024-05-30T20:07:00.229+0000][20776][gc,age      ] GC(102) - age  13:     452976 bytes,    4029600 total
[2024-05-30T20:07:00.229+0000][20776][gc,age      ] GC(102) - age  14:       2832 bytes,    4032432 total
[2024-05-30T20:07:00.229+0000][20776][gc,age      ] GC(102) - age  15:       1760 bytes,    4034192 total
[2024-05-30T20:07:00.229+0000][20776][gc,heap     ] GC(102) Eden regions: 604->0(604)
[2024-05-30T20:07:00.229+0000][20776][gc,heap     ] GC(102) Survivor regions: 2->2(76)
[2024-05-30T20:07:00.229+0000][20776][gc,heap     ] GC(102) Old regions: 51->51
[2024-05-30T20:07:00.229+0000][20776][gc,heap     ] GC(102) Archive regions: 0->0
[2024-05-30T20:07:00.229+0000][20776][gc,heap     ] GC(102) Humongous regions: 2->2
[2024-05-30T20:07:00.229+0000][20776][gc,metaspace] GC(102) Metaspace: 134729K(138560K)->134729K(138560K) NonClass: 116914K(118912K)->116914K(118912K) Class: 17814K(19648K)->17814K(19648K)
[2024-05-30T20:07:00.229+0000][20776][gc          ] GC(102) Pause Young (Normal) (G1 Evacuation Pause) 2630M->214M(4040M) 16.303ms
[2024-05-30T20:07:00.229+0000][20776][gc,cpu      ] GC(102) User=0.00s Sys=0.02s Real=0.02s
[2024-05-30T20:07:00.229+0000][20776][safepoint   ] Safepoint "G1CollectForAllocation", Time since last: 29557223600 ns, Reaching safepoint: 144000 ns, At safepoint: 16448000 ns, Total: 16592000 ns
[2024-05-30T20:07:18.374+0000][20776][safepoint   ] Safepoint "Cleanup", Time since last: 18144095800 ns, Reaching safepoint: 201100 ns, At safepoint: 21700 ns, Total: 222800 ns
[2024-05-30T20:07:28.477+0000][20776][safepoint   ] Safepoint "Cleanup", Time since last: 10102533200 ns, Reaching safepoint: 152800 ns, At safepoint: 19200 ns, Total: 172000 ns
[2024-05-30T20:08:25.968+0000][20776][safepoint   ] Safepoint "Cleanup", Time since last: 57491560300 ns, Reaching safepoint: 117600 ns, At safepoint: 18900 ns, Total: 136500 ns
[2024-05-30T20:09:34.504+0000][20776][safepoint   ] Safepoint "Cleanup", Time since last: 68535831400 ns, Reaching safepoint: 136700 ns, At safepoint: 24900 ns, Total: 161600 ns
[2024-05-30T20:09:37.537+0000][20776][safepoint   ] Safepoint "Cleanup", Time since last: 3031938100 ns, Reaching safepoint: 699300 ns, At safepoint: 76000 ns, Total: 775300 ns
[2024-05-30T20:09:38.548+0000][20776][safepoint   ] Safepoint "Cleanup", Time since last: 1010584500 ns, Reaching safepoint: 159100 ns, At safepoint: 83700 ns, Total: 242800 ns
[2024-05-30T20:20:38.300+0000][20776][gc,start    ] GC(103) Pause Young (Normal) (G1 Evacuation Pause)
[2024-05-30T20:20:38.300+0000][20776][gc,task     ] GC(103) Using 8 workers of 8 for evacuation
[2024-05-30T20:20:38.300+0000][20776][gc,age      ] GC(103) Desired survivor size 159383552 bytes, new threshold 15 (max threshold 15)
[2024-05-30T20:20:38.313+0000][20776][gc,phases   ] GC(103)   Pre Evacuate Collection Set: 0.3ms
[2024-05-30T20:20:38.313+0000][20776][gc,phases   ] GC(103)   Merge Heap Roots: 0.2ms
[2024-05-30T20:20:38.313+0000][20776][gc,phases   ] GC(103)   Evacuate Collection Set: 9.3ms
[2024-05-30T20:20:38.313+0000][20776][gc,phases   ] GC(103)   Post Evacuate Collection Set: 2.3ms
[2024-05-30T20:20:38.313+0000][20776][gc,phases   ] GC(103)   Other: 0.7ms
[2024-05-30T20:20:38.314+0000][20776][gc,age      ] GC(103) Age table with threshold 15 (max threshold 15)
[2024-05-30T20:20:38.314+0000][20776][gc,age      ] GC(103) - age   1:    1607112 bytes,    1607112 total
[2024-05-30T20:20:38.314+0000][20776][gc,age      ] GC(103) - age   2:    1771496 bytes,    3378608 total
[2024-05-30T20:20:38.314+0000][20776][gc,age      ] GC(103) - age   3:     273032 bytes,    3651640 total
[2024-05-30T20:20:38.314+0000][20776][gc,age      ] GC(103) - age   4:       8592 bytes,    3660232 total
[2024-05-30T20:20:38.314+0000][20776][gc,age      ] GC(103) - age   5:       6664 bytes,    3666896 total
[2024-05-30T20:20:38.314+0000][20776][gc,age      ] GC(103) - age   6:        296 bytes,    3667192 total
[2024-05-30T20:20:38.314+0000][20776][gc,age      ] GC(103) - age   7:        160 bytes,    3667352 total
[2024-05-30T20:20:38.314+0000][20776][gc,age      ] GC(103) - age   8:        360 bytes,    3667712 total
[2024-05-30T20:20:38.314+0000][20776][gc,age      ] GC(103) - age   9:     137416 bytes,    3805128 total
[2024-05-30T20:20:38.314+0000][20776][gc,age      ] GC(103) - age  10:        160 bytes,    3805288 total
[2024-05-30T20:20:38.314+0000][20776][gc,age      ] GC(103) - age  11:        736 bytes,    3806024 total
[2024-05-30T20:20:38.314+0000][20776][gc,age      ] GC(103) - age  12:        104 bytes,    3806128 total
[2024-05-30T20:20:38.314+0000][20776][gc,age      ] GC(103) - age  13:      40280 bytes,    3846408 total
[2024-05-30T20:20:38.314+0000][20776][gc,age      ] GC(103) - age  14:     452976 bytes,    4299384 total
[2024-05-30T20:20:38.314+0000][20776][gc,age      ] GC(103) - age  15:       2832 bytes,    4302216 total
[2024-05-30T20:20:38.314+0000][20776][gc,heap     ] GC(103) Eden regions: 604->0(604)
[2024-05-30T20:20:38.314+0000][20776][gc,heap     ] GC(103) Survivor regions: 2->2(76)
[2024-05-30T20:20:38.314+0000][20776][gc,heap     ] GC(103) Old regions: 51->51
[2024-05-30T20:20:38.314+0000][20776][gc,heap     ] GC(103) Archive regions: 0->0
[2024-05-30T20:20:38.314+0000][20776][gc,heap     ] GC(103) Humongous regions: 2->2
[2024-05-30T20:20:38.314+0000][20776][gc,metaspace] GC(103) Metaspace: 134732K(138560K)->134732K(138560K) NonClass: 116918K(118912K)->116918K(118912K) Class: 17814K(19648K)->17814K(19648K)
[2024-05-30T20:20:38.314+0000][20776][gc          ] GC(103) Pause Young (Normal) (G1 Evacuation Pause) 2630M->214M(4040M) 13.857ms
[2024-05-30T20:20:38.314+0000][20776][gc,cpu      ] GC(103) User=0.06s Sys=0.03s Real=0.01s
[2024-05-30T20:20:38.314+0000][20776][safepoint   ] Safepoint "G1CollectForAllocation", Time since last: 659752109800 ns, Reaching safepoint: 279400 ns, At safepoint: 14035300 ns, Total: 14314700 ns
[2024-05-30T20:27:30.811+0000][20776][safepoint   ] Safepoint "Cleanup", Time since last: 412496112900 ns, Reaching safepoint: 203800 ns, At safepoint: 16600 ns, Total: 220400 ns
[2024-05-30T20:30:10.194+0000][20776][safepoint   ] Safepoint "Cleanup", Time since last: 159383681000 ns, Reaching safepoint: 96200 ns, At safepoint: 17000 ns, Total: 113200 ns
[2024-05-30T20:30:28.357+0000][20776][safepoint   ] Safepoint "Cleanup", Time since last: 18161991200 ns, Reaching safepoint: 86800 ns, At safepoint: 5600 ns, Total: 92400 ns
[2024-05-30T20:34:17.388+0000][20776][gc,start    ] GC(104) Pause Young (Normal) (G1 Evacuation Pause)
[2024-05-30T20:34:17.389+0000][20776][gc,task     ] GC(104) Using 8 workers of 8 for evacuation
[2024-05-30T20:34:17.389+0000][20776][gc,age      ] GC(104) Desired survivor size 159383552 bytes, new threshold 15 (max threshold 15)
[2024-05-30T20:34:17.399+0000][20776][gc,phases   ] GC(104)   Pre Evacuate Collection Set: 0.2ms
[2024-05-30T20:34:17.399+0000][20776][gc,phases   ] GC(104)   Merge Heap Roots: 0.2ms
[2024-05-30T20:34:17.399+0000][20776][gc,phases   ] GC(104)   Evacuate Collection Set: 5.6ms
[2024-05-30T20:34:17.399+0000][20776][gc,phases   ] GC(104)   Post Evacuate Collection Set: 4.3ms
[2024-05-30T20:34:17.399+0000][20776][gc,phases   ] GC(104)   Other: 0.2ms
[2024-05-30T20:34:17.399+0000][20776][gc,age      ] GC(104) Age table with threshold 15 (max threshold 15)
[2024-05-30T20:34:17.399+0000][20776][gc,age      ] GC(104) - age   1:    1534824 bytes,    1534824 total
[2024-05-30T20:34:17.399+0000][20776][gc,age      ] GC(104) - age   2:     282296 bytes,    1817120 total
[2024-05-30T20:34:17.399+0000][20776][gc,age      ] GC(104) - age   3:    1770440 bytes,    3587560 total
[2024-05-30T20:34:17.399+0000][20776][gc,age      ] GC(104) - age   4:     272968 bytes,    3860528 total
[2024-05-30T20:34:17.399+0000][20776][gc,age      ] GC(104) - age   5:       8456 bytes,    3868984 total
[2024-05-30T20:34:17.399+0000][20776][gc,age      ] GC(104) - age   6:       6584 bytes,    3875568 total
[2024-05-30T20:34:17.399+0000][20776][gc,age      ] GC(104) - age   7:        296 bytes,    3875864 total
[2024-05-30T20:34:17.399+0000][20776][gc,age      ] GC(104) - age   8:        160 bytes,    3876024 total
[2024-05-30T20:34:17.399+0000][20776][gc,age      ] GC(104) - age   9:        360 bytes,    3876384 total
[2024-05-30T20:34:17.399+0000][20776][gc,age      ] GC(104) - age  10:     137360 bytes,    4013744 total
[2024-05-30T20:34:17.399+0000][20776][gc,age      ] GC(104) - age  11:        160 bytes,    4013904 total
[2024-05-30T20:34:17.399+0000][20776][gc,age      ] GC(104) - age  12:        736 bytes,    4014640 total
[2024-05-30T20:34:17.399+0000][20776][gc,age      ] GC(104) - age  13:        104 bytes,    4014744 total
[2024-05-30T20:34:17.399+0000][20776][gc,age      ] GC(104) - age  14:      40280 bytes,    4055024 total
[2024-05-30T20:34:17.399+0000][20776][gc,age      ] GC(104) - age  15:     452976 bytes,    4508000 total
[2024-05-30T20:34:17.399+0000][20776][gc,heap     ] GC(104) Eden regions: 604->0(604)
[2024-05-30T20:34:17.399+0000][20776][gc,heap     ] GC(104) Survivor regions: 2->2(76)
[2024-05-30T20:34:17.399+0000][20776][gc,heap     ] GC(104) Old regions: 51->51
[2024-05-30T20:34:17.399+0000][20776][gc,heap     ] GC(104) Archive regions: 0->0
[2024-05-30T20:34:17.399+0000][20776][gc,heap     ] GC(104) Humongous regions: 2->2
[2024-05-30T20:34:17.399+0000][20776][gc,metaspace] GC(104) Metaspace: 134733K(138560K)->134733K(138560K) NonClass: 116918K(118912K)->116918K(118912K) Class: 17814K(19648K)->17814K(19648K)
[2024-05-30T20:34:17.399+0000][20776][gc          ] GC(104) Pause Young (Normal) (G1 Evacuation Pause) 2630M->214M(4040M) 11.470ms
[2024-05-30T20:34:17.399+0000][20776][gc,cpu      ] GC(104) User=0.00s Sys=0.00s Real=0.01s
[2024-05-30T20:34:17.399+0000][20776][safepoint   ] Safepoint "G1CollectForAllocation", Time since last: 229031881100 ns, Reaching safepoint: 139300 ns, At safepoint: 11645100 ns, Total: 11784400 ns
[2024-05-30T20:39:28.055+0000][20776][safepoint   ] Safepoint "Cleanup", Time since last: 310654187000 ns, Reaching safepoint: 440800 ns, At safepoint: 61300 ns, Total: 502100 ns
[2024-05-30T20:42:48.686+0000][20776][safepoint   ] Safepoint "Cleanup", Time since last: 200631302700 ns, Reaching safepoint: 260000 ns, At safepoint: 29500 ns, Total: 289500 ns
[2024-05-30T20:48:00.492+0000][20776][gc,start    ] GC(105) Pause Young (Normal) (G1 Evacuation Pause)
[2024-05-30T20:48:00.492+0000][20776][gc,task     ] GC(105) Using 8 workers of 8 for evacuation
[2024-05-30T20:48:00.492+0000][20776][gc,age      ] GC(105) Desired survivor size 159383552 bytes, new threshold 15 (max threshold 15)
[2024-05-30T20:48:00.501+0000][20776][gc,phases   ] GC(105)   Pre Evacuate Collection Set: 0.3ms
[2024-05-30T20:48:00.502+0000][20776][gc,phases   ] GC(105)   Merge Heap Roots: 0.2ms
[2024-05-30T20:48:00.502+0000][20776][gc,phases   ] GC(105)   Evacuate Collection Set: 4.6ms
[2024-05-30T20:48:00.502+0000][20776][gc,phases   ] GC(105)   Post Evacuate Collection Set: 1.8ms
[2024-05-30T20:48:00.502+0000][20776][gc,phases   ] GC(105)   Other: 2.9ms
[2024-05-30T20:48:00.502+0000][20776][gc,age      ] GC(105) Age table with threshold 15 (max threshold 15)
[2024-05-30T20:48:00.502+0000][20776][gc,age      ] GC(105) - age   1:     713032 bytes,     713032 total
[2024-05-30T20:48:00.502+0000][20776][gc,age      ] GC(105) - age   2:       2392 bytes,     715424 total
[2024-05-30T20:48:00.502+0000][20776][gc,age      ] GC(105) - age   3:     280904 bytes,     996328 total
[2024-05-30T20:48:00.502+0000][20776][gc,age      ] GC(105) - age   4:    1770264 bytes,    2766592 total
[2024-05-30T20:48:00.502+0000][20776][gc,age      ] GC(105) - age   5:     272696 bytes,    3039288 total
[2024-05-30T20:48:00.502+0000][20776][gc,age      ] GC(105) - age   6:       8296 bytes,    3047584 total
[2024-05-30T20:48:00.502+0000][20776][gc,age      ] GC(105) - age   7:       6584 bytes,    3054168 total
[2024-05-30T20:48:00.502+0000][20776][gc,age      ] GC(105) - age   8:        296 bytes,    3054464 total
[2024-05-30T20:48:00.502+0000][20776][gc,age      ] GC(105) - age   9:        160 bytes,    3054624 total
[2024-05-30T20:48:00.502+0000][20776][gc,age      ] GC(105) - age  10:        360 bytes,    3054984 total
[2024-05-30T20:48:00.502+0000][20776][gc,age      ] GC(105) - age  11:     137360 bytes,    3192344 total
[2024-05-30T20:48:00.502+0000][20776][gc,age      ] GC(105) - age  12:        160 bytes,    3192504 total
[2024-05-30T20:48:00.502+0000][20776][gc,age      ] GC(105) - age  13:        736 bytes,    3193240 total
[2024-05-30T20:48:00.502+0000][20776][gc,age      ] GC(105) - age  14:        104 bytes,    3193344 total
[2024-05-30T20:48:00.502+0000][20776][gc,age      ] GC(105) - age  15:      40280 bytes,    3233624 total
[2024-05-30T20:48:00.502+0000][20776][gc,heap     ] GC(105) Eden regions: 604->0(605)
[2024-05-30T20:48:00.502+0000][20776][gc,heap     ] GC(105) Survivor regions: 2->1(76)
[2024-05-30T20:48:00.502+0000][20776][gc,heap     ] GC(105) Old regions: 51->51
[2024-05-30T20:48:00.502+0000][20776][gc,heap     ] GC(105) Archive regions: 0->0
[2024-05-30T20:48:00.502+0000][20776][gc,heap     ] GC(105) Humongous regions: 2->2
[2024-05-30T20:48:00.502+0000][20776][gc,metaspace] GC(105) Metaspace: 134737K(138560K)->134737K(138560K) NonClass: 116922K(118912K)->116922K(118912K) Class: 17814K(19648K)->17814K(19648K)
[2024-05-30T20:48:00.502+0000][20776][gc          ] GC(105) Pause Young (Normal) (G1 Evacuation Pause) 2630M->213M(4040M) 10.542ms
[2024-05-30T20:48:00.502+0000][20776][gc,cpu      ] GC(105) User=0.12s Sys=0.00s Real=0.01s
[2024-05-30T20:48:00.502+0000][20776][safepoint   ] Safepoint "G1CollectForAllocation", Time since last: 311805582600 ns, Reaching safepoint: 349100 ns, At safepoint: 10685100 ns, Total: 11034200 ns
[2024-05-30T20:59:34.052+0000][20776][safepoint   ] Safepoint "Cleanup", Time since last: 693548939400 ns, Reaching safepoint: 399000 ns, At safepoint: 19600 ns, Total: 418600 ns
[2024-05-30T21:01:29.362+0000][20776][gc,start    ] GC(106) Pause Young (Normal) (G1 Evacuation Pause)
[2024-05-30T21:01:29.365+0000][20776][gc,task     ] GC(106) Using 8 workers of 8 for evacuation
[2024-05-30T21:01:29.365+0000][20776][gc,age      ] GC(106) Desired survivor size 159383552 bytes, new threshold 15 (max threshold 15)
[2024-05-30T21:01:29.378+0000][20776][gc,phases   ] GC(106)   Pre Evacuate Collection Set: 0.3ms
[2024-05-30T21:01:29.378+0000][20776][gc,phases   ] GC(106)   Merge Heap Roots: 0.3ms
[2024-05-30T21:01:29.378+0000][20776][gc,phases   ] GC(106)   Evacuate Collection Set: 8.3ms
[2024-05-30T21:01:29.378+0000][20776][gc,phases   ] GC(106)   Post Evacuate Collection Set: 3.2ms
[2024-05-30T21:01:29.378+0000][20776][gc,phases   ] GC(106)   Other: 1.4ms
[2024-05-30T21:01:29.378+0000][20776][gc,age      ] GC(106) Age table with threshold 15 (max threshold 15)
[2024-05-30T21:01:29.378+0000][20776][gc,age      ] GC(106) - age   1:    1117400 bytes,    1117400 total
[2024-05-30T21:01:29.378+0000][20776][gc,age      ] GC(106) - age   2:       3488 bytes,    1120888 total
[2024-05-30T21:01:29.378+0000][20776][gc,age      ] GC(106) - age   3:        392 bytes,    1121280 total
[2024-05-30T21:01:29.378+0000][20776][gc,age      ] GC(106) - age   4:     243200 bytes,    1364480 total
[2024-05-30T21:01:29.378+0000][20776][gc,age      ] GC(106) - age   5:    1506576 bytes,    2871056 total
[2024-05-30T21:01:29.378+0000][20776][gc,age      ] GC(106) - age   6:     271664 bytes,    3142720 total
[2024-05-30T21:01:29.378+0000][20776][gc,age      ] GC(106) - age   7:       8216 bytes,    3150936 total
[2024-05-30T21:01:29.378+0000][20776][gc,age      ] GC(106) - age   8:       6504 bytes,    3157440 total
[2024-05-30T21:01:29.378+0000][20776][gc,age      ] GC(106) - age   9:        296 bytes,    3157736 total
[2024-05-30T21:01:29.378+0000][20776][gc,age      ] GC(106) - age  10:        160 bytes,    3157896 total
[2024-05-30T21:01:29.378+0000][20776][gc,age      ] GC(106) - age  11:        360 bytes,    3158256 total
[2024-05-30T21:01:29.378+0000][20776][gc,age      ] GC(106) - age  12:     137360 bytes,    3295616 total
[2024-05-30T21:01:29.378+0000][20776][gc,age      ] GC(106) - age  13:        160 bytes,    3295776 total
[2024-05-30T21:01:29.378+0000][20776][gc,age      ] GC(106) - age  14:        736 bytes,    3296512 total
[2024-05-30T21:01:29.378+0000][20776][gc,age      ] GC(106) - age  15:        104 bytes,    3296616 total
[2024-05-30T21:01:29.378+0000][20776][gc,heap     ] GC(106) Eden regions: 605->0(605)
[2024-05-30T21:01:29.378+0000][20776][gc,heap     ] GC(106) Survivor regions: 1->1(76)
[2024-05-30T21:01:29.378+0000][20776][gc,heap     ] GC(106) Old regions: 51->51
[2024-05-30T21:01:29.378+0000][20776][gc,heap     ] GC(106) Archive regions: 0->0
[2024-05-30T21:01:29.378+0000][20776][gc,heap     ] GC(106) Humongous regions: 2->2
[2024-05-30T21:01:29.378+0000][20776][gc,metaspace] GC(106) Metaspace: 134740K(138560K)->134740K(138560K) NonClass: 116925K(118912K)->116925K(118912K) Class: 17814K(19648K)->17814K(19648K)
[2024-05-30T21:01:29.378+0000][20776][gc          ] GC(106) Pause Young (Normal) (G1 Evacuation Pause) 2633M->213M(4040M) 15.832ms
[2024-05-30T21:01:29.378+0000][20776][gc,cpu      ] GC(106) User=0.02s Sys=0.00s Real=0.02s
[2024-05-30T21:01:29.378+0000][20776][safepoint   ] Safepoint "G1CollectForAllocation", Time since last: 115310034400 ns, Reaching safepoint: 137600 ns, At safepoint: 15949100 ns, Total: 16086700 ns
[2024-05-30T21:09:34.551+0000][20776][safepoint   ] Safepoint "Cleanup", Time since last: 485172224500 ns, Reaching safepoint: 561800 ns, At safepoint: 22500 ns, Total: 584300 ns
[2024-05-30T21:14:47.907+0000][20776][gc,start    ] GC(107) Pause Young (Normal) (G1 Evacuation Pause)
[2024-05-30T21:14:47.907+0000][20776][gc,task     ] GC(107) Using 8 workers of 8 for evacuation
[2024-05-30T21:14:47.907+0000][20776][gc,age      ] GC(107) Desired survivor size 159383552 bytes, new threshold 15 (max threshold 15)
[2024-05-30T21:14:47.917+0000][20776][gc,phases   ] GC(107)   Pre Evacuate Collection Set: 0.3ms
[2024-05-30T21:14:47.917+0000][20776][gc,phases   ] GC(107)   Merge Heap Roots: 0.4ms
[2024-05-30T21:14:47.917+0000][20776][gc,phases   ] GC(107)   Evacuate Collection Set: 6.5ms
[2024-05-30T21:14:47.917+0000][20776][gc,phases   ] GC(107)   Post Evacuate Collection Set: 2.2ms
[2024-05-30T21:14:47.917+0000][20776][gc,phases   ] GC(107)   Other: 0.3ms
[2024-05-30T21:14:47.917+0000][20776][gc,age      ] GC(107) Age table with threshold 15 (max threshold 15)
[2024-05-30T21:14:47.917+0000][20776][gc,age      ] GC(107) - age   1:     815408 bytes,     815408 total
[2024-05-30T21:14:47.917+0000][20776][gc,age      ] GC(107) - age   2:     493768 bytes,    1309176 total
[2024-05-30T21:14:47.917+0000][20776][gc,age      ] GC(107) - age   3:       2832 bytes,    1312008 total
[2024-05-30T21:14:47.917+0000][20776][gc,age      ] GC(107) - age   4:        248 bytes,    1312256 total
[2024-05-30T21:14:47.917+0000][20776][gc,age      ] GC(107) - age   5:     243120 bytes,    1555376 total
[2024-05-30T21:14:47.917+0000][20776][gc,age      ] GC(107) - age   6:    1454512 bytes,    3009888 total
[2024-05-30T21:14:47.917+0000][20776][gc,age      ] GC(107) - age   7:     271536 bytes,    3281424 total
[2024-05-30T21:14:47.917+0000][20776][gc,age      ] GC(107) - age   8:       8216 bytes,    3289640 total
[2024-05-30T21:14:47.917+0000][20776][gc,age      ] GC(107) - age   9:       6504 bytes,    3296144 total
[2024-05-30T21:14:47.917+0000][20776][gc,age      ] GC(107) - age  10:        216 bytes,    3296360 total
[2024-05-30T21:14:47.917+0000][20776][gc,age      ] GC(107) - age  11:         80 bytes,    3296440 total
[2024-05-30T21:14:47.917+0000][20776][gc,age      ] GC(107) - age  12:        280 bytes,    3296720 total
[2024-05-30T21:14:47.917+0000][20776][gc,age      ] GC(107) - age  13:     137360 bytes,    3434080 total
[2024-05-30T21:14:47.917+0000][20776][gc,age      ] GC(107) - age  14:        160 bytes,    3434240 total
[2024-05-30T21:14:47.917+0000][20776][gc,age      ] GC(107) - age  15:        736 bytes,    3434976 total
[2024-05-30T21:14:47.917+0000][20776][gc,heap     ] GC(107) Eden regions: 605->0(605)
[2024-05-30T21:14:47.917+0000][20776][gc,heap     ] GC(107) Survivor regions: 1->1(76)
[2024-05-30T21:14:47.917+0000][20776][gc,heap     ] GC(107) Old regions: 51->51
[2024-05-30T21:14:47.917+0000][20776][gc,heap     ] GC(107) Archive regions: 0->0
[2024-05-30T21:14:47.917+0000][20776][gc,heap     ] GC(107) Humongous regions: 2->2
[2024-05-30T21:14:47.917+0000][20776][gc,metaspace] GC(107) Metaspace: 134741K(138560K)->134741K(138560K) NonClass: 116926K(118912K)->116926K(118912K) Class: 17814K(19648K)->17814K(19648K)
[2024-05-30T21:14:47.918+0000][20776][gc          ] GC(107) Pause Young (Normal) (G1 Evacuation Pause) 2633M->213M(4040M) 10.665ms
[2024-05-30T21:14:47.918+0000][20776][gc,cpu      ] GC(107) User=0.00s Sys=0.00s Real=0.01s
[2024-05-30T21:14:47.918+0000][20776][safepoint   ] Safepoint "G1CollectForAllocation", Time since last: 313355458600 ns, Reaching safepoint: 226400 ns, At safepoint: 10955600 ns, Total: 11182000 ns
[2024-05-30T21:21:40.434+0000][20776][safepoint   ] Safepoint "Cleanup", Time since last: 412525650400 ns, Reaching safepoint: 1394700 ns, At safepoint: 75400 ns, Total: 1470100 ns
[2024-05-30T21:25:06.583+0000][20776][safepoint   ] Safepoint "Cleanup", Time since last: 206147217100 ns, Reaching safepoint: 155400 ns, At safepoint: 18500 ns, Total: 173900 ns
[2024-05-30T21:30:14.468+0000][20776][gc,start    ] GC(108) Pause Young (Normal) (G1 Evacuation Pause)
[2024-05-30T21:30:14.470+0000][20776][gc,task     ] GC(108) Using 8 workers of 8 for evacuation
[2024-05-30T21:30:14.470+0000][20776][gc,age      ] GC(108) Desired survivor size 159383552 bytes, new threshold 15 (max threshold 15)
[2024-05-30T21:30:14.480+0000][20776][gc,phases   ] GC(108)   Pre Evacuate Collection Set: 0.3ms
[2024-05-30T21:30:14.480+0000][20776][gc,phases   ] GC(108)   Merge Heap Roots: 0.2ms
[2024-05-30T21:30:14.480+0000][20776][gc,phases   ] GC(108)   Evacuate Collection Set: 5.7ms
[2024-05-30T21:30:14.480+0000][20776][gc,phases   ] GC(108)   Post Evacuate Collection Set: 2.5ms
[2024-05-30T21:30:14.480+0000][20776][gc,phases   ] GC(108)   Other: 0.3ms
[2024-05-30T21:30:14.480+0000][20776][gc,age      ] GC(108) Age table with threshold 15 (max threshold 15)
[2024-05-30T21:30:14.480+0000][20776][gc,age      ] GC(108) - age   1:    2106704 bytes,    2106704 total
[2024-05-30T21:30:14.480+0000][20776][gc,age      ] GC(108) - age   2:       1800 bytes,    2108504 total
[2024-05-30T21:30:14.480+0000][20776][gc,age      ] GC(108) - age   3:     142592 bytes,    2251096 total
[2024-05-30T21:30:14.480+0000][20776][gc,age      ] GC(108) - age   4:       2832 bytes,    2253928 total
[2024-05-30T21:30:14.480+0000][20776][gc,age      ] GC(108) - age   5:        248 bytes,    2254176 total
[2024-05-30T21:30:14.480+0000][20776][gc,age      ] GC(108) - age   6:     242880 bytes,    2497056 total
[2024-05-30T21:30:14.480+0000][20776][gc,age      ] GC(108) - age   7:     753480 bytes,    3250536 total
[2024-05-30T21:30:14.480+0000][20776][gc,age      ] GC(108) - age   8:     262312 bytes,    3512848 total
[2024-05-30T21:30:14.480+0000][20776][gc,age      ] GC(108) - age   9:       8216 bytes,    3521064 total
[2024-05-30T21:30:14.480+0000][20776][gc,age      ] GC(108) - age  10:       6504 bytes,    3527568 total
[2024-05-30T21:30:14.480+0000][20776][gc,age      ] GC(108) - age  11:        216 bytes,    3527784 total
[2024-05-30T21:30:14.480+0000][20776][gc,age      ] GC(108) - age  12:         80 bytes,    3527864 total
[2024-05-30T21:30:14.480+0000][20776][gc,age      ] GC(108) - age  13:        280 bytes,    3528144 total
[2024-05-30T21:30:14.480+0000][20776][gc,age      ] GC(108) - age  14:     137360 bytes,    3665504 total
[2024-05-30T21:30:14.480+0000][20776][gc,age      ] GC(108) - age  15:        160 bytes,    3665664 total
[2024-05-30T21:30:14.480+0000][20776][gc,heap     ] GC(108) Eden regions: 605->0(605)
[2024-05-30T21:30:14.480+0000][20776][gc,heap     ] GC(108) Survivor regions: 1->1(76)
[2024-05-30T21:30:14.480+0000][20776][gc,heap     ] GC(108) Old regions: 51->51
[2024-05-30T21:30:14.480+0000][20776][gc,heap     ] GC(108) Archive regions: 0->0
[2024-05-30T21:30:14.480+0000][20776][gc,heap     ] GC(108) Humongous regions: 2->2
[2024-05-30T21:30:14.480+0000][20776][gc,metaspace] GC(108) Metaspace: 134741K(138560K)->134741K(138560K) NonClass: 116926K(118912K)->116926K(118912K) Class: 17814K(19648K)->17814K(19648K)
[2024-05-30T21:30:14.480+0000][20776][gc          ] GC(108) Pause Young (Normal) (G1 Evacuation Pause) 2633M->214M(4040M) 11.797ms
[2024-05-30T21:30:14.480+0000][20776][gc,cpu      ] GC(108) User=0.00s Sys=0.00s Real=0.01s
[2024-05-30T21:30:14.481+0000][20776][safepoint   ] Safepoint "G1CollectForAllocation", Time since last: 307885566400 ns, Reaching safepoint: 190600 ns, At safepoint: 12009200 ns, Total: 12199800 ns
[2024-05-31T00:38:18.725+0000][20776][safepoint   ] Safepoint "Cleanup", Time since last: 11284205889600 ns, Reaching safepoint: 47071700 ns, At safepoint: 14031700 ns, Total: 61103400 ns
[2024-05-31T00:38:19.740+0000][20776][safepoint   ] Safepoint "Cleanup", Time since last: 1000968300 ns, Reaching safepoint: 189300 ns, At safepoint: 31700 ns, Total: 221000 ns
[2024-05-31T00:38:20.744+0000][20776][safepoint   ] Safepoint "Cleanup", Time since last: 1002736800 ns, Reaching safepoint: 756500 ns, At safepoint: 118100 ns, Total: 874600 ns
[2024-05-31T17:49:25.263+0000][20776][safepoint   ] Safepoint "Cleanup", Time since last: 61870030200600 ns, Reaching safepoint: 31267900 ns, At safepoint: 52700 ns, Total: 31320600 ns
[2024-05-31T17:49:30.284+0000][20776][safepoint   ] Safepoint "Cleanup", Time since last: 5021535300 ns, Reaching safepoint: 64600 ns, At safepoint: 8500 ns, Total: 73100 ns
[2024-05-31T17:54:26.568+0000][20776][gc,start    ] GC(109) Pause Young (Normal) (G1 Evacuation Pause)
[2024-05-31T17:54:26.598+0000][20776][gc,task     ] GC(109) Using 8 workers of 8 for evacuation
[2024-05-31T17:54:26.598+0000][20776][gc,age      ] GC(109) Desired survivor size 159383552 bytes, new threshold 15 (max threshold 15)
[2024-05-31T17:54:26.753+0000][20776][gc,phases   ] GC(109)   Pre Evacuate Collection Set: 17.4ms
[2024-05-31T17:54:26.753+0000][20776][gc,phases   ] GC(109)   Merge Heap Roots: 2.3ms
[2024-05-31T17:54:26.753+0000][20776][gc,phases   ] GC(109)   Evacuate Collection Set: 80.1ms
[2024-05-31T17:54:26.753+0000][20776][gc,phases   ] GC(109)   Post Evacuate Collection Set: 49.1ms
[2024-05-31T17:54:26.753+0000][20776][gc,phases   ] GC(109)   Other: 27.4ms
[2024-05-31T17:54:26.753+0000][20776][gc,age      ] GC(109) Age table with threshold 15 (max threshold 15)
[2024-05-31T17:54:26.753+0000][20776][gc,age      ] GC(109) - age   1:    2168048 bytes,    2168048 total
[2024-05-31T17:54:26.753+0000][20776][gc,age      ] GC(109) - age   2:     301048 bytes,    2469096 total
[2024-05-31T17:54:26.753+0000][20776][gc,age      ] GC(109) - age   3:        760 bytes,    2469856 total
[2024-05-31T17:54:26.753+0000][20776][gc,age      ] GC(109) - age   4:       1704 bytes,    2471560 total
[2024-05-31T17:54:26.753+0000][20776][gc,age      ] GC(109) - age   5:       2792 bytes,    2474352 total
[2024-05-31T17:54:26.753+0000][20776][gc,age      ] GC(109) - age   6:        248 bytes,    2474600 total
[2024-05-31T17:54:26.753+0000][20776][gc,age      ] GC(109) - age   7:     242520 bytes,    2717120 total
[2024-05-31T17:54:26.753+0000][20776][gc,age      ] GC(109) - age   8:     653080 bytes,    3370200 total
[2024-05-31T17:54:26.753+0000][20776][gc,age      ] GC(109) - age   9:     230480 bytes,    3600680 total
[2024-05-31T17:54:26.753+0000][20776][gc,age      ] GC(109) - age  10:       8136 bytes,    3608816 total
[2024-05-31T17:54:26.753+0000][20776][gc,age      ] GC(109) - age  11:       6464 bytes,    3615280 total
[2024-05-31T17:54:26.753+0000][20776][gc,age      ] GC(109) - age  12:        216 bytes,    3615496 total
[2024-05-31T17:54:26.753+0000][20776][gc,age      ] GC(109) - age  13:         80 bytes,    3615576 total
[2024-05-31T17:54:26.753+0000][20776][gc,age      ] GC(109) - age  14:        280 bytes,    3615856 total
[2024-05-31T17:54:26.753+0000][20776][gc,age      ] GC(109) - age  15:     137280 bytes,    3753136 total
[2024-05-31T17:54:26.753+0000][20776][gc,heap     ] GC(109) Eden regions: 605->0(605)
[2024-05-31T17:54:26.754+0000][20776][gc,heap     ] GC(109) Survivor regions: 1->1(76)
[2024-05-31T17:54:26.754+0000][20776][gc,heap     ] GC(109) Old regions: 51->51
[2024-05-31T17:54:26.754+0000][20776][gc,heap     ] GC(109) Archive regions: 0->0
[2024-05-31T17:54:26.754+0000][20776][gc,heap     ] GC(109) Humongous regions: 2->2
[2024-05-31T17:54:26.754+0000][20776][gc,metaspace] GC(109) Metaspace: 134783K(138560K)->134783K(138560K) NonClass: 116968K(118912K)->116968K(118912K) Class: 17814K(19648K)->17814K(19648K)
[2024-05-31T17:54:26.761+0000][20776][gc          ] GC(109) Pause Young (Normal) (G1 Evacuation Pause) 2634M->214M(4040M) 185.772ms
[2024-05-31T17:54:26.761+0000][20776][gc,cpu      ] GC(109) User=0.05s Sys=0.27s Real=0.20s
[2024-05-31T17:54:26.761+0000][20776][safepoint   ] Safepoint "G1CollectForAllocation", Time since last: 296268577400 ns, Reaching safepoint: 119600 ns, At safepoint: 208420800 ns, Total: 208540400 ns
[2024-05-31T18:05:20.572+0000][20776][gc,start    ] GC(110) Pause Young (Normal) (G1 Evacuation Pause)
[2024-05-31T18:05:20.572+0000][20776][gc,task     ] GC(110) Using 8 workers of 8 for evacuation
[2024-05-31T18:05:20.572+0000][20776][gc,age      ] GC(110) Desired survivor size 159383552 bytes, new threshold 15 (max threshold 15)
[2024-05-31T18:05:20.581+0000][20776][gc,phases   ] GC(110)   Pre Evacuate Collection Set: 0.2ms
[2024-05-31T18:05:20.581+0000][20776][gc,phases   ] GC(110)   Merge Heap Roots: 0.1ms
[2024-05-31T18:05:20.581+0000][20776][gc,phases   ] GC(110)   Evacuate Collection Set: 6.9ms
[2024-05-31T18:05:20.581+0000][20776][gc,phases   ] GC(110)   Post Evacuate Collection Set: 1.3ms
[2024-05-31T18:05:20.581+0000][20776][gc,phases   ] GC(110)   Other: 0.6ms
[2024-05-31T18:05:20.581+0000][20776][gc,age      ] GC(110) Age table with threshold 15 (max threshold 15)
[2024-05-31T18:05:20.581+0000][20776][gc,age      ] GC(110) - age   1:     997744 bytes,     997744 total
[2024-05-31T18:05:20.581+0000][20776][gc,age      ] GC(110) - age   2:     715792 bytes,    1713536 total
[2024-05-31T18:05:20.581+0000][20776][gc,age      ] GC(110) - age   3:     296224 bytes,    2009760 total
[2024-05-31T18:05:20.581+0000][20776][gc,age      ] GC(110) - age   4:        760 bytes,    2010520 total
[2024-05-31T18:05:20.581+0000][20776][gc,age      ] GC(110) - age   5:       1624 bytes,    2012144 total
[2024-05-31T18:05:20.581+0000][20776][gc,age      ] GC(110) - age   6:       2792 bytes,    2014936 total
[2024-05-31T18:05:20.581+0000][20776][gc,age      ] GC(110) - age   7:        168 bytes,    2015104 total
[2024-05-31T18:05:20.581+0000][20776][gc,age      ] GC(110) - age   8:     242520 bytes,    2257624 total
[2024-05-31T18:05:20.581+0000][20776][gc,age      ] GC(110) - age   9:     653000 bytes,    2910624 total
[2024-05-31T18:05:20.581+0000][20776][gc,age      ] GC(110) - age  10:     230440 bytes,    3141064 total
[2024-05-31T18:05:20.581+0000][20776][gc,age      ] GC(110) - age  11:       8136 bytes,    3149200 total
[2024-05-31T18:05:20.581+0000][20776][gc,age      ] GC(110) - age  12:       6424 bytes,    3155624 total
[2024-05-31T18:05:20.581+0000][20776][gc,age      ] GC(110) - age  13:        160 bytes,    3155784 total
[2024-05-31T18:05:20.581+0000][20776][gc,age      ] GC(110) - age  14:         24 bytes,    3155808 total
[2024-05-31T18:05:20.581+0000][20776][gc,age      ] GC(110) - age  15:        280 bytes,    3156088 total
[2024-05-31T18:05:20.581+0000][20776][gc,heap     ] GC(110) Eden regions: 605->0(605)
[2024-05-31T18:05:20.581+0000][20776][gc,heap     ] GC(110) Survivor regions: 1->1(76)
[2024-05-31T18:05:20.581+0000][20776][gc,heap     ] GC(110) Old regions: 51->51
[2024-05-31T18:05:20.581+0000][20776][gc,heap     ] GC(110) Archive regions: 0->0
[2024-05-31T18:05:20.581+0000][20776][gc,heap     ] GC(110) Humongous regions: 2->2
[2024-05-31T18:05:20.581+0000][20776][gc,metaspace] GC(110) Metaspace: 134787K(138560K)->134787K(138560K) NonClass: 116972K(118912K)->116972K(118912K) Class: 17814K(19648K)->17814K(19648K)
[2024-05-31T18:05:20.581+0000][20776][gc          ] GC(110) Pause Young (Normal) (G1 Evacuation Pause) 2634M->213M(4040M) 9.905ms
[2024-05-31T18:05:20.581+0000][20776][gc,cpu      ] GC(110) User=0.03s Sys=0.03s Real=0.01s
[2024-05-31T18:05:20.581+0000][20776][safepoint   ] Safepoint "G1CollectForAllocation", Time since last: 653810145900 ns, Reaching safepoint: 127900 ns, At safepoint: 10343900 ns, Total: 10471800 ns
[2024-05-31T18:08:23.060+0000][20776][safepoint   ] Safepoint "Cleanup", Time since last: 182478048800 ns, Reaching safepoint: 132700 ns, At safepoint: 22500 ns, Total: 155200 ns
[2024-05-31T18:12:26.170+0000][20776][safepoint   ] Safepoint "Cleanup", Time since last: 243093912100 ns, Reaching safepoint: 16363000 ns, At safepoint: 99400 ns, Total: 16462400 ns
[2024-05-31T18:16:12.886+0000][20776][gc,start    ] GC(111) Pause Young (Normal) (G1 Evacuation Pause)
[2024-05-31T18:16:12.886+0000][20776][gc,task     ] GC(111) Using 8 workers of 8 for evacuation
[2024-05-31T18:16:12.886+0000][20776][gc,age      ] GC(111) Desired survivor size 159383552 bytes, new threshold 15 (max threshold 15)
[2024-05-31T18:16:12.899+0000][20776][gc,phases   ] GC(111)   Pre Evacuate Collection Set: 0.4ms
[2024-05-31T18:16:12.899+0000][20776][gc,phases   ] GC(111)   Merge Heap Roots: 0.9ms
[2024-05-31T18:16:12.899+0000][20776][gc,phases   ] GC(111)   Evacuate Collection Set: 6.9ms
[2024-05-31T18:16:12.899+0000][20776][gc,phases   ] GC(111)   Post Evacuate Collection Set: 4.4ms
[2024-05-31T18:16:12.899+0000][20776][gc,phases   ] GC(111)   Other: 0.6ms
[2024-05-31T18:16:12.899+0000][20776][gc,age      ] GC(111) Age table with threshold 15 (max threshold 15)
[2024-05-31T18:16:12.899+0000][20776][gc,age      ] GC(111) - age   1:    1386896 bytes,    1386896 total
[2024-05-31T18:16:12.899+0000][20776][gc,age      ] GC(111) - age   2:     182392 bytes,    1569288 total
[2024-05-31T18:16:12.899+0000][20776][gc,age      ] GC(111) - age   3:     714512 bytes,    2283800 total
[2024-05-31T18:16:12.899+0000][20776][gc,age      ] GC(111) - age   4:     295992 bytes,    2579792 total
[2024-05-31T18:16:12.899+0000][20776][gc,age      ] GC(111) - age   5:        760 bytes,    2580552 total
[2024-05-31T18:16:12.899+0000][20776][gc,age      ] GC(111) - age   6:       1544 bytes,    2582096 total
[2024-05-31T18:16:12.899+0000][20776][gc,age      ] GC(111) - age   7:       2792 bytes,    2584888 total
[2024-05-31T18:16:12.899+0000][20776][gc,age      ] GC(111) - age   8:        168 bytes,    2585056 total
[2024-05-31T18:16:12.899+0000][20776][gc,age      ] GC(111) - age   9:     242520 bytes,    2827576 total
[2024-05-31T18:16:12.899+0000][20776][gc,age      ] GC(111) - age  10:     652792 bytes,    3480368 total
[2024-05-31T18:16:12.899+0000][20776][gc,age      ] GC(111) - age  11:     230440 bytes,    3710808 total
[2024-05-31T18:16:12.899+0000][20776][gc,age      ] GC(111) - age  12:       8136 bytes,    3718944 total
[2024-05-31T18:16:12.899+0000][20776][gc,age      ] GC(111) - age  13:       6424 bytes,    3725368 total
[2024-05-31T18:16:12.900+0000][20776][gc,age      ] GC(111) - age  14:        160 bytes,    3725528 total
[2024-05-31T18:16:12.900+0000][20776][gc,age      ] GC(111) - age  15:         24 bytes,    3725552 total
[2024-05-31T18:16:12.900+0000][20776][gc,heap     ] GC(111) Eden regions: 605->0(605)
[2024-05-31T18:16:12.900+0000][20776][gc,heap     ] GC(111) Survivor regions: 1->1(76)
[2024-05-31T18:16:12.900+0000][20776][gc,heap     ] GC(111) Old regions: 51->51
[2024-05-31T18:16:12.900+0000][20776][gc,heap     ] GC(111) Archive regions: 0->0
[2024-05-31T18:16:12.900+0000][20776][gc,heap     ] GC(111) Humongous regions: 2->2
[2024-05-31T18:16:12.900+0000][20776][gc,metaspace] GC(111) Metaspace: 134789K(138560K)->134789K(138560K) NonClass: 116974K(118912K)->116974K(118912K) Class: 17814K(19648K)->17814K(19648K)
[2024-05-31T18:16:12.900+0000][20776][gc          ] GC(111) Pause Young (Normal) (G1 Evacuation Pause) 2633M->214M(4040M) 13.984ms
[2024-05-31T18:16:12.900+0000][20776][gc,cpu      ] GC(111) User=0.00s Sys=0.00s Real=0.01s
[2024-05-31T18:16:12.900+0000][20776][safepoint   ] Safepoint "G1CollectForAllocation", Time since last: 226715552900 ns, Reaching safepoint: 226900 ns, At safepoint: 14146300 ns, Total: 14373200 ns
[2024-05-31T18:24:08.369+0000][20776][safepoint   ] Safepoint "Cleanup", Time since last: 475468819200 ns, Reaching safepoint: 348900 ns, At safepoint: 78600 ns, Total: 427500 ns
[2024-05-31T18:26:58.748+0000][20776][gc,start    ] GC(112) Pause Young (Normal) (G1 Evacuation Pause)
[2024-05-31T18:26:58.748+0000][20776][gc,task     ] GC(112) Using 8 workers of 8 for evacuation
[2024-05-31T18:26:58.748+0000][20776][gc,age      ] GC(112) Desired survivor size 159383552 bytes, new threshold 15 (max threshold 15)
[2024-05-31T18:26:58.754+0000][20776][gc,phases   ] GC(112)   Pre Evacuate Collection Set: 0.2ms
[2024-05-31T18:26:58.754+0000][20776][gc,phases   ] GC(112)   Merge Heap Roots: 0.2ms
[2024-05-31T18:26:58.754+0000][20776][gc,phases   ] GC(112)   Evacuate Collection Set: 4.2ms
[2024-05-31T18:26:58.754+0000][20776][gc,phases   ] GC(112)   Post Evacuate Collection Set: 1.4ms
[2024-05-31T18:26:58.754+0000][20776][gc,phases   ] GC(112)   Other: 0.2ms
[2024-05-31T18:26:58.754+0000][20776][gc,age      ] GC(112) Age table with threshold 15 (max threshold 15)
[2024-05-31T18:26:58.754+0000][20776][gc,age      ] GC(112) - age   1:     779632 bytes,     779632 total
[2024-05-31T18:26:58.754+0000][20776][gc,age      ] GC(112) - age   2:       2560 bytes,     782192 total
[2024-05-31T18:26:58.754+0000][20776][gc,age      ] GC(112) - age   3:     180600 bytes,     962792 total
[2024-05-31T18:26:58.754+0000][20776][gc,age      ] GC(112) - age   4:     714448 bytes,    1677240 total
[2024-05-31T18:26:58.754+0000][20776][gc,age      ] GC(112) - age   5:     295912 bytes,    1973152 total
[2024-05-31T18:26:58.754+0000][20776][gc,age      ] GC(112) - age   6:        760 bytes,    1973912 total
[2024-05-31T18:26:58.754+0000][20776][gc,age      ] GC(112) - age   7:       1544 bytes,    1975456 total
[2024-05-31T18:26:58.754+0000][20776][gc,age      ] GC(112) - age   8:       2792 bytes,    1978248 total
[2024-05-31T18:26:58.754+0000][20776][gc,age      ] GC(112) - age   9:         88 bytes,    1978336 total
[2024-05-31T18:26:58.754+0000][20776][gc,age      ] GC(112) - age  10:     242520 bytes,    2220856 total
[2024-05-31T18:26:58.754+0000][20776][gc,age      ] GC(112) - age  11:     652792 bytes,    2873648 total
[2024-05-31T18:26:58.754+0000][20776][gc,age      ] GC(112) - age  12:     230360 bytes,    3104008 total
[2024-05-31T18:26:58.754+0000][20776][gc,age      ] GC(112) - age  13:       8136 bytes,    3112144 total
[2024-05-31T18:26:58.754+0000][20776][gc,age      ] GC(112) - age  14:       6424 bytes,    3118568 total
[2024-05-31T18:26:58.754+0000][20776][gc,age      ] GC(112) - age  15:        160 bytes,    3118728 total
[2024-05-31T18:26:58.754+0000][20776][gc,heap     ] GC(112) Eden regions: 605->0(605)
[2024-05-31T18:26:58.754+0000][20776][gc,heap     ] GC(112) Survivor regions: 1->1(76)
[2024-05-31T18:26:58.754+0000][20776][gc,heap     ] GC(112) Old regions: 51->51
[2024-05-31T18:26:58.754+0000][20776][gc,heap     ] GC(112) Archive regions: 0->0
[2024-05-31T18:26:58.755+0000][20776][gc,heap     ] GC(112) Humongous regions: 2->2
[2024-05-31T18:26:58.755+0000][20776][gc,metaspace] GC(112) Metaspace: 134792K(138560K)->134792K(138560K) NonClass: 116977K(118912K)->116977K(118912K) Class: 17814K(19648K)->17814K(19648K)
[2024-05-31T18:26:58.755+0000][20776][gc          ] GC(112) Pause Young (Normal) (G1 Evacuation Pause) 2634M->213M(4040M) 6.670ms
[2024-05-31T18:26:58.755+0000][20776][gc,cpu      ] GC(112) User=0.00s Sys=0.00s Real=0.01s
[2024-05-31T18:26:58.755+0000][20776][safepoint   ] Safepoint "G1CollectForAllocation", Time since last: 170378391400 ns, Reaching safepoint: 227100 ns, At safepoint: 6876600 ns, Total: 7103700 ns
[2024-05-31T18:29:34.173+0000][20776][safepoint   ] Safepoint "Cleanup", Time since last: 155417505100 ns, Reaching safepoint: 186400 ns, At safepoint: 11900 ns, Total: 198300 ns
[2024-05-31T18:32:28.099+0000][20776][safepoint   ] Safepoint "Cleanup", Time since last: 173925717800 ns, Reaching safepoint: 155300 ns, At safepoint: 17700 ns, Total: 173000 ns
[2024-05-31T18:37:48.376+0000][20776][gc,start    ] GC(113) Pause Young (Normal) (G1 Evacuation Pause)
[2024-05-31T18:37:48.376+0000][20776][gc,task     ] GC(113) Using 8 workers of 8 for evacuation
[2024-05-31T18:37:48.376+0000][20776][gc,age      ] GC(113) Desired survivor size 159383552 bytes, new threshold 15 (max threshold 15)
[2024-05-31T18:37:48.389+0000][20776][gc,phases   ] GC(113)   Pre Evacuate Collection Set: 0.6ms
[2024-05-31T18:37:48.389+0000][20776][gc,phases   ] GC(113)   Merge Heap Roots: 0.2ms
[2024-05-31T18:37:48.389+0000][20776][gc,phases   ] GC(113)   Evacuate Collection Set: 6.4ms
[2024-05-31T18:37:48.389+0000][20776][gc,phases   ] GC(113)   Post Evacuate Collection Set: 4.2ms
[2024-05-31T18:37:48.389+0000][20776][gc,phases   ] GC(113)   Other: 1.0ms
[2024-05-31T18:37:48.389+0000][20776][gc,age      ] GC(113) Age table with threshold 15 (max threshold 15)
[2024-05-31T18:37:48.389+0000][20776][gc,age      ] GC(113) - age   1:    1867040 bytes,    1867040 total
[2024-05-31T18:37:48.389+0000][20776][gc,age      ] GC(113) - age   2:       2088 bytes,    1869128 total
[2024-05-31T18:37:48.389+0000][20776][gc,age      ] GC(113) - age   3:        408 bytes,    1869536 total
[2024-05-31T18:37:48.389+0000][20776][gc,age      ] GC(113) - age   4:     180600 bytes,    2050136 total
[2024-05-31T18:37:48.389+0000][20776][gc,age      ] GC(113) - age   5:     714448 bytes,    2764584 total
[2024-05-31T18:37:48.389+0000][20776][gc,age      ] GC(113) - age   6:     295832 bytes,    3060416 total
[2024-05-31T18:37:48.389+0000][20776][gc,age      ] GC(113) - age   7:        760 bytes,    3061176 total
[2024-05-31T18:37:48.389+0000][20776][gc,age      ] GC(113) - age   8:       1544 bytes,    3062720 total
[2024-05-31T18:37:48.389+0000][20776][gc,age      ] GC(113) - age   9:       2712 bytes,    3065432 total
[2024-05-31T18:37:48.389+0000][20776][gc,age      ] GC(113) - age  10:         88 bytes,    3065520 total
[2024-05-31T18:37:48.389+0000][20776][gc,age      ] GC(113) - age  11:     242520 bytes,    3308040 total
[2024-05-31T18:37:48.389+0000][20776][gc,age      ] GC(113) - age  12:     652792 bytes,    3960832 total
[2024-05-31T18:37:48.389+0000][20776][gc,age      ] GC(113) - age  13:     230360 bytes,    4191192 total
[2024-05-31T18:37:48.389+0000][20776][gc,age      ] GC(113) - age  14:       8136 bytes,    4199328 total
[2024-05-31T18:37:48.389+0000][20776][gc,age      ] GC(113) - age  15:       6424 bytes,    4205752 total
[2024-05-31T18:37:48.389+0000][20776][gc,heap     ] GC(113) Eden regions: 605->0(604)
[2024-05-31T18:37:48.389+0000][20776][gc,heap     ] GC(113) Survivor regions: 1->2(76)
[2024-05-31T18:37:48.389+0000][20776][gc,heap     ] GC(113) Old regions: 51->51
[2024-05-31T18:37:48.389+0000][20776][gc,heap     ] GC(113) Archive regions: 0->0
[2024-05-31T18:37:48.389+0000][20776][gc,heap     ] GC(113) Humongous regions: 2->2
[2024-05-31T18:37:48.389+0000][20776][gc,metaspace] GC(113) Metaspace: 134794K(138560K)->134794K(138560K) NonClass: 116979K(118912K)->116979K(118912K) Class: 17814K(19648K)->17814K(19648K)
[2024-05-31T18:37:48.390+0000][20776][gc          ] GC(113) Pause Young (Normal) (G1 Evacuation Pause) 2633M->214M(4040M) 13.099ms
[2024-05-31T18:37:48.390+0000][20776][gc,cpu      ] GC(113) User=0.00s Sys=0.00s Real=0.01s
[2024-05-31T18:37:48.390+0000][20776][safepoint   ] Safepoint "G1CollectForAllocation", Time since last: 320277545000 ns, Reaching safepoint: 146500 ns, At safepoint: 13953300 ns, Total: 14099800 ns
[2024-05-31T18:39:34.492+0000][20776][safepoint   ] Safepoint "Cleanup", Time since last: 105596297600 ns, Reaching safepoint: 505004900 ns, At safepoint: 121500 ns, Total: 505126400 ns
[2024-05-31T18:45:47.000+0000][20776][safepoint   ] Safepoint "Cleanup", Time since last: 372507579000 ns, Reaching safepoint: 360400 ns, At safepoint: 73300 ns, Total: 433700 ns
[2024-05-31T18:48:28.554+0000][20776][gc,start    ] GC(114) Pause Young (Normal) (G1 Evacuation Pause)
[2024-05-31T18:48:28.554+0000][20776][gc,task     ] GC(114) Using 8 workers of 8 for evacuation
[2024-05-31T18:48:28.554+0000][20776][gc,age      ] GC(114) Desired survivor size 159383552 bytes, new threshold 15 (max threshold 15)
[2024-05-31T18:48:28.565+0000][20776][gc,phases   ] GC(114)   Pre Evacuate Collection Set: 0.3ms
[2024-05-31T18:48:28.565+0000][20776][gc,phases   ] GC(114)   Merge Heap Roots: 1.0ms
[2024-05-31T18:48:28.565+0000][20776][gc,phases   ] GC(114)   Evacuate Collection Set: 5.8ms
[2024-05-31T18:48:28.565+0000][20776][gc,phases   ] GC(114)   Post Evacuate Collection Set: 2.3ms
[2024-05-31T18:48:28.565+0000][20776][gc,phases   ] GC(114)   Other: 2.5ms
[2024-05-31T18:48:28.565+0000][20776][gc,age      ] GC(114) Age table with threshold 15 (max threshold 15)
[2024-05-31T18:48:28.565+0000][20776][gc,age      ] GC(114) - age   1:    1349448 bytes,    1349448 total
[2024-05-31T18:48:28.565+0000][20776][gc,age      ] GC(114) - age   2:       3000 bytes,    1352448 total
[2024-05-31T18:48:28.565+0000][20776][gc,age      ] GC(114) - age   3:        704 bytes,    1353152 total
[2024-05-31T18:48:28.565+0000][20776][gc,age      ] GC(114) - age   4:        328 bytes,    1353480 total
[2024-05-31T18:48:28.565+0000][20776][gc,age      ] GC(114) - age   5:     180600 bytes,    1534080 total
[2024-05-31T18:48:28.565+0000][20776][gc,age      ] GC(114) - age   6:     714368 bytes,    2248448 total
[2024-05-31T18:48:28.565+0000][20776][gc,age      ] GC(114) - age   7:     295832 bytes,    2544280 total
[2024-05-31T18:48:28.565+0000][20776][gc,age      ] GC(114) - age   8:        680 bytes,    2544960 total
[2024-05-31T18:48:28.565+0000][20776][gc,age      ] GC(114) - age   9:       1544 bytes,    2546504 total
[2024-05-31T18:48:28.565+0000][20776][gc,age      ] GC(114) - age  10:       2712 bytes,    2549216 total
[2024-05-31T18:48:28.565+0000][20776][gc,age      ] GC(114) - age  11:         88 bytes,    2549304 total
[2024-05-31T18:48:28.565+0000][20776][gc,age      ] GC(114) - age  12:     242520 bytes,    2791824 total
[2024-05-31T18:48:28.565+0000][20776][gc,age      ] GC(114) - age  13:     652792 bytes,    3444616 total
[2024-05-31T18:48:28.565+0000][20776][gc,age      ] GC(114) - age  14:     230360 bytes,    3674976 total
[2024-05-31T18:48:28.565+0000][20776][gc,age      ] GC(114) - age  15:       8136 bytes,    3683112 total
[2024-05-31T18:48:28.565+0000][20776][gc,heap     ] GC(114) Eden regions: 604->0(605)
[2024-05-31T18:48:28.565+0000][20776][gc,heap     ] GC(114) Survivor regions: 2->1(76)
[2024-05-31T18:48:28.565+0000][20776][gc,heap     ] GC(114) Old regions: 51->51
[2024-05-31T18:48:28.565+0000][20776][gc,heap     ] GC(114) Archive regions: 0->0
[2024-05-31T18:48:28.565+0000][20776][gc,heap     ] GC(114) Humongous regions: 2->2
[2024-05-31T18:48:28.565+0000][20776][gc,metaspace] GC(114) Metaspace: 134799K(138560K)->134799K(138560K) NonClass: 116984K(118912K)->116984K(118912K) Class: 17814K(19648K)->17814K(19648K)
[2024-05-31T18:48:28.566+0000][20776][gc          ] GC(114) Pause Young (Normal) (G1 Evacuation Pause) 2630M->214M(4040M) 12.470ms
[2024-05-31T18:48:28.566+0000][20776][gc,cpu      ] GC(114) User=0.11s Sys=0.02s Real=0.01s
[2024-05-31T18:48:28.566+0000][20776][safepoint   ] Safepoint "G1CollectForAllocation", Time since last: 161553494700 ns, Reaching safepoint: 175000 ns, At safepoint: 13320100 ns, Total: 13495100 ns
[2024-05-31T18:59:02.909+0000][20776][gc,start    ] GC(115) Pause Young (Normal) (G1 Evacuation Pause)
[2024-05-31T18:59:02.909+0000][20776][gc,task     ] GC(115) Using 8 workers of 8 for evacuation
[2024-05-31T18:59:02.909+0000][20776][gc,age      ] GC(115) Desired survivor size 159383552 bytes, new threshold 15 (max threshold 15)
[2024-05-31T18:59:02.916+0000][20776][gc,phases   ] GC(115)   Pre Evacuate Collection Set: 0.7ms
[2024-05-31T18:59:02.916+0000][20776][gc,phases   ] GC(115)   Merge Heap Roots: 0.2ms
[2024-05-31T18:59:02.917+0000][20776][gc,phases   ] GC(115)   Evacuate Collection Set: 5.4ms
[2024-05-31T18:59:02.917+0000][20776][gc,phases   ] GC(115)   Post Evacuate Collection Set: 1.5ms
[2024-05-31T18:59:02.917+0000][20776][gc,phases   ] GC(115)   Other: 0.3ms
[2024-05-31T18:59:02.917+0000][20776][gc,age      ] GC(115) Age table with threshold 15 (max threshold 15)
[2024-05-31T18:59:02.917+0000][20776][gc,age      ] GC(115) - age   1:    1890568 bytes,    1890568 total
[2024-05-31T18:59:02.917+0000][20776][gc,age      ] GC(115) - age   2:       2480 bytes,    1893048 total
[2024-05-31T18:59:02.917+0000][20776][gc,age      ] GC(115) - age   3:        416 bytes,    1893464 total
[2024-05-31T18:59:02.917+0000][20776][gc,age      ] GC(115) - age   4:        704 bytes,    1894168 total
[2024-05-31T18:59:02.917+0000][20776][gc,age      ] GC(115) - age   5:        104 bytes,    1894272 total
[2024-05-31T18:59:02.917+0000][20776][gc,age      ] GC(115) - age   6:        720 bytes,    1894992 total
[2024-05-31T18:59:02.917+0000][20776][gc,age      ] GC(115) - age   7:     496592 bytes,    2391584 total
[2024-05-31T18:59:02.917+0000][20776][gc,age      ] GC(115) - age   8:     292096 bytes,    2683680 total
[2024-05-31T18:59:02.917+0000][20776][gc,age      ] GC(115) - age   9:        680 bytes,    2684360 total
[2024-05-31T18:59:02.917+0000][20776][gc,age      ] GC(115) - age  10:       1544 bytes,    2685904 total
[2024-05-31T18:59:02.917+0000][20776][gc,age      ] GC(115) - age  11:       2712 bytes,    2688616 total
[2024-05-31T18:59:02.917+0000][20776][gc,age      ] GC(115) - age  12:         88 bytes,    2688704 total
[2024-05-31T18:59:02.917+0000][20776][gc,age      ] GC(115) - age  13:     242520 bytes,    2931224 total
[2024-05-31T18:59:02.917+0000][20776][gc,age      ] GC(115) - age  14:     652792 bytes,    3584016 total
[2024-05-31T18:59:02.917+0000][20776][gc,age      ] GC(115) - age  15:     230240 bytes,    3814256 total
[2024-05-31T18:59:02.917+0000][20776][gc,heap     ] GC(115) Eden regions: 605->0(604)
[2024-05-31T18:59:02.917+0000][20776][gc,heap     ] GC(115) Survivor regions: 1->2(76)
[2024-05-31T18:59:02.917+0000][20776][gc,heap     ] GC(115) Old regions: 51->51
[2024-05-31T18:59:02.917+0000][20776][gc,heap     ] GC(115) Archive regions: 0->0
[2024-05-31T18:59:02.917+0000][20776][gc,heap     ] GC(115) Humongous regions: 2->2
[2024-05-31T18:59:02.917+0000][20776][gc,metaspace] GC(115) Metaspace: 134808K(138560K)->134808K(138560K) NonClass: 116993K(118912K)->116993K(118912K) Class: 17814K(19648K)->17814K(19648K)
[2024-05-31T18:59:02.917+0000][20776][gc          ] GC(115) Pause Young (Normal) (G1 Evacuation Pause) 2634M->214M(4040M) 8.575ms
[2024-05-31T18:59:02.917+0000][20776][gc,cpu      ] GC(115) User=0.00s Sys=0.00s Real=0.01s
[2024-05-31T18:59:02.917+0000][20776][safepoint   ] Safepoint "G1CollectForAllocation", Time since last: 634341870100 ns, Reaching safepoint: 219800 ns, At safepoint: 9021100 ns, Total: 9240900 ns
[2024-05-31T18:59:34.126+0000][20776][safepoint   ] Safepoint "Cleanup", Time since last: 31207966700 ns, Reaching safepoint: 119800 ns, At safepoint: 16800 ns, Total: 136600 ns
[2024-05-31T19:09:28.592+0000][20776][gc,start    ] GC(116) Pause Young (Normal) (G1 Evacuation Pause)
[2024-05-31T19:09:28.594+0000][20776][gc,task     ] GC(116) Using 8 workers of 8 for evacuation
[2024-05-31T19:09:28.594+0000][20776][gc,age      ] GC(116) Desired survivor size 159383552 bytes, new threshold 15 (max threshold 15)
[2024-05-31T19:09:28.606+0000][20776][gc,phases   ] GC(116)   Pre Evacuate Collection Set: 0.4ms
[2024-05-31T19:09:28.606+0000][20776][gc,phases   ] GC(116)   Merge Heap Roots: 1.3ms
[2024-05-31T19:09:28.606+0000][20776][gc,phases   ] GC(116)   Evacuate Collection Set: 5.2ms
[2024-05-31T19:09:28.606+0000][20776][gc,phases   ] GC(116)   Post Evacuate Collection Set: 3.6ms
[2024-05-31T19:09:28.606+0000][20776][gc,phases   ] GC(116)   Other: 1.1ms
[2024-05-31T19:09:28.606+0000][20776][gc,age      ] GC(116) Age table with threshold 15 (max threshold 15)
[2024-05-31T19:09:28.606+0000][20776][gc,age      ] GC(116) - age   1:    1540224 bytes,    1540224 total
[2024-05-31T19:09:28.606+0000][20776][gc,age      ] GC(116) - age   2:     366640 bytes,    1906864 total
[2024-05-31T19:09:28.606+0000][20776][gc,age      ] GC(116) - age   3:        480 bytes,    1907344 total
[2024-05-31T19:09:28.606+0000][20776][gc,age      ] GC(116) - age   4:        336 bytes,    1907680 total
[2024-05-31T19:09:28.606+0000][20776][gc,age      ] GC(116) - age   5:        528 bytes,    1908208 total
[2024-05-31T19:09:28.606+0000][20776][gc,age      ] GC(116) - age   6:        104 bytes,    1908312 total
[2024-05-31T19:09:28.606+0000][20776][gc,age      ] GC(116) - age   7:        352 bytes,    1908664 total
[2024-05-31T19:09:28.606+0000][20776][gc,age      ] GC(116) - age   8:     496528 bytes,    2405192 total
[2024-05-31T19:09:28.606+0000][20776][gc,age      ] GC(116) - age   9:     292016 bytes,    2697208 total
[2024-05-31T19:09:28.606+0000][20776][gc,age      ] GC(116) - age  10:        680 bytes,    2697888 total
[2024-05-31T19:09:28.606+0000][20776][gc,age      ] GC(116) - age  11:       1544 bytes,    2699432 total
[2024-05-31T19:09:28.606+0000][20776][gc,age      ] GC(116) - age  12:       2712 bytes,    2702144 total
[2024-05-31T19:09:28.606+0000][20776][gc,age      ] GC(116) - age  13:         88 bytes,    2702232 total
[2024-05-31T19:09:28.606+0000][20776][gc,age      ] GC(116) - age  14:     242520 bytes,    2944752 total
[2024-05-31T19:09:28.606+0000][20776][gc,age      ] GC(116) - age  15:     652792 bytes,    3597544 total
[2024-05-31T19:09:28.606+0000][20776][gc,heap     ] GC(116) Eden regions: 604->0(605)
[2024-05-31T19:09:28.606+0000][20776][gc,heap     ] GC(116) Survivor regions: 2->1(76)
[2024-05-31T19:09:28.606+0000][20776][gc,heap     ] GC(116) Old regions: 51->51
[2024-05-31T19:09:28.606+0000][20776][gc,heap     ] GC(116) Archive regions: 0->0
[2024-05-31T19:09:28.606+0000][20776][gc,heap     ] GC(116) Humongous regions: 2->2
[2024-05-31T19:09:28.606+0000][20776][gc,metaspace] GC(116) Metaspace: 134810K(138560K)->134810K(138560K) NonClass: 116995K(118912K)->116995K(118912K) Class: 17814K(19648K)->17814K(19648K)
[2024-05-31T19:09:28.607+0000][20776][gc          ] GC(116) Pause Young (Normal) (G1 Evacuation Pause) 2630M->214M(4040M) 14.276ms
[2024-05-31T19:09:28.607+0000][20776][gc,cpu      ] GC(116) User=0.00s Sys=0.00s Real=0.02s
[2024-05-31T19:09:28.607+0000][20776][safepoint   ] Safepoint "G1CollectForAllocation", Time since last: 594466068700 ns, Reaching safepoint: 353700 ns, At safepoint: 14838000 ns, Total: 15191700 ns
[2024-05-31T19:09:34.660+0000][20776][safepoint   ] Safepoint "Cleanup", Time since last: 6052687400 ns, Reaching safepoint: 169000 ns, At safepoint: 20500 ns, Total: 189500 ns
[2024-05-31T19:13:25.623+0000][20776][safepoint   ] Safepoint "Cleanup", Time since last: 230943872400 ns, Reaching safepoint: 19760000 ns, At safepoint: 91600 ns, Total: 19851600 ns
[2024-05-31T19:19:56.973+0000][20776][gc,start    ] GC(117) Pause Young (Normal) (G1 Evacuation Pause)
[2024-05-31T19:19:56.973+0000][20776][gc,task     ] GC(117) Using 8 workers of 8 for evacuation
[2024-05-31T19:19:56.973+0000][20776][gc,age      ] GC(117) Desired survivor size 159383552 bytes, new threshold 15 (max threshold 15)
[2024-05-31T19:19:56.983+0000][20776][gc,phases   ] GC(117)   Pre Evacuate Collection Set: 0.2ms
[2024-05-31T19:19:56.983+0000][20776][gc,phases   ] GC(117)   Merge Heap Roots: 0.2ms
[2024-05-31T19:19:56.983+0000][20776][gc,phases   ] GC(117)   Evacuate Collection Set: 6.7ms
[2024-05-31T19:19:56.983+0000][20776][gc,phases   ] GC(117)   Post Evacuate Collection Set: 1.8ms
[2024-05-31T19:19:56.983+0000][20776][gc,phases   ] GC(117)   Other: 0.6ms
[2024-05-31T19:19:56.983+0000][20776][gc,age      ] GC(117) Age table with threshold 15 (max threshold 15)
[2024-05-31T19:19:56.983+0000][20776][gc,age      ] GC(117) - age   1:    1764152 bytes,    1764152 total
[2024-05-31T19:19:56.983+0000][20776][gc,age      ] GC(117) - age   2:       9336 bytes,    1773488 total
[2024-05-31T19:19:56.983+0000][20776][gc,age      ] GC(117) - age   3:     363984 bytes,    2137472 total
[2024-05-31T19:19:56.983+0000][20776][gc,age      ] GC(117) - age   4:        400 bytes,    2137872 total
[2024-05-31T19:19:56.983+0000][20776][gc,age      ] GC(117) - age   5:        336 bytes,    2138208 total
[2024-05-31T19:19:56.983+0000][20776][gc,age      ] GC(117) - age   6:        528 bytes,    2138736 total
[2024-05-31T19:19:56.983+0000][20776][gc,age      ] GC(117) - age   7:        104 bytes,    2138840 total
[2024-05-31T19:19:56.983+0000][20776][gc,age      ] GC(117) - age   8:        352 bytes,    2139192 total
[2024-05-31T19:19:56.983+0000][20776][gc,age      ] GC(117) - age   9:     496528 bytes,    2635720 total
[2024-05-31T19:19:56.983+0000][20776][gc,age      ] GC(117) - age  10:     292016 bytes,    2927736 total
[2024-05-31T19:19:56.983+0000][20776][gc,age      ] GC(117) - age  11:        680 bytes,    2928416 total
[2024-05-31T19:19:56.983+0000][20776][gc,age      ] GC(117) - age  12:       1464 bytes,    2929880 total
[2024-05-31T19:19:56.983+0000][20776][gc,age      ] GC(117) - age  13:       2632 bytes,    2932512 total
[2024-05-31T19:19:56.983+0000][20776][gc,age      ] GC(117) - age  14:         88 bytes,    2932600 total
[2024-05-31T19:19:56.983+0000][20776][gc,age      ] GC(117) - age  15:     242520 bytes,    3175120 total
[2024-05-31T19:19:56.983+0000][20776][gc,heap     ] GC(117) Eden regions: 605->0(605)
[2024-05-31T19:19:56.983+0000][20776][gc,heap     ] GC(117) Survivor regions: 1->1(76)
[2024-05-31T19:19:56.984+0000][20776][gc,heap     ] GC(117) Old regions: 51->51
[2024-05-31T19:19:56.984+0000][20776][gc,heap     ] GC(117) Archive regions: 0->0
[2024-05-31T19:19:56.984+0000][20776][gc,heap     ] GC(117) Humongous regions: 2->2
[2024-05-31T19:19:56.984+0000][20776][gc,metaspace] GC(117) Metaspace: 134810K(138560K)->134810K(138560K) NonClass: 116995K(118912K)->116995K(118912K) Class: 17814K(19648K)->17814K(19648K)
[2024-05-31T19:19:56.984+0000][20776][gc          ] GC(117) Pause Young (Normal) (G1 Evacuation Pause) 2634M->214M(4040M) 10.517ms
[2024-05-31T19:19:56.984+0000][20776][gc,cpu      ] GC(117) User=0.00s Sys=0.00s Real=0.01s
[2024-05-31T19:19:56.985+0000][20776][safepoint   ] Safepoint "G1CollectForAllocation", Time since last: 391349450900 ns, Reaching safepoint: 440800 ns, At safepoint: 10803600 ns, Total: 11244400 ns
[2024-05-31T19:27:37.340+0000][20776][safepoint   ] Safepoint "Cleanup", Time since last: 460353978700 ns, Reaching safepoint: 1428500 ns, At safepoint: 25100 ns, Total: 1453600 ns
[2024-05-31T19:30:26.528+0000][20776][safepoint   ] Safepoint "Cleanup", Time since last: 169187413300 ns, Reaching safepoint: 207100 ns, At safepoint: 19200 ns, Total: 226300 ns
[2024-05-31T19:30:28.486+0000][20776][gc,start    ] GC(118) Pause Young (Normal) (G1 Evacuation Pause)
[2024-05-31T19:30:28.486+0000][20776][gc,task     ] GC(118) Using 8 workers of 8 for evacuation
[2024-05-31T19:30:28.486+0000][20776][gc,age      ] GC(118) Desired survivor size 159383552 bytes, new threshold 15 (max threshold 15)
[2024-05-31T19:30:28.498+0000][20776][gc,phases   ] GC(118)   Pre Evacuate Collection Set: 0.3ms
[2024-05-31T19:30:28.498+0000][20776][gc,phases   ] GC(118)   Merge Heap Roots: 0.3ms
[2024-05-31T19:30:28.498+0000][20776][gc,phases   ] GC(118)   Evacuate Collection Set: 8.8ms
[2024-05-31T19:30:28.498+0000][20776][gc,phases   ] GC(118)   Post Evacuate Collection Set: 1.6ms
[2024-05-31T19:30:28.498+0000][20776][gc,phases   ] GC(118)   Other: 1.0ms
[2024-05-31T19:30:28.498+0000][20776][gc,age      ] GC(118) Age table with threshold 15 (max threshold 15)
[2024-05-31T19:30:28.498+0000][20776][gc,age      ] GC(118) - age   1:    1009056 bytes,    1009056 total
[2024-05-31T19:30:28.498+0000][20776][gc,age      ] GC(118) - age   2:       4584 bytes,    1013640 total
[2024-05-31T19:30:28.498+0000][20776][gc,age      ] GC(118) - age   3:       6664 bytes,    1020304 total
[2024-05-31T19:30:28.498+0000][20776][gc,age      ] GC(118) - age   4:     363680 bytes,    1383984 total
[2024-05-31T19:30:28.498+0000][20776][gc,age      ] GC(118) - age   5:        400 bytes,    1384384 total
[2024-05-31T19:30:28.498+0000][20776][gc,age      ] GC(118) - age   6:        336 bytes,    1384720 total
[2024-05-31T19:30:28.498+0000][20776][gc,age      ] GC(118) - age   7:        528 bytes,    1385248 total
[2024-05-31T19:30:28.498+0000][20776][gc,age      ] GC(118) - age   8:         24 bytes,    1385272 total
[2024-05-31T19:30:28.498+0000][20776][gc,age      ] GC(118) - age   9:        352 bytes,    1385624 total
[2024-05-31T19:30:28.498+0000][20776][gc,age      ] GC(118) - age  10:     496528 bytes,    1882152 total
[2024-05-31T19:30:28.498+0000][20776][gc,age      ] GC(118) - age  11:     292016 bytes,    2174168 total
[2024-05-31T19:30:28.499+0000][20776][gc,age      ] GC(118) - age  12:        680 bytes,    2174848 total
[2024-05-31T19:30:28.499+0000][20776][gc,age      ] GC(118) - age  13:       1464 bytes,    2176312 total
[2024-05-31T19:30:28.499+0000][20776][gc,age      ] GC(118) - age  14:       2632 bytes,    2178944 total
[2024-05-31T19:30:28.499+0000][20776][gc,age      ] GC(118) - age  15:         88 bytes,    2179032 total
[2024-05-31T19:30:28.499+0000][20776][gc,heap     ] GC(118) Eden regions: 605->0(605)
[2024-05-31T19:30:28.499+0000][20776][gc,heap     ] GC(118) Survivor regions: 1->1(76)
[2024-05-31T19:30:28.499+0000][20776][gc,heap     ] GC(118) Old regions: 51->51
[2024-05-31T19:30:28.499+0000][20776][gc,heap     ] GC(118) Archive regions: 0->0
[2024-05-31T19:30:28.499+0000][20776][gc,heap     ] GC(118) Humongous regions: 2->2
[2024-05-31T19:30:28.499+0000][20776][gc,metaspace] GC(118) Metaspace: 134810K(138560K)->134810K(138560K) NonClass: 116995K(118912K)->116995K(118912K) Class: 17814K(19648K)->17814K(19648K)
[2024-05-31T19:30:28.499+0000][20776][gc          ] GC(118) Pause Young (Normal) (G1 Evacuation Pause) 2634M->214M(4040M) 12.889ms
[2024-05-31T19:30:28.499+0000][20776][gc,cpu      ] GC(118) User=0.06s Sys=0.00s Real=0.01s
[2024-05-31T19:30:28.499+0000][20776][safepoint   ] Safepoint "G1CollectForAllocation", Time since last: 1958403000 ns, Reaching safepoint: 124700 ns, At safepoint: 13034300 ns, Total: 13159000 ns
[2024-05-31T19:32:00.198+0000][20776][safepoint   ] Safepoint "Cleanup", Time since last: 91698634900 ns, Reaching safepoint: 164000 ns, At safepoint: 17700 ns, Total: 181700 ns
[2024-05-31T19:41:05.694+0000][20776][gc,start    ] GC(119) Pause Young (Normal) (G1 Evacuation Pause)
[2024-05-31T19:41:05.694+0000][20776][gc,task     ] GC(119) Using 8 workers of 8 for evacuation
[2024-05-31T19:41:05.694+0000][20776][gc,age      ] GC(119) Desired survivor size 159383552 bytes, new threshold 15 (max threshold 15)
[2024-05-31T19:41:05.711+0000][20776][gc,phases   ] GC(119)   Pre Evacuate Collection Set: 0.3ms
[2024-05-31T19:41:05.711+0000][20776][gc,phases   ] GC(119)   Merge Heap Roots: 0.3ms
[2024-05-31T19:41:05.711+0000][20776][gc,phases   ] GC(119)   Evacuate Collection Set: 13.9ms
[2024-05-31T19:41:05.711+0000][20776][gc,phases   ] GC(119)   Post Evacuate Collection Set: 2.4ms
[2024-05-31T19:41:05.711+0000][20776][gc,phases   ] GC(119)   Other: 0.3ms
[2024-05-31T19:41:05.711+0000][20776][gc,age      ] GC(119) Age table with threshold 15 (max threshold 15)
[2024-05-31T19:41:05.711+0000][20776][gc,age      ] GC(119) - age   1:     939144 bytes,     939144 total
[2024-05-31T19:41:05.711+0000][20776][gc,age      ] GC(119) - age   2:      10904 bytes,     950048 total
[2024-05-31T19:41:05.711+0000][20776][gc,age      ] GC(119) - age   3:       1928 bytes,     951976 total
[2024-05-31T19:41:05.711+0000][20776][gc,age      ] GC(119) - age   4:       6664 bytes,     958640 total
[2024-05-31T19:41:05.711+0000][20776][gc,age      ] GC(119) - age   5:     363680 bytes,    1322320 total
[2024-05-31T19:41:05.711+0000][20776][gc,age      ] GC(119) - age   6:        400 bytes,    1322720 total
[2024-05-31T19:41:05.711+0000][20776][gc,age      ] GC(119) - age   7:        256 bytes,    1322976 total
[2024-05-31T19:41:05.711+0000][20776][gc,age      ] GC(119) - age   8:        528 bytes,    1323504 total
[2024-05-31T19:41:05.711+0000][20776][gc,age      ] GC(119) - age   9:         24 bytes,    1323528 total
[2024-05-31T19:41:05.711+0000][20776][gc,age      ] GC(119) - age  10:        352 bytes,    1323880 total
[2024-05-31T19:41:05.711+0000][20776][gc,age      ] GC(119) - age  11:     496448 bytes,    1820328 total
[2024-05-31T19:41:05.711+0000][20776][gc,age      ] GC(119) - age  12:     292016 bytes,    2112344 total
[2024-05-31T19:41:05.711+0000][20776][gc,age      ] GC(119) - age  13:        680 bytes,    2113024 total
[2024-05-31T19:41:05.711+0000][20776][gc,age      ] GC(119) - age  14:       1464 bytes,    2114488 total
[2024-05-31T19:41:05.711+0000][20776][gc,age      ] GC(119) - age  15:       2472 bytes,    2116960 total
[2024-05-31T19:41:05.712+0000][20776][gc,heap     ] GC(119) Eden regions: 605->0(605)
[2024-05-31T19:41:05.712+0000][20776][gc,heap     ] GC(119) Survivor regions: 1->1(76)
[2024-05-31T19:41:05.712+0000][20776][gc,heap     ] GC(119) Old regions: 51->51
[2024-05-31T19:41:05.712+0000][20776][gc,heap     ] GC(119) Archive regions: 0->0
[2024-05-31T19:41:05.712+0000][20776][gc,heap     ] GC(119) Humongous regions: 2->2
[2024-05-31T19:41:05.712+0000][20776][gc,metaspace] GC(119) Metaspace: 134810K(138560K)->134810K(138560K) NonClass: 116995K(118912K)->116995K(118912K) Class: 17814K(19648K)->17814K(19648K)
[2024-05-31T19:41:05.712+0000][20776][gc          ] GC(119) Pause Young (Normal) (G1 Evacuation Pause) 2634M->213M(4040M) 18.047ms
[2024-05-31T19:41:05.712+0000][20776][gc,cpu      ] GC(119) User=0.05s Sys=0.05s Real=0.02s
[2024-05-31T19:41:05.712+0000][20776][safepoint   ] Safepoint "G1CollectForAllocation", Time since last: 545495538300 ns, Reaching safepoint: 404000 ns, At safepoint: 18312800 ns, Total: 18716800 ns
[2024-05-31T19:49:38.432+0000][20776][safepoint   ] Safepoint "Cleanup", Time since last: 512719576400 ns, Reaching safepoint: 518700 ns, At safepoint: 19600 ns, Total: 538300 ns
[2024-05-31T19:50:26.763+0000][20776][safepoint   ] Safepoint "Cleanup", Time since last: 48330151600 ns, Reaching safepoint: 132000 ns, At safepoint: 28000 ns, Total: 160000 ns
[2024-05-31T19:51:24.503+0000][20776][gc,start    ] GC(120) Pause Young (Normal) (G1 Evacuation Pause)
[2024-05-31T19:51:24.504+0000][20776][gc,task     ] GC(120) Using 8 workers of 8 for evacuation
[2024-05-31T19:51:24.504+0000][20776][gc,age      ] GC(120) Desired survivor size 159383552 bytes, new threshold 15 (max threshold 15)
[2024-05-31T19:51:24.520+0000][20776][gc,phases   ] GC(120)   Pre Evacuate Collection Set: 0.4ms
[2024-05-31T19:51:24.520+0000][20776][gc,phases   ] GC(120)   Merge Heap Roots: 0.8ms
[2024-05-31T19:51:24.520+0000][20776][gc,phases   ] GC(120)   Evacuate Collection Set: 9.4ms
[2024-05-31T19:51:24.520+0000][20776][gc,phases   ] GC(120)   Post Evacuate Collection Set: 5.1ms
[2024-05-31T19:51:24.520+0000][20776][gc,phases   ] GC(120)   Other: 0.3ms
[2024-05-31T19:51:24.520+0000][20776][gc,age      ] GC(120) Age table with threshold 15 (max threshold 15)
[2024-05-31T19:51:24.520+0000][20776][gc,age      ] GC(120) - age   1:    2082920 bytes,    2082920 total
[2024-05-31T19:51:24.520+0000][20776][gc,age      ] GC(120) - age   2:        864 bytes,    2083784 total
[2024-05-31T19:51:24.520+0000][20776][gc,age      ] GC(120) - age   3:        512 bytes,    2084296 total
[2024-05-31T19:51:24.520+0000][20776][gc,age      ] GC(120) - age   4:       1744 bytes,    2086040 total
[2024-05-31T19:51:24.520+0000][20776][gc,age      ] GC(120) - age   5:        368 bytes,    2086408 total
[2024-05-31T19:51:24.520+0000][20776][gc,age      ] GC(120) - age   6:      23232 bytes,    2109640 total
[2024-05-31T19:51:24.520+0000][20776][gc,age      ] GC(120) - age   7:        320 bytes,    2109960 total
[2024-05-31T19:51:24.520+0000][20776][gc,age      ] GC(120) - age   8:        256 bytes,    2110216 total
[2024-05-31T19:51:24.520+0000][20776][gc,age      ] GC(120) - age   9:        528 bytes,    2110744 total
[2024-05-31T19:51:24.520+0000][20776][gc,age      ] GC(120) - age  10:         24 bytes,    2110768 total
[2024-05-31T19:51:24.520+0000][20776][gc,age      ] GC(120) - age  11:        352 bytes,    2111120 total
[2024-05-31T19:51:24.520+0000][20776][gc,age      ] GC(120) - age  12:     488112 bytes,    2599232 total
[2024-05-31T19:51:24.520+0000][20776][gc,age      ] GC(120) - age  13:     291976 bytes,    2891208 total
[2024-05-31T19:51:24.520+0000][20776][gc,age      ] GC(120) - age  14:        680 bytes,    2891888 total
[2024-05-31T19:51:24.520+0000][20776][gc,age      ] GC(120) - age  15:       1304 bytes,    2893192 total
[2024-05-31T19:51:24.520+0000][20776][gc,heap     ] GC(120) Eden regions: 605->0(605)
[2024-05-31T19:51:24.520+0000][20776][gc,heap     ] GC(120) Survivor regions: 1->1(76)
[2024-05-31T19:51:24.520+0000][20776][gc,heap     ] GC(120) Old regions: 51->51
[2024-05-31T19:51:24.520+0000][20776][gc,heap     ] GC(120) Archive regions: 0->0
[2024-05-31T19:51:24.520+0000][20776][gc,heap     ] GC(120) Humongous regions: 2->2
[2024-05-31T19:51:24.520+0000][20776][gc,metaspace] GC(120) Metaspace: 134815K(138560K)->134815K(138560K) NonClass: 117000K(118912K)->117000K(118912K) Class: 17814K(19648K)->17814K(19648K)
[2024-05-31T19:51:24.520+0000][20776][gc          ] GC(120) Pause Young (Normal) (G1 Evacuation Pause) 2633M->214M(4040M) 17.609ms
[2024-05-31T19:51:24.520+0000][20776][gc,cpu      ] GC(120) User=0.06s Sys=0.02s Real=0.02s
[2024-05-31T19:51:24.521+0000][20776][safepoint   ] Safepoint "G1CollectForAllocation", Time since last: 57740363400 ns, Reaching safepoint: 254600 ns, At safepoint: 17824400 ns, Total: 18079000 ns
[2024-05-31T19:53:21.419+0000][20776][safepoint   ] Safepoint "Cleanup", Time since last: 116897323300 ns, Reaching safepoint: 134800 ns, At safepoint: 22300 ns, Total: 157100 ns
[2024-05-31T19:59:34.365+0000][20776][safepoint   ] Safepoint "Cleanup", Time since last: 372946291700 ns, Reaching safepoint: 307800 ns, At safepoint: 16500 ns, Total: 324300 ns
[2024-05-31T20:01:41.404+0000][20776][gc,start    ] GC(121) Pause Young (Normal) (G1 Evacuation Pause)
[2024-05-31T20:01:41.404+0000][20776][gc,task     ] GC(121) Using 8 workers of 8 for evacuation
[2024-05-31T20:01:41.404+0000][20776][gc,age      ] GC(121) Desired survivor size 159383552 bytes, new threshold 15 (max threshold 15)
[2024-05-31T20:01:41.433+0000][20776][gc,phases   ] GC(121)   Pre Evacuate Collection Set: 2.3ms
[2024-05-31T20:01:41.433+0000][20776][gc,phases   ] GC(121)   Merge Heap Roots: 0.4ms
[2024-05-31T20:01:41.433+0000][20776][gc,phases   ] GC(121)   Evacuate Collection Set: 24.7ms
[2024-05-31T20:01:41.433+0000][20776][gc,phases   ] GC(121)   Post Evacuate Collection Set: 1.5ms
[2024-05-31T20:01:41.434+0000][20776][gc,phases   ] GC(121)   Other: 0.3ms
[2024-05-31T20:01:41.434+0000][20776][gc,age      ] GC(121) Age table with threshold 15 (max threshold 15)
[2024-05-31T20:01:41.434+0000][20776][gc,age      ] GC(121) - age   1:     934472 bytes,     934472 total
[2024-05-31T20:01:41.434+0000][20776][gc,age      ] GC(121) - age   2:     220088 bytes,    1154560 total
[2024-05-31T20:01:41.434+0000][20776][gc,age      ] GC(121) - age   3:        320 bytes,    1154880 total
[2024-05-31T20:01:41.434+0000][20776][gc,age      ] GC(121) - age   4:        448 bytes,    1155328 total
[2024-05-31T20:01:41.434+0000][20776][gc,age      ] GC(121) - age   5:       1744 bytes,    1157072 total
[2024-05-31T20:01:41.434+0000][20776][gc,age      ] GC(121) - age   6:        368 bytes,    1157440 total
[2024-05-31T20:01:41.434+0000][20776][gc,age      ] GC(121) - age   7:       5816 bytes,    1163256 total
[2024-05-31T20:01:41.434+0000][20776][gc,age      ] GC(121) - age   8:        320 bytes,    1163576 total
[2024-05-31T20:01:41.434+0000][20776][gc,age      ] GC(121) - age   9:        256 bytes,    1163832 total
[2024-05-31T20:01:41.434+0000][20776][gc,age      ] GC(121) - age  10:        528 bytes,    1164360 total
[2024-05-31T20:01:41.434+0000][20776][gc,age      ] GC(121) - age  11:         24 bytes,    1164384 total
[2024-05-31T20:01:41.434+0000][20776][gc,age      ] GC(121) - age  12:        296 bytes,    1164680 total
[2024-05-31T20:01:41.434+0000][20776][gc,age      ] GC(121) - age  13:     426392 bytes,    1591072 total
[2024-05-31T20:01:41.434+0000][20776][gc,age      ] GC(121) - age  14:     291976 bytes,    1883048 total
[2024-05-31T20:01:41.434+0000][20776][gc,age      ] GC(121) - age  15:        600 bytes,    1883648 total
[2024-05-31T20:01:41.434+0000][20776][gc,heap     ] GC(121) Eden regions: 605->0(605)
[2024-05-31T20:01:41.434+0000][20776][gc,heap     ] GC(121) Survivor regions: 1->1(76)
[2024-05-31T20:01:41.434+0000][20776][gc,heap     ] GC(121) Old regions: 51->51
[2024-05-31T20:01:41.434+0000][20776][gc,heap     ] GC(121) Archive regions: 0->0
[2024-05-31T20:01:41.434+0000][20776][gc,heap     ] GC(121) Humongous regions: 2->2
[2024-05-31T20:01:41.434+0000][20776][gc,metaspace] GC(121) Metaspace: 134815K(138560K)->134815K(138560K) NonClass: 117000K(118912K)->117000K(118912K) Class: 17814K(19648K)->17814K(19648K)
[2024-05-31T20:01:41.435+0000][20776][gc          ] GC(121) Pause Young (Normal) (G1 Evacuation Pause) 2634M->213M(4040M) 29.864ms
[2024-05-31T20:01:41.435+0000][20776][gc,cpu      ] GC(121) User=0.02s Sys=0.05s Real=0.03s
[2024-05-31T20:01:41.435+0000][20776][safepoint   ] Safepoint "G1CollectForAllocation", Time since last: 127038756100 ns, Reaching safepoint: 164100 ns, At safepoint: 30725600 ns, Total: 30889700 ns
[2024-05-31T20:11:53.652+0000][20776][gc,start    ] GC(122) Pause Young (Normal) (G1 Evacuation Pause)
[2024-05-31T20:11:53.687+0000][20776][gc,task     ] GC(122) Using 8 workers of 8 for evacuation
[2024-05-31T20:11:53.687+0000][20776][gc,age      ] GC(122) Desired survivor size 159383552 bytes, new threshold 15 (max threshold 15)
[2024-05-31T20:11:53.784+0000][20776][gc,phases   ] GC(122)   Pre Evacuate Collection Set: 10.0ms
[2024-05-31T20:11:53.784+0000][20776][gc,phases   ] GC(122)   Merge Heap Roots: 1.6ms
[2024-05-31T20:11:53.784+0000][20776][gc,phases   ] GC(122)   Evacuate Collection Set: 51.1ms
[2024-05-31T20:11:53.784+0000][20776][gc,phases   ] GC(122)   Post Evacuate Collection Set: 28.5ms
[2024-05-31T20:11:53.784+0000][20776][gc,phases   ] GC(122)   Other: 22.0ms
[2024-05-31T20:11:53.784+0000][20776][gc,age      ] GC(122) Age table with threshold 15 (max threshold 15)
[2024-05-31T20:11:53.784+0000][20776][gc,age      ] GC(122) - age   1:    1597808 bytes,    1597808 total
[2024-05-31T20:11:53.784+0000][20776][gc,age      ] GC(122) - age   2:     326952 bytes,    1924760 total
[2024-05-31T20:11:53.784+0000][20776][gc,age      ] GC(122) - age   3:     216584 bytes,    2141344 total
[2024-05-31T20:11:53.784+0000][20776][gc,age      ] GC(122) - age   4:        320 bytes,    2141664 total
[2024-05-31T20:11:53.784+0000][20776][gc,age      ] GC(122) - age   5:        448 bytes,    2142112 total
[2024-05-31T20:11:53.784+0000][20776][gc,age      ] GC(122) - age   6:       1744 bytes,    2143856 total
[2024-05-31T20:11:53.784+0000][20776][gc,age      ] GC(122) - age   7:        368 bytes,    2144224 total
[2024-05-31T20:11:53.784+0000][20776][gc,age      ] GC(122) - age   8:       5816 bytes,    2150040 total
[2024-05-31T20:11:53.784+0000][20776][gc,age      ] GC(122) - age   9:        240 bytes,    2150280 total
[2024-05-31T20:11:53.784+0000][20776][gc,age      ] GC(122) - age  10:        256 bytes,    2150536 total
[2024-05-31T20:11:53.784+0000][20776][gc,age      ] GC(122) - age  11:        528 bytes,    2151064 total
[2024-05-31T20:11:53.784+0000][20776][gc,age      ] GC(122) - age  12:         24 bytes,    2151088 total
[2024-05-31T20:11:53.784+0000][20776][gc,age      ] GC(122) - age  13:        296 bytes,    2151384 total
[2024-05-31T20:11:53.784+0000][20776][gc,age      ] GC(122) - age  14:     426312 bytes,    2577696 total
[2024-05-31T20:11:53.784+0000][20776][gc,age      ] GC(122) - age  15:     291976 bytes,    2869672 total
[2024-05-31T20:11:53.784+0000][20776][gc,heap     ] GC(122) Eden regions: 605->0(605)
[2024-05-31T20:11:53.784+0000][20776][gc,heap     ] GC(122) Survivor regions: 1->1(76)
[2024-05-31T20:11:53.784+0000][20776][gc,heap     ] GC(122) Old regions: 51->51
[2024-05-31T20:11:53.784+0000][20776][gc,heap     ] GC(122) Archive regions: 0->0
[2024-05-31T20:11:53.784+0000][20776][gc,heap     ] GC(122) Humongous regions: 2->2
[2024-05-31T20:11:53.784+0000][20776][gc,metaspace] GC(122) Metaspace: 134815K(138560K)->134815K(138560K) NonClass: 117000K(118912K)->117000K(118912K) Class: 17814K(19648K)->17814K(19648K)
[2024-05-31T20:11:53.785+0000][20776][gc          ] GC(122) Pause Young (Normal) (G1 Evacuation Pause) 2633M->214M(4040M) 140.754ms
[2024-05-31T20:11:53.785+0000][20776][gc,cpu      ] GC(122) User=0.03s Sys=0.16s Real=0.14s
[2024-05-31T20:11:53.785+0000][20776][safepoint   ] Safepoint "G1CollectForAllocation", Time since last: 612186030000 ns, Reaching safepoint: 21281000 ns, At safepoint: 143129100 ns, Total: 164410100 ns
[2024-05-31T20:22:14.835+0000][20776][gc,start    ] GC(123) Pause Young (Normal) (G1 Evacuation Pause)
[2024-05-31T20:22:14.836+0000][20776][gc,task     ] GC(123) Using 8 workers of 8 for evacuation
[2024-05-31T20:22:14.836+0000][20776][gc,age      ] GC(123) Desired survivor size 159383552 bytes, new threshold 15 (max threshold 15)
[2024-05-31T20:22:14.844+0000][20776][gc,phases   ] GC(123)   Pre Evacuate Collection Set: 0.2ms
[2024-05-31T20:22:14.844+0000][20776][gc,phases   ] GC(123)   Merge Heap Roots: 0.5ms
[2024-05-31T20:22:14.844+0000][20776][gc,phases   ] GC(123)   Evacuate Collection Set: 6.2ms
[2024-05-31T20:22:14.844+0000][20776][gc,phases   ] GC(123)   Post Evacuate Collection Set: 1.2ms
[2024-05-31T20:22:14.844+0000][20776][gc,phases   ] GC(123)   Other: 0.9ms
[2024-05-31T20:22:14.844+0000][20776][gc,age      ] GC(123) Age table with threshold 15 (max threshold 15)
[2024-05-31T20:22:14.844+0000][20776][gc,age      ] GC(123) - age   1:    1554144 bytes,    1554144 total
[2024-05-31T20:22:14.844+0000][20776][gc,age      ] GC(123) - age   2:      19568 bytes,    1573712 total
[2024-05-31T20:22:14.844+0000][20776][gc,age      ] GC(123) - age   3:     325800 bytes,    1899512 total
[2024-05-31T20:22:14.844+0000][20776][gc,age      ] GC(123) - age   4:     216584 bytes,    2116096 total
[2024-05-31T20:22:14.844+0000][20776][gc,age      ] GC(123) - age   5:        320 bytes,    2116416 total
[2024-05-31T20:22:14.844+0000][20776][gc,age      ] GC(123) - age   6:        448 bytes,    2116864 total
[2024-05-31T20:22:14.844+0000][20776][gc,age      ] GC(123) - age   7:       1664 bytes,    2118528 total
[2024-05-31T20:22:14.844+0000][20776][gc,age      ] GC(123) - age   8:        368 bytes,    2118896 total
[2024-05-31T20:22:14.844+0000][20776][gc,age      ] GC(123) - age   9:       5816 bytes,    2124712 total
[2024-05-31T20:22:14.844+0000][20776][gc,age      ] GC(123) - age  10:        240 bytes,    2124952 total
[2024-05-31T20:22:14.844+0000][20776][gc,age      ] GC(123) - age  11:        176 bytes,    2125128 total
[2024-05-31T20:22:14.844+0000][20776][gc,age      ] GC(123) - age  12:        528 bytes,    2125656 total
[2024-05-31T20:22:14.844+0000][20776][gc,age      ] GC(123) - age  13:         24 bytes,    2125680 total
[2024-05-31T20:22:14.844+0000][20776][gc,age      ] GC(123) - age  14:        216 bytes,    2125896 total
[2024-05-31T20:22:14.844+0000][20776][gc,age      ] GC(123) - age  15:     426312 bytes,    2552208 total
[2024-05-31T20:22:14.844+0000][20776][gc,heap     ] GC(123) Eden regions: 605->0(605)
[2024-05-31T20:22:14.844+0000][20776][gc,heap     ] GC(123) Survivor regions: 1->1(76)
[2024-05-31T20:22:14.844+0000][20776][gc,heap     ] GC(123) Old regions: 51->51
[2024-05-31T20:22:14.844+0000][20776][gc,heap     ] GC(123) Archive regions: 0->0
[2024-05-31T20:22:14.844+0000][20776][gc,heap     ] GC(123) Humongous regions: 2->2
[2024-05-31T20:22:14.844+0000][20776][gc,metaspace] GC(123) Metaspace: 134815K(138560K)->134815K(138560K) NonClass: 117000K(118912K)->117000K(118912K) Class: 17814K(19648K)->17814K(19648K)
[2024-05-31T20:22:14.845+0000][20776][gc          ] GC(123) Pause Young (Normal) (G1 Evacuation Pause) 2634M->214M(4040M) 9.342ms
[2024-05-31T20:22:14.845+0000][20776][gc,cpu      ] GC(123) User=0.00s Sys=0.02s Real=0.01s
[2024-05-31T20:22:14.845+0000][20776][safepoint   ] Safepoint "G1CollectForAllocation", Time since last: 621050176600 ns, Reaching safepoint: 110200 ns, At safepoint: 9430800 ns, Total: 9541000 ns
[2024-05-31T20:23:27.654+0000][20776][safepoint   ] Safepoint "Cleanup", Time since last: 72809244800 ns, Reaching safepoint: 145000 ns, At safepoint: 14700 ns, Total: 159700 ns
[2024-05-31T20:26:27.577+0000][20776][safepoint   ] Safepoint "Cleanup", Time since last: 179922017800 ns, Reaching safepoint: 129800 ns, At safepoint: 26500 ns, Total: 156300 ns
[2024-05-31T20:32:28.261+0000][20776][gc,start    ] GC(124) Pause Young (Normal) (G1 Evacuation Pause)
[2024-05-31T20:32:28.262+0000][20776][gc,task     ] GC(124) Using 8 workers of 8 for evacuation
[2024-05-31T20:32:28.262+0000][20776][gc,age      ] GC(124) Desired survivor size 159383552 bytes, new threshold 15 (max threshold 15)
[2024-05-31T20:32:28.271+0000][20776][gc,phases   ] GC(124)   Pre Evacuate Collection Set: 0.2ms
[2024-05-31T20:32:28.271+0000][20776][gc,phases   ] GC(124)   Merge Heap Roots: 0.2ms
[2024-05-31T20:32:28.271+0000][20776][gc,phases   ] GC(124)   Evacuate Collection Set: 5.7ms
[2024-05-31T20:32:28.271+0000][20776][gc,phases   ] GC(124)   Post Evacuate Collection Set: 2.9ms
[2024-05-31T20:32:28.271+0000][20776][gc,phases   ] GC(124)   Other: 0.3ms
[2024-05-31T20:32:28.271+0000][20776][gc,age      ] GC(124) Age table with threshold 15 (max threshold 15)
[2024-05-31T20:32:28.271+0000][20776][gc,age      ] GC(124) - age   1:     681800 bytes,     681800 total
[2024-05-31T20:32:28.271+0000][20776][gc,age      ] GC(124) - age   2:       3016 bytes,     684816 total
[2024-05-31T20:32:28.272+0000][20776][gc,age      ] GC(124) - age   3:      18248 bytes,     703064 total
[2024-05-31T20:32:28.272+0000][20776][gc,age      ] GC(124) - age   4:     325720 bytes,    1028784 total
[2024-05-31T20:32:28.272+0000][20776][gc,age      ] GC(124) - age   5:     216280 bytes,    1245064 total
[2024-05-31T20:32:28.272+0000][20776][gc,age      ] GC(124) - age   6:        320 bytes,    1245384 total
[2024-05-31T20:32:28.272+0000][20776][gc,age      ] GC(124) - age   7:        448 bytes,    1245832 total
[2024-05-31T20:32:28.272+0000][20776][gc,age      ] GC(124) - age   8:       1664 bytes,    1247496 total
[2024-05-31T20:32:28.272+0000][20776][gc,age      ] GC(124) - age   9:        288 bytes,    1247784 total
[2024-05-31T20:32:28.272+0000][20776][gc,age      ] GC(124) - age  10:       5816 bytes,    1253600 total
[2024-05-31T20:32:28.272+0000][20776][gc,age      ] GC(124) - age  11:        240 bytes,    1253840 total
[2024-05-31T20:32:28.272+0000][20776][gc,age      ] GC(124) - age  12:         96 bytes,    1253936 total
[2024-05-31T20:32:28.272+0000][20776][gc,age      ] GC(124) - age  13:        528 bytes,    1254464 total
[2024-05-31T20:32:28.272+0000][20776][gc,age      ] GC(124) - age  14:         24 bytes,    1254488 total
[2024-05-31T20:32:28.272+0000][20776][gc,age      ] GC(124) - age  15:        136 bytes,    1254624 total
[2024-05-31T20:32:28.272+0000][20776][gc,heap     ] GC(124) Eden regions: 605->0(605)
[2024-05-31T20:32:28.272+0000][20776][gc,heap     ] GC(124) Survivor regions: 1->1(76)
[2024-05-31T20:32:28.272+0000][20776][gc,heap     ] GC(124) Old regions: 51->52
[2024-05-31T20:32:28.272+0000][20776][gc,heap     ] GC(124) Archive regions: 0->0
[2024-05-31T20:32:28.272+0000][20776][gc,heap     ] GC(124) Humongous regions: 2->2
[2024-05-31T20:32:28.272+0000][20776][gc,metaspace] GC(124) Metaspace: 134815K(138560K)->134815K(138560K) NonClass: 117000K(118912K)->117000K(118912K) Class: 17814K(19648K)->17814K(19648K)
[2024-05-31T20:32:28.272+0000][20776][gc          ] GC(124) Pause Young (Normal) (G1 Evacuation Pause) 2634M->213M(4040M) 10.352ms
[2024-05-31T20:32:28.272+0000][20776][gc,cpu      ] GC(124) User=0.11s Sys=0.00s Real=0.01s
[2024-05-31T20:32:28.272+0000][20776][safepoint   ] Safepoint "G1CollectForAllocation", Time since last: 360684816200 ns, Reaching safepoint: 183500 ns, At safepoint: 10521900 ns, Total: 10705400 ns
[2024-05-31T20:42:41.908+0000][20776][gc,start    ] GC(125) Pause Young (Normal) (G1 Evacuation Pause)
[2024-05-31T20:42:41.908+0000][20776][gc,task     ] GC(125) Using 8 workers of 8 for evacuation
[2024-05-31T20:42:41.908+0000][20776][gc,age      ] GC(125) Desired survivor size 159383552 bytes, new threshold 15 (max threshold 15)
[2024-05-31T20:42:41.923+0000][20776][gc,phases   ] GC(125)   Pre Evacuate Collection Set: 0.2ms
[2024-05-31T20:42:41.923+0000][20776][gc,phases   ] GC(125)   Merge Heap Roots: 0.1ms
[2024-05-31T20:42:41.923+0000][20776][gc,phases   ] GC(125)   Evacuate Collection Set: 9.9ms
[2024-05-31T20:42:41.923+0000][20776][gc,phases   ] GC(125)   Post Evacuate Collection Set: 4.9ms
[2024-05-31T20:42:41.924+0000][20776][gc,phases   ] GC(125)   Other: 0.5ms
[2024-05-31T20:42:41.924+0000][20776][gc,age      ] GC(125) Age table with threshold 15 (max threshold 15)
[2024-05-31T20:42:41.924+0000][20776][gc,age      ] GC(125) - age   1:    2259816 bytes,    2259816 total
[2024-05-31T20:42:41.924+0000][20776][gc,age      ] GC(125) - age   2:       5968 bytes,    2265784 total
[2024-05-31T20:42:41.924+0000][20776][gc,age      ] GC(125) - age   3:        344 bytes,    2266128 total
[2024-05-31T20:42:41.924+0000][20776][gc,age      ] GC(125) - age   4:      18168 bytes,    2284296 total
[2024-05-31T20:42:41.924+0000][20776][gc,age      ] GC(125) - age   5:     325520 bytes,    2609816 total
[2024-05-31T20:42:41.924+0000][20776][gc,age      ] GC(125) - age   6:     216280 bytes,    2826096 total
[2024-05-31T20:42:41.924+0000][20776][gc,age      ] GC(125) - age   7:        320 bytes,    2826416 total
[2024-05-31T20:42:41.924+0000][20776][gc,age      ] GC(125) - age   8:        448 bytes,    2826864 total
[2024-05-31T20:42:41.924+0000][20776][gc,age      ] GC(125) - age   9:       1664 bytes,    2828528 total
[2024-05-31T20:42:41.924+0000][20776][gc,age      ] GC(125) - age  10:        288 bytes,    2828816 total
[2024-05-31T20:42:41.924+0000][20776][gc,age      ] GC(125) - age  11:       5736 bytes,    2834552 total
[2024-05-31T20:42:41.924+0000][20776][gc,age      ] GC(125) - age  12:        240 bytes,    2834792 total
[2024-05-31T20:42:41.924+0000][20776][gc,age      ] GC(125) - age  13:         96 bytes,    2834888 total
[2024-05-31T20:42:41.924+0000][20776][gc,age      ] GC(125) - age  14:        528 bytes,    2835416 total
[2024-05-31T20:42:41.924+0000][20776][gc,age      ] GC(125) - age  15:         24 bytes,    2835440 total
[2024-05-31T20:42:41.924+0000][20776][gc,heap     ] GC(125) Eden regions: 605->0(605)
[2024-05-31T20:42:41.924+0000][20776][gc,heap     ] GC(125) Survivor regions: 1->1(76)
[2024-05-31T20:42:41.924+0000][20776][gc,heap     ] GC(125) Old regions: 52->52
[2024-05-31T20:42:41.924+0000][20776][gc,heap     ] GC(125) Archive regions: 0->0
[2024-05-31T20:42:41.924+0000][20776][gc,heap     ] GC(125) Humongous regions: 2->2
[2024-05-31T20:42:41.924+0000][20776][gc,metaspace] GC(125) Metaspace: 134815K(138560K)->134815K(138560K) NonClass: 117000K(118912K)->117000K(118912K) Class: 17814K(19648K)->17814K(19648K)
[2024-05-31T20:42:41.925+0000][20776][gc          ] GC(125) Pause Young (Normal) (G1 Evacuation Pause) 2633M->215M(4040M) 16.883ms
[2024-05-31T20:42:41.926+0000][20776][gc,cpu      ] GC(125) User=0.06s Sys=0.00s Real=0.02s
[2024-05-31T20:42:41.926+0000][20776][safepoint   ] Safepoint "G1CollectForAllocation", Time since last: 613635146300 ns, Reaching safepoint: 368800 ns, At safepoint: 18323400 ns, Total: 18692200 ns
[2024-05-31T20:52:40.467+0000][20776][gc,start    ] GC(126) Pause Young (Normal) (G1 Evacuation Pause)
[2024-05-31T20:52:40.490+0000][20776][gc,task     ] GC(126) Using 8 workers of 8 for evacuation
[2024-05-31T20:52:40.490+0000][20776][gc,age      ] GC(126) Desired survivor size 159383552 bytes, new threshold 15 (max threshold 15)
[2024-05-31T20:52:40.565+0000][20776][gc,phases   ] GC(126)   Pre Evacuate Collection Set: 3.3ms
[2024-05-31T20:52:40.565+0000][20776][gc,phases   ] GC(126)   Merge Heap Roots: 0.7ms
[2024-05-31T20:52:40.565+0000][20776][gc,phases   ] GC(126)   Evacuate Collection Set: 36.3ms
[2024-05-31T20:52:40.565+0000][20776][gc,phases   ] GC(126)   Post Evacuate Collection Set: 32.0ms
[2024-05-31T20:52:40.575+0000][20776][gc,phases   ] GC(126)   Other: 23.5ms
[2024-05-31T20:52:40.575+0000][20776][gc,age      ] GC(126) Age table with threshold 15 (max threshold 15)
[2024-05-31T20:52:40.575+0000][20776][gc,age      ] GC(126) - age   1:    2402200 bytes,    2402200 total
[2024-05-31T20:52:40.575+0000][20776][gc,age      ] GC(126) - age   2:       3144 bytes,    2405344 total
[2024-05-31T20:52:40.575+0000][20776][gc,age      ] GC(126) - age   3:       5168 bytes,    2410512 total
[2024-05-31T20:52:40.575+0000][20776][gc,age      ] GC(126) - age   4:        344 bytes,    2410856 total
[2024-05-31T20:52:40.575+0000][20776][gc,age      ] GC(126) - age   5:        352 bytes,    2411208 total
[2024-05-31T20:52:40.575+0000][20776][gc,age      ] GC(126) - age   6:     172352 bytes,    2583560 total
[2024-05-31T20:52:40.575+0000][20776][gc,age      ] GC(126) - age   7:      10768 bytes,    2594328 total
[2024-05-31T20:52:40.575+0000][20776][gc,age      ] GC(126) - age   8:        240 bytes,    2594568 total
[2024-05-31T20:52:40.575+0000][20776][gc,age      ] GC(126) - age   9:        448 bytes,    2595016 total
[2024-05-31T20:52:40.575+0000][20776][gc,age      ] GC(126) - age  10:       1664 bytes,    2596680 total
[2024-05-31T20:52:40.575+0000][20776][gc,age      ] GC(126) - age  11:        208 bytes,    2596888 total
[2024-05-31T20:52:40.575+0000][20776][gc,age      ] GC(126) - age  12:       5520 bytes,    2602408 total
[2024-05-31T20:52:40.575+0000][20776][gc,age      ] GC(126) - age  13:        240 bytes,    2602648 total
[2024-05-31T20:52:40.575+0000][20776][gc,age      ] GC(126) - age  14:         96 bytes,    2602744 total
[2024-05-31T20:52:40.575+0000][20776][gc,age      ] GC(126) - age  15:        528 bytes,    2603272 total
[2024-05-31T20:52:40.575+0000][20776][gc,heap     ] GC(126) Eden regions: 605->0(605)
[2024-05-31T20:52:40.575+0000][20776][gc,heap     ] GC(126) Survivor regions: 1->1(76)
[2024-05-31T20:52:40.575+0000][20776][gc,heap     ] GC(126) Old regions: 52->52
[2024-05-31T20:52:40.575+0000][20776][gc,heap     ] GC(126) Archive regions: 0->0
[2024-05-31T20:52:40.575+0000][20776][gc,heap     ] GC(126) Humongous regions: 2->2
[2024-05-31T20:52:40.576+0000][20776][gc,metaspace] GC(126) Metaspace: 134815K(138560K)->134815K(138560K) NonClass: 117000K(118912K)->117000K(118912K) Class: 17814K(19648K)->17814K(19648K)
[2024-05-31T20:52:40.576+0000][20776][gc          ] GC(126) Pause Young (Normal) (G1 Evacuation Pause) 2635M->215M(4040M) 119.122ms
[2024-05-31T20:52:40.576+0000][20776][gc,cpu      ] GC(126) User=0.05s Sys=0.05s Real=0.12s
[2024-05-31T20:52:40.576+0000][20776][safepoint   ] Safepoint "G1CollectForAllocation", Time since last: 598520625100 ns, Reaching safepoint: 9582300 ns, At safepoint: 120269700 ns, Total: 129852000 ns
[2024-05-31T21:02:53.624+0000][20776][gc,start    ] GC(127) Pause Young (Normal) (G1 Evacuation Pause)
[2024-05-31T21:02:53.624+0000][20776][gc,task     ] GC(127) Using 8 workers of 8 for evacuation
[2024-05-31T21:02:53.624+0000][20776][gc,age      ] GC(127) Desired survivor size 159383552 bytes, new threshold 15 (max threshold 15)
[2024-05-31T21:02:53.648+0000][20776][gc,phases   ] GC(127)   Pre Evacuate Collection Set: 1.3ms
[2024-05-31T21:02:53.648+0000][20776][gc,phases   ] GC(127)   Merge Heap Roots: 0.3ms
[2024-05-31T21:02:53.648+0000][20776][gc,phases   ] GC(127)   Evacuate Collection Set: 18.9ms
[2024-05-31T21:02:53.648+0000][20776][gc,phases   ] GC(127)   Post Evacuate Collection Set: 1.9ms
[2024-05-31T21:02:53.648+0000][20776][gc,phases   ] GC(127)   Other: 1.3ms
[2024-05-31T21:02:53.648+0000][20776][gc,age      ] GC(127) Age table with threshold 15 (max threshold 15)
[2024-05-31T21:02:53.648+0000][20776][gc,age      ] GC(127) - age   1:    1685024 bytes,    1685024 total
[2024-05-31T21:02:53.648+0000][20776][gc,age      ] GC(127) - age   2:     212768 bytes,    1897792 total
[2024-05-31T21:02:53.648+0000][20776][gc,age      ] GC(127) - age   3:        368 bytes,    1898160 total
[2024-05-31T21:02:53.648+0000][20776][gc,age      ] GC(127) - age   4:       4896 bytes,    1903056 total
[2024-05-31T21:02:53.648+0000][20776][gc,age      ] GC(127) - age   5:        264 bytes,    1903320 total
[2024-05-31T21:02:53.648+0000][20776][gc,age      ] GC(127) - age   6:        352 bytes,    1903672 total
[2024-05-31T21:02:53.648+0000][20776][gc,age      ] GC(127) - age   7:     153616 bytes,    2057288 total
[2024-05-31T21:02:53.648+0000][20776][gc,age      ] GC(127) - age   8:       9520 bytes,    2066808 total
[2024-05-31T21:02:53.648+0000][20776][gc,age      ] GC(127) - age   9:        240 bytes,    2067048 total
[2024-05-31T21:02:53.648+0000][20776][gc,age      ] GC(127) - age  10:        448 bytes,    2067496 total
[2024-05-31T21:02:53.648+0000][20776][gc,age      ] GC(127) - age  11:       1664 bytes,    2069160 total
[2024-05-31T21:02:53.648+0000][20776][gc,age      ] GC(127) - age  12:        208 bytes,    2069368 total
[2024-05-31T21:02:53.648+0000][20776][gc,age      ] GC(127) - age  13:       5488 bytes,    2074856 total
[2024-05-31T21:02:53.648+0000][20776][gc,age      ] GC(127) - age  14:        240 bytes,    2075096 total
[2024-05-31T21:02:53.648+0000][20776][gc,age      ] GC(127) - age  15:         96 bytes,    2075192 total
[2024-05-31T21:02:53.648+0000][20776][gc,heap     ] GC(127) Eden regions: 605->0(605)
[2024-05-31T21:02:53.648+0000][20776][gc,heap     ] GC(127) Survivor regions: 1->1(76)
[2024-05-31T21:02:53.648+0000][20776][gc,heap     ] GC(127) Old regions: 52->52
[2024-05-31T21:02:53.648+0000][20776][gc,heap     ] GC(127) Archive regions: 0->0
[2024-05-31T21:02:53.648+0000][20776][gc,heap     ] GC(127) Humongous regions: 2->2
[2024-05-31T21:02:53.648+0000][20776][gc,metaspace] GC(127) Metaspace: 134816K(138560K)->134816K(138560K) NonClass: 117001K(118912K)->117001K(118912K) Class: 17814K(19648K)->17814K(19648K)
[2024-05-31T21:02:53.648+0000][20776][gc          ] GC(127) Pause Young (Normal) (G1 Evacuation Pause) 2635M->214M(4040M) 24.266ms
[2024-05-31T21:02:53.648+0000][20776][gc,cpu      ] GC(127) User=0.02s Sys=0.00s Real=0.02s
[2024-05-31T21:02:53.648+0000][20776][safepoint   ] Safepoint "G1CollectForAllocation", Time since last: 613045889400 ns, Reaching safepoint: 1526700 ns, At safepoint: 24981800 ns, Total: 26508500 ns
[2024-05-31T21:06:27.795+0000][20776][safepoint   ] Safepoint "Cleanup", Time since last: 214146214100 ns, Reaching safepoint: 202600 ns, At safepoint: 26500 ns, Total: 229100 ns
[2024-05-31T21:07:27.434+0000][20776][safepoint   ] Safepoint "Cleanup", Time since last: 59638175700 ns, Reaching safepoint: 245500 ns, At safepoint: 23300 ns, Total: 268800 ns
[2024-05-31T21:13:01.612+0000][20776][gc,start    ] GC(128) Pause Young (Normal) (G1 Evacuation Pause)
[2024-05-31T21:13:01.612+0000][20776][gc,task     ] GC(128) Using 8 workers of 8 for evacuation
[2024-05-31T21:13:01.612+0000][20776][gc,age      ] GC(128) Desired survivor size 159383552 bytes, new threshold 15 (max threshold 15)
[2024-05-31T21:13:01.632+0000][20776][gc,phases   ] GC(128)   Pre Evacuate Collection Set: 0.9ms
[2024-05-31T21:13:01.632+0000][20776][gc,phases   ] GC(128)   Merge Heap Roots: 0.3ms
[2024-05-31T21:13:01.632+0000][20776][gc,phases   ] GC(128)   Evacuate Collection Set: 11.7ms
[2024-05-31T21:13:01.632+0000][20776][gc,phases   ] GC(128)   Post Evacuate Collection Set: 5.6ms
[2024-05-31T21:13:01.632+0000][20776][gc,phases   ] GC(128)   Other: 1.1ms
[2024-05-31T21:13:01.632+0000][20776][gc,age      ] GC(128) Age table with threshold 15 (max threshold 15)
[2024-05-31T21:13:01.632+0000][20776][gc,age      ] GC(128) - age   1:    2233024 bytes,    2233024 total
[2024-05-31T21:13:01.632+0000][20776][gc,age      ] GC(128) - age   2:     187160 bytes,    2420184 total
[2024-05-31T21:13:01.632+0000][20776][gc,age      ] GC(128) - age   3:     210192 bytes,    2630376 total
[2024-05-31T21:13:01.632+0000][20776][gc,age      ] GC(128) - age   4:        368 bytes,    2630744 total
[2024-05-31T21:13:01.632+0000][20776][gc,age      ] GC(128) - age   5:       4896 bytes,    2635640 total
[2024-05-31T21:13:01.632+0000][20776][gc,age      ] GC(128) - age   6:        208 bytes,    2635848 total
[2024-05-31T21:13:01.632+0000][20776][gc,age      ] GC(128) - age   7:        160 bytes,    2636008 total
[2024-05-31T21:13:01.632+0000][20776][gc,age      ] GC(128) - age   8:     137464 bytes,    2773472 total
[2024-05-31T21:13:01.632+0000][20776][gc,age      ] GC(128) - age   9:       9440 bytes,    2782912 total
[2024-05-31T21:13:01.632+0000][20776][gc,age      ] GC(128) - age  10:        240 bytes,    2783152 total
[2024-05-31T21:13:01.632+0000][20776][gc,age      ] GC(128) - age  11:        288 bytes,    2783440 total
[2024-05-31T21:13:01.632+0000][20776][gc,age      ] GC(128) - age  12:       1664 bytes,    2785104 total
[2024-05-31T21:13:01.632+0000][20776][gc,age      ] GC(128) - age  13:        208 bytes,    2785312 total
[2024-05-31T21:13:01.632+0000][20776][gc,age      ] GC(128) - age  14:       5488 bytes,    2790800 total
[2024-05-31T21:13:01.632+0000][20776][gc,age      ] GC(128) - age  15:        240 bytes,    2791040 total
[2024-05-31T21:13:01.632+0000][20776][gc,heap     ] GC(128) Eden regions: 605->0(605)
[2024-05-31T21:13:01.632+0000][20776][gc,heap     ] GC(128) Survivor regions: 1->1(76)
[2024-05-31T21:13:01.632+0000][20776][gc,heap     ] GC(128) Old regions: 52->52
[2024-05-31T21:13:01.632+0000][20776][gc,heap     ] GC(128) Archive regions: 0->0
[2024-05-31T21:13:01.632+0000][20776][gc,heap     ] GC(128) Humongous regions: 2->2
[2024-05-31T21:13:01.632+0000][20776][gc,metaspace] GC(128) Metaspace: 134816K(138560K)->134816K(138560K) NonClass: 117001K(118912K)->117001K(118912K) Class: 17814K(19648K)->17814K(19648K)
[2024-05-31T21:13:01.632+0000][20776][gc          ] GC(128) Pause Young (Normal) (G1 Evacuation Pause) 2634M->215M(4040M) 20.163ms
[2024-05-31T21:13:01.632+0000][20776][gc,cpu      ] GC(128) User=0.02s Sys=0.02s Real=0.02s
[2024-05-31T21:13:01.632+0000][20776][safepoint   ] Safepoint "G1CollectForAllocation", Time since last: 334178328500 ns, Reaching safepoint: 158700 ns, At safepoint: 20359200 ns, Total: 20517900 ns
[2024-05-31T21:19:27.537+0000][20776][safepoint   ] Safepoint "Cleanup", Time since last: 385903935400 ns, Reaching safepoint: 449900 ns, At safepoint: 50100 ns, Total: 500000 ns
[2024-05-31T21:23:11.635+0000][20776][gc,start    ] GC(129) Pause Young (Normal) (G1 Evacuation Pause)
[2024-05-31T21:23:11.635+0000][20776][gc,task     ] GC(129) Using 8 workers of 8 for evacuation
[2024-05-31T21:23:11.635+0000][20776][gc,age      ] GC(129) Desired survivor size 159383552 bytes, new threshold 15 (max threshold 15)
[2024-05-31T21:23:11.651+0000][20776][gc,phases   ] GC(129)   Pre Evacuate Collection Set: 0.5ms
[2024-05-31T21:23:11.651+0000][20776][gc,phases   ] GC(129)   Merge Heap Roots: 0.4ms
[2024-05-31T21:23:11.651+0000][20776][gc,phases   ] GC(129)   Evacuate Collection Set: 10.2ms
[2024-05-31T21:23:11.651+0000][20776][gc,phases   ] GC(129)   Post Evacuate Collection Set: 3.3ms
[2024-05-31T21:23:11.651+0000][20776][gc,phases   ] GC(129)   Other: 1.1ms
[2024-05-31T21:23:11.651+0000][20776][gc,age      ] GC(129) Age table with threshold 15 (max threshold 15)
[2024-05-31T21:23:11.651+0000][20776][gc,age      ] GC(129) - age   1:    1042008 bytes,    1042008 total
[2024-05-31T21:23:11.651+0000][20776][gc,age      ] GC(129) - age   2:       6768 bytes,    1048776 total
[2024-05-31T21:23:11.651+0000][20776][gc,age      ] GC(129) - age   3:     185032 bytes,    1233808 total
[2024-05-31T21:23:11.651+0000][20776][gc,age      ] GC(129) - age   4:     210000 bytes,    1443808 total
[2024-05-31T21:23:11.651+0000][20776][gc,age      ] GC(129) - age   5:        288 bytes,    1444096 total
[2024-05-31T21:23:11.651+0000][20776][gc,age      ] GC(129) - age   6:       4896 bytes,    1448992 total
[2024-05-31T21:23:11.651+0000][20776][gc,age      ] GC(129) - age   7:        208 bytes,    1449200 total
[2024-05-31T21:23:11.652+0000][20776][gc,age      ] GC(129) - age   8:         80 bytes,    1449280 total
[2024-05-31T21:23:11.652+0000][20776][gc,age      ] GC(129) - age   9:     137464 bytes,    1586744 total
[2024-05-31T21:23:11.652+0000][20776][gc,age      ] GC(129) - age  10:       9440 bytes,    1596184 total
[2024-05-31T21:23:11.652+0000][20776][gc,age      ] GC(129) - age  11:        240 bytes,    1596424 total
[2024-05-31T21:23:11.652+0000][20776][gc,age      ] GC(129) - age  12:        288 bytes,    1596712 total
[2024-05-31T21:23:11.652+0000][20776][gc,age      ] GC(129) - age  13:       1664 bytes,    1598376 total
[2024-05-31T21:23:11.652+0000][20776][gc,age      ] GC(129) - age  14:        208 bytes,    1598584 total
[2024-05-31T21:23:11.652+0000][20776][gc,age      ] GC(129) - age  15:       5488 bytes,    1604072 total
[2024-05-31T21:23:11.652+0000][20776][gc,heap     ] GC(129) Eden regions: 605->0(605)
[2024-05-31T21:23:11.652+0000][20776][gc,heap     ] GC(129) Survivor regions: 1->1(76)
[2024-05-31T21:23:11.652+0000][20776][gc,heap     ] GC(129) Old regions: 52->52
[2024-05-31T21:23:11.652+0000][20776][gc,heap     ] GC(129) Archive regions: 0->0
[2024-05-31T21:23:11.652+0000][20776][gc,heap     ] GC(129) Humongous regions: 2->2
[2024-05-31T21:23:11.652+0000][20776][gc,metaspace] GC(129) Metaspace: 134816K(138560K)->134816K(138560K) NonClass: 117001K(118912K)->117001K(118912K) Class: 17814K(19648K)->17814K(19648K)
[2024-05-31T21:23:11.653+0000][20776][gc          ] GC(129) Pause Young (Normal) (G1 Evacuation Pause) 2635M->214M(4040M) 17.387ms
[2024-05-31T21:23:11.654+0000][20776][gc,cpu      ] GC(129) User=0.02s Sys=0.02s Real=0.02s
[2024-05-31T21:23:11.654+0000][20776][safepoint   ] Safepoint "G1CollectForAllocation", Time since last: 224098242200 ns, Reaching safepoint: 261800 ns, At safepoint: 18103000 ns, Total: 18364800 ns
[2024-05-31T21:33:23.554+0000][20776][gc,start    ] GC(130) Pause Young (Normal) (G1 Evacuation Pause)
[2024-05-31T21:33:23.554+0000][20776][gc,task     ] GC(130) Using 8 workers of 8 for evacuation
[2024-05-31T21:33:23.555+0000][20776][gc,age      ] GC(130) Desired survivor size 159383552 bytes, new threshold 15 (max threshold 15)
[2024-05-31T21:33:23.571+0000][20776][gc,phases   ] GC(130)   Pre Evacuate Collection Set: 1.0ms
[2024-05-31T21:33:23.571+0000][20776][gc,phases   ] GC(130)   Merge Heap Roots: 0.5ms
[2024-05-31T21:33:23.571+0000][20776][gc,phases   ] GC(130)   Evacuate Collection Set: 10.9ms
[2024-05-31T21:33:23.571+0000][20776][gc,phases   ] GC(130)   Post Evacuate Collection Set: 3.6ms
[2024-05-31T21:33:23.571+0000][20776][gc,phases   ] GC(130)   Other: 1.1ms
[2024-05-31T21:33:23.571+0000][20776][gc,age      ] GC(130) Age table with threshold 15 (max threshold 15)
[2024-05-31T21:33:23.571+0000][20776][gc,age      ] GC(130) - age   1:    1385248 bytes,    1385248 total
[2024-05-31T21:33:23.571+0000][20776][gc,age      ] GC(130) - age   2:       2832 bytes,    1388080 total
[2024-05-31T21:33:23.571+0000][20776][gc,age      ] GC(130) - age   3:       4960 bytes,    1393040 total
[2024-05-31T21:33:23.571+0000][20776][gc,age      ] GC(130) - age   4:     184744 bytes,    1577784 total
[2024-05-31T21:33:23.571+0000][20776][gc,age      ] GC(130) - age   5:     209824 bytes,    1787608 total
[2024-05-31T21:33:23.571+0000][20776][gc,age      ] GC(130) - age   6:        288 bytes,    1787896 total
[2024-05-31T21:33:23.572+0000][20776][gc,age      ] GC(130) - age   7:       4896 bytes,    1792792 total
[2024-05-31T21:33:23.572+0000][20776][gc,age      ] GC(130) - age   8:        208 bytes,    1793000 total
[2024-05-31T21:33:23.572+0000][20776][gc,age      ] GC(130) - age   9:         80 bytes,    1793080 total
[2024-05-31T21:33:23.572+0000][20776][gc,age      ] GC(130) - age  10:     137464 bytes,    1930544 total
[2024-05-31T21:33:23.572+0000][20776][gc,age      ] GC(130) - age  11:       9440 bytes,    1939984 total
[2024-05-31T21:33:23.572+0000][20776][gc,age      ] GC(130) - age  12:        240 bytes,    1940224 total
[2024-05-31T21:33:23.572+0000][20776][gc,age      ] GC(130) - age  13:        288 bytes,    1940512 total
[2024-05-31T21:33:23.572+0000][20776][gc,age      ] GC(130) - age  14:       1664 bytes,    1942176 total
[2024-05-31T21:33:23.572+0000][20776][gc,age      ] GC(130) - age  15:        128 bytes,    1942304 total
[2024-05-31T21:33:23.572+0000][20776][gc,heap     ] GC(130) Eden regions: 605->0(605)
[2024-05-31T21:33:23.572+0000][20776][gc,heap     ] GC(130) Survivor regions: 1->1(76)
[2024-05-31T21:33:23.572+0000][20776][gc,heap     ] GC(130) Old regions: 52->52
[2024-05-31T21:33:23.572+0000][20776][gc,heap     ] GC(130) Archive regions: 0->0
[2024-05-31T21:33:23.572+0000][20776][gc,heap     ] GC(130) Humongous regions: 2->2
[2024-05-31T21:33:23.572+0000][20776][gc,metaspace] GC(130) Metaspace: 134816K(138560K)->134816K(138560K) NonClass: 117001K(118912K)->117001K(118912K) Class: 17814K(19648K)->17814K(19648K)
[2024-05-31T21:33:23.572+0000][20776][gc          ] GC(130) Pause Young (Normal) (G1 Evacuation Pause) 2634M->214M(4040M) 18.511ms
[2024-05-31T21:33:23.572+0000][20776][gc,cpu      ] GC(130) User=0.11s Sys=0.00s Real=0.02s
[2024-05-31T21:33:23.572+0000][20776][safepoint   ] Safepoint "G1CollectForAllocation", Time since last: 611897104800 ns, Reaching safepoint: 3211400 ns, At safepoint: 19281200 ns, Total: 22492600 ns
[2024-05-31T21:43:29.585+0000][20776][gc,start    ] GC(131) Pause Young (Normal) (G1 Evacuation Pause)
[2024-05-31T21:43:29.585+0000][20776][gc,task     ] GC(131) Using 8 workers of 8 for evacuation
[2024-05-31T21:43:29.585+0000][20776][gc,age      ] GC(131) Desired survivor size 159383552 bytes, new threshold 15 (max threshold 15)
[2024-05-31T21:43:29.609+0000][20776][gc,phases   ] GC(131)   Pre Evacuate Collection Set: 0.5ms
[2024-05-31T21:43:29.609+0000][20776][gc,phases   ] GC(131)   Merge Heap Roots: 0.6ms
[2024-05-31T21:43:29.609+0000][20776][gc,phases   ] GC(131)   Evacuate Collection Set: 12.0ms
[2024-05-31T21:43:29.609+0000][20776][gc,phases   ] GC(131)   Post Evacuate Collection Set: 9.8ms
[2024-05-31T21:43:29.609+0000][20776][gc,phases   ] GC(131)   Other: 0.8ms
[2024-05-31T21:43:29.609+0000][20776][gc,age      ] GC(131) Age table with threshold 15 (max threshold 15)
[2024-05-31T21:43:29.609+0000][20776][gc,age      ] GC(131) - age   1:    1292752 bytes,    1292752 total
[2024-05-31T21:43:29.609+0000][20776][gc,age      ] GC(131) - age   2:       2960 bytes,    1295712 total
[2024-05-31T21:43:29.609+0000][20776][gc,age      ] GC(131) - age   3:        320 bytes,    1296032 total
[2024-05-31T21:43:29.609+0000][20776][gc,age      ] GC(131) - age   4:       4960 bytes,    1300992 total
[2024-05-31T21:43:29.609+0000][20776][gc,age      ] GC(131) - age   5:     184664 bytes,    1485656 total
[2024-05-31T21:43:29.609+0000][20776][gc,age      ] GC(131) - age   6:     209744 bytes,    1695400 total
[2024-05-31T21:43:29.609+0000][20776][gc,age      ] GC(131) - age   7:        208 bytes,    1695608 total
[2024-05-31T21:43:29.609+0000][20776][gc,age      ] GC(131) - age   8:       4896 bytes,    1700504 total
[2024-05-31T21:43:29.610+0000][20776][gc,age      ] GC(131) - age   9:        208 bytes,    1700712 total
[2024-05-31T21:43:29.610+0000][20776][gc,age      ] GC(131) - age  10:         80 bytes,    1700792 total
[2024-05-31T21:43:29.610+0000][20776][gc,age      ] GC(131) - age  11:     137384 bytes,    1838176 total
[2024-05-31T21:43:29.610+0000][20776][gc,age      ] GC(131) - age  12:       9440 bytes,    1847616 total
[2024-05-31T21:43:29.610+0000][20776][gc,age      ] GC(131) - age  13:        240 bytes,    1847856 total
[2024-05-31T21:43:29.610+0000][20776][gc,age      ] GC(131) - age  14:        288 bytes,    1848144 total
[2024-05-31T21:43:29.610+0000][20776][gc,age      ] GC(131) - age  15:       1664 bytes,    1849808 total
[2024-05-31T21:43:29.610+0000][20776][gc,heap     ] GC(131) Eden regions: 605->0(605)
[2024-05-31T21:43:29.610+0000][20776][gc,heap     ] GC(131) Survivor regions: 1->1(76)
[2024-05-31T21:43:29.610+0000][20776][gc,heap     ] GC(131) Old regions: 52->52
[2024-05-31T21:43:29.610+0000][20776][gc,heap     ] GC(131) Archive regions: 0->0
[2024-05-31T21:43:29.610+0000][20776][gc,heap     ] GC(131) Humongous regions: 2->2
[2024-05-31T21:43:29.610+0000][20776][gc,metaspace] GC(131) Metaspace: 134816K(138560K)->134816K(138560K) NonClass: 117001K(118912K)->117001K(118912K) Class: 17814K(19648K)->17814K(19648K)
[2024-05-31T21:43:29.611+0000][20776][gc          ] GC(131) Pause Young (Normal) (G1 Evacuation Pause) 2634M->214M(4040M) 25.181ms
[2024-05-31T21:43:29.611+0000][20776][gc,cpu      ] GC(131) User=0.06s Sys=0.03s Real=0.03s
[2024-05-31T21:43:29.611+0000][20776][safepoint   ] Safepoint "G1CollectForAllocation", Time since last: 606011436500 ns, Reaching safepoint: 614300 ns, At safepoint: 26672900 ns, Total: 27287200 ns
[2024-05-31T21:49:34.408+0000][20776][safepoint   ] Safepoint "Cleanup", Time since last: 364795409100 ns, Reaching safepoint: 418000 ns, At safepoint: 26300 ns, Total: 444300 ns
[2024-05-31T21:53:22.081+0000][20776][gc,start    ] GC(132) Pause Young (Normal) (G1 Evacuation Pause)
[2024-05-31T21:53:22.084+0000][20776][gc,task     ] GC(132) Using 8 workers of 8 for evacuation
[2024-05-31T21:53:22.084+0000][20776][gc,age      ] GC(132) Desired survivor size 159383552 bytes, new threshold 15 (max threshold 15)
[2024-05-31T21:53:22.108+0000][20776][gc,phases   ] GC(132)   Pre Evacuate Collection Set: 3.0ms
[2024-05-31T21:53:22.108+0000][20776][gc,phases   ] GC(132)   Merge Heap Roots: 0.9ms
[2024-05-31T21:53:22.108+0000][20776][gc,phases   ] GC(132)   Evacuate Collection Set: 15.5ms
[2024-05-31T21:53:22.108+0000][20776][gc,phases   ] GC(132)   Post Evacuate Collection Set: 3.8ms
[2024-05-31T21:53:22.108+0000][20776][gc,phases   ] GC(132)   Other: 2.3ms
[2024-05-31T21:53:22.108+0000][20776][gc,age      ] GC(132) Age table with threshold 15 (max threshold 15)
[2024-05-31T21:53:22.108+0000][20776][gc,age      ] GC(132) - age   1:    1880656 bytes,    1880656 total
[2024-05-31T21:53:22.108+0000][20776][gc,age      ] GC(132) - age   2:       2848 bytes,    1883504 total
[2024-05-31T21:53:22.108+0000][20776][gc,age      ] GC(132) - age   3:       1144 bytes,    1884648 total
[2024-05-31T21:53:22.108+0000][20776][gc,age      ] GC(132) - age   4:        240 bytes,    1884888 total
[2024-05-31T21:53:22.108+0000][20776][gc,age      ] GC(132) - age   5:        240 bytes,    1885128 total
[2024-05-31T21:53:22.108+0000][20776][gc,age      ] GC(132) - age   6:      19008 bytes,    1904136 total
[2024-05-31T21:53:22.108+0000][20776][gc,age      ] GC(132) - age   7:     135016 bytes,    2039152 total
[2024-05-31T21:53:22.108+0000][20776][gc,age      ] GC(132) - age   8:        208 bytes,    2039360 total
[2024-05-31T21:53:22.108+0000][20776][gc,age      ] GC(132) - age   9:       4816 bytes,    2044176 total
[2024-05-31T21:53:22.108+0000][20776][gc,age      ] GC(132) - age  10:        208 bytes,    2044384 total
[2024-05-31T21:53:22.108+0000][20776][gc,age      ] GC(132) - age  11:         80 bytes,    2044464 total
[2024-05-31T21:53:22.108+0000][20776][gc,age      ] GC(132) - age  12:     137360 bytes,    2181824 total
[2024-05-31T21:53:22.108+0000][20776][gc,age      ] GC(132) - age  13:       9280 bytes,    2191104 total
[2024-05-31T21:53:22.109+0000][20776][gc,age      ] GC(132) - age  14:        240 bytes,    2191344 total
[2024-05-31T21:53:22.109+0000][20776][gc,age      ] GC(132) - age  15:        288 bytes,    2191632 total
[2024-05-31T21:53:22.109+0000][20776][gc,heap     ] GC(132) Eden regions: 605->0(605)
[2024-05-31T21:53:22.109+0000][20776][gc,heap     ] GC(132) Survivor regions: 1->1(76)
[2024-05-31T21:53:22.109+0000][20776][gc,heap     ] GC(132) Old regions: 52->52
[2024-05-31T21:53:22.109+0000][20776][gc,heap     ] GC(132) Archive regions: 0->0
[2024-05-31T21:53:22.109+0000][20776][gc,heap     ] GC(132) Humongous regions: 2->2
[2024-05-31T21:53:22.109+0000][20776][gc,metaspace] GC(132) Metaspace: 134816K(138560K)->134816K(138560K) NonClass: 117001K(118912K)->117001K(118912K) Class: 17814K(19648K)->17814K(19648K)
[2024-05-31T21:53:22.109+0000][20776][gc          ] GC(132) Pause Young (Normal) (G1 Evacuation Pause) 2634M->214M(4040M) 27.452ms
[2024-05-31T21:53:22.109+0000][20776][gc,cpu      ] GC(132) User=0.05s Sys=0.14s Real=0.03s
[2024-05-31T21:53:22.109+0000][20776][safepoint   ] Safepoint "G1CollectForAllocation", Time since last: 227673972900 ns, Reaching safepoint: 250000 ns, At safepoint: 27821800 ns, Total: 28071800 ns
[2024-05-31T22:03:22.286+0000][20776][gc,start    ] GC(133) Pause Young (Normal) (G1 Evacuation Pause)
[2024-05-31T22:03:22.286+0000][20776][gc,task     ] GC(133) Using 8 workers of 8 for evacuation
[2024-05-31T22:03:22.286+0000][20776][gc,age      ] GC(133) Desired survivor size 159383552 bytes, new threshold 15 (max threshold 15)
[2024-05-31T22:03:22.300+0000][20776][gc,phases   ] GC(133)   Pre Evacuate Collection Set: 0.3ms
[2024-05-31T22:03:22.300+0000][20776][gc,phases   ] GC(133)   Merge Heap Roots: 0.3ms
[2024-05-31T22:03:22.300+0000][20776][gc,phases   ] GC(133)   Evacuate Collection Set: 8.1ms
[2024-05-31T22:03:22.300+0000][20776][gc,phases   ] GC(133)   Post Evacuate Collection Set: 5.0ms
[2024-05-31T22:03:22.300+0000][20776][gc,phases   ] GC(133)   Other: 0.3ms
[2024-05-31T22:03:22.300+0000][20776][gc,age      ] GC(133) Age table with threshold 15 (max threshold 15)
[2024-05-31T22:03:22.300+0000][20776][gc,age      ] GC(133) - age   1:    2239880 bytes,    2239880 total
[2024-05-31T22:03:22.300+0000][20776][gc,age      ] GC(133) - age   2:     210408 bytes,    2450288 total
[2024-05-31T22:03:22.300+0000][20776][gc,age      ] GC(133) - age   3:        736 bytes,    2451024 total
[2024-05-31T22:03:22.300+0000][20776][gc,age      ] GC(133) - age   4:        952 bytes,    2451976 total
[2024-05-31T22:03:22.300+0000][20776][gc,age      ] GC(133) - age   5:        240 bytes,    2452216 total
[2024-05-31T22:03:22.300+0000][20776][gc,age      ] GC(133) - age   6:        240 bytes,    2452456 total
[2024-05-31T22:03:22.300+0000][20776][gc,age      ] GC(133) - age   7:        272 bytes,    2452728 total
[2024-05-31T22:03:22.300+0000][20776][gc,age      ] GC(133) - age   8:     133688 bytes,    2586416 total
[2024-05-31T22:03:22.300+0000][20776][gc,age      ] GC(133) - age   9:        208 bytes,    2586624 total
[2024-05-31T22:03:22.300+0000][20776][gc,age      ] GC(133) - age  10:       4736 bytes,    2591360 total
[2024-05-31T22:03:22.300+0000][20776][gc,age      ] GC(133) - age  11:        208 bytes,    2591568 total
[2024-05-31T22:03:22.300+0000][20776][gc,age      ] GC(133) - age  12:         80 bytes,    2591648 total
[2024-05-31T22:03:22.300+0000][20776][gc,age      ] GC(133) - age  13:     137328 bytes,    2728976 total
[2024-05-31T22:03:22.300+0000][20776][gc,age      ] GC(133) - age  14:       9200 bytes,    2738176 total
[2024-05-31T22:03:22.300+0000][20776][gc,age      ] GC(133) - age  15:        240 bytes,    2738416 total
[2024-05-31T22:03:22.300+0000][20776][gc,heap     ] GC(133) Eden regions: 605->0(605)
[2024-05-31T22:03:22.300+0000][20776][gc,heap     ] GC(133) Survivor regions: 1->1(76)
[2024-05-31T22:03:22.300+0000][20776][gc,heap     ] GC(133) Old regions: 52->52
[2024-05-31T22:03:22.300+0000][20776][gc,heap     ] GC(133) Archive regions: 0->0
[2024-05-31T22:03:22.300+0000][20776][gc,heap     ] GC(133) Humongous regions: 2->2
[2024-05-31T22:03:22.300+0000][20776][gc,metaspace] GC(133) Metaspace: 134816K(138560K)->134816K(138560K) NonClass: 117001K(118912K)->117001K(118912K) Class: 17814K(19648K)->17814K(19648K)
[2024-05-31T22:03:22.301+0000][20776][gc          ] GC(133) Pause Young (Normal) (G1 Evacuation Pause) 2634M->215M(4040M) 14.798ms
[2024-05-31T22:03:22.301+0000][20776][gc,cpu      ] GC(133) User=0.02s Sys=0.00s Real=0.02s
[2024-05-31T22:03:22.301+0000][20776][safepoint   ] Safepoint "G1CollectForAllocation", Time since last: 600175467000 ns, Reaching safepoint: 324100 ns, At safepoint: 15063100 ns, Total: 15387200 ns
[2024-05-31T22:13:25.128+0000][20776][gc,start    ] GC(134) Pause Young (Normal) (G1 Evacuation Pause)
[2024-05-31T22:13:25.128+0000][20776][gc,task     ] GC(134) Using 8 workers of 8 for evacuation
[2024-05-31T22:13:25.128+0000][20776][gc,age      ] GC(134) Desired survivor size 159383552 bytes, new threshold 15 (max threshold 15)
[2024-05-31T22:13:25.133+0000][20776][gc,phases   ] GC(134)   Pre Evacuate Collection Set: 0.2ms
[2024-05-31T22:13:25.133+0000][20776][gc,phases   ] GC(134)   Merge Heap Roots: 0.1ms
[2024-05-31T22:13:25.133+0000][20776][gc,phases   ] GC(134)   Evacuate Collection Set: 2.7ms
[2024-05-31T22:13:25.133+0000][20776][gc,phases   ] GC(134)   Post Evacuate Collection Set: 1.8ms
[2024-05-31T22:13:25.133+0000][20776][gc,phases   ] GC(134)   Other: 0.2ms
[2024-05-31T22:13:25.133+0000][20776][gc,age      ] GC(134) Age table with threshold 15 (max threshold 15)
[2024-05-31T22:13:25.133+0000][20776][gc,age      ] GC(134) - age   1:    1531224 bytes,    1531224 total
[2024-05-31T22:13:25.133+0000][20776][gc,age      ] GC(134) - age   2:     192088 bytes,    1723312 total
[2024-05-31T22:13:25.133+0000][20776][gc,age      ] GC(134) - age   3:     207960 bytes,    1931272 total
[2024-05-31T22:13:25.133+0000][20776][gc,age      ] GC(134) - age   4:        616 bytes,    1931888 total
[2024-05-31T22:13:25.133+0000][20776][gc,age      ] GC(134) - age   5:        912 bytes,    1932800 total
[2024-05-31T22:13:25.133+0000][20776][gc,age      ] GC(134) - age   6:        240 bytes,    1933040 total
[2024-05-31T22:13:25.133+0000][20776][gc,age      ] GC(134) - age   7:        240 bytes,    1933280 total
[2024-05-31T22:13:25.133+0000][20776][gc,age      ] GC(134) - age   8:        272 bytes,    1933552 total
[2024-05-31T22:13:25.133+0000][20776][gc,age      ] GC(134) - age   9:     133608 bytes,    2067160 total
[2024-05-31T22:13:25.133+0000][20776][gc,age      ] GC(134) - age  10:        128 bytes,    2067288 total
[2024-05-31T22:13:25.133+0000][20776][gc,age      ] GC(134) - age  11:       4736 bytes,    2072024 total
[2024-05-31T22:13:25.133+0000][20776][gc,age      ] GC(134) - age  12:        208 bytes,    2072232 total
[2024-05-31T22:13:25.133+0000][20776][gc,age      ] GC(134) - age  13:         80 bytes,    2072312 total
[2024-05-31T22:13:25.133+0000][20776][gc,age      ] GC(134) - age  14:     137328 bytes,    2209640 total
[2024-05-31T22:13:25.133+0000][20776][gc,age      ] GC(134) - age  15:       9200 bytes,    2218840 total
[2024-05-31T22:13:25.133+0000][20776][gc,heap     ] GC(134) Eden regions: 605->0(605)
[2024-05-31T22:13:25.133+0000][20776][gc,heap     ] GC(134) Survivor regions: 1->1(76)
[2024-05-31T22:13:25.133+0000][20776][gc,heap     ] GC(134) Old regions: 52->52
[2024-05-31T22:13:25.133+0000][20776][gc,heap     ] GC(134) Archive regions: 0->0
[2024-05-31T22:13:25.133+0000][20776][gc,heap     ] GC(134) Humongous regions: 2->2
[2024-05-31T22:13:25.133+0000][20776][gc,metaspace] GC(134) Metaspace: 134816K(138560K)->134816K(138560K) NonClass: 117001K(118912K)->117001K(118912K) Class: 17814K(19648K)->17814K(19648K)
[2024-05-31T22:13:25.135+0000][20776][gc          ] GC(134) Pause Young (Normal) (G1 Evacuation Pause) 2635M->214M(4040M) 5.813ms
[2024-05-31T22:13:25.135+0000][20776][gc,cpu      ] GC(134) User=0.00s Sys=0.00s Real=0.01s
[2024-05-31T22:13:25.135+0000][20776][safepoint   ] Safepoint "G1CollectForAllocation", Time since last: 602827019400 ns, Reaching safepoint: 370900 ns, At safepoint: 6743500 ns, Total: 7114400 ns
[2024-05-31T22:23:23.965+0000][20776][gc,start    ] GC(135) Pause Young (Normal) (G1 Evacuation Pause)
[2024-05-31T22:23:23.965+0000][20776][gc,task     ] GC(135) Using 8 workers of 8 for evacuation
[2024-05-31T22:23:23.965+0000][20776][gc,age      ] GC(135) Desired survivor size 159383552 bytes, new threshold 15 (max threshold 15)
[2024-05-31T22:23:23.984+0000][20776][gc,phases   ] GC(135)   Pre Evacuate Collection Set: 0.3ms
[2024-05-31T22:23:23.984+0000][20776][gc,phases   ] GC(135)   Merge Heap Roots: 0.2ms
[2024-05-31T22:23:23.984+0000][20776][gc,phases   ] GC(135)   Evacuate Collection Set: 13.0ms
[2024-05-31T22:23:23.984+0000][20776][gc,phases   ] GC(135)   Post Evacuate Collection Set: 3.4ms
[2024-05-31T22:23:23.984+0000][20776][gc,phases   ] GC(135)   Other: 2.4ms
[2024-05-31T22:23:23.984+0000][20776][gc,age      ] GC(135) Age table with threshold 15 (max threshold 15)
[2024-05-31T22:23:23.984+0000][20776][gc,age      ] GC(135) - age   1:    1087112 bytes,    1087112 total
[2024-05-31T22:23:23.984+0000][20776][gc,age      ] GC(135) - age   2:       2080 bytes,    1089192 total
[2024-05-31T22:23:23.984+0000][20776][gc,age      ] GC(135) - age   3:     189584 bytes,    1278776 total
[2024-05-31T22:23:23.984+0000][20776][gc,age      ] GC(135) - age   4:     207776 bytes,    1486552 total
[2024-05-31T22:23:23.984+0000][20776][gc,age      ] GC(135) - age   5:        424 bytes,    1486976 total
[2024-05-31T22:23:23.984+0000][20776][gc,age      ] GC(135) - age   6:        856 bytes,    1487832 total
[2024-05-31T22:23:23.984+0000][20776][gc,age      ] GC(135) - age   7:        240 bytes,    1488072 total
[2024-05-31T22:23:23.984+0000][20776][gc,age      ] GC(135) - age   8:        160 bytes,    1488232 total
[2024-05-31T22:23:23.984+0000][20776][gc,age      ] GC(135) - age   9:        272 bytes,    1488504 total
[2024-05-31T22:23:23.984+0000][20776][gc,age      ] GC(135) - age  10:     133528 bytes,    1622032 total
[2024-05-31T22:23:23.984+0000][20776][gc,age      ] GC(135) - age  11:        128 bytes,    1622160 total
[2024-05-31T22:23:23.984+0000][20776][gc,age      ] GC(135) - age  12:       4736 bytes,    1626896 total
[2024-05-31T22:23:23.984+0000][20776][gc,age      ] GC(135) - age  13:        128 bytes,    1627024 total
[2024-05-31T22:23:23.984+0000][20776][gc,age      ] GC(135) - age  14:         80 bytes,    1627104 total
[2024-05-31T22:23:23.984+0000][20776][gc,age      ] GC(135) - age  15:     137328 bytes,    1764432 total
[2024-05-31T22:23:23.984+0000][20776][gc,heap     ] GC(135) Eden regions: 605->0(605)
[2024-05-31T22:23:23.984+0000][20776][gc,heap     ] GC(135) Survivor regions: 1->1(76)
[2024-05-31T22:23:23.984+0000][20776][gc,heap     ] GC(135) Old regions: 52->52
[2024-05-31T22:23:23.984+0000][20776][gc,heap     ] GC(135) Archive regions: 0->0
[2024-05-31T22:23:23.984+0000][20776][gc,heap     ] GC(135) Humongous regions: 2->2
[2024-05-31T22:23:23.984+0000][20776][gc,metaspace] GC(135) Metaspace: 134816K(138560K)->134816K(138560K) NonClass: 117001K(118912K)->117001K(118912K) Class: 17814K(19648K)->17814K(19648K)
[2024-05-31T22:23:23.985+0000][20776][gc          ] GC(135) Pause Young (Normal) (G1 Evacuation Pause) 2634M->214M(4040M) 20.026ms
[2024-05-31T22:23:23.985+0000][20776][gc,cpu      ] GC(135) User=0.09s Sys=0.00s Real=0.02s
[2024-05-31T22:23:23.985+0000][20776][safepoint   ] Safepoint "G1CollectForAllocation", Time since last: 598829977200 ns, Reaching safepoint: 143000 ns, At safepoint: 20969300 ns, Total: 21112300 ns
[2024-05-31T22:33:26.498+0000][20776][gc,start    ] GC(136) Pause Young (Normal) (G1 Evacuation Pause)
[2024-05-31T22:33:26.498+0000][20776][gc,task     ] GC(136) Using 8 workers of 8 for evacuation
[2024-05-31T22:33:26.498+0000][20776][gc,age      ] GC(136) Desired survivor size 159383552 bytes, new threshold 15 (max threshold 15)
[2024-05-31T22:33:26.523+0000][20776][gc,phases   ] GC(136)   Pre Evacuate Collection Set: 2.5ms
[2024-05-31T22:33:26.523+0000][20776][gc,phases   ] GC(136)   Merge Heap Roots: 0.3ms
[2024-05-31T22:33:26.523+0000][20776][gc,phases   ] GC(136)   Evacuate Collection Set: 16.1ms
[2024-05-31T22:33:26.523+0000][20776][gc,phases   ] GC(136)   Post Evacuate Collection Set: 4.7ms
[2024-05-31T22:33:26.523+0000][20776][gc,phases   ] GC(136)   Other: 1.0ms
[2024-05-31T22:33:26.523+0000][20776][gc,age      ] GC(136) Age table with threshold 15 (max threshold 15)
[2024-05-31T22:33:26.523+0000][20776][gc,age      ] GC(136) - age   1:     848648 bytes,     848648 total
[2024-05-31T22:33:26.523+0000][20776][gc,age      ] GC(136) - age   2:       4216 bytes,     852864 total
[2024-05-31T22:33:26.523+0000][20776][gc,age      ] GC(136) - age   3:        384 bytes,     853248 total
[2024-05-31T22:33:26.523+0000][20776][gc,age      ] GC(136) - age   4:     189520 bytes,    1042768 total
[2024-05-31T22:33:26.523+0000][20776][gc,age      ] GC(136) - age   5:     207776 bytes,    1250544 total
[2024-05-31T22:33:26.523+0000][20776][gc,age      ] GC(136) - age   6:        424 bytes,    1250968 total
[2024-05-31T22:33:26.523+0000][20776][gc,age      ] GC(136) - age   7:        856 bytes,    1251824 total
[2024-05-31T22:33:26.523+0000][20776][gc,age      ] GC(136) - age   8:        240 bytes,    1252064 total
[2024-05-31T22:33:26.523+0000][20776][gc,age      ] GC(136) - age   9:         80 bytes,    1252144 total
[2024-05-31T22:33:26.523+0000][20776][gc,age      ] GC(136) - age  10:        272 bytes,    1252416 total
[2024-05-31T22:33:26.523+0000][20776][gc,age      ] GC(136) - age  11:     133528 bytes,    1385944 total
[2024-05-31T22:33:26.523+0000][20776][gc,age      ] GC(136) - age  12:         48 bytes,    1385992 total
[2024-05-31T22:33:26.523+0000][20776][gc,age      ] GC(136) - age  13:       4736 bytes,    1390728 total
[2024-05-31T22:33:26.523+0000][20776][gc,age      ] GC(136) - age  14:        128 bytes,    1390856 total
[2024-05-31T22:33:26.523+0000][20776][gc,age      ] GC(136) - age  15:         80 bytes,    1390936 total
[2024-05-31T22:33:26.523+0000][20776][gc,heap     ] GC(136) Eden regions: 605->0(605)
[2024-05-31T22:33:26.523+0000][20776][gc,heap     ] GC(136) Survivor regions: 1->1(76)
[2024-05-31T22:33:26.523+0000][20776][gc,heap     ] GC(136) Old regions: 52->52
[2024-05-31T22:33:26.523+0000][20776][gc,heap     ] GC(136) Archive regions: 0->0
[2024-05-31T22:33:26.523+0000][20776][gc,heap     ] GC(136) Humongous regions: 2->2
[2024-05-31T22:33:26.523+0000][20776][gc,metaspace] GC(136) Metaspace: 134816K(138560K)->134816K(138560K) NonClass: 117001K(118912K)->117001K(118912K) Class: 17814K(19648K)->17814K(19648K)
[2024-05-31T22:33:26.524+0000][20776][gc          ] GC(136) Pause Young (Normal) (G1 Evacuation Pause) 2634M->214M(4040M) 25.314ms
[2024-05-31T22:33:26.524+0000][20776][gc,cpu      ] GC(136) User=0.03s Sys=0.00s Real=0.03s
[2024-05-31T22:33:26.524+0000][20776][safepoint   ] Safepoint "G1CollectForAllocation", Time since last: 602512062200 ns, Reaching safepoint: 362000 ns, At safepoint: 25971000 ns, Total: 26333000 ns
[2024-05-31T22:43:15.650+0000][20776][gc,start    ] GC(137) Pause Young (Normal) (G1 Evacuation Pause)
[2024-05-31T22:43:15.650+0000][20776][gc,task     ] GC(137) Using 8 workers of 8 for evacuation
[2024-05-31T22:43:15.650+0000][20776][gc,age      ] GC(137) Desired survivor size 159383552 bytes, new threshold 15 (max threshold 15)
[2024-05-31T22:43:15.653+0000][20776][gc,phases   ] GC(137)   Pre Evacuate Collection Set: 0.2ms
[2024-05-31T22:43:15.653+0000][20776][gc,phases   ] GC(137)   Merge Heap Roots: 0.1ms
[2024-05-31T22:43:15.653+0000][20776][gc,phases   ] GC(137)   Evacuate Collection Set: 1.3ms
[2024-05-31T22:43:15.653+0000][20776][gc,phases   ] GC(137)   Post Evacuate Collection Set: 1.1ms
[2024-05-31T22:43:15.653+0000][20776][gc,phases   ] GC(137)   Other: 0.1ms
[2024-05-31T22:43:15.653+0000][20776][gc,age      ] GC(137) Age table with threshold 15 (max threshold 15)
[2024-05-31T22:43:15.653+0000][20776][gc,age      ] GC(137) - age   1:     785640 bytes,     785640 total
[2024-05-31T22:43:15.653+0000][20776][gc,age      ] GC(137) - age   2:       1904 bytes,     787544 total
[2024-05-31T22:43:15.653+0000][20776][gc,age      ] GC(137) - age   3:        384 bytes,     787928 total
[2024-05-31T22:43:15.653+0000][20776][gc,age      ] GC(137) - age   4:        320 bytes,     788248 total
[2024-05-31T22:43:15.653+0000][20776][gc,age      ] GC(137) - age   5:     189440 bytes,     977688 total
[2024-05-31T22:43:15.653+0000][20776][gc,age      ] GC(137) - age   6:     207616 bytes,    1185304 total
[2024-05-31T22:43:15.653+0000][20776][gc,age      ] GC(137) - age   7:        368 bytes,    1185672 total
[2024-05-31T22:43:15.653+0000][20776][gc,age      ] GC(137) - age   8:        632 bytes,    1186304 total
[2024-05-31T22:43:15.653+0000][20776][gc,age      ] GC(137) - age   9:        240 bytes,    1186544 total
[2024-05-31T22:43:15.653+0000][20776][gc,age      ] GC(137) - age  10:         80 bytes,    1186624 total
[2024-05-31T22:43:15.653+0000][20776][gc,age      ] GC(137) - age  11:        272 bytes,    1186896 total
[2024-05-31T22:43:15.653+0000][20776][gc,age      ] GC(137) - age  12:     133528 bytes,    1320424 total
[2024-05-31T22:43:15.653+0000][20776][gc,age      ] GC(137) - age  13:         48 bytes,    1320472 total
[2024-05-31T22:43:15.653+0000][20776][gc,age      ] GC(137) - age  14:       4736 bytes,    1325208 total
[2024-05-31T22:43:15.653+0000][20776][gc,age      ] GC(137) - age  15:        128 bytes,    1325336 total
[2024-05-31T22:43:15.653+0000][20776][gc,heap     ] GC(137) Eden regions: 605->0(605)
[2024-05-31T22:43:15.653+0000][20776][gc,heap     ] GC(137) Survivor regions: 1->1(76)
[2024-05-31T22:43:15.653+0000][20776][gc,heap     ] GC(137) Old regions: 52->52
[2024-05-31T22:43:15.653+0000][20776][gc,heap     ] GC(137) Archive regions: 0->0
[2024-05-31T22:43:15.653+0000][20776][gc,heap     ] GC(137) Humongous regions: 2->2
[2024-05-31T22:43:15.653+0000][20776][gc,metaspace] GC(137) Metaspace: 134816K(138560K)->134816K(138560K) NonClass: 117001K(118912K)->117001K(118912K) Class: 17814K(19648K)->17814K(19648K)
[2024-05-31T22:43:15.653+0000][20776][gc          ] GC(137) Pause Young (Normal) (G1 Evacuation Pause) 2634M->213M(4040M) 3.230ms
[2024-05-31T22:43:15.653+0000][20776][gc,cpu      ] GC(137) User=0.00s Sys=0.00s Real=0.00s
[2024-05-31T22:43:15.653+0000][20776][safepoint   ] Safepoint "G1CollectForAllocation", Time since last: 589125777500 ns, Reaching safepoint: 237500 ns, At safepoint: 3650200 ns, Total: 3887700 ns
[2024-05-31T22:53:02.102+0000][20776][gc,start    ] GC(138) Pause Young (Normal) (G1 Evacuation Pause)
[2024-05-31T22:53:02.102+0000][20776][gc,task     ] GC(138) Using 8 workers of 8 for evacuation
[2024-05-31T22:53:02.102+0000][20776][gc,age      ] GC(138) Desired survivor size 159383552 bytes, new threshold 15 (max threshold 15)
[2024-05-31T22:53:02.112+0000][20776][gc,phases   ] GC(138)   Pre Evacuate Collection Set: 0.2ms
[2024-05-31T22:53:02.112+0000][20776][gc,phases   ] GC(138)   Merge Heap Roots: 0.2ms
[2024-05-31T22:53:02.112+0000][20776][gc,phases   ] GC(138)   Evacuate Collection Set: 8.3ms
[2024-05-31T22:53:02.112+0000][20776][gc,phases   ] GC(138)   Post Evacuate Collection Set: 1.5ms
[2024-05-31T22:53:02.112+0000][20776][gc,phases   ] GC(138)   Other: 0.2ms
[2024-05-31T22:53:02.112+0000][20776][gc,age      ] GC(138) Age table with threshold 15 (max threshold 15)
[2024-05-31T22:53:02.112+0000][20776][gc,age      ] GC(138) - age   1:    1914680 bytes,    1914680 total
[2024-05-31T22:53:02.112+0000][20776][gc,age      ] GC(138) - age   2:       2448 bytes,    1917128 total
[2024-05-31T22:53:02.112+0000][20776][gc,age      ] GC(138) - age   3:        520 bytes,    1917648 total
[2024-05-31T22:53:02.112+0000][20776][gc,age      ] GC(138) - age   4:        320 bytes,    1917968 total
[2024-05-31T22:53:02.112+0000][20776][gc,age      ] GC(138) - age   5:        240 bytes,    1918208 total
[2024-05-31T22:53:02.112+0000][20776][gc,age      ] GC(138) - age   6:      19088 bytes,    1937296 total
[2024-05-31T22:53:02.112+0000][20776][gc,age      ] GC(138) - age   7:     132632 bytes,    2069928 total
[2024-05-31T22:53:02.112+0000][20776][gc,age      ] GC(138) - age   8:        368 bytes,    2070296 total
[2024-05-31T22:53:02.112+0000][20776][gc,age      ] GC(138) - age   9:        552 bytes,    2070848 total
[2024-05-31T22:53:02.112+0000][20776][gc,age      ] GC(138) - age  10:        240 bytes,    2071088 total
[2024-05-31T22:53:02.112+0000][20776][gc,age      ] GC(138) - age  11:         80 bytes,    2071168 total
[2024-05-31T22:53:02.112+0000][20776][gc,age      ] GC(138) - age  12:        272 bytes,    2071440 total
[2024-05-31T22:53:02.112+0000][20776][gc,age      ] GC(138) - age  13:       2400 bytes,    2073840 total
[2024-05-31T22:53:02.112+0000][20776][gc,age      ] GC(138) - age  14:         48 bytes,    2073888 total
[2024-05-31T22:53:02.112+0000][20776][gc,age      ] GC(138) - age  15:       4656 bytes,    2078544 total
[2024-05-31T22:53:02.112+0000][20776][gc,heap     ] GC(138) Eden regions: 605->0(605)
[2024-05-31T22:53:02.112+0000][20776][gc,heap     ] GC(138) Survivor regions: 1->1(76)
[2024-05-31T22:53:02.112+0000][20776][gc,heap     ] GC(138) Old regions: 52->52
[2024-05-31T22:53:02.112+0000][20776][gc,heap     ] GC(138) Archive regions: 0->0
[2024-05-31T22:53:02.112+0000][20776][gc,heap     ] GC(138) Humongous regions: 2->2
[2024-05-31T22:53:02.112+0000][20776][gc,metaspace] GC(138) Metaspace: 134818K(138624K)->134818K(138624K) NonClass: 117003K(118976K)->117003K(118976K) Class: 17814K(19648K)->17814K(19648K)
[2024-05-31T22:53:02.112+0000][20776][gc          ] GC(138) Pause Young (Normal) (G1 Evacuation Pause) 2633M->214M(4040M) 10.846ms
[2024-05-31T22:53:02.112+0000][20776][gc,cpu      ] GC(138) User=0.02s Sys=0.00s Real=0.01s
[2024-05-31T22:53:02.112+0000][20776][safepoint   ] Safepoint "G1CollectForAllocation", Time since last: 586447748800 ns, Reaching safepoint: 115800 ns, At safepoint: 10976100 ns, Total: 11091900 ns
[2024-05-31T23:00:02.629+0000][20776][safepoint   ] Safepoint "Cleanup", Time since last: 420515662300 ns, Reaching safepoint: 348800 ns, At safepoint: 65900 ns, Total: 414700 ns
[2024-05-31T23:02:52.990+0000][20776][gc,start    ] GC(139) Pause Young (Normal) (G1 Evacuation Pause)
[2024-05-31T23:02:52.990+0000][20776][gc,task     ] GC(139) Using 8 workers of 8 for evacuation
[2024-05-31T23:02:52.990+0000][20776][gc,age      ] GC(139) Desired survivor size 159383552 bytes, new threshold 15 (max threshold 15)
[2024-05-31T23:02:53.000+0000][20776][gc,phases   ] GC(139)   Pre Evacuate Collection Set: 0.2ms
[2024-05-31T23:02:53.000+0000][20776][gc,phases   ] GC(139)   Merge Heap Roots: 0.2ms
[2024-05-31T23:02:53.000+0000][20776][gc,phases   ] GC(139)   Evacuate Collection Set: 3.5ms
[2024-05-31T23:02:53.000+0000][20776][gc,phases   ] GC(139)   Post Evacuate Collection Set: 5.0ms
[2024-05-31T23:02:53.000+0000][20776][gc,phases   ] GC(139)   Other: 0.3ms
[2024-05-31T23:02:53.000+0000][20776][gc,age      ] GC(139) Age table with threshold 15 (max threshold 15)
[2024-05-31T23:02:53.000+0000][20776][gc,age      ] GC(139) - age   1:     963064 bytes,     963064 total
[2024-05-31T23:02:53.000+0000][20776][gc,age      ] GC(139) - age   2:     219432 bytes,    1182496 total
[2024-05-31T23:02:53.000+0000][20776][gc,age      ] GC(139) - age   3:        696 bytes,    1183192 total
[2024-05-31T23:02:53.000+0000][20776][gc,age      ] GC(139) - age   4:        376 bytes,    1183568 total
[2024-05-31T23:02:53.000+0000][20776][gc,age      ] GC(139) - age   5:        320 bytes,    1183888 total
[2024-05-31T23:02:53.000+0000][20776][gc,age      ] GC(139) - age   6:        240 bytes,    1184128 total
[2024-05-31T23:02:53.000+0000][20776][gc,age      ] GC(139) - age   7:        376 bytes,    1184504 total
[2024-05-31T23:02:53.000+0000][20776][gc,age      ] GC(139) - age   8:     131192 bytes,    1315696 total
[2024-05-31T23:02:53.000+0000][20776][gc,age      ] GC(139) - age   9:        160 bytes,    1315856 total
[2024-05-31T23:02:53.000+0000][20776][gc,age      ] GC(139) - age  10:        552 bytes,    1316408 total
[2024-05-31T23:02:53.000+0000][20776][gc,age      ] GC(139) - age  11:        240 bytes,    1316648 total
[2024-05-31T23:02:53.000+0000][20776][gc,age      ] GC(139) - age  12:         80 bytes,    1316728 total
[2024-05-31T23:02:53.000+0000][20776][gc,age      ] GC(139) - age  13:        240 bytes,    1316968 total
[2024-05-31T23:02:53.000+0000][20776][gc,age      ] GC(139) - age  14:       2360 bytes,    1319328 total
[2024-05-31T23:02:53.000+0000][20776][gc,age      ] GC(139) - age  15:         48 bytes,    1319376 total
[2024-05-31T23:02:53.000+0000][20776][gc,heap     ] GC(139) Eden regions: 605->0(605)
[2024-05-31T23:02:53.000+0000][20776][gc,heap     ] GC(139) Survivor regions: 1->1(76)
[2024-05-31T23:02:53.000+0000][20776][gc,heap     ] GC(139) Old regions: 52->52
[2024-05-31T23:02:53.000+0000][20776][gc,heap     ] GC(139) Archive regions: 0->0
[2024-05-31T23:02:53.000+0000][20776][gc,heap     ] GC(139) Humongous regions: 2->2
[2024-05-31T23:02:53.000+0000][20776][gc,metaspace] GC(139) Metaspace: 134826K(138624K)->134826K(138624K) NonClass: 117011K(118976K)->117011K(118976K) Class: 17814K(19648K)->17814K(19648K)
[2024-05-31T23:02:53.000+0000][20776][gc          ] GC(139) Pause Young (Normal) (G1 Evacuation Pause) 2634M->214M(4040M) 10.127ms
[2024-05-31T23:02:53.000+0000][20776][gc,cpu      ] GC(139) User=0.00s Sys=0.08s Real=0.01s
[2024-05-31T23:02:53.000+0000][20776][safepoint   ] Safepoint "G1CollectForAllocation", Time since last: 170361352800 ns, Reaching safepoint: 151500 ns, At safepoint: 10286400 ns, Total: 10437900 ns
[2024-06-01T01:19:42.912+0000][20776][safepoint   ] Safepoint "Cleanup", Time since last: 8209839476600 ns, Reaching safepoint: 35237000 ns, At safepoint: 45549300 ns, Total: 80786300 ns
[2024-06-01T01:27:13.588+0000][20776][gc,start    ] GC(140) Pause Young (Normal) (G1 Evacuation Pause)
[2024-06-01T01:27:13.588+0000][20776][gc,task     ] GC(140) Using 8 workers of 8 for evacuation
[2024-06-01T01:27:13.588+0000][20776][gc,age      ] GC(140) Desired survivor size 159383552 bytes, new threshold 15 (max threshold 15)
[2024-06-01T01:27:13.595+0000][20776][gc,phases   ] GC(140)   Pre Evacuate Collection Set: 0.3ms
[2024-06-01T01:27:13.595+0000][20776][gc,phases   ] GC(140)   Merge Heap Roots: 0.3ms
[2024-06-01T01:27:13.595+0000][20776][gc,phases   ] GC(140)   Evacuate Collection Set: 4.4ms
[2024-06-01T01:27:13.595+0000][20776][gc,phases   ] GC(140)   Post Evacuate Collection Set: 2.1ms
[2024-06-01T01:27:13.595+0000][20776][gc,phases   ] GC(140)   Other: 0.3ms
[2024-06-01T01:27:13.595+0000][20776][gc,age      ] GC(140) Age table with threshold 15 (max threshold 15)
[2024-06-01T01:27:13.595+0000][20776][gc,age      ] GC(140) - age   1:    1922168 bytes,    1922168 total
[2024-06-01T01:27:13.595+0000][20776][gc,age      ] GC(140) - age   2:      75176 bytes,    1997344 total
[2024-06-01T01:27:13.595+0000][20776][gc,age      ] GC(140) - age   3:      75120 bytes,    2072464 total
[2024-06-01T01:27:13.595+0000][20776][gc,age      ] GC(140) - age   4:        576 bytes,    2073040 total
[2024-06-01T01:27:13.595+0000][20776][gc,age      ] GC(140) - age   5:        376 bytes,    2073416 total
[2024-06-01T01:27:13.595+0000][20776][gc,age      ] GC(140) - age   6:        320 bytes,    2073736 total
[2024-06-01T01:27:13.596+0000][20776][gc,age      ] GC(140) - age   7:        240 bytes,    2073976 total
[2024-06-01T01:27:13.596+0000][20776][gc,age      ] GC(140) - age   8:        264 bytes,    2074240 total
[2024-06-01T01:27:13.596+0000][20776][gc,age      ] GC(140) - age   9:     131192 bytes,    2205432 total
[2024-06-01T01:27:13.596+0000][20776][gc,age      ] GC(140) - age  10:         80 bytes,    2205512 total
[2024-06-01T01:27:13.596+0000][20776][gc,age      ] GC(140) - age  11:        552 bytes,    2206064 total
[2024-06-01T01:27:13.596+0000][20776][gc,age      ] GC(140) - age  12:        240 bytes,    2206304 total
[2024-06-01T01:27:13.596+0000][20776][gc,age      ] GC(140) - age  13:         80 bytes,    2206384 total
[2024-06-01T01:27:13.596+0000][20776][gc,age      ] GC(140) - age  14:        240 bytes,    2206624 total
[2024-06-01T01:27:13.596+0000][20776][gc,age      ] GC(140) - age  15:       2360 bytes,    2208984 total
[2024-06-01T01:27:13.596+0000][20776][gc,heap     ] GC(140) Eden regions: 605->0(605)
[2024-06-01T01:27:13.596+0000][20776][gc,heap     ] GC(140) Survivor regions: 1->1(76)
[2024-06-01T01:27:13.596+0000][20776][gc,heap     ] GC(140) Old regions: 52->52
[2024-06-01T01:27:13.596+0000][20776][gc,heap     ] GC(140) Archive regions: 0->0
[2024-06-01T01:27:13.596+0000][20776][gc,heap     ] GC(140) Humongous regions: 2->2
[2024-06-01T01:27:13.596+0000][20776][gc,metaspace] GC(140) Metaspace: 134828K(138624K)->134828K(138624K) NonClass: 117013K(118976K)->117013K(118976K) Class: 17814K(19648K)->17814K(19648K)
[2024-06-01T01:27:13.596+0000][20776][gc          ] GC(140) Pause Young (Normal) (G1 Evacuation Pause) 2634M->214M(4040M) 8.267ms
[2024-06-01T01:27:13.596+0000][20776][gc,cpu      ] GC(140) User=0.12s Sys=0.00s Real=0.01s
[2024-06-01T01:27:13.596+0000][20776][safepoint   ] Safepoint "G1CollectForAllocation", Time since last: 450676180400 ns, Reaching safepoint: 188100 ns, At safepoint: 8445100 ns, Total: 8633200 ns
[2024-06-01T10:44:07.166+0000][20776][safepoint   ] Safepoint "Cleanup", Time since last: 33419059669700 ns, Reaching safepoint: 204200 ns, At safepoint: 13900 ns, Total: 218100 ns
[2024-06-01T10:44:09.185+0000][20776][safepoint   ] Safepoint "Cleanup", Time since last: 2013588800 ns, Reaching safepoint: 141200 ns, At safepoint: 11800 ns, Total: 153000 ns
[2024-06-01T10:48:06.033+0000][20776][gc,start    ] GC(141) Pause Young (Normal) (G1 Evacuation Pause)
[2024-06-01T10:48:06.033+0000][20776][gc,task     ] GC(141) Using 8 workers of 8 for evacuation
[2024-06-01T10:48:06.033+0000][20776][gc,age      ] GC(141) Desired survivor size 159383552 bytes, new threshold 15 (max threshold 15)
[2024-06-01T10:48:06.149+0000][20776][gc,phases   ] GC(141)   Pre Evacuate Collection Set: 0.3ms
[2024-06-01T10:48:06.149+0000][20776][gc,phases   ] GC(141)   Merge Heap Roots: 0.4ms
[2024-06-01T10:48:06.149+0000][20776][gc,phases   ] GC(141)   Evacuate Collection Set: 84.5ms
[2024-06-01T10:48:06.149+0000][20776][gc,phases   ] GC(141)   Post Evacuate Collection Set: 5.3ms
[2024-06-01T10:48:06.149+0000][20776][gc,phases   ] GC(141)   Other: 24.8ms
[2024-06-01T10:48:06.149+0000][20776][gc,age      ] GC(141) Age table with threshold 15 (max threshold 15)
[2024-06-01T10:48:06.149+0000][20776][gc,age      ] GC(141) - age   1:    2300880 bytes,    2300880 total
[2024-06-01T10:48:06.149+0000][20776][gc,age      ] GC(141) - age   2:     132080 bytes,    2432960 total
[2024-06-01T10:48:06.149+0000][20776][gc,age      ] GC(141) - age   3:      24264 bytes,    2457224 total
[2024-06-01T10:48:06.149+0000][20776][gc,age      ] GC(141) - age   4:      74944 bytes,    2532168 total
[2024-06-01T10:48:06.149+0000][20776][gc,age      ] GC(141) - age   5:        520 bytes,    2532688 total
[2024-06-01T10:48:06.149+0000][20776][gc,age      ] GC(141) - age   6:        240 bytes,    2532928 total
[2024-06-01T10:48:06.149+0000][20776][gc,age      ] GC(141) - age   7:        184 bytes,    2533112 total
[2024-06-01T10:48:06.149+0000][20776][gc,age      ] GC(141) - age   8:        240 bytes,    2533352 total
[2024-06-01T10:48:06.149+0000][20776][gc,age      ] GC(141) - age   9:        160 bytes,    2533512 total
[2024-06-01T10:48:06.149+0000][20776][gc,age      ] GC(141) - age  10:     131192 bytes,    2664704 total
[2024-06-01T10:48:06.149+0000][20776][gc,age      ] GC(141) - age  11:         80 bytes,    2664784 total
[2024-06-01T10:48:06.149+0000][20776][gc,age      ] GC(141) - age  12:        472 bytes,    2665256 total
[2024-06-01T10:48:06.149+0000][20776][gc,age      ] GC(141) - age  13:        160 bytes,    2665416 total
[2024-06-01T10:48:06.149+0000][20776][gc,age      ] GC(141) - age  14:         80 bytes,    2665496 total
[2024-06-01T10:48:06.149+0000][20776][gc,age      ] GC(141) - age  15:        208 bytes,    2665704 total
[2024-06-01T10:48:06.149+0000][20776][gc,heap     ] GC(141) Eden regions: 605->0(605)
[2024-06-01T10:48:06.149+0000][20776][gc,heap     ] GC(141) Survivor regions: 1->1(76)
[2024-06-01T10:48:06.149+0000][20776][gc,heap     ] GC(141) Old regions: 52->52
[2024-06-01T10:48:06.149+0000][20776][gc,heap     ] GC(141) Archive regions: 0->0
[2024-06-01T10:48:06.149+0000][20776][gc,heap     ] GC(141) Humongous regions: 2->2
[2024-06-01T10:48:06.149+0000][20776][gc,metaspace] GC(141) Metaspace: 134833K(138624K)->134833K(138624K) NonClass: 117018K(118976K)->117018K(118976K) Class: 17814K(19648K)->17814K(19648K)
[2024-06-01T10:48:06.149+0000][20776][gc          ] GC(141) Pause Young (Normal) (G1 Evacuation Pause) 2634M->215M(4040M) 116.256ms
[2024-06-01T10:48:06.149+0000][20776][gc,cpu      ] GC(141) User=0.09s Sys=0.08s Real=0.12s
[2024-06-01T10:48:06.150+0000][20776][safepoint   ] Safepoint "G1CollectForAllocation", Time since last: 236848197100 ns, Reaching safepoint: 203400 ns, At safepoint: 116447100 ns, Total: 116650500 ns
[2024-06-01T10:56:59.616+0000][20776][safepoint   ] Safepoint "Cleanup", Time since last: 533465829700 ns, Reaching safepoint: 284700 ns, At safepoint: 83600 ns, Total: 368300 ns
[2024-06-01T10:58:50.552+0000][20776][gc,start    ] GC(142) Pause Young (Normal) (G1 Evacuation Pause)
[2024-06-01T10:58:50.552+0000][20776][gc,task     ] GC(142) Using 8 workers of 8 for evacuation
[2024-06-01T10:58:50.552+0000][20776][gc,age      ] GC(142) Desired survivor size 159383552 bytes, new threshold 15 (max threshold 15)
[2024-06-01T10:58:50.575+0000][20776][gc,phases   ] GC(142)   Pre Evacuate Collection Set: 0.3ms
[2024-06-01T10:58:50.575+0000][20776][gc,phases   ] GC(142)   Merge Heap Roots: 0.3ms
[2024-06-01T10:58:50.575+0000][20776][gc,phases   ] GC(142)   Evacuate Collection Set: 16.1ms
[2024-06-01T10:58:50.575+0000][20776][gc,phases   ] GC(142)   Post Evacuate Collection Set: 4.7ms
[2024-06-01T10:58:50.575+0000][20776][gc,phases   ] GC(142)   Other: 1.0ms
[2024-06-01T10:58:50.575+0000][20776][gc,age      ] GC(142) Age table with threshold 15 (max threshold 15)
[2024-06-01T10:58:50.575+0000][20776][gc,age      ] GC(142) - age   1:    2354848 bytes,    2354848 total
[2024-06-01T10:58:50.575+0000][20776][gc,age      ] GC(142) - age   2:     703736 bytes,    3058584 total
[2024-06-01T10:58:50.575+0000][20776][gc,age      ] GC(142) - age   3:     130776 bytes,    3189360 total
[2024-06-01T10:58:50.575+0000][20776][gc,age      ] GC(142) - age   4:      24264 bytes,    3213624 total
[2024-06-01T10:58:50.575+0000][20776][gc,age      ] GC(142) - age   5:      74944 bytes,    3288568 total
[2024-06-01T10:58:50.575+0000][20776][gc,age      ] GC(142) - age   6:        440 bytes,    3289008 total
[2024-06-01T10:58:50.575+0000][20776][gc,age      ] GC(142) - age   7:        240 bytes,    3289248 total
[2024-06-01T10:58:50.575+0000][20776][gc,age      ] GC(142) - age   8:        184 bytes,    3289432 total
[2024-06-01T10:58:50.575+0000][20776][gc,age      ] GC(142) - age   9:        160 bytes,    3289592 total
[2024-06-01T10:58:50.575+0000][20776][gc,age      ] GC(142) - age  10:         80 bytes,    3289672 total
[2024-06-01T10:58:50.575+0000][20776][gc,age      ] GC(142) - age  11:     131192 bytes,    3420864 total
[2024-06-01T10:58:50.575+0000][20776][gc,age      ] GC(142) - age  12:         80 bytes,    3420944 total
[2024-06-01T10:58:50.575+0000][20776][gc,age      ] GC(142) - age  13:        472 bytes,    3421416 total
[2024-06-01T10:58:50.575+0000][20776][gc,age      ] GC(142) - age  14:        160 bytes,    3421576 total
[2024-06-01T10:58:50.575+0000][20776][gc,age      ] GC(142) - age  15:         80 bytes,    3421656 total
[2024-06-01T10:58:50.575+0000][20776][gc,heap     ] GC(142) Eden regions: 605->0(605)
[2024-06-01T10:58:50.575+0000][20776][gc,heap     ] GC(142) Survivor regions: 1->1(76)
[2024-06-01T10:58:50.575+0000][20776][gc,heap     ] GC(142) Old regions: 52->52
[2024-06-01T10:58:50.575+0000][20776][gc,heap     ] GC(142) Archive regions: 0->0
[2024-06-01T10:58:50.575+0000][20776][gc,heap     ] GC(142) Humongous regions: 2->2
[2024-06-01T10:58:50.575+0000][20776][gc,metaspace] GC(142) Metaspace: 134833K(138624K)->134833K(138624K) NonClass: 117018K(118976K)->117018K(118976K) Class: 17814K(19648K)->17814K(19648K)
[2024-06-01T10:58:50.575+0000][20776][gc          ] GC(142) Pause Young (Normal) (G1 Evacuation Pause) 2635M->216M(4040M) 23.696ms
[2024-06-01T10:58:50.575+0000][20776][gc,cpu      ] GC(142) User=0.08s Sys=0.05s Real=0.02s
[2024-06-01T10:58:50.575+0000][20776][safepoint   ] Safepoint "G1CollectForAllocation", Time since last: 110936152300 ns, Reaching safepoint: 149200 ns, At safepoint: 23952400 ns, Total: 24101600 ns
[2024-06-01T11:01:36.032+0000][20776][safepoint   ] Safepoint "Cleanup", Time since last: 165456025700 ns, Reaching safepoint: 119600 ns, At safepoint: 20300 ns, Total: 139900 ns
[2024-06-01T11:17:31.912+0000][20776][gc,start    ] GC(143) Pause Young (Normal) (G1 Evacuation Pause)
[2024-06-01T11:17:31.912+0000][20776][gc,task     ] GC(143) Using 8 workers of 8 for evacuation
[2024-06-01T11:17:31.912+0000][20776][gc,age      ] GC(143) Desired survivor size 159383552 bytes, new threshold 15 (max threshold 15)
[2024-06-01T11:17:31.912+0000][20776][gc,phases   ] GC(143)   Pre Evacuate Collection Set: 0.1ms
[2024-06-01T11:17:31.912+0000][20776][gc,phases   ] GC(143)   Merge Heap Roots: 0.6ms
[2024-06-01T11:17:31.912+0000][20776][gc,phases   ] GC(143)   Evacuate Collection Set: 2.9ms
[2024-06-01T11:17:31.912+0000][20776][gc,phases   ] GC(143)   Post Evacuate Collection Set: 1.7ms
[2024-06-01T11:17:31.912+0000][20776][gc,phases   ] GC(143)   Other: 0.1ms
[2024-06-01T11:17:31.912+0000][20776][gc,age      ] GC(143) Age table with threshold 15 (max threshold 15)
[2024-06-01T11:17:31.912+0000][20776][gc,age      ] GC(143) - age   1:     753600 bytes,     753600 total
[2024-06-01T11:17:31.912+0000][20776][gc,age      ] GC(143) - age   2:      30848 bytes,     784448 total
[2024-06-01T11:17:31.912+0000][20776][gc,age      ] GC(143) - age   3:     579232 bytes,    1363680 total
[2024-06-01T11:17:31.912+0000][20776][gc,age      ] GC(143) - age   4:     130672 bytes,    1494352 total
[2024-06-01T11:17:31.912+0000][20776][gc,age      ] GC(143) - age   5:      24264 bytes,    1518616 total
[2024-06-01T11:17:31.912+0000][20776][gc,age      ] GC(143) - age   6:      74864 bytes,    1593480 total
[2024-06-01T11:17:31.912+0000][20776][gc,age      ] GC(143) - age   7:        440 bytes,    1593920 total
[2024-06-01T11:17:31.912+0000][20776][gc,age      ] GC(143) - age   8:        240 bytes,    1594160 total
[2024-06-01T11:17:31.912+0000][20776][gc,age      ] GC(143) - age   9:        104 bytes,    1594264 total
[2024-06-01T11:17:31.912+0000][20776][gc,age      ] GC(143) - age  10:        160 bytes,    1594424 total
[2024-06-01T11:17:31.912+0000][20776][gc,age      ] GC(143) - age  11:         80 bytes,    1594504 total
[2024-06-01T11:17:31.912+0000][20776][gc,age      ] GC(143) - age  12:     131112 bytes,    1725616 total
[2024-06-01T11:17:31.912+0000][20776][gc,age      ] GC(143) - age  13:         80 bytes,    1725696 total
[2024-06-01T11:17:31.912+0000][20776][gc,age      ] GC(143) - age  14:        392 bytes,    1726088 total
[2024-06-01T11:17:31.912+0000][20776][gc,age      ] GC(143) - age  15:        160 bytes,    1726248 total
[2024-06-01T11:17:31.912+0000][20776][gc,heap     ] GC(143) Eden regions: 605->0(605)
[2024-06-01T11:17:31.912+0000][20776][gc,heap     ] GC(143) Survivor regions: 1->1(76)
[2024-06-01T11:17:31.912+0000][20776][gc,heap     ] GC(143) Old regions: 52->52
[2024-06-01T11:17:31.912+0000][20776][gc,heap     ] GC(143) Archive regions: 0->0
[2024-06-01T11:17:31.912+0000][20776][gc,heap     ] GC(143) Humongous regions: 2->2
[2024-06-01T11:17:31.912+0000][20776][gc,metaspace] GC(143) Metaspace: 134847K(138624K)->134847K(138624K) NonClass: 117032K(118976K)->117032K(118976K) Class: 17814K(19648K)->17814K(19648K)
[2024-06-01T11:17:31.912+0000][20776][gc          ] GC(143) Pause Young (Normal) (G1 Evacuation Pause) 2636M->214M(4040M) 5.860ms
[2024-06-01T11:17:31.912+0000][20776][gc,cpu      ] GC(143) User=0.00s Sys=0.00s Real=0.00s
[2024-06-01T11:17:31.912+0000][20776][safepoint   ] Safepoint "G1CollectForAllocation", Time since last: 955889947700 ns, Reaching safepoint: 211100 ns, At safepoint: 6004300 ns, Total: 6215400 ns
[2024-06-01T11:31:40.076+0000][20776][gc,start    ] GC(144) Pause Young (Normal) (G1 Evacuation Pause)
[2024-06-01T11:31:40.076+0000][20776][gc,task     ] GC(144) Using 8 workers of 8 for evacuation
[2024-06-01T11:31:40.076+0000][20776][gc,age      ] GC(144) Desired survivor size 159383552 bytes, new threshold 15 (max threshold 15)
[2024-06-01T11:31:40.089+0000][20776][gc,phases   ] GC(144)   Pre Evacuate Collection Set: 2.3ms
[2024-06-01T11:31:40.089+0000][20776][gc,phases   ] GC(144)   Merge Heap Roots: 0.2ms
[2024-06-01T11:31:40.089+0000][20776][gc,phases   ] GC(144)   Evacuate Collection Set: 4.8ms
[2024-06-01T11:31:40.089+0000][20776][gc,phases   ] GC(144)   Post Evacuate Collection Set: 5.0ms
[2024-06-01T11:31:40.089+0000][20776][gc,phases   ] GC(144)   Other: 0.2ms
[2024-06-01T11:31:40.089+0000][20776][gc,age      ] GC(144) Age table with threshold 15 (max threshold 15)
[2024-06-01T11:31:40.089+0000][20776][gc,age      ] GC(144) - age   1:    1533672 bytes,    1533672 total
[2024-06-01T11:31:40.089+0000][20776][gc,age      ] GC(144) - age   2:     239960 bytes,    1773632 total
[2024-06-01T11:31:40.089+0000][20776][gc,age      ] GC(144) - age   3:        440 bytes,    1774072 total
[2024-06-01T11:31:40.089+0000][20776][gc,age      ] GC(144) - age   4:     577616 bytes,    2351688 total
[2024-06-01T11:31:40.089+0000][20776][gc,age      ] GC(144) - age   5:     130632 bytes,    2482320 total
[2024-06-01T11:31:40.089+0000][20776][gc,age      ] GC(144) - age   6:      24144 bytes,    2506464 total
[2024-06-01T11:31:40.089+0000][20776][gc,age      ] GC(144) - age   7:      74824 bytes,    2581288 total
[2024-06-01T11:31:40.089+0000][20776][gc,age      ] GC(144) - age   8:        440 bytes,    2581728 total
[2024-06-01T11:31:40.089+0000][20776][gc,age      ] GC(144) - age   9:        160 bytes,    2581888 total
[2024-06-01T11:31:40.090+0000][20776][gc,age      ] GC(144) - age  10:        104 bytes,    2581992 total
[2024-06-01T11:31:40.090+0000][20776][gc,age      ] GC(144) - age  11:        160 bytes,    2582152 total
[2024-06-01T11:31:40.090+0000][20776][gc,age      ] GC(144) - age  12:         80 bytes,    2582232 total
[2024-06-01T11:31:40.090+0000][20776][gc,age      ] GC(144) - age  13:     131112 bytes,    2713344 total
[2024-06-01T11:31:40.090+0000][20776][gc,age      ] GC(144) - age  14:         80 bytes,    2713424 total
[2024-06-01T11:31:40.090+0000][20776][gc,age      ] GC(144) - age  15:        392 bytes,    2713816 total
[2024-06-01T11:31:40.090+0000][20776][gc,heap     ] GC(144) Eden regions: 605->0(605)
[2024-06-01T11:31:40.090+0000][20776][gc,heap     ] GC(144) Survivor regions: 1->1(76)
[2024-06-01T11:31:40.090+0000][20776][gc,heap     ] GC(144) Old regions: 52->52
[2024-06-01T11:31:40.090+0000][20776][gc,heap     ] GC(144) Archive regions: 0->0
[2024-06-01T11:31:40.090+0000][20776][gc,heap     ] GC(144) Humongous regions: 2->2
[2024-06-01T11:31:40.090+0000][20776][gc,metaspace] GC(144) Metaspace: 134847K(138624K)->134847K(138624K) NonClass: 117032K(118976K)->117032K(118976K) Class: 17814K(19648K)->17814K(19648K)
[2024-06-01T11:31:40.090+0000][20776][gc          ] GC(144) Pause Young (Normal) (G1 Evacuation Pause) 2634M->215M(4040M) 13.331ms
[2024-06-01T11:31:40.090+0000][20776][gc,cpu      ] GC(144) User=0.00s Sys=0.00s Real=0.01s
[2024-06-01T11:31:40.090+0000][20776][safepoint   ] Safepoint "G1CollectForAllocation", Time since last: 848156691300 ns, Reaching safepoint: 256400 ns, At safepoint: 13469200 ns, Total: 13725600 ns
[2024-06-01T11:45:03.920+0000][20776][gc,start    ] GC(145) Pause Young (Normal) (G1 Evacuation Pause)
[2024-06-01T11:45:03.920+0000][20776][gc,task     ] GC(145) Using 8 workers of 8 for evacuation
[2024-06-01T11:45:03.920+0000][20776][gc,age      ] GC(145) Desired survivor size 159383552 bytes, new threshold 15 (max threshold 15)
[2024-06-01T11:45:03.931+0000][20776][gc,phases   ] GC(145)   Pre Evacuate Collection Set: 0.5ms
[2024-06-01T11:45:03.931+0000][20776][gc,phases   ] GC(145)   Merge Heap Roots: 1.4ms
[2024-06-01T11:45:03.931+0000][20776][gc,phases   ] GC(145)   Evacuate Collection Set: 6.3ms
[2024-06-01T11:45:03.931+0000][20776][gc,phases   ] GC(145)   Post Evacuate Collection Set: 1.4ms
[2024-06-01T11:45:03.931+0000][20776][gc,phases   ] GC(145)   Other: 1.0ms
[2024-06-01T11:45:03.931+0000][20776][gc,age      ] GC(145) Age table with threshold 15 (max threshold 15)
[2024-06-01T11:45:03.931+0000][20776][gc,age      ] GC(145) - age   1:    1046864 bytes,    1046864 total
[2024-06-01T11:45:03.931+0000][20776][gc,age      ] GC(145) - age   2:      35080 bytes,    1081944 total
[2024-06-01T11:45:03.931+0000][20776][gc,age      ] GC(145) - age   3:     238160 bytes,    1320104 total
[2024-06-01T11:45:03.931+0000][20776][gc,age      ] GC(145) - age   4:        440 bytes,    1320544 total
[2024-06-01T11:45:03.931+0000][20776][gc,age      ] GC(145) - age   5:     371392 bytes,    1691936 total
[2024-06-01T11:45:03.931+0000][20776][gc,age      ] GC(145) - age   6:     130552 bytes,    1822488 total
[2024-06-01T11:45:03.931+0000][20776][gc,age      ] GC(145) - age   7:      24144 bytes,    1846632 total
[2024-06-01T11:45:03.931+0000][20776][gc,age      ] GC(145) - age   8:      74744 bytes,    1921376 total
[2024-06-01T11:45:03.931+0000][20776][gc,age      ] GC(145) - age   9:        440 bytes,    1921816 total
[2024-06-01T11:45:03.931+0000][20776][gc,age      ] GC(145) - age  10:        160 bytes,    1921976 total
[2024-06-01T11:45:03.931+0000][20776][gc,age      ] GC(145) - age  11:        104 bytes,    1922080 total
[2024-06-01T11:45:03.931+0000][20776][gc,age      ] GC(145) - age  12:         80 bytes,    1922160 total
[2024-06-01T11:45:03.931+0000][20776][gc,age      ] GC(145) - age  13:         80 bytes,    1922240 total
[2024-06-01T11:45:03.931+0000][20776][gc,age      ] GC(145) - age  14:     131112 bytes,    2053352 total
[2024-06-01T11:45:03.931+0000][20776][gc,age      ] GC(145) - age  15:         80 bytes,    2053432 total
[2024-06-01T11:45:03.931+0000][20776][gc,heap     ] GC(145) Eden regions: 605->0(605)
[2024-06-01T11:45:03.931+0000][20776][gc,heap     ] GC(145) Survivor regions: 1->1(76)
[2024-06-01T11:45:03.931+0000][20776][gc,heap     ] GC(145) Old regions: 52->52
[2024-06-01T11:45:03.931+0000][20776][gc,heap     ] GC(145) Archive regions: 0->0
[2024-06-01T11:45:03.931+0000][20776][gc,heap     ] GC(145) Humongous regions: 2->2
[2024-06-01T11:45:03.931+0000][20776][gc,metaspace] GC(145) Metaspace: 134850K(138624K)->134850K(138624K) NonClass: 117035K(118976K)->117035K(118976K) Class: 17814K(19648K)->17814K(19648K)
[2024-06-01T11:45:03.931+0000][20776][gc          ] GC(145) Pause Young (Normal) (G1 Evacuation Pause) 2635M->214M(4040M) 11.067ms
[2024-06-01T11:45:03.931+0000][20776][gc,cpu      ] GC(145) User=0.00s Sys=0.00s Real=0.01s
[2024-06-01T11:45:03.931+0000][20776][safepoint   ] Safepoint "G1CollectForAllocation", Time since last: 803817828200 ns, Reaching safepoint: 12172400 ns, At safepoint: 11296200 ns, Total: 23468600 ns
[2024-06-01T11:55:50.681+0000][20776][gc,start    ] GC(146) Pause Young (Normal) (G1 Evacuation Pause)
[2024-06-01T11:55:50.687+0000][20776][gc,task     ] GC(146) Using 8 workers of 8 for evacuation
[2024-06-01T11:55:50.687+0000][20776][gc,age      ] GC(146) Desired survivor size 159383552 bytes, new threshold 15 (max threshold 15)
[2024-06-01T11:55:50.697+0000][20776][gc,phases   ] GC(146)   Pre Evacuate Collection Set: 0.2ms
[2024-06-01T11:55:50.697+0000][20776][gc,phases   ] GC(146)   Merge Heap Roots: 0.1ms
[2024-06-01T11:55:50.697+0000][20776][gc,phases   ] GC(146)   Evacuate Collection Set: 6.3ms
[2024-06-01T11:55:50.697+0000][20776][gc,phases   ] GC(146)   Post Evacuate Collection Set: 2.0ms
[2024-06-01T11:55:50.697+0000][20776][gc,phases   ] GC(146)   Other: 0.2ms
[2024-06-01T11:55:50.697+0000][20776][gc,age      ] GC(146) Age table with threshold 15 (max threshold 15)
[2024-06-01T11:55:50.697+0000][20776][gc,age      ] GC(146) - age   1:     940608 bytes,     940608 total
[2024-06-01T11:55:50.697+0000][20776][gc,age      ] GC(146) - age   2:     218736 bytes,    1159344 total
[2024-06-01T11:55:50.697+0000][20776][gc,age      ] GC(146) - age   3:       1048 bytes,    1160392 total
[2024-06-01T11:55:50.697+0000][20776][gc,age      ] GC(146) - age   4:     238008 bytes,    1398400 total
[2024-06-01T11:55:50.697+0000][20776][gc,age      ] GC(146) - age   5:        360 bytes,    1398760 total
[2024-06-01T11:55:50.697+0000][20776][gc,age      ] GC(146) - age   6:     370064 bytes,    1768824 total
[2024-06-01T11:55:50.697+0000][20776][gc,age      ] GC(146) - age   7:     130552 bytes,    1899376 total
[2024-06-01T11:55:50.697+0000][20776][gc,age      ] GC(146) - age   8:      24144 bytes,    1923520 total
[2024-06-01T11:55:50.697+0000][20776][gc,age      ] GC(146) - age   9:      74744 bytes,    1998264 total
[2024-06-01T11:55:50.697+0000][20776][gc,age      ] GC(146) - age  10:        440 bytes,    1998704 total
[2024-06-01T11:55:50.697+0000][20776][gc,age      ] GC(146) - age  11:        160 bytes,    1998864 total
[2024-06-01T11:55:50.697+0000][20776][gc,age      ] GC(146) - age  12:        104 bytes,    1998968 total
[2024-06-01T11:55:50.697+0000][20776][gc,age      ] GC(146) - age  13:         80 bytes,    1999048 total
[2024-06-01T11:55:50.697+0000][20776][gc,age      ] GC(146) - age  14:         80 bytes,    1999128 total
[2024-06-01T11:55:50.697+0000][20776][gc,age      ] GC(146) - age  15:     131112 bytes,    2130240 total
[2024-06-01T11:55:50.697+0000][20776][gc,heap     ] GC(146) Eden regions: 605->0(605)
[2024-06-01T11:55:50.697+0000][20776][gc,heap     ] GC(146) Survivor regions: 1->1(76)
[2024-06-01T11:55:50.697+0000][20776][gc,heap     ] GC(146) Old regions: 52->52
[2024-06-01T11:55:50.697+0000][20776][gc,heap     ] GC(146) Archive regions: 0->0
[2024-06-01T11:55:50.697+0000][20776][gc,heap     ] GC(146) Humongous regions: 2->2
[2024-06-01T11:55:50.697+0000][20776][gc,metaspace] GC(146) Metaspace: 134850K(138624K)->134850K(138624K) NonClass: 117035K(118976K)->117035K(118976K) Class: 17814K(19648K)->17814K(19648K)
[2024-06-01T11:55:50.697+0000][20776][gc          ] GC(146) Pause Young (Normal) (G1 Evacuation Pause) 2634M->214M(4040M) 11.553ms
[2024-06-01T11:55:50.697+0000][20776][gc,cpu      ] GC(146) User=0.02s Sys=0.00s Real=0.02s
[2024-06-01T11:55:50.697+0000][20776][safepoint   ] Safepoint "G1CollectForAllocation", Time since last: 646754244700 ns, Reaching safepoint: 148400 ns, At safepoint: 12016500 ns, Total: 12164900 ns
[2024-06-01T12:06:33.096+0000][20776][gc,start    ] GC(147) Pause Young (Normal) (G1 Evacuation Pause)
[2024-06-01T12:06:33.096+0000][20776][gc,task     ] GC(147) Using 8 workers of 8 for evacuation
[2024-06-01T12:06:33.096+0000][20776][gc,age      ] GC(147) Desired survivor size 159383552 bytes, new threshold 15 (max threshold 15)
[2024-06-01T12:06:33.118+0000][20776][gc,phases   ] GC(147)   Pre Evacuate Collection Set: 0.3ms
[2024-06-01T12:06:33.118+0000][20776][gc,phases   ] GC(147)   Merge Heap Roots: 0.3ms
[2024-06-01T12:06:33.118+0000][20776][gc,phases   ] GC(147)   Evacuate Collection Set: 16.7ms
[2024-06-01T12:06:33.118+0000][20776][gc,phases   ] GC(147)   Post Evacuate Collection Set: 4.4ms
[2024-06-01T12:06:33.118+0000][20776][gc,phases   ] GC(147)   Other: 0.2ms
[2024-06-01T12:06:33.118+0000][20776][gc,age      ] GC(147) Age table with threshold 15 (max threshold 15)
[2024-06-01T12:06:33.118+0000][20776][gc,age      ] GC(147) - age   1:    1466560 bytes,    1466560 total
[2024-06-01T12:06:33.118+0000][20776][gc,age      ] GC(147) - age   2:     281896 bytes,    1748456 total
[2024-06-01T12:06:33.118+0000][20776][gc,age      ] GC(147) - age   3:     216944 bytes,    1965400 total
[2024-06-01T12:06:33.118+0000][20776][gc,age      ] GC(147) - age   4:       1008 bytes,    1966408 total
[2024-06-01T12:06:33.118+0000][20776][gc,age      ] GC(147) - age   5:     237848 bytes,    2204256 total
[2024-06-01T12:06:33.118+0000][20776][gc,age      ] GC(147) - age   6:        168 bytes,    2204424 total
[2024-06-01T12:06:33.118+0000][20776][gc,age      ] GC(147) - age   7:     369912 bytes,    2574336 total
[2024-06-01T12:06:33.118+0000][20776][gc,age      ] GC(147) - age   8:     130552 bytes,    2704888 total
[2024-06-01T12:06:33.118+0000][20776][gc,age      ] GC(147) - age   9:      24144 bytes,    2729032 total
[2024-06-01T12:06:33.118+0000][20776][gc,age      ] GC(147) - age  10:      74744 bytes,    2803776 total
[2024-06-01T12:06:33.118+0000][20776][gc,age      ] GC(147) - age  11:        440 bytes,    2804216 total
[2024-06-01T12:06:33.118+0000][20776][gc,age      ] GC(147) - age  12:        160 bytes,    2804376 total
[2024-06-01T12:06:33.118+0000][20776][gc,age      ] GC(147) - age  13:        104 bytes,    2804480 total
[2024-06-01T12:06:33.118+0000][20776][gc,age      ] GC(147) - age  14:         80 bytes,    2804560 total
[2024-06-01T12:06:33.118+0000][20776][gc,age      ] GC(147) - age  15:         80 bytes,    2804640 total
[2024-06-01T12:06:33.118+0000][20776][gc,heap     ] GC(147) Eden regions: 605->0(605)
[2024-06-01T12:06:33.118+0000][20776][gc,heap     ] GC(147) Survivor regions: 1->1(76)
[2024-06-01T12:06:33.118+0000][20776][gc,heap     ] GC(147) Old regions: 52->52
[2024-06-01T12:06:33.118+0000][20776][gc,heap     ] GC(147) Archive regions: 0->0
[2024-06-01T12:06:33.118+0000][20776][gc,heap     ] GC(147) Humongous regions: 2->2
[2024-06-01T12:06:33.118+0000][20776][gc,metaspace] GC(147) Metaspace: 134858K(138624K)->134858K(138624K) NonClass: 117043K(118976K)->117043K(118976K) Class: 17814K(19648K)->17814K(19648K)
[2024-06-01T12:06:33.118+0000][20776][gc          ] GC(147) Pause Young (Normal) (G1 Evacuation Pause) 2634M->215M(4040M) 22.669ms
[2024-06-01T12:06:33.118+0000][20776][gc,cpu      ] GC(147) User=0.03s Sys=0.00s Real=0.02s
[2024-06-01T12:06:33.119+0000][20776][safepoint   ] Safepoint "G1CollectForAllocation", Time since last: 642398038100 ns, Reaching safepoint: 284500 ns, At safepoint: 22912200 ns, Total: 23196700 ns
[2024-06-01T13:06:27.704+0000][20776][safepoint   ] Safepoint "Cleanup", Time since last: 3594520927800 ns, Reaching safepoint: 68821000 ns, At safepoint: 4281000 ns, Total: 73102000 ns
[2024-06-01T13:06:31.732+0000][20776][safepoint   ] Safepoint "Cleanup", Time since last: 4027821000 ns, Reaching safepoint: 98800 ns, At safepoint: 9800 ns, Total: 108600 ns
[2024-06-01T13:06:35.773+0000][20776][safepoint   ] Safepoint "Cleanup", Time since last: 4041463400 ns, Reaching safepoint: 152900 ns, At safepoint: 8600 ns, Total: 161500 ns
[2024-06-01T13:06:53.933+0000][20776][safepoint   ] Safepoint "Cleanup", Time since last: 18159343900 ns, Reaching safepoint: 160300 ns, At safepoint: 46700 ns, Total: 207000 ns
[2024-06-01T13:07:24.247+0000][20776][safepoint   ] Safepoint "Cleanup", Time since last: 30281336800 ns, Reaching safepoint: 32107800 ns, At safepoint: 65300 ns, Total: 32173100 ns
[2024-06-01T13:10:24.114+0000][20776][gc,start    ] GC(148) Pause Young (Normal) (G1 Evacuation Pause)
[2024-06-01T13:10:24.114+0000][20776][gc,task     ] GC(148) Using 8 workers of 8 for evacuation
[2024-06-01T13:10:24.114+0000][20776][gc,age      ] GC(148) Desired survivor size 159383552 bytes, new threshold 15 (max threshold 15)
[2024-06-01T13:10:24.128+0000][20776][gc,phases   ] GC(148)   Pre Evacuate Collection Set: 0.3ms
[2024-06-01T13:10:24.128+0000][20776][gc,phases   ] GC(148)   Merge Heap Roots: 1.0ms
[2024-06-01T13:10:24.128+0000][20776][gc,phases   ] GC(148)   Evacuate Collection Set: 10.0ms
[2024-06-01T13:10:24.128+0000][20776][gc,phases   ] GC(148)   Post Evacuate Collection Set: 1.8ms
[2024-06-01T13:10:24.128+0000][20776][gc,phases   ] GC(148)   Other: 0.3ms
[2024-06-01T13:10:24.128+0000][20776][gc,age      ] GC(148) Age table with threshold 15 (max threshold 15)
[2024-06-01T13:10:24.128+0000][20776][gc,age      ] GC(148) - age   1:    1998320 bytes,    1998320 total
[2024-06-01T13:10:24.128+0000][20776][gc,age      ] GC(148) - age   2:       3112 bytes,    2001432 total
[2024-06-01T13:10:24.128+0000][20776][gc,age      ] GC(148) - age   3:      33512 bytes,    2034944 total
[2024-06-01T13:10:24.128+0000][20776][gc,age      ] GC(148) - age   4:       2128 bytes,    2037072 total
[2024-06-01T13:10:24.128+0000][20776][gc,age      ] GC(148) - age   5:        704 bytes,    2037776 total
[2024-06-01T13:10:24.128+0000][20776][gc,age      ] GC(148) - age   6:      22168 bytes,    2059944 total
[2024-06-01T13:10:24.128+0000][20776][gc,age      ] GC(148) - age   7:        168 bytes,    2060112 total
[2024-06-01T13:10:24.128+0000][20776][gc,age      ] GC(148) - age   8:     369440 bytes,    2429552 total
[2024-06-01T13:10:24.128+0000][20776][gc,age      ] GC(148) - age   9:     130552 bytes,    2560104 total
[2024-06-01T13:10:24.128+0000][20776][gc,age      ] GC(148) - age  10:      23936 bytes,    2584040 total
[2024-06-01T13:10:24.128+0000][20776][gc,age      ] GC(148) - age  11:      74744 bytes,    2658784 total
[2024-06-01T13:10:24.128+0000][20776][gc,age      ] GC(148) - age  12:        360 bytes,    2659144 total
[2024-06-01T13:10:24.128+0000][20776][gc,age      ] GC(148) - age  13:        160 bytes,    2659304 total
[2024-06-01T13:10:24.128+0000][20776][gc,age      ] GC(148) - age  14:        104 bytes,    2659408 total
[2024-06-01T13:10:24.128+0000][20776][gc,age      ] GC(148) - age  15:         80 bytes,    2659488 total
[2024-06-01T13:10:24.128+0000][20776][gc,heap     ] GC(148) Eden regions: 605->0(605)
[2024-06-01T13:10:24.128+0000][20776][gc,heap     ] GC(148) Survivor regions: 1->1(76)
[2024-06-01T13:10:24.128+0000][20776][gc,heap     ] GC(148) Old regions: 52->52
[2024-06-01T13:10:24.128+0000][20776][gc,heap     ] GC(148) Archive regions: 0->0
[2024-06-01T13:10:24.128+0000][20776][gc,heap     ] GC(148) Humongous regions: 2->2
[2024-06-01T13:10:24.128+0000][20776][gc,metaspace] GC(148) Metaspace: 134863K(138624K)->134863K(138624K) NonClass: 117048K(118976K)->117048K(118976K) Class: 17814K(19648K)->17814K(19648K)
[2024-06-01T13:10:24.129+0000][20776][gc          ] GC(148) Pause Young (Normal) (G1 Evacuation Pause) 2635M->215M(4040M) 14.138ms
[2024-06-01T13:10:24.129+0000][20776][gc,cpu      ] GC(148) User=0.02s Sys=0.00s Real=0.01s
[2024-06-01T13:10:24.129+0000][20776][safepoint   ] Safepoint "G1CollectForAllocation", Time since last: 179867237600 ns, Reaching safepoint: 123100 ns, At safepoint: 15033800 ns, Total: 15156900 ns
[2024-06-01T13:16:09.044+0000][20776][safepoint   ] Safepoint "Cleanup", Time since last: 344915124500 ns, Reaching safepoint: 130700 ns, At safepoint: 46300 ns, Total: 177000 ns
[2024-06-01T13:16:22.136+0000][20776][safepoint   ] Safepoint "Cleanup", Time since last: 13091552100 ns, Reaching safepoint: 98300 ns, At safepoint: 13900 ns, Total: 112200 ns
[2024-06-01T13:20:55.875+0000][20776][gc,start    ] GC(149) Pause Young (Normal) (G1 Evacuation Pause)
[2024-06-01T13:20:55.875+0000][20776][gc,task     ] GC(149) Using 8 workers of 8 for evacuation
[2024-06-01T13:20:55.875+0000][20776][gc,age      ] GC(149) Desired survivor size 159383552 bytes, new threshold 15 (max threshold 15)
[2024-06-01T13:20:55.894+0000][20776][gc,phases   ] GC(149)   Pre Evacuate Collection Set: 1.4ms
[2024-06-01T13:20:55.894+0000][20776][gc,phases   ] GC(149)   Merge Heap Roots: 0.5ms
[2024-06-01T13:20:55.894+0000][20776][gc,phases   ] GC(149)   Evacuate Collection Set: 12.8ms
[2024-06-01T13:20:55.894+0000][20776][gc,phases   ] GC(149)   Post Evacuate Collection Set: 3.8ms
[2024-06-01T13:20:55.894+0000][20776][gc,phases   ] GC(149)   Other: 1.2ms
[2024-06-01T13:20:55.894+0000][20776][gc,age      ] GC(149) Age table with threshold 15 (max threshold 15)
[2024-06-01T13:20:55.894+0000][20776][gc,age      ] GC(149) - age   1:    2164880 bytes,    2164880 total
[2024-06-01T13:20:55.894+0000][20776][gc,age      ] GC(149) - age   2:     173640 bytes,    2338520 total
[2024-06-01T13:20:55.894+0000][20776][gc,age      ] GC(149) - age   3:        952 bytes,    2339472 total
[2024-06-01T13:20:55.894+0000][20776][gc,age      ] GC(149) - age   4:        544 bytes,    2340016 total
[2024-06-01T13:20:55.894+0000][20776][gc,age      ] GC(149) - age   5:        800 bytes,    2340816 total
[2024-06-01T13:20:55.894+0000][20776][gc,age      ] GC(149) - age   6:        320 bytes,    2341136 total
[2024-06-01T13:20:55.894+0000][20776][gc,age      ] GC(149) - age   7:       9424 bytes,    2350560 total
[2024-06-01T13:20:55.895+0000][20776][gc,age      ] GC(149) - age   8:         64 bytes,    2350624 total
[2024-06-01T13:20:55.895+0000][20776][gc,age      ] GC(149) - age   9:     293120 bytes,    2643744 total
[2024-06-01T13:20:55.895+0000][20776][gc,age      ] GC(149) - age  10:     130208 bytes,    2773952 total
[2024-06-01T13:20:55.895+0000][20776][gc,age      ] GC(149) - age  11:      23896 bytes,    2797848 total
[2024-06-01T13:20:55.895+0000][20776][gc,age      ] GC(149) - age  12:       2424 bytes,    2800272 total
[2024-06-01T13:20:55.895+0000][20776][gc,age      ] GC(149) - age  13:        360 bytes,    2800632 total
[2024-06-01T13:20:55.895+0000][20776][gc,age      ] GC(149) - age  14:        160 bytes,    2800792 total
[2024-06-01T13:20:55.895+0000][20776][gc,age      ] GC(149) - age  15:        104 bytes,    2800896 total
[2024-06-01T13:20:55.895+0000][20776][gc,heap     ] GC(149) Eden regions: 605->0(605)
[2024-06-01T13:20:55.895+0000][20776][gc,heap     ] GC(149) Survivor regions: 1->1(76)
[2024-06-01T13:20:55.895+0000][20776][gc,heap     ] GC(149) Old regions: 52->52
[2024-06-01T13:20:55.895+0000][20776][gc,heap     ] GC(149) Archive regions: 0->0
[2024-06-01T13:20:55.895+0000][20776][gc,heap     ] GC(149) Humongous regions: 2->2
[2024-06-01T13:20:55.895+0000][20776][gc,metaspace] GC(149) Metaspace: 134865K(138624K)->134865K(138624K) NonClass: 117050K(118976K)->117050K(118976K) Class: 17814K(19648K)->17814K(19648K)
[2024-06-01T13:20:55.896+0000][20776][gc          ] GC(149) Pause Young (Normal) (G1 Evacuation Pause) 2635M->215M(4040M) 20.677ms
[2024-06-01T13:20:55.896+0000][20776][gc,cpu      ] GC(149) User=0.03s Sys=0.06s Real=0.02s
[2024-06-01T13:20:55.896+0000][20776][safepoint   ] Safepoint "G1CollectForAllocation", Time since last: 273738731400 ns, Reaching safepoint: 156100 ns, At safepoint: 21729500 ns, Total: 21885600 ns
[2024-06-01T13:21:01.984+0000][20776][safepoint   ] Safepoint "Cleanup", Time since last: 6087249400 ns, Reaching safepoint: 146000 ns, At safepoint: 12600 ns, Total: 158600 ns
[2024-06-01T13:31:33.143+0000][20776][gc,start    ] GC(150) Pause Young (Normal) (G1 Evacuation Pause)
[2024-06-01T13:31:33.143+0000][20776][gc,task     ] GC(150) Using 8 workers of 8 for evacuation
[2024-06-01T13:31:33.143+0000][20776][gc,age      ] GC(150) Desired survivor size 159383552 bytes, new threshold 15 (max threshold 15)
[2024-06-01T13:31:33.152+0000][20776][gc,phases   ] GC(150)   Pre Evacuate Collection Set: 0.2ms
[2024-06-01T13:31:33.152+0000][20776][gc,phases   ] GC(150)   Merge Heap Roots: 0.2ms
[2024-06-01T13:31:33.152+0000][20776][gc,phases   ] GC(150)   Evacuate Collection Set: 6.3ms
[2024-06-01T13:31:33.152+0000][20776][gc,phases   ] GC(150)   Post Evacuate Collection Set: 1.9ms
[2024-06-01T13:31:33.152+0000][20776][gc,phases   ] GC(150)   Other: 0.2ms
[2024-06-01T13:31:33.152+0000][20776][gc,age      ] GC(150) Age table with threshold 15 (max threshold 15)
[2024-06-01T13:31:33.152+0000][20776][gc,age      ] GC(150) - age   1:    1796304 bytes,    1796304 total
[2024-06-01T13:31:33.152+0000][20776][gc,age      ] GC(150) - age   2:    1060712 bytes,    2857016 total
[2024-06-01T13:31:33.152+0000][20776][gc,age      ] GC(150) - age   3:     167224 bytes,    3024240 total
[2024-06-01T13:31:33.152+0000][20776][gc,age      ] GC(150) - age   4:        784 bytes,    3025024 total
[2024-06-01T13:31:33.152+0000][20776][gc,age      ] GC(150) - age   5:        464 bytes,    3025488 total
[2024-06-01T13:31:33.152+0000][20776][gc,age      ] GC(150) - age   6:        736 bytes,    3026224 total
[2024-06-01T13:31:33.152+0000][20776][gc,age      ] GC(150) - age   7:        240 bytes,    3026464 total
[2024-06-01T13:31:33.152+0000][20776][gc,age      ] GC(150) - age   8:       8928 bytes,    3035392 total
[2024-06-01T13:31:33.152+0000][20776][gc,age      ] GC(150) - age   9:         64 bytes,    3035456 total
[2024-06-01T13:31:33.152+0000][20776][gc,age      ] GC(150) - age  10:     291720 bytes,    3327176 total
[2024-06-01T13:31:33.152+0000][20776][gc,age      ] GC(150) - age  11:     130128 bytes,    3457304 total
[2024-06-01T13:31:33.152+0000][20776][gc,age      ] GC(150) - age  12:      23896 bytes,    3481200 total
[2024-06-01T13:31:33.152+0000][20776][gc,age      ] GC(150) - age  13:       2224 bytes,    3483424 total
[2024-06-01T13:31:33.152+0000][20776][gc,age      ] GC(150) - age  14:        192 bytes,    3483616 total
[2024-06-01T13:31:33.152+0000][20776][gc,age      ] GC(150) - age  15:         80 bytes,    3483696 total
[2024-06-01T13:31:33.152+0000][20776][gc,heap     ] GC(150) Eden regions: 605->0(605)
[2024-06-01T13:31:33.152+0000][20776][gc,heap     ] GC(150) Survivor regions: 1->1(76)
[2024-06-01T13:31:33.152+0000][20776][gc,heap     ] GC(150) Old regions: 52->52
[2024-06-01T13:31:33.152+0000][20776][gc,heap     ] GC(150) Archive regions: 0->0
[2024-06-01T13:31:33.152+0000][20776][gc,heap     ] GC(150) Humongous regions: 2->2
[2024-06-01T13:31:33.152+0000][20776][gc,metaspace] GC(150) Metaspace: 134865K(138624K)->134865K(138624K) NonClass: 117050K(118976K)->117050K(118976K) Class: 17814K(19648K)->17814K(19648K)
[2024-06-01T13:31:33.152+0000][20776][gc          ] GC(150) Pause Young (Normal) (G1 Evacuation Pause) 2635M->216M(4040M) 9.298ms
[2024-06-01T13:31:33.152+0000][20776][gc,cpu      ] GC(150) User=0.00s Sys=0.00s Real=0.01s
[2024-06-01T13:31:33.152+0000][20776][safepoint   ] Safepoint "G1CollectForAllocation", Time since last: 631158931000 ns, Reaching safepoint: 123500 ns, At safepoint: 9439200 ns, Total: 9562700 ns
[2024-06-01T13:42:04.672+0000][20776][gc,start    ] GC(151) Pause Young (Normal) (G1 Evacuation Pause)
[2024-06-01T13:42:04.672+0000][20776][gc,task     ] GC(151) Using 8 workers of 8 for evacuation
[2024-06-01T13:42:04.672+0000][20776][gc,age      ] GC(151) Desired survivor size 159383552 bytes, new threshold 15 (max threshold 15)
[2024-06-01T13:42:04.678+0000][20776][gc,phases   ] GC(151)   Pre Evacuate Collection Set: 0.2ms
[2024-06-01T13:42:04.678+0000][20776][gc,phases   ] GC(151)   Merge Heap Roots: 0.1ms
[2024-06-01T13:42:04.678+0000][20776][gc,phases   ] GC(151)   Evacuate Collection Set: 4.8ms
[2024-06-01T13:42:04.678+0000][20776][gc,phases   ] GC(151)   Post Evacuate Collection Set: 1.6ms
[2024-06-01T13:42:04.678+0000][20776][gc,phases   ] GC(151)   Other: 0.2ms
[2024-06-01T13:42:04.679+0000][20776][gc,age      ] GC(151) Age table with threshold 15 (max threshold 15)
[2024-06-01T13:42:04.679+0000][20776][gc,age      ] GC(151) - age   1:    2194032 bytes,    2194032 total
[2024-06-01T13:42:04.679+0000][20776][gc,age      ] GC(151) - age   2:      39048 bytes,    2233080 total
[2024-06-01T13:42:04.679+0000][20776][gc,age      ] GC(151) - age   3:     443560 bytes,    2676640 total
[2024-06-01T13:42:04.679+0000][20776][gc,age      ] GC(151) - age   4:     167064 bytes,    2843704 total
[2024-06-01T13:42:04.679+0000][20776][gc,age      ] GC(151) - age   5:        624 bytes,    2844328 total
[2024-06-01T13:42:04.679+0000][20776][gc,age      ] GC(151) - age   6:        464 bytes,    2844792 total
[2024-06-01T13:42:04.679+0000][20776][gc,age      ] GC(151) - age   7:        616 bytes,    2845408 total
[2024-06-01T13:42:04.679+0000][20776][gc,age      ] GC(151) - age   8:        240 bytes,    2845648 total
[2024-06-01T13:42:04.679+0000][20776][gc,age      ] GC(151) - age   9:        768 bytes,    2846416 total
[2024-06-01T13:42:04.679+0000][20776][gc,age      ] GC(151) - age  10:         24 bytes,    2846440 total
[2024-06-01T13:42:04.679+0000][20776][gc,age      ] GC(151) - age  11:     283752 bytes,    3130192 total
[2024-06-01T13:42:04.679+0000][20776][gc,age      ] GC(151) - age  12:     130128 bytes,    3260320 total
[2024-06-01T13:42:04.679+0000][20776][gc,age      ] GC(151) - age  13:      23816 bytes,    3284136 total
[2024-06-01T13:42:04.679+0000][20776][gc,age      ] GC(151) - age  14:       2224 bytes,    3286360 total
[2024-06-01T13:42:04.679+0000][20776][gc,age      ] GC(151) - age  15:        192 bytes,    3286552 total
[2024-06-01T13:42:04.679+0000][20776][gc,heap     ] GC(151) Eden regions: 605->0(605)
[2024-06-01T13:42:04.679+0000][20776][gc,heap     ] GC(151) Survivor regions: 1->1(76)
[2024-06-01T13:42:04.679+0000][20776][gc,heap     ] GC(151) Old regions: 52->52
[2024-06-01T13:42:04.679+0000][20776][gc,heap     ] GC(151) Archive regions: 0->0
[2024-06-01T13:42:04.679+0000][20776][gc,heap     ] GC(151) Humongous regions: 2->2
[2024-06-01T13:42:04.679+0000][20776][gc,metaspace] GC(151) Metaspace: 134868K(138624K)->134868K(138624K) NonClass: 117053K(118976K)->117053K(118976K) Class: 17814K(19648K)->17814K(19648K)
[2024-06-01T13:42:04.679+0000][20776][gc          ] GC(151) Pause Young (Normal) (G1 Evacuation Pause) 2636M->216M(4040M) 7.582ms
[2024-06-01T13:42:04.679+0000][20776][gc,cpu      ] GC(151) User=0.00s Sys=0.00s Real=0.01s
[2024-06-01T13:42:04.679+0000][20776][safepoint   ] Safepoint "G1CollectForAllocation", Time since last: 631519260900 ns, Reaching safepoint: 284300 ns, At safepoint: 7711300 ns, Total: 7995600 ns
[2024-06-01T13:49:33.586+0000][20776][safepoint   ] Safepoint "Cleanup", Time since last: 449767040900 ns, Reaching safepoint: 416085300 ns, At safepoint: 96000 ns, Total: 416181300 ns
[2024-06-01T13:55:25.677+0000][20776][gc,start    ] GC(152) Pause Young (Normal) (G1 Evacuation Pause)
[2024-06-01T13:55:25.678+0000][20776][gc,task     ] GC(152) Using 8 workers of 8 for evacuation
[2024-06-01T13:55:25.678+0000][20776][gc,age      ] GC(152) Desired survivor size 159383552 bytes, new threshold 15 (max threshold 15)
[2024-06-01T13:55:25.687+0000][20776][gc,phases   ] GC(152)   Pre Evacuate Collection Set: 0.3ms
[2024-06-01T13:55:25.687+0000][20776][gc,phases   ] GC(152)   Merge Heap Roots: 0.3ms
[2024-06-01T13:55:25.687+0000][20776][gc,phases   ] GC(152)   Evacuate Collection Set: 4.3ms
[2024-06-01T13:55:25.687+0000][20776][gc,phases   ] GC(152)   Post Evacuate Collection Set: 2.5ms
[2024-06-01T13:55:25.687+0000][20776][gc,phases   ] GC(152)   Other: 0.3ms
[2024-06-01T13:55:25.687+0000][20776][gc,age      ] GC(152) Age table with threshold 15 (max threshold 15)
[2024-06-01T13:55:25.687+0000][20776][gc,age      ] GC(152) - age   1:     983088 bytes,     983088 total
[2024-06-01T13:55:25.687+0000][20776][gc,age      ] GC(152) - age   2:     755760 bytes,    1738848 total
[2024-06-01T13:55:25.687+0000][20776][gc,age      ] GC(152) - age   3:        848 bytes,    1739696 total
[2024-06-01T13:55:25.687+0000][20776][gc,age      ] GC(152) - age   4:     433672 bytes,    2173368 total
[2024-06-01T13:55:25.687+0000][20776][gc,age      ] GC(152) - age   5:     167064 bytes,    2340432 total
[2024-06-01T13:55:25.687+0000][20776][gc,age      ] GC(152) - age   6:        624 bytes,    2341056 total
[2024-06-01T13:55:25.687+0000][20776][gc,age      ] GC(152) - age   7:        464 bytes,    2341520 total
[2024-06-01T13:55:25.687+0000][20776][gc,age      ] GC(152) - age   8:        576 bytes,    2342096 total
[2024-06-01T13:55:25.687+0000][20776][gc,age      ] GC(152) - age   9:        240 bytes,    2342336 total
[2024-06-01T13:55:25.687+0000][20776][gc,age      ] GC(152) - age  10:        728 bytes,    2343064 total
[2024-06-01T13:55:25.687+0000][20776][gc,age      ] GC(152) - age  11:         24 bytes,    2343088 total
[2024-06-01T13:55:25.687+0000][20776][gc,age      ] GC(152) - age  12:     283504 bytes,    2626592 total
[2024-06-01T13:55:25.687+0000][20776][gc,age      ] GC(152) - age  13:     130128 bytes,    2756720 total
[2024-06-01T13:55:25.687+0000][20776][gc,age      ] GC(152) - age  14:      23816 bytes,    2780536 total
[2024-06-01T13:55:25.687+0000][20776][gc,age      ] GC(152) - age  15:       2224 bytes,    2782760 total
[2024-06-01T13:55:25.687+0000][20776][gc,heap     ] GC(152) Eden regions: 605->0(605)
[2024-06-01T13:55:25.687+0000][20776][gc,heap     ] GC(152) Survivor regions: 1->1(76)
[2024-06-01T13:55:25.687+0000][20776][gc,heap     ] GC(152) Old regions: 52->52
[2024-06-01T13:55:25.687+0000][20776][gc,heap     ] GC(152) Archive regions: 0->0
[2024-06-01T13:55:25.687+0000][20776][gc,heap     ] GC(152) Humongous regions: 2->2
[2024-06-01T13:55:25.687+0000][20776][gc,metaspace] GC(152) Metaspace: 134873K(138624K)->134873K(138624K) NonClass: 117058K(118976K)->117058K(118976K) Class: 17814K(19648K)->17814K(19648K)
[2024-06-01T13:55:25.687+0000][20776][gc          ] GC(152) Pause Young (Normal) (G1 Evacuation Pause) 2636M->215M(4040M) 10.360ms
[2024-06-01T13:55:25.687+0000][20776][gc,cpu      ] GC(152) User=0.00s Sys=0.00s Real=0.01s
[2024-06-01T13:55:25.687+0000][20776][safepoint   ] Safepoint "G1CollectForAllocation", Time since last: 352090722000 ns, Reaching safepoint: 192800 ns, At safepoint: 10576200 ns, Total: 10769000 ns
[2024-06-01T14:05:23.405+0000][20776][safepoint   ] Safepoint "Cleanup", Time since last: 597726128800 ns, Reaching safepoint: 273200 ns, At safepoint: 11700 ns, Total: 284900 ns
[2024-06-01T14:07:23.423+0000][20776][safepoint   ] Safepoint "Cleanup", Time since last: 120016980000 ns, Reaching safepoint: 181200 ns, At safepoint: 15800 ns, Total: 197000 ns
[2024-06-01T14:09:34.459+0000][20776][safepoint   ] Safepoint "Cleanup", Time since last: 131036160700 ns, Reaching safepoint: 167700 ns, At safepoint: 16600 ns, Total: 184300 ns
[2024-06-01T14:10:01.496+0000][20776][gc,start    ] GC(153) Pause Young (Normal) (G1 Evacuation Pause)
[2024-06-01T14:10:01.496+0000][20776][gc,task     ] GC(153) Using 8 workers of 8 for evacuation
[2024-06-01T14:10:01.496+0000][20776][gc,age      ] GC(153) Desired survivor size 159383552 bytes, new threshold 15 (max threshold 15)
[2024-06-01T14:10:01.503+0000][20776][gc,phases   ] GC(153)   Pre Evacuate Collection Set: 0.4ms
[2024-06-01T14:10:01.504+0000][20776][gc,phases   ] GC(153)   Merge Heap Roots: 0.5ms
[2024-06-01T14:10:01.504+0000][20776][gc,phases   ] GC(153)   Evacuate Collection Set: 5.2ms
[2024-06-01T14:10:01.504+0000][20776][gc,phases   ] GC(153)   Post Evacuate Collection Set: 1.7ms
[2024-06-01T14:10:01.504+0000][20776][gc,phases   ] GC(153)   Other: 0.5ms
[2024-06-01T14:10:01.504+0000][20776][gc,age      ] GC(153) Age table with threshold 15 (max threshold 15)
[2024-06-01T14:10:01.504+0000][20776][gc,age      ] GC(153) - age   1:    1513440 bytes,    1513440 total
[2024-06-01T14:10:01.504+0000][20776][gc,age      ] GC(153) - age   2:       3464 bytes,    1516904 total
[2024-06-01T14:10:01.504+0000][20776][gc,age      ] GC(153) - age   3:     116576 bytes,    1633480 total
[2024-06-01T14:10:01.504+0000][20776][gc,age      ] GC(153) - age   4:        568 bytes,    1634048 total
[2024-06-01T14:10:01.504+0000][20776][gc,age      ] GC(153) - age   5:     373528 bytes,    2007576 total
[2024-06-01T14:10:01.504+0000][20776][gc,age      ] GC(153) - age   6:      25760 bytes,    2033336 total
[2024-06-01T14:10:01.504+0000][20776][gc,age      ] GC(153) - age   7:        584 bytes,    2033920 total
[2024-06-01T14:10:01.504+0000][20776][gc,age      ] GC(153) - age   8:        424 bytes,    2034344 total
[2024-06-01T14:10:01.504+0000][20776][gc,age      ] GC(153) - age   9:        576 bytes,    2034920 total
[2024-06-01T14:10:01.504+0000][20776][gc,age      ] GC(153) - age  10:        240 bytes,    2035160 total
[2024-06-01T14:10:01.504+0000][20776][gc,age      ] GC(153) - age  11:        728 bytes,    2035888 total
[2024-06-01T14:10:01.504+0000][20776][gc,age      ] GC(153) - age  12:         24 bytes,    2035912 total
[2024-06-01T14:10:01.504+0000][20776][gc,age      ] GC(153) - age  13:     283504 bytes,    2319416 total
[2024-06-01T14:10:01.504+0000][20776][gc,age      ] GC(153) - age  14:     130128 bytes,    2449544 total
[2024-06-01T14:10:01.504+0000][20776][gc,age      ] GC(153) - age  15:      23816 bytes,    2473360 total
[2024-06-01T14:10:01.504+0000][20776][gc,heap     ] GC(153) Eden regions: 605->0(605)
[2024-06-01T14:10:01.504+0000][20776][gc,heap     ] GC(153) Survivor regions: 1->1(76)
[2024-06-01T14:10:01.504+0000][20776][gc,heap     ] GC(153) Old regions: 52->52
[2024-06-01T14:10:01.504+0000][20776][gc,heap     ] GC(153) Archive regions: 0->0
[2024-06-01T14:10:01.504+0000][20776][gc,heap     ] GC(153) Humongous regions: 2->2
[2024-06-01T14:10:01.504+0000][20776][gc,metaspace] GC(153) Metaspace: 134873K(138624K)->134873K(138624K) NonClass: 117058K(118976K)->117058K(118976K) Class: 17814K(19648K)->17814K(19648K)
[2024-06-01T14:10:01.504+0000][20776][gc          ] GC(153) Pause Young (Normal) (G1 Evacuation Pause) 2635M->215M(4040M) 8.881ms
[2024-06-01T14:10:01.504+0000][20776][gc,cpu      ] GC(153) User=0.12s Sys=0.00s Real=0.01s
[2024-06-01T14:10:01.504+0000][20776][safepoint   ] Safepoint "G1CollectForAllocation", Time since last: 27036385600 ns, Reaching safepoint: 191800 ns, At safepoint: 9013600 ns, Total: 9205400 ns
[2024-06-01T20:32:42.839+0000][20776][safepoint   ] Safepoint "Cleanup", Time since last: 22966660968900 ns, Reaching safepoint: 3011800 ns, At safepoint: 897800 ns, Total: 3909600 ns
[2024-06-01T20:32:43.857+0000][20776][safepoint   ] Safepoint "Cleanup", Time since last: 1001048800 ns, Reaching safepoint: 15823400 ns, At safepoint: 331900 ns, Total: 16155300 ns
[2024-06-01T20:32:44.869+0000][20776][safepoint   ] Safepoint "Cleanup", Time since last: 1011781600 ns, Reaching safepoint: 158100 ns, At safepoint: 20400 ns, Total: 178500 ns
[2024-06-01T20:32:45.873+0000][20776][safepoint   ] Safepoint "Cleanup", Time since last: 1003870700 ns, Reaching safepoint: 118600 ns, At safepoint: 18500 ns, Total: 137100 ns
[2024-06-01T20:32:46.874+0000][20776][safepoint   ] Safepoint "Cleanup", Time since last: 1000657800 ns, Reaching safepoint: 138200 ns, At safepoint: 19500 ns, Total: 157700 ns
[2024-06-01T20:32:47.882+0000][20776][safepoint   ] Safepoint "Cleanup", Time since last: 1008169300 ns, Reaching safepoint: 127800 ns, At safepoint: 16400 ns, Total: 144200 ns
[2024-06-01T20:32:48.891+0000][20776][safepoint   ] Safepoint "Cleanup", Time since last: 1008143800 ns, Reaching safepoint: 272000 ns, At safepoint: 27100 ns, Total: 299100 ns
[2024-06-01T20:33:43.530+0000][20776][safepoint   ] Safepoint "Cleanup", Time since last: 54639079400 ns, Reaching safepoint: 147300 ns, At safepoint: 7400 ns, Total: 154700 ns
[2024-06-01T20:36:43.268+0000][20776][safepoint   ] Safepoint "Cleanup", Time since last: 179737562200 ns, Reaching safepoint: 99200 ns, At safepoint: 74100 ns, Total: 173300 ns
[2024-06-01T20:37:42.799+0000][20776][safepoint   ] Safepoint "Cleanup", Time since last: 59530554000 ns, Reaching safepoint: 172000 ns, At safepoint: 69200 ns, Total: 241200 ns
[2024-06-01T20:40:20.165+0000][20776][gc,start    ] GC(154) Pause Young (Normal) (G1 Evacuation Pause)
[2024-06-01T20:40:20.165+0000][20776][gc,task     ] GC(154) Using 8 workers of 8 for evacuation
[2024-06-01T20:40:20.165+0000][20776][gc,age      ] GC(154) Desired survivor size 159383552 bytes, new threshold 15 (max threshold 15)
[2024-06-01T20:40:20.172+0000][20776][gc,phases   ] GC(154)   Pre Evacuate Collection Set: 0.3ms
[2024-06-01T20:40:20.173+0000][20776][gc,phases   ] GC(154)   Merge Heap Roots: 0.2ms
[2024-06-01T20:40:20.173+0000][20776][gc,phases   ] GC(154)   Evacuate Collection Set: 4.5ms
[2024-06-01T20:40:20.173+0000][20776][gc,phases   ] GC(154)   Post Evacuate Collection Set: 1.7ms
[2024-06-01T20:40:20.173+0000][20776][gc,phases   ] GC(154)   Other: 0.8ms
[2024-06-01T20:40:20.173+0000][20776][gc,age      ] GC(154) Age table with threshold 15 (max threshold 15)
[2024-06-01T20:40:20.173+0000][20776][gc,age      ] GC(154) - age   1:    2790832 bytes,    2790832 total
[2024-06-01T20:40:20.173+0000][20776][gc,age      ] GC(154) - age   2:      11072 bytes,    2801904 total
[2024-06-01T20:40:20.173+0000][20776][gc,age      ] GC(154) - age   3:       1416 bytes,    2803320 total
[2024-06-01T20:40:20.173+0000][20776][gc,age      ] GC(154) - age   4:      94616 bytes,    2897936 total
[2024-06-01T20:40:20.173+0000][20776][gc,age      ] GC(154) - age   5:        392 bytes,    2898328 total
[2024-06-01T20:40:20.173+0000][20776][gc,age      ] GC(154) - age   6:      46240 bytes,    2944568 total
[2024-06-01T20:40:20.173+0000][20776][gc,age      ] GC(154) - age   7:       3096 bytes,    2947664 total
[2024-06-01T20:40:20.173+0000][20776][gc,age      ] GC(154) - age   8:        424 bytes,    2948088 total
[2024-06-01T20:40:20.173+0000][20776][gc,age      ] GC(154) - age   9:        424 bytes,    2948512 total
[2024-06-01T20:40:20.173+0000][20776][gc,age      ] GC(154) - age  10:        576 bytes,    2949088 total
[2024-06-01T20:40:20.173+0000][20776][gc,age      ] GC(154) - age  11:        240 bytes,    2949328 total
[2024-06-01T20:40:20.173+0000][20776][gc,age      ] GC(154) - age  12:        480 bytes,    2949808 total
[2024-06-01T20:40:20.173+0000][20776][gc,age      ] GC(154) - age  13:         24 bytes,    2949832 total
[2024-06-01T20:40:20.173+0000][20776][gc,age      ] GC(154) - age  14:     256704 bytes,    3206536 total
[2024-06-01T20:40:20.173+0000][20776][gc,age      ] GC(154) - age  15:     129968 bytes,    3336504 total
[2024-06-01T20:40:20.173+0000][20776][gc,heap     ] GC(154) Eden regions: 605->0(605)
[2024-06-01T20:40:20.173+0000][20776][gc,heap     ] GC(154) Survivor regions: 1->1(76)
[2024-06-01T20:40:20.173+0000][20776][gc,heap     ] GC(154) Old regions: 52->52
[2024-06-01T20:40:20.173+0000][20776][gc,heap     ] GC(154) Archive regions: 0->0
[2024-06-01T20:40:20.173+0000][20776][gc,heap     ] GC(154) Humongous regions: 2->2
[2024-06-01T20:40:20.173+0000][20776][gc,metaspace] GC(154) Metaspace: 134891K(138624K)->134891K(138624K) NonClass: 117076K(118976K)->117076K(118976K) Class: 17814K(19648K)->17814K(19648K)
[2024-06-01T20:40:20.173+0000][20776][gc          ] GC(154) Pause Young (Normal) (G1 Evacuation Pause) 2635M->216M(4040M) 8.182ms
[2024-06-01T20:40:20.174+0000][20776][gc,cpu      ] GC(154) User=0.02s Sys=0.00s Real=0.01s
[2024-06-01T20:40:20.174+0000][20776][safepoint   ] Safepoint "G1CollectForAllocation", Time since last: 157366335900 ns, Reaching safepoint: 191700 ns, At safepoint: 8930300 ns, Total: 9122000 ns
[2024-06-01T20:49:43.138+0000][20776][safepoint   ] Safepoint "Cleanup", Time since last: 562963276300 ns, Reaching safepoint: 235100 ns, At safepoint: 97400 ns, Total: 332500 ns
[2024-06-01T20:50:57.405+0000][20776][gc,start    ] GC(155) Pause Young (Normal) (G1 Evacuation Pause)
[2024-06-01T20:50:57.405+0000][20776][gc,task     ] GC(155) Using 8 workers of 8 for evacuation
[2024-06-01T20:50:57.405+0000][20776][gc,age      ] GC(155) Desired survivor size 159383552 bytes, new threshold 15 (max threshold 15)
[2024-06-01T20:50:57.417+0000][20776][gc,phases   ] GC(155)   Pre Evacuate Collection Set: 0.3ms
[2024-06-01T20:50:57.417+0000][20776][gc,phases   ] GC(155)   Merge Heap Roots: 0.9ms
[2024-06-01T20:50:57.417+0000][20776][gc,phases   ] GC(155)   Evacuate Collection Set: 5.3ms
[2024-06-01T20:50:57.417+0000][20776][gc,phases   ] GC(155)   Post Evacuate Collection Set: 2.1ms
[2024-06-01T20:50:57.417+0000][20776][gc,phases   ] GC(155)   Other: 2.7ms
[2024-06-01T20:50:57.417+0000][20776][gc,age      ] GC(155) Age table with threshold 15 (max threshold 15)
[2024-06-01T20:50:57.417+0000][20776][gc,age      ] GC(155) - age   1:     916384 bytes,     916384 total
[2024-06-01T20:50:57.417+0000][20776][gc,age      ] GC(155) - age   2:    1267456 bytes,    2183840 total
[2024-06-01T20:50:57.417+0000][20776][gc,age      ] GC(155) - age   3:       9840 bytes,    2193680 total
[2024-06-01T20:50:57.417+0000][20776][gc,age      ] GC(155) - age   4:       1352 bytes,    2195032 total
[2024-06-01T20:50:57.417+0000][20776][gc,age      ] GC(155) - age   5:      94536 bytes,    2289568 total
[2024-06-01T20:50:57.417+0000][20776][gc,age      ] GC(155) - age   6:        312 bytes,    2289880 total
[2024-06-01T20:50:57.417+0000][20776][gc,age      ] GC(155) - age   7:      29576 bytes,    2319456 total
[2024-06-01T20:50:57.417+0000][20776][gc,age      ] GC(155) - age   8:       3016 bytes,    2322472 total
[2024-06-01T20:50:57.417+0000][20776][gc,age      ] GC(155) - age   9:        424 bytes,    2322896 total
[2024-06-01T20:50:57.417+0000][20776][gc,age      ] GC(155) - age  10:        424 bytes,    2323320 total
[2024-06-01T20:50:57.417+0000][20776][gc,age      ] GC(155) - age  11:        496 bytes,    2323816 total
[2024-06-01T20:50:57.417+0000][20776][gc,age      ] GC(155) - age  12:        160 bytes,    2323976 total
[2024-06-01T20:50:57.417+0000][20776][gc,age      ] GC(155) - age  13:        424 bytes,    2324400 total
[2024-06-01T20:50:57.417+0000][20776][gc,age      ] GC(155) - age  14:         24 bytes,    2324424 total
[2024-06-01T20:50:57.417+0000][20776][gc,age      ] GC(155) - age  15:     256648 bytes,    2581072 total
[2024-06-01T20:50:57.417+0000][20776][gc,heap     ] GC(155) Eden regions: 605->0(605)
[2024-06-01T20:50:57.417+0000][20776][gc,heap     ] GC(155) Survivor regions: 1->1(76)
[2024-06-01T20:50:57.417+0000][20776][gc,heap     ] GC(155) Old regions: 52->52
[2024-06-01T20:50:57.417+0000][20776][gc,heap     ] GC(155) Archive regions: 0->0
[2024-06-01T20:50:57.417+0000][20776][gc,heap     ] GC(155) Humongous regions: 2->2
[2024-06-01T20:50:57.417+0000][20776][gc,metaspace] GC(155) Metaspace: 134892K(138624K)->134892K(138624K) NonClass: 117077K(118976K)->117077K(118976K) Class: 17814K(19648K)->17814K(19648K)
[2024-06-01T20:50:57.417+0000][20776][gc          ] GC(155) Pause Young (Normal) (G1 Evacuation Pause) 2636M->215M(4040M) 11.711ms
[2024-06-01T20:50:57.417+0000][20776][gc,cpu      ] GC(155) User=0.00s Sys=0.00s Real=0.01s
[2024-06-01T20:50:57.417+0000][20776][safepoint   ] Safepoint "G1CollectForAllocation", Time since last: 74267506700 ns, Reaching safepoint: 159900 ns, At safepoint: 11830800 ns, Total: 11990700 ns
[2024-06-01T20:55:42.924+0000][20776][safepoint   ] Safepoint "Cleanup", Time since last: 285506363200 ns, Reaching safepoint: 153200 ns, At safepoint: 15000 ns, Total: 168200 ns
[2024-06-01T21:01:16.352+0000][20776][gc,start    ] GC(156) Pause Young (Normal) (G1 Evacuation Pause)
[2024-06-01T21:01:16.352+0000][20776][gc,task     ] GC(156) Using 8 workers of 8 for evacuation
[2024-06-01T21:01:16.352+0000][20776][gc,age      ] GC(156) Desired survivor size 159383552 bytes, new threshold 15 (max threshold 15)
[2024-06-01T21:01:16.362+0000][20776][gc,phases   ] GC(156)   Pre Evacuate Collection Set: 0.3ms
[2024-06-01T21:01:16.362+0000][20776][gc,phases   ] GC(156)   Merge Heap Roots: 2.3ms
[2024-06-01T21:01:16.362+0000][20776][gc,phases   ] GC(156)   Evacuate Collection Set: 4.5ms
[2024-06-01T21:01:16.362+0000][20776][gc,phases   ] GC(156)   Post Evacuate Collection Set: 2.0ms
[2024-06-01T21:01:16.362+0000][20776][gc,phases   ] GC(156)   Other: 0.2ms
[2024-06-01T21:01:16.362+0000][20776][gc,age      ] GC(156) Age table with threshold 15 (max threshold 15)
[2024-06-01T21:01:16.362+0000][20776][gc,age      ] GC(156) - age   1:    1643064 bytes,    1643064 total
[2024-06-01T21:01:16.362+0000][20776][gc,age      ] GC(156) - age   2:      16592 bytes,    1659656 total
[2024-06-01T21:01:16.362+0000][20776][gc,age      ] GC(156) - age   3:    1264832 bytes,    2924488 total
[2024-06-01T21:01:16.362+0000][20776][gc,age      ] GC(156) - age   4:       9696 bytes,    2934184 total
[2024-06-01T21:01:16.362+0000][20776][gc,age      ] GC(156) - age   5:       1272 bytes,    2935456 total
[2024-06-01T21:01:16.362+0000][20776][gc,age      ] GC(156) - age   6:      94496 bytes,    3029952 total
[2024-06-01T21:01:16.362+0000][20776][gc,age      ] GC(156) - age   7:        312 bytes,    3030264 total
[2024-06-01T21:01:16.362+0000][20776][gc,age      ] GC(156) - age   8:      29576 bytes,    3059840 total
[2024-06-01T21:01:16.362+0000][20776][gc,age      ] GC(156) - age   9:       3016 bytes,    3062856 total
[2024-06-01T21:01:16.362+0000][20776][gc,age      ] GC(156) - age  10:        424 bytes,    3063280 total
[2024-06-01T21:01:16.362+0000][20776][gc,age      ] GC(156) - age  11:        344 bytes,    3063624 total
[2024-06-01T21:01:16.362+0000][20776][gc,age      ] GC(156) - age  12:        496 bytes,    3064120 total
[2024-06-01T21:01:16.362+0000][20776][gc,age      ] GC(156) - age  13:        160 bytes,    3064280 total
[2024-06-01T21:01:16.362+0000][20776][gc,age      ] GC(156) - age  14:        424 bytes,    3064704 total
[2024-06-01T21:01:16.362+0000][20776][gc,age      ] GC(156) - age  15:         24 bytes,    3064728 total
[2024-06-01T21:01:16.362+0000][20776][gc,heap     ] GC(156) Eden regions: 605->0(605)
[2024-06-01T21:01:16.362+0000][20776][gc,heap     ] GC(156) Survivor regions: 1->1(76)
[2024-06-01T21:01:16.362+0000][20776][gc,heap     ] GC(156) Old regions: 52->52
[2024-06-01T21:01:16.362+0000][20776][gc,heap     ] GC(156) Archive regions: 0->0
[2024-06-01T21:01:16.362+0000][20776][gc,heap     ] GC(156) Humongous regions: 2->2
[2024-06-01T21:01:16.362+0000][20776][gc,metaspace] GC(156) Metaspace: 134904K(138688K)->134904K(138688K) NonClass: 117089K(119040K)->117089K(119040K) Class: 17814K(19648K)->17814K(19648K)
[2024-06-01T21:01:16.362+0000][20776][gc          ] GC(156) Pause Young (Normal) (G1 Evacuation Pause) 2635M->216M(4040M) 10.101ms
[2024-06-01T21:01:16.362+0000][20776][gc,cpu      ] GC(156) User=0.09s Sys=0.00s Real=0.01s
[2024-06-01T21:01:16.362+0000][20776][safepoint   ] Safepoint "G1CollectForAllocation", Time since last: 333427868300 ns, Reaching safepoint: 522900 ns, At safepoint: 10329200 ns, Total: 10852100 ns
[2024-06-01T21:11:48.641+0000][20776][gc,start    ] GC(157) Pause Young (Normal) (G1 Evacuation Pause)
[2024-06-01T21:11:48.641+0000][20776][gc,task     ] GC(157) Using 8 workers of 8 for evacuation
[2024-06-01T21:11:48.641+0000][20776][gc,age      ] GC(157) Desired survivor size 159383552 bytes, new threshold 15 (max threshold 15)
[2024-06-01T21:11:48.654+0000][20776][gc,phases   ] GC(157)   Pre Evacuate Collection Set: 0.3ms
[2024-06-01T21:11:48.654+0000][20776][gc,phases   ] GC(157)   Merge Heap Roots: 0.3ms
[2024-06-01T21:11:48.654+0000][20776][gc,phases   ] GC(157)   Evacuate Collection Set: 5.7ms
[2024-06-01T21:11:48.654+0000][20776][gc,phases   ] GC(157)   Post Evacuate Collection Set: 6.1ms
[2024-06-01T21:11:48.654+0000][20776][gc,phases   ] GC(157)   Other: 0.4ms
[2024-06-01T21:11:48.654+0000][20776][gc,age      ] GC(157) Age table with threshold 15 (max threshold 15)
[2024-06-01T21:11:48.654+0000][20776][gc,age      ] GC(157) - age   1:    1124416 bytes,    1124416 total
[2024-06-01T21:11:48.654+0000][20776][gc,age      ] GC(157) - age   2:       2944 bytes,    1127360 total
[2024-06-01T21:11:48.654+0000][20776][gc,age      ] GC(157) - age   3:      15152 bytes,    1142512 total
[2024-06-01T21:11:48.654+0000][20776][gc,age      ] GC(157) - age   4:    1264752 bytes,    2407264 total
[2024-06-01T21:11:48.654+0000][20776][gc,age      ] GC(157) - age   5:       9616 bytes,    2416880 total
[2024-06-01T21:11:48.654+0000][20776][gc,age      ] GC(157) - age   6:       1272 bytes,    2418152 total
[2024-06-01T21:11:48.654+0000][20776][gc,age      ] GC(157) - age   7:      94496 bytes,    2512648 total
[2024-06-01T21:11:48.654+0000][20776][gc,age      ] GC(157) - age   8:        312 bytes,    2512960 total
[2024-06-01T21:11:48.654+0000][20776][gc,age      ] GC(157) - age   9:      29576 bytes,    2542536 total
[2024-06-01T21:11:48.654+0000][20776][gc,age      ] GC(157) - age  10:       2936 bytes,    2545472 total
[2024-06-01T21:11:48.654+0000][20776][gc,age      ] GC(157) - age  11:        424 bytes,    2545896 total
[2024-06-01T21:11:48.654+0000][20776][gc,age      ] GC(157) - age  12:        344 bytes,    2546240 total
[2024-06-01T21:11:48.654+0000][20776][gc,age      ] GC(157) - age  13:        496 bytes,    2546736 total
[2024-06-01T21:11:48.654+0000][20776][gc,age      ] GC(157) - age  14:        160 bytes,    2546896 total
[2024-06-01T21:11:48.654+0000][20776][gc,age      ] GC(157) - age  15:        424 bytes,    2547320 total
[2024-06-01T21:11:48.654+0000][20776][gc,heap     ] GC(157) Eden regions: 605->0(605)
[2024-06-01T21:11:48.654+0000][20776][gc,heap     ] GC(157) Survivor regions: 1->1(76)
[2024-06-01T21:11:48.654+0000][20776][gc,heap     ] GC(157) Old regions: 52->52
[2024-06-01T21:11:48.654+0000][20776][gc,heap     ] GC(157) Archive regions: 0->0
[2024-06-01T21:11:48.654+0000][20776][gc,heap     ] GC(157) Humongous regions: 2->2
[2024-06-01T21:11:48.654+0000][20776][gc,metaspace] GC(157) Metaspace: 134905K(138688K)->134905K(138688K) NonClass: 117090K(119040K)->117090K(119040K) Class: 17814K(19648K)->17814K(19648K)
[2024-06-01T21:11:48.654+0000][20776][gc          ] GC(157) Pause Young (Normal) (G1 Evacuation Pause) 2636M->216M(4040M) 13.673ms
[2024-06-01T21:11:48.655+0000][20776][gc,cpu      ] GC(157) User=0.05s Sys=0.06s Real=0.01s
[2024-06-01T21:11:48.655+0000][20776][safepoint   ] Safepoint "G1CollectForAllocation", Time since last: 632278875200 ns, Reaching safepoint: 230400 ns, At safepoint: 13856100 ns, Total: 14086500 ns
[2024-06-01T21:16:57.992+0000][20776][safepoint   ] Safepoint "Cleanup", Time since last: 309336367600 ns, Reaching safepoint: 717400 ns, At safepoint: 53800 ns, Total: 771200 ns
[2024-06-01T21:16:58.998+0000][20776][safepoint   ] Safepoint "Cleanup", Time since last: 1004869800 ns, Reaching safepoint: 150500 ns, At safepoint: 55700 ns, Total: 206200 ns
[2024-06-01T21:17:02.016+0000][20776][safepoint   ] Safepoint "Cleanup", Time since last: 3018258400 ns, Reaching safepoint: 256300 ns, At safepoint: 106500 ns, Total: 362800 ns
[2024-06-01T21:17:03.017+0000][20776][safepoint   ] Safepoint "Cleanup", Time since last: 1000745400 ns, Reaching safepoint: 199200 ns, At safepoint: 58400 ns, Total: 257600 ns
[2024-06-01T21:17:04.031+0000][20776][safepoint   ] Safepoint "Cleanup", Time since last: 1013652000 ns, Reaching safepoint: 93000 ns, At safepoint: 29400 ns, Total: 122400 ns
[2024-06-01T21:17:05.038+0000][20776][safepoint   ] Safepoint "Cleanup", Time since last: 1006588300 ns, Reaching safepoint: 132100 ns, At safepoint: 49900 ns, Total: 182000 ns
[2024-06-01T21:17:06.040+0000][20776][safepoint   ] Safepoint "Cleanup", Time since last: 1002519200 ns, Reaching safepoint: 109600 ns, At safepoint: 33000 ns, Total: 142600 ns
[2024-06-01T21:17:08.060+0000][20776][safepoint   ] Safepoint "Cleanup", Time since last: 2003979700 ns, Reaching safepoint: 15573100 ns, At safepoint: 61100 ns, Total: 15634200 ns
[2024-06-01T21:17:11.074+0000][20776][safepoint   ] Safepoint "Cleanup", Time since last: 3013927200 ns, Reaching safepoint: 118500 ns, At safepoint: 80900 ns, Total: 199400 ns
[2024-06-01T21:17:14.098+0000][20776][safepoint   ] Safepoint "Cleanup", Time since last: 3024112000 ns, Reaching safepoint: 114200 ns, At safepoint: 29600 ns, Total: 143800 ns
[2024-06-01T21:17:20.122+0000][20776][safepoint   ] Safepoint "Cleanup", Time since last: 6022908400 ns, Reaching safepoint: 313900 ns, At safepoint: 51500 ns, Total: 365400 ns
[2024-06-01T21:17:30.194+0000][20776][safepoint   ] Safepoint "Cleanup", Time since last: 10071536100 ns, Reaching safepoint: 199200 ns, At safepoint: 108000 ns, Total: 307200 ns
[2024-06-01T21:17:38.277+0000][20776][safepoint   ] Safepoint "Cleanup", Time since last: 8083218100 ns, Reaching safepoint: 163600 ns, At safepoint: 55800 ns, Total: 219400 ns
[2024-06-01T21:17:53.403+0000][20776][safepoint   ] Safepoint "Cleanup", Time since last: 15125392700 ns, Reaching safepoint: 180100 ns, At safepoint: 92000 ns, Total: 272100 ns
[2024-06-01T21:19:34.201+0000][20776][safepoint   ] Safepoint "Cleanup", Time since last: 100798676900 ns, Reaching safepoint: 184000 ns, At safepoint: 89600 ns, Total: 273600 ns
[2024-06-01T21:21:11.871+0000][20776][safepoint   ] Safepoint "Cleanup", Time since last: 97669433600 ns, Reaching safepoint: 226500 ns, At safepoint: 47500 ns, Total: 274000 ns
[2024-06-01T21:21:44.250+0000][20776][gc,start    ] GC(158) Pause Young (Normal) (G1 Evacuation Pause)
[2024-06-01T21:21:44.250+0000][20776][gc,task     ] GC(158) Using 8 workers of 8 for evacuation
[2024-06-01T21:21:44.250+0000][20776][gc,age      ] GC(158) Desired survivor size 159383552 bytes, new threshold 15 (max threshold 15)
[2024-06-01T21:21:44.260+0000][20776][gc,phases   ] GC(158)   Pre Evacuate Collection Set: 0.3ms
[2024-06-01T21:21:44.260+0000][20776][gc,phases   ] GC(158)   Merge Heap Roots: 0.3ms
[2024-06-01T21:21:44.260+0000][20776][gc,phases   ] GC(158)   Evacuate Collection Set: 6.5ms
[2024-06-01T21:21:44.260+0000][20776][gc,phases   ] GC(158)   Post Evacuate Collection Set: 1.9ms
[2024-06-01T21:21:44.260+0000][20776][gc,phases   ] GC(158)   Other: 0.6ms
[2024-06-01T21:21:44.260+0000][20776][gc,age      ] GC(158) Age table with threshold 15 (max threshold 15)
[2024-06-01T21:21:44.260+0000][20776][gc,age      ] GC(158) - age   1:    2783048 bytes,    2783048 total
[2024-06-01T21:21:44.260+0000][20776][gc,age      ] GC(158) - age   2:       2408 bytes,    2785456 total
[2024-06-01T21:21:44.260+0000][20776][gc,age      ] GC(158) - age   3:        672 bytes,    2786128 total
[2024-06-01T21:21:44.260+0000][20776][gc,age      ] GC(158) - age   4:        400 bytes,    2786528 total
[2024-06-01T21:21:44.260+0000][20776][gc,age      ] GC(158) - age   5:     633192 bytes,    3419720 total
[2024-06-01T21:21:44.260+0000][20776][gc,age      ] GC(158) - age   6:        656 bytes,    3420376 total
[2024-06-01T21:21:44.260+0000][20776][gc,age      ] GC(158) - age   7:       1232 bytes,    3421608 total
[2024-06-01T21:21:44.260+0000][20776][gc,age      ] GC(158) - age   8:       3920 bytes,    3425528 total
[2024-06-01T21:21:44.260+0000][20776][gc,age      ] GC(158) - age   9:        176 bytes,    3425704 total
[2024-06-01T21:21:44.260+0000][20776][gc,age      ] GC(158) - age  10:      29072 bytes,    3454776 total
[2024-06-01T21:21:44.260+0000][20776][gc,age      ] GC(158) - age  11:       2520 bytes,    3457296 total
[2024-06-01T21:21:44.260+0000][20776][gc,age      ] GC(158) - age  12:        424 bytes,    3457720 total
[2024-06-01T21:21:44.260+0000][20776][gc,age      ] GC(158) - age  13:        344 bytes,    3458064 total
[2024-06-01T21:21:44.260+0000][20776][gc,age      ] GC(158) - age  14:        456 bytes,    3458520 total
[2024-06-01T21:21:44.260+0000][20776][gc,age      ] GC(158) - age  15:        160 bytes,    3458680 total
[2024-06-01T21:21:44.260+0000][20776][gc,heap     ] GC(158) Eden regions: 605->0(605)
[2024-06-01T21:21:44.260+0000][20776][gc,heap     ] GC(158) Survivor regions: 1->1(76)
[2024-06-01T21:21:44.260+0000][20776][gc,heap     ] GC(158) Old regions: 52->52
[2024-06-01T21:21:44.261+0000][20776][gc,heap     ] GC(158) Archive regions: 0->0
[2024-06-01T21:21:44.261+0000][20776][gc,heap     ] GC(158) Humongous regions: 2->2
[2024-06-01T21:21:44.261+0000][20776][gc,metaspace] GC(158) Metaspace: 134936K(138688K)->134936K(138688K) NonClass: 117121K(119040K)->117121K(119040K) Class: 17814K(19648K)->17814K(19648K)
[2024-06-01T21:21:44.261+0000][20776][gc          ] GC(158) Pause Young (Normal) (G1 Evacuation Pause) 2636M->216M(4040M) 10.435ms
[2024-06-01T21:21:44.261+0000][20776][gc,cpu      ] GC(158) User=0.00s Sys=0.00s Real=0.01s
[2024-06-01T21:21:44.261+0000][20776][safepoint   ] Safepoint "G1CollectForAllocation", Time since last: 32378644000 ns, Reaching safepoint: 129500 ns, At safepoint: 10607200 ns, Total: 10736700 ns
[2024-06-01T21:22:14.488+0000][20776][safepoint   ] Safepoint "Cleanup", Time since last: 30226771100 ns, Reaching safepoint: 136200 ns, At safepoint: 17400 ns, Total: 153600 ns
[2024-06-01T21:22:32.586+0000][20776][safepoint   ] Safepoint "Cleanup", Time since last: 18098411000 ns, Reaching safepoint: 251300 ns, At safepoint: 35900 ns, Total: 287200 ns
[2024-06-01T21:27:27.571+0000][20776][safepoint   ] Safepoint "Cleanup", Time since last: 294984432300 ns, Reaching safepoint: 205000 ns, At safepoint: 79900 ns, Total: 284900 ns
[2024-06-01T21:27:44.742+0000][20776][safepoint   ] Safepoint "Cleanup", Time since last: 17170537000 ns, Reaching safepoint: 127700 ns, At safepoint: 39100 ns, Total: 166800 ns
[2024-06-01T21:27:54.827+0000][20776][safepoint   ] Safepoint "Cleanup", Time since last: 10084635700 ns, Reaching safepoint: 130400 ns, At safepoint: 42800 ns, Total: 173200 ns
[2024-06-01T21:28:40.175+0000][20776][safepoint   ] Safepoint "Cleanup", Time since last: 45347887900 ns, Reaching safepoint: 113300 ns, At safepoint: 32200 ns, Total: 145500 ns
[2024-06-01T21:30:55.103+0000][20776][safepoint   ] Safepoint "Cleanup", Time since last: 134928227200 ns, Reaching safepoint: 162800 ns, At safepoint: 22500 ns, Total: 185300 ns
[2024-06-01T21:32:05.099+0000][20776][gc,start    ] GC(159) Pause Young (Normal) (G1 Evacuation Pause)
[2024-06-01T21:32:05.099+0000][20776][gc,task     ] GC(159) Using 8 workers of 8 for evacuation
[2024-06-01T21:32:05.099+0000][20776][gc,age      ] GC(159) Desired survivor size 159383552 bytes, new threshold 15 (max threshold 15)
[2024-06-01T21:32:05.117+0000][20776][gc,phases   ] GC(159)   Pre Evacuate Collection Set: 0.5ms
[2024-06-01T21:32:05.117+0000][20776][gc,phases   ] GC(159)   Merge Heap Roots: 0.5ms
[2024-06-01T21:32:05.117+0000][20776][gc,phases   ] GC(159)   Evacuate Collection Set: 9.0ms
[2024-06-01T21:32:05.117+0000][20776][gc,phases   ] GC(159)   Post Evacuate Collection Set: 5.4ms
[2024-06-01T21:32:05.117+0000][20776][gc,phases   ] GC(159)   Other: 3.3ms
[2024-06-01T21:32:05.117+0000][20776][gc,age      ] GC(159) Age table with threshold 15 (max threshold 15)
[2024-06-01T21:32:05.117+0000][20776][gc,age      ] GC(159) - age   1:    1428752 bytes,    1428752 total
[2024-06-01T21:32:05.117+0000][20776][gc,age      ] GC(159) - age   2:    1353728 bytes,    2782480 total
[2024-06-01T21:32:05.117+0000][20776][gc,age      ] GC(159) - age   3:       1256 bytes,    2783736 total
[2024-06-01T21:32:05.117+0000][20776][gc,age      ] GC(159) - age   4:        672 bytes,    2784408 total
[2024-06-01T21:32:05.117+0000][20776][gc,age      ] GC(159) - age   5:        400 bytes,    2784808 total
[2024-06-01T21:32:05.117+0000][20776][gc,age      ] GC(159) - age   6:     597312 bytes,    3382120 total
[2024-06-01T21:32:05.117+0000][20776][gc,age      ] GC(159) - age   7:        576 bytes,    3382696 total
[2024-06-01T21:32:05.117+0000][20776][gc,age      ] GC(159) - age   8:       1232 bytes,    3383928 total
[2024-06-01T21:32:05.117+0000][20776][gc,age      ] GC(159) - age   9:       2320 bytes,    3386248 total
[2024-06-01T21:32:05.117+0000][20776][gc,age      ] GC(159) - age  10:        176 bytes,    3386424 total
[2024-06-01T21:32:05.117+0000][20776][gc,age      ] GC(159) - age  11:      29072 bytes,    3415496 total
[2024-06-01T21:32:05.117+0000][20776][gc,age      ] GC(159) - age  12:       2520 bytes,    3418016 total
[2024-06-01T21:32:05.118+0000][20776][gc,age      ] GC(159) - age  13:        424 bytes,    3418440 total
[2024-06-01T21:32:05.118+0000][20776][gc,age      ] GC(159) - age  14:        344 bytes,    3418784 total
[2024-06-01T21:32:05.118+0000][20776][gc,age      ] GC(159) - age  15:        456 bytes,    3419240 total
[2024-06-01T21:32:05.118+0000][20776][gc,heap     ] GC(159) Eden regions: 605->0(605)
[2024-06-01T21:32:05.118+0000][20776][gc,heap     ] GC(159) Survivor regions: 1->1(76)
[2024-06-01T21:32:05.118+0000][20776][gc,heap     ] GC(159) Old regions: 52->52
[2024-06-01T21:32:05.118+0000][20776][gc,heap     ] GC(159) Archive regions: 0->0
[2024-06-01T21:32:05.118+0000][20776][gc,heap     ] GC(159) Humongous regions: 2->2
[2024-06-01T21:32:05.118+0000][20776][gc,metaspace] GC(159) Metaspace: 134937K(138688K)->134937K(138688K) NonClass: 117122K(119040K)->117122K(119040K) Class: 17814K(19648K)->17814K(19648K)
[2024-06-01T21:32:05.118+0000][20776][gc          ] GC(159) Pause Young (Normal) (G1 Evacuation Pause) 2636M->216M(4040M) 19.771ms
[2024-06-01T21:32:05.118+0000][20776][gc,cpu      ] GC(159) User=0.00s Sys=0.05s Real=0.02s
[2024-06-01T21:32:05.118+0000][20776][safepoint   ] Safepoint "G1CollectForAllocation", Time since last: 69995560700 ns, Reaching safepoint: 235700 ns, At safepoint: 20110400 ns, Total: 20346100 ns
[2024-06-01T21:32:23.246+0000][20776][safepoint   ] Safepoint "Cleanup", Time since last: 18126342200 ns, Reaching safepoint: 166700 ns, At safepoint: 15800 ns, Total: 182500 ns
[2024-06-01T21:34:35.874+0000][20776][safepoint   ] Safepoint "Cleanup", Time since last: 132627160600 ns, Reaching safepoint: 1260300 ns, At safepoint: 59600 ns, Total: 1319900 ns
[2024-06-01T21:34:36.891+0000][20776][safepoint   ] Safepoint "Cleanup", Time since last: 1016828200 ns, Reaching safepoint: 216200 ns, At safepoint: 21400 ns, Total: 237600 ns
[2024-06-02T00:43:12.989+0000][20776][safepoint   ] Safepoint "Cleanup", Time since last: 11315980405300 ns, Reaching safepoint: 124362400 ns, At safepoint: 2235800 ns, Total: 126598200 ns
[2024-06-02T11:43:40.887+0000][20776][safepoint   ] Safepoint "Cleanup", Time since last: 39633436063400 ns, Reaching safepoint: 155800 ns, At safepoint: 15000 ns, Total: 170800 ns
[2024-06-02T11:43:41.902+0000][20776][safepoint   ] Safepoint "Cleanup", Time since last: 1015493200 ns, Reaching safepoint: 229000 ns, At safepoint: 20100 ns, Total: 249100 ns
[2024-06-02T11:44:10.977+0000][20776][safepoint   ] Safepoint "Cleanup", Time since last: 29074264700 ns, Reaching safepoint: 1093700 ns, At safepoint: 102300 ns, Total: 1196000 ns
[2024-06-02T11:44:11.978+0000][20776][safepoint   ] Safepoint "Cleanup", Time since last: 1000354800 ns, Reaching safepoint: 109100 ns, At safepoint: 7400 ns, Total: 116500 ns
[2024-06-02T11:44:22.865+0000][20776][gc,start    ] GC(160) Pause Young (Normal) (G1 Evacuation Pause)
[2024-06-02T11:44:22.865+0000][20776][gc,task     ] GC(160) Using 8 workers of 8 for evacuation
[2024-06-02T11:44:22.865+0000][20776][gc,age      ] GC(160) Desired survivor size 159383552 bytes, new threshold 15 (max threshold 15)
[2024-06-02T11:44:22.881+0000][20776][gc,phases   ] GC(160)   Pre Evacuate Collection Set: 0.1ms
[2024-06-02T11:44:22.881+0000][20776][gc,phases   ] GC(160)   Merge Heap Roots: 0.2ms
[2024-06-02T11:44:22.881+0000][20776][gc,phases   ] GC(160)   Evacuate Collection Set: 5.8ms
[2024-06-02T11:44:22.881+0000][20776][gc,phases   ] GC(160)   Post Evacuate Collection Set: 2.6ms
[2024-06-02T11:44:22.881+0000][20776][gc,phases   ] GC(160)   Other: 0.1ms
[2024-06-02T11:44:22.881+0000][20776][gc,age      ] GC(160) Age table with threshold 15 (max threshold 15)
[2024-06-02T11:44:22.881+0000][20776][gc,age      ] GC(160) - age   1:    2845944 bytes,    2845944 total
[2024-06-02T11:44:22.881+0000][20776][gc,age      ] GC(160) - age   2:       1864 bytes,    2847808 total
[2024-06-02T11:44:22.881+0000][20776][gc,age      ] GC(160) - age   3:     806112 bytes,    3653920 total
[2024-06-02T11:44:22.881+0000][20776][gc,age      ] GC(160) - age   4:       1256 bytes,    3655176 total
[2024-06-02T11:44:22.881+0000][20776][gc,age      ] GC(160) - age   5:        592 bytes,    3655768 total
[2024-06-02T11:44:22.881+0000][20776][gc,age      ] GC(160) - age   6:        400 bytes,    3656168 total
[2024-06-02T11:44:22.881+0000][20776][gc,age      ] GC(160) - age   7:     434016 bytes,    4090184 total
[2024-06-02T11:44:22.881+0000][20776][gc,age      ] GC(160) - age   8:        456 bytes,    4090640 total
[2024-06-02T11:44:22.881+0000][20776][gc,age      ] GC(160) - age   9:       1152 bytes,    4091792 total
[2024-06-02T11:44:22.881+0000][20776][gc,age      ] GC(160) - age  10:       2320 bytes,    4094112 total
[2024-06-02T11:44:22.881+0000][20776][gc,age      ] GC(160) - age  11:        176 bytes,    4094288 total
[2024-06-02T11:44:22.881+0000][20776][gc,age      ] GC(160) - age  12:      29072 bytes,    4123360 total
[2024-06-02T11:44:22.881+0000][20776][gc,age      ] GC(160) - age  13:       2416 bytes,    4125776 total
[2024-06-02T11:44:22.881+0000][20776][gc,age      ] GC(160) - age  14:        424 bytes,    4126200 total
[2024-06-02T11:44:22.881+0000][20776][gc,age      ] GC(160) - age  15:        208 bytes,    4126408 total
[2024-06-02T11:44:22.881+0000][20776][gc,heap     ] GC(160) Eden regions: 605->0(604)
[2024-06-02T11:44:22.881+0000][20776][gc,heap     ] GC(160) Survivor regions: 1->2(76)
[2024-06-02T11:44:22.881+0000][20776][gc,heap     ] GC(160) Old regions: 52->52
[2024-06-02T11:44:22.881+0000][20776][gc,heap     ] GC(160) Archive regions: 0->0
[2024-06-02T11:44:22.881+0000][20776][gc,heap     ] GC(160) Humongous regions: 2->2
[2024-06-02T11:44:22.881+0000][20776][gc,metaspace] GC(160) Metaspace: 134962K(138752K)->134962K(138752K) NonClass: 117147K(119104K)->117147K(119104K) Class: 17814K(19648K)->17814K(19648K)
[2024-06-02T11:44:22.881+0000][20776][gc          ] GC(160) Pause Young (Normal) (G1 Evacuation Pause) 2636M->217M(4040M) 9.203ms
[2024-06-02T11:44:22.881+0000][20776][gc,cpu      ] GC(160) User=0.02s Sys=0.06s Real=0.02s
[2024-06-02T11:44:22.881+0000][20776][safepoint   ] Safepoint "G1CollectForAllocation", Time since last: 10894621300 ns, Reaching safepoint: 148300 ns, At safepoint: 9673100 ns, Total: 9821400 ns
[2024-06-02T11:44:38.907+0000][20776][safepoint   ] Safepoint "Cleanup", Time since last: 16023874500 ns, Reaching safepoint: 161300 ns, At safepoint: 6600 ns, Total: 167900 ns
[2024-06-02T11:45:26.074+0000][20776][safepoint   ] Safepoint "Cleanup", Time since last: 47166489700 ns, Reaching safepoint: 165400 ns, At safepoint: 74000 ns, Total: 239400 ns
[2024-06-02T11:46:49.632+0000][20776][safepoint   ] Safepoint "Cleanup", Time since last: 83557912700 ns, Reaching safepoint: 133700 ns, At safepoint: 49200 ns, Total: 182900 ns
[2024-06-02T11:46:50.636+0000][20776][safepoint   ] Safepoint "Cleanup", Time since last: 1003672700 ns, Reaching safepoint: 117400 ns, At safepoint: 20900 ns, Total: 138300 ns
[2024-06-02T11:47:31.019+0000][20776][safepoint   ] Safepoint "Cleanup", Time since last: 40382902400 ns, Reaching safepoint: 166400 ns, At safepoint: 58200 ns, Total: 224600 ns
[2024-06-02T11:48:39.513+0000][20776][safepoint   ] Safepoint "Cleanup", Time since last: 68494417800 ns, Reaching safepoint: 85400 ns, At safepoint: 13200 ns, Total: 98600 ns
[2024-06-02T11:58:27.754+0000][20776][gc,start    ] GC(161) Pause Young (Normal) (G1 Evacuation Pause)
[2024-06-02T11:58:27.754+0000][20776][gc,task     ] GC(161) Using 8 workers of 8 for evacuation
[2024-06-02T11:58:27.754+0000][20776][gc,age      ] GC(161) Desired survivor size 159383552 bytes, new threshold 15 (max threshold 15)
[2024-06-02T11:58:27.763+0000][20776][gc,phases   ] GC(161)   Pre Evacuate Collection Set: 0.3ms
[2024-06-02T11:58:27.763+0000][20776][gc,phases   ] GC(161)   Merge Heap Roots: 0.2ms
[2024-06-02T11:58:27.763+0000][20776][gc,phases   ] GC(161)   Evacuate Collection Set: 5.2ms
[2024-06-02T11:58:27.763+0000][20776][gc,phases   ] GC(161)   Post Evacuate Collection Set: 1.6ms
[2024-06-02T11:58:27.763+0000][20776][gc,phases   ] GC(161)   Other: 2.3ms
[2024-06-02T11:58:27.763+0000][20776][gc,age      ] GC(161) Age table with threshold 15 (max threshold 15)
[2024-06-02T11:58:27.763+0000][20776][gc,age      ] GC(161) - age   1:    1325176 bytes,    1325176 total
[2024-06-02T11:58:27.763+0000][20776][gc,age      ] GC(161) - age   2:     796008 bytes,    2121184 total
[2024-06-02T11:58:27.763+0000][20776][gc,age      ] GC(161) - age   3:        536 bytes,    2121720 total
[2024-06-02T11:58:27.763+0000][20776][gc,age      ] GC(161) - age   4:     733824 bytes,    2855544 total
[2024-06-02T11:58:27.763+0000][20776][gc,age      ] GC(161) - age   5:       1176 bytes,    2856720 total
[2024-06-02T11:58:27.763+0000][20776][gc,age      ] GC(161) - age   6:        512 bytes,    2857232 total
[2024-06-02T11:58:27.763+0000][20776][gc,age      ] GC(161) - age   7:        320 bytes,    2857552 total
[2024-06-02T11:58:27.763+0000][20776][gc,age      ] GC(161) - age   8:     433840 bytes,    3291392 total
[2024-06-02T11:58:27.763+0000][20776][gc,age      ] GC(161) - age   9:        456 bytes,    3291848 total
[2024-06-02T11:58:27.763+0000][20776][gc,age      ] GC(161) - age  10:       1072 bytes,    3292920 total
[2024-06-02T11:58:27.763+0000][20776][gc,age      ] GC(161) - age  11:       2320 bytes,    3295240 total
[2024-06-02T11:58:27.763+0000][20776][gc,age      ] GC(161) - age  12:        176 bytes,    3295416 total
[2024-06-02T11:58:27.763+0000][20776][gc,age      ] GC(161) - age  13:      29072 bytes,    3324488 total
[2024-06-02T11:58:27.763+0000][20776][gc,age      ] GC(161) - age  14:       2416 bytes,    3326904 total
[2024-06-02T11:58:27.763+0000][20776][gc,age      ] GC(161) - age  15:        424 bytes,    3327328 total
[2024-06-02T11:58:27.763+0000][20776][gc,heap     ] GC(161) Eden regions: 604->0(605)
[2024-06-02T11:58:27.763+0000][20776][gc,heap     ] GC(161) Survivor regions: 2->1(76)
[2024-06-02T11:58:27.763+0000][20776][gc,heap     ] GC(161) Old regions: 52->52
[2024-06-02T11:58:27.763+0000][20776][gc,heap     ] GC(161) Archive regions: 0->0
[2024-06-02T11:58:27.763+0000][20776][gc,heap     ] GC(161) Humongous regions: 2->2
[2024-06-02T11:58:27.763+0000][20776][gc,metaspace] GC(161) Metaspace: 134963K(138752K)->134963K(138752K) NonClass: 117148K(119104K)->117148K(119104K) Class: 17814K(19648K)->17814K(19648K)
[2024-06-02T11:58:27.763+0000][20776][gc          ] GC(161) Pause Young (Normal) (G1 Evacuation Pause) 2633M->216M(4040M) 10.061ms
[2024-06-02T11:58:27.763+0000][20776][gc,cpu      ] GC(161) User=0.00s Sys=0.00s Real=0.01s
[2024-06-02T11:58:27.763+0000][20776][safepoint   ] Safepoint "G1CollectForAllocation", Time since last: 588240225300 ns, Reaching safepoint: 284100 ns, At safepoint: 10203600 ns, Total: 10487700 ns
[2024-06-02T12:12:14.784+0000][20776][gc,start    ] GC(162) Pause Young (Normal) (G1 Evacuation Pause)
[2024-06-02T12:12:14.784+0000][20776][gc,task     ] GC(162) Using 8 workers of 8 for evacuation
[2024-06-02T12:12:14.784+0000][20776][gc,age      ] GC(162) Desired survivor size 159383552 bytes, new threshold 15 (max threshold 15)
[2024-06-02T12:12:14.793+0000][20776][gc,phases   ] GC(162)   Pre Evacuate Collection Set: 0.3ms
[2024-06-02T12:12:14.793+0000][20776][gc,phases   ] GC(162)   Merge Heap Roots: 0.3ms
[2024-06-02T12:12:14.793+0000][20776][gc,phases   ] GC(162)   Evacuate Collection Set: 5.6ms
[2024-06-02T12:12:14.793+0000][20776][gc,phases   ] GC(162)   Post Evacuate Collection Set: 2.1ms
[2024-06-02T12:12:14.793+0000][20776][gc,phases   ] GC(162)   Other: 0.3ms
[2024-06-02T12:12:14.793+0000][20776][gc,age      ] GC(162) Age table with threshold 15 (max threshold 15)
[2024-06-02T12:12:14.793+0000][20776][gc,age      ] GC(162) - age   1:    1205928 bytes,    1205928 total
[2024-06-02T12:12:14.793+0000][20776][gc,age      ] GC(162) - age   2:     204048 bytes,    1409976 total
[2024-06-02T12:12:14.793+0000][20776][gc,age      ] GC(162) - age   3:     793848 bytes,    2203824 total
[2024-06-02T12:12:14.793+0000][20776][gc,age      ] GC(162) - age   4:        536 bytes,    2204360 total
[2024-06-02T12:12:14.793+0000][20776][gc,age      ] GC(162) - age   5:     733824 bytes,    2938184 total
[2024-06-02T12:12:14.793+0000][20776][gc,age      ] GC(162) - age   6:       1176 bytes,    2939360 total
[2024-06-02T12:12:14.793+0000][20776][gc,age      ] GC(162) - age   7:        512 bytes,    2939872 total
[2024-06-02T12:12:14.793+0000][20776][gc,age      ] GC(162) - age   8:        320 bytes,    2940192 total
[2024-06-02T12:12:14.793+0000][20776][gc,age      ] GC(162) - age   9:     433840 bytes,    3374032 total
[2024-06-02T12:12:14.793+0000][20776][gc,age      ] GC(162) - age  10:        456 bytes,    3374488 total
[2024-06-02T12:12:14.793+0000][20776][gc,age      ] GC(162) - age  11:       1072 bytes,    3375560 total
[2024-06-02T12:12:14.793+0000][20776][gc,age      ] GC(162) - age  12:       2320 bytes,    3377880 total
[2024-06-02T12:12:14.793+0000][20776][gc,age      ] GC(162) - age  13:        176 bytes,    3378056 total
[2024-06-02T12:12:14.793+0000][20776][gc,age      ] GC(162) - age  14:      29072 bytes,    3407128 total
[2024-06-02T12:12:14.793+0000][20776][gc,age      ] GC(162) - age  15:       2416 bytes,    3409544 total
[2024-06-02T12:12:14.793+0000][20776][gc,heap     ] GC(162) Eden regions: 605->0(605)
[2024-06-02T12:12:14.793+0000][20776][gc,heap     ] GC(162) Survivor regions: 1->1(76)
[2024-06-02T12:12:14.793+0000][20776][gc,heap     ] GC(162) Old regions: 52->52
[2024-06-02T12:12:14.793+0000][20776][gc,heap     ] GC(162) Archive regions: 0->0
[2024-06-02T12:12:14.793+0000][20776][gc,heap     ] GC(162) Humongous regions: 2->2
[2024-06-02T12:12:14.793+0000][20776][gc,metaspace] GC(162) Metaspace: 134963K(138752K)->134963K(138752K) NonClass: 117148K(119104K)->117148K(119104K) Class: 17814K(19648K)->17814K(19648K)
[2024-06-02T12:12:14.793+0000][20776][gc          ] GC(162) Pause Young (Normal) (G1 Evacuation Pause) 2636M->216M(4040M) 8.991ms
[2024-06-02T12:12:14.793+0000][20776][gc,cpu      ] GC(162) User=0.00s Sys=0.00s Real=0.01s
[2024-06-02T12:12:14.793+0000][20776][safepoint   ] Safepoint "G1CollectForAllocation", Time since last: 827020482900 ns, Reaching safepoint: 368900 ns, At safepoint: 9109900 ns, Total: 9478800 ns
[2024-06-02T12:16:28.996+0000][20776][safepoint   ] Safepoint "Cleanup", Time since last: 254202277200 ns, Reaching safepoint: 612300 ns, At safepoint: 58300 ns, Total: 670600 ns
[2024-06-02T12:26:04.829+0000][20776][gc,start    ] GC(163) Pause Young (Normal) (G1 Evacuation Pause)
[2024-06-02T12:26:04.830+0000][20776][gc,task     ] GC(163) Using 8 workers of 8 for evacuation
[2024-06-02T12:26:04.830+0000][20776][gc,age      ] GC(163) Desired survivor size 159383552 bytes, new threshold 15 (max threshold 15)
[2024-06-02T12:26:04.840+0000][20776][gc,phases   ] GC(163)   Pre Evacuate Collection Set: 0.4ms
[2024-06-02T12:26:04.840+0000][20776][gc,phases   ] GC(163)   Merge Heap Roots: 0.3ms
[2024-06-02T12:26:04.840+0000][20776][gc,phases   ] GC(163)   Evacuate Collection Set: 5.9ms
[2024-06-02T12:26:04.840+0000][20776][gc,phases   ] GC(163)   Post Evacuate Collection Set: 3.3ms
[2024-06-02T12:26:04.840+0000][20776][gc,phases   ] GC(163)   Other: 0.6ms
[2024-06-02T12:26:04.840+0000][20776][gc,age      ] GC(163) Age table with threshold 15 (max threshold 15)
[2024-06-02T12:26:04.840+0000][20776][gc,age      ] GC(163) - age   1:     946600 bytes,     946600 total
[2024-06-02T12:26:04.840+0000][20776][gc,age      ] GC(163) - age   2:      24568 bytes,     971168 total
[2024-06-02T12:26:04.840+0000][20776][gc,age      ] GC(163) - age   3:     201672 bytes,    1172840 total
[2024-06-02T12:26:04.840+0000][20776][gc,age      ] GC(163) - age   4:     793704 bytes,    1966544 total
[2024-06-02T12:26:04.840+0000][20776][gc,age      ] GC(163) - age   5:        456 bytes,    1967000 total
[2024-06-02T12:26:04.841+0000][20776][gc,age      ] GC(163) - age   6:     733824 bytes,    2700824 total
[2024-06-02T12:26:04.841+0000][20776][gc,age      ] GC(163) - age   7:       1176 bytes,    2702000 total
[2024-06-02T12:26:04.841+0000][20776][gc,age      ] GC(163) - age   8:        512 bytes,    2702512 total
[2024-06-02T12:26:04.841+0000][20776][gc,age      ] GC(163) - age   9:        240 bytes,    2702752 total
[2024-06-02T12:26:04.841+0000][20776][gc,age      ] GC(163) - age  10:     433840 bytes,    3136592 total
[2024-06-02T12:26:04.841+0000][20776][gc,age      ] GC(163) - age  11:        376 bytes,    3136968 total
[2024-06-02T12:26:04.841+0000][20776][gc,age      ] GC(163) - age  12:        992 bytes,    3137960 total
[2024-06-02T12:26:04.841+0000][20776][gc,age      ] GC(163) - age  13:       2320 bytes,    3140280 total
[2024-06-02T12:26:04.841+0000][20776][gc,age      ] GC(163) - age  14:        176 bytes,    3140456 total
[2024-06-02T12:26:04.841+0000][20776][gc,age      ] GC(163) - age  15:      29072 bytes,    3169528 total
[2024-06-02T12:26:04.841+0000][20776][gc,heap     ] GC(163) Eden regions: 605->0(605)
[2024-06-02T12:26:04.841+0000][20776][gc,heap     ] GC(163) Survivor regions: 1->1(76)
[2024-06-02T12:26:04.841+0000][20776][gc,heap     ] GC(163) Old regions: 52->52
[2024-06-02T12:26:04.841+0000][20776][gc,heap     ] GC(163) Archive regions: 0->0
[2024-06-02T12:26:04.841+0000][20776][gc,heap     ] GC(163) Humongous regions: 2->2
[2024-06-02T12:26:04.841+0000][20776][gc,metaspace] GC(163) Metaspace: 134963K(138752K)->134963K(138752K) NonClass: 117148K(119104K)->117148K(119104K) Class: 17814K(19648K)->17814K(19648K)
[2024-06-02T12:26:04.841+0000][20776][gc          ] GC(163) Pause Young (Normal) (G1 Evacuation Pause) 2636M->216M(4040M) 11.755ms
[2024-06-02T12:26:04.841+0000][20776][gc,cpu      ] GC(163) User=0.02s Sys=0.00s Real=0.01s
[2024-06-02T12:26:04.841+0000][20776][safepoint   ] Safepoint "G1CollectForAllocation", Time since last: 575831851000 ns, Reaching safepoint: 599300 ns, At safepoint: 11985100 ns, Total: 12584400 ns
[2024-06-02T12:39:49.657+0000][20776][gc,start    ] GC(164) Pause Young (Normal) (G1 Evacuation Pause)
[2024-06-02T12:39:49.658+0000][20776][gc,task     ] GC(164) Using 8 workers of 8 for evacuation
[2024-06-02T12:39:49.658+0000][20776][gc,age      ] GC(164) Desired survivor size 159383552 bytes, new threshold 15 (max threshold 15)
[2024-06-02T12:39:49.674+0000][20776][gc,phases   ] GC(164)   Pre Evacuate Collection Set: 0.3ms
[2024-06-02T12:39:49.674+0000][20776][gc,phases   ] GC(164)   Merge Heap Roots: 0.2ms
[2024-06-02T12:39:49.674+0000][20776][gc,phases   ] GC(164)   Evacuate Collection Set: 11.9ms
[2024-06-02T12:39:49.674+0000][20776][gc,phases   ] GC(164)   Post Evacuate Collection Set: 3.1ms
[2024-06-02T12:39:49.674+0000][20776][gc,phases   ] GC(164)   Other: 0.3ms
[2024-06-02T12:39:49.674+0000][20776][gc,age      ] GC(164) Age table with threshold 15 (max threshold 15)
[2024-06-02T12:39:49.674+0000][20776][gc,age      ] GC(164) - age   1:    1514592 bytes,    1514592 total
[2024-06-02T12:39:49.674+0000][20776][gc,age      ] GC(164) - age   2:       1040 bytes,    1515632 total
[2024-06-02T12:39:49.674+0000][20776][gc,age      ] GC(164) - age   3:      23760 bytes,    1539392 total
[2024-06-02T12:39:49.674+0000][20776][gc,age      ] GC(164) - age   4:     201672 bytes,    1741064 total
[2024-06-02T12:39:49.674+0000][20776][gc,age      ] GC(164) - age   5:     793448 bytes,    2534512 total
[2024-06-02T12:39:49.674+0000][20776][gc,age      ] GC(164) - age   6:        344 bytes,    2534856 total
[2024-06-02T12:39:49.674+0000][20776][gc,age      ] GC(164) - age   7:     733496 bytes,    3268352 total
[2024-06-02T12:39:49.674+0000][20776][gc,age      ] GC(164) - age   8:       1080 bytes,    3269432 total
[2024-06-02T12:39:49.674+0000][20776][gc,age      ] GC(164) - age   9:        376 bytes,    3269808 total
[2024-06-02T12:39:49.674+0000][20776][gc,age      ] GC(164) - age  10:        240 bytes,    3270048 total
[2024-06-02T12:39:49.674+0000][20776][gc,age      ] GC(164) - age  11:     433840 bytes,    3703888 total
[2024-06-02T12:39:49.674+0000][20776][gc,age      ] GC(164) - age  12:        376 bytes,    3704264 total
[2024-06-02T12:39:49.674+0000][20776][gc,age      ] GC(164) - age  13:        992 bytes,    3705256 total
[2024-06-02T12:39:49.674+0000][20776][gc,age      ] GC(164) - age  14:       2240 bytes,    3707496 total
[2024-06-02T12:39:49.674+0000][20776][gc,age      ] GC(164) - age  15:         96 bytes,    3707592 total
[2024-06-02T12:39:49.674+0000][20776][gc,heap     ] GC(164) Eden regions: 605->0(605)
[2024-06-02T12:39:49.674+0000][20776][gc,heap     ] GC(164) Survivor regions: 1->1(76)
[2024-06-02T12:39:49.674+0000][20776][gc,heap     ] GC(164) Old regions: 52->52
[2024-06-02T12:39:49.674+0000][20776][gc,heap     ] GC(164) Archive regions: 0->0
[2024-06-02T12:39:49.674+0000][20776][gc,heap     ] GC(164) Humongous regions: 2->2
[2024-06-02T12:39:49.674+0000][20776][gc,metaspace] GC(164) Metaspace: 134963K(138752K)->134963K(138752K) NonClass: 117148K(119104K)->117148K(119104K) Class: 17814K(19648K)->17814K(19648K)
[2024-06-02T12:39:49.674+0000][20776][gc          ] GC(164) Pause Young (Normal) (G1 Evacuation Pause) 2636M->217M(4040M) 17.080ms
[2024-06-02T12:39:49.674+0000][20776][gc,cpu      ] GC(164) User=0.00s Sys=0.06s Real=0.02s
[2024-06-02T12:39:49.674+0000][20776][safepoint   ] Safepoint "G1CollectForAllocation", Time since last: 824814973500 ns, Reaching safepoint: 1292100 ns, At safepoint: 17246800 ns, Total: 18538900 ns
[2024-06-02T12:44:40.024+0000][20776][safepoint   ] Safepoint "Cleanup", Time since last: 290348662900 ns, Reaching safepoint: 281400 ns, At safepoint: 21400 ns, Total: 302800 ns
[2024-06-02T12:45:40.568+0000][20776][safepoint   ] Safepoint "Cleanup", Time since last: 60543820600 ns, Reaching safepoint: 131100 ns, At safepoint: 22000 ns, Total: 153100 ns
[2024-06-02T12:51:09.949+0000][20776][gc,start    ] GC(165) Pause Young (Normal) (G1 Evacuation Pause)
[2024-06-02T12:51:09.949+0000][20776][gc,task     ] GC(165) Using 8 workers of 8 for evacuation
[2024-06-02T12:51:09.949+0000][20776][gc,age      ] GC(165) Desired survivor size 159383552 bytes, new threshold 15 (max threshold 15)
[2024-06-02T12:51:09.958+0000][20776][gc,phases   ] GC(165)   Pre Evacuate Collection Set: 0.3ms
[2024-06-02T12:51:09.958+0000][20776][gc,phases   ] GC(165)   Merge Heap Roots: 0.7ms
[2024-06-02T12:51:09.958+0000][20776][gc,phases   ] GC(165)   Evacuate Collection Set: 6.4ms
[2024-06-02T12:51:09.958+0000][20776][gc,phases   ] GC(165)   Post Evacuate Collection Set: 1.5ms
[2024-06-02T12:51:09.958+0000][20776][gc,phases   ] GC(165)   Other: 0.3ms
[2024-06-02T12:51:09.958+0000][20776][gc,age      ] GC(165) Age table with threshold 15 (max threshold 15)
[2024-06-02T12:51:09.958+0000][20776][gc,age      ] GC(165) - age   1:    2181088 bytes,    2181088 total
[2024-06-02T12:51:09.958+0000][20776][gc,age      ] GC(165) - age   2:       2768 bytes,    2183856 total
[2024-06-02T12:51:09.958+0000][20776][gc,age      ] GC(165) - age   3:        320 bytes,    2184176 total
[2024-06-02T12:51:09.958+0000][20776][gc,age      ] GC(165) - age   4:       1000 bytes,    2185176 total
[2024-06-02T12:51:09.958+0000][20776][gc,age      ] GC(165) - age   5:      32240 bytes,    2217416 total
[2024-06-02T12:51:09.958+0000][20776][gc,age      ] GC(165) - age   6:     790304 bytes,    3007720 total
[2024-06-02T12:51:09.958+0000][20776][gc,age      ] GC(165) - age   7:        344 bytes,    3008064 total
[2024-06-02T12:51:09.958+0000][20776][gc,age      ] GC(165) - age   8:     733416 bytes,    3741480 total
[2024-06-02T12:51:09.958+0000][20776][gc,age      ] GC(165) - age   9:       1080 bytes,    3742560 total
[2024-06-02T12:51:09.958+0000][20776][gc,age      ] GC(165) - age  10:        376 bytes,    3742936 total
[2024-06-02T12:51:09.958+0000][20776][gc,age      ] GC(165) - age  11:        240 bytes,    3743176 total
[2024-06-02T12:51:09.958+0000][20776][gc,age      ] GC(165) - age  12:     433840 bytes,    4177016 total
[2024-06-02T12:51:09.958+0000][20776][gc,age      ] GC(165) - age  13:        376 bytes,    4177392 total
[2024-06-02T12:51:09.958+0000][20776][gc,age      ] GC(165) - age  14:        992 bytes,    4178384 total
[2024-06-02T12:51:09.958+0000][20776][gc,age      ] GC(165) - age  15:       2240 bytes,    4180624 total
[2024-06-02T12:51:09.958+0000][20776][gc,heap     ] GC(165) Eden regions: 605->0(604)
[2024-06-02T12:51:09.958+0000][20776][gc,heap     ] GC(165) Survivor regions: 1->2(76)
[2024-06-02T12:51:09.958+0000][20776][gc,heap     ] GC(165) Old regions: 52->52
[2024-06-02T12:51:09.958+0000][20776][gc,heap     ] GC(165) Archive regions: 0->0
[2024-06-02T12:51:09.958+0000][20776][gc,heap     ] GC(165) Humongous regions: 2->2
[2024-06-02T12:51:09.958+0000][20776][gc,metaspace] GC(165) Metaspace: 134965K(138752K)->134965K(138752K) NonClass: 117150K(119104K)->117150K(119104K) Class: 17814K(19648K)->17814K(19648K)
[2024-06-02T12:51:09.958+0000][20776][gc          ] GC(165) Pause Young (Normal) (G1 Evacuation Pause) 2637M->217M(4040M) 9.801ms
[2024-06-02T12:51:09.958+0000][20776][gc,cpu      ] GC(165) User=0.00s Sys=0.03s Real=0.01s
[2024-06-02T12:51:09.958+0000][20776][safepoint   ] Safepoint "G1CollectForAllocation", Time since last: 329381051200 ns, Reaching safepoint: 125900 ns, At safepoint: 10035100 ns, Total: 10161000 ns
[2024-06-02T13:00:10.485+0000][20776][safepoint   ] Safepoint "Cleanup", Time since last: 540525611800 ns, Reaching safepoint: 269700 ns, At safepoint: 30600 ns, Total: 300300 ns
[2024-06-02T13:01:35.757+0000][20776][gc,start    ] GC(166) Pause Young (Normal) (G1 Evacuation Pause)
[2024-06-02T13:01:35.757+0000][20776][gc,task     ] GC(166) Using 8 workers of 8 for evacuation
[2024-06-02T13:01:35.757+0000][20776][gc,age      ] GC(166) Desired survivor size 159383552 bytes, new threshold 15 (max threshold 15)
[2024-06-02T13:01:35.763+0000][20776][gc,phases   ] GC(166)   Pre Evacuate Collection Set: 0.2ms
[2024-06-02T13:01:35.763+0000][20776][gc,phases   ] GC(166)   Merge Heap Roots: 0.3ms
[2024-06-02T13:01:35.763+0000][20776][gc,phases   ] GC(166)   Evacuate Collection Set: 3.9ms
[2024-06-02T13:01:35.763+0000][20776][gc,phases   ] GC(166)   Post Evacuate Collection Set: 1.6ms
[2024-06-02T13:01:35.763+0000][20776][gc,phases   ] GC(166)   Other: 0.2ms
[2024-06-02T13:01:35.763+0000][20776][gc,age      ] GC(166) Age table with threshold 15 (max threshold 15)
[2024-06-02T13:01:35.763+0000][20776][gc,age      ] GC(166) - age   1:    1676856 bytes,    1676856 total
[2024-06-02T13:01:35.763+0000][20776][gc,age      ] GC(166) - age   2:     435880 bytes,    2112736 total
[2024-06-02T13:01:35.763+0000][20776][gc,age      ] GC(166) - age   3:        816 bytes,    2113552 total
[2024-06-02T13:01:35.763+0000][20776][gc,age      ] GC(166) - age   4:        320 bytes,    2113872 total
[2024-06-02T13:01:35.763+0000][20776][gc,age      ] GC(166) - age   5:       1000 bytes,    2114872 total
[2024-06-02T13:01:35.763+0000][20776][gc,age      ] GC(166) - age   6:      31984 bytes,    2146856 total
[2024-06-02T13:01:35.763+0000][20776][gc,age      ] GC(166) - age   7:     790224 bytes,    2937080 total
[2024-06-02T13:01:35.763+0000][20776][gc,age      ] GC(166) - age   8:        344 bytes,    2937424 total
[2024-06-02T13:01:35.763+0000][20776][gc,age      ] GC(166) - age   9:     733416 bytes,    3670840 total
[2024-06-02T13:01:35.763+0000][20776][gc,age      ] GC(166) - age  10:       1000 bytes,    3671840 total
[2024-06-02T13:01:35.763+0000][20776][gc,age      ] GC(166) - age  11:        376 bytes,    3672216 total
[2024-06-02T13:01:35.763+0000][20776][gc,age      ] GC(166) - age  12:        240 bytes,    3672456 total
[2024-06-02T13:01:35.763+0000][20776][gc,age      ] GC(166) - age  13:     433840 bytes,    4106296 total
[2024-06-02T13:01:35.763+0000][20776][gc,age      ] GC(166) - age  14:        376 bytes,    4106672 total
[2024-06-02T13:01:35.763+0000][20776][gc,age      ] GC(166) - age  15:        992 bytes,    4107664 total
[2024-06-02T13:01:35.763+0000][20776][gc,heap     ] GC(166) Eden regions: 604->0(604)
[2024-06-02T13:01:35.763+0000][20776][gc,heap     ] GC(166) Survivor regions: 2->2(76)
[2024-06-02T13:01:35.763+0000][20776][gc,heap     ] GC(166) Old regions: 52->52
[2024-06-02T13:01:35.763+0000][20776][gc,heap     ] GC(166) Archive regions: 0->0
[2024-06-02T13:01:35.763+0000][20776][gc,heap     ] GC(166) Humongous regions: 2->2
[2024-06-02T13:01:35.763+0000][20776][gc,metaspace] GC(166) Metaspace: 134965K(138752K)->134965K(138752K) NonClass: 117150K(119104K)->117150K(119104K) Class: 17814K(19648K)->17814K(19648K)
[2024-06-02T13:01:35.763+0000][20776][gc          ] GC(166) Pause Young (Normal) (G1 Evacuation Pause) 2633M->217M(4040M) 6.693ms
[2024-06-02T13:01:35.764+0000][20776][gc,cpu      ] GC(166) User=0.00s Sys=0.00s Real=0.01s
[2024-06-02T13:01:35.764+0000][20776][safepoint   ] Safepoint "G1CollectForAllocation", Time since last: 85272259700 ns, Reaching safepoint: 171000 ns, At safepoint: 6823300 ns, Total: 6994300 ns
[2024-06-02T13:14:52.503+0000][20776][gc,start    ] GC(167) Pause Young (Normal) (G1 Evacuation Pause)
[2024-06-02T13:14:52.503+0000][20776][gc,task     ] GC(167) Using 8 workers of 8 for evacuation
[2024-06-02T13:14:52.503+0000][20776][gc,age      ] GC(167) Desired survivor size 159383552 bytes, new threshold 15 (max threshold 15)
[2024-06-02T13:14:52.520+0000][20776][gc,phases   ] GC(167)   Pre Evacuate Collection Set: 0.6ms
[2024-06-02T13:14:52.520+0000][20776][gc,phases   ] GC(167)   Merge Heap Roots: 0.6ms
[2024-06-02T13:14:52.520+0000][20776][gc,phases   ] GC(167)   Evacuate Collection Set: 7.9ms
[2024-06-02T13:14:52.520+0000][20776][gc,phases   ] GC(167)   Post Evacuate Collection Set: 7.3ms
[2024-06-02T13:14:52.520+0000][20776][gc,phases   ] GC(167)   Other: 0.4ms
[2024-06-02T13:14:52.520+0000][20776][gc,age      ] GC(167) Age table with threshold 15 (max threshold 15)
[2024-06-02T13:14:52.520+0000][20776][gc,age      ] GC(167) - age   1:    1584160 bytes,    1584160 total
[2024-06-02T13:14:52.520+0000][20776][gc,age      ] GC(167) - age   2:       2792 bytes,    1586952 total
[2024-06-02T13:14:52.520+0000][20776][gc,age      ] GC(167) - age   3:     222352 bytes,    1809304 total
[2024-06-02T13:14:52.520+0000][20776][gc,age      ] GC(167) - age   4:        512 bytes,    1809816 total
[2024-06-02T13:14:52.520+0000][20776][gc,age      ] GC(167) - age   5:        240 bytes,    1810056 total
[2024-06-02T13:14:52.520+0000][20776][gc,age      ] GC(167) - age   6:       1000 bytes,    1811056 total
[2024-06-02T13:14:52.520+0000][20776][gc,age      ] GC(167) - age   7:      31816 bytes,    1842872 total
[2024-06-02T13:14:52.520+0000][20776][gc,age      ] GC(167) - age   8:     789912 bytes,    2632784 total
[2024-06-02T13:14:52.520+0000][20776][gc,age      ] GC(167) - age   9:        344 bytes,    2633128 total
[2024-06-02T13:14:52.520+0000][20776][gc,age      ] GC(167) - age  10:     733416 bytes,    3366544 total
[2024-06-02T13:14:52.520+0000][20776][gc,age      ] GC(167) - age  11:        920 bytes,    3367464 total
[2024-06-02T13:14:52.521+0000][20776][gc,age      ] GC(167) - age  12:        376 bytes,    3367840 total
[2024-06-02T13:14:52.521+0000][20776][gc,age      ] GC(167) - age  13:        240 bytes,    3368080 total
[2024-06-02T13:14:52.521+0000][20776][gc,age      ] GC(167) - age  14:     433840 bytes,    3801920 total
[2024-06-02T13:14:52.521+0000][20776][gc,age      ] GC(167) - age  15:        296 bytes,    3802216 total
[2024-06-02T13:14:52.521+0000][20776][gc,heap     ] GC(167) Eden regions: 604->0(605)
[2024-06-02T13:14:52.521+0000][20776][gc,heap     ] GC(167) Survivor regions: 2->1(76)
[2024-06-02T13:14:52.521+0000][20776][gc,heap     ] GC(167) Old regions: 52->52
[2024-06-02T13:14:52.521+0000][20776][gc,heap     ] GC(167) Archive regions: 0->0
[2024-06-02T13:14:52.521+0000][20776][gc,heap     ] GC(167) Humongous regions: 2->2
[2024-06-02T13:14:52.521+0000][20776][gc,metaspace] GC(167) Metaspace: 134966K(138752K)->134966K(138752K) NonClass: 117151K(119104K)->117151K(119104K) Class: 17814K(19648K)->17814K(19648K)
[2024-06-02T13:14:52.521+0000][20776][gc          ] GC(167) Pause Young (Normal) (G1 Evacuation Pause) 2633M->217M(4040M) 18.276ms
[2024-06-02T13:14:52.521+0000][20776][gc,cpu      ] GC(167) User=0.02s Sys=0.03s Real=0.02s
[2024-06-02T13:14:52.521+0000][20776][safepoint   ] Safepoint "G1CollectForAllocation", Time since last: 796747315900 ns, Reaching safepoint: 749300 ns, At safepoint: 18536000 ns, Total: 19285300 ns
[2024-06-02T13:19:34.808+0000][20776][safepoint   ] Safepoint "Cleanup", Time since last: 282286166300 ns, Reaching safepoint: 265300 ns, At safepoint: 24800 ns, Total: 290100 ns
[2024-06-02T13:28:20.093+0000][20776][gc,start    ] GC(168) Pause Young (Normal) (G1 Evacuation Pause)
[2024-06-02T13:28:20.093+0000][20776][gc,task     ] GC(168) Using 8 workers of 8 for evacuation
[2024-06-02T13:28:20.093+0000][20776][gc,age      ] GC(168) Desired survivor size 159383552 bytes, new threshold 15 (max threshold 15)
[2024-06-02T13:28:20.106+0000][20776][gc,phases   ] GC(168)   Pre Evacuate Collection Set: 0.9ms
[2024-06-02T13:28:20.107+0000][20776][gc,phases   ] GC(168)   Merge Heap Roots: 0.2ms
[2024-06-02T13:28:20.107+0000][20776][gc,phases   ] GC(168)   Evacuate Collection Set: 10.6ms
[2024-06-02T13:28:20.107+0000][20776][gc,phases   ] GC(168)   Post Evacuate Collection Set: 1.8ms
[2024-06-02T13:28:20.107+0000][20776][gc,phases   ] GC(168)   Other: 0.6ms
[2024-06-02T13:28:20.107+0000][20776][gc,age      ] GC(168) Age table with threshold 15 (max threshold 15)
[2024-06-02T13:28:20.107+0000][20776][gc,age      ] GC(168) - age   1:    2006208 bytes,    2006208 total
[2024-06-02T13:28:20.107+0000][20776][gc,age      ] GC(168) - age   2:     416200 bytes,    2422408 total
[2024-06-02T13:28:20.107+0000][20776][gc,age      ] GC(168) - age   3:        592 bytes,    2423000 total
[2024-06-02T13:28:20.107+0000][20776][gc,age      ] GC(168) - age   4:     221784 bytes,    2644784 total
[2024-06-02T13:28:20.107+0000][20776][gc,age      ] GC(168) - age   5:        456 bytes,    2645240 total
[2024-06-02T13:28:20.107+0000][20776][gc,age      ] GC(168) - age   6:        240 bytes,    2645480 total
[2024-06-02T13:28:20.107+0000][20776][gc,age      ] GC(168) - age   7:        944 bytes,    2646424 total
[2024-06-02T13:28:20.107+0000][20776][gc,age      ] GC(168) - age   8:      31816 bytes,    2678240 total
[2024-06-02T13:28:20.107+0000][20776][gc,age      ] GC(168) - age   9:     789704 bytes,    3467944 total
[2024-06-02T13:28:20.107+0000][20776][gc,age      ] GC(168) - age  10:        264 bytes,    3468208 total
[2024-06-02T13:28:20.107+0000][20776][gc,age      ] GC(168) - age  11:     733416 bytes,    4201624 total
[2024-06-02T13:28:20.107+0000][20776][gc,age      ] GC(168) - age  12:        920 bytes,    4202544 total
[2024-06-02T13:28:20.107+0000][20776][gc,age      ] GC(168) - age  13:        376 bytes,    4202920 total
[2024-06-02T13:28:20.107+0000][20776][gc,age      ] GC(168) - age  14:        240 bytes,    4203160 total
[2024-06-02T13:28:20.107+0000][20776][gc,age      ] GC(168) - age  15:     433840 bytes,    4637000 total
[2024-06-02T13:28:20.107+0000][20776][gc,heap     ] GC(168) Eden regions: 605->0(604)
[2024-06-02T13:28:20.107+0000][20776][gc,heap     ] GC(168) Survivor regions: 1->2(76)
[2024-06-02T13:28:20.107+0000][20776][gc,heap     ] GC(168) Old regions: 52->52
[2024-06-02T13:28:20.107+0000][20776][gc,heap     ] GC(168) Archive regions: 0->0
[2024-06-02T13:28:20.107+0000][20776][gc,heap     ] GC(168) Humongous regions: 2->2
[2024-06-02T13:28:20.107+0000][20776][gc,metaspace] GC(168) Metaspace: 134966K(138752K)->134966K(138752K) NonClass: 117151K(119104K)->117151K(119104K) Class: 17814K(19648K)->17814K(19648K)
[2024-06-02T13:28:20.107+0000][20776][gc          ] GC(168) Pause Young (Normal) (G1 Evacuation Pause) 2637M->218M(4040M) 14.850ms
[2024-06-02T13:28:20.107+0000][20776][gc,cpu      ] GC(168) User=0.11s Sys=0.02s Real=0.01s
[2024-06-02T13:28:20.107+0000][20776][safepoint   ] Safepoint "G1CollectForAllocation", Time since last: 525284481800 ns, Reaching safepoint: 243500 ns, At safepoint: 15054600 ns, Total: 15298100 ns
[2024-06-02T13:29:40.842+0000][20776][safepoint   ] Safepoint "Cleanup", Time since last: 80715424500 ns, Reaching safepoint: 17986800 ns, At safepoint: 70600 ns, Total: 18057400 ns
[2024-06-02T13:39:34.817+0000][20776][safepoint   ] Safepoint "Cleanup", Time since last: 593975010000 ns, Reaching safepoint: 320500 ns, At safepoint: 31500 ns, Total: 352000 ns
[2024-06-02T13:44:43.301+0000][20776][safepoint   ] Safepoint "Cleanup", Time since last: 308492420600 ns, Reaching safepoint: 396400 ns, At safepoint: 20300 ns, Total: 416700 ns
[2024-06-03T10:41:05.644+0000][20776][safepoint   ] Safepoint "Cleanup", Time since last: 75387761846900 ns, Reaching safepoint: 218977700 ns, At safepoint: 284700 ns, Total: 219262400 ns
[2024-06-03T10:41:07.664+0000][20776][safepoint   ] Safepoint "Cleanup", Time since last: 2019751500 ns, Reaching safepoint: 93600 ns, At safepoint: 18600 ns, Total: 112200 ns
[2024-06-03T10:41:08.690+0000][20776][safepoint   ] Safepoint "Cleanup", Time since last: 1003764400 ns, Reaching safepoint: 22153600 ns, At safepoint: 204400 ns, Total: 22358000 ns
[2024-06-03T10:41:12.738+0000][20776][safepoint   ] Safepoint "Cleanup", Time since last: 4032480200 ns, Reaching safepoint: 15658200 ns, At safepoint: 273300 ns, Total: 15931500 ns
[2024-06-03T10:41:13.750+0000][20776][safepoint   ] Safepoint "Cleanup", Time since last: 1011270600 ns, Reaching safepoint: 152400 ns, At safepoint: 26900 ns, Total: 179300 ns
[2024-06-03T10:41:14.764+0000][20776][safepoint   ] Safepoint "Cleanup", Time since last: 1013356200 ns, Reaching safepoint: 301500 ns, At safepoint: 24500 ns, Total: 326000 ns
[2024-06-03T10:41:16.364+0000][20776][gc,start    ] GC(169) Pause Young (Normal) (G1 Evacuation Pause)
[2024-06-03T10:41:16.364+0000][20776][gc,task     ] GC(169) Using 8 workers of 8 for evacuation
[2024-06-03T10:41:16.364+0000][20776][gc,age      ] GC(169) Desired survivor size 159383552 bytes, new threshold 15 (max threshold 15)
[2024-06-03T10:41:16.395+0000][20776][gc,phases   ] GC(169)   Pre Evacuate Collection Set: 1.3ms
[2024-06-03T10:41:16.395+0000][20776][gc,phases   ] GC(169)   Merge Heap Roots: 0.4ms
[2024-06-03T10:41:16.395+0000][20776][gc,phases   ] GC(169)   Evacuate Collection Set: 11.1ms
[2024-06-03T10:41:16.395+0000][20776][gc,phases   ] GC(169)   Post Evacuate Collection Set: 23.2ms
[2024-06-03T10:41:16.395+0000][20776][gc,phases   ] GC(169)   Other: 1.2ms
[2024-06-03T10:41:16.395+0000][20776][gc,age      ] GC(169) Age table with threshold 15 (max threshold 15)
[2024-06-03T10:41:16.395+0000][20776][gc,age      ] GC(169) - age   1:    2105048 bytes,    2105048 total
[2024-06-03T10:41:16.395+0000][20776][gc,age      ] GC(169) - age   2:       3240 bytes,    2108288 total
[2024-06-03T10:41:16.395+0000][20776][gc,age      ] GC(169) - age   3:       5064 bytes,    2113352 total
[2024-06-03T10:41:16.395+0000][20776][gc,age      ] GC(169) - age   4:        464 bytes,    2113816 total
[2024-06-03T10:41:16.395+0000][20776][gc,age      ] GC(169) - age   5:     136808 bytes,    2250624 total
[2024-06-03T10:41:16.395+0000][20776][gc,age      ] GC(169) - age   6:        336 bytes,    2250960 total
[2024-06-03T10:41:16.395+0000][20776][gc,age      ] GC(169) - age   7:        240 bytes,    2251200 total
[2024-06-03T10:41:16.395+0000][20776][gc,age      ] GC(169) - age   8:        864 bytes,    2252064 total
[2024-06-03T10:41:16.395+0000][20776][gc,age      ] GC(169) - age   9:      31272 bytes,    2283336 total
[2024-06-03T10:41:16.395+0000][20776][gc,age      ] GC(169) - age  10:     410848 bytes,    2694184 total
[2024-06-03T10:41:16.395+0000][20776][gc,age      ] GC(169) - age  11:        264 bytes,    2694448 total
[2024-06-03T10:41:16.395+0000][20776][gc,age      ] GC(169) - age  12:     719496 bytes,    3413944 total
[2024-06-03T10:41:16.395+0000][20776][gc,age      ] GC(169) - age  13:        920 bytes,    3414864 total
[2024-06-03T10:41:16.395+0000][20776][gc,age      ] GC(169) - age  14:        376 bytes,    3415240 total
[2024-06-03T10:41:16.395+0000][20776][gc,age      ] GC(169) - age  15:        160 bytes,    3415400 total
[2024-06-03T10:41:16.395+0000][20776][gc,heap     ] GC(169) Eden regions: 604->0(605)
[2024-06-03T10:41:16.395+0000][20776][gc,heap     ] GC(169) Survivor regions: 2->1(76)
[2024-06-03T10:41:16.395+0000][20776][gc,heap     ] GC(169) Old regions: 52->52
[2024-06-03T10:41:16.395+0000][20776][gc,heap     ] GC(169) Archive regions: 0->0
[2024-06-03T10:41:16.395+0000][20776][gc,heap     ] GC(169) Humongous regions: 2->2
[2024-06-03T10:41:16.395+0000][20776][gc,metaspace] GC(169) Metaspace: 134997K(138816K)->134997K(138816K) NonClass: 117182K(119168K)->117182K(119168K) Class: 17814K(19648K)->17814K(19648K)
[2024-06-03T10:41:16.395+0000][20776][gc          ] GC(169) Pause Young (Normal) (G1 Evacuation Pause) 2634M->217M(4040M) 39.047ms
[2024-06-03T10:41:16.395+0000][20776][gc,cpu      ] GC(169) User=0.02s Sys=0.06s Real=0.03s
[2024-06-03T10:41:16.395+0000][20776][safepoint   ] Safepoint "G1CollectForAllocation", Time since last: 1570129900 ns, Reaching safepoint: 65700 ns, At safepoint: 70094600 ns, Total: 70160300 ns
[2024-06-03T10:41:38.661+0000][20776][safepoint   ] Safepoint "Cleanup", Time since last: 22257300800 ns, Reaching safepoint: 166300 ns, At safepoint: 5200 ns, Total: 171500 ns
[2024-06-03T10:43:28.540+0000][20776][safepoint   ] Safepoint "Cleanup", Time since last: 109878139600 ns, Reaching safepoint: 170000 ns, At safepoint: 45600 ns, Total: 215600 ns
[2024-06-03T10:44:01.734+0000][20776][safepoint   ] Safepoint "Cleanup", Time since last: 33194402800 ns, Reaching safepoint: 152500 ns, At safepoint: 17300 ns, Total: 169800 ns
[2024-06-03T10:44:02.736+0000][20776][safepoint   ] Safepoint "Cleanup", Time since last: 1000767300 ns, Reaching safepoint: 174700 ns, At safepoint: 470500 ns, Total: 645200 ns
[2024-06-03T10:44:03.764+0000][20776][safepoint   ] Safepoint "Cleanup", Time since last: 1011630000 ns, Reaching safepoint: 16629000 ns, At safepoint: 26100 ns, Total: 16655100 ns
[2024-06-03T10:44:06.786+0000][20776][safepoint   ] Safepoint "Cleanup", Time since last: 3021304000 ns, Reaching safepoint: 128900 ns, At safepoint: 20700 ns, Total: 149600 ns
[2024-06-03T10:44:22.882+0000][20776][safepoint   ] Safepoint "Cleanup", Time since last: 16096719200 ns, Reaching safepoint: 74300 ns, At safepoint: 33300 ns, Total: 107600 ns
[2024-06-03T10:44:23.896+0000][20776][safepoint   ] Safepoint "Cleanup", Time since last: 1013895400 ns, Reaching safepoint: 218400 ns, At safepoint: 23000 ns, Total: 241400 ns
[2024-06-03T10:45:04.191+0000][20776][safepoint   ] Safepoint "Cleanup", Time since last: 40293857700 ns, Reaching safepoint: 100000 ns, At safepoint: 9700 ns, Total: 109700 ns
[2024-06-03T10:49:35.448+0000][20776][safepoint   ] Safepoint "Cleanup", Time since last: 271257076100 ns, Reaching safepoint: 145000 ns, At safepoint: 10100 ns, Total: 155100 ns
[2024-06-03T10:49:37.453+0000][20776][safepoint   ] Safepoint "Cleanup", Time since last: 2004928900 ns, Reaching safepoint: 155700 ns, At safepoint: 26900 ns, Total: 182600 ns
[2024-06-03T10:51:34.555+0000][20776][safepoint   ] Safepoint "Cleanup", Time since last: 117101696000 ns, Reaching safepoint: 126500 ns, At safepoint: 10300 ns, Total: 136800 ns
[2024-06-03T10:54:06.349+0000][20776][gc,start    ] GC(170) Pause Young (Normal) (G1 Evacuation Pause)
[2024-06-03T10:54:06.374+0000][20776][gc,task     ] GC(170) Using 8 workers of 8 for evacuation
[2024-06-03T10:54:06.374+0000][20776][gc,age      ] GC(170) Desired survivor size 159383552 bytes, new threshold 15 (max threshold 15)
[2024-06-03T10:54:06.449+0000][20776][gc,phases   ] GC(170)   Pre Evacuate Collection Set: 2.1ms
[2024-06-03T10:54:06.449+0000][20776][gc,phases   ] GC(170)   Merge Heap Roots: 1.3ms
[2024-06-03T10:54:06.449+0000][20776][gc,phases   ] GC(170)   Evacuate Collection Set: 32.6ms
[2024-06-03T10:54:06.449+0000][20776][gc,phases   ] GC(170)   Post Evacuate Collection Set: 26.7ms
[2024-06-03T10:54:06.451+0000][20776][gc,phases   ] GC(170)   Other: 28.8ms
[2024-06-03T10:54:06.451+0000][20776][gc,age      ] GC(170) Age table with threshold 15 (max threshold 15)
[2024-06-03T10:54:06.451+0000][20776][gc,age      ] GC(170) - age   1:    4524576 bytes,    4524576 total
[2024-06-03T10:54:06.451+0000][20776][gc,age      ] GC(170) - age   2:     482176 bytes,    5006752 total
[2024-06-03T10:54:06.451+0000][20776][gc,age      ] GC(170) - age   3:       1456 bytes,    5008208 total
[2024-06-03T10:54:06.451+0000][20776][gc,age      ] GC(170) - age   4:       1160 bytes,    5009368 total
[2024-06-03T10:54:06.451+0000][20776][gc,age      ] GC(170) - age   5:        384 bytes,    5009752 total
[2024-06-03T10:54:06.451+0000][20776][gc,age      ] GC(170) - age   6:     136064 bytes,    5145816 total
[2024-06-03T10:54:06.451+0000][20776][gc,age      ] GC(170) - age   7:        296 bytes,    5146112 total
[2024-06-03T10:54:06.451+0000][20776][gc,age      ] GC(170) - age   8:        240 bytes,    5146352 total
[2024-06-03T10:54:06.451+0000][20776][gc,age      ] GC(170) - age   9:        864 bytes,    5147216 total
[2024-06-03T10:54:06.451+0000][20776][gc,age      ] GC(170) - age  10:      25384 bytes,    5172600 total
[2024-06-03T10:54:06.451+0000][20776][gc,age      ] GC(170) - age  11:     305184 bytes,    5477784 total
[2024-06-03T10:54:06.451+0000][20776][gc,age      ] GC(170) - age  12:        184 bytes,    5477968 total
[2024-06-03T10:54:06.451+0000][20776][gc,age      ] GC(170) - age  13:     710600 bytes,    6188568 total
[2024-06-03T10:54:06.451+0000][20776][gc,age      ] GC(170) - age  14:        920 bytes,    6189488 total
[2024-06-03T10:54:06.451+0000][20776][gc,age      ] GC(170) - age  15:        376 bytes,    6189864 total
[2024-06-03T10:54:06.451+0000][20776][gc,heap     ] GC(170) Eden regions: 605->0(604)
[2024-06-03T10:54:06.451+0000][20776][gc,heap     ] GC(170) Survivor regions: 1->2(76)
[2024-06-03T10:54:06.451+0000][20776][gc,heap     ] GC(170) Old regions: 52->52
[2024-06-03T10:54:06.451+0000][20776][gc,heap     ] GC(170) Archive regions: 0->0
[2024-06-03T10:54:06.451+0000][20776][gc,heap     ] GC(170) Humongous regions: 2->2
[2024-06-03T10:54:06.451+0000][20776][gc,metaspace] GC(170) Metaspace: 135026K(138816K)->135026K(138816K) NonClass: 117211K(119168K)->117211K(119168K) Class: 17814K(19648K)->17814K(19648K)
[2024-06-03T10:54:06.451+0000][20776][gc          ] GC(170) Pause Young (Normal) (G1 Evacuation Pause) 2637M->219M(4040M) 109.515ms
[2024-06-03T10:54:06.451+0000][20776][gc,cpu      ] GC(170) User=0.08s Sys=0.11s Real=0.12s
[2024-06-03T10:54:06.451+0000][20776][safepoint   ] Safepoint "G1CollectForAllocation", Time since last: 151776734200 ns, Reaching safepoint: 142100 ns, At safepoint: 133054900 ns, Total: 133197000 ns
[2024-06-03T10:56:07.524+0000][20776][safepoint   ] Safepoint "Cleanup", Time since last: 121059216900 ns, Reaching safepoint: 192200 ns, At safepoint: 23200 ns, Total: 215400 ns
