[2023-12-25T09:29:03.551+0000][23980][gc,init] CardTable entry size: 512
[2023-12-25T09:29:03.551+0000][23980][gc     ] Using G1
[2023-12-25T09:29:04.963+0000][23980][gc,init] Version: 18.0.2+9-61 (release)
[2023-12-25T09:29:04.963+0000][23980][gc,init] CPUs: 8 total, 8 available
[2023-12-25T09:29:04.963+0000][23980][gc,init] Memory: 8079M
[2023-12-25T09:29:04.963+0000][23980][gc,init] Large Page Support: Disabled
[2023-12-25T09:29:04.963+0000][23980][gc,init] NUMA Support: Disabled
[2023-12-25T09:29:04.963+0000][23980][gc,init] Compressed Oops: Enabled (Zero based)
[2023-12-25T09:29:04.963+0000][23980][gc,init] Heap Region Size: 4M
[2023-12-25T09:29:04.963+0000][23980][gc,init] Heap Min Capacity: 4040M
[2023-12-25T09:29:04.963+0000][23980][gc,init] Heap Initial Capacity: 4040M
[2023-12-25T09:29:04.963+0000][23980][gc,init] Heap Max Capacity: 4040M
[2023-12-25T09:29:04.963+0000][23980][gc,init] Pre-touch: Enabled
[2023-12-25T09:29:04.963+0000][23980][gc,init] Parallel Workers: 8
[2023-12-25T09:29:04.963+0000][23980][gc,init] Concurrent Workers: 2
[2023-12-25T09:29:04.963+0000][23980][gc,init] Concurrent Refinement Workers: 8
[2023-12-25T09:29:04.963+0000][23980][gc,init] Periodic GC: Disabled
[2023-12-25T09:29:04.964+0000][23980][gc,metaspace] CDS archive(s) mapped at: [0x0000000800000000-0x0000000800ba0000-0x0000000800ba0000), size 12189696, SharedBaseAddress: 0x0000000800000000, ArchiveRelocationMode: 0.
[2023-12-25T09:29:04.964+0000][23980][gc,metaspace] Compressed class space mapped at: 0x0000000800c00000-0x0000000840c00000, reserved size: 1073741824
[2023-12-25T09:29:04.964+0000][23980][gc,metaspace] Narrow klass base: 0x0000000800000000, Narrow klass shift: 0, Narrow klass range: 0x100000000
[2023-12-25T09:29:05.639+0000][23980][safepoint   ] Safepoint "ICBufferFull", Time since last: 625822300 ns, Reaching safepoint: 291500 ns, At safepoint: 53100 ns, Total: 344600 ns
[2023-12-25T09:29:06.514+0000][23980][safepoint   ] Safepoint "ICBufferFull", Time since last: 874514400 ns, Reaching safepoint: 130100 ns, At safepoint: 7900 ns, Total: 138000 ns
[2023-12-25T09:29:07.577+0000][23980][safepoint   ] Safepoint "ICBufferFull", Time since last: 1063182100 ns, Reaching safepoint: 142300 ns, At safepoint: 39200 ns, Total: 181500 ns
[2023-12-25T09:29:09.069+0000][23980][safepoint   ] Safepoint "Cleanup", Time since last: 1490607900 ns, Reaching safepoint: 218000 ns, At safepoint: 11000 ns, Total: 229000 ns
[2023-12-25T09:29:10.795+0000][23980][safepoint   ] Safepoint "Cleanup", Time since last: 1726112300 ns, Reaching safepoint: 168000 ns, At safepoint: 22600 ns, Total: 190600 ns
[2023-12-25T09:29:12.232+0000][23980][safepoint   ] Safepoint "Cleanup", Time since last: 1436776400 ns, Reaching safepoint: 278300 ns, At safepoint: 8400 ns, Total: 286700 ns
[2023-12-25T09:29:13.757+0000][23980][safepoint   ] Safepoint "Cleanup", Time since last: 1525214000 ns, Reaching safepoint: 381000 ns, At safepoint: 17300 ns, Total: 398300 ns
[2023-12-25T09:29:13.884+0000][23980][gc,start    ] GC(0) Pause Young (Normal) (G1 Evacuation Pause)
[2023-12-25T09:29:13.895+0000][23980][gc,task     ] GC(0) Using 8 workers of 8 for evacuation
[2023-12-25T09:29:13.895+0000][23980][gc,age      ] GC(0) Desired survivor size 14680064 bytes, new threshold 15 (max threshold 15)
[2023-12-25T09:29:13.906+0000][23980][gc,phases   ] GC(0)   Pre Evacuate Collection Set: 0.2ms
[2023-12-25T09:29:13.907+0000][23980][gc,phases   ] GC(0)   Merge Heap Roots: 0.2ms
[2023-12-25T09:29:13.907+0000][23980][gc,phases   ] GC(0)   Evacuate Collection Set: 9.2ms
[2023-12-25T09:29:13.907+0000][23980][gc,phases   ] GC(0)   Post Evacuate Collection Set: 1.5ms
[2023-12-25T09:29:13.907+0000][23980][gc,phases   ] GC(0)   Other: 0.7ms
[2023-12-25T09:29:13.907+0000][23980][gc,age      ] GC(0) Age table with threshold 15 (max threshold 15)
[2023-12-25T09:29:13.907+0000][23980][gc,age      ] GC(0) - age   1:   11728552 bytes,   11728552 total
[2023-12-25T09:29:13.907+0000][23980][gc,heap     ] GC(0) Eden regions: 50->0(47)
[2023-12-25T09:29:13.907+0000][23980][gc,heap     ] GC(0) Survivor regions: 0->3(7)
[2023-12-25T09:29:13.907+0000][23980][gc,heap     ] GC(0) Old regions: 0->0
[2023-12-25T09:29:13.907+0000][23980][gc,heap     ] GC(0) Archive regions: 0->0
[2023-12-25T09:29:13.907+0000][23980][gc,heap     ] GC(0) Humongous regions: 0->0
[2023-12-25T09:29:13.914+0000][23980][gc,metaspace] GC(0) Metaspace: 16840K(17216K)->16840K(17216K) NonClass: 14904K(15104K)->14904K(15104K) Class: 1935K(2112K)->1935K(2112K)
[2023-12-25T09:29:13.914+0000][23980][gc          ] GC(0) Pause Young (Normal) (G1 Evacuation Pause) 200M->11M(4040M) 29.444ms
[2023-12-25T09:29:13.914+0000][23980][gc,cpu      ] GC(0) User=0.00s Sys=0.00s Real=0.03s
[2023-12-25T09:29:13.914+0000][23980][safepoint   ] Safepoint "G1CollectForAllocation", Time since last: 127398400 ns, Reaching safepoint: 66600 ns, At safepoint: 29579700 ns, Total: 29646300 ns
[2023-12-25T09:29:15.236+0000][23980][safepoint   ] Safepoint "Cleanup", Time since last: 1321053700 ns, Reaching safepoint: 209800 ns, At safepoint: 23300 ns, Total: 233100 ns
[2023-12-25T09:29:16.358+0000][23980][safepoint   ] Safepoint "Cleanup", Time since last: 1122211800 ns, Reaching safepoint: 89500 ns, At safepoint: 145500 ns, Total: 235000 ns
[2023-12-25T09:29:16.372+0000][23980][gc,start    ] GC(1) Pause Young (Concurrent Start) (Metadata GC Threshold)
[2023-12-25T09:29:16.372+0000][23980][gc,task     ] GC(1) Using 8 workers of 8 for evacuation
[2023-12-25T09:29:16.372+0000][23980][gc,age      ] GC(1) Desired survivor size 14680064 bytes, new threshold 15 (max threshold 15)
[2023-12-25T09:29:16.384+0000][23980][gc,phases   ] GC(1)   Pre Evacuate Collection Set: 0.4ms
[2023-12-25T09:29:16.384+0000][23980][gc,phases   ] GC(1)   Merge Heap Roots: 0.1ms
[2023-12-25T09:29:16.384+0000][23980][gc,phases   ] GC(1)   Evacuate Collection Set: 10.1ms
[2023-12-25T09:29:16.384+0000][23980][gc,phases   ] GC(1)   Post Evacuate Collection Set: 1.4ms
[2023-12-25T09:29:16.384+0000][23980][gc,phases   ] GC(1)   Other: 0.1ms
[2023-12-25T09:29:16.384+0000][23980][gc,age      ] GC(1) Age table with threshold 15 (max threshold 15)
[2023-12-25T09:29:16.384+0000][23980][gc,age      ] GC(1) - age   1:    2278376 bytes,    2278376 total
[2023-12-25T09:29:16.384+0000][23980][gc,age      ] GC(1) - age   2:   11160472 bytes,   13438848 total
[2023-12-25T09:29:16.384+0000][23980][gc,heap     ] GC(1) Eden regions: 18->0(46)
[2023-12-25T09:29:16.384+0000][23980][gc,heap     ] GC(1) Survivor regions: 3->4(7)
[2023-12-25T09:29:16.384+0000][23980][gc,heap     ] GC(1) Old regions: 0->0
[2023-12-25T09:29:16.384+0000][23980][gc,heap     ] GC(1) Archive regions: 0->0
[2023-12-25T09:29:16.384+0000][23980][gc,heap     ] GC(1) Humongous regions: 0->0
[2023-12-25T09:29:16.384+0000][23980][gc,metaspace] GC(1) Metaspace: 21089K(21504K)->21089K(21504K) NonClass: 18732K(18944K)->18732K(18944K) Class: 2357K(2560K)->2357K(2560K)
[2023-12-25T09:29:16.384+0000][23980][gc          ] GC(1) Pause Young (Concurrent Start) (Metadata GC Threshold) 83M->13M(4040M) 12.467ms
[2023-12-25T09:29:16.384+0000][23980][gc,cpu      ] GC(1) User=0.12s Sys=0.00s Real=0.01s
[2023-12-25T09:29:16.384+0000][23980][gc          ] GC(2) Concurrent Mark Cycle
[2023-12-25T09:29:16.384+0000][23980][gc,marking  ] GC(2) Concurrent Clear Claimed Marks
[2023-12-25T09:29:16.384+0000][23980][safepoint   ] Safepoint "CollectForMetadataAllocation", Time since last: 13915000 ns, Reaching safepoint: 45300 ns, At safepoint: 12619400 ns, Total: 12664700 ns
[2023-12-25T09:29:16.384+0000][23980][gc,marking  ] GC(2) Concurrent Clear Claimed Marks 0.046ms
[2023-12-25T09:29:16.384+0000][23980][gc,marking  ] GC(2) Concurrent Scan Root Regions
[2023-12-25T09:29:16.393+0000][23980][gc,marking  ] GC(2) Concurrent Scan Root Regions 8.271ms
[2023-12-25T09:29:16.393+0000][23980][gc,marking  ] GC(2) Concurrent Mark
[2023-12-25T09:29:16.393+0000][23980][gc,marking  ] GC(2) Concurrent Mark From Roots
[2023-12-25T09:29:16.393+0000][23980][gc,task     ] GC(2) Using 2 workers of 2 for marking
[2023-12-25T09:29:16.393+0000][23980][gc,marking  ] GC(2) Concurrent Mark From Roots 0.274ms
[2023-12-25T09:29:16.393+0000][23980][gc,marking  ] GC(2) Concurrent Preclean
[2023-12-25T09:29:16.393+0000][23980][gc,marking  ] GC(2) Concurrent Preclean 0.018ms
[2023-12-25T09:29:16.394+0000][23980][gc,start    ] GC(2) Pause Remark
[2023-12-25T09:29:16.396+0000][23980][gc          ] GC(2) Pause Remark 15M->15M(4040M) 2.280ms
[2023-12-25T09:29:16.396+0000][23980][gc,cpu      ] GC(2) User=0.00s Sys=0.00s Real=0.00s
[2023-12-25T09:29:16.396+0000][23980][safepoint   ] Safepoint "G1Concurrent", Time since last: 8826300 ns, Reaching safepoint: 126500 ns, At safepoint: 2398400 ns, Total: 2524900 ns
[2023-12-25T09:29:16.396+0000][23980][gc,marking  ] GC(2) Concurrent Mark 2.970ms
[2023-12-25T09:29:16.396+0000][23980][gc,marking  ] GC(2) Concurrent Rebuild Remembered Sets
[2023-12-25T09:29:16.396+0000][23980][gc,marking  ] GC(2) Concurrent Rebuild Remembered Sets 0.012ms
[2023-12-25T09:29:16.396+0000][23980][gc,start    ] GC(2) Pause Cleanup
[2023-12-25T09:29:16.396+0000][23980][gc          ] GC(2) Pause Cleanup 15M->15M(4040M) 0.031ms
[2023-12-25T09:29:16.396+0000][23980][gc,cpu      ] GC(2) User=0.00s Sys=0.00s Real=0.00s
[2023-12-25T09:29:16.396+0000][23980][safepoint   ] Safepoint "G1Concurrent", Time since last: 92400 ns, Reaching safepoint: 34300 ns, At safepoint: 72400 ns, Total: 106700 ns
[2023-12-25T09:29:16.396+0000][23980][gc,marking  ] GC(2) Concurrent Cleanup for Next Mark
[2023-12-25T09:29:16.400+0000][23980][gc,marking  ] GC(2) Concurrent Cleanup for Next Mark 7.836ms
[2023-12-25T09:29:16.400+0000][23980][gc          ] GC(2) Concurrent Mark Cycle 19.631ms
[2023-12-25T09:29:18.344+0000][23980][safepoint   ] Safepoint "Cleanup", Time since last: 1947885200 ns, Reaching safepoint: 191000 ns, At safepoint: 50900 ns, Total: 241900 ns
[2023-12-25T09:29:19.344+0000][23980][gc,start    ] GC(3) Pause Young (Normal) (G1 Evacuation Pause)
[2023-12-25T09:29:19.344+0000][23980][gc,task     ] GC(3) Using 8 workers of 8 for evacuation
[2023-12-25T09:29:19.344+0000][23980][gc,age      ] GC(3) Desired survivor size 14680064 bytes, new threshold 15 (max threshold 15)
[2023-12-25T09:29:19.360+0000][23980][gc,phases   ] GC(3)   Pre Evacuate Collection Set: 0.3ms
[2023-12-25T09:29:19.360+0000][23980][gc,phases   ] GC(3)   Merge Heap Roots: 0.1ms
[2023-12-25T09:29:19.360+0000][23980][gc,phases   ] GC(3)   Evacuate Collection Set: 14.1ms
[2023-12-25T09:29:19.360+0000][23980][gc,phases   ] GC(3)   Post Evacuate Collection Set: 1.6ms
[2023-12-25T09:29:19.360+0000][23980][gc,phases   ] GC(3)   Other: 0.2ms
[2023-12-25T09:29:19.360+0000][23980][gc,age      ] GC(3) Age table with threshold 15 (max threshold 15)
[2023-12-25T09:29:19.360+0000][23980][gc,age      ] GC(3) - age   1:    4726048 bytes,    4726048 total
[2023-12-25T09:29:19.360+0000][23980][gc,age      ] GC(3) - age   2:    2142112 bytes,    6868160 total
[2023-12-25T09:29:19.360+0000][23980][gc,age      ] GC(3) - age   3:   11156696 bytes,   18024856 total
[2023-12-25T09:29:19.360+0000][23980][gc,heap     ] GC(3) Eden regions: 46->0(58)
[2023-12-25T09:29:19.360+0000][23980][gc,heap     ] GC(3) Survivor regions: 4->5(7)
[2023-12-25T09:29:19.360+0000][23980][gc,heap     ] GC(3) Old regions: 0->0
[2023-12-25T09:29:19.360+0000][23980][gc,heap     ] GC(3) Archive regions: 0->0
[2023-12-25T09:29:19.360+0000][23980][gc,heap     ] GC(3) Humongous regions: 0->0
[2023-12-25T09:29:19.360+0000][23980][gc,metaspace] GC(3) Metaspace: 24198K(24768K)->24198K(24768K) NonClass: 21373K(21696K)->21373K(21696K) Class: 2824K(3072K)->2824K(3072K)
[2023-12-25T09:29:19.360+0000][23980][gc          ] GC(3) Pause Young (Normal) (G1 Evacuation Pause) 197M->18M(4040M) 16.804ms
[2023-12-25T09:29:19.360+0000][23980][gc,cpu      ] GC(3) User=0.11s Sys=0.00s Real=0.02s
[2023-12-25T09:29:19.360+0000][23980][safepoint   ] Safepoint "G1CollectForAllocation", Time since last: 998957500 ns, Reaching safepoint: 165800 ns, At safepoint: 16920000 ns, Total: 17085800 ns
[2023-12-25T09:29:20.370+0000][23980][safepoint   ] Safepoint "Cleanup", Time since last: 1009190300 ns, Reaching safepoint: 80300 ns, At safepoint: 22600 ns, Total: 102900 ns
[2023-12-25T09:29:22.386+0000][23980][safepoint   ] Safepoint "Cleanup", Time since last: 2016247700 ns, Reaching safepoint: 77800 ns, At safepoint: 9900 ns, Total: 87700 ns
[2023-12-25T09:29:23.389+0000][23980][safepoint   ] Safepoint "Cleanup", Time since last: 1003201700 ns, Reaching safepoint: 123700 ns, At safepoint: 17500 ns, Total: 141200 ns
[2023-12-25T09:29:24.483+0000][23980][gc,start    ] GC(4) Pause Young (Normal) (G1 Evacuation Pause)
[2023-12-25T09:29:24.483+0000][23980][gc,task     ] GC(4) Using 8 workers of 8 for evacuation
[2023-12-25T09:29:24.483+0000][23980][gc,age      ] GC(4) Desired survivor size 16777216 bytes, new threshold 3 (max threshold 15)
[2023-12-25T09:29:24.507+0000][23980][gc,phases   ] GC(4)   Pre Evacuate Collection Set: 0.1ms
[2023-12-25T09:29:24.508+0000][23980][gc,phases   ] GC(4)   Merge Heap Roots: 0.2ms
[2023-12-25T09:29:24.508+0000][23980][gc,phases   ] GC(4)   Evacuate Collection Set: 19.1ms
[2023-12-25T09:29:24.508+0000][23980][gc,phases   ] GC(4)   Post Evacuate Collection Set: 1.1ms
[2023-12-25T09:29:24.508+0000][23980][gc,phases   ] GC(4)   Other: 0.1ms
[2023-12-25T09:29:24.508+0000][23980][gc,age      ] GC(4) Age table with threshold 3 (max threshold 15)
[2023-12-25T09:29:24.508+0000][23980][gc,age      ] GC(4) - age   1:    2992520 bytes,    2992520 total
[2023-12-25T09:29:24.508+0000][23980][gc,age      ] GC(4) - age   2:    4026728 bytes,    7019248 total
[2023-12-25T09:29:24.508+0000][23980][gc,age      ] GC(4) - age   3:    2141824 bytes,    9161072 total
[2023-12-25T09:29:24.508+0000][23980][gc,heap     ] GC(4) Eden regions: 58->0(603)
[2023-12-25T09:29:24.508+0000][23980][gc,heap     ] GC(4) Survivor regions: 5->3(8)
[2023-12-25T09:29:24.508+0000][23980][gc,heap     ] GC(4) Old regions: 0->3
[2023-12-25T09:29:24.508+0000][23980][gc,heap     ] GC(4) Archive regions: 0->0
[2023-12-25T09:29:24.508+0000][23980][gc,heap     ] GC(4) Humongous regions: 0->0
[2023-12-25T09:29:24.508+0000][23980][gc,metaspace] GC(4) Metaspace: 24747K(25408K)->24747K(25408K) NonClass: 21857K(22208K)->21857K(22208K) Class: 2890K(3200K)->2890K(3200K)
[2023-12-25T09:29:24.508+0000][23980][gc          ] GC(4) Pause Young (Normal) (G1 Evacuation Pause) 250M->21M(4040M) 21.009ms
[2023-12-25T09:29:24.508+0000][23980][gc,cpu      ] GC(4) User=0.12s Sys=0.09s Real=0.02s
[2023-12-25T09:29:24.508+0000][23980][safepoint   ] Safepoint "G1CollectForAllocation", Time since last: 1097139800 ns, Reaching safepoint: 103400 ns, At safepoint: 21121500 ns, Total: 21224900 ns
[2023-12-25T09:29:25.515+0000][23980][safepoint   ] Safepoint "Cleanup", Time since last: 1007184300 ns, Reaching safepoint: 65800 ns, At safepoint: 7600 ns, Total: 73400 ns
[2023-12-25T09:29:27.529+0000][23980][safepoint   ] Safepoint "Cleanup", Time since last: 2014058800 ns, Reaching safepoint: 175000 ns, At safepoint: 7500 ns, Total: 182500 ns
[2023-12-25T09:29:29.422+0000][23980][safepoint   ] Safepoint "Cleanup", Time since last: 1892947300 ns, Reaching safepoint: 149500 ns, At safepoint: 5100 ns, Total: 154600 ns
[2023-12-25T09:29:30.431+0000][23980][safepoint   ] Safepoint "Cleanup", Time since last: 1007808900 ns, Reaching safepoint: 126900 ns, At safepoint: 8000 ns, Total: 134900 ns
[2023-12-25T09:29:31.432+0000][23980][safepoint   ] Safepoint "Cleanup", Time since last: 1001294600 ns, Reaching safepoint: 177900 ns, At safepoint: 14900 ns, Total: 192800 ns
[2023-12-25T09:29:32.435+0000][23980][safepoint   ] Safepoint "Cleanup", Time since last: 1003010900 ns, Reaching safepoint: 121900 ns, At safepoint: 7400 ns, Total: 129300 ns
[2023-12-25T09:29:33.448+0000][23980][safepoint   ] Safepoint "Cleanup", Time since last: 1012532500 ns, Reaching safepoint: 131800 ns, At safepoint: 19100 ns, Total: 150900 ns
[2023-12-25T09:29:34.455+0000][23980][safepoint   ] Safepoint "Cleanup", Time since last: 1007234200 ns, Reaching safepoint: 207100 ns, At safepoint: 12300 ns, Total: 219400 ns
[2023-12-25T09:29:35.462+0000][23980][safepoint   ] Safepoint "Cleanup", Time since last: 1007108200 ns, Reaching safepoint: 186100 ns, At safepoint: 7700 ns, Total: 193800 ns
[2023-12-25T09:29:36.597+0000][23980][safepoint   ] Safepoint "Cleanup", Time since last: 1134054400 ns, Reaching safepoint: 121400 ns, At safepoint: 21200 ns, Total: 142600 ns
[2023-12-25T09:29:37.605+0000][23980][safepoint   ] Safepoint "Cleanup", Time since last: 1007849000 ns, Reaching safepoint: 121000 ns, At safepoint: 6500 ns, Total: 127500 ns
[2023-12-25T09:29:38.618+0000][23980][safepoint   ] Safepoint "Cleanup", Time since last: 1013320800 ns, Reaching safepoint: 177200 ns, At safepoint: 44400 ns, Total: 221600 ns
[2023-12-25T09:29:40.639+0000][23980][safepoint   ] Safepoint "Cleanup", Time since last: 2021055300 ns, Reaching safepoint: 251900 ns, At safepoint: 18900 ns, Total: 270800 ns
[2023-12-25T09:29:41.258+0000][23980][gc,start    ] GC(5) Pause Young (Concurrent Start) (Metadata GC Threshold)
[2023-12-25T09:29:41.258+0000][23980][gc,task     ] GC(5) Using 8 workers of 8 for evacuation
[2023-12-25T09:29:41.258+0000][23980][gc,age      ] GC(5) Desired survivor size 159383552 bytes, new threshold 15 (max threshold 15)
[2023-12-25T09:29:41.272+0000][23980][gc,phases   ] GC(5)   Pre Evacuate Collection Set: 0.3ms
[2023-12-25T09:29:41.272+0000][23980][gc,phases   ] GC(5)   Merge Heap Roots: 0.1ms
[2023-12-25T09:29:41.272+0000][23980][gc,phases   ] GC(5)   Evacuate Collection Set: 11.8ms
[2023-12-25T09:29:41.272+0000][23980][gc,phases   ] GC(5)   Post Evacuate Collection Set: 1.2ms
[2023-12-25T09:29:41.272+0000][23980][gc,phases   ] GC(5)   Other: 0.2ms
[2023-12-25T09:29:41.272+0000][23980][gc,age      ] GC(5) Age table with threshold 15 (max threshold 15)
[2023-12-25T09:29:41.272+0000][23980][gc,age      ] GC(5) - age   1:    9171168 bytes,    9171168 total
[2023-12-25T09:29:41.272+0000][23980][gc,age      ] GC(5) - age   2:    2415808 bytes,   11586976 total
[2023-12-25T09:29:41.272+0000][23980][gc,age      ] GC(5) - age   3:    4014704 bytes,   15601680 total
[2023-12-25T09:29:41.272+0000][23980][gc,age      ] GC(5) - age   4:    2130384 bytes,   17732064 total
[2023-12-25T09:29:41.272+0000][23980][gc,heap     ] GC(5) Eden regions: 177->0(601)
[2023-12-25T09:29:41.272+0000][23980][gc,heap     ] GC(5) Survivor regions: 3->5(76)
[2023-12-25T09:29:41.272+0000][23980][gc,heap     ] GC(5) Old regions: 3->3
[2023-12-25T09:29:41.272+0000][23980][gc,heap     ] GC(5) Archive regions: 0->0
[2023-12-25T09:29:41.272+0000][23980][gc,heap     ] GC(5) Humongous regions: 0->0
[2023-12-25T09:29:41.272+0000][23980][gc,metaspace] GC(5) Metaspace: 35217K(36096K)->35217K(36096K) NonClass: 31039K(31552K)->31039K(31552K) Class: 4178K(4544K)->4178K(4544K)
[2023-12-25T09:29:41.272+0000][23980][gc          ] GC(5) Pause Young (Concurrent Start) (Metadata GC Threshold) 727M->28M(4040M) 14.245ms
[2023-12-25T09:29:41.272+0000][23980][gc,cpu      ] GC(5) User=0.11s Sys=0.00s Real=0.01s
[2023-12-25T09:29:41.272+0000][23980][gc          ] GC(6) Concurrent Mark Cycle
[2023-12-25T09:29:41.273+0000][23980][gc,marking  ] GC(6) Concurrent Clear Claimed Marks
[2023-12-25T09:29:41.273+0000][23980][safepoint   ] Safepoint "CollectForMetadataAllocation", Time since last: 619175500 ns, Reaching safepoint: 49500 ns, At safepoint: 14443400 ns, Total: 14492900 ns
[2023-12-25T09:29:41.273+0000][23980][gc,marking  ] GC(6) Concurrent Clear Claimed Marks 0.086ms
[2023-12-25T09:29:41.273+0000][23980][gc,marking  ] GC(6) Concurrent Scan Root Regions
[2023-12-25T09:29:41.284+0000][23980][gc,marking  ] GC(6) Concurrent Scan Root Regions 10.976ms
[2023-12-25T09:29:41.284+0000][23980][gc,marking  ] GC(6) Concurrent Mark
[2023-12-25T09:29:41.284+0000][23980][gc,marking  ] GC(6) Concurrent Mark From Roots
[2023-12-25T09:29:41.284+0000][23980][gc,task     ] GC(6) Using 2 workers of 2 for marking
[2023-12-25T09:29:41.305+0000][23980][gc,marking  ] GC(6) Concurrent Mark From Roots 20.766ms
[2023-12-25T09:29:41.305+0000][23980][gc,marking  ] GC(6) Concurrent Preclean
[2023-12-25T09:29:41.305+0000][23980][gc,marking  ] GC(6) Concurrent Preclean 0.132ms
[2023-12-25T09:29:41.305+0000][23980][gc,start    ] GC(6) Pause Remark
[2023-12-25T09:29:41.309+0000][23980][gc          ] GC(6) Pause Remark 30M->30M(4040M) 3.163ms
[2023-12-25T09:29:41.309+0000][23980][gc,cpu      ] GC(6) User=0.00s Sys=0.00s Real=0.00s
[2023-12-25T09:29:41.309+0000][23980][safepoint   ] Safepoint "G1Concurrent", Time since last: 32185100 ns, Reaching safepoint: 53200 ns, At safepoint: 3297800 ns, Total: 3351000 ns
[2023-12-25T09:29:41.309+0000][23980][gc,marking  ] GC(6) Concurrent Mark 24.412ms
[2023-12-25T09:29:41.309+0000][23980][gc,marking  ] GC(6) Concurrent Rebuild Remembered Sets
[2023-12-25T09:29:41.317+0000][23980][gc,marking  ] GC(6) Concurrent Rebuild Remembered Sets 8.355ms
[2023-12-25T09:29:41.318+0000][23980][gc,start    ] GC(6) Pause Cleanup
[2023-12-25T09:29:41.318+0000][23980][gc          ] GC(6) Pause Cleanup 30M->30M(4040M) 0.273ms
[2023-12-25T09:29:41.318+0000][23980][gc,cpu      ] GC(6) User=0.00s Sys=0.00s Real=0.00s
[2023-12-25T09:29:41.318+0000][23980][safepoint   ] Safepoint "G1Concurrent", Time since last: 8510400 ns, Reaching safepoint: 323000 ns, At safepoint: 370800 ns, Total: 693800 ns
[2023-12-25T09:29:41.318+0000][23980][gc,marking  ] GC(6) Concurrent Cleanup for Next Mark
[2023-12-25T09:29:41.330+0000][23980][gc,marking  ] GC(6) Concurrent Cleanup for Next Mark 13.314ms
[2023-12-25T09:29:41.331+0000][23980][gc          ] GC(6) Concurrent Mark Cycle 58.384ms
[2023-12-25T09:29:42.321+0000][23980][safepoint   ] Safepoint "Cleanup", Time since last: 1002964600 ns, Reaching safepoint: 221900 ns, At safepoint: 25100 ns, Total: 247000 ns
[2023-12-25T09:29:44.170+0000][23980][safepoint   ] Safepoint "Cleanup", Time since last: 1848969800 ns, Reaching safepoint: 297100 ns, At safepoint: 56700 ns, Total: 353800 ns
[2023-12-25T09:29:45.179+0000][23980][safepoint   ] Safepoint "Cleanup", Time since last: 1008666900 ns, Reaching safepoint: 187700 ns, At safepoint: 7200 ns, Total: 194900 ns
[2023-12-25T09:29:46.182+0000][23980][safepoint   ] Safepoint "Cleanup", Time since last: 1002078100 ns, Reaching safepoint: 180400 ns, At safepoint: 21400 ns, Total: 201800 ns
[2023-12-25T09:29:47.371+0000][23980][safepoint   ] Safepoint "ICBufferFull", Time since last: 1189990100 ns, Reaching safepoint: 234400 ns, At safepoint: 18600 ns, Total: 253000 ns
[2023-12-25T09:29:49.377+0000][23980][safepoint   ] Safepoint "Cleanup", Time since last: 2005453300 ns, Reaching safepoint: 651500 ns, At safepoint: 62200 ns, Total: 713700 ns
[2023-12-25T09:29:50.714+0000][23980][gc,start    ] GC(7) Pause Young (Concurrent Start) (Metadata GC Threshold)
[2023-12-25T09:29:50.714+0000][23980][gc,task     ] GC(7) Using 8 workers of 8 for evacuation
[2023-12-25T09:29:50.714+0000][23980][gc,age      ] GC(7) Desired survivor size 159383552 bytes, new threshold 15 (max threshold 15)
[2023-12-25T09:29:50.755+0000][23980][gc,phases   ] GC(7)   Pre Evacuate Collection Set: 0.3ms
[2023-12-25T09:29:50.755+0000][23980][gc,phases   ] GC(7)   Merge Heap Roots: 0.1ms
[2023-12-25T09:29:50.755+0000][23980][gc,phases   ] GC(7)   Evacuate Collection Set: 36.5ms
[2023-12-25T09:29:50.755+0000][23980][gc,phases   ] GC(7)   Post Evacuate Collection Set: 4.1ms
[2023-12-25T09:29:50.755+0000][23980][gc,phases   ] GC(7)   Other: 0.2ms
[2023-12-25T09:29:50.755+0000][23980][gc,age      ] GC(7) Age table with threshold 15 (max threshold 15)
[2023-12-25T09:29:50.755+0000][23980][gc,age      ] GC(7) - age   1:   24425784 bytes,   24425784 total
[2023-12-25T09:29:50.755+0000][23980][gc,age      ] GC(7) - age   2:    8920592 bytes,   33346376 total
[2023-12-25T09:29:50.755+0000][23980][gc,age      ] GC(7) - age   3:    2403200 bytes,   35749576 total
[2023-12-25T09:29:50.755+0000][23980][gc,age      ] GC(7) - age   4:    3982000 bytes,   39731576 total
[2023-12-25T09:29:50.755+0000][23980][gc,age      ] GC(7) - age   5:    2118552 bytes,   41850128 total
[2023-12-25T09:29:50.755+0000][23980][gc,heap     ] GC(7) Eden regions: 108->0(188)
[2023-12-25T09:29:50.755+0000][23980][gc,heap     ] GC(7) Survivor regions: 5->11(76)
[2023-12-25T09:29:50.755+0000][23980][gc,heap     ] GC(7) Old regions: 3->3
[2023-12-25T09:29:50.755+0000][23980][gc,heap     ] GC(7) Archive regions: 0->0
[2023-12-25T09:29:50.755+0000][23980][gc,heap     ] GC(7) Humongous regions: 0->0
[2023-12-25T09:29:50.756+0000][23980][gc,metaspace] GC(7) Metaspace: 58995K(60416K)->58995K(60416K) NonClass: 51453K(52288K)->51453K(52288K) Class: 7542K(8128K)->7542K(8128K)
[2023-12-25T09:29:50.756+0000][23980][gc          ] GC(7) Pause Young (Concurrent Start) (Metadata GC Threshold) 458M->52M(4040M) 41.743ms
[2023-12-25T09:29:50.756+0000][23980][gc,cpu      ] GC(7) User=0.23s Sys=0.02s Real=0.04s
[2023-12-25T09:29:50.756+0000][23980][gc          ] GC(8) Concurrent Mark Cycle
[2023-12-25T09:29:50.756+0000][23980][gc,marking  ] GC(8) Concurrent Clear Claimed Marks
[2023-12-25T09:29:50.756+0000][23980][safepoint   ] Safepoint "CollectForMetadataAllocation", Time since last: 1335467900 ns, Reaching safepoint: 188300 ns, At safepoint: 41918100 ns, Total: 42106400 ns
[2023-12-25T09:29:50.756+0000][23980][gc,marking  ] GC(8) Concurrent Clear Claimed Marks 0.095ms
[2023-12-25T09:29:50.756+0000][23980][gc,marking  ] GC(8) Concurrent Scan Root Regions
[2023-12-25T09:29:50.784+0000][23980][gc,marking  ] GC(8) Concurrent Scan Root Regions 31.325ms
[2023-12-25T09:29:50.784+0000][23980][gc,marking  ] GC(8) Concurrent Mark
[2023-12-25T09:29:50.784+0000][23980][gc,marking  ] GC(8) Concurrent Mark From Roots
[2023-12-25T09:29:50.784+0000][23980][gc,task     ] GC(8) Using 2 workers of 2 for marking
[2023-12-25T09:29:50.804+0000][23980][gc,marking  ] GC(8) Concurrent Mark From Roots 17.278ms
[2023-12-25T09:29:50.804+0000][23980][gc,marking  ] GC(8) Concurrent Preclean
[2023-12-25T09:29:50.804+0000][23980][gc,marking  ] GC(8) Concurrent Preclean 0.088ms
[2023-12-25T09:29:50.804+0000][23980][gc,start    ] GC(8) Pause Remark
[2023-12-25T09:29:50.808+0000][23980][gc          ] GC(8) Pause Remark 56M->56M(4040M) 4.389ms
[2023-12-25T09:29:50.808+0000][23980][gc,cpu      ] GC(8) User=0.00s Sys=0.00s Real=0.00s
[2023-12-25T09:29:50.808+0000][23980][safepoint   ] Safepoint "G1Concurrent", Time since last: 48997200 ns, Reaching safepoint: 59900 ns, At safepoint: 4528700 ns, Total: 4588600 ns
[2023-12-25T09:29:50.808+0000][23980][gc,marking  ] GC(8) Concurrent Mark 22.168ms
[2023-12-25T09:29:50.808+0000][23980][gc,marking  ] GC(8) Concurrent Rebuild Remembered Sets
[2023-12-25T09:29:50.822+0000][23980][gc,marking  ] GC(8) Concurrent Rebuild Remembered Sets 13.604ms
[2023-12-25T09:29:50.822+0000][23980][gc,start    ] GC(8) Pause Cleanup
[2023-12-25T09:29:50.822+0000][23980][gc          ] GC(8) Pause Cleanup 56M->56M(4040M) 0.284ms
[2023-12-25T09:29:50.822+0000][23980][gc,cpu      ] GC(8) User=0.00s Sys=0.00s Real=0.00s
[2023-12-25T09:29:50.822+0000][23980][safepoint   ] Safepoint "G1Concurrent", Time since last: 13890100 ns, Reaching safepoint: 45900 ns, At safepoint: 407900 ns, Total: 453800 ns
[2023-12-25T09:29:50.822+0000][23980][gc,marking  ] GC(8) Concurrent Cleanup for Next Mark
[2023-12-25T09:29:50.828+0000][23980][gc,marking  ] GC(8) Concurrent Cleanup for Next Mark 6.881ms
[2023-12-25T09:29:50.828+0000][23980][gc          ] GC(8) Concurrent Mark Cycle 75.134ms
[2023-12-25T09:29:51.839+0000][23980][safepoint   ] Safepoint "Cleanup", Time since last: 1014881500 ns, Reaching safepoint: 169800 ns, At safepoint: 36300 ns, Total: 206100 ns
[2023-12-25T09:29:52.853+0000][23980][safepoint   ] Safepoint "Cleanup", Time since last: 1014561700 ns, Reaching safepoint: 272400 ns, At safepoint: 97400 ns, Total: 369800 ns
[2023-12-25T09:29:53.861+0000][23980][safepoint   ] Safepoint "Cleanup", Time since last: 1007624800 ns, Reaching safepoint: 179300 ns, At safepoint: 14600 ns, Total: 193900 ns
[2023-12-25T09:29:54.868+0000][23980][safepoint   ] Safepoint "Cleanup", Time since last: 1006276900 ns, Reaching safepoint: 149900 ns, At safepoint: 16500 ns, Total: 166400 ns
[2023-12-25T09:29:55.893+0000][23980][safepoint   ] Safepoint "Cleanup", Time since last: 1025762600 ns, Reaching safepoint: 71800 ns, At safepoint: 9800 ns, Total: 81600 ns
[2023-12-25T09:29:57.442+0000][23980][safepoint   ] Safepoint "Cleanup", Time since last: 1550970500 ns, Reaching safepoint: 192800 ns, At safepoint: 51200 ns, Total: 244000 ns
[2023-12-25T09:29:59.080+0000][23980][safepoint   ] Safepoint "Cleanup", Time since last: 1634393600 ns, Reaching safepoint: 743900 ns, At safepoint: 53200 ns, Total: 797100 ns
[2023-12-25T09:30:00.085+0000][23980][safepoint   ] Safepoint "Cleanup", Time since last: 1004168200 ns, Reaching safepoint: 266300 ns, At safepoint: 49700 ns, Total: 316000 ns
[2023-12-25T09:30:01.085+0000][23980][safepoint   ] Safepoint "Cleanup", Time since last: 1000054400 ns, Reaching safepoint: 218900 ns, At safepoint: 18300 ns, Total: 237200 ns
[2023-12-25T09:30:02.116+0000][23980][safepoint   ] Safepoint "Cleanup", Time since last: 1031249200 ns, Reaching safepoint: 151200 ns, At safepoint: 43400 ns, Total: 194600 ns
[2023-12-25T09:30:03.125+0000][23980][safepoint   ] Safepoint "Cleanup", Time since last: 1008605800 ns, Reaching safepoint: 274100 ns, At safepoint: 57400 ns, Total: 331500 ns
[2023-12-25T09:30:03.924+0000][23980][gc,start    ] GC(9) Pause Young (Concurrent Start) (Metadata GC Threshold)
[2023-12-25T09:30:03.924+0000][23980][gc,task     ] GC(9) Using 8 workers of 8 for evacuation
[2023-12-25T09:30:03.924+0000][23980][gc,age      ] GC(9) Desired survivor size 60817408 bytes, new threshold 15 (max threshold 15)
[2023-12-25T09:30:03.973+0000][23980][gc,phases   ] GC(9)   Pre Evacuate Collection Set: 0.5ms
[2023-12-25T09:30:03.973+0000][23980][gc,phases   ] GC(9)   Merge Heap Roots: 0.1ms
[2023-12-25T09:30:03.973+0000][23980][gc,phases   ] GC(9)   Evacuate Collection Set: 45.1ms
[2023-12-25T09:30:03.973+0000][23980][gc,phases   ] GC(9)   Post Evacuate Collection Set: 2.9ms
[2023-12-25T09:30:03.973+0000][23980][gc,phases   ] GC(9)   Other: 0.1ms
[2023-12-25T09:30:03.973+0000][23980][gc,age      ] GC(9) Age table with threshold 15 (max threshold 15)
[2023-12-25T09:30:03.973+0000][23980][gc,age      ] GC(9) - age   1:   17212880 bytes,   17212880 total
[2023-12-25T09:30:03.973+0000][23980][gc,age      ] GC(9) - age   2:   23800184 bytes,   41013064 total
[2023-12-25T09:30:03.973+0000][23980][gc,age      ] GC(9) - age   3:    8880080 bytes,   49893144 total
[2023-12-25T09:30:03.973+0000][23980][gc,age      ] GC(9) - age   4:    2396088 bytes,   52289232 total
[2023-12-25T09:30:03.973+0000][23980][gc,age      ] GC(9) - age   5:    3968080 bytes,   56257312 total
[2023-12-25T09:30:03.973+0000][23980][gc,age      ] GC(9) - age   6:    2111944 bytes,   58369256 total
[2023-12-25T09:30:03.973+0000][23980][gc,heap     ] GC(9) Eden regions: 117->0(130)
[2023-12-25T09:30:03.973+0000][23980][gc,heap     ] GC(9) Survivor regions: 11->15(29)
[2023-12-25T09:30:03.973+0000][23980][gc,heap     ] GC(9) Old regions: 3->3
[2023-12-25T09:30:03.973+0000][23980][gc,heap     ] GC(9) Archive regions: 0->0
[2023-12-25T09:30:03.973+0000][23980][gc,heap     ] GC(9) Humongous regions: 0->0
[2023-12-25T09:30:03.973+0000][23980][gc,metaspace] GC(9) Metaspace: 98174K(101248K)->98174K(101248K) NonClass: 84911K(86464K)->84911K(86464K) Class: 13262K(14784K)->13262K(14784K)
[2023-12-25T09:30:03.973+0000][23980][gc          ] GC(9) Pause Young (Concurrent Start) (Metadata GC Threshold) 518M->69M(4040M) 49.340ms
[2023-12-25T09:30:03.973+0000][23980][gc          ] GC(10) Concurrent Mark Cycle
[2023-12-25T09:30:03.973+0000][23980][gc,cpu      ] GC(9) User=0.42s Sys=0.00s Real=0.05s
[2023-12-25T09:30:03.973+0000][23980][gc,marking  ] GC(10) Concurrent Clear Claimed Marks
[2023-12-25T09:30:03.973+0000][23980][safepoint   ] Safepoint "CollectForMetadataAllocation", Time since last: 798766700 ns, Reaching safepoint: 125000 ns, At safepoint: 49555100 ns, Total: 49680100 ns
[2023-12-25T09:30:03.973+0000][23980][gc,marking  ] GC(10) Concurrent Clear Claimed Marks 0.183ms
[2023-12-25T09:30:03.973+0000][23980][gc,marking  ] GC(10) Concurrent Scan Root Regions
[2023-12-25T09:30:04.007+0000][23980][gc,marking  ] GC(10) Concurrent Scan Root Regions 34.268ms
[2023-12-25T09:30:04.007+0000][23980][gc,marking  ] GC(10) Concurrent Mark
[2023-12-25T09:30:04.007+0000][23980][gc,marking  ] GC(10) Concurrent Mark From Roots
[2023-12-25T09:30:04.007+0000][23980][gc,task     ] GC(10) Using 2 workers of 2 for marking
[2023-12-25T09:30:04.020+0000][23980][gc,marking  ] GC(10) Concurrent Mark From Roots 12.567ms
[2023-12-25T09:30:04.021+0000][23980][gc,marking  ] GC(10) Concurrent Preclean
[2023-12-25T09:30:04.021+0000][23980][gc,marking  ] GC(10) Concurrent Preclean 0.123ms
[2023-12-25T09:30:04.021+0000][23980][gc,start    ] GC(10) Pause Remark
[2023-12-25T09:30:04.024+0000][23980][gc          ] GC(10) Pause Remark 72M->72M(4040M) 3.051ms
[2023-12-25T09:30:04.024+0000][23980][gc,cpu      ] GC(10) User=0.00s Sys=0.00s Real=0.00s
[2023-12-25T09:30:04.024+0000][23980][safepoint   ] Safepoint "G1Concurrent", Time since last: 47182000 ns, Reaching safepoint: 48400 ns, At safepoint: 3126600 ns, Total: 3175000 ns
[2023-12-25T09:30:04.024+0000][23980][gc,marking  ] GC(10) Concurrent Mark 15.973ms
[2023-12-25T09:30:04.024+0000][23980][gc,marking  ] GC(10) Concurrent Rebuild Remembered Sets
[2023-12-25T09:30:04.029+0000][23980][gc,marking  ] GC(10) Concurrent Rebuild Remembered Sets 5.114ms
[2023-12-25T09:30:04.029+0000][23980][gc,start    ] GC(10) Pause Cleanup
[2023-12-25T09:30:04.029+0000][23980][gc          ] GC(10) Pause Cleanup 72M->72M(4040M) 0.130ms
[2023-12-25T09:30:04.029+0000][23980][gc,cpu      ] GC(10) User=0.00s Sys=0.00s Real=0.00s
[2023-12-25T09:30:04.030+0000][23980][safepoint   ] Safepoint "G1Concurrent", Time since last: 5200900 ns, Reaching safepoint: 64100 ns, At safepoint: 185900 ns, Total: 250000 ns
[2023-12-25T09:30:04.030+0000][23980][gc,marking  ] GC(10) Concurrent Cleanup for Next Mark
[2023-12-25T09:30:04.035+0000][23980][gc,marking  ] GC(10) Concurrent Cleanup for Next Mark 6.656ms
[2023-12-25T09:30:04.036+0000][23980][gc          ] GC(10) Concurrent Mark Cycle 62.751ms
[2023-12-25T09:30:05.218+0000][23980][safepoint   ] Safepoint "ICBufferFull", Time since last: 1188626900 ns, Reaching safepoint: 343200 ns, At safepoint: 16200 ns, Total: 359400 ns
[2023-12-25T09:30:06.391+0000][23980][safepoint   ] Safepoint "Cleanup", Time since last: 1172861900 ns, Reaching safepoint: 258300 ns, At safepoint: 58700 ns, Total: 317000 ns
[2023-12-25T09:30:08.005+0000][23980][safepoint   ] Safepoint "Cleanup", Time since last: 1612643500 ns, Reaching safepoint: 264700 ns, At safepoint: 52400 ns, Total: 317100 ns
[2023-12-25T09:30:09.018+0000][23980][safepoint   ] Safepoint "Cleanup", Time since last: 1013526700 ns, Reaching safepoint: 257500 ns, At safepoint: 55100 ns, Total: 312600 ns
[2023-12-25T09:30:10.028+0000][23980][safepoint   ] Safepoint "Cleanup", Time since last: 1009849900 ns, Reaching safepoint: 233000 ns, At safepoint: 18500 ns, Total: 251500 ns
[2023-12-25T09:30:11.030+0000][23980][safepoint   ] Safepoint "Cleanup", Time since last: 1001588700 ns, Reaching safepoint: 266600 ns, At safepoint: 12500 ns, Total: 279100 ns
[2023-12-25T09:30:12.278+0000][23980][safepoint   ] Safepoint "Cleanup", Time since last: 1237444500 ns, Reaching safepoint: 10492800 ns, At safepoint: 32900 ns, Total: 10525700 ns
[2023-12-25T09:30:13.294+0000][23980][safepoint   ] Safepoint "Cleanup", Time since last: 1015529500 ns, Reaching safepoint: 295400 ns, At safepoint: 137700 ns, Total: 433100 ns
[2023-12-25T09:30:14.296+0000][23980][safepoint   ] Safepoint "Cleanup", Time since last: 1001224100 ns, Reaching safepoint: 240700 ns, At safepoint: 13900 ns, Total: 254600 ns
[2023-12-25T09:30:15.911+0000][23980][safepoint   ] Safepoint "Cleanup", Time since last: 1561580100 ns, Reaching safepoint: 53570100 ns, At safepoint: 576100 ns, Total: 54146200 ns
[2023-12-25T09:30:16.513+0000][23980][safepoint   ] Safepoint "ICBufferFull", Time since last: 577144800 ns, Reaching safepoint: 24532700 ns, At safepoint: 60800 ns, Total: 24593500 ns
[2023-12-25T09:30:17.217+0000][23980][safepoint   ] Safepoint "ICBufferFull", Time since last: 679740000 ns, Reaching safepoint: 23365800 ns, At safepoint: 446300 ns, Total: 23812100 ns
[2023-12-25T09:30:17.220+0000][23980][safepoint   ] Safepoint "ICBufferFull", Time since last: 1973500 ns, Reaching safepoint: 611600 ns, At safepoint: 1126200 ns, Total: 1737800 ns
[2023-12-25T09:30:18.011+0000][23980][safepoint   ] Safepoint "ICBufferFull", Time since last: 790584000 ns, Reaching safepoint: 366100 ns, At safepoint: 58200 ns, Total: 424300 ns
[2023-12-25T09:30:19.021+0000][23980][safepoint   ] Safepoint "Cleanup", Time since last: 1009153000 ns, Reaching safepoint: 130900 ns, At safepoint: 12700 ns, Total: 143600 ns
[2023-12-25T09:30:20.024+0000][23980][safepoint   ] Safepoint "Cleanup", Time since last: 1003098000 ns, Reaching safepoint: 181700 ns, At safepoint: 20400 ns, Total: 202100 ns
[2023-12-25T09:30:21.034+0000][23980][safepoint   ] Safepoint "Cleanup", Time since last: 1009435600 ns, Reaching safepoint: 193800 ns, At safepoint: 45400 ns, Total: 239200 ns
[2023-12-25T09:30:22.669+0000][23980][safepoint   ] Safepoint "Cleanup", Time since last: 1634679800 ns, Reaching safepoint: 310200 ns, At safepoint: 36500 ns, Total: 346700 ns
[2023-12-25T09:30:23.673+0000][23980][safepoint   ] Safepoint "Cleanup", Time since last: 1003724600 ns, Reaching safepoint: 268400 ns, At safepoint: 53100 ns, Total: 321500 ns
[2023-12-25T09:30:24.683+0000][23980][safepoint   ] Safepoint "Cleanup", Time since last: 1009511400 ns, Reaching safepoint: 276100 ns, At safepoint: 44800 ns, Total: 320900 ns
[2023-12-25T09:30:25.697+0000][23980][safepoint   ] Safepoint "Cleanup", Time since last: 1013857500 ns, Reaching safepoint: 93600 ns, At safepoint: 23800 ns, Total: 117400 ns
[2023-12-25T09:30:26.714+0000][23980][safepoint   ] Safepoint "Cleanup", Time since last: 1017015000 ns, Reaching safepoint: 153600 ns, At safepoint: 46100 ns, Total: 199700 ns
[2023-12-25T09:30:27.724+0000][23980][safepoint   ] Safepoint "Cleanup", Time since last: 1009702400 ns, Reaching safepoint: 282700 ns, At safepoint: 60400 ns, Total: 343100 ns
[2023-12-25T09:30:28.738+0000][23980][safepoint   ] Safepoint "Cleanup", Time since last: 1013533000 ns, Reaching safepoint: 136000 ns, At safepoint: 18900 ns, Total: 154900 ns
[2023-12-25T09:30:29.745+0000][23980][safepoint   ] Safepoint "Cleanup", Time since last: 1007359000 ns, Reaching safepoint: 99100 ns, At safepoint: 23300 ns, Total: 122400 ns
[2023-12-25T09:30:30.750+0000][23980][safepoint   ] Safepoint "Cleanup", Time since last: 1004507100 ns, Reaching safepoint: 319100 ns, At safepoint: 48300 ns, Total: 367400 ns
[2023-12-25T09:30:31.751+0000][23980][safepoint   ] Safepoint "Cleanup", Time since last: 1000533500 ns, Reaching safepoint: 228300 ns, At safepoint: 51500 ns, Total: 279800 ns
[2023-12-25T09:30:33.770+0000][23980][safepoint   ] Safepoint "Cleanup", Time since last: 2018778800 ns, Reaching safepoint: 200700 ns, At safepoint: 22600 ns, Total: 223300 ns
[2023-12-25T09:30:34.778+0000][23980][safepoint   ] Safepoint "Cleanup", Time since last: 1008541100 ns, Reaching safepoint: 404400 ns, At safepoint: 39500 ns, Total: 443900 ns
[2023-12-25T09:30:35.781+0000][23980][safepoint   ] Safepoint "Cleanup", Time since last: 1002374400 ns, Reaching safepoint: 125800 ns, At safepoint: 54600 ns, Total: 180400 ns
[2023-12-25T09:30:36.794+0000][23980][safepoint   ] Safepoint "Cleanup", Time since last: 1012861900 ns, Reaching safepoint: 174800 ns, At safepoint: 70100 ns, Total: 244900 ns
[2023-12-25T09:30:38.811+0000][23980][safepoint   ] Safepoint "Cleanup", Time since last: 2016922500 ns, Reaching safepoint: 128000 ns, At safepoint: 30000 ns, Total: 158000 ns
[2023-12-25T09:30:39.833+0000][23980][safepoint   ] Safepoint "Cleanup", Time since last: 1020630200 ns, Reaching safepoint: 397300 ns, At safepoint: 86100 ns, Total: 483400 ns
[2023-12-25T09:30:40.847+0000][23980][safepoint   ] Safepoint "Cleanup", Time since last: 1013800300 ns, Reaching safepoint: 148600 ns, At safepoint: 104300 ns, Total: 252900 ns
[2023-12-25T09:30:41.865+0000][23980][safepoint   ] Safepoint "Cleanup", Time since last: 1018119400 ns, Reaching safepoint: 140800 ns, At safepoint: 24800 ns, Total: 165600 ns
[2023-12-25T09:30:42.873+0000][23980][safepoint   ] Safepoint "Cleanup", Time since last: 1007988500 ns, Reaching safepoint: 134400 ns, At safepoint: 30500 ns, Total: 164900 ns
[2023-12-25T09:30:43.881+0000][23980][safepoint   ] Safepoint "Cleanup", Time since last: 1008181600 ns, Reaching safepoint: 107700 ns, At safepoint: 19900 ns, Total: 127600 ns
[2023-12-25T09:30:45.893+0000][23980][safepoint   ] Safepoint "Cleanup", Time since last: 2010967100 ns, Reaching safepoint: 147200 ns, At safepoint: 32100 ns, Total: 179300 ns
[2023-12-25T09:30:46.899+0000][23980][safepoint   ] Safepoint "Cleanup", Time since last: 1006209400 ns, Reaching safepoint: 239600 ns, At safepoint: 34800 ns, Total: 274400 ns
[2023-12-25T09:30:47.914+0000][23980][safepoint   ] Safepoint "Cleanup", Time since last: 1014412800 ns, Reaching safepoint: 285100 ns, At safepoint: 47700 ns, Total: 332800 ns
[2023-12-25T09:30:48.918+0000][23980][safepoint   ] Safepoint "Cleanup", Time since last: 1003847400 ns, Reaching safepoint: 205800 ns, At safepoint: 85700 ns, Total: 291500 ns
[2023-12-25T09:30:51.943+0000][23980][safepoint   ] Safepoint "Cleanup", Time since last: 3024281100 ns, Reaching safepoint: 424000 ns, At safepoint: 68800 ns, Total: 492800 ns
[2023-12-25T09:30:52.965+0000][23980][safepoint   ] Safepoint "Cleanup", Time since last: 1022056400 ns, Reaching safepoint: 313400 ns, At safepoint: 66300 ns, Total: 379700 ns
[2023-12-25T09:30:53.972+0000][23980][safepoint   ] Safepoint "Cleanup", Time since last: 1007006800 ns, Reaching safepoint: 320600 ns, At safepoint: 100400 ns, Total: 421000 ns
[2023-12-25T09:30:54.974+0000][23980][safepoint   ] Safepoint "Cleanup", Time since last: 1000948000 ns, Reaching safepoint: 221500 ns, At safepoint: 96000 ns, Total: 317500 ns
[2023-12-25T09:30:57.999+0000][23980][safepoint   ] Safepoint "Cleanup", Time since last: 3024786500 ns, Reaching safepoint: 238900 ns, At safepoint: 19300 ns, Total: 258200 ns
[2023-12-25T09:30:59.001+0000][23980][safepoint   ] Safepoint "Cleanup", Time since last: 1001950400 ns, Reaching safepoint: 190700 ns, At safepoint: 69100 ns, Total: 259800 ns
[2023-12-25T09:31:00.019+0000][23980][safepoint   ] Safepoint "Cleanup", Time since last: 1018105100 ns, Reaching safepoint: 201400 ns, At safepoint: 27100 ns, Total: 228500 ns
[2023-12-25T09:31:01.022+0000][23980][safepoint   ] Safepoint "Cleanup", Time since last: 1002564200 ns, Reaching safepoint: 253900 ns, At safepoint: 50100 ns, Total: 304000 ns
[2023-12-25T09:31:02.025+0000][23980][safepoint   ] Safepoint "Cleanup", Time since last: 1002942300 ns, Reaching safepoint: 187700 ns, At safepoint: 101200 ns, Total: 288900 ns
[2023-12-25T09:31:04.045+0000][23980][safepoint   ] Safepoint "Cleanup", Time since last: 2019462800 ns, Reaching safepoint: 138000 ns, At safepoint: 26000 ns, Total: 164000 ns
[2023-12-25T09:31:05.052+0000][23980][safepoint   ] Safepoint "Cleanup", Time since last: 1006828100 ns, Reaching safepoint: 684200 ns, At safepoint: 43100 ns, Total: 727300 ns
[2023-12-25T09:31:06.059+0000][23980][safepoint   ] Safepoint "Cleanup", Time since last: 1006684200 ns, Reaching safepoint: 151300 ns, At safepoint: 46500 ns, Total: 197800 ns
[2023-12-25T09:31:07.068+0000][23980][safepoint   ] Safepoint "Cleanup", Time since last: 1008639300 ns, Reaching safepoint: 146500 ns, At safepoint: 44000 ns, Total: 190500 ns
[2023-12-25T09:31:08.070+0000][23980][safepoint   ] Safepoint "Cleanup", Time since last: 1001443600 ns, Reaching safepoint: 82000 ns, At safepoint: 63600 ns, Total: 145600 ns
[2023-12-25T09:31:09.072+0000][23980][safepoint   ] Safepoint "Cleanup", Time since last: 1001391600 ns, Reaching safepoint: 183100 ns, At safepoint: 54900 ns, Total: 238000 ns
[2023-12-25T09:31:10.388+0000][23980][safepoint   ] Safepoint "Cleanup", Time since last: 1315930200 ns, Reaching safepoint: 501700 ns, At safepoint: 24100 ns, Total: 525800 ns
[2023-12-25T09:31:11.525+0000][23980][safepoint   ] Safepoint "Cleanup", Time since last: 1137240400 ns, Reaching safepoint: 498900 ns, At safepoint: 48300 ns, Total: 547200 ns
[2023-12-25T09:31:12.536+0000][23980][safepoint   ] Safepoint "Cleanup", Time since last: 1009488200 ns, Reaching safepoint: 246200 ns, At safepoint: 23900 ns, Total: 270100 ns
[2023-12-25T09:31:14.545+0000][23980][safepoint   ] Safepoint "Cleanup", Time since last: 2009278300 ns, Reaching safepoint: 128800 ns, At safepoint: 35900 ns, Total: 164700 ns
[2023-12-25T09:31:15.551+0000][23980][safepoint   ] Safepoint "Cleanup", Time since last: 1005849900 ns, Reaching safepoint: 313300 ns, At safepoint: 133600 ns, Total: 446900 ns
[2023-12-25T09:31:16.560+0000][23980][safepoint   ] Safepoint "Cleanup", Time since last: 1008636700 ns, Reaching safepoint: 166200 ns, At safepoint: 78000 ns, Total: 244200 ns
[2023-12-25T09:31:17.565+0000][23980][safepoint   ] Safepoint "Cleanup", Time since last: 1004369600 ns, Reaching safepoint: 153600 ns, At safepoint: 64100 ns, Total: 217700 ns
[2023-12-25T09:31:18.582+0000][23980][safepoint   ] Safepoint "Cleanup", Time since last: 1017150800 ns, Reaching safepoint: 132500 ns, At safepoint: 84500 ns, Total: 217000 ns
[2023-12-25T09:31:19.585+0000][23980][safepoint   ] Safepoint "Cleanup", Time since last: 1002974800 ns, Reaching safepoint: 150600 ns, At safepoint: 59900 ns, Total: 210500 ns
[2023-12-25T09:31:20.592+0000][23980][safepoint   ] Safepoint "Cleanup", Time since last: 1005990500 ns, Reaching safepoint: 138500 ns, At safepoint: 59000 ns, Total: 197500 ns
[2023-12-25T09:31:24.610+0000][23980][safepoint   ] Safepoint "Cleanup", Time since last: 4018551800 ns, Reaching safepoint: 108900 ns, At safepoint: 54700 ns, Total: 163600 ns
[2023-12-25T09:31:36.668+0000][23980][safepoint   ] Safepoint "Cleanup", Time since last: 12057568400 ns, Reaching safepoint: 122500 ns, At safepoint: 27300 ns, Total: 149800 ns
[2023-12-25T09:31:38.676+0000][23980][safepoint   ] Safepoint "Cleanup", Time since last: 2007596700 ns, Reaching safepoint: 98200 ns, At safepoint: 21200 ns, Total: 119400 ns
[2023-12-25T09:31:39.689+0000][23980][safepoint   ] Safepoint "Cleanup", Time since last: 1013668100 ns, Reaching safepoint: 106400 ns, At safepoint: 60300 ns, Total: 166700 ns
[2023-12-25T09:31:46.734+0000][23980][safepoint   ] Safepoint "Cleanup", Time since last: 7044556900 ns, Reaching safepoint: 91900 ns, At safepoint: 23800 ns, Total: 115700 ns
[2023-12-25T09:32:06.882+0000][23980][safepoint   ] Safepoint "Cleanup", Time since last: 20147780700 ns, Reaching safepoint: 112500 ns, At safepoint: 66400 ns, Total: 178900 ns
[2023-12-25T09:32:09.895+0000][23980][safepoint   ] Safepoint "Cleanup", Time since last: 3012869900 ns, Reaching safepoint: 72800 ns, At safepoint: 20900 ns, Total: 93700 ns
[2023-12-25T09:32:10.897+0000][23980][safepoint   ] Safepoint "Cleanup", Time since last: 1002078500 ns, Reaching safepoint: 79400 ns, At safepoint: 28400 ns, Total: 107800 ns
[2023-12-25T09:32:11.905+0000][23980][safepoint   ] Safepoint "Cleanup", Time since last: 1007666900 ns, Reaching safepoint: 91000 ns, At safepoint: 62400 ns, Total: 153400 ns
[2023-12-25T09:32:13.920+0000][23980][safepoint   ] Safepoint "Cleanup", Time since last: 2014964600 ns, Reaching safepoint: 76700 ns, At safepoint: 27000 ns, Total: 103700 ns
[2023-12-25T09:32:14.932+0000][23980][safepoint   ] Safepoint "Cleanup", Time since last: 1011492700 ns, Reaching safepoint: 64100 ns, At safepoint: 80900 ns, Total: 145000 ns
[2023-12-25T09:32:15.936+0000][23980][safepoint   ] Safepoint "Cleanup", Time since last: 1003624900 ns, Reaching safepoint: 57400 ns, At safepoint: 20200 ns, Total: 77600 ns
[2023-12-25T09:32:37.109+0000][23980][safepoint   ] Safepoint "Cleanup", Time since last: 21172903200 ns, Reaching safepoint: 96700 ns, At safepoint: 17000 ns, Total: 113700 ns
[2023-12-25T09:32:40.126+0000][23980][safepoint   ] Safepoint "Cleanup", Time since last: 3016866100 ns, Reaching safepoint: 119200 ns, At safepoint: 13500 ns, Total: 132700 ns
[2023-12-25T09:32:42.143+0000][23980][safepoint   ] Safepoint "Cleanup", Time since last: 2017039000 ns, Reaching safepoint: 130400 ns, At safepoint: 23900 ns, Total: 154300 ns
[2023-12-25T09:32:48.195+0000][23980][safepoint   ] Safepoint "Cleanup", Time since last: 6052003900 ns, Reaching safepoint: 171900 ns, At safepoint: 18100 ns, Total: 190000 ns
[2023-12-25T09:32:49.203+0000][23980][safepoint   ] Safepoint "Cleanup", Time since last: 1007985500 ns, Reaching safepoint: 181700 ns, At safepoint: 17200 ns, Total: 198900 ns
[2023-12-25T09:33:04.318+0000][23980][safepoint   ] Safepoint "Cleanup", Time since last: 15114553500 ns, Reaching safepoint: 80900 ns, At safepoint: 27600 ns, Total: 108500 ns
[2023-12-25T09:33:09.356+0000][23980][safepoint   ] Safepoint "Cleanup", Time since last: 5037568300 ns, Reaching safepoint: 86500 ns, At safepoint: 28300 ns, Total: 114800 ns
[2023-12-25T09:33:10.364+0000][23980][safepoint   ] Safepoint "Cleanup", Time since last: 1007994500 ns, Reaching safepoint: 65200 ns, At safepoint: 20300 ns, Total: 85500 ns
[2023-12-25T09:33:12.387+0000][23980][safepoint   ] Safepoint "Cleanup", Time since last: 2023221300 ns, Reaching safepoint: 90400 ns, At safepoint: 78700 ns, Total: 169100 ns
[2023-12-25T09:33:17.423+0000][23980][safepoint   ] Safepoint "Cleanup", Time since last: 5036209600 ns, Reaching safepoint: 88600 ns, At safepoint: 20300 ns, Total: 108900 ns
[2023-12-25T09:33:24.495+0000][23980][safepoint   ] Safepoint "Cleanup", Time since last: 7072086300 ns, Reaching safepoint: 141800 ns, At safepoint: 25200 ns, Total: 167000 ns
[2023-12-25T09:33:27.515+0000][23980][safepoint   ] Safepoint "Cleanup", Time since last: 3019289700 ns, Reaching safepoint: 89300 ns, At safepoint: 59600 ns, Total: 148900 ns
[2023-12-25T09:33:36.596+0000][23980][safepoint   ] Safepoint "Cleanup", Time since last: 9080470600 ns, Reaching safepoint: 104800 ns, At safepoint: 28800 ns, Total: 133600 ns
[2023-12-25T09:33:39.619+0000][23980][safepoint   ] Safepoint "Cleanup", Time since last: 3023237000 ns, Reaching safepoint: 103300 ns, At safepoint: 4900 ns, Total: 108200 ns
[2023-12-25T09:33:44.654+0000][23980][safepoint   ] Safepoint "Cleanup", Time since last: 5034276400 ns, Reaching safepoint: 95700 ns, At safepoint: 50900 ns, Total: 146600 ns
[2023-12-25T09:33:58.747+0000][23980][safepoint   ] Safepoint "Cleanup", Time since last: 14092943200 ns, Reaching safepoint: 80100 ns, At safepoint: 21200 ns, Total: 101300 ns
[2023-12-25T09:34:04.802+0000][23980][safepoint   ] Safepoint "Cleanup", Time since last: 6055754300 ns, Reaching safepoint: 81000 ns, At safepoint: 36000 ns, Total: 117000 ns
[2023-12-25T09:34:06.816+0000][23980][safepoint   ] Safepoint "Cleanup", Time since last: 2013580200 ns, Reaching safepoint: 74800 ns, At safepoint: 35700 ns, Total: 110500 ns
[2023-12-25T09:34:09.840+0000][23980][safepoint   ] Safepoint "Cleanup", Time since last: 3024414700 ns, Reaching safepoint: 91400 ns, At safepoint: 65600 ns, Total: 157000 ns
[2023-12-25T09:34:16.901+0000][23980][safepoint   ] Safepoint "Cleanup", Time since last: 7060090400 ns, Reaching safepoint: 78000 ns, At safepoint: 17500 ns, Total: 95500 ns
[2023-12-25T09:34:17.902+0000][23980][safepoint   ] Safepoint "Cleanup", Time since last: 1001582900 ns, Reaching safepoint: 93300 ns, At safepoint: 19200 ns, Total: 112500 ns
[2023-12-25T09:34:19.914+0000][23980][safepoint   ] Safepoint "Cleanup", Time since last: 2011367700 ns, Reaching safepoint: 85500 ns, At safepoint: 32600 ns, Total: 118100 ns
[2023-12-25T09:34:21.934+0000][23980][safepoint   ] Safepoint "Cleanup", Time since last: 2020109100 ns, Reaching safepoint: 71700 ns, At safepoint: 8900 ns, Total: 80600 ns
[2023-12-25T09:34:23.942+0000][23980][safepoint   ] Safepoint "Cleanup", Time since last: 2007520300 ns, Reaching safepoint: 72100 ns, At safepoint: 63100 ns, Total: 135200 ns
[2023-12-25T09:34:24.944+0000][23980][safepoint   ] Safepoint "Cleanup", Time since last: 1002564200 ns, Reaching safepoint: 755700 ns, At safepoint: 52900 ns, Total: 808600 ns
[2023-12-25T09:34:25.952+0000][23980][safepoint   ] Safepoint "Cleanup", Time since last: 1006667500 ns, Reaching safepoint: 89000 ns, At safepoint: 26600 ns, Total: 115600 ns
[2023-12-25T09:34:26.958+0000][23980][safepoint   ] Safepoint "Cleanup", Time since last: 1006230400 ns, Reaching safepoint: 66700 ns, At safepoint: 17800 ns, Total: 84500 ns
[2023-12-25T09:34:32.003+0000][23980][safepoint   ] Safepoint "Cleanup", Time since last: 5044136800 ns, Reaching safepoint: 71000 ns, At safepoint: 15500 ns, Total: 86500 ns
[2023-12-25T09:34:36.038+0000][23980][safepoint   ] Safepoint "Cleanup", Time since last: 4034917100 ns, Reaching safepoint: 78400 ns, At safepoint: 24000 ns, Total: 102400 ns
[2023-12-25T09:34:37.045+0000][23980][safepoint   ] Safepoint "Cleanup", Time since last: 1007264300 ns, Reaching safepoint: 93000 ns, At safepoint: 22400 ns, Total: 115400 ns
[2023-12-25T09:34:40.073+0000][23980][safepoint   ] Safepoint "Cleanup", Time since last: 3028329800 ns, Reaching safepoint: 95300 ns, At safepoint: 14500 ns, Total: 109800 ns
[2023-12-25T09:34:42.091+0000][23980][safepoint   ] Safepoint "Cleanup", Time since last: 2017950200 ns, Reaching safepoint: 73700 ns, At safepoint: 31600 ns, Total: 105300 ns
[2023-12-25T09:35:10.294+0000][23980][safepoint   ] Safepoint "Cleanup", Time since last: 28202789600 ns, Reaching safepoint: 84500 ns, At safepoint: 10300 ns, Total: 94800 ns
[2023-12-25T09:35:11.303+0000][23980][safepoint   ] Safepoint "Cleanup", Time since last: 1008956200 ns, Reaching safepoint: 78100 ns, At safepoint: 12300 ns, Total: 90400 ns
[2023-12-25T09:35:12.314+0000][23980][safepoint   ] Safepoint "Cleanup", Time since last: 1010634900 ns, Reaching safepoint: 82400 ns, At safepoint: 27200 ns, Total: 109600 ns
[2023-12-25T09:35:14.323+0000][23980][safepoint   ] Safepoint "Cleanup", Time since last: 2008899700 ns, Reaching safepoint: 78900 ns, At safepoint: 23400 ns, Total: 102300 ns
[2023-12-25T09:35:16.330+0000][23980][safepoint   ] Safepoint "Cleanup", Time since last: 2006523200 ns, Reaching safepoint: 70600 ns, At safepoint: 16800 ns, Total: 87400 ns
[2023-12-25T09:35:17.344+0000][23980][safepoint   ] Safepoint "Cleanup", Time since last: 1014181300 ns, Reaching safepoint: 98700 ns, At safepoint: 16100 ns, Total: 114800 ns
[2023-12-25T09:35:37.464+0000][23980][safepoint   ] Safepoint "Cleanup", Time since last: 20119799100 ns, Reaching safepoint: 67300 ns, At safepoint: 20800 ns, Total: 88100 ns
[2023-12-25T09:35:40.491+0000][23980][safepoint   ] Safepoint "Cleanup", Time since last: 3027258000 ns, Reaching safepoint: 112500 ns, At safepoint: 8400 ns, Total: 120900 ns
[2023-12-25T09:35:42.511+0000][23980][safepoint   ] Safepoint "Cleanup", Time since last: 2019670700 ns, Reaching safepoint: 85600 ns, At safepoint: 22400 ns, Total: 108000 ns
[2023-12-25T09:35:44.539+0000][23980][safepoint   ] Safepoint "Cleanup", Time since last: 2027832400 ns, Reaching safepoint: 97200 ns, At safepoint: 13600 ns, Total: 110800 ns
[2023-12-25T09:35:58.651+0000][23980][safepoint   ] Safepoint "Cleanup", Time since last: 14111805100 ns, Reaching safepoint: 80200 ns, At safepoint: 45400 ns, Total: 125600 ns
[2023-12-25T09:36:06.691+0000][23980][safepoint   ] Safepoint "Cleanup", Time since last: 8040300200 ns, Reaching safepoint: 82200 ns, At safepoint: 14300 ns, Total: 96500 ns
[2023-12-25T09:36:13.754+0000][23980][safepoint   ] Safepoint "Cleanup", Time since last: 7062894100 ns, Reaching safepoint: 74900 ns, At safepoint: 24000 ns, Total: 98900 ns
[2023-12-25T09:36:16.784+0000][23980][safepoint   ] Safepoint "Cleanup", Time since last: 3029340700 ns, Reaching safepoint: 119200 ns, At safepoint: 22800 ns, Total: 142000 ns
[2023-12-25T09:36:21.829+0000][23980][safepoint   ] Safepoint "Cleanup", Time since last: 5044671500 ns, Reaching safepoint: 126800 ns, At safepoint: 21400 ns, Total: 148200 ns
[2023-12-25T09:36:34.943+0000][23980][safepoint   ] Safepoint "Cleanup", Time since last: 13114377800 ns, Reaching safepoint: 99700 ns, At safepoint: 10400 ns, Total: 110100 ns
[2023-12-25T09:36:36.958+0000][23980][safepoint   ] Safepoint "Cleanup", Time since last: 2015080900 ns, Reaching safepoint: 98500 ns, At safepoint: 11000 ns, Total: 109500 ns
[2023-12-25T09:36:39.978+0000][23980][safepoint   ] Safepoint "Cleanup", Time since last: 3019474500 ns, Reaching safepoint: 105500 ns, At safepoint: 11600 ns, Total: 117100 ns
[2023-12-25T09:36:44.004+0000][23980][safepoint   ] Safepoint "Cleanup", Time since last: 4026046600 ns, Reaching safepoint: 77600 ns, At safepoint: 25800 ns, Total: 103400 ns
[2023-12-25T09:36:54.078+0000][23980][safepoint   ] Safepoint "Cleanup", Time since last: 10073379600 ns, Reaching safepoint: 111900 ns, At safepoint: 21800 ns, Total: 133700 ns
[2023-12-25T09:36:57.102+0000][23980][safepoint   ] Safepoint "Cleanup", Time since last: 3024204100 ns, Reaching safepoint: 124500 ns, At safepoint: 19700 ns, Total: 144200 ns
[2023-12-25T09:37:12.182+0000][23980][safepoint   ] Safepoint "Cleanup", Time since last: 15079744700 ns, Reaching safepoint: 83400 ns, At safepoint: 27300 ns, Total: 110700 ns
[2023-12-25T09:37:34.849+0000][23980][safepoint   ] Safepoint "Cleanup", Time since last: 22670610300 ns, Reaching safepoint: 93000 ns, At safepoint: 51600 ns, Total: 144600 ns
[2023-12-25T09:37:35.003+0000][23980][gc,start    ] GC(11) Pause Young (Normal) (G1 Evacuation Pause)
[2023-12-25T09:37:35.006+0000][23980][gc,task     ] GC(11) Using 8 workers of 8 for evacuation
[2023-12-25T09:37:35.006+0000][23980][gc,age      ] GC(11) Desired survivor size 46137344 bytes, new threshold 3 (max threshold 15)
[2023-12-25T09:37:35.096+0000][23980][gc,phases   ] GC(11)   Pre Evacuate Collection Set: 0.2ms
[2023-12-25T09:37:35.096+0000][23980][gc,phases   ] GC(11)   Merge Heap Roots: 0.1ms
[2023-12-25T09:37:35.096+0000][23980][gc,phases   ] GC(11)   Evacuate Collection Set: 86.9ms
[2023-12-25T09:37:35.096+0000][23980][gc,phases   ] GC(11)   Post Evacuate Collection Set: 3.8ms
[2023-12-25T09:37:35.096+0000][23980][gc,phases   ] GC(11)   Other: 0.2ms
[2023-12-25T09:37:35.096+0000][23980][gc,age      ] GC(11) Age table with threshold 3 (max threshold 15)
[2023-12-25T09:37:35.096+0000][23980][gc,age      ] GC(11) - age   1:   33771392 bytes,   33771392 total
[2023-12-25T09:37:35.096+0000][23980][gc,age      ] GC(11) - age   2:   16553840 bytes,   50325232 total
[2023-12-25T09:37:35.096+0000][23980][gc,age      ] GC(11) - age   3:   23624712 bytes,   73949944 total
[2023-12-25T09:37:35.096+0000][23980][gc,heap     ] GC(11) Eden regions: 158->0(123)
[2023-12-25T09:37:35.096+0000][23980][gc,heap     ] GC(11) Survivor regions: 15->20(22)
[2023-12-25T09:37:35.096+0000][23980][gc,heap     ] GC(11) Old regions: 3->7
[2023-12-25T09:37:35.096+0000][23980][gc,heap     ] GC(11) Archive regions: 0->0
[2023-12-25T09:37:35.096+0000][23980][gc,heap     ] GC(11) Humongous regions: 2->2
[2023-12-25T09:37:35.096+0000][23980][gc,metaspace] GC(11) Metaspace: 122264K(125824K)->122264K(125824K) NonClass: 105621K(107456K)->105621K(107456K) Class: 16642K(18368K)->16642K(18368K)
[2023-12-25T09:37:35.096+0000][23980][gc          ] GC(11) Pause Young (Normal) (G1 Evacuation Pause) 709M->113M(4040M) 92.137ms
[2023-12-25T09:37:35.096+0000][23980][gc,cpu      ] GC(11) User=0.42s Sys=0.11s Real=0.09s
[2023-12-25T09:37:35.096+0000][23980][safepoint   ] Safepoint "G1CollectForAllocation", Time since last: 152977700 ns, Reaching safepoint: 138400 ns, At safepoint: 92941100 ns, Total: 93079500 ns
[2023-12-25T09:37:35.254+0000][23980][safepoint   ] Safepoint "ICBufferFull", Time since last: 155547400 ns, Reaching safepoint: 247200 ns, At safepoint: 26500 ns, Total: 273700 ns
[2023-12-25T09:37:36.008+0000][23980][safepoint   ] Safepoint "ICBufferFull", Time since last: 753323700 ns, Reaching safepoint: 207400 ns, At safepoint: 742100 ns, Total: 949500 ns
[2023-12-25T09:37:37.017+0000][23980][safepoint   ] Safepoint "Cleanup", Time since last: 1007690700 ns, Reaching safepoint: 256600 ns, At safepoint: 20400 ns, Total: 277000 ns
[2023-12-25T09:37:39.031+0000][23980][safepoint   ] Safepoint "Cleanup", Time since last: 2013864400 ns, Reaching safepoint: 70100 ns, At safepoint: 10100 ns, Total: 80200 ns
[2023-12-25T09:37:40.042+0000][23980][safepoint   ] Safepoint "Cleanup", Time since last: 1011167700 ns, Reaching safepoint: 86100 ns, At safepoint: 16000 ns, Total: 102100 ns
[2023-12-25T09:37:42.065+0000][23980][safepoint   ] Safepoint "Cleanup", Time since last: 2023088700 ns, Reaching safepoint: 90400 ns, At safepoint: 12600 ns, Total: 103000 ns
[2023-12-25T09:37:45.089+0000][23980][safepoint   ] Safepoint "Cleanup", Time since last: 3023657300 ns, Reaching safepoint: 162600 ns, At safepoint: 5000 ns, Total: 167600 ns
[2023-12-25T09:37:45.836+0000][23980][safepoint   ] Safepoint "ICBufferFull", Time since last: 748945200 ns, Reaching safepoint: 305800 ns, At safepoint: 9900 ns, Total: 315700 ns
[2023-12-25T09:37:47.857+0000][23980][safepoint   ] Safepoint "Cleanup", Time since last: 2018879700 ns, Reaching safepoint: 251500 ns, At safepoint: 15500 ns, Total: 267000 ns
[2023-12-25T09:37:48.866+0000][23980][safepoint   ] Safepoint "Cleanup", Time since last: 1008329000 ns, Reaching safepoint: 128800 ns, At safepoint: 16200 ns, Total: 145000 ns
[2023-12-25T09:37:50.054+0000][23980][safepoint   ] Safepoint "Cleanup", Time since last: 1188196300 ns, Reaching safepoint: 132900 ns, At safepoint: 56200 ns, Total: 189100 ns
[2023-12-25T09:37:51.073+0000][23980][safepoint   ] Safepoint "Cleanup", Time since last: 1018868800 ns, Reaching safepoint: 136000 ns, At safepoint: 13700 ns, Total: 149700 ns
[2023-12-25T09:37:52.092+0000][23980][safepoint   ] Safepoint "Cleanup", Time since last: 1018188900 ns, Reaching safepoint: 122200 ns, At safepoint: 13400 ns, Total: 135600 ns
[2023-12-25T09:37:54.120+0000][23980][safepoint   ] Safepoint "Cleanup", Time since last: 2027861200 ns, Reaching safepoint: 74000 ns, At safepoint: 29500 ns, Total: 103500 ns
[2023-12-25T09:37:55.132+0000][23980][safepoint   ] Safepoint "Cleanup", Time since last: 1012343200 ns, Reaching safepoint: 103300 ns, At safepoint: 26900 ns, Total: 130200 ns
[2023-12-25T09:37:56.144+0000][23980][safepoint   ] Safepoint "Cleanup", Time since last: 1011580200 ns, Reaching safepoint: 149700 ns, At safepoint: 20600 ns, Total: 170300 ns
[2023-12-25T09:37:57.151+0000][23980][safepoint   ] Safepoint "Cleanup", Time since last: 1006687100 ns, Reaching safepoint: 305000 ns, At safepoint: 23400 ns, Total: 328400 ns
[2023-12-25T09:37:58.159+0000][23980][safepoint   ] Safepoint "Cleanup", Time since last: 1008400400 ns, Reaching safepoint: 119600 ns, At safepoint: 35500 ns, Total: 155100 ns
[2023-12-25T09:37:59.160+0000][23980][safepoint   ] Safepoint "Cleanup", Time since last: 1001206800 ns, Reaching safepoint: 99000 ns, At safepoint: 35800 ns, Total: 134800 ns
[2023-12-25T09:38:01.169+0000][23980][safepoint   ] Safepoint "Cleanup", Time since last: 2008254800 ns, Reaching safepoint: 195600 ns, At safepoint: 50100 ns, Total: 245700 ns
[2023-12-25T09:38:02.175+0000][23980][safepoint   ] Safepoint "Cleanup", Time since last: 1005508400 ns, Reaching safepoint: 98800 ns, At safepoint: 73600 ns, Total: 172400 ns
[2023-12-25T09:38:03.197+0000][23980][safepoint   ] Safepoint "Cleanup", Time since last: 1022520100 ns, Reaching safepoint: 115000 ns, At safepoint: 10600 ns, Total: 125600 ns
[2023-12-25T09:38:04.203+0000][23980][safepoint   ] Safepoint "Cleanup", Time since last: 1005443300 ns, Reaching safepoint: 82200 ns, At safepoint: 56400 ns, Total: 138600 ns
[2023-12-25T09:38:05.205+0000][23980][safepoint   ] Safepoint "Cleanup", Time since last: 1002096700 ns, Reaching safepoint: 90100 ns, At safepoint: 40600 ns, Total: 130700 ns
[2023-12-25T09:38:06.207+0000][23980][safepoint   ] Safepoint "Cleanup", Time since last: 1001588800 ns, Reaching safepoint: 119000 ns, At safepoint: 23300 ns, Total: 142300 ns
[2023-12-25T09:38:07.219+0000][23980][safepoint   ] Safepoint "Cleanup", Time since last: 1012258800 ns, Reaching safepoint: 88600 ns, At safepoint: 40800 ns, Total: 129400 ns
[2023-12-25T09:38:08.224+0000][23980][safepoint   ] Safepoint "Cleanup", Time since last: 1004552300 ns, Reaching safepoint: 136800 ns, At safepoint: 52100 ns, Total: 188900 ns
[2023-12-25T09:38:09.239+0000][23980][safepoint   ] Safepoint "Cleanup", Time since last: 1014515300 ns, Reaching safepoint: 128600 ns, At safepoint: 52300 ns, Total: 180900 ns
[2023-12-25T09:38:10.251+0000][23980][safepoint   ] Safepoint "Cleanup", Time since last: 1012134000 ns, Reaching safepoint: 125500 ns, At safepoint: 22100 ns, Total: 147600 ns
[2023-12-25T09:38:11.255+0000][23980][safepoint   ] Safepoint "Cleanup", Time since last: 1003782000 ns, Reaching safepoint: 118700 ns, At safepoint: 41600 ns, Total: 160300 ns
[2023-12-25T09:38:13.274+0000][23980][safepoint   ] Safepoint "Cleanup", Time since last: 2018775600 ns, Reaching safepoint: 143700 ns, At safepoint: 23000 ns, Total: 166700 ns
[2023-12-25T09:38:14.285+0000][23980][safepoint   ] Safepoint "Cleanup", Time since last: 1011479700 ns, Reaching safepoint: 145900 ns, At safepoint: 40000 ns, Total: 185900 ns
[2023-12-25T09:38:16.299+0000][23980][safepoint   ] Safepoint "Cleanup", Time since last: 2012801600 ns, Reaching safepoint: 143400 ns, At safepoint: 35400 ns, Total: 178800 ns
[2023-12-25T09:38:17.308+0000][23980][safepoint   ] Safepoint "Cleanup", Time since last: 1009050100 ns, Reaching safepoint: 94900 ns, At safepoint: 35000 ns, Total: 129900 ns
[2023-12-25T09:38:19.320+0000][23980][safepoint   ] Safepoint "Cleanup", Time since last: 2012352900 ns, Reaching safepoint: 127000 ns, At safepoint: 50600 ns, Total: 177600 ns
[2023-12-25T09:38:21.338+0000][23980][safepoint   ] Safepoint "Cleanup", Time since last: 2017677500 ns, Reaching safepoint: 108800 ns, At safepoint: 28900 ns, Total: 137700 ns
[2023-12-25T09:38:22.353+0000][23980][safepoint   ] Safepoint "Cleanup", Time since last: 1014861700 ns, Reaching safepoint: 114300 ns, At safepoint: 64400 ns, Total: 178700 ns
[2023-12-25T09:38:23.357+0000][23980][safepoint   ] Safepoint "Cleanup", Time since last: 1004114800 ns, Reaching safepoint: 126500 ns, At safepoint: 38600 ns, Total: 165100 ns
[2023-12-25T09:38:25.370+0000][23980][safepoint   ] Safepoint "Cleanup", Time since last: 2011913200 ns, Reaching safepoint: 124200 ns, At safepoint: 28000 ns, Total: 152200 ns
[2023-12-25T09:38:26.371+0000][23980][safepoint   ] Safepoint "Cleanup", Time since last: 1001666600 ns, Reaching safepoint: 195500 ns, At safepoint: 48000 ns, Total: 243500 ns
[2023-12-25T09:38:27.376+0000][23980][safepoint   ] Safepoint "Cleanup", Time since last: 1004536100 ns, Reaching safepoint: 162700 ns, At safepoint: 75700 ns, Total: 238400 ns
[2023-12-25T09:38:28.379+0000][23980][safepoint   ] Safepoint "Cleanup", Time since last: 1003005300 ns, Reaching safepoint: 100300 ns, At safepoint: 37300 ns, Total: 137600 ns
[2023-12-25T09:38:31.402+0000][23980][safepoint   ] Safepoint "Cleanup", Time since last: 3022738700 ns, Reaching safepoint: 134600 ns, At safepoint: 22100 ns, Total: 156700 ns
[2023-12-25T09:38:32.414+0000][23980][safepoint   ] Safepoint "Cleanup", Time since last: 1011877500 ns, Reaching safepoint: 151600 ns, At safepoint: 50300 ns, Total: 201900 ns
[2023-12-25T09:38:33.426+0000][23980][safepoint   ] Safepoint "Cleanup", Time since last: 1012064200 ns, Reaching safepoint: 143400 ns, At safepoint: 48400 ns, Total: 191800 ns
[2023-12-25T09:38:36.438+0000][23980][safepoint   ] Safepoint "Cleanup", Time since last: 3011039600 ns, Reaching safepoint: 96100 ns, At safepoint: 69700 ns, Total: 165800 ns
[2023-12-25T09:38:37.446+0000][23980][safepoint   ] Safepoint "Cleanup", Time since last: 1008026600 ns, Reaching safepoint: 137700 ns, At safepoint: 82500 ns, Total: 220200 ns
[2023-12-25T09:38:38.455+0000][23980][safepoint   ] Safepoint "Cleanup", Time since last: 1008269100 ns, Reaching safepoint: 93100 ns, At safepoint: 30600 ns, Total: 123700 ns
[2023-12-25T09:38:39.462+0000][23980][safepoint   ] Safepoint "Cleanup", Time since last: 1007748000 ns, Reaching safepoint: 90500 ns, At safepoint: 54000 ns, Total: 144500 ns
[2023-12-25T09:38:40.467+0000][23980][safepoint   ] Safepoint "Cleanup", Time since last: 1004501900 ns, Reaching safepoint: 149600 ns, At safepoint: 64800 ns, Total: 214400 ns
[2023-12-25T09:38:41.479+0000][23980][safepoint   ] Safepoint "Cleanup", Time since last: 1011963800 ns, Reaching safepoint: 120000 ns, At safepoint: 41900 ns, Total: 161900 ns
[2023-12-25T09:38:43.504+0000][23980][safepoint   ] Safepoint "Cleanup", Time since last: 2024516000 ns, Reaching safepoint: 115500 ns, At safepoint: 16500 ns, Total: 132000 ns
[2023-12-25T09:38:44.510+0000][23980][safepoint   ] Safepoint "Cleanup", Time since last: 1006018600 ns, Reaching safepoint: 195700 ns, At safepoint: 54000 ns, Total: 249700 ns
[2023-12-25T09:38:46.527+0000][23980][safepoint   ] Safepoint "Cleanup", Time since last: 2017354300 ns, Reaching safepoint: 215100 ns, At safepoint: 32900 ns, Total: 248000 ns
[2023-12-25T09:38:49.555+0000][23980][safepoint   ] Safepoint "Cleanup", Time since last: 3027282100 ns, Reaching safepoint: 168900 ns, At safepoint: 36100 ns, Total: 205000 ns
[2023-12-25T09:38:51.569+0000][23980][safepoint   ] Safepoint "Cleanup", Time since last: 2013943400 ns, Reaching safepoint: 149900 ns, At safepoint: 19500 ns, Total: 169400 ns
[2023-12-25T09:38:52.578+0000][23980][safepoint   ] Safepoint "Cleanup", Time since last: 1008455400 ns, Reaching safepoint: 149200 ns, At safepoint: 9800 ns, Total: 159000 ns
[2023-12-25T09:38:55.597+0000][23980][safepoint   ] Safepoint "Cleanup", Time since last: 3019256800 ns, Reaching safepoint: 162200 ns, At safepoint: 26500 ns, Total: 188700 ns
[2023-12-25T09:38:56.608+0000][23980][safepoint   ] Safepoint "Cleanup", Time since last: 1010923200 ns, Reaching safepoint: 240800 ns, At safepoint: 24300 ns, Total: 265100 ns
[2023-12-25T09:38:57.620+0000][23980][safepoint   ] Safepoint "Cleanup", Time since last: 1011978400 ns, Reaching safepoint: 119500 ns, At safepoint: 62800 ns, Total: 182300 ns
[2023-12-25T09:38:58.621+0000][23980][safepoint   ] Safepoint "Cleanup", Time since last: 1000637200 ns, Reaching safepoint: 135500 ns, At safepoint: 29000 ns, Total: 164500 ns
[2023-12-25T09:39:01.634+0000][23980][safepoint   ] Safepoint "Cleanup", Time since last: 3012046800 ns, Reaching safepoint: 208000 ns, At safepoint: 48100 ns, Total: 256100 ns
[2023-12-25T09:39:02.641+0000][23980][safepoint   ] Safepoint "Cleanup", Time since last: 1006968200 ns, Reaching safepoint: 150200 ns, At safepoint: 26300 ns, Total: 176500 ns
[2023-12-25T09:39:03.642+0000][23980][safepoint   ] Safepoint "Cleanup", Time since last: 1000740100 ns, Reaching safepoint: 147200 ns, At safepoint: 40600 ns, Total: 187800 ns
[2023-12-25T09:39:04.652+0000][23980][safepoint   ] Safepoint "Cleanup", Time since last: 1009727200 ns, Reaching safepoint: 212300 ns, At safepoint: 36500 ns, Total: 248800 ns
[2023-12-25T09:39:05.663+0000][23980][safepoint   ] Safepoint "Cleanup", Time since last: 1011532000 ns, Reaching safepoint: 128500 ns, At safepoint: 43900 ns, Total: 172400 ns
[2023-12-25T09:39:06.666+0000][23980][safepoint   ] Safepoint "Cleanup", Time since last: 1001797700 ns, Reaching safepoint: 91500 ns, At safepoint: 27900 ns, Total: 119400 ns
[2023-12-25T09:39:07.676+0000][23980][safepoint   ] Safepoint "Cleanup", Time since last: 1010242800 ns, Reaching safepoint: 134100 ns, At safepoint: 33500 ns, Total: 167600 ns
[2023-12-25T09:39:08.681+0000][23980][safepoint   ] Safepoint "Cleanup", Time since last: 1004971700 ns, Reaching safepoint: 197900 ns, At safepoint: 53200 ns, Total: 251100 ns
[2023-12-25T09:39:09.682+0000][23980][safepoint   ] Safepoint "Cleanup", Time since last: 1000931100 ns, Reaching safepoint: 125500 ns, At safepoint: 56400 ns, Total: 181900 ns
[2023-12-25T09:39:10.690+0000][23980][safepoint   ] Safepoint "Cleanup", Time since last: 1007716300 ns, Reaching safepoint: 171200 ns, At safepoint: 55500 ns, Total: 226700 ns
[2023-12-25T09:39:11.700+0000][23980][safepoint   ] Safepoint "Cleanup", Time since last: 1009558100 ns, Reaching safepoint: 105300 ns, At safepoint: 34700 ns, Total: 140000 ns
[2023-12-25T09:39:13.710+0000][23980][safepoint   ] Safepoint "Cleanup", Time since last: 2010074300 ns, Reaching safepoint: 265800 ns, At safepoint: 64100 ns, Total: 329900 ns
[2023-12-25T09:39:14.723+0000][23980][safepoint   ] Safepoint "Cleanup", Time since last: 1012980100 ns, Reaching safepoint: 99500 ns, At safepoint: 50600 ns, Total: 150100 ns
[2023-12-25T09:39:15.731+0000][23980][safepoint   ] Safepoint "Cleanup", Time since last: 1007458000 ns, Reaching safepoint: 125500 ns, At safepoint: 77900 ns, Total: 203400 ns
[2023-12-25T09:39:16.739+0000][23980][safepoint   ] Safepoint "Cleanup", Time since last: 1007696200 ns, Reaching safepoint: 142700 ns, At safepoint: 43100 ns, Total: 185800 ns
[2023-12-25T09:39:19.763+0000][23980][safepoint   ] Safepoint "Cleanup", Time since last: 3024197900 ns, Reaching safepoint: 88100 ns, At safepoint: 22200 ns, Total: 110300 ns
[2023-12-25T09:39:20.775+0000][23980][safepoint   ] Safepoint "Cleanup", Time since last: 1011602100 ns, Reaching safepoint: 83100 ns, At safepoint: 44300 ns, Total: 127400 ns
[2023-12-25T09:39:21.781+0000][23980][safepoint   ] Safepoint "Cleanup", Time since last: 1006371100 ns, Reaching safepoint: 195100 ns, At safepoint: 38300 ns, Total: 233400 ns
[2023-12-25T09:39:22.789+0000][23980][safepoint   ] Safepoint "Cleanup", Time since last: 1007456900 ns, Reaching safepoint: 107900 ns, At safepoint: 27800 ns, Total: 135700 ns
[2023-12-25T09:39:25.807+0000][23980][safepoint   ] Safepoint "Cleanup", Time since last: 3017880200 ns, Reaching safepoint: 103000 ns, At safepoint: 40100 ns, Total: 143100 ns
[2023-12-25T09:39:26.809+0000][23980][safepoint   ] Safepoint "Cleanup", Time since last: 1001492300 ns, Reaching safepoint: 108500 ns, At safepoint: 34700 ns, Total: 143200 ns
[2023-12-25T09:39:28.817+0000][23980][safepoint   ] Safepoint "Cleanup", Time since last: 2007643300 ns, Reaching safepoint: 114400 ns, At safepoint: 39600 ns, Total: 154000 ns
[2023-12-25T09:39:31.833+0000][23980][safepoint   ] Safepoint "Cleanup", Time since last: 3015973500 ns, Reaching safepoint: 154100 ns, At safepoint: 46500 ns, Total: 200600 ns
[2023-12-25T09:39:32.843+0000][23980][safepoint   ] Safepoint "Cleanup", Time since last: 1010017400 ns, Reaching safepoint: 177500 ns, At safepoint: 55600 ns, Total: 233100 ns
[2023-12-25T09:39:33.847+0000][23980][safepoint   ] Safepoint "Cleanup", Time since last: 1003966400 ns, Reaching safepoint: 148300 ns, At safepoint: 43000 ns, Total: 191300 ns
[2023-12-25T09:39:34.860+0000][23980][safepoint   ] Safepoint "Cleanup", Time since last: 1012600700 ns, Reaching safepoint: 75800 ns, At safepoint: 33200 ns, Total: 109000 ns
[2023-12-25T09:39:35.871+0000][23980][safepoint   ] Safepoint "Cleanup", Time since last: 1010766400 ns, Reaching safepoint: 177100 ns, At safepoint: 41900 ns, Total: 219000 ns
[2023-12-25T09:39:36.882+0000][23980][safepoint   ] Safepoint "Cleanup", Time since last: 1010799600 ns, Reaching safepoint: 144500 ns, At safepoint: 40700 ns, Total: 185200 ns
[2023-12-25T09:39:37.888+0000][23980][safepoint   ] Safepoint "Cleanup", Time since last: 1006095700 ns, Reaching safepoint: 183700 ns, At safepoint: 54900 ns, Total: 238600 ns
[2023-12-25T09:39:38.897+0000][23980][safepoint   ] Safepoint "Cleanup", Time since last: 1008575100 ns, Reaching safepoint: 117900 ns, At safepoint: 19600 ns, Total: 137500 ns
[2023-12-25T09:39:41.908+0000][23980][safepoint   ] Safepoint "Cleanup", Time since last: 3010983600 ns, Reaching safepoint: 105200 ns, At safepoint: 32500 ns, Total: 137700 ns
[2023-12-25T09:39:43.931+0000][23980][safepoint   ] Safepoint "Cleanup", Time since last: 2022641100 ns, Reaching safepoint: 147600 ns, At safepoint: 40700 ns, Total: 188300 ns
[2023-12-25T09:39:44.936+0000][23980][safepoint   ] Safepoint "Cleanup", Time since last: 1005028400 ns, Reaching safepoint: 98000 ns, At safepoint: 24900 ns, Total: 122900 ns
[2023-12-25T09:39:45.939+0000][23980][safepoint   ] Safepoint "Cleanup", Time since last: 1002270600 ns, Reaching safepoint: 173200 ns, At safepoint: 57600 ns, Total: 230800 ns
[2023-12-25T09:39:49.959+0000][23980][safepoint   ] Safepoint "Cleanup", Time since last: 4020623200 ns, Reaching safepoint: 111600 ns, At safepoint: 14300 ns, Total: 125900 ns
[2023-12-25T09:39:50.964+0000][23980][safepoint   ] Safepoint "Cleanup", Time since last: 1004208400 ns, Reaching safepoint: 116300 ns, At safepoint: 33300 ns, Total: 149600 ns
[2023-12-25T09:39:52.986+0000][23980][safepoint   ] Safepoint "Cleanup", Time since last: 2022111000 ns, Reaching safepoint: 128300 ns, At safepoint: 38500 ns, Total: 166800 ns
[2023-12-25T09:39:55.360+0000][23980][gc,start    ] GC(12) Pause Young (Normal) (G1 Evacuation Pause)
[2023-12-25T09:39:55.360+0000][23980][gc,task     ] GC(12) Using 8 workers of 8 for evacuation
[2023-12-25T09:39:55.360+0000][23980][gc,age      ] GC(12) Desired survivor size 37748736 bytes, new threshold 2 (max threshold 15)
[2023-12-25T09:39:55.428+0000][23980][gc,phases   ] GC(12)   Pre Evacuate Collection Set: 0.2ms
[2023-12-25T09:39:55.428+0000][23980][gc,phases   ] GC(12)   Merge Heap Roots: 0.2ms
[2023-12-25T09:39:55.428+0000][23980][gc,phases   ] GC(12)   Evacuate Collection Set: 60.3ms
[2023-12-25T09:39:55.428+0000][23980][gc,phases   ] GC(12)   Post Evacuate Collection Set: 2.9ms
[2023-12-25T09:39:55.428+0000][23980][gc,phases   ] GC(12)   Other: 0.2ms
[2023-12-25T09:39:55.428+0000][23980][gc,age      ] GC(12) Age table with threshold 2 (max threshold 15)
[2023-12-25T09:39:55.428+0000][23980][gc,age      ] GC(12) - age   1:    8162656 bytes,    8162656 total
[2023-12-25T09:39:55.428+0000][23980][gc,age      ] GC(12) - age   2:   32049104 bytes,   40211760 total
[2023-12-25T09:39:55.428+0000][23980][gc,heap     ] GC(12) Eden regions: 120->0(328)
[2023-12-25T09:39:55.428+0000][23980][gc,heap     ] GC(12) Survivor regions: 20->12(18)
[2023-12-25T09:39:55.428+0000][23980][gc,heap     ] GC(12) Old regions: 7->17
[2023-12-25T09:39:55.428+0000][23980][gc,heap     ] GC(12) Archive regions: 0->0
[2023-12-25T09:39:55.428+0000][23980][gc,heap     ] GC(12) Humongous regions: 2->2
[2023-12-25T09:39:55.428+0000][23980][gc,metaspace] GC(12) Metaspace: 124761K(128320K)->124761K(128320K) NonClass: 108007K(109824K)->108007K(109824K) Class: 16754K(18496K)->16754K(18496K)
[2023-12-25T09:39:55.428+0000][23980][gc          ] GC(12) Pause Young (Normal) (G1 Evacuation Pause) 593M->119M(4040M) 64.176ms
[2023-12-25T09:39:55.428+0000][23980][gc,cpu      ] GC(12) User=0.42s Sys=0.09s Real=0.07s
[2023-12-25T09:39:55.428+0000][23980][safepoint   ] Safepoint "G1CollectForAllocation", Time since last: 2378278000 ns, Reaching safepoint: 107600 ns, At safepoint: 64281400 ns, Total: 64389000 ns
[2023-12-25T09:39:56.442+0000][23980][safepoint   ] Safepoint "Cleanup", Time since last: 1013156100 ns, Reaching safepoint: 99000 ns, At safepoint: 24500 ns, Total: 123500 ns
[2023-12-25T09:39:57.448+0000][23980][safepoint   ] Safepoint "Cleanup", Time since last: 1006579300 ns, Reaching safepoint: 97200 ns, At safepoint: 91700 ns, Total: 188900 ns
[2023-12-25T09:39:58.454+0000][23980][safepoint   ] Safepoint "Cleanup", Time since last: 1005141100 ns, Reaching safepoint: 123300 ns, At safepoint: 13100 ns, Total: 136400 ns
[2023-12-25T09:40:01.478+0000][23980][safepoint   ] Safepoint "Cleanup", Time since last: 3023960100 ns, Reaching safepoint: 42500 ns, At safepoint: 10000 ns, Total: 52500 ns
[2023-12-25T09:40:02.487+0000][23980][safepoint   ] Safepoint "Cleanup", Time since last: 1008649300 ns, Reaching safepoint: 136000 ns, At safepoint: 12800 ns, Total: 148800 ns
[2023-12-25T09:40:03.489+0000][23980][safepoint   ] Safepoint "Cleanup", Time since last: 1002159000 ns, Reaching safepoint: 96100 ns, At safepoint: 12300 ns, Total: 108400 ns
[2023-12-25T09:40:04.497+0000][23980][safepoint   ] Safepoint "Cleanup", Time since last: 1007714900 ns, Reaching safepoint: 179000 ns, At safepoint: 7300 ns, Total: 186300 ns
[2023-12-25T09:40:07.521+0000][23980][safepoint   ] Safepoint "Cleanup", Time since last: 3024056200 ns, Reaching safepoint: 192300 ns, At safepoint: 63300 ns, Total: 255600 ns
[2023-12-25T09:40:08.528+0000][23980][safepoint   ] Safepoint "Cleanup", Time since last: 1006328500 ns, Reaching safepoint: 67300 ns, At safepoint: 51900 ns, Total: 119200 ns
[2023-12-25T09:40:10.541+0000][23980][safepoint   ] Safepoint "Cleanup", Time since last: 2013577100 ns, Reaching safepoint: 91700 ns, At safepoint: 19700 ns, Total: 111400 ns
[2023-12-25T09:40:13.562+0000][23980][safepoint   ] Safepoint "Cleanup", Time since last: 3020696300 ns, Reaching safepoint: 124700 ns, At safepoint: 43400 ns, Total: 168100 ns
[2023-12-25T09:40:15.572+0000][23980][safepoint   ] Safepoint "Cleanup", Time since last: 2009911900 ns, Reaching safepoint: 157600 ns, At safepoint: 15700 ns, Total: 173300 ns
[2023-12-25T09:40:16.582+0000][23980][safepoint   ] Safepoint "Cleanup", Time since last: 1009209700 ns, Reaching safepoint: 160100 ns, At safepoint: 17100 ns, Total: 177200 ns
[2023-12-25T09:40:19.623+0000][23980][safepoint   ] Safepoint "Cleanup", Time since last: 3040862000 ns, Reaching safepoint: 130800 ns, At safepoint: 16400 ns, Total: 147200 ns
[2023-12-25T09:40:21.646+0000][23980][safepoint   ] Safepoint "Cleanup", Time since last: 2022857400 ns, Reaching safepoint: 171300 ns, At safepoint: 20500 ns, Total: 191800 ns
[2023-12-25T09:40:22.651+0000][23980][safepoint   ] Safepoint "Cleanup", Time since last: 1005179100 ns, Reaching safepoint: 113600 ns, At safepoint: 29700 ns, Total: 143300 ns
[2023-12-25T09:40:23.658+0000][23980][safepoint   ] Safepoint "Cleanup", Time since last: 1007064200 ns, Reaching safepoint: 133400 ns, At safepoint: 13600 ns, Total: 147000 ns
[2023-12-25T09:40:25.668+0000][23980][safepoint   ] Safepoint "Cleanup", Time since last: 2009521800 ns, Reaching safepoint: 82800 ns, At safepoint: 10300 ns, Total: 93100 ns
[2023-12-25T09:40:26.676+0000][23980][safepoint   ] Safepoint "Cleanup", Time since last: 1008143800 ns, Reaching safepoint: 81100 ns, At safepoint: 15300 ns, Total: 96400 ns
[2023-12-25T09:40:27.685+0000][23980][safepoint   ] Safepoint "Cleanup", Time since last: 1008696500 ns, Reaching safepoint: 184200 ns, At safepoint: 20300 ns, Total: 204500 ns
[2023-12-25T09:40:29.138+0000][23980][safepoint   ] Safepoint "Cleanup", Time since last: 1452244600 ns, Reaching safepoint: 276500 ns, At safepoint: 19600 ns, Total: 296100 ns
[2023-12-25T09:40:31.149+0000][23980][safepoint   ] Safepoint "Cleanup", Time since last: 2011636700 ns, Reaching safepoint: 87800 ns, At safepoint: 15200 ns, Total: 103000 ns
[2023-12-25T09:40:33.175+0000][23980][safepoint   ] Safepoint "Cleanup", Time since last: 2026098500 ns, Reaching safepoint: 145700 ns, At safepoint: 20800 ns, Total: 166500 ns
[2023-12-25T09:40:34.181+0000][23980][safepoint   ] Safepoint "Cleanup", Time since last: 1005308600 ns, Reaching safepoint: 161500 ns, At safepoint: 95200 ns, Total: 256700 ns
[2023-12-25T09:40:36.198+0000][23980][safepoint   ] Safepoint "Cleanup", Time since last: 2017207500 ns, Reaching safepoint: 123700 ns, At safepoint: 16300 ns, Total: 140000 ns
[2023-12-25T09:40:39.215+0000][23980][safepoint   ] Safepoint "Cleanup", Time since last: 3016881600 ns, Reaching safepoint: 102300 ns, At safepoint: 9000 ns, Total: 111300 ns
[2023-12-25T09:40:40.221+0000][23980][safepoint   ] Safepoint "Cleanup", Time since last: 1005512000 ns, Reaching safepoint: 115900 ns, At safepoint: 11100 ns, Total: 127000 ns
[2023-12-25T09:40:41.226+0000][23980][safepoint   ] Safepoint "Cleanup", Time since last: 1004660000 ns, Reaching safepoint: 128600 ns, At safepoint: 16300 ns, Total: 144900 ns
[2023-12-25T09:40:43.240+0000][23980][safepoint   ] Safepoint "Cleanup", Time since last: 2014424700 ns, Reaching safepoint: 69900 ns, At safepoint: 10000 ns, Total: 79900 ns
[2023-12-25T09:40:44.245+0000][23980][safepoint   ] Safepoint "Cleanup", Time since last: 1005056600 ns, Reaching safepoint: 131000 ns, At safepoint: 15300 ns, Total: 146300 ns
[2023-12-25T09:40:46.265+0000][23980][safepoint   ] Safepoint "Cleanup", Time since last: 2019420500 ns, Reaching safepoint: 148800 ns, At safepoint: 11800 ns, Total: 160600 ns
[2023-12-25T09:40:50.305+0000][23980][safepoint   ] Safepoint "Cleanup", Time since last: 4040242400 ns, Reaching safepoint: 168500 ns, At safepoint: 21300 ns, Total: 189800 ns
[2023-12-25T09:40:51.318+0000][23980][safepoint   ] Safepoint "Cleanup", Time since last: 1012157000 ns, Reaching safepoint: 148500 ns, At safepoint: 18400 ns, Total: 166900 ns
[2023-12-25T09:40:52.321+0000][23980][safepoint   ] Safepoint "Cleanup", Time since last: 1002907000 ns, Reaching safepoint: 148200 ns, At safepoint: 18700 ns, Total: 166900 ns
[2023-12-25T09:40:53.335+0000][23980][safepoint   ] Safepoint "Cleanup", Time since last: 1014419800 ns, Reaching safepoint: 107900 ns, At safepoint: 16000 ns, Total: 123900 ns
[2023-12-25T09:40:55.349+0000][23980][safepoint   ] Safepoint "Cleanup", Time since last: 2013460100 ns, Reaching safepoint: 145300 ns, At safepoint: 14700 ns, Total: 160000 ns
[2023-12-25T09:40:56.356+0000][23980][safepoint   ] Safepoint "Cleanup", Time since last: 1007807600 ns, Reaching safepoint: 138600 ns, At safepoint: 22300 ns, Total: 160900 ns
[2023-12-25T09:40:57.360+0000][23980][safepoint   ] Safepoint "Cleanup", Time since last: 1002558900 ns, Reaching safepoint: 158000 ns, At safepoint: 21200 ns, Total: 179200 ns
[2023-12-25T09:40:58.368+0000][23980][safepoint   ] Safepoint "Cleanup", Time since last: 1007808300 ns, Reaching safepoint: 119800 ns, At safepoint: 17600 ns, Total: 137400 ns
[2023-12-25T09:41:00.379+0000][23980][safepoint   ] Safepoint "Cleanup", Time since last: 2010929600 ns, Reaching safepoint: 124800 ns, At safepoint: 33500 ns, Total: 158300 ns
[2023-12-25T09:41:01.387+0000][23980][safepoint   ] Safepoint "Cleanup", Time since last: 1007768800 ns, Reaching safepoint: 139800 ns, At safepoint: 17000 ns, Total: 156800 ns
[2023-12-25T09:41:02.390+0000][23980][safepoint   ] Safepoint "Cleanup", Time since last: 1002837200 ns, Reaching safepoint: 178200 ns, At safepoint: 21500 ns, Total: 199700 ns
[2023-12-25T09:41:03.390+0000][23980][safepoint   ] Safepoint "Cleanup", Time since last: 1000244600 ns, Reaching safepoint: 159100 ns, At safepoint: 24800 ns, Total: 183900 ns
[2023-12-25T09:41:04.396+0000][23980][safepoint   ] Safepoint "Cleanup", Time since last: 1005963600 ns, Reaching safepoint: 124500 ns, At safepoint: 15300 ns, Total: 139800 ns
[2023-12-25T09:41:07.423+0000][23980][safepoint   ] Safepoint "Cleanup", Time since last: 3026882800 ns, Reaching safepoint: 95300 ns, At safepoint: 22500 ns, Total: 117800 ns
[2023-12-25T09:41:09.435+0000][23980][safepoint   ] Safepoint "Cleanup", Time since last: 2012029500 ns, Reaching safepoint: 94300 ns, At safepoint: 9600 ns, Total: 103900 ns
[2023-12-25T09:41:13.466+0000][23980][safepoint   ] Safepoint "Cleanup", Time since last: 4030430000 ns, Reaching safepoint: 74100 ns, At safepoint: 15000 ns, Total: 89100 ns
[2023-12-25T09:41:14.476+0000][23980][safepoint   ] Safepoint "Cleanup", Time since last: 1010273700 ns, Reaching safepoint: 122900 ns, At safepoint: 9700 ns, Total: 132600 ns
[2023-12-25T09:41:16.482+0000][23980][safepoint   ] Safepoint "Cleanup", Time since last: 2005862300 ns, Reaching safepoint: 137900 ns, At safepoint: 16900 ns, Total: 154800 ns
[2023-12-25T09:41:19.500+0000][23980][safepoint   ] Safepoint "Cleanup", Time since last: 3017092100 ns, Reaching safepoint: 126800 ns, At safepoint: 16900 ns, Total: 143700 ns
[2023-12-25T09:41:20.502+0000][23980][safepoint   ] Safepoint "Cleanup", Time since last: 1001919300 ns, Reaching safepoint: 139600 ns, At safepoint: 13900 ns, Total: 153500 ns
[2023-12-25T09:41:21.507+0000][23980][safepoint   ] Safepoint "Cleanup", Time since last: 1005339800 ns, Reaching safepoint: 98100 ns, At safepoint: 76000 ns, Total: 174100 ns
[2023-12-25T09:41:22.512+0000][23980][safepoint   ] Safepoint "Cleanup", Time since last: 1005086400 ns, Reaching safepoint: 698700 ns, At safepoint: 13500 ns, Total: 712200 ns
[2023-12-25T09:41:25.524+0000][23980][safepoint   ] Safepoint "Cleanup", Time since last: 3010947000 ns, Reaching safepoint: 125100 ns, At safepoint: 10600 ns, Total: 135700 ns
[2023-12-25T09:41:26.532+0000][23980][safepoint   ] Safepoint "Cleanup", Time since last: 1007656300 ns, Reaching safepoint: 139400 ns, At safepoint: 17200 ns, Total: 156600 ns
[2023-12-25T09:41:27.533+0000][23980][safepoint   ] Safepoint "Cleanup", Time since last: 1000788700 ns, Reaching safepoint: 108600 ns, At safepoint: 36200 ns, Total: 144800 ns
[2023-12-25T09:41:28.546+0000][23980][safepoint   ] Safepoint "Cleanup", Time since last: 1012975900 ns, Reaching safepoint: 106400 ns, At safepoint: 31500 ns, Total: 137900 ns
[2023-12-25T09:41:31.586+0000][23980][safepoint   ] Safepoint "Cleanup", Time since last: 3039428600 ns, Reaching safepoint: 110200 ns, At safepoint: 9300 ns, Total: 119500 ns
[2023-12-25T09:41:33.595+0000][23980][safepoint   ] Safepoint "Cleanup", Time since last: 2009132100 ns, Reaching safepoint: 170300 ns, At safepoint: 18900 ns, Total: 189200 ns
[2023-12-25T09:41:34.610+0000][23980][safepoint   ] Safepoint "Cleanup", Time since last: 1014719700 ns, Reaching safepoint: 110500 ns, At safepoint: 10400 ns, Total: 120900 ns
[2023-12-25T09:41:36.632+0000][23980][safepoint   ] Safepoint "Cleanup", Time since last: 2021771500 ns, Reaching safepoint: 122700 ns, At safepoint: 26600 ns, Total: 149300 ns
[2023-12-25T09:41:38.652+0000][23980][safepoint   ] Safepoint "Cleanup", Time since last: 2019892300 ns, Reaching safepoint: 129100 ns, At safepoint: 21000 ns, Total: 150100 ns
[2023-12-25T09:41:39.665+0000][23980][safepoint   ] Safepoint "Cleanup", Time since last: 1013738500 ns, Reaching safepoint: 95200 ns, At safepoint: 23300 ns, Total: 118500 ns
[2023-12-25T09:41:43.698+0000][23980][safepoint   ] Safepoint "Cleanup", Time since last: 4032404900 ns, Reaching safepoint: 138800 ns, At safepoint: 15300 ns, Total: 154100 ns
[2023-12-25T09:41:44.701+0000][23980][safepoint   ] Safepoint "Cleanup", Time since last: 1003323000 ns, Reaching safepoint: 89000 ns, At safepoint: 20400 ns, Total: 109400 ns
[2023-12-25T09:41:45.717+0000][23980][safepoint   ] Safepoint "Cleanup", Time since last: 1015161100 ns, Reaching safepoint: 81600 ns, At safepoint: 25800 ns, Total: 107400 ns
[2023-12-25T09:41:46.727+0000][23980][safepoint   ] Safepoint "Cleanup", Time since last: 1010488500 ns, Reaching safepoint: 188600 ns, At safepoint: 15500 ns, Total: 204100 ns
[2023-12-25T09:41:49.763+0000][23980][safepoint   ] Safepoint "Cleanup", Time since last: 3035263600 ns, Reaching safepoint: 123300 ns, At safepoint: 14300 ns, Total: 137600 ns
[2023-12-25T09:41:50.778+0000][23980][safepoint   ] Safepoint "Cleanup", Time since last: 1014627900 ns, Reaching safepoint: 146200 ns, At safepoint: 9500 ns, Total: 155700 ns
[2023-12-25T09:41:51.786+0000][23980][safepoint   ] Safepoint "Cleanup", Time since last: 1008511600 ns, Reaching safepoint: 104600 ns, At safepoint: 15100 ns, Total: 119700 ns
[2023-12-25T09:41:57.818+0000][23980][safepoint   ] Safepoint "Cleanup", Time since last: 6031553100 ns, Reaching safepoint: 140300 ns, At safepoint: 15400 ns, Total: 155700 ns
[2023-12-25T09:41:59.837+0000][23980][safepoint   ] Safepoint "Cleanup", Time since last: 2019296700 ns, Reaching safepoint: 150100 ns, At safepoint: 14500 ns, Total: 164600 ns
[2023-12-25T09:42:01.855+0000][23980][safepoint   ] Safepoint "Cleanup", Time since last: 2017603800 ns, Reaching safepoint: 95900 ns, At safepoint: 11800 ns, Total: 107700 ns
[2023-12-25T09:42:02.857+0000][23980][safepoint   ] Safepoint "Cleanup", Time since last: 1001775400 ns, Reaching safepoint: 83600 ns, At safepoint: 59300 ns, Total: 142900 ns
[2023-12-25T09:42:03.870+0000][23980][safepoint   ] Safepoint "Cleanup", Time since last: 1012233000 ns, Reaching safepoint: 58300 ns, At safepoint: 11900 ns, Total: 70200 ns
[2023-12-25T09:42:04.886+0000][23980][safepoint   ] Safepoint "Cleanup", Time since last: 1016019200 ns, Reaching safepoint: 113000 ns, At safepoint: 10700 ns, Total: 123700 ns
[2023-12-25T09:42:06.898+0000][23980][safepoint   ] Safepoint "Cleanup", Time since last: 2012132500 ns, Reaching safepoint: 114600 ns, At safepoint: 14400 ns, Total: 129000 ns
[2023-12-25T09:42:07.902+0000][23980][safepoint   ] Safepoint "Cleanup", Time since last: 1003782200 ns, Reaching safepoint: 104300 ns, At safepoint: 14000 ns, Total: 118300 ns
[2023-12-25T09:42:13.948+0000][23980][safepoint   ] Safepoint "Cleanup", Time since last: 6046162100 ns, Reaching safepoint: 96200 ns, At safepoint: 12800 ns, Total: 109000 ns
[2023-12-25T09:42:14.956+0000][23980][safepoint   ] Safepoint "Cleanup", Time since last: 1007908600 ns, Reaching safepoint: 143000 ns, At safepoint: 15200 ns, Total: 158200 ns
[2023-12-25T09:42:15.969+0000][23980][safepoint   ] Safepoint "Cleanup", Time since last: 1012499900 ns, Reaching safepoint: 152400 ns, At safepoint: 16800 ns, Total: 169200 ns
[2023-12-25T09:42:16.976+0000][23980][safepoint   ] Safepoint "Cleanup", Time since last: 1006821400 ns, Reaching safepoint: 73600 ns, At safepoint: 14900 ns, Total: 88500 ns
[2023-12-25T09:42:19.992+0000][23980][safepoint   ] Safepoint "Cleanup", Time since last: 3015873500 ns, Reaching safepoint: 121100 ns, At safepoint: 16600 ns, Total: 137700 ns
[2023-12-25T09:42:22.015+0000][23980][safepoint   ] Safepoint "Cleanup", Time since last: 2023387500 ns, Reaching safepoint: 94400 ns, At safepoint: 58700 ns, Total: 153100 ns
[2023-12-25T09:42:23.020+0000][23980][safepoint   ] Safepoint "Cleanup", Time since last: 1004175000 ns, Reaching safepoint: 140500 ns, At safepoint: 21600 ns, Total: 162100 ns
[2023-12-25T09:42:26.028+0000][23980][safepoint   ] Safepoint "Cleanup", Time since last: 3008077100 ns, Reaching safepoint: 135700 ns, At safepoint: 22500 ns, Total: 158200 ns
[2023-12-25T09:42:27.042+0000][23980][safepoint   ] Safepoint "Cleanup", Time since last: 1014208000 ns, Reaching safepoint: 150700 ns, At safepoint: 21200 ns, Total: 171900 ns
[2023-12-25T09:42:32.077+0000][23980][safepoint   ] Safepoint "Cleanup", Time since last: 5035124800 ns, Reaching safepoint: 184100 ns, At safepoint: 12600 ns, Total: 196700 ns
[2023-12-25T09:42:33.088+0000][23980][safepoint   ] Safepoint "Cleanup", Time since last: 1009968800 ns, Reaching safepoint: 105100 ns, At safepoint: 14500 ns, Total: 119600 ns
[2023-12-25T09:42:34.091+0000][23980][safepoint   ] Safepoint "Cleanup", Time since last: 1003411100 ns, Reaching safepoint: 136200 ns, At safepoint: 25800 ns, Total: 162000 ns
[2023-12-25T09:42:35.097+0000][23980][safepoint   ] Safepoint "Cleanup", Time since last: 1005414000 ns, Reaching safepoint: 102500 ns, At safepoint: 26900 ns, Total: 129400 ns
[2023-12-25T09:42:36.107+0000][23980][safepoint   ] Safepoint "Cleanup", Time since last: 1010217800 ns, Reaching safepoint: 122400 ns, At safepoint: 51400 ns, Total: 173800 ns
[2023-12-25T09:42:37.115+0000][23980][safepoint   ] Safepoint "Cleanup", Time since last: 1008144600 ns, Reaching safepoint: 152700 ns, At safepoint: 13800 ns, Total: 166500 ns
[2023-12-25T09:42:38.126+0000][23980][safepoint   ] Safepoint "Cleanup", Time since last: 1010289000 ns, Reaching safepoint: 133100 ns, At safepoint: 31600 ns, Total: 164700 ns
[2023-12-25T09:42:39.131+0000][23980][safepoint   ] Safepoint "Cleanup", Time since last: 1005379800 ns, Reaching safepoint: 189700 ns, At safepoint: 23100 ns, Total: 212800 ns
[2023-12-25T09:42:40.136+0000][23980][safepoint   ] Safepoint "Cleanup", Time since last: 1004529000 ns, Reaching safepoint: 131400 ns, At safepoint: 15400 ns, Total: 146800 ns
[2023-12-25T09:42:42.155+0000][23980][safepoint   ] Safepoint "Cleanup", Time since last: 2018684600 ns, Reaching safepoint: 114300 ns, At safepoint: 17100 ns, Total: 131400 ns
[2023-12-25T09:42:44.169+0000][23980][safepoint   ] Safepoint "Cleanup", Time since last: 2013551600 ns, Reaching safepoint: 105500 ns, At safepoint: 13400 ns, Total: 118900 ns
[2023-12-25T09:42:46.175+0000][23980][safepoint   ] Safepoint "Cleanup", Time since last: 2006586100 ns, Reaching safepoint: 214200 ns, At safepoint: 18900 ns, Total: 233100 ns
[2023-12-25T09:42:47.175+0000][23980][safepoint   ] Safepoint "Cleanup", Time since last: 1000037900 ns, Reaching safepoint: 108600 ns, At safepoint: 8400 ns, Total: 117000 ns
[2023-12-25T09:42:49.186+0000][23980][safepoint   ] Safepoint "Cleanup", Time since last: 2010481900 ns, Reaching safepoint: 148500 ns, At safepoint: 16700 ns, Total: 165200 ns
[2023-12-25T09:42:50.187+0000][23980][safepoint   ] Safepoint "Cleanup", Time since last: 1000945500 ns, Reaching safepoint: 118000 ns, At safepoint: 13200 ns, Total: 131200 ns
[2023-12-25T09:42:51.200+0000][23980][safepoint   ] Safepoint "Cleanup", Time since last: 1012560900 ns, Reaching safepoint: 121500 ns, At safepoint: 10700 ns, Total: 132200 ns
[2023-12-25T09:42:53.220+0000][23980][safepoint   ] Safepoint "Cleanup", Time since last: 2019856000 ns, Reaching safepoint: 94100 ns, At safepoint: 9900 ns, Total: 104000 ns
[2023-12-25T09:42:56.242+0000][23980][safepoint   ] Safepoint "Cleanup", Time since last: 3022440900 ns, Reaching safepoint: 109100 ns, At safepoint: 28200 ns, Total: 137300 ns
[2023-12-25T09:42:57.249+0000][23980][safepoint   ] Safepoint "Cleanup", Time since last: 1006485100 ns, Reaching safepoint: 151800 ns, At safepoint: 20800 ns, Total: 172600 ns
[2023-12-25T09:42:58.262+0000][23980][safepoint   ] Safepoint "Cleanup", Time since last: 1012775700 ns, Reaching safepoint: 131000 ns, At safepoint: 18100 ns, Total: 149100 ns
[2023-12-25T09:42:59.271+0000][23980][safepoint   ] Safepoint "Cleanup", Time since last: 1008732700 ns, Reaching safepoint: 151400 ns, At safepoint: 20100 ns, Total: 171500 ns
[2023-12-25T09:43:02.302+0000][23980][safepoint   ] Safepoint "Cleanup", Time since last: 3031351000 ns, Reaching safepoint: 145900 ns, At safepoint: 15700 ns, Total: 161600 ns
[2023-12-25T09:43:05.336+0000][23980][safepoint   ] Safepoint "Cleanup", Time since last: 3033383300 ns, Reaching safepoint: 139000 ns, At safepoint: 19400 ns, Total: 158400 ns
[2023-12-25T09:43:06.336+0000][23980][safepoint   ] Safepoint "Cleanup", Time since last: 1000054500 ns, Reaching safepoint: 131800 ns, At safepoint: 16700 ns, Total: 148500 ns
[2023-12-25T09:43:07.337+0000][23980][safepoint   ] Safepoint "Cleanup", Time since last: 1000680100 ns, Reaching safepoint: 169900 ns, At safepoint: 27300 ns, Total: 197200 ns
[2023-12-25T09:43:08.347+0000][23980][safepoint   ] Safepoint "Cleanup", Time since last: 1010146200 ns, Reaching safepoint: 143700 ns, At safepoint: 14200 ns, Total: 157900 ns
[2023-12-25T09:43:09.361+0000][23980][safepoint   ] Safepoint "Cleanup", Time since last: 1013530200 ns, Reaching safepoint: 127100 ns, At safepoint: 18500 ns, Total: 145600 ns
[2023-12-25T09:43:11.379+0000][23980][safepoint   ] Safepoint "Cleanup", Time since last: 2017285500 ns, Reaching safepoint: 159900 ns, At safepoint: 31800 ns, Total: 191700 ns
[2023-12-25T09:43:12.382+0000][23980][safepoint   ] Safepoint "Cleanup", Time since last: 1003241000 ns, Reaching safepoint: 127400 ns, At safepoint: 18100 ns, Total: 145500 ns
[2023-12-25T09:43:14.394+0000][23980][safepoint   ] Safepoint "Cleanup", Time since last: 2011726100 ns, Reaching safepoint: 94300 ns, At safepoint: 59100 ns, Total: 153400 ns
[2023-12-25T09:43:15.399+0000][23980][safepoint   ] Safepoint "Cleanup", Time since last: 1004669600 ns, Reaching safepoint: 155400 ns, At safepoint: 17800 ns, Total: 173200 ns
[2023-12-25T09:43:16.400+0000][23980][safepoint   ] Safepoint "Cleanup", Time since last: 1001428900 ns, Reaching safepoint: 91700 ns, At safepoint: 32000 ns, Total: 123700 ns
[2023-12-25T09:43:21.436+0000][23980][safepoint   ] Safepoint "Cleanup", Time since last: 5035505600 ns, Reaching safepoint: 184500 ns, At safepoint: 26000 ns, Total: 210500 ns
[2023-12-25T09:43:22.449+0000][23980][safepoint   ] Safepoint "Cleanup", Time since last: 1012824400 ns, Reaching safepoint: 150300 ns, At safepoint: 17700 ns, Total: 168000 ns
[2023-12-25T09:43:24.451+0000][23980][safepoint   ] Safepoint "Cleanup", Time since last: 2001912800 ns, Reaching safepoint: 125100 ns, At safepoint: 17800 ns, Total: 142900 ns
[2023-12-25T09:43:26.464+0000][23980][safepoint   ] Safepoint "Cleanup", Time since last: 2012447200 ns, Reaching safepoint: 106000 ns, At safepoint: 16300 ns, Total: 122300 ns
[2023-12-25T09:43:27.471+0000][23980][safepoint   ] Safepoint "Cleanup", Time since last: 1007358000 ns, Reaching safepoint: 85500 ns, At safepoint: 11100 ns, Total: 96600 ns
[2023-12-25T09:43:29.488+0000][23980][safepoint   ] Safepoint "Cleanup", Time since last: 2017016500 ns, Reaching safepoint: 126400 ns, At safepoint: 22700 ns, Total: 149100 ns
[2023-12-25T09:43:32.513+0000][23980][safepoint   ] Safepoint "Cleanup", Time since last: 3024844000 ns, Reaching safepoint: 147300 ns, At safepoint: 29800 ns, Total: 177100 ns
[2023-12-25T09:43:36.553+0000][23980][safepoint   ] Safepoint "Cleanup", Time since last: 4039408800 ns, Reaching safepoint: 138700 ns, At safepoint: 17400 ns, Total: 156100 ns
[2023-12-25T09:43:38.567+0000][23980][safepoint   ] Safepoint "Cleanup", Time since last: 2013771000 ns, Reaching safepoint: 125700 ns, At safepoint: 14200 ns, Total: 139900 ns
[2023-12-25T09:43:39.581+0000][23980][safepoint   ] Safepoint "Cleanup", Time since last: 1013898500 ns, Reaching safepoint: 120900 ns, At safepoint: 15200 ns, Total: 136100 ns
[2023-12-25T09:43:40.582+0000][23980][safepoint   ] Safepoint "Cleanup", Time since last: 1000827900 ns, Reaching safepoint: 123000 ns, At safepoint: 11900 ns, Total: 134900 ns
[2023-12-25T09:43:41.594+0000][23980][safepoint   ] Safepoint "Cleanup", Time since last: 1012541300 ns, Reaching safepoint: 152900 ns, At safepoint: 13000 ns, Total: 165900 ns
[2023-12-25T09:43:44.614+0000][23980][safepoint   ] Safepoint "Cleanup", Time since last: 3020021000 ns, Reaching safepoint: 164100 ns, At safepoint: 37200 ns, Total: 201300 ns
[2023-12-25T09:43:45.620+0000][23980][safepoint   ] Safepoint "Cleanup", Time since last: 1005301000 ns, Reaching safepoint: 87000 ns, At safepoint: 23900 ns, Total: 110900 ns
[2023-12-25T09:43:46.624+0000][23980][safepoint   ] Safepoint "Cleanup", Time since last: 1003480400 ns, Reaching safepoint: 135000 ns, At safepoint: 28900 ns, Total: 163900 ns
[2023-12-25T09:43:51.651+0000][23980][safepoint   ] Safepoint "Cleanup", Time since last: 5027329500 ns, Reaching safepoint: 180100 ns, At safepoint: 49000 ns, Total: 229100 ns
[2023-12-25T09:43:52.662+0000][23980][safepoint   ] Safepoint "Cleanup", Time since last: 1010716900 ns, Reaching safepoint: 81900 ns, At safepoint: 52200 ns, Total: 134100 ns
[2023-12-25T09:43:55.683+0000][23980][safepoint   ] Safepoint "Cleanup", Time since last: 3021040200 ns, Reaching safepoint: 99700 ns, At safepoint: 27900 ns, Total: 127600 ns
[2023-12-25T09:43:57.693+0000][23980][safepoint   ] Safepoint "Cleanup", Time since last: 2009795900 ns, Reaching safepoint: 160400 ns, At safepoint: 35600 ns, Total: 196000 ns
[2023-12-25T09:43:58.694+0000][23980][safepoint   ] Safepoint "Cleanup", Time since last: 1000516600 ns, Reaching safepoint: 114900 ns, At safepoint: 28100 ns, Total: 143000 ns
[2023-12-25T09:44:01.708+0000][23980][safepoint   ] Safepoint "Cleanup", Time since last: 3013547100 ns, Reaching safepoint: 717800 ns, At safepoint: 93300 ns, Total: 811100 ns
[2023-12-25T09:44:02.708+0000][23980][safepoint   ] Safepoint "Cleanup", Time since last: 1000066700 ns, Reaching safepoint: 121600 ns, At safepoint: 18800 ns, Total: 140400 ns
[2023-12-25T09:44:03.712+0000][23980][safepoint   ] Safepoint "Cleanup", Time since last: 1003496200 ns, Reaching safepoint: 83100 ns, At safepoint: 12500 ns, Total: 95600 ns
[2023-12-25T09:44:07.730+0000][23980][safepoint   ] Safepoint "Cleanup", Time since last: 4017687900 ns, Reaching safepoint: 85400 ns, At safepoint: 10800 ns, Total: 96200 ns
[2023-12-25T09:44:08.912+0000][23980][safepoint   ] Safepoint "Cleanup", Time since last: 1182214300 ns, Reaching safepoint: 252200 ns, At safepoint: 107100 ns, Total: 359300 ns
[2023-12-25T09:44:09.915+0000][23980][safepoint   ] Safepoint "Cleanup", Time since last: 1002672800 ns, Reaching safepoint: 121600 ns, At safepoint: 11700 ns, Total: 133300 ns
[2023-12-25T09:44:10.925+0000][23980][safepoint   ] Safepoint "Cleanup", Time since last: 1010204600 ns, Reaching safepoint: 171100 ns, At safepoint: 20200 ns, Total: 191300 ns
[2023-12-25T09:44:14.946+0000][23980][safepoint   ] Safepoint "Cleanup", Time since last: 4019904000 ns, Reaching safepoint: 209800 ns, At safepoint: 22800 ns, Total: 232600 ns
[2023-12-25T09:44:15.952+0000][23980][safepoint   ] Safepoint "Cleanup", Time since last: 1005941800 ns, Reaching safepoint: 139200 ns, At safepoint: 15400 ns, Total: 154600 ns
[2023-12-25T09:44:16.957+0000][23980][safepoint   ] Safepoint "Cleanup", Time since last: 1005490900 ns, Reaching safepoint: 125900 ns, At safepoint: 17700 ns, Total: 143600 ns
[2023-12-25T09:44:21.992+0000][23980][safepoint   ] Safepoint "Cleanup", Time since last: 5034201500 ns, Reaching safepoint: 103700 ns, At safepoint: 11200 ns, Total: 114900 ns
[2023-12-25T09:44:33.079+0000][23980][safepoint   ] Safepoint "Cleanup", Time since last: 11086670100 ns, Reaching safepoint: 111000 ns, At safepoint: 15700 ns, Total: 126700 ns
[2023-12-25T09:44:34.429+0000][23980][safepoint   ] Safepoint "Cleanup", Time since last: 1350263900 ns, Reaching safepoint: 105300 ns, At safepoint: 11800 ns, Total: 117100 ns
[2023-12-25T09:44:35.438+0000][23980][safepoint   ] Safepoint "Cleanup", Time since last: 1008763900 ns, Reaching safepoint: 136600 ns, At safepoint: 14400 ns, Total: 151000 ns
[2023-12-25T09:44:39.466+0000][23980][safepoint   ] Safepoint "Cleanup", Time since last: 4028138500 ns, Reaching safepoint: 269400 ns, At safepoint: 21300 ns, Total: 290700 ns
[2023-12-25T09:44:40.469+0000][23980][safepoint   ] Safepoint "Cleanup", Time since last: 1002695200 ns, Reaching safepoint: 167200 ns, At safepoint: 33500 ns, Total: 200700 ns
[2023-12-25T09:44:42.481+0000][23980][safepoint   ] Safepoint "Cleanup", Time since last: 2012137300 ns, Reaching safepoint: 118500 ns, At safepoint: 17200 ns, Total: 135700 ns
[2023-12-25T09:44:44.486+0000][23980][safepoint   ] Safepoint "Cleanup", Time since last: 2004665500 ns, Reaching safepoint: 207700 ns, At safepoint: 20400 ns, Total: 228100 ns
[2023-12-25T09:44:45.489+0000][23980][safepoint   ] Safepoint "Cleanup", Time since last: 1002435000 ns, Reaching safepoint: 86900 ns, At safepoint: 14400 ns, Total: 101300 ns
[2023-12-25T09:44:46.501+0000][23980][safepoint   ] Safepoint "Cleanup", Time since last: 1012502500 ns, Reaching safepoint: 143200 ns, At safepoint: 14200 ns, Total: 157400 ns
[2023-12-25T09:44:47.514+0000][23980][safepoint   ] Safepoint "Cleanup", Time since last: 1011968900 ns, Reaching safepoint: 157600 ns, At safepoint: 17400 ns, Total: 175000 ns
[2023-12-25T09:44:51.534+0000][23980][safepoint   ] Safepoint "Cleanup", Time since last: 4019763600 ns, Reaching safepoint: 138000 ns, At safepoint: 112200 ns, Total: 250200 ns
[2023-12-25T09:44:52.539+0000][23980][safepoint   ] Safepoint "Cleanup", Time since last: 1005123500 ns, Reaching safepoint: 163400 ns, At safepoint: 36400 ns, Total: 199800 ns
[2023-12-25T09:44:53.540+0000][23980][safepoint   ] Safepoint "Cleanup", Time since last: 1001116400 ns, Reaching safepoint: 134700 ns, At safepoint: 15800 ns, Total: 150500 ns
[2023-12-25T09:44:56.557+0000][23980][safepoint   ] Safepoint "Cleanup", Time since last: 3016866200 ns, Reaching safepoint: 118300 ns, At safepoint: 29000 ns, Total: 147300 ns
[2023-12-25T09:44:57.567+0000][23980][safepoint   ] Safepoint "Cleanup", Time since last: 1009687000 ns, Reaching safepoint: 681100 ns, At safepoint: 25000 ns, Total: 706100 ns
[2023-12-25T09:45:02.603+0000][23980][safepoint   ] Safepoint "Cleanup", Time since last: 5034793800 ns, Reaching safepoint: 79100 ns, At safepoint: 18000 ns, Total: 97100 ns
[2023-12-25T09:45:04.621+0000][23980][safepoint   ] Safepoint "Cleanup", Time since last: 2018444800 ns, Reaching safepoint: 176100 ns, At safepoint: 17800 ns, Total: 193900 ns
[2023-12-25T09:45:05.636+0000][23980][safepoint   ] Safepoint "Cleanup", Time since last: 1014057800 ns, Reaching safepoint: 127400 ns, At safepoint: 17600 ns, Total: 145000 ns
[2023-12-25T09:45:08.650+0000][23980][safepoint   ] Safepoint "Cleanup", Time since last: 3014477600 ns, Reaching safepoint: 111100 ns, At safepoint: 18800 ns, Total: 129900 ns
[2023-12-25T09:45:09.652+0000][23980][safepoint   ] Safepoint "Cleanup", Time since last: 1001883700 ns, Reaching safepoint: 111200 ns, At safepoint: 15300 ns, Total: 126500 ns
[2023-12-25T09:45:11.669+0000][23980][safepoint   ] Safepoint "Cleanup", Time since last: 2017149800 ns, Reaching safepoint: 96300 ns, At safepoint: 10700 ns, Total: 107000 ns
[2023-12-25T09:45:14.704+0000][23980][safepoint   ] Safepoint "Cleanup", Time since last: 3034424400 ns, Reaching safepoint: 201300 ns, At safepoint: 26600 ns, Total: 227900 ns
[2023-12-25T09:45:15.711+0000][23980][safepoint   ] Safepoint "Cleanup", Time since last: 1006703300 ns, Reaching safepoint: 100500 ns, At safepoint: 11500 ns, Total: 112000 ns
[2023-12-25T09:45:16.712+0000][23980][safepoint   ] Safepoint "Cleanup", Time since last: 1001089500 ns, Reaching safepoint: 84300 ns, At safepoint: 15500 ns, Total: 99800 ns
[2023-12-25T09:45:17.715+0000][23980][safepoint   ] Safepoint "Cleanup", Time since last: 1002592000 ns, Reaching safepoint: 169900 ns, At safepoint: 17800 ns, Total: 187700 ns
[2023-12-25T09:45:21.739+0000][23980][safepoint   ] Safepoint "Cleanup", Time since last: 4024141700 ns, Reaching safepoint: 82800 ns, At safepoint: 24300 ns, Total: 107100 ns
[2023-12-25T09:45:22.745+0000][23980][safepoint   ] Safepoint "Cleanup", Time since last: 1006404800 ns, Reaching safepoint: 108900 ns, At safepoint: 12300 ns, Total: 121200 ns
[2023-12-25T09:45:23.748+0000][23980][safepoint   ] Safepoint "Cleanup", Time since last: 1002254600 ns, Reaching safepoint: 114900 ns, At safepoint: 18500 ns, Total: 133400 ns
[2023-12-25T09:45:27.782+0000][23980][safepoint   ] Safepoint "Cleanup", Time since last: 4034002700 ns, Reaching safepoint: 255200 ns, At safepoint: 13000 ns, Total: 268200 ns
[2023-12-25T09:45:32.819+0000][23980][safepoint   ] Safepoint "Cleanup", Time since last: 5036797900 ns, Reaching safepoint: 143000 ns, At safepoint: 20000 ns, Total: 163000 ns
[2023-12-25T09:45:34.834+0000][23980][safepoint   ] Safepoint "Cleanup", Time since last: 2014573000 ns, Reaching safepoint: 71200 ns, At safepoint: 34900 ns, Total: 106100 ns
[2023-12-25T09:45:37.846+0000][23980][safepoint   ] Safepoint "Cleanup", Time since last: 3012388400 ns, Reaching safepoint: 79800 ns, At safepoint: 7200 ns, Total: 87000 ns
[2023-12-25T09:45:38.847+0000][23980][safepoint   ] Safepoint "Cleanup", Time since last: 1000847300 ns, Reaching safepoint: 117700 ns, At safepoint: 15100 ns, Total: 132800 ns
[2023-12-25T09:45:39.853+0000][23980][safepoint   ] Safepoint "Cleanup", Time since last: 1005581800 ns, Reaching safepoint: 94100 ns, At safepoint: 12300 ns, Total: 106400 ns
[2023-12-25T09:45:40.858+0000][23980][safepoint   ] Safepoint "Cleanup", Time since last: 1004914200 ns, Reaching safepoint: 70000 ns, At safepoint: 15900 ns, Total: 85900 ns
[2023-12-25T09:45:42.873+0000][23980][safepoint   ] Safepoint "Cleanup", Time since last: 2014609100 ns, Reaching safepoint: 134200 ns, At safepoint: 16300 ns, Total: 150500 ns
[2023-12-25T09:45:45.889+0000][23980][safepoint   ] Safepoint "Cleanup", Time since last: 3015887900 ns, Reaching safepoint: 116800 ns, At safepoint: 9900 ns, Total: 126700 ns
[2023-12-25T09:45:50.914+0000][23980][safepoint   ] Safepoint "Cleanup", Time since last: 5025600300 ns, Reaching safepoint: 135800 ns, At safepoint: 19000 ns, Total: 154800 ns
[2023-12-25T09:45:51.923+0000][23980][safepoint   ] Safepoint "Cleanup", Time since last: 1008184700 ns, Reaching safepoint: 128600 ns, At safepoint: 18300 ns, Total: 146900 ns
[2023-12-25T09:45:52.935+0000][23980][safepoint   ] Safepoint "Cleanup", Time since last: 1012053000 ns, Reaching safepoint: 82500 ns, At safepoint: 23800 ns, Total: 106300 ns
[2023-12-25T09:45:55.961+0000][23980][safepoint   ] Safepoint "Cleanup", Time since last: 3025350700 ns, Reaching safepoint: 107000 ns, At safepoint: 27200 ns, Total: 134200 ns
[2023-12-25T09:45:56.966+0000][23980][safepoint   ] Safepoint "Cleanup", Time since last: 1005699100 ns, Reaching safepoint: 167300 ns, At safepoint: 29600 ns, Total: 196900 ns
[2023-12-25T09:45:57.973+0000][23980][safepoint   ] Safepoint "Cleanup", Time since last: 1007026800 ns, Reaching safepoint: 198700 ns, At safepoint: 22900 ns, Total: 221600 ns
[2023-12-25T09:45:58.981+0000][23980][safepoint   ] Safepoint "Cleanup", Time since last: 1007399400 ns, Reaching safepoint: 136300 ns, At safepoint: 21500 ns, Total: 157800 ns
[2023-12-25T09:45:59.988+0000][23980][safepoint   ] Safepoint "Cleanup", Time since last: 1007133700 ns, Reaching safepoint: 167500 ns, At safepoint: 18800 ns, Total: 186300 ns
[2023-12-25T09:46:02.006+0000][23980][safepoint   ] Safepoint "Cleanup", Time since last: 2017373800 ns, Reaching safepoint: 138300 ns, At safepoint: 14900 ns, Total: 153200 ns
[2023-12-25T09:46:03.015+0000][23980][safepoint   ] Safepoint "Cleanup", Time since last: 1008643000 ns, Reaching safepoint: 119100 ns, At safepoint: 17700 ns, Total: 136800 ns
[2023-12-25T09:46:04.021+0000][23980][safepoint   ] Safepoint "Cleanup", Time since last: 1005879900 ns, Reaching safepoint: 115300 ns, At safepoint: 12300 ns, Total: 127600 ns
[2023-12-25T09:46:05.029+0000][23980][safepoint   ] Safepoint "Cleanup", Time since last: 1007802000 ns, Reaching safepoint: 151100 ns, At safepoint: 24800 ns, Total: 175900 ns
[2023-12-25T09:46:07.029+0000][23980][safepoint   ] Safepoint "Cleanup", Time since last: 2000374000 ns, Reaching safepoint: 123800 ns, At safepoint: 18400 ns, Total: 142200 ns
[2023-12-25T09:46:08.043+0000][23980][safepoint   ] Safepoint "Cleanup", Time since last: 1013506200 ns, Reaching safepoint: 153100 ns, At safepoint: 24000 ns, Total: 177100 ns
[2023-12-25T09:46:09.055+0000][23980][safepoint   ] Safepoint "Cleanup", Time since last: 1011678100 ns, Reaching safepoint: 211000 ns, At safepoint: 18900 ns, Total: 229900 ns
[2023-12-25T09:46:11.066+0000][23980][safepoint   ] Safepoint "Cleanup", Time since last: 2010423300 ns, Reaching safepoint: 134600 ns, At safepoint: 17400 ns, Total: 152000 ns
[2023-12-25T09:46:12.073+0000][23980][safepoint   ] Safepoint "Cleanup", Time since last: 1007870800 ns, Reaching safepoint: 160900 ns, At safepoint: 20700 ns, Total: 181600 ns
[2023-12-25T09:46:14.080+0000][23980][safepoint   ] Safepoint "Cleanup", Time since last: 2006520100 ns, Reaching safepoint: 141400 ns, At safepoint: 22500 ns, Total: 163900 ns
[2023-12-25T09:46:15.086+0000][23980][safepoint   ] Safepoint "Cleanup", Time since last: 1005764800 ns, Reaching safepoint: 102500 ns, At safepoint: 8300 ns, Total: 110800 ns
[2023-12-25T09:46:20.120+0000][23980][safepoint   ] Safepoint "Cleanup", Time since last: 5033351200 ns, Reaching safepoint: 96200 ns, At safepoint: 7600 ns, Total: 103800 ns
[2023-12-25T09:46:28.168+0000][23980][safepoint   ] Safepoint "Cleanup", Time since last: 8047927300 ns, Reaching safepoint: 112800 ns, At safepoint: 13600 ns, Total: 126400 ns
[2023-12-25T09:46:32.197+0000][23980][safepoint   ] Safepoint "Cleanup", Time since last: 4028813200 ns, Reaching safepoint: 109700 ns, At safepoint: 12300 ns, Total: 122000 ns
[2023-12-25T09:46:34.216+0000][23980][safepoint   ] Safepoint "Cleanup", Time since last: 2019462600 ns, Reaching safepoint: 240500 ns, At safepoint: 20100 ns, Total: 260600 ns
[2023-12-25T09:46:37.239+0000][23980][safepoint   ] Safepoint "Cleanup", Time since last: 3022525600 ns, Reaching safepoint: 114300 ns, At safepoint: 18200 ns, Total: 132500 ns
[2023-12-25T09:46:40.265+0000][23980][safepoint   ] Safepoint "Cleanup", Time since last: 3025646500 ns, Reaching safepoint: 72800 ns, At safepoint: 7200 ns, Total: 80000 ns
[2023-12-25T09:46:41.275+0000][23980][safepoint   ] Safepoint "Cleanup", Time since last: 1009864600 ns, Reaching safepoint: 120800 ns, At safepoint: 13900 ns, Total: 134700 ns
[2023-12-25T09:46:44.306+0000][23980][safepoint   ] Safepoint "Cleanup", Time since last: 3030836400 ns, Reaching safepoint: 111600 ns, At safepoint: 68300 ns, Total: 179900 ns
[2023-12-25T09:46:45.320+0000][23980][safepoint   ] Safepoint "Cleanup", Time since last: 1014144000 ns, Reaching safepoint: 117300 ns, At safepoint: 11900 ns, Total: 129200 ns
[2023-12-25T09:46:46.322+0000][23980][safepoint   ] Safepoint "Cleanup", Time since last: 1002246300 ns, Reaching safepoint: 120300 ns, At safepoint: 15000 ns, Total: 135300 ns
[2023-12-25T09:46:47.332+0000][23980][safepoint   ] Safepoint "Cleanup", Time since last: 1009786700 ns, Reaching safepoint: 106900 ns, At safepoint: 32900 ns, Total: 139800 ns
[2023-12-25T09:46:50.346+0000][23980][safepoint   ] Safepoint "Cleanup", Time since last: 3013360300 ns, Reaching safepoint: 97600 ns, At safepoint: 13900 ns, Total: 111500 ns
[2023-12-25T09:46:51.350+0000][23980][safepoint   ] Safepoint "Cleanup", Time since last: 1004276500 ns, Reaching safepoint: 226600 ns, At safepoint: 20500 ns, Total: 247100 ns
[2023-12-25T09:46:52.354+0000][23980][safepoint   ] Safepoint "Cleanup", Time since last: 1003993600 ns, Reaching safepoint: 160100 ns, At safepoint: 19200 ns, Total: 179300 ns
[2023-12-25T09:46:56.395+0000][23980][safepoint   ] Safepoint "Cleanup", Time since last: 4039910500 ns, Reaching safepoint: 72900 ns, At safepoint: 11400 ns, Total: 84300 ns
[2023-12-25T09:46:58.399+0000][23980][safepoint   ] Safepoint "Cleanup", Time since last: 2004139100 ns, Reaching safepoint: 138600 ns, At safepoint: 28600 ns, Total: 167200 ns
[2023-12-25T09:46:59.403+0000][23980][safepoint   ] Safepoint "Cleanup", Time since last: 1003879000 ns, Reaching safepoint: 105100 ns, At safepoint: 47200 ns, Total: 152300 ns
[2023-12-25T09:47:02.421+0000][23980][safepoint   ] Safepoint "Cleanup", Time since last: 3018077500 ns, Reaching safepoint: 158300 ns, At safepoint: 20000 ns, Total: 178300 ns
[2023-12-25T09:47:03.428+0000][23980][safepoint   ] Safepoint "Cleanup", Time since last: 1006682300 ns, Reaching safepoint: 167300 ns, At safepoint: 22100 ns, Total: 189400 ns
[2023-12-25T09:47:05.448+0000][23980][safepoint   ] Safepoint "Cleanup", Time since last: 2019564400 ns, Reaching safepoint: 155900 ns, At safepoint: 18200 ns, Total: 174100 ns
[2023-12-25T09:47:07.458+0000][23980][safepoint   ] Safepoint "Cleanup", Time since last: 2009415600 ns, Reaching safepoint: 686400 ns, At safepoint: 17600 ns, Total: 704000 ns
[2023-12-25T09:47:09.480+0000][23980][safepoint   ] Safepoint "Cleanup", Time since last: 2022014900 ns, Reaching safepoint: 191900 ns, At safepoint: 24800 ns, Total: 216700 ns
[2023-12-25T09:47:09.616+0000][23980][gc,start    ] GC(13) Pause Young (Normal) (G1 Evacuation Pause)
[2023-12-25T09:47:09.616+0000][23980][gc,task     ] GC(13) Using 8 workers of 8 for evacuation
[2023-12-25T09:47:09.616+0000][23980][gc,age      ] GC(13) Desired survivor size 88080384 bytes, new threshold 15 (max threshold 15)
[2023-12-25T09:47:09.640+0000][23980][gc,phases   ] GC(13)   Pre Evacuate Collection Set: 0.2ms
[2023-12-25T09:47:09.640+0000][23980][gc,phases   ] GC(13)   Merge Heap Roots: 0.2ms
[2023-12-25T09:47:09.640+0000][23980][gc,phases   ] GC(13)   Evacuate Collection Set: 21.4ms
[2023-12-25T09:47:09.640+0000][23980][gc,phases   ] GC(13)   Post Evacuate Collection Set: 2.4ms
[2023-12-25T09:47:09.640+0000][23980][gc,phases   ] GC(13)   Other: 0.3ms
[2023-12-25T09:47:09.640+0000][23980][gc,age      ] GC(13) Age table with threshold 15 (max threshold 15)
[2023-12-25T09:47:09.640+0000][23980][gc,age      ] GC(13) - age   1:    1155744 bytes,    1155744 total
[2023-12-25T09:47:09.640+0000][23980][gc,age      ] GC(13) - age   2:    5351472 bytes,    6507216 total
[2023-12-25T09:47:09.640+0000][23980][gc,age      ] GC(13) - age   3:   32008952 bytes,   38516168 total
[2023-12-25T09:47:09.640+0000][23980][gc,heap     ] GC(13) Eden regions: 317->0(595)
[2023-12-25T09:47:09.640+0000][23980][gc,heap     ] GC(13) Survivor regions: 12->11(42)
[2023-12-25T09:47:09.640+0000][23980][gc,heap     ] GC(13) Old regions: 17->17
[2023-12-25T09:47:09.640+0000][23980][gc,heap     ] GC(13) Archive regions: 0->0
[2023-12-25T09:47:09.640+0000][23980][gc,heap     ] GC(13) Humongous regions: 2->2
[2023-12-25T09:47:09.640+0000][23980][gc,metaspace] GC(13) Metaspace: 126468K(130048K)->126468K(130048K) NonClass: 109651K(111488K)->109651K(111488K) Class: 16816K(18560K)->16816K(18560K)
[2023-12-25T09:47:09.640+0000][23980][gc          ] GC(13) Pause Young (Normal) (G1 Evacuation Pause) 1387M->115M(4040M) 25.089ms
[2023-12-25T09:47:09.640+0000][23980][gc,cpu      ] GC(13) User=0.06s Sys=0.06s Real=0.02s
[2023-12-25T09:47:09.640+0000][23980][safepoint   ] Safepoint "G1CollectForAllocation", Time since last: 138628900 ns, Reaching safepoint: 110600 ns, At safepoint: 25226000 ns, Total: 25336600 ns
[2023-12-25T09:47:11.647+0000][23980][safepoint   ] Safepoint "Cleanup", Time since last: 2003210500 ns, Reaching safepoint: 122700 ns, At safepoint: 15300 ns, Total: 138000 ns
[2023-12-25T09:47:14.660+0000][23980][safepoint   ] Safepoint "Cleanup", Time since last: 3012790200 ns, Reaching safepoint: 125000 ns, At safepoint: 17200 ns, Total: 142200 ns
[2023-12-25T09:47:15.676+0000][23980][safepoint   ] Safepoint "Cleanup", Time since last: 1015244800 ns, Reaching safepoint: 126000 ns, At safepoint: 13900 ns, Total: 139900 ns
[2023-12-25T09:47:17.689+0000][23980][safepoint   ] Safepoint "Cleanup", Time since last: 2012954000 ns, Reaching safepoint: 169500 ns, At safepoint: 24600 ns, Total: 194100 ns
[2023-12-25T09:47:18.693+0000][23980][safepoint   ] Safepoint "Cleanup", Time since last: 1004175900 ns, Reaching safepoint: 85100 ns, At safepoint: 17400 ns, Total: 102500 ns
[2023-12-25T09:47:20.711+0000][23980][safepoint   ] Safepoint "Cleanup", Time since last: 2018033200 ns, Reaching safepoint: 190700 ns, At safepoint: 50700 ns, Total: 241400 ns
[2023-12-25T09:47:21.727+0000][23980][safepoint   ] Safepoint "Cleanup", Time since last: 1015210200 ns, Reaching safepoint: 152300 ns, At safepoint: 63700 ns, Total: 216000 ns
[2023-12-25T09:47:29.775+0000][23980][safepoint   ] Safepoint "Cleanup", Time since last: 8048311000 ns, Reaching safepoint: 141000 ns, At safepoint: 15500 ns, Total: 156500 ns
[2023-12-25T09:47:30.776+0000][23980][safepoint   ] Safepoint "Cleanup", Time since last: 1000974200 ns, Reaching safepoint: 147400 ns, At safepoint: 16800 ns, Total: 164200 ns
[2023-12-25T09:47:33.799+0000][23980][safepoint   ] Safepoint "Cleanup", Time since last: 3022354500 ns, Reaching safepoint: 140200 ns, At safepoint: 33300 ns, Total: 173500 ns
[2023-12-25T09:47:39.847+0000][23980][safepoint   ] Safepoint "Cleanup", Time since last: 6047687300 ns, Reaching safepoint: 128100 ns, At safepoint: 17200 ns, Total: 145300 ns
[2023-12-25T09:47:40.862+0000][23980][safepoint   ] Safepoint "Cleanup", Time since last: 1015250100 ns, Reaching safepoint: 166900 ns, At safepoint: 23700 ns, Total: 190600 ns
[2023-12-25T09:47:41.872+0000][23980][safepoint   ] Safepoint "Cleanup", Time since last: 1009858900 ns, Reaching safepoint: 148200 ns, At safepoint: 21600 ns, Total: 169800 ns
[2023-12-25T09:47:43.885+0000][23980][safepoint   ] Safepoint "Cleanup", Time since last: 2012823600 ns, Reaching safepoint: 201900 ns, At safepoint: 23300 ns, Total: 225200 ns
[2023-12-25T09:47:44.891+0000][23980][safepoint   ] Safepoint "Cleanup", Time since last: 1006115000 ns, Reaching safepoint: 72200 ns, At safepoint: 19200 ns, Total: 91400 ns
[2023-12-25T09:47:45.900+0000][23980][safepoint   ] Safepoint "Cleanup", Time since last: 1008180700 ns, Reaching safepoint: 106200 ns, At safepoint: 13000 ns, Total: 119200 ns
[2023-12-25T09:47:50.929+0000][23980][safepoint   ] Safepoint "Cleanup", Time since last: 5029047400 ns, Reaching safepoint: 113400 ns, At safepoint: 8600 ns, Total: 122000 ns
[2023-12-25T09:47:52.946+0000][23980][safepoint   ] Safepoint "Cleanup", Time since last: 2016611800 ns, Reaching safepoint: 142100 ns, At safepoint: 78200 ns, Total: 220300 ns
[2023-12-25T09:47:53.959+0000][23980][safepoint   ] Safepoint "Cleanup", Time since last: 1012790600 ns, Reaching safepoint: 114800 ns, At safepoint: 15100 ns, Total: 129900 ns
[2023-12-25T09:47:56.997+0000][23980][safepoint   ] Safepoint "Cleanup", Time since last: 3038693700 ns, Reaching safepoint: 178900 ns, At safepoint: 24000 ns, Total: 202900 ns
[2023-12-25T09:47:58.005+0000][23980][safepoint   ] Safepoint "Cleanup", Time since last: 1007564700 ns, Reaching safepoint: 130200 ns, At safepoint: 22600 ns, Total: 152800 ns
[2023-12-25T09:47:59.018+0000][23980][safepoint   ] Safepoint "Cleanup", Time since last: 1012511100 ns, Reaching safepoint: 143400 ns, At safepoint: 21800 ns, Total: 165200 ns
[2023-12-25T09:48:10.117+0000][23980][safepoint   ] Safepoint "Cleanup", Time since last: 11098646500 ns, Reaching safepoint: 116000 ns, At safepoint: 14500 ns, Total: 130500 ns
[2023-12-25T09:48:11.123+0000][23980][safepoint   ] Safepoint "Cleanup", Time since last: 1006128000 ns, Reaching safepoint: 122400 ns, At safepoint: 15400 ns, Total: 137800 ns
[2023-12-25T09:48:15.139+0000][23980][safepoint   ] Safepoint "Cleanup", Time since last: 4016365400 ns, Reaching safepoint: 145600 ns, At safepoint: 23900 ns, Total: 169500 ns
[2023-12-25T10:42:40.859+0000][23980][safepoint   ] Safepoint "Cleanup", Time since last: 3265728245600 ns, Reaching safepoint: 189200 ns, At safepoint: 49300 ns, Total: 238500 ns
[2023-12-25T10:42:42.885+0000][23980][safepoint   ] Safepoint "Cleanup", Time since last: 2026716900 ns, Reaching safepoint: 199200 ns, At safepoint: 60800 ns, Total: 260000 ns
[2023-12-25T10:42:44.201+0000][23980][safepoint   ] Safepoint "Cleanup", Time since last: 1008645600 ns, Reaching safepoint: 291460600 ns, At safepoint: 23372000 ns, Total: 314832600 ns
[2023-12-25T10:42:45.229+0000][23980][safepoint   ] Safepoint "Cleanup", Time since last: 1004787500 ns, Reaching safepoint: 15635100 ns, At safepoint: 1080600 ns, Total: 16715700 ns
[2023-12-25T10:42:48.255+0000][23980][safepoint   ] Safepoint "Cleanup", Time since last: 3024392400 ns, Reaching safepoint: 61200 ns, At safepoint: 7100 ns, Total: 68300 ns
[2023-12-25T10:42:49.975+0000][23980][safepoint   ] Safepoint "Cleanup", Time since last: 1719418800 ns, Reaching safepoint: 130900 ns, At safepoint: 20800 ns, Total: 151700 ns
[2023-12-25T10:42:50.983+0000][23980][safepoint   ] Safepoint "Cleanup", Time since last: 1008529700 ns, Reaching safepoint: 119900 ns, At safepoint: 4600 ns, Total: 124500 ns
[2023-12-25T10:42:51.984+0000][23980][safepoint   ] Safepoint "Cleanup", Time since last: 1000343700 ns, Reaching safepoint: 79200 ns, At safepoint: 12500 ns, Total: 91700 ns
[2023-12-25T10:42:54.003+0000][23980][safepoint   ] Safepoint "Cleanup", Time since last: 2018755000 ns, Reaching safepoint: 115800 ns, At safepoint: 7800 ns, Total: 123600 ns
[2023-12-25T10:42:55.003+0000][23980][safepoint   ] Safepoint "Cleanup", Time since last: 1000669100 ns, Reaching safepoint: 112700 ns, At safepoint: 20600 ns, Total: 133300 ns
[2023-12-25T10:42:56.280+0000][23980][safepoint   ] Safepoint "Cleanup", Time since last: 1276521900 ns, Reaching safepoint: 207800 ns, At safepoint: 25100 ns, Total: 232900 ns
[2023-12-25T10:43:00.308+0000][23980][safepoint   ] Safepoint "Cleanup", Time since last: 4027820400 ns, Reaching safepoint: 74900 ns, At safepoint: 68200 ns, Total: 143100 ns
[2023-12-25T10:43:01.323+0000][23980][safepoint   ] Safepoint "Cleanup", Time since last: 1014522500 ns, Reaching safepoint: 64100 ns, At safepoint: 7300 ns, Total: 71400 ns
[2023-12-25T10:43:06.358+0000][23980][safepoint   ] Safepoint "Cleanup", Time since last: 5034800100 ns, Reaching safepoint: 127000 ns, At safepoint: 19300 ns, Total: 146300 ns
[2023-12-25T10:43:08.377+0000][23980][safepoint   ] Safepoint "Cleanup", Time since last: 2019722400 ns, Reaching safepoint: 131700 ns, At safepoint: 4100 ns, Total: 135800 ns
[2023-12-25T10:43:11.403+0000][23980][safepoint   ] Safepoint "Cleanup", Time since last: 3025272000 ns, Reaching safepoint: 69400 ns, At safepoint: 45600 ns, Total: 115000 ns
[2023-12-25T10:43:12.406+0000][23980][safepoint   ] Safepoint "Cleanup", Time since last: 1002800300 ns, Reaching safepoint: 93000 ns, At safepoint: 6300 ns, Total: 99300 ns
[2023-12-25T10:43:13.406+0000][23980][safepoint   ] Safepoint "Cleanup", Time since last: 1000337200 ns, Reaching safepoint: 147600 ns, At safepoint: 24200 ns, Total: 171800 ns
[2023-12-25T10:43:20.450+0000][23980][safepoint   ] Safepoint "Cleanup", Time since last: 7043660200 ns, Reaching safepoint: 132400 ns, At safepoint: 4700 ns, Total: 137100 ns
[2023-12-25T10:43:21.454+0000][23980][safepoint   ] Safepoint "Cleanup", Time since last: 1003564400 ns, Reaching safepoint: 134100 ns, At safepoint: 21000 ns, Total: 155100 ns
[2023-12-25T10:43:23.470+0000][23980][safepoint   ] Safepoint "Cleanup", Time since last: 2016049100 ns, Reaching safepoint: 104700 ns, At safepoint: 20900 ns, Total: 125600 ns
[2023-12-25T10:43:24.477+0000][23980][safepoint   ] Safepoint "Cleanup", Time since last: 1007139500 ns, Reaching safepoint: 181300 ns, At safepoint: 22300 ns, Total: 203600 ns
[2023-12-25T10:43:25.484+0000][23980][safepoint   ] Safepoint "Cleanup", Time since last: 1006645600 ns, Reaching safepoint: 44300 ns, At safepoint: 4200 ns, Total: 48500 ns
[2023-12-25T10:43:35.563+0000][23980][safepoint   ] Safepoint "Cleanup", Time since last: 10079191900 ns, Reaching safepoint: 79800 ns, At safepoint: 4100 ns, Total: 83900 ns
[2023-12-25T10:43:36.565+0000][23980][safepoint   ] Safepoint "Cleanup", Time since last: 1001160300 ns, Reaching safepoint: 155000 ns, At safepoint: 20100 ns, Total: 175100 ns
[2023-12-25T10:43:37.580+0000][23980][safepoint   ] Safepoint "Cleanup", Time since last: 1014996000 ns, Reaching safepoint: 137100 ns, At safepoint: 20800 ns, Total: 157900 ns
[2023-12-25T10:43:40.606+0000][23980][safepoint   ] Safepoint "Cleanup", Time since last: 3026091300 ns, Reaching safepoint: 60800 ns, At safepoint: 11400 ns, Total: 72200 ns
[2023-12-25T10:43:41.619+0000][23980][safepoint   ] Safepoint "Cleanup", Time since last: 1012620600 ns, Reaching safepoint: 64000 ns, At safepoint: 11600 ns, Total: 75600 ns
[2023-12-25T10:43:42.630+0000][23980][safepoint   ] Safepoint "Cleanup", Time since last: 1010999500 ns, Reaching safepoint: 162700 ns, At safepoint: 49700 ns, Total: 212400 ns
[2023-12-25T10:43:43.639+0000][23980][safepoint   ] Safepoint "Cleanup", Time since last: 1008925800 ns, Reaching safepoint: 107200 ns, At safepoint: 7500 ns, Total: 114700 ns
[2023-12-25T10:43:53.736+0000][23980][safepoint   ] Safepoint "Cleanup", Time since last: 10096866400 ns, Reaching safepoint: 69700 ns, At safepoint: 5800 ns, Total: 75500 ns
[2023-12-25T10:43:55.757+0000][23980][safepoint   ] Safepoint "Cleanup", Time since last: 2021264500 ns, Reaching safepoint: 90800 ns, At safepoint: 5100 ns, Total: 95900 ns
[2023-12-25T10:43:56.773+0000][23980][safepoint   ] Safepoint "Cleanup", Time since last: 1015495100 ns, Reaching safepoint: 77700 ns, At safepoint: 6500 ns, Total: 84200 ns
[2023-12-25T10:43:59.790+0000][23980][safepoint   ] Safepoint "Cleanup", Time since last: 3017097100 ns, Reaching safepoint: 100000 ns, At safepoint: 23200 ns, Total: 123200 ns
[2023-12-25T10:44:10.862+0000][23980][safepoint   ] Safepoint "Cleanup", Time since last: 11071745300 ns, Reaching safepoint: 128600 ns, At safepoint: 20100 ns, Total: 148700 ns
[2023-12-25T10:44:11.876+0000][23980][safepoint   ] Safepoint "Cleanup", Time since last: 1014353100 ns, Reaching safepoint: 82900 ns, At safepoint: 4200 ns, Total: 87100 ns
[2023-12-25T10:44:13.876+0000][23980][safepoint   ] Safepoint "Cleanup", Time since last: 2000005800 ns, Reaching safepoint: 120100 ns, At safepoint: 21900 ns, Total: 142000 ns
[2023-12-25T10:44:14.464+0000][23980][safepoint   ] Safepoint "ICBufferFull", Time since last: 590483600 ns, Reaching safepoint: 217200 ns, At safepoint: 9200 ns, Total: 226400 ns
[2023-12-25T10:44:16.480+0000][23980][safepoint   ] Safepoint "Cleanup", Time since last: 2012656900 ns, Reaching safepoint: 104300 ns, At safepoint: 12900 ns, Total: 117200 ns
[2023-12-25T10:44:17.482+0000][23980][safepoint   ] Safepoint "Cleanup", Time since last: 1002052400 ns, Reaching safepoint: 292400 ns, At safepoint: 72000 ns, Total: 364400 ns
[2023-12-25T10:44:18.489+0000][23980][safepoint   ] Safepoint "Cleanup", Time since last: 1006828600 ns, Reaching safepoint: 147400 ns, At safepoint: 12000 ns, Total: 159400 ns
[2023-12-25T10:44:19.502+0000][23980][safepoint   ] Safepoint "Cleanup", Time since last: 1012375900 ns, Reaching safepoint: 105900 ns, At safepoint: 11800 ns, Total: 117700 ns
[2023-12-25T10:44:20.515+0000][23980][safepoint   ] Safepoint "Cleanup", Time since last: 1013035400 ns, Reaching safepoint: 172600 ns, At safepoint: 81000 ns, Total: 253600 ns
[2023-12-25T10:44:21.516+0000][23980][safepoint   ] Safepoint "Cleanup", Time since last: 1001123900 ns, Reaching safepoint: 156800 ns, At safepoint: 20300 ns, Total: 177100 ns
[2023-12-25T10:44:23.530+0000][23980][safepoint   ] Safepoint "Cleanup", Time since last: 2012724400 ns, Reaching safepoint: 149600 ns, At safepoint: 12500 ns, Total: 162100 ns
[2023-12-25T10:44:24.540+0000][23980][safepoint   ] Safepoint "Cleanup", Time since last: 1010525200 ns, Reaching safepoint: 128500 ns, At safepoint: 16000 ns, Total: 144500 ns
[2023-12-25T10:44:25.542+0000][23980][safepoint   ] Safepoint "Cleanup", Time since last: 1002201800 ns, Reaching safepoint: 95900 ns, At safepoint: 46800 ns, Total: 142700 ns
[2023-12-25T10:44:26.545+0000][23980][safepoint   ] Safepoint "Cleanup", Time since last: 1002579300 ns, Reaching safepoint: 166900 ns, At safepoint: 19400 ns, Total: 186300 ns
[2023-12-25T10:44:29.566+0000][23980][safepoint   ] Safepoint "Cleanup", Time since last: 3019980700 ns, Reaching safepoint: 265200 ns, At safepoint: 9800 ns, Total: 275000 ns
[2023-12-25T10:44:30.574+0000][23980][safepoint   ] Safepoint "Cleanup", Time since last: 1008885600 ns, Reaching safepoint: 128400 ns, At safepoint: 16900 ns, Total: 145300 ns
[2023-12-25T10:44:31.581+0000][23980][safepoint   ] Safepoint "Cleanup", Time since last: 1006450100 ns, Reaching safepoint: 508500 ns, At safepoint: 18300 ns, Total: 526800 ns
[2023-12-25T10:44:32.585+0000][23980][safepoint   ] Safepoint "Cleanup", Time since last: 1003499100 ns, Reaching safepoint: 106000 ns, At safepoint: 9600 ns, Total: 115600 ns
[2023-12-25T10:44:40.638+0000][23980][safepoint   ] Safepoint "Cleanup", Time since last: 8053254500 ns, Reaching safepoint: 130000 ns, At safepoint: 13000 ns, Total: 143000 ns
[2023-12-25T10:44:41.643+0000][23980][safepoint   ] Safepoint "Cleanup", Time since last: 1004302900 ns, Reaching safepoint: 135100 ns, At safepoint: 22800 ns, Total: 157900 ns
[2023-12-25T10:44:43.652+0000][23980][safepoint   ] Safepoint "Cleanup", Time since last: 2008702800 ns, Reaching safepoint: 118500 ns, At safepoint: 21600 ns, Total: 140100 ns
[2023-12-25T10:44:44.655+0000][23980][safepoint   ] Safepoint "Cleanup", Time since last: 1003101000 ns, Reaching safepoint: 111400 ns, At safepoint: 15400 ns, Total: 126800 ns
[2023-12-25T10:44:48.676+0000][23980][safepoint   ] Safepoint "Cleanup", Time since last: 4021182500 ns, Reaching safepoint: 131900 ns, At safepoint: 13200 ns, Total: 145100 ns
[2023-12-25T10:44:49.680+0000][23980][safepoint   ] Safepoint "Cleanup", Time since last: 1003354600 ns, Reaching safepoint: 138300 ns, At safepoint: 31700 ns, Total: 170000 ns
[2023-12-25T10:44:51.696+0000][23980][safepoint   ] Safepoint "Cleanup", Time since last: 2016011200 ns, Reaching safepoint: 97600 ns, At safepoint: 10300 ns, Total: 107900 ns
[2023-12-25T10:44:52.706+0000][23980][safepoint   ] Safepoint "Cleanup", Time since last: 1010260100 ns, Reaching safepoint: 133600 ns, At safepoint: 24600 ns, Total: 158200 ns
[2023-12-25T10:44:54.717+0000][23980][safepoint   ] Safepoint "Cleanup", Time since last: 2010225600 ns, Reaching safepoint: 137800 ns, At safepoint: 15700 ns, Total: 153500 ns
[2023-12-25T10:45:01.780+0000][23980][safepoint   ] Safepoint "Cleanup", Time since last: 7063179200 ns, Reaching safepoint: 172300 ns, At safepoint: 23800 ns, Total: 196100 ns
[2023-12-25T10:45:02.790+0000][23980][safepoint   ] Safepoint "Cleanup", Time since last: 1009451700 ns, Reaching safepoint: 179600 ns, At safepoint: 27600 ns, Total: 207200 ns
[2023-12-25T10:45:04.815+0000][23980][safepoint   ] Safepoint "Cleanup", Time since last: 2025326100 ns, Reaching safepoint: 122300 ns, At safepoint: 14900 ns, Total: 137200 ns
[2023-12-25T10:45:07.822+0000][23980][safepoint   ] Safepoint "Cleanup", Time since last: 3006490800 ns, Reaching safepoint: 95400 ns, At safepoint: 26500 ns, Total: 121900 ns
[2023-12-25T10:45:11.836+0000][23980][safepoint   ] Safepoint "Cleanup", Time since last: 4013615800 ns, Reaching safepoint: 92900 ns, At safepoint: 16500 ns, Total: 109400 ns
[2023-12-25T10:45:12.838+0000][23980][safepoint   ] Safepoint "Cleanup", Time since last: 1002095500 ns, Reaching safepoint: 136800 ns, At safepoint: 18500 ns, Total: 155300 ns
[2023-12-25T10:45:13.841+0000][23980][safepoint   ] Safepoint "Cleanup", Time since last: 1003244500 ns, Reaching safepoint: 158100 ns, At safepoint: 15500 ns, Total: 173600 ns
[2023-12-25T10:45:18.880+0000][23980][safepoint   ] Safepoint "Cleanup", Time since last: 5038778200 ns, Reaching safepoint: 147000 ns, At safepoint: 21500 ns, Total: 168500 ns
[2023-12-25T10:45:24.930+0000][23980][safepoint   ] Safepoint "Cleanup", Time since last: 6049808800 ns, Reaching safepoint: 156700 ns, At safepoint: 27800 ns, Total: 184500 ns
[2023-12-25T10:45:25.937+0000][23980][safepoint   ] Safepoint "Cleanup", Time since last: 1006690700 ns, Reaching safepoint: 144500 ns, At safepoint: 23700 ns, Total: 168200 ns
[2023-12-25T10:45:31.995+0000][23980][safepoint   ] Safepoint "Cleanup", Time since last: 6057251900 ns, Reaching safepoint: 95200 ns, At safepoint: 13200 ns, Total: 108400 ns
[2023-12-25T10:45:33.002+0000][23980][safepoint   ] Safepoint "Cleanup", Time since last: 1007191000 ns, Reaching safepoint: 120600 ns, At safepoint: 13100 ns, Total: 133700 ns
[2023-12-25T10:45:34.008+0000][23980][safepoint   ] Safepoint "Cleanup", Time since last: 1005151500 ns, Reaching safepoint: 646200 ns, At safepoint: 21000 ns, Total: 667200 ns
[2023-12-25T10:45:38.039+0000][23980][safepoint   ] Safepoint "Cleanup", Time since last: 4030775700 ns, Reaching safepoint: 190000 ns, At safepoint: 25600 ns, Total: 215600 ns
[2023-12-25T10:45:39.039+0000][23980][safepoint   ] Safepoint "Cleanup", Time since last: 1000261300 ns, Reaching safepoint: 137800 ns, At safepoint: 15000 ns, Total: 152800 ns
[2023-12-25T10:45:41.056+0000][23980][safepoint   ] Safepoint "Cleanup", Time since last: 2016671300 ns, Reaching safepoint: 157600 ns, At safepoint: 18300 ns, Total: 175900 ns
[2023-12-25T10:45:43.073+0000][23980][safepoint   ] Safepoint "Cleanup", Time since last: 2016912800 ns, Reaching safepoint: 190100 ns, At safepoint: 11500 ns, Total: 201600 ns
[2023-12-25T10:45:44.715+0000][23980][safepoint   ] Safepoint "Cleanup", Time since last: 1642270400 ns, Reaching safepoint: 52600 ns, At safepoint: 8300 ns, Total: 60900 ns
[2023-12-25T10:45:45.718+0000][23980][safepoint   ] Safepoint "Cleanup", Time since last: 1002314300 ns, Reaching safepoint: 136800 ns, At safepoint: 12800 ns, Total: 149600 ns
[2023-12-25T10:45:46.729+0000][23980][safepoint   ] Safepoint "Cleanup", Time since last: 1010837200 ns, Reaching safepoint: 104100 ns, At safepoint: 5300 ns, Total: 109400 ns
[2023-12-25T10:45:47.731+0000][23980][safepoint   ] Safepoint "Cleanup", Time since last: 1001670000 ns, Reaching safepoint: 50700 ns, At safepoint: 11600 ns, Total: 62300 ns
[2023-12-25T10:45:48.742+0000][23980][safepoint   ] Safepoint "Cleanup", Time since last: 1010862800 ns, Reaching safepoint: 246900 ns, At safepoint: 15900 ns, Total: 262800 ns
[2023-12-25T10:45:49.748+0000][23980][safepoint   ] Safepoint "Cleanup", Time since last: 1006574100 ns, Reaching safepoint: 100600 ns, At safepoint: 11400 ns, Total: 112000 ns
[2023-12-25T10:45:50.763+0000][23980][safepoint   ] Safepoint "Cleanup", Time since last: 1014599600 ns, Reaching safepoint: 107700 ns, At safepoint: 55700 ns, Total: 163400 ns
[2023-12-25T10:45:53.775+0000][23980][safepoint   ] Safepoint "Cleanup", Time since last: 3011593000 ns, Reaching safepoint: 117700 ns, At safepoint: 20900 ns, Total: 138600 ns
[2023-12-25T10:45:54.775+0000][23980][safepoint   ] Safepoint "Cleanup", Time since last: 1000224600 ns, Reaching safepoint: 132900 ns, At safepoint: 13300 ns, Total: 146200 ns
[2023-12-25T10:45:57.785+0000][23980][safepoint   ] Safepoint "Cleanup", Time since last: 3009307600 ns, Reaching safepoint: 94000 ns, At safepoint: 9100 ns, Total: 103100 ns
[2023-12-25T10:46:00.809+0000][23980][safepoint   ] Safepoint "Cleanup", Time since last: 3024740100 ns, Reaching safepoint: 77700 ns, At safepoint: 15400 ns, Total: 93100 ns
[2023-12-25T10:46:06.855+0000][23980][safepoint   ] Safepoint "Cleanup", Time since last: 6045040900 ns, Reaching safepoint: 173800 ns, At safepoint: 783300 ns, Total: 957100 ns
[2023-12-25T10:46:10.862+0000][23980][safepoint   ] Safepoint "Cleanup", Time since last: 4006325900 ns, Reaching safepoint: 62600 ns, At safepoint: 13700 ns, Total: 76300 ns
[2023-12-25T10:46:13.878+0000][23980][safepoint   ] Safepoint "Cleanup", Time since last: 3016600000 ns, Reaching safepoint: 69700 ns, At safepoint: 7100 ns, Total: 76800 ns
[2023-12-25T10:46:18.916+0000][23980][safepoint   ] Safepoint "Cleanup", Time since last: 5037046100 ns, Reaching safepoint: 81600 ns, At safepoint: 7400 ns, Total: 89000 ns
[2023-12-25T10:46:19.921+0000][23980][safepoint   ] Safepoint "Cleanup", Time since last: 1005000000 ns, Reaching safepoint: 71300 ns, At safepoint: 9400 ns, Total: 80700 ns
[2023-12-25T10:46:20.929+0000][23980][safepoint   ] Safepoint "Cleanup", Time since last: 1008264200 ns, Reaching safepoint: 96200 ns, At safepoint: 25400 ns, Total: 121600 ns
[2023-12-25T10:46:23.954+0000][23980][safepoint   ] Safepoint "Cleanup", Time since last: 3024703100 ns, Reaching safepoint: 67100 ns, At safepoint: 17100 ns, Total: 84200 ns
[2023-12-25T10:46:36.034+0000][23980][safepoint   ] Safepoint "Cleanup", Time since last: 12079523300 ns, Reaching safepoint: 89800 ns, At safepoint: 14900 ns, Total: 104700 ns
[2023-12-25T10:46:37.045+0000][23980][safepoint   ] Safepoint "Cleanup", Time since last: 1011765600 ns, Reaching safepoint: 96900 ns, At safepoint: 11100 ns, Total: 108000 ns
[2023-12-25T10:46:38.049+0000][23980][safepoint   ] Safepoint "Cleanup", Time since last: 1003297700 ns, Reaching safepoint: 82600 ns, At safepoint: 10300 ns, Total: 92900 ns
[2023-12-25T10:46:41.087+0000][23980][safepoint   ] Safepoint "Cleanup", Time since last: 3038283600 ns, Reaching safepoint: 76200 ns, At safepoint: 8000 ns, Total: 84200 ns
[2023-12-25T10:46:42.089+0000][23980][safepoint   ] Safepoint "Cleanup", Time since last: 1002091300 ns, Reaching safepoint: 87000 ns, At safepoint: 24500 ns, Total: 111500 ns
[2023-12-25T10:46:44.106+0000][23980][safepoint   ] Safepoint "Cleanup", Time since last: 2016768000 ns, Reaching safepoint: 117600 ns, At safepoint: 52300 ns, Total: 169900 ns
[2023-12-25T10:46:47.127+0000][23980][safepoint   ] Safepoint "Cleanup", Time since last: 3020781000 ns, Reaching safepoint: 77100 ns, At safepoint: 5800 ns, Total: 82900 ns
[2023-12-25T10:46:48.134+0000][23980][safepoint   ] Safepoint "Cleanup", Time since last: 1006372500 ns, Reaching safepoint: 83100 ns, At safepoint: 6600 ns, Total: 89700 ns
[2023-12-25T10:46:50.143+0000][23980][safepoint   ] Safepoint "Cleanup", Time since last: 2009252500 ns, Reaching safepoint: 178300 ns, At safepoint: 41100 ns, Total: 219400 ns
[2023-12-25T10:46:58.200+0000][23980][safepoint   ] Safepoint "Cleanup", Time since last: 8056634800 ns, Reaching safepoint: 95700 ns, At safepoint: 16500 ns, Total: 112200 ns
[2023-12-25T10:46:59.208+0000][23980][safepoint   ] Safepoint "Cleanup", Time since last: 1007976500 ns, Reaching safepoint: 71900 ns, At safepoint: 16000 ns, Total: 87900 ns
[2023-12-25T10:47:00.299+0000][23980][safepoint   ] Safepoint "Cleanup", Time since last: 1093043000 ns, Reaching safepoint: 217100 ns, At safepoint: 23600 ns, Total: 240700 ns
[2023-12-25T10:47:01.367+0000][23980][safepoint   ] Safepoint "Cleanup", Time since last: 1066296700 ns, Reaching safepoint: 844600 ns, At safepoint: 29700 ns, Total: 874300 ns
[2023-12-25T10:47:02.376+0000][23980][safepoint   ] Safepoint "Cleanup", Time since last: 1007542200 ns, Reaching safepoint: 211900 ns, At safepoint: 22000 ns, Total: 233900 ns
[2023-12-25T10:47:03.383+0000][23980][safepoint   ] Safepoint "Cleanup", Time since last: 1007357300 ns, Reaching safepoint: 85000 ns, At safepoint: 13400 ns, Total: 98400 ns
[2023-12-25T10:47:06.419+0000][23980][safepoint   ] Safepoint "Cleanup", Time since last: 3034906300 ns, Reaching safepoint: 183300 ns, At safepoint: 26600 ns, Total: 209900 ns
[2023-12-25T10:47:07.426+0000][23980][safepoint   ] Safepoint "Cleanup", Time since last: 1007507700 ns, Reaching safepoint: 146600 ns, At safepoint: 17800 ns, Total: 164400 ns
[2023-12-25T10:47:09.442+0000][23980][safepoint   ] Safepoint "Cleanup", Time since last: 2015249900 ns, Reaching safepoint: 109400 ns, At safepoint: 17600 ns, Total: 127000 ns
[2023-12-25T10:47:11.464+0000][23980][safepoint   ] Safepoint "Cleanup", Time since last: 2022047400 ns, Reaching safepoint: 102000 ns, At safepoint: 17200 ns, Total: 119200 ns
[2023-12-25T10:47:12.467+0000][23980][safepoint   ] Safepoint "Cleanup", Time since last: 1003590700 ns, Reaching safepoint: 122000 ns, At safepoint: 13700 ns, Total: 135700 ns
[2023-12-25T10:47:14.481+0000][23980][safepoint   ] Safepoint "Cleanup", Time since last: 2013097600 ns, Reaching safepoint: 126800 ns, At safepoint: 16700 ns, Total: 143500 ns
[2023-12-25T10:47:15.489+0000][23980][safepoint   ] Safepoint "Cleanup", Time since last: 1007604200 ns, Reaching safepoint: 119000 ns, At safepoint: 12600 ns, Total: 131600 ns
[2023-12-25T10:47:16.489+0000][23980][safepoint   ] Safepoint "Cleanup", Time since last: 1000198300 ns, Reaching safepoint: 106700 ns, At safepoint: 25600 ns, Total: 132300 ns
[2023-12-25T10:47:17.499+0000][23980][safepoint   ] Safepoint "Cleanup", Time since last: 1010281400 ns, Reaching safepoint: 149500 ns, At safepoint: 11900 ns, Total: 161400 ns
[2023-12-25T10:47:18.511+0000][23980][safepoint   ] Safepoint "Cleanup", Time since last: 1011384700 ns, Reaching safepoint: 99100 ns, At safepoint: 61300 ns, Total: 160400 ns
[2023-12-25T10:47:19.513+0000][23980][safepoint   ] Safepoint "Cleanup", Time since last: 1001817000 ns, Reaching safepoint: 75500 ns, At safepoint: 13500 ns, Total: 89000 ns
[2023-12-25T10:47:21.523+0000][23980][safepoint   ] Safepoint "Cleanup", Time since last: 2010448200 ns, Reaching safepoint: 107400 ns, At safepoint: 10900 ns, Total: 118300 ns
[2023-12-25T10:47:24.537+0000][23980][safepoint   ] Safepoint "Cleanup", Time since last: 3013735500 ns, Reaching safepoint: 651600 ns, At safepoint: 21000 ns, Total: 672600 ns
[2023-12-25T10:47:27.564+0000][23980][safepoint   ] Safepoint "Cleanup", Time since last: 3026206800 ns, Reaching safepoint: 146600 ns, At safepoint: 22400 ns, Total: 169000 ns
[2023-12-25T10:47:30.594+0000][23980][safepoint   ] Safepoint "Cleanup", Time since last: 3029164900 ns, Reaching safepoint: 230200 ns, At safepoint: 22600 ns, Total: 252800 ns
[2023-12-25T10:47:36.641+0000][23980][safepoint   ] Safepoint "Cleanup", Time since last: 6047036800 ns, Reaching safepoint: 147600 ns, At safepoint: 11600 ns, Total: 159200 ns
[2023-12-25T10:47:40.678+0000][23980][safepoint   ] Safepoint "Cleanup", Time since last: 4037226800 ns, Reaching safepoint: 116000 ns, At safepoint: 23400 ns, Total: 139400 ns
[2023-12-25T10:47:48.730+0000][23980][safepoint   ] Safepoint "Cleanup", Time since last: 8051795000 ns, Reaching safepoint: 124200 ns, At safepoint: 11200 ns, Total: 135400 ns
[2023-12-25T10:47:51.745+0000][23980][safepoint   ] Safepoint "Cleanup", Time since last: 3014878700 ns, Reaching safepoint: 209500 ns, At safepoint: 22900 ns, Total: 232400 ns
[2023-12-25T10:47:54.767+0000][23980][safepoint   ] Safepoint "Cleanup", Time since last: 3021193600 ns, Reaching safepoint: 84700 ns, At safepoint: 13700 ns, Total: 98400 ns
[2023-12-25T10:47:56.789+0000][23980][safepoint   ] Safepoint "Cleanup", Time since last: 2021867900 ns, Reaching safepoint: 168000 ns, At safepoint: 23200 ns, Total: 191200 ns
[2023-12-25T10:47:59.796+0000][23980][safepoint   ] Safepoint "Cleanup", Time since last: 3007315100 ns, Reaching safepoint: 117800 ns, At safepoint: 10500 ns, Total: 128300 ns
[2023-12-25T10:48:01.810+0000][23980][safepoint   ] Safepoint "Cleanup", Time since last: 2013897200 ns, Reaching safepoint: 147200 ns, At safepoint: 36900 ns, Total: 184100 ns
[2023-12-25T10:48:03.825+0000][23980][safepoint   ] Safepoint "Cleanup", Time since last: 2014476600 ns, Reaching safepoint: 121200 ns, At safepoint: 14700 ns, Total: 135900 ns
[2023-12-25T10:48:06.852+0000][23980][safepoint   ] Safepoint "Cleanup", Time since last: 3027370200 ns, Reaching safepoint: 78300 ns, At safepoint: 12700 ns, Total: 91000 ns
[2023-12-25T10:48:07.860+0000][23980][safepoint   ] Safepoint "Cleanup", Time since last: 1008198700 ns, Reaching safepoint: 100500 ns, At safepoint: 21900 ns, Total: 122400 ns
[2023-12-25T10:48:10.886+0000][23980][safepoint   ] Safepoint "Cleanup", Time since last: 3025762300 ns, Reaching safepoint: 116700 ns, At safepoint: 11300 ns, Total: 128000 ns
[2023-12-25T10:48:13.921+0000][23980][safepoint   ] Safepoint "Cleanup", Time since last: 3034862500 ns, Reaching safepoint: 107600 ns, At safepoint: 19000 ns, Total: 126600 ns
[2023-12-25T10:48:21.978+0000][23980][safepoint   ] Safepoint "Cleanup", Time since last: 8056463800 ns, Reaching safepoint: 92600 ns, At safepoint: 25900 ns, Total: 118500 ns
[2023-12-25T10:48:41.155+0000][23980][safepoint   ] Safepoint "Cleanup", Time since last: 19176910900 ns, Reaching safepoint: 96700 ns, At safepoint: 10300 ns, Total: 107000 ns
[2023-12-25T10:48:54.249+0000][23980][safepoint   ] Safepoint "Cleanup", Time since last: 13093683000 ns, Reaching safepoint: 96200 ns, At safepoint: 11500 ns, Total: 107700 ns
[2023-12-25T10:49:02.298+0000][23980][safepoint   ] Safepoint "Cleanup", Time since last: 8049097300 ns, Reaching safepoint: 60800 ns, At safepoint: 9000 ns, Total: 69800 ns
[2023-12-25T10:49:03.309+0000][23980][safepoint   ] Safepoint "Cleanup", Time since last: 1010930800 ns, Reaching safepoint: 71800 ns, At safepoint: 11500 ns, Total: 83300 ns
[2023-12-25T10:49:04.316+0000][23980][safepoint   ] Safepoint "Cleanup", Time since last: 1007136900 ns, Reaching safepoint: 61700 ns, At safepoint: 8800 ns, Total: 70500 ns
[2023-12-25T10:49:18.414+0000][23980][safepoint   ] Safepoint "Cleanup", Time since last: 14097664300 ns, Reaching safepoint: 76600 ns, At safepoint: 11700 ns, Total: 88300 ns
[2023-12-25T10:49:24.449+0000][23980][safepoint   ] Safepoint "Cleanup", Time since last: 6034690900 ns, Reaching safepoint: 85200 ns, At safepoint: 19200 ns, Total: 104400 ns
[2023-12-25T10:49:25.452+0000][23980][safepoint   ] Safepoint "Cleanup", Time since last: 1003057300 ns, Reaching safepoint: 89000 ns, At safepoint: 19400 ns, Total: 108400 ns
[2023-12-25T10:49:31.500+0000][23980][safepoint   ] Safepoint "Cleanup", Time since last: 6048142700 ns, Reaching safepoint: 118000 ns, At safepoint: 7400 ns, Total: 125400 ns
[2023-12-25T10:49:32.510+0000][23980][safepoint   ] Safepoint "Cleanup", Time since last: 1009513400 ns, Reaching safepoint: 115400 ns, At safepoint: 11800 ns, Total: 127200 ns
[2023-12-25T10:49:38.528+0000][23980][safepoint   ] Safepoint "Cleanup", Time since last: 6018603900 ns, Reaching safepoint: 109000 ns, At safepoint: 15800 ns, Total: 124800 ns
[2023-12-25T10:49:40.543+0000][23980][safepoint   ] Safepoint "Cleanup", Time since last: 2014057100 ns, Reaching safepoint: 79100 ns, At safepoint: 11300 ns, Total: 90400 ns
[2023-12-25T10:49:41.547+0000][23980][safepoint   ] Safepoint "Cleanup", Time since last: 1004836400 ns, Reaching safepoint: 100800 ns, At safepoint: 10900 ns, Total: 111700 ns
[2023-12-25T10:49:43.559+0000][23980][safepoint   ] Safepoint "Cleanup", Time since last: 2011823000 ns, Reaching safepoint: 102200 ns, At safepoint: 10700 ns, Total: 112900 ns
[2023-12-25T10:49:50.605+0000][23980][safepoint   ] Safepoint "Cleanup", Time since last: 7045275900 ns, Reaching safepoint: 176200 ns, At safepoint: 23000 ns, Total: 199200 ns
[2023-12-25T10:49:51.606+0000][23980][safepoint   ] Safepoint "Cleanup", Time since last: 1000710400 ns, Reaching safepoint: 145500 ns, At safepoint: 15700 ns, Total: 161200 ns
[2023-12-25T10:49:52.611+0000][23980][safepoint   ] Safepoint "Cleanup", Time since last: 1005231000 ns, Reaching safepoint: 100600 ns, At safepoint: 11700 ns, Total: 112300 ns
[2023-12-25T10:50:03.686+0000][23980][safepoint   ] Safepoint "Cleanup", Time since last: 11074558200 ns, Reaching safepoint: 739200 ns, At safepoint: 27600 ns, Total: 766800 ns
[2023-12-25T10:50:07.710+0000][23980][safepoint   ] Safepoint "Cleanup", Time since last: 4023903900 ns, Reaching safepoint: 81700 ns, At safepoint: 11900 ns, Total: 93600 ns
[2023-12-25T10:50:11.745+0000][23980][safepoint   ] Safepoint "Cleanup", Time since last: 4034947400 ns, Reaching safepoint: 133600 ns, At safepoint: 9400 ns, Total: 143000 ns
[2023-12-25T10:50:13.749+0000][23980][safepoint   ] Safepoint "Cleanup", Time since last: 2003219600 ns, Reaching safepoint: 100700 ns, At safepoint: 18900 ns, Total: 119600 ns
[2023-12-25T10:50:18.788+0000][23980][safepoint   ] Safepoint "Cleanup", Time since last: 5039032800 ns, Reaching safepoint: 101600 ns, At safepoint: 12400 ns, Total: 114000 ns
[2023-12-25T10:50:21.803+0000][23980][safepoint   ] Safepoint "Cleanup", Time since last: 3015209500 ns, Reaching safepoint: 102300 ns, At safepoint: 32600 ns, Total: 134900 ns
[2023-12-25T10:50:24.811+0000][23980][safepoint   ] Safepoint "Cleanup", Time since last: 3007407000 ns, Reaching safepoint: 113900 ns, At safepoint: 17900 ns, Total: 131800 ns
[2023-12-25T10:50:30.863+0000][23980][safepoint   ] Safepoint "Cleanup", Time since last: 6051778200 ns, Reaching safepoint: 107400 ns, At safepoint: 16100 ns, Total: 123500 ns
[2023-12-25T10:50:33.893+0000][23980][safepoint   ] Safepoint "Cleanup", Time since last: 3030315500 ns, Reaching safepoint: 91800 ns, At safepoint: 11300 ns, Total: 103100 ns
[2023-12-25T10:50:36.913+0000][23980][safepoint   ] Safepoint "Cleanup", Time since last: 3019367800 ns, Reaching safepoint: 109600 ns, At safepoint: 29600 ns, Total: 139200 ns
[2023-12-25T10:50:37.925+0000][23980][safepoint   ] Safepoint "Cleanup", Time since last: 1012494700 ns, Reaching safepoint: 75600 ns, At safepoint: 21500 ns, Total: 97100 ns
[2023-12-25T10:50:40.949+0000][23980][safepoint   ] Safepoint "Cleanup", Time since last: 3023449500 ns, Reaching safepoint: 86800 ns, At safepoint: 14500 ns, Total: 101300 ns
[2023-12-25T10:50:49.029+0000][23980][safepoint   ] Safepoint "Cleanup", Time since last: 8080210600 ns, Reaching safepoint: 88800 ns, At safepoint: 22500 ns, Total: 111300 ns
[2023-12-25T10:51:02.153+0000][23980][safepoint   ] Safepoint "Cleanup", Time since last: 13123624100 ns, Reaching safepoint: 153600 ns, At safepoint: 19600 ns, Total: 173200 ns
[2023-12-25T10:51:13.256+0000][23980][safepoint   ] Safepoint "Cleanup", Time since last: 11102805800 ns, Reaching safepoint: 169100 ns, At safepoint: 18000 ns, Total: 187100 ns
[2023-12-25T10:51:25.375+0000][23980][safepoint   ] Safepoint "Cleanup", Time since last: 12118713100 ns, Reaching safepoint: 97500 ns, At safepoint: 12100 ns, Total: 109600 ns
[2023-12-25T10:51:41.487+0000][23980][safepoint   ] Safepoint "Cleanup", Time since last: 16111717800 ns, Reaching safepoint: 153300 ns, At safepoint: 18000 ns, Total: 171300 ns
[2023-12-25T10:51:49.550+0000][23980][safepoint   ] Safepoint "Cleanup", Time since last: 8062991300 ns, Reaching safepoint: 89200 ns, At safepoint: 10300 ns, Total: 99500 ns
[2023-12-25T10:51:50.556+0000][23980][safepoint   ] Safepoint "Cleanup", Time since last: 1006836300 ns, Reaching safepoint: 134800 ns, At safepoint: 19700 ns, Total: 154500 ns
[2023-12-25T10:51:52.574+0000][23980][safepoint   ] Safepoint "Cleanup", Time since last: 2017111600 ns, Reaching safepoint: 96900 ns, At safepoint: 17300 ns, Total: 114200 ns
[2023-12-25T10:52:10.725+0000][23980][safepoint   ] Safepoint "Cleanup", Time since last: 18150417800 ns, Reaching safepoint: 178900 ns, At safepoint: 13800 ns, Total: 192700 ns
[2023-12-25T10:52:11.737+0000][23980][safepoint   ] Safepoint "Cleanup", Time since last: 1012160700 ns, Reaching safepoint: 126200 ns, At safepoint: 11500 ns, Total: 137700 ns
[2023-12-25T10:52:16.771+0000][23980][safepoint   ] Safepoint "Cleanup", Time since last: 5033664000 ns, Reaching safepoint: 101200 ns, At safepoint: 18400 ns, Total: 119600 ns
[2023-12-25T10:52:19.801+0000][23980][safepoint   ] Safepoint "Cleanup", Time since last: 3030028600 ns, Reaching safepoint: 113500 ns, At safepoint: 10700 ns, Total: 124200 ns
[2023-12-25T10:52:31.874+0000][23980][safepoint   ] Safepoint "Cleanup", Time since last: 12073148600 ns, Reaching safepoint: 99200 ns, At safepoint: 10100 ns, Total: 109300 ns
[2023-12-25T10:52:37.915+0000][23980][safepoint   ] Safepoint "Cleanup", Time since last: 6041191000 ns, Reaching safepoint: 147000 ns, At safepoint: 15900 ns, Total: 162900 ns
[2023-12-25T10:52:38.920+0000][23980][safepoint   ] Safepoint "Cleanup", Time since last: 1004653000 ns, Reaching safepoint: 128600 ns, At safepoint: 21500 ns, Total: 150100 ns
[2023-12-25T10:52:40.938+0000][23980][safepoint   ] Safepoint "Cleanup", Time since last: 2017253700 ns, Reaching safepoint: 134400 ns, At safepoint: 8800 ns, Total: 143200 ns
[2023-12-25T10:52:47.994+0000][23980][safepoint   ] Safepoint "Cleanup", Time since last: 7055598300 ns, Reaching safepoint: 132300 ns, At safepoint: 17600 ns, Total: 149900 ns
[2023-12-25T10:52:48.998+0000][23980][safepoint   ] Safepoint "Cleanup", Time since last: 1004481500 ns, Reaching safepoint: 123200 ns, At safepoint: 33400 ns, Total: 156600 ns
[2023-12-25T10:52:50.007+0000][23980][safepoint   ] Safepoint "Cleanup", Time since last: 1008975300 ns, Reaching safepoint: 117800 ns, At safepoint: 14800 ns, Total: 132600 ns
[2023-12-25T10:52:53.030+0000][23980][safepoint   ] Safepoint "Cleanup", Time since last: 3022754600 ns, Reaching safepoint: 105000 ns, At safepoint: 35200 ns, Total: 140200 ns
[2023-12-25T10:52:56.046+0000][23980][safepoint   ] Safepoint "Cleanup", Time since last: 3016128400 ns, Reaching safepoint: 117100 ns, At safepoint: 13100 ns, Total: 130200 ns
[2023-12-25T10:52:58.051+0000][23980][safepoint   ] Safepoint "Cleanup", Time since last: 2004743200 ns, Reaching safepoint: 85000 ns, At safepoint: 20800 ns, Total: 105800 ns
[2023-12-25T10:53:01.078+0000][23980][safepoint   ] Safepoint "Cleanup", Time since last: 3026534100 ns, Reaching safepoint: 89700 ns, At safepoint: 8200 ns, Total: 97900 ns
[2023-12-25T10:53:02.088+0000][23980][safepoint   ] Safepoint "Cleanup", Time since last: 1010350000 ns, Reaching safepoint: 156300 ns, At safepoint: 16800 ns, Total: 173100 ns
[2023-12-25T10:53:07.139+0000][23980][safepoint   ] Safepoint "Cleanup", Time since last: 5050907300 ns, Reaching safepoint: 130700 ns, At safepoint: 21600 ns, Total: 152300 ns
[2023-12-25T10:53:08.150+0000][23980][safepoint   ] Safepoint "Cleanup", Time since last: 1010474200 ns, Reaching safepoint: 158800 ns, At safepoint: 23400 ns, Total: 182200 ns
[2023-12-25T10:53:11.181+0000][23980][safepoint   ] Safepoint "Cleanup", Time since last: 3031215900 ns, Reaching safepoint: 99700 ns, At safepoint: 45400 ns, Total: 145100 ns
[2023-12-25T10:53:14.204+0000][23980][safepoint   ] Safepoint "Cleanup", Time since last: 3022313900 ns, Reaching safepoint: 124300 ns, At safepoint: 34600 ns, Total: 158900 ns
[2023-12-25T10:53:16.216+0000][23980][safepoint   ] Safepoint "Cleanup", Time since last: 2012494500 ns, Reaching safepoint: 71700 ns, At safepoint: 25500 ns, Total: 97200 ns
[2023-12-25T10:53:19.226+0000][23980][safepoint   ] Safepoint "Cleanup", Time since last: 3009257400 ns, Reaching safepoint: 112300 ns, At safepoint: 60400 ns, Total: 172700 ns
[2023-12-25T10:53:25.292+0000][23980][safepoint   ] Safepoint "Cleanup", Time since last: 6065791700 ns, Reaching safepoint: 85600 ns, At safepoint: 26400 ns, Total: 112000 ns
[2023-12-25T10:53:26.299+0000][23980][safepoint   ] Safepoint "Cleanup", Time since last: 1007188900 ns, Reaching safepoint: 83900 ns, At safepoint: 38600 ns, Total: 122500 ns
[2023-12-25T10:53:37.405+0000][23980][safepoint   ] Safepoint "Cleanup", Time since last: 11106378200 ns, Reaching safepoint: 155100 ns, At safepoint: 54100 ns, Total: 209200 ns
[2023-12-25T10:53:38.409+0000][23980][safepoint   ] Safepoint "Cleanup", Time since last: 1003548200 ns, Reaching safepoint: 78500 ns, At safepoint: 21000 ns, Total: 99500 ns
[2023-12-25T10:53:41.449+0000][23980][safepoint   ] Safepoint "Cleanup", Time since last: 3039988700 ns, Reaching safepoint: 124100 ns, At safepoint: 16300 ns, Total: 140400 ns
[2023-12-25T10:53:43.469+0000][23980][safepoint   ] Safepoint "Cleanup", Time since last: 2019136400 ns, Reaching safepoint: 150200 ns, At safepoint: 38700 ns, Total: 188900 ns
[2023-12-25T10:54:02.608+0000][23980][safepoint   ] Safepoint "Cleanup", Time since last: 19138822900 ns, Reaching safepoint: 93500 ns, At safepoint: 31200 ns, Total: 124700 ns
[2023-12-25T10:54:03.616+0000][23980][safepoint   ] Safepoint "Cleanup", Time since last: 1008179400 ns, Reaching safepoint: 109600 ns, At safepoint: 47600 ns, Total: 157200 ns
[2023-12-25T10:54:13.698+0000][23980][safepoint   ] Safepoint "Cleanup", Time since last: 10081573100 ns, Reaching safepoint: 85700 ns, At safepoint: 25300 ns, Total: 111000 ns
[2023-12-25T10:54:22.753+0000][23980][safepoint   ] Safepoint "Cleanup", Time since last: 9054695900 ns, Reaching safepoint: 94800 ns, At safepoint: 29800 ns, Total: 124600 ns
[2023-12-25T10:54:23.765+0000][23980][safepoint   ] Safepoint "Cleanup", Time since last: 1012406600 ns, Reaching safepoint: 88500 ns, At safepoint: 19400 ns, Total: 107900 ns
[2023-12-25T10:54:24.966+0000][23980][safepoint   ] Safepoint "Cleanup", Time since last: 1201079700 ns, Reaching safepoint: 113200 ns, At safepoint: 9000 ns, Total: 122200 ns
[2023-12-25T10:54:25.205+0000][23980][gc,start    ] GC(14) Pause Young (Normal) (G1 Evacuation Pause)
[2023-12-25T10:54:25.205+0000][23980][gc,task     ] GC(14) Using 8 workers of 8 for evacuation
[2023-12-25T10:54:25.205+0000][23980][gc,age      ] GC(14) Desired survivor size 159383552 bytes, new threshold 15 (max threshold 15)
[2023-12-25T10:54:25.237+0000][23980][gc,phases   ] GC(14)   Pre Evacuate Collection Set: 0.2ms
[2023-12-25T10:54:25.237+0000][23980][gc,phases   ] GC(14)   Merge Heap Roots: 0.2ms
[2023-12-25T10:54:25.237+0000][23980][gc,phases   ] GC(14)   Evacuate Collection Set: 26.2ms
[2023-12-25T10:54:25.237+0000][23980][gc,phases   ] GC(14)   Post Evacuate Collection Set: 3.0ms
[2023-12-25T10:54:25.237+0000][23980][gc,phases   ] GC(14)   Other: 0.4ms
[2023-12-25T10:54:25.237+0000][23980][gc,age      ] GC(14) Age table with threshold 15 (max threshold 15)
[2023-12-25T10:54:25.237+0000][23980][gc,age      ] GC(14) - age   1:    2840608 bytes,    2840608 total
[2023-12-25T10:54:25.237+0000][23980][gc,age      ] GC(14) - age   2:     302944 bytes,    3143552 total
[2023-12-25T10:54:25.237+0000][23980][gc,age      ] GC(14) - age   3:    5314800 bytes,    8458352 total
[2023-12-25T10:54:25.237+0000][23980][gc,age      ] GC(14) - age   4:   31927784 bytes,   40386136 total
[2023-12-25T10:54:25.237+0000][23980][gc,heap     ] GC(14) Eden regions: 595->0(595)
[2023-12-25T10:54:25.237+0000][23980][gc,heap     ] GC(14) Survivor regions: 11->11(76)
[2023-12-25T10:54:25.237+0000][23980][gc,heap     ] GC(14) Old regions: 17->17
[2023-12-25T10:54:25.237+0000][23980][gc,heap     ] GC(14) Archive regions: 0->0
[2023-12-25T10:54:25.237+0000][23980][gc,heap     ] GC(14) Humongous regions: 2->2
[2023-12-25T10:54:25.237+0000][23980][gc,metaspace] GC(14) Metaspace: 127367K(130944K)->127367K(130944K) NonClass: 110494K(112320K)->110494K(112320K) Class: 16873K(18624K)->16873K(18624K)
[2023-12-25T10:54:25.237+0000][23980][gc          ] GC(14) Pause Young (Normal) (G1 Evacuation Pause) 2495M->115M(4040M) 30.804ms
[2023-12-25T10:54:25.237+0000][23980][gc,cpu      ] GC(14) User=0.20s Sys=0.03s Real=0.03s
[2023-12-25T10:54:25.237+0000][23980][safepoint   ] Safepoint "G1CollectForAllocation", Time since last: 243346000 ns, Reaching safepoint: 105300 ns, At safepoint: 30928000 ns, Total: 31033300 ns
[2023-12-25T10:54:37.317+0000][23980][safepoint   ] Safepoint "Cleanup", Time since last: 12076251300 ns, Reaching safepoint: 71900 ns, At safepoint: 10900 ns, Total: 82800 ns
[2023-12-25T10:54:38.327+0000][23980][safepoint   ] Safepoint "Cleanup", Time since last: 1009866100 ns, Reaching safepoint: 230400 ns, At safepoint: 45400 ns, Total: 275800 ns
[2023-12-25T10:54:41.341+0000][23980][safepoint   ] Safepoint "Cleanup", Time since last: 3013333400 ns, Reaching safepoint: 133000 ns, At safepoint: 15400 ns, Total: 148400 ns
[2023-12-25T10:54:44.353+0000][23980][safepoint   ] Safepoint "Cleanup", Time since last: 3012750800 ns, Reaching safepoint: 70200 ns, At safepoint: 10200 ns, Total: 80400 ns
[2023-12-25T10:54:49.372+0000][23980][safepoint   ] Safepoint "Cleanup", Time since last: 5018519500 ns, Reaching safepoint: 114700 ns, At safepoint: 13300 ns, Total: 128000 ns
[2023-12-25T10:55:01.436+0000][23980][safepoint   ] Safepoint "Cleanup", Time since last: 12063747900 ns, Reaching safepoint: 91000 ns, At safepoint: 11200 ns, Total: 102200 ns
[2023-12-25T10:55:13.510+0000][23980][safepoint   ] Safepoint "Cleanup", Time since last: 12073646000 ns, Reaching safepoint: 67600 ns, At safepoint: 27700 ns, Total: 95300 ns
[2023-12-25T10:55:14.518+0000][23980][safepoint   ] Safepoint "Cleanup", Time since last: 1008332800 ns, Reaching safepoint: 116800 ns, At safepoint: 20700 ns, Total: 137500 ns
[2023-12-25T10:55:15.526+0000][23980][safepoint   ] Safepoint "Cleanup", Time since last: 1007382300 ns, Reaching safepoint: 95900 ns, At safepoint: 12000 ns, Total: 107900 ns
[2023-12-25T10:55:19.561+0000][23980][safepoint   ] Safepoint "Cleanup", Time since last: 4034668100 ns, Reaching safepoint: 126600 ns, At safepoint: 17900 ns, Total: 144500 ns
[2023-12-25T10:55:24.593+0000][23980][safepoint   ] Safepoint "Cleanup", Time since last: 5032723000 ns, Reaching safepoint: 78900 ns, At safepoint: 11900 ns, Total: 90800 ns
[2023-12-25T10:55:25.607+0000][23980][safepoint   ] Safepoint "Cleanup", Time since last: 1013467200 ns, Reaching safepoint: 131400 ns, At safepoint: 51300 ns, Total: 182700 ns
[2023-12-25T10:55:37.712+0000][23980][safepoint   ] Safepoint "Cleanup", Time since last: 12105132000 ns, Reaching safepoint: 107500 ns, At safepoint: 17200 ns, Total: 124700 ns
[2023-12-25T10:55:40.722+0000][23980][safepoint   ] Safepoint "Cleanup", Time since last: 3010004900 ns, Reaching safepoint: 99100 ns, At safepoint: 17100 ns, Total: 116200 ns
[2023-12-25T10:55:41.724+0000][23980][safepoint   ] Safepoint "Cleanup", Time since last: 1001435600 ns, Reaching safepoint: 134200 ns, At safepoint: 27500 ns, Total: 161700 ns
[2023-12-25T10:55:43.737+0000][23980][safepoint   ] Safepoint "Cleanup", Time since last: 2013277100 ns, Reaching safepoint: 141800 ns, At safepoint: 9800 ns, Total: 151600 ns
[2023-12-25T10:56:01.873+0000][23980][safepoint   ] Safepoint "Cleanup", Time since last: 18135197600 ns, Reaching safepoint: 77900 ns, At safepoint: 13000 ns, Total: 90900 ns
[2023-12-25T10:56:13.980+0000][23980][safepoint   ] Safepoint "Cleanup", Time since last: 12106798800 ns, Reaching safepoint: 117500 ns, At safepoint: 17800 ns, Total: 135300 ns
[2023-12-25T10:56:23.058+0000][23980][safepoint   ] Safepoint "Cleanup", Time since last: 9078574700 ns, Reaching safepoint: 151900 ns, At safepoint: 50400 ns, Total: 202300 ns
[2023-12-25T10:56:26.089+0000][23980][safepoint   ] Safepoint "Cleanup", Time since last: 3030270100 ns, Reaching safepoint: 89000 ns, At safepoint: 25100 ns, Total: 114100 ns
[2023-12-25T10:56:41.212+0000][23980][safepoint   ] Safepoint "Cleanup", Time since last: 15122888200 ns, Reaching safepoint: 155700 ns, At safepoint: 28600 ns, Total: 184300 ns
[2023-12-25T10:56:57.307+0000][23980][safepoint   ] Safepoint "Cleanup", Time since last: 16094914800 ns, Reaching safepoint: 84000 ns, At safepoint: 19800 ns, Total: 103800 ns
[2023-12-25T10:57:08.373+0000][23980][safepoint   ] Safepoint "Cleanup", Time since last: 11066292400 ns, Reaching safepoint: 117800 ns, At safepoint: 21800 ns, Total: 139600 ns
[2023-12-25T10:57:11.391+0000][23980][safepoint   ] Safepoint "Cleanup", Time since last: 3017875600 ns, Reaching safepoint: 90200 ns, At safepoint: 37500 ns, Total: 127700 ns
[2023-12-25T10:57:14.413+0000][23980][safepoint   ] Safepoint "Cleanup", Time since last: 3021716700 ns, Reaching safepoint: 96800 ns, At safepoint: 20300 ns, Total: 117100 ns
[2023-12-25T10:57:16.426+0000][23980][safepoint   ] Safepoint "Cleanup", Time since last: 2013047400 ns, Reaching safepoint: 686600 ns, At safepoint: 28800 ns, Total: 715400 ns
[2023-12-25T10:57:20.468+0000][23980][safepoint   ] Safepoint "Cleanup", Time since last: 4040892200 ns, Reaching safepoint: 97100 ns, At safepoint: 24200 ns, Total: 121300 ns
[2023-12-25T10:57:32.541+0000][23980][safepoint   ] Safepoint "Cleanup", Time since last: 12072514700 ns, Reaching safepoint: 76700 ns, At safepoint: 11100 ns, Total: 87800 ns
[2023-12-25T10:57:41.607+0000][23980][safepoint   ] Safepoint "Cleanup", Time since last: 9066766000 ns, Reaching safepoint: 147800 ns, At safepoint: 14100 ns, Total: 161900 ns
[2023-12-25T10:57:47.657+0000][23980][safepoint   ] Safepoint "Cleanup", Time since last: 6049674600 ns, Reaching safepoint: 116600 ns, At safepoint: 13900 ns, Total: 130500 ns
[2023-12-25T10:57:51.693+0000][23980][safepoint   ] Safepoint "Cleanup", Time since last: 4035614800 ns, Reaching safepoint: 93100 ns, At safepoint: 18200 ns, Total: 111300 ns
[2023-12-25T10:57:53.703+0000][23980][safepoint   ] Safepoint "Cleanup", Time since last: 2009716500 ns, Reaching safepoint: 110000 ns, At safepoint: 11600 ns, Total: 121600 ns
[2023-12-25T10:58:13.867+0000][23980][safepoint   ] Safepoint "Cleanup", Time since last: 20164306900 ns, Reaching safepoint: 69400 ns, At safepoint: 10400 ns, Total: 79800 ns
[2023-12-25T10:58:19.889+0000][23980][safepoint   ] Safepoint "Cleanup", Time since last: 6021366300 ns, Reaching safepoint: 111200 ns, At safepoint: 15700 ns, Total: 126900 ns
[2023-12-25T10:58:28.936+0000][23980][safepoint   ] Safepoint "Cleanup", Time since last: 9047769100 ns, Reaching safepoint: 97500 ns, At safepoint: 11600 ns, Total: 109100 ns
[2023-12-25T10:58:34.959+0000][23980][safepoint   ] Safepoint "Cleanup", Time since last: 6022019600 ns, Reaching safepoint: 131400 ns, At safepoint: 10100 ns, Total: 141500 ns
[2023-12-25T10:58:40.981+0000][23980][safepoint   ] Safepoint "Cleanup", Time since last: 6022114800 ns, Reaching safepoint: 153200 ns, At safepoint: 10500 ns, Total: 163700 ns
[2023-12-25T10:58:43.987+0000][23980][safepoint   ] Safepoint "Cleanup", Time since last: 3005789000 ns, Reaching safepoint: 101200 ns, At safepoint: 15700 ns, Total: 116900 ns
[2023-12-25T10:58:50.029+0000][23980][safepoint   ] Safepoint "Cleanup", Time since last: 6041782800 ns, Reaching safepoint: 98900 ns, At safepoint: 26200 ns, Total: 125100 ns
[2023-12-25T10:58:56.076+0000][23980][safepoint   ] Safepoint "Cleanup", Time since last: 6047625200 ns, Reaching safepoint: 131700 ns, At safepoint: 21800 ns, Total: 153500 ns
[2023-12-25T10:58:57.084+0000][23980][safepoint   ] Safepoint "Cleanup", Time since last: 1007614600 ns, Reaching safepoint: 103400 ns, At safepoint: 57300 ns, Total: 160700 ns
[2023-12-25T10:59:08.156+0000][23980][safepoint   ] Safepoint "Cleanup", Time since last: 11071253000 ns, Reaching safepoint: 68200 ns, At safepoint: 17400 ns, Total: 85600 ns
[2023-12-25T10:59:23.276+0000][23980][safepoint   ] Safepoint "Cleanup", Time since last: 15120151400 ns, Reaching safepoint: 72800 ns, At safepoint: 36800 ns, Total: 109600 ns
[2023-12-25T10:59:35.362+0000][23980][safepoint   ] Safepoint "Cleanup", Time since last: 12085669000 ns, Reaching safepoint: 124000 ns, At safepoint: 72400 ns, Total: 196400 ns
[2023-12-25T10:59:41.410+0000][23980][safepoint   ] Safepoint "Cleanup", Time since last: 6047763700 ns, Reaching safepoint: 91900 ns, At safepoint: 36100 ns, Total: 128000 ns
[2023-12-25T10:59:45.442+0000][23980][safepoint   ] Safepoint "Cleanup", Time since last: 4031782200 ns, Reaching safepoint: 136800 ns, At safepoint: 38700 ns, Total: 175500 ns
[2023-12-25T11:00:02.571+0000][23980][safepoint   ] Safepoint "Cleanup", Time since last: 17129168000 ns, Reaching safepoint: 82100 ns, At safepoint: 24200 ns, Total: 106300 ns
[2023-12-25T11:00:07.602+0000][23980][safepoint   ] Safepoint "Cleanup", Time since last: 5030696000 ns, Reaching safepoint: 87000 ns, At safepoint: 26300 ns, Total: 113300 ns
[2023-12-25T11:00:08.617+0000][23980][safepoint   ] Safepoint "Cleanup", Time since last: 1014805300 ns, Reaching safepoint: 133800 ns, At safepoint: 58200 ns, Total: 192000 ns
[2023-12-25T11:00:10.638+0000][23980][safepoint   ] Safepoint "Cleanup", Time since last: 2020645600 ns, Reaching safepoint: 134000 ns, At safepoint: 42400 ns, Total: 176400 ns
[2023-12-25T11:00:13.670+0000][23980][safepoint   ] Safepoint "Cleanup", Time since last: 3031894200 ns, Reaching safepoint: 99600 ns, At safepoint: 23000 ns, Total: 122600 ns
[2023-12-25T11:00:14.676+0000][23980][safepoint   ] Safepoint "Cleanup", Time since last: 1005983000 ns, Reaching safepoint: 100900 ns, At safepoint: 19900 ns, Total: 120800 ns
[2023-12-25T11:00:22.741+0000][23980][safepoint   ] Safepoint "Cleanup", Time since last: 8065317900 ns, Reaching safepoint: 96800 ns, At safepoint: 81400 ns, Total: 178200 ns
[2023-12-25T11:00:27.767+0000][23980][safepoint   ] Safepoint "Cleanup", Time since last: 5026018800 ns, Reaching safepoint: 153800 ns, At safepoint: 35500 ns, Total: 189300 ns
[2023-12-25T11:00:33.806+0000][23980][safepoint   ] Safepoint "Cleanup", Time since last: 6038643400 ns, Reaching safepoint: 139600 ns, At safepoint: 44600 ns, Total: 184200 ns
[2023-12-25T11:00:34.811+0000][23980][safepoint   ] Safepoint "Cleanup", Time since last: 1004713400 ns, Reaching safepoint: 162200 ns, At safepoint: 38500 ns, Total: 200700 ns
[2023-12-25T11:00:38.846+0000][23980][safepoint   ] Safepoint "Cleanup", Time since last: 4035360700 ns, Reaching safepoint: 161000 ns, At safepoint: 36000 ns, Total: 197000 ns
[2023-12-25T11:00:39.848+0000][23980][safepoint   ] Safepoint "Cleanup", Time since last: 1001553200 ns, Reaching safepoint: 134600 ns, At safepoint: 37100 ns, Total: 171700 ns
[2023-12-25T11:00:40.862+0000][23980][safepoint   ] Safepoint "Cleanup", Time since last: 1013415100 ns, Reaching safepoint: 108000 ns, At safepoint: 35700 ns, Total: 143700 ns
[2023-12-25T11:00:41.864+0000][23980][safepoint   ] Safepoint "Cleanup", Time since last: 1001646900 ns, Reaching safepoint: 105700 ns, At safepoint: 39000 ns, Total: 144700 ns
[2023-12-25T11:00:43.878+0000][23980][safepoint   ] Safepoint "Cleanup", Time since last: 2013545700 ns, Reaching safepoint: 196300 ns, At safepoint: 16500 ns, Total: 212800 ns
[2023-12-25T11:00:44.891+0000][23980][safepoint   ] Safepoint "Cleanup", Time since last: 1012772700 ns, Reaching safepoint: 164700 ns, At safepoint: 97100 ns, Total: 261800 ns
[2023-12-25T11:00:45.900+0000][23980][safepoint   ] Safepoint "Cleanup", Time since last: 1009246400 ns, Reaching safepoint: 187900 ns, At safepoint: 65200 ns, Total: 253100 ns
[2023-12-25T11:00:50.927+0000][23980][safepoint   ] Safepoint "Cleanup", Time since last: 5027400700 ns, Reaching safepoint: 134800 ns, At safepoint: 29800 ns, Total: 164600 ns
[2023-12-25T11:00:55.958+0000][23980][safepoint   ] Safepoint "Cleanup", Time since last: 5030052800 ns, Reaching safepoint: 116500 ns, At safepoint: 36400 ns, Total: 152900 ns
[2023-12-25T11:00:57.984+0000][23980][safepoint   ] Safepoint "Cleanup", Time since last: 2026257300 ns, Reaching safepoint: 80300 ns, At safepoint: 23800 ns, Total: 104100 ns
[2023-12-25T11:00:58.995+0000][23980][safepoint   ] Safepoint "Cleanup", Time since last: 1010248100 ns, Reaching safepoint: 164000 ns, At safepoint: 39900 ns, Total: 203900 ns
[2023-12-25T11:01:00.007+0000][23980][safepoint   ] Safepoint "Cleanup", Time since last: 1012341900 ns, Reaching safepoint: 175800 ns, At safepoint: 50900 ns, Total: 226700 ns
[2023-12-25T11:01:11.106+0000][23980][safepoint   ] Safepoint "Cleanup", Time since last: 11099293900 ns, Reaching safepoint: 158700 ns, At safepoint: 25000 ns, Total: 183700 ns
[2023-12-25T11:01:14.109+0000][23980][safepoint   ] Safepoint "Cleanup", Time since last: 3002360000 ns, Reaching safepoint: 128400 ns, At safepoint: 17500 ns, Total: 145900 ns
[2023-12-25T11:01:15.119+0000][23980][safepoint   ] Safepoint "Cleanup", Time since last: 1009511100 ns, Reaching safepoint: 212700 ns, At safepoint: 50100 ns, Total: 262800 ns
[2023-12-25T11:01:21.161+0000][23980][safepoint   ] Safepoint "Cleanup", Time since last: 6041808200 ns, Reaching safepoint: 153500 ns, At safepoint: 21200 ns, Total: 174700 ns
[2023-12-25T11:01:23.189+0000][23980][safepoint   ] Safepoint "Cleanup", Time since last: 2027699900 ns, Reaching safepoint: 131100 ns, At safepoint: 13300 ns, Total: 144400 ns
[2023-12-25T11:01:41.343+0000][23980][safepoint   ] Safepoint "Cleanup", Time since last: 18153708200 ns, Reaching safepoint: 116100 ns, At safepoint: 84400 ns, Total: 200500 ns
[2023-12-25T11:01:42.348+0000][23980][safepoint   ] Safepoint "Cleanup", Time since last: 1004710400 ns, Reaching safepoint: 103300 ns, At safepoint: 23800 ns, Total: 127100 ns
[2023-12-25T11:01:44.357+0000][23980][safepoint   ] Safepoint "Cleanup", Time since last: 2009490600 ns, Reaching safepoint: 127200 ns, At safepoint: 31800 ns, Total: 159000 ns
[2023-12-25T11:01:45.358+0000][23980][safepoint   ] Safepoint "Cleanup", Time since last: 1000586400 ns, Reaching safepoint: 123100 ns, At safepoint: 28300 ns, Total: 151400 ns
[2023-12-25T11:01:50.397+0000][23980][safepoint   ] Safepoint "Cleanup", Time since last: 5038638000 ns, Reaching safepoint: 71900 ns, At safepoint: 19400 ns, Total: 91300 ns
[2023-12-25T11:01:53.416+0000][23980][safepoint   ] Safepoint "Cleanup", Time since last: 3019773200 ns, Reaching safepoint: 134800 ns, At safepoint: 42600 ns, Total: 177400 ns
[2023-12-25T11:01:58.442+0000][23980][safepoint   ] Safepoint "Cleanup", Time since last: 5024182000 ns, Reaching safepoint: 696600 ns, At safepoint: 35000 ns, Total: 731600 ns
[2023-12-25T11:02:14.573+0000][23980][safepoint   ] Safepoint "Cleanup", Time since last: 16131290200 ns, Reaching safepoint: 102700 ns, At safepoint: 43700 ns, Total: 146400 ns
[2023-12-25T11:02:16.587+0000][23980][safepoint   ] Safepoint "Cleanup", Time since last: 2013576000 ns, Reaching safepoint: 102100 ns, At safepoint: 67100 ns, Total: 169200 ns
[2023-12-25T11:02:20.619+0000][23980][safepoint   ] Safepoint "Cleanup", Time since last: 4031603500 ns, Reaching safepoint: 134100 ns, At safepoint: 29200 ns, Total: 163300 ns
[2023-12-25T11:02:21.626+0000][23980][safepoint   ] Safepoint "Cleanup", Time since last: 1007125100 ns, Reaching safepoint: 177700 ns, At safepoint: 57100 ns, Total: 234800 ns
[2023-12-25T11:02:22.635+0000][23980][safepoint   ] Safepoint "Cleanup", Time since last: 1008498300 ns, Reaching safepoint: 118900 ns, At safepoint: 20500 ns, Total: 139400 ns
[2023-12-25T11:02:27.663+0000][23980][safepoint   ] Safepoint "Cleanup", Time since last: 5028560000 ns, Reaching safepoint: 107900 ns, At safepoint: 23800 ns, Total: 131700 ns
[2023-12-25T11:02:29.677+0000][23980][safepoint   ] Safepoint "Cleanup", Time since last: 2014332700 ns, Reaching safepoint: 123200 ns, At safepoint: 30800 ns, Total: 154000 ns
[2023-12-25T11:02:39.739+0000][23980][safepoint   ] Safepoint "Cleanup", Time since last: 10060700800 ns, Reaching safepoint: 222800 ns, At safepoint: 33400 ns, Total: 256200 ns
[2023-12-25T11:02:40.739+0000][23980][safepoint   ] Safepoint "Cleanup", Time since last: 1000159200 ns, Reaching safepoint: 89900 ns, At safepoint: 35700 ns, Total: 125600 ns
[2023-12-25T11:02:41.748+0000][23980][safepoint   ] Safepoint "Cleanup", Time since last: 1008753200 ns, Reaching safepoint: 82000 ns, At safepoint: 29100 ns, Total: 111100 ns
[2023-12-25T11:02:50.825+0000][23980][safepoint   ] Safepoint "Cleanup", Time since last: 9077346700 ns, Reaching safepoint: 119900 ns, At safepoint: 36800 ns, Total: 156700 ns
[2023-12-25T11:02:51.834+0000][23980][safepoint   ] Safepoint "Cleanup", Time since last: 1008632900 ns, Reaching safepoint: 154400 ns, At safepoint: 36200 ns, Total: 190600 ns
[2023-12-25T11:02:52.837+0000][23980][safepoint   ] Safepoint "Cleanup", Time since last: 1003289200 ns, Reaching safepoint: 149300 ns, At safepoint: 24400 ns, Total: 173700 ns
[2023-12-25T11:02:55.873+0000][23980][safepoint   ] Safepoint "Cleanup", Time since last: 3035320300 ns, Reaching safepoint: 108600 ns, At safepoint: 65000 ns, Total: 173600 ns
[2023-12-25T11:03:01.921+0000][23980][safepoint   ] Safepoint "Cleanup", Time since last: 6047381400 ns, Reaching safepoint: 117300 ns, At safepoint: 73600 ns, Total: 190900 ns
[2023-12-25T11:03:07.031+0000][23980][safepoint   ] Safepoint "Cleanup", Time since last: 5109746500 ns, Reaching safepoint: 182400 ns, At safepoint: 20400 ns, Total: 202800 ns
[2023-12-25T11:03:10.650+0000][23980][safepoint   ] Safepoint "Cleanup", Time since last: 3619582600 ns, Reaching safepoint: 79500 ns, At safepoint: 9100 ns, Total: 88600 ns
[2023-12-25T11:03:11.655+0000][23980][safepoint   ] Safepoint "Cleanup", Time since last: 1004442300 ns, Reaching safepoint: 59900 ns, At safepoint: 6800 ns, Total: 66700 ns
[2023-12-25T11:03:14.666+0000][23980][safepoint   ] Safepoint "Cleanup", Time since last: 3011639900 ns, Reaching safepoint: 142900 ns, At safepoint: 13400 ns, Total: 156300 ns
[2023-12-25T11:03:15.668+0000][23980][safepoint   ] Safepoint "Cleanup", Time since last: 1001009300 ns, Reaching safepoint: 127800 ns, At safepoint: 14800 ns, Total: 142600 ns
[2023-12-25T11:03:21.727+0000][23980][safepoint   ] Safepoint "Cleanup", Time since last: 6058994100 ns, Reaching safepoint: 88800 ns, At safepoint: 18100 ns, Total: 106900 ns
[2023-12-25T11:03:31.814+0000][23980][safepoint   ] Safepoint "Cleanup", Time since last: 10087422600 ns, Reaching safepoint: 122100 ns, At safepoint: 16600 ns, Total: 138700 ns
[2023-12-25T11:03:37.267+0000][23980][safepoint   ] Safepoint "Cleanup", Time since last: 5452358200 ns, Reaching safepoint: 100400 ns, At safepoint: 73500 ns, Total: 173900 ns
[2023-12-25T11:03:40.290+0000][23980][safepoint   ] Safepoint "Cleanup", Time since last: 3022641800 ns, Reaching safepoint: 115000 ns, At safepoint: 12400 ns, Total: 127400 ns
[2023-12-25T11:03:41.291+0000][23980][safepoint   ] Safepoint "Cleanup", Time since last: 1001477200 ns, Reaching safepoint: 115400 ns, At safepoint: 20700 ns, Total: 136100 ns
[2023-12-25T11:03:42.305+0000][23980][safepoint   ] Safepoint "Cleanup", Time since last: 1013551000 ns, Reaching safepoint: 142100 ns, At safepoint: 12800 ns, Total: 154900 ns
[2023-12-25T11:03:45.311+0000][23980][safepoint   ] Safepoint "Cleanup", Time since last: 3005690900 ns, Reaching safepoint: 99800 ns, At safepoint: 19900 ns, Total: 119700 ns
[2023-12-25T11:03:47.323+0000][23980][safepoint   ] Safepoint "Cleanup", Time since last: 2012140900 ns, Reaching safepoint: 177300 ns, At safepoint: 19300 ns, Total: 196600 ns
[2023-12-25T11:03:48.325+0000][23980][safepoint   ] Safepoint "Cleanup", Time since last: 1001406800 ns, Reaching safepoint: 135800 ns, At safepoint: 63800 ns, Total: 199600 ns
[2023-12-25T11:03:50.350+0000][23980][safepoint   ] Safepoint "Cleanup", Time since last: 2024716100 ns, Reaching safepoint: 92900 ns, At safepoint: 56300 ns, Total: 149200 ns
[2023-12-25T11:03:56.395+0000][23980][safepoint   ] Safepoint "Cleanup", Time since last: 6044889300 ns, Reaching safepoint: 113100 ns, At safepoint: 8600 ns, Total: 121700 ns
[2023-12-25T11:04:03.456+0000][23980][safepoint   ] Safepoint "Cleanup", Time since last: 7061193200 ns, Reaching safepoint: 118000 ns, At safepoint: 9800 ns, Total: 127800 ns
[2023-12-25T11:04:08.487+0000][23980][safepoint   ] Safepoint "Cleanup", Time since last: 5030961900 ns, Reaching safepoint: 108200 ns, At safepoint: 26000 ns, Total: 134200 ns
[2023-12-25T11:04:09.488+0000][23980][safepoint   ] Safepoint "Cleanup", Time since last: 1000571900 ns, Reaching safepoint: 159300 ns, At safepoint: 12100 ns, Total: 171400 ns
[2023-12-25T11:04:11.503+0000][23980][safepoint   ] Safepoint "Cleanup", Time since last: 2015238400 ns, Reaching safepoint: 117700 ns, At safepoint: 31600 ns, Total: 149300 ns
[2023-12-25T11:04:12.514+0000][23980][safepoint   ] Safepoint "Cleanup", Time since last: 1010350500 ns, Reaching safepoint: 113400 ns, At safepoint: 17200 ns, Total: 130600 ns
[2023-12-25T11:04:23.623+0000][23980][safepoint   ] Safepoint "Cleanup", Time since last: 11109203600 ns, Reaching safepoint: 152700 ns, At safepoint: 16600 ns, Total: 169300 ns
[2023-12-25T11:04:26.641+0000][23980][safepoint   ] Safepoint "Cleanup", Time since last: 3017988600 ns, Reaching safepoint: 101200 ns, At safepoint: 9300 ns, Total: 110500 ns
[2023-12-25T11:04:28.648+0000][23980][safepoint   ] Safepoint "Cleanup", Time since last: 2006479100 ns, Reaching safepoint: 127200 ns, At safepoint: 17500 ns, Total: 144700 ns
[2023-12-25T11:04:31.680+0000][23980][safepoint   ] Safepoint "Cleanup", Time since last: 3032381900 ns, Reaching safepoint: 109700 ns, At safepoint: 24900 ns, Total: 134600 ns
[2023-12-25T11:04:32.691+0000][23980][safepoint   ] Safepoint "Cleanup", Time since last: 1010279800 ns, Reaching safepoint: 721600 ns, At safepoint: 15900 ns, Total: 737500 ns
[2023-12-25T11:04:44.794+0000][23980][safepoint   ] Safepoint "Cleanup", Time since last: 12102372300 ns, Reaching safepoint: 120700 ns, At safepoint: 11800 ns, Total: 132500 ns
[2023-12-25T11:04:50.844+0000][23980][safepoint   ] Safepoint "Cleanup", Time since last: 6050074100 ns, Reaching safepoint: 125500 ns, At safepoint: 19000 ns, Total: 144500 ns
[2023-12-25T11:04:55.889+0000][23980][safepoint   ] Safepoint "Cleanup", Time since last: 5045113700 ns, Reaching safepoint: 95000 ns, At safepoint: 16400 ns, Total: 111400 ns
[2023-12-25T11:04:59.922+0000][23980][safepoint   ] Safepoint "Cleanup", Time since last: 4032721900 ns, Reaching safepoint: 82900 ns, At safepoint: 18800 ns, Total: 101700 ns
[2023-12-25T11:05:02.951+0000][23980][safepoint   ] Safepoint "Cleanup", Time since last: 3029065500 ns, Reaching safepoint: 144600 ns, At safepoint: 24300 ns, Total: 168900 ns
[2023-12-25T11:05:07.995+0000][23980][safepoint   ] Safepoint "Cleanup", Time since last: 5043352100 ns, Reaching safepoint: 142700 ns, At safepoint: 28700 ns, Total: 171400 ns
[2023-12-25T11:05:11.020+0000][23980][safepoint   ] Safepoint "Cleanup", Time since last: 3025151100 ns, Reaching safepoint: 116400 ns, At safepoint: 20400 ns, Total: 136800 ns
[2023-12-25T11:05:12.024+0000][23980][safepoint   ] Safepoint "Cleanup", Time since last: 1003539600 ns, Reaching safepoint: 113200 ns, At safepoint: 30200 ns, Total: 143400 ns
[2023-12-25T11:05:16.057+0000][23980][safepoint   ] Safepoint "Cleanup", Time since last: 4033135500 ns, Reaching safepoint: 141000 ns, At safepoint: 16700 ns, Total: 157700 ns
[2023-12-25T11:05:18.069+0000][23980][safepoint   ] Safepoint "Cleanup", Time since last: 2011603100 ns, Reaching safepoint: 108600 ns, At safepoint: 12800 ns, Total: 121400 ns
[2023-12-25T11:05:32.210+0000][23980][safepoint   ] Safepoint "Cleanup", Time since last: 14141406800 ns, Reaching safepoint: 104200 ns, At safepoint: 30900 ns, Total: 135100 ns
[2023-12-25T11:05:33.219+0000][23980][safepoint   ] Safepoint "Cleanup", Time since last: 1008912300 ns, Reaching safepoint: 97300 ns, At safepoint: 18100 ns, Total: 115400 ns
[2023-12-25T11:05:39.261+0000][23980][safepoint   ] Safepoint "Cleanup", Time since last: 6041265300 ns, Reaching safepoint: 137100 ns, At safepoint: 44200 ns, Total: 181300 ns
[2023-12-25T11:05:41.280+0000][23980][safepoint   ] Safepoint "Cleanup", Time since last: 2019327900 ns, Reaching safepoint: 172600 ns, At safepoint: 48800 ns, Total: 221400 ns
[2023-12-25T11:05:54.381+0000][23980][safepoint   ] Safepoint "Cleanup", Time since last: 13100346100 ns, Reaching safepoint: 122600 ns, At safepoint: 30600 ns, Total: 153200 ns
[2023-12-25T11:06:03.463+0000][23980][safepoint   ] Safepoint "Cleanup", Time since last: 9081955300 ns, Reaching safepoint: 72500 ns, At safepoint: 14500 ns, Total: 87000 ns
[2023-12-25T11:06:14.533+0000][23980][safepoint   ] Safepoint "Cleanup", Time since last: 11070106600 ns, Reaching safepoint: 116000 ns, At safepoint: 20700 ns, Total: 136700 ns
[2023-12-25T11:06:15.538+0000][23980][safepoint   ] Safepoint "Cleanup", Time since last: 1005183000 ns, Reaching safepoint: 120100 ns, At safepoint: 15700 ns, Total: 135800 ns
[2023-12-25T11:06:33.678+0000][23980][safepoint   ] Safepoint "Cleanup", Time since last: 18139509900 ns, Reaching safepoint: 143200 ns, At safepoint: 20000 ns, Total: 163200 ns
[2023-12-25T11:06:40.740+0000][23980][safepoint   ] Safepoint "Cleanup", Time since last: 7061805000 ns, Reaching safepoint: 118600 ns, At safepoint: 46300 ns, Total: 164900 ns
[2023-12-25T11:06:45.772+0000][23980][safepoint   ] Safepoint "Cleanup", Time since last: 5031707900 ns, Reaching safepoint: 89800 ns, At safepoint: 19900 ns, Total: 109700 ns
[2023-12-25T11:07:27.071+0000][23980][safepoint   ] Safepoint "Cleanup", Time since last: 41299137500 ns, Reaching safepoint: 52700 ns, At safepoint: 11000 ns, Total: 63700 ns
[2023-12-25T11:07:28.078+0000][23980][safepoint   ] Safepoint "Cleanup", Time since last: 1006406800 ns, Reaching safepoint: 663400 ns, At safepoint: 11700 ns, Total: 675100 ns
[2023-12-25T11:07:34.119+0000][23980][safepoint   ] Safepoint "Cleanup", Time since last: 6041150100 ns, Reaching safepoint: 95200 ns, At safepoint: 20400 ns, Total: 115600 ns
[2023-12-25T11:07:41.154+0000][23980][safepoint   ] Safepoint "Cleanup", Time since last: 7034597400 ns, Reaching safepoint: 147300 ns, At safepoint: 18100 ns, Total: 165400 ns
[2023-12-25T11:07:44.006+0000][23980][gc,start    ] GC(15) Pause Young (Normal) (G1 Evacuation Pause)
[2023-12-25T11:07:44.006+0000][23980][gc,task     ] GC(15) Using 8 workers of 8 for evacuation
[2023-12-25T11:07:44.006+0000][23980][gc,age      ] GC(15) Desired survivor size 159383552 bytes, new threshold 15 (max threshold 15)
[2023-12-25T11:07:44.034+0000][23980][gc,phases   ] GC(15)   Pre Evacuate Collection Set: 0.2ms
[2023-12-25T11:07:44.034+0000][23980][gc,phases   ] GC(15)   Merge Heap Roots: 0.3ms
[2023-12-25T11:07:44.034+0000][23980][gc,phases   ] GC(15)   Evacuate Collection Set: 23.6ms
[2023-12-25T11:07:44.034+0000][23980][gc,phases   ] GC(15)   Post Evacuate Collection Set: 4.2ms
[2023-12-25T11:07:44.034+0000][23980][gc,phases   ] GC(15)   Other: 0.2ms
[2023-12-25T11:07:44.034+0000][23980][gc,age      ] GC(15) Age table with threshold 15 (max threshold 15)
[2023-12-25T11:07:44.034+0000][23980][gc,age      ] GC(15) - age   1:    1464536 bytes,    1464536 total
[2023-12-25T11:07:44.034+0000][23980][gc,age      ] GC(15) - age   2:    1860728 bytes,    3325264 total
[2023-12-25T11:07:44.034+0000][23980][gc,age      ] GC(15) - age   3:     288736 bytes,    3614000 total
[2023-12-25T11:07:44.034+0000][23980][gc,age      ] GC(15) - age   4:    5277480 bytes,    8891480 total
[2023-12-25T11:07:44.034+0000][23980][gc,age      ] GC(15) - age   5:   31569920 bytes,   40461400 total
[2023-12-25T11:07:44.034+0000][23980][gc,heap     ] GC(15) Eden regions: 595->0(595)
[2023-12-25T11:07:44.034+0000][23980][gc,heap     ] GC(15) Survivor regions: 11->11(76)
[2023-12-25T11:07:44.034+0000][23980][gc,heap     ] GC(15) Old regions: 17->17
[2023-12-25T11:07:44.034+0000][23980][gc,heap     ] GC(15) Archive regions: 0->0
[2023-12-25T11:07:44.034+0000][23980][gc,heap     ] GC(15) Humongous regions: 2->2
[2023-12-25T11:07:44.034+0000][23980][gc,metaspace] GC(15) Metaspace: 127583K(131136K)->127583K(131136K) NonClass: 110697K(112512K)->110697K(112512K) Class: 16885K(18624K)->16885K(18624K)
[2023-12-25T11:07:44.034+0000][23980][gc          ] GC(15) Pause Young (Normal) (G1 Evacuation Pause) 2495M->115M(4040M) 29.097ms
[2023-12-25T11:07:44.034+0000][23980][gc,cpu      ] GC(15) User=0.08s Sys=0.05s Real=0.03s
[2023-12-25T11:07:44.034+0000][23980][safepoint   ] Safepoint "G1CollectForAllocation", Time since last: 2855236000 ns, Reaching safepoint: 146900 ns, At safepoint: 29241000 ns, Total: 29387900 ns
[2023-12-25T11:07:46.047+0000][23980][safepoint   ] Safepoint "Cleanup", Time since last: 2008636900 ns, Reaching safepoint: 120800 ns, At safepoint: 14600 ns, Total: 135400 ns
[2023-12-25T11:07:52.086+0000][23980][safepoint   ] Safepoint "Cleanup", Time since last: 6038721500 ns, Reaching safepoint: 115800 ns, At safepoint: 11800 ns, Total: 127600 ns
[2023-12-25T11:07:57.122+0000][23980][safepoint   ] Safepoint "Cleanup", Time since last: 5034953000 ns, Reaching safepoint: 83800 ns, At safepoint: 10200 ns, Total: 94000 ns
[2023-12-25T11:07:58.125+0000][23980][safepoint   ] Safepoint "Cleanup", Time since last: 1003113000 ns, Reaching safepoint: 71000 ns, At safepoint: 10000 ns, Total: 81000 ns
[2023-12-25T11:08:00.136+0000][23980][safepoint   ] Safepoint "Cleanup", Time since last: 2011444200 ns, Reaching safepoint: 133500 ns, At safepoint: 11200 ns, Total: 144700 ns
[2023-12-25T11:08:01.147+0000][23980][safepoint   ] Safepoint "Cleanup", Time since last: 1010265300 ns, Reaching safepoint: 122800 ns, At safepoint: 19300 ns, Total: 142100 ns
[2023-12-25T11:08:04.168+0000][23980][safepoint   ] Safepoint "Cleanup", Time since last: 3021184200 ns, Reaching safepoint: 100700 ns, At safepoint: 12700 ns, Total: 113400 ns
[2023-12-25T11:08:15.252+0000][23980][safepoint   ] Safepoint "Cleanup", Time since last: 11083352100 ns, Reaching safepoint: 69800 ns, At safepoint: 15700 ns, Total: 85500 ns
[2023-12-25T11:08:40.448+0000][23980][safepoint   ] Safepoint "Cleanup", Time since last: 25196183100 ns, Reaching safepoint: 180800 ns, At safepoint: 14600 ns, Total: 195400 ns
[2023-12-25T11:08:41.458+0000][23980][safepoint   ] Safepoint "Cleanup", Time since last: 1009911200 ns, Reaching safepoint: 95800 ns, At safepoint: 15400 ns, Total: 111200 ns
[2023-12-25T11:08:48.513+0000][23980][safepoint   ] Safepoint "Cleanup", Time since last: 7054831100 ns, Reaching safepoint: 116200 ns, At safepoint: 17200 ns, Total: 133400 ns
[2023-12-25T11:08:51.537+0000][23980][safepoint   ] Safepoint "Cleanup", Time since last: 3023834800 ns, Reaching safepoint: 135100 ns, At safepoint: 15200 ns, Total: 150300 ns
[2023-12-25T11:09:00.596+0000][23980][safepoint   ] Safepoint "Cleanup", Time since last: 9058745300 ns, Reaching safepoint: 118700 ns, At safepoint: 16500 ns, Total: 135200 ns
[2023-12-25T11:09:06.646+0000][23980][safepoint   ] Safepoint "Cleanup", Time since last: 6049837200 ns, Reaching safepoint: 152600 ns, At safepoint: 12900 ns, Total: 165500 ns
[2023-12-25T11:09:09.670+0000][23980][safepoint   ] Safepoint "Cleanup", Time since last: 3024124800 ns, Reaching safepoint: 82100 ns, At safepoint: 11900 ns, Total: 94000 ns
[2023-12-25T11:09:22.764+0000][23980][safepoint   ] Safepoint "Cleanup", Time since last: 13093646500 ns, Reaching safepoint: 644200 ns, At safepoint: 12100 ns, Total: 656300 ns
[2023-12-25T11:09:32.840+0000][23980][safepoint   ] Safepoint "Cleanup", Time since last: 10075922400 ns, Reaching safepoint: 127300 ns, At safepoint: 25000 ns, Total: 152300 ns
[2023-12-25T11:09:40.896+0000][23980][safepoint   ] Safepoint "Cleanup", Time since last: 8055042500 ns, Reaching safepoint: 110900 ns, At safepoint: 12600 ns, Total: 123500 ns
[2023-12-25T11:09:51.973+0000][23980][safepoint   ] Safepoint "Cleanup", Time since last: 11077060800 ns, Reaching safepoint: 155700 ns, At safepoint: 21100 ns, Total: 176800 ns
[2023-12-25T11:10:07.110+0000][23980][safepoint   ] Safepoint "Cleanup", Time since last: 15137628800 ns, Reaching safepoint: 72500 ns, At safepoint: 15000 ns, Total: 87500 ns
[2023-12-25T11:10:08.112+0000][23980][safepoint   ] Safepoint "Cleanup", Time since last: 1001338900 ns, Reaching safepoint: 129200 ns, At safepoint: 22400 ns, Total: 151600 ns
[2023-12-25T11:10:10.131+0000][23980][safepoint   ] Safepoint "Cleanup", Time since last: 2019364200 ns, Reaching safepoint: 101200 ns, At safepoint: 14500 ns, Total: 115700 ns
[2023-12-25T11:10:11.139+0000][23980][safepoint   ] Safepoint "Cleanup", Time since last: 1007255100 ns, Reaching safepoint: 104700 ns, At safepoint: 23100 ns, Total: 127800 ns
[2023-12-25T11:10:16.178+0000][23980][safepoint   ] Safepoint "Cleanup", Time since last: 5038744300 ns, Reaching safepoint: 73800 ns, At safepoint: 14600 ns, Total: 88400 ns
[2023-12-25T11:10:24.254+0000][23980][safepoint   ] Safepoint "Cleanup", Time since last: 8076164200 ns, Reaching safepoint: 130700 ns, At safepoint: 14600 ns, Total: 145300 ns
[2023-12-25T11:10:30.305+0000][23980][safepoint   ] Safepoint "Cleanup", Time since last: 6051296500 ns, Reaching safepoint: 129300 ns, At safepoint: 14200 ns, Total: 143500 ns
[2023-12-25T11:10:41.380+0000][23980][safepoint   ] Safepoint "Cleanup", Time since last: 11074409200 ns, Reaching safepoint: 119700 ns, At safepoint: 11000 ns, Total: 130700 ns
[2023-12-25T11:11:04.600+0000][23980][safepoint   ] Safepoint "Cleanup", Time since last: 23219796100 ns, Reaching safepoint: 120900 ns, At safepoint: 23800 ns, Total: 144700 ns
[2023-12-25T11:11:09.640+0000][23980][safepoint   ] Safepoint "Cleanup", Time since last: 5039726700 ns, Reaching safepoint: 83200 ns, At safepoint: 67100 ns, Total: 150300 ns
[2023-12-25T11:11:16.685+0000][23980][safepoint   ] Safepoint "Cleanup", Time since last: 7044680700 ns, Reaching safepoint: 129800 ns, At safepoint: 39400 ns, Total: 169200 ns
[2023-12-25T11:11:24.755+0000][23980][safepoint   ] Safepoint "Cleanup", Time since last: 8069243800 ns, Reaching safepoint: 876300 ns, At safepoint: 48600 ns, Total: 924900 ns
[2023-12-25T11:11:28.318+0000][23980][safepoint   ] Safepoint "Cleanup", Time since last: 3562689600 ns, Reaching safepoint: 56100 ns, At safepoint: 3500 ns, Total: 59600 ns
[2023-12-25T11:11:41.401+0000][23980][safepoint   ] Safepoint "Cleanup", Time since last: 13083338500 ns, Reaching safepoint: 89500 ns, At safepoint: 16100 ns, Total: 105600 ns
[2023-12-25T11:11:45.413+0000][23980][safepoint   ] Safepoint "Cleanup", Time since last: 4011357700 ns, Reaching safepoint: 714100 ns, At safepoint: 62000 ns, Total: 776100 ns
[2023-12-25T11:11:46.429+0000][23980][safepoint   ] Safepoint "Cleanup", Time since last: 1015812900 ns, Reaching safepoint: 197300 ns, At safepoint: 35900 ns, Total: 233200 ns
[2023-12-25T11:11:51.473+0000][23980][safepoint   ] Safepoint "Cleanup", Time since last: 5043434700 ns, Reaching safepoint: 72600 ns, At safepoint: 6900 ns, Total: 79500 ns
[2023-12-25T11:11:52.487+0000][23980][safepoint   ] Safepoint "Cleanup", Time since last: 1014731300 ns, Reaching safepoint: 91400 ns, At safepoint: 12900 ns, Total: 104300 ns
[2023-12-25T11:11:54.509+0000][23980][safepoint   ] Safepoint "Cleanup", Time since last: 2021656300 ns, Reaching safepoint: 100300 ns, At safepoint: 14400 ns, Total: 114700 ns
[2023-12-25T11:12:10.618+0000][23980][safepoint   ] Safepoint "Cleanup", Time since last: 16108474300 ns, Reaching safepoint: 114500 ns, At safepoint: 14100 ns, Total: 128600 ns
[2023-12-25T11:12:13.645+0000][23980][safepoint   ] Safepoint "Cleanup", Time since last: 3027628000 ns, Reaching safepoint: 162900 ns, At safepoint: 14400 ns, Total: 177300 ns
[2023-12-25T11:12:40.837+0000][23980][safepoint   ] Safepoint "Cleanup", Time since last: 27191326000 ns, Reaching safepoint: 113100 ns, At safepoint: 17500 ns, Total: 130600 ns
[2023-12-25T11:13:11.040+0000][23980][safepoint   ] Safepoint "Cleanup", Time since last: 30202276200 ns, Reaching safepoint: 109000 ns, At safepoint: 13000 ns, Total: 122000 ns
[2023-12-25T11:13:35.218+0000][23980][safepoint   ] Safepoint "Cleanup", Time since last: 24178669200 ns, Reaching safepoint: 84900 ns, At safepoint: 12000 ns, Total: 96900 ns
[2023-12-25T11:13:40.263+0000][23980][safepoint   ] Safepoint "Cleanup", Time since last: 5044722400 ns, Reaching safepoint: 106700 ns, At safepoint: 10800 ns, Total: 117500 ns
[2023-12-25T11:13:41.270+0000][23980][safepoint   ] Safepoint "Cleanup", Time since last: 1006520000 ns, Reaching safepoint: 119800 ns, At safepoint: 14600 ns, Total: 134400 ns
[2023-12-25T11:14:04.454+0000][23980][safepoint   ] Safepoint "Cleanup", Time since last: 23183745800 ns, Reaching safepoint: 118300 ns, At safepoint: 10300 ns, Total: 128600 ns
[2023-12-25T11:14:19.580+0000][23980][safepoint   ] Safepoint "Cleanup", Time since last: 15126749200 ns, Reaching safepoint: 91700 ns, At safepoint: 14800 ns, Total: 106500 ns
[2023-12-25T11:14:28.673+0000][23980][safepoint   ] Safepoint "Cleanup", Time since last: 9092028200 ns, Reaching safepoint: 155500 ns, At safepoint: 22700 ns, Total: 178200 ns
[2023-12-25T11:14:29.680+0000][23980][safepoint   ] Safepoint "Cleanup", Time since last: 1007211300 ns, Reaching safepoint: 142900 ns, At safepoint: 16100 ns, Total: 159000 ns
[2023-12-25T11:14:41.747+0000][23980][safepoint   ] Safepoint "Cleanup", Time since last: 12066721700 ns, Reaching safepoint: 98100 ns, At safepoint: 13700 ns, Total: 111800 ns
[2023-12-25T11:15:01.857+0000][23980][safepoint   ] Safepoint "Cleanup", Time since last: 20110399100 ns, Reaching safepoint: 127300 ns, At safepoint: 14200 ns, Total: 141500 ns
[2023-12-25T11:15:10.927+0000][23980][safepoint   ] Safepoint "Cleanup", Time since last: 9070063800 ns, Reaching safepoint: 150000 ns, At safepoint: 16900 ns, Total: 166900 ns
[2023-12-25T11:15:16.975+0000][23980][safepoint   ] Safepoint "Cleanup", Time since last: 6047007600 ns, Reaching safepoint: 144200 ns, At safepoint: 14800 ns, Total: 159000 ns
[2023-12-25T11:15:22.004+0000][23980][safepoint   ] Safepoint "Cleanup", Time since last: 5029268900 ns, Reaching safepoint: 189200 ns, At safepoint: 22900 ns, Total: 212100 ns
[2023-12-25T11:15:41.136+0000][23980][safepoint   ] Safepoint "Cleanup", Time since last: 19132125300 ns, Reaching safepoint: 102200 ns, At safepoint: 10500 ns, Total: 112700 ns
[2023-12-25T11:15:43.142+0000][23980][safepoint   ] Safepoint "Cleanup", Time since last: 2005517100 ns, Reaching safepoint: 123700 ns, At safepoint: 15800 ns, Total: 139500 ns
[2023-12-25T11:15:46.164+0000][23980][safepoint   ] Safepoint "Cleanup", Time since last: 3021846700 ns, Reaching safepoint: 129800 ns, At safepoint: 8000 ns, Total: 137800 ns
[2023-12-25T11:15:52.226+0000][23980][safepoint   ] Safepoint "Cleanup", Time since last: 6061725200 ns, Reaching safepoint: 86700 ns, At safepoint: 16100 ns, Total: 102800 ns
[2023-12-25T11:16:01.293+0000][23980][safepoint   ] Safepoint "Cleanup", Time since last: 9066752200 ns, Reaching safepoint: 116000 ns, At safepoint: 20900 ns, Total: 136900 ns
[2023-12-25T11:16:07.336+0000][23980][safepoint   ] Safepoint "Cleanup", Time since last: 6043569100 ns, Reaching safepoint: 118400 ns, At safepoint: 12600 ns, Total: 131000 ns
[2023-12-25T11:16:41.563+0000][23980][safepoint   ] Safepoint "Cleanup", Time since last: 34226042300 ns, Reaching safepoint: 132200 ns, At safepoint: 10200 ns, Total: 142400 ns
[2023-12-25T11:16:44.586+0000][23980][safepoint   ] Safepoint "Cleanup", Time since last: 3022977400 ns, Reaching safepoint: 177100 ns, At safepoint: 30100 ns, Total: 207200 ns
[2023-12-25T11:17:16.842+0000][23980][safepoint   ] Safepoint "Cleanup", Time since last: 32255873300 ns, Reaching safepoint: 117200 ns, At safepoint: 11800 ns, Total: 129000 ns
[2023-12-25T11:17:28.962+0000][23980][safepoint   ] Safepoint "Cleanup", Time since last: 12119949300 ns, Reaching safepoint: 115700 ns, At safepoint: 12800 ns, Total: 128500 ns
[2023-12-25T11:17:32.988+0000][23980][safepoint   ] Safepoint "Cleanup", Time since last: 4026058900 ns, Reaching safepoint: 95500 ns, At safepoint: 18500 ns, Total: 114000 ns
[2023-12-25T11:17:41.031+0000][23980][safepoint   ] Safepoint "Cleanup", Time since last: 8042217000 ns, Reaching safepoint: 101000 ns, At safepoint: 64300 ns, Total: 165300 ns
[2023-12-25T11:17:53.121+0000][23980][safepoint   ] Safepoint "Cleanup", Time since last: 12090405600 ns, Reaching safepoint: 97700 ns, At safepoint: 17000 ns, Total: 114700 ns
[2023-12-25T11:18:29.364+0000][23980][safepoint   ] Safepoint "Cleanup", Time since last: 36242542400 ns, Reaching safepoint: 106500 ns, At safepoint: 17400 ns, Total: 123900 ns
[2023-12-25T11:18:41.440+0000][23980][safepoint   ] Safepoint "Cleanup", Time since last: 12075693200 ns, Reaching safepoint: 122600 ns, At safepoint: 18400 ns, Total: 141000 ns
[2023-12-25T11:18:58.576+0000][23980][safepoint   ] Safepoint "Cleanup", Time since last: 17135943300 ns, Reaching safepoint: 84400 ns, At safepoint: 13700 ns, Total: 98100 ns
[2023-12-25T11:19:05.620+0000][23980][safepoint   ] Safepoint "Cleanup", Time since last: 7044599000 ns, Reaching safepoint: 116800 ns, At safepoint: 17000 ns, Total: 133800 ns
[2023-12-25T11:19:11.666+0000][23980][safepoint   ] Safepoint "Cleanup", Time since last: 6044972800 ns, Reaching safepoint: 99500 ns, At safepoint: 12600 ns, Total: 112100 ns
[2023-12-25T11:19:29.797+0000][23980][safepoint   ] Safepoint "Cleanup", Time since last: 18131349800 ns, Reaching safepoint: 66900 ns, At safepoint: 9900 ns, Total: 76800 ns
[2023-12-25T11:19:30.805+0000][23980][safepoint   ] Safepoint "Cleanup", Time since last: 1008505900 ns, Reaching safepoint: 96800 ns, At safepoint: 15600 ns, Total: 112400 ns
[2023-12-25T11:19:34.831+0000][23980][safepoint   ] Safepoint "Cleanup", Time since last: 4025138900 ns, Reaching safepoint: 97700 ns, At safepoint: 6800 ns, Total: 104500 ns
[2023-12-25T11:19:37.858+0000][23980][safepoint   ] Safepoint "Cleanup", Time since last: 3026965200 ns, Reaching safepoint: 71200 ns, At safepoint: 16500 ns, Total: 87700 ns
[2023-12-25T11:19:59.010+0000][23980][safepoint   ] Safepoint "Cleanup", Time since last: 21151641300 ns, Reaching safepoint: 112400 ns, At safepoint: 17600 ns, Total: 130000 ns
[2023-12-25T11:20:05.048+0000][23980][safepoint   ] Safepoint "Cleanup", Time since last: 6038475900 ns, Reaching safepoint: 123000 ns, At safepoint: 12300 ns, Total: 135300 ns
[2023-12-25T11:20:08.061+0000][23980][safepoint   ] Safepoint "Cleanup", Time since last: 3012668600 ns, Reaching safepoint: 97900 ns, At safepoint: 26800 ns, Total: 124700 ns
[2023-12-25T11:20:12.094+0000][23980][safepoint   ] Safepoint "Cleanup", Time since last: 4032962800 ns, Reaching safepoint: 93300 ns, At safepoint: 17000 ns, Total: 110300 ns
[2023-12-25T11:20:17.132+0000][23980][safepoint   ] Safepoint "Cleanup", Time since last: 5037616500 ns, Reaching safepoint: 93000 ns, At safepoint: 13600 ns, Total: 106600 ns
[2023-12-25T11:20:20.157+0000][23980][safepoint   ] Safepoint "Cleanup", Time since last: 3024778700 ns, Reaching safepoint: 178700 ns, At safepoint: 12100 ns, Total: 190800 ns
[2023-12-25T11:20:23.183+0000][23980][safepoint   ] Safepoint "Cleanup", Time since last: 3026438100 ns, Reaching safepoint: 117600 ns, At safepoint: 16200 ns, Total: 133800 ns
[2023-12-25T11:20:24.192+0000][23980][safepoint   ] Safepoint "Cleanup", Time since last: 1008376300 ns, Reaching safepoint: 86700 ns, At safepoint: 10300 ns, Total: 97000 ns
[2023-12-25T11:20:29.234+0000][23980][safepoint   ] Safepoint "Cleanup", Time since last: 5042069800 ns, Reaching safepoint: 78700 ns, At safepoint: 12600 ns, Total: 91300 ns
[2023-12-25T11:20:39.320+0000][23980][safepoint   ] Safepoint "Cleanup", Time since last: 10085818700 ns, Reaching safepoint: 79500 ns, At safepoint: 42500 ns, Total: 122000 ns
[2023-12-25T11:20:41.326+0000][23980][safepoint   ] Safepoint "Cleanup", Time since last: 2006338400 ns, Reaching safepoint: 111800 ns, At safepoint: 11100 ns, Total: 122900 ns
[2023-12-25T11:20:45.369+0000][23980][safepoint   ] Safepoint "Cleanup", Time since last: 4042287500 ns, Reaching safepoint: 108900 ns, At safepoint: 13300 ns, Total: 122200 ns
[2023-12-25T11:20:47.376+0000][23980][safepoint   ] Safepoint "Cleanup", Time since last: 2007289300 ns, Reaching safepoint: 139500 ns, At safepoint: 18000 ns, Total: 157500 ns
[2023-12-25T11:20:59.475+0000][23980][safepoint   ] Safepoint "Cleanup", Time since last: 12098614300 ns, Reaching safepoint: 112700 ns, At safepoint: 10400 ns, Total: 123100 ns
[2023-12-25T11:21:00.483+0000][23980][safepoint   ] Safepoint "Cleanup", Time since last: 1007789400 ns, Reaching safepoint: 129400 ns, At safepoint: 20000 ns, Total: 149400 ns
[2023-12-25T11:21:02.499+0000][23980][safepoint   ] Safepoint "Cleanup", Time since last: 2016443500 ns, Reaching safepoint: 118400 ns, At safepoint: 19900 ns, Total: 138300 ns
[2023-12-25T11:21:05.024+0000][23980][gc,start    ] GC(16) Pause Young (Normal) (G1 Evacuation Pause)
[2023-12-25T11:21:05.024+0000][23980][gc,task     ] GC(16) Using 8 workers of 8 for evacuation
[2023-12-25T11:21:05.024+0000][23980][gc,age      ] GC(16) Desired survivor size 159383552 bytes, new threshold 15 (max threshold 15)
[2023-12-25T11:21:05.049+0000][23980][gc,phases   ] GC(16)   Pre Evacuate Collection Set: 0.2ms
[2023-12-25T11:21:05.049+0000][23980][gc,phases   ] GC(16)   Merge Heap Roots: 0.2ms
[2023-12-25T11:21:05.049+0000][23980][gc,phases   ] GC(16)   Evacuate Collection Set: 24.0ms
[2023-12-25T11:21:05.049+0000][23980][gc,phases   ] GC(16)   Post Evacuate Collection Set: 2.7ms
[2023-12-25T11:21:05.049+0000][23980][gc,phases   ] GC(16)   Other: 0.3ms
[2023-12-25T11:21:05.049+0000][23980][gc,age      ] GC(16) Age table with threshold 15 (max threshold 15)
[2023-12-25T11:21:05.049+0000][23980][gc,age      ] GC(16) - age   1:    1829544 bytes,    1829544 total
[2023-12-25T11:21:05.049+0000][23980][gc,age      ] GC(16) - age   2:     301392 bytes,    2130936 total
[2023-12-25T11:21:05.049+0000][23980][gc,age      ] GC(16) - age   3:    1859864 bytes,    3990800 total
[2023-12-25T11:21:05.049+0000][23980][gc,age      ] GC(16) - age   4:     288736 bytes,    4279536 total
[2023-12-25T11:21:05.049+0000][23980][gc,age      ] GC(16) - age   5:    5277288 bytes,    9556824 total
[2023-12-25T11:21:05.049+0000][23980][gc,age      ] GC(16) - age   6:   31569920 bytes,   41126744 total
[2023-12-25T11:21:05.049+0000][23980][gc,heap     ] GC(16) Eden regions: 595->0(594)
[2023-12-25T11:21:05.049+0000][23980][gc,heap     ] GC(16) Survivor regions: 11->12(76)
[2023-12-25T11:21:05.049+0000][23980][gc,heap     ] GC(16) Old regions: 17->17
[2023-12-25T11:21:05.049+0000][23980][gc,heap     ] GC(16) Archive regions: 0->0
[2023-12-25T11:21:05.049+0000][23980][gc,heap     ] GC(16) Humongous regions: 2->2
[2023-12-25T11:21:05.049+0000][23980][gc,metaspace] GC(16) Metaspace: 127722K(131328K)->127722K(131328K) NonClass: 110836K(112704K)->110836K(112704K) Class: 16886K(18624K)->16886K(18624K)
[2023-12-25T11:21:05.049+0000][23980][gc          ] GC(16) Pause Young (Normal) (G1 Evacuation Pause) 2495M->122M(4040M) 28.122ms
[2023-12-25T11:21:05.049+0000][23980][gc,cpu      ] GC(16) User=0.11s Sys=0.00s Real=0.03s
[2023-12-25T11:21:05.049+0000][23980][safepoint   ] Safepoint "G1CollectForAllocation", Time since last: 2525205200 ns, Reaching safepoint: 85500 ns, At safepoint: 28242200 ns, Total: 28327700 ns
[2023-12-25T11:21:23.157+0000][23980][safepoint   ] Safepoint "Cleanup", Time since last: 18104153900 ns, Reaching safepoint: 144100 ns, At safepoint: 28900 ns, Total: 173000 ns
[2023-12-25T11:21:32.204+0000][23980][safepoint   ] Safepoint "Cleanup", Time since last: 9046725200 ns, Reaching safepoint: 162800 ns, At safepoint: 15400 ns, Total: 178200 ns
[2023-12-25T11:21:41.278+0000][23980][safepoint   ] Safepoint "Cleanup", Time since last: 9073812900 ns, Reaching safepoint: 163200 ns, At safepoint: 13900 ns, Total: 177100 ns
[2023-12-25T11:21:42.281+0000][23980][safepoint   ] Safepoint "Cleanup", Time since last: 1001843800 ns, Reaching safepoint: 906200 ns, At safepoint: 16100 ns, Total: 922300 ns
[2023-12-25T11:21:45.303+0000][23980][safepoint   ] Safepoint "Cleanup", Time since last: 3021894200 ns, Reaching safepoint: 98900 ns, At safepoint: 10000 ns, Total: 108900 ns
[2023-12-25T11:21:52.363+0000][23980][safepoint   ] Safepoint "Cleanup", Time since last: 7059671800 ns, Reaching safepoint: 108300 ns, At safepoint: 15500 ns, Total: 123800 ns
[2023-12-25T11:21:56.392+0000][23980][safepoint   ] Safepoint "Cleanup", Time since last: 4029510800 ns, Reaching safepoint: 144600 ns, At safepoint: 11200 ns, Total: 155800 ns
[2023-12-25T11:21:59.418+0000][23980][safepoint   ] Safepoint "Cleanup", Time since last: 3025561400 ns, Reaching safepoint: 105400 ns, At safepoint: 74600 ns, Total: 180000 ns
[2023-12-25T11:22:08.488+0000][23980][safepoint   ] Safepoint "Cleanup", Time since last: 9069917100 ns, Reaching safepoint: 118000 ns, At safepoint: 11700 ns, Total: 129700 ns
[2023-12-25T11:22:12.508+0000][23980][safepoint   ] Safepoint "Cleanup", Time since last: 4019536000 ns, Reaching safepoint: 87900 ns, At safepoint: 15200 ns, Total: 103100 ns
[2023-12-25T11:22:15.521+0000][23980][safepoint   ] Safepoint "Cleanup", Time since last: 3013309900 ns, Reaching safepoint: 125300 ns, At safepoint: 9900 ns, Total: 135200 ns
[2023-12-25T11:22:18.533+0000][23980][safepoint   ] Safepoint "Cleanup", Time since last: 3011658400 ns, Reaching safepoint: 98300 ns, At safepoint: 6700 ns, Total: 105000 ns
[2023-12-25T11:22:23.588+0000][23980][safepoint   ] Safepoint "Cleanup", Time since last: 5055292700 ns, Reaching safepoint: 99200 ns, At safepoint: 12000 ns, Total: 111200 ns
[2023-12-25T11:22:24.598+0000][23980][safepoint   ] Safepoint "Cleanup", Time since last: 1009012200 ns, Reaching safepoint: 121300 ns, At safepoint: 14600 ns, Total: 135900 ns
[2023-12-25T11:22:41.727+0000][23980][safepoint   ] Safepoint "Cleanup", Time since last: 17129502200 ns, Reaching safepoint: 86400 ns, At safepoint: 12900 ns, Total: 99300 ns
[2023-12-25T11:22:44.745+0000][23980][safepoint   ] Safepoint "Cleanup", Time since last: 3018000800 ns, Reaching safepoint: 92900 ns, At safepoint: 9200 ns, Total: 102100 ns
[2023-12-25T11:22:55.847+0000][23980][safepoint   ] Safepoint "Cleanup", Time since last: 11101677500 ns, Reaching safepoint: 97200 ns, At safepoint: 13100 ns, Total: 110300 ns
[2023-12-25T11:23:12.012+0000][23980][safepoint   ] Safepoint "Cleanup", Time since last: 16164136600 ns, Reaching safepoint: 153400 ns, At safepoint: 25400 ns, Total: 178800 ns
[2023-12-25T11:23:18.067+0000][23980][safepoint   ] Safepoint "Cleanup", Time since last: 6055509900 ns, Reaching safepoint: 158800 ns, At safepoint: 16500 ns, Total: 175300 ns
[2023-12-25T11:23:21.071+0000][23980][safepoint   ] Safepoint "Cleanup", Time since last: 3003555200 ns, Reaching safepoint: 227000 ns, At safepoint: 34000 ns, Total: 261000 ns
[2023-12-25T11:23:41.238+0000][23980][safepoint   ] Safepoint "Cleanup", Time since last: 20166436700 ns, Reaching safepoint: 160100 ns, At safepoint: 29300 ns, Total: 189400 ns
[2023-12-25T11:23:42.246+0000][23980][safepoint   ] Safepoint "Cleanup", Time since last: 1008026400 ns, Reaching safepoint: 132600 ns, At safepoint: 17100 ns, Total: 149700 ns
[2023-12-25T11:23:44.263+0000][23980][safepoint   ] Safepoint "Cleanup", Time since last: 2016673800 ns, Reaching safepoint: 147300 ns, At safepoint: 12000 ns, Total: 159300 ns
[2023-12-25T11:23:45.270+0000][23980][safepoint   ] Safepoint "Cleanup", Time since last: 1007651500 ns, Reaching safepoint: 83900 ns, At safepoint: 16000 ns, Total: 99900 ns
[2023-12-25T11:23:46.272+0000][23980][safepoint   ] Safepoint "Cleanup", Time since last: 1001281800 ns, Reaching safepoint: 79900 ns, At safepoint: 10200 ns, Total: 90100 ns
[2023-12-25T11:23:54.322+0000][23980][safepoint   ] Safepoint "Cleanup", Time since last: 8050186000 ns, Reaching safepoint: 158200 ns, At safepoint: 16300 ns, Total: 174500 ns
[2023-12-25T11:24:12.456+0000][23980][safepoint   ] Safepoint "Cleanup", Time since last: 18134322000 ns, Reaching safepoint: 127200 ns, At safepoint: 17100 ns, Total: 144300 ns
[2023-12-25T11:24:15.487+0000][23980][safepoint   ] Safepoint "Cleanup", Time since last: 3030243500 ns, Reaching safepoint: 101700 ns, At safepoint: 19900 ns, Total: 121600 ns
[2023-12-25T11:24:23.537+0000][23980][safepoint   ] Safepoint "Cleanup", Time since last: 8050347200 ns, Reaching safepoint: 82600 ns, At safepoint: 10200 ns, Total: 92800 ns
[2023-12-25T11:24:30.607+0000][23980][safepoint   ] Safepoint "Cleanup", Time since last: 7069080300 ns, Reaching safepoint: 101000 ns, At safepoint: 13700 ns, Total: 114700 ns
[2023-12-25T11:24:41.657+0000][23980][safepoint   ] Safepoint "Cleanup", Time since last: 11050814600 ns, Reaching safepoint: 94500 ns, At safepoint: 13600 ns, Total: 108100 ns
[2023-12-25T11:24:42.659+0000][23980][safepoint   ] Safepoint "Cleanup", Time since last: 1001808300 ns, Reaching safepoint: 100900 ns, At safepoint: 14800 ns, Total: 115700 ns
[2023-12-25T11:24:51.720+0000][23980][safepoint   ] Safepoint "Cleanup", Time since last: 9060679500 ns, Reaching safepoint: 126300 ns, At safepoint: 19500 ns, Total: 145800 ns
[2023-12-25T11:24:54.742+0000][23980][safepoint   ] Safepoint "Cleanup", Time since last: 3021435400 ns, Reaching safepoint: 327200 ns, At safepoint: 39800 ns, Total: 367000 ns
[2023-12-25T11:25:22.937+0000][23980][safepoint   ] Safepoint "Cleanup", Time since last: 28194603800 ns, Reaching safepoint: 167600 ns, At safepoint: 15400 ns, Total: 183000 ns
[2023-12-25T11:25:45.085+0000][23980][safepoint   ] Safepoint "Cleanup", Time since last: 22148493600 ns, Reaching safepoint: 69500 ns, At safepoint: 13800 ns, Total: 83300 ns
[2023-12-25T11:25:48.093+0000][23980][safepoint   ] Safepoint "Cleanup", Time since last: 3007428900 ns, Reaching safepoint: 106200 ns, At safepoint: 16100 ns, Total: 122300 ns
[2023-12-25T11:26:06.219+0000][23980][safepoint   ] Safepoint "Cleanup", Time since last: 18125438900 ns, Reaching safepoint: 96100 ns, At safepoint: 17300 ns, Total: 113400 ns
[2023-12-25T11:26:07.222+0000][23980][safepoint   ] Safepoint "Cleanup", Time since last: 1003433500 ns, Reaching safepoint: 81600 ns, At safepoint: 10800 ns, Total: 92400 ns
[2023-12-25T11:26:23.349+0000][23980][safepoint   ] Safepoint "Cleanup", Time since last: 16127051200 ns, Reaching safepoint: 364400 ns, At safepoint: 18200 ns, Total: 382600 ns
[2023-12-25T11:26:24.353+0000][23980][safepoint   ] Safepoint "Cleanup", Time since last: 1003266600 ns, Reaching safepoint: 82200 ns, At safepoint: 11100 ns, Total: 93300 ns
[2023-12-25T11:26:25.353+0000][23980][safepoint   ] Safepoint "Cleanup", Time since last: 1000418200 ns, Reaching safepoint: 71100 ns, At safepoint: 18200 ns, Total: 89300 ns
[2023-12-25T11:26:27.356+0000][23980][safepoint   ] Safepoint "Cleanup", Time since last: 2002753000 ns, Reaching safepoint: 95200 ns, At safepoint: 10300 ns, Total: 105500 ns
[2023-12-25T11:26:36.423+0000][23980][safepoint   ] Safepoint "Cleanup", Time since last: 9066623200 ns, Reaching safepoint: 105500 ns, At safepoint: 34000 ns, Total: 139500 ns
[2023-12-25T11:26:54.555+0000][23980][safepoint   ] Safepoint "Cleanup", Time since last: 18132282300 ns, Reaching safepoint: 108700 ns, At safepoint: 12800 ns, Total: 121500 ns
[2023-12-25T11:27:06.638+0000][23980][safepoint   ] Safepoint "Cleanup", Time since last: 12082427600 ns, Reaching safepoint: 122700 ns, At safepoint: 18900 ns, Total: 141600 ns
[2023-12-25T11:27:14.696+0000][23980][safepoint   ] Safepoint "Cleanup", Time since last: 8057797900 ns, Reaching safepoint: 139900 ns, At safepoint: 31800 ns, Total: 171700 ns
[2023-12-25T11:27:40.867+0000][23980][safepoint   ] Safepoint "Cleanup", Time since last: 26170958200 ns, Reaching safepoint: 137600 ns, At safepoint: 11600 ns, Total: 149200 ns
[2023-12-25T11:28:01.021+0000][23980][safepoint   ] Safepoint "Cleanup", Time since last: 20154345000 ns, Reaching safepoint: 84200 ns, At safepoint: 9200 ns, Total: 93400 ns
[2023-12-25T11:28:13.101+0000][23980][safepoint   ] Safepoint "Cleanup", Time since last: 12079595500 ns, Reaching safepoint: 147900 ns, At safepoint: 17100 ns, Total: 165000 ns
[2023-12-25T11:28:15.103+0000][23980][safepoint   ] Safepoint "Cleanup", Time since last: 2002111100 ns, Reaching safepoint: 112500 ns, At safepoint: 51600 ns, Total: 164100 ns
[2023-12-25T11:28:41.281+0000][23980][safepoint   ] Safepoint "Cleanup", Time since last: 26177518600 ns, Reaching safepoint: 109700 ns, At safepoint: 12200 ns, Total: 121900 ns
[2023-12-25T11:28:51.346+0000][23980][safepoint   ] Safepoint "Cleanup", Time since last: 10065205300 ns, Reaching safepoint: 167000 ns, At safepoint: 27700 ns, Total: 194700 ns
[2023-12-25T11:28:54.374+0000][23980][safepoint   ] Safepoint "Cleanup", Time since last: 3027159300 ns, Reaching safepoint: 133300 ns, At safepoint: 38300 ns, Total: 171600 ns
[2023-12-25T11:29:06.456+0000][23980][safepoint   ] Safepoint "Cleanup", Time since last: 12081644600 ns, Reaching safepoint: 153800 ns, At safepoint: 68400 ns, Total: 222200 ns
[2023-12-25T11:29:11.503+0000][23980][safepoint   ] Safepoint "Cleanup", Time since last: 5046703500 ns, Reaching safepoint: 195500 ns, At safepoint: 29600 ns, Total: 225100 ns
[2023-12-25T11:29:45.691+0000][23980][safepoint   ] Safepoint "Cleanup", Time since last: 34188385500 ns, Reaching safepoint: 112900 ns, At safepoint: 23800 ns, Total: 136700 ns
[2023-12-25T11:29:48.715+0000][23980][safepoint   ] Safepoint "Cleanup", Time since last: 3023565600 ns, Reaching safepoint: 127400 ns, At safepoint: 14100 ns, Total: 141500 ns
[2023-12-25T11:29:49.729+0000][23980][safepoint   ] Safepoint "Cleanup", Time since last: 1014031400 ns, Reaching safepoint: 111600 ns, At safepoint: 13500 ns, Total: 125100 ns
[2023-12-25T11:29:51.754+0000][23980][safepoint   ] Safepoint "Cleanup", Time since last: 2025020900 ns, Reaching safepoint: 110000 ns, At safepoint: 32800 ns, Total: 142800 ns
[2023-12-25T11:29:54.765+0000][23980][safepoint   ] Safepoint "Cleanup", Time since last: 3010824600 ns, Reaching safepoint: 105700 ns, At safepoint: 51600 ns, Total: 157300 ns
[2023-12-25T11:30:01.152+0000][23980][safepoint   ] Safepoint "Cleanup", Time since last: 6386764600 ns, Reaching safepoint: 229700 ns, At safepoint: 14700 ns, Total: 244400 ns
[2023-12-25T11:30:06.413+0000][23980][safepoint   ] Safepoint "Cleanup", Time since last: 5260205000 ns, Reaching safepoint: 99700 ns, At safepoint: 10000 ns, Total: 109700 ns
[2023-12-25T11:30:07.424+0000][23980][safepoint   ] Safepoint "Cleanup", Time since last: 1011445600 ns, Reaching safepoint: 149500 ns, At safepoint: 11500 ns, Total: 161000 ns
[2023-12-25T11:30:10.453+0000][23980][safepoint   ] Safepoint "Cleanup", Time since last: 3028460600 ns, Reaching safepoint: 135400 ns, At safepoint: 13300 ns, Total: 148700 ns
[2023-12-25T11:30:22.210+0000][23980][safepoint   ] Safepoint "Cleanup", Time since last: 11757050300 ns, Reaching safepoint: 106600 ns, At safepoint: 12000 ns, Total: 118600 ns
[2023-12-25T11:30:37.321+0000][23980][safepoint   ] Safepoint "Cleanup", Time since last: 15111026100 ns, Reaching safepoint: 86800 ns, At safepoint: 10400 ns, Total: 97200 ns
[2023-12-25T11:30:41.364+0000][23980][safepoint   ] Safepoint "Cleanup", Time since last: 4042350500 ns, Reaching safepoint: 144800 ns, At safepoint: 21000 ns, Total: 165800 ns
[2023-12-25T11:30:43.376+0000][23980][safepoint   ] Safepoint "Cleanup", Time since last: 2012225400 ns, Reaching safepoint: 165700 ns, At safepoint: 10700 ns, Total: 176400 ns
[2023-12-25T11:30:45.384+0000][23980][safepoint   ] Safepoint "Cleanup", Time since last: 2008223200 ns, Reaching safepoint: 77200 ns, At safepoint: 14600 ns, Total: 91800 ns
[2023-12-25T11:30:55.451+0000][23980][safepoint   ] Safepoint "Cleanup", Time since last: 10066877800 ns, Reaching safepoint: 110200 ns, At safepoint: 17200 ns, Total: 127400 ns
[2023-12-25T11:31:41.779+0000][23980][safepoint   ] Safepoint "Cleanup", Time since last: 46327206600 ns, Reaching safepoint: 133700 ns, At safepoint: 19500 ns, Total: 153200 ns
[2023-12-25T11:31:45.797+0000][23980][safepoint   ] Safepoint "Cleanup", Time since last: 4018287900 ns, Reaching safepoint: 115300 ns, At safepoint: 12700 ns, Total: 128000 ns
[2023-12-25T11:31:46.801+0000][23980][safepoint   ] Safepoint "Cleanup", Time since last: 1003846600 ns, Reaching safepoint: 106500 ns, At safepoint: 13800 ns, Total: 120300 ns
[2023-12-25T11:32:00.916+0000][23980][safepoint   ] Safepoint "Cleanup", Time since last: 14115524300 ns, Reaching safepoint: 162800 ns, At safepoint: 13500 ns, Total: 176300 ns
[2023-12-25T11:32:11.988+0000][23980][safepoint   ] Safepoint "Cleanup", Time since last: 11071024200 ns, Reaching safepoint: 122900 ns, At safepoint: 17100 ns, Total: 140000 ns
[2023-12-25T11:32:15.003+0000][23980][safepoint   ] Safepoint "Cleanup", Time since last: 3014533300 ns, Reaching safepoint: 132900 ns, At safepoint: 10600 ns, Total: 143500 ns
[2023-12-25T11:32:19.020+0000][23980][safepoint   ] Safepoint "Cleanup", Time since last: 4017714700 ns, Reaching safepoint: 119800 ns, At safepoint: 20200 ns, Total: 140000 ns
[2023-12-25T11:33:19.432+0000][23980][safepoint   ] Safepoint "Cleanup", Time since last: 60411244700 ns, Reaching safepoint: 165400 ns, At safepoint: 15800 ns, Total: 181200 ns
[2023-12-25T11:33:43.562+0000][23980][safepoint   ] Safepoint "Cleanup", Time since last: 24129816800 ns, Reaching safepoint: 115100 ns, At safepoint: 16900 ns, Total: 132000 ns
[2023-12-25T11:34:11.778+0000][23980][safepoint   ] Safepoint "Cleanup", Time since last: 28216135400 ns, Reaching safepoint: 103000 ns, At safepoint: 11000 ns, Total: 114000 ns
[2023-12-25T11:34:12.800+0000][23980][gc,start    ] GC(17) Pause Young (Normal) (G1 Evacuation Pause)
[2023-12-25T11:34:12.801+0000][23980][gc,task     ] GC(17) Using 8 workers of 8 for evacuation
[2023-12-25T11:34:12.801+0000][23980][gc,age      ] GC(17) Desired survivor size 159383552 bytes, new threshold 15 (max threshold 15)
[2023-12-25T11:34:12.835+0000][23980][gc,phases   ] GC(17)   Pre Evacuate Collection Set: 0.3ms
[2023-12-25T11:34:12.835+0000][23980][gc,phases   ] GC(17)   Merge Heap Roots: 0.3ms
[2023-12-25T11:34:12.835+0000][23980][gc,phases   ] GC(17)   Evacuate Collection Set: 30.8ms
[2023-12-25T11:34:12.835+0000][23980][gc,phases   ] GC(17)   Post Evacuate Collection Set: 5.4ms
[2023-12-25T11:34:12.835+0000][23980][gc,phases   ] GC(17)   Other: 0.3ms
[2023-12-25T11:34:12.835+0000][23980][gc,age      ] GC(17) Age table with threshold 15 (max threshold 15)
[2023-12-25T11:34:12.835+0000][23980][gc,age      ] GC(17) - age   1:     867280 bytes,     867280 total
[2023-12-25T11:34:12.835+0000][23980][gc,age      ] GC(17) - age   2:      84200 bytes,     951480 total
[2023-12-25T11:34:12.835+0000][23980][gc,age      ] GC(17) - age   3:     300280 bytes,    1251760 total
[2023-12-25T11:34:12.835+0000][23980][gc,age      ] GC(17) - age   4:    1857248 bytes,    3109008 total
[2023-12-25T11:34:12.835+0000][23980][gc,age      ] GC(17) - age   5:     287656 bytes,    3396664 total
[2023-12-25T11:34:12.835+0000][23980][gc,age      ] GC(17) - age   6:    5277192 bytes,    8673856 total
[2023-12-25T11:34:12.835+0000][23980][gc,age      ] GC(17) - age   7:   31569744 bytes,   40243600 total
[2023-12-25T11:34:12.835+0000][23980][gc,heap     ] GC(17) Eden regions: 594->0(595)
[2023-12-25T11:34:12.835+0000][23980][gc,heap     ] GC(17) Survivor regions: 12->11(76)
[2023-12-25T11:34:12.835+0000][23980][gc,heap     ] GC(17) Old regions: 17->17
[2023-12-25T11:34:12.835+0000][23980][gc,heap     ] GC(17) Archive regions: 0->0
[2023-12-25T11:34:12.835+0000][23980][gc,heap     ] GC(17) Humongous regions: 2->2
[2023-12-25T11:34:12.835+0000][23980][gc,metaspace] GC(17) Metaspace: 127907K(131456K)->127907K(131456K) NonClass: 111016K(112832K)->111016K(112832K) Class: 16891K(18624K)->16891K(18624K)
[2023-12-25T11:34:12.835+0000][23980][gc          ] GC(17) Pause Young (Normal) (G1 Evacuation Pause) 2498M->117M(4040M) 37.918ms
[2023-12-25T11:34:12.835+0000][23980][gc,cpu      ] GC(17) User=0.09s Sys=0.05s Real=0.04s
[2023-12-25T11:34:12.835+0000][23980][safepoint   ] Safepoint "G1CollectForAllocation", Time since last: 1023212900 ns, Reaching safepoint: 92200 ns, At safepoint: 38040300 ns, Total: 38132500 ns
[2023-12-25T11:34:15.859+0000][23980][safepoint   ] Safepoint "Cleanup", Time since last: 3019852600 ns, Reaching safepoint: 101300 ns, At safepoint: 18800 ns, Total: 120100 ns
[2023-12-25T11:34:42.081+0000][23980][safepoint   ] Safepoint "Cleanup", Time since last: 26221762700 ns, Reaching safepoint: 112600 ns, At safepoint: 19500 ns, Total: 132100 ns
[2023-12-25T11:34:44.090+0000][23980][safepoint   ] Safepoint "Cleanup", Time since last: 2008616000 ns, Reaching safepoint: 102100 ns, At safepoint: 14900 ns, Total: 117000 ns
[2023-12-25T11:35:13.266+0000][23980][safepoint   ] Safepoint "Cleanup", Time since last: 29176480500 ns, Reaching safepoint: 141800 ns, At safepoint: 12700 ns, Total: 154500 ns
[2023-12-25T11:35:41.443+0000][23980][safepoint   ] Safepoint "Cleanup", Time since last: 28176653200 ns, Reaching safepoint: 95800 ns, At safepoint: 13600 ns, Total: 109400 ns
[2023-12-25T11:35:43.459+0000][23980][safepoint   ] Safepoint "Cleanup", Time since last: 2015088500 ns, Reaching safepoint: 86400 ns, At safepoint: 11100 ns, Total: 97500 ns
[2023-12-25T11:35:49.493+0000][23980][safepoint   ] Safepoint "Cleanup", Time since last: 6034539400 ns, Reaching safepoint: 117900 ns, At safepoint: 17400 ns, Total: 135300 ns
[2023-12-25T11:36:15.643+0000][23980][safepoint   ] Safepoint "Cleanup", Time since last: 26149411700 ns, Reaching safepoint: 110200 ns, At safepoint: 11800 ns, Total: 122000 ns
[2023-12-25T11:36:41.835+0000][23980][safepoint   ] Safepoint "Cleanup", Time since last: 26192235400 ns, Reaching safepoint: 107000 ns, At safepoint: 21700 ns, Total: 128700 ns
[2023-12-25T11:37:32.266+0000][23980][safepoint   ] Safepoint "Cleanup", Time since last: 50430436900 ns, Reaching safepoint: 97100 ns, At safepoint: 10900 ns, Total: 108000 ns
[2023-12-25T11:37:56.450+0000][23980][safepoint   ] Safepoint "Cleanup", Time since last: 24184495000 ns, Reaching safepoint: 295300 ns, At safepoint: 52000 ns, Total: 347300 ns
[2023-12-25T11:38:02.506+0000][23980][safepoint   ] Safepoint "Cleanup", Time since last: 6054942800 ns, Reaching safepoint: 107400 ns, At safepoint: 11900 ns, Total: 119300 ns
[2023-12-25T11:38:38.803+0000][23980][safepoint   ] Safepoint "Cleanup", Time since last: 36297004500 ns, Reaching safepoint: 71200 ns, At safepoint: 16400 ns, Total: 87600 ns
[2023-12-25T11:38:49.880+0000][23980][safepoint   ] Safepoint "Cleanup", Time since last: 11077692300 ns, Reaching safepoint: 263600 ns, At safepoint: 18600 ns, Total: 282200 ns
[2023-12-25T11:38:55.904+0000][23980][safepoint   ] Safepoint "Cleanup", Time since last: 6023630900 ns, Reaching safepoint: 89300 ns, At safepoint: 22700 ns, Total: 112000 ns
[2023-12-25T11:39:03.971+0000][23980][safepoint   ] Safepoint "Cleanup", Time since last: 8066676100 ns, Reaching safepoint: 98400 ns, At safepoint: 11200 ns, Total: 109600 ns
[2023-12-25T11:39:12.037+0000][23980][safepoint   ] Safepoint "Cleanup", Time since last: 8065813700 ns, Reaching safepoint: 74400 ns, At safepoint: 13700 ns, Total: 88100 ns
[2023-12-25T11:39:14.048+0000][23980][safepoint   ] Safepoint "Cleanup", Time since last: 2011212300 ns, Reaching safepoint: 269000 ns, At safepoint: 22800 ns, Total: 291800 ns
[2023-12-25T11:39:17.079+0000][23980][safepoint   ] Safepoint "Cleanup", Time since last: 3030264300 ns, Reaching safepoint: 131300 ns, At safepoint: 17400 ns, Total: 148700 ns
[2023-12-25T11:39:20.094+0000][23980][safepoint   ] Safepoint "Cleanup", Time since last: 3014681400 ns, Reaching safepoint: 92100 ns, At safepoint: 13600 ns, Total: 105700 ns
[2023-12-25T11:39:32.203+0000][23980][safepoint   ] Safepoint "Cleanup", Time since last: 12109095300 ns, Reaching safepoint: 132000 ns, At safepoint: 78000 ns, Total: 210000 ns
[2023-12-25T11:39:38.240+0000][23980][safepoint   ] Safepoint "Cleanup", Time since last: 6037015000 ns, Reaching safepoint: 152100 ns, At safepoint: 12800 ns, Total: 164900 ns
[2023-12-25T11:39:39.247+0000][23980][safepoint   ] Safepoint "Cleanup", Time since last: 1006614000 ns, Reaching safepoint: 118200 ns, At safepoint: 12100 ns, Total: 130300 ns
[2023-12-25T11:39:41.254+0000][23980][safepoint   ] Safepoint "Cleanup", Time since last: 2006480200 ns, Reaching safepoint: 85000 ns, At safepoint: 12200 ns, Total: 97200 ns
[2023-12-25T11:39:50.331+0000][23980][safepoint   ] Safepoint "Cleanup", Time since last: 9077392500 ns, Reaching safepoint: 75300 ns, At safepoint: 6200 ns, Total: 81500 ns
[2023-12-25T11:40:14.453+0000][23980][safepoint   ] Safepoint "Cleanup", Time since last: 24121673600 ns, Reaching safepoint: 68700 ns, At safepoint: 12200 ns, Total: 80900 ns
[2023-12-25T11:40:23.525+0000][23980][safepoint   ] Safepoint "Cleanup", Time since last: 9071823000 ns, Reaching safepoint: 133600 ns, At safepoint: 21400 ns, Total: 155000 ns
[2023-12-25T11:40:32.593+0000][23980][safepoint   ] Safepoint "Cleanup", Time since last: 9068020600 ns, Reaching safepoint: 118900 ns, At safepoint: 69300 ns, Total: 188200 ns
[2023-12-25T11:40:41.669+0000][23980][safepoint   ] Safepoint "Cleanup", Time since last: 9075780400 ns, Reaching safepoint: 135700 ns, At safepoint: 65500 ns, Total: 201200 ns
[2023-12-25T11:40:49.718+0000][23980][safepoint   ] Safepoint "Cleanup", Time since last: 8048679100 ns, Reaching safepoint: 71700 ns, At safepoint: 22000 ns, Total: 93700 ns
[2023-12-25T11:40:50.727+0000][23980][safepoint   ] Safepoint "Cleanup", Time since last: 1009364800 ns, Reaching safepoint: 157500 ns, At safepoint: 46100 ns, Total: 203600 ns
[2023-12-25T11:40:52.742+0000][23980][safepoint   ] Safepoint "Cleanup", Time since last: 2014177200 ns, Reaching safepoint: 100200 ns, At safepoint: 16100 ns, Total: 116300 ns
[2023-12-25T11:40:53.754+0000][23980][safepoint   ] Safepoint "Cleanup", Time since last: 1012128900 ns, Reaching safepoint: 84200 ns, At safepoint: 5200 ns, Total: 89400 ns
[2023-12-25T11:41:42.101+0000][23980][safepoint   ] Safepoint "Cleanup", Time since last: 48346827500 ns, Reaching safepoint: 113300 ns, At safepoint: 9800 ns, Total: 123100 ns
[2023-12-25T11:41:53.179+0000][23980][safepoint   ] Safepoint "Cleanup", Time since last: 11077558200 ns, Reaching safepoint: 136000 ns, At safepoint: 16500 ns, Total: 152500 ns
[2023-12-25T11:42:30.449+0000][23980][safepoint   ] Safepoint "Cleanup", Time since last: 37270431000 ns, Reaching safepoint: 151900 ns, At safepoint: 16200 ns, Total: 168100 ns
[2023-12-25T11:42:32.469+0000][23980][safepoint   ] Safepoint "Cleanup", Time since last: 2019902700 ns, Reaching safepoint: 122700 ns, At safepoint: 9400 ns, Total: 132100 ns
[2023-12-25T11:42:41.547+0000][23980][safepoint   ] Safepoint "Cleanup", Time since last: 9077870600 ns, Reaching safepoint: 113300 ns, At safepoint: 11300 ns, Total: 124600 ns
[2023-12-25T11:42:47.585+0000][23980][safepoint   ] Safepoint "Cleanup", Time since last: 6037876800 ns, Reaching safepoint: 168600 ns, At safepoint: 30900 ns, Total: 199500 ns
[2023-12-25T11:42:50.605+0000][23980][safepoint   ] Safepoint "Cleanup", Time since last: 3019214400 ns, Reaching safepoint: 164300 ns, At safepoint: 12000 ns, Total: 176300 ns
[2023-12-25T11:42:51.606+0000][23980][safepoint   ] Safepoint "Cleanup", Time since last: 1000985100 ns, Reaching safepoint: 130700 ns, At safepoint: 21400 ns, Total: 152100 ns
[2023-12-25T11:42:52.613+0000][23980][safepoint   ] Safepoint "Cleanup", Time since last: 1007586500 ns, Reaching safepoint: 108900 ns, At safepoint: 18400 ns, Total: 127300 ns
[2023-12-25T11:42:53.616+0000][23980][safepoint   ] Safepoint "Cleanup", Time since last: 1002247200 ns, Reaching safepoint: 109300 ns, At safepoint: 19600 ns, Total: 128900 ns
[2023-12-25T11:43:27.853+0000][23980][safepoint   ] Safepoint "Cleanup", Time since last: 34237398000 ns, Reaching safepoint: 121000 ns, At safepoint: 16500 ns, Total: 137500 ns
[2023-12-25T11:43:33.890+0000][23980][safepoint   ] Safepoint "Cleanup", Time since last: 6036395700 ns, Reaching safepoint: 121800 ns, At safepoint: 11400 ns, Total: 133200 ns
[2023-12-25T11:43:41.936+0000][23980][safepoint   ] Safepoint "Cleanup", Time since last: 8046198900 ns, Reaching safepoint: 104100 ns, At safepoint: 14600 ns, Total: 118700 ns
[2023-12-25T11:43:44.960+0000][23980][safepoint   ] Safepoint "Cleanup", Time since last: 3023950600 ns, Reaching safepoint: 114900 ns, At safepoint: 66200 ns, Total: 181100 ns
[2023-12-25T11:43:51.020+0000][23980][safepoint   ] Safepoint "Cleanup", Time since last: 6059600500 ns, Reaching safepoint: 142400 ns, At safepoint: 12300 ns, Total: 154700 ns
[2023-12-25T11:43:54.042+0000][23980][safepoint   ] Safepoint "Cleanup", Time since last: 3021279800 ns, Reaching safepoint: 115100 ns, At safepoint: 24400 ns, Total: 139500 ns
[2023-12-25T11:44:27.259+0000][23980][safepoint   ] Safepoint "Cleanup", Time since last: 33217059400 ns, Reaching safepoint: 109800 ns, At safepoint: 17400 ns, Total: 127200 ns
[2023-12-25T11:44:35.322+0000][23980][safepoint   ] Safepoint "Cleanup", Time since last: 8062960600 ns, Reaching safepoint: 159200 ns, At safepoint: 15700 ns, Total: 174900 ns
[2023-12-25T11:45:02.527+0000][23980][safepoint   ] Safepoint "Cleanup", Time since last: 27205347100 ns, Reaching safepoint: 87500 ns, At safepoint: 11700 ns, Total: 99200 ns
[2023-12-25T11:45:14.610+0000][23980][safepoint   ] Safepoint "Cleanup", Time since last: 12083030600 ns, Reaching safepoint: 101100 ns, At safepoint: 12900 ns, Total: 114000 ns
[2023-12-25T11:45:20.679+0000][23980][safepoint   ] Safepoint "Cleanup", Time since last: 6068638700 ns, Reaching safepoint: 79000 ns, At safepoint: 22800 ns, Total: 101800 ns
[2023-12-25T11:45:41.846+0000][23980][safepoint   ] Safepoint "Cleanup", Time since last: 21166295600 ns, Reaching safepoint: 174800 ns, At safepoint: 13500 ns, Total: 188300 ns
[2023-12-25T11:45:45.854+0000][23980][safepoint   ] Safepoint "Cleanup", Time since last: 4008598500 ns, Reaching safepoint: 95300 ns, At safepoint: 15200 ns, Total: 110500 ns
[2023-12-25T11:45:54.921+0000][23980][safepoint   ] Safepoint "Cleanup", Time since last: 9066912300 ns, Reaching safepoint: 138100 ns, At safepoint: 11600 ns, Total: 149700 ns
[2023-12-25T11:46:22.097+0000][23980][safepoint   ] Safepoint "Cleanup", Time since last: 27175965000 ns, Reaching safepoint: 76300 ns, At safepoint: 10100 ns, Total: 86400 ns
[2023-12-25T11:46:42.260+0000][23980][safepoint   ] Safepoint "Cleanup", Time since last: 20162695000 ns, Reaching safepoint: 107300 ns, At safepoint: 21700 ns, Total: 129000 ns
[2023-12-25T11:46:43.263+0000][23980][safepoint   ] Safepoint "Cleanup", Time since last: 1002627200 ns, Reaching safepoint: 123700 ns, At safepoint: 26800 ns, Total: 150500 ns
[2023-12-25T11:47:10.079+0000][23980][gc,start    ] GC(18) Pause Young (Normal) (G1 Evacuation Pause)
[2023-12-25T11:47:10.079+0000][23980][gc,task     ] GC(18) Using 8 workers of 8 for evacuation
[2023-12-25T11:47:10.079+0000][23980][gc,age      ] GC(18) Desired survivor size 159383552 bytes, new threshold 15 (max threshold 15)
[2023-12-25T11:47:10.113+0000][23980][gc,phases   ] GC(18)   Pre Evacuate Collection Set: 0.3ms
[2023-12-25T11:47:10.113+0000][23980][gc,phases   ] GC(18)   Merge Heap Roots: 0.2ms
[2023-12-25T11:47:10.113+0000][23980][gc,phases   ] GC(18)   Evacuate Collection Set: 24.4ms
[2023-12-25T11:47:10.113+0000][23980][gc,phases   ] GC(18)   Post Evacuate Collection Set: 3.6ms
[2023-12-25T11:47:10.113+0000][23980][gc,phases   ] GC(18)   Other: 0.3ms
[2023-12-25T11:47:10.113+0000][23980][gc,age      ] GC(18) Age table with threshold 15 (max threshold 15)
[2023-12-25T11:47:10.113+0000][23980][gc,age      ] GC(18) - age   1:    2202424 bytes,    2202424 total
[2023-12-25T11:47:10.113+0000][23980][gc,age      ] GC(18) - age   2:      83288 bytes,    2285712 total
[2023-12-25T11:47:10.113+0000][23980][gc,age      ] GC(18) - age   3:      41064 bytes,    2326776 total
[2023-12-25T11:47:10.113+0000][23980][gc,age      ] GC(18) - age   4:     118384 bytes,    2445160 total
[2023-12-25T11:47:10.113+0000][23980][gc,age      ] GC(18) - age   5:     996608 bytes,    3441768 total
[2023-12-25T11:47:10.113+0000][23980][gc,age      ] GC(18) - age   6:     287656 bytes,    3729424 total
[2023-12-25T11:47:10.113+0000][23980][gc,age      ] GC(18) - age   7:    5146064 bytes,    8875488 total
[2023-12-25T11:47:10.113+0000][23980][gc,age      ] GC(18) - age   8:   31569704 bytes,   40445192 total
[2023-12-25T11:47:10.113+0000][23980][gc,heap     ] GC(18) Eden regions: 595->0(595)
[2023-12-25T11:47:10.113+0000][23980][gc,heap     ] GC(18) Survivor regions: 11->11(76)
[2023-12-25T11:47:10.113+0000][23980][gc,heap     ] GC(18) Old regions: 17->17
[2023-12-25T11:47:10.113+0000][23980][gc,heap     ] GC(18) Archive regions: 0->0
[2023-12-25T11:47:10.113+0000][23980][gc,heap     ] GC(18) Humongous regions: 2->2
[2023-12-25T11:47:10.113+0000][23980][gc,metaspace] GC(18) Metaspace: 127950K(131520K)->127950K(131520K) NonClass: 111058K(112896K)->111058K(112896K) Class: 16891K(18624K)->16891K(18624K)
[2023-12-25T11:47:10.113+0000][23980][gc          ] GC(18) Pause Young (Normal) (G1 Evacuation Pause) 2497M->116M(4040M) 30.201ms
[2023-12-25T11:47:10.113+0000][23980][gc,cpu      ] GC(18) User=0.17s Sys=0.00s Real=0.03s
[2023-12-25T11:47:10.113+0000][23980][safepoint   ] Safepoint "G1CollectForAllocation", Time since last: 26820149000 ns, Reaching safepoint: 109900 ns, At safepoint: 30327800 ns, Total: 30437700 ns
[2023-12-25T11:47:41.348+0000][23980][safepoint   ] Safepoint "Cleanup", Time since last: 31234731900 ns, Reaching safepoint: 82900 ns, At safepoint: 10900 ns, Total: 93800 ns
[2023-12-25T11:47:58.477+0000][23980][safepoint   ] Safepoint "Cleanup", Time since last: 17128978600 ns, Reaching safepoint: 128800 ns, At safepoint: 13100 ns, Total: 141900 ns
[2023-12-25T11:48:03.511+0000][23980][safepoint   ] Safepoint "Cleanup", Time since last: 5033166100 ns, Reaching safepoint: 98100 ns, At safepoint: 16300 ns, Total: 114400 ns
[2023-12-25T11:48:09.559+0000][23980][safepoint   ] Safepoint "Cleanup", Time since last: 6047443600 ns, Reaching safepoint: 147400 ns, At safepoint: 15900 ns, Total: 163300 ns
[2023-12-25T11:48:15.619+0000][23980][safepoint   ] Safepoint "Cleanup", Time since last: 6060773300 ns, Reaching safepoint: 111600 ns, At safepoint: 29100 ns, Total: 140700 ns
[2023-12-25T11:48:18.641+0000][23980][safepoint   ] Safepoint "Cleanup", Time since last: 3021828700 ns, Reaching safepoint: 134700 ns, At safepoint: 18800 ns, Total: 153500 ns
[2023-12-25T11:48:41.830+0000][23980][safepoint   ] Safepoint "Cleanup", Time since last: 23188408600 ns, Reaching safepoint: 127200 ns, At safepoint: 10600 ns, Total: 137800 ns
[2023-12-25T11:48:45.877+0000][23980][safepoint   ] Safepoint "Cleanup", Time since last: 4046894900 ns, Reaching safepoint: 155200 ns, At safepoint: 13800 ns, Total: 169000 ns
[2023-12-25T11:48:46.877+0000][23980][safepoint   ] Safepoint "Cleanup", Time since last: 1000173200 ns, Reaching safepoint: 123400 ns, At safepoint: 13400 ns, Total: 136800 ns
[2023-12-25T11:49:39.987+0000][23980][safepoint   ] Safepoint "Cleanup", Time since last: 53109581700 ns, Reaching safepoint: 113600 ns, At safepoint: 11500 ns, Total: 125100 ns
[2023-12-25T11:49:45.016+0000][23980][safepoint   ] Safepoint "Cleanup", Time since last: 5028445900 ns, Reaching safepoint: 130200 ns, At safepoint: 18800 ns, Total: 149000 ns
[2023-12-25T11:50:10.183+0000][23980][safepoint   ] Safepoint "Cleanup", Time since last: 25167200400 ns, Reaching safepoint: 129300 ns, At safepoint: 15300 ns, Total: 144600 ns
[2023-12-25T11:50:15.215+0000][23980][safepoint   ] Safepoint "Cleanup", Time since last: 5032328100 ns, Reaching safepoint: 103800 ns, At safepoint: 11500 ns, Total: 115300 ns
[2023-12-25T11:50:18.230+0000][23980][safepoint   ] Safepoint "Cleanup", Time since last: 3014866400 ns, Reaching safepoint: 113000 ns, At safepoint: 14500 ns, Total: 127500 ns
[2023-12-25T11:50:22.258+0000][23980][safepoint   ] Safepoint "Cleanup", Time since last: 4027953500 ns, Reaching safepoint: 109800 ns, At safepoint: 13900 ns, Total: 123700 ns
[2023-12-25T11:51:41.850+0000][23980][safepoint   ] Safepoint "Cleanup", Time since last: 79591257800 ns, Reaching safepoint: 123000 ns, At safepoint: 13900 ns, Total: 136900 ns
[2023-12-25T11:52:09.999+0000][23980][safepoint   ] Safepoint "Cleanup", Time since last: 28148836600 ns, Reaching safepoint: 126400 ns, At safepoint: 13400 ns, Total: 139800 ns
[2023-12-25T11:52:16.037+0000][23980][safepoint   ] Safepoint "Cleanup", Time since last: 6037857400 ns, Reaching safepoint: 84800 ns, At safepoint: 47100 ns, Total: 131900 ns
[2023-12-25T11:52:41.249+0000][23980][safepoint   ] Safepoint "Cleanup", Time since last: 25211896900 ns, Reaching safepoint: 120900 ns, At safepoint: 14000 ns, Total: 134900 ns
[2023-12-25T11:53:17.534+0000][23980][safepoint   ] Safepoint "Cleanup", Time since last: 36285445500 ns, Reaching safepoint: 153300 ns, At safepoint: 20600 ns, Total: 173900 ns
[2023-12-25T11:53:19.552+0000][23980][safepoint   ] Safepoint "Cleanup", Time since last: 2017681900 ns, Reaching safepoint: 120900 ns, At safepoint: 15500 ns, Total: 136400 ns
[2023-12-25T11:53:45.765+0000][23980][safepoint   ] Safepoint "Cleanup", Time since last: 26212291400 ns, Reaching safepoint: 109600 ns, At safepoint: 22300 ns, Total: 131900 ns
[2023-12-25T11:53:58.864+0000][23980][safepoint   ] Safepoint "Cleanup", Time since last: 13099150700 ns, Reaching safepoint: 52600 ns, At safepoint: 5400 ns, Total: 58000 ns
[2023-12-25T11:54:08.945+0000][23980][safepoint   ] Safepoint "Cleanup", Time since last: 10080846300 ns, Reaching safepoint: 105000 ns, At safepoint: 13800 ns, Total: 118800 ns
[2023-12-25T11:54:35.140+0000][23980][safepoint   ] Safepoint "Cleanup", Time since last: 26194568500 ns, Reaching safepoint: 73700 ns, At safepoint: 9800 ns, Total: 83500 ns
[2023-12-25T11:55:11.398+0000][23980][safepoint   ] Safepoint "Cleanup", Time since last: 36258278700 ns, Reaching safepoint: 89900 ns, At safepoint: 22500 ns, Total: 112400 ns
[2023-12-25T11:55:13.412+0000][23980][safepoint   ] Safepoint "Cleanup", Time since last: 2013796200 ns, Reaching safepoint: 108300 ns, At safepoint: 13100 ns, Total: 121400 ns
[2023-12-25T11:55:22.480+0000][23980][safepoint   ] Safepoint "Cleanup", Time since last: 9067466000 ns, Reaching safepoint: 102400 ns, At safepoint: 23600 ns, Total: 126000 ns
[2023-12-25T11:55:28.520+0000][23980][safepoint   ] Safepoint "Cleanup", Time since last: 6040094000 ns, Reaching safepoint: 132200 ns, At safepoint: 64500 ns, Total: 196700 ns
[2023-12-25T11:55:34.556+0000][23980][safepoint   ] Safepoint "Cleanup", Time since last: 6036547100 ns, Reaching safepoint: 72600 ns, At safepoint: 10300 ns, Total: 82900 ns
[2023-12-25T11:56:33.165+0000][23980][safepoint   ] Safepoint "Cleanup", Time since last: 64084430900 ns, Reaching safepoint: 116500 ns, At safepoint: 8400 ns, Total: 124900 ns
[2023-12-25T11:56:36.191+0000][23980][safepoint   ] Safepoint "Cleanup", Time since last: 3025172900 ns, Reaching safepoint: 203200 ns, At safepoint: 8700 ns, Total: 211900 ns
[2023-12-25T11:56:42.229+0000][23980][safepoint   ] Safepoint "Cleanup", Time since last: 6038342800 ns, Reaching safepoint: 108500 ns, At safepoint: 7800 ns, Total: 116300 ns
[2023-12-25T11:56:43.234+0000][23980][safepoint   ] Safepoint "Cleanup", Time since last: 1005231400 ns, Reaching safepoint: 69900 ns, At safepoint: 7600 ns, Total: 77500 ns
[2023-12-25T11:57:06.466+0000][23980][safepoint   ] Safepoint "Cleanup", Time since last: 23231527000 ns, Reaching safepoint: 116200 ns, At safepoint: 20800 ns, Total: 137000 ns
[2023-12-25T11:57:29.757+0000][23980][safepoint   ] Safepoint "Cleanup", Time since last: 23290976400 ns, Reaching safepoint: 115700 ns, At safepoint: 57700 ns, Total: 173400 ns
[2023-12-25T11:57:30.768+0000][23980][safepoint   ] Safepoint "Cleanup", Time since last: 1010961900 ns, Reaching safepoint: 111900 ns, At safepoint: 4000 ns, Total: 115900 ns
[2023-12-25T11:57:35.834+0000][23980][safepoint   ] Safepoint "Cleanup", Time since last: 5065508300 ns, Reaching safepoint: 131400 ns, At safepoint: 21300 ns, Total: 152700 ns
[2023-12-25T11:57:36.843+0000][23980][safepoint   ] Safepoint "Cleanup", Time since last: 1008680300 ns, Reaching safepoint: 88900 ns, At safepoint: 7600 ns, Total: 96500 ns
[2023-12-25T11:57:48.987+0000][23980][safepoint   ] Safepoint "Cleanup", Time since last: 12144007400 ns, Reaching safepoint: 147300 ns, At safepoint: 19800 ns, Total: 167100 ns
[2023-12-25T11:57:50.001+0000][23980][safepoint   ] Safepoint "Cleanup", Time since last: 1013718500 ns, Reaching safepoint: 68800 ns, At safepoint: 5600 ns, Total: 74400 ns
[2023-12-25T11:58:36.527+0000][23980][safepoint   ] Safepoint "Cleanup", Time since last: 46525926300 ns, Reaching safepoint: 150600 ns, At safepoint: 13800 ns, Total: 164400 ns
[2023-12-25T11:58:57.753+0000][23980][safepoint   ] Safepoint "Cleanup", Time since last: 21225612500 ns, Reaching safepoint: 89600 ns, At safepoint: 7100 ns, Total: 96700 ns
[2023-12-25T11:59:00.782+0000][23980][safepoint   ] Safepoint "Cleanup", Time since last: 3029559500 ns, Reaching safepoint: 89500 ns, At safepoint: 9000 ns, Total: 98500 ns
[2023-12-25T11:59:03.814+0000][23980][safepoint   ] Safepoint "Cleanup", Time since last: 3031668800 ns, Reaching safepoint: 109900 ns, At safepoint: 16200 ns, Total: 126100 ns
[2023-12-25T11:59:31.103+0000][23980][safepoint   ] Safepoint "Cleanup", Time since last: 27288785000 ns, Reaching safepoint: 118900 ns, At safepoint: 12700 ns, Total: 131600 ns
[2023-12-25T11:59:36.157+0000][23980][safepoint   ] Safepoint "Cleanup", Time since last: 5053500100 ns, Reaching safepoint: 85200 ns, At safepoint: 6300 ns, Total: 91500 ns
[2023-12-25T11:59:39.186+0000][23980][safepoint   ] Safepoint "Cleanup", Time since last: 3029883600 ns, Reaching safepoint: 111000 ns, At safepoint: 10600 ns, Total: 121600 ns
[2023-12-25T12:00:02.978+0000][23980][gc,start    ] GC(19) Pause Young (Normal) (G1 Evacuation Pause)
[2023-12-25T12:00:02.978+0000][23980][gc,task     ] GC(19) Using 8 workers of 8 for evacuation
[2023-12-25T12:00:02.978+0000][23980][gc,age      ] GC(19) Desired survivor size 159383552 bytes, new threshold 15 (max threshold 15)
[2023-12-25T12:00:03.035+0000][23980][gc,phases   ] GC(19)   Pre Evacuate Collection Set: 0.3ms
[2023-12-25T12:00:03.035+0000][23980][gc,phases   ] GC(19)   Merge Heap Roots: 0.3ms
[2023-12-25T12:00:03.035+0000][23980][gc,phases   ] GC(19)   Evacuate Collection Set: 54.0ms
[2023-12-25T12:00:03.035+0000][23980][gc,phases   ] GC(19)   Post Evacuate Collection Set: 3.0ms
[2023-12-25T12:00:03.035+0000][23980][gc,phases   ] GC(19)   Other: 0.4ms
[2023-12-25T12:00:03.035+0000][23980][gc,age      ] GC(19) Age table with threshold 15 (max threshold 15)
[2023-12-25T12:00:03.035+0000][23980][gc,age      ] GC(19) - age   1:    1890752 bytes,    1890752 total
[2023-12-25T12:00:03.035+0000][23980][gc,age      ] GC(19) - age   2:     399848 bytes,    2290600 total
[2023-12-25T12:00:03.035+0000][23980][gc,age      ] GC(19) - age   3:      81968 bytes,    2372568 total
[2023-12-25T12:00:03.035+0000][23980][gc,age      ] GC(19) - age   4:      41064 bytes,    2413632 total
[2023-12-25T12:00:03.035+0000][23980][gc,age      ] GC(19) - age   5:      84616 bytes,    2498248 total
[2023-12-25T12:00:03.035+0000][23980][gc,age      ] GC(19) - age   6:     983232 bytes,    3481480 total
[2023-12-25T12:00:03.035+0000][23980][gc,age      ] GC(19) - age   7:     287656 bytes,    3769136 total
[2023-12-25T12:00:03.035+0000][23980][gc,age      ] GC(19) - age   8:    5145872 bytes,    8915008 total
[2023-12-25T12:00:03.035+0000][23980][gc,age      ] GC(19) - age   9:   31569648 bytes,   40484656 total
[2023-12-25T12:00:03.035+0000][23980][gc,heap     ] GC(19) Eden regions: 595->0(594)
[2023-12-25T12:00:03.035+0000][23980][gc,heap     ] GC(19) Survivor regions: 11->12(76)
[2023-12-25T12:00:03.035+0000][23980][gc,heap     ] GC(19) Old regions: 17->17
[2023-12-25T12:00:03.035+0000][23980][gc,heap     ] GC(19) Archive regions: 0->0
[2023-12-25T12:00:03.036+0000][23980][gc,heap     ] GC(19) Humongous regions: 2->2
[2023-12-25T12:00:03.036+0000][23980][gc,metaspace] GC(19) Metaspace: 128021K(131584K)->128021K(131584K) NonClass: 111130K(112960K)->111130K(112960K) Class: 16891K(18624K)->16891K(18624K)
[2023-12-25T12:00:03.036+0000][23980][gc          ] GC(19) Pause Young (Normal) (G1 Evacuation Pause) 2496M->119M(4040M) 58.509ms
[2023-12-25T12:00:03.036+0000][23980][gc,cpu      ] GC(19) User=0.14s Sys=0.11s Real=0.06s
[2023-12-25T12:00:03.036+0000][23980][safepoint   ] Safepoint "G1CollectForAllocation", Time since last: 23791030800 ns, Reaching safepoint: 118400 ns, At safepoint: 58669800 ns, Total: 58788200 ns
[2023-12-25T12:00:31.325+0000][23980][safepoint   ] Safepoint "Cleanup", Time since last: 28288921200 ns, Reaching safepoint: 72500 ns, At safepoint: 19600 ns, Total: 92100 ns
[2023-12-25T12:00:36.381+0000][23980][safepoint   ] Safepoint "Cleanup", Time since last: 5055816300 ns, Reaching safepoint: 113100 ns, At safepoint: 20400 ns, Total: 133500 ns
[2023-12-25T12:00:37.396+0000][23980][safepoint   ] Safepoint "Cleanup", Time since last: 1014704500 ns, Reaching safepoint: 110100 ns, At safepoint: 12900 ns, Total: 123000 ns
[2023-12-25T12:00:39.417+0000][23980][safepoint   ] Safepoint "Cleanup", Time since last: 2020506700 ns, Reaching safepoint: 107400 ns, At safepoint: 14000 ns, Total: 121400 ns
[2023-12-25T12:01:00.628+0000][23980][safepoint   ] Safepoint "Cleanup", Time since last: 21210824300 ns, Reaching safepoint: 108100 ns, At safepoint: 11000 ns, Total: 119100 ns
[2023-12-25T12:01:09.709+0000][23980][safepoint   ] Safepoint "Cleanup", Time since last: 9081420500 ns, Reaching safepoint: 109100 ns, At safepoint: 16300 ns, Total: 125400 ns
[2023-12-25T12:01:24.863+0000][23980][safepoint   ] Safepoint "Cleanup", Time since last: 15153798200 ns, Reaching safepoint: 94200 ns, At safepoint: 9000 ns, Total: 103200 ns
[2023-12-25T12:01:35.969+0000][23980][safepoint   ] Safepoint "Cleanup", Time since last: 11105892900 ns, Reaching safepoint: 156600 ns, At safepoint: 14200 ns, Total: 170800 ns
[2023-12-25T12:01:52.089+0000][23980][safepoint   ] Safepoint "Cleanup", Time since last: 16119967800 ns, Reaching safepoint: 158500 ns, At safepoint: 19300 ns, Total: 177800 ns
[2023-12-25T12:02:01.162+0000][23980][safepoint   ] Safepoint "Cleanup", Time since last: 9072178900 ns, Reaching safepoint: 134000 ns, At safepoint: 13800 ns, Total: 147800 ns
[2023-12-25T12:02:36.509+0000][23980][safepoint   ] Safepoint "Cleanup", Time since last: 35347149100 ns, Reaching safepoint: 52900 ns, At safepoint: 8200 ns, Total: 61100 ns
[2023-12-25T12:03:06.780+0000][23980][safepoint   ] Safepoint "Cleanup", Time since last: 30270783500 ns, Reaching safepoint: 96800 ns, At safepoint: 10600 ns, Total: 107400 ns
[2023-12-25T12:03:36.056+0000][23980][safepoint   ] Safepoint "Cleanup", Time since last: 29276605900 ns, Reaching safepoint: 98900 ns, At safepoint: 14000 ns, Total: 112900 ns
[2023-12-25T12:03:58.201+0000][23980][safepoint   ] Safepoint "Cleanup", Time since last: 22144954200 ns, Reaching safepoint: 116700 ns, At safepoint: 12300 ns, Total: 129000 ns
[2023-12-25T12:04:14.379+0000][23980][safepoint   ] Safepoint "Cleanup", Time since last: 16177250100 ns, Reaching safepoint: 117200 ns, At safepoint: 15400 ns, Total: 132600 ns
[2023-12-25T12:04:31.563+0000][23980][safepoint   ] Safepoint "Cleanup", Time since last: 17183981700 ns, Reaching safepoint: 118500 ns, At safepoint: 8600 ns, Total: 127100 ns
[2023-12-25T12:04:36.616+0000][23980][safepoint   ] Safepoint "Cleanup", Time since last: 5052746600 ns, Reaching safepoint: 77700 ns, At safepoint: 18700 ns, Total: 96400 ns
[2023-12-25T12:04:51.794+0000][23980][safepoint   ] Safepoint "Cleanup", Time since last: 15177525700 ns, Reaching safepoint: 92300 ns, At safepoint: 16700 ns, Total: 109000 ns
[2023-12-25T12:05:00.893+0000][23980][safepoint   ] Safepoint "Cleanup", Time since last: 9099079600 ns, Reaching safepoint: 105200 ns, At safepoint: 12300 ns, Total: 117500 ns
[2023-12-25T12:05:01.901+0000][23980][safepoint   ] Safepoint "Cleanup", Time since last: 1007922500 ns, Reaching safepoint: 182500 ns, At safepoint: 15000 ns, Total: 197500 ns
[2023-12-25T12:05:03.922+0000][23980][safepoint   ] Safepoint "Cleanup", Time since last: 2021231400 ns, Reaching safepoint: 109700 ns, At safepoint: 23500 ns, Total: 133200 ns
[2023-12-25T12:05:28.162+0000][23980][safepoint   ] Safepoint "Cleanup", Time since last: 24239731100 ns, Reaching safepoint: 51900 ns, At safepoint: 10300 ns, Total: 62200 ns
[2023-12-25T12:05:37.215+0000][23980][safepoint   ] Safepoint "Cleanup", Time since last: 9052941100 ns, Reaching safepoint: 115700 ns, At safepoint: 11500 ns, Total: 127200 ns
[2023-12-25T12:05:43.264+0000][23980][safepoint   ] Safepoint "Cleanup", Time since last: 6049275400 ns, Reaching safepoint: 57000 ns, At safepoint: 7200 ns, Total: 64200 ns
[2023-12-25T12:05:55.378+0000][23980][safepoint   ] Safepoint "Cleanup", Time since last: 12113483600 ns, Reaching safepoint: 151600 ns, At safepoint: 18700 ns, Total: 170300 ns
[2023-12-25T12:06:25.692+0000][23980][safepoint   ] Safepoint "Cleanup", Time since last: 30313595300 ns, Reaching safepoint: 94700 ns, At safepoint: 12000 ns, Total: 106700 ns
[2023-12-25T12:06:29.731+0000][23980][safepoint   ] Safepoint "Cleanup", Time since last: 4039396000 ns, Reaching safepoint: 125500 ns, At safepoint: 11600 ns, Total: 137100 ns
[2023-12-25T12:06:30.742+0000][23980][safepoint   ] Safepoint "Cleanup", Time since last: 1010166800 ns, Reaching safepoint: 70800 ns, At safepoint: 8400 ns, Total: 79200 ns
[2023-12-25T12:06:35.802+0000][23980][safepoint   ] Safepoint "Cleanup", Time since last: 5060350000 ns, Reaching safepoint: 98500 ns, At safepoint: 6800 ns, Total: 105300 ns
[2023-12-25T12:06:54.007+0000][23980][safepoint   ] Safepoint "Cleanup", Time since last: 18204652400 ns, Reaching safepoint: 129500 ns, At safepoint: 13500 ns, Total: 143000 ns
[2023-12-25T12:07:02.090+0000][23980][safepoint   ] Safepoint "Cleanup", Time since last: 8082788400 ns, Reaching safepoint: 95400 ns, At safepoint: 9800 ns, Total: 105200 ns
[2023-12-25T12:07:13.198+0000][23980][safepoint   ] Safepoint "Cleanup", Time since last: 11107880800 ns, Reaching safepoint: 109800 ns, At safepoint: 12600 ns, Total: 122400 ns
[2023-12-25T12:07:27.338+0000][23980][safepoint   ] Safepoint "Cleanup", Time since last: 14139806400 ns, Reaching safepoint: 97700 ns, At safepoint: 23200 ns, Total: 120900 ns
[2023-12-25T12:07:31.376+0000][23980][safepoint   ] Safepoint "Cleanup", Time since last: 4037947300 ns, Reaching safepoint: 76600 ns, At safepoint: 11400 ns, Total: 88000 ns
[2023-12-25T12:07:36.437+0000][23980][safepoint   ] Safepoint "Cleanup", Time since last: 5061410800 ns, Reaching safepoint: 164900 ns, At safepoint: 17300 ns, Total: 182200 ns
[2023-12-25T12:07:37.446+0000][23980][safepoint   ] Safepoint "Cleanup", Time since last: 1008863900 ns, Reaching safepoint: 106000 ns, At safepoint: 14700 ns, Total: 120700 ns
[2023-12-25T12:08:15.852+0000][23980][safepoint   ] Safepoint "Cleanup", Time since last: 38405947700 ns, Reaching safepoint: 145500 ns, At safepoint: 22600 ns, Total: 168100 ns
[2023-12-25T12:09:01.334+0000][23980][safepoint   ] Safepoint "Cleanup", Time since last: 45481115100 ns, Reaching safepoint: 110800 ns, At safepoint: 12400 ns, Total: 123200 ns
[2023-12-25T12:09:07.406+0000][23980][safepoint   ] Safepoint "Cleanup", Time since last: 6071915400 ns, Reaching safepoint: 95800 ns, At safepoint: 13200 ns, Total: 109000 ns
[2023-12-25T12:09:13.469+0000][23980][safepoint   ] Safepoint "Cleanup", Time since last: 6063729700 ns, Reaching safepoint: 126200 ns, At safepoint: 12900 ns, Total: 139100 ns
[2023-12-25T12:09:14.484+0000][23980][safepoint   ] Safepoint "Cleanup", Time since last: 1014474500 ns, Reaching safepoint: 172000 ns, At safepoint: 15700 ns, Total: 187700 ns
[2023-12-25T12:09:33.701+0000][23980][safepoint   ] Safepoint "Cleanup", Time since last: 19216430100 ns, Reaching safepoint: 138700 ns, At safepoint: 18100 ns, Total: 156800 ns
[2023-12-25T12:09:37.735+0000][23980][safepoint   ] Safepoint "Cleanup", Time since last: 4034425400 ns, Reaching safepoint: 94500 ns, At safepoint: 16800 ns, Total: 111300 ns
[2023-12-25T12:09:40.774+0000][23980][safepoint   ] Safepoint "Cleanup", Time since last: 3038760900 ns, Reaching safepoint: 154800 ns, At safepoint: 12800 ns, Total: 167600 ns
[2023-12-25T12:10:06.461+0000][23980][safepoint   ] Safepoint "Cleanup", Time since last: 27239933500 ns, Reaching safepoint: 93700 ns, At safepoint: 6600 ns, Total: 100300 ns
[2023-12-25T12:10:23.504+0000][23980][gc,start    ] GC(20) Pause Young (Normal) (G1 Evacuation Pause)
[2023-12-25T12:10:23.506+0000][23980][gc,task     ] GC(20) Using 8 workers of 8 for evacuation
[2023-12-25T12:10:23.506+0000][23980][gc,age      ] GC(20) Desired survivor size 159383552 bytes, new threshold 15 (max threshold 15)
[2023-12-25T12:10:23.527+0000][23980][gc,phases   ] GC(20)   Pre Evacuate Collection Set: 0.2ms
[2023-12-25T12:10:23.527+0000][23980][gc,phases   ] GC(20)   Merge Heap Roots: 0.1ms
[2023-12-25T12:10:23.527+0000][23980][gc,phases   ] GC(20)   Evacuate Collection Set: 16.0ms
[2023-12-25T12:10:23.527+0000][23980][gc,phases   ] GC(20)   Post Evacuate Collection Set: 4.5ms
[2023-12-25T12:10:23.527+0000][23980][gc,phases   ] GC(20)   Other: 0.2ms
[2023-12-25T12:10:23.527+0000][23980][gc,age      ] GC(20) Age table with threshold 15 (max threshold 15)
[2023-12-25T12:10:23.527+0000][23980][gc,age      ] GC(20) - age   1:    1638208 bytes,    1638208 total
[2023-12-25T12:10:23.527+0000][23980][gc,age      ] GC(20) - age   2:     228552 bytes,    1866760 total
[2023-12-25T12:10:23.527+0000][23980][gc,age      ] GC(20) - age   3:     397008 bytes,    2263768 total
[2023-12-25T12:10:23.527+0000][23980][gc,age      ] GC(20) - age   4:      81968 bytes,    2345736 total
[2023-12-25T12:10:23.527+0000][23980][gc,age      ] GC(20) - age   5:      41064 bytes,    2386800 total
[2023-12-25T12:10:23.527+0000][23980][gc,age      ] GC(20) - age   6:      84520 bytes,    2471320 total
[2023-12-25T12:10:23.527+0000][23980][gc,age      ] GC(20) - age   7:     983232 bytes,    3454552 total
[2023-12-25T12:10:23.527+0000][23980][gc,age      ] GC(20) - age   8:     287656 bytes,    3742208 total
[2023-12-25T12:10:23.527+0000][23980][gc,age      ] GC(20) - age   9:    5145872 bytes,    8888080 total
[2023-12-25T12:10:23.527+0000][23980][gc,age      ] GC(20) - age  10:   31569568 bytes,   40457648 total
[2023-12-25T12:10:23.527+0000][23980][gc,heap     ] GC(20) Eden regions: 594->0(595)
[2023-12-25T12:10:23.527+0000][23980][gc,heap     ] GC(20) Survivor regions: 12->11(76)
[2023-12-25T12:10:23.527+0000][23980][gc,heap     ] GC(20) Old regions: 17->17
[2023-12-25T12:10:23.527+0000][23980][gc,heap     ] GC(20) Archive regions: 0->0
[2023-12-25T12:10:23.527+0000][23980][gc,heap     ] GC(20) Humongous regions: 2->2
[2023-12-25T12:10:23.527+0000][23980][gc,metaspace] GC(20) Metaspace: 128104K(131648K)->128104K(131648K) NonClass: 111212K(113024K)->111212K(113024K) Class: 16891K(18624K)->16891K(18624K)
[2023-12-25T12:10:23.528+0000][23980][gc          ] GC(20) Pause Young (Normal) (G1 Evacuation Pause) 2495M->117M(4040M) 23.596ms
[2023-12-25T12:10:23.528+0000][23980][gc,cpu      ] GC(20) User=0.11s Sys=0.02s Real=0.02s
[2023-12-25T12:10:23.528+0000][23980][safepoint   ] Safepoint "G1CollectForAllocation", Time since last: 17043585700 ns, Reaching safepoint: 91500 ns, At safepoint: 23732500 ns, Total: 23824000 ns
[2023-12-25T12:10:31.600+0000][23980][safepoint   ] Safepoint "Cleanup", Time since last: 8071804900 ns, Reaching safepoint: 86200 ns, At safepoint: 9000 ns, Total: 95200 ns
[2023-12-25T12:10:36.636+0000][23980][safepoint   ] Safepoint "Cleanup", Time since last: 5036030300 ns, Reaching safepoint: 71600 ns, At safepoint: 6900 ns, Total: 78500 ns
[2023-12-25T12:10:39.655+0000][23980][safepoint   ] Safepoint "Cleanup", Time since last: 3018893300 ns, Reaching safepoint: 55100 ns, At safepoint: 5300 ns, Total: 60400 ns
[2023-12-25T12:11:16.013+0000][23980][safepoint   ] Safepoint "Cleanup", Time since last: 36357810900 ns, Reaching safepoint: 107400 ns, At safepoint: 18100 ns, Total: 125500 ns
[2023-12-25T12:11:30.101+0000][23980][safepoint   ] Safepoint "Cleanup", Time since last: 14087891200 ns, Reaching safepoint: 76200 ns, At safepoint: 7000 ns, Total: 83200 ns
[2023-12-25T12:11:41.180+0000][23980][safepoint   ] Safepoint "Cleanup", Time since last: 11078501800 ns, Reaching safepoint: 92900 ns, At safepoint: 22600 ns, Total: 115500 ns
[2023-12-25T12:12:03.340+0000][23980][safepoint   ] Safepoint "Cleanup", Time since last: 22160639000 ns, Reaching safepoint: 64900 ns, At safepoint: 7000 ns, Total: 71900 ns
[2023-12-25T12:12:30.570+0000][23980][safepoint   ] Safepoint "Cleanup", Time since last: 27229523800 ns, Reaching safepoint: 117300 ns, At safepoint: 8000 ns, Total: 125300 ns
[2023-12-25T12:13:09.869+0000][23980][safepoint   ] Safepoint "Cleanup", Time since last: 39299282700 ns, Reaching safepoint: 55100 ns, At safepoint: 6600 ns, Total: 61700 ns
[2023-12-25T12:13:19.953+0000][23980][safepoint   ] Safepoint "Cleanup", Time since last: 10083914400 ns, Reaching safepoint: 74000 ns, At safepoint: 9800 ns, Total: 83800 ns
[2023-12-25T12:14:34.523+0000][23980][safepoint   ] Safepoint "Cleanup", Time since last: 74569980700 ns, Reaching safepoint: 77000 ns, At safepoint: 13900 ns, Total: 90900 ns
[2023-12-25T12:15:30.980+0000][23980][safepoint   ] Safepoint "Cleanup", Time since last: 56456829100 ns, Reaching safepoint: 93500 ns, At safepoint: 40200 ns, Total: 133700 ns
[2023-12-25T12:16:00.271+0000][23980][safepoint   ] Safepoint "Cleanup", Time since last: 29290947800 ns, Reaching safepoint: 78400 ns, At safepoint: 47300 ns, Total: 125700 ns
[2023-12-25T12:16:17.409+0000][23980][safepoint   ] Safepoint "Cleanup", Time since last: 17137873600 ns, Reaching safepoint: 53300 ns, At safepoint: 16900 ns, Total: 70200 ns
[2023-12-25T12:16:22.455+0000][23980][safepoint   ] Safepoint "Cleanup", Time since last: 5045967300 ns, Reaching safepoint: 80100 ns, At safepoint: 46800 ns, Total: 126900 ns
[2023-12-25T12:17:53.140+0000][23980][safepoint   ] Safepoint "Cleanup", Time since last: 90684824400 ns, Reaching safepoint: 92500 ns, At safepoint: 5800 ns, Total: 98300 ns
[2023-12-25T12:18:17.331+0000][23980][safepoint   ] Safepoint "Cleanup", Time since last: 24190791000 ns, Reaching safepoint: 52700 ns, At safepoint: 7800 ns, Total: 60500 ns
[2023-12-25T12:18:26.404+0000][23980][safepoint   ] Safepoint "Cleanup", Time since last: 9073020000 ns, Reaching safepoint: 86600 ns, At safepoint: 6000 ns, Total: 92600 ns
[2023-12-25T12:18:41.511+0000][23980][safepoint   ] Safepoint "Cleanup", Time since last: 15106642400 ns, Reaching safepoint: 59500 ns, At safepoint: 10300 ns, Total: 69800 ns
[2023-12-25T12:18:52.585+0000][23980][safepoint   ] Safepoint "Cleanup", Time since last: 11073364300 ns, Reaching safepoint: 76500 ns, At safepoint: 6800 ns, Total: 83300 ns
[2023-12-25T12:18:54.198+0000][23980][safepoint   ] Safepoint "Cleanup", Time since last: 1613190600 ns, Reaching safepoint: 137800 ns, At safepoint: 9200 ns, Total: 147000 ns
[2023-12-25T12:18:55.208+0000][23980][safepoint   ] Safepoint "Cleanup", Time since last: 1010328200 ns, Reaching safepoint: 72600 ns, At safepoint: 9100 ns, Total: 81700 ns
[2023-12-25T12:18:56.212+0000][23980][safepoint   ] Safepoint "Cleanup", Time since last: 1003901100 ns, Reaching safepoint: 49000 ns, At safepoint: 6700 ns, Total: 55700 ns
[2023-12-25T12:19:01.249+0000][23980][safepoint   ] Safepoint "Cleanup", Time since last: 5036786500 ns, Reaching safepoint: 78000 ns, At safepoint: 6100 ns, Total: 84100 ns
[2023-12-25T12:19:04.260+0000][23980][safepoint   ] Safepoint "Cleanup", Time since last: 3011198400 ns, Reaching safepoint: 181100 ns, At safepoint: 15300 ns, Total: 196400 ns
[2023-12-25T12:19:05.275+0000][23980][safepoint   ] Safepoint "Cleanup", Time since last: 1014741800 ns, Reaching safepoint: 58300 ns, At safepoint: 6400 ns, Total: 64700 ns
[2023-12-25T12:19:07.295+0000][23980][safepoint   ] Safepoint "Cleanup", Time since last: 2019191500 ns, Reaching safepoint: 105600 ns, At safepoint: 5400 ns, Total: 111000 ns
[2023-12-25T12:19:13.351+0000][23980][safepoint   ] Safepoint "Cleanup", Time since last: 6056635900 ns, Reaching safepoint: 63600 ns, At safepoint: 25900 ns, Total: 89500 ns
[2023-12-25T12:19:16.374+0000][23980][safepoint   ] Safepoint "Cleanup", Time since last: 3022632900 ns, Reaching safepoint: 70400 ns, At safepoint: 56200 ns, Total: 126600 ns
[2023-12-25T12:19:22.425+0000][23980][safepoint   ] Safepoint "Cleanup", Time since last: 6051196400 ns, Reaching safepoint: 91200 ns, At safepoint: 6500 ns, Total: 97700 ns
[2023-12-25T12:19:25.464+0000][23980][safepoint   ] Safepoint "Cleanup", Time since last: 3038909400 ns, Reaching safepoint: 56500 ns, At safepoint: 6300 ns, Total: 62800 ns
[2023-12-25T12:19:35.219+0000][23980][safepoint   ] Safepoint "Cleanup", Time since last: 9754409200 ns, Reaching safepoint: 73000 ns, At safepoint: 7600 ns, Total: 80600 ns
[2023-12-25T12:19:43.288+0000][23980][safepoint   ] Safepoint "Cleanup", Time since last: 8069039300 ns, Reaching safepoint: 82100 ns, At safepoint: 5900 ns, Total: 88000 ns
[2023-12-25T12:19:52.363+0000][23980][safepoint   ] Safepoint "Cleanup", Time since last: 9074785700 ns, Reaching safepoint: 44600 ns, At safepoint: 5800 ns, Total: 50400 ns
[2023-12-25T12:20:00.434+0000][23980][safepoint   ] Safepoint "Cleanup", Time since last: 8071167500 ns, Reaching safepoint: 44100 ns, At safepoint: 7000 ns, Total: 51100 ns
[2023-12-25T12:20:01.439+0000][23980][safepoint   ] Safepoint "Cleanup", Time since last: 1004592200 ns, Reaching safepoint: 113100 ns, At safepoint: 7400 ns, Total: 120500 ns
[2023-12-25T12:20:04.473+0000][23980][safepoint   ] Safepoint "Cleanup", Time since last: 3034578500 ns, Reaching safepoint: 66100 ns, At safepoint: 6300 ns, Total: 72400 ns
[2023-12-25T12:20:19.609+0000][23980][safepoint   ] Safepoint "Cleanup", Time since last: 15135617000 ns, Reaching safepoint: 74500 ns, At safepoint: 6900 ns, Total: 81400 ns
[2023-12-25T12:20:20.616+0000][23980][safepoint   ] Safepoint "Cleanup", Time since last: 1006660900 ns, Reaching safepoint: 63200 ns, At safepoint: 5200 ns, Total: 68400 ns
[2023-12-25T12:20:25.644+0000][23980][safepoint   ] Safepoint "Cleanup", Time since last: 5027481300 ns, Reaching safepoint: 694100 ns, At safepoint: 6300 ns, Total: 700400 ns
[2023-12-25T12:20:28.672+0000][23980][safepoint   ] Safepoint "Cleanup", Time since last: 3027666000 ns, Reaching safepoint: 687900 ns, At safepoint: 15200 ns, Total: 703100 ns
[2023-12-25T12:20:31.101+0000][23980][gc,start    ] GC(21) Pause Young (Normal) (G1 Evacuation Pause)
[2023-12-25T12:20:31.101+0000][23980][gc,task     ] GC(21) Using 8 workers of 8 for evacuation
[2023-12-25T12:20:31.101+0000][23980][gc,age      ] GC(21) Desired survivor size 159383552 bytes, new threshold 15 (max threshold 15)
[2023-12-25T12:20:31.118+0000][23980][gc,phases   ] GC(21)   Pre Evacuate Collection Set: 0.3ms
[2023-12-25T12:20:31.118+0000][23980][gc,phases   ] GC(21)   Merge Heap Roots: 2.0ms
[2023-12-25T12:20:31.118+0000][23980][gc,phases   ] GC(21)   Evacuate Collection Set: 12.8ms
[2023-12-25T12:20:31.118+0000][23980][gc,phases   ] GC(21)   Post Evacuate Collection Set: 2.1ms
[2023-12-25T12:20:31.118+0000][23980][gc,phases   ] GC(21)   Other: 0.2ms
[2023-12-25T12:20:31.118+0000][23980][gc,age      ] GC(21) Age table with threshold 15 (max threshold 15)
[2023-12-25T12:20:31.118+0000][23980][gc,age      ] GC(21) - age   1:    1746872 bytes,    1746872 total
[2023-12-25T12:20:31.118+0000][23980][gc,age      ] GC(21) - age   2:     108544 bytes,    1855416 total
[2023-12-25T12:20:31.118+0000][23980][gc,age      ] GC(21) - age   3:     220848 bytes,    2076264 total
[2023-12-25T12:20:31.118+0000][23980][gc,age      ] GC(21) - age   4:     397008 bytes,    2473272 total
[2023-12-25T12:20:31.118+0000][23980][gc,age      ] GC(21) - age   5:      81832 bytes,    2555104 total
[2023-12-25T12:20:31.118+0000][23980][gc,age      ] GC(21) - age   6:      40984 bytes,    2596088 total
[2023-12-25T12:20:31.118+0000][23980][gc,age      ] GC(21) - age   7:      83432 bytes,    2679520 total
[2023-12-25T12:20:31.118+0000][23980][gc,age      ] GC(21) - age   8:     793072 bytes,    3472592 total
[2023-12-25T12:20:31.118+0000][23980][gc,age      ] GC(21) - age   9:     287592 bytes,    3760184 total
[2023-12-25T12:20:31.118+0000][23980][gc,age      ] GC(21) - age  10:    5140640 bytes,    8900824 total
[2023-12-25T12:20:31.118+0000][23980][gc,age      ] GC(21) - age  11:   31568656 bytes,   40469480 total
[2023-12-25T12:20:31.118+0000][23980][gc,heap     ] GC(21) Eden regions: 595->0(595)
[2023-12-25T12:20:31.118+0000][23980][gc,heap     ] GC(21) Survivor regions: 11->11(76)
[2023-12-25T12:20:31.118+0000][23980][gc,heap     ] GC(21) Old regions: 17->17
[2023-12-25T12:20:31.118+0000][23980][gc,heap     ] GC(21) Archive regions: 0->0
[2023-12-25T12:20:31.118+0000][23980][gc,heap     ] GC(21) Humongous regions: 2->2
[2023-12-25T12:20:31.118+0000][23980][gc,metaspace] GC(21) Metaspace: 128151K(131712K)->128151K(131712K) NonClass: 111252K(113088K)->111252K(113088K) Class: 16898K(18624K)->16898K(18624K)
[2023-12-25T12:20:31.118+0000][23980][gc          ] GC(21) Pause Young (Normal) (G1 Evacuation Pause) 2497M->118M(4040M) 18.176ms
[2023-12-25T12:20:31.119+0000][23980][gc,cpu      ] GC(21) User=0.11s Sys=0.02s Real=0.02s
[2023-12-25T12:20:31.119+0000][23980][safepoint   ] Safepoint "G1CollectForAllocation", Time since last: 2428380100 ns, Reaching safepoint: 75000 ns, At safepoint: 18349900 ns, Total: 18424900 ns
[2023-12-25T12:20:35.159+0000][23980][safepoint   ] Safepoint "Cleanup", Time since last: 4040262800 ns, Reaching safepoint: 77000 ns, At safepoint: 7100 ns, Total: 84100 ns
[2023-12-25T12:20:38.183+0000][23980][safepoint   ] Safepoint "Cleanup", Time since last: 3023415000 ns, Reaching safepoint: 83600 ns, At safepoint: 10000 ns, Total: 93600 ns
[2023-12-25T12:21:05.501+0000][23980][safepoint   ] Safepoint "Cleanup", Time since last: 27317730900 ns, Reaching safepoint: 102800 ns, At safepoint: 14100 ns, Total: 116900 ns
[2023-12-25T12:21:16.628+0000][23980][safepoint   ] Safepoint "Cleanup", Time since last: 11126687700 ns, Reaching safepoint: 98400 ns, At safepoint: 49500 ns, Total: 147900 ns
[2023-12-25T12:21:25.730+0000][23980][safepoint   ] Safepoint "Cleanup", Time since last: 9102605500 ns, Reaching safepoint: 138100 ns, At safepoint: 14000 ns, Total: 152100 ns
[2023-12-25T12:21:29.770+0000][23980][safepoint   ] Safepoint "Cleanup", Time since last: 4039736600 ns, Reaching safepoint: 106300 ns, At safepoint: 27300 ns, Total: 133600 ns
[2023-12-25T12:21:34.828+0000][23980][safepoint   ] Safepoint "Cleanup", Time since last: 5057156700 ns, Reaching safepoint: 108300 ns, At safepoint: 14200 ns, Total: 122500 ns
[2023-12-25T12:21:56.053+0000][23980][safepoint   ] Safepoint "Cleanup", Time since last: 21225139000 ns, Reaching safepoint: 81500 ns, At safepoint: 11300 ns, Total: 92800 ns
[2023-12-25T12:22:02.120+0000][23980][safepoint   ] Safepoint "Cleanup", Time since last: 6067365200 ns, Reaching safepoint: 98600 ns, At safepoint: 13400 ns, Total: 112000 ns
[2023-12-25T12:22:29.423+0000][23980][safepoint   ] Safepoint "Cleanup", Time since last: 27302216100 ns, Reaching safepoint: 104500 ns, At safepoint: 11100 ns, Total: 115600 ns
[2023-12-25T12:22:34.482+0000][23980][safepoint   ] Safepoint "Cleanup", Time since last: 5059686600 ns, Reaching safepoint: 105900 ns, At safepoint: 11100 ns, Total: 117000 ns
[2023-12-25T12:22:52.682+0000][23980][safepoint   ] Safepoint "Cleanup", Time since last: 18199058900 ns, Reaching safepoint: 64300 ns, At safepoint: 10600 ns, Total: 74900 ns
[2023-12-25T12:23:53.316+0000][23980][safepoint   ] Safepoint "Cleanup", Time since last: 60634682500 ns, Reaching safepoint: 127300 ns, At safepoint: 12500 ns, Total: 139800 ns
[2023-12-25T12:24:34.682+0000][23980][safepoint   ] Safepoint "Cleanup", Time since last: 41365406600 ns, Reaching safepoint: 83700 ns, At safepoint: 8500 ns, Total: 92200 ns
[2023-12-25T12:24:50.852+0000][23980][safepoint   ] Safepoint "Cleanup", Time since last: 16170120200 ns, Reaching safepoint: 125500 ns, At safepoint: 13700 ns, Total: 139200 ns
[2023-12-25T12:24:52.871+0000][23980][safepoint   ] Safepoint "Cleanup", Time since last: 2019082700 ns, Reaching safepoint: 66500 ns, At safepoint: 7600 ns, Total: 74100 ns
[2023-12-25T12:24:59.945+0000][23980][safepoint   ] Safepoint "Cleanup", Time since last: 7074042400 ns, Reaching safepoint: 81800 ns, At safepoint: 10000 ns, Total: 91800 ns
[2023-12-25T12:25:00.958+0000][23980][safepoint   ] Safepoint "Cleanup", Time since last: 1012790800 ns, Reaching safepoint: 116700 ns, At safepoint: 10800 ns, Total: 127500 ns
[2023-12-25T12:25:17.128+0000][23980][safepoint   ] Safepoint "Cleanup", Time since last: 16169552100 ns, Reaching safepoint: 59100 ns, At safepoint: 8500 ns, Total: 67600 ns
[2023-12-25T12:25:26.228+0000][23980][safepoint   ] Safepoint "Cleanup", Time since last: 9099339800 ns, Reaching safepoint: 191100 ns, At safepoint: 21600 ns, Total: 212700 ns
[2023-12-25T12:25:34.313+0000][23980][safepoint   ] Safepoint "Cleanup", Time since last: 8085859700 ns, Reaching safepoint: 117600 ns, At safepoint: 17500 ns, Total: 135100 ns
[2023-12-25T12:26:00.605+0000][23980][safepoint   ] Safepoint "Cleanup", Time since last: 26291424000 ns, Reaching safepoint: 127000 ns, At safepoint: 15100 ns, Total: 142100 ns
[2023-12-25T12:26:33.956+0000][23980][safepoint   ] Safepoint "Cleanup", Time since last: 33350670300 ns, Reaching safepoint: 129800 ns, At safepoint: 70200 ns, Total: 200000 ns
[2023-12-25T12:26:42.049+0000][23980][safepoint   ] Safepoint "Cleanup", Time since last: 8093127100 ns, Reaching safepoint: 117400 ns, At safepoint: 17900 ns, Total: 135300 ns
[2023-12-25T12:27:00.236+0000][23980][safepoint   ] Safepoint "Cleanup", Time since last: 18186387500 ns, Reaching safepoint: 122100 ns, At safepoint: 12100 ns, Total: 134200 ns
[2023-12-25T12:29:15.638+0000][23980][safepoint   ] Safepoint "Cleanup", Time since last: 135402760100 ns, Reaching safepoint: 162800 ns, At safepoint: 15500 ns, Total: 178300 ns
[2023-12-25T12:29:26.710+0000][23980][safepoint   ] Safepoint "Cleanup", Time since last: 11070789600 ns, Reaching safepoint: 102100 ns, At safepoint: 21100 ns, Total: 123200 ns
[2023-12-25T12:30:44.609+0000][23980][gc,start    ] GC(22) Pause Young (Normal) (G1 Evacuation Pause)
[2023-12-25T12:30:44.610+0000][23980][gc,task     ] GC(22) Using 8 workers of 8 for evacuation
[2023-12-25T12:30:44.610+0000][23980][gc,age      ] GC(22) Desired survivor size 159383552 bytes, new threshold 15 (max threshold 15)
[2023-12-25T12:30:44.659+0000][23980][gc,phases   ] GC(22)   Pre Evacuate Collection Set: 0.2ms
[2023-12-25T12:30:44.659+0000][23980][gc,phases   ] GC(22)   Merge Heap Roots: 23.2ms
[2023-12-25T12:30:44.659+0000][23980][gc,phases   ] GC(22)   Evacuate Collection Set: 22.4ms
[2023-12-25T12:30:44.659+0000][23980][gc,phases   ] GC(22)   Post Evacuate Collection Set: 3.5ms
[2023-12-25T12:30:44.659+0000][23980][gc,phases   ] GC(22)   Other: 0.3ms
[2023-12-25T12:30:44.659+0000][23980][gc,age      ] GC(22) Age table with threshold 15 (max threshold 15)
[2023-12-25T12:30:44.660+0000][23980][gc,age      ] GC(22) - age   1:    1472408 bytes,    1472408 total
[2023-12-25T12:30:44.660+0000][23980][gc,age      ] GC(22) - age   2:     471104 bytes,    1943512 total
[2023-12-25T12:30:44.660+0000][23980][gc,age      ] GC(22) - age   3:     107144 bytes,    2050656 total
[2023-12-25T12:30:44.660+0000][23980][gc,age      ] GC(22) - age   4:     220768 bytes,    2271424 total
[2023-12-25T12:30:44.660+0000][23980][gc,age      ] GC(22) - age   5:     397008 bytes,    2668432 total
[2023-12-25T12:30:44.660+0000][23980][gc,age      ] GC(22) - age   6:      81752 bytes,    2750184 total
[2023-12-25T12:30:44.660+0000][23980][gc,age      ] GC(22) - age   7:      40984 bytes,    2791168 total
[2023-12-25T12:30:44.660+0000][23980][gc,age      ] GC(22) - age   8:      83432 bytes,    2874600 total
[2023-12-25T12:30:44.660+0000][23980][gc,age      ] GC(22) - age   9:     793072 bytes,    3667672 total
[2023-12-25T12:30:44.660+0000][23980][gc,age      ] GC(22) - age  10:     287592 bytes,    3955264 total
[2023-12-25T12:30:44.660+0000][23980][gc,age      ] GC(22) - age  11:    5140640 bytes,    9095904 total
[2023-12-25T12:30:44.660+0000][23980][gc,age      ] GC(22) - age  12:   31568656 bytes,   40664560 total
[2023-12-25T12:30:44.660+0000][23980][gc,heap     ] GC(22) Eden regions: 595->0(595)
[2023-12-25T12:30:44.660+0000][23980][gc,heap     ] GC(22) Survivor regions: 11->11(76)
[2023-12-25T12:30:44.660+0000][23980][gc,heap     ] GC(22) Old regions: 17->17
[2023-12-25T12:30:44.660+0000][23980][gc,heap     ] GC(22) Archive regions: 0->0
[2023-12-25T12:30:44.660+0000][23980][gc,heap     ] GC(22) Humongous regions: 2->2
[2023-12-25T12:30:44.660+0000][23980][gc,metaspace] GC(22) Metaspace: 128169K(131712K)->128169K(131712K) NonClass: 111270K(113088K)->111270K(113088K) Class: 16898K(18624K)->16898K(18624K)
[2023-12-25T12:30:44.660+0000][23980][gc          ] GC(22) Pause Young (Normal) (G1 Evacuation Pause) 2498M->116M(4040M) 50.595ms
[2023-12-25T12:30:44.660+0000][23980][gc,cpu      ] GC(22) User=0.20s Sys=0.00s Real=0.05s
[2023-12-25T12:30:44.660+0000][23980][safepoint   ] Safepoint "G1CollectForAllocation", Time since last: 77900005300 ns, Reaching safepoint: 92400 ns, At safepoint: 50770900 ns, Total: 50863300 ns
[2023-12-25T12:30:46.674+0000][23980][safepoint   ] Safepoint "Cleanup", Time since last: 2013850000 ns, Reaching safepoint: 105800 ns, At safepoint: 14200 ns, Total: 120000 ns
[2023-12-25T12:30:53.732+0000][23980][safepoint   ] Safepoint "Cleanup", Time since last: 7057486300 ns, Reaching safepoint: 298300 ns, At safepoint: 31100 ns, Total: 329400 ns
[2023-12-25T12:30:54.736+0000][23980][safepoint   ] Safepoint "Cleanup", Time since last: 1003910600 ns, Reaching safepoint: 86000 ns, At safepoint: 13600 ns, Total: 99600 ns
[2023-12-25T12:30:55.741+0000][23980][safepoint   ] Safepoint "Cleanup", Time since last: 1004906400 ns, Reaching safepoint: 91600 ns, At safepoint: 15900 ns, Total: 107500 ns
[2023-12-25T12:30:56.745+0000][23980][safepoint   ] Safepoint "Cleanup", Time since last: 1003059600 ns, Reaching safepoint: 125800 ns, At safepoint: 25200 ns, Total: 151000 ns
[2023-12-25T12:30:59.766+0000][23980][safepoint   ] Safepoint "Cleanup", Time since last: 3021969600 ns, Reaching safepoint: 138800 ns, At safepoint: 11600 ns, Total: 150400 ns
[2023-12-25T12:31:01.767+0000][23980][safepoint   ] Safepoint "Cleanup", Time since last: 2000446600 ns, Reaching safepoint: 178100 ns, At safepoint: 30700 ns, Total: 208800 ns
[2023-12-25T12:31:22.896+0000][23980][safepoint   ] Safepoint "Cleanup", Time since last: 21128872800 ns, Reaching safepoint: 159600 ns, At safepoint: 17900 ns, Total: 177500 ns
[2023-12-25T12:31:30.945+0000][23980][safepoint   ] Safepoint "Cleanup", Time since last: 8048535000 ns, Reaching safepoint: 190400 ns, At safepoint: 36800 ns, Total: 227200 ns
[2023-12-25T12:32:10.221+0000][23980][safepoint   ] Safepoint "Cleanup", Time since last: 39276377600 ns, Reaching safepoint: 116200 ns, At safepoint: 11100 ns, Total: 127300 ns
[2023-12-25T12:32:21.278+0000][23980][safepoint   ] Safepoint "Cleanup", Time since last: 11056132000 ns, Reaching safepoint: 55600 ns, At safepoint: 4900 ns, Total: 60500 ns
[2023-12-25T12:32:42.456+0000][23980][safepoint   ] Safepoint "Cleanup", Time since last: 21178256700 ns, Reaching safepoint: 134700 ns, At safepoint: 18200 ns, Total: 152900 ns
[2023-12-25T12:33:15.665+0000][23980][safepoint   ] Safepoint "Cleanup", Time since last: 33208676300 ns, Reaching safepoint: 113400 ns, At safepoint: 11100 ns, Total: 124500 ns
[2023-12-25T12:38:03.840+0000][23980][safepoint   ] Safepoint "Cleanup", Time since last: 288174867500 ns, Reaching safepoint: 122800 ns, At safepoint: 15600 ns, Total: 138400 ns
[2023-12-25T12:38:10.894+0000][23980][safepoint   ] Safepoint "Cleanup", Time since last: 7053530100 ns, Reaching safepoint: 89700 ns, At safepoint: 7400 ns, Total: 97100 ns
[2023-12-25T12:38:12.916+0000][23980][safepoint   ] Safepoint "Cleanup", Time since last: 2021886800 ns, Reaching safepoint: 107500 ns, At safepoint: 82100 ns, Total: 189600 ns
[2023-12-25T12:38:20.990+0000][23980][safepoint   ] Safepoint "Cleanup", Time since last: 8074387600 ns, Reaching safepoint: 96300 ns, At safepoint: 12400 ns, Total: 108700 ns
[2023-12-25T12:38:35.103+0000][23980][safepoint   ] Safepoint "Cleanup", Time since last: 14112556200 ns, Reaching safepoint: 94200 ns, At safepoint: 11000 ns, Total: 105200 ns
[2023-12-25T12:39:47.541+0000][23980][safepoint   ] Safepoint "Cleanup", Time since last: 72437702600 ns, Reaching safepoint: 161400 ns, At safepoint: 17100 ns, Total: 178500 ns
[2023-12-25T12:40:05.635+0000][23980][safepoint   ] Safepoint "Cleanup", Time since last: 18094579600 ns, Reaching safepoint: 60600 ns, At safepoint: 7600 ns, Total: 68200 ns
[2023-12-25T12:40:07.653+0000][23980][safepoint   ] Safepoint "Cleanup", Time since last: 2016949700 ns, Reaching safepoint: 121100 ns, At safepoint: 15300 ns, Total: 136400 ns
[2023-12-25T12:40:48.655+0000][23980][gc,start    ] GC(23) Pause Young (Normal) (G1 Evacuation Pause)
[2023-12-25T12:40:48.655+0000][23980][gc,task     ] GC(23) Using 8 workers of 8 for evacuation
[2023-12-25T12:40:48.655+0000][23980][gc,age      ] GC(23) Desired survivor size 159383552 bytes, new threshold 15 (max threshold 15)
[2023-12-25T12:40:48.674+0000][23980][gc,phases   ] GC(23)   Pre Evacuate Collection Set: 0.1ms
[2023-12-25T12:40:48.674+0000][23980][gc,phases   ] GC(23)   Merge Heap Roots: 0.1ms
[2023-12-25T12:40:48.674+0000][23980][gc,phases   ] GC(23)   Evacuate Collection Set: 16.5ms
[2023-12-25T12:40:48.674+0000][23980][gc,phases   ] GC(23)   Post Evacuate Collection Set: 2.5ms
[2023-12-25T12:40:48.674+0000][23980][gc,phases   ] GC(23)   Other: 0.2ms
[2023-12-25T12:40:48.674+0000][23980][gc,age      ] GC(23) Age table with threshold 15 (max threshold 15)
[2023-12-25T12:40:48.674+0000][23980][gc,age      ] GC(23) - age   1:    1409152 bytes,    1409152 total
[2023-12-25T12:40:48.674+0000][23980][gc,age      ] GC(23) - age   2:       7552 bytes,    1416704 total
[2023-12-25T12:40:48.674+0000][23980][gc,age      ] GC(23) - age   3:     468568 bytes,    1885272 total
[2023-12-25T12:40:48.674+0000][23980][gc,age      ] GC(23) - age   4:     107064 bytes,    1992336 total
[2023-12-25T12:40:48.674+0000][23980][gc,age      ] GC(23) - age   5:     212240 bytes,    2204576 total
[2023-12-25T12:40:48.674+0000][23980][gc,age      ] GC(23) - age   6:     396968 bytes,    2601544 total
[2023-12-25T12:40:48.674+0000][23980][gc,age      ] GC(23) - age   7:      80352 bytes,    2681896 total
[2023-12-25T12:40:48.674+0000][23980][gc,age      ] GC(23) - age   8:      40984 bytes,    2722880 total
[2023-12-25T12:40:48.674+0000][23980][gc,age      ] GC(23) - age   9:      83432 bytes,    2806312 total
[2023-12-25T12:40:48.674+0000][23980][gc,age      ] GC(23) - age  10:     793072 bytes,    3599384 total
[2023-12-25T12:40:48.674+0000][23980][gc,age      ] GC(23) - age  11:     287592 bytes,    3886976 total
[2023-12-25T12:40:48.674+0000][23980][gc,age      ] GC(23) - age  12:    5140640 bytes,    9027616 total
[2023-12-25T12:40:48.674+0000][23980][gc,age      ] GC(23) - age  13:   31568656 bytes,   40596272 total
[2023-12-25T12:40:48.674+0000][23980][gc,heap     ] GC(23) Eden regions: 595->0(595)
[2023-12-25T12:40:48.674+0000][23980][gc,heap     ] GC(23) Survivor regions: 11->11(76)
[2023-12-25T12:40:48.674+0000][23980][gc,heap     ] GC(23) Old regions: 17->17
[2023-12-25T12:40:48.675+0000][23980][gc,heap     ] GC(23) Archive regions: 0->0
[2023-12-25T12:40:48.675+0000][23980][gc,heap     ] GC(23) Humongous regions: 2->2
[2023-12-25T12:40:48.675+0000][23980][gc,metaspace] GC(23) Metaspace: 128299K(131840K)->128299K(131840K) NonClass: 111400K(113216K)->111400K(113216K) Class: 16898K(18624K)->16898K(18624K)
[2023-12-25T12:40:48.675+0000][23980][gc          ] GC(23) Pause Young (Normal) (G1 Evacuation Pause) 2496M->114M(4040M) 20.046ms
[2023-12-25T12:40:48.675+0000][23980][gc,cpu      ] GC(23) User=0.11s Sys=0.02s Real=0.02s
[2023-12-25T12:40:48.675+0000][23980][safepoint   ] Safepoint "G1CollectForAllocation", Time since last: 41002242800 ns, Reaching safepoint: 106600 ns, At safepoint: 20158000 ns, Total: 20264600 ns
[2023-12-25T12:41:16.896+0000][23980][safepoint   ] Safepoint "Cleanup", Time since last: 28221265700 ns, Reaching safepoint: 89700 ns, At safepoint: 15200 ns, Total: 104900 ns
[2023-12-25T12:42:34.417+0000][23980][safepoint   ] Safepoint "Cleanup", Time since last: 77520970800 ns, Reaching safepoint: 94100 ns, At safepoint: 9500 ns, Total: 103600 ns
[2023-12-25T12:42:35.421+0000][23980][safepoint   ] Safepoint "Cleanup", Time since last: 1003131500 ns, Reaching safepoint: 114700 ns, At safepoint: 15800 ns, Total: 130500 ns
[2023-12-25T12:42:52.554+0000][23980][safepoint   ] Safepoint "Cleanup", Time since last: 17133174100 ns, Reaching safepoint: 104900 ns, At safepoint: 9300 ns, Total: 114200 ns
[2023-12-25T12:42:53.567+0000][23980][safepoint   ] Safepoint "Cleanup", Time since last: 1012855600 ns, Reaching safepoint: 112500 ns, At safepoint: 19400 ns, Total: 131900 ns
[2023-12-25T12:43:13.696+0000][23980][safepoint   ] Safepoint "Cleanup", Time since last: 20129237400 ns, Reaching safepoint: 91400 ns, At safepoint: 13200 ns, Total: 104600 ns
[2023-12-25T12:44:35.285+0000][23980][safepoint   ] Safepoint "Cleanup", Time since last: 81589429500 ns, Reaching safepoint: 149700 ns, At safepoint: 22200 ns, Total: 171900 ns
[2023-12-25T12:45:01.497+0000][23980][safepoint   ] Safepoint "Cleanup", Time since last: 26211184800 ns, Reaching safepoint: 115800 ns, At safepoint: 16300 ns, Total: 132100 ns
[2023-12-25T12:47:34.471+0000][23980][safepoint   ] Safepoint "Cleanup", Time since last: 152973786100 ns, Reaching safepoint: 99600 ns, At safepoint: 13200 ns, Total: 112800 ns
[2023-12-25T12:48:34.882+0000][23980][safepoint   ] Safepoint "Cleanup", Time since last: 60411225600 ns, Reaching safepoint: 97300 ns, At safepoint: 11100 ns, Total: 108400 ns
[2023-12-25T12:48:53.999+0000][23980][safepoint   ] Safepoint "Cleanup", Time since last: 19116257400 ns, Reaching safepoint: 201200 ns, At safepoint: 13200 ns, Total: 214400 ns
[2023-12-25T12:49:44.296+0000][23980][safepoint   ] Safepoint "Cleanup", Time since last: 50297013400 ns, Reaching safepoint: 113800 ns, At safepoint: 15400 ns, Total: 129200 ns
[2023-12-25T12:49:56.378+0000][23980][safepoint   ] Safepoint "Cleanup", Time since last: 12082011400 ns, Reaching safepoint: 92200 ns, At safepoint: 9700 ns, Total: 101900 ns
[2023-12-25T12:49:59.400+0000][23980][safepoint   ] Safepoint "Cleanup", Time since last: 3021426300 ns, Reaching safepoint: 109300 ns, At safepoint: 15400 ns, Total: 124700 ns
[2023-12-25T12:50:05.434+0000][23980][safepoint   ] Safepoint "Cleanup", Time since last: 6034496300 ns, Reaching safepoint: 102800 ns, At safepoint: 17900 ns, Total: 120700 ns
[2023-12-25T12:50:08.467+0000][23980][safepoint   ] Safepoint "Cleanup", Time since last: 3032254400 ns, Reaching safepoint: 126200 ns, At safepoint: 25200 ns, Total: 151400 ns
[2023-12-25T12:50:14.513+0000][23980][safepoint   ] Safepoint "Cleanup", Time since last: 6046180800 ns, Reaching safepoint: 98200 ns, At safepoint: 10500 ns, Total: 108700 ns
[2023-12-25T12:50:24.573+0000][23980][safepoint   ] Safepoint "Cleanup", Time since last: 10060027700 ns, Reaching safepoint: 130500 ns, At safepoint: 13600 ns, Total: 144100 ns
[2023-12-25T12:50:29.596+0000][23980][safepoint   ] Safepoint "Cleanup", Time since last: 5022921800 ns, Reaching safepoint: 107400 ns, At safepoint: 17600 ns, Total: 125000 ns
[2023-12-25T12:50:47.296+0000][23980][gc,start    ] GC(24) Pause Young (Normal) (G1 Evacuation Pause)
[2023-12-25T12:50:47.296+0000][23980][gc,task     ] GC(24) Using 8 workers of 8 for evacuation
[2023-12-25T12:50:47.296+0000][23980][gc,age      ] GC(24) Desired survivor size 159383552 bytes, new threshold 15 (max threshold 15)
[2023-12-25T12:50:47.316+0000][23980][gc,phases   ] GC(24)   Pre Evacuate Collection Set: 0.2ms
[2023-12-25T12:50:47.316+0000][23980][gc,phases   ] GC(24)   Merge Heap Roots: 0.2ms
[2023-12-25T12:50:47.316+0000][23980][gc,phases   ] GC(24)   Evacuate Collection Set: 15.3ms
[2023-12-25T12:50:47.317+0000][23980][gc,phases   ] GC(24)   Post Evacuate Collection Set: 3.8ms
[2023-12-25T12:50:47.317+0000][23980][gc,phases   ] GC(24)   Other: 0.2ms
[2023-12-25T12:50:47.317+0000][23980][gc,age      ] GC(24) Age table with threshold 15 (max threshold 15)
[2023-12-25T12:50:47.317+0000][23980][gc,age      ] GC(24) - age   1:    1211568 bytes,    1211568 total
[2023-12-25T12:50:47.317+0000][23980][gc,age      ] GC(24) - age   2:      17360 bytes,    1228928 total
[2023-12-25T12:50:47.317+0000][23980][gc,age      ] GC(24) - age   3:       5432 bytes,    1234360 total
[2023-12-25T12:50:47.317+0000][23980][gc,age      ] GC(24) - age   4:     243776 bytes,    1478136 total
[2023-12-25T12:50:47.317+0000][23980][gc,age      ] GC(24) - age   5:     106376 bytes,    1584512 total
[2023-12-25T12:50:47.317+0000][23980][gc,age      ] GC(24) - age   6:     212160 bytes,    1796672 total
[2023-12-25T12:50:47.317+0000][23980][gc,age      ] GC(24) - age   7:     321760 bytes,    2118432 total
[2023-12-25T12:50:47.317+0000][23980][gc,age      ] GC(24) - age   8:      80352 bytes,    2198784 total
[2023-12-25T12:50:47.317+0000][23980][gc,age      ] GC(24) - age   9:      40984 bytes,    2239768 total
[2023-12-25T12:50:47.317+0000][23980][gc,age      ] GC(24) - age  10:      83432 bytes,    2323200 total
[2023-12-25T12:50:47.317+0000][23980][gc,age      ] GC(24) - age  11:     661776 bytes,    2984976 total
[2023-12-25T12:50:47.317+0000][23980][gc,age      ] GC(24) - age  12:     287592 bytes,    3272568 total
[2023-12-25T12:50:47.317+0000][23980][gc,age      ] GC(24) - age  13:    5140640 bytes,    8413208 total
[2023-12-25T12:50:47.317+0000][23980][gc,age      ] GC(24) - age  14:   31568656 bytes,   39981864 total
[2023-12-25T12:50:47.317+0000][23980][gc,heap     ] GC(24) Eden regions: 595->0(595)
[2023-12-25T12:50:47.317+0000][23980][gc,heap     ] GC(24) Survivor regions: 11->11(76)
[2023-12-25T12:50:47.317+0000][23980][gc,heap     ] GC(24) Old regions: 17->17
[2023-12-25T12:50:47.317+0000][23980][gc,heap     ] GC(24) Archive regions: 0->0
[2023-12-25T12:50:47.317+0000][23980][gc,heap     ] GC(24) Humongous regions: 2->2
[2023-12-25T12:50:47.317+0000][23980][gc,metaspace] GC(24) Metaspace: 128306K(131840K)->128306K(131840K) NonClass: 111407K(113216K)->111407K(113216K) Class: 16898K(18624K)->16898K(18624K)
[2023-12-25T12:50:47.317+0000][23980][gc          ] GC(24) Pause Young (Normal) (G1 Evacuation Pause) 2494M->116M(4040M) 20.279ms
[2023-12-25T12:50:47.317+0000][23980][gc,cpu      ] GC(24) User=0.11s Sys=0.02s Real=0.02s
[2023-12-25T12:50:47.317+0000][23980][safepoint   ] Safepoint "G1CollectForAllocation", Time since last: 17700572700 ns, Reaching safepoint: 89500 ns, At safepoint: 20419600 ns, Total: 20509100 ns
[2023-12-25T12:51:33.575+0000][23980][safepoint   ] Safepoint "Cleanup", Time since last: 46258150200 ns, Reaching safepoint: 127400 ns, At safepoint: 13600 ns, Total: 141000 ns
[2023-12-25T12:51:41.647+0000][23980][safepoint   ] Safepoint "Cleanup", Time since last: 8070990300 ns, Reaching safepoint: 106100 ns, At safepoint: 14000 ns, Total: 120100 ns
[2023-12-25T12:52:35.153+0000][23980][safepoint   ] Safepoint "Cleanup", Time since last: 53506268600 ns, Reaching safepoint: 128200 ns, At safepoint: 19300 ns, Total: 147500 ns
[2023-12-25T12:54:35.235+0000][23980][safepoint   ] Safepoint "Cleanup", Time since last: 120081910400 ns, Reaching safepoint: 212900 ns, At safepoint: 22200 ns, Total: 235100 ns
[2023-12-25T12:56:32.261+0000][23980][safepoint   ] Safepoint "Cleanup", Time since last: 117025609600 ns, Reaching safepoint: 126000 ns, At safepoint: 30900 ns, Total: 156900 ns
[2023-12-25T12:57:34.704+0000][23980][safepoint   ] Safepoint "Cleanup", Time since last: 62442514100 ns, Reaching safepoint: 240900 ns, At safepoint: 17300 ns, Total: 258200 ns
[2023-12-25T12:58:46.199+0000][23980][safepoint   ] Safepoint "Cleanup", Time since last: 71495029300 ns, Reaching safepoint: 115400 ns, At safepoint: 71400 ns, Total: 186800 ns
[2023-12-25T13:00:09.775+0000][23980][safepoint   ] Safepoint "Cleanup", Time since last: 83575963700 ns, Reaching safepoint: 90000 ns, At safepoint: 12100 ns, Total: 102100 ns
[2023-12-25T13:00:21.846+0000][23980][safepoint   ] Safepoint "Cleanup", Time since last: 12070677500 ns, Reaching safepoint: 138900 ns, At safepoint: 12900 ns, Total: 151800 ns
[2023-12-25T13:00:22.851+0000][23980][safepoint   ] Safepoint "Cleanup", Time since last: 1004505800 ns, Reaching safepoint: 137100 ns, At safepoint: 15400 ns, Total: 152500 ns
[2023-12-25T13:00:23.857+0000][23980][safepoint   ] Safepoint "Cleanup", Time since last: 1005963100 ns, Reaching safepoint: 96800 ns, At safepoint: 9500 ns, Total: 106300 ns
[2023-12-25T13:00:31.917+0000][23980][safepoint   ] Safepoint "Cleanup", Time since last: 8060586800 ns, Reaching safepoint: 184600 ns, At safepoint: 17600 ns, Total: 202200 ns
[2023-12-25T13:00:43.092+0000][23980][gc,start    ] GC(25) Pause Young (Normal) (G1 Evacuation Pause)
[2023-12-25T13:00:43.092+0000][23980][gc,task     ] GC(25) Using 8 workers of 8 for evacuation
[2023-12-25T13:00:43.092+0000][23980][gc,age      ] GC(25) Desired survivor size 159383552 bytes, new threshold 15 (max threshold 15)
[2023-12-25T13:00:43.144+0000][23980][gc,phases   ] GC(25)   Pre Evacuate Collection Set: 0.3ms
[2023-12-25T13:00:43.144+0000][23980][gc,phases   ] GC(25)   Merge Heap Roots: 1.1ms
[2023-12-25T13:00:43.144+0000][23980][gc,phases   ] GC(25)   Evacuate Collection Set: 45.9ms
[2023-12-25T13:00:43.144+0000][23980][gc,phases   ] GC(25)   Post Evacuate Collection Set: 3.0ms
[2023-12-25T13:00:43.144+0000][23980][gc,phases   ] GC(25)   Other: 0.4ms
[2023-12-25T13:00:43.144+0000][23980][gc,age      ] GC(25) Age table with threshold 15 (max threshold 15)
[2023-12-25T13:00:43.144+0000][23980][gc,age      ] GC(25) - age   1:    2054632 bytes,    2054632 total
[2023-12-25T13:00:43.144+0000][23980][gc,age      ] GC(25) - age   2:     349320 bytes,    2403952 total
[2023-12-25T13:00:43.144+0000][23980][gc,age      ] GC(25) - age   3:      14144 bytes,    2418096 total
[2023-12-25T13:00:43.144+0000][23980][gc,age      ] GC(25) - age   4:       5432 bytes,    2423528 total
[2023-12-25T13:00:43.144+0000][23980][gc,age      ] GC(25) - age   5:     243064 bytes,    2666592 total
[2023-12-25T13:00:43.144+0000][23980][gc,age      ] GC(25) - age   6:     106296 bytes,    2772888 total
[2023-12-25T13:00:43.144+0000][23980][gc,age      ] GC(25) - age   7:     212080 bytes,    2984968 total
[2023-12-25T13:00:43.144+0000][23980][gc,age      ] GC(25) - age   8:     321760 bytes,    3306728 total
[2023-12-25T13:00:43.144+0000][23980][gc,age      ] GC(25) - age   9:      80352 bytes,    3387080 total
[2023-12-25T13:00:43.144+0000][23980][gc,age      ] GC(25) - age  10:      40984 bytes,    3428064 total
[2023-12-25T13:00:43.144+0000][23980][gc,age      ] GC(25) - age  11:      83432 bytes,    3511496 total
[2023-12-25T13:00:43.144+0000][23980][gc,age      ] GC(25) - age  12:     661664 bytes,    4173160 total
[2023-12-25T13:00:43.144+0000][23980][gc,age      ] GC(25) - age  13:     287592 bytes,    4460752 total
[2023-12-25T13:00:43.144+0000][23980][gc,age      ] GC(25) - age  14:    5140488 bytes,    9601240 total
[2023-12-25T13:00:43.144+0000][23980][gc,age      ] GC(25) - age  15:   31568656 bytes,   41169896 total
[2023-12-25T13:00:43.144+0000][23980][gc,heap     ] GC(25) Eden regions: 595->0(595)
[2023-12-25T13:00:43.144+0000][23980][gc,heap     ] GC(25) Survivor regions: 11->11(76)
[2023-12-25T13:00:43.144+0000][23980][gc,heap     ] GC(25) Old regions: 17->17
[2023-12-25T13:00:43.144+0000][23980][gc,heap     ] GC(25) Archive regions: 0->0
[2023-12-25T13:00:43.144+0000][23980][gc,heap     ] GC(25) Humongous regions: 2->2
[2023-12-25T13:00:43.144+0000][23980][gc,metaspace] GC(25) Metaspace: 128336K(131904K)->128336K(131904K) NonClass: 111433K(113280K)->111433K(113280K) Class: 16902K(18624K)->16902K(18624K)
[2023-12-25T13:00:43.144+0000][23980][gc          ] GC(25) Pause Young (Normal) (G1 Evacuation Pause) 2496M->118M(4040M) 51.457ms
[2023-12-25T13:00:43.144+0000][23980][gc,cpu      ] GC(25) User=0.12s Sys=0.19s Real=0.05s
[2023-12-25T13:00:43.144+0000][23980][safepoint   ] Safepoint "G1CollectForAllocation", Time since last: 11179825000 ns, Reaching safepoint: 175500 ns, At safepoint: 51657400 ns, Total: 51832900 ns
[2023-12-25T13:02:32.003+0000][23980][safepoint   ] Safepoint "Cleanup", Time since last: 108839537900 ns, Reaching safepoint: 14318000 ns, At safepoint: 66500 ns, Total: 14384500 ns
[2023-12-25T13:03:35.486+0000][23980][safepoint   ] Safepoint "Cleanup", Time since last: 63483153000 ns, Reaching safepoint: 150900 ns, At safepoint: 46300 ns, Total: 197200 ns
[2023-12-25T13:04:00.695+0000][23980][safepoint   ] Safepoint "Cleanup", Time since last: 25208639700 ns, Reaching safepoint: 89400 ns, At safepoint: 34300 ns, Total: 123700 ns
[2023-12-25T13:04:10.795+0000][23980][safepoint   ] Safepoint "Cleanup", Time since last: 10099565400 ns, Reaching safepoint: 78600 ns, At safepoint: 31900 ns, Total: 110500 ns
[2023-12-25T13:04:30.937+0000][23980][safepoint   ] Safepoint "Cleanup", Time since last: 20142106600 ns, Reaching safepoint: 61300 ns, At safepoint: 8800 ns, Total: 70100 ns
[2023-12-25T13:04:52.082+0000][23980][safepoint   ] Safepoint "Cleanup", Time since last: 21127340300 ns, Reaching safepoint: 15500800 ns, At safepoint: 3058500 ns, Total: 18559300 ns
[2023-12-25T13:04:53.076+0000][23980][safepoint   ] Safepoint "ICBufferFull", Time since last: 993500100 ns, Reaching safepoint: 164400 ns, At safepoint: 9400 ns, Total: 173800 ns
[2023-12-25T13:04:54.082+0000][23980][safepoint   ] Safepoint "Cleanup", Time since last: 1005579100 ns, Reaching safepoint: 128300 ns, At safepoint: 10700 ns, Total: 139000 ns
[2023-12-25T13:04:55.090+0000][23980][safepoint   ] Safepoint "Cleanup", Time since last: 1007073400 ns, Reaching safepoint: 128200 ns, At safepoint: 24000 ns, Total: 152200 ns
[2023-12-25T13:04:56.100+0000][23980][safepoint   ] Safepoint "Cleanup", Time since last: 1010932400 ns, Reaching safepoint: 121500 ns, At safepoint: 19000 ns, Total: 140500 ns
[2023-12-25T13:04:58.121+0000][23980][safepoint   ] Safepoint "Cleanup", Time since last: 2020154300 ns, Reaching safepoint: 147200 ns, At safepoint: 43800 ns, Total: 191000 ns
[2023-12-25T13:04:59.123+0000][23980][safepoint   ] Safepoint "Cleanup", Time since last: 1001786200 ns, Reaching safepoint: 74900 ns, At safepoint: 26200 ns, Total: 101100 ns
[2023-12-25T13:05:00.127+0000][23980][safepoint   ] Safepoint "Cleanup", Time since last: 1004215800 ns, Reaching safepoint: 78800 ns, At safepoint: 16400 ns, Total: 95200 ns
[2023-12-25T13:05:02.135+0000][23980][safepoint   ] Safepoint "Cleanup", Time since last: 2008039300 ns, Reaching safepoint: 97400 ns, At safepoint: 9500 ns, Total: 106900 ns
[2023-12-25T13:05:03.136+0000][23980][safepoint   ] Safepoint "Cleanup", Time since last: 1000602500 ns, Reaching safepoint: 166500 ns, At safepoint: 62200 ns, Total: 228700 ns
[2023-12-25T13:05:12.228+0000][23980][safepoint   ] Safepoint "Cleanup", Time since last: 9091975900 ns, Reaching safepoint: 243300 ns, At safepoint: 60000 ns, Total: 303300 ns
[2023-12-25T13:05:14.240+0000][23980][safepoint   ] Safepoint "Cleanup", Time since last: 2011180600 ns, Reaching safepoint: 106100 ns, At safepoint: 78700 ns, Total: 184800 ns
[2023-12-25T13:05:15.247+0000][23980][safepoint   ] Safepoint "Cleanup", Time since last: 1007174800 ns, Reaching safepoint: 162100 ns, At safepoint: 53200 ns, Total: 215300 ns
[2023-12-25T13:05:22.703+0000][23980][safepoint   ] Safepoint "Cleanup", Time since last: 7455826400 ns, Reaching safepoint: 115500 ns, At safepoint: 9800 ns, Total: 125300 ns
[2023-12-25T13:05:37.844+0000][23980][safepoint   ] Safepoint "Cleanup", Time since last: 15140498700 ns, Reaching safepoint: 267400 ns, At safepoint: 23100 ns, Total: 290500 ns
[2023-12-25T13:05:38.845+0000][23980][safepoint   ] Safepoint "Cleanup", Time since last: 1001093800 ns, Reaching safepoint: 273600 ns, At safepoint: 64400 ns, Total: 338000 ns
[2023-12-25T13:05:39.859+0000][23980][safepoint   ] Safepoint "Cleanup", Time since last: 1013851500 ns, Reaching safepoint: 201100 ns, At safepoint: 101100 ns, Total: 302200 ns
[2023-12-25T13:05:40.863+0000][23980][safepoint   ] Safepoint "Cleanup", Time since last: 1003486100 ns, Reaching safepoint: 156500 ns, At safepoint: 11900 ns, Total: 168400 ns
