[2023-12-11T08:18:03.985+0000][7224][gc,init] CardTable entry size: 512
[2023-12-11T08:18:03.985+0000][7224][gc     ] Using G1
[2023-12-11T08:18:04.447+0000][7224][gc,init] Version: 18.0.2+9-61 (release)
[2023-12-11T08:18:04.447+0000][7224][gc,init] CPUs: 8 total, 8 available
[2023-12-11T08:18:04.447+0000][7224][gc,init] Memory: 8079M
[2023-12-11T08:18:04.447+0000][7224][gc,init] Large Page Support: Disabled
[2023-12-11T08:18:04.447+0000][7224][gc,init] NUMA Support: Disabled
[2023-12-11T08:18:04.447+0000][7224][gc,init] Compressed Oops: Enabled (Zero based)
[2023-12-11T08:18:04.447+0000][7224][gc,init] Heap Region Size: 4M
[2023-12-11T08:18:04.447+0000][7224][gc,init] Heap Min Capacity: 4040M
[2023-12-11T08:18:04.447+0000][7224][gc,init] Heap Initial Capacity: 4040M
[2023-12-11T08:18:04.483+0000][7224][gc,init] Heap Max Capacity: 4040M
[2023-12-11T08:18:04.483+0000][7224][gc,init] Pre-touch: Enabled
[2023-12-11T08:18:04.483+0000][7224][gc,init] Parallel Workers: 8
[2023-12-11T08:18:04.483+0000][7224][gc,init] Concurrent Workers: 2
[2023-12-11T08:18:04.483+0000][7224][gc,init] Concurrent Refinement Workers: 8
[2023-12-11T08:18:04.483+0000][7224][gc,init] Periodic GC: Disabled
[2023-12-11T08:18:04.484+0000][7224][gc,metaspace] CDS archive(s) mapped at: [0x0000000800000000-0x0000000800ba0000-0x0000000800ba0000), size 12189696, SharedBaseAddress: 0x0000000800000000, ArchiveRelocationMode: 0.
[2023-12-11T08:18:04.484+0000][7224][gc,metaspace] Compressed class space mapped at: 0x0000000800c00000-0x0000000840c00000, reserved size: 1073741824
[2023-12-11T08:18:04.484+0000][7224][gc,metaspace] Narrow klass base: 0x0000000800000000, Narrow klass shift: 0, Narrow klass range: 0x100000000
[2023-12-11T08:18:04.777+0000][7224][safepoint   ] Safepoint "ICBufferFull", Time since last: 284405200 ns, Reaching safepoint: 69300 ns, At safepoint: 3999 ns, Total: 73299 ns
[2023-12-11T08:18:05.199+0000][7224][safepoint   ] Safepoint "ICBufferFull", Time since last: 421702101 ns, Reaching safepoint: 130000 ns, At safepoint: 7400 ns, Total: 137400 ns
[2023-12-11T08:18:05.762+0000][7224][safepoint   ] Safepoint "ICBufferFull", Time since last: 562624400 ns, Reaching safepoint: 80600 ns, At safepoint: 5100 ns, Total: 85700 ns
[2023-12-11T08:18:07.128+0000][7224][safepoint   ] Safepoint "Cleanup", Time since last: 1365171199 ns, Reaching safepoint: 209901 ns, At safepoint: 42400 ns, Total: 252301 ns
[2023-12-11T08:18:08.885+0000][7224][safepoint   ] Safepoint "Cleanup", Time since last: 1757014400 ns, Reaching safepoint: 238099 ns, At safepoint: 136401 ns, Total: 374500 ns
[2023-12-11T08:18:10.112+0000][7224][safepoint   ] Safepoint "Cleanup", Time since last: 1226219400 ns, Reaching safepoint: 148200 ns, At safepoint: 3800 ns, Total: 152000 ns
[2023-12-11T08:18:11.124+0000][7224][safepoint   ] Safepoint "Cleanup", Time since last: 1012604900 ns, Reaching safepoint: 117500 ns, At safepoint: 4700 ns, Total: 122200 ns
[2023-12-11T08:18:12.993+0000][7224][safepoint   ] Safepoint "Cleanup", Time since last: 1868958800 ns, Reaching safepoint: 221500 ns, At safepoint: 10900 ns, Total: 232400 ns
[2023-12-11T08:54:43.247+0000][7224][safepoint   ] Safepoint "Cleanup", Time since last: 2193870652400 ns, Reaching safepoint: 213700 ns, At safepoint: 5300 ns, Total: 219000 ns
[2023-12-11T08:54:44.259+0000][7224][safepoint   ] Safepoint "Cleanup", Time since last: 1011299100 ns, Reaching safepoint: 795400 ns, At safepoint: 38900 ns, Total: 834300 ns
[2023-12-11T08:54:45.243+0000][7224][gc,start    ] GC(0) Pause Young (Normal) (G1 Evacuation Pause)
[2023-12-11T08:54:45.268+0000][7224][gc,task     ] GC(0) Using 8 workers of 8 for evacuation
[2023-12-11T08:54:45.268+0000][7224][gc,age      ] GC(0) Desired survivor size 14680064 bytes, new threshold 15 (max threshold 15)
[2023-12-11T08:54:45.297+0000][7224][gc,phases   ] GC(0)   Pre Evacuate Collection Set: 1.4ms
[2023-12-11T08:54:45.297+0000][7224][gc,phases   ] GC(0)   Merge Heap Roots: 0.2ms
[2023-12-11T08:54:45.297+0000][7224][gc,phases   ] GC(0)   Evacuate Collection Set: 25.3ms
[2023-12-11T08:54:45.297+0000][7224][gc,phases   ] GC(0)   Post Evacuate Collection Set: 1.5ms
[2023-12-11T08:54:45.297+0000][7224][gc,phases   ] GC(0)   Other: 1.4ms
[2023-12-11T08:54:45.297+0000][7224][gc,age      ] GC(0) Age table with threshold 15 (max threshold 15)
[2023-12-11T08:54:45.297+0000][7224][gc,age      ] GC(0) - age   1:   11144408 bytes,   11144408 total
[2023-12-11T08:54:45.297+0000][7224][gc,heap     ] GC(0) Eden regions: 50->0(47)
[2023-12-11T08:54:45.297+0000][7224][gc,heap     ] GC(0) Survivor regions: 0->3(7)
[2023-12-11T08:54:45.297+0000][7224][gc,heap     ] GC(0) Old regions: 0->0
[2023-12-11T08:54:45.297+0000][7224][gc,heap     ] GC(0) Archive regions: 0->0
[2023-12-11T08:54:45.297+0000][7224][gc,heap     ] GC(0) Humongous regions: 0->0
[2023-12-11T08:54:45.297+0000][7224][gc,metaspace] GC(0) Metaspace: 16996K(17408K)->16996K(17408K) NonClass: 15047K(15296K)->15047K(15296K) Class: 1948K(2112K)->1948K(2112K)
[2023-12-11T08:54:45.297+0000][7224][gc          ] GC(0) Pause Young (Normal) (G1 Evacuation Pause) 200M->10M(4040M) 53.913ms
[2023-12-11T08:54:45.297+0000][7224][gc,cpu      ] GC(0) User=0.02s Sys=0.19s Real=0.05s
[2023-12-11T08:54:45.297+0000][7224][safepoint   ] Safepoint "G1CollectForAllocation", Time since last: 983273900 ns, Reaching safepoint: 72500 ns, At safepoint: 54009800 ns, Total: 54082300 ns
[2023-12-11T08:54:46.542+0000][7224][safepoint   ] Safepoint "Cleanup", Time since last: 1244650700 ns, Reaching safepoint: 118900 ns, At safepoint: 6000 ns, Total: 124900 ns
[2023-12-11T08:54:46.864+0000][7224][gc,start    ] GC(1) Pause Young (Concurrent Start) (Metadata GC Threshold)
[2023-12-11T08:54:46.864+0000][7224][gc,task     ] GC(1) Using 8 workers of 8 for evacuation
[2023-12-11T08:54:46.864+0000][7224][gc,age      ] GC(1) Desired survivor size 14680064 bytes, new threshold 15 (max threshold 15)
[2023-12-11T08:54:46.871+0000][7224][gc,phases   ] GC(1)   Pre Evacuate Collection Set: 0.3ms
[2023-12-11T08:54:46.871+0000][7224][gc,phases   ] GC(1)   Merge Heap Roots: 0.2ms
[2023-12-11T08:54:46.871+0000][7224][gc,phases   ] GC(1)   Evacuate Collection Set: 5.9ms
[2023-12-11T08:54:46.871+0000][7224][gc,phases   ] GC(1)   Post Evacuate Collection Set: 1.1ms
[2023-12-11T08:54:46.871+0000][7224][gc,phases   ] GC(1)   Other: 0.2ms
[2023-12-11T08:54:46.871+0000][7224][gc,age      ] GC(1) Age table with threshold 15 (max threshold 15)
[2023-12-11T08:54:46.871+0000][7224][gc,age      ] GC(1) - age   1:    2164488 bytes,    2164488 total
[2023-12-11T08:54:46.871+0000][7224][gc,age      ] GC(1) - age   2:   10960952 bytes,   13125440 total
[2023-12-11T08:54:46.871+0000][7224][gc,heap     ] GC(1) Eden regions: 18->0(46)
[2023-12-11T08:54:46.871+0000][7224][gc,heap     ] GC(1) Survivor regions: 3->4(7)
[2023-12-11T08:54:46.871+0000][7224][gc,heap     ] GC(1) Old regions: 0->0
[2023-12-11T08:54:46.871+0000][7224][gc,heap     ] GC(1) Archive regions: 0->0
[2023-12-11T08:54:46.871+0000][7224][gc,heap     ] GC(1) Humongous regions: 0->0
[2023-12-11T08:54:46.871+0000][7224][gc,metaspace] GC(1) Metaspace: 21011K(21504K)->21011K(21504K) NonClass: 18665K(18880K)->18665K(18880K) Class: 2345K(2624K)->2345K(2624K)
[2023-12-11T08:54:46.872+0000][7224][gc          ] GC(1) Pause Young (Concurrent Start) (Metadata GC Threshold) 82M->13M(4040M) 7.963ms
[2023-12-11T08:54:46.872+0000][7224][gc,cpu      ] GC(1) User=0.00s Sys=0.00s Real=0.01s
[2023-12-11T08:54:46.872+0000][7224][safepoint   ] Safepoint "CollectForMetadataAllocation", Time since last: 321624200 ns, Reaching safepoint: 89800 ns, At safepoint: 8186600 ns, Total: 8276400 ns
[2023-12-11T08:54:46.874+0000][7224][gc          ] GC(2) Concurrent Mark Cycle
[2023-12-11T08:54:46.874+0000][7224][gc,marking  ] GC(2) Concurrent Clear Claimed Marks
[2023-12-11T08:54:46.874+0000][7224][gc,marking  ] GC(2) Concurrent Clear Claimed Marks 0.027ms
[2023-12-11T08:54:46.874+0000][7224][gc,marking  ] GC(2) Concurrent Scan Root Regions
[2023-12-11T08:54:46.877+0000][7224][gc,marking  ] GC(2) Concurrent Scan Root Regions 5.100ms
[2023-12-11T08:54:46.877+0000][7224][gc,marking  ] GC(2) Concurrent Mark
[2023-12-11T08:54:46.877+0000][7224][gc,marking  ] GC(2) Concurrent Mark From Roots
[2023-12-11T08:54:46.877+0000][7224][gc,task     ] GC(2) Using 2 workers of 2 for marking
[2023-12-11T08:54:46.907+0000][7224][gc,marking  ] GC(2) Concurrent Mark From Roots 28.123ms
[2023-12-11T08:54:46.907+0000][7224][gc,marking  ] GC(2) Concurrent Preclean
[2023-12-11T08:54:46.907+0000][7224][gc,marking  ] GC(2) Concurrent Preclean 0.012ms
[2023-12-11T08:54:46.926+0000][7224][gc,start    ] GC(2) Pause Remark
[2023-12-11T08:54:46.939+0000][7224][gc          ] GC(2) Pause Remark 15M->15M(4040M) 12.674ms
[2023-12-11T08:54:46.939+0000][7224][gc,cpu      ] GC(2) User=0.00s Sys=0.00s Real=0.01s
[2023-12-11T08:54:46.939+0000][7224][safepoint   ] Safepoint "G1Concurrent", Time since last: 35352000 ns, Reaching safepoint: 18865100 ns, At safepoint: 12787300 ns, Total: 31652400 ns
[2023-12-11T08:54:46.939+0000][7224][gc,marking  ] GC(2) Concurrent Mark 60.045ms
[2023-12-11T08:54:46.939+0000][7224][gc,marking  ] GC(2) Concurrent Rebuild Remembered Sets
[2023-12-11T08:54:46.939+0000][7224][gc,marking  ] GC(2) Concurrent Rebuild Remembered Sets 0.013ms
[2023-12-11T08:54:46.939+0000][7224][gc,start    ] GC(2) Pause Cleanup
[2023-12-11T08:54:46.939+0000][7224][gc          ] GC(2) Pause Cleanup 15M->15M(4040M) 0.028ms
[2023-12-11T08:54:46.939+0000][7224][gc,cpu      ] GC(2) User=0.00s Sys=0.00s Real=0.00s
[2023-12-11T08:54:46.939+0000][7224][safepoint   ] Safepoint "G1Concurrent", Time since last: 161200 ns, Reaching safepoint: 96200 ns, At safepoint: 63300 ns, Total: 159500 ns
[2023-12-11T08:54:46.939+0000][7224][gc,marking  ] GC(2) Concurrent Cleanup for Next Mark
[2023-12-11T08:54:46.954+0000][7224][gc,marking  ] GC(2) Concurrent Cleanup for Next Mark 15.113ms
[2023-12-11T08:54:46.954+0000][7224][gc          ] GC(2) Concurrent Mark Cycle 80.741ms
[2023-12-11T08:54:48.567+0000][7224][safepoint   ] Safepoint "ICBufferFull", Time since last: 1627630900 ns, Reaching safepoint: 211200 ns, At safepoint: 4200 ns, Total: 215400 ns
[2023-12-11T08:54:49.198+0000][7224][gc,start    ] GC(3) Pause Young (Normal) (G1 Evacuation Pause)
[2023-12-11T08:54:49.198+0000][7224][gc,task     ] GC(3) Using 8 workers of 8 for evacuation
[2023-12-11T08:54:49.198+0000][7224][gc,age      ] GC(3) Desired survivor size 14680064 bytes, new threshold 15 (max threshold 15)
[2023-12-11T08:54:49.206+0000][7224][gc,phases   ] GC(3)   Pre Evacuate Collection Set: 0.1ms
[2023-12-11T08:54:49.206+0000][7224][gc,phases   ] GC(3)   Merge Heap Roots: 0.1ms
[2023-12-11T08:54:49.206+0000][7224][gc,phases   ] GC(3)   Evacuate Collection Set: 7.2ms
[2023-12-11T08:54:49.206+0000][7224][gc,phases   ] GC(3)   Post Evacuate Collection Set: 1.4ms
[2023-12-11T08:54:49.206+0000][7224][gc,phases   ] GC(3)   Other: 0.1ms
[2023-12-11T08:54:49.206+0000][7224][gc,age      ] GC(3) Age table with threshold 15 (max threshold 15)
[2023-12-11T08:54:49.206+0000][7224][gc,age      ] GC(3) - age   1:    4387160 bytes,    4387160 total
[2023-12-11T08:54:49.206+0000][7224][gc,age      ] GC(3) - age   2:    2097752 bytes,    6484912 total
[2023-12-11T08:54:49.206+0000][7224][gc,age      ] GC(3) - age   3:   10956880 bytes,   17441792 total
[2023-12-11T08:54:49.206+0000][7224][gc,heap     ] GC(3) Eden regions: 46->0(62)
[2023-12-11T08:54:49.206+0000][7224][gc,heap     ] GC(3) Survivor regions: 4->5(7)
[2023-12-11T08:54:49.206+0000][7224][gc,heap     ] GC(3) Old regions: 0->0
[2023-12-11T08:54:49.206+0000][7224][gc,heap     ] GC(3) Archive regions: 0->0
[2023-12-11T08:54:49.206+0000][7224][gc,heap     ] GC(3) Humongous regions: 0->0
[2023-12-11T08:54:49.206+0000][7224][gc,metaspace] GC(3) Metaspace: 24357K(24896K)->24357K(24896K) NonClass: 21519K(21824K)->21519K(21824K) Class: 2837K(3072K)->2837K(3072K)
[2023-12-11T08:54:49.206+0000][7224][gc          ] GC(3) Pause Young (Normal) (G1 Evacuation Pause) 197M->18M(4040M) 9.200ms
[2023-12-11T08:54:49.206+0000][7224][gc,cpu      ] GC(3) User=0.11s Sys=0.02s Real=0.01s
[2023-12-11T08:54:49.206+0000][7224][safepoint   ] Safepoint "G1CollectForAllocation", Time since last: 630454100 ns, Reaching safepoint: 103100 ns, At safepoint: 9259500 ns, Total: 9362600 ns
[2023-12-11T08:54:50.211+0000][7224][safepoint   ] Safepoint "Cleanup", Time since last: 1004022500 ns, Reaching safepoint: 107000 ns, At safepoint: 4100 ns, Total: 111100 ns
[2023-12-11T08:54:52.924+0000][7224][safepoint   ] Safepoint "Cleanup", Time since last: 2713257000 ns, Reaching safepoint: 111000 ns, At safepoint: 60900 ns, Total: 171900 ns
[2023-12-11T08:54:53.258+0000][7224][gc,heap,exit] Heap
[2023-12-11T08:54:53.258+0000][7224][gc,heap,exit]  garbage-first heap   total 4136960K, used 213168K [0x0000000703800000, 0x0000000800000000)
[2023-12-11T08:54:53.260+0000][7224][gc,heap,exit]   region size 4096K, 53 young (217088K), 5 survivors (20480K)
[2023-12-11T08:54:53.260+0000][7224][gc,heap,exit]  Metaspace       used 24790K, committed 25344K, reserved 1114112K
[2023-12-11T08:54:53.260+0000][7224][gc,heap,exit]   class space    used 2883K, committed 3136K, reserved 1048576K
