[2023-12-11T10:00:32.875+0000][12864][gc,init] CardTable entry size: 512
[2023-12-11T10:00:32.876+0000][12864][gc     ] Using G1
[2023-12-11T10:00:33.435+0000][12864][gc,init] Version: 18.0.2+9-61 (release)
[2023-12-11T10:00:33.435+0000][12864][gc,init] CPUs: 8 total, 8 available
[2023-12-11T10:00:33.435+0000][12864][gc,init] Memory: 8079M
[2023-12-11T10:00:33.436+0000][12864][gc,init] Large Page Support: Disabled
[2023-12-11T10:00:33.436+0000][12864][gc,init] NUMA Support: Disabled
[2023-12-11T10:00:33.436+0000][12864][gc,init] Compressed Oops: Enabled (Zero based)
[2023-12-11T10:00:33.436+0000][12864][gc,init] Heap Region Size: 4M
[2023-12-11T10:00:33.436+0000][12864][gc,init] Heap Min Capacity: 4040M
[2023-12-11T10:00:33.436+0000][12864][gc,init] Heap Initial Capacity: 4040M
[2023-12-11T10:00:33.436+0000][12864][gc,init] Heap Max Capacity: 4040M
[2023-12-11T10:00:33.436+0000][12864][gc,init] Pre-touch: Enabled
[2023-12-11T10:00:33.436+0000][12864][gc,init] Parallel Workers: 8
[2023-12-11T10:00:33.436+0000][12864][gc,init] Concurrent Workers: 2
[2023-12-11T10:00:33.436+0000][12864][gc,init] Concurrent Refinement Workers: 8
[2023-12-11T10:00:33.436+0000][12864][gc,init] Periodic GC: Disabled
[2023-12-11T10:00:33.436+0000][12864][gc,metaspace] CDS archive(s) mapped at: [0x0000000800000000-0x0000000800ba0000-0x0000000800ba0000), size 12189696, SharedBaseAddress: 0x0000000800000000, ArchiveRelocationMode: 0.
[2023-12-11T10:00:33.436+0000][12864][gc,metaspace] Compressed class space mapped at: 0x0000000800c00000-0x0000000840c00000, reserved size: 1073741824
[2023-12-11T10:00:33.436+0000][12864][gc,metaspace] Narrow klass base: 0x0000000800000000, Narrow klass shift: 0, Narrow klass range: 0x100000000
[2023-12-11T10:00:34.407+0000][12864][safepoint   ] Safepoint "ICBufferFull", Time since last: 966196100 ns, Reaching safepoint: 164800 ns, At safepoint: 39300 ns, Total: 204100 ns
[2023-12-11T10:00:35.568+0000][12864][safepoint   ] Safepoint "Cleanup", Time since last: 1160653200 ns, Reaching safepoint: 143900 ns, At safepoint: 35500 ns, Total: 179400 ns
[2023-12-11T10:00:37.323+0000][12864][safepoint   ] Safepoint "Cleanup", Time since last: 1754304400 ns, Reaching safepoint: 772000 ns, At safepoint: 70200 ns, Total: 842200 ns
[2023-12-11T10:00:38.715+0000][12864][safepoint   ] Safepoint "Cleanup", Time since last: 1392627500 ns, Reaching safepoint: 106600 ns, At safepoint: 38100 ns, Total: 144700 ns
[2023-12-11T10:00:39.720+0000][12864][safepoint   ] Safepoint "Cleanup", Time since last: 1003474700 ns, Reaching safepoint: 191800 ns, At safepoint: 23600 ns, Total: 215400 ns
[2023-12-11T10:00:40.720+0000][12864][safepoint   ] Safepoint "Cleanup", Time since last: 1000638700 ns, Reaching safepoint: 248500 ns, At safepoint: 12800 ns, Total: 261300 ns
[2023-12-11T10:00:42.584+0000][12864][safepoint   ] Safepoint "Cleanup", Time since last: 1832625000 ns, Reaching safepoint: 31156900 ns, At safepoint: 89400 ns, Total: 31246300 ns
[2023-12-11T10:00:43.622+0000][12864][safepoint   ] Safepoint "ICBufferFull", Time since last: 1038211900 ns, Reaching safepoint: 206700 ns, At safepoint: 6100 ns, Total: 212800 ns
[2023-12-11T10:00:45.034+0000][12864][safepoint   ] Safepoint "Cleanup", Time since last: 1411069700 ns, Reaching safepoint: 190500 ns, At safepoint: 50500 ns, Total: 241000 ns
[2023-12-11T10:00:45.075+0000][12864][gc,start    ] GC(0) Pause Young (Normal) (G1 Evacuation Pause)
[2023-12-11T10:00:45.081+0000][12864][gc,task     ] GC(0) Using 8 workers of 8 for evacuation
[2023-12-11T10:00:45.081+0000][12864][gc,age      ] GC(0) Desired survivor size 14680064 bytes, new threshold 15 (max threshold 15)
[2023-12-11T10:00:45.100+0000][12864][gc,phases   ] GC(0)   Pre Evacuate Collection Set: 0.2ms
[2023-12-11T10:00:45.100+0000][12864][gc,phases   ] GC(0)   Merge Heap Roots: 0.1ms
[2023-12-11T10:00:45.100+0000][12864][gc,phases   ] GC(0)   Evacuate Collection Set: 8.9ms
[2023-12-11T10:00:45.100+0000][12864][gc,phases   ] GC(0)   Post Evacuate Collection Set: 1.3ms
[2023-12-11T10:00:45.101+0000][12864][gc,phases   ] GC(0)   Other: 0.4ms
[2023-12-11T10:00:45.101+0000][12864][gc,age      ] GC(0) Age table with threshold 15 (max threshold 15)
[2023-12-11T10:00:45.101+0000][12864][gc,age      ] GC(0) - age   1:   11298128 bytes,   11298128 total
[2023-12-11T10:00:45.101+0000][12864][gc,heap     ] GC(0) Eden regions: 50->0(47)
[2023-12-11T10:00:45.101+0000][12864][gc,heap     ] GC(0) Survivor regions: 0->3(7)
[2023-12-11T10:00:45.101+0000][12864][gc,heap     ] GC(0) Old regions: 0->0
[2023-12-11T10:00:45.101+0000][12864][gc,heap     ] GC(0) Archive regions: 0->0
[2023-12-11T10:00:45.101+0000][12864][gc,heap     ] GC(0) Humongous regions: 0->0
[2023-12-11T10:00:45.101+0000][12864][gc,metaspace] GC(0) Metaspace: 17049K(17472K)->17049K(17472K) NonClass: 15093K(15360K)->15093K(15360K) Class: 1956K(2112K)->1956K(2112K)
[2023-12-11T10:00:45.101+0000][12864][gc          ] GC(0) Pause Young (Normal) (G1 Evacuation Pause) 200M->11M(4040M) 21.274ms
[2023-12-11T10:00:45.101+0000][12864][gc,cpu      ] GC(0) User=0.11s Sys=0.00s Real=0.03s
[2023-12-11T10:00:45.101+0000][12864][safepoint   ] Safepoint "G1CollectForAllocation", Time since last: 45397300 ns, Reaching safepoint: 102100 ns, At safepoint: 21333900 ns, Total: 21436000 ns
[2023-12-11T10:00:46.465+0000][12864][safepoint   ] Safepoint "Cleanup", Time since last: 1364276000 ns, Reaching safepoint: 167100 ns, At safepoint: 3200 ns, Total: 170300 ns
[2023-12-11T10:00:46.613+0000][12864][gc,start    ] GC(1) Pause Young (Concurrent Start) (Metadata GC Threshold)
[2023-12-11T10:00:46.613+0000][12864][gc,task     ] GC(1) Using 8 workers of 8 for evacuation
[2023-12-11T10:00:46.613+0000][12864][gc,age      ] GC(1) Desired survivor size 14680064 bytes, new threshold 15 (max threshold 15)
[2023-12-11T10:00:46.631+0000][12864][gc,phases   ] GC(1)   Pre Evacuate Collection Set: 9.4ms
[2023-12-11T10:00:46.631+0000][12864][gc,phases   ] GC(1)   Merge Heap Roots: 0.1ms
[2023-12-11T10:00:46.631+0000][12864][gc,phases   ] GC(1)   Evacuate Collection Set: 7.5ms
[2023-12-11T10:00:46.631+0000][12864][gc,phases   ] GC(1)   Post Evacuate Collection Set: 1.1ms
[2023-12-11T10:00:46.631+0000][12864][gc,phases   ] GC(1)   Other: 0.1ms
[2023-12-11T10:00:46.631+0000][12864][gc,age      ] GC(1) Age table with threshold 15 (max threshold 15)
[2023-12-11T10:00:46.631+0000][12864][gc,age      ] GC(1) - age   1:    1914256 bytes,    1914256 total
[2023-12-11T10:00:46.631+0000][12864][gc,age      ] GC(1) - age   2:   11111264 bytes,   13025520 total
[2023-12-11T10:00:46.631+0000][12864][gc,heap     ] GC(1) Eden regions: 17->0(46)
[2023-12-11T10:00:46.631+0000][12864][gc,heap     ] GC(1) Survivor regions: 3->4(7)
[2023-12-11T10:00:46.631+0000][12864][gc,heap     ] GC(1) Old regions: 0->0
[2023-12-11T10:00:46.631+0000][12864][gc,heap     ] GC(1) Archive regions: 0->0
[2023-12-11T10:00:46.631+0000][12864][gc,heap     ] GC(1) Humongous regions: 0->0
[2023-12-11T10:00:46.631+0000][12864][gc,metaspace] GC(1) Metaspace: 21003K(21504K)->21003K(21504K) NonClass: 18654K(18944K)->18654K(18944K) Class: 2348K(2560K)->2348K(2560K)
[2023-12-11T10:00:46.631+0000][12864][gc          ] GC(1) Pause Young (Concurrent Start) (Metadata GC Threshold) 79M->13M(4040M) 18.465ms
[2023-12-11T10:00:46.632+0000][12864][gc,cpu      ] GC(1) User=0.00s Sys=0.00s Real=0.02s
[2023-12-11T10:00:46.632+0000][12864][gc          ] GC(2) Concurrent Mark Cycle
[2023-12-11T10:00:46.632+0000][12864][gc,marking  ] GC(2) Concurrent Clear Claimed Marks
[2023-12-11T10:00:46.632+0000][12864][safepoint   ] Safepoint "CollectForMetadataAllocation", Time since last: 147455800 ns, Reaching safepoint: 89600 ns, At safepoint: 18618800 ns, Total: 18708400 ns
[2023-12-11T10:00:46.632+0000][12864][gc,marking  ] GC(2) Concurrent Clear Claimed Marks 0.034ms
[2023-12-11T10:00:46.632+0000][12864][gc,marking  ] GC(2) Concurrent Scan Root Regions
[2023-12-11T10:00:46.635+0000][12864][gc,marking  ] GC(2) Concurrent Scan Root Regions 4.930ms
[2023-12-11T10:00:46.635+0000][12864][gc,marking  ] GC(2) Concurrent Mark
[2023-12-11T10:00:46.635+0000][12864][gc,marking  ] GC(2) Concurrent Mark From Roots
[2023-12-11T10:00:46.635+0000][12864][gc,task     ] GC(2) Using 2 workers of 2 for marking
[2023-12-11T10:00:46.637+0000][12864][gc,marking  ] GC(2) Concurrent Mark From Roots 0.366ms
[2023-12-11T10:00:46.637+0000][12864][gc,marking  ] GC(2) Concurrent Preclean
[2023-12-11T10:00:46.637+0000][12864][gc,marking  ] GC(2) Concurrent Preclean 0.016ms
[2023-12-11T10:00:46.637+0000][12864][gc,start    ] GC(2) Pause Remark
[2023-12-11T10:00:46.638+0000][12864][gc          ] GC(2) Pause Remark 15M->15M(4040M) 2.006ms
[2023-12-11T10:00:46.638+0000][12864][gc,cpu      ] GC(2) User=0.12s Sys=0.00s Real=0.00s
[2023-12-11T10:00:46.639+0000][12864][safepoint   ] Safepoint "G1Concurrent", Time since last: 5510300 ns, Reaching safepoint: 84900 ns, At safepoint: 2117100 ns, Total: 2202000 ns
[2023-12-11T10:00:46.639+0000][12864][gc,marking  ] GC(2) Concurrent Mark 2.723ms
[2023-12-11T10:00:46.639+0000][12864][gc,marking  ] GC(2) Concurrent Rebuild Remembered Sets
[2023-12-11T10:00:46.639+0000][12864][gc,marking  ] GC(2) Concurrent Rebuild Remembered Sets 0.012ms
[2023-12-11T10:00:46.639+0000][12864][gc,start    ] GC(2) Pause Cleanup
[2023-12-11T10:00:46.639+0000][12864][gc          ] GC(2) Pause Cleanup 15M->15M(4040M) 0.026ms
[2023-12-11T10:00:46.639+0000][12864][gc,cpu      ] GC(2) User=0.00s Sys=0.00s Real=0.00s
[2023-12-11T10:00:46.639+0000][12864][safepoint   ] Safepoint "G1Concurrent", Time since last: 126700 ns, Reaching safepoint: 74400 ns, At safepoint: 106300 ns, Total: 180700 ns
[2023-12-11T10:00:46.639+0000][12864][gc,marking  ] GC(2) Concurrent Cleanup for Next Mark
[2023-12-11T10:00:46.648+0000][12864][gc,marking  ] GC(2) Concurrent Cleanup for Next Mark 7.973ms
[2023-12-11T10:00:46.648+0000][12864][gc          ] GC(2) Concurrent Mark Cycle 16.221ms
[2023-12-11T10:00:47.777+0000][12864][safepoint   ] Safepoint "ICBufferFull", Time since last: 1137827100 ns, Reaching safepoint: 205900 ns, At safepoint: 40400 ns, Total: 246300 ns
[2023-12-11T10:00:48.579+0000][12864][gc,start    ] GC(3) Pause Young (Normal) (G1 Evacuation Pause)
[2023-12-11T10:00:48.579+0000][12864][gc,task     ] GC(3) Using 8 workers of 8 for evacuation
[2023-12-11T10:00:48.579+0000][12864][gc,age      ] GC(3) Desired survivor size 14680064 bytes, new threshold 15 (max threshold 15)
[2023-12-11T10:00:48.601+0000][12864][gc,phases   ] GC(3)   Pre Evacuate Collection Set: 0.3ms
[2023-12-11T10:00:48.602+0000][12864][gc,phases   ] GC(3)   Merge Heap Roots: 0.2ms
[2023-12-11T10:00:48.602+0000][12864][gc,phases   ] GC(3)   Evacuate Collection Set: 20.9ms
[2023-12-11T10:00:48.602+0000][12864][gc,phases   ] GC(3)   Post Evacuate Collection Set: 1.3ms
[2023-12-11T10:00:48.602+0000][12864][gc,phases   ] GC(3)   Other: 0.3ms
[2023-12-11T10:00:48.602+0000][12864][gc,age      ] GC(3) Age table with threshold 15 (max threshold 15)
[2023-12-11T10:00:48.602+0000][12864][gc,age      ] GC(3) - age   1:    4471176 bytes,    4471176 total
[2023-12-11T10:00:48.602+0000][12864][gc,age      ] GC(3) - age   2:    1884432 bytes,    6355608 total
[2023-12-11T10:00:48.602+0000][12864][gc,age      ] GC(3) - age   3:   11107112 bytes,   17462720 total
[2023-12-11T10:00:48.602+0000][12864][gc,heap     ] GC(3) Eden regions: 46->0(51)
[2023-12-11T10:00:48.602+0000][12864][gc,heap     ] GC(3) Survivor regions: 4->5(7)
[2023-12-11T10:00:48.602+0000][12864][gc,heap     ] GC(3) Old regions: 0->0
[2023-12-11T10:00:48.602+0000][12864][gc,heap     ] GC(3) Archive regions: 0->0
[2023-12-11T10:00:48.602+0000][12864][gc,heap     ] GC(3) Humongous regions: 0->0
[2023-12-11T10:00:48.602+0000][12864][gc,metaspace] GC(3) Metaspace: 24319K(24896K)->24319K(24896K) NonClass: 21482K(21824K)->21482K(21824K) Class: 2836K(3072K)->2836K(3072K)
[2023-12-11T10:00:48.602+0000][12864][gc          ] GC(3) Pause Young (Normal) (G1 Evacuation Pause) 197M->17M(4040M) 23.682ms
[2023-12-11T10:00:48.602+0000][12864][gc,cpu      ] GC(3) User=0.12s Sys=0.00s Real=0.02s
[2023-12-11T10:00:48.602+0000][12864][safepoint   ] Safepoint "G1CollectForAllocation", Time since last: 800620300 ns, Reaching safepoint: 319800 ns, At safepoint: 23798800 ns, Total: 24118600 ns
[2023-12-11T10:00:49.610+0000][12864][safepoint   ] Safepoint "Cleanup", Time since last: 1007091600 ns, Reaching safepoint: 248700 ns, At safepoint: 97200 ns, Total: 345900 ns
[2023-12-11T10:00:50.032+0000][12864][gc,start    ] GC(4) Pause Young (Normal) (G1 Evacuation Pause)
[2023-12-11T10:00:50.032+0000][12864][gc,task     ] GC(4) Using 8 workers of 8 for evacuation
[2023-12-11T10:00:50.032+0000][12864][gc,age      ] GC(4) Desired survivor size 14680064 bytes, new threshold 3 (max threshold 15)
[2023-12-11T10:00:50.041+0000][12864][gc,phases   ] GC(4)   Pre Evacuate Collection Set: 0.1ms
[2023-12-11T10:00:50.041+0000][12864][gc,phases   ] GC(4)   Merge Heap Roots: 0.1ms
[2023-12-11T10:00:50.041+0000][12864][gc,phases   ] GC(4)   Evacuate Collection Set: 8.3ms
[2023-12-11T10:00:50.041+0000][12864][gc,phases   ] GC(4)   Post Evacuate Collection Set: 0.8ms
[2023-12-11T10:00:50.041+0000][12864][gc,phases   ] GC(4)   Other: 0.1ms
[2023-12-11T10:00:50.041+0000][12864][gc,age      ] GC(4) Age table with threshold 3 (max threshold 15)
[2023-12-11T10:00:50.041+0000][12864][gc,age      ] GC(4) - age   1:    2340984 bytes,    2340984 total
[2023-12-11T10:00:50.041+0000][12864][gc,age      ] GC(4) - age   2:    4075936 bytes,    6416920 total
[2023-12-11T10:00:50.041+0000][12864][gc,age      ] GC(4) - age   3:    1884080 bytes,    8301000 total
[2023-12-11T10:00:50.041+0000][12864][gc,heap     ] GC(4) Eden regions: 51->0(603)
[2023-12-11T10:00:50.041+0000][12864][gc,heap     ] GC(4) Survivor regions: 5->3(7)
[2023-12-11T10:00:50.041+0000][12864][gc,heap     ] GC(4) Old regions: 0->3
[2023-12-11T10:00:50.041+0000][12864][gc,heap     ] GC(4) Archive regions: 0->0
[2023-12-11T10:00:50.041+0000][12864][gc,heap     ] GC(4) Humongous regions: 0->0
[2023-12-11T10:00:50.041+0000][12864][gc,metaspace] GC(4) Metaspace: 24761K(25408K)->24761K(25408K) NonClass: 21878K(22272K)->21878K(22272K) Class: 2882K(3136K)->2882K(3136K)
[2023-12-11T10:00:50.041+0000][12864][gc          ] GC(4) Pause Young (Normal) (G1 Evacuation Pause) 221M->20M(4040M) 9.698ms
[2023-12-11T10:00:50.041+0000][12864][gc,cpu      ] GC(4) User=0.00s Sys=0.00s Real=0.01s
[2023-12-11T10:00:50.041+0000][12864][safepoint   ] Safepoint "G1CollectForAllocation", Time since last: 421643500 ns, Reaching safepoint: 104900 ns, At safepoint: 9777400 ns, Total: 9882300 ns
[2023-12-11T10:00:51.176+0000][12864][safepoint   ] Safepoint "Cleanup", Time since last: 1134381300 ns, Reaching safepoint: 67500 ns, At safepoint: 17600 ns, Total: 85100 ns
[2023-12-11T10:00:52.181+0000][12864][safepoint   ] Safepoint "Cleanup", Time since last: 1005273800 ns, Reaching safepoint: 254300 ns, At safepoint: 7300 ns, Total: 261600 ns
[2023-12-11T10:00:53.191+0000][12864][safepoint   ] Safepoint "Cleanup", Time since last: 1008823500 ns, Reaching safepoint: 169400 ns, At safepoint: 8900 ns, Total: 178300 ns
[2023-12-11T10:00:54.196+0000][12864][safepoint   ] Safepoint "Cleanup", Time since last: 1005584600 ns, Reaching safepoint: 112700 ns, At safepoint: 3400 ns, Total: 116100 ns
[2023-12-11T10:00:55.296+0000][12864][safepoint   ] Safepoint "Cleanup", Time since last: 1099292700 ns, Reaching safepoint: 107800 ns, At safepoint: 5200 ns, Total: 113000 ns
[2023-12-11T10:00:56.176+0000][12864][gc,start    ] GC(5) Pause Young (Concurrent Start) (Metadata GC Threshold)
[2023-12-11T10:00:56.176+0000][12864][gc,task     ] GC(5) Using 8 workers of 8 for evacuation
[2023-12-11T10:00:56.176+0000][12864][gc,age      ] GC(5) Desired survivor size 159383552 bytes, new threshold 15 (max threshold 15)
[2023-12-11T10:00:56.192+0000][12864][gc,phases   ] GC(5)   Pre Evacuate Collection Set: 0.2ms
[2023-12-11T10:00:56.192+0000][12864][gc,phases   ] GC(5)   Merge Heap Roots: 0.1ms
[2023-12-11T10:00:56.192+0000][12864][gc,phases   ] GC(5)   Evacuate Collection Set: 15.7ms
[2023-12-11T10:00:56.192+0000][12864][gc,phases   ] GC(5)   Post Evacuate Collection Set: 0.8ms
[2023-12-11T10:00:56.192+0000][12864][gc,phases   ] GC(5)   Other: 0.2ms
[2023-12-11T10:00:56.192+0000][12864][gc,age      ] GC(5) Age table with threshold 15 (max threshold 15)
[2023-12-11T10:00:56.192+0000][12864][gc,age      ] GC(5) - age   1:    8809616 bytes,    8809616 total
[2023-12-11T10:00:56.192+0000][12864][gc,age      ] GC(5) - age   2:    2331664 bytes,   11141280 total
[2023-12-11T10:00:56.192+0000][12864][gc,age      ] GC(5) - age   3:    4063832 bytes,   15205112 total
[2023-12-11T10:00:56.193+0000][12864][gc,age      ] GC(5) - age   4:    1881440 bytes,   17086552 total
[2023-12-11T10:00:56.193+0000][12864][gc,heap     ] GC(5) Eden regions: 184->0(230)
[2023-12-11T10:00:56.193+0000][12864][gc,heap     ] GC(5) Survivor regions: 3->5(76)
[2023-12-11T10:00:56.193+0000][12864][gc,heap     ] GC(5) Old regions: 3->3
[2023-12-11T10:00:56.193+0000][12864][gc,heap     ] GC(5) Archive regions: 0->0
[2023-12-11T10:00:56.193+0000][12864][gc,heap     ] GC(5) Humongous regions: 0->0
[2023-12-11T10:00:56.193+0000][12864][gc,metaspace] GC(5) Metaspace: 35108K(35968K)->35108K(35968K) NonClass: 30952K(31488K)->30952K(31488K) Class: 4155K(4480K)->4155K(4480K)
[2023-12-11T10:00:56.193+0000][12864][gc          ] GC(5) Pause Young (Concurrent Start) (Metadata GC Threshold) 752M->27M(4040M) 17.271ms
[2023-12-11T10:00:56.193+0000][12864][gc,cpu      ] GC(5) User=0.00s Sys=0.02s Real=0.02s
[2023-12-11T10:00:56.193+0000][12864][gc          ] GC(6) Concurrent Mark Cycle
[2023-12-11T10:00:56.193+0000][12864][gc,marking  ] GC(6) Concurrent Clear Claimed Marks
[2023-12-11T10:00:56.193+0000][12864][safepoint   ] Safepoint "CollectForMetadataAllocation", Time since last: 880263800 ns, Reaching safepoint: 85200 ns, At safepoint: 17391400 ns, Total: 17476600 ns
[2023-12-11T10:00:56.193+0000][12864][gc,marking  ] GC(6) Concurrent Clear Claimed Marks 0.036ms
[2023-12-11T10:00:56.193+0000][12864][gc,marking  ] GC(6) Concurrent Scan Root Regions
[2023-12-11T10:00:56.196+0000][12864][gc,marking  ] GC(6) Concurrent Scan Root Regions 3.559ms
[2023-12-11T10:00:56.196+0000][12864][gc,marking  ] GC(6) Concurrent Mark
[2023-12-11T10:00:56.196+0000][12864][gc,marking  ] GC(6) Concurrent Mark From Roots
[2023-12-11T10:00:56.196+0000][12864][gc,task     ] GC(6) Using 2 workers of 2 for marking
[2023-12-11T10:00:56.205+0000][12864][gc,marking  ] GC(6) Concurrent Mark From Roots 9.681ms
[2023-12-11T10:00:56.205+0000][12864][gc,marking  ] GC(6) Concurrent Preclean
[2023-12-11T10:00:56.205+0000][12864][gc,marking  ] GC(6) Concurrent Preclean 0.044ms
[2023-12-11T10:00:56.207+0000][12864][gc,start    ] GC(6) Pause Remark
[2023-12-11T10:00:56.208+0000][12864][gc          ] GC(6) Pause Remark 29M->29M(4040M) 1.831ms
[2023-12-11T10:00:56.208+0000][12864][gc,cpu      ] GC(6) User=0.00s Sys=0.00s Real=0.00s
[2023-12-11T10:00:56.208+0000][12864][safepoint   ] Safepoint "G1Concurrent", Time since last: 13452700 ns, Reaching safepoint: 131300 ns, At safepoint: 1877300 ns, Total: 2008600 ns
[2023-12-11T10:00:56.208+0000][12864][gc,marking  ] GC(6) Concurrent Mark 11.907ms
[2023-12-11T10:00:56.208+0000][12864][gc,marking  ] GC(6) Concurrent Rebuild Remembered Sets
[2023-12-11T10:00:56.210+0000][12864][gc,marking  ] GC(6) Concurrent Rebuild Remembered Sets 3.387ms
[2023-12-11T10:00:56.212+0000][12864][gc,start    ] GC(6) Pause Cleanup
[2023-12-11T10:00:56.212+0000][12864][gc          ] GC(6) Pause Cleanup 29M->29M(4040M) 0.117ms
[2023-12-11T10:00:56.212+0000][12864][gc,cpu      ] GC(6) User=0.00s Sys=0.00s Real=0.00s
[2023-12-11T10:00:56.212+0000][12864][safepoint   ] Safepoint "G1Concurrent", Time since last: 3573000 ns, Reaching safepoint: 109900 ns, At safepoint: 167800 ns, Total: 277700 ns
[2023-12-11T10:00:56.212+0000][12864][gc,marking  ] GC(6) Concurrent Cleanup for Next Mark
[2023-12-11T10:00:56.214+0000][12864][gc,marking  ] GC(6) Concurrent Cleanup for Next Mark 8.422ms
[2023-12-11T10:00:56.214+0000][12864][gc          ] GC(6) Concurrent Mark Cycle 27.918ms
[2023-12-11T10:00:57.215+0000][12864][safepoint   ] Safepoint "Cleanup", Time since last: 1002759800 ns, Reaching safepoint: 204000 ns, At safepoint: 44700 ns, Total: 248700 ns
[2023-12-11T10:00:58.015+0000][12864][safepoint   ] Safepoint "ICBufferFull", Time since last: 811933600 ns, Reaching safepoint: 170100 ns, At safepoint: 6000 ns, Total: 176100 ns
[2023-12-11T10:00:59.650+0000][12864][safepoint   ] Safepoint "Cleanup", Time since last: 1623629800 ns, Reaching safepoint: 127600 ns, At safepoint: 11500 ns, Total: 139100 ns
[2023-12-11T10:01:00.497+0000][12864][safepoint   ] Safepoint "ICBufferFull", Time since last: 845818500 ns, Reaching safepoint: 367100 ns, At safepoint: 18900 ns, Total: 386000 ns
[2023-12-11T10:01:01.552+0000][12864][safepoint   ] Safepoint "Cleanup", Time since last: 1057621600 ns, Reaching safepoint: 210100 ns, At safepoint: 15200 ns, Total: 225300 ns
[2023-12-11T10:01:02.317+0000][12864][gc,start    ] GC(7) Pause Young (Concurrent Start) (Metadata GC Threshold)
[2023-12-11T10:01:02.317+0000][12864][gc,task     ] GC(7) Using 8 workers of 8 for evacuation
[2023-12-11T10:01:02.317+0000][12864][gc,age      ] GC(7) Desired survivor size 67108864 bytes, new threshold 15 (max threshold 15)
[2023-12-11T10:01:02.337+0000][12864][gc,phases   ] GC(7)   Pre Evacuate Collection Set: 0.1ms
[2023-12-11T10:01:02.337+0000][12864][gc,phases   ] GC(7)   Merge Heap Roots: 0.1ms
[2023-12-11T10:01:02.337+0000][12864][gc,phases   ] GC(7)   Evacuate Collection Set: 18.2ms
[2023-12-11T10:01:02.337+0000][12864][gc,phases   ] GC(7)   Post Evacuate Collection Set: 1.8ms
[2023-12-11T10:01:02.337+0000][12864][gc,phases   ] GC(7)   Other: 0.1ms
[2023-12-11T10:01:02.337+0000][12864][gc,age      ] GC(7) Age table with threshold 15 (max threshold 15)
[2023-12-11T10:01:02.337+0000][12864][gc,age      ] GC(7) - age   1:   24429272 bytes,   24429272 total
[2023-12-11T10:01:02.337+0000][12864][gc,age      ] GC(7) - age   2:    8575400 bytes,   33004672 total
[2023-12-11T10:01:02.337+0000][12864][gc,age      ] GC(7) - age   3:    2321352 bytes,   35326024 total
[2023-12-11T10:01:02.337+0000][12864][gc,age      ] GC(7) - age   4:    4030600 bytes,   39356624 total
[2023-12-11T10:01:02.337+0000][12864][gc,age      ] GC(7) - age   5:    1861744 bytes,   41218368 total
[2023-12-11T10:01:02.337+0000][12864][gc,heap     ] GC(7) Eden regions: 107->0(185)
[2023-12-11T10:01:02.337+0000][12864][gc,heap     ] GC(7) Survivor regions: 5->11(32)
[2023-12-11T10:01:02.337+0000][12864][gc,heap     ] GC(7) Old regions: 3->3
[2023-12-11T10:01:02.337+0000][12864][gc,heap     ] GC(7) Archive regions: 0->0
[2023-12-11T10:01:02.337+0000][12864][gc,heap     ] GC(7) Humongous regions: 0->0
[2023-12-11T10:01:02.337+0000][12864][gc,metaspace] GC(7) Metaspace: 58725K(60160K)->58725K(60160K) NonClass: 51212K(52032K)->51212K(52032K) Class: 7513K(8128K)->7513K(8128K)
[2023-12-11T10:01:02.337+0000][12864][gc          ] GC(7) Pause Young (Concurrent Start) (Metadata GC Threshold) 453M->51M(4040M) 20.595ms
[2023-12-11T10:01:02.337+0000][12864][gc,cpu      ] GC(7) User=0.11s Sys=0.00s Real=0.02s
[2023-12-11T10:01:02.337+0000][12864][gc          ] GC(8) Concurrent Mark Cycle
[2023-12-11T10:01:02.337+0000][12864][gc,marking  ] GC(8) Concurrent Clear Claimed Marks
[2023-12-11T10:01:02.337+0000][12864][safepoint   ] Safepoint "CollectForMetadataAllocation", Time since last: 760826600 ns, Reaching safepoint: 47300 ns, At safepoint: 20690500 ns, Total: 20737800 ns
[2023-12-11T10:01:02.337+0000][12864][gc,marking  ] GC(8) Concurrent Clear Claimed Marks 0.079ms
[2023-12-11T10:01:02.337+0000][12864][gc,marking  ] GC(8) Concurrent Scan Root Regions
[2023-12-11T10:01:02.348+0000][12864][gc,marking  ] GC(8) Concurrent Scan Root Regions 12.436ms
[2023-12-11T10:01:02.348+0000][12864][gc,marking  ] GC(8) Concurrent Mark
[2023-12-11T10:01:02.348+0000][12864][gc,marking  ] GC(8) Concurrent Mark From Roots
[2023-12-11T10:01:02.348+0000][12864][gc,task     ] GC(8) Using 2 workers of 2 for marking
[2023-12-11T10:01:02.356+0000][12864][gc,marking  ] GC(8) Concurrent Mark From Roots 11.442ms
[2023-12-11T10:01:02.356+0000][12864][gc,marking  ] GC(8) Concurrent Preclean
[2023-12-11T10:01:02.361+0000][12864][gc,marking  ] GC(8) Concurrent Preclean 0.207ms
[2023-12-11T10:01:02.361+0000][12864][gc,start    ] GC(8) Pause Remark
[2023-12-11T10:01:02.363+0000][12864][gc          ] GC(8) Pause Remark 55M->55M(4040M) 2.458ms
[2023-12-11T10:01:02.363+0000][12864][gc,cpu      ] GC(8) User=0.00s Sys=0.00s Real=0.00s
[2023-12-11T10:01:02.363+0000][12864][safepoint   ] Safepoint "G1Concurrent", Time since last: 24277400 ns, Reaching safepoint: 167800 ns, At safepoint: 2527800 ns, Total: 2695600 ns
[2023-12-11T10:01:02.363+0000][12864][gc,marking  ] GC(8) Concurrent Mark 14.474ms
[2023-12-11T10:01:02.363+0000][12864][gc,marking  ] GC(8) Concurrent Rebuild Remembered Sets
[2023-12-11T10:01:02.366+0000][12864][gc,marking  ] GC(8) Concurrent Rebuild Remembered Sets 3.627ms
[2023-12-11T10:01:02.368+0000][12864][gc,start    ] GC(8) Pause Cleanup
[2023-12-11T10:01:02.368+0000][12864][gc          ] GC(8) Pause Cleanup 55M->55M(4040M) 0.137ms
[2023-12-11T10:01:02.368+0000][12864][gc,cpu      ] GC(8) User=0.00s Sys=0.00s Real=0.00s
[2023-12-11T10:01:02.368+0000][12864][safepoint   ] Safepoint "G1Concurrent", Time since last: 3802500 ns, Reaching safepoint: 43900 ns, At safepoint: 180000 ns, Total: 223900 ns
[2023-12-11T10:01:02.368+0000][12864][gc,marking  ] GC(8) Concurrent Cleanup for Next Mark
[2023-12-11T10:01:02.370+0000][12864][gc,marking  ] GC(8) Concurrent Cleanup for Next Mark 5.302ms
[2023-12-11T10:01:02.370+0000][12864][gc          ] GC(8) Concurrent Mark Cycle 36.431ms
[2023-12-11T10:01:03.378+0000][12864][safepoint   ] Safepoint "Cleanup", Time since last: 1009557300 ns, Reaching safepoint: 231800 ns, At safepoint: 15700 ns, Total: 247500 ns
[2023-12-11T10:01:04.488+0000][12864][safepoint   ] Safepoint "Cleanup", Time since last: 1110198600 ns, Reaching safepoint: 192300 ns, At safepoint: 67600 ns, Total: 259900 ns
[2023-12-11T10:01:06.238+0000][12864][safepoint   ] Safepoint "Cleanup", Time since last: 1749657900 ns, Reaching safepoint: 780500 ns, At safepoint: 56300 ns, Total: 836800 ns
[2023-12-11T10:01:07.532+0000][12864][safepoint   ] Safepoint "Cleanup", Time since last: 1293422600 ns, Reaching safepoint: 71800 ns, At safepoint: 4500 ns, Total: 76300 ns
[2023-12-11T10:01:08.189+0000][12864][gc,start    ] GC(9) Pause Young (Concurrent Start) (Metadata GC Threshold)
[2023-12-11T10:01:08.189+0000][12864][gc,task     ] GC(9) Using 8 workers of 8 for evacuation
[2023-12-11T10:01:08.189+0000][12864][gc,age      ] GC(9) Desired survivor size 56623104 bytes, new threshold 15 (max threshold 15)
[2023-12-11T10:01:08.218+0000][12864][gc,phases   ] GC(9)   Pre Evacuate Collection Set: 0.3ms
[2023-12-11T10:01:08.218+0000][12864][gc,phases   ] GC(9)   Merge Heap Roots: 0.0ms
[2023-12-11T10:01:08.218+0000][12864][gc,phases   ] GC(9)   Evacuate Collection Set: 27.1ms
[2023-12-11T10:01:08.218+0000][12864][gc,phases   ] GC(9)   Post Evacuate Collection Set: 2.2ms
[2023-12-11T10:01:08.218+0000][12864][gc,phases   ] GC(9)   Other: 0.1ms
[2023-12-11T10:01:08.218+0000][12864][gc,age      ] GC(9) Age table with threshold 15 (max threshold 15)
[2023-12-11T10:01:08.218+0000][12864][gc,age      ] GC(9) - age   1:   16941048 bytes,   16941048 total
[2023-12-11T10:01:08.218+0000][12864][gc,age      ] GC(9) - age   2:   23884064 bytes,   40825112 total
[2023-12-11T10:01:08.218+0000][12864][gc,age      ] GC(9) - age   3:    8535424 bytes,   49360536 total
[2023-12-11T10:01:08.218+0000][12864][gc,age      ] GC(9) - age   4:    2317176 bytes,   51677712 total
[2023-12-11T10:01:08.218+0000][12864][gc,age      ] GC(9) - age   5:    4016280 bytes,   55693992 total
[2023-12-11T10:01:08.218+0000][12864][gc,age      ] GC(9) - age   6:    1855824 bytes,   57549816 total
[2023-12-11T10:01:08.218+0000][12864][gc,heap     ] GC(9) Eden regions: 115->0(156)
[2023-12-11T10:01:08.218+0000][12864][gc,heap     ] GC(9) Survivor regions: 11->15(27)
[2023-12-11T10:01:08.218+0000][12864][gc,heap     ] GC(9) Old regions: 3->3
[2023-12-11T10:01:08.218+0000][12864][gc,heap     ] GC(9) Archive regions: 0->0
[2023-12-11T10:01:08.218+0000][12864][gc,heap     ] GC(9) Humongous regions: 0->0
[2023-12-11T10:01:08.218+0000][12864][gc,metaspace] GC(9) Metaspace: 97910K(100800K)->97910K(100800K) NonClass: 84689K(86144K)->84689K(86144K) Class: 13221K(14656K)->13221K(14656K)
[2023-12-11T10:01:08.218+0000][12864][gc          ] GC(9) Pause Young (Concurrent Start) (Metadata GC Threshold) 509M->68M(4040M) 29.884ms
[2023-12-11T10:01:08.218+0000][12864][gc          ] GC(10) Concurrent Mark Cycle
[2023-12-11T10:01:08.218+0000][12864][gc,cpu      ] GC(9) User=0.19s Sys=0.00s Real=0.03s
[2023-12-11T10:01:08.218+0000][12864][gc,marking  ] GC(10) Concurrent Clear Claimed Marks
[2023-12-11T10:01:08.218+0000][12864][safepoint   ] Safepoint "CollectForMetadataAllocation", Time since last: 656367900 ns, Reaching safepoint: 217900 ns, At safepoint: 29996400 ns, Total: 30214300 ns
[2023-12-11T10:01:08.219+0000][12864][gc,marking  ] GC(10) Concurrent Clear Claimed Marks 0.271ms
[2023-12-11T10:01:08.219+0000][12864][gc,marking  ] GC(10) Concurrent Scan Root Regions
[2023-12-11T10:01:08.238+0000][12864][gc,marking  ] GC(10) Concurrent Scan Root Regions 19.416ms
[2023-12-11T10:01:08.239+0000][12864][gc,marking  ] GC(10) Concurrent Mark
[2023-12-11T10:01:08.239+0000][12864][gc,marking  ] GC(10) Concurrent Mark From Roots
[2023-12-11T10:01:08.239+0000][12864][gc,task     ] GC(10) Using 2 workers of 2 for marking
[2023-12-11T10:01:08.249+0000][12864][gc,marking  ] GC(10) Concurrent Mark From Roots 11.620ms
[2023-12-11T10:01:08.250+0000][12864][gc,marking  ] GC(10) Concurrent Preclean
[2023-12-11T10:01:08.250+0000][12864][gc,marking  ] GC(10) Concurrent Preclean 0.052ms
[2023-12-11T10:01:08.251+0000][12864][gc,start    ] GC(10) Pause Remark
[2023-12-11T10:01:08.253+0000][12864][gc          ] GC(10) Pause Remark 72M->72M(4040M) 3.266ms
[2023-12-11T10:01:08.253+0000][12864][gc,cpu      ] GC(10) User=0.00s Sys=0.00s Real=0.00s
[2023-12-11T10:01:08.253+0000][12864][safepoint   ] Safepoint "G1Concurrent", Time since last: 31505900 ns, Reaching safepoint: 36100 ns, At safepoint: 3369400 ns, Total: 3405500 ns
[2023-12-11T10:01:08.253+0000][12864][gc,marking  ] GC(10) Concurrent Mark 15.241ms
[2023-12-11T10:01:08.253+0000][12864][gc,marking  ] GC(10) Concurrent Rebuild Remembered Sets
[2023-12-11T10:01:08.257+0000][12864][gc,marking  ] GC(10) Concurrent Rebuild Remembered Sets 3.513ms
[2023-12-11T10:01:08.258+0000][12864][gc,start    ] GC(10) Pause Cleanup
[2023-12-11T10:01:08.258+0000][12864][gc          ] GC(10) Pause Cleanup 72M->72M(4040M) 0.109ms
[2023-12-11T10:01:08.258+0000][12864][gc,cpu      ] GC(10) User=0.00s Sys=0.00s Real=0.00s
[2023-12-11T10:01:08.258+0000][12864][safepoint   ] Safepoint "G1Concurrent", Time since last: 3624000 ns, Reaching safepoint: 67800 ns, At safepoint: 144600 ns, Total: 212400 ns
[2023-12-11T10:01:08.258+0000][12864][gc,marking  ] GC(10) Concurrent Cleanup for Next Mark
[2023-12-11T10:01:08.264+0000][12864][gc,marking  ] GC(10) Concurrent Cleanup for Next Mark 6.639ms
[2023-12-11T10:01:08.264+0000][12864][gc          ] GC(10) Concurrent Mark Cycle 45.623ms
[2023-12-11T10:01:08.903+0000][12864][safepoint   ] Safepoint "ICBufferFull", Time since last: 645588100 ns, Reaching safepoint: 204500 ns, At safepoint: 66300 ns, Total: 270800 ns
[2023-12-11T10:01:09.463+0000][12864][safepoint   ] Safepoint "ICBufferFull", Time since last: 558690000 ns, Reaching safepoint: 160800 ns, At safepoint: 48500 ns, Total: 209300 ns
[2023-12-11T10:01:09.934+0000][12864][safepoint   ] Safepoint "ICBufferFull", Time since last: 471563000 ns, Reaching safepoint: 132900 ns, At safepoint: 9000 ns, Total: 141900 ns
[2023-12-11T10:01:11.049+0000][12864][safepoint   ] Safepoint "ICBufferFull", Time since last: 1114543000 ns, Reaching safepoint: 207300 ns, At safepoint: 6200 ns, Total: 213500 ns
[2023-12-11T10:01:12.347+0000][12864][safepoint   ] Safepoint "Cleanup", Time since last: 1297761300 ns, Reaching safepoint: 178300 ns, At safepoint: 45100 ns, Total: 223400 ns
[2023-12-11T10:01:13.364+0000][12864][safepoint   ] Safepoint "Cleanup", Time since last: 1000334100 ns, Reaching safepoint: 16411000 ns, At safepoint: 71000 ns, Total: 16482000 ns
[2023-12-11T10:01:14.373+0000][12864][safepoint   ] Safepoint "Cleanup", Time since last: 1009555200 ns, Reaching safepoint: 154700 ns, At safepoint: 53600 ns, Total: 208300 ns
[2023-12-11T10:01:15.700+0000][12864][safepoint   ] Safepoint "ICBufferFull", Time since last: 1326570100 ns, Reaching safepoint: 180800 ns, At safepoint: 13500 ns, Total: 194300 ns
[2023-12-11T10:01:16.707+0000][12864][safepoint   ] Safepoint "Cleanup", Time since last: 1006284600 ns, Reaching safepoint: 117000 ns, At safepoint: 48600 ns, Total: 165600 ns
[2023-12-11T10:01:18.725+0000][12864][safepoint   ] Safepoint "Cleanup", Time since last: 2018097000 ns, Reaching safepoint: 148400 ns, At safepoint: 27700 ns, Total: 176100 ns
[2023-12-11T10:01:19.732+0000][12864][safepoint   ] Safepoint "Cleanup", Time since last: 1006870500 ns, Reaching safepoint: 273900 ns, At safepoint: 29100 ns, Total: 303000 ns
[2023-12-11T10:01:21.754+0000][12864][safepoint   ] Safepoint "Cleanup", Time since last: 2021223200 ns, Reaching safepoint: 142000 ns, At safepoint: 14100 ns, Total: 156100 ns
[2023-12-11T10:01:22.767+0000][12864][safepoint   ] Safepoint "Cleanup", Time since last: 1013300200 ns, Reaching safepoint: 73800 ns, At safepoint: 51200 ns, Total: 125000 ns
[2023-12-11T10:01:23.783+0000][12864][safepoint   ] Safepoint "Cleanup", Time since last: 1016013100 ns, Reaching safepoint: 125200 ns, At safepoint: 13600 ns, Total: 138800 ns
[2023-12-11T10:01:25.798+0000][12864][safepoint   ] Safepoint "Cleanup", Time since last: 2014523900 ns, Reaching safepoint: 146100 ns, At safepoint: 17200 ns, Total: 163300 ns
[2023-12-11T10:01:26.814+0000][12864][safepoint   ] Safepoint "Cleanup", Time since last: 1015884800 ns, Reaching safepoint: 121700 ns, At safepoint: 14200 ns, Total: 135900 ns
[2023-12-11T10:01:27.817+0000][12864][safepoint   ] Safepoint "Cleanup", Time since last: 1003032400 ns, Reaching safepoint: 122300 ns, At safepoint: 11600 ns, Total: 133900 ns
[2023-12-11T10:01:28.827+0000][12864][safepoint   ] Safepoint "Cleanup", Time since last: 1009572200 ns, Reaching safepoint: 133700 ns, At safepoint: 14500 ns, Total: 148200 ns
[2023-12-11T10:01:29.834+0000][12864][safepoint   ] Safepoint "Cleanup", Time since last: 1007685500 ns, Reaching safepoint: 166900 ns, At safepoint: 9000 ns, Total: 175900 ns
[2023-12-11T10:01:30.847+0000][12864][safepoint   ] Safepoint "Cleanup", Time since last: 1012118000 ns, Reaching safepoint: 97500 ns, At safepoint: 9000 ns, Total: 106500 ns
[2023-12-11T10:01:35.876+0000][12864][safepoint   ] Safepoint "Cleanup", Time since last: 5029465600 ns, Reaching safepoint: 784200 ns, At safepoint: 38900 ns, Total: 823100 ns
[2023-12-11T10:01:37.254+0000][12864][safepoint   ] Safepoint "Cleanup", Time since last: 1376608400 ns, Reaching safepoint: 349500 ns, At safepoint: 34600 ns, Total: 384100 ns
[2023-12-11T10:01:38.258+0000][12864][safepoint   ] Safepoint "Cleanup", Time since last: 1003909700 ns, Reaching safepoint: 211900 ns, At safepoint: 26000 ns, Total: 237900 ns
[2023-12-11T10:01:40.275+0000][12864][safepoint   ] Safepoint "Cleanup", Time since last: 2016680800 ns, Reaching safepoint: 123600 ns, At safepoint: 26500 ns, Total: 150100 ns
[2023-12-11T10:01:41.287+0000][12864][safepoint   ] Safepoint "Cleanup", Time since last: 1011967200 ns, Reaching safepoint: 139400 ns, At safepoint: 52800 ns, Total: 192200 ns
[2023-12-11T10:01:42.298+0000][12864][safepoint   ] Safepoint "Cleanup", Time since last: 1011099500 ns, Reaching safepoint: 165000 ns, At safepoint: 100700 ns, Total: 265700 ns
[2023-12-11T10:01:43.306+0000][12864][safepoint   ] Safepoint "Cleanup", Time since last: 1007619700 ns, Reaching safepoint: 162300 ns, At safepoint: 22200 ns, Total: 184500 ns
[2023-12-11T10:01:44.318+0000][12864][safepoint   ] Safepoint "Cleanup", Time since last: 1011582900 ns, Reaching safepoint: 87500 ns, At safepoint: 39000 ns, Total: 126500 ns
[2023-12-11T10:01:48.361+0000][12864][safepoint   ] Safepoint "Cleanup", Time since last: 4043193100 ns, Reaching safepoint: 216500 ns, At safepoint: 67000 ns, Total: 283500 ns
[2023-12-11T10:01:49.371+0000][12864][safepoint   ] Safepoint "Cleanup", Time since last: 1009590500 ns, Reaching safepoint: 94800 ns, At safepoint: 9500 ns, Total: 104300 ns
[2023-12-11T10:01:54.437+0000][12864][safepoint   ] Safepoint "Cleanup", Time since last: 5065322600 ns, Reaching safepoint: 65800 ns, At safepoint: 12300 ns, Total: 78100 ns
[2023-12-11T10:01:56.453+0000][12864][safepoint   ] Safepoint "Cleanup", Time since last: 2016121400 ns, Reaching safepoint: 165900 ns, At safepoint: 48300 ns, Total: 214200 ns
[2023-12-11T10:01:57.460+0000][12864][safepoint   ] Safepoint "Cleanup", Time since last: 1007249400 ns, Reaching safepoint: 120300 ns, At safepoint: 16200 ns, Total: 136500 ns
[2023-12-11T10:02:07.547+0000][12864][safepoint   ] Safepoint "Cleanup", Time since last: 10086203700 ns, Reaching safepoint: 183600 ns, At safepoint: 45800 ns, Total: 229400 ns
[2023-12-11T10:02:10.575+0000][12864][safepoint   ] Safepoint "Cleanup", Time since last: 3028498500 ns, Reaching safepoint: 178300 ns, At safepoint: 68600 ns, Total: 246900 ns
[2023-12-11T10:02:17.347+0000][12864][safepoint   ] Safepoint "Cleanup", Time since last: 6771731400 ns, Reaching safepoint: 108700 ns, At safepoint: 15700 ns, Total: 124400 ns
[2023-12-11T10:02:25.845+0000][12864][safepoint   ] Safepoint "Cleanup", Time since last: 8497646100 ns, Reaching safepoint: 160700 ns, At safepoint: 115000 ns, Total: 275700 ns
[2023-12-11T10:02:30.897+0000][12864][safepoint   ] Safepoint "Cleanup", Time since last: 5051550600 ns, Reaching safepoint: 203400 ns, At safepoint: 43100 ns, Total: 246500 ns
[2023-12-11T10:02:39.968+0000][12864][safepoint   ] Safepoint "Cleanup", Time since last: 9070587600 ns, Reaching safepoint: 661300 ns, At safepoint: 68300 ns, Total: 729600 ns
[2023-12-11T10:02:46.005+0000][12864][safepoint   ] Safepoint "Cleanup", Time since last: 6036568100 ns, Reaching safepoint: 175400 ns, At safepoint: 26300 ns, Total: 201700 ns
[2023-12-11T10:02:50.065+0000][12864][safepoint   ] Safepoint "Cleanup", Time since last: 4059399500 ns, Reaching safepoint: 182300 ns, At safepoint: 50900 ns, Total: 233200 ns
[2023-12-11T10:02:54.113+0000][12864][safepoint   ] Safepoint "Cleanup", Time since last: 4048560800 ns, Reaching safepoint: 206500 ns, At safepoint: 43400 ns, Total: 249900 ns
[2023-12-11T10:03:10.267+0000][12864][safepoint   ] Safepoint "Cleanup", Time since last: 16153860900 ns, Reaching safepoint: 319200 ns, At safepoint: 54200 ns, Total: 373400 ns
[2023-12-11T10:03:16.320+0000][12864][safepoint   ] Safepoint "Cleanup", Time since last: 6052435600 ns, Reaching safepoint: 237500 ns, At safepoint: 43500 ns, Total: 281000 ns
[2023-12-11T10:03:18.340+0000][12864][safepoint   ] Safepoint "Cleanup", Time since last: 2019502700 ns, Reaching safepoint: 122400 ns, At safepoint: 30000 ns, Total: 152400 ns
[2023-12-11T10:03:38.581+0000][12864][safepoint   ] Safepoint "Cleanup", Time since last: 20240870100 ns, Reaching safepoint: 99600 ns, At safepoint: 31300 ns, Total: 130900 ns
[2023-12-11T10:03:41.620+0000][12864][safepoint   ] Safepoint "Cleanup", Time since last: 3038262900 ns, Reaching safepoint: 126200 ns, At safepoint: 63500 ns, Total: 189700 ns
[2023-12-11T10:03:42.627+0000][12864][safepoint   ] Safepoint "Cleanup", Time since last: 1007127100 ns, Reaching safepoint: 78300 ns, At safepoint: 12400 ns, Total: 90700 ns
[2023-12-11T10:03:46.657+0000][12864][safepoint   ] Safepoint "Cleanup", Time since last: 4030435800 ns, Reaching safepoint: 102500 ns, At safepoint: 56300 ns, Total: 158800 ns
[2023-12-11T10:03:50.693+0000][12864][safepoint   ] Safepoint "Cleanup", Time since last: 4035420500 ns, Reaching safepoint: 100400 ns, At safepoint: 27300 ns, Total: 127700 ns
[2023-12-11T10:04:04.866+0000][12864][safepoint   ] Safepoint "Cleanup", Time since last: 14173244300 ns, Reaching safepoint: 86400 ns, At safepoint: 51100 ns, Total: 137500 ns
[2023-12-11T10:04:08.900+0000][12864][safepoint   ] Safepoint "Cleanup", Time since last: 4033057200 ns, Reaching safepoint: 72800 ns, At safepoint: 67000 ns, Total: 139800 ns
[2023-12-11T10:04:09.916+0000][12864][safepoint   ] Safepoint "Cleanup", Time since last: 1016704600 ns, Reaching safepoint: 87500 ns, At safepoint: 59800 ns, Total: 147300 ns
[2023-12-11T10:04:11.947+0000][12864][safepoint   ] Safepoint "Cleanup", Time since last: 2030233900 ns, Reaching safepoint: 124800 ns, At safepoint: 60800 ns, Total: 185600 ns
[2023-12-11T10:04:13.972+0000][12864][safepoint   ] Safepoint "Cleanup", Time since last: 2024904100 ns, Reaching safepoint: 108800 ns, At safepoint: 54400 ns, Total: 163200 ns
[2023-12-11T10:04:25.062+0000][12864][safepoint   ] Safepoint "Cleanup", Time since last: 11089863800 ns, Reaching safepoint: 139500 ns, At safepoint: 31700 ns, Total: 171200 ns
[2023-12-11T10:04:43.211+0000][12864][safepoint   ] Safepoint "Cleanup", Time since last: 18148605400 ns, Reaching safepoint: 99700 ns, At safepoint: 66500 ns, Total: 166200 ns
[2023-12-11T10:04:59.335+0000][12864][safepoint   ] Safepoint "Cleanup", Time since last: 16123562200 ns, Reaching safepoint: 74100 ns, At safepoint: 63700 ns, Total: 137800 ns
[2023-12-11T10:05:00.340+0000][12864][safepoint   ] Safepoint "Cleanup", Time since last: 1005318800 ns, Reaching safepoint: 77900 ns, At safepoint: 69000 ns, Total: 146900 ns
[2023-12-11T10:05:10.439+0000][12864][safepoint   ] Safepoint "Cleanup", Time since last: 10098807800 ns, Reaching safepoint: 125600 ns, At safepoint: 25900 ns, Total: 151500 ns
[2023-12-11T10:05:13.469+0000][12864][safepoint   ] Safepoint "Cleanup", Time since last: 3030460600 ns, Reaching safepoint: 90000 ns, At safepoint: 22600 ns, Total: 112600 ns
[2023-12-11T10:05:14.475+0000][12864][safepoint   ] Safepoint "Cleanup", Time since last: 1005518000 ns, Reaching safepoint: 84600 ns, At safepoint: 24800 ns, Total: 109400 ns
[2023-12-11T10:05:26.572+0000][12864][safepoint   ] Safepoint "Cleanup", Time since last: 12096850200 ns, Reaching safepoint: 69900 ns, At safepoint: 9900 ns, Total: 79800 ns
[2023-12-11T10:05:27.584+0000][12864][safepoint   ] Safepoint "Cleanup", Time since last: 1011744100 ns, Reaching safepoint: 126200 ns, At safepoint: 71000 ns, Total: 197200 ns
[2023-12-11T10:05:29.606+0000][12864][safepoint   ] Safepoint "Cleanup", Time since last: 2022114800 ns, Reaching safepoint: 166000 ns, At safepoint: 68500 ns, Total: 234500 ns
[2023-12-11T10:05:31.615+0000][12864][safepoint   ] Safepoint "Cleanup", Time since last: 2008913900 ns, Reaching safepoint: 107200 ns, At safepoint: 17700 ns, Total: 124900 ns
[2023-12-11T10:05:32.624+0000][12864][safepoint   ] Safepoint "Cleanup", Time since last: 1008228300 ns, Reaching safepoint: 794300 ns, At safepoint: 20900 ns, Total: 815200 ns
[2023-12-11T10:05:40.694+0000][12864][safepoint   ] Safepoint "Cleanup", Time since last: 8069736700 ns, Reaching safepoint: 109800 ns, At safepoint: 67100 ns, Total: 176900 ns
[2023-12-11T10:05:41.699+0000][12864][safepoint   ] Safepoint "Cleanup", Time since last: 1004938900 ns, Reaching safepoint: 91200 ns, At safepoint: 21400 ns, Total: 112600 ns
[2023-12-11T10:05:44.706+0000][12864][safepoint   ] Safepoint "Cleanup", Time since last: 3006642300 ns, Reaching safepoint: 128200 ns, At safepoint: 23400 ns, Total: 151600 ns
[2023-12-11T10:05:50.742+0000][12864][safepoint   ] Safepoint "Cleanup", Time since last: 6035893600 ns, Reaching safepoint: 118000 ns, At safepoint: 71600 ns, Total: 189600 ns
[2023-12-11T10:05:58.803+0000][12864][safepoint   ] Safepoint "Cleanup", Time since last: 8060950400 ns, Reaching safepoint: 87500 ns, At safepoint: 10500 ns, Total: 98000 ns
[2023-12-11T10:06:04.870+0000][12864][safepoint   ] Safepoint "Cleanup", Time since last: 6066053900 ns, Reaching safepoint: 802900 ns, At safepoint: 10000 ns, Total: 812900 ns
[2023-12-11T10:06:11.910+0000][12864][safepoint   ] Safepoint "Cleanup", Time since last: 7040118000 ns, Reaching safepoint: 82300 ns, At safepoint: 25300 ns, Total: 107600 ns
[2023-12-11T10:06:13.933+0000][12864][safepoint   ] Safepoint "Cleanup", Time since last: 2022709600 ns, Reaching safepoint: 92600 ns, At safepoint: 33600 ns, Total: 126200 ns
[2023-12-11T10:06:14.934+0000][12864][safepoint   ] Safepoint "Cleanup", Time since last: 1000264600 ns, Reaching safepoint: 74500 ns, At safepoint: 62600 ns, Total: 137100 ns
[2023-12-11T10:06:37.075+0000][12864][safepoint   ] Safepoint "Cleanup", Time since last: 22141403400 ns, Reaching safepoint: 102900 ns, At safepoint: 21700 ns, Total: 124600 ns
[2023-12-11T10:06:38.078+0000][12864][safepoint   ] Safepoint "Cleanup", Time since last: 1002343300 ns, Reaching safepoint: 114700 ns, At safepoint: 52700 ns, Total: 167400 ns
[2023-12-11T10:06:39.080+0000][12864][safepoint   ] Safepoint "Cleanup", Time since last: 1002663100 ns, Reaching safepoint: 115900 ns, At safepoint: 23400 ns, Total: 139300 ns
[2023-12-11T10:06:43.111+0000][12864][safepoint   ] Safepoint "Cleanup", Time since last: 4030910500 ns, Reaching safepoint: 80200 ns, At safepoint: 10900 ns, Total: 91100 ns
[2023-12-11T10:06:45.135+0000][12864][safepoint   ] Safepoint "Cleanup", Time since last: 2023812400 ns, Reaching safepoint: 131700 ns, At safepoint: 82400 ns, Total: 214100 ns
[2023-12-11T10:06:50.165+0000][12864][safepoint   ] Safepoint "Cleanup", Time since last: 5029290600 ns, Reaching safepoint: 92800 ns, At safepoint: 33700 ns, Total: 126500 ns
[2023-12-11T10:06:53.193+0000][12864][safepoint   ] Safepoint "Cleanup", Time since last: 3027771700 ns, Reaching safepoint: 94600 ns, At safepoint: 19000 ns, Total: 113600 ns
[2023-12-11T10:07:10.287+0000][12864][safepoint   ] Safepoint "Cleanup", Time since last: 17093649900 ns, Reaching safepoint: 121800 ns, At safepoint: 21100 ns, Total: 142900 ns
[2023-12-11T10:07:11.299+0000][12864][safepoint   ] Safepoint "Cleanup", Time since last: 1012550100 ns, Reaching safepoint: 58300 ns, At safepoint: 24300 ns, Total: 82600 ns
[2023-12-11T10:07:38.474+0000][12864][safepoint   ] Safepoint "Cleanup", Time since last: 27174485500 ns, Reaching safepoint: 119600 ns, At safepoint: 21800 ns, Total: 141400 ns
[2023-12-11T10:07:43.491+0000][12864][safepoint   ] Safepoint "Cleanup", Time since last: 5017327700 ns, Reaching safepoint: 97300 ns, At safepoint: 41800 ns, Total: 139100 ns
[2023-12-11T10:08:40.886+0000][12864][safepoint   ] Safepoint "Cleanup", Time since last: 57394977700 ns, Reaching safepoint: 138400 ns, At safepoint: 29100 ns, Total: 167500 ns
[2023-12-11T10:08:41.895+0000][12864][safepoint   ] Safepoint "Cleanup", Time since last: 1008580000 ns, Reaching safepoint: 655700 ns, At safepoint: 21500 ns, Total: 677200 ns
[2023-12-11T10:08:43.911+0000][12864][safepoint   ] Safepoint "Cleanup", Time since last: 2015466800 ns, Reaching safepoint: 80500 ns, At safepoint: 56300 ns, Total: 136800 ns
[2023-12-11T10:08:44.919+0000][12864][safepoint   ] Safepoint "Cleanup", Time since last: 1007524300 ns, Reaching safepoint: 147400 ns, At safepoint: 26700 ns, Total: 174100 ns
[2023-12-11T10:09:10.130+0000][12864][safepoint   ] Safepoint "Cleanup", Time since last: 25210364500 ns, Reaching safepoint: 133200 ns, At safepoint: 69700 ns, Total: 202900 ns
[2023-12-11T10:09:12.139+0000][12864][safepoint   ] Safepoint "Cleanup", Time since last: 2009101200 ns, Reaching safepoint: 114400 ns, At safepoint: 65000 ns, Total: 179400 ns
[2023-12-11T10:09:40.390+0000][12864][safepoint   ] Safepoint "Cleanup", Time since last: 28250582000 ns, Reaching safepoint: 77300 ns, At safepoint: 66900 ns, Total: 144200 ns
[2023-12-11T10:10:40.903+0000][12864][safepoint   ] Safepoint "Cleanup", Time since last: 60513249400 ns, Reaching safepoint: 101800 ns, At safepoint: 18100 ns, Total: 119900 ns
[2023-12-11T10:10:41.906+0000][12864][safepoint   ] Safepoint "Cleanup", Time since last: 1003344800 ns, Reaching safepoint: 101300 ns, At safepoint: 16800 ns, Total: 118100 ns
[2023-12-11T10:10:43.924+0000][12864][safepoint   ] Safepoint "Cleanup", Time since last: 2017191500 ns, Reaching safepoint: 72000 ns, At safepoint: 18800 ns, Total: 90800 ns
[2023-12-11T10:11:10.120+0000][12864][safepoint   ] Safepoint "Cleanup", Time since last: 26196250100 ns, Reaching safepoint: 118600 ns, At safepoint: 19800 ns, Total: 138400 ns
[2023-12-11T10:11:40.302+0000][12864][safepoint   ] Safepoint "Cleanup", Time since last: 30181661500 ns, Reaching safepoint: 211100 ns, At safepoint: 18800 ns, Total: 229900 ns
[2023-12-11T10:13:40.101+0000][12864][safepoint   ] Safepoint "Cleanup", Time since last: 119799138000 ns, Reaching safepoint: 202400 ns, At safepoint: 65300 ns, Total: 267700 ns
[2023-12-11T10:13:42.113+0000][12864][safepoint   ] Safepoint "Cleanup", Time since last: 2011208100 ns, Reaching safepoint: 120800 ns, At safepoint: 69100 ns, Total: 189900 ns
[2023-12-11T10:14:10.304+0000][12864][safepoint   ] Safepoint "Cleanup", Time since last: 28190869700 ns, Reaching safepoint: 87100 ns, At safepoint: 24400 ns, Total: 111500 ns
[2023-12-11T10:14:12.320+0000][12864][safepoint   ] Safepoint "Cleanup", Time since last: 2016456100 ns, Reaching safepoint: 101500 ns, At safepoint: 56000 ns, Total: 157500 ns
[2023-12-11T10:14:13.335+0000][12864][safepoint   ] Safepoint "Cleanup", Time since last: 1014664800 ns, Reaching safepoint: 150300 ns, At safepoint: 23200 ns, Total: 173500 ns
[2023-12-11T10:14:15.336+0000][12864][safepoint   ] Safepoint "Cleanup", Time since last: 2000673000 ns, Reaching safepoint: 83300 ns, At safepoint: 50400 ns, Total: 133700 ns
[2023-12-11T10:14:21.384+0000][12864][safepoint   ] Safepoint "Cleanup", Time since last: 6047835500 ns, Reaching safepoint: 135700 ns, At safepoint: 22400 ns, Total: 158100 ns
[2023-12-11T10:14:41.551+0000][12864][safepoint   ] Safepoint "Cleanup", Time since last: 20166618000 ns, Reaching safepoint: 179200 ns, At safepoint: 79800 ns, Total: 259000 ns
[2023-12-11T10:14:43.581+0000][12864][safepoint   ] Safepoint "Cleanup", Time since last: 2030249300 ns, Reaching safepoint: 167400 ns, At safepoint: 63400 ns, Total: 230800 ns
[2023-12-11T10:15:11.783+0000][12864][safepoint   ] Safepoint "Cleanup", Time since last: 28201815300 ns, Reaching safepoint: 103900 ns, At safepoint: 74300 ns, Total: 178200 ns
[2023-12-11T10:15:13.825+0000][12864][safepoint   ] Safepoint "Cleanup", Time since last: 2041687300 ns, Reaching safepoint: 163800 ns, At safepoint: 42300 ns, Total: 206100 ns
[2023-12-11T10:15:41.010+0000][12864][safepoint   ] Safepoint "Cleanup", Time since last: 27184431900 ns, Reaching safepoint: 98900 ns, At safepoint: 7900 ns, Total: 106800 ns
[2023-12-11T10:15:42.019+0000][12864][safepoint   ] Safepoint "Cleanup", Time since last: 1008725700 ns, Reaching safepoint: 82600 ns, At safepoint: 13800 ns, Total: 96400 ns
[2023-12-11T10:15:45.044+0000][12864][safepoint   ] Safepoint "Cleanup", Time since last: 3025352700 ns, Reaching safepoint: 105000 ns, At safepoint: 10200 ns, Total: 115200 ns
[2023-12-11T10:15:51.090+0000][12864][safepoint   ] Safepoint "Cleanup", Time since last: 6045638600 ns, Reaching safepoint: 118500 ns, At safepoint: 60200 ns, Total: 178700 ns
[2023-12-11T10:16:12.251+0000][12864][safepoint   ] Safepoint "Cleanup", Time since last: 21161478700 ns, Reaching safepoint: 100100 ns, At safepoint: 56000 ns, Total: 156100 ns
[2023-12-11T10:16:30.332+0000][12864][safepoint   ] Safepoint "Cleanup", Time since last: 18080082400 ns, Reaching safepoint: 69400 ns, At safepoint: 59500 ns, Total: 128900 ns
[2023-12-11T10:17:07.582+0000][12864][safepoint   ] Safepoint "Cleanup", Time since last: 37250347000 ns, Reaching safepoint: 106600 ns, At safepoint: 11700 ns, Total: 118300 ns
[2023-12-11T10:17:10.611+0000][12864][safepoint   ] Safepoint "Cleanup", Time since last: 3028684400 ns, Reaching safepoint: 92900 ns, At safepoint: 10900 ns, Total: 103800 ns
[2023-12-11T10:17:13.637+0000][12864][safepoint   ] Safepoint "Cleanup", Time since last: 3026017900 ns, Reaching safepoint: 110600 ns, At safepoint: 8300 ns, Total: 118900 ns
[2023-12-11T10:18:05.975+0000][12864][safepoint   ] Safepoint "Cleanup", Time since last: 52337684000 ns, Reaching safepoint: 129200 ns, At safepoint: 65500 ns, Total: 194700 ns
[2023-12-11T10:18:21.075+0000][12864][safepoint   ] Safepoint "Cleanup", Time since last: 15099658100 ns, Reaching safepoint: 134100 ns, At safepoint: 57000 ns, Total: 191100 ns
[2023-12-11T10:19:10.385+0000][12864][safepoint   ] Safepoint "Cleanup", Time since last: 49310164200 ns, Reaching safepoint: 110400 ns, At safepoint: 18100 ns, Total: 128500 ns
[2023-12-11T10:19:11.400+0000][12864][safepoint   ] Safepoint "Cleanup", Time since last: 1014934500 ns, Reaching safepoint: 108600 ns, At safepoint: 33500 ns, Total: 142100 ns
[2023-12-11T10:19:16.422+0000][12864][safepoint   ] Safepoint "Cleanup", Time since last: 5021637200 ns, Reaching safepoint: 148700 ns, At safepoint: 57700 ns, Total: 206400 ns
[2023-12-11T10:19:40.564+0000][12864][safepoint   ] Safepoint "Cleanup", Time since last: 24142245100 ns, Reaching safepoint: 120900 ns, At safepoint: 70000 ns, Total: 190900 ns
[2023-12-11T10:19:41.574+0000][12864][safepoint   ] Safepoint "Cleanup", Time since last: 1008920000 ns, Reaching safepoint: 157600 ns, At safepoint: 17400 ns, Total: 175000 ns
[2023-12-11T10:20:20.889+0000][12864][safepoint   ] Safepoint "Cleanup", Time since last: 39315817500 ns, Reaching safepoint: 104800 ns, At safepoint: 28600 ns, Total: 133400 ns
[2023-12-11T10:20:41.038+0000][12864][safepoint   ] Safepoint "Cleanup", Time since last: 20148004400 ns, Reaching safepoint: 119500 ns, At safepoint: 58900 ns, Total: 178400 ns
[2023-12-11T10:20:42.051+0000][12864][safepoint   ] Safepoint "Cleanup", Time since last: 1013280200 ns, Reaching safepoint: 82900 ns, At safepoint: 74400 ns, Total: 157300 ns
[2023-12-11T10:21:10.236+0000][12864][safepoint   ] Safepoint "Cleanup", Time since last: 28184358700 ns, Reaching safepoint: 75900 ns, At safepoint: 33000 ns, Total: 108900 ns
[2023-12-11T10:21:41.451+0000][12864][safepoint   ] Safepoint "Cleanup", Time since last: 31214833300 ns, Reaching safepoint: 137700 ns, At safepoint: 20400 ns, Total: 158100 ns
[2023-12-11T10:21:42.452+0000][12864][safepoint   ] Safepoint "Cleanup", Time since last: 1001298100 ns, Reaching safepoint: 105200 ns, At safepoint: 26000 ns, Total: 131200 ns
[2023-12-11T10:21:45.493+0000][12864][safepoint   ] Safepoint "Cleanup", Time since last: 3041127900 ns, Reaching safepoint: 82400 ns, At safepoint: 55100 ns, Total: 137500 ns
[2023-12-11T10:22:14.733+0000][12864][safepoint   ] Safepoint "Cleanup", Time since last: 29239220300 ns, Reaching safepoint: 106200 ns, At safepoint: 68500 ns, Total: 174700 ns
[2023-12-11T10:22:30.821+0000][12864][safepoint   ] Safepoint "Cleanup", Time since last: 16088309100 ns, Reaching safepoint: 101200 ns, At safepoint: 60300 ns, Total: 161500 ns
[2023-12-11T10:22:41.881+0000][12864][safepoint   ] Safepoint "Cleanup", Time since last: 11059712100 ns, Reaching safepoint: 79200 ns, At safepoint: 57300 ns, Total: 136500 ns
[2023-12-11T10:22:43.900+0000][12864][safepoint   ] Safepoint "Cleanup", Time since last: 2018684600 ns, Reaching safepoint: 101700 ns, At safepoint: 67500 ns, Total: 169200 ns
[2023-12-11T10:22:44.902+0000][12864][safepoint   ] Safepoint "Cleanup", Time since last: 1002278400 ns, Reaching safepoint: 141700 ns, At safepoint: 67400 ns, Total: 209100 ns
[2023-12-11T10:23:12.105+0000][12864][safepoint   ] Safepoint "Cleanup", Time since last: 27202719500 ns, Reaching safepoint: 108000 ns, At safepoint: 51700 ns, Total: 159700 ns
[2023-12-11T10:26:10.413+0000][12864][safepoint   ] Safepoint "Cleanup", Time since last: 178307223600 ns, Reaching safepoint: 151599 ns, At safepoint: 22101 ns, Total: 173700 ns
[2023-12-11T10:31:10.772+0000][12864][safepoint   ] Safepoint "Cleanup", Time since last: 300359186300 ns, Reaching safepoint: 156700 ns, At safepoint: 31399 ns, Total: 188099 ns
[2023-12-11T10:31:56.140+0000][12864][safepoint   ] Safepoint "Cleanup", Time since last: 45368312801 ns, Reaching safepoint: 80500 ns, At safepoint: 56700 ns, Total: 137200 ns
[2023-12-11T10:32:47.593+0000][12864][safepoint   ] Safepoint "Cleanup", Time since last: 51452217800 ns, Reaching safepoint: 91300 ns, At safepoint: 17000 ns, Total: 108300 ns
[2023-12-11T10:35:40.946+0000][12864][safepoint   ] Safepoint "Cleanup", Time since last: 173352822200 ns, Reaching safepoint: 161400 ns, At safepoint: 55400 ns, Total: 216800 ns
[2023-12-11T10:36:11.218+0000][12864][safepoint   ] Safepoint "Cleanup", Time since last: 30272029200 ns, Reaching safepoint: 128300 ns, At safepoint: 77700 ns, Total: 206000 ns
[2023-12-11T10:36:32.335+0000][12864][safepoint   ] Safepoint "Cleanup", Time since last: 21116441600 ns, Reaching safepoint: 786400 ns, At safepoint: 13100 ns, Total: 799500 ns
[2023-12-11T10:37:07.630+0000][12864][safepoint   ] Safepoint "Cleanup", Time since last: 35294213400 ns, Reaching safepoint: 84300 ns, At safepoint: 9700 ns, Total: 94000 ns
[2023-12-11T10:37:09.653+0000][12864][safepoint   ] Safepoint "Cleanup", Time since last: 2022668100 ns, Reaching safepoint: 76000 ns, At safepoint: 76000 ns, Total: 152000 ns
[2023-12-11T10:37:12.685+0000][12864][safepoint   ] Safepoint "Cleanup", Time since last: 3031866900 ns, Reaching safepoint: 82300 ns, At safepoint: 31400 ns, Total: 113700 ns
[2023-12-11T10:37:39.855+0000][12864][safepoint   ] Safepoint "Cleanup", Time since last: 27170989900 ns, Reaching safepoint: 78700 ns, At safepoint: 11500 ns, Total: 90200 ns
[2023-12-11T10:39:12.567+0000][12864][safepoint   ] Safepoint "Cleanup", Time since last: 92711697900 ns, Reaching safepoint: 127000 ns, At safepoint: 49300 ns, Total: 176300 ns
[2023-12-11T10:40:02.793+0000][12864][safepoint   ] Safepoint "Cleanup", Time since last: 50225128400 ns, Reaching safepoint: 77300 ns, At safepoint: 60800 ns, Total: 138100 ns
[2023-12-11T10:40:15.836+0000][12864][safepoint   ] Safepoint "Cleanup", Time since last: 13042871300 ns, Reaching safepoint: 94000 ns, At safepoint: 25300 ns, Total: 119300 ns
[2023-12-11T10:40:40.934+0000][12864][safepoint   ] Safepoint "Cleanup", Time since last: 25097845000 ns, Reaching safepoint: 78700 ns, At safepoint: 49500 ns, Total: 128200 ns
[2023-12-11T10:40:47.948+0000][12864][safepoint   ] Safepoint "Cleanup", Time since last: 7013138200 ns, Reaching safepoint: 695000 ns, At safepoint: 81800 ns, Total: 776800 ns
[2023-12-11T10:41:10.989+0000][12864][safepoint   ] Safepoint "Cleanup", Time since last: 23041099600 ns, Reaching safepoint: 76300 ns, At safepoint: 21900 ns, Total: 98200 ns
[2023-12-11T10:41:21.007+0000][12864][safepoint   ] Safepoint "Cleanup", Time since last: 10018517500 ns, Reaching safepoint: 83000 ns, At safepoint: 20100 ns, Total: 103100 ns
[2023-12-11T10:41:46.051+0000][12864][safepoint   ] Safepoint "Cleanup", Time since last: 25043851300 ns, Reaching safepoint: 80500 ns, At safepoint: 35300 ns, Total: 115800 ns
[2023-12-11T10:41:48.055+0000][12864][safepoint   ] Safepoint "Cleanup", Time since last: 2003683400 ns, Reaching safepoint: 77900 ns, At safepoint: 21800 ns, Total: 99700 ns
[2023-12-11T10:42:41.236+0000][12864][safepoint   ] Safepoint "Cleanup", Time since last: 53180886000 ns, Reaching safepoint: 98300 ns, At safepoint: 42500 ns, Total: 140800 ns
[2023-12-11T10:44:11.425+0000][12864][safepoint   ] Safepoint "Cleanup", Time since last: 90188433000 ns, Reaching safepoint: 67900 ns, At safepoint: 18800 ns, Total: 86700 ns
[2023-12-11T10:44:44.481+0000][12864][safepoint   ] Safepoint "Cleanup", Time since last: 33055948500 ns, Reaching safepoint: 76000 ns, At safepoint: 13900 ns, Total: 89900 ns
[2023-12-11T10:45:11.531+0000][12864][safepoint   ] Safepoint "Cleanup", Time since last: 27050221000 ns, Reaching safepoint: 93400 ns, At safepoint: 9700 ns, Total: 103100 ns
[2023-12-11T10:46:11.683+0000][12864][safepoint   ] Safepoint "Cleanup", Time since last: 60151764400 ns, Reaching safepoint: 103000 ns, At safepoint: 9300 ns, Total: 112300 ns
[2023-12-11T10:48:11.493+0000][12864][safepoint   ] Safepoint "Cleanup", Time since last: 119820138100 ns, Reaching safepoint: 140800 ns, At safepoint: 7400 ns, Total: 148200 ns
[2023-12-11T10:48:41.554+0000][12864][safepoint   ] Safepoint "Cleanup", Time since last: 30061219700 ns, Reaching safepoint: 151600 ns, At safepoint: 3900 ns, Total: 155500 ns
[2023-12-11T10:50:41.317+0000][12864][safepoint   ] Safepoint "Cleanup", Time since last: 119762320300 ns, Reaching safepoint: 144200 ns, At safepoint: 61500 ns, Total: 205700 ns
[2023-12-11T10:52:41.109+0000][12864][safepoint   ] Safepoint "Cleanup", Time since last: 119792243900 ns, Reaching safepoint: 145500 ns, At safepoint: 68500 ns, Total: 214000 ns
[2023-12-11T10:53:11.170+0000][12864][safepoint   ] Safepoint "Cleanup", Time since last: 30060439900 ns, Reaching safepoint: 109700 ns, At safepoint: 57700 ns, Total: 167400 ns
[2023-12-11T10:54:11.363+0000][12864][safepoint   ] Safepoint "Cleanup", Time since last: 60193400000 ns, Reaching safepoint: 70000 ns, At safepoint: 32700 ns, Total: 102700 ns
[2023-12-11T10:56:10.792+0000][12864][safepoint   ] Safepoint "Cleanup", Time since last: 119428381400 ns, Reaching safepoint: 85100 ns, At safepoint: 37400 ns, Total: 122500 ns
[2023-12-11T10:56:11.793+0000][12864][safepoint   ] Safepoint "Cleanup", Time since last: 1001199000 ns, Reaching safepoint: 72400 ns, At safepoint: 30200 ns, Total: 102600 ns
[2023-12-11T10:56:26.817+0000][12864][safepoint   ] Safepoint "Cleanup", Time since last: 15023199700 ns, Reaching safepoint: 716500 ns, At safepoint: 56700 ns, Total: 773200 ns
[2023-12-11T11:00:37.980+0000][12864][safepoint   ] Safepoint "Cleanup", Time since last: 251162713700 ns, Reaching safepoint: 193800 ns, At safepoint: 21200 ns, Total: 215000 ns
[2023-12-11T11:00:40.985+0000][12864][safepoint   ] Safepoint "Cleanup", Time since last: 3004513100 ns, Reaching safepoint: 99400 ns, At safepoint: 59700 ns, Total: 159100 ns
[2023-12-11T11:01:05.040+0000][12864][safepoint   ] Safepoint "Cleanup", Time since last: 24055036000 ns, Reaching safepoint: 64900 ns, At safepoint: 22800 ns, Total: 87700 ns
[2023-12-11T11:01:10.120+0000][12864][safepoint   ] Safepoint "Cleanup", Time since last: 5079623300 ns, Reaching safepoint: 66900 ns, At safepoint: 29500 ns, Total: 96400 ns
[2023-12-11T11:02:22.338+0000][12864][safepoint   ] Safepoint "Cleanup", Time since last: 72218099300 ns, Reaching safepoint: 75700 ns, At safepoint: 22200 ns, Total: 97900 ns
[2023-12-11T11:03:11.525+0000][12864][safepoint   ] Safepoint "Cleanup", Time since last: 49186608300 ns, Reaching safepoint: 81000 ns, At safepoint: 26100 ns, Total: 107100 ns
[2023-12-11T11:04:31.765+0000][12864][safepoint   ] Safepoint "Cleanup", Time since last: 80240743800 ns, Reaching safepoint: 120200 ns, At safepoint: 10100 ns, Total: 130300 ns
[2023-12-11T11:04:48.896+0000][12864][safepoint   ] Safepoint "Cleanup", Time since last: 17130608600 ns, Reaching safepoint: 127800 ns, At safepoint: 14700 ns, Total: 142500 ns
[2023-12-11T11:05:36.011+0000][12864][safepoint   ] Safepoint "Cleanup", Time since last: 47114911300 ns, Reaching safepoint: 93000 ns, At safepoint: 33000 ns, Total: 126000 ns
[2023-12-11T11:05:41.018+0000][12864][safepoint   ] Safepoint "Cleanup", Time since last: 5007206800 ns, Reaching safepoint: 97200 ns, At safepoint: 22000 ns, Total: 119200 ns
[2023-12-11T11:06:11.125+0000][12864][safepoint   ] Safepoint "Cleanup", Time since last: 30106184300 ns, Reaching safepoint: 103400 ns, At safepoint: 12600 ns, Total: 116000 ns
[2023-12-11T11:06:41.354+0000][12864][safepoint   ] Safepoint "Cleanup", Time since last: 30228751700 ns, Reaching safepoint: 172100 ns, At safepoint: 20300 ns, Total: 192400 ns
[2023-12-11T11:07:11.583+0000][12864][safepoint   ] Safepoint "Cleanup", Time since last: 30229369300 ns, Reaching safepoint: 78500 ns, At safepoint: 18700 ns, Total: 97200 ns
[2023-12-11T11:07:29.705+0000][12864][safepoint   ] Safepoint "Cleanup", Time since last: 18121727700 ns, Reaching safepoint: 80100 ns, At safepoint: 49300 ns, Total: 129400 ns
[2023-12-11T11:07:41.884+0000][12864][safepoint   ] Safepoint "Cleanup", Time since last: 12178618400 ns, Reaching safepoint: 79400 ns, At safepoint: 31700 ns, Total: 111100 ns
[2023-12-11T11:11:10.854+0000][12864][safepoint   ] Safepoint "Cleanup", Time since last: 208970395300 ns, Reaching safepoint: 212000 ns, At safepoint: 70100 ns, Total: 282100 ns
[2023-12-11T11:11:11.856+0000][12864][safepoint   ] Safepoint "Cleanup", Time since last: 1000963500 ns, Reaching safepoint: 77400 ns, At safepoint: 24700 ns, Total: 102100 ns
[2023-12-11T11:11:42.082+0000][12864][safepoint   ] Safepoint "Cleanup", Time since last: 30225996000 ns, Reaching safepoint: 114600 ns, At safepoint: 64500 ns, Total: 179100 ns
[2023-12-11T11:14:41.473+0000][12864][safepoint   ] Safepoint "Cleanup", Time since last: 179391105800 ns, Reaching safepoint: 165900 ns, At safepoint: 19200 ns, Total: 185100 ns
[2023-12-11T11:16:41.863+0000][12864][safepoint   ] Safepoint "Cleanup", Time since last: 120389967100 ns, Reaching safepoint: 165900 ns, At safepoint: 57300 ns, Total: 223200 ns
[2023-12-11T11:17:41.318+0000][12864][safepoint   ] Safepoint "Cleanup", Time since last: 59454615500 ns, Reaching safepoint: 131600 ns, At safepoint: 28100 ns, Total: 159700 ns
[2023-12-11T11:17:54.405+0000][12864][safepoint   ] Safepoint "Cleanup", Time since last: 13086814700 ns, Reaching safepoint: 123100 ns, At safepoint: 22500 ns, Total: 145600 ns
[2023-12-11T11:18:21.783+0000][12864][safepoint   ] Safepoint "Cleanup", Time since last: 27377490600 ns, Reaching safepoint: 125800 ns, At safepoint: 51900 ns, Total: 177700 ns
[2023-12-11T11:19:41.670+0000][12864][safepoint   ] Safepoint "Cleanup", Time since last: 79886584900 ns, Reaching safepoint: 84300 ns, At safepoint: 30400 ns, Total: 114700 ns
[2023-12-11T11:20:11.860+0000][12864][safepoint   ] Safepoint "Cleanup", Time since last: 30190588200 ns, Reaching safepoint: 92400 ns, At safepoint: 18900 ns, Total: 111300 ns
[2023-12-11T11:21:10.491+0000][12864][safepoint   ] Safepoint "Cleanup", Time since last: 58630978300 ns, Reaching safepoint: 101400 ns, At safepoint: 36800 ns, Total: 138200 ns
[2023-12-11T11:21:41.930+0000][12864][safepoint   ] Safepoint "Cleanup", Time since last: 31438532400 ns, Reaching safepoint: 77100 ns, At safepoint: 21300 ns, Total: 98400 ns
[2023-12-11T11:22:12.142+0000][12864][safepoint   ] Safepoint "Cleanup", Time since last: 30212219200 ns, Reaching safepoint: 95300 ns, At safepoint: 34400 ns, Total: 129700 ns
[2023-12-11T11:24:50.578+0000][12864][safepoint   ] Safepoint "Cleanup", Time since last: 158435140800 ns, Reaching safepoint: 200900 ns, At safepoint: 35700 ns, Total: 236600 ns
[2023-12-11T11:27:41.427+0000][12864][safepoint   ] Safepoint "Cleanup", Time since last: 170849041700 ns, Reaching safepoint: 180600 ns, At safepoint: 72500 ns, Total: 253100 ns
[2023-12-11T12:41:02.191+0000][12864][safepoint   ] Safepoint "Cleanup", Time since last: 4400773272700 ns, Reaching safepoint: 1063400 ns, At safepoint: 80500 ns, Total: 1143900 ns
[2023-12-11T12:41:31.593+0000][12864][safepoint   ] Safepoint "Cleanup", Time since last: 29401326800 ns, Reaching safepoint: 166100 ns, At safepoint: 50600 ns, Total: 216700 ns
[2023-12-11T12:44:29.422+0000][12864][safepoint   ] Safepoint "Cleanup", Time since last: 177828984000 ns, Reaching safepoint: 119200 ns, At safepoint: 18300 ns, Total: 137500 ns
[2023-12-11T12:44:31.447+0000][12864][safepoint   ] Safepoint "Cleanup", Time since last: 2023832000 ns, Reaching safepoint: 89400 ns, At safepoint: 26700 ns, Total: 116100 ns
[2023-12-11T12:48:26.312+0000][12864][safepoint   ] Safepoint "Cleanup", Time since last: 234865227099 ns, Reaching safepoint: 154901 ns, At safepoint: 9400 ns, Total: 164301 ns
[2023-12-11T12:50:01.356+0000][12864][safepoint   ] Safepoint "Cleanup", Time since last: 95044537900 ns, Reaching safepoint: 74100 ns, At safepoint: 25699 ns, Total: 99799 ns
[2023-12-11T12:51:10.945+0000][12864][safepoint   ] Safepoint "Cleanup", Time since last: 69588468200 ns, Reaching safepoint: 79601 ns, At safepoint: 25700 ns, Total: 105301 ns
[2023-12-11T12:52:02.393+0000][12864][safepoint   ] Safepoint "Cleanup", Time since last: 51447771500 ns, Reaching safepoint: 169999 ns, At safepoint: 20401 ns, Total: 190400 ns
[2023-12-11T12:52:37.838+0000][12864][gc,start    ] GC(11) Pause Young (Normal) (G1 Evacuation Pause)
[2023-12-11T12:52:37.838+0000][12864][gc,task     ] GC(11) Using 8 workers of 8 for evacuation
[2023-12-11T12:52:37.838+0000][12864][gc,age      ] GC(11) Desired survivor size 52428800 bytes, new threshold 5 (max threshold 15)
[2023-12-11T12:52:37.925+0000][12864][gc,phases   ] GC(11)   Pre Evacuate Collection Set: 0.5ms
[2023-12-11T12:52:37.925+0000][12864][gc,phases   ] GC(11)   Merge Heap Roots: 0.3ms
[2023-12-11T12:52:37.925+0000][12864][gc,phases   ] GC(11)   Evacuate Collection Set: 82.9ms
[2023-12-11T12:52:37.925+0000][12864][gc,phases   ] GC(11)   Post Evacuate Collection Set: 4.1ms
[2023-12-11T12:52:37.925+0000][12864][gc,phases   ] GC(11)   Other: 0.3ms
[2023-12-11T12:52:37.925+0000][12864][gc,age      ] GC(11) Age table with threshold 5 (max threshold 15)
[2023-12-11T12:52:37.925+0000][12864][gc,age      ] GC(11) - age   1:   21723944 bytes,   21723944 total
[2023-12-11T12:52:37.925+0000][12864][gc,age      ] GC(11) - age   2:   16332448 bytes,   38056392 total
[2023-12-11T12:52:37.927+0000][12864][gc,age      ] GC(11) - age   3:   23746152 bytes,   61802544 total
[2023-12-11T12:52:37.927+0000][12864][gc,age      ] GC(11) - age   4:    8531480 bytes,   70334024 total
[2023-12-11T12:52:37.927+0000][12864][gc,age      ] GC(11) - age   5:    2316584 bytes,   72650608 total
[2023-12-11T12:52:37.927+0000][12864][gc,heap     ] GC(11) Eden regions: 185->0(164)
[2023-12-11T12:52:37.927+0000][12864][gc,heap     ] GC(11) Survivor regions: 15->19(25)
[2023-12-11T12:52:37.927+0000][12864][gc,heap     ] GC(11) Old regions: 3->5
[2023-12-11T12:52:37.927+0000][12864][gc,heap     ] GC(11) Archive regions: 0->0
[2023-12-11T12:52:37.927+0000][12864][gc,heap     ] GC(11) Humongous regions: 2->2
[2023-12-11T12:52:37.927+0000][12864][gc,metaspace] GC(11) Metaspace: 115627K(118720K)->115627K(118720K) NonClass: 99807K(101376K)->99807K(101376K) Class: 15820K(17344K)->15820K(17344K)
[2023-12-11T12:52:37.927+0000][12864][gc          ] GC(11) Pause Young (Normal) (G1 Evacuation Pause) 816M->100M(4040M) 88.662ms
[2023-12-11T12:52:37.927+0000][12864][gc,cpu      ] GC(11) User=0.38s Sys=0.25s Real=0.09s
[2023-12-11T12:52:37.927+0000][12864][safepoint   ] Safepoint "G1CollectForAllocation", Time since last: 35445724900 ns, Reaching safepoint: 149199 ns, At safepoint: 88787501 ns, Total: 88936700 ns
[2023-12-11T12:54:31.509+0000][12864][safepoint   ] Safepoint "Cleanup", Time since last: 113581539499 ns, Reaching safepoint: 137201 ns, At safepoint: 34299 ns, Total: 171500 ns
[2023-12-11T12:56:01.310+0000][12864][safepoint   ] Safepoint "Cleanup", Time since last: 89799947701 ns, Reaching safepoint: 162700 ns, At safepoint: 65300 ns, Total: 228000 ns
[2023-12-11T12:56:31.563+0000][12864][safepoint   ] Safepoint "Cleanup", Time since last: 30253160000 ns, Reaching safepoint: 83700 ns, At safepoint: 25100 ns, Total: 108800 ns
[2023-12-11T12:56:33.574+0000][12864][safepoint   ] Safepoint "Cleanup", Time since last: 2011501900 ns, Reaching safepoint: 72500 ns, At safepoint: 18200 ns, Total: 90700 ns
[2023-12-11T12:57:01.786+0000][12864][safepoint   ] Safepoint "Cleanup", Time since last: 28211861399 ns, Reaching safepoint: 91601 ns, At safepoint: 78499 ns, Total: 170100 ns
[2023-12-11T12:58:02.189+0000][12864][safepoint   ] Safepoint "Cleanup", Time since last: 60402584701 ns, Reaching safepoint: 84300 ns, At safepoint: 23800 ns, Total: 108100 ns
[2023-12-11T12:58:32.450+0000][12864][safepoint   ] Safepoint "Cleanup", Time since last: 30260376500 ns, Reaching safepoint: 101000 ns, At safepoint: 32199 ns, Total: 133199 ns
[2023-12-11T16:00:31.367+0000][12864][safepoint   ] Safepoint "Cleanup", Time since last: 10916745551801 ns, Reaching safepoint: 2177366200 ns, At safepoint: 2812400 ns, Total: 2180178600 ns
[2023-12-11T16:00:32.372+0000][12864][safepoint   ] Safepoint "Cleanup", Time since last: 1005341400 ns, Reaching safepoint: 598900 ns, At safepoint: 83400 ns, Total: 682300 ns
[2023-12-12T08:43:35.745+0000][12864][safepoint   ] Safepoint "Cleanup", Time since last: 60187661602900 ns, Reaching safepoint: 77921500 ns, At safepoint: 20400 ns, Total: 77941900 ns
[2023-12-12T08:43:36.831+0000][12864][safepoint   ] Safepoint "Cleanup", Time since last: 1070296600 ns, Reaching safepoint: 15845400 ns, At safepoint: 92700 ns, Total: 15938100 ns
[2023-12-12T08:43:37.838+0000][12864][safepoint   ] Safepoint "Cleanup", Time since last: 1007244900 ns, Reaching safepoint: 108500 ns, At safepoint: 6500 ns, Total: 115000 ns
[2023-12-12T08:43:40.885+0000][12864][safepoint   ] Safepoint "Cleanup", Time since last: 3046439100 ns, Reaching safepoint: 147100 ns, At safepoint: 23000 ns, Total: 170100 ns
[2023-12-12T08:43:45.956+0000][12864][safepoint   ] Safepoint "Cleanup", Time since last: 5071231100 ns, Reaching safepoint: 99100 ns, At safepoint: 3100 ns, Total: 102200 ns
[2023-12-12T08:44:06.256+0000][12864][safepoint   ] Safepoint "Cleanup", Time since last: 20300034500 ns, Reaching safepoint: 140300 ns, At safepoint: 19600 ns, Total: 159900 ns
[2023-12-12T08:44:36.687+0000][12864][safepoint   ] Safepoint "Cleanup", Time since last: 30430141900 ns, Reaching safepoint: 125000 ns, At safepoint: 20500 ns, Total: 145500 ns
[2023-12-12T08:45:36.335+0000][12864][safepoint   ] Safepoint "Cleanup", Time since last: 59647814600 ns, Reaching safepoint: 124200 ns, At safepoint: 14300 ns, Total: 138500 ns
[2023-12-12T08:47:06.143+0000][12864][safepoint   ] Safepoint "Cleanup", Time since last: 89807771200 ns, Reaching safepoint: 80100 ns, At safepoint: 23500 ns, Total: 103600 ns
[2023-12-12T08:49:06.146+0000][12864][safepoint   ] Safepoint "Cleanup", Time since last: 120003513200 ns, Reaching safepoint: 104900 ns, At safepoint: 12800 ns, Total: 117700 ns
[2023-12-12T08:50:36.376+0000][12864][safepoint   ] Safepoint "Cleanup", Time since last: 90230101200 ns, Reaching safepoint: 100700 ns, At safepoint: 25600 ns, Total: 126300 ns
[2023-12-12T08:51:06.572+0000][12864][safepoint   ] Safepoint "Cleanup", Time since last: 30195213100 ns, Reaching safepoint: 120000 ns, At safepoint: 10600 ns, Total: 130600 ns
[2023-12-12T08:51:10.608+0000][12864][safepoint   ] Safepoint "Cleanup", Time since last: 4036016900 ns, Reaching safepoint: 71900 ns, At safepoint: 14200 ns, Total: 86100 ns
[2023-12-12T08:55:36.921+0000][12864][safepoint   ] Safepoint "Cleanup", Time since last: 266313306600 ns, Reaching safepoint: 213000 ns, At safepoint: 14100 ns, Total: 227100 ns
[2023-12-12T08:56:20.287+0000][12864][safepoint   ] Safepoint "Cleanup", Time since last: 43365145100 ns, Reaching safepoint: 139900 ns, At safepoint: 22000 ns, Total: 161900 ns
[2023-12-12T08:56:22.004+0000][12864][gc,heap,exit] Heap
[2023-12-12T08:56:22.004+0000][12864][gc,heap,exit]  garbage-first heap   total 4136960K, used 234126K [0x0000000703800000, 0x0000000800000000)
[2023-12-12T08:56:22.005+0000][12864][gc,heap,exit]   region size 4096K, 52 young (212992K), 19 survivors (77824K)
[2023-12-12T08:56:22.005+0000][12864][gc,heap,exit]  Metaspace       used 117206K, committed 120384K, reserved 1179648K
[2023-12-12T08:56:22.005+0000][12864][gc,heap,exit]   class space    used 16083K, committed 17600K, reserved 1048576K
