[2023-12-11T08:18:03.660+0000][6512][gc,init] CardTable entry size: 512
[2023-12-11T08:18:03.660+0000][6512][gc     ] Using G1
[2023-12-11T08:18:03.662+0000][6512][gc,init] Version: 18.0.2+9-61 (release)
[2023-12-11T08:18:03.662+0000][6512][gc,init] CPUs: 8 total, 8 available
[2023-12-11T08:18:03.662+0000][6512][gc,init] Memory: 8079M
[2023-12-11T08:18:03.662+0000][6512][gc,init] Large Page Support: Disabled
[2023-12-11T08:18:03.662+0000][6512][gc,init] NUMA Support: Disabled
[2023-12-11T08:18:03.662+0000][6512][gc,init] Compressed Oops: Enabled (32-bit)
[2023-12-11T08:18:03.662+0000][6512][gc,init] Heap Region Size: 1M
[2023-12-11T08:18:03.662+0000][6512][gc,init] Heap Min Capacity: 8M
[2023-12-11T08:18:03.662+0000][6512][gc,init] Heap Initial Capacity: 128M
[2023-12-11T08:18:03.662+0000][6512][gc,init] Heap Max Capacity: 2020M
[2023-12-11T08:18:03.662+0000][6512][gc,init] Pre-touch: Disabled
[2023-12-11T08:18:03.662+0000][6512][gc,init] Parallel Workers: 8
[2023-12-11T08:18:03.662+0000][6512][gc,init] Concurrent Workers: 2
[2023-12-11T08:18:03.662+0000][6512][gc,init] Concurrent Refinement Workers: 8
[2023-12-11T08:18:03.662+0000][6512][gc,init] Periodic GC: Disabled
[2023-12-11T08:18:03.662+0000][6512][gc,metaspace] CDS archive(s) mapped at: [0x0000000800000000-0x0000000800ba0000-0x0000000800ba0000), size 12189696, SharedBaseAddress: 0x0000000800000000, ArchiveRelocationMode: 0.
[2023-12-11T08:18:03.662+0000][6512][gc,metaspace] Compressed class space mapped at: 0x0000000800c00000-0x0000000840c00000, reserved size: 1073741824
[2023-12-11T08:18:03.662+0000][6512][gc,metaspace] Narrow klass base: 0x0000000800000000, Narrow klass shift: 0, Narrow klass range: 0x100000000
[2023-12-11T08:18:03.703+0000][6512][gc,heap,exit] Heap
[2023-12-11T08:18:03.703+0000][6512][gc,heap,exit]  garbage-first heap   total 131072K, used 1968K [0x0000000081c00000, 0x0000000100000000)
[2023-12-11T08:18:03.703+0000][6512][gc,heap,exit]   region size 1024K, 2 young (2048K), 0 survivors (0K)
[2023-12-11T08:18:03.703+0000][6512][gc,heap,exit]  Metaspace       used 107K, committed 192K, reserved 1114112K
[2023-12-11T08:18:03.703+0000][6512][gc,heap,exit]   class space    used 1K, committed 64K, reserved 1048576K
